Java HotSpot(TM) 64-Bit Server VM (25.171-b11) for linux-amd64 JRE (1.8.0_171-b11), built on Mar 28 2018 17:07:08 by "java_re" with gcc 4.3.0 20080428 (Red Hat 4.3.0-8)
Memory: 4k page, physical 32883000k(29349508k free), swap 8000508k(8000508k free)
CommandLine flags: -XX:InitialHeapSize=1073741824 -XX:MaxHeapSize=1073741824 -XX:+PrintGC -XX:+PrintGCApplicationStoppedTime -XX:+PrintGCTimeStamps -XX:+UseCompressedClassPointers -XX:+UseCompressedOops -XX:+UseParallelGC 
0.282: [GC (Allocation Failure)  262144K->10380K(1005056K), 0.0052673 secs]
0.288: Total time for which application threads were stopped: 0.0054724 seconds, Stopping threads took: 0.0000180 seconds
0.349: [GC (Allocation Failure)  272524K->8658K(1005056K), 0.0048074 secs]
0.354: Total time for which application threads were stopped: 0.0049662 seconds, Stopping threads took: 0.0000390 seconds
0.409: [GC (Allocation Failure)  270802K->8594K(1005056K), 0.0027257 secs]
0.412: Total time for which application threads were stopped: 0.0029110 seconds, Stopping threads took: 0.0000171 seconds
0.467: [GC (Allocation Failure)  270738K->8578K(1005056K), 0.0043157 secs]
0.471: Total time for which application threads were stopped: 0.0044838 seconds, Stopping threads took: 0.0000340 seconds
0.526: [GC (Allocation Failure)  270722K->8754K(1005056K), 0.0033203 secs]
0.529: Total time for which application threads were stopped: 0.0034798 seconds, Stopping threads took: 0.0000269 seconds
0.585: [GC (Allocation Failure)  270898K->8594K(1038336K), 0.0043155 secs]
0.589: Total time for which application threads were stopped: 0.0044808 seconds, Stopping threads took: 0.0000195 seconds
0.667: [GC (Allocation Failure)  336786K->8620K(1037824K), 0.0042384 secs]
0.671: Total time for which application threads were stopped: 0.0044045 seconds, Stopping threads took: 0.0000184 seconds
0.742: [GC (Allocation Failure)  336812K->8652K(1038336K), 0.0037501 secs]
0.746: Total time for which application threads were stopped: 0.0039072 seconds, Stopping threads took: 0.0000196 seconds
0.815: [GC (Allocation Failure)  337356K->8588K(1038336K), 0.0036222 secs]
0.819: Total time for which application threads were stopped: 0.0037854 seconds, Stopping threads took: 0.0000193 seconds
0.885: [GC (Allocation Failure)  337292K->10284K(1037312K), 0.0032951 secs]
0.889: Total time for which application threads were stopped: 0.0034483 seconds, Stopping threads took: 0.0000192 seconds
0.960: [GC (Allocation Failure)  337964K->8588K(1037824K), 0.0035953 secs]
0.964: Total time for which application threads were stopped: 0.0037539 seconds, Stopping threads took: 0.0000200 seconds
1.031: [GC (Allocation Failure)  336268K->8588K(1037824K), 0.0035115 secs]
1.035: Total time for which application threads were stopped: 0.0036679 seconds, Stopping threads took: 0.0000262 seconds
1.101: [GC (Allocation Failure)  336268K->9548K(1028096K), 0.0043417 secs]
1.106: Total time for which application threads were stopped: 0.0045067 seconds, Stopping threads took: 0.0000188 seconds
1.174: [GC (Allocation Failure)  337228K->16846K(1037312K), 0.0036624 secs]
1.178: Total time for which application threads were stopped: 0.0038337 seconds, Stopping threads took: 0.0000203 seconds
1.247: [GC (Allocation Failure)  342990K->16622K(1036800K), 0.0034991 secs]
1.250: Total time for which application threads were stopped: 0.0036672 seconds, Stopping threads took: 0.0000205 seconds
1.317: [GC (Allocation Failure)  342766K->21964K(1034240K), 0.0065600 secs]
1.323: Total time for which application threads were stopped: 0.0067157 seconds, Stopping threads took: 0.0000197 seconds
1.392: [GC (Allocation Failure)  345548K->18926K(1035776K), 0.0038584 secs]
1.396: Total time for which application threads were stopped: 0.0040159 seconds, Stopping threads took: 0.0000195 seconds
1.464: [GC (Allocation Failure)  342510K->18798K(1036288K), 0.0037114 secs]
1.467: Total time for which application threads were stopped: 0.0038839 seconds, Stopping threads took: 0.0000190 seconds
1.537: [GC (Allocation Failure)  342891K->14860K(1035776K), 0.0022088 secs]
1.539: Total time for which application threads were stopped: 0.0023809 seconds, Stopping threads took: 0.0000166 seconds
1.608: [GC (Allocation Failure)  338956K->18926K(1035776K), 0.0038976 secs]
1.612: Total time for which application threads were stopped: 0.0040654 seconds, Stopping threads took: 0.0000195 seconds
1.680: [GC (Allocation Failure)  342510K->22894K(1035776K), 0.0039060 secs]
1.684: Total time for which application threads were stopped: 0.0040840 seconds, Stopping threads took: 0.0000201 seconds
1.752: [GC (Allocation Failure)  346478K->22926K(1036288K), 0.0038124 secs]
1.756: Total time for which application threads were stopped: 0.0039811 seconds, Stopping threads took: 0.0000198 seconds
1.823: [GC (Allocation Failure)  347534K->23246K(1024512K), 0.0046949 secs]
1.828: Total time for which application threads were stopped: 0.0048617 seconds, Stopping threads took: 0.0000202 seconds
1.896: [GC (Allocation Failure)  347854K->30960K(1035776K), 0.0036691 secs]
1.900: Total time for which application threads were stopped: 0.0038578 seconds, Stopping threads took: 0.0000193 seconds
1.969: [GC (Allocation Failure)  354544K->30928K(1035776K), 0.0036637 secs]
1.973: Total time for which application threads were stopped: 0.0038328 seconds, Stopping threads took: 0.0000335 seconds
2.040: [GC (Allocation Failure)  354512K->31464K(1034752K), 0.0042361 secs]
2.044: Total time for which application threads were stopped: 0.0043889 seconds, Stopping threads took: 0.0000196 seconds
2.114: [GC (Allocation Failure)  354024K->38954K(1035264K), 0.0035630 secs]
2.118: Total time for which application threads were stopped: 0.0037245 seconds, Stopping threads took: 0.0000201 seconds
2.187: [GC (Allocation Failure)  361514K->38954K(1035264K), 0.0036121 secs]
2.191: Total time for which application threads were stopped: 0.0037687 seconds, Stopping threads took: 0.0000173 seconds
2.258: [GC (Allocation Failure)  361514K->39210K(1022464K), 0.0045465 secs]
2.263: Total time for which application threads were stopped: 0.0047275 seconds, Stopping threads took: 0.0000202 seconds
2.333: [GC (Allocation Failure)  361770K->46989K(1034752K), 0.0046523 secs]
2.338: Total time for which application threads were stopped: 0.0048166 seconds, Stopping threads took: 0.0000238 seconds
2.406: [GC (Allocation Failure)  368525K->46957K(1034752K), 0.0039069 secs]
2.410: Total time for which application threads were stopped: 0.0040795 seconds, Stopping threads took: 0.0000202 seconds
2.475: [GC (Allocation Failure)  368493K->47045K(1034240K), 0.0045718 secs]
2.480: Total time for which application threads were stopped: 0.0047685 seconds, Stopping threads took: 0.0000216 seconds
2.550: [GC (Allocation Failure)  368581K->55047K(1034752K), 0.0038739 secs]
2.553: Total time for which application threads were stopped: 0.0040391 seconds, Stopping threads took: 0.0000268 seconds
2.621: [GC (Allocation Failure)  376583K->55015K(1034752K), 0.0038074 secs]
2.625: Total time for which application threads were stopped: 0.0040022 seconds, Stopping threads took: 0.0000284 seconds
2.692: [GC (Allocation Failure)  376551K->55175K(1021440K), 0.0044901 secs]
2.697: Total time for which application threads were stopped: 0.0046500 seconds, Stopping threads took: 0.0000166 seconds
2.767: [GC (Allocation Failure)  376711K->63081K(1034240K), 0.0039776 secs]
2.771: Total time for which application threads were stopped: 0.0041365 seconds, Stopping threads took: 0.0000202 seconds
2.838: [GC (Allocation Failure)  383593K->63081K(1034240K), 0.0039253 secs]
2.842: Total time for which application threads were stopped: 0.0040830 seconds, Stopping threads took: 0.0000201 seconds
2.907: [GC (Allocation Failure)  383593K->63401K(1034240K), 0.0044994 secs]
2.912: Total time for which application threads were stopped: 0.0046677 seconds, Stopping threads took: 0.0000201 seconds
2.980: [GC (Allocation Failure)  383913K->71115K(1034240K), 0.0039768 secs]
2.984: Total time for which application threads were stopped: 0.0041715 seconds, Stopping threads took: 0.0000211 seconds
3.053: [GC (Allocation Failure)  391627K->71083K(1034240K), 0.0036706 secs]
3.057: Total time for which application threads were stopped: 0.0038157 seconds, Stopping threads took: 0.0000199 seconds
3.125: [GC (Allocation Failure)  391595K->71627K(1020928K), 0.0047801 secs]
3.130: Total time for which application threads were stopped: 0.0049468 seconds, Stopping threads took: 0.0000199 seconds
3.200: [GC (Allocation Failure)  392139K->79150K(1033728K), 0.0039932 secs]
3.204: Total time for which application threads were stopped: 0.0041655 seconds, Stopping threads took: 0.0000201 seconds
3.270: [GC (Allocation Failure)  398638K->79118K(1033728K), 0.0039284 secs]
3.274: Total time for which application threads were stopped: 0.0041095 seconds, Stopping threads took: 0.0000209 seconds
3.339: [GC (Allocation Failure)  398606K->79302K(1033728K), 0.0057623 secs]
3.345: Total time for which application threads were stopped: 0.0059386 seconds, Stopping threads took: 0.0000280 seconds
3.413: [GC (Allocation Failure)  398790K->87144K(1033728K), 0.0046072 secs]
3.418: Total time for which application threads were stopped: 0.0047880 seconds, Stopping threads took: 0.0000188 seconds
3.485: [GC (Allocation Failure)  406632K->87144K(1033728K), 0.0036205 secs]
3.489: Total time for which application threads were stopped: 0.0038316 seconds, Stopping threads took: 0.0000197 seconds
3.556: [GC (Allocation Failure)  406632K->87304K(1033728K), 0.0044785 secs]
3.560: Total time for which application threads were stopped: 0.0046624 seconds, Stopping threads took: 0.0000273 seconds
3.627: [GC (Allocation Failure)  406792K->95178K(1033728K), 0.0040346 secs]
3.632: Total time for which application threads were stopped: 0.0041870 seconds, Stopping threads took: 0.0000162 seconds
3.699: [GC (Allocation Failure)  414666K->95178K(1033728K), 0.0036465 secs]
3.703: Total time for which application threads were stopped: 0.0038126 seconds, Stopping threads took: 0.0000200 seconds
3.767: [GC (Allocation Failure)  414666K->95306K(1032704K), 0.0047426 secs]
3.772: Total time for which application threads were stopped: 0.0049158 seconds, Stopping threads took: 0.0000209 seconds
3.839: [GC (Allocation Failure)  413770K->103213K(1033216K), 0.0039721 secs]
3.843: Total time for which application threads were stopped: 0.0041475 seconds, Stopping threads took: 0.0000219 seconds
3.911: [GC (Allocation Failure)  421677K->103213K(1033216K), 0.0036627 secs]
3.914: Total time for which application threads were stopped: 0.0038430 seconds, Stopping threads took: 0.0000198 seconds
3.980: [GC (Allocation Failure)  421677K->103277K(1033216K), 0.0066137 secs]
3.987: Total time for which application threads were stopped: 0.0068025 seconds, Stopping threads took: 0.0000168 seconds
4.055: [GC (Allocation Failure)  421741K->111279K(1033216K), 0.0038234 secs]
4.059: Total time for which application threads were stopped: 0.0039913 seconds, Stopping threads took: 0.0000206 seconds
4.060: Total time for which application threads were stopped: 0.0001050 seconds, Stopping threads took: 0.0000422 seconds
4.124: [GC (Allocation Failure)  429743K->105165K(1033216K), 0.0014832 secs]
4.126: Total time for which application threads were stopped: 0.0016146 seconds, Stopping threads took: 0.0000199 seconds
4.195: [GC (Allocation Failure)  423629K->111519K(1034240K), 0.0039222 secs]
4.199: Total time for which application threads were stopped: 0.0040835 seconds, Stopping threads took: 0.0000203 seconds
4.265: [GC (Allocation Failure)  431519K->115431K(1033728K), 0.0044698 secs]
4.270: Total time for which application threads were stopped: 0.0046419 seconds, Stopping threads took: 0.0000191 seconds
4.335: [GC (Allocation Failure)  435431K->120805K(1029632K), 0.0091119 secs]
4.344: Total time for which application threads were stopped: 0.0092598 seconds, Stopping threads took: 0.0000254 seconds
4.410: [GC (Allocation Failure)  436197K->115559K(1031680K), 0.0037229 secs]
4.414: Total time for which application threads were stopped: 0.0038894 seconds, Stopping threads took: 0.0000194 seconds
4.481: [GC (Allocation Failure)  430951K->115431K(1032704K), 0.0039951 secs]
4.485: Total time for which application threads were stopped: 0.0041517 seconds, Stopping threads took: 0.0000194 seconds
4.549: [GC (Allocation Failure)  432359K->117255K(1032192K), 0.0047639 secs]
4.554: Total time for which application threads were stopped: 0.0049219 seconds, Stopping threads took: 0.0000191 seconds
4.621: [GC (Allocation Failure)  434183K->123561K(1032704K), 0.0040057 secs]
4.625: Total time for which application threads were stopped: 0.0042005 seconds, Stopping threads took: 0.0000278 seconds
4.694: [GC (Allocation Failure)  441001K->123465K(1032704K), 0.0036768 secs]
4.698: Total time for which application threads were stopped: 0.0038460 seconds, Stopping threads took: 0.0000199 seconds
4.764: [GC (Allocation Failure)  440905K->125961K(1033216K), 0.0047677 secs]
4.769: Total time for which application threads were stopped: 0.0049246 seconds, Stopping threads took: 0.0000193 seconds
4.837: [GC (Allocation Failure)  444425K->131531K(1033216K), 0.0038265 secs]
4.841: Total time for which application threads were stopped: 0.0039910 seconds, Stopping threads took: 0.0000196 seconds
4.906: [GC (Allocation Failure)  449995K->131467K(1033728K), 0.0040489 secs]
4.910: Total time for which application threads were stopped: 0.0042298 seconds, Stopping threads took: 0.0000216 seconds
4.977: [GC (Allocation Failure)  450955K->135275K(1033728K), 0.0064360 secs]
4.983: Total time for which application threads were stopped: 0.0065973 seconds, Stopping threads took: 0.0000201 seconds
5.052: [GC (Allocation Failure)  454763K->139502K(1034240K), 0.0037648 secs]
5.056: Total time for which application threads were stopped: 0.0039327 seconds, Stopping threads took: 0.0000198 seconds
5.123: [GC (Allocation Failure)  460014K->139502K(1034240K), 0.0037973 secs]
5.127: Total time for which application threads were stopped: 0.0039659 seconds, Stopping threads took: 0.0000197 seconds
5.196: [GC (Allocation Failure)  460014K->140430K(1034240K), 0.0046919 secs]
5.201: Total time for which application threads were stopped: 0.0048723 seconds, Stopping threads took: 0.0000208 seconds
5.269: [GC (Allocation Failure)  460942K->147600K(1034240K), 0.0038593 secs]
5.273: Total time for which application threads were stopped: 0.0040209 seconds, Stopping threads took: 0.0000205 seconds
5.341: [GC (Allocation Failure)  468112K->147568K(1034240K), 0.0046362 secs]
5.346: Total time for which application threads were stopped: 0.0048509 seconds, Stopping threads took: 0.0000271 seconds
5.413: [GC (Allocation Failure)  468080K->150696K(1034240K), 0.0049209 secs]
5.418: Total time for which application threads were stopped: 0.0050884 seconds, Stopping threads took: 0.0000200 seconds
5.487: [GC (Allocation Failure)  471208K->155562K(1034752K), 0.0038475 secs]
5.491: Total time for which application threads were stopped: 0.0040197 seconds, Stopping threads took: 0.0000202 seconds
5.558: [GC (Allocation Failure)  477098K->155594K(1034752K), 0.0038766 secs]
5.562: Total time for which application threads were stopped: 0.0040398 seconds, Stopping threads took: 0.0000263 seconds
5.627: [GC (Allocation Failure)  477130K->158922K(1034752K), 0.0050484 secs]
5.632: Total time for which application threads were stopped: 0.0052068 seconds, Stopping threads took: 0.0000201 seconds
5.698: [GC (Allocation Failure)  480458K->163660K(1034752K), 0.0039601 secs]
5.702: Total time for which application threads were stopped: 0.0041215 seconds, Stopping threads took: 0.0000210 seconds
5.770: [GC (Allocation Failure)  485196K->163628K(1034752K), 0.0041680 secs]
5.774: Total time for which application threads were stopped: 0.0043476 seconds, Stopping threads took: 0.0000215 seconds
5.840: [GC (Allocation Failure)  485164K->164076K(1034752K), 0.0072021 secs]
5.848: Total time for which application threads were stopped: 0.0073699 seconds, Stopping threads took: 0.0000198 seconds
5.918: [GC (Allocation Failure)  485612K->171663K(1034752K), 0.0041653 secs]
5.922: Total time for which application threads were stopped: 0.0043532 seconds, Stopping threads took: 0.0000194 seconds
5.991: [GC (Allocation Failure)  493199K->171631K(1034752K), 0.0042180 secs]
5.995: Total time for which application threads were stopped: 0.0043817 seconds, Stopping threads took: 0.0000211 seconds
6.060: [GC (Allocation Failure)  493167K->173327K(1034752K), 0.0046633 secs]
6.065: Total time for which application threads were stopped: 0.0048786 seconds, Stopping threads took: 0.0000267 seconds
6.135: [GC (Allocation Failure)  494863K->179697K(1034752K), 0.0039785 secs]
6.139: Total time for which application threads were stopped: 0.0041389 seconds, Stopping threads took: 0.0000200 seconds
6.206: [GC (Allocation Failure)  501233K->179697K(1034752K), 0.0042680 secs]
6.211: Total time for which application threads were stopped: 0.0044422 seconds, Stopping threads took: 0.0000209 seconds
6.276: [GC (Allocation Failure)  501233K->182601K(1034752K), 0.0047631 secs]
6.281: Total time for which application threads were stopped: 0.0049422 seconds, Stopping threads took: 0.0000201 seconds
6.352: [GC (Allocation Failure)  504137K->187723K(1034752K), 0.0050792 secs]
6.357: Total time for which application threads were stopped: 0.0052420 seconds, Stopping threads took: 0.0000263 seconds
6.424: [GC (Allocation Failure)  509259K->187691K(1034752K), 0.0042209 secs]
6.428: Total time for which application threads were stopped: 0.0043895 seconds, Stopping threads took: 0.0000201 seconds
6.494: [GC (Allocation Failure)  509227K->187755K(1033728K), 0.0047828 secs]
6.499: Total time for which application threads were stopped: 0.0049417 seconds, Stopping threads took: 0.0000199 seconds
6.568: [GC (Allocation Failure)  508267K->195853K(1034240K), 0.0040718 secs]
6.573: Total time for which application threads were stopped: 0.0042760 seconds, Stopping threads took: 0.0000197 seconds
6.642: [GC (Allocation Failure)  516365K->195757K(1034240K), 0.0040319 secs]
6.646: Total time for which application threads were stopped: 0.0041995 seconds, Stopping threads took: 0.0000203 seconds
6.713: [GC (Allocation Failure)  516269K->198061K(1034240K), 0.0050108 secs]
6.718: Total time for which application threads were stopped: 0.0051803 seconds, Stopping threads took: 0.0000199 seconds
6.787: [GC (Allocation Failure)  518573K->203824K(1034240K), 0.0040639 secs]
6.791: Total time for which application threads were stopped: 0.0042519 seconds, Stopping threads took: 0.0000201 seconds
6.860: [GC (Allocation Failure)  524336K->203760K(1034240K), 0.0039906 secs]
6.864: Total time for which application threads were stopped: 0.0041514 seconds, Stopping threads took: 0.0000202 seconds
6.931: [GC (Allocation Failure)  524272K->204200K(1034240K), 0.0049586 secs]
6.936: Total time for which application threads were stopped: 0.0051251 seconds, Stopping threads took: 0.0000201 seconds
7.003: [GC (Allocation Failure)  524712K->211818K(1034240K), 0.0040640 secs]
7.007: Total time for which application threads were stopped: 0.0042229 seconds, Stopping threads took: 0.0000197 seconds
7.075: [GC (Allocation Failure)  532330K->211754K(1034240K), 0.0064466 secs]
7.082: Total time for which application threads were stopped: 0.0066207 seconds, Stopping threads took: 0.0000284 seconds
7.149: [GC (Allocation Failure)  532266K->214506K(1034240K), 0.0051706 secs]
7.154: Total time for which application threads were stopped: 0.0053394 seconds, Stopping threads took: 0.0000220 seconds
7.222: [GC (Allocation Failure)  535018K->219820K(1034240K), 0.0041261 secs]
7.226: Total time for which application threads were stopped: 0.0042862 seconds, Stopping threads took: 0.0000200 seconds
7.294: [GC (Allocation Failure)  540332K->219820K(1034240K), 0.0065901 secs]
7.300: Total time for which application threads were stopped: 0.0067565 seconds, Stopping threads took: 0.0000192 seconds
7.368: [GC (Allocation Failure)  540332K->220716K(1034240K), 0.0048791 secs]
7.373: Total time for which application threads were stopped: 0.0050696 seconds, Stopping threads took: 0.0000202 seconds
7.443: [GC (Allocation Failure)  541228K->227887K(1034240K), 0.0039311 secs]
7.447: Total time for which application threads were stopped: 0.0041036 seconds, Stopping threads took: 0.0000179 seconds
7.514: [GC (Allocation Failure)  548399K->227855K(1034240K), 0.0041364 secs]
7.518: Total time for which application threads were stopped: 0.0043054 seconds, Stopping threads took: 0.0000206 seconds
7.585: [GC (Allocation Failure)  548367K->230991K(1034240K), 0.0050807 secs]
7.590: Total time for which application threads were stopped: 0.0052499 seconds, Stopping threads took: 0.0000207 seconds
7.658: [GC (Allocation Failure)  551503K->236017K(1033728K), 0.0041009 secs]
7.662: Total time for which application threads were stopped: 0.0042716 seconds, Stopping threads took: 0.0000260 seconds
7.729: [GC (Allocation Failure)  556529K->235857K(1034240K), 0.0041032 secs]
7.734: Total time for which application threads were stopped: 0.0042813 seconds, Stopping threads took: 0.0000200 seconds
7.800: [GC (Allocation Failure)  556369K->237161K(1033728K), 0.0049036 secs]
7.805: Total time for which application threads were stopped: 0.0050939 seconds, Stopping threads took: 0.0000294 seconds
7.875: [GC (Allocation Failure)  557673K->243979K(1034240K), 0.0041437 secs]
7.880: Total time for which application threads were stopped: 0.0043017 seconds, Stopping threads took: 0.0000197 seconds
7.948: [GC (Allocation Failure)  564491K->243915K(1034240K), 0.0041115 secs]
7.953: Total time for which application threads were stopped: 0.0042780 seconds, Stopping threads took: 0.0000196 seconds
8.019: [GC (Allocation Failure)  564427K->244363K(1034240K), 0.0050266 secs]
8.024: Total time for which application threads were stopped: 0.0051832 seconds, Stopping threads took: 0.0000195 seconds
8.092: [GC (Allocation Failure)  564875K->251949K(1034240K), 0.0040998 secs]
8.096: Total time for which application threads were stopped: 0.0042877 seconds, Stopping threads took: 0.0000202 seconds
8.165: [GC (Allocation Failure)  572461K->251949K(1034240K), 0.0041285 secs]
8.169: Total time for which application threads were stopped: 0.0043163 seconds, Stopping threads took: 0.0000195 seconds
8.238: [GC (Allocation Failure)  572461K->253645K(1034240K), 0.0050702 secs]
8.244: Total time for which application threads were stopped: 0.0052198 seconds, Stopping threads took: 0.0000184 seconds
8.313: [GC (Allocation Failure)  574157K->259984K(1034240K), 0.0041938 secs]
8.317: Total time for which application threads were stopped: 0.0043957 seconds, Stopping threads took: 0.0000196 seconds
8.385: [GC (Allocation Failure)  580496K->259984K(1034240K), 0.0040318 secs]
8.389: Total time for which application threads were stopped: 0.0041806 seconds, Stopping threads took: 0.0000201 seconds
8.458: [GC (Allocation Failure)  580496K->260040K(1034240K), 0.0049243 secs]
8.463: Total time for which application threads were stopped: 0.0050795 seconds, Stopping threads took: 0.0000174 seconds
8.531: [GC (Allocation Failure)  580552K->268042K(1033216K), 0.0041534 secs]
8.535: Total time for which application threads were stopped: 0.0043165 seconds, Stopping threads took: 0.0000194 seconds
8.602: [GC (Allocation Failure)  587530K->268010K(1033728K), 0.0042035 secs]
8.606: Total time for which application threads were stopped: 0.0043612 seconds, Stopping threads took: 0.0000196 seconds
8.674: [GC (Allocation Failure)  587498K->268074K(1033728K), 0.0050418 secs]
8.679: Total time for which application threads were stopped: 0.0052177 seconds, Stopping threads took: 0.0000197 seconds
8.747: [GC (Allocation Failure)  587562K->276076K(1033728K), 0.0048624 secs]
8.752: Total time for which application threads were stopped: 0.0050558 seconds, Stopping threads took: 0.0000209 seconds
8.821: [GC (Allocation Failure)  595564K->276044K(1033728K), 0.0043305 secs]
8.825: Total time for which application threads were stopped: 0.0044875 seconds, Stopping threads took: 0.0000175 seconds
8.893: [GC (Allocation Failure)  595532K->276300K(1033728K), 0.0049879 secs]
8.898: Total time for which application threads were stopped: 0.0051670 seconds, Stopping threads took: 0.0000223 seconds
8.965: [GC (Allocation Failure)  595788K->284078K(1033728K), 0.0042705 secs]
8.969: Total time for which application threads were stopped: 0.0044574 seconds, Stopping threads took: 0.0000211 seconds
9.038: [GC (Allocation Failure)  603566K->284110K(1033728K), 0.0040938 secs]
9.042: Total time for which application threads were stopped: 0.0042596 seconds, Stopping threads took: 0.0000275 seconds
9.109: [GC (Allocation Failure)  603598K->284526K(1033728K), 0.0048969 secs]
9.114: Total time for which application threads were stopped: 0.0050665 seconds, Stopping threads took: 0.0000198 seconds
9.181: [GC (Allocation Failure)  604014K->292113K(1027072K), 0.0040718 secs]
9.185: Total time for which application threads were stopped: 0.0042664 seconds, Stopping threads took: 0.0000210 seconds
9.254: [GC (Allocation Failure)  611601K->292113K(1033728K), 0.0042121 secs]
9.258: Total time for which application threads were stopped: 0.0043688 seconds, Stopping threads took: 0.0000171 seconds
9.323: [GC (Allocation Failure)  611089K->293289K(1033216K), 0.0050211 secs]
9.328: Total time for which application threads were stopped: 0.0051758 seconds, Stopping threads took: 0.0000190 seconds
9.397: [GC (Allocation Failure)  612265K->300171K(1033728K), 0.0042471 secs]
9.401: Total time for which application threads were stopped: 0.0044222 seconds, Stopping threads took: 0.0000196 seconds
9.469: [GC (Allocation Failure)  619659K->300139K(1033728K), 0.0044015 secs]
9.473: Total time for which application threads were stopped: 0.0045828 seconds, Stopping threads took: 0.0000202 seconds
9.540: [GC (Allocation Failure)  619627K->300203K(1032704K), 0.0050167 secs]
9.545: Total time for which application threads were stopped: 0.0051747 seconds, Stopping threads took: 0.0000193 seconds
9.612: [GC (Allocation Failure)  618667K->308237K(1033216K), 0.0042060 secs]
9.617: Total time for which application threads were stopped: 0.0043838 seconds, Stopping threads took: 0.0000200 seconds
9.683: [GC (Allocation Failure)  626701K->308173K(1033216K), 0.0044535 secs]
9.687: Total time for which application threads were stopped: 0.0046262 seconds, Stopping threads took: 0.0000207 seconds
9.752: [GC (Allocation Failure)  626637K->309229K(1033216K), 0.0050940 secs]
9.757: Total time for which application threads were stopped: 0.0052535 seconds, Stopping threads took: 0.0000201 seconds
9.823: [GC (Allocation Failure)  627693K->316207K(1032704K), 0.0042388 secs]
9.827: Total time for which application threads were stopped: 0.0044062 seconds, Stopping threads took: 0.0000195 seconds
9.893: [GC (Allocation Failure)  634671K->316239K(1033216K), 0.0042040 secs]
9.898: Total time for which application threads were stopped: 0.0043849 seconds, Stopping threads took: 0.0000193 seconds
9.966: [GC (Allocation Failure)  634703K->316463K(1033216K), 0.0049579 secs]
9.971: Total time for which application threads were stopped: 0.0051299 seconds, Stopping threads took: 0.0000210 seconds
10.038: [GC (Allocation Failure)  634927K->324274K(1033216K), 0.0042962 secs]
10.042: Total time for which application threads were stopped: 0.0044624 seconds, Stopping threads took: 0.0000262 seconds
10.107: [GC (Allocation Failure)  642738K->324242K(1033216K), 0.0044133 secs]
10.112: Total time for which application threads were stopped: 0.0045717 seconds, Stopping threads took: 0.0000189 seconds
10.176: [GC (Allocation Failure)  642706K->324682K(1033216K), 0.0050579 secs]
10.181: Total time for which application threads were stopped: 0.0052323 seconds, Stopping threads took: 0.0000189 seconds
10.248: [GC (Allocation Failure)  643146K->332300K(1033216K), 0.0044038 secs]
10.253: Total time for which application threads were stopped: 0.0046222 seconds, Stopping threads took: 0.0000199 seconds
10.318: [GC (Allocation Failure)  650764K->332300K(1033216K), 0.0043960 secs]
10.323: Total time for which application threads were stopped: 0.0045607 seconds, Stopping threads took: 0.0000192 seconds
10.388: [GC (Allocation Failure)  650764K->332908K(1033216K), 0.0048976 secs]
10.393: Total time for which application threads were stopped: 0.0050792 seconds, Stopping threads took: 0.0000197 seconds
10.459: [GC (Allocation Failure)  651372K->340302K(1033216K), 0.0041215 secs]
10.464: Total time for which application threads were stopped: 0.0042873 seconds, Stopping threads took: 0.0000194 seconds
10.531: [GC (Allocation Failure)  658766K->340302K(1033216K), 0.0041415 secs]
10.535: Total time for which application threads were stopped: 0.0043188 seconds, Stopping threads took: 0.0000299 seconds
10.599: [GC (Allocation Failure)  658766K->340366K(1033216K), 0.0050381 secs]
10.604: Total time for which application threads were stopped: 0.0052108 seconds, Stopping threads took: 0.0000200 seconds
10.669: [GC (Allocation Failure)  658830K->348336K(1033216K), 0.0043289 secs]
10.674: Total time for which application threads were stopped: 0.0045087 seconds, Stopping threads took: 0.0000194 seconds
10.741: [GC (Allocation Failure)  666800K->348368K(1033216K), 0.0043863 secs]
10.745: Total time for which application threads were stopped: 0.0045397 seconds, Stopping threads took: 0.0000197 seconds
10.813: [GC (Allocation Failure)  666832K->348392K(1033216K), 0.0049483 secs]
10.818: Total time for which application threads were stopped: 0.0051164 seconds, Stopping threads took: 0.0000283 seconds
10.887: [GC (Allocation Failure)  666856K->356395K(1033216K), 0.0044068 secs]
10.892: Total time for which application threads were stopped: 0.0045713 seconds, Stopping threads took: 0.0000191 seconds
10.957: [GC (Allocation Failure)  674859K->356363K(1033216K), 0.0042602 secs]
10.961: Total time for which application threads were stopped: 0.0044243 seconds, Stopping threads took: 0.0000198 seconds
11.026: [GC (Allocation Failure)  674827K->356587K(1033216K), 0.0054154 secs]
11.032: Total time for which application threads were stopped: 0.0055715 seconds, Stopping threads took: 0.0000191 seconds
11.099: [GC (Allocation Failure)  675051K->364429K(1033216K), 0.0040484 secs]
11.103: Total time for which application threads were stopped: 0.0042037 seconds, Stopping threads took: 0.0000186 seconds
11.170: [GC (Allocation Failure)  682893K->364365K(1033216K), 0.0043547 secs]
11.174: Total time for which application threads were stopped: 0.0045236 seconds, Stopping threads took: 0.0000203 seconds
11.239: [GC (Allocation Failure)  682829K->364837K(1033216K), 0.0051611 secs]
11.244: Total time for which application threads were stopped: 0.0053313 seconds, Stopping threads took: 0.0000202 seconds
11.310: [GC (Allocation Failure)  683301K->372391K(1033216K), 0.0045305 secs]
11.315: Total time for which application threads were stopped: 0.0046919 seconds, Stopping threads took: 0.0000206 seconds
11.385: [GC (Allocation Failure)  690855K->372423K(1033216K), 0.0043377 secs]
11.389: Total time for which application threads were stopped: 0.0044980 seconds, Stopping threads took: 0.0000173 seconds
11.454: [GC (Allocation Failure)  690887K->372487K(1033216K), 0.0052418 secs]
11.459: Total time for which application threads were stopped: 0.0054132 seconds, Stopping threads took: 0.0000195 seconds
11.525: [GC (Allocation Failure)  690951K->380490K(1033216K), 0.0043279 secs]
11.529: Total time for which application threads were stopped: 0.0044887 seconds, Stopping threads took: 0.0000202 seconds
11.595: [GC (Allocation Failure)  698954K->376583K(1033216K), 0.0032008 secs]
11.598: Total time for which application threads were stopped: 0.0033745 seconds, Stopping threads took: 0.0000264 seconds
11.665: [GC (Allocation Failure)  695047K->380618K(1034752K), 0.0047478 secs]
11.670: Total time for which application threads were stopped: 0.0049398 seconds, Stopping threads took: 0.0000343 seconds
11.737: [GC (Allocation Failure)  701130K->384586K(1033728K), 0.0044977 secs]
11.742: Total time for which application threads were stopped: 0.0046861 seconds, Stopping threads took: 0.0000288 seconds
11.809: [GC (Allocation Failure)  705098K->376743K(1034240K), 0.0013342 secs]
11.810: Total time for which application threads were stopped: 0.0014818 seconds, Stopping threads took: 0.0000377 seconds
11.878: [GC (Allocation Failure)  697255K->384650K(1034240K), 0.0043511 secs]
11.882: Total time for which application threads were stopped: 0.0045446 seconds, Stopping threads took: 0.0000197 seconds
11.951: [GC (Allocation Failure)  705162K->388730K(1033216K), 0.0060407 secs]
11.957: Total time for which application threads were stopped: 0.0062103 seconds, Stopping threads took: 0.0000185 seconds
12.024: [GC (Allocation Failure)  708218K->394423K(1032704K), 0.0067506 secs]
12.030: Total time for which application threads were stopped: 0.0069182 seconds, Stopping threads took: 0.0000194 seconds
12.098: [GC (Allocation Failure)  713911K->388986K(1031680K), 0.0046280 secs]
12.103: Total time for which application threads were stopped: 0.0048026 seconds, Stopping threads took: 0.0000257 seconds
12.170: [GC (Allocation Failure)  705402K->388762K(1032192K), 0.0044082 secs]
12.174: Total time for which application threads were stopped: 0.0045669 seconds, Stopping threads took: 0.0000202 seconds
12.240: [GC (Allocation Failure)  705178K->383383K(1032704K), 0.0021990 secs]
12.243: Total time for which application threads were stopped: 0.0023710 seconds, Stopping threads took: 0.0000194 seconds
12.311: [GC (Allocation Failure)  700823K->388954K(1032704K), 0.0045764 secs]
12.316: Total time for which application threads were stopped: 0.0047431 seconds, Stopping threads took: 0.0000193 seconds
12.384: [GC (Allocation Failure)  706394K->388762K(1033216K), 0.0046270 secs]
12.389: Total time for which application threads were stopped: 0.0049310 seconds, Stopping threads took: 0.0000196 seconds
12.455: [GC (Allocation Failure)  706714K->389090K(1032704K), 0.0052146 secs]
12.460: Total time for which application threads were stopped: 0.0054046 seconds, Stopping threads took: 0.0000187 seconds
12.529: [GC (Allocation Failure)  707042K->396932K(1033216K), 0.0045210 secs]
12.533: Total time for which application threads were stopped: 0.0046645 seconds, Stopping threads took: 0.0000167 seconds
12.600: [GC (Allocation Failure)  715396K->396772K(1033216K), 0.0043204 secs]
12.604: Total time for which application threads were stopped: 0.0045182 seconds, Stopping threads took: 0.0000198 seconds
12.671: [GC (Allocation Failure)  715236K->400908K(1033728K), 0.0056910 secs]
12.677: Total time for which application threads were stopped: 0.0058474 seconds, Stopping threads took: 0.0000165 seconds
12.745: [GC (Allocation Failure)  719884K->404878K(1033216K), 0.0061959 secs]
12.752: Total time for which application threads were stopped: 0.0063573 seconds, Stopping threads took: 0.0000268 seconds
12.818: [GC (Allocation Failure)  723854K->404814K(1034240K), 0.0044153 secs]
12.823: Total time for which application threads were stopped: 0.0045948 seconds, Stopping threads took: 0.0000202 seconds
12.890: [GC (Allocation Failure)  724814K->407590K(1033728K), 0.0055616 secs]
12.896: Total time for which application threads were stopped: 0.0057401 seconds, Stopping threads took: 0.0000197 seconds
12.963: [GC (Allocation Failure)  727590K->412840K(1034240K), 0.0043251 secs]
12.968: Total time for which application threads were stopped: 0.0044879 seconds, Stopping threads took: 0.0000200 seconds
13.035: [GC (Allocation Failure)  733352K->412808K(1034240K), 0.0044062 secs]
13.040: Total time for which application threads were stopped: 0.0045824 seconds, Stopping threads took: 0.0000267 seconds
13.107: [GC (Allocation Failure)  733320K->413288K(1034240K), 0.0052006 secs]
13.112: Total time for which application threads were stopped: 0.0054031 seconds, Stopping threads took: 0.0000207 seconds
13.181: [GC (Allocation Failure)  733800K->420875K(1034240K), 0.0046151 secs]
13.186: Total time for which application threads were stopped: 0.0047821 seconds, Stopping threads took: 0.0000200 seconds
13.253: [GC (Allocation Failure)  741387K->420875K(1034240K), 0.0043656 secs]
13.258: Total time for which application threads were stopped: 0.0045707 seconds, Stopping threads took: 0.0000340 seconds
13.326: [GC (Allocation Failure)  741387K->423563K(1034240K), 0.0052829 secs]
13.332: Total time for which application threads were stopped: 0.0054669 seconds, Stopping threads took: 0.0000168 seconds
13.400: [GC (Allocation Failure)  744075K->428973K(1034240K), 0.0044692 secs]
13.405: Total time for which application threads were stopped: 0.0046449 seconds, Stopping threads took: 0.0000173 seconds
13.474: [GC (Allocation Failure)  749485K->428941K(1034240K), 0.0045872 secs]
13.479: Total time for which application threads were stopped: 0.0047437 seconds, Stopping threads took: 0.0000185 seconds
13.546: [GC (Allocation Failure)  749453K->429741K(1033728K), 0.0052528 secs]
13.552: Total time for which application threads were stopped: 0.0054091 seconds, Stopping threads took: 0.0000255 seconds
13.620: [GC (Allocation Failure)  750253K->437039K(1034240K), 0.0043784 secs]
13.624: Total time for which application threads were stopped: 0.0045445 seconds, Stopping threads took: 0.0000279 seconds
13.692: [GC (Allocation Failure)  757551K->436943K(1034240K), 0.0046280 secs]
13.697: Total time for which application threads were stopped: 0.0047893 seconds, Stopping threads took: 0.0000199 seconds
13.764: [GC (Allocation Failure)  757455K->440015K(1034240K), 0.0053866 secs]
13.769: Total time for which application threads were stopped: 0.0055457 seconds, Stopping threads took: 0.0000202 seconds
13.837: [GC (Allocation Failure)  760527K->445073K(1034752K), 0.0044321 secs]
13.842: Total time for which application threads were stopped: 0.0045913 seconds, Stopping threads took: 0.0000197 seconds
13.910: [GC (Allocation Failure)  766609K->444977K(1034752K), 0.0050862 secs]
13.915: Total time for which application threads were stopped: 0.0052608 seconds, Stopping threads took: 0.0000209 seconds
13.980: [GC (Allocation Failure)  766513K->448233K(1034752K), 0.0054423 secs]
13.986: Total time for which application threads were stopped: 0.0056114 seconds, Stopping threads took: 0.0000201 seconds
14.055: [GC (Allocation Failure)  769769K->453068K(1034752K), 0.0046068 secs]
14.060: Total time for which application threads were stopped: 0.0048035 seconds, Stopping threads took: 0.0000200 seconds
14.128: [GC (Allocation Failure)  774604K->453004K(1034752K), 0.0047859 secs]
14.132: Total time for which application threads were stopped: 0.0049348 seconds, Stopping threads took: 0.0000170 seconds
14.198: [GC (Allocation Failure)  774540K->453452K(1034752K), 0.0052310 secs]
14.203: Total time for which application threads were stopped: 0.0053998 seconds, Stopping threads took: 0.0000200 seconds
14.272: [GC (Allocation Failure)  774988K->461038K(1034752K), 0.0045249 secs]
14.277: Total time for which application threads were stopped: 0.0047195 seconds, Stopping threads took: 0.0000211 seconds
14.346: [GC (Allocation Failure)  782574K->461006K(1034752K), 0.0088559 secs]
14.355: Total time for which application threads were stopped: 0.0090529 seconds, Stopping threads took: 0.0000263 seconds
14.420: [GC (Allocation Failure)  782542K->462702K(1034752K), 0.0055407 secs]
14.426: Total time for which application threads were stopped: 0.0057039 seconds, Stopping threads took: 0.0000212 seconds
14.494: [GC (Allocation Failure)  784238K->469072K(1029120K), 0.0046437 secs]
14.499: Total time for which application threads were stopped: 0.0048160 seconds, Stopping threads took: 0.0000293 seconds
14.566: [GC (Allocation Failure)  790608K->469072K(1034752K), 0.0053299 secs]
14.571: Total time for which application threads were stopped: 0.0055010 seconds, Stopping threads took: 0.0000269 seconds
14.638: [GC (Allocation Failure)  790096K->471432K(1034240K), 0.0052694 secs]
14.644: Total time for which application threads were stopped: 0.0054488 seconds, Stopping threads took: 0.0000284 seconds
14.712: [GC (Allocation Failure)  792456K->477226K(1034752K), 0.0043738 secs]
14.716: Total time for which application threads were stopped: 0.0045678 seconds, Stopping threads took: 0.0000206 seconds
14.785: [GC (Allocation Failure)  798762K->477098K(1034752K), 0.0044538 secs]
14.790: Total time for which application threads were stopped: 0.0046147 seconds, Stopping threads took: 0.0000202 seconds
14.855: [GC (Allocation Failure)  798634K->480170K(1034752K), 0.0055227 secs]
14.860: Total time for which application threads were stopped: 0.0056883 seconds, Stopping threads took: 0.0000195 seconds
14.926: [GC (Allocation Failure)  801706K->485165K(1034752K), 0.0045003 secs]
14.931: Total time for which application threads were stopped: 0.0046610 seconds, Stopping threads took: 0.0000202 seconds
14.998: [GC (Allocation Failure)  806701K->485101K(1034752K), 0.0044993 secs]
15.003: Total time for which application threads were stopped: 0.0046608 seconds, Stopping threads took: 0.0000196 seconds
15.068: [GC (Allocation Failure)  806637K->485325K(1021440K), 0.0053184 secs]
15.074: Total time for which application threads were stopped: 0.0055134 seconds, Stopping threads took: 0.0000205 seconds
15.143: [GC (Allocation Failure)  806861K->493167K(1034240K), 0.0046452 secs]
15.148: Total time for which application threads were stopped: 0.0047932 seconds, Stopping threads took: 0.0000174 seconds
15.215: [GC (Allocation Failure)  813679K->493199K(1034240K), 0.0047572 secs]
15.220: Total time for which application threads were stopped: 0.0049183 seconds, Stopping threads took: 0.0000201 seconds
15.287: [GC (Allocation Failure)  813711K->496559K(1034752K), 0.0054827 secs]
15.293: Total time for which application threads were stopped: 0.0056465 seconds, Stopping threads took: 0.0000205 seconds
15.361: [GC (Allocation Failure)  817583K->501361K(1034240K), 0.0045672 secs]
15.366: Total time for which application threads were stopped: 0.0047351 seconds, Stopping threads took: 0.0000191 seconds
15.433: [GC (Allocation Failure)  822385K->501201K(1034752K), 0.0045118 secs]
15.438: Total time for which application threads were stopped: 0.0047022 seconds, Stopping threads took: 0.0000277 seconds
15.505: [GC (Allocation Failure)  822737K->504809K(1034752K), 0.0058014 secs]
15.511: Total time for which application threads were stopped: 0.0059844 seconds, Stopping threads took: 0.0000201 seconds
15.581: [GC (Allocation Failure)  826345K->509260K(1034752K), 0.0043935 secs]
15.585: Total time for which application threads were stopped: 0.0045578 seconds, Stopping threads took: 0.0000261 seconds
15.654: [GC (Allocation Failure)  830796K->509260K(1034752K), 0.0047428 secs]
15.658: Total time for which application threads were stopped: 0.0049183 seconds, Stopping threads took: 0.0000207 seconds
15.726: [GC (Allocation Failure)  830796K->509964K(1034752K), 0.0055871 secs]
15.731: Total time for which application threads were stopped: 0.0057524 seconds, Stopping threads took: 0.0000211 seconds
15.800: [GC (Allocation Failure)  831500K->517294K(1034752K), 0.0046908 secs]
15.805: Total time for which application threads were stopped: 0.0048538 seconds, Stopping threads took: 0.0000205 seconds
15.874: [GC (Allocation Failure)  838830K->517230K(1034752K), 0.0044809 secs]
15.879: Total time for which application threads were stopped: 0.0046435 seconds, Stopping threads took: 0.0000210 seconds
15.945: [GC (Allocation Failure)  838766K->519182K(1034752K), 0.0057114 secs]
15.951: Total time for which application threads were stopped: 0.0059108 seconds, Stopping threads took: 0.0000405 seconds
16.020: [GC (Allocation Failure)  840718K->525360K(1034752K), 0.0046791 secs]
16.025: Total time for which application threads were stopped: 0.0048425 seconds, Stopping threads took: 0.0000205 seconds
16.093: [GC (Allocation Failure)  846896K->525296K(1034752K), 0.0044981 secs]
16.098: Total time for which application threads were stopped: 0.0046583 seconds, Stopping threads took: 0.0000266 seconds
16.165: [GC (Allocation Failure)  846832K->528464K(1034752K), 0.0056061 secs]
16.171: Total time for which application threads were stopped: 0.0057940 seconds, Stopping threads took: 0.0000214 seconds
16.240: [GC (Allocation Failure)  850000K->533458K(1034752K), 0.0047829 secs]
16.245: Total time for which application threads were stopped: 0.0049561 seconds, Stopping threads took: 0.0000211 seconds
16.315: [GC (Allocation Failure)  854994K->533330K(1034752K), 0.0047106 secs]
16.319: Total time for which application threads were stopped: 0.0048745 seconds, Stopping threads took: 0.0000212 seconds
16.386: [GC (Allocation Failure)  854866K->533578K(1034752K), 0.0056214 secs]
16.392: Total time for which application threads were stopped: 0.0057875 seconds, Stopping threads took: 0.0000185 seconds
16.458: [GC (Allocation Failure)  855114K->541453K(1033728K), 0.0047523 secs]
16.463: Total time for which application threads were stopped: 0.0049122 seconds, Stopping threads took: 0.0000201 seconds
16.530: [GC (Allocation Failure)  861965K->541389K(1034240K), 0.0046818 secs]
16.535: Total time for which application threads were stopped: 0.0048431 seconds, Stopping threads took: 0.0000204 seconds
16.602: [GC (Allocation Failure)  861901K->544901K(1034752K), 0.0058737 secs]
16.608: Total time for which application threads were stopped: 0.0060489 seconds, Stopping threads took: 0.0000268 seconds
16.676: [GC (Allocation Failure)  865925K->549383K(1034240K), 0.0047042 secs]
16.680: Total time for which application threads were stopped: 0.0048636 seconds, Stopping threads took: 0.0000195 seconds
16.749: [GC (Allocation Failure)  870407K->549351K(1034752K), 0.0047651 secs]
16.754: Total time for which application threads were stopped: 0.0052112 seconds, Stopping threads took: 0.0000197 seconds
16.821: [GC (Allocation Failure)  870887K->553127K(1034752K), 0.0059012 secs]
16.827: Total time for which application threads were stopped: 0.0060590 seconds, Stopping threads took: 0.0000197 seconds
16.895: [GC (Allocation Failure)  874663K->557449K(1035264K), 0.0047226 secs]
16.899: Total time for which application threads were stopped: 0.0048908 seconds, Stopping threads took: 0.0000201 seconds
16.968: [GC (Allocation Failure)  880009K->557417K(1035264K), 0.0046559 secs]
16.973: Total time for which application threads were stopped: 0.0048104 seconds, Stopping threads took: 0.0000192 seconds
17.039: [GC (Allocation Failure)  879977K->560361K(1035264K), 0.0069639 secs]
17.046: Total time for which application threads were stopped: 0.0071434 seconds, Stopping threads took: 0.0000260 seconds
17.115: [GC (Allocation Failure)  882921K->565483K(1035264K), 0.0047289 secs]
17.120: Total time for which application threads were stopped: 0.0049014 seconds, Stopping threads took: 0.0000255 seconds
17.188: [GC (Allocation Failure)  888043K->565483K(1035264K), 0.0047325 secs]
17.193: Total time for which application threads were stopped: 0.0049030 seconds, Stopping threads took: 0.0000194 seconds
17.260: [GC (Allocation Failure)  888043K->568587K(1035264K), 0.0056465 secs]
17.265: Total time for which application threads were stopped: 0.0058303 seconds, Stopping threads took: 0.0000269 seconds
17.334: [GC (Allocation Failure)  891147K->573614K(1035264K), 0.0055003 secs]
17.339: Total time for which application threads were stopped: 0.0056565 seconds, Stopping threads took: 0.0000177 seconds
17.408: [GC (Allocation Failure)  896174K->573486K(1035264K), 0.0048090 secs]
17.413: Total time for which application threads were stopped: 0.0049902 seconds, Stopping threads took: 0.0000187 seconds
17.482: [GC (Allocation Failure)  896046K->576814K(1035264K), 0.0059505 secs]
17.488: Total time for which application threads were stopped: 0.0061384 seconds, Stopping threads took: 0.0000274 seconds
17.557: [GC (Allocation Failure)  899374K->581584K(1035264K), 0.0047070 secs]
17.562: Total time for which application threads were stopped: 0.0048756 seconds, Stopping threads took: 0.0000203 seconds
17.630: [GC (Allocation Failure)  904144K->581520K(1035264K), 0.0049223 secs]
17.635: Total time for which application threads were stopped: 0.0051079 seconds, Stopping threads took: 0.0000202 seconds
17.704: [GC (Allocation Failure)  904080K->585064K(1035264K), 0.0057905 secs]
17.710: Total time for which application threads were stopped: 0.0059645 seconds, Stopping threads took: 0.0000207 seconds
17.777: [GC (Allocation Failure)  907624K->589578K(1035264K), 0.0047293 secs]
17.782: Total time for which application threads were stopped: 0.0049319 seconds, Stopping threads took: 0.0000195 seconds
17.850: [GC (Allocation Failure)  912138K->589546K(1035264K), 0.0046025 secs]
17.854: Total time for which application threads were stopped: 0.0047733 seconds, Stopping threads took: 0.0000193 seconds
17.923: [GC (Allocation Failure)  912106K->593290K(1035776K), 0.0059110 secs]
17.929: Total time for which application threads were stopped: 0.0060928 seconds, Stopping threads took: 0.0000167 seconds
17.996: [GC (Allocation Failure)  916874K->597804K(1035776K), 0.0049220 secs]
18.001: Total time for which application threads were stopped: 0.0050859 seconds, Stopping threads took: 0.0000252 seconds
18.069: [GC (Allocation Failure)  921388K->597580K(1035776K), 0.0047822 secs]
18.074: Total time for which application threads were stopped: 0.0049484 seconds, Stopping threads took: 0.0000283 seconds
18.142: [GC (Allocation Failure)  921164K->596522K(1035776K), 0.0042583 secs]
18.147: Total time for which application threads were stopped: 0.0044048 seconds, Stopping threads took: 0.0000194 seconds
18.217: [GC (Allocation Failure)  920106K->597740K(1036288K), 0.0046999 secs]
18.222: Total time for which application threads were stopped: 0.0048772 seconds, Stopping threads took: 0.0000283 seconds
18.291: [GC (Allocation Failure)  922348K->597548K(1036288K), 0.0048043 secs]
18.296: Total time for which application threads were stopped: 0.0049724 seconds, Stopping threads took: 0.0000204 seconds
18.363: [GC (Allocation Failure)  922156K->589610K(1035264K), 0.0016812 secs]
18.365: Total time for which application threads were stopped: 0.0018079 seconds, Stopping threads took: 0.0000263 seconds
18.435: [GC (Allocation Failure)  913194K->597740K(1031680K), 0.0049910 secs]
18.440: Total time for which application threads were stopped: 0.0051774 seconds, Stopping threads took: 0.0000244 seconds
18.509: [GC (Allocation Failure)  921324K->601724K(1035776K), 0.0065282 secs]
18.516: Total time for which application threads were stopped: 0.0066864 seconds, Stopping threads took: 0.0000181 seconds
18.581: [GC (Allocation Failure)  924796K->597850K(1035264K), 0.0036727 secs]
18.584: Total time for which application threads were stopped: 0.0038572 seconds, Stopping threads took: 0.0000283 seconds
18.652: [GC (Allocation Failure)  920922K->601884K(1035776K), 0.0051020 secs]
18.657: Total time for which application threads were stopped: 0.0052830 seconds, Stopping threads took: 0.0000278 seconds
18.725: [GC (Allocation Failure)  925468K->605884K(1035776K), 0.0046547 secs]
18.730: Total time for which application threads were stopped: 0.0048284 seconds, Stopping threads took: 0.0000207 seconds
18.798: [GC (Allocation Failure)  929468K->605852K(1035776K), 0.0047928 secs]
18.803: Total time for which application threads were stopped: 0.0049718 seconds, Stopping threads took: 0.0000200 seconds
18.868: [GC (Allocation Failure)  929436K->606196K(1023488K), 0.0056796 secs]
18.874: Total time for which application threads were stopped: 0.0058723 seconds, Stopping threads took: 0.0000206 seconds
18.943: [GC (Allocation Failure)  929780K->613911K(1035264K), 0.0046347 secs]
18.948: Total time for which application threads were stopped: 0.0047802 seconds, Stopping threads took: 0.0000256 seconds
19.018: [GC (Allocation Failure)  936471K->613879K(1035264K), 0.0045619 secs]
19.022: Total time for which application threads were stopped: 0.0047199 seconds, Stopping threads took: 0.0000199 seconds
19.090: [GC (Allocation Failure)  936439K->614351K(1034240K), 0.0055731 secs]
19.096: Total time for which application threads were stopped: 0.0057310 seconds, Stopping threads took: 0.0000259 seconds
19.164: [GC (Allocation Failure)  935887K->621905K(1034752K), 0.0050455 secs]
19.169: Total time for which application threads were stopped: 0.0052179 seconds, Stopping threads took: 0.0000258 seconds
19.238: [GC (Allocation Failure)  943441K->621937K(1034752K), 0.0046155 secs]
19.242: Total time for which application threads were stopped: 0.0047857 seconds, Stopping threads took: 0.0000206 seconds
19.308: [GC (Allocation Failure)  943473K->622057K(1034752K), 0.0056377 secs]
19.313: Total time for which application threads were stopped: 0.0058081 seconds, Stopping threads took: 0.0000207 seconds
19.382: [GC (Allocation Failure)  943593K->629931K(1033728K), 0.0047511 secs]
19.387: Total time for which application threads were stopped: 0.0049018 seconds, Stopping threads took: 0.0000176 seconds
19.455: [GC (Allocation Failure)  950443K->629899K(1034240K), 0.0048317 secs]
19.460: Total time for which application threads were stopped: 0.0050096 seconds, Stopping threads took: 0.0000205 seconds
19.527: [GC (Allocation Failure)  950411K->630091K(1034240K), 0.0055456 secs]
19.532: Total time for which application threads were stopped: 0.0057240 seconds, Stopping threads took: 0.0000202 seconds
19.601: [GC (Allocation Failure)  950603K->637966K(1034240K), 0.0050878 secs]
19.606: Total time for which application threads were stopped: 0.0052662 seconds, Stopping threads took: 0.0000204 seconds
19.672: [GC (Allocation Failure)  958478K->637966K(1034240K), 0.0048595 secs]
19.677: Total time for which application threads were stopped: 0.0050193 seconds, Stopping threads took: 0.0000203 seconds
19.743: [GC (Allocation Failure)  958478K->638030K(1020416K), 0.0058948 secs]
19.749: Total time for which application threads were stopped: 0.0060600 seconds, Stopping threads took: 0.0000201 seconds
19.816: [GC (Allocation Failure)  958542K->646032K(1033728K), 0.0049809 secs]
19.821: Total time for which application threads were stopped: 0.0051693 seconds, Stopping threads took: 0.0000216 seconds
19.888: [GC (Allocation Failure)  965520K->646000K(1033728K), 0.0048762 secs]
19.893: Total time for which application threads were stopped: 0.0050329 seconds, Stopping threads took: 0.0000191 seconds
19.957: [GC (Allocation Failure)  965488K->646248K(1033728K), 0.0057481 secs]
19.963: Total time for which application threads were stopped: 0.0059056 seconds, Stopping threads took: 0.0000194 seconds
20.032: [GC (Allocation Failure)  965736K->654058K(1033728K), 0.0048922 secs]
20.037: Total time for which application threads were stopped: 0.0050565 seconds, Stopping threads took: 0.0000193 seconds
20.106: [GC (Allocation Failure)  973546K->653994K(1033728K), 0.0049595 secs]
20.111: Total time for which application threads were stopped: 0.0051358 seconds, Stopping threads took: 0.0000294 seconds
20.177: [GC (Allocation Failure)  973482K->654250K(1033728K), 0.0055886 secs]
20.182: Total time for which application threads were stopped: 0.0057565 seconds, Stopping threads took: 0.0000173 seconds
20.250: [GC (Allocation Failure)  973738K->662060K(1033728K), 0.0050194 secs]
20.255: Total time for which application threads were stopped: 0.0051785 seconds, Stopping threads took: 0.0000194 seconds
20.320: [GC (Allocation Failure)  981548K->658154K(1033728K), 0.0041572 secs]
20.324: Total time for which application threads were stopped: 0.0043265 seconds, Stopping threads took: 0.0000206 seconds
20.392: [GC (Allocation Failure)  977642K->662220K(1034752K), 0.0052060 secs]
20.398: Total time for which application threads were stopped: 0.0053719 seconds, Stopping threads took: 0.0000165 seconds
20.467: [GC (Allocation Failure)  983244K->666188K(1034240K), 0.0047643 secs]
20.472: Total time for which application threads were stopped: 0.0049133 seconds, Stopping threads took: 0.0000172 seconds
20.540: [GC (Allocation Failure)  987212K->660426K(1034752K), 0.0028615 secs]
20.543: Total time for which application threads were stopped: 0.0030155 seconds, Stopping threads took: 0.0000203 seconds
20.611: [GC (Allocation Failure)  981962K->666260K(1034752K), 0.0050798 secs]
20.616: Total time for which application threads were stopped: 0.0052394 seconds, Stopping threads took: 0.0000264 seconds
20.682: [GC (Allocation Failure)  987796K->670340K(1035264K), 0.0054976 secs]
20.688: Total time for which application threads were stopped: 0.0056663 seconds, Stopping threads took: 0.0000209 seconds
20.756: [GC (Allocation Failure)  992638K->666434K(1035264K), 0.0036279 secs]
20.759: Total time for which application threads were stopped: 0.0037815 seconds, Stopping threads took: 0.0000284 seconds
20.828: [GC (Allocation Failure)  988994K->670508K(1036288K), 0.0051269 secs]
20.833: Total time for which application threads were stopped: 0.0053007 seconds, Stopping threads took: 0.0000184 seconds
20.900: [GC (Allocation Failure)  994604K->674508K(1035776K), 0.0050867 secs]
20.906: Total time for which application threads were stopped: 0.0052499 seconds, Stopping threads took: 0.0000193 seconds
20.972: [GC (Allocation Failure)  998604K->674508K(1035776K), 0.0048227 secs]
20.977: Total time for which application threads were stopped: 0.0049772 seconds, Stopping threads took: 0.0000190 seconds
21.044: [GC (Allocation Failure)  998092K->674540K(1023488K), 0.0055464 secs]
21.050: Total time for which application threads were stopped: 0.0057298 seconds, Stopping threads took: 0.0000255 seconds
21.117: [GC (Allocation Failure)  998124K->682511K(1035264K), 0.0049028 secs]
21.122: Total time for which application threads were stopped: 0.0050834 seconds, Stopping threads took: 0.0000250 seconds
21.192: [GC (Allocation Failure)  1005071K->682479K(1030144K), 0.0048721 secs]
21.197: Total time for which application threads were stopped: 0.0050451 seconds, Stopping threads took: 0.0000203 seconds
21.264: [GC (Allocation Failure)  1005039K->682575K(1034752K), 0.0057756 secs]
21.270: Total time for which application threads were stopped: 0.0059404 seconds, Stopping threads took: 0.0000192 seconds
21.337: [GC (Allocation Failure)  1004111K->690545K(1029120K), 0.0058864 secs]
21.343: Total time for which application threads were stopped: 0.0061239 seconds, Stopping threads took: 0.0000956 seconds
21.413: [GC (Allocation Failure)  1012081K->690545K(1034240K), 0.0051087 secs]
21.418: Total time for which application threads were stopped: 0.0052698 seconds, Stopping threads took: 0.0000201 seconds
21.485: [GC (Allocation Failure)  1011057K->690793K(1034240K), 0.0056708 secs]
21.491: [Full GC (Ergonomics)  690793K->8715K(1034240K), 0.0167441 secs]
21.508: Total time for which application threads were stopped: 0.0227053 seconds, Stopping threads took: 0.0000209 seconds
21.576: [GC (Allocation Failure)  329227K->17645K(1033216K), 0.0039086 secs]
21.580: Total time for which application threads were stopped: 0.0040776 seconds, Stopping threads took: 0.0000296 seconds
21.646: [GC (Allocation Failure)  337133K->17669K(1033728K), 0.0040055 secs]
21.650: Total time for which application threads were stopped: 0.0041708 seconds, Stopping threads took: 0.0000191 seconds
21.715: [GC (Allocation Failure)  337157K->18093K(1033728K), 0.0036699 secs]
21.719: Total time for which application threads were stopped: 0.0038456 seconds, Stopping threads took: 0.0000199 seconds
21.788: [GC (Allocation Failure)  337581K->25711K(1033728K), 0.0036046 secs]
21.792: Total time for which application threads were stopped: 0.0037604 seconds, Stopping threads took: 0.0000209 seconds
21.861: [GC (Allocation Failure)  345199K->25679K(1033728K), 0.0035117 secs]
21.865: Total time for which application threads were stopped: 0.0036476 seconds, Stopping threads took: 0.0000166 seconds
21.929: [GC (Allocation Failure)  345167K->25831K(1033728K), 0.0035823 secs]
21.933: Total time for which application threads were stopped: 0.0037744 seconds, Stopping threads took: 0.0000202 seconds
22.002: [GC (Allocation Failure)  345319K->33706K(1032704K), 0.0037005 secs]
22.006: Total time for which application threads were stopped: 0.0038551 seconds, Stopping threads took: 0.0000169 seconds
22.071: [GC (Allocation Failure)  352168K->29799K(1033216K), 0.0025170 secs]
22.074: Total time for which application threads were stopped: 0.0026707 seconds, Stopping threads took: 0.0000264 seconds
22.141: [GC (Allocation Failure)  348263K->33866K(1034752K), 0.0038738 secs]
22.144: Total time for which application threads were stopped: 0.0040376 seconds, Stopping threads took: 0.0000203 seconds
22.212: [GC (Allocation Failure)  354890K->37866K(1034240K), 0.0036463 secs]
22.216: Total time for which application threads were stopped: 0.0038176 seconds, Stopping threads took: 0.0000222 seconds
22.283: [GC (Allocation Failure)  358890K->31015K(1034752K), 0.0009997 secs]
22.284: Total time for which application threads were stopped: 0.0011367 seconds, Stopping threads took: 0.0000202 seconds
22.354: [GC (Allocation Failure)  352551K->37898K(1034752K), 0.0067030 secs]
22.361: Total time for which application threads were stopped: 0.0068710 seconds, Stopping threads took: 0.0000265 seconds
22.427: [GC (Allocation Failure)  359434K->41978K(1034752K), 0.0044751 secs]
22.432: Total time for which application threads were stopped: 0.0046564 seconds, Stopping threads took: 0.0000173 seconds
22.499: [GC (Allocation Failure)  363514K->36439K(1034752K), 0.0015518 secs]
22.500: Total time for which application threads were stopped: 0.0016733 seconds, Stopping threads took: 0.0000164 seconds
22.568: [GC (Allocation Failure)  357975K->42282K(1035776K), 0.0035614 secs]
22.572: Total time for which application threads were stopped: 0.0037265 seconds, Stopping threads took: 0.0000290 seconds
22.642: [GC (Allocation Failure)  364842K->46122K(1034752K), 0.0040433 secs]
22.646: Total time for which application threads were stopped: 0.0042091 seconds, Stopping threads took: 0.0000190 seconds
22.712: [GC (Allocation Failure)  368610K->42215K(1035776K), 0.0024672 secs]
22.715: Total time for which application threads were stopped: 0.0026282 seconds, Stopping threads took: 0.0000200 seconds
22.786: [GC (Allocation Failure)  365287K->46282K(1035264K), 0.0037020 secs]
22.789: Total time for which application threads were stopped: 0.0038811 seconds, Stopping threads took: 0.0000200 seconds
22.860: [GC (Allocation Failure)  369354K->50250K(1035264K), 0.0037830 secs]
22.864: Total time for which application threads were stopped: 0.0039748 seconds, Stopping threads took: 0.0000194 seconds
22.932: [GC (Allocation Failure)  373834K->50282K(1035776K), 0.0035115 secs]
22.936: Total time for which application threads were stopped: 0.0037041 seconds, Stopping threads took: 0.0000202 seconds
23.004: [GC (Allocation Failure)  373866K->50346K(1034752K), 0.0038046 secs]
23.008: Total time for which application threads were stopped: 0.0039554 seconds, Stopping threads took: 0.0000165 seconds
23.077: [GC (Allocation Failure)  372906K->58284K(1035264K), 0.0035869 secs]
23.081: Total time for which application threads were stopped: 0.0037461 seconds, Stopping threads took: 0.0000260 seconds
23.149: [GC (Allocation Failure)  380844K->58284K(1034240K), 0.0034962 secs]
23.153: Total time for which application threads were stopped: 0.0036682 seconds, Stopping threads took: 0.0000206 seconds
23.218: [GC (Allocation Failure)  379820K->58340K(1034752K), 0.0044959 secs]
23.223: Total time for which application threads were stopped: 0.0046562 seconds, Stopping threads took: 0.0000209 seconds
23.291: [GC (Allocation Failure)  379876K->66342K(1034752K), 0.0036356 secs]
23.295: Total time for which application threads were stopped: 0.0038072 seconds, Stopping threads took: 0.0000205 seconds
23.364: [GC (Allocation Failure)  387878K->66310K(1029120K), 0.0034511 secs]
23.368: Total time for which application threads were stopped: 0.0035983 seconds, Stopping threads took: 0.0000169 seconds
23.434: [GC (Allocation Failure)  387846K->66574K(1034240K), 0.0039252 secs]
23.438: Total time for which application threads were stopped: 0.0040988 seconds, Stopping threads took: 0.0000199 seconds
23.506: [GC (Allocation Failure)  387086K->74384K(1034240K), 0.0036909 secs]
23.509: Total time for which application threads were stopped: 0.0038692 seconds, Stopping threads took: 0.0000207 seconds
23.578: [GC (Allocation Failure)  394896K->74320K(1034240K), 0.0036466 secs]
23.582: Total time for which application threads were stopped: 0.0038050 seconds, Stopping threads took: 0.0000265 seconds
23.649: [GC (Allocation Failure)  394832K->74792K(1034240K), 0.0037153 secs]
23.653: Total time for which application threads were stopped: 0.0038759 seconds, Stopping threads took: 0.0000195 seconds
23.720: [GC (Allocation Failure)  395304K->82379K(1033216K), 0.0037628 secs]
23.724: Total time for which application threads were stopped: 0.0039262 seconds, Stopping threads took: 0.0000204 seconds
23.792: [GC (Allocation Failure)  401867K->82379K(1033728K), 0.0037852 secs]
23.796: Total time for which application threads were stopped: 0.0039491 seconds, Stopping threads took: 0.0000207 seconds
23.861: [GC (Allocation Failure)  401867K->82467K(1033728K), 0.0047784 secs]
23.866: Total time for which application threads were stopped: 0.0049545 seconds, Stopping threads took: 0.0000198 seconds
23.934: [GC (Allocation Failure)  401955K->90405K(1033728K), 0.0036882 secs]
23.938: Total time for which application threads were stopped: 0.0038586 seconds, Stopping threads took: 0.0000205 seconds
24.006: [GC (Allocation Failure)  409893K->90437K(1033728K), 0.0038484 secs]
24.010: Total time for which application threads were stopped: 0.0040341 seconds, Stopping threads took: 0.0000200 seconds
24.077: [GC (Allocation Failure)  409925K->90469K(1033728K), 0.0039305 secs]
24.081: Total time for which application threads were stopped: 0.0041241 seconds, Stopping threads took: 0.0000257 seconds
24.148: [GC (Allocation Failure)  409957K->98439K(1032704K), 0.0038527 secs]
24.152: Total time for which application threads were stopped: 0.0040115 seconds, Stopping threads took: 0.0000198 seconds
24.218: [GC (Allocation Failure)  416903K->92901K(1033216K), 0.0017204 secs]
24.220: Total time for which application threads were stopped: 0.0018623 seconds, Stopping threads took: 0.0000191 seconds
24.287: [GC (Allocation Failure)  411365K->98695K(1034752K), 0.0037710 secs]
24.291: Total time for which application threads were stopped: 0.0039735 seconds, Stopping threads took: 0.0000213 seconds
24.361: [GC (Allocation Failure)  419207K->102623K(1033728K), 0.0040114 secs]
24.365: Total time for which application threads were stopped: 0.0042018 seconds, Stopping threads took: 0.0000202 seconds
24.434: [GC (Allocation Failure)  423135K->109485K(1029120K), 0.0067824 secs]
24.441: Total time for which application threads were stopped: 0.0069729 seconds, Stopping threads took: 0.0000199 seconds
24.509: [GC (Allocation Failure)  424877K->103343K(1031680K), 0.0039426 secs]
24.513: Total time for which application threads were stopped: 0.0041024 seconds, Stopping threads took: 0.0000192 seconds
24.581: [GC (Allocation Failure)  418735K->103215K(1032704K), 0.0039586 secs]
24.585: Total time for which application threads were stopped: 0.0041340 seconds, Stopping threads took: 0.0000279 seconds
24.649: [GC (Allocation Failure)  420143K->106631K(1032192K), 0.0046522 secs]
24.654: Total time for which application threads were stopped: 0.0048272 seconds, Stopping threads took: 0.0000188 seconds
24.721: [GC (Allocation Failure)  423559K->111369K(1033216K), 0.0038686 secs]
24.725: Total time for which application threads were stopped: 0.0040249 seconds, Stopping threads took: 0.0000192 seconds
24.792: [GC (Allocation Failure)  429321K->111241K(1032704K), 0.0038917 secs]
24.796: Total time for which application threads were stopped: 0.0040599 seconds, Stopping threads took: 0.0000199 seconds
24.862: [GC (Allocation Failure)  429193K->112265K(1033216K), 0.0041209 secs]
24.866: Total time for which application threads were stopped: 0.0042994 seconds, Stopping threads took: 0.0000193 seconds
24.934: [GC (Allocation Failure)  430729K->119276K(1033216K), 0.0046210 secs]
24.938: Total time for which application threads were stopped: 0.0047872 seconds, Stopping threads took: 0.0000199 seconds
25.006: [GC (Allocation Failure)  437740K->119276K(1033728K), 0.0039597 secs]
25.010: Total time for which application threads were stopped: 0.0041153 seconds, Stopping threads took: 0.0000192 seconds
25.077: [GC (Allocation Failure)  438252K->120940K(1033216K), 0.0048007 secs]
25.082: Total time for which application threads were stopped: 0.0049759 seconds, Stopping threads took: 0.0000283 seconds
25.149: [GC (Allocation Failure)  439916K->127374K(1033728K), 0.0039559 secs]
25.153: Total time for which application threads were stopped: 0.0041233 seconds, Stopping threads took: 0.0000194 seconds
25.221: [GC (Allocation Failure)  446862K->127310K(1033728K), 0.0040936 secs]
25.225: Total time for which application threads were stopped: 0.0042559 seconds, Stopping threads took: 0.0000200 seconds
25.292: [GC (Allocation Failure)  446798K->127662K(1033728K), 0.0041470 secs]
25.296: Total time for which application threads were stopped: 0.0043313 seconds, Stopping threads took: 0.0000205 seconds
25.365: [GC (Allocation Failure)  447150K->135344K(1033728K), 0.0041412 secs]
25.369: Total time for which application threads were stopped: 0.0042985 seconds, Stopping threads took: 0.0000197 seconds
25.437: [GC (Allocation Failure)  454832K->135344K(1033728K), 0.0038803 secs]
25.441: Total time for which application threads were stopped: 0.0040926 seconds, Stopping threads took: 0.0000280 seconds
25.509: [GC (Allocation Failure)  454832K->138952K(1033728K), 0.0048024 secs]
25.514: Total time for which application threads were stopped: 0.0049690 seconds, Stopping threads took: 0.0000213 seconds
25.581: [GC (Allocation Failure)  458440K->143434K(1034240K), 0.0040302 secs]
25.586: Total time for which application threads were stopped: 0.0042016 seconds, Stopping threads took: 0.0000267 seconds
25.652: [GC (Allocation Failure)  463946K->143370K(1034240K), 0.0039758 secs]
25.656: Total time for which application threads were stopped: 0.0041432 seconds, Stopping threads took: 0.0000197 seconds
25.724: [GC (Allocation Failure)  463882K->144106K(1034240K), 0.0038943 secs]
25.728: Total time for which application threads were stopped: 0.0040710 seconds, Stopping threads took: 0.0000210 seconds
25.798: [GC (Allocation Failure)  464618K->151437K(1034240K), 0.0040490 secs]
25.802: Total time for which application threads were stopped: 0.0042101 seconds, Stopping threads took: 0.0000202 seconds
25.869: [GC (Allocation Failure)  471949K->151405K(1034240K), 0.0037696 secs]
25.873: Total time for which application threads were stopped: 0.0039681 seconds, Stopping threads took: 0.0000217 seconds
25.942: [GC (Allocation Failure)  471917K->152357K(1034240K), 0.0040388 secs]
25.946: Total time for which application threads were stopped: 0.0041884 seconds, Stopping threads took: 0.0000168 seconds
26.014: [GC (Allocation Failure)  472869K->159431K(1034240K), 0.0040825 secs]
26.018: Total time for which application threads were stopped: 0.0042424 seconds, Stopping threads took: 0.0000202 seconds
26.086: [GC (Allocation Failure)  479943K->159431K(1034240K), 0.0038271 secs]
26.090: Total time for which application threads were stopped: 0.0040111 seconds, Stopping threads took: 0.0000272 seconds
26.159: [GC (Allocation Failure)  479943K->160583K(1034240K), 0.0039108 secs]
26.163: Total time for which application threads were stopped: 0.0040840 seconds, Stopping threads took: 0.0000194 seconds
26.232: [GC (Allocation Failure)  481095K->167465K(1034240K), 0.0042566 secs]
26.236: Total time for which application threads were stopped: 0.0044063 seconds, Stopping threads took: 0.0000176 seconds
26.306: [GC (Allocation Failure)  487977K->167497K(1034240K), 0.0040308 secs]
26.310: Total time for which application threads were stopped: 0.0042106 seconds, Stopping threads took: 0.0000199 seconds
26.378: [GC (Allocation Failure)  488009K->167817K(1020416K), 0.0040214 secs]
26.382: Total time for which application threads were stopped: 0.0042186 seconds, Stopping threads took: 0.0000282 seconds
26.451: [GC (Allocation Failure)  488329K->175564K(1033728K), 0.0040137 secs]
26.455: Total time for which application threads were stopped: 0.0042085 seconds, Stopping threads took: 0.0000192 seconds
26.523: [GC (Allocation Failure)  495052K->175468K(1033728K), 0.0039576 secs]
26.528: Total time for which application threads were stopped: 0.0041134 seconds, Stopping threads took: 0.0000174 seconds
26.594: [GC (Allocation Failure)  494956K->176012K(1033728K), 0.0040494 secs]
26.598: Total time for which application threads were stopped: 0.0042356 seconds, Stopping threads took: 0.0000258 seconds
26.667: [GC (Allocation Failure)  495500K->183598K(1033728K), 0.0041941 secs]
26.671: Total time for which application threads were stopped: 0.0043839 seconds, Stopping threads took: 0.0000192 seconds
26.739: [GC (Allocation Failure)  503086K->183534K(1033728K), 0.0040170 secs]
26.744: Total time for which application threads were stopped: 0.0041818 seconds, Stopping threads took: 0.0000207 seconds
26.810: [GC (Allocation Failure)  503022K->184270K(1033728K), 0.0041150 secs]
26.814: Total time for which application threads were stopped: 0.0042762 seconds, Stopping threads took: 0.0000262 seconds
26.883: [GC (Allocation Failure)  503758K->191600K(1033728K), 0.0041388 secs]
26.887: Total time for which application threads were stopped: 0.0043105 seconds, Stopping threads took: 0.0000201 seconds
26.954: [GC (Allocation Failure)  511088K->191568K(1033728K), 0.0041372 secs]
26.959: Total time for which application threads were stopped: 0.0043036 seconds, Stopping threads took: 0.0000201 seconds
27.025: [GC (Allocation Failure)  511056K->193576K(1033728K), 0.0041680 secs]
27.030: Total time for which application threads were stopped: 0.0043370 seconds, Stopping threads took: 0.0000192 seconds
27.097: [GC (Allocation Failure)  513064K->199626K(1033728K), 0.0039528 secs]
27.101: Total time for which application threads were stopped: 0.0041386 seconds, Stopping threads took: 0.0000265 seconds
27.168: [GC (Allocation Failure)  519114K->199626K(1033728K), 0.0054294 secs]
27.173: Total time for which application threads were stopped: 0.0056188 seconds, Stopping threads took: 0.0000286 seconds
27.240: [GC (Allocation Failure)  519114K->200746K(1033728K), 0.0043060 secs]
27.244: Total time for which application threads were stopped: 0.0044779 seconds, Stopping threads took: 0.0000222 seconds
27.311: [GC (Allocation Failure)  520234K->207693K(1033728K), 0.0040044 secs]
27.315: Total time for which application threads were stopped: 0.0041719 seconds, Stopping threads took: 0.0000199 seconds
27.383: [GC (Allocation Failure)  527181K->207661K(1033728K), 0.0038800 secs]
27.387: Total time for which application threads were stopped: 0.0040487 seconds, Stopping threads took: 0.0000200 seconds
27.453: [GC (Allocation Failure)  527149K->207949K(1033728K), 0.0041699 secs]
27.457: Total time for which application threads were stopped: 0.0043400 seconds, Stopping threads took: 0.0000198 seconds
27.524: [GC (Allocation Failure)  527437K->215695K(1033728K), 0.0042199 secs]
27.528: Total time for which application threads were stopped: 0.0044058 seconds, Stopping threads took: 0.0000206 seconds
27.597: [GC (Allocation Failure)  535183K->215695K(1033728K), 0.0046933 secs]
27.602: Total time for which application threads were stopped: 0.0048807 seconds, Stopping threads took: 0.0000263 seconds
27.670: [GC (Allocation Failure)  535183K->216167K(1033728K), 0.0041522 secs]
27.674: Total time for which application threads were stopped: 0.0043451 seconds, Stopping threads took: 0.0000199 seconds
27.743: [GC (Allocation Failure)  535655K->223689K(1033728K), 0.0041908 secs]
27.748: Total time for which application threads were stopped: 0.0043717 seconds, Stopping threads took: 0.0000166 seconds
27.816: [GC (Allocation Failure)  543177K->223721K(1033728K), 0.0042453 secs]
27.820: Total time for which application threads were stopped: 0.0044313 seconds, Stopping threads took: 0.0000278 seconds
27.886: [GC (Allocation Failure)  543209K->224425K(1033728K), 0.0042347 secs]
27.890: Total time for which application threads were stopped: 0.0043964 seconds, Stopping threads took: 0.0000200 seconds
27.960: [GC (Allocation Failure)  543913K->231723K(1033728K), 0.0040692 secs]
27.964: Total time for which application threads were stopped: 0.0042377 seconds, Stopping threads took: 0.0000191 seconds
28.031: [GC (Allocation Failure)  551211K->231723K(1033728K), 0.0042727 secs]
28.035: Total time for which application threads were stopped: 0.0044336 seconds, Stopping threads took: 0.0000192 seconds
28.103: [GC (Allocation Failure)  551211K->232651K(1033728K), 0.0043938 secs]
28.107: Total time for which application threads were stopped: 0.0045588 seconds, Stopping threads took: 0.0000193 seconds
28.174: [GC (Allocation Failure)  552139K->239790K(1033728K), 0.0042035 secs]
28.179: Total time for which application threads were stopped: 0.0043705 seconds, Stopping threads took: 0.0000190 seconds
28.245: [GC (Allocation Failure)  559278K->239758K(1033728K), 0.0041724 secs]
28.249: Total time for which application threads were stopped: 0.0043489 seconds, Stopping threads took: 0.0000202 seconds
28.315: [GC (Allocation Failure)  559246K->239886K(1033728K), 0.0042980 secs]
28.320: Total time for which application threads were stopped: 0.0044698 seconds, Stopping threads took: 0.0000205 seconds
28.388: [GC (Allocation Failure)  559374K->247824K(1027072K), 0.0041298 secs]
28.392: Total time for which application threads were stopped: 0.0042882 seconds, Stopping threads took: 0.0000176 seconds
28.459: [GC (Allocation Failure)  567312K->247792K(1033216K), 0.0041394 secs]
28.463: Total time for which application threads were stopped: 0.0043081 seconds, Stopping threads took: 0.0000196 seconds
28.529: [GC (Allocation Failure)  566256K->248104K(1033216K), 0.0041957 secs]
28.533: Total time for which application threads were stopped: 0.0043570 seconds, Stopping threads took: 0.0000207 seconds
28.601: [GC (Allocation Failure)  566568K->255818K(1033216K), 0.0040023 secs]
28.605: Total time for which application threads were stopped: 0.0041829 seconds, Stopping threads took: 0.0000214 seconds
28.670: [GC (Allocation Failure)  574282K->255850K(1033216K), 0.0042796 secs]
28.674: Total time for which application threads were stopped: 0.0044457 seconds, Stopping threads took: 0.0000191 seconds
28.740: [GC (Allocation Failure)  574314K->256330K(1033216K), 0.0041021 secs]
28.744: Total time for which application threads were stopped: 0.0042743 seconds, Stopping threads took: 0.0000203 seconds
28.810: [GC (Allocation Failure)  574794K->263820K(1033216K), 0.0043587 secs]
28.814: Total time for which application threads were stopped: 0.0045324 seconds, Stopping threads took: 0.0000218 seconds
28.881: [GC (Allocation Failure)  582284K->263852K(1033216K), 0.0040019 secs]
28.885: Total time for which application threads were stopped: 0.0041737 seconds, Stopping threads took: 0.0000200 seconds
28.950: [GC (Allocation Failure)  582316K->264044K(1033216K), 0.0042646 secs]
28.954: Total time for which application threads were stopped: 0.0044397 seconds, Stopping threads took: 0.0000220 seconds
29.021: [GC (Allocation Failure)  582508K->271887K(1033216K), 0.0054739 secs]
29.026: Total time for which application threads were stopped: 0.0056427 seconds, Stopping threads took: 0.0000202 seconds
29.093: [GC (Allocation Failure)  590351K->271887K(1033216K), 0.0040058 secs]
29.097: Total time for which application threads were stopped: 0.0041742 seconds, Stopping threads took: 0.0000274 seconds
29.164: [GC (Allocation Failure)  590351K->272039K(1033216K), 0.0041297 secs]
29.168: Total time for which application threads were stopped: 0.0043008 seconds, Stopping threads took: 0.0000204 seconds
29.235: [GC (Allocation Failure)  590503K->279913K(1033216K), 0.0042271 secs]
29.240: Total time for which application threads were stopped: 0.0043903 seconds, Stopping threads took: 0.0000210 seconds
29.305: [GC (Allocation Failure)  598377K->279913K(1033216K), 0.0043546 secs]
29.310: Total time for which application threads were stopped: 0.0045240 seconds, Stopping threads took: 0.0000190 seconds
29.375: [GC (Allocation Failure)  598377K->279977K(1033216K), 0.0042756 secs]
29.380: Total time for which application threads were stopped: 0.0044249 seconds, Stopping threads took: 0.0000172 seconds
29.447: [GC (Allocation Failure)  598441K->287947K(1033216K), 0.0041707 secs]
29.452: Total time for which application threads were stopped: 0.0043345 seconds, Stopping threads took: 0.0000199 seconds
29.517: [GC (Allocation Failure)  606411K->287915K(1033216K), 0.0049060 secs]
29.522: Total time for which application threads were stopped: 0.0050778 seconds, Stopping threads took: 0.0000209 seconds
29.588: [GC (Allocation Failure)  606379K->288259K(1033216K), 0.0043276 secs]
29.592: Total time for which application threads were stopped: 0.0044959 seconds, Stopping threads took: 0.0000264 seconds
29.657: [GC (Allocation Failure)  606723K->295974K(1033216K), 0.0042548 secs]
29.662: Total time for which application threads were stopped: 0.0044284 seconds, Stopping threads took: 0.0000206 seconds
29.730: [GC (Allocation Failure)  614438K->295974K(1033216K), 0.0041238 secs]
29.734: Total time for which application threads were stopped: 0.0042953 seconds, Stopping threads took: 0.0000285 seconds
29.799: [GC (Allocation Failure)  614438K->296230K(1033216K), 0.0044827 secs]
29.803: Total time for which application threads were stopped: 0.0046542 seconds, Stopping threads took: 0.0000199 seconds
29.868: [GC (Allocation Failure)  614694K->304008K(1033216K), 0.0041809 secs]
29.872: Total time for which application threads were stopped: 0.0043503 seconds, Stopping threads took: 0.0000207 seconds
29.937: [GC (Allocation Failure)  622472K->300102K(1033216K), 0.0033164 secs]
29.940: Total time for which application threads were stopped: 0.0034886 seconds, Stopping threads took: 0.0000217 seconds
30.006: [GC (Allocation Failure)  618566K->304168K(1034752K), 0.0044757 secs]
30.011: Total time for which application threads were stopped: 0.0046400 seconds, Stopping threads took: 0.0000189 seconds
30.079: [GC (Allocation Failure)  624680K->308136K(1033728K), 0.0039297 secs]
30.083: Total time for which application threads were stopped: 0.0041065 seconds, Stopping threads took: 0.0000270 seconds
30.150: [GC (Allocation Failure)  628648K->300326K(1034240K), 0.0012735 secs]
30.151: Total time for which application threads were stopped: 0.0013927 seconds, Stopping threads took: 0.0000193 seconds
30.218: [GC (Allocation Failure)  620838K->308200K(1034240K), 0.0043676 secs]
30.223: Total time for which application threads were stopped: 0.0045398 seconds, Stopping threads took: 0.0000206 seconds
30.289: [GC (Allocation Failure)  628712K->312248K(1034240K), 0.0058524 secs]
30.295: Total time for which application threads were stopped: 0.0060217 seconds, Stopping threads took: 0.0000206 seconds
30.363: [GC (Allocation Failure)  632760K->318990K(1034240K), 0.0069813 secs]
30.370: Total time for which application threads were stopped: 0.0071717 seconds, Stopping threads took: 0.0000182 seconds
30.439: [GC (Allocation Failure)  639502K->313008K(1029120K), 0.0043200 secs]
30.443: Total time for which application threads were stopped: 0.0044706 seconds, Stopping threads took: 0.0000180 seconds
30.509: [GC (Allocation Failure)  628400K->312720K(1031680K), 0.0043800 secs]
30.513: Total time for which application threads were stopped: 0.0045625 seconds, Stopping threads took: 0.0000203 seconds
30.581: [GC (Allocation Failure)  628112K->307374K(1032704K), 0.0022623 secs]
30.584: Total time for which application threads were stopped: 0.0024183 seconds, Stopping threads took: 0.0000265 seconds
30.650: [GC (Allocation Failure)  624302K->312944K(1032192K), 0.0043513 secs]
30.655: Total time for which application threads were stopped: 0.0045125 seconds, Stopping threads took: 0.0000192 seconds
30.721: [GC (Allocation Failure)  629872K->312720K(1033216K), 0.0043860 secs]
30.726: Total time for which application threads were stopped: 0.0045629 seconds, Stopping threads took: 0.0000194 seconds
30.795: [GC (Allocation Failure)  630672K->316136K(1032704K), 0.0049526 secs]
30.800: Total time for which application threads were stopped: 0.0051292 seconds, Stopping threads took: 0.0000193 seconds
30.869: [GC (Allocation Failure)  634088K->320874K(1033728K), 0.0044749 secs]
30.874: Total time for which application threads were stopped: 0.0046633 seconds, Stopping threads took: 0.0000202 seconds
30.940: [GC (Allocation Failure)  639850K->320746K(1033216K), 0.0043045 secs]
30.945: Total time for which application threads were stopped: 0.0044885 seconds, Stopping threads took: 0.0000217 seconds
31.014: [GC (Allocation Failure)  639722K->324906K(1034240K), 0.0050997 secs]
31.019: Total time for which application threads were stopped: 0.0052733 seconds, Stopping threads took: 0.0000167 seconds
31.089: [GC (Allocation Failure)  644906K->328876K(1033728K), 0.0041817 secs]
31.093: Total time for which application threads were stopped: 0.0043928 seconds, Stopping threads took: 0.0000204 seconds
31.159: [GC (Allocation Failure)  648876K->328780K(1034752K), 0.0069262 secs]
31.166: Total time for which application threads were stopped: 0.0070877 seconds, Stopping threads took: 0.0000203 seconds
31.232: [GC (Allocation Failure)  649804K->330540K(1034240K), 0.0045391 secs]
31.237: Total time for which application threads were stopped: 0.0047223 seconds, Stopping threads took: 0.0000195 seconds
31.305: [GC (Allocation Failure)  651564K->336847K(1034240K), 0.0043366 secs]
31.309: Total time for which application threads were stopped: 0.0045589 seconds, Stopping threads took: 0.0000530 seconds
31.377: [GC (Allocation Failure)  657359K->336815K(1034240K), 0.0042480 secs]
31.381: Total time for which application threads were stopped: 0.0043972 seconds, Stopping threads took: 0.0000174 seconds
31.448: [GC (Allocation Failure)  657327K->337223K(1033728K), 0.0051384 secs]
31.453: Total time for which application threads were stopped: 0.0053357 seconds, Stopping threads took: 0.0000197 seconds
31.520: [GC (Allocation Failure)  657735K->344841K(1034240K), 0.0043475 secs]
31.525: Total time for which application threads were stopped: 0.0045035 seconds, Stopping threads took: 0.0000192 seconds
31.593: [GC (Allocation Failure)  665353K->344841K(1034240K), 0.0048391 secs]
31.597: Total time for which application threads were stopped: 0.0050252 seconds, Stopping threads took: 0.0000280 seconds
31.666: [GC (Allocation Failure)  665353K->347529K(1034240K), 0.0048424 secs]
31.671: Total time for which application threads were stopped: 0.0050124 seconds, Stopping threads took: 0.0000200 seconds
31.739: [GC (Allocation Failure)  668041K->352907K(1034752K), 0.0042407 secs]
31.743: Total time for which application threads were stopped: 0.0044084 seconds, Stopping threads took: 0.0000198 seconds
31.810: [GC (Allocation Failure)  674443K->352875K(1034752K), 0.0045763 secs]
31.815: Total time for which application threads were stopped: 0.0047647 seconds, Stopping threads took: 0.0000192 seconds
31.880: [GC (Allocation Failure)  674411K->355755K(1034752K), 0.0048834 secs]
31.885: Total time for which application threads were stopped: 0.0050451 seconds, Stopping threads took: 0.0000190 seconds
31.954: [GC (Allocation Failure)  677291K->360973K(1034752K), 0.0043909 secs]
31.958: Total time for which application threads were stopped: 0.0045554 seconds, Stopping threads took: 0.0000200 seconds
32.025: [GC (Allocation Failure)  682509K->360909K(1034752K), 0.0044975 secs]
32.030: Total time for which application threads were stopped: 0.0046653 seconds, Stopping threads took: 0.0000200 seconds
32.096: [GC (Allocation Failure)  682445K->365005K(1034752K), 0.0052911 secs]
32.101: Total time for which application threads were stopped: 0.0054593 seconds, Stopping threads took: 0.0000275 seconds
32.168: [GC (Allocation Failure)  686541K->369008K(1035264K), 0.0044601 secs]
32.172: Total time for which application threads were stopped: 0.0046513 seconds, Stopping threads took: 0.0000200 seconds
32.241: [GC (Allocation Failure)  691568K->368944K(1035264K), 0.0043187 secs]
32.246: Total time for which application threads were stopped: 0.0044774 seconds, Stopping threads took: 0.0000170 seconds
32.314: [GC (Allocation Failure)  691504K->372232K(1035264K), 0.0049459 secs]
32.319: Total time for which application threads were stopped: 0.0051292 seconds, Stopping threads took: 0.0000205 seconds
32.388: [GC (Allocation Failure)  694792K->377002K(1035264K), 0.0045745 secs]
32.393: Total time for which application threads were stopped: 0.0047546 seconds, Stopping threads took: 0.0000197 seconds
32.460: [GC (Allocation Failure)  699562K->377002K(1035264K), 0.0045102 secs]
32.465: Total time for which application threads were stopped: 0.0047034 seconds, Stopping threads took: 0.0000253 seconds
32.532: [GC (Allocation Failure)  699562K->380458K(1035264K), 0.0051997 secs]
32.538: Total time for which application threads were stopped: 0.0053712 seconds, Stopping threads took: 0.0000218 seconds
32.605: [GC (Allocation Failure)  703018K->384972K(1035264K), 0.0051456 secs]
32.610: Total time for which application threads were stopped: 0.0053209 seconds, Stopping threads took: 0.0000261 seconds
32.678: [GC (Allocation Failure)  707532K->385004K(1035264K), 0.0045279 secs]
32.683: Total time for which application threads were stopped: 0.0047062 seconds, Stopping threads took: 0.0000219 seconds
32.749: [GC (Allocation Failure)  707564K->388708K(1035776K), 0.0051124 secs]
32.754: Total time for which application threads were stopped: 0.0052675 seconds, Stopping threads took: 0.0000263 seconds
32.823: [GC (Allocation Failure)  711780K->393030K(1035264K), 0.0044588 secs]
32.827: Total time for which application threads were stopped: 0.0046295 seconds, Stopping threads took: 0.0000200 seconds
32.894: [GC (Allocation Failure)  716102K->393062K(1035776K), 0.0044343 secs]
32.898: Total time for which application threads were stopped: 0.0046068 seconds, Stopping threads took: 0.0000202 seconds
32.966: [GC (Allocation Failure)  716646K->394846K(1025024K), 0.0056827 secs]
32.972: Total time for which application threads were stopped: 0.0058538 seconds, Stopping threads took: 0.0000191 seconds
33.041: [GC (Allocation Failure)  718430K->401153K(1035264K), 0.0045308 secs]
33.045: Total time for which application threads were stopped: 0.0047120 seconds, Stopping threads took: 0.0000226 seconds
33.114: [GC (Allocation Failure)  723713K->401089K(1035264K), 0.0043381 secs]
33.119: Total time for which application threads were stopped: 0.0045045 seconds, Stopping threads took: 0.0000265 seconds
33.186: [GC (Allocation Failure)  723649K->396030K(1035264K), 0.0024338 secs]
33.188: Total time for which application threads were stopped: 0.0025882 seconds, Stopping threads took: 0.0000198 seconds
33.256: [GC (Allocation Failure)  718590K->401089K(1035264K), 0.0045057 secs]
33.260: Total time for which application threads were stopped: 0.0046765 seconds, Stopping threads took: 0.0000219 seconds
33.329: [GC (Allocation Failure)  723649K->401057K(1035264K), 0.0094246 secs]
33.338: Total time for which application threads were stopped: 0.0095837 seconds, Stopping threads took: 0.0000200 seconds
33.407: [GC (Allocation Failure)  723617K->400350K(1035264K), 0.0041069 secs]
33.411: Total time for which application threads were stopped: 0.0042917 seconds, Stopping threads took: 0.0000276 seconds
33.478: [GC (Allocation Failure)  722910K->401313K(1035776K), 0.0043959 secs]
33.483: Total time for which application threads were stopped: 0.0045682 seconds, Stopping threads took: 0.0000196 seconds
33.551: [GC (Allocation Failure)  724897K->401089K(1035776K), 0.0044255 secs]
33.555: Total time for which application threads were stopped: 0.0045946 seconds, Stopping threads took: 0.0000194 seconds
33.623: [GC (Allocation Failure)  724673K->406694K(1031680K), 0.0069537 secs]
33.630: Total time for which application threads were stopped: 0.0071499 seconds, Stopping threads took: 0.0000250 seconds
33.697: [GC (Allocation Failure)  726182K->402185K(1033728K), 0.0047115 secs]
33.702: Total time for which application threads were stopped: 0.0048956 seconds, Stopping threads took: 0.0000272 seconds
33.769: [GC (Allocation Failure)  721673K->401961K(1034752K), 0.0043847 secs]
33.773: Total time for which application threads were stopped: 0.0046013 seconds, Stopping threads took: 0.0000196 seconds
33.842: [GC (Allocation Failure)  722985K->404230K(1034240K), 0.0053833 secs]
33.847: Total time for which application threads were stopped: 0.0055773 seconds, Stopping threads took: 0.0000192 seconds
33.916: [GC (Allocation Failure)  725254K->402089K(1034752K), 0.0042552 secs]
33.920: Total time for which application threads were stopped: 0.0044631 seconds, Stopping threads took: 0.0000199 seconds
33.987: [GC (Allocation Failure)  723113K->401961K(1034240K), 0.0045918 secs]
33.992: Total time for which application threads were stopped: 0.0047857 seconds, Stopping threads took: 0.0000201 seconds
34.061: [GC (Allocation Failure)  722985K->403942K(1035264K), 0.0052163 secs]
34.067: Total time for which application threads were stopped: 0.0053787 seconds, Stopping threads took: 0.0000250 seconds
34.136: [GC (Allocation Failure)  726502K->402089K(1035264K), 0.0043997 secs]
34.140: Total time for which application threads were stopped: 0.0045583 seconds, Stopping threads took: 0.0000204 seconds
34.208: [GC (Allocation Failure)  724649K->401961K(1036288K), 0.0043467 secs]
34.212: Total time for which application threads were stopped: 0.0045231 seconds, Stopping threads took: 0.0000194 seconds
34.282: [GC (Allocation Failure)  726057K->409742K(1035776K), 0.0081367 secs]
34.290: Total time for which application threads were stopped: 0.0083051 seconds, Stopping threads took: 0.0000196 seconds
34.360: [GC (Allocation Failure)  733838K->405553K(1032704K), 0.0045868 secs]
34.365: Total time for which application threads were stopped: 0.0047726 seconds, Stopping threads took: 0.0000144 seconds
34.430: [GC (Allocation Failure)  726065K->405521K(1034240K), 0.0043522 secs]
34.435: Total time for which application threads were stopped: 0.0045120 seconds, Stopping threads took: 0.0000198 seconds
34.502: [GC (Allocation Failure)  726033K->398702K(1033216K), 0.0016911 secs]
34.504: Total time for which application threads were stopped: 0.0018289 seconds, Stopping threads took: 0.0000273 seconds
34.571: [GC (Allocation Failure)  718190K->405777K(1033728K), 0.0044793 secs]
34.575: Total time for which application threads were stopped: 0.0046475 seconds, Stopping threads took: 0.0000195 seconds
34.643: [GC (Allocation Failure)  725265K->409657K(1034752K), 0.0050438 secs]
34.648: Total time for which application threads were stopped: 0.0052122 seconds, Stopping threads took: 0.0000196 seconds
34.715: [GC (Allocation Failure)  730681K->415782K(1034240K), 0.0071542 secs]
34.722: Total time for which application threads were stopped: 0.0073339 seconds, Stopping threads took: 0.0000189 seconds
34.791: [GC (Allocation Failure)  736806K->410185K(1033216K), 0.0045101 secs]
34.796: Total time for which application threads were stopped: 0.0046875 seconds, Stopping threads took: 0.0000190 seconds
34.863: [GC (Allocation Failure)  729673K->410057K(1033728K), 0.0045096 secs]
34.868: Total time for which application threads were stopped: 0.0046777 seconds, Stopping threads took: 0.0000202 seconds
34.934: [GC (Allocation Failure)  729545K->412806K(1033216K), 0.0056298 secs]
34.940: Total time for which application threads were stopped: 0.0057866 seconds, Stopping threads took: 0.0000190 seconds
35.006: [GC (Allocation Failure)  732294K->410185K(1033728K), 0.0044139 secs]
35.011: Total time for which application threads were stopped: 0.0045798 seconds, Stopping threads took: 0.0000187 seconds
35.078: [GC (Allocation Failure)  729673K->410057K(1034752K), 0.0044627 secs]
35.083: Total time for which application threads were stopped: 0.0046105 seconds, Stopping threads took: 0.0000195 seconds
35.149: [GC (Allocation Failure)  731081K->409446K(1034240K), 0.0042876 secs]
35.153: Total time for which application threads were stopped: 0.0044810 seconds, Stopping threads took: 0.0000266 seconds
35.220: [GC (Allocation Failure)  730470K->410089K(1035264K), 0.0070198 secs]
35.228: Total time for which application threads were stopped: 0.0072061 seconds, Stopping threads took: 0.0000201 seconds
35.296: [GC (Allocation Failure)  732649K->410025K(1035264K), 0.0060452 secs]
35.302: Total time for which application threads were stopped: 0.0062227 seconds, Stopping threads took: 0.0000219 seconds
35.370: [GC (Allocation Failure)  732585K->412230K(1035776K), 0.0052215 secs]
35.376: Total time for which application threads were stopped: 0.0053810 seconds, Stopping threads took: 0.0000191 seconds
35.444: [GC (Allocation Failure)  735814K->410057K(1035776K), 0.0044574 secs]
35.449: Total time for which application threads were stopped: 0.0046201 seconds, Stopping threads took: 0.0000197 seconds
35.515: [GC (Allocation Failure)  733641K->410025K(1036288K), 0.0044405 secs]
35.519: Total time for which application threads were stopped: 0.0046100 seconds, Stopping threads took: 0.0000194 seconds
35.587: [GC (Allocation Failure)  734121K->403686K(1025536K), 0.0019868 secs]
35.589: Total time for which application threads were stopped: 0.0021341 seconds, Stopping threads took: 0.0000261 seconds
35.656: [GC (Allocation Failure)  727782K->410273K(1035776K), 0.0045665 secs]
35.661: Total time for which application threads were stopped: 0.0047251 seconds, Stopping threads took: 0.0000192 seconds
35.728: [GC (Allocation Failure)  733345K->414193K(1035264K), 0.0050074 secs]
35.733: Total time for which application threads were stopped: 0.0051998 seconds, Stopping threads took: 0.0000193 seconds
35.801: [GC (Allocation Failure)  737265K->414161K(1036288K), 0.0044809 secs]
35.806: Total time for which application threads were stopped: 0.0046397 seconds, Stopping threads took: 0.0000168 seconds
35.871: [GC (Allocation Failure)  738769K->414377K(1024512K), 0.0046368 secs]
35.876: Total time for which application threads were stopped: 0.0048002 seconds, Stopping threads took: 0.0000206 seconds
35.945: [GC (Allocation Failure)  738985K->422187K(1035776K), 0.0045566 secs]
35.950: Total time for which application threads were stopped: 0.0047574 seconds, Stopping threads took: 0.0000194 seconds
36.020: [GC (Allocation Failure)  745771K->422219K(1035776K), 0.0043581 secs]
36.024: Total time for which application threads were stopped: 0.0045326 seconds, Stopping threads took: 0.0000172 seconds
36.092: [GC (Allocation Failure)  745803K->422347K(1034752K), 0.0044067 secs]
36.096: Total time for which application threads were stopped: 0.0045762 seconds, Stopping threads took: 0.0000278 seconds
36.163: [GC (Allocation Failure)  744907K->430189K(1035264K), 0.0044634 secs]
36.168: Total time for which application threads were stopped: 0.0046343 seconds, Stopping threads took: 0.0000252 seconds
36.235: [GC (Allocation Failure)  752749K->430189K(1035264K), 0.0044881 secs]
36.240: Total time for which application threads were stopped: 0.0046628 seconds, Stopping threads took: 0.0000263 seconds
36.306: [GC (Allocation Failure)  752749K->430573K(1022464K), 0.0044858 secs]
36.311: Total time for which application threads were stopped: 0.0046687 seconds, Stopping threads took: 0.0000175 seconds
36.382: [GC (Allocation Failure)  753133K->438288K(1034752K), 0.0045899 secs]
36.387: Total time for which application threads were stopped: 0.0047649 seconds, Stopping threads took: 0.0000195 seconds
36.455: [GC (Allocation Failure)  759824K->438288K(1034752K), 0.0042979 secs]
36.459: Total time for which application threads were stopped: 0.0044984 seconds, Stopping threads took: 0.0000223 seconds
36.526: [GC (Allocation Failure)  759824K->438312K(1034240K), 0.0043224 secs]
36.531: Total time for which application threads were stopped: 0.0044736 seconds, Stopping threads took: 0.0000177 seconds
36.599: [GC (Allocation Failure)  759848K->446282K(1034752K), 0.0045592 secs]
36.603: Total time for which application threads were stopped: 0.0047592 seconds, Stopping threads took: 0.0000281 seconds
36.671: [GC (Allocation Failure)  767818K->446314K(1034752K), 0.0045995 secs]
36.675: Total time for which application threads were stopped: 0.0047561 seconds, Stopping threads took: 0.0000191 seconds
36.740: [GC (Allocation Failure)  767850K->446538K(1021440K), 0.0044306 secs]
36.745: Total time for which application threads were stopped: 0.0045916 seconds, Stopping threads took: 0.0000194 seconds
36.810: [GC (Allocation Failure)  768074K->454316K(1034240K), 0.0045062 secs]
36.815: Total time for which application threads were stopped: 0.0046685 seconds, Stopping threads took: 0.0000193 seconds
36.882: [GC (Allocation Failure)  774828K->454348K(1034240K), 0.0045291 secs]
36.886: Total time for which application threads were stopped: 0.0046981 seconds, Stopping threads took: 0.0000201 seconds
36.953: [GC (Allocation Failure)  774860K->454372K(1034240K), 0.0047723 secs]
36.958: Total time for which application threads were stopped: 0.0049322 seconds, Stopping threads took: 0.0000199 seconds
37.025: [GC (Allocation Failure)  774884K->462342K(1034240K), 0.0045753 secs]
37.030: Total time for which application threads were stopped: 0.0047373 seconds, Stopping threads took: 0.0000205 seconds
37.098: [GC (Allocation Failure)  782854K->462310K(1034240K), 0.0066126 secs]
37.104: Total time for which application threads were stopped: 0.0067806 seconds, Stopping threads took: 0.0000262 seconds
37.171: [GC (Allocation Failure)  782822K->462494K(1020416K), 0.0108079 secs]
37.182: Total time for which application threads were stopped: 0.0109682 seconds, Stopping threads took: 0.0000195 seconds
37.251: [GC (Allocation Failure)  783006K->470401K(1033728K), 0.0046323 secs]
37.256: Total time for which application threads were stopped: 0.0047920 seconds, Stopping threads took: 0.0000198 seconds
37.322: [GC (Allocation Failure)  789889K->470337K(1033728K), 0.0046801 secs]
37.327: Total time for which application threads were stopped: 0.0048370 seconds, Stopping threads took: 0.0000194 seconds
37.394: [GC (Allocation Failure)  789825K->470729K(1033728K), 0.0044950 secs]
37.398: Total time for which application threads were stopped: 0.0046560 seconds, Stopping threads took: 0.0000200 seconds
37.465: [GC (Allocation Failure)  790217K->478443K(1033728K), 0.0044930 secs]
37.469: Total time for which application threads were stopped: 0.0046749 seconds, Stopping threads took: 0.0000196 seconds
37.537: [GC (Allocation Failure)  797931K->478443K(1033728K), 0.0045712 secs]
37.542: Total time for which application threads were stopped: 0.0047290 seconds, Stopping threads took: 0.0000195 seconds
37.608: [GC (Allocation Failure)  797931K->478443K(1033728K), 0.0045624 secs]
37.613: Total time for which application threads were stopped: 0.0047310 seconds, Stopping threads took: 0.0000279 seconds
37.680: [GC (Allocation Failure)  797931K->486477K(1032704K), 0.0045530 secs]
37.684: Total time for which application threads were stopped: 0.0047213 seconds, Stopping threads took: 0.0000194 seconds
37.752: [GC (Allocation Failure)  804941K->486445K(1033216K), 0.0043890 secs]
37.756: Total time for which application threads were stopped: 0.0045473 seconds, Stopping threads took: 0.0000192 seconds
37.820: [GC (Allocation Failure)  804909K->486693K(1033216K), 0.0047044 secs]
37.825: Total time for which application threads were stopped: 0.0048634 seconds, Stopping threads took: 0.0000187 seconds
37.892: [GC (Allocation Failure)  805157K->494471K(1033216K), 0.0045275 secs]
37.897: Total time for which application threads were stopped: 0.0046939 seconds, Stopping threads took: 0.0000191 seconds
37.962: [GC (Allocation Failure)  812935K->490565K(1034240K), 0.0033984 secs]
37.965: Total time for which application threads were stopped: 0.0035618 seconds, Stopping threads took: 0.0000205 seconds
38.033: [GC (Allocation Failure)  810053K->494631K(1033216K), 0.0049436 secs]
38.038: Total time for which application threads were stopped: 0.0051185 seconds, Stopping threads took: 0.0000299 seconds
38.106: [GC (Allocation Failure)  814119K->498599K(1034752K), 0.0044279 secs]
38.111: Total time for which application threads were stopped: 0.0045935 seconds, Stopping threads took: 0.0000266 seconds
38.178: [GC (Allocation Failure)  820135K->491813K(1034752K), 0.0018697 secs]
38.179: Total time for which application threads were stopped: 0.0020063 seconds, Stopping threads took: 0.0000200 seconds
38.249: [GC (Allocation Failure)  813349K->498695K(1034752K), 0.0045384 secs]
38.254: Total time for which application threads were stopped: 0.0047287 seconds, Stopping threads took: 0.0000200 seconds
38.321: [GC (Allocation Failure)  820231K->502743K(1034752K), 0.0055408 secs]
38.327: Total time for which application threads were stopped: 0.0057339 seconds, Stopping threads took: 0.0000203 seconds
38.393: [GC (Allocation Failure)  824279K->497205K(1034752K), 0.0026558 secs]
38.396: Total time for which application threads were stopped: 0.0028093 seconds, Stopping threads took: 0.0000203 seconds
38.465: [GC (Allocation Failure)  818741K->503007K(1034752K), 0.0047614 secs]
38.470: Total time for which application threads were stopped: 0.0049229 seconds, Stopping threads took: 0.0000194 seconds
38.537: [GC (Allocation Failure)  824543K->506879K(1035264K), 0.0050025 secs]
38.542: Total time for which application threads were stopped: 0.0051717 seconds, Stopping threads took: 0.0000212 seconds
38.609: [GC (Allocation Failure)  829368K->502973K(1035264K), 0.0034672 secs]
38.613: Total time for which application threads were stopped: 0.0036535 seconds, Stopping threads took: 0.0000263 seconds
38.683: [GC (Allocation Failure)  825533K->507007K(1036288K), 0.0047532 secs]
38.688: Total time for which application threads were stopped: 0.0049158 seconds, Stopping threads took: 0.0000197 seconds
38.755: [GC (Allocation Failure)  831103K->511007K(1035776K), 0.0045997 secs]
38.760: Total time for which application threads were stopped: 0.0047895 seconds, Stopping threads took: 0.0000199 seconds
38.830: [GC (Allocation Failure)  835103K->511007K(1035776K), 0.0046370 secs]
38.835: Total time for which application threads were stopped: 0.0048014 seconds, Stopping threads took: 0.0000188 seconds
38.902: [GC (Allocation Failure)  834591K->511079K(1023488K), 0.0045979 secs]
38.906: Total time for which application threads were stopped: 0.0047650 seconds, Stopping threads took: 0.0000193 seconds
38.973: [GC (Allocation Failure)  834663K->519082K(1035264K), 0.0048445 secs]
38.977: Total time for which application threads were stopped: 0.0050056 seconds, Stopping threads took: 0.0000195 seconds
39.045: [GC (Allocation Failure)  841642K->519082K(1030144K), 0.0045631 secs]
39.050: Total time for which application threads were stopped: 0.0048739 seconds, Stopping threads took: 0.0000279 seconds
39.118: [GC (Allocation Failure)  841642K->519114K(1034752K), 0.0045229 secs]
39.122: Total time for which application threads were stopped: 0.0046911 seconds, Stopping threads took: 0.0000283 seconds
39.189: [GC (Allocation Failure)  840650K->527084K(1029120K), 0.0048532 secs]
39.194: Total time for which application threads were stopped: 0.0050128 seconds, Stopping threads took: 0.0000197 seconds
39.262: [GC (Allocation Failure)  848620K->527116K(1034240K), 0.0044342 secs]
39.267: Total time for which application threads were stopped: 0.0046239 seconds, Stopping threads took: 0.0000200 seconds
39.335: [GC (Allocation Failure)  847628K->527276K(1034240K), 0.0055042 secs]
39.341: Total time for which application threads were stopped: 0.0056661 seconds, Stopping threads took: 0.0000235 seconds
39.409: [GC (Allocation Failure)  847788K->535118K(1034240K), 0.0045780 secs]
39.413: Total time for which application threads were stopped: 0.0047535 seconds, Stopping threads took: 0.0000199 seconds
39.483: [GC (Allocation Failure)  855630K->535118K(1034240K), 0.0046996 secs]
39.488: Total time for which application threads were stopped: 0.0048484 seconds, Stopping threads took: 0.0000171 seconds
39.555: [GC (Allocation Failure)  855630K->535558K(1033216K), 0.0048626 secs]
39.560: Total time for which application threads were stopped: 0.0050221 seconds, Stopping threads took: 0.0000195 seconds
39.628: [GC (Allocation Failure)  855046K->543144K(1033728K), 0.0047358 secs]
39.633: Total time for which application threads were stopped: 0.0049042 seconds, Stopping threads took: 0.0000275 seconds
39.701: [GC (Allocation Failure)  862632K->543144K(1033728K), 0.0045257 secs]
39.706: Total time for which application threads were stopped: 0.0046865 seconds, Stopping threads took: 0.0000199 seconds
39.770: [GC (Allocation Failure)  862632K->543272K(1033728K), 0.0047657 secs]
39.775: Total time for which application threads were stopped: 0.0049549 seconds, Stopping threads took: 0.0000195 seconds
39.844: [GC (Allocation Failure)  862760K->551179K(1033728K), 0.0046445 secs]
39.849: Total time for which application threads were stopped: 0.0048119 seconds, Stopping threads took: 0.0000170 seconds
39.917: [GC (Allocation Failure)  870667K->551179K(1033728K), 0.0047777 secs]
39.922: Total time for which application threads were stopped: 0.0049454 seconds, Stopping threads took: 0.0000252 seconds
39.990: [GC (Allocation Failure)  870667K->551235K(1033728K), 0.0047490 secs]
39.995: Total time for which application threads were stopped: 0.0049452 seconds, Stopping threads took: 0.0000194 seconds
40.063: [GC (Allocation Failure)  870723K->559205K(1027072K), 0.0048938 secs]
40.068: Total time for which application threads were stopped: 0.0050601 seconds, Stopping threads took: 0.0000199 seconds
40.132: [GC (Allocation Failure)  878692K->555299K(1034240K), 0.0039170 secs]
40.136: Total time for which application threads were stopped: 0.0040976 seconds, Stopping threads took: 0.0000200 seconds
40.205: [GC (Allocation Failure)  874787K->559373K(1033216K), 0.0048765 secs]
40.210: Total time for which application threads were stopped: 0.0050432 seconds, Stopping threads took: 0.0000254 seconds
40.278: [GC (Allocation Failure)  878861K->563341K(1034752K), 0.0047177 secs]
40.283: Total time for which application threads were stopped: 0.0049013 seconds, Stopping threads took: 0.0000267 seconds
40.352: [GC (Allocation Failure)  884877K->556555K(1034752K), 0.0035055 secs]
40.356: Total time for which application threads were stopped: 0.0036587 seconds, Stopping threads took: 0.0000257 seconds
40.424: [GC (Allocation Failure)  878091K->563413K(1034752K), 0.0046411 secs]
40.429: Total time for which application threads were stopped: 0.0048344 seconds, Stopping threads took: 0.0000200 seconds
40.496: [GC (Allocation Failure)  884949K->567485K(1034752K), 0.0055902 secs]
40.502: Total time for which application threads were stopped: 0.0057466 seconds, Stopping threads took: 0.0000172 seconds
40.567: [GC (Allocation Failure)  889021K->561915K(1034752K), 0.0035520 secs]
40.571: Total time for which application threads were stopped: 0.0037188 seconds, Stopping threads took: 0.0000273 seconds
40.638: [GC (Allocation Failure)  883451K->567797K(1034752K), 0.0047285 secs]
40.643: Total time for which application threads were stopped: 0.0049035 seconds, Stopping threads took: 0.0000269 seconds
40.709: [GC (Allocation Failure)  889333K->571677K(1035264K), 0.0050889 secs]
40.715: Total time for which application threads were stopped: 0.0052806 seconds, Stopping threads took: 0.0000201 seconds
40.783: [GC (Allocation Failure)  894165K->567739K(1035264K), 0.0034675 secs]
40.786: Total time for which application threads were stopped: 0.0036552 seconds, Stopping threads took: 0.0000190 seconds
40.856: [GC (Allocation Failure)  890299K->571797K(1036288K), 0.0046104 secs]
40.860: Total time for which application threads were stopped: 0.0047906 seconds, Stopping threads took: 0.0000169 seconds
40.929: [GC (Allocation Failure)  895893K->575733K(1035776K), 0.0047427 secs]
40.934: Total time for which application threads were stopped: 0.0049043 seconds, Stopping threads took: 0.0000203 seconds
41.002: [GC (Allocation Failure)  899829K->575765K(1035776K), 0.0045557 secs]
41.007: Total time for which application threads were stopped: 0.0047279 seconds, Stopping threads took: 0.0000277 seconds
41.074: [GC (Allocation Failure)  899349K->575829K(1023488K), 0.0047893 secs]
41.079: Total time for which application threads were stopped: 0.0049593 seconds, Stopping threads took: 0.0000266 seconds
41.145: [GC (Allocation Failure)  899413K->583799K(1035264K), 0.0048238 secs]
41.150: Total time for which application threads were stopped: 0.0049921 seconds, Stopping threads took: 0.0000274 seconds
41.218: [GC (Allocation Failure)  906359K->583799K(1030144K), 0.0046585 secs]
41.222: Total time for which application threads were stopped: 0.0048289 seconds, Stopping threads took: 0.0000196 seconds
41.289: [GC (Allocation Failure)  906359K->583863K(1034752K), 0.0047891 secs]
41.294: Total time for which application threads were stopped: 0.0049508 seconds, Stopping threads took: 0.0000202 seconds
41.362: [GC (Allocation Failure)  905399K->591833K(1034752K), 0.0057685 secs]
41.368: Total time for which application threads were stopped: 0.0059100 seconds, Stopping threads took: 0.0000178 seconds
41.438: [GC (Allocation Failure)  913369K->591833K(1033728K), 0.0046678 secs]
41.442: Total time for which application threads were stopped: 0.0048636 seconds, Stopping threads took: 0.0000223 seconds
41.510: [GC (Allocation Failure)  912345K->592081K(1034240K), 0.0048086 secs]
41.515: Total time for which application threads were stopped: 0.0049783 seconds, Stopping threads took: 0.0000201 seconds
41.583: [GC (Allocation Failure)  912593K->599892K(1034240K), 0.0046326 secs]
41.588: Total time for which application threads were stopped: 0.0047870 seconds, Stopping threads took: 0.0000199 seconds
41.655: [GC (Allocation Failure)  920404K->599828K(1034240K), 0.0048255 secs]
41.660: Total time for which application threads were stopped: 0.0050038 seconds, Stopping threads took: 0.0000202 seconds
41.728: [GC (Allocation Failure)  920340K->600300K(1034240K), 0.0049162 secs]
41.733: Total time for which application threads were stopped: 0.0050748 seconds, Stopping threads took: 0.0000170 seconds
41.800: [GC (Allocation Failure)  920812K->607918K(1028096K), 0.0048038 secs]
41.805: Total time for which application threads were stopped: 0.0049942 seconds, Stopping threads took: 0.0000201 seconds
41.871: [GC (Allocation Failure)  928430K->607886K(1033728K), 0.0047004 secs]
41.876: Total time for which application threads were stopped: 0.0048968 seconds, Stopping threads took: 0.0000201 seconds
41.941: [GC (Allocation Failure)  927374K->608006K(1033728K), 0.0047193 secs]
41.946: Total time for which application threads were stopped: 0.0048704 seconds, Stopping threads took: 0.0000178 seconds
42.014: [GC (Allocation Failure)  927494K->615912K(1033728K), 0.0046669 secs]
42.018: Total time for which application threads were stopped: 0.0048301 seconds, Stopping threads took: 0.0000193 seconds
42.088: [GC (Allocation Failure)  935400K->615912K(1033728K), 0.0049345 secs]
42.093: Total time for which application threads were stopped: 0.0051141 seconds, Stopping threads took: 0.0000276 seconds
42.160: [GC (Allocation Failure)  935400K->615976K(1033728K), 0.0049197 secs]
42.165: Total time for which application threads were stopped: 0.0050789 seconds, Stopping threads took: 0.0000204 seconds
42.231: [GC (Allocation Failure)  935464K->623915K(1027072K), 0.0050367 secs]
42.236: Total time for which application threads were stopped: 0.0052099 seconds, Stopping threads took: 0.0000199 seconds
42.302: [GC (Allocation Failure)  943402K->620040K(1034240K), 0.0040087 secs]
42.306: Total time for which application threads were stopped: 0.0041849 seconds, Stopping threads took: 0.0000210 seconds
42.377: [GC (Allocation Failure)  939528K->624107K(1033216K), 0.0047846 secs]
42.382: Total time for which application threads were stopped: 0.0049443 seconds, Stopping threads took: 0.0000253 seconds
42.451: [GC (Allocation Failure)  943595K->628043K(1034752K), 0.0047080 secs]
42.455: Total time for which application threads were stopped: 0.0048775 seconds, Stopping threads took: 0.0000203 seconds
42.522: [GC (Allocation Failure)  949579K->621320K(1034752K), 0.0022545 secs]
42.524: Total time for which application threads were stopped: 0.0024039 seconds, Stopping threads took: 0.0000198 seconds
42.594: [GC (Allocation Failure)  942856K->628139K(1034752K), 0.0046307 secs]
42.598: Total time for which application threads were stopped: 0.0048066 seconds, Stopping threads took: 0.0000214 seconds
42.665: [GC (Allocation Failure)  949675K->632211K(1034752K), 0.0058641 secs]
42.671: Total time for which application threads were stopped: 0.0060371 seconds, Stopping threads took: 0.0000286 seconds
42.737: [GC (Allocation Failure)  953747K->626640K(1034752K), 0.0037455 secs]
42.741: Total time for which application threads were stopped: 0.0039003 seconds, Stopping threads took: 0.0000205 seconds
42.809: [GC (Allocation Failure)  948176K->632483K(1034752K), 0.0049382 secs]
42.814: Total time for which application threads were stopped: 0.0051089 seconds, Stopping threads took: 0.0000204 seconds
42.882: [GC (Allocation Failure)  954019K->636387K(1034752K), 0.0052276 secs]
42.887: Total time for which application threads were stopped: 0.0054002 seconds, Stopping threads took: 0.0000199 seconds
42.954: [GC (Allocation Failure)  958875K->632480K(1035264K), 0.0037962 secs]
42.958: Total time for which application threads were stopped: 0.0039638 seconds, Stopping threads took: 0.0000282 seconds
43.026: [GC (Allocation Failure)  955040K->636523K(1036288K), 0.0048613 secs]
43.031: Total time for which application threads were stopped: 0.0050574 seconds, Stopping threads took: 0.0000271 seconds
43.099: [GC (Allocation Failure)  960619K->640491K(1035776K), 0.0049844 secs]
43.104: Total time for which application threads were stopped: 0.0051613 seconds, Stopping threads took: 0.0000254 seconds
43.173: [GC (Allocation Failure)  964587K->640491K(1035776K), 0.0048145 secs]
43.178: Total time for which application threads were stopped: 0.0049746 seconds, Stopping threads took: 0.0000196 seconds
43.245: [GC (Allocation Failure)  964075K->640547K(1023488K), 0.0057602 secs]
43.251: Total time for which application threads were stopped: 0.0059494 seconds, Stopping threads took: 0.0000202 seconds
43.318: [GC (Allocation Failure)  964131K->648517K(1035264K), 0.0049565 secs]
43.323: Total time for which application threads were stopped: 0.0051186 seconds, Stopping threads took: 0.0000251 seconds
43.392: [GC (Allocation Failure)  971077K->648517K(1030144K), 0.0048310 secs]
43.396: Total time for which application threads were stopped: 0.0050021 seconds, Stopping threads took: 0.0000202 seconds
43.463: [GC (Allocation Failure)  971077K->648589K(1034752K), 0.0047426 secs]
43.468: Total time for which application threads were stopped: 0.0049351 seconds, Stopping threads took: 0.0000203 seconds
43.537: [GC (Allocation Failure)  970125K->656559K(1034752K), 0.0050973 secs]
43.542: Total time for which application threads were stopped: 0.0052628 seconds, Stopping threads took: 0.0000205 seconds
43.610: [GC (Allocation Failure)  978095K->656559K(1033728K), 0.0047152 secs]
43.615: Total time for which application threads were stopped: 0.0048837 seconds, Stopping threads took: 0.0000270 seconds
43.682: [GC (Allocation Failure)  977071K->656807K(1034240K), 0.0049166 secs]
43.687: Total time for which application threads were stopped: 0.0051121 seconds, Stopping threads took: 0.0000202 seconds
43.756: [GC (Allocation Failure)  977319K->664585K(1034240K), 0.0049835 secs]
43.762: Total time for which application threads were stopped: 0.0051479 seconds, Stopping threads took: 0.0000193 seconds
43.830: [GC (Allocation Failure)  985097K->664617K(1034240K), 0.0049995 secs]
43.835: Total time for which application threads were stopped: 0.0051927 seconds, Stopping threads took: 0.0000207 seconds
43.903: [GC (Allocation Failure)  985129K->665033K(1033216K), 0.0049423 secs]
43.908: Total time for which application threads were stopped: 0.0051116 seconds, Stopping threads took: 0.0000203 seconds
43.975: [GC (Allocation Failure)  984521K->672620K(1033728K), 0.0050003 secs]
43.980: Total time for which application threads were stopped: 0.0051685 seconds, Stopping threads took: 0.0000189 seconds
44.049: [GC (Allocation Failure)  992108K->672620K(1033728K), 0.0050386 secs]
44.054: Total time for which application threads were stopped: 0.0052094 seconds, Stopping threads took: 0.0000198 seconds
44.119: [GC (Allocation Failure)  992108K->672716K(1033728K), 0.0058708 secs]
44.125: Total time for which application threads were stopped: 0.0060482 seconds, Stopping threads took: 0.0000202 seconds
44.193: [GC (Allocation Failure)  992204K->680686K(1033728K), 0.0049737 secs]
44.198: Total time for which application threads were stopped: 0.0051445 seconds, Stopping threads took: 0.0000201 seconds
44.265: [GC (Allocation Failure)  1000174K->680622K(1033728K), 0.0050618 secs]
44.270: Total time for which application threads were stopped: 0.0052313 seconds, Stopping threads took: 0.0000198 seconds
44.338: [GC (Allocation Failure)  1000110K->680678K(1033728K), 0.0049426 secs]
44.343: Total time for which application threads were stopped: 0.0051094 seconds, Stopping threads took: 0.0000248 seconds
44.412: [GC (Allocation Failure)  1000166K->688680K(1027072K), 0.0051144 secs]
44.418: Total time for which application threads were stopped: 0.0052814 seconds, Stopping threads took: 0.0000198 seconds
44.483: [GC (Allocation Failure)  1008168K->684806K(1034240K), 0.0041821 secs]
44.487: Total time for which application threads were stopped: 0.0043386 seconds, Stopping threads took: 0.0000200 seconds
44.554: [GC (Allocation Failure)  1004294K->688840K(1033216K), 0.0051150 secs]
44.560: Total time for which application threads were stopped: 0.0052766 seconds, Stopping threads took: 0.0000198 seconds
44.628: [GC (Allocation Failure)  1008328K->692776K(1034752K), 0.0050165 secs]
44.633: Total time for which application threads were stopped: 0.0051922 seconds, Stopping threads took: 0.0000194 seconds
44.701: [GC (Allocation Failure)  1014312K->686054K(1034752K), 0.0025350 secs]
44.704: Total time for which application threads were stopped: 0.0027120 seconds, Stopping threads took: 0.0000216 seconds
44.773: [GC (Allocation Failure)  1007590K->692872K(1034752K), 0.0047844 secs]
44.778: Total time for which application threads were stopped: 0.0049591 seconds, Stopping threads took: 0.0000211 seconds
44.843: [GC (Allocation Failure)  1014408K->696976K(1034752K), 0.0057034 secs]
44.849: [Full GC (Ergonomics)  696976K->9031K(1034752K), 0.0123413 secs]
44.862: Total time for which application threads were stopped: 0.0182808 seconds, Stopping threads took: 0.0000195 seconds
44.927: [GC (Allocation Failure)  330567K->11527K(1034752K), 0.0014771 secs]
44.929: Total time for which application threads were stopped: 0.0016252 seconds, Stopping threads took: 0.0000201 seconds
44.995: [GC (Allocation Failure)  333063K->17378K(1034752K), 0.0037339 secs]
44.999: Total time for which application threads were stopped: 0.0039202 seconds, Stopping threads took: 0.0000211 seconds
45.068: [GC (Allocation Failure)  338914K->21250K(1034752K), 0.0039467 secs]
45.072: Total time for which application threads were stopped: 0.0041176 seconds, Stopping threads took: 0.0000284 seconds
45.140: [GC (Allocation Failure)  343738K->17375K(1035264K), 0.0022633 secs]
45.142: Total time for which application threads were stopped: 0.0024346 seconds, Stopping threads took: 0.0000274 seconds
45.211: [GC (Allocation Failure)  339935K->21418K(1036288K), 0.0036442 secs]
45.214: Total time for which application threads were stopped: 0.0038198 seconds, Stopping threads took: 0.0000198 seconds
45.283: [GC (Allocation Failure)  345514K->25386K(1035776K), 0.0035167 secs]
45.287: Total time for which application threads were stopped: 0.0036989 seconds, Stopping threads took: 0.0000172 seconds
45.358: [GC (Allocation Failure)  349482K->25418K(1035776K), 0.0035450 secs]
45.361: Total time for which application threads were stopped: 0.0037041 seconds, Stopping threads took: 0.0000195 seconds
45.429: [GC (Allocation Failure)  349002K->25450K(1023488K), 0.0037478 secs]
45.433: Total time for which application threads were stopped: 0.0039104 seconds, Stopping threads took: 0.0000200 seconds
45.499: [GC (Allocation Failure)  349034K->33452K(1035264K), 0.0036745 secs]
45.502: Total time for which application threads were stopped: 0.0038461 seconds, Stopping threads took: 0.0000207 seconds
45.570: [GC (Allocation Failure)  356012K->33452K(1030144K), 0.0038315 secs]
45.574: Total time for which application threads were stopped: 0.0039843 seconds, Stopping threads took: 0.0000192 seconds
45.643: [GC (Allocation Failure)  356012K->33484K(1034752K), 0.0038534 secs]
45.647: Total time for which application threads were stopped: 0.0040231 seconds, Stopping threads took: 0.0000195 seconds
45.714: [GC (Allocation Failure)  355020K->41486K(1029120K), 0.0039420 secs]
45.718: Total time for which application threads were stopped: 0.0041065 seconds, Stopping threads took: 0.0000203 seconds
45.786: [GC (Allocation Failure)  363022K->41454K(1034240K), 0.0034966 secs]
45.790: Total time for which application threads were stopped: 0.0036629 seconds, Stopping threads took: 0.0000206 seconds
45.857: [GC (Allocation Failure)  361966K->41702K(1034240K), 0.0037902 secs]
45.861: Total time for which application threads were stopped: 0.0039952 seconds, Stopping threads took: 0.0000210 seconds
45.930: [GC (Allocation Failure)  362214K->49512K(1034240K), 0.0065496 secs]
45.937: Total time for which application threads were stopped: 0.0067140 seconds, Stopping threads took: 0.0000213 seconds
46.005: [GC (Allocation Failure)  370024K->49512K(1034240K), 0.0038258 secs]
46.009: Total time for which application threads were stopped: 0.0039866 seconds, Stopping threads took: 0.0000199 seconds
46.076: [GC (Allocation Failure)  370024K->49928K(1033216K), 0.0036318 secs]
46.079: Total time for which application threads were stopped: 0.0038114 seconds, Stopping threads took: 0.0000264 seconds
46.146: [GC (Allocation Failure)  369416K->57515K(1033728K), 0.0038317 secs]
46.150: Total time for which application threads were stopped: 0.0040099 seconds, Stopping threads took: 0.0000253 seconds
46.218: [GC (Allocation Failure)  377003K->57515K(1033728K), 0.0037166 secs]
46.221: Total time for which application threads were stopped: 0.0038791 seconds, Stopping threads took: 0.0000203 seconds
46.286: [GC (Allocation Failure)  377003K->57667K(1033728K), 0.0038333 secs]
46.290: Total time for which application threads were stopped: 0.0039927 seconds, Stopping threads took: 0.0000184 seconds
46.358: [GC (Allocation Failure)  377155K->65541K(1033728K), 0.0036994 secs]
46.362: Total time for which application threads were stopped: 0.0038667 seconds, Stopping threads took: 0.0000193 seconds
46.431: [GC (Allocation Failure)  385029K->65573K(1033728K), 0.0038121 secs]
46.435: Total time for which application threads were stopped: 0.0039791 seconds, Stopping threads took: 0.0000198 seconds
46.501: [GC (Allocation Failure)  385061K->65613K(1033728K), 0.0037515 secs]
46.505: Total time for which application threads were stopped: 0.0039242 seconds, Stopping threads took: 0.0000195 seconds
46.572: [GC (Allocation Failure)  385101K->73551K(1027072K), 0.0040428 secs]
46.576: Total time for which application threads were stopped: 0.0042175 seconds, Stopping threads took: 0.0000194 seconds
46.640: [GC (Allocation Failure)  393039K->69677K(1034240K), 0.0026391 secs]
46.643: Total time for which application threads were stopped: 0.0027897 seconds, Stopping threads took: 0.0000194 seconds
46.712: [GC (Allocation Failure)  389165K->73743K(1033216K), 0.0040909 secs]
46.716: Total time for which application threads were stopped: 0.0042580 seconds, Stopping threads took: 0.0000197 seconds
46.784: [GC (Allocation Failure)  393231K->77711K(1034752K), 0.0038194 secs]
46.788: Total time for which application threads were stopped: 0.0039780 seconds, Stopping threads took: 0.0000194 seconds
46.855: [GC (Allocation Failure)  399247K->70893K(1034752K), 0.0010575 secs]
46.856: Total time for which application threads were stopped: 0.0011918 seconds, Stopping threads took: 0.0000203 seconds
46.923: [GC (Allocation Failure)  392429K->77783K(1034752K), 0.0038964 secs]
46.927: Total time for which application threads were stopped: 0.0040582 seconds, Stopping threads took: 0.0000200 seconds
46.994: [GC (Allocation Failure)  399319K->81855K(1034752K), 0.0046523 secs]
46.999: Total time for which application threads were stopped: 0.0048217 seconds, Stopping threads took: 0.0000209 seconds
47.064: [GC (Allocation Failure)  403391K->76317K(1034752K), 0.0015611 secs]
47.066: Total time for which application threads were stopped: 0.0017160 seconds, Stopping threads took: 0.0000198 seconds
47.134: [GC (Allocation Failure)  397853K->82119K(1034752K), 0.0038810 secs]
47.138: Total time for which application threads were stopped: 0.0040845 seconds, Stopping threads took: 0.0000200 seconds
47.205: [GC (Allocation Failure)  403655K->86023K(1034752K), 0.0042076 secs]
47.209: Total time for which application threads were stopped: 0.0043877 seconds, Stopping threads took: 0.0000284 seconds
47.276: [GC (Allocation Failure)  408512K->82053K(1035264K), 0.0023522 secs]
47.278: Total time for which application threads were stopped: 0.0025340 seconds, Stopping threads took: 0.0000261 seconds
47.349: [GC (Allocation Failure)  404613K->86111K(1036288K), 0.0045889 secs]
47.353: Total time for which application threads were stopped: 0.0047532 seconds, Stopping threads took: 0.0000252 seconds
47.423: [GC (Allocation Failure)  410207K->90143K(1035776K), 0.0046021 secs]
47.428: Total time for which application threads were stopped: 0.0047825 seconds, Stopping threads took: 0.0000171 seconds
47.497: [GC (Allocation Failure)  414239K->90111K(1035776K), 0.0035141 secs]
47.501: Total time for which application threads were stopped: 0.0036638 seconds, Stopping threads took: 0.0000171 seconds
47.568: [GC (Allocation Failure)  413695K->90183K(1023488K), 0.0039452 secs]
47.572: Total time for which application threads were stopped: 0.0041078 seconds, Stopping threads took: 0.0000191 seconds
47.638: [GC (Allocation Failure)  413767K->98186K(1035264K), 0.0039126 secs]
47.642: Total time for which application threads were stopped: 0.0040719 seconds, Stopping threads took: 0.0000193 seconds
47.710: [GC (Allocation Failure)  420746K->98186K(1030144K), 0.0037104 secs]
47.714: Total time for which application threads were stopped: 0.0039078 seconds, Stopping threads took: 0.0000198 seconds
47.781: [GC (Allocation Failure)  420746K->98218K(1034752K), 0.0037749 secs]
47.785: Total time for which application threads were stopped: 0.0039435 seconds, Stopping threads took: 0.0000200 seconds
47.852: [GC (Allocation Failure)  419754K->106220K(1029120K), 0.0041267 secs]
47.856: Total time for which application threads were stopped: 0.0042945 seconds, Stopping threads took: 0.0000197 seconds
47.923: [GC (Allocation Failure)  427756K->106156K(1034240K), 0.0036993 secs]
47.927: Total time for which application threads were stopped: 0.0038576 seconds, Stopping threads took: 0.0000200 seconds
47.994: [GC (Allocation Failure)  426668K->106436K(1034240K), 0.0039179 secs]
47.998: Total time for which application threads were stopped: 0.0040808 seconds, Stopping threads took: 0.0000200 seconds
48.065: [GC (Allocation Failure)  426948K->114214K(1034240K), 0.0038293 secs]
48.069: Total time for which application threads were stopped: 0.0040013 seconds, Stopping threads took: 0.0000202 seconds
48.137: [GC (Allocation Failure)  434726K->114214K(1034240K), 0.0039632 secs]
48.141: Total time for which application threads were stopped: 0.0041425 seconds, Stopping threads took: 0.0000282 seconds
48.208: [GC (Allocation Failure)  434726K->114662K(1033216K), 0.0039760 secs]
48.212: Total time for which application threads were stopped: 0.0041363 seconds, Stopping threads took: 0.0000192 seconds
48.279: [GC (Allocation Failure)  434150K->122248K(1033728K), 0.0038724 secs]
48.283: Total time for which application threads were stopped: 0.0040314 seconds, Stopping threads took: 0.0000192 seconds
48.353: [GC (Allocation Failure)  441736K->122248K(1033728K), 0.0049714 secs]
48.358: Total time for which application threads were stopped: 0.0051431 seconds, Stopping threads took: 0.0000281 seconds
48.422: [GC (Allocation Failure)  441736K->122376K(1033728K), 0.0038861 secs]
48.426: Total time for which application threads were stopped: 0.0040425 seconds, Stopping threads took: 0.0000196 seconds
48.494: [GC (Allocation Failure)  441864K->130315K(1033728K), 0.0037285 secs]
48.497: Total time for which application threads were stopped: 0.0038995 seconds, Stopping threads took: 0.0000200 seconds
48.567: [GC (Allocation Failure)  449803K->130315K(1033728K), 0.0037697 secs]
48.570: Total time for which application threads were stopped: 0.0039449 seconds, Stopping threads took: 0.0000214 seconds
48.638: [GC (Allocation Failure)  449803K->130339K(1033728K), 0.0041506 secs]
48.642: Total time for which application threads were stopped: 0.0043212 seconds, Stopping threads took: 0.0000197 seconds
48.709: [GC (Allocation Failure)  449827K->138341K(1027072K), 0.0041141 secs]
48.713: Total time for which application threads were stopped: 0.0042793 seconds, Stopping threads took: 0.0000212 seconds
48.781: [GC (Allocation Failure)  457828K->134403K(1034240K), 0.0027206 secs]
48.784: Total time for which application threads were stopped: 0.0028874 seconds, Stopping threads took: 0.0000199 seconds
48.853: [GC (Allocation Failure)  453891K->138445K(1033216K), 0.0040257 secs]
48.857: Total time for which application threads were stopped: 0.0042114 seconds, Stopping threads took: 0.0000200 seconds
48.924: [GC (Allocation Failure)  457933K->142477K(1034752K), 0.0041323 secs]
48.928: Total time for which application threads were stopped: 0.0043245 seconds, Stopping threads took: 0.0000224 seconds
48.997: [GC (Allocation Failure)  464013K->135659K(1034752K), 0.0012849 secs]
48.998: Total time for which application threads were stopped: 0.0014250 seconds, Stopping threads took: 0.0000231 seconds
49.067: [GC (Allocation Failure)  457195K->142541K(1034752K), 0.0038118 secs]
49.071: Total time for which application threads were stopped: 0.0040018 seconds, Stopping threads took: 0.0000224 seconds
49.138: [GC (Allocation Failure)  464077K->146589K(1034752K), 0.0048230 secs]
49.143: Total time for which application threads were stopped: 0.0050010 seconds, Stopping threads took: 0.0000268 seconds
49.209: [GC (Allocation Failure)  468125K->141051K(1034752K), 0.0019376 secs]
49.211: Total time for which application threads were stopped: 0.0021126 seconds, Stopping threads took: 0.0000206 seconds
49.278: [GC (Allocation Failure)  462587K->146853K(1034752K), 0.0039105 secs]
49.282: Total time for which application threads were stopped: 0.0040931 seconds, Stopping threads took: 0.0000295 seconds
49.350: [GC (Allocation Failure)  468389K->150717K(1035264K), 0.0054055 secs]
49.356: Total time for which application threads were stopped: 0.0055932 seconds, Stopping threads took: 0.0000256 seconds
49.424: [GC (Allocation Failure)  473205K->146843K(1035264K), 0.0026723 secs]
49.426: Total time for which application threads were stopped: 0.0028216 seconds, Stopping threads took: 0.0000182 seconds
49.494: [GC (Allocation Failure)  469403K->150885K(1036288K), 0.0040942 secs]
49.498: Total time for which application threads were stopped: 0.0042547 seconds, Stopping threads took: 0.0000197 seconds
49.566: [GC (Allocation Failure)  474981K->154853K(1035776K), 0.0039578 secs]
49.570: Total time for which application threads were stopped: 0.0041289 seconds, Stopping threads took: 0.0000206 seconds
49.639: [GC (Allocation Failure)  478949K->154885K(1035776K), 0.0037094 secs]
49.643: Total time for which application threads were stopped: 0.0038770 seconds, Stopping threads took: 0.0000263 seconds
49.710: [GC (Allocation Failure)  478469K->154925K(1023488K), 0.0039043 secs]
49.714: Total time for which application threads were stopped: 0.0040798 seconds, Stopping threads took: 0.0000202 seconds
49.783: [GC (Allocation Failure)  478509K->162959K(1035264K), 0.0042322 secs]
49.788: Total time for which application threads were stopped: 0.0043947 seconds, Stopping threads took: 0.0000202 seconds
49.855: [GC (Allocation Failure)  485519K->162927K(1030144K), 0.0038748 secs]
49.859: Total time for which application threads were stopped: 0.0040698 seconds, Stopping threads took: 0.0000215 seconds
49.928: [GC (Allocation Failure)  485487K->162951K(1034752K), 0.0039873 secs]
49.932: Total time for which application threads were stopped: 0.0041551 seconds, Stopping threads took: 0.0000193 seconds
49.999: [GC (Allocation Failure)  484487K->170921K(1029120K), 0.0040191 secs]
50.003: Total time for which application threads were stopped: 0.0042145 seconds, Stopping threads took: 0.0000212 seconds
50.073: [GC (Allocation Failure)  492457K->170921K(1034240K), 0.0038905 secs]
50.077: Total time for which application threads were stopped: 0.0040399 seconds, Stopping threads took: 0.0000172 seconds
50.144: [GC (Allocation Failure)  491433K->171177K(1034240K), 0.0040295 secs]
50.148: Total time for which application threads were stopped: 0.0042066 seconds, Stopping threads took: 0.0000257 seconds
50.215: [GC (Allocation Failure)  491689K->178988K(1034240K), 0.0039217 secs]
50.219: Total time for which application threads were stopped: 0.0041024 seconds, Stopping threads took: 0.0000204 seconds
50.289: [GC (Allocation Failure)  499500K->178988K(1034240K), 0.0040163 secs]
50.293: Total time for which application threads were stopped: 0.0041843 seconds, Stopping threads took: 0.0000173 seconds
50.362: [GC (Allocation Failure)  499500K->179396K(1033216K), 0.0041295 secs]
50.366: Total time for which application threads were stopped: 0.0042847 seconds, Stopping threads took: 0.0000170 seconds
50.433: [GC (Allocation Failure)  498884K->186982K(1033728K), 0.0039481 secs]
50.437: Total time for which application threads were stopped: 0.0041265 seconds, Stopping threads took: 0.0000347 seconds
50.505: [GC (Allocation Failure)  506470K->186950K(1033728K), 0.0046317 secs]
50.510: Total time for which application threads were stopped: 0.0048029 seconds, Stopping threads took: 0.0000200 seconds
50.574: [GC (Allocation Failure)  506438K->187110K(1033728K), 0.0040270 secs]
50.578: Total time for which application threads were stopped: 0.0041988 seconds, Stopping threads took: 0.0000218 seconds
50.645: [GC (Allocation Failure)  506598K->195016K(1033728K), 0.0041073 secs]
50.650: Total time for which application threads were stopped: 0.0042765 seconds, Stopping threads took: 0.0000277 seconds
50.716: [GC (Allocation Failure)  514504K->195048K(1033728K), 0.0040624 secs]
50.720: Total time for which application threads were stopped: 0.0042337 seconds, Stopping threads took: 0.0000206 seconds
50.789: [GC (Allocation Failure)  514536K->195080K(1033728K), 0.0040846 secs]
50.793: Total time for which application threads were stopped: 0.0042572 seconds, Stopping threads took: 0.0000200 seconds
50.862: [GC (Allocation Failure)  514568K->203050K(1027072K), 0.0042171 secs]
50.866: Total time for which application threads were stopped: 0.0043818 seconds, Stopping threads took: 0.0000207 seconds
50.931: [GC (Allocation Failure)  522538K->199144K(1034240K), 0.0031196 secs]
50.934: Total time for which application threads were stopped: 0.0032864 seconds, Stopping threads took: 0.0000206 seconds
51.001: [GC (Allocation Failure)  518632K->203210K(1033216K), 0.0040987 secs]
51.005: Total time for which application threads were stopped: 0.0042625 seconds, Stopping threads took: 0.0000199 seconds
51.072: [GC (Allocation Failure)  522698K->207146K(1034752K), 0.0041358 secs]
51.076: Total time for which application threads were stopped: 0.0043094 seconds, Stopping threads took: 0.0000225 seconds
51.143: [GC (Allocation Failure)  528682K->200392K(1034752K), 0.0014245 secs]
51.144: Total time for which application threads were stopped: 0.0015647 seconds, Stopping threads took: 0.0000198 seconds
51.211: [GC (Allocation Failure)  521928K->207242K(1034752K), 0.0040057 secs]
51.215: Total time for which application threads were stopped: 0.0041659 seconds, Stopping threads took: 0.0000203 seconds
51.281: [GC (Allocation Failure)  528778K->211322K(1034752K), 0.0048946 secs]
51.286: Total time for which application threads were stopped: 0.0050631 seconds, Stopping threads took: 0.0000204 seconds
51.352: [GC (Allocation Failure)  532858K->205752K(1034752K), 0.0063632 secs]
51.358: Total time for which application threads were stopped: 0.0065006 seconds, Stopping threads took: 0.0000164 seconds
51.425: [GC (Allocation Failure)  527288K->211626K(1034752K), 0.0039849 secs]
51.429: Total time for which application threads were stopped: 0.0041559 seconds, Stopping threads took: 0.0000203 seconds
51.496: [GC (Allocation Failure)  533162K->215458K(1035264K), 0.0044747 secs]
51.501: Total time for which application threads were stopped: 0.0046474 seconds, Stopping threads took: 0.0000206 seconds
51.569: [GC (Allocation Failure)  537947K->211552K(1035264K), 0.0028474 secs]
51.572: Total time for which application threads were stopped: 0.0030098 seconds, Stopping threads took: 0.0000196 seconds
51.640: [GC (Allocation Failure)  534112K->215594K(1036288K), 0.0040961 secs]
51.645: Total time for which application threads were stopped: 0.0042658 seconds, Stopping threads took: 0.0000255 seconds
51.712: [GC (Allocation Failure)  539690K->219594K(1035776K), 0.0039252 secs]
51.716: Total time for which application threads were stopped: 0.0040787 seconds, Stopping threads took: 0.0000253 seconds
51.784: [GC (Allocation Failure)  543690K->219594K(1035776K), 0.0041171 secs]
51.788: Total time for which application threads were stopped: 0.0042784 seconds, Stopping threads took: 0.0000199 seconds
51.856: [GC (Allocation Failure)  543178K->219658K(1023488K), 0.0040870 secs]
51.860: Total time for which application threads were stopped: 0.0042489 seconds, Stopping threads took: 0.0000195 seconds
51.926: [GC (Allocation Failure)  543242K->227629K(1035264K), 0.0040755 secs]
51.930: Total time for which application threads were stopped: 0.0042705 seconds, Stopping threads took: 0.0000197 seconds
51.999: [GC (Allocation Failure)  550189K->227629K(1030144K), 0.0038536 secs]
52.003: Total time for which application threads were stopped: 0.0040100 seconds, Stopping threads took: 0.0000175 seconds
52.070: [GC (Allocation Failure)  550189K->227685K(1034752K), 0.0040295 secs]
52.074: Total time for which application threads were stopped: 0.0041951 seconds, Stopping threads took: 0.0000197 seconds
52.141: [GC (Allocation Failure)  549221K->235623K(1034752K), 0.0041576 secs]
52.146: Total time for which application threads were stopped: 0.0043178 seconds, Stopping threads took: 0.0000199 seconds
52.213: [GC (Allocation Failure)  557159K->235655K(1033728K), 0.0045627 secs]
52.218: Total time for which application threads were stopped: 0.0047326 seconds, Stopping threads took: 0.0000201 seconds
52.285: [GC (Allocation Failure)  556167K->235911K(1034240K), 0.0041223 secs]
52.289: Total time for which application threads were stopped: 0.0042886 seconds, Stopping threads took: 0.0000194 seconds
52.357: [GC (Allocation Failure)  556423K->243721K(1034240K), 0.0039729 secs]
52.361: Total time for which application threads were stopped: 0.0041212 seconds, Stopping threads took: 0.0000146 seconds
52.429: [GC (Allocation Failure)  564233K->243657K(1034240K), 0.0043469 secs]
52.433: Total time for which application threads were stopped: 0.0044958 seconds, Stopping threads took: 0.0000171 seconds
52.502: [GC (Allocation Failure)  564169K->244137K(1034240K), 0.0040288 secs]
52.506: Total time for which application threads were stopped: 0.0042077 seconds, Stopping threads took: 0.0000197 seconds
52.573: [GC (Allocation Failure)  564649K->251756K(1028096K), 0.0040370 secs]
52.578: Total time for which application threads were stopped: 0.0042032 seconds, Stopping threads took: 0.0000211 seconds
52.644: [GC (Allocation Failure)  572268K->251724K(1033728K), 0.0041538 secs]
52.648: Total time for which application threads were stopped: 0.0043257 seconds, Stopping threads took: 0.0000275 seconds
52.713: [GC (Allocation Failure)  571212K->251844K(1033728K), 0.0040811 secs]
52.717: Total time for which application threads were stopped: 0.0042534 seconds, Stopping threads took: 0.0000206 seconds
52.787: [GC (Allocation Failure)  571332K->259782K(1033728K), 0.0040167 secs]
52.791: Total time for which application threads were stopped: 0.0041801 seconds, Stopping threads took: 0.0000202 seconds
52.859: [GC (Allocation Failure)  579270K->259750K(1033728K), 0.0041245 secs]
52.863: Total time for which application threads were stopped: 0.0042841 seconds, Stopping threads took: 0.0000198 seconds
52.929: [GC (Allocation Failure)  579238K->259822K(1033728K), 0.0044038 secs]
52.933: Total time for which application threads were stopped: 0.0046002 seconds, Stopping threads took: 0.0000204 seconds
53.001: [GC (Allocation Failure)  579310K->267792K(1027072K), 0.0042489 secs]
53.005: Total time for which application threads were stopped: 0.0044126 seconds, Stopping threads took: 0.0000174 seconds
53.071: [GC (Allocation Failure)  587280K->263886K(1034240K), 0.0031731 secs]
53.074: Total time for which application threads were stopped: 0.0033398 seconds, Stopping threads took: 0.0000197 seconds
53.143: [GC (Allocation Failure)  583374K->267952K(1033216K), 0.0042170 secs]
53.147: Total time for which application threads were stopped: 0.0043804 seconds, Stopping threads took: 0.0000190 seconds
53.215: [GC (Allocation Failure)  587440K->271952K(1034752K), 0.0039992 secs]
53.219: Total time for which application threads were stopped: 0.0041714 seconds, Stopping threads took: 0.0000255 seconds
53.286: [GC (Allocation Failure)  593488K->265134K(1034752K), 0.0014663 secs]
53.287: Total time for which application threads were stopped: 0.0016164 seconds, Stopping threads took: 0.0000203 seconds
53.356: [GC (Allocation Failure)  586670K->272024K(1034752K), 0.0040730 secs]
53.361: Total time for which application threads were stopped: 0.0042396 seconds, Stopping threads took: 0.0000165 seconds
53.426: [GC (Allocation Failure)  593560K->276104K(1034752K), 0.0051525 secs]
53.431: Total time for which application threads were stopped: 0.0053139 seconds, Stopping threads took: 0.0000201 seconds
53.498: [GC (Allocation Failure)  597640K->270502K(1034752K), 0.0021444 secs]
53.501: Total time for which application threads were stopped: 0.0023109 seconds, Stopping threads took: 0.0000188 seconds
53.570: [GC (Allocation Failure)  592038K->276336K(1034752K), 0.0043411 secs]
53.575: Total time for which application threads were stopped: 0.0045318 seconds, Stopping threads took: 0.0000229 seconds
53.642: [GC (Allocation Failure)  597872K->280208K(1035264K), 0.0043894 secs]
53.647: Total time for which application threads were stopped: 0.0045626 seconds, Stopping threads took: 0.0000282 seconds
53.714: [GC (Allocation Failure)  602696K->276302K(1035264K), 0.0028098 secs]
53.717: Total time for which application threads were stopped: 0.0029714 seconds, Stopping threads took: 0.0000192 seconds
53.785: [GC (Allocation Failure)  598862K->280368K(1036288K), 0.0042727 secs]
53.790: Total time for which application threads were stopped: 0.0044673 seconds, Stopping threads took: 0.0000223 seconds
53.857: [GC (Allocation Failure)  604464K->284368K(1035776K), 0.0042415 secs]
53.862: Total time for which application threads were stopped: 0.0044146 seconds, Stopping threads took: 0.0000231 seconds
53.931: [GC (Allocation Failure)  608464K->284336K(1035776K), 0.0041474 secs]
53.935: Total time for which application threads were stopped: 0.0043261 seconds, Stopping threads took: 0.0000196 seconds
54.003: [GC (Allocation Failure)  607920K->284392K(1023488K), 0.0041293 secs]
54.007: Total time for which application threads were stopped: 0.0043109 seconds, Stopping threads took: 0.0000205 seconds
54.073: [GC (Allocation Failure)  607976K->292394K(1035264K), 0.0064453 secs]
54.080: Total time for which application threads were stopped: 0.0066086 seconds, Stopping threads took: 0.0000199 seconds
54.149: [GC (Allocation Failure)  614954K->292362K(1030144K), 0.0040924 secs]
54.153: Total time for which application threads were stopped: 0.0042697 seconds, Stopping threads took: 0.0000228 seconds
54.220: [GC (Allocation Failure)  614922K->292426K(1034752K), 0.0044035 secs]
54.224: Total time for which application threads were stopped: 0.0045829 seconds, Stopping threads took: 0.0000204 seconds
54.294: [GC (Allocation Failure)  613962K->300429K(1029120K), 0.0042882 secs]
54.298: Total time for which application threads were stopped: 0.0044629 seconds, Stopping threads took: 0.0000203 seconds
54.368: [GC (Allocation Failure)  621965K->300397K(1034240K), 0.0039530 secs]
54.372: Total time for which application threads were stopped: 0.0041202 seconds, Stopping threads took: 0.0000195 seconds
54.440: [GC (Allocation Failure)  620909K->300653K(1034240K), 0.0041158 secs]
54.444: Total time for which application threads were stopped: 0.0043146 seconds, Stopping threads took: 0.0000201 seconds
54.512: [GC (Allocation Failure)  621165K->308431K(1034240K), 0.0043918 secs]
54.516: Total time for which application threads were stopped: 0.0045543 seconds, Stopping threads took: 0.0000198 seconds
54.585: [GC (Allocation Failure)  628943K->308431K(1034240K), 0.0040907 secs]
54.590: Total time for which application threads were stopped: 0.0042737 seconds, Stopping threads took: 0.0000197 seconds
54.658: [GC (Allocation Failure)  628943K->308871K(1033216K), 0.0041820 secs]
54.662: Total time for which application threads were stopped: 0.0043320 seconds, Stopping threads took: 0.0000171 seconds
54.729: [GC (Allocation Failure)  628359K->316489K(1033728K), 0.0042059 secs]
54.733: Total time for which application threads were stopped: 0.0043671 seconds, Stopping threads took: 0.0000186 seconds
54.801: [GC (Allocation Failure)  635977K->316457K(1033728K), 0.0041993 secs]
54.805: Total time for which application threads were stopped: 0.0043589 seconds, Stopping threads took: 0.0000200 seconds
54.869: [GC (Allocation Failure)  635945K->316585K(1033728K), 0.0042594 secs]
54.874: Total time for which application threads were stopped: 0.0044531 seconds, Stopping threads took: 0.0000194 seconds
54.943: [GC (Allocation Failure)  636073K->324523K(1033728K), 0.0042092 secs]
54.948: Total time for which application threads were stopped: 0.0043698 seconds, Stopping threads took: 0.0000177 seconds
55.015: [GC (Allocation Failure)  644011K->324491K(1033728K), 0.0043176 secs]
55.019: Total time for which application threads were stopped: 0.0044845 seconds, Stopping threads took: 0.0000276 seconds
55.087: [GC (Allocation Failure)  643979K->324555K(1033728K), 0.0041020 secs]
55.091: Total time for which application threads were stopped: 0.0042521 seconds, Stopping threads took: 0.0000196 seconds
55.160: [GC (Allocation Failure)  644043K->332526K(1027072K), 0.0044422 secs]
55.164: Total time for which application threads were stopped: 0.0046143 seconds, Stopping threads took: 0.0000289 seconds
55.229: [GC (Allocation Failure)  652013K->328651K(1034240K), 0.0033610 secs]
55.232: Total time for which application threads were stopped: 0.0035179 seconds, Stopping threads took: 0.0000203 seconds
55.302: [GC (Allocation Failure)  648139K->332686K(1033216K), 0.0043382 secs]
55.306: Total time for which application threads were stopped: 0.0045186 seconds, Stopping threads took: 0.0000205 seconds
55.377: [GC (Allocation Failure)  652174K->336654K(1034752K), 0.0042737 secs]
55.381: Total time for which application threads were stopped: 0.0044354 seconds, Stopping threads took: 0.0000196 seconds
55.448: [GC (Allocation Failure)  658190K->329899K(1034752K), 0.0015979 secs]
55.450: Total time for which application threads were stopped: 0.0017413 seconds, Stopping threads took: 0.0000201 seconds
55.518: [GC (Allocation Failure)  651435K->336718K(1034752K), 0.0042542 secs]
55.522: Total time for which application threads were stopped: 0.0044157 seconds, Stopping threads took: 0.0000208 seconds
55.588: [GC (Allocation Failure)  658254K->340758K(1034752K), 0.0068512 secs]
55.594: Total time for which application threads were stopped: 0.0070088 seconds, Stopping threads took: 0.0000203 seconds
55.660: [GC (Allocation Failure)  662294K->335251K(1034752K), 0.0022679 secs]
55.663: Total time for which application threads were stopped: 0.0024163 seconds, Stopping threads took: 0.0000199 seconds
55.730: [GC (Allocation Failure)  656787K->341062K(1034752K), 0.0042791 secs]
55.734: Total time for which application threads were stopped: 0.0044480 seconds, Stopping threads took: 0.0000206 seconds
55.801: [GC (Allocation Failure)  662598K->344934K(1034752K), 0.0046497 secs]
55.806: Total time for which application threads were stopped: 0.0048090 seconds, Stopping threads took: 0.0000201 seconds
55.873: [GC (Allocation Failure)  667422K->341027K(1035264K), 0.0038080 secs]
55.877: Total time for which application threads were stopped: 0.0039625 seconds, Stopping threads took: 0.0000199 seconds
55.946: [GC (Allocation Failure)  663587K->345102K(1036288K), 0.0045153 secs]
55.951: Total time for which application threads were stopped: 0.0046938 seconds, Stopping threads took: 0.0000192 seconds
56.018: [GC (Allocation Failure)  669198K->349102K(1035776K), 0.0042789 secs]
56.023: Total time for which application threads were stopped: 0.0044478 seconds, Stopping threads took: 0.0000200 seconds
56.091: [GC (Allocation Failure)  673198K->349102K(1035776K), 0.0040826 secs]
56.095: Total time for which application threads were stopped: 0.0042703 seconds, Stopping threads took: 0.0000260 seconds
56.164: [GC (Allocation Failure)  672686K->349126K(1023488K), 0.0043266 secs]
56.169: Total time for which application threads were stopped: 0.0044745 seconds, Stopping threads took: 0.0000174 seconds
56.237: [GC (Allocation Failure)  672710K->357096K(1035264K), 0.0043818 secs]
56.241: Total time for which application threads were stopped: 0.0045965 seconds, Stopping threads took: 0.0000270 seconds
56.311: [GC (Allocation Failure)  679656K->357064K(1030144K), 0.0042717 secs]
56.315: Total time for which application threads were stopped: 0.0044396 seconds, Stopping threads took: 0.0000199 seconds
56.384: [GC (Allocation Failure)  679624K->357160K(1034752K), 0.0043944 secs]
56.388: Total time for which application threads were stopped: 0.0045627 seconds, Stopping threads took: 0.0000200 seconds
56.456: [GC (Allocation Failure)  678696K->365098K(1034752K), 0.0044766 secs]
56.460: Total time for which application threads were stopped: 0.0046715 seconds, Stopping threads took: 0.0000204 seconds
56.530: [GC (Allocation Failure)  686634K->365130K(1033728K), 0.0040901 secs]
56.534: Total time for which application threads were stopped: 0.0042538 seconds, Stopping threads took: 0.0000203 seconds
56.601: [GC (Allocation Failure)  685642K->365386K(1034240K), 0.0043369 secs]
56.605: Total time for which application threads were stopped: 0.0045088 seconds, Stopping threads took: 0.0000258 seconds
56.672: [GC (Allocation Failure)  685898K->373196K(1034240K), 0.0043293 secs]
56.677: Total time for which application threads were stopped: 0.0044983 seconds, Stopping threads took: 0.0000197 seconds
56.744: [GC (Allocation Failure)  693708K->373196K(1034240K), 0.0043987 secs]
56.749: Total time for which application threads were stopped: 0.0045865 seconds, Stopping threads took: 0.0000203 seconds
56.817: [GC (Allocation Failure)  693708K->373604K(1033216K), 0.0046327 secs]
56.822: Total time for which application threads were stopped: 0.0047996 seconds, Stopping threads took: 0.0000177 seconds
56.891: [GC (Allocation Failure)  693092K->381223K(1033728K), 0.0044434 secs]
56.896: Total time for which application threads were stopped: 0.0046094 seconds, Stopping threads took: 0.0000252 seconds
56.964: [GC (Allocation Failure)  700711K->381191K(1033728K), 0.0043321 secs]
56.968: Total time for which application threads were stopped: 0.0045130 seconds, Stopping threads took: 0.0000204 seconds
57.034: [GC (Allocation Failure)  700679K->381319K(1033728K), 0.0044538 secs]
57.038: Total time for which application threads were stopped: 0.0046111 seconds, Stopping threads took: 0.0000166 seconds
57.106: [GC (Allocation Failure)  700807K->389225K(1033728K), 0.0042142 secs]
57.110: Total time for which application threads were stopped: 0.0043809 seconds, Stopping threads took: 0.0000193 seconds
57.177: [GC (Allocation Failure)  708713K->389225K(1033728K), 0.0044393 secs]
57.181: Total time for which application threads were stopped: 0.0046308 seconds, Stopping threads took: 0.0000192 seconds
57.250: [GC (Allocation Failure)  708713K->389289K(1033728K), 0.0042552 secs]
57.254: Total time for which application threads were stopped: 0.0044408 seconds, Stopping threads took: 0.0000277 seconds
57.322: [GC (Allocation Failure)  708777K->397227K(1027072K), 0.0044280 secs]
57.326: Total time for which application threads were stopped: 0.0045773 seconds, Stopping threads took: 0.0000174 seconds
57.393: [GC (Allocation Failure)  716715K->393353K(1034240K), 0.0034788 secs]
57.396: Total time for which application threads were stopped: 0.0036236 seconds, Stopping threads took: 0.0000172 seconds
57.465: [GC (Allocation Failure)  712841K->397419K(1033216K), 0.0044152 secs]
57.470: Total time for which application threads were stopped: 0.0045822 seconds, Stopping threads took: 0.0000212 seconds
57.537: [GC (Allocation Failure)  716907K->401355K(1034752K), 0.0044130 secs]
57.541: Total time for which application threads were stopped: 0.0046024 seconds, Stopping threads took: 0.0000195 seconds
57.609: [GC (Allocation Failure)  722891K->394569K(1034752K), 0.0016572 secs]
57.611: Total time for which application threads were stopped: 0.0018273 seconds, Stopping threads took: 0.0000275 seconds
57.680: [GC (Allocation Failure)  716105K->401459K(1034752K), 0.0042368 secs]
57.684: Total time for which application threads were stopped: 0.0044049 seconds, Stopping threads took: 0.0000201 seconds
57.750: [GC (Allocation Failure)  722995K->405539K(1034752K), 0.0053648 secs]
57.756: Total time for which application threads were stopped: 0.0055393 seconds, Stopping threads took: 0.0000195 seconds
57.821: [GC (Allocation Failure)  727075K->399969K(1034752K), 0.0022844 secs]
57.824: Total time for which application threads were stopped: 0.0024385 seconds, Stopping threads took: 0.0000194 seconds
57.892: [GC (Allocation Failure)  721505K->405811K(1034752K), 0.0044068 secs]
57.897: Total time for which application threads were stopped: 0.0045823 seconds, Stopping threads took: 0.0000205 seconds
57.963: [GC (Allocation Failure)  727347K->409683K(1034752K), 0.0047161 secs]
57.968: Total time for which application threads were stopped: 0.0048889 seconds, Stopping threads took: 0.0000203 seconds
58.036: [GC (Allocation Failure)  732172K->405777K(1035264K), 0.0033205 secs]
58.040: Total time for which application threads were stopped: 0.0034886 seconds, Stopping threads took: 0.0000207 seconds
58.108: [GC (Allocation Failure)  728337K->409803K(1036288K), 0.0043168 secs]
58.113: Total time for which application threads were stopped: 0.0044958 seconds, Stopping threads took: 0.0000267 seconds
58.181: [GC (Allocation Failure)  733899K->413835K(1035776K), 0.0043759 secs]
58.185: Total time for which application threads were stopped: 0.0045718 seconds, Stopping threads took: 0.0000197 seconds
58.255: [GC (Allocation Failure)  737931K->413803K(1035776K), 0.0043538 secs]
58.259: Total time for which application threads were stopped: 0.0045091 seconds, Stopping threads took: 0.0000191 seconds
58.326: [GC (Allocation Failure)  737387K->413859K(1023488K), 0.0045945 secs]
58.331: Total time for which application threads were stopped: 0.0047740 seconds, Stopping threads took: 0.0000197 seconds
58.398: [GC (Allocation Failure)  737443K->421830K(1035264K), 0.0044250 secs]
58.402: Total time for which application threads were stopped: 0.0045852 seconds, Stopping threads took: 0.0000201 seconds
58.470: [GC (Allocation Failure)  744390K->421830K(1030144K), 0.0042270 secs]
58.474: Total time for which application threads were stopped: 0.0043995 seconds, Stopping threads took: 0.0000208 seconds
58.541: [GC (Allocation Failure)  744390K->421894K(1034752K), 0.0045865 secs]
58.546: Total time for which application threads were stopped: 0.0047700 seconds, Stopping threads took: 0.0000203 seconds
58.613: [GC (Allocation Failure)  743430K->429864K(1034752K), 0.0046105 secs]
58.618: Total time for which application threads were stopped: 0.0047715 seconds, Stopping threads took: 0.0000201 seconds
58.685: [GC (Allocation Failure)  751400K->429864K(1033728K), 0.0041324 secs]
58.690: Total time for which application threads were stopped: 0.0043281 seconds, Stopping threads took: 0.0000199 seconds
58.758: [GC (Allocation Failure)  750376K->430088K(1034240K), 0.0042997 secs]
58.762: Total time for which application threads were stopped: 0.0044682 seconds, Stopping threads took: 0.0000174 seconds
58.833: [GC (Allocation Failure)  750600K->437898K(1034240K), 0.0043950 secs]
58.837: Total time for which application threads were stopped: 0.0045824 seconds, Stopping threads took: 0.0000208 seconds
58.905: [GC (Allocation Failure)  758410K->437898K(1034240K), 0.0045251 secs]
58.910: Total time for which application threads were stopped: 0.0046810 seconds, Stopping threads took: 0.0000196 seconds
58.978: [GC (Allocation Failure)  758410K->438346K(1033216K), 0.0046626 secs]
58.983: Total time for which application threads were stopped: 0.0048435 seconds, Stopping threads took: 0.0000204 seconds
59.052: [GC (Allocation Failure)  757834K->445932K(1033728K), 0.0045549 secs]
59.056: Total time for which application threads were stopped: 0.0047122 seconds, Stopping threads took: 0.0000193 seconds
59.124: [GC (Allocation Failure)  765420K->445932K(1033728K), 0.0044108 secs]
59.128: Total time for which application threads were stopped: 0.0045807 seconds, Stopping threads took: 0.0000279 seconds
59.193: [GC (Allocation Failure)  765420K->446020K(1033728K), 0.0074389 secs]
59.200: Total time for which application threads were stopped: 0.0076295 seconds, Stopping threads took: 0.0000196 seconds
59.268: [GC (Allocation Failure)  765508K->453959K(1033728K), 0.0042799 secs]
59.273: Total time for which application threads were stopped: 0.0044409 seconds, Stopping threads took: 0.0000201 seconds
59.340: [GC (Allocation Failure)  773447K->453959K(1033728K), 0.0055300 secs]
59.345: Total time for which application threads were stopped: 0.0057197 seconds, Stopping threads took: 0.0000199 seconds
59.412: [GC (Allocation Failure)  773447K->454023K(1033728K), 0.0045420 secs]
59.417: Total time for which application threads were stopped: 0.0046922 seconds, Stopping threads took: 0.0000170 seconds
59.483: [GC (Allocation Failure)  773511K->462025K(1027072K), 0.0046972 secs]
59.488: Total time for which application threads were stopped: 0.0048881 seconds, Stopping threads took: 0.0000203 seconds
59.555: [GC (Allocation Failure)  781512K->458087K(1034240K), 0.0034575 secs]
59.558: Total time for which application threads were stopped: 0.0036251 seconds, Stopping threads took: 0.0000196 seconds
59.628: [GC (Allocation Failure)  777575K->462129K(1033216K), 0.0046969 secs]
59.633: Total time for which application threads were stopped: 0.0048766 seconds, Stopping threads took: 0.0000259 seconds
59.701: [GC (Allocation Failure)  781617K->466129K(1034752K), 0.0045402 secs]
59.705: Total time for which application threads were stopped: 0.0047098 seconds, Stopping threads took: 0.0000198 seconds
59.773: [GC (Allocation Failure)  787665K->459311K(1034752K), 0.0019228 secs]
59.775: Total time for which application threads were stopped: 0.0020680 seconds, Stopping threads took: 0.0000202 seconds
59.844: [GC (Allocation Failure)  780847K->466201K(1034752K), 0.0044716 secs]
59.848: Total time for which application threads were stopped: 0.0046412 seconds, Stopping threads took: 0.0000221 seconds
59.914: [GC (Allocation Failure)  787737K->470281K(1034752K), 0.0054679 secs]
59.919: Total time for which application threads were stopped: 0.0056365 seconds, Stopping threads took: 0.0000199 seconds
59.984: [GC (Allocation Failure)  791817K->464711K(1034752K), 0.0068272 secs]
59.991: Total time for which application threads were stopped: 0.0070050 seconds, Stopping threads took: 0.0000200 seconds
60.058: [GC (Allocation Failure)  786247K->470521K(1034752K), 0.0046641 secs]
60.063: Total time for which application threads were stopped: 0.0048359 seconds, Stopping threads took: 0.0000196 seconds
60.130: [GC (Allocation Failure)  792057K->474425K(1034752K), 0.0065335 secs]
60.137: Total time for which application threads were stopped: 0.0067143 seconds, Stopping threads took: 0.0000208 seconds
60.205: [GC (Allocation Failure)  796913K->470519K(1035264K), 0.0033765 secs]
60.208: Total time for which application threads were stopped: 0.0035293 seconds, Stopping threads took: 0.0000192 seconds
60.276: [GC (Allocation Failure)  793079K->474585K(1036288K), 0.0048931 secs]
60.281: Total time for which application threads were stopped: 0.0050729 seconds, Stopping threads took: 0.0000190 seconds
60.351: [GC (Allocation Failure)  798681K->478553K(1035776K), 0.0054720 secs]
60.356: Total time for which application threads were stopped: 0.0056164 seconds, Stopping threads took: 0.0000255 seconds
60.425: [GC (Allocation Failure)  802649K->478553K(1035776K), 0.0044692 secs]
60.429: Total time for which application threads were stopped: 0.0046403 seconds, Stopping threads took: 0.0000197 seconds
60.497: [GC (Allocation Failure)  802137K->478625K(1023488K), 0.0045054 secs]
60.502: Total time for which application threads were stopped: 0.0046566 seconds, Stopping threads took: 0.0000173 seconds
60.568: [GC (Allocation Failure)  802209K->486595K(1035264K), 0.0047211 secs]
60.573: Total time for which application threads were stopped: 0.0049129 seconds, Stopping threads took: 0.0000195 seconds
60.641: [GC (Allocation Failure)  809155K->486595K(1030144K), 0.0044592 secs]
60.646: Total time for which application threads were stopped: 0.0046447 seconds, Stopping threads took: 0.0000216 seconds
60.713: [GC (Allocation Failure)  809155K->486667K(1034752K), 0.0046128 secs]
60.718: Total time for which application threads were stopped: 0.0047753 seconds, Stopping threads took: 0.0000201 seconds
60.785: [GC (Allocation Failure)  808203K->494637K(1034752K), 0.0046614 secs]
60.790: Total time for which application threads were stopped: 0.0048561 seconds, Stopping threads took: 0.0000200 seconds
60.859: [GC (Allocation Failure)  816173K->494637K(1033728K), 0.0044904 secs]
60.864: Total time for which application threads were stopped: 0.0046461 seconds, Stopping threads took: 0.0000178 seconds
60.931: [GC (Allocation Failure)  815149K->494853K(1034240K), 0.0046984 secs]
60.936: Total time for which application threads were stopped: 0.0048888 seconds, Stopping threads took: 0.0000200 seconds
61.004: [GC (Allocation Failure)  815365K->502696K(1034240K), 0.0045966 secs]
61.009: Total time for which application threads were stopped: 0.0047518 seconds, Stopping threads took: 0.0000188 seconds
61.077: [GC (Allocation Failure)  823208K->502664K(1034240K), 0.0046313 secs]
61.081: Total time for which application threads were stopped: 0.0048220 seconds, Stopping threads took: 0.0000203 seconds
61.150: [GC (Allocation Failure)  823176K->503112K(1033216K), 0.0046114 secs]
61.155: Total time for which application threads were stopped: 0.0047937 seconds, Stopping threads took: 0.0000270 seconds
61.222: [GC (Allocation Failure)  822600K->510698K(1033728K), 0.0045135 secs]
61.226: Total time for which application threads were stopped: 0.0046847 seconds, Stopping threads took: 0.0000195 seconds
61.294: [GC (Allocation Failure)  830186K->510730K(1033728K), 0.0064705 secs]
61.300: Total time for which application threads were stopped: 0.0066342 seconds, Stopping threads took: 0.0000203 seconds
61.366: [GC (Allocation Failure)  830218K->510826K(1033728K), 0.0045079 secs]
61.371: Total time for which application threads were stopped: 0.0046705 seconds, Stopping threads took: 0.0000177 seconds
61.438: [GC (Allocation Failure)  830314K->518796K(1033728K), 0.0045850 secs]
61.443: Total time for which application threads were stopped: 0.0047650 seconds, Stopping threads took: 0.0000202 seconds
61.509: [GC (Allocation Failure)  838284K->518732K(1033728K), 0.0047281 secs]
61.514: Total time for which application threads were stopped: 0.0048865 seconds, Stopping threads took: 0.0000197 seconds
61.582: [GC (Allocation Failure)  838220K->518796K(1033728K), 0.0046736 secs]
61.587: Total time for which application threads were stopped: 0.0048456 seconds, Stopping threads took: 0.0000284 seconds
61.654: [GC (Allocation Failure)  838284K->526766K(1027072K), 0.0048072 secs]
61.659: Total time for which application threads were stopped: 0.0049835 seconds, Stopping threads took: 0.0000261 seconds
61.724: [GC (Allocation Failure)  846254K->522860K(1034240K), 0.0035722 secs]
61.728: Total time for which application threads were stopped: 0.0037319 seconds, Stopping threads took: 0.0000201 seconds
61.799: [GC (Allocation Failure)  842348K->526926K(1033216K), 0.0047487 secs]
61.803: Total time for which application threads were stopped: 0.0049656 seconds, Stopping threads took: 0.0000207 seconds
61.872: [GC (Allocation Failure)  846414K->530894K(1034752K), 0.0045050 secs]
61.877: Total time for which application threads were stopped: 0.0046884 seconds, Stopping threads took: 0.0000203 seconds
61.945: [GC (Allocation Failure)  852430K->524108K(1034752K), 0.0074773 secs]
61.952: Total time for which application threads were stopped: 0.0076213 seconds, Stopping threads took: 0.0000204 seconds
62.021: [GC (Allocation Failure)  845644K->530990K(1034752K), 0.0044077 secs]
62.025: Total time for which application threads were stopped: 0.0046166 seconds, Stopping threads took: 0.0000510 seconds
62.091: [GC (Allocation Failure)  852526K->535030K(1034752K), 0.0055744 secs]
62.097: Total time for which application threads were stopped: 0.0057535 seconds, Stopping threads took: 0.0000230 seconds
62.162: [GC (Allocation Failure)  856566K->529492K(1034752K), 0.0028024 secs]
62.165: Total time for which application threads were stopped: 0.0029639 seconds, Stopping threads took: 0.0000198 seconds
62.232: [GC (Allocation Failure)  851028K->535302K(1034752K), 0.0074588 secs]
62.240: Total time for which application threads were stopped: 0.0076384 seconds, Stopping threads took: 0.0000204 seconds
62.309: [GC (Allocation Failure)  856838K->539174K(1035264K), 0.0048902 secs]
62.314: Total time for which application threads were stopped: 0.0050567 seconds, Stopping threads took: 0.0000215 seconds
62.383: [GC (Allocation Failure)  861663K->535268K(1035264K), 0.0035945 secs]
62.387: Total time for which application threads were stopped: 0.0037546 seconds, Stopping threads took: 0.0000193 seconds
62.455: [GC (Allocation Failure)  857828K->539342K(1036288K), 0.0046928 secs]
62.459: Total time for which application threads were stopped: 0.0048476 seconds, Stopping threads took: 0.0000187 seconds
62.527: [GC (Allocation Failure)  863438K->543310K(1035776K), 0.0044621 secs]
62.531: Total time for which application threads were stopped: 0.0046390 seconds, Stopping threads took: 0.0000192 seconds
62.602: [GC (Allocation Failure)  867406K->543310K(1035776K), 0.0045907 secs]
62.606: Total time for which application threads were stopped: 0.0047569 seconds, Stopping threads took: 0.0000261 seconds
62.674: [GC (Allocation Failure)  866894K->543366K(1023488K), 0.0047146 secs]
62.678: Total time for which application threads were stopped: 0.0048781 seconds, Stopping threads took: 0.0000197 seconds
62.745: [GC (Allocation Failure)  866950K->551369K(1035264K), 0.0045878 secs]
62.750: Total time for which application threads were stopped: 0.0047868 seconds, Stopping threads took: 0.0000284 seconds
62.819: [GC (Allocation Failure)  873929K->551337K(1030144K), 0.0045637 secs]
62.823: Total time for which application threads were stopped: 0.0047415 seconds, Stopping threads took: 0.0000202 seconds
62.891: [GC (Allocation Failure)  873897K->551401K(1034752K), 0.0047256 secs]
62.896: Total time for which application threads were stopped: 0.0049126 seconds, Stopping threads took: 0.0000217 seconds
62.963: [GC (Allocation Failure)  872937K->559371K(1034752K), 0.0048986 secs]
62.968: Total time for which application threads were stopped: 0.0050609 seconds, Stopping threads took: 0.0000204 seconds
63.036: [GC (Allocation Failure)  880907K->559371K(1033728K), 0.0045306 secs]
63.041: Total time for which application threads were stopped: 0.0046902 seconds, Stopping threads took: 0.0000200 seconds
63.110: [GC (Allocation Failure)  879883K->559627K(1034240K), 0.0046818 secs]
63.115: Total time for which application threads were stopped: 0.0048436 seconds, Stopping threads took: 0.0000199 seconds
63.183: [GC (Allocation Failure)  880139K->567405K(1034240K), 0.0046668 secs]
63.187: Total time for which application threads were stopped: 0.0048399 seconds, Stopping threads took: 0.0000258 seconds
63.256: [GC (Allocation Failure)  887917K->567437K(1034240K), 0.0045606 secs]
63.260: Total time for which application threads were stopped: 0.0047551 seconds, Stopping threads took: 0.0000209 seconds
63.328: [GC (Allocation Failure)  887949K->567853K(1033216K), 0.0102388 secs]
63.338: Total time for which application threads were stopped: 0.0103953 seconds, Stopping threads took: 0.0000196 seconds
63.406: [GC (Allocation Failure)  887341K->575472K(1033728K), 0.0047399 secs]
63.411: Total time for which application threads were stopped: 0.0049105 seconds, Stopping threads took: 0.0000198 seconds
63.478: [GC (Allocation Failure)  894960K->575408K(1033728K), 0.0045883 secs]
63.483: Total time for which application threads were stopped: 0.0047538 seconds, Stopping threads took: 0.0000209 seconds
63.547: [GC (Allocation Failure)  894896K->575560K(1033728K), 0.0048012 secs]
63.552: Total time for which application threads were stopped: 0.0049713 seconds, Stopping threads took: 0.0000201 seconds
63.620: [GC (Allocation Failure)  895048K->583466K(1033728K), 0.0046479 secs]
63.624: Total time for which application threads were stopped: 0.0048212 seconds, Stopping threads took: 0.0000261 seconds
63.692: [GC (Allocation Failure)  902954K->583498K(1033728K), 0.0047082 secs]
63.697: Total time for which application threads were stopped: 0.0048706 seconds, Stopping threads took: 0.0000206 seconds
63.764: [GC (Allocation Failure)  902986K->583530K(1033728K), 0.0049675 secs]
63.769: Total time for which application threads were stopped: 0.0051246 seconds, Stopping threads took: 0.0000194 seconds
63.837: [GC (Allocation Failure)  903018K->591532K(1027072K), 0.0048866 secs]
63.842: Total time for which application threads were stopped: 0.0050449 seconds, Stopping threads took: 0.0000206 seconds
63.906: [GC (Allocation Failure)  911020K->587594K(1034240K), 0.0037983 secs]
63.910: Total time for which application threads were stopped: 0.0039667 seconds, Stopping threads took: 0.0000271 seconds
63.977: [GC (Allocation Failure)  907082K->591628K(1033216K), 0.0048538 secs]
63.982: Total time for which application threads were stopped: 0.0050154 seconds, Stopping threads took: 0.0000199 seconds
64.049: [GC (Allocation Failure)  911116K->595628K(1034752K), 0.0047450 secs]
64.054: Total time for which application threads were stopped: 0.0049268 seconds, Stopping threads took: 0.0000204 seconds
64.120: [GC (Allocation Failure)  917164K->588842K(1034752K), 0.0022352 secs]
64.123: Total time for which application threads were stopped: 0.0024004 seconds, Stopping threads took: 0.0000260 seconds
64.192: [GC (Allocation Failure)  910378K->595692K(1034752K), 0.0047002 secs]
64.196: Total time for which application threads were stopped: 0.0048814 seconds, Stopping threads took: 0.0000224 seconds
64.263: [GC (Allocation Failure)  917228K->599804K(1034752K), 0.0055493 secs]
64.269: Total time for which application threads were stopped: 0.0057426 seconds, Stopping threads took: 0.0000205 seconds
64.336: [GC (Allocation Failure)  921340K->594234K(1034752K), 0.0036142 secs]
64.339: Total time for which application threads were stopped: 0.0037642 seconds, Stopping threads took: 0.0000231 seconds
64.407: [GC (Allocation Failure)  915770K->600044K(1034752K), 0.0047510 secs]
64.412: Total time for which application threads were stopped: 0.0049128 seconds, Stopping threads took: 0.0000208 seconds
64.481: [GC (Allocation Failure)  921580K->603924K(1035264K), 0.0050365 secs]
64.486: Total time for which application threads were stopped: 0.0052203 seconds, Stopping threads took: 0.0000202 seconds
64.553: [GC (Allocation Failure)  926412K->600018K(1035264K), 0.0034873 secs]
64.557: Total time for which application threads were stopped: 0.0036737 seconds, Stopping threads took: 0.0000248 seconds
64.625: [GC (Allocation Failure)  922578K->604076K(1036288K), 0.0048162 secs]
64.630: Total time for which application threads were stopped: 0.0049864 seconds, Stopping threads took: 0.0000258 seconds
64.698: [GC (Allocation Failure)  928172K->608076K(1035776K), 0.0046125 secs]
64.703: Total time for which application threads were stopped: 0.0047851 seconds, Stopping threads took: 0.0000206 seconds
64.773: [GC (Allocation Failure)  932172K->608044K(1035776K), 0.0047433 secs]
64.777: Total time for which application threads were stopped: 0.0049152 seconds, Stopping threads took: 0.0000206 seconds
64.847: [GC (Allocation Failure)  931628K->608108K(1023488K), 0.0046643 secs]
64.852: Total time for which application threads were stopped: 0.0048231 seconds, Stopping threads took: 0.0000199 seconds
64.918: [GC (Allocation Failure)  931692K->616078K(1035264K), 0.0048375 secs]
64.923: Total time for which application threads were stopped: 0.0049956 seconds, Stopping threads took: 0.0000194 seconds
64.990: [GC (Allocation Failure)  938638K->616078K(1030144K), 0.0046953 secs]
64.995: Total time for which application threads were stopped: 0.0048641 seconds, Stopping threads took: 0.0000214 seconds
65.063: [GC (Allocation Failure)  938638K->616142K(1034752K), 0.0049692 secs]
65.068: Total time for which application threads were stopped: 0.0051513 seconds, Stopping threads took: 0.0000276 seconds
65.136: [GC (Allocation Failure)  937678K->624081K(1034752K), 0.0064789 secs]
65.142: Total time for which application threads were stopped: 0.0066577 seconds, Stopping threads took: 0.0000284 seconds
65.211: [GC (Allocation Failure)  945617K->624145K(1033728K), 0.0060671 secs]
65.218: Total time for which application threads were stopped: 0.0062358 seconds, Stopping threads took: 0.0000262 seconds
65.285: [GC (Allocation Failure)  944657K->624361K(1034240K), 0.0047202 secs]
65.290: Total time for which application threads were stopped: 0.0049118 seconds, Stopping threads took: 0.0000227 seconds
65.361: [GC (Allocation Failure)  944873K->632171K(1034240K), 0.0045973 secs]
65.365: Total time for which application threads were stopped: 0.0047664 seconds, Stopping threads took: 0.0000210 seconds
65.434: [GC (Allocation Failure)  952683K->632139K(1034240K), 0.0049426 secs]
65.439: Total time for which application threads were stopped: 0.0051138 seconds, Stopping threads took: 0.0000202 seconds
65.506: [GC (Allocation Failure)  952651K->632587K(1033216K), 0.0048725 secs]
65.511: Total time for which application threads were stopped: 0.0050433 seconds, Stopping threads took: 0.0000201 seconds
65.578: [GC (Allocation Failure)  952075K->640205K(1033728K), 0.0049618 secs]
65.583: Total time for which application threads were stopped: 0.0051448 seconds, Stopping threads took: 0.0000284 seconds
65.652: [GC (Allocation Failure)  959693K->640141K(1033728K), 0.0047745 secs]
65.657: Total time for which application threads were stopped: 0.0049349 seconds, Stopping threads took: 0.0000196 seconds
65.722: [GC (Allocation Failure)  959629K->640333K(1033728K), 0.0049191 secs]
65.727: Total time for which application threads were stopped: 0.0050908 seconds, Stopping threads took: 0.0000188 seconds
65.796: [GC (Allocation Failure)  959821K->648207K(1033728K), 0.0048661 secs]
65.801: Total time for which application threads were stopped: 0.0050437 seconds, Stopping threads took: 0.0000209 seconds
65.867: [GC (Allocation Failure)  967695K->648207K(1033728K), 0.0049201 secs]
65.872: Total time for which application threads were stopped: 0.0050876 seconds, Stopping threads took: 0.0000214 seconds
65.939: [GC (Allocation Failure)  967695K->648263K(1033728K), 0.0047461 secs]
65.944: Total time for which application threads were stopped: 0.0049427 seconds, Stopping threads took: 0.0000200 seconds
66.012: [GC (Allocation Failure)  967751K->656266K(1027072K), 0.0050200 secs]
66.017: Total time for which application threads were stopped: 0.0051698 seconds, Stopping threads took: 0.0000172 seconds
66.082: [GC (Allocation Failure)  975753K->652327K(1034240K), 0.0038716 secs]
66.086: Total time for which application threads were stopped: 0.0040453 seconds, Stopping threads took: 0.0000197 seconds
66.155: [GC (Allocation Failure)  971815K->656394K(1033216K), 0.0048636 secs]
66.160: Total time for which application threads were stopped: 0.0050201 seconds, Stopping threads took: 0.0000274 seconds
66.228: [GC (Allocation Failure)  975882K->660362K(1034752K), 0.0049297 secs]
66.234: Total time for which application threads were stopped: 0.0051457 seconds, Stopping threads took: 0.0000276 seconds
66.300: [GC (Allocation Failure)  981898K->653575K(1034752K), 0.0024296 secs]
66.302: Total time for which application threads were stopped: 0.0025862 seconds, Stopping threads took: 0.0000200 seconds
66.372: [GC (Allocation Failure)  975111K->660458K(1034752K), 0.0047689 secs]
66.376: Total time for which application threads were stopped: 0.0049288 seconds, Stopping threads took: 0.0000196 seconds
66.442: [GC (Allocation Failure)  981994K->664506K(1034752K), 0.0056592 secs]
66.448: Total time for which application threads were stopped: 0.0058361 seconds, Stopping threads took: 0.0000218 seconds
66.514: [GC (Allocation Failure)  986042K->658935K(1034752K), 0.0030642 secs]
66.517: Total time for which application threads were stopped: 0.0032510 seconds, Stopping threads took: 0.0000204 seconds
66.585: [GC (Allocation Failure)  980471K->664778K(1034752K), 0.0048532 secs]
66.589: Total time for which application threads were stopped: 0.0050152 seconds, Stopping threads took: 0.0000201 seconds
66.657: [GC (Allocation Failure)  986314K->668682K(1035264K), 0.0052173 secs]
66.662: Total time for which application threads were stopped: 0.0054215 seconds, Stopping threads took: 0.0000516 seconds
66.729: [GC (Allocation Failure)  991170K->664743K(1035264K), 0.0037703 secs]
66.733: Total time for which application threads were stopped: 0.0039343 seconds, Stopping threads took: 0.0000202 seconds
66.802: [GC (Allocation Failure)  987303K->668810K(1036288K), 0.0048098 secs]
66.807: Total time for which application threads were stopped: 0.0049820 seconds, Stopping threads took: 0.0000206 seconds
66.874: [GC (Allocation Failure)  992906K->672810K(1035776K), 0.0049700 secs]
66.879: Total time for which application threads were stopped: 0.0051429 seconds, Stopping threads took: 0.0000203 seconds
66.948: [GC (Allocation Failure)  996906K->672778K(1035776K), 0.0046843 secs]
66.953: Total time for which application threads were stopped: 0.0048879 seconds, Stopping threads took: 0.0000199 seconds
67.022: [GC (Allocation Failure)  996362K->672842K(1023488K), 0.0048541 secs]
67.027: Total time for which application threads were stopped: 0.0050144 seconds, Stopping threads took: 0.0000197 seconds
67.093: [GC (Allocation Failure)  996426K->680844K(1035264K), 0.0050170 secs]
67.098: Total time for which application threads were stopped: 0.0051936 seconds, Stopping threads took: 0.0000195 seconds
67.168: [GC (Allocation Failure)  1003404K->680844K(1030144K), 0.0048901 secs]
67.173: Total time for which application threads were stopped: 0.0050480 seconds, Stopping threads took: 0.0000193 seconds
67.240: [GC (Allocation Failure)  1003404K->680876K(1034752K), 0.0049996 secs]
67.245: Total time for which application threads were stopped: 0.0051609 seconds, Stopping threads took: 0.0000201 seconds
67.313: [GC (Allocation Failure)  1002412K->688846K(1029120K), 0.0049959 secs]
67.318: Total time for which application threads were stopped: 0.0051650 seconds, Stopping threads took: 0.0000202 seconds
67.387: [GC (Allocation Failure)  1010382K->688878K(1034240K), 0.0047266 secs]
67.391: Total time for which application threads were stopped: 0.0048980 seconds, Stopping threads took: 0.0000200 seconds
67.458: [GC (Allocation Failure)  1009390K->689094K(1034240K), 0.0049377 secs]
67.463: [Full GC (Ergonomics)  689094K->8677K(1034240K), 0.0138159 secs]
67.477: Total time for which application threads were stopped: 0.0189992 seconds, Stopping threads took: 0.0000207 seconds
67.545: [GC (Allocation Failure)  329189K->17607K(1033216K), 0.0035688 secs]
67.549: Total time for which application threads were stopped: 0.0037329 seconds, Stopping threads took: 0.0000203 seconds
67.616: [GC (Allocation Failure)  337095K->17591K(1033728K), 0.0036327 secs]
67.620: Total time for which application threads were stopped: 0.0038059 seconds, Stopping threads took: 0.0000266 seconds
67.685: [GC (Allocation Failure)  337079K->18039K(1033728K), 0.0038195 secs]
67.689: Total time for which application threads were stopped: 0.0040330 seconds, Stopping threads took: 0.0000210 seconds
67.754: [GC (Allocation Failure)  337527K->25657K(1033728K), 0.0036722 secs]
67.758: Total time for which application threads were stopped: 0.0038525 seconds, Stopping threads took: 0.0000199 seconds
67.826: [GC (Allocation Failure)  345145K->25625K(1033728K), 0.0038008 secs]
67.830: Total time for which application threads were stopped: 0.0039814 seconds, Stopping threads took: 0.0000222 seconds
67.895: [GC (Allocation Failure)  345113K->25761K(1033728K), 0.0038389 secs]
67.899: Total time for which application threads were stopped: 0.0040223 seconds, Stopping threads took: 0.0000203 seconds
67.966: [GC (Allocation Failure)  345249K->33668K(1032704K), 0.0035947 secs]
67.970: Total time for which application threads were stopped: 0.0037563 seconds, Stopping threads took: 0.0000206 seconds
68.034: [GC (Allocation Failure)  352130K->29761K(1033216K), 0.0025806 secs]
68.037: Total time for which application threads were stopped: 0.0027272 seconds, Stopping threads took: 0.0000194 seconds
68.103: [GC (Allocation Failure)  348225K->33836K(1034752K), 0.0037161 secs]
68.107: Total time for which application threads were stopped: 0.0038822 seconds, Stopping threads took: 0.0000188 seconds
68.174: [GC (Allocation Failure)  354860K->37804K(1034240K), 0.0041636 secs]
68.179: Total time for which application threads were stopped: 0.0043360 seconds, Stopping threads took: 0.0000253 seconds
68.246: [GC (Allocation Failure)  358828K->31017K(1034752K), 0.0010736 secs]
68.247: Total time for which application threads were stopped: 0.0011998 seconds, Stopping threads took: 0.0000202 seconds
68.314: [GC (Allocation Failure)  352553K->37868K(1034752K), 0.0037893 secs]
68.318: Total time for which application threads were stopped: 0.0039708 seconds, Stopping threads took: 0.0000213 seconds
68.385: [GC (Allocation Failure)  359404K->41972K(1034752K), 0.0044371 secs]
68.389: Total time for which application threads were stopped: 0.0046285 seconds, Stopping threads took: 0.0000230 seconds
68.456: [GC (Allocation Failure)  363508K->36369K(1034752K), 0.0015054 secs]
68.458: Total time for which application threads were stopped: 0.0016447 seconds, Stopping threads took: 0.0000201 seconds
68.525: [GC (Allocation Failure)  357905K->42212K(1035776K), 0.0038690 secs]
68.529: Total time for which application threads were stopped: 0.0040430 seconds, Stopping threads took: 0.0000291 seconds
68.598: [GC (Allocation Failure)  364772K->46084K(1034752K), 0.0041960 secs]
68.602: Total time for which application threads were stopped: 0.0043550 seconds, Stopping threads took: 0.0000193 seconds
68.669: [GC (Allocation Failure)  368572K->42177K(1035776K), 0.0022892 secs]
68.671: Total time for which application threads were stopped: 0.0024420 seconds, Stopping threads took: 0.0000212 seconds
68.740: [GC (Allocation Failure)  365249K->46252K(1035264K), 0.0039095 secs]
68.744: Total time for which application threads were stopped: 0.0040906 seconds, Stopping threads took: 0.0000199 seconds
68.813: [GC (Allocation Failure)  369324K->50252K(1035264K), 0.0039181 secs]
68.817: Total time for which application threads were stopped: 0.0040832 seconds, Stopping threads took: 0.0000206 seconds
68.886: [GC (Allocation Failure)  373836K->50252K(1035776K), 0.0034682 secs]
68.889: Total time for which application threads were stopped: 0.0036384 seconds, Stopping threads took: 0.0000204 seconds
68.958: [GC (Allocation Failure)  373836K->50276K(1034752K), 0.0039241 secs]
68.962: Total time for which application threads were stopped: 0.0040855 seconds, Stopping threads took: 0.0000193 seconds
69.030: [GC (Allocation Failure)  372836K->58278K(1035264K), 0.0037011 secs]
69.034: Total time for which application threads were stopped: 0.0038689 seconds, Stopping threads took: 0.0000186 seconds
69.103: [GC (Allocation Failure)  380838K->58246K(1034240K), 0.0033676 secs]
69.106: Total time for which application threads were stopped: 0.0035262 seconds, Stopping threads took: 0.0000192 seconds
69.171: [GC (Allocation Failure)  379782K->58286K(1034752K), 0.0038896 secs]
69.175: Total time for which application threads were stopped: 0.0040448 seconds, Stopping threads took: 0.0000193 seconds
69.244: [GC (Allocation Failure)  379822K->66288K(1033728K), 0.0102288 secs]
69.255: Total time for which application threads were stopped: 0.0104113 seconds, Stopping threads took: 0.0000200 seconds
69.322: [GC (Allocation Failure)  386800K->66320K(1034240K), 0.0036713 secs]
69.326: Total time for which application threads were stopped: 0.0038628 seconds, Stopping threads took: 0.0000196 seconds
69.394: [GC (Allocation Failure)  386832K->66536K(1034240K), 0.0037202 secs]
69.398: Total time for which application threads were stopped: 0.0038974 seconds, Stopping threads took: 0.0000201 seconds
69.465: [GC (Allocation Failure)  387048K->74314K(1034240K), 0.0038266 secs]
69.469: Total time for which application threads were stopped: 0.0040163 seconds, Stopping threads took: 0.0000197 seconds
69.537: [GC (Allocation Failure)  394826K->74346K(1034240K), 0.0038065 secs]
69.541: Total time for which application threads were stopped: 0.0039810 seconds, Stopping threads took: 0.0000199 seconds
69.610: [GC (Allocation Failure)  394858K->74762K(1020416K), 0.0037517 secs]
69.613: Total time for which application threads were stopped: 0.0039130 seconds, Stopping threads took: 0.0000271 seconds
69.681: [GC (Allocation Failure)  395274K->82381K(1033728K), 0.0037944 secs]
69.685: Total time for which application threads were stopped: 0.0040163 seconds, Stopping threads took: 0.0000314 seconds
69.754: [GC (Allocation Failure)  401869K->82349K(1033728K), 0.0038245 secs]
69.758: Total time for which application threads were stopped: 0.0040029 seconds, Stopping threads took: 0.0000223 seconds
69.823: [GC (Allocation Failure)  401837K->82509K(1033728K), 0.0039030 secs]
69.827: Total time for which application threads were stopped: 0.0040761 seconds, Stopping threads took: 0.0000202 seconds
69.895: [GC (Allocation Failure)  401997K->90415K(1033728K), 0.0037703 secs]
69.899: Total time for which application threads were stopped: 0.0039423 seconds, Stopping threads took: 0.0000196 seconds
69.965: [GC (Allocation Failure)  409901K->86477K(1034240K), 0.0026588 secs]
69.968: Total time for which application threads were stopped: 0.0028199 seconds, Stopping threads took: 0.0000291 seconds
70.037: [GC (Allocation Failure)  406477K->90543K(1033728K), 0.0039178 secs]
70.041: Total time for which application threads were stopped: 0.0041214 seconds, Stopping threads took: 0.0000222 seconds
70.109: [GC (Allocation Failure)  410543K->94511K(1034752K), 0.0037059 secs]
70.113: Total time for which application threads were stopped: 0.0038754 seconds, Stopping threads took: 0.0000273 seconds
70.181: [GC (Allocation Failure)  416047K->88781K(1034752K), 0.0016931 secs]
70.182: Total time for which application threads were stopped: 0.0018507 seconds, Stopping threads took: 0.0000205 seconds
70.252: [GC (Allocation Failure)  410317K->94607K(1035776K), 0.0039733 secs]
70.256: Total time for which application threads were stopped: 0.0041635 seconds, Stopping threads took: 0.0000221 seconds
70.324: [GC (Allocation Failure)  417167K->98655K(1034752K), 0.0041337 secs]
70.328: Total time for which application threads were stopped: 0.0043176 seconds, Stopping threads took: 0.0000208 seconds
70.398: [GC (Allocation Failure)  420953K->94749K(1035776K), 0.0027934 secs]
70.401: Total time for which application threads were stopped: 0.0029492 seconds, Stopping threads took: 0.0000209 seconds
70.468: [GC (Allocation Failure)  417821K->98823K(1035264K), 0.0040971 secs]
70.472: Total time for which application threads were stopped: 0.0042674 seconds, Stopping threads took: 0.0000221 seconds
70.539: [GC (Allocation Failure)  421895K->102823K(1035264K), 0.0037658 secs]
70.543: Total time for which application threads were stopped: 0.0039436 seconds, Stopping threads took: 0.0000223 seconds
70.611: [GC (Allocation Failure)  426407K->102791K(1035776K), 0.0036432 secs]
70.615: Total time for which application threads were stopped: 0.0038381 seconds, Stopping threads took: 0.0000283 seconds
70.680: [GC (Allocation Failure)  426375K->102855K(1034752K), 0.0039797 secs]
70.684: Total time for which application threads were stopped: 0.0041924 seconds, Stopping threads took: 0.0000212 seconds
70.752: [GC (Allocation Failure)  425415K->110825K(1035264K), 0.0039694 secs]
70.756: Total time for which application threads were stopped: 0.0041328 seconds, Stopping threads took: 0.0000205 seconds
70.822: [GC (Allocation Failure)  433385K->110825K(1034240K), 0.0037711 secs]
70.826: Total time for which application threads were stopped: 0.0039383 seconds, Stopping threads took: 0.0000197 seconds
70.893: [GC (Allocation Failure)  432361K->110889K(1034752K), 0.0040189 secs]
70.897: Total time for which application threads were stopped: 0.0041852 seconds, Stopping threads took: 0.0000200 seconds
70.962: [GC (Allocation Failure)  432425K->118860K(1034752K), 0.0039306 secs]
70.966: Total time for which application threads were stopped: 0.0041017 seconds, Stopping threads took: 0.0000201 seconds
71.033: [GC (Allocation Failure)  440396K->118892K(1029120K), 0.0038858 secs]
71.037: Total time for which application threads were stopped: 0.0040593 seconds, Stopping threads took: 0.0000204 seconds
71.102: [GC (Allocation Failure)  440428K->119108K(1034240K), 0.0042790 secs]
71.106: Total time for which application threads were stopped: 0.0044496 seconds, Stopping threads took: 0.0000208 seconds
71.174: [GC (Allocation Failure)  439620K->126886K(1034240K), 0.0040366 secs]
71.178: Total time for which application threads were stopped: 0.0042073 seconds, Stopping threads took: 0.0000203 seconds
71.246: [GC (Allocation Failure)  447398K->126886K(1034240K), 0.0035976 secs]
71.249: Total time for which application threads were stopped: 0.0037668 seconds, Stopping threads took: 0.0000203 seconds
71.316: [GC (Allocation Failure)  447398K->127310K(1020416K), 0.0099516 secs]
71.326: Total time for which application threads were stopped: 0.0101022 seconds, Stopping threads took: 0.0000195 seconds
71.393: [GC (Allocation Failure)  447822K->134928K(1033728K), 0.0040094 secs]
71.397: Total time for which application threads were stopped: 0.0041840 seconds, Stopping threads took: 0.0000201 seconds
71.463: [GC (Allocation Failure)  454416K->134896K(1033728K), 0.0040250 secs]
71.467: Total time for which application threads were stopped: 0.0042207 seconds, Stopping threads took: 0.0000209 seconds
71.534: [GC (Allocation Failure)  454384K->135048K(1033728K), 0.0040875 secs]
71.538: Total time for which application threads were stopped: 0.0042553 seconds, Stopping threads took: 0.0000194 seconds
71.605: [GC (Allocation Failure)  454536K->142986K(1033728K), 0.0038626 secs]
71.609: Total time for which application threads were stopped: 0.0040458 seconds, Stopping threads took: 0.0000259 seconds
71.677: [GC (Allocation Failure)  462474K->142954K(1033728K), 0.0038163 secs]
71.681: Total time for which application threads were stopped: 0.0039928 seconds, Stopping threads took: 0.0000196 seconds
71.749: [GC (Allocation Failure)  462442K->143018K(1033728K), 0.0038411 secs]
71.753: Total time for which application threads were stopped: 0.0040127 seconds, Stopping threads took: 0.0000193 seconds
71.819: [GC (Allocation Failure)  462506K->151021K(1032704K), 0.0040519 secs]
71.823: Total time for which application threads were stopped: 0.0042094 seconds, Stopping threads took: 0.0000192 seconds
71.892: [GC (Allocation Failure)  469485K->145418K(1033216K), 0.0017356 secs]
71.894: Total time for which application threads were stopped: 0.0018746 seconds, Stopping threads took: 0.0000196 seconds
71.961: [GC (Allocation Failure)  463882K->151245K(1034752K), 0.0039988 secs]
71.965: Total time for which application threads were stopped: 0.0041676 seconds, Stopping threads took: 0.0000192 seconds
72.032: [GC (Allocation Failure)  471757K->155101K(1033728K), 0.0039658 secs]
72.037: Total time for which application threads were stopped: 0.0041573 seconds, Stopping threads took: 0.0000201 seconds
72.105: [GC (Allocation Failure)  475613K->162026K(1029120K), 0.0068331 secs]
72.112: Total time for which application threads were stopped: 0.0070185 seconds, Stopping threads took: 0.0000355 seconds
72.179: [GC (Allocation Failure)  477418K->155917K(1031680K), 0.0039292 secs]
72.183: Total time for which application threads were stopped: 0.0040951 seconds, Stopping threads took: 0.0000195 seconds
72.249: [GC (Allocation Failure)  471309K->155757K(1032704K), 0.0039972 secs]
72.253: Total time for which application threads were stopped: 0.0041639 seconds, Stopping threads took: 0.0000200 seconds
72.319: [GC (Allocation Failure)  472685K->159149K(1032192K), 0.0047182 secs]
72.324: Total time for which application threads were stopped: 0.0048827 seconds, Stopping threads took: 0.0000186 seconds
72.392: [GC (Allocation Failure)  476077K->163919K(1033216K), 0.0039245 secs]
72.396: Total time for which application threads were stopped: 0.0041180 seconds, Stopping threads took: 0.0000194 seconds
72.465: [GC (Allocation Failure)  481871K->163823K(1032704K), 0.0041325 secs]
72.469: Total time for which application threads were stopped: 0.0043023 seconds, Stopping threads took: 0.0000197 seconds
72.535: [GC (Allocation Failure)  481775K->164807K(1033216K), 0.0041924 secs]
72.540: Total time for which application threads were stopped: 0.0043648 seconds, Stopping threads took: 0.0000194 seconds
72.607: [GC (Allocation Failure)  483271K->171817K(1033216K), 0.0037265 secs]
72.611: Total time for which application threads were stopped: 0.0038642 seconds, Stopping threads took: 0.0000173 seconds
72.680: [GC (Allocation Failure)  490281K->171817K(1033728K), 0.0041203 secs]
72.684: Total time for which application threads were stopped: 0.0043120 seconds, Stopping threads took: 0.0000188 seconds
72.751: [GC (Allocation Failure)  490793K->173481K(1033216K), 0.0041509 secs]
72.756: Total time for which application threads were stopped: 0.0043246 seconds, Stopping threads took: 0.0000274 seconds
72.823: [GC (Allocation Failure)  492457K->179915K(1033728K), 0.0039021 secs]
72.827: Total time for which application threads were stopped: 0.0040814 seconds, Stopping threads took: 0.0000200 seconds
72.893: [GC (Allocation Failure)  499403K->179819K(1033728K), 0.0042262 secs]
72.898: Total time for which application threads were stopped: 0.0043984 seconds, Stopping threads took: 0.0000205 seconds
72.963: [GC (Allocation Failure)  499307K->180203K(1033728K), 0.0040331 secs]
72.967: Total time for which application threads were stopped: 0.0042052 seconds, Stopping threads took: 0.0000196 seconds
73.034: [GC (Allocation Failure)  499691K->187918K(1033728K), 0.0041505 secs]
73.038: Total time for which application threads were stopped: 0.0043460 seconds, Stopping threads took: 0.0000206 seconds
73.108: [GC (Allocation Failure)  507406K->187886K(1033728K), 0.0037094 secs]
73.112: Total time for which application threads were stopped: 0.0038667 seconds, Stopping threads took: 0.0000253 seconds
73.178: [GC (Allocation Failure)  507374K->191494K(1033728K), 0.0049462 secs]
73.183: Total time for which application threads were stopped: 0.0050994 seconds, Stopping threads took: 0.0000266 seconds
73.252: [GC (Allocation Failure)  510982K->196008K(1034240K), 0.0042702 secs]
73.256: Total time for which application threads were stopped: 0.0044314 seconds, Stopping threads took: 0.0000208 seconds
73.323: [GC (Allocation Failure)  516520K->195912K(1034240K), 0.0040310 secs]
73.327: Total time for which application threads were stopped: 0.0041929 seconds, Stopping threads took: 0.0000200 seconds
73.394: [GC (Allocation Failure)  516424K->196648K(1034240K), 0.0039867 secs]
73.398: Total time for which application threads were stopped: 0.0041560 seconds, Stopping threads took: 0.0000201 seconds
73.465: [GC (Allocation Failure)  517160K->203978K(1034240K), 0.0041483 secs]
73.470: Total time for which application threads were stopped: 0.0043244 seconds, Stopping threads took: 0.0000212 seconds
73.537: [GC (Allocation Failure)  524490K->203946K(1034240K), 0.0039952 secs]
73.541: Total time for which application threads were stopped: 0.0041933 seconds, Stopping threads took: 0.0000212 seconds
73.608: [GC (Allocation Failure)  524458K->204906K(1034240K), 0.0039801 secs]
73.612: Total time for which application threads were stopped: 0.0041399 seconds, Stopping threads took: 0.0000191 seconds
73.679: [GC (Allocation Failure)  525418K->211980K(1034240K), 0.0041948 secs]
73.684: Total time for which application threads were stopped: 0.0043562 seconds, Stopping threads took: 0.0000193 seconds
73.751: [GC (Allocation Failure)  532492K->211980K(1034240K), 0.0039209 secs]
73.755: Total time for which application threads were stopped: 0.0041176 seconds, Stopping threads took: 0.0000206 seconds
73.823: [GC (Allocation Failure)  532492K->213132K(1034240K), 0.0042023 secs]
73.827: Total time for which application threads were stopped: 0.0043614 seconds, Stopping threads took: 0.0000196 seconds
73.895: [GC (Allocation Failure)  533644K->220079K(1034240K), 0.0041314 secs]
73.899: Total time for which application threads were stopped: 0.0042928 seconds, Stopping threads took: 0.0000204 seconds
73.966: [GC (Allocation Failure)  540591K->220015K(1034240K), 0.0042124 secs]
73.971: Total time for which application threads were stopped: 0.0043693 seconds, Stopping threads took: 0.0000194 seconds
74.037: [GC (Allocation Failure)  540527K->220359K(1020416K), 0.0040149 secs]
74.041: Total time for which application threads were stopped: 0.0041825 seconds, Stopping threads took: 0.0000196 seconds
74.109: [GC (Allocation Failure)  540871K->228105K(1033728K), 0.0042940 secs]
74.114: Total time for which application threads were stopped: 0.0044816 seconds, Stopping threads took: 0.0000256 seconds
74.180: [GC (Allocation Failure)  547593K->228041K(1033728K), 0.0041594 secs]
74.184: Total time for which application threads were stopped: 0.0043327 seconds, Stopping threads took: 0.0000209 seconds
74.250: [GC (Allocation Failure)  547529K->228585K(1033728K), 0.0041955 secs]
74.254: Total time for which application threads were stopped: 0.0043746 seconds, Stopping threads took: 0.0000221 seconds
74.322: [GC (Allocation Failure)  548073K->236139K(1033728K), 0.0040596 secs]
74.327: Total time for which application threads were stopped: 0.0042402 seconds, Stopping threads took: 0.0000201 seconds
74.394: [GC (Allocation Failure)  555627K->236107K(1033728K), 0.0039556 secs]
74.399: Total time for which application threads were stopped: 0.0041634 seconds, Stopping threads took: 0.0000201 seconds
74.465: [GC (Allocation Failure)  555595K->236803K(1033728K), 0.0045151 secs]
74.469: Total time for which application threads were stopped: 0.0046859 seconds, Stopping threads took: 0.0000201 seconds
74.537: [GC (Allocation Failure)  556291K->244134K(1033728K), 0.0040959 secs]
74.541: Total time for which application threads were stopped: 0.0042674 seconds, Stopping threads took: 0.0000203 seconds
74.608: [GC (Allocation Failure)  563622K->244102K(1033728K), 0.0039829 secs]
74.613: Total time for which application threads were stopped: 0.0041527 seconds, Stopping threads took: 0.0000284 seconds
74.679: [GC (Allocation Failure)  563590K->246126K(1033728K), 0.0045587 secs]
74.684: Total time for which application threads were stopped: 0.0047469 seconds, Stopping threads took: 0.0000193 seconds
74.753: [GC (Allocation Failure)  565614K->252144K(1033728K), 0.0040074 secs]
74.757: Total time for which application threads were stopped: 0.0041726 seconds, Stopping threads took: 0.0000204 seconds
74.823: [GC (Allocation Failure)  571632K->252176K(1033728K), 0.0039870 secs]
74.827: Total time for which application threads were stopped: 0.0041455 seconds, Stopping threads took: 0.0000193 seconds
74.893: [GC (Allocation Failure)  571664K->253320K(1033728K), 0.0041150 secs]
74.897: Total time for which application threads were stopped: 0.0043099 seconds, Stopping threads took: 0.0000198 seconds
74.966: [GC (Allocation Failure)  572808K->260170K(1033728K), 0.0041464 secs]
74.971: Total time for which application threads were stopped: 0.0042940 seconds, Stopping threads took: 0.0000173 seconds
75.037: [GC (Allocation Failure)  579658K->260202K(1033728K), 0.0041565 secs]
75.041: Total time for which application threads were stopped: 0.0043273 seconds, Stopping threads took: 0.0000198 seconds
75.107: [GC (Allocation Failure)  579690K->260490K(1033728K), 0.0104947 secs]
75.118: Total time for which application threads were stopped: 0.0106947 seconds, Stopping threads took: 0.0000218 seconds
75.186: [GC (Allocation Failure)  579978K->268236K(1033728K), 0.0041473 secs]
75.191: Total time for which application threads were stopped: 0.0043070 seconds, Stopping threads took: 0.0000171 seconds
75.257: [GC (Allocation Failure)  587724K->268204K(1033728K), 0.0042020 secs]
75.262: Total time for which application threads were stopped: 0.0043710 seconds, Stopping threads took: 0.0000204 seconds
75.327: [GC (Allocation Failure)  587692K->268716K(1033728K), 0.0044149 secs]
75.332: Total time for which application threads were stopped: 0.0045825 seconds, Stopping threads took: 0.0000191 seconds
75.400: [GC (Allocation Failure)  588204K->276303K(1033728K), 0.0042271 secs]
75.404: Total time for which application threads were stopped: 0.0043878 seconds, Stopping threads took: 0.0000198 seconds
75.471: [GC (Allocation Failure)  595791K->276239K(1033728K), 0.0044446 secs]
75.475: Total time for which application threads were stopped: 0.0046238 seconds, Stopping threads took: 0.0000198 seconds
75.543: [GC (Allocation Failure)  595727K->276967K(1033728K), 0.0045166 secs]
75.548: Total time for which application threads were stopped: 0.0046785 seconds, Stopping threads took: 0.0000200 seconds
75.616: [GC (Allocation Failure)  596455K->284297K(1033728K), 0.0040369 secs]
75.620: Total time for which application threads were stopped: 0.0042028 seconds, Stopping threads took: 0.0000265 seconds
75.687: [GC (Allocation Failure)  603785K->284233K(1033728K), 0.0042376 secs]
75.691: Total time for which application threads were stopped: 0.0044015 seconds, Stopping threads took: 0.0000271 seconds
75.757: [GC (Allocation Failure)  603721K->285193K(1033728K), 0.0043779 secs]
75.762: Total time for which application threads were stopped: 0.0045584 seconds, Stopping threads took: 0.0000202 seconds
75.830: [GC (Allocation Failure)  604681K->292331K(1033728K), 0.0042350 secs]
75.835: Total time for which application threads were stopped: 0.0043978 seconds, Stopping threads took: 0.0000203 seconds
75.902: [GC (Allocation Failure)  611819K->292331K(1033728K), 0.0040605 secs]
75.906: Total time for which application threads were stopped: 0.0042311 seconds, Stopping threads took: 0.0000203 seconds
75.974: [GC (Allocation Failure)  611819K->292419K(1033728K), 0.0041745 secs]
75.978: Total time for which application threads were stopped: 0.0043357 seconds, Stopping threads took: 0.0000197 seconds
76.045: [GC (Allocation Failure)  611907K->300325K(1027072K), 0.0040389 secs]
76.049: Total time for which application threads were stopped: 0.0042193 seconds, Stopping threads took: 0.0000205 seconds
76.116: [GC (Allocation Failure)  619813K->300325K(1033216K), 0.0041196 secs]
76.120: Total time for which application threads were stopped: 0.0042866 seconds, Stopping threads took: 0.0000257 seconds
76.186: [GC (Allocation Failure)  618789K->300645K(1033216K), 0.0043779 secs]
76.191: Total time for which application threads were stopped: 0.0045527 seconds, Stopping threads took: 0.0000256 seconds
76.258: [GC (Allocation Failure)  619109K->308360K(1033216K), 0.0040664 secs]
76.262: Total time for which application threads were stopped: 0.0042371 seconds, Stopping threads took: 0.0000204 seconds
76.327: [GC (Allocation Failure)  626824K->308360K(1033216K), 0.0043298 secs]
76.332: Total time for which application threads were stopped: 0.0045351 seconds, Stopping threads took: 0.0000202 seconds
76.397: [GC (Allocation Failure)  626824K->308872K(1033216K), 0.0044231 secs]
76.402: Total time for which application threads were stopped: 0.0045926 seconds, Stopping threads took: 0.0000196 seconds
76.467: [GC (Allocation Failure)  627336K->316394K(1033216K), 0.0044548 secs]
76.472: Total time for which application threads were stopped: 0.0046257 seconds, Stopping threads took: 0.0000207 seconds
76.539: [GC (Allocation Failure)  634858K->316394K(1033216K), 0.0040655 secs]
76.543: Total time for which application threads were stopped: 0.0042359 seconds, Stopping threads took: 0.0000200 seconds
76.608: [GC (Allocation Failure)  634858K->316618K(1033216K), 0.0044530 secs]
76.613: Total time for which application threads were stopped: 0.0046235 seconds, Stopping threads took: 0.0000202 seconds
76.679: [GC (Allocation Failure)  635082K->324460K(1033216K), 0.0042080 secs]
76.683: Total time for which application threads were stopped: 0.0043797 seconds, Stopping threads took: 0.0000199 seconds
76.748: [GC (Allocation Failure)  642924K->324460K(1033216K), 0.0041034 secs]
76.753: Total time for which application threads were stopped: 0.0042912 seconds, Stopping threads took: 0.0000279 seconds
76.819: [GC (Allocation Failure)  642924K->324580K(1033216K), 0.0045067 secs]
76.824: Total time for which application threads were stopped: 0.0046811 seconds, Stopping threads took: 0.0000207 seconds
76.891: [GC (Allocation Failure)  643044K->332454K(1033216K), 0.0044468 secs]
76.895: Total time for which application threads were stopped: 0.0046123 seconds, Stopping threads took: 0.0000204 seconds
76.961: [GC (Allocation Failure)  650918K->332486K(1033216K), 0.0042553 secs]
76.965: Total time for which application threads were stopped: 0.0044205 seconds, Stopping threads took: 0.0000199 seconds
77.030: [GC (Allocation Failure)  650950K->332518K(1033216K), 0.0044000 secs]
77.034: Total time for which application threads were stopped: 0.0045722 seconds, Stopping threads took: 0.0000199 seconds
77.102: [GC (Allocation Failure)  650982K->340521K(1033216K), 0.0043002 secs]
77.106: Total time for which application threads were stopped: 0.0044780 seconds, Stopping threads took: 0.0000260 seconds
77.173: [GC (Allocation Failure)  658985K->340489K(1033216K), 0.0041338 secs]
77.177: Total time for which application threads were stopped: 0.0043132 seconds, Stopping threads took: 0.0000273 seconds
77.243: [GC (Allocation Failure)  658953K->340777K(1033216K), 0.0041875 secs]
77.248: Total time for which application threads were stopped: 0.0043592 seconds, Stopping threads took: 0.0000175 seconds
77.314: [GC (Allocation Failure)  659241K->348555K(1033216K), 0.0043171 secs]
77.319: Total time for which application threads were stopped: 0.0044772 seconds, Stopping threads took: 0.0000192 seconds
77.387: [GC (Allocation Failure)  667019K->348555K(1033216K), 0.0042164 secs]
77.391: Total time for which application threads were stopped: 0.0043850 seconds, Stopping threads took: 0.0000194 seconds
77.455: [GC (Allocation Failure)  667019K->348779K(1033216K), 0.0042058 secs]
77.460: Total time for which application threads were stopped: 0.0043740 seconds, Stopping threads took: 0.0000194 seconds
77.525: [GC (Allocation Failure)  667243K->356557K(1033216K), 0.0043284 secs]
77.529: Total time for which application threads were stopped: 0.0045079 seconds, Stopping threads took: 0.0000293 seconds
77.594: [GC (Allocation Failure)  675021K->352651K(1033216K), 0.0033152 secs]
77.597: Total time for which application threads were stopped: 0.0034710 seconds, Stopping threads took: 0.0000199 seconds
77.664: [GC (Allocation Failure)  671115K->356717K(1034240K), 0.0042943 secs]
77.669: Total time for which application threads were stopped: 0.0044732 seconds, Stopping threads took: 0.0000284 seconds
77.735: [GC (Allocation Failure)  676717K->360717K(1033728K), 0.0050071 secs]
77.740: Total time for which application threads were stopped: 0.0051826 seconds, Stopping threads took: 0.0000205 seconds
77.805: [GC (Allocation Failure)  680717K->368203K(1028096K), 0.0075856 secs]
77.813: Total time for which application threads were stopped: 0.0077526 seconds, Stopping threads took: 0.0000196 seconds
77.879: [GC (Allocation Failure)  682571K->361965K(1031168K), 0.0046532 secs]
77.884: Total time for which application threads were stopped: 0.0048247 seconds, Stopping threads took: 0.0000195 seconds
77.950: [GC (Allocation Failure)  676333K->361933K(1032192K), 0.0044155 secs]
77.955: Total time for which application threads were stopped: 0.0045794 seconds, Stopping threads took: 0.0000189 seconds
78.020: [GC (Allocation Failure)  677837K->362885K(1031680K), 0.0046404 secs]
78.025: Total time for which application threads were stopped: 0.0048089 seconds, Stopping threads took: 0.0000195 seconds
78.091: [GC (Allocation Failure)  678789K->369991K(1032704K), 0.0043152 secs]
78.096: Total time for which application threads were stopped: 0.0044962 seconds, Stopping threads took: 0.0000208 seconds
78.162: [GC (Allocation Failure)  686919K->369959K(1032192K), 0.0042846 secs]
78.167: Total time for which application threads were stopped: 0.0044568 seconds, Stopping threads took: 0.0000201 seconds
78.234: [GC (Allocation Failure)  686887K->373703K(1033216K), 0.0051100 secs]
78.239: Total time for which application threads were stopped: 0.0052941 seconds, Stopping threads took: 0.0000206 seconds
78.307: [GC (Allocation Failure)  691655K->378058K(1032704K), 0.0044400 secs]
78.312: Total time for which application threads were stopped: 0.0046132 seconds, Stopping threads took: 0.0000198 seconds
78.381: [GC (Allocation Failure)  696010K->378026K(1033728K), 0.0044213 secs]
78.386: Total time for which application threads were stopped: 0.0045742 seconds, Stopping threads took: 0.0000174 seconds
78.451: [GC (Allocation Failure)  697514K->381930K(1033728K), 0.0054009 secs]
78.456: Total time for which application threads were stopped: 0.0055662 seconds, Stopping threads took: 0.0000199 seconds
78.522: [GC (Allocation Failure)  701418K->386156K(1034240K), 0.0042193 secs]
78.526: Total time for which application threads were stopped: 0.0043919 seconds, Stopping threads took: 0.0000205 seconds
78.593: [GC (Allocation Failure)  706668K->386028K(1034240K), 0.0042317 secs]
78.598: Total time for which application threads were stopped: 0.0044300 seconds, Stopping threads took: 0.0000210 seconds
78.667: [GC (Allocation Failure)  706540K->387084K(1034240K), 0.0051874 secs]
78.672: Total time for which application threads were stopped: 0.0053790 seconds, Stopping threads took: 0.0000194 seconds
78.741: [GC (Allocation Failure)  707596K->394094K(1034240K), 0.0043868 secs]
78.746: Total time for which application threads were stopped: 0.0045752 seconds, Stopping threads took: 0.0000198 seconds
78.813: [GC (Allocation Failure)  714606K->394062K(1034240K), 0.0043836 secs]
78.817: Total time for which application threads were stopped: 0.0045533 seconds, Stopping threads took: 0.0000197 seconds
78.884: [GC (Allocation Failure)  714574K->397358K(1034240K), 0.0050975 secs]
78.889: Total time for which application threads were stopped: 0.0052664 seconds, Stopping threads took: 0.0000203 seconds
78.956: [GC (Allocation Failure)  717870K->402097K(1034752K), 0.0044802 secs]
78.961: Total time for which application threads were stopped: 0.0046666 seconds, Stopping threads took: 0.0000201 seconds
79.028: [GC (Allocation Failure)  723633K->402097K(1034752K), 0.0045649 secs]
79.033: Total time for which application threads were stopped: 0.0047389 seconds, Stopping threads took: 0.0000198 seconds
79.098: [GC (Allocation Failure)  723633K->405609K(1034752K), 0.0051875 secs]
79.103: Total time for which application threads were stopped: 0.0053823 seconds, Stopping threads took: 0.0000215 seconds
79.174: [GC (Allocation Failure)  727145K->410187K(1034752K), 0.0043058 secs]
79.178: Total time for which application threads were stopped: 0.0045171 seconds, Stopping threads took: 0.0000271 seconds
79.247: [GC (Allocation Failure)  731723K->410123K(1035264K), 0.0041668 secs]
79.251: Total time for which application threads were stopped: 0.0043511 seconds, Stopping threads took: 0.0000180 seconds
79.319: [GC (Allocation Failure)  732171K->411275K(1034752K), 0.0044947 secs]
79.324: Total time for which application threads were stopped: 0.0046720 seconds, Stopping threads took: 0.0000165 seconds
79.394: [GC (Allocation Failure)  733323K->418189K(1034752K), 0.0044719 secs]
79.399: Total time for which application threads were stopped: 0.0046377 seconds, Stopping threads took: 0.0000187 seconds
79.464: [GC (Allocation Failure)  739725K->418189K(1034752K), 0.0043238 secs]
79.469: Total time for which application threads were stopped: 0.0045152 seconds, Stopping threads took: 0.0000191 seconds
79.535: [GC (Allocation Failure)  739725K->421037K(1034752K), 0.0048847 secs]
79.540: Total time for which application threads were stopped: 0.0050333 seconds, Stopping threads took: 0.0000176 seconds
79.606: [GC (Allocation Failure)  742573K->426319K(1034752K), 0.0044358 secs]
79.610: Total time for which application threads were stopped: 0.0045971 seconds, Stopping threads took: 0.0000205 seconds
79.677: [GC (Allocation Failure)  747855K->426191K(1034752K), 0.0044283 secs]
79.681: Total time for which application threads were stopped: 0.0046051 seconds, Stopping threads took: 0.0000283 seconds
79.746: [GC (Allocation Failure)  747727K->430311K(1034752K), 0.0054233 secs]
79.752: Total time for which application threads were stopped: 0.0055863 seconds, Stopping threads took: 0.0000197 seconds
79.817: [GC (Allocation Failure)  751847K->434282K(1035264K), 0.0043974 secs]
79.822: Total time for which application threads were stopped: 0.0045689 seconds, Stopping threads took: 0.0000207 seconds
79.890: [GC (Allocation Failure)  756842K->434218K(1035264K), 0.0044275 secs]
79.894: Total time for which application threads were stopped: 0.0045988 seconds, Stopping threads took: 0.0000205 seconds
79.961: [GC (Allocation Failure)  756778K->437482K(1035264K), 0.0051681 secs]
79.967: Total time for which application threads were stopped: 0.0053291 seconds, Stopping threads took: 0.0000193 seconds
80.035: [GC (Allocation Failure)  760042K->442252K(1035264K), 0.0050407 secs]
80.040: Total time for which application threads were stopped: 0.0052070 seconds, Stopping threads took: 0.0000200 seconds
80.106: [GC (Allocation Failure)  764812K->442284K(1035264K), 0.0044483 secs]
80.110: Total time for which application threads were stopped: 0.0046415 seconds, Stopping threads took: 0.0000196 seconds
80.178: [GC (Allocation Failure)  764844K->445772K(1035264K), 0.0049951 secs]
80.183: Total time for which application threads were stopped: 0.0051776 seconds, Stopping threads took: 0.0000192 seconds
80.253: [GC (Allocation Failure)  768332K->450318K(1034752K), 0.0043773 secs]
80.258: Total time for which application threads were stopped: 0.0045613 seconds, Stopping threads took: 0.0000172 seconds
80.328: [GC (Allocation Failure)  772878K->450318K(1035264K), 0.0101140 secs]
80.338: Total time for which application threads were stopped: 0.0102560 seconds, Stopping threads took: 0.0000170 seconds
80.405: [GC (Allocation Failure)  772878K->453958K(1035776K), 0.0053683 secs]
80.410: Total time for which application threads were stopped: 0.0055307 seconds, Stopping threads took: 0.0000190 seconds
80.478: [GC (Allocation Failure)  777542K->458376K(1035776K), 0.0043225 secs]
80.482: Total time for which application threads were stopped: 0.0044855 seconds, Stopping threads took: 0.0000204 seconds
80.552: [GC (Allocation Failure)  781960K->458312K(1035776K), 0.0043377 secs]
80.557: Total time for which application threads were stopped: 0.0045199 seconds, Stopping threads took: 0.0000199 seconds
80.624: [GC (Allocation Failure)  781896K->461192K(1035776K), 0.0047578 secs]
80.629: Total time for which application threads were stopped: 0.0049059 seconds, Stopping threads took: 0.0000253 seconds
80.699: [GC (Allocation Failure)  784776K->466443K(1035776K), 0.0045632 secs]
80.703: Total time for which application threads were stopped: 0.0047435 seconds, Stopping threads took: 0.0000222 seconds
80.773: [GC (Allocation Failure)  790027K->466347K(1035776K), 0.0045331 secs]
80.778: Total time for which application threads were stopped: 0.0047262 seconds, Stopping threads took: 0.0000206 seconds
80.847: [GC (Allocation Failure)  789931K->460296K(1034752K), 0.0021264 secs]
80.849: Total time for which application threads were stopped: 0.0022957 seconds, Stopping threads took: 0.0000241 seconds
80.916: [GC (Allocation Failure)  782856K->466347K(1035264K), 0.0044440 secs]
80.921: Total time for which application threads were stopped: 0.0045993 seconds, Stopping threads took: 0.0000191 seconds
80.989: [GC (Allocation Failure)  788907K->466379K(1035264K), 0.0045647 secs]
80.993: Total time for which application threads were stopped: 0.0047245 seconds, Stopping threads took: 0.0000193 seconds
81.060: [GC (Allocation Failure)  788939K->464616K(1035264K), 0.0040580 secs]
81.065: Total time for which application threads were stopped: 0.0042188 seconds, Stopping threads took: 0.0000184 seconds
81.132: [GC (Allocation Failure)  787176K->466571K(1035776K), 0.0044110 secs]
81.136: Total time for which application threads were stopped: 0.0045762 seconds, Stopping threads took: 0.0000263 seconds
81.204: [GC (Allocation Failure)  790155K->466347K(1035776K), 0.0045867 secs]
81.209: Total time for which application threads were stopped: 0.0047858 seconds, Stopping threads took: 0.0000275 seconds
81.277: [GC (Allocation Failure)  789931K->470952K(1032704K), 0.0062365 secs]
81.283: Total time for which application threads were stopped: 0.0063977 seconds, Stopping threads took: 0.0000188 seconds
81.351: [GC (Allocation Failure)  791464K->466507K(1034240K), 0.0052897 secs]
81.356: Total time for which application threads were stopped: 0.0054745 seconds, Stopping threads took: 0.0000259 seconds
81.423: [GC (Allocation Failure)  787019K->466347K(1035264K), 0.0044902 secs]
81.428: Total time for which application threads were stopped: 0.0046417 seconds, Stopping threads took: 0.0000170 seconds
81.495: [GC (Allocation Failure)  788395K->470632K(1034240K), 0.0064028 secs]
81.502: Total time for which application threads were stopped: 0.0065725 seconds, Stopping threads took: 0.0000203 seconds
81.569: [GC (Allocation Failure)  792680K->466475K(1034752K), 0.0046225 secs]
81.574: Total time for which application threads were stopped: 0.0047943 seconds, Stopping threads took: 0.0000202 seconds
81.640: [GC (Allocation Failure)  787499K->466379K(1034240K), 0.0043118 secs]
81.644: Total time for which application threads were stopped: 0.0044843 seconds, Stopping threads took: 0.0000287 seconds
81.709: [GC (Allocation Failure)  787403K->471368K(1032192K), 0.0068262 secs]
81.716: Total time for which application threads were stopped: 0.0070207 seconds, Stopping threads took: 0.0000251 seconds
81.783: [GC (Allocation Failure)  790856K->466411K(1033728K), 0.0043827 secs]
81.787: Total time for which application threads were stopped: 0.0045797 seconds, Stopping threads took: 0.0000202 seconds
81.857: [GC (Allocation Failure)  785899K->466347K(1034752K), 0.0045063 secs]
81.861: Total time for which application threads were stopped: 0.0046776 seconds, Stopping threads took: 0.0000206 seconds
81.928: [GC (Allocation Failure)  787371K->467944K(1034240K), 0.0080417 secs]
81.936: Total time for which application threads were stopped: 0.0082119 seconds, Stopping threads took: 0.0000201 seconds
82.004: [GC (Allocation Failure)  788968K->466571K(1035264K), 0.0045785 secs]
82.009: Total time for which application threads were stopped: 0.0047476 seconds, Stopping threads took: 0.0000199 seconds
82.076: [GC (Allocation Failure)  788619K->466347K(1034752K), 0.0045253 secs]
82.080: Total time for which application threads were stopped: 0.0047006 seconds, Stopping threads took: 0.0000196 seconds
82.148: [GC (Allocation Failure)  788395K->469704K(1033728K), 0.0057962 secs]
82.154: Total time for which application threads were stopped: 0.0059701 seconds, Stopping threads took: 0.0000272 seconds
82.222: [GC (Allocation Failure)  791240K->466539K(1034752K), 0.0045410 secs]
82.227: Total time for which application threads were stopped: 0.0047027 seconds, Stopping threads took: 0.0000197 seconds
82.292: [GC (Allocation Failure)  788075K->466347K(1035776K), 0.0046182 secs]
82.297: Total time for which application threads were stopped: 0.0048253 seconds, Stopping threads took: 0.0000192 seconds
82.363: [GC (Allocation Failure)  789419K->472432K(1035264K), 0.0100531 secs]
82.374: Total time for which application threads were stopped: 0.0102165 seconds, Stopping threads took: 0.0000179 seconds
82.443: [GC (Allocation Failure)  795504K->467859K(1033216K), 0.0046909 secs]
82.448: Total time for which application threads were stopped: 0.0048553 seconds, Stopping threads took: 0.0000200 seconds
82.515: [GC (Allocation Failure)  788371K->467731K(1034240K), 0.0045761 secs]
82.520: Total time for which application threads were stopped: 0.0047564 seconds, Stopping threads took: 0.0000294 seconds
82.587: [GC (Allocation Failure)  788243K->474504K(1030656K), 0.0073787 secs]
82.594: Total time for which application threads were stopped: 0.0075533 seconds, Stopping threads took: 0.0000202 seconds
82.661: [GC (Allocation Failure)  791944K->468811K(1032704K), 0.0047136 secs]
82.666: Total time for which application threads were stopped: 0.0048893 seconds, Stopping threads took: 0.0000260 seconds
82.734: [GC (Allocation Failure)  786251K->468747K(1033728K), 0.0043956 secs]
82.738: Total time for which application threads were stopped: 0.0045741 seconds, Stopping threads took: 0.0000199 seconds
82.806: [GC (Allocation Failure)  787723K->466024K(1033216K), 0.0036112 secs]
82.809: Total time for which application threads were stopped: 0.0037913 seconds, Stopping threads took: 0.0000281 seconds
82.876: [GC (Allocation Failure)  785000K->468779K(1033728K), 0.0043458 secs]
82.881: Total time for which application threads were stopped: 0.0045189 seconds, Stopping threads took: 0.0000207 seconds
82.949: [GC (Allocation Failure)  787755K->468747K(1033216K), 0.0044194 secs]
82.954: Total time for which application threads were stopped: 0.0045790 seconds, Stopping threads took: 0.0000197 seconds
83.020: [GC (Allocation Failure)  787723K->471755K(1033216K), 0.0051439 secs]
83.025: Total time for which application threads were stopped: 0.0053255 seconds, Stopping threads took: 0.0000193 seconds
83.094: [GC (Allocation Failure)  791243K->477005K(1033728K), 0.0045789 secs]
83.099: Total time for which application threads were stopped: 0.0047432 seconds, Stopping threads took: 0.0000206 seconds
83.166: [GC (Allocation Failure)  796493K->476813K(1035264K), 0.0044486 secs]
83.171: Total time for which application threads were stopped: 0.0046483 seconds, Stopping threads took: 0.0000284 seconds
83.239: [GC (Allocation Failure)  798349K->476901K(1034240K), 0.0045597 secs]
83.244: Total time for which application threads were stopped: 0.0047219 seconds, Stopping threads took: 0.0000205 seconds
83.312: [GC (Allocation Failure)  798437K->484871K(1034752K), 0.0046606 secs]
83.316: Total time for which application threads were stopped: 0.0048293 seconds, Stopping threads took: 0.0000199 seconds
83.385: [GC (Allocation Failure)  805895K->484807K(1034240K), 0.0045321 secs]
83.390: Total time for which application threads were stopped: 0.0047036 seconds, Stopping threads took: 0.0000203 seconds
83.456: [GC (Allocation Failure)  805831K->485127K(1033728K), 0.0044853 secs]
83.461: Total time for which application threads were stopped: 0.0046656 seconds, Stopping threads took: 0.0000210 seconds
83.530: [GC (Allocation Failure)  805639K->492969K(1034240K), 0.0045462 secs]
83.534: Total time for which application threads were stopped: 0.0047134 seconds, Stopping threads took: 0.0000198 seconds
83.602: [GC (Allocation Failure)  813481K->492873K(1034752K), 0.0044306 secs]
83.607: Total time for which application threads were stopped: 0.0046224 seconds, Stopping threads took: 0.0000201 seconds
83.674: [GC (Allocation Failure)  814409K->496489K(1034752K), 0.0053163 secs]
83.679: Total time for which application threads were stopped: 0.0054951 seconds, Stopping threads took: 0.0000281 seconds
83.747: [GC (Allocation Failure)  818025K->500908K(1035264K), 0.0046013 secs]
83.752: Total time for which application threads were stopped: 0.0047731 seconds, Stopping threads took: 0.0000196 seconds
83.820: [GC (Allocation Failure)  822956K->500876K(1034752K), 0.0047257 secs]
83.824: Total time for which application threads were stopped: 0.0049138 seconds, Stopping threads took: 0.0000200 seconds
83.893: [GC (Allocation Failure)  822924K->502636K(1034240K), 0.0048166 secs]
83.898: Total time for which application threads were stopped: 0.0049965 seconds, Stopping threads took: 0.0000169 seconds
83.968: [GC (Allocation Failure)  824172K->508910K(1034752K), 0.0045427 secs]
83.973: Total time for which application threads were stopped: 0.0046984 seconds, Stopping threads took: 0.0000174 seconds
84.040: [GC (Allocation Failure)  830446K->508910K(1035264K), 0.0046558 secs]
84.045: Total time for which application threads were stopped: 0.0048291 seconds, Stopping threads took: 0.0000206 seconds
84.112: [GC (Allocation Failure)  831470K->512902K(1035264K), 0.0054192 secs]
84.118: Total time for which application threads were stopped: 0.0056127 seconds, Stopping threads took: 0.0000193 seconds
84.187: [GC (Allocation Failure)  835462K->517128K(1035264K), 0.0045270 secs]
84.192: Total time for which application threads were stopped: 0.0046870 seconds, Stopping threads took: 0.0000255 seconds
84.260: [GC (Allocation Failure)  839688K->516968K(1035264K), 0.0045545 secs]
84.265: Total time for which application threads were stopped: 0.0047475 seconds, Stopping threads took: 0.0000200 seconds
84.332: [GC (Allocation Failure)  839528K->513062K(1035776K), 0.0085389 secs]
84.340: Total time for which application threads were stopped: 0.0087219 seconds, Stopping threads took: 0.0000402 seconds
84.409: [GC (Allocation Failure)  836134K->517096K(1035264K), 0.0045628 secs]
84.413: Total time for which application threads were stopped: 0.0047522 seconds, Stopping threads took: 0.0000196 seconds
84.480: [GC (Allocation Failure)  840168K->516904K(1035776K), 0.0045547 secs]
84.485: Total time for which application threads were stopped: 0.0047403 seconds, Stopping threads took: 0.0000172 seconds
84.554: [GC (Allocation Failure)  840488K->519430K(1033728K), 0.0054946 secs]
84.560: Total time for which application threads were stopped: 0.0056940 seconds, Stopping threads took: 0.0000273 seconds
84.629: [GC (Allocation Failure)  843014K->517032K(1035264K), 0.0044967 secs]
84.634: Total time for which application threads were stopped: 0.0046664 seconds, Stopping threads took: 0.0000283 seconds
84.702: [GC (Allocation Failure)  839080K->516968K(1034752K), 0.0045058 secs]
84.706: Total time for which application threads were stopped: 0.0046605 seconds, Stopping threads took: 0.0000195 seconds
84.773: [GC (Allocation Failure)  839016K->523694K(1031168K), 0.0077215 secs]
84.781: Total time for which application threads were stopped: 0.0078891 seconds, Stopping threads took: 0.0000194 seconds
84.849: [GC (Allocation Failure)  842158K->518480K(1033216K), 0.0047261 secs]
84.853: Total time for which application threads were stopped: 0.0048954 seconds, Stopping threads took: 0.0000195 seconds
84.919: [GC (Allocation Failure)  836944K->518448K(1034752K), 0.0046191 secs]
84.924: Total time for which application threads were stopped: 0.0047749 seconds, Stopping threads took: 0.0000199 seconds
84.991: [GC (Allocation Failure)  838960K->519310K(1033728K), 0.0050297 secs]
84.996: Total time for which application threads were stopped: 0.0051991 seconds, Stopping threads took: 0.0000200 seconds
85.063: [GC (Allocation Failure)  839822K->518736K(1035264K), 0.0047042 secs]
85.068: Total time for which application threads were stopped: 0.0048849 seconds, Stopping threads took: 0.0000200 seconds
85.136: [GC (Allocation Failure)  840784K->518416K(1034752K), 0.0051710 secs]
85.141: Total time for which application threads were stopped: 0.0053385 seconds, Stopping threads took: 0.0000268 seconds
85.210: [GC (Allocation Failure)  840464K->520558K(1034752K), 0.0054355 secs]
85.215: Total time for which application threads were stopped: 0.0055827 seconds, Stopping threads took: 0.0000189 seconds
85.284: [GC (Allocation Failure)  843118K->518640K(1035264K), 0.0045215 secs]
85.289: Total time for which application threads were stopped: 0.0046910 seconds, Stopping threads took: 0.0000277 seconds
85.358: [GC (Allocation Failure)  841200K->518448K(1036288K), 0.0044995 secs]
85.363: Total time for which application threads were stopped: 0.0046639 seconds, Stopping threads took: 0.0000187 seconds
85.431: [GC (Allocation Failure)  842544K->526342K(1035776K), 0.0082431 secs]
85.439: Total time for which application threads were stopped: 0.0084335 seconds, Stopping threads took: 0.0000188 seconds
85.509: [GC (Allocation Failure)  850438K->522312K(1032704K), 0.0048697 secs]
85.514: Total time for which application threads were stopped: 0.0050205 seconds, Stopping threads took: 0.0000169 seconds
85.579: [GC (Allocation Failure)  842824K->522152K(1034240K), 0.0048018 secs]
85.584: Total time for which application threads were stopped: 0.0049720 seconds, Stopping threads took: 0.0000199 seconds
85.652: [GC (Allocation Failure)  842664K->515398K(1032704K), 0.0018540 secs]
85.654: Total time for which application threads were stopped: 0.0019915 seconds, Stopping threads took: 0.0000266 seconds
85.721: [GC (Allocation Failure)  834886K->522240K(1033728K), 0.0046273 secs]
85.725: Total time for which application threads were stopped: 0.0047963 seconds, Stopping threads took: 0.0000202 seconds
85.793: [GC (Allocation Failure)  841728K->526272K(1034752K), 0.0052804 secs]
85.798: Total time for which application threads were stopped: 0.0054615 seconds, Stopping threads took: 0.0000197 seconds
85.865: [GC (Allocation Failure)  847296K->532526K(1034240K), 0.0073985 secs]
85.873: Total time for which application threads were stopped: 0.0075705 seconds, Stopping threads took: 0.0000199 seconds
85.940: [GC (Allocation Failure)  853550K->526768K(1033216K), 0.0065826 secs]
85.947: Total time for which application threads were stopped: 0.0067564 seconds, Stopping threads took: 0.0000194 seconds
86.014: [GC (Allocation Failure)  846256K->526768K(1033728K), 0.0047391 secs]
86.019: Total time for which application threads were stopped: 0.0049192 seconds, Stopping threads took: 0.0000223 seconds
86.085: [GC (Allocation Failure)  846256K->529678K(1033216K), 0.0057806 secs]
86.091: Total time for which application threads were stopped: 0.0059457 seconds, Stopping threads took: 0.0000278 seconds
86.160: [GC (Allocation Failure)  849166K->526992K(1033728K), 0.0045539 secs]
86.165: Total time for which application threads were stopped: 0.0047103 seconds, Stopping threads took: 0.0000253 seconds
86.234: [GC (Allocation Failure)  846480K->526768K(1034752K), 0.0046536 secs]
86.239: Total time for which application threads were stopped: 0.0048180 seconds, Stopping threads took: 0.0000202 seconds
86.306: [GC (Allocation Failure)  847792K->526318K(1034240K), 0.0045253 secs]
86.310: Total time for which application threads were stopped: 0.0046978 seconds, Stopping threads took: 0.0000198 seconds
86.379: [GC (Allocation Failure)  847342K->526960K(1035264K), 0.0047074 secs]
86.384: Total time for which application threads were stopped: 0.0049011 seconds, Stopping threads took: 0.0000203 seconds
86.452: [GC (Allocation Failure)  849008K->526800K(1034752K), 0.0047589 secs]
86.457: Total time for which application threads were stopped: 0.0049154 seconds, Stopping threads took: 0.0000190 seconds
86.524: [GC (Allocation Failure)  848848K->528014K(1035776K), 0.0051876 secs]
86.529: Total time for which application threads were stopped: 0.0053477 seconds, Stopping threads took: 0.0000192 seconds
86.598: [GC (Allocation Failure)  851598K->526896K(1035776K), 0.0044904 secs]
86.602: Total time for which application threads were stopped: 0.0046474 seconds, Stopping threads took: 0.0000191 seconds
86.670: [GC (Allocation Failure)  850480K->526800K(1036288K), 0.0046454 secs]
86.675: Total time for which application threads were stopped: 0.0048059 seconds, Stopping threads took: 0.0000194 seconds
86.743: [GC (Allocation Failure)  851408K->520014K(1025536K), 0.0020316 secs]
86.745: Total time for which application threads were stopped: 0.0021769 seconds, Stopping threads took: 0.0000196 seconds
86.813: [GC (Allocation Failure)  844622K->526904K(1035776K), 0.0045357 secs]
86.818: Total time for which application threads were stopped: 0.0047044 seconds, Stopping threads took: 0.0000221 seconds
86.886: [GC (Allocation Failure)  850488K->530912K(1035776K), 0.0056154 secs]
86.892: Total time for which application threads were stopped: 0.0057765 seconds, Stopping threads took: 0.0000206 seconds
86.960: [GC (Allocation Failure)  854496K->530944K(1036800K), 0.0047172 secs]
86.964: Total time for which application threads were stopped: 0.0048863 seconds, Stopping threads took: 0.0000198 seconds
87.032: [GC (Allocation Failure)  856064K->530984K(1025024K), 0.0045421 secs]
87.037: Total time for which application threads were stopped: 0.0047023 seconds, Stopping threads took: 0.0000195 seconds
87.105: [GC (Allocation Failure)  856104K->538955K(1035776K), 0.0047033 secs]
87.110: Total time for which application threads were stopped: 0.0048809 seconds, Stopping threads took: 0.0000189 seconds
87.178: [GC (Allocation Failure)  862539K->538923K(1035776K), 0.0045898 secs]
87.183: Total time for which application threads were stopped: 0.0047600 seconds, Stopping threads took: 0.0000194 seconds
87.250: [GC (Allocation Failure)  862507K->539211K(1034752K), 0.0045311 secs]
87.255: Total time for which application threads were stopped: 0.0047062 seconds, Stopping threads took: 0.0000261 seconds
87.322: [GC (Allocation Failure)  861771K->546989K(1035264K), 0.0051479 secs]
87.327: Total time for which application threads were stopped: 0.0053189 seconds, Stopping threads took: 0.0000204 seconds
87.397: [GC (Allocation Failure)  869549K->547021K(1035264K), 0.0048664 secs]
87.402: Total time for which application threads were stopped: 0.0050361 seconds, Stopping threads took: 0.0000199 seconds
87.470: [GC (Allocation Failure)  869581K->547469K(1035264K), 0.0048322 secs]
87.475: Total time for which application threads were stopped: 0.0050045 seconds, Stopping threads took: 0.0000199 seconds
87.543: [GC (Allocation Failure)  870029K->555023K(1035264K), 0.0044962 secs]
87.547: Total time for which application threads were stopped: 0.0046704 seconds, Stopping threads took: 0.0000201 seconds
87.616: [GC (Allocation Failure)  877583K->554991K(1035264K), 0.0048555 secs]
87.621: Total time for which application threads were stopped: 0.0050174 seconds, Stopping threads took: 0.0000199 seconds
87.689: [GC (Allocation Failure)  877551K->555175K(1034240K), 0.0046042 secs]
87.693: Total time for which application threads were stopped: 0.0047736 seconds, Stopping threads took: 0.0000259 seconds
87.761: [GC (Allocation Failure)  876711K->563081K(1034752K), 0.0047573 secs]
87.766: Total time for which application threads were stopped: 0.0049348 seconds, Stopping threads took: 0.0000260 seconds
87.834: [GC (Allocation Failure)  884617K->563081K(1034752K), 0.0046423 secs]
87.839: Total time for which application threads were stopped: 0.0048000 seconds, Stopping threads took: 0.0000170 seconds
87.904: [GC (Allocation Failure)  884617K->563177K(1021440K), 0.0045574 secs]
87.909: Total time for which application threads were stopped: 0.0047557 seconds, Stopping threads took: 0.0000202 seconds
87.978: [GC (Allocation Failure)  884713K->571084K(1034240K), 0.0045030 secs]
87.982: Total time for which application threads were stopped: 0.0046674 seconds, Stopping threads took: 0.0000179 seconds
88.051: [GC (Allocation Failure)  891596K->571084K(1034240K), 0.0047727 secs]
88.056: Total time for which application threads were stopped: 0.0049403 seconds, Stopping threads took: 0.0000199 seconds
88.122: [GC (Allocation Failure)  891596K->571148K(1034240K), 0.0047182 secs]
88.127: Total time for which application threads were stopped: 0.0048788 seconds, Stopping threads took: 0.0000192 seconds
88.194: [GC (Allocation Failure)  891660K->579150K(1034240K), 0.0049713 secs]
88.199: Total time for which application threads were stopped: 0.0051363 seconds, Stopping threads took: 0.0000195 seconds
88.267: [GC (Allocation Failure)  899662K->579118K(1034240K), 0.0047563 secs]
88.272: Total time for which application threads were stopped: 0.0049160 seconds, Stopping threads took: 0.0000200 seconds
88.339: [GC (Allocation Failure)  899630K->579374K(1020416K), 0.0050378 secs]
88.344: Total time for which application threads were stopped: 0.0052013 seconds, Stopping threads took: 0.0000178 seconds
88.413: [GC (Allocation Failure)  899886K->587184K(1033728K), 0.0048889 secs]
88.418: Total time for which application threads were stopped: 0.0050521 seconds, Stopping threads took: 0.0000202 seconds
88.484: [GC (Allocation Failure)  906672K->587152K(1033728K), 0.0045831 secs]
88.489: Total time for which application threads were stopped: 0.0047804 seconds, Stopping threads took: 0.0000213 seconds
88.556: [GC (Allocation Failure)  906640K->587592K(1033728K), 0.0047859 secs]
88.561: Total time for which application threads were stopped: 0.0049643 seconds, Stopping threads took: 0.0000211 seconds
88.627: [GC (Allocation Failure)  907080K->595210K(1033728K), 0.0045780 secs]
88.632: Total time for which application threads were stopped: 0.0047657 seconds, Stopping threads took: 0.0000263 seconds
88.701: [GC (Allocation Failure)  914698K->595210K(1033728K), 0.0047397 secs]
88.705: Total time for which application threads were stopped: 0.0049331 seconds, Stopping threads took: 0.0000202 seconds
88.774: [GC (Allocation Failure)  914698K->595338K(1033728K), 0.0047895 secs]
88.779: Total time for which application threads were stopped: 0.0049788 seconds, Stopping threads took: 0.0000191 seconds
88.847: [GC (Allocation Failure)  914826K->603213K(1033728K), 0.0048817 secs]
88.852: Total time for which application threads were stopped: 0.0050525 seconds, Stopping threads took: 0.0000195 seconds
88.919: [GC (Allocation Failure)  922701K->603213K(1033728K), 0.0046446 secs]
88.924: Total time for which application threads were stopped: 0.0047991 seconds, Stopping threads took: 0.0000187 seconds
88.989: [GC (Allocation Failure)  922701K->603269K(1032704K), 0.0047697 secs]
88.994: Total time for which application threads were stopped: 0.0049606 seconds, Stopping threads took: 0.0000201 seconds
89.063: [GC (Allocation Failure)  921733K->611239K(1033216K), 0.0047150 secs]
89.068: Total time for which application threads were stopped: 0.0048730 seconds, Stopping threads took: 0.0000171 seconds
89.133: [GC (Allocation Failure)  929703K->611271K(1033216K), 0.0045077 secs]
89.138: Total time for which application threads were stopped: 0.0046731 seconds, Stopping threads took: 0.0000267 seconds
89.204: [GC (Allocation Failure)  929735K->611303K(1033216K), 0.0048091 secs]
89.209: Total time for which application threads were stopped: 0.0049695 seconds, Stopping threads took: 0.0000250 seconds
89.276: [GC (Allocation Failure)  929767K->619273K(1033216K), 0.0047574 secs]
89.281: Total time for which application threads were stopped: 0.0049323 seconds, Stopping threads took: 0.0000202 seconds
89.346: [GC (Allocation Failure)  937737K->613927K(1033216K), 0.0048702 secs]
89.351: Total time for which application threads were stopped: 0.0050756 seconds, Stopping threads took: 0.0000246 seconds
89.417: [GC (Allocation Failure)  932391K->619505K(1034752K), 0.0047843 secs]
89.422: Total time for which application threads were stopped: 0.0049532 seconds, Stopping threads took: 0.0000193 seconds
89.490: [GC (Allocation Failure)  940017K->623385K(1033728K), 0.0048623 secs]
89.495: Total time for which application threads were stopped: 0.0050277 seconds, Stopping threads took: 0.0000215 seconds
89.562: [GC (Allocation Failure)  943897K->630535K(1029120K), 0.0079251 secs]
89.570: Total time for which application threads were stopped: 0.0080964 seconds, Stopping threads took: 0.0000185 seconds
89.637: [GC (Allocation Failure)  945927K->624425K(1031680K), 0.0046221 secs]
89.642: Total time for which application threads were stopped: 0.0047880 seconds, Stopping threads took: 0.0000256 seconds
89.707: [GC (Allocation Failure)  939817K->624297K(1032704K), 0.0049463 secs]
89.712: Total time for which application threads were stopped: 0.0051619 seconds, Stopping threads took: 0.0000258 seconds
89.776: [GC (Allocation Failure)  941225K->627913K(1032192K), 0.0056950 secs]
89.782: Total time for which application threads were stopped: 0.0058976 seconds, Stopping threads took: 0.0000274 seconds
89.850: [GC (Allocation Failure)  944841K->632395K(1033216K), 0.0047338 secs]
89.855: Total time for which application threads were stopped: 0.0048840 seconds, Stopping threads took: 0.0000175 seconds
89.922: [GC (Allocation Failure)  950347K->632299K(1032704K), 0.0048657 secs]
89.927: Total time for which application threads were stopped: 0.0050427 seconds, Stopping threads took: 0.0000277 seconds
89.994: [GC (Allocation Failure)  950251K->633579K(1033216K), 0.0050343 secs]
89.999: Total time for which application threads were stopped: 0.0051925 seconds, Stopping threads took: 0.0000187 seconds
90.066: [GC (Allocation Failure)  952043K->640366K(1033216K), 0.0047884 secs]
90.071: Total time for which application threads were stopped: 0.0049674 seconds, Stopping threads took: 0.0000200 seconds
90.139: [GC (Allocation Failure)  958830K->640334K(1033728K), 0.0055110 secs]
90.144: Total time for which application threads were stopped: 0.0056733 seconds, Stopping threads took: 0.0000194 seconds
90.211: [GC (Allocation Failure)  959822K->642830K(1033728K), 0.0051587 secs]
90.216: Total time for which application threads were stopped: 0.0053351 seconds, Stopping threads took: 0.0000277 seconds
90.284: [GC (Allocation Failure)  962318K->648400K(1033728K), 0.0049254 secs]
90.289: Total time for which application threads were stopped: 0.0050965 seconds, Stopping threads took: 0.0000200 seconds
90.356: [GC (Allocation Failure)  967888K->648400K(1033728K), 0.0046511 secs]
90.361: Total time for which application threads were stopped: 0.0048058 seconds, Stopping threads took: 0.0000139 seconds
90.428: [GC (Allocation Failure)  967888K->650032K(1034240K), 0.0060787 secs]
90.435: Total time for which application threads were stopped: 0.0062386 seconds, Stopping threads took: 0.0000172 seconds
90.502: [GC (Allocation Failure)  970544K->656466K(1034240K), 0.0050094 secs]
90.507: Total time for which application threads were stopped: 0.0051866 seconds, Stopping threads took: 0.0000208 seconds
90.575: [GC (Allocation Failure)  976978K->656434K(1034240K), 0.0056836 secs]
90.581: Total time for which application threads were stopped: 0.0058586 seconds, Stopping threads took: 0.0000204 seconds
90.648: [GC (Allocation Failure)  976946K->660330K(1034240K), 0.0057318 secs]
90.654: Total time for which application threads were stopped: 0.0059061 seconds, Stopping threads took: 0.0000270 seconds
90.722: [GC (Allocation Failure)  980842K->664557K(1034752K), 0.0045961 secs]
90.727: Total time for which application threads were stopped: 0.0047511 seconds, Stopping threads took: 0.0000257 seconds
90.793: [GC (Allocation Failure)  986093K->664429K(1034752K), 0.0051015 secs]
90.799: Total time for which application threads were stopped: 0.0052731 seconds, Stopping threads took: 0.0000207 seconds
90.864: [GC (Allocation Failure)  985965K->668589K(1035264K), 0.0058526 secs]
90.870: Total time for which application threads were stopped: 0.0060303 seconds, Stopping threads took: 0.0000210 seconds
90.938: [GC (Allocation Failure)  990637K->672527K(1034752K), 0.0048582 secs]
90.943: Total time for which application threads were stopped: 0.0050353 seconds, Stopping threads took: 0.0000217 seconds
91.011: [GC (Allocation Failure)  994575K->672463K(1035264K), 0.0047175 secs]
91.016: Total time for which application threads were stopped: 0.0048971 seconds, Stopping threads took: 0.0000196 seconds
91.081: [GC (Allocation Failure)  995023K->675751K(1035264K), 0.0055646 secs]
91.087: Total time for which application threads were stopped: 0.0057481 seconds, Stopping threads took: 0.0000389 seconds
91.155: [GC (Allocation Failure)  998311K->680521K(1035264K), 0.0047545 secs]
91.160: Total time for which application threads were stopped: 0.0049564 seconds, Stopping threads took: 0.0000195 seconds
91.226: [GC (Allocation Failure)  1003081K->680489K(1035264K), 0.0050196 secs]
91.231: Total time for which application threads were stopped: 0.0053276 seconds, Stopping threads took: 0.0000256 seconds
91.298: [GC (Allocation Failure)  1003049K->683977K(1035264K), 0.0058141 secs]
91.304: Total time for which application threads were stopped: 0.0059863 seconds, Stopping threads took: 0.0000185 seconds
91.373: [GC (Allocation Failure)  1006537K->688555K(1035264K), 0.0048636 secs]
91.378: Total time for which application threads were stopped: 0.0050577 seconds, Stopping threads took: 0.0000200 seconds
91.447: [GC (Allocation Failure)  1011115K->688555K(1035264K), 0.0049057 secs]
91.452: Total time for which application threads were stopped: 0.0050561 seconds, Stopping threads took: 0.0000172 seconds
91.517: [GC (Allocation Failure)  1011115K->692235K(1035264K), 0.0057534 secs]
91.523: [Full GC (Ergonomics)  692235K->12160K(1035264K), 0.0177994 secs]
91.541: Total time for which application threads were stopped: 0.0238656 seconds, Stopping threads took: 0.0000188 seconds
91.609: [GC (Allocation Failure)  334720K->20706K(1034752K), 0.0037557 secs]
91.613: Total time for which application threads were stopped: 0.0039188 seconds, Stopping threads took: 0.0000205 seconds
91.680: [GC (Allocation Failure)  343266K->20690K(1035264K), 0.0040280 secs]
91.684: Total time for which application threads were stopped: 0.0041954 seconds, Stopping threads took: 0.0000265 seconds
91.751: [GC (Allocation Failure)  343250K->24618K(1035776K), 0.0044869 secs]
91.756: Total time for which application threads were stopped: 0.0046573 seconds, Stopping threads took: 0.0000194 seconds
91.825: [GC (Allocation Failure)  348202K->28812K(1035776K), 0.0038378 secs]
91.829: Total time for which application threads were stopped: 0.0040035 seconds, Stopping threads took: 0.0000208 seconds
91.897: [GC (Allocation Failure)  352396K->28748K(1035776K), 0.0037281 secs]
91.900: Total time for which application threads were stopped: 0.0039027 seconds, Stopping threads took: 0.0000205 seconds
91.968: [GC (Allocation Failure)  352332K->31820K(1035776K), 0.0058008 secs]
91.974: Total time for which application threads were stopped: 0.0059935 seconds, Stopping threads took: 0.0000192 seconds
92.042: [GC (Allocation Failure)  355404K->36782K(1035776K), 0.0036091 secs]
92.046: Total time for which application threads were stopped: 0.0037859 seconds, Stopping threads took: 0.0000213 seconds
92.114: [GC (Allocation Failure)  360366K->36750K(1035776K), 0.0035742 secs]
92.117: Total time for which application threads were stopped: 0.0037528 seconds, Stopping threads took: 0.0000193 seconds
92.185: [GC (Allocation Failure)  360334K->35052K(1036288K), 0.0029568 secs]
92.188: Total time for which application threads were stopped: 0.0031133 seconds, Stopping threads took: 0.0000193 seconds
92.258: [GC (Allocation Failure)  359148K->37006K(1035776K), 0.0037812 secs]
92.262: Total time for which application threads were stopped: 0.0039487 seconds, Stopping threads took: 0.0000194 seconds
92.330: [GC (Allocation Failure)  361102K->36750K(1036288K), 0.0082827 secs]
92.338: Total time for which application threads were stopped: 0.0084488 seconds, Stopping threads took: 0.0000201 seconds
92.406: [GC (Allocation Failure)  361358K->44444K(1036288K), 0.0072365 secs]
92.414: Total time for which application threads were stopped: 0.0074019 seconds, Stopping threads took: 0.0000197 seconds
92.481: [GC (Allocation Failure)  369052K->40414K(1032192K), 0.0038122 secs]
92.485: Total time for which application threads were stopped: 0.0040091 seconds, Stopping threads took: 0.0000281 seconds
92.551: [GC (Allocation Failure)  360926K->40222K(1034240K), 0.0045298 secs]
92.555: Total time for which application threads were stopped: 0.0047129 seconds, Stopping threads took: 0.0000256 seconds
92.621: [GC (Allocation Failure)  360734K->33788K(1033728K), 0.0012430 secs]
92.622: Total time for which application threads were stopped: 0.0013696 seconds, Stopping threads took: 0.0000200 seconds
92.692: [GC (Allocation Failure)  354300K->40390K(1034240K), 0.0036799 secs]
92.695: Total time for which application threads were stopped: 0.0038700 seconds, Stopping threads took: 0.0000265 seconds
92.763: [GC (Allocation Failure)  360902K->44366K(1035264K), 0.0042510 secs]
92.767: Total time for which application threads were stopped: 0.0044114 seconds, Stopping threads took: 0.0000201 seconds
92.835: [GC (Allocation Failure)  366414K->37676K(1034752K), 0.0010207 secs]
92.836: Total time for which application threads were stopped: 0.0011451 seconds, Stopping threads took: 0.0000199 seconds
92.903: [GC (Allocation Failure)  359724K->44518K(1035264K), 0.0037623 secs]
92.907: Total time for which application threads were stopped: 0.0039222 seconds, Stopping threads took: 0.0000196 seconds
92.975: [GC (Allocation Failure)  366566K->48550K(1034752K), 0.0044487 secs]
92.979: Total time for which application threads were stopped: 0.0046149 seconds, Stopping threads took: 0.0000197 seconds
93.046: [GC (Allocation Failure)  370598K->44548K(1035776K), 0.0023776 secs]
93.049: Total time for which application threads were stopped: 0.0025251 seconds, Stopping threads took: 0.0000200 seconds
93.117: [GC (Allocation Failure)  367620K->48590K(1035264K), 0.0038875 secs]
93.121: Total time for which application threads were stopped: 0.0040574 seconds, Stopping threads took: 0.0000197 seconds
93.189: [GC (Allocation Failure)  371662K->52654K(1035776K), 0.0035666 secs]
93.192: Total time for which application threads were stopped: 0.0037243 seconds, Stopping threads took: 0.0000263 seconds
93.260: [GC (Allocation Failure)  376238K->52654K(1035776K), 0.0034817 secs]
93.264: Total time for which application threads were stopped: 0.0036535 seconds, Stopping threads took: 0.0000205 seconds
93.333: [GC (Allocation Failure)  376238K->52942K(1034752K), 0.0053120 secs]
93.339: Total time for which application threads were stopped: 0.0054830 seconds, Stopping threads took: 0.0000252 seconds
93.407: [GC (Allocation Failure)  375502K->60689K(1035264K), 0.0037404 secs]
93.411: Total time for which application threads were stopped: 0.0039168 seconds, Stopping threads took: 0.0000194 seconds
93.479: [GC (Allocation Failure)  383249K->60721K(1035264K), 0.0038012 secs]
93.483: Total time for which application threads were stopped: 0.0039918 seconds, Stopping threads took: 0.0000201 seconds
93.551: [GC (Allocation Failure)  383281K->60777K(1022464K), 0.0038500 secs]
93.555: Total time for which application threads were stopped: 0.0040170 seconds, Stopping threads took: 0.0000198 seconds
93.622: [GC (Allocation Failure)  383337K->68747K(1034752K), 0.0038100 secs]
93.626: Total time for which application threads were stopped: 0.0039669 seconds, Stopping threads took: 0.0000201 seconds
93.695: [GC (Allocation Failure)  390283K->68715K(1034752K), 0.0034525 secs]
93.699: Total time for which application threads were stopped: 0.0036277 seconds, Stopping threads took: 0.0000261 seconds
93.764: [GC (Allocation Failure)  390251K->68875K(1033728K), 0.0037708 secs]
93.768: Total time for which application threads were stopped: 0.0039417 seconds, Stopping threads took: 0.0000202 seconds
93.835: [GC (Allocation Failure)  389387K->76781K(1034240K), 0.0039536 secs]
93.839: Total time for which application threads were stopped: 0.0041211 seconds, Stopping threads took: 0.0000203 seconds
93.907: [GC (Allocation Failure)  397293K->76749K(1034240K), 0.0037903 secs]
93.911: Total time for which application threads were stopped: 0.0039771 seconds, Stopping threads took: 0.0000272 seconds
93.977: [GC (Allocation Failure)  397261K->77133K(1034240K), 0.0039228 secs]
93.981: Total time for which application threads were stopped: 0.0040972 seconds, Stopping threads took: 0.0000206 seconds
94.051: [GC (Allocation Failure)  397645K->84783K(1034240K), 0.0039659 secs]
94.055: Total time for which application threads were stopped: 0.0041150 seconds, Stopping threads took: 0.0000167 seconds
94.123: [GC (Allocation Failure)  405295K->84815K(1034240K), 0.0038388 secs]
94.127: Total time for which application threads were stopped: 0.0040317 seconds, Stopping threads took: 0.0000207 seconds
94.197: [GC (Allocation Failure)  405327K->84839K(1033216K), 0.0037239 secs]
94.200: Total time for which application threads were stopped: 0.0038819 seconds, Stopping threads took: 0.0000170 seconds
94.267: [GC (Allocation Failure)  404327K->92810K(1033728K), 0.0039858 secs]
94.271: Total time for which application threads were stopped: 0.0041655 seconds, Stopping threads took: 0.0000221 seconds
94.340: [GC (Allocation Failure)  412298K->92810K(1033728K), 0.0045227 secs]
94.344: Total time for which application threads were stopped: 0.0046890 seconds, Stopping threads took: 0.0000276 seconds
94.411: [GC (Allocation Failure)  412298K->93066K(1033728K), 0.0039382 secs]
94.415: Total time for which application threads were stopped: 0.0041001 seconds, Stopping threads took: 0.0000199 seconds
94.481: [GC (Allocation Failure)  412554K->100876K(1033728K), 0.0038181 secs]
94.485: Total time for which application threads were stopped: 0.0039885 seconds, Stopping threads took: 0.0000203 seconds
94.551: [GC (Allocation Failure)  420364K->96938K(1033728K), 0.0025640 secs]
94.554: Total time for which application threads were stopped: 0.0027144 seconds, Stopping threads took: 0.0000198 seconds
94.620: [GC (Allocation Failure)  416426K->101004K(1034752K), 0.0039430 secs]
94.624: Total time for which application threads were stopped: 0.0041042 seconds, Stopping threads took: 0.0000199 seconds
94.690: [GC (Allocation Failure)  422028K->104972K(1034240K), 0.0040076 secs]
94.694: Total time for which application threads were stopped: 0.0041814 seconds, Stopping threads took: 0.0000200 seconds
94.759: [GC (Allocation Failure)  425996K->99178K(1034752K), 0.0016078 secs]
94.761: Total time for which application threads were stopped: 0.0017345 seconds, Stopping threads took: 0.0000166 seconds
94.828: [GC (Allocation Failure)  420714K->105044K(1034752K), 0.0039056 secs]
94.832: Total time for which application threads were stopped: 0.0040743 seconds, Stopping threads took: 0.0000201 seconds
94.899: [GC (Allocation Failure)  426580K->109156K(1034752K), 0.0041969 secs]
94.904: Total time for which application threads were stopped: 0.0043921 seconds, Stopping threads took: 0.0000202 seconds
94.972: [GC (Allocation Failure)  431454K->105218K(1035264K), 0.0025199 secs]
94.975: Total time for which application threads were stopped: 0.0026736 seconds, Stopping threads took: 0.0000170 seconds
95.042: [GC (Allocation Failure)  427778K->109292K(1036288K), 0.0040796 secs]
95.047: Total time for which application threads were stopped: 0.0042535 seconds, Stopping threads took: 0.0000201 seconds
95.115: [GC (Allocation Failure)  433388K->113292K(1035776K), 0.0038668 secs]
95.119: Total time for which application threads were stopped: 0.0040433 seconds, Stopping threads took: 0.0000222 seconds
95.186: [GC (Allocation Failure)  437388K->113260K(1035776K), 0.0038050 secs]
95.190: Total time for which application threads were stopped: 0.0039741 seconds, Stopping threads took: 0.0000267 seconds
95.258: [GC (Allocation Failure)  436844K->113316K(1023488K), 0.0039239 secs]
95.262: Total time for which application threads were stopped: 0.0040885 seconds, Stopping threads took: 0.0000265 seconds
95.330: [GC (Allocation Failure)  436900K->121318K(1035264K), 0.0038845 secs]
95.334: Total time for which application threads were stopped: 0.0040485 seconds, Stopping threads took: 0.0000213 seconds
95.403: [GC (Allocation Failure)  443878K->121318K(1030144K), 0.0036736 secs]
95.407: Total time for which application threads were stopped: 0.0038285 seconds, Stopping threads took: 0.0000194 seconds
95.474: [GC (Allocation Failure)  443878K->121326K(1034752K), 0.0037534 secs]
95.478: Total time for which application threads were stopped: 0.0039133 seconds, Stopping threads took: 0.0000196 seconds
95.545: [GC (Allocation Failure)  442862K->129328K(1029120K), 0.0041821 secs]
95.550: Total time for which application threads were stopped: 0.0043479 seconds, Stopping threads took: 0.0000208 seconds
95.617: [GC (Allocation Failure)  450864K->129328K(1034240K), 0.0036696 secs]
95.621: Total time for which application threads were stopped: 0.0038421 seconds, Stopping threads took: 0.0000197 seconds
95.689: [GC (Allocation Failure)  449840K->129576K(1034240K), 0.0038881 secs]
95.693: Total time for which application threads were stopped: 0.0040639 seconds, Stopping threads took: 0.0000267 seconds
95.760: [GC (Allocation Failure)  450088K->137387K(1034240K), 0.0039593 secs]
95.764: Total time for which application threads were stopped: 0.0041316 seconds, Stopping threads took: 0.0000225 seconds
95.832: [GC (Allocation Failure)  457899K->137387K(1034240K), 0.0039554 secs]
95.836: Total time for which application threads were stopped: 0.0041243 seconds, Stopping threads took: 0.0000207 seconds
95.904: [GC (Allocation Failure)  457899K->137771K(1033216K), 0.0039923 secs]
95.908: Total time for which application threads were stopped: 0.0041576 seconds, Stopping threads took: 0.0000208 seconds
95.975: [GC (Allocation Failure)  457259K->145421K(1033728K), 0.0041496 secs]
95.980: Total time for which application threads were stopped: 0.0043123 seconds, Stopping threads took: 0.0000195 seconds
96.047: [GC (Allocation Failure)  464909K->145389K(1033728K), 0.0039072 secs]
96.051: Total time for which application threads were stopped: 0.0040703 seconds, Stopping threads took: 0.0000203 seconds
96.116: [GC (Allocation Failure)  464877K->145549K(1033728K), 0.0039536 secs]
96.120: Total time for which application threads were stopped: 0.0041172 seconds, Stopping threads took: 0.0000200 seconds
96.189: [GC (Allocation Failure)  465037K->153423K(1033728K), 0.0039549 secs]
96.193: Total time for which application threads were stopped: 0.0041316 seconds, Stopping threads took: 0.0000280 seconds
96.261: [GC (Allocation Failure)  472911K->153423K(1033728K), 0.0039384 secs]
96.266: Total time for which application threads were stopped: 0.0041216 seconds, Stopping threads took: 0.0000264 seconds
96.332: [GC (Allocation Failure)  472911K->153447K(1033728K), 0.0068272 secs]
96.339: Total time for which application threads were stopped: 0.0069823 seconds, Stopping threads took: 0.0000196 seconds
96.407: [GC (Allocation Failure)  472935K->161450K(1027072K), 0.0039625 secs]
96.411: Total time for which application threads were stopped: 0.0041390 seconds, Stopping threads took: 0.0000202 seconds
96.476: [GC (Allocation Failure)  480937K->157543K(1034240K), 0.0027572 secs]
96.479: Total time for which application threads were stopped: 0.0029354 seconds, Stopping threads took: 0.0000211 seconds
96.548: [GC (Allocation Failure)  477031K->161610K(1033216K), 0.0041140 secs]
96.552: Total time for which application threads were stopped: 0.0042882 seconds, Stopping threads took: 0.0000282 seconds
96.620: [GC (Allocation Failure)  481098K->165610K(1034752K), 0.0040767 secs]
96.624: Total time for which application threads were stopped: 0.0042504 seconds, Stopping threads took: 0.0000210 seconds
96.691: [GC (Allocation Failure)  487146K->158759K(1034752K), 0.0012213 secs]
96.693: Total time for which application threads were stopped: 0.0013517 seconds, Stopping threads took: 0.0000275 seconds
96.760: [GC (Allocation Failure)  480295K->165650K(1034752K), 0.0039959 secs]
96.764: Total time for which application threads were stopped: 0.0041821 seconds, Stopping threads took: 0.0000216 seconds
96.830: [GC (Allocation Failure)  487186K->169762K(1034752K), 0.0049684 secs]
96.835: Total time for which application threads were stopped: 0.0051427 seconds, Stopping threads took: 0.0000205 seconds
96.901: [GC (Allocation Failure)  491298K->164159K(1034752K), 0.0024976 secs]
96.903: Total time for which application threads were stopped: 0.0026742 seconds, Stopping threads took: 0.0000212 seconds
96.972: [GC (Allocation Failure)  485695K->170002K(1034752K), 0.0038855 secs]
96.976: Total time for which application threads were stopped: 0.0040577 seconds, Stopping threads took: 0.0000205 seconds
97.043: [GC (Allocation Failure)  491538K->173874K(1035264K), 0.0045159 secs]
97.048: Total time for which application threads were stopped: 0.0046928 seconds, Stopping threads took: 0.0000208 seconds
97.114: [GC (Allocation Failure)  496362K->169999K(1035264K), 0.0027865 secs]
97.117: Total time for which application threads were stopped: 0.0029448 seconds, Stopping threads took: 0.0000202 seconds
97.185: [GC (Allocation Failure)  492559K->174026K(1036288K), 0.0041891 secs]
97.190: Total time for which application threads were stopped: 0.0043604 seconds, Stopping threads took: 0.0000192 seconds
97.257: [GC (Allocation Failure)  498122K->178026K(1035776K), 0.0039118 secs]
97.261: Total time for which application threads were stopped: 0.0040930 seconds, Stopping threads took: 0.0000227 seconds
97.329: [GC (Allocation Failure)  502122K->177994K(1035776K), 0.0046956 secs]
97.334: Total time for which application threads were stopped: 0.0049077 seconds, Stopping threads took: 0.0000200 seconds
97.403: [GC (Allocation Failure)  501578K->178058K(1023488K), 0.0040690 secs]
97.407: Total time for which application threads were stopped: 0.0042285 seconds, Stopping threads took: 0.0000207 seconds
97.475: [GC (Allocation Failure)  501642K->186028K(1035264K), 0.0039782 secs]
97.479: Total time for which application threads were stopped: 0.0041391 seconds, Stopping threads took: 0.0000170 seconds
97.547: [GC (Allocation Failure)  508588K->186028K(1030144K), 0.0039885 secs]
97.551: Total time for which application threads were stopped: 0.0041807 seconds, Stopping threads took: 0.0000199 seconds
97.620: [GC (Allocation Failure)  508588K->186092K(1034752K), 0.0038869 secs]
97.624: Total time for which application threads were stopped: 0.0040673 seconds, Stopping threads took: 0.0000164 seconds
97.693: [GC (Allocation Failure)  507628K->194094K(1029120K), 0.0041758 secs]
97.697: Total time for which application threads were stopped: 0.0043799 seconds, Stopping threads took: 0.0000280 seconds
97.766: [GC (Allocation Failure)  515630K->194030K(1034240K), 0.0037720 secs]
97.770: Total time for which application threads were stopped: 0.0039238 seconds, Stopping threads took: 0.0000177 seconds
97.837: [GC (Allocation Failure)  514542K->194318K(1034240K), 0.0040312 secs]
97.841: Total time for which application threads were stopped: 0.0042089 seconds, Stopping threads took: 0.0000207 seconds
97.908: [GC (Allocation Failure)  514830K->202128K(1034240K), 0.0039770 secs]
97.912: Total time for which application threads were stopped: 0.0041603 seconds, Stopping threads took: 0.0000206 seconds
97.980: [GC (Allocation Failure)  522640K->202096K(1034240K), 0.0041540 secs]
97.984: Total time for which application threads were stopped: 0.0043341 seconds, Stopping threads took: 0.0000203 seconds
98.051: [GC (Allocation Failure)  522608K->202512K(1033216K), 0.0051754 secs]
98.056: Total time for which application threads were stopped: 0.0053361 seconds, Stopping threads took: 0.0000199 seconds
98.123: [GC (Allocation Failure)  522000K->210163K(1033728K), 0.0039811 secs]
98.127: Total time for which application threads were stopped: 0.0041525 seconds, Stopping threads took: 0.0000198 seconds
98.195: [GC (Allocation Failure)  529651K->210131K(1033728K), 0.0038709 secs]
98.199: Total time for which application threads were stopped: 0.0040457 seconds, Stopping threads took: 0.0000279 seconds
98.263: [GC (Allocation Failure)  529619K->210283K(1033728K), 0.0041626 secs]
98.268: Total time for which application threads were stopped: 0.0043245 seconds, Stopping threads took: 0.0000194 seconds
98.335: [GC (Allocation Failure)  529771K->218157K(1033728K), 0.0046224 secs]
98.340: Total time for which application threads were stopped: 0.0048183 seconds, Stopping threads took: 0.0000240 seconds
98.409: [GC (Allocation Failure)  537645K->218125K(1033728K), 0.0040990 secs]
98.414: Total time for which application threads were stopped: 0.0042472 seconds, Stopping threads took: 0.0000173 seconds
98.481: [GC (Allocation Failure)  537613K->218213K(1033728K), 0.0042578 secs]
98.486: Total time for which application threads were stopped: 0.0044693 seconds, Stopping threads took: 0.0000215 seconds
98.552: [GC (Allocation Failure)  537701K->226151K(1027072K), 0.0049851 secs]
98.557: Total time for which application threads were stopped: 0.0051619 seconds, Stopping threads took: 0.0000219 seconds
98.624: [GC (Allocation Failure)  545639K->222277K(1034240K), 0.0031153 secs]
98.627: Total time for which application threads were stopped: 0.0032666 seconds, Stopping threads took: 0.0000192 seconds
98.695: [GC (Allocation Failure)  541765K->226319K(1033216K), 0.0042947 secs]
98.699: Total time for which application threads were stopped: 0.0044651 seconds, Stopping threads took: 0.0000283 seconds
98.766: [GC (Allocation Failure)  545807K->230319K(1034752K), 0.0039410 secs]
98.770: Total time for which application threads were stopped: 0.0041123 seconds, Stopping threads took: 0.0000193 seconds
98.837: [GC (Allocation Failure)  551855K->223565K(1034752K), 0.0014635 secs]
98.838: Total time for which application threads were stopped: 0.0016000 seconds, Stopping threads took: 0.0000207 seconds
98.905: [GC (Allocation Failure)  545101K->230383K(1034752K), 0.0042213 secs]
98.909: Total time for which application threads were stopped: 0.0044157 seconds, Stopping threads took: 0.0000222 seconds
98.975: [GC (Allocation Failure)  551919K->234463K(1034752K), 0.0049612 secs]
98.980: Total time for which application threads were stopped: 0.0051398 seconds, Stopping threads took: 0.0000206 seconds
99.047: [GC (Allocation Failure)  555999K->228925K(1034752K), 0.0020670 secs]
99.049: Total time for which application threads were stopped: 0.0022073 seconds, Stopping threads took: 0.0000176 seconds
99.116: [GC (Allocation Failure)  550461K->234767K(1034752K), 0.0043151 secs]
99.120: Total time for which application threads were stopped: 0.0044862 seconds, Stopping threads took: 0.0000205 seconds
99.188: [GC (Allocation Failure)  556303K->238607K(1034752K), 0.0043623 secs]
99.193: Total time for which application threads were stopped: 0.0045181 seconds, Stopping threads took: 0.0000267 seconds
99.261: [GC (Allocation Failure)  561095K->234701K(1035264K), 0.0027232 secs]
99.263: Total time for which application threads were stopped: 0.0028776 seconds, Stopping threads took: 0.0000169 seconds
99.331: [GC (Allocation Failure)  557261K->238759K(1036288K), 0.0106647 secs]
99.342: Total time for which application threads were stopped: 0.0108752 seconds, Stopping threads took: 0.0000202 seconds
99.410: [GC (Allocation Failure)  562855K->242759K(1035776K), 0.0040884 secs]
99.414: Total time for which application threads were stopped: 0.0042876 seconds, Stopping threads took: 0.0000199 seconds
99.485: [GC (Allocation Failure)  566855K->242759K(1035776K), 0.0038544 secs]
99.489: Total time for which application threads were stopped: 0.0040042 seconds, Stopping threads took: 0.0000170 seconds
99.556: [GC (Allocation Failure)  566343K->242791K(1023488K), 0.0041808 secs]
99.560: Total time for which application threads were stopped: 0.0043613 seconds, Stopping threads took: 0.0000215 seconds
99.629: [GC (Allocation Failure)  566375K->250793K(1035264K), 0.0040934 secs]
99.633: Total time for which application threads were stopped: 0.0042859 seconds, Stopping threads took: 0.0000200 seconds
99.703: [GC (Allocation Failure)  573353K->250729K(1030144K), 0.0039424 secs]
99.707: Total time for which application threads were stopped: 0.0041249 seconds, Stopping threads took: 0.0000205 seconds
99.776: [GC (Allocation Failure)  573289K->250825K(1034752K), 0.0042494 secs]
99.780: Total time for which application threads were stopped: 0.0044078 seconds, Stopping threads took: 0.0000167 seconds
99.847: [GC (Allocation Failure)  572361K->258828K(1029120K), 0.0044159 secs]
99.852: Total time for which application threads were stopped: 0.0045768 seconds, Stopping threads took: 0.0000202 seconds
99.921: [GC (Allocation Failure)  580364K->258764K(1034240K), 0.0040310 secs]
99.925: Total time for which application threads were stopped: 0.0041950 seconds, Stopping threads took: 0.0000207 seconds
99.992: [GC (Allocation Failure)  579276K->259052K(1034240K), 0.0040832 secs]
99.997: Total time for which application threads were stopped: 0.0042471 seconds, Stopping threads took: 0.0000200 seconds
100.065: [GC (Allocation Failure)  579564K->266830K(1034240K), 0.0041480 secs]
100.069: Total time for which application threads were stopped: 0.0043131 seconds, Stopping threads took: 0.0000199 seconds
100.137: [GC (Allocation Failure)  587342K->266862K(1034240K), 0.0045763 secs]
100.142: Total time for which application threads were stopped: 0.0047526 seconds, Stopping threads took: 0.0000216 seconds
100.209: [GC (Allocation Failure)  587374K->267270K(1033216K), 0.0041716 secs]
100.213: Total time for which application threads were stopped: 0.0043370 seconds, Stopping threads took: 0.0000199 seconds
100.281: [GC (Allocation Failure)  586758K->274888K(1033728K), 0.0041469 secs]
100.285: Total time for which application threads were stopped: 0.0043104 seconds, Stopping threads took: 0.0000201 seconds
100.354: [GC (Allocation Failure)  594376K->274888K(1033728K), 0.0052155 secs]
100.359: Total time for which application threads were stopped: 0.0053723 seconds, Stopping threads took: 0.0000254 seconds
100.424: [GC (Allocation Failure)  594376K->274984K(1033728K), 0.0042227 secs]
100.428: Total time for which application threads were stopped: 0.0044151 seconds, Stopping threads took: 0.0000192 seconds
100.497: [GC (Allocation Failure)  594472K->282954K(1033728K), 0.0041557 secs]
100.501: Total time for which application threads were stopped: 0.0043250 seconds, Stopping threads took: 0.0000174 seconds
100.569: [GC (Allocation Failure)  602442K->282890K(1033728K), 0.0042288 secs]
100.573: Total time for which application threads were stopped: 0.0044013 seconds, Stopping threads took: 0.0000202 seconds
100.640: [GC (Allocation Failure)  602378K->282954K(1032704K), 0.0041004 secs]
100.644: Total time for which application threads were stopped: 0.0042689 seconds, Stopping threads took: 0.0000267 seconds
100.711: [GC (Allocation Failure)  601418K->290893K(1033216K), 0.0043269 secs]
100.716: Total time for which application threads were stopped: 0.0044901 seconds, Stopping threads took: 0.0000204 seconds
100.784: [GC (Allocation Failure)  609357K->285354K(1033728K), 0.0022122 secs]
100.786: Total time for which application threads were stopped: 0.0023550 seconds, Stopping threads took: 0.0000191 seconds
100.852: [GC (Allocation Failure)  604330K->291173K(1033216K), 0.0048557 secs]
100.857: Total time for which application threads were stopped: 0.0050061 seconds, Stopping threads took: 0.0000193 seconds
100.926: [GC (Allocation Failure)  610149K->295093K(1033728K), 0.0044713 secs]
100.930: Total time for which application threads were stopped: 0.0046545 seconds, Stopping threads took: 0.0000167 seconds
100.999: [GC (Allocation Failure)  615605K->300978K(1034240K), 0.0064997 secs]
101.006: Total time for which application threads were stopped: 0.0066502 seconds, Stopping threads took: 0.0000168 seconds
101.074: [GC (Allocation Failure)  621490K->295253K(1030144K), 0.0043849 secs]
101.079: Total time for which application threads were stopped: 0.0045670 seconds, Stopping threads took: 0.0000193 seconds
101.145: [GC (Allocation Failure)  611669K->295093K(1032192K), 0.0042847 secs]
101.150: Total time for which application threads were stopped: 0.0044444 seconds, Stopping threads took: 0.0000193 seconds
101.215: [GC (Allocation Failure)  611509K->290930K(1033216K), 0.0026278 secs]
101.218: Total time for which application threads were stopped: 0.0028067 seconds, Stopping threads took: 0.0000276 seconds
101.287: [GC (Allocation Failure)  608882K->295157K(1032704K), 0.0041889 secs]
101.291: Total time for which application threads were stopped: 0.0043499 seconds, Stopping threads took: 0.0000171 seconds
101.357: [GC (Allocation Failure)  613109K->295061K(1033728K), 0.0043043 secs]
101.362: Total time for which application threads were stopped: 0.0044972 seconds, Stopping threads took: 0.0000175 seconds
101.428: [GC (Allocation Failure)  614037K->298637K(1033216K), 0.0051100 secs]
101.433: Total time for which application threads were stopped: 0.0052868 seconds, Stopping threads took: 0.0000167 seconds
101.501: [GC (Allocation Failure)  617613K->303151K(1034240K), 0.0040319 secs]
101.505: Total time for which application threads were stopped: 0.0041966 seconds, Stopping threads took: 0.0000193 seconds
101.571: [GC (Allocation Failure)  623151K->303087K(1033728K), 0.0043500 secs]
101.575: Total time for which application threads were stopped: 0.0045407 seconds, Stopping threads took: 0.0000195 seconds
101.642: [GC (Allocation Failure)  623087K->306375K(1034240K), 0.0047284 secs]
101.647: Total time for which application threads were stopped: 0.0048864 seconds, Stopping threads took: 0.0000178 seconds
101.715: [GC (Allocation Failure)  626887K->311145K(1034240K), 0.0042797 secs]
101.719: Total time for which application threads were stopped: 0.0044514 seconds, Stopping threads took: 0.0000202 seconds
101.788: [GC (Allocation Failure)  631657K->311113K(1034752K), 0.0039729 secs]
101.792: Total time for which application threads were stopped: 0.0041367 seconds, Stopping threads took: 0.0000203 seconds
101.857: [GC (Allocation Failure)  632649K->313577K(1034752K), 0.0045563 secs]
101.862: Total time for which application threads were stopped: 0.0047207 seconds, Stopping threads took: 0.0000207 seconds
101.930: [GC (Allocation Failure)  635113K->319115K(1034752K), 0.0064824 secs]
101.937: Total time for which application threads were stopped: 0.0066887 seconds, Stopping threads took: 0.0000197 seconds
102.005: [GC (Allocation Failure)  640651K->319179K(1034752K), 0.0043367 secs]
102.009: Total time for which application threads were stopped: 0.0045073 seconds, Stopping threads took: 0.0000196 seconds
102.074: [GC (Allocation Failure)  640715K->322859K(1035264K), 0.0051676 secs]
102.079: Total time for which application threads were stopped: 0.0053559 seconds, Stopping threads took: 0.0000223 seconds
102.147: [GC (Allocation Failure)  644907K->327182K(1034752K), 0.0043311 secs]
102.151: Total time for which application threads were stopped: 0.0045010 seconds, Stopping threads took: 0.0000270 seconds
102.219: [GC (Allocation Failure)  649230K->327182K(1035264K), 0.0040692 secs]
102.224: Total time for which application threads were stopped: 0.0042371 seconds, Stopping threads took: 0.0000258 seconds
102.290: [GC (Allocation Failure)  649742K->330054K(1035264K), 0.0048959 secs]
102.295: Total time for which application threads were stopped: 0.0050789 seconds, Stopping threads took: 0.0000197 seconds
102.364: [GC (Allocation Failure)  652614K->335304K(1035264K), 0.0042852 secs]
102.369: Total time for which application threads were stopped: 0.0044567 seconds, Stopping threads took: 0.0000200 seconds
102.437: [GC (Allocation Failure)  657864K->335208K(1035264K), 0.0042969 secs]
102.441: Total time for which application threads were stopped: 0.0044637 seconds, Stopping threads took: 0.0000218 seconds
102.508: [GC (Allocation Failure)  657768K->338280K(1035264K), 0.0049609 secs]
102.513: Total time for which application threads were stopped: 0.0051328 seconds, Stopping threads took: 0.0000196 seconds
102.581: [GC (Allocation Failure)  660840K->343306K(1035264K), 0.0042541 secs]
102.586: Total time for which application threads were stopped: 0.0044091 seconds, Stopping threads took: 0.0000193 seconds
102.654: [GC (Allocation Failure)  665866K->343242K(1035264K), 0.0042043 secs]
102.659: Total time for which application threads were stopped: 0.0043717 seconds, Stopping threads took: 0.0000275 seconds
102.725: [GC (Allocation Failure)  665802K->338472K(1035264K), 0.0025903 secs]
102.728: Total time for which application threads were stopped: 0.0027527 seconds, Stopping threads took: 0.0000191 seconds
102.797: [GC (Allocation Failure)  661032K->343466K(1035264K), 0.0043460 secs]
102.801: Total time for which application threads were stopped: 0.0045075 seconds, Stopping threads took: 0.0000193 seconds
102.869: [GC (Allocation Failure)  666026K->343242K(1035264K), 0.0043702 secs]
102.874: Total time for which application threads were stopped: 0.0045666 seconds, Stopping threads took: 0.0000400 seconds
102.941: [GC (Allocation Failure)  665802K->342792K(1035776K), 0.0040261 secs]
102.945: Total time for which application threads were stopped: 0.0042220 seconds, Stopping threads took: 0.0000200 seconds
103.015: [GC (Allocation Failure)  665864K->343402K(1035264K), 0.0043376 secs]
103.020: Total time for which application threads were stopped: 0.0044945 seconds, Stopping threads took: 0.0000169 seconds
103.088: [GC (Allocation Failure)  666474K->343274K(1035776K), 0.0044871 secs]
103.092: Total time for which application threads were stopped: 0.0046560 seconds, Stopping threads took: 0.0000195 seconds
103.160: [GC (Allocation Failure)  666858K->349088K(1035776K), 0.0067740 secs]
103.167: Total time for which application threads were stopped: 0.0069405 seconds, Stopping threads took: 0.0000270 seconds
103.236: [GC (Allocation Failure)  672672K->344482K(1032704K), 0.0044239 secs]
103.240: Total time for which application threads were stopped: 0.0045972 seconds, Stopping threads took: 0.0000254 seconds
103.308: [GC (Allocation Failure)  664994K->344354K(1034240K), 0.0043610 secs]
103.312: Total time for which application threads were stopped: 0.0045281 seconds, Stopping threads took: 0.0000205 seconds
103.381: [GC (Allocation Failure)  664866K->351432K(1030656K), 0.0076446 secs]
103.389: Total time for which application threads were stopped: 0.0078144 seconds, Stopping threads took: 0.0000197 seconds
103.457: [GC (Allocation Failure)  668872K->345770K(1032704K), 0.0045632 secs]
103.461: Total time for which application threads were stopped: 0.0047348 seconds, Stopping threads took: 0.0000200 seconds
103.528: [GC (Allocation Failure)  663210K->345674K(1033728K), 0.0042210 secs]
103.533: Total time for which application threads were stopped: 0.0043784 seconds, Stopping threads took: 0.0000202 seconds
103.601: [GC (Allocation Failure)  664650K->343240K(1033216K), 0.0033599 secs]
103.604: Total time for which application threads were stopped: 0.0035229 seconds, Stopping threads took: 0.0000199 seconds
103.672: [GC (Allocation Failure)  662216K->345706K(1034752K), 0.0041817 secs]
103.677: Total time for which application threads were stopped: 0.0043497 seconds, Stopping threads took: 0.0000265 seconds
103.744: [GC (Allocation Failure)  666730K->345674K(1034240K), 0.0041172 secs]
103.748: Total time for which application threads were stopped: 0.0043015 seconds, Stopping threads took: 0.0000284 seconds
103.815: [GC (Allocation Failure)  666698K->340872K(1034240K), 0.0024701 secs]
103.818: Total time for which application threads were stopped: 0.0026363 seconds, Stopping threads took: 0.0000206 seconds
103.886: [GC (Allocation Failure)  662408K->345898K(1034752K), 0.0041425 secs]
103.890: Total time for which application threads were stopped: 0.0043144 seconds, Stopping threads took: 0.0000200 seconds
103.957: [GC (Allocation Failure)  667434K->345674K(1035776K), 0.0065497 secs]
103.964: Total time for which application threads were stopped: 0.0067206 seconds, Stopping threads took: 0.0000208 seconds
104.030: [GC (Allocation Failure)  668746K->343656K(1035264K), 0.0035459 secs]
104.034: Total time for which application threads were stopped: 0.0037232 seconds, Stopping threads took: 0.0000206 seconds
104.100: [GC (Allocation Failure)  666728K->345866K(1036288K), 0.0042950 secs]
104.104: Total time for which application threads were stopped: 0.0044650 seconds, Stopping threads took: 0.0000201 seconds
104.173: [GC (Allocation Failure)  669962K->345642K(1035776K), 0.0041542 secs]
104.177: Total time for which application threads were stopped: 0.0043168 seconds, Stopping threads took: 0.0000267 seconds
104.246: [GC (Allocation Failure)  669738K->351496K(1033216K), 0.0069212 secs]
104.253: Total time for which application threads were stopped: 0.0070928 seconds, Stopping threads took: 0.0000249 seconds
104.322: [GC (Allocation Failure)  673032K->347434K(1034752K), 0.0044912 secs]
104.327: Total time for which application threads were stopped: 0.0046806 seconds, Stopping threads took: 0.0000209 seconds
104.395: [GC (Allocation Failure)  668970K->347274K(1035264K), 0.0042850 secs]
104.399: Total time for which application threads were stopped: 0.0044847 seconds, Stopping threads took: 0.0000210 seconds
104.469: [GC (Allocation Failure)  669834K->355360K(1035264K), 0.0080397 secs]
104.477: Total time for which application threads were stopped: 0.0081957 seconds, Stopping threads took: 0.0000164 seconds
104.546: [GC (Allocation Failure)  677920K->350210K(1032192K), 0.0046012 secs]
104.550: Total time for which application threads were stopped: 0.0047622 seconds, Stopping threads took: 0.0000194 seconds
104.617: [GC (Allocation Failure)  669698K->350114K(1033728K), 0.0044838 secs]
104.621: Total time for which application threads were stopped: 0.0046587 seconds, Stopping threads took: 0.0000202 seconds
104.687: [GC (Allocation Failure)  669602K->356352K(1031680K), 0.0069006 secs]
104.694: Total time for which application threads were stopped: 0.0070605 seconds, Stopping threads took: 0.0000252 seconds
104.759: [GC (Allocation Failure)  673792K->350146K(1032704K), 0.0044675 secs]
104.764: Total time for which application threads were stopped: 0.0046300 seconds, Stopping threads took: 0.0000193 seconds
104.830: [GC (Allocation Failure)  667586K->350114K(1033216K), 0.0043065 secs]
104.834: Total time for which application threads were stopped: 0.0044811 seconds, Stopping threads took: 0.0000206 seconds
104.900: [GC (Allocation Failure)  668066K->345856K(1032704K), 0.0027211 secs]
104.903: Total time for which application threads were stopped: 0.0028896 seconds, Stopping threads took: 0.0000192 seconds
104.969: [GC (Allocation Failure)  663808K->350338K(1033728K), 0.0044094 secs]
104.973: Total time for which application threads were stopped: 0.0045820 seconds, Stopping threads took: 0.0000201 seconds
105.038: [GC (Allocation Failure)  669314K->350082K(1033216K), 0.0044680 secs]
105.043: Total time for which application threads were stopped: 0.0046374 seconds, Stopping threads took: 0.0000196 seconds
105.109: [GC (Allocation Failure)  669058K->350474K(1032192K), 0.0044118 secs]
105.114: Total time for which application threads were stopped: 0.0046007 seconds, Stopping threads took: 0.0000222 seconds
105.182: [GC (Allocation Failure)  668938K->358157K(1033216K), 0.0043663 secs]
105.186: Total time for which application threads were stopped: 0.0045342 seconds, Stopping threads took: 0.0000274 seconds
105.252: [GC (Allocation Failure)  676621K->358189K(1034240K), 0.0044263 secs]
105.257: Total time for which application threads were stopped: 0.0045853 seconds, Stopping threads took: 0.0000192 seconds
105.321: [GC (Allocation Failure)  678189K->360293K(1033728K), 0.0048521 secs]
105.326: Total time for which application threads were stopped: 0.0050203 seconds, Stopping threads took: 0.0000191 seconds
105.395: [GC (Allocation Failure)  680293K->366311K(1034240K), 0.0042360 secs]
105.399: Total time for which application threads were stopped: 0.0044038 seconds, Stopping threads took: 0.0000191 seconds
105.466: [GC (Allocation Failure)  686823K->366183K(1034240K), 0.0042625 secs]
105.470: Total time for which application threads were stopped: 0.0044394 seconds, Stopping threads took: 0.0000274 seconds
105.538: [GC (Allocation Failure)  686695K->370023K(1034752K), 0.0052802 secs]
105.543: Total time for which application threads were stopped: 0.0054452 seconds, Stopping threads took: 0.0000195 seconds
105.610: [GC (Allocation Failure)  691559K->374281K(1034752K), 0.0044530 secs]
105.614: Total time for which application threads were stopped: 0.0046136 seconds, Stopping threads took: 0.0000203 seconds
105.681: [GC (Allocation Failure)  695817K->374217K(1035264K), 0.0041994 secs]
105.686: Total time for which application threads were stopped: 0.0043590 seconds, Stopping threads took: 0.0000193 seconds
105.753: [GC (Allocation Failure)  696777K->376233K(1035264K), 0.0045380 secs]
105.758: Total time for which application threads were stopped: 0.0047728 seconds, Stopping threads took: 0.0000251 seconds
105.827: [GC (Allocation Failure)  698793K->382251K(1035264K), 0.0044570 secs]
105.832: Total time for which application threads were stopped: 0.0046185 seconds, Stopping threads took: 0.0000193 seconds
105.900: [GC (Allocation Failure)  704811K->382251K(1035264K), 0.0042718 secs]
105.904: Total time for which application threads were stopped: 0.0044365 seconds, Stopping threads took: 0.0000197 seconds
105.969: [GC (Allocation Failure)  704811K->384459K(1035264K), 0.0065515 secs]
105.976: Total time for which application threads were stopped: 0.0067397 seconds, Stopping threads took: 0.0000187 seconds
106.046: [GC (Allocation Failure)  707019K->390318K(1035264K), 0.0042906 secs]
106.050: Total time for which application threads were stopped: 0.0044892 seconds, Stopping threads took: 0.0000219 seconds
106.119: [GC (Allocation Failure)  712878K->390318K(1035264K), 0.0044256 secs]
106.123: Total time for which application threads were stopped: 0.0046138 seconds, Stopping threads took: 0.0000192 seconds
106.192: [GC (Allocation Failure)  712878K->392686K(1035264K), 0.0045382 secs]
106.197: Total time for which application threads were stopped: 0.0047128 seconds, Stopping threads took: 0.0000160 seconds
106.267: [GC (Allocation Failure)  715246K->398480K(1035264K), 0.0045546 secs]
106.272: Total time for which application threads were stopped: 0.0047069 seconds, Stopping threads took: 0.0000171 seconds
106.340: [GC (Allocation Failure)  721040K->398320K(1035264K), 0.0057448 secs]
106.346: Total time for which application threads were stopped: 0.0059608 seconds, Stopping threads took: 0.0000276 seconds
106.412: [GC (Allocation Failure)  720880K->392878K(1035264K), 0.0023585 secs]
106.415: Total time for which application threads were stopped: 0.0025277 seconds, Stopping threads took: 0.0000191 seconds
106.484: [GC (Allocation Failure)  715438K->398416K(1035264K), 0.0043357 secs]
106.488: Total time for which application threads were stopped: 0.0045154 seconds, Stopping threads took: 0.0000203 seconds
106.555: [GC (Allocation Failure)  720976K->398352K(1035264K), 0.0045656 secs]
106.560: Total time for which application threads were stopped: 0.0047356 seconds, Stopping threads took: 0.0000198 seconds
106.627: [GC (Allocation Failure)  720912K->397166K(1035264K), 0.0041039 secs]
106.631: Total time for which application threads were stopped: 0.0042657 seconds, Stopping threads took: 0.0000193 seconds
106.697: [GC (Allocation Failure)  719726K->398384K(1035776K), 0.0045654 secs]
106.702: Total time for which application threads were stopped: 0.0047506 seconds, Stopping threads took: 0.0000261 seconds
106.769: [GC (Allocation Failure)  721968K->398320K(1035776K), 0.0044142 secs]
106.774: Total time for which application threads were stopped: 0.0045738 seconds, Stopping threads took: 0.0000199 seconds
106.841: [GC (Allocation Failure)  721904K->403486K(1032704K), 0.0067994 secs]
106.848: Total time for which application threads were stopped: 0.0069674 seconds, Stopping threads took: 0.0000190 seconds
106.918: [GC (Allocation Failure)  723998K->398976K(1034240K), 0.0046567 secs]
106.922: Total time for which application threads were stopped: 0.0048140 seconds, Stopping threads took: 0.0000192 seconds
106.991: [GC (Allocation Failure)  719488K->398752K(1035264K), 0.0044161 secs]
106.996: Total time for which application threads were stopped: 0.0045847 seconds, Stopping threads took: 0.0000195 seconds
107.063: [GC (Allocation Failure)  720800K->403646K(1034752K), 0.0064926 secs]
107.070: Total time for which application threads were stopped: 0.0066531 seconds, Stopping threads took: 0.0000192 seconds
107.137: [GC (Allocation Failure)  725694K->398976K(1033728K), 0.0046222 secs]
107.142: Total time for which application threads were stopped: 0.0047819 seconds, Stopping threads took: 0.0000186 seconds
107.209: [GC (Allocation Failure)  719488K->398752K(1034240K), 0.0041053 secs]
107.214: Total time for which application threads were stopped: 0.0042663 seconds, Stopping threads took: 0.0000268 seconds
107.281: [GC (Allocation Failure)  719264K->403326K(1032704K), 0.0061404 secs]
107.287: Total time for which application threads were stopped: 0.0063405 seconds, Stopping threads took: 0.0000258 seconds
107.356: [GC (Allocation Failure)  722814K->398912K(1033728K), 0.0044839 secs]
107.361: Total time for which application threads were stopped: 0.0046595 seconds, Stopping threads took: 0.0000162 seconds
107.429: [GC (Allocation Failure)  718400K->398784K(1034752K), 0.0042304 secs]
107.434: Total time for which application threads were stopped: 0.0044178 seconds, Stopping threads took: 0.0000175 seconds
107.502: [GC (Allocation Failure)  719808K->399934K(1034240K), 0.0048896 secs]
107.507: Total time for which application threads were stopped: 0.0050584 seconds, Stopping threads took: 0.0000278 seconds
107.574: [GC (Allocation Failure)  720958K->398816K(1035264K), 0.0043054 secs]
107.579: Total time for which application threads were stopped: 0.0044655 seconds, Stopping threads took: 0.0000200 seconds
107.645: [GC (Allocation Failure)  720864K->398752K(1034752K), 0.0047598 secs]
107.650: Total time for which application threads were stopped: 0.0049168 seconds, Stopping threads took: 0.0000208 seconds
107.717: [GC (Allocation Failure)  720800K->401694K(1034752K), 0.0054530 secs]
107.723: Total time for which application threads were stopped: 0.0056447 seconds, Stopping threads took: 0.0000194 seconds
107.792: [GC (Allocation Failure)  724254K->398784K(1035264K), 0.0043809 secs]
107.796: Total time for which application threads were stopped: 0.0045503 seconds, Stopping threads took: 0.0000191 seconds
107.863: [GC (Allocation Failure)  721344K->398752K(1035776K), 0.0043830 secs]
107.868: Total time for which application threads were stopped: 0.0045517 seconds, Stopping threads took: 0.0000194 seconds
107.935: [GC (Allocation Failure)  721824K->406470K(1035264K), 0.0080210 secs]
107.943: Total time for which application threads were stopped: 0.0081847 seconds, Stopping threads took: 0.0000196 seconds
108.012: [GC (Allocation Failure)  729542K->401960K(1032192K), 0.0044713 secs]
108.016: Total time for which application threads were stopped: 0.0046390 seconds, Stopping threads took: 0.0000277 seconds
108.083: [GC (Allocation Failure)  721448K->401736K(1033728K), 0.0043600 secs]
108.088: Total time for which application threads were stopped: 0.0045398 seconds, Stopping threads took: 0.0000205 seconds
108.155: [GC (Allocation Failure)  721224K->408110K(1031168K), 0.0069579 secs]
108.162: Total time for which application threads were stopped: 0.0071145 seconds, Stopping threads took: 0.0000190 seconds
108.228: [GC (Allocation Failure)  725550K->402000K(1032704K), 0.0044049 secs]
108.232: Total time for which application threads were stopped: 0.0045734 seconds, Stopping threads took: 0.0000192 seconds
108.298: [GC (Allocation Failure)  719440K->401808K(1033216K), 0.0065274 secs]
108.305: Total time for which application threads were stopped: 0.0066994 seconds, Stopping threads took: 0.0000203 seconds
108.371: [GC (Allocation Failure)  720272K->398222K(1033216K), 0.0030804 secs]
108.374: Total time for which application threads were stopped: 0.0032520 seconds, Stopping threads took: 0.0000195 seconds
108.441: [GC (Allocation Failure)  716686K->401968K(1033728K), 0.0046624 secs]
108.446: Total time for which application threads were stopped: 0.0048386 seconds, Stopping threads took: 0.0000219 seconds
108.512: [GC (Allocation Failure)  720944K->401808K(1033216K), 0.0042771 secs]
108.516: Total time for which application threads were stopped: 0.0044567 seconds, Stopping threads took: 0.0000216 seconds
108.583: [GC (Allocation Failure)  720784K->403400K(1032192K), 0.0045529 secs]
108.587: Total time for which application threads were stopped: 0.0047158 seconds, Stopping threads took: 0.0000192 seconds
108.655: [GC (Allocation Failure)  721864K->409962K(1033216K), 0.0042264 secs]
108.659: Total time for which application threads were stopped: 0.0043934 seconds, Stopping threads took: 0.0000271 seconds
108.724: [GC (Allocation Failure)  728426K->409866K(1034752K), 0.0046137 secs]
108.729: Total time for which application threads were stopped: 0.0047939 seconds, Stopping threads took: 0.0000200 seconds
108.796: [GC (Allocation Failure)  730890K->410090K(1020928K), 0.0045311 secs]
108.800: Total time for which application threads were stopped: 0.0047051 seconds, Stopping threads took: 0.0000203 seconds
108.868: [GC (Allocation Failure)  731114K->417932K(1034240K), 0.0046009 secs]
108.873: Total time for which application threads were stopped: 0.0047847 seconds, Stopping threads took: 0.0000222 seconds
108.940: [GC (Allocation Failure)  737932K->417900K(1033728K), 0.0041951 secs]
108.945: Total time for which application threads were stopped: 0.0043671 seconds, Stopping threads took: 0.0000197 seconds
109.009: [GC (Allocation Failure)  737900K->419876K(1033728K), 0.0048522 secs]
109.014: Total time for which application threads were stopped: 0.0050323 seconds, Stopping threads took: 0.0000196 seconds
109.081: [GC (Allocation Failure)  740388K->425991K(1034240K), 0.0044861 secs]
109.085: Total time for which application threads were stopped: 0.0046868 seconds, Stopping threads took: 0.0000364 seconds
109.155: [GC (Allocation Failure)  746503K->425959K(1034752K), 0.0040999 secs]
109.159: Total time for which application threads were stopped: 0.0042456 seconds, Stopping threads took: 0.0000171 seconds
109.224: [GC (Allocation Failure)  747495K->427047K(1034752K), 0.0047511 secs]
109.229: Total time for which application threads were stopped: 0.0049199 seconds, Stopping threads took: 0.0000200 seconds
109.298: [GC (Allocation Failure)  748583K->433993K(1034752K), 0.0044222 secs]
109.302: Total time for which application threads were stopped: 0.0045914 seconds, Stopping threads took: 0.0000199 seconds
109.370: [GC (Allocation Failure)  755529K->433993K(1034752K), 0.0044900 secs]
109.375: Total time for which application threads were stopped: 0.0046756 seconds, Stopping threads took: 0.0000253 seconds
109.440: [GC (Allocation Failure)  755529K->436329K(1034752K), 0.0048510 secs]
109.445: Total time for which application threads were stopped: 0.0050160 seconds, Stopping threads took: 0.0000189 seconds
109.514: [GC (Allocation Failure)  757865K->442059K(1034752K), 0.0044365 secs]
109.518: Total time for which application threads were stopped: 0.0046319 seconds, Stopping threads took: 0.0000203 seconds
109.587: [GC (Allocation Failure)  763595K->441995K(1034752K), 0.0044343 secs]
109.591: Total time for which application threads were stopped: 0.0046239 seconds, Stopping threads took: 0.0000196 seconds
109.658: [GC (Allocation Failure)  763531K->445571K(1034752K), 0.0054043 secs]
109.663: Total time for which application threads were stopped: 0.0055622 seconds, Stopping threads took: 0.0000259 seconds
109.731: [GC (Allocation Failure)  767107K->450085K(1035264K), 0.0044891 secs]
109.736: Total time for which application threads were stopped: 0.0046649 seconds, Stopping threads took: 0.0000264 seconds
109.804: [GC (Allocation Failure)  772645K->450021K(1035264K), 0.0043733 secs]
109.808: Total time for which application threads were stopped: 0.0045385 seconds, Stopping threads took: 0.0000200 seconds
109.876: [GC (Allocation Failure)  772581K->452781K(1035264K), 0.0049087 secs]
109.881: Total time for which application threads were stopped: 0.0050573 seconds, Stopping threads took: 0.0000164 seconds
109.949: [GC (Allocation Failure)  775341K->458064K(1035264K), 0.0045995 secs]
109.953: Total time for which application threads were stopped: 0.0047678 seconds, Stopping threads took: 0.0000193 seconds
110.020: [GC (Allocation Failure)  780624K->458096K(1035264K), 0.0045770 secs]
110.025: Total time for which application threads were stopped: 0.0047801 seconds, Stopping threads took: 0.0000206 seconds
110.092: [GC (Allocation Failure)  780656K->461032K(1035264K), 0.0050722 secs]
110.097: Total time for which application threads were stopped: 0.0052363 seconds, Stopping threads took: 0.0000199 seconds
110.163: [GC (Allocation Failure)  783592K->466282K(1035264K), 0.0045492 secs]
110.168: Total time for which application threads were stopped: 0.0047088 seconds, Stopping threads took: 0.0000262 seconds
110.236: [GC (Allocation Failure)  788842K->466122K(1035264K), 0.0045728 secs]
110.241: Total time for which application threads were stopped: 0.0047486 seconds, Stopping threads took: 0.0000264 seconds
110.308: [GC (Allocation Failure)  788682K->461192K(1035264K), 0.0025329 secs]
110.311: Total time for which application threads were stopped: 0.0026778 seconds, Stopping threads took: 0.0000167 seconds
110.380: [GC (Allocation Failure)  783752K->466250K(1035264K), 0.0045234 secs]
110.384: Total time for which application threads were stopped: 0.0046908 seconds, Stopping threads took: 0.0000201 seconds
110.451: [GC (Allocation Failure)  788810K->466122K(1035264K), 0.0047079 secs]
110.455: Total time for which application threads were stopped: 0.0048871 seconds, Stopping threads took: 0.0000217 seconds
110.524: [GC (Allocation Failure)  788682K->465512K(1035264K), 0.0042847 secs]
110.528: Total time for which application threads were stopped: 0.0044520 seconds, Stopping threads took: 0.0000206 seconds
110.594: [GC (Allocation Failure)  788072K->466186K(1035776K), 0.0045800 secs]
110.598: Total time for which application threads were stopped: 0.0047532 seconds, Stopping threads took: 0.0000255 seconds
110.666: [GC (Allocation Failure)  789770K->466058K(1035776K), 0.0043413 secs]
110.670: Total time for which application threads were stopped: 0.0044991 seconds, Stopping threads took: 0.0000263 seconds
110.739: [GC (Allocation Failure)  789642K->471816K(1031680K), 0.0070562 secs]
110.746: Total time for which application threads were stopped: 0.0072201 seconds, Stopping threads took: 0.0000193 seconds
110.813: [GC (Allocation Failure)  791304K->467114K(1033728K), 0.0047598 secs]
110.817: Total time for which application threads were stopped: 0.0049235 seconds, Stopping threads took: 0.0000200 seconds
110.885: [GC (Allocation Failure)  786602K->467114K(1034752K), 0.0045580 secs]
110.889: Total time for which application threads were stopped: 0.0047499 seconds, Stopping threads took: 0.0000192 seconds
110.959: [GC (Allocation Failure)  788138K->469480K(1034240K), 0.0053883 secs]
110.964: Total time for which application threads were stopped: 0.0055567 seconds, Stopping threads took: 0.0000192 seconds
111.032: [GC (Allocation Failure)  790504K->467274K(1034752K), 0.0046311 secs]
111.037: Total time for which application threads were stopped: 0.0047840 seconds, Stopping threads took: 0.0000204 seconds
111.104: [GC (Allocation Failure)  788298K->467050K(1034240K), 0.0046207 secs]
111.109: Total time for which application threads were stopped: 0.0047843 seconds, Stopping threads took: 0.0000208 seconds
111.176: [GC (Allocation Failure)  788074K->469160K(1035264K), 0.0053597 secs]
111.181: Total time for which application threads were stopped: 0.0055264 seconds, Stopping threads took: 0.0000249 seconds
111.249: [GC (Allocation Failure)  791720K->467274K(1035264K), 0.0046289 secs]
111.254: Total time for which application threads were stopped: 0.0048024 seconds, Stopping threads took: 0.0000245 seconds
111.322: [GC (Allocation Failure)  789834K->467050K(1036288K), 0.0045761 secs]
111.327: Total time for which application threads were stopped: 0.0047455 seconds, Stopping threads took: 0.0000203 seconds
111.396: [GC (Allocation Failure)  791146K->474952K(1035776K), 0.0081860 secs]
111.404: Total time for which application threads were stopped: 0.0083601 seconds, Stopping threads took: 0.0000264 seconds
111.473: [GC (Allocation Failure)  799048K->470826K(1032704K), 0.0047089 secs]
111.478: Total time for which application threads were stopped: 0.0048735 seconds, Stopping threads took: 0.0000207 seconds
111.545: [GC (Allocation Failure)  791338K->470730K(1034240K), 0.0047262 secs]
111.550: Total time for which application threads were stopped: 0.0049077 seconds, Stopping threads took: 0.0000205 seconds
111.618: [GC (Allocation Failure)  791242K->463976K(1033216K), 0.0018838 secs]
111.620: Total time for which application threads were stopped: 0.0020403 seconds, Stopping threads took: 0.0000202 seconds
111.690: [GC (Allocation Failure)  783464K->470818K(1033728K), 0.0043636 secs]
111.694: Total time for which application threads were stopped: 0.0045244 seconds, Stopping threads took: 0.0000263 seconds
111.761: [GC (Allocation Failure)  790306K->474866K(1034752K), 0.0053533 secs]
111.767: Total time for which application threads were stopped: 0.0055230 seconds, Stopping threads took: 0.0000163 seconds
111.834: [GC (Allocation Failure)  795890K->481064K(1034240K), 0.0073070 secs]
111.841: Total time for which application threads were stopped: 0.0074641 seconds, Stopping threads took: 0.0000195 seconds
111.909: [GC (Allocation Failure)  802088K->475306K(1033216K), 0.0046819 secs]
111.914: Total time for which application threads were stopped: 0.0048761 seconds, Stopping threads took: 0.0000200 seconds
111.981: [GC (Allocation Failure)  794794K->475274K(1033728K), 0.0075862 secs]
111.988: Total time for which application threads were stopped: 0.0077357 seconds, Stopping threads took: 0.0000176 seconds
112.057: [GC (Allocation Failure)  794762K->478120K(1033216K), 0.0056154 secs]
112.062: Total time for which application threads were stopped: 0.0057770 seconds, Stopping threads took: 0.0000193 seconds
112.130: [GC (Allocation Failure)  797608K->475498K(1033728K), 0.0045790 secs]
112.135: Total time for which application threads were stopped: 0.0047524 seconds, Stopping threads took: 0.0000192 seconds
112.202: [GC (Allocation Failure)  794986K->475338K(1034752K), 0.0045319 secs]
112.207: Total time for which application threads were stopped: 0.0047093 seconds, Stopping threads took: 0.0000285 seconds
112.273: [GC (Allocation Failure)  796362K->474760K(1034240K), 0.0044513 secs]
112.278: Total time for which application threads were stopped: 0.0046313 seconds, Stopping threads took: 0.0000190 seconds
112.344: [GC (Allocation Failure)  795784K->475434K(1035264K), 0.0064302 secs]
112.350: Total time for which application threads were stopped: 0.0066393 seconds, Stopping threads took: 0.0000197 seconds
112.420: [GC (Allocation Failure)  797994K->475306K(1035264K), 0.0043941 secs]
112.424: Total time for which application threads were stopped: 0.0046004 seconds, Stopping threads took: 0.0000168 seconds
112.492: [GC (Allocation Failure)  797866K->477544K(1035776K), 0.0054358 secs]
112.497: Total time for which application threads were stopped: 0.0055985 seconds, Stopping threads took: 0.0000196 seconds
112.565: [GC (Allocation Failure)  801128K->475402K(1035776K), 0.0046872 secs]
112.570: Total time for which application threads were stopped: 0.0048664 seconds, Stopping threads took: 0.0000200 seconds
112.639: [GC (Allocation Failure)  798986K->475306K(1036288K), 0.0045824 secs]
112.644: Total time for which application threads were stopped: 0.0047531 seconds, Stopping threads took: 0.0000276 seconds
112.712: [GC (Allocation Failure)  799402K->469096K(1025536K), 0.0020944 secs]
112.715: Total time for which application threads were stopped: 0.0022375 seconds, Stopping threads took: 0.0000264 seconds
112.783: [GC (Allocation Failure)  793192K->475378K(1035776K), 0.0045158 secs]
112.788: Total time for which application threads were stopped: 0.0046884 seconds, Stopping threads took: 0.0000197 seconds
112.856: [GC (Allocation Failure)  798450K->479458K(1035264K), 0.0052785 secs]
112.862: Total time for which application threads were stopped: 0.0054487 seconds, Stopping threads took: 0.0000199 seconds
112.928: [GC (Allocation Failure)  802530K->479458K(1036288K), 0.0045615 secs]
112.933: Total time for which application threads were stopped: 0.0047232 seconds, Stopping threads took: 0.0000201 seconds
113.000: [GC (Allocation Failure)  803554K->479778K(1024000K), 0.0048074 secs]
113.005: Total time for which application threads were stopped: 0.0049694 seconds, Stopping threads took: 0.0000198 seconds
113.073: [GC (Allocation Failure)  803874K->487492K(1035776K), 0.0044895 secs]
113.078: Total time for which application threads were stopped: 0.0046934 seconds, Stopping threads took: 0.0000204 seconds
113.147: [GC (Allocation Failure)  810564K->487524K(1035264K), 0.0045808 secs]
113.152: Total time for which application threads were stopped: 0.0047431 seconds, Stopping threads took: 0.0000185 seconds
113.218: [GC (Allocation Failure)  810596K->487748K(1034752K), 0.0047841 secs]
113.223: Total time for which application threads were stopped: 0.0049430 seconds, Stopping threads took: 0.0000190 seconds
113.290: [GC (Allocation Failure)  810308K->495527K(1035264K), 0.0046044 secs]
113.294: Total time for which application threads were stopped: 0.0047686 seconds, Stopping threads took: 0.0000200 seconds
113.362: [GC (Allocation Failure)  818087K->495527K(1035264K), 0.0046213 secs]
113.367: Total time for which application threads were stopped: 0.0047624 seconds, Stopping threads took: 0.0000178 seconds
113.433: [GC (Allocation Failure)  818087K->495935K(1022464K), 0.0052285 secs]
113.439: Total time for which application threads were stopped: 0.0053874 seconds, Stopping threads took: 0.0000170 seconds
113.506: [GC (Allocation Failure)  818495K->503585K(1034752K), 0.0043108 secs]
113.511: Total time for which application threads were stopped: 0.0044920 seconds, Stopping threads took: 0.0000202 seconds
113.578: [GC (Allocation Failure)  825121K->503553K(1034752K), 0.0045734 secs]
113.583: Total time for which application threads were stopped: 0.0047403 seconds, Stopping threads took: 0.0000196 seconds
113.648: [GC (Allocation Failure)  825089K->503689K(1034240K), 0.0047741 secs]
113.652: Total time for which application threads were stopped: 0.0049340 seconds, Stopping threads took: 0.0000201 seconds
113.722: [GC (Allocation Failure)  825225K->511595K(1034752K), 0.0045277 secs]
113.727: Total time for which application threads were stopped: 0.0047000 seconds, Stopping threads took: 0.0000283 seconds
113.793: [GC (Allocation Failure)  833131K->511595K(1034752K), 0.0063173 secs]
113.799: Total time for which application threads were stopped: 0.0064765 seconds, Stopping threads took: 0.0000199 seconds
113.865: [GC (Allocation Failure)  833131K->511659K(1021440K), 0.0044821 secs]
113.869: Total time for which application threads were stopped: 0.0046452 seconds, Stopping threads took: 0.0000199 seconds
113.936: [GC (Allocation Failure)  833195K->519661K(1034240K), 0.0047224 secs]
113.941: Total time for which application threads were stopped: 0.0049044 seconds, Stopping threads took: 0.0000210 seconds
114.008: [GC (Allocation Failure)  840173K->519629K(1034240K), 0.0052494 secs]
114.014: Total time for which application threads were stopped: 0.0054264 seconds, Stopping threads took: 0.0000204 seconds
114.081: [GC (Allocation Failure)  840141K->519693K(1034240K), 0.0048043 secs]
114.086: Total time for which application threads were stopped: 0.0049826 seconds, Stopping threads took: 0.0000225 seconds
114.153: [GC (Allocation Failure)  840205K->527664K(1034240K), 0.0044838 secs]
114.158: Total time for which application threads were stopped: 0.0046518 seconds, Stopping threads took: 0.0000197 seconds
114.226: [GC (Allocation Failure)  848176K->527696K(1034240K), 0.0047341 secs]
114.230: Total time for which application threads were stopped: 0.0049030 seconds, Stopping threads took: 0.0000198 seconds
114.299: [GC (Allocation Failure)  848208K->527880K(1020416K), 0.0046762 secs]
114.304: Total time for which application threads were stopped: 0.0048577 seconds, Stopping threads took: 0.0000194 seconds
114.373: [GC (Allocation Failure)  848392K->535754K(1033728K), 0.0044733 secs]
114.377: Total time for which application threads were stopped: 0.0046372 seconds, Stopping threads took: 0.0000175 seconds
114.444: [GC (Allocation Failure)  855242K->535690K(1033728K), 0.0046770 secs]
114.449: Total time for which application threads were stopped: 0.0048379 seconds, Stopping threads took: 0.0000198 seconds
114.515: [GC (Allocation Failure)  855178K->536138K(1033728K), 0.0047356 secs]
114.520: Total time for which application threads were stopped: 0.0049223 seconds, Stopping threads took: 0.0000216 seconds
114.588: [GC (Allocation Failure)  855626K->543724K(1033728K), 0.0048042 secs]
114.593: Total time for which application threads were stopped: 0.0050061 seconds, Stopping threads took: 0.0000229 seconds
114.660: [GC (Allocation Failure)  863212K->543724K(1033728K), 0.0044777 secs]
114.665: Total time for which application threads were stopped: 0.0046344 seconds, Stopping threads took: 0.0000198 seconds
114.732: [GC (Allocation Failure)  863212K->543852K(1033728K), 0.0047257 secs]
114.737: Total time for which application threads were stopped: 0.0049062 seconds, Stopping threads took: 0.0000164 seconds
114.805: [GC (Allocation Failure)  863340K->551790K(1032704K), 0.0045815 secs]
114.810: Total time for which application threads were stopped: 0.0047739 seconds, Stopping threads took: 0.0000193 seconds
114.879: [GC (Allocation Failure)  870254K->551790K(1033216K), 0.0048955 secs]
114.884: Total time for which application threads were stopped: 0.0050563 seconds, Stopping threads took: 0.0000190 seconds
114.948: [GC (Allocation Failure)  870254K->551822K(1032704K), 0.0046399 secs]
114.953: Total time for which application threads were stopped: 0.0048266 seconds, Stopping threads took: 0.0000259 seconds
115.019: [GC (Allocation Failure)  870286K->559793K(1033216K), 0.0048604 secs]
115.024: Total time for which application threads were stopped: 0.0050513 seconds, Stopping threads took: 0.0000198 seconds
115.090: [GC (Allocation Failure)  878257K->554222K(1033728K), 0.0027897 secs]
115.093: Total time for which application threads were stopped: 0.0029514 seconds, Stopping threads took: 0.0000206 seconds
115.159: [GC (Allocation Failure)  873198K->560041K(1033216K), 0.0047365 secs]
115.164: Total time for which application threads were stopped: 0.0048944 seconds, Stopping threads took: 0.0000251 seconds
115.231: [GC (Allocation Failure)  879017K->563937K(1034240K), 0.0050439 secs]
115.236: Total time for which application threads were stopped: 0.0052006 seconds, Stopping threads took: 0.0000190 seconds
115.305: [GC (Allocation Failure)  884449K->569822K(1034240K), 0.0071214 secs]
115.312: Total time for which application threads were stopped: 0.0072937 seconds, Stopping threads took: 0.0000263 seconds
115.380: [GC (Allocation Failure)  890334K->564065K(1030144K), 0.0049378 secs]
115.385: Total time for which application threads were stopped: 0.0050900 seconds, Stopping threads took: 0.0000176 seconds
115.452: [GC (Allocation Failure)  880481K->563937K(1032192K), 0.0047735 secs]
115.457: Total time for which application threads were stopped: 0.0049492 seconds, Stopping threads took: 0.0000204 seconds
115.523: [GC (Allocation Failure)  880353K->559806K(1033216K), 0.0033611 secs]
115.527: Total time for which application threads were stopped: 0.0035353 seconds, Stopping threads took: 0.0000272 seconds
115.594: [GC (Allocation Failure)  877758K->564065K(1032704K), 0.0047511 secs]
115.599: Total time for which application threads were stopped: 0.0049135 seconds, Stopping threads took: 0.0000195 seconds
115.666: [GC (Allocation Failure)  882017K->563937K(1033728K), 0.0047424 secs]
115.671: Total time for which application threads were stopped: 0.0049087 seconds, Stopping threads took: 0.0000261 seconds
115.736: [GC (Allocation Failure)  882913K->567529K(1033216K), 0.0053648 secs]
115.742: Total time for which application threads were stopped: 0.0055324 seconds, Stopping threads took: 0.0000204 seconds
115.809: [GC (Allocation Failure)  886505K->572043K(1034240K), 0.0046934 secs]
115.814: Total time for which application threads were stopped: 0.0048828 seconds, Stopping threads took: 0.0000191 seconds
115.881: [GC (Allocation Failure)  892043K->571979K(1033728K), 0.0048935 secs]
115.886: Total time for which application threads were stopped: 0.0050646 seconds, Stopping threads took: 0.0000201 seconds
115.950: [GC (Allocation Failure)  891979K->575275K(1034240K), 0.0054548 secs]
115.956: Total time for which application threads were stopped: 0.0056528 seconds, Stopping threads took: 0.0000199 seconds
116.025: [GC (Allocation Failure)  895787K->580013K(1034240K), 0.0046805 secs]
116.030: Total time for which application threads were stopped: 0.0048385 seconds, Stopping threads took: 0.0000175 seconds
116.099: [GC (Allocation Failure)  900525K->580013K(1034752K), 0.0044833 secs]
116.103: Total time for which application threads were stopped: 0.0046563 seconds, Stopping threads took: 0.0000202 seconds
116.168: [GC (Allocation Failure)  901549K->582477K(1034752K), 0.0050708 secs]
116.174: Total time for which application threads were stopped: 0.0052501 seconds, Stopping threads took: 0.0000275 seconds
116.242: [GC (Allocation Failure)  904013K->588047K(1034752K), 0.0048381 secs]
116.247: Total time for which application threads were stopped: 0.0050071 seconds, Stopping threads took: 0.0000263 seconds
116.314: [GC (Allocation Failure)  909583K->588047K(1034752K), 0.0046140 secs]
116.319: Total time for which application threads were stopped: 0.0047864 seconds, Stopping threads took: 0.0000201 seconds
116.384: [GC (Allocation Failure)  909583K->591719K(1035264K), 0.0055128 secs]
116.390: Total time for which application threads were stopped: 0.0056846 seconds, Stopping threads took: 0.0000204 seconds
116.457: [GC (Allocation Failure)  913767K->596074K(1034752K), 0.0047555 secs]
116.462: Total time for which application threads were stopped: 0.0049264 seconds, Stopping threads took: 0.0000197 seconds
116.529: [GC (Allocation Failure)  918122K->596074K(1035264K), 0.0047354 secs]
116.534: Total time for which application threads were stopped: 0.0049082 seconds, Stopping threads took: 0.0000208 seconds
116.601: [GC (Allocation Failure)  918634K->598954K(1035264K), 0.0052383 secs]
116.606: Total time for which application threads were stopped: 0.0054100 seconds, Stopping threads took: 0.0000197 seconds
116.673: [GC (Allocation Failure)  921514K->604204K(1035264K), 0.0045769 secs]
116.678: Total time for which application threads were stopped: 0.0047545 seconds, Stopping threads took: 0.0000279 seconds
116.746: [GC (Allocation Failure)  926764K->604108K(1035264K), 0.0055932 secs]
116.752: Total time for which application threads were stopped: 0.0057698 seconds, Stopping threads took: 0.0000262 seconds
116.818: [GC (Allocation Failure)  926668K->607180K(1035264K), 0.0054509 secs]
116.824: Total time for which application threads were stopped: 0.0056323 seconds, Stopping threads took: 0.0000193 seconds
116.893: [GC (Allocation Failure)  929740K->612142K(1035264K), 0.0047865 secs]
116.898: Total time for which application threads were stopped: 0.0049569 seconds, Stopping threads took: 0.0000206 seconds
116.966: [GC (Allocation Failure)  934702K->612174K(1035264K), 0.0047950 secs]
116.970: Total time for which application threads were stopped: 0.0049759 seconds, Stopping threads took: 0.0000274 seconds
117.037: [GC (Allocation Failure)  934734K->607372K(1035264K), 0.0031831 secs]
117.040: Total time for which application threads were stopped: 0.0033622 seconds, Stopping threads took: 0.0000188 seconds
117.108: [GC (Allocation Failure)  929932K->612366K(1035264K), 0.0048062 secs]
117.113: Total time for which application threads were stopped: 0.0049842 seconds, Stopping threads took: 0.0000212 seconds
117.182: [GC (Allocation Failure)  934926K->612174K(1035264K), 0.0046185 secs]
117.187: Total time for which application threads were stopped: 0.0047815 seconds, Stopping threads took: 0.0000252 seconds
117.254: [GC (Allocation Failure)  934734K->611660K(1035776K), 0.0047900 secs]
117.259: Total time for which application threads were stopped: 0.0049896 seconds, Stopping threads took: 0.0000265 seconds
117.328: [GC (Allocation Failure)  934732K->612334K(1035264K), 0.0091129 secs]
117.338: Total time for which application threads were stopped: 0.0092596 seconds, Stopping threads took: 0.0000166 seconds
117.405: [GC (Allocation Failure)  935406K->612174K(1035776K), 0.0048657 secs]
117.410: Total time for which application threads were stopped: 0.0050352 seconds, Stopping threads took: 0.0000196 seconds
117.478: [GC (Allocation Failure)  935758K->617964K(1035776K), 0.0075361 secs]
117.485: Total time for which application threads were stopped: 0.0077102 seconds, Stopping threads took: 0.0000188 seconds
117.553: [GC (Allocation Failure)  941548K->613358K(1032704K), 0.0048463 secs]
117.558: Total time for which application threads were stopped: 0.0050178 seconds, Stopping threads took: 0.0000198 seconds
117.625: [GC (Allocation Failure)  933870K->613230K(1034240K), 0.0048456 secs]
117.630: Total time for which application threads were stopped: 0.0051489 seconds, Stopping threads took: 0.0000194 seconds
117.698: [GC (Allocation Failure)  933742K->620292K(1030656K), 0.0079537 secs]
117.706: Total time for which application threads were stopped: 0.0081145 seconds, Stopping threads took: 0.0000197 seconds
117.772: [GC (Allocation Failure)  937732K->614630K(1032704K), 0.0048640 secs]
117.777: Total time for which application threads were stopped: 0.0050401 seconds, Stopping threads took: 0.0000194 seconds
117.844: [GC (Allocation Failure)  932070K->614566K(1033728K), 0.0047878 secs]
117.848: Total time for which application threads were stopped: 0.0049492 seconds, Stopping threads took: 0.0000201 seconds
117.915: [GC (Allocation Failure)  933542K->612068K(1033216K), 0.0050759 secs]
117.920: Total time for which application threads were stopped: 0.0052498 seconds, Stopping threads took: 0.0000194 seconds
117.987: [GC (Allocation Failure)  931044K->614566K(1034752K), 0.0047923 secs]
117.992: Total time for which application threads were stopped: 0.0049617 seconds, Stopping threads took: 0.0000220 seconds
118.059: [GC (Allocation Failure)  935590K->614534K(1034240K), 0.0046404 secs]
118.063: Total time for which application threads were stopped: 0.0048134 seconds, Stopping threads took: 0.0000200 seconds
118.132: [GC (Allocation Failure)  935558K->609764K(1034240K), 0.0030011 secs]
118.135: Total time for which application threads were stopped: 0.0031753 seconds, Stopping threads took: 0.0000191 seconds
118.205: [GC (Allocation Failure)  931300K->614790K(1034752K), 0.0048089 secs]
118.210: Total time for which application threads were stopped: 0.0049943 seconds, Stopping threads took: 0.0000262 seconds
118.276: [GC (Allocation Failure)  936326K->614566K(1035776K), 0.0048563 secs]
118.281: Total time for which application threads were stopped: 0.0050319 seconds, Stopping threads took: 0.0000199 seconds
118.347: [GC (Allocation Failure)  937638K->612484K(1035264K), 0.0051759 secs]
118.352: Total time for which application threads were stopped: 0.0053722 seconds, Stopping threads took: 0.0000249 seconds
118.419: [GC (Allocation Failure)  935556K->614726K(1036288K), 0.0050027 secs]
118.424: Total time for which application threads were stopped: 0.0051713 seconds, Stopping threads took: 0.0000201 seconds
118.492: [GC (Allocation Failure)  938822K->614502K(1035776K), 0.0045997 secs]
118.496: Total time for which application threads were stopped: 0.0047602 seconds, Stopping threads took: 0.0000195 seconds
118.564: [GC (Allocation Failure)  938598K->620348K(1033216K), 0.0076169 secs]
118.572: Total time for which application threads were stopped: 0.0077877 seconds, Stopping threads took: 0.0000274 seconds
118.639: [GC (Allocation Failure)  941884K->616222K(1034752K), 0.0050219 secs]
118.644: Total time for which application threads were stopped: 0.0052139 seconds, Stopping threads took: 0.0000203 seconds
118.713: [GC (Allocation Failure)  937758K->616158K(1035264K), 0.0045778 secs]
118.718: Total time for which application threads were stopped: 0.0047437 seconds, Stopping threads took: 0.0000200 seconds
118.787: [GC (Allocation Failure)  938718K->624204K(1035264K), 0.0084794 secs]
118.796: Total time for which application threads were stopped: 0.0086366 seconds, Stopping threads took: 0.0000162 seconds
118.864: [GC (Allocation Failure)  946764K->619054K(1032192K), 0.0049997 secs]
118.869: Total time for which application threads were stopped: 0.0051747 seconds, Stopping threads took: 0.0000357 seconds
118.935: [GC (Allocation Failure)  938542K->618990K(1033728K), 0.0048756 secs]
118.940: Total time for which application threads were stopped: 0.0050416 seconds, Stopping threads took: 0.0000194 seconds
119.005: [GC (Allocation Failure)  938478K->625196K(1031680K), 0.0075506 secs]
119.013: Total time for which application threads were stopped: 0.0077292 seconds, Stopping threads took: 0.0000186 seconds
119.079: [GC (Allocation Failure)  942636K->618990K(1032704K), 0.0049733 secs]
119.084: Total time for which application threads were stopped: 0.0051417 seconds, Stopping threads took: 0.0000199 seconds
119.150: [GC (Allocation Failure)  936430K->618990K(1033216K), 0.0046752 secs]
119.154: Total time for which application threads were stopped: 0.0048469 seconds, Stopping threads took: 0.0000196 seconds
119.220: [GC (Allocation Failure)  936942K->614668K(1032704K), 0.0041582 secs]
119.224: Total time for which application threads were stopped: 0.0043377 seconds, Stopping threads took: 0.0000191 seconds
119.292: [GC (Allocation Failure)  932620K->619214K(1033728K), 0.0052618 secs]
119.297: Total time for which application threads were stopped: 0.0054313 seconds, Stopping threads took: 0.0000211 seconds
119.365: [GC (Allocation Failure)  938190K->618958K(1033216K), 0.0047846 secs]
119.370: Total time for which application threads were stopped: 0.0049537 seconds, Stopping threads took: 0.0000202 seconds
119.437: [GC (Allocation Failure)  937934K->619310K(1032192K), 0.0048949 secs]
119.442: Total time for which application threads were stopped: 0.0050560 seconds, Stopping threads took: 0.0000193 seconds
119.510: [GC (Allocation Failure)  937774K->626993K(1033216K), 0.0058016 secs]
119.515: Total time for which application threads were stopped: 0.0059709 seconds, Stopping threads took: 0.0000197 seconds
119.582: [GC (Allocation Failure)  945457K->626993K(1034240K), 0.0056691 secs]
119.588: Total time for which application threads were stopped: 0.0058289 seconds, Stopping threads took: 0.0000199 seconds
119.654: [GC (Allocation Failure)  946993K->629097K(1033728K), 0.0051172 secs]
119.659: Total time for which application threads were stopped: 0.0052882 seconds, Stopping threads took: 0.0000193 seconds
119.729: [GC (Allocation Failure)  949097K->635147K(1034240K), 0.0047985 secs]
119.734: Total time for which application threads were stopped: 0.0049707 seconds, Stopping threads took: 0.0000201 seconds
119.801: [GC (Allocation Failure)  955659K->635019K(1034240K), 0.0047495 secs]
119.806: Total time for which application threads were stopped: 0.0049112 seconds, Stopping threads took: 0.0000201 seconds
119.873: [GC (Allocation Failure)  955531K->638859K(1034752K), 0.0057973 secs]
119.879: Total time for which application threads were stopped: 0.0059684 seconds, Stopping threads took: 0.0000194 seconds
119.945: [GC (Allocation Failure)  960395K->643085K(1034752K), 0.0085730 secs]
119.953: Total time for which application threads were stopped: 0.0087433 seconds, Stopping threads took: 0.0000204 seconds
120.021: [GC (Allocation Failure)  964621K->643053K(1035264K), 0.0048221 secs]
120.026: Total time for which application threads were stopped: 0.0050396 seconds, Stopping threads took: 0.0000301 seconds
120.093: [GC (Allocation Failure)  965613K->645037K(1035264K), 0.0049601 secs]
120.098: Total time for which application threads were stopped: 0.0051286 seconds, Stopping threads took: 0.0000216 seconds
120.169: [GC (Allocation Failure)  967597K->651119K(1035264K), 0.0047138 secs]
120.174: Total time for which application threads were stopped: 0.0048671 seconds, Stopping threads took: 0.0000172 seconds
120.243: [GC (Allocation Failure)  973679K->651119K(1035264K), 0.0049424 secs]
120.248: Total time for which application threads were stopped: 0.0051137 seconds, Stopping threads took: 0.0000202 seconds
120.313: [GC (Allocation Failure)  973679K->653287K(1035264K), 0.0050806 secs]
120.318: Total time for which application threads were stopped: 0.0052576 seconds, Stopping threads took: 0.0000310 seconds
120.387: [GC (Allocation Failure)  975847K->659210K(1035264K), 0.0049345 secs]
120.392: Total time for which application threads were stopped: 0.0050977 seconds, Stopping threads took: 0.0000178 seconds
120.459: [GC (Allocation Failure)  981770K->659114K(1035264K), 0.0049230 secs]
120.464: Total time for which application threads were stopped: 0.0050831 seconds, Stopping threads took: 0.0000201 seconds
120.531: [GC (Allocation Failure)  981674K->661514K(1035264K), 0.0052551 secs]
120.536: Total time for which application threads were stopped: 0.0054224 seconds, Stopping threads took: 0.0000199 seconds
120.604: [GC (Allocation Failure)  984074K->667308K(1035264K), 0.0050040 secs]
120.609: Total time for which application threads were stopped: 0.0051724 seconds, Stopping threads took: 0.0000196 seconds
120.678: [GC (Allocation Failure)  989868K->667148K(1035264K), 0.0046736 secs]
120.682: Total time for which application threads were stopped: 0.0048413 seconds, Stopping threads took: 0.0000274 seconds
120.748: [GC (Allocation Failure)  989708K->661738K(1035264K), 0.0028438 secs]
120.750: Total time for which application threads were stopped: 0.0030078 seconds, Stopping threads took: 0.0000271 seconds
120.820: [GC (Allocation Failure)  984298K->667244K(1035264K), 0.0046967 secs]
120.825: Total time for which application threads were stopped: 0.0048644 seconds, Stopping threads took: 0.0000196 seconds
120.892: [GC (Allocation Failure)  989804K->667180K(1035264K), 0.0048418 secs]
120.897: Total time for which application threads were stopped: 0.0050076 seconds, Stopping threads took: 0.0000197 seconds
120.966: [GC (Allocation Failure)  989740K->665994K(1035264K), 0.0045578 secs]
120.970: Total time for which application threads were stopped: 0.0047137 seconds, Stopping threads took: 0.0000168 seconds
121.037: [GC (Allocation Failure)  988554K->667180K(1035776K), 0.0050828 secs]
121.042: Total time for which application threads were stopped: 0.0052571 seconds, Stopping threads took: 0.0000195 seconds
121.110: [GC (Allocation Failure)  990764K->667116K(1035776K), 0.0048935 secs]
121.115: Total time for which application threads were stopped: 0.0050761 seconds, Stopping threads took: 0.0000211 seconds
121.183: [GC (Allocation Failure)  990700K->672298K(1032704K), 0.0072371 secs]
121.190: Total time for which application threads were stopped: 0.0074132 seconds, Stopping threads took: 0.0000256 seconds
121.258: [GC (Allocation Failure)  992810K->667788K(1034240K), 0.0051046 secs]
121.263: Total time for which application threads were stopped: 0.0052761 seconds, Stopping threads took: 0.0000207 seconds
121.330: [GC (Allocation Failure)  988300K->667532K(1035264K), 0.0082534 secs]
121.339: Total time for which application threads were stopped: 0.0084558 seconds, Stopping threads took: 0.0000204 seconds
121.408: [GC (Allocation Failure)  989580K->672458K(1034752K), 0.0068768 secs]
121.415: Total time for which application threads were stopped: 0.0070701 seconds, Stopping threads took: 0.0000195 seconds
121.483: [GC (Allocation Failure)  994506K->667756K(1033728K), 0.0050832 secs]
121.488: Total time for which application threads were stopped: 0.0052511 seconds, Stopping threads took: 0.0000192 seconds
121.556: [GC (Allocation Failure)  988268K->667564K(1034240K), 0.0046989 secs]
121.560: Total time for which application threads were stopped: 0.0048986 seconds, Stopping threads took: 0.0000198 seconds
121.628: [GC (Allocation Failure)  988076K->672106K(1032704K), 0.0068167 secs]
121.635: Total time for which application threads were stopped: 0.0070026 seconds, Stopping threads took: 0.0000166 seconds
121.704: [GC (Allocation Failure)  991594K->667724K(1033728K), 0.0048644 secs]
121.709: Total time for which application threads were stopped: 0.0050481 seconds, Stopping threads took: 0.0000260 seconds
121.775: [GC (Allocation Failure)  987212K->667628K(1034752K), 0.0050238 secs]
121.780: Total time for which application threads were stopped: 0.0051923 seconds, Stopping threads took: 0.0000200 seconds
121.848: [GC (Allocation Failure)  988652K->668778K(1034240K), 0.0054834 secs]
121.853: Total time for which application threads were stopped: 0.0056667 seconds, Stopping threads took: 0.0000195 seconds
121.921: [GC (Allocation Failure)  989802K->667628K(1035264K), 0.0045907 secs]
121.925: Total time for which application threads were stopped: 0.0047543 seconds, Stopping threads took: 0.0000201 seconds
121.992: [GC (Allocation Failure)  989676K->667564K(1034752K), 0.0049069 secs]
121.997: Total time for which application threads were stopped: 0.0051010 seconds, Stopping threads took: 0.0000204 seconds
122.066: [GC (Allocation Failure)  989612K->670474K(1034752K), 0.0059715 secs]
122.072: Total time for which application threads were stopped: 0.0061513 seconds, Stopping threads took: 0.0000168 seconds
122.141: [GC (Allocation Failure)  993034K->667564K(1035264K), 0.0050704 secs]
122.146: Total time for which application threads were stopped: 0.0052699 seconds, Stopping threads took: 0.0000216 seconds
122.216: [GC (Allocation Failure)  990124K->667564K(1035776K), 0.0047394 secs]
122.221: Total time for which application threads were stopped: 0.0049118 seconds, Stopping threads took: 0.0000282 seconds
122.287: [GC (Allocation Failure)  991148K->675786K(1035776K), 0.0088577 secs]
122.295: Total time for which application threads were stopped: 0.0090443 seconds, Stopping threads took: 0.0000203 seconds
122.365: [GC (Allocation Failure)  999370K->671276K(1031680K), 0.0047584 secs]
122.370: Total time for which application threads were stopped: 0.0049086 seconds, Stopping threads took: 0.0000170 seconds
122.438: [GC (Allocation Failure)  990764K->671084K(1033728K), 0.0049101 secs]
122.443: Total time for which application threads were stopped: 0.0050789 seconds, Stopping threads took: 0.0000196 seconds
122.509: [GC (Allocation Failure)  990572K->678442K(1030144K), 0.0083347 secs]
122.517: Total time for which application threads were stopped: 0.0085036 seconds, Stopping threads took: 0.0000191 seconds
122.584: [GC (Allocation Failure)  994858K->672332K(1032192K), 0.0050942 secs]
122.589: Total time for which application threads were stopped: 0.0052641 seconds, Stopping threads took: 0.0000265 seconds
122.655: [GC (Allocation Failure)  988748K->672204K(1032704K), 0.0048085 secs]
122.660: Total time for which application threads were stopped: 0.0049778 seconds, Stopping threads took: 0.0000207 seconds
122.725: [GC (Allocation Failure)  989644K->666506K(1019392K), 0.0027210 secs]
122.728: Total time for which application threads were stopped: 0.0028809 seconds, Stopping threads took: 0.0000275 seconds
122.797: [GC (Allocation Failure)  983946K->672268K(1032704K), 0.0048701 secs]
122.802: Total time for which application threads were stopped: 0.0050513 seconds, Stopping threads took: 0.0000343 seconds
122.868: [GC (Allocation Failure)  989196K->672204K(1032192K), 0.0049381 secs]
122.873: Total time for which application threads were stopped: 0.0050971 seconds, Stopping threads took: 0.0000193 seconds
122.937: [GC (Allocation Failure)  989132K->674764K(1032704K), 0.0054345 secs]
122.942: Total time for which application threads were stopped: 0.0056158 seconds, Stopping threads took: 0.0000204 seconds
123.012: [GC (Allocation Failure)  993228K->680270K(1033216K), 0.0047576 secs]
123.017: Total time for which application threads were stopped: 0.0049268 seconds, Stopping threads took: 0.0000283 seconds
123.083: [GC (Allocation Failure)  998734K->680206K(1034240K), 0.0049959 secs]
123.088: Total time for which application threads were stopped: 0.0051658 seconds, Stopping threads took: 0.0000197 seconds
123.153: [GC (Allocation Failure)  1000206K->680422K(1033728K), 0.0049242 secs]
123.158: Total time for which application threads were stopped: 0.0050965 seconds, Stopping threads took: 0.0000203 seconds
123.228: [GC (Allocation Failure)  1000422K->688264K(1034240K), 0.0050005 secs]
123.233: Total time for which application threads were stopped: 0.0051823 seconds, Stopping threads took: 0.0000270 seconds
123.299: [GC (Allocation Failure)  1008264K->688232K(1033728K), 0.0052064 secs]
123.305: Total time for which application threads were stopped: 0.0053776 seconds, Stopping threads took: 0.0000201 seconds
123.371: [GC (Allocation Failure)  1008232K->689160K(1033728K), 0.0052069 secs]
123.377: [Full GC (Ergonomics)  689160K->9383K(1033728K), 0.0139527 secs]
123.391: Total time for which application threads were stopped: 0.0194128 seconds, Stopping threads took: 0.0000177 seconds
123.458: [GC (Allocation Failure)  329895K->18697K(1029632K), 0.0038040 secs]
123.462: Total time for which application threads were stopped: 0.0039652 seconds, Stopping threads took: 0.0000207 seconds
123.530: [GC (Allocation Failure)  339209K->18649K(1034240K), 0.0036238 secs]
123.533: Total time for which application threads were stopped: 0.0037827 seconds, Stopping threads took: 0.0000192 seconds
123.599: [GC (Allocation Failure)  338649K->21345K(1033728K), 0.0041430 secs]
123.603: Total time for which application threads were stopped: 0.0043133 seconds, Stopping threads took: 0.0000194 seconds
123.672: [GC (Allocation Failure)  341345K->26691K(1034240K), 0.0037239 secs]
123.676: Total time for which application threads were stopped: 0.0038972 seconds, Stopping threads took: 0.0000272 seconds
123.745: [GC (Allocation Failure)  347203K->26691K(1034240K), 0.0036917 secs]
123.749: Total time for which application threads were stopped: 0.0039006 seconds, Stopping threads took: 0.0000222 seconds
123.817: [GC (Allocation Failure)  347203K->27019K(1033728K), 0.0038415 secs]
123.821: Total time for which application threads were stopped: 0.0040013 seconds, Stopping threads took: 0.0000198 seconds
123.889: [GC (Allocation Failure)  347531K->34734K(1034240K), 0.0038216 secs]
123.893: Total time for which application threads were stopped: 0.0040101 seconds, Stopping threads took: 0.0000197 seconds
123.962: [GC (Allocation Failure)  355246K->34734K(1034752K), 0.0037279 secs]
123.966: Total time for which application threads were stopped: 0.0038993 seconds, Stopping threads took: 0.0000202 seconds
124.033: [GC (Allocation Failure)  355758K->37702K(1034240K), 0.0045056 secs]
124.037: Total time for which application threads were stopped: 0.0046779 seconds, Stopping threads took: 0.0000196 seconds
124.105: [GC (Allocation Failure)  358726K->42824K(1034752K), 0.0035361 secs]
124.109: Total time for which application threads were stopped: 0.0037092 seconds, Stopping threads took: 0.0000197 seconds
124.179: [GC (Allocation Failure)  364360K->42728K(1034752K), 0.0036102 secs]
124.183: Total time for which application threads were stopped: 0.0037596 seconds, Stopping threads took: 0.0000255 seconds
124.250: [GC (Allocation Failure)  364264K->46472K(1034752K), 0.0044141 secs]
124.254: Total time for which application threads were stopped: 0.0045821 seconds, Stopping threads took: 0.0000203 seconds
124.323: [GC (Allocation Failure)  368008K->50794K(1034752K), 0.0037263 secs]
124.326: Total time for which application threads were stopped: 0.0038957 seconds, Stopping threads took: 0.0000203 seconds
124.395: [GC (Allocation Failure)  372330K->50826K(1035264K), 0.0037400 secs]
124.399: Total time for which application threads were stopped: 0.0039017 seconds, Stopping threads took: 0.0000199 seconds
124.466: [GC (Allocation Failure)  373386K->52642K(1024000K), 0.0047998 secs]
124.471: Total time for which application threads were stopped: 0.0049767 seconds, Stopping threads took: 0.0000188 seconds
124.539: [GC (Allocation Failure)  375202K->58948K(1034752K), 0.0039446 secs]
124.543: Total time for which application threads were stopped: 0.0041376 seconds, Stopping threads took: 0.0000201 seconds
124.613: [GC (Allocation Failure)  380484K->58820K(1034752K), 0.0039536 secs]
124.617: Total time for which application threads were stopped: 0.0041292 seconds, Stopping threads took: 0.0000201 seconds
124.683: [GC (Allocation Failure)  380356K->62956K(1035264K), 0.0047319 secs]
124.688: Total time for which application threads were stopped: 0.0048996 seconds, Stopping threads took: 0.0000262 seconds
124.756: [GC (Allocation Failure)  385516K->66927K(1035264K), 0.0036119 secs]
124.760: Total time for which application threads were stopped: 0.0038185 seconds, Stopping threads took: 0.0000207 seconds
124.828: [GC (Allocation Failure)  389487K->66863K(1035264K), 0.0039589 secs]
124.832: Total time for which application threads were stopped: 0.0041289 seconds, Stopping threads took: 0.0000205 seconds
124.898: [GC (Allocation Failure)  389423K->67079K(1022464K), 0.0036840 secs]
124.901: Total time for which application threads were stopped: 0.0038460 seconds, Stopping threads took: 0.0000202 seconds
124.970: [GC (Allocation Failure)  389639K->74889K(1034752K), 0.0037169 secs]
124.973: Total time for which application threads were stopped: 0.0038664 seconds, Stopping threads took: 0.0000175 seconds
125.042: [GC (Allocation Failure)  396425K->74889K(1034752K), 0.0037756 secs]
125.046: Total time for which application threads were stopped: 0.0039443 seconds, Stopping threads took: 0.0000202 seconds
125.111: [GC (Allocation Failure)  396425K->77321K(1034752K), 0.0041768 secs]
125.115: Total time for which application threads were stopped: 0.0043466 seconds, Stopping threads took: 0.0000201 seconds
125.183: [GC (Allocation Failure)  398857K->82955K(1034752K), 0.0037573 secs]
125.187: Total time for which application threads were stopped: 0.0039492 seconds, Stopping threads took: 0.0000290 seconds
125.255: [GC (Allocation Failure)  404491K->82955K(1034752K), 0.0038815 secs]
125.259: Total time for which application threads were stopped: 0.0040485 seconds, Stopping threads took: 0.0000206 seconds
125.324: [GC (Allocation Failure)  404491K->86603K(1034752K), 0.0047832 secs]
125.329: Total time for which application threads were stopped: 0.0049561 seconds, Stopping threads took: 0.0000204 seconds
125.396: [GC (Allocation Failure)  408139K->90990K(1035264K), 0.0040532 secs]
125.401: Total time for which application threads were stopped: 0.0042224 seconds, Stopping threads took: 0.0000205 seconds
125.469: [GC (Allocation Failure)  413550K->90990K(1035264K), 0.0038090 secs]
125.473: Total time for which application threads were stopped: 0.0039832 seconds, Stopping threads took: 0.0000252 seconds
125.540: [GC (Allocation Failure)  413550K->93838K(1035264K), 0.0043862 secs]
125.545: Total time for which application threads were stopped: 0.0045739 seconds, Stopping threads took: 0.0000203 seconds
125.613: [GC (Allocation Failure)  416398K->99056K(1035264K), 0.0045353 secs]
125.618: Total time for which application threads were stopped: 0.0047056 seconds, Stopping threads took: 0.0000199 seconds
125.684: [GC (Allocation Failure)  421616K->98992K(1035264K), 0.0038303 secs]
125.688: Total time for which application threads were stopped: 0.0040000 seconds, Stopping threads took: 0.0000263 seconds
125.756: [GC (Allocation Failure)  421552K->102056K(1035264K), 0.0043977 secs]
125.760: Total time for which application threads were stopped: 0.0045701 seconds, Stopping threads took: 0.0000195 seconds
125.829: [GC (Allocation Failure)  424616K->107050K(1035264K), 0.0040202 secs]
125.833: Total time for which application threads were stopped: 0.0041808 seconds, Stopping threads took: 0.0000197 seconds
125.902: [GC (Allocation Failure)  429610K->107018K(1035264K), 0.0064860 secs]
125.908: Total time for which application threads were stopped: 0.0066629 seconds, Stopping threads took: 0.0000206 seconds
125.975: [GC (Allocation Failure)  429578K->110314K(1035264K), 0.0045255 secs]
125.979: Total time for which application threads were stopped: 0.0046933 seconds, Stopping threads took: 0.0000275 seconds
126.047: [GC (Allocation Failure)  432874K->115308K(1035264K), 0.0039109 secs]
126.051: Total time for which application threads were stopped: 0.0040759 seconds, Stopping threads took: 0.0000190 seconds
126.118: [GC (Allocation Failure)  437868K->115052K(1035264K), 0.0040395 secs]
126.122: Total time for which application threads were stopped: 0.0042175 seconds, Stopping threads took: 0.0000205 seconds
126.192: [GC (Allocation Failure)  437612K->110474K(1035264K), 0.0019279 secs]
126.194: Total time for which application threads were stopped: 0.0020964 seconds, Stopping threads took: 0.0000262 seconds
126.263: [GC (Allocation Failure)  433034K->115244K(1035264K), 0.0037516 secs]
126.267: Total time for which application threads were stopped: 0.0039142 seconds, Stopping threads took: 0.0000205 seconds
126.335: [GC (Allocation Failure)  437804K->115052K(1035264K), 0.0040334 secs]
126.339: Total time for which application threads were stopped: 0.0041941 seconds, Stopping threads took: 0.0000257 seconds
126.405: [GC (Allocation Failure)  437612K->114762K(1035776K), 0.0038896 secs]
126.409: Total time for which application threads were stopped: 0.0040601 seconds, Stopping threads took: 0.0000191 seconds
126.478: [GC (Allocation Failure)  437834K->115180K(1035264K), 0.0037231 secs]
126.481: Total time for which application threads were stopped: 0.0038850 seconds, Stopping threads took: 0.0000201 seconds
126.549: [GC (Allocation Failure)  438252K->115052K(1035776K), 0.0040373 secs]
126.553: Total time for which application threads were stopped: 0.0042152 seconds, Stopping threads took: 0.0000198 seconds
126.621: [GC (Allocation Failure)  438636K->121082K(1035776K), 0.0063884 secs]
126.627: Total time for which application threads were stopped: 0.0065570 seconds, Stopping threads took: 0.0000276 seconds
126.696: [GC (Allocation Failure)  444666K->116380K(1032704K), 0.0039306 secs]
126.700: Total time for which application threads were stopped: 0.0041067 seconds, Stopping threads took: 0.0000283 seconds
126.769: [GC (Allocation Failure)  436892K->116348K(1034240K), 0.0039723 secs]
126.773: Total time for which application threads were stopped: 0.0041488 seconds, Stopping threads took: 0.0000177 seconds
126.839: [GC (Allocation Failure)  436860K->123562K(1030656K), 0.0071636 secs]
126.846: Total time for which application threads were stopped: 0.0073379 seconds, Stopping threads took: 0.0000222 seconds
126.913: [GC (Allocation Failure)  441002K->118028K(1032704K), 0.0037913 secs]
126.917: Total time for which application threads were stopped: 0.0039570 seconds, Stopping threads took: 0.0000203 seconds
126.985: [GC (Allocation Failure)  435468K->117836K(1033728K), 0.0039842 secs]
126.989: Total time for which application threads were stopped: 0.0041331 seconds, Stopping threads took: 0.0000177 seconds
127.056: [GC (Allocation Failure)  436812K->115498K(1033216K), 0.0029892 secs]
127.059: Total time for which application threads were stopped: 0.0031528 seconds, Stopping threads took: 0.0000191 seconds
127.125: [GC (Allocation Failure)  434474K->117964K(1034752K), 0.0039984 secs]
127.129: Total time for which application threads were stopped: 0.0041816 seconds, Stopping threads took: 0.0000283 seconds
127.197: [GC (Allocation Failure)  438988K->117836K(1034240K), 0.0037905 secs]
127.201: Total time for which application threads were stopped: 0.0039943 seconds, Stopping threads took: 0.0000267 seconds
127.266: [GC (Allocation Failure)  438860K->113162K(1034240K), 0.0024208 secs]
127.269: Total time for which application threads were stopped: 0.0025677 seconds, Stopping threads took: 0.0000192 seconds
127.336: [GC (Allocation Failure)  434698K->117900K(1034752K), 0.0044058 secs]
127.341: Total time for which application threads were stopped: 0.0045602 seconds, Stopping threads took: 0.0000163 seconds
127.408: [GC (Allocation Failure)  439436K->117804K(1035776K), 0.0040151 secs]
127.412: Total time for which application threads were stopped: 0.0041862 seconds, Stopping threads took: 0.0000199 seconds
127.478: [GC (Allocation Failure)  440876K->115946K(1035264K), 0.0032213 secs]
127.481: Total time for which application threads were stopped: 0.0033918 seconds, Stopping threads took: 0.0000199 seconds
127.547: [GC (Allocation Failure)  439018K->117868K(1036288K), 0.0040162 secs]
127.551: Total time for which application threads were stopped: 0.0042054 seconds, Stopping threads took: 0.0000272 seconds
127.619: [GC (Allocation Failure)  441964K->117804K(1035776K), 0.0037769 secs]
127.623: Total time for which application threads were stopped: 0.0039414 seconds, Stopping threads took: 0.0000199 seconds
127.691: [GC (Allocation Failure)  441900K->123754K(1033216K), 0.0064996 secs]
127.698: Total time for which application threads were stopped: 0.0066597 seconds, Stopping threads took: 0.0000269 seconds
127.765: [GC (Allocation Failure)  445290K->119564K(1034752K), 0.0039784 secs]
127.769: Total time for which application threads were stopped: 0.0041583 seconds, Stopping threads took: 0.0000281 seconds
127.838: [GC (Allocation Failure)  441100K->119500K(1035264K), 0.0038171 secs]
127.842: Total time for which application threads were stopped: 0.0039815 seconds, Stopping threads took: 0.0000177 seconds
127.912: [GC (Allocation Failure)  442060K->127754K(1035264K), 0.0075684 secs]
127.919: Total time for which application threads were stopped: 0.0077209 seconds, Stopping threads took: 0.0000169 seconds
127.988: [GC (Allocation Failure)  450314K->122700K(1032192K), 0.0040433 secs]
127.992: Total time for which application threads were stopped: 0.0042124 seconds, Stopping threads took: 0.0000202 seconds
128.058: [GC (Allocation Failure)  442188K->122508K(1033728K), 0.0037407 secs]
128.062: Total time for which application threads were stopped: 0.0039107 seconds, Stopping threads took: 0.0000199 seconds
128.128: [GC (Allocation Failure)  441996K->128906K(1030656K), 0.0065003 secs]
128.134: Total time for which application threads were stopped: 0.0066673 seconds, Stopping threads took: 0.0000261 seconds
128.202: [GC (Allocation Failure)  445322K->122668K(1032192K), 0.0039535 secs]
128.206: Total time for which application threads were stopped: 0.0041217 seconds, Stopping threads took: 0.0000262 seconds
128.272: [GC (Allocation Failure)  439084K->122540K(1033216K), 0.0038774 secs]
128.276: Total time for which application threads were stopped: 0.0040789 seconds, Stopping threads took: 0.0000205 seconds
128.344: [GC (Allocation Failure)  440492K->116298K(1032704K), 0.0029788 secs]
128.347: Total time for which application threads were stopped: 0.0031585 seconds, Stopping threads took: 0.0000269 seconds
128.415: [GC (Allocation Failure)  434250K->122604K(1033216K), 0.0041285 secs]
128.419: Total time for which application threads were stopped: 0.0042855 seconds, Stopping threads took: 0.0000168 seconds
128.485: [GC (Allocation Failure)  440556K->122508K(1032704K), 0.0037732 secs]
128.489: Total time for which application threads were stopped: 0.0039442 seconds, Stopping threads took: 0.0000201 seconds
128.557: [GC (Allocation Failure)  440460K->123020K(1032704K), 0.0038276 secs]
128.561: Total time for which application threads were stopped: 0.0039952 seconds, Stopping threads took: 0.0000211 seconds
128.628: [GC (Allocation Failure)  441484K->130575K(1033216K), 0.0038468 secs]
128.631: Total time for which application threads were stopped: 0.0040125 seconds, Stopping threads took: 0.0000196 seconds
128.699: [GC (Allocation Failure)  449039K->130575K(1034240K), 0.0037144 secs]
128.703: Total time for which application threads were stopped: 0.0038815 seconds, Stopping threads took: 0.0000260 seconds
128.767: [GC (Allocation Failure)  450575K->132775K(1033728K), 0.0043311 secs]
128.772: Total time for which application threads were stopped: 0.0044915 seconds, Stopping threads took: 0.0000191 seconds
128.839: [GC (Allocation Failure)  452775K->138601K(1034240K), 0.0039723 secs]
128.843: Total time for which application threads were stopped: 0.0041348 seconds, Stopping threads took: 0.0000198 seconds
128.909: [GC (Allocation Failure)  458601K->138601K(1033728K), 0.0039318 secs]
128.913: Total time for which application threads were stopped: 0.0041263 seconds, Stopping threads took: 0.0000205 seconds
128.980: [GC (Allocation Failure)  458601K->141545K(1034752K), 0.0045763 secs]
128.984: Total time for which application threads were stopped: 0.0047337 seconds, Stopping threads took: 0.0000168 seconds
129.052: [GC (Allocation Failure)  463081K->146667K(1034752K), 0.0037671 secs]
129.056: Total time for which application threads were stopped: 0.0039481 seconds, Stopping threads took: 0.0000200 seconds
129.123: [GC (Allocation Failure)  468203K->146603K(1035264K), 0.0039548 secs]
129.127: Total time for which application threads were stopped: 0.0041310 seconds, Stopping threads took: 0.0000201 seconds
129.194: [GC (Allocation Failure)  468651K->147211K(1034752K), 0.0039037 secs]
129.198: Total time for which application threads were stopped: 0.0040649 seconds, Stopping threads took: 0.0000260 seconds
129.266: [GC (Allocation Failure)  469259K->154669K(1034752K), 0.0039026 secs]
129.270: Total time for which application threads were stopped: 0.0040699 seconds, Stopping threads took: 0.0000259 seconds
129.337: [GC (Allocation Failure)  476205K->154637K(1034752K), 0.0064498 secs]
129.343: Total time for which application threads were stopped: 0.0066132 seconds, Stopping threads took: 0.0000243 seconds
129.409: [GC (Allocation Failure)  476173K->156973K(1034752K), 0.0044488 secs]
129.413: Total time for which application threads were stopped: 0.0046137 seconds, Stopping threads took: 0.0000202 seconds
129.481: [GC (Allocation Failure)  478509K->162768K(1034752K), 0.0040145 secs]
129.485: Total time for which application threads were stopped: 0.0041789 seconds, Stopping threads took: 0.0000206 seconds
129.551: [GC (Allocation Failure)  484304K->162704K(1034752K), 0.0039122 secs]
129.555: Total time for which application threads were stopped: 0.0040884 seconds, Stopping threads took: 0.0000223 seconds
129.620: [GC (Allocation Failure)  484240K->166248K(1034752K), 0.0046209 secs]
129.625: Total time for which application threads were stopped: 0.0047909 seconds, Stopping threads took: 0.0000197 seconds
129.693: [GC (Allocation Failure)  487784K->170730K(1035264K), 0.0039389 secs]
129.697: Total time for which application threads were stopped: 0.0041008 seconds, Stopping threads took: 0.0000196 seconds
129.765: [GC (Allocation Failure)  493290K->170698K(1035264K), 0.0069007 secs]
129.772: Total time for which application threads were stopped: 0.0070992 seconds, Stopping threads took: 0.0000217 seconds
129.839: [GC (Allocation Failure)  493258K->173418K(1035264K), 0.0043757 secs]
129.844: Total time for which application threads were stopped: 0.0045583 seconds, Stopping threads took: 0.0000167 seconds
129.914: [GC (Allocation Failure)  495978K->178796K(1035264K), 0.0041808 secs]
129.918: Total time for which application threads were stopped: 0.0043361 seconds, Stopping threads took: 0.0000172 seconds
129.986: [GC (Allocation Failure)  501356K->178732K(1035264K), 0.0064549 secs]
129.993: Total time for which application threads were stopped: 0.0066317 seconds, Stopping threads took: 0.0000194 seconds
130.061: [GC (Allocation Failure)  501292K->181676K(1035264K), 0.0046230 secs]
130.065: Total time for which application threads were stopped: 0.0047990 seconds, Stopping threads took: 0.0000229 seconds
130.134: [GC (Allocation Failure)  504236K->186766K(1035264K), 0.0037031 secs]
130.138: Total time for which application threads were stopped: 0.0038661 seconds, Stopping threads took: 0.0000196 seconds
130.206: [GC (Allocation Failure)  509326K->186766K(1035264K), 0.0038494 secs]
130.210: Total time for which application threads were stopped: 0.0040180 seconds, Stopping threads took: 0.0000268 seconds
130.276: [GC (Allocation Failure)  509326K->189870K(1035264K), 0.0047643 secs]
130.281: Total time for which application threads were stopped: 0.0049305 seconds, Stopping threads took: 0.0000249 seconds
130.349: [GC (Allocation Failure)  512430K->194865K(1035264K), 0.0050533 secs]
130.354: Total time for which application threads were stopped: 0.0052628 seconds, Stopping threads took: 0.0000261 seconds
130.423: [GC (Allocation Failure)  517425K->194801K(1035264K), 0.0040382 secs]
130.427: Total time for which application threads were stopped: 0.0042006 seconds, Stopping threads took: 0.0000169 seconds
130.494: [GC (Allocation Failure)  517361K->190062K(1035264K), 0.0020080 secs]
130.496: Total time for which application threads were stopped: 0.0021600 seconds, Stopping threads took: 0.0000249 seconds
130.564: [GC (Allocation Failure)  512622K->194833K(1035264K), 0.0041376 secs]
130.569: Total time for which application threads were stopped: 0.0043177 seconds, Stopping threads took: 0.0000217 seconds
130.635: [GC (Allocation Failure)  517393K->194801K(1035264K), 0.0040764 secs]
130.639: Total time for which application threads were stopped: 0.0042701 seconds, Stopping threads took: 0.0000202 seconds
130.709: [GC (Allocation Failure)  517361K->194382K(1035776K), 0.0036829 secs]
130.712: Total time for which application threads were stopped: 0.0038757 seconds, Stopping threads took: 0.0000263 seconds
130.781: [GC (Allocation Failure)  517966K->195025K(1035776K), 0.0037867 secs]
130.785: Total time for which application threads were stopped: 0.0039555 seconds, Stopping threads took: 0.0000196 seconds
130.853: [GC (Allocation Failure)  518609K->194801K(1035776K), 0.0039614 secs]
130.857: Total time for which application threads were stopped: 0.0041218 seconds, Stopping threads took: 0.0000198 seconds
130.922: [GC (Allocation Failure)  518385K->201670K(1035776K), 0.0073287 secs]
130.930: Total time for which application threads were stopped: 0.0074976 seconds, Stopping threads took: 0.0000193 seconds
130.997: [GC (Allocation Failure)  525254K->197097K(1032704K), 0.0039265 secs]
131.001: Total time for which application threads were stopped: 0.0040910 seconds, Stopping threads took: 0.0000203 seconds
131.068: [GC (Allocation Failure)  517609K->196937K(1034240K), 0.0042966 secs]
131.072: Total time for which application threads were stopped: 0.0044801 seconds, Stopping threads took: 0.0000206 seconds
131.139: [GC (Allocation Failure)  517449K->205030K(1029632K), 0.0076436 secs]
131.146: Total time for which application threads were stopped: 0.0078060 seconds, Stopping threads took: 0.0000193 seconds
131.213: [GC (Allocation Failure)  521446K->199369K(1032192K), 0.0038861 secs]
131.217: Total time for which application threads were stopped: 0.0040541 seconds, Stopping threads took: 0.0000269 seconds
131.283: [GC (Allocation Failure)  515785K->199305K(1033216K), 0.0041728 secs]
131.287: Total time for which application threads were stopped: 0.0043405 seconds, Stopping threads took: 0.0000278 seconds
131.352: [GC (Allocation Failure)  517257K->194822K(1032704K), 0.0027958 secs]
131.355: Total time for which application threads were stopped: 0.0029569 seconds, Stopping threads took: 0.0000251 seconds
131.423: [GC (Allocation Failure)  512774K->199305K(1033728K), 0.0040743 secs]
131.427: Total time for which application threads were stopped: 0.0042471 seconds, Stopping threads took: 0.0000195 seconds
131.494: [GC (Allocation Failure)  518281K->199273K(1033216K), 0.0041963 secs]
131.498: Total time for which application threads were stopped: 0.0043695 seconds, Stopping threads took: 0.0000206 seconds
131.565: [GC (Allocation Failure)  518249K->199497K(1032704K), 0.0042149 secs]
131.569: Total time for which application threads were stopped: 0.0044027 seconds, Stopping threads took: 0.0000206 seconds
131.637: [GC (Allocation Failure)  518985K->207307K(1033728K), 0.0038466 secs]
131.641: Total time for which application threads were stopped: 0.0040046 seconds, Stopping threads took: 0.0000200 seconds
131.708: [GC (Allocation Failure)  526795K->207307K(1034752K), 0.0041070 secs]
131.713: Total time for which application threads were stopped: 0.0043064 seconds, Stopping threads took: 0.0000261 seconds
131.781: [GC (Allocation Failure)  528331K->208203K(1034240K), 0.0043607 secs]
131.786: Total time for which application threads were stopped: 0.0045301 seconds, Stopping threads took: 0.0000274 seconds
131.852: [GC (Allocation Failure)  529227K->215405K(1034240K), 0.0041709 secs]
131.856: Total time for which application threads were stopped: 0.0043524 seconds, Stopping threads took: 0.0000200 seconds
131.924: [GC (Allocation Failure)  535917K->215309K(1034240K), 0.0051742 secs]
131.929: Total time for which application threads were stopped: 0.0053370 seconds, Stopping threads took: 0.0000198 seconds
131.996: [GC (Allocation Failure)  535821K->219021K(1034752K), 0.0048243 secs]
132.001: Total time for which application threads were stopped: 0.0050376 seconds, Stopping threads took: 0.0000223 seconds
132.071: [GC (Allocation Failure)  540557K->223376K(1034752K), 0.0041318 secs]
132.075: Total time for which application threads were stopped: 0.0043075 seconds, Stopping threads took: 0.0000200 seconds
132.144: [GC (Allocation Failure)  544912K->223376K(1035264K), 0.0041533 secs]
132.148: Total time for which application threads were stopped: 0.0043056 seconds, Stopping threads took: 0.0000180 seconds
132.215: [GC (Allocation Failure)  545424K->224680K(1034752K), 0.0042443 secs]
132.219: Total time for which application threads were stopped: 0.0044152 seconds, Stopping threads took: 0.0000192 seconds
132.287: [GC (Allocation Failure)  546728K->231466K(1034752K), 0.0040115 secs]
132.291: Total time for which application threads were stopped: 0.0041787 seconds, Stopping threads took: 0.0000211 seconds
132.358: [GC (Allocation Failure)  553002K->231434K(1034752K), 0.0042846 secs]
132.362: Total time for which application threads were stopped: 0.0044526 seconds, Stopping threads took: 0.0000184 seconds
132.427: [GC (Allocation Failure)  552970K->234442K(1035264K), 0.0048039 secs]
132.432: Total time for which application threads were stopped: 0.0049779 seconds, Stopping threads took: 0.0000201 seconds
132.500: [GC (Allocation Failure)  557002K->239500K(1035264K), 0.0040673 secs]
132.504: Total time for which application threads were stopped: 0.0042505 seconds, Stopping threads took: 0.0000199 seconds
132.572: [GC (Allocation Failure)  562060K->239468K(1035264K), 0.0043172 secs]
132.576: Total time for which application threads were stopped: 0.0044882 seconds, Stopping threads took: 0.0000201 seconds
132.643: [GC (Allocation Failure)  562028K->242732K(1035264K), 0.0046926 secs]
132.648: Total time for which application threads were stopped: 0.0048740 seconds, Stopping threads took: 0.0000192 seconds
132.714: [GC (Allocation Failure)  565292K->247694K(1035264K), 0.0040315 secs]
132.718: Total time for which application threads were stopped: 0.0042136 seconds, Stopping threads took: 0.0000265 seconds
132.789: [GC (Allocation Failure)  570254K->247470K(1035264K), 0.0039517 secs]
132.793: Total time for which application threads were stopped: 0.0041226 seconds, Stopping threads took: 0.0000200 seconds
132.858: [GC (Allocation Failure)  570030K->242860K(1035264K), 0.0029538 secs]
132.861: Total time for which application threads were stopped: 0.0031138 seconds, Stopping threads took: 0.0000204 seconds
132.929: [GC (Allocation Failure)  565420K->247630K(1035264K), 0.0039519 secs]
132.933: Total time for which application threads were stopped: 0.0041167 seconds, Stopping threads took: 0.0000205 seconds
133.000: [GC (Allocation Failure)  570190K->247470K(1035264K), 0.0040576 secs]
133.004: Total time for which application threads were stopped: 0.0042309 seconds, Stopping threads took: 0.0000259 seconds
133.071: [GC (Allocation Failure)  570030K->247180K(1035264K), 0.0039315 secs]
133.075: Total time for which application threads were stopped: 0.0040907 seconds, Stopping threads took: 0.0000192 seconds
133.144: [GC (Allocation Failure)  569740K->247566K(1035776K), 0.0041734 secs]
133.148: Total time for which application threads were stopped: 0.0043646 seconds, Stopping threads took: 0.0000193 seconds
133.218: [GC (Allocation Failure)  571150K->247502K(1035776K), 0.0040072 secs]
133.222: Total time for which application threads were stopped: 0.0041864 seconds, Stopping threads took: 0.0000258 seconds
133.290: [GC (Allocation Failure)  571086K->253484K(1031680K), 0.0067606 secs]
133.297: Total time for which application threads were stopped: 0.0069398 seconds, Stopping threads took: 0.0000192 seconds
133.366: [GC (Allocation Failure)  572972K->248814K(1033728K), 0.0043222 secs]
133.370: Total time for which application threads were stopped: 0.0044976 seconds, Stopping threads took: 0.0000197 seconds
133.438: [GC (Allocation Failure)  568302K->248718K(1034752K), 0.0042152 secs]
133.442: Total time for which application threads were stopped: 0.0043891 seconds, Stopping threads took: 0.0000209 seconds
133.509: [GC (Allocation Failure)  569742K->251404K(1034240K), 0.0053950 secs]
133.515: Total time for which application threads were stopped: 0.0055649 seconds, Stopping threads took: 0.0000199 seconds
133.583: [GC (Allocation Failure)  572428K->248750K(1034752K), 0.0042852 secs]
133.587: Total time for which application threads were stopped: 0.0044655 seconds, Stopping threads took: 0.0000256 seconds
133.655: [GC (Allocation Failure)  569774K->248718K(1034240K), 0.0042349 secs]
133.660: Total time for which application threads were stopped: 0.0044308 seconds, Stopping threads took: 0.0000211 seconds
133.726: [GC (Allocation Failure)  569742K->251084K(1035264K), 0.0065015 secs]
133.732: Total time for which application threads were stopped: 0.0066642 seconds, Stopping threads took: 0.0000202 seconds
133.800: [GC (Allocation Failure)  573644K->248942K(1035264K), 0.0042634 secs]
133.804: Total time for which application threads were stopped: 0.0044249 seconds, Stopping threads took: 0.0000192 seconds
133.873: [GC (Allocation Failure)  571502K->248782K(1035776K), 0.0042097 secs]
133.877: Total time for which application threads were stopped: 0.0044035 seconds, Stopping threads took: 0.0000191 seconds
133.944: [GC (Allocation Failure)  572366K->256396K(1035776K), 0.0078067 secs]
133.952: Total time for which application threads were stopped: 0.0079911 seconds, Stopping threads took: 0.0000199 seconds
134.020: [GC (Allocation Failure)  579980K->251790K(1032704K), 0.0057556 secs]
134.026: Total time for which application threads were stopped: 0.0059212 seconds, Stopping threads took: 0.0000206 seconds
134.095: [GC (Allocation Failure)  572302K->251630K(1034240K), 0.0042540 secs]
134.099: Total time for which application threads were stopped: 0.0044273 seconds, Stopping threads took: 0.0000200 seconds
134.166: [GC (Allocation Failure)  572142K->244204K(1033216K), 0.0011914 secs]
134.168: Total time for which application threads were stopped: 0.0013190 seconds, Stopping threads took: 0.0000207 seconds
134.236: [GC (Allocation Failure)  563692K->251822K(1033728K), 0.0042647 secs]
134.241: Total time for which application threads were stopped: 0.0044255 seconds, Stopping threads took: 0.0000200 seconds
134.307: [GC (Allocation Failure)  571310K->255806K(1034752K), 0.0055467 secs]
134.313: Total time for which application threads were stopped: 0.0057405 seconds, Stopping threads took: 0.0000195 seconds
134.380: [GC (Allocation Failure)  576830K->261340K(1034240K), 0.0064856 secs]
134.387: Total time for which application threads were stopped: 0.0066532 seconds, Stopping threads took: 0.0000195 seconds
134.454: [GC (Allocation Failure)  582364K->255838K(1033216K), 0.0040166 secs]
134.458: Total time for which application threads were stopped: 0.0042131 seconds, Stopping threads took: 0.0000204 seconds
134.527: [GC (Allocation Failure)  575326K->255806K(1033728K), 0.0042551 secs]
134.531: Total time for which application threads were stopped: 0.0044035 seconds, Stopping threads took: 0.0000170 seconds
134.598: [GC (Allocation Failure)  575294K->257948K(1034240K), 0.0049588 secs]
134.603: Total time for which application threads were stopped: 0.0051285 seconds, Stopping threads took: 0.0000197 seconds
134.671: [GC (Allocation Failure)  578460K->256062K(1034240K), 0.0044091 secs]
134.675: Total time for which application threads were stopped: 0.0045812 seconds, Stopping threads took: 0.0000195 seconds
134.744: [GC (Allocation Failure)  576574K->255806K(1035264K), 0.0041861 secs]
134.748: Total time for which application threads were stopped: 0.0043365 seconds, Stopping threads took: 0.0000176 seconds
134.814: [GC (Allocation Failure)  577854K->257628K(1034752K), 0.0049833 secs]
134.819: Total time for which application threads were stopped: 0.0051470 seconds, Stopping threads took: 0.0000272 seconds
134.886: [GC (Allocation Failure)  579676K->255998K(1035264K), 0.0041444 secs]
134.890: Total time for which application threads were stopped: 0.0043142 seconds, Stopping threads took: 0.0000195 seconds
134.957: [GC (Allocation Failure)  578558K->255806K(1035264K), 0.0040030 secs]
134.961: Total time for which application threads were stopped: 0.0041652 seconds, Stopping threads took: 0.0000197 seconds
135.028: [GC (Allocation Failure)  578366K->261388K(1032704K), 0.0086870 secs]
135.037: Total time for which application threads were stopped: 0.0088509 seconds, Stopping threads took: 0.0000192 seconds
135.102: [GC (Allocation Failure)  581900K->256782K(1034240K), 0.0042458 secs]
135.107: Total time for which application threads were stopped: 0.0044132 seconds, Stopping threads took: 0.0000198 seconds
135.174: [GC (Allocation Failure)  577294K->256686K(1034752K), 0.0038589 secs]
135.178: Total time for which application threads were stopped: 0.0040392 seconds, Stopping threads took: 0.0000202 seconds
135.246: [GC (Allocation Failure)  578222K->261484K(1034240K), 0.0060178 secs]
135.252: Total time for which application threads were stopped: 0.0061894 seconds, Stopping threads took: 0.0000200 seconds
135.319: [GC (Allocation Failure)  583020K->256782K(1034240K), 0.0041993 secs]
135.323: Total time for which application threads were stopped: 0.0043662 seconds, Stopping threads took: 0.0000206 seconds
135.392: [GC (Allocation Failure)  577294K->256718K(1034240K), 0.0039448 secs]
135.396: Total time for which application threads were stopped: 0.0041013 seconds, Stopping threads took: 0.0000174 seconds
135.464: [GC (Allocation Failure)  577230K->260620K(1032704K), 0.0057601 secs]
135.470: Total time for which application threads were stopped: 0.0059201 seconds, Stopping threads took: 0.0000198 seconds
135.537: [GC (Allocation Failure)  580108K->256686K(1033728K), 0.0040705 secs]
135.541: Total time for which application threads were stopped: 0.0042728 seconds, Stopping threads took: 0.0000209 seconds
135.610: [GC (Allocation Failure)  576174K->256686K(1034752K), 0.0042702 secs]
135.615: Total time for which application threads were stopped: 0.0044392 seconds, Stopping threads took: 0.0000197 seconds
135.682: [GC (Allocation Failure)  577710K->257260K(1034240K), 0.0043442 secs]
135.686: Total time for which application threads were stopped: 0.0045167 seconds, Stopping threads took: 0.0000192 seconds
135.755: [GC (Allocation Failure)  578284K->256846K(1035264K), 0.0042647 secs]
135.759: Total time for which application threads were stopped: 0.0044156 seconds, Stopping threads took: 0.0000172 seconds
135.826: [GC (Allocation Failure)  578894K->256686K(1034752K), 0.0044000 secs]
135.831: Total time for which application threads were stopped: 0.0045674 seconds, Stopping threads took: 0.0000195 seconds
135.898: [GC (Allocation Failure)  578734K->259020K(1035264K), 0.0049656 secs]
135.903: Total time for which application threads were stopped: 0.0051368 seconds, Stopping threads took: 0.0000265 seconds
135.970: [GC (Allocation Failure)  581580K->256814K(1035264K), 0.0041090 secs]
135.974: Total time for which application threads were stopped: 0.0042650 seconds, Stopping threads took: 0.0000191 seconds
136.041: [GC (Allocation Failure)  579374K->256654K(1035776K), 0.0040539 secs]
136.045: Total time for which application threads were stopped: 0.0042457 seconds, Stopping threads took: 0.0000195 seconds
136.113: [GC (Allocation Failure)  580238K->264268K(1035776K), 0.0077225 secs]
136.121: Total time for which application threads were stopped: 0.0078812 seconds, Stopping threads took: 0.0000164 seconds
136.190: [GC (Allocation Failure)  587852K->259630K(1031680K), 0.0041815 secs]
136.194: Total time for which application threads were stopped: 0.0043433 seconds, Stopping threads took: 0.0000261 seconds
136.261: [GC (Allocation Failure)  579118K->259534K(1033728K), 0.0041344 secs]
136.266: Total time for which application threads were stopped: 0.0043369 seconds, Stopping threads took: 0.0000294 seconds
136.334: [GC (Allocation Failure)  579022K->266316K(1031168K), 0.0097024 secs]
136.343: Total time for which application threads were stopped: 0.0099122 seconds, Stopping threads took: 0.0000247 seconds
136.410: [GC (Allocation Failure)  583756K->260142K(1032704K), 0.0040719 secs]
136.415: Total time for which application threads were stopped: 0.0042660 seconds, Stopping threads took: 0.0000195 seconds
136.483: [GC (Allocation Failure)  577582K->260046K(1033216K), 0.0042247 secs]
136.487: Total time for which application threads were stopped: 0.0043723 seconds, Stopping threads took: 0.0000170 seconds
136.553: [GC (Allocation Failure)  577998K->256300K(1032704K), 0.0028043 secs]
136.556: Total time for which application threads were stopped: 0.0029984 seconds, Stopping threads took: 0.0000206 seconds
136.624: [GC (Allocation Failure)  574252K->260078K(1033216K), 0.0039928 secs]
136.629: Total time for which application threads were stopped: 0.0041468 seconds, Stopping threads took: 0.0000174 seconds
136.695: [GC (Allocation Failure)  578030K->260078K(1032704K), 0.0041770 secs]
136.699: Total time for which application threads were stopped: 0.0043605 seconds, Stopping threads took: 0.0000262 seconds
136.765: [GC (Allocation Failure)  578030K->263054K(1032704K), 0.0048649 secs]
136.770: Total time for which application threads were stopped: 0.0050251 seconds, Stopping threads took: 0.0000192 seconds
136.838: [GC (Allocation Failure)  581518K->268081K(1033216K), 0.0051109 secs]
136.843: Total time for which application threads were stopped: 0.0052721 seconds, Stopping threads took: 0.0000200 seconds
136.909: [GC (Allocation Failure)  586545K->268049K(1034752K), 0.0049956 secs]
136.914: Total time for which application threads were stopped: 0.0051554 seconds, Stopping threads took: 0.0000199 seconds
136.981: [GC (Allocation Failure)  589073K->269737K(1034240K), 0.0042055 secs]
136.985: Total time for which application threads were stopped: 0.0043859 seconds, Stopping threads took: 0.0000206 seconds
137.052: [GC (Allocation Failure)  590761K->276139K(1034752K), 0.0043538 secs]
137.057: Total time for which application threads were stopped: 0.0045434 seconds, Stopping threads took: 0.0000225 seconds
137.125: [GC (Allocation Failure)  597163K->276139K(1034240K), 0.0040795 secs]
137.129: Total time for which application threads were stopped: 0.0042620 seconds, Stopping threads took: 0.0000193 seconds
137.198: [GC (Allocation Failure)  597163K->277443K(1033728K), 0.0043633 secs]
137.202: Total time for which application threads were stopped: 0.0045275 seconds, Stopping threads took: 0.0000197 seconds
137.270: [GC (Allocation Failure)  597955K->284261K(1034240K), 0.0041681 secs]
137.275: Total time for which application threads were stopped: 0.0043380 seconds, Stopping threads took: 0.0000265 seconds
137.343: [GC (Allocation Failure)  604773K->284133K(1035264K), 0.0048760 secs]
137.348: Total time for which application threads were stopped: 0.0050493 seconds, Stopping threads took: 0.0000283 seconds
137.416: [GC (Allocation Failure)  606181K->285165K(1034752K), 0.0041442 secs]
137.420: Total time for which application threads were stopped: 0.0043256 seconds, Stopping threads took: 0.0000172 seconds
137.489: [GC (Allocation Failure)  607213K->292239K(1034752K), 0.0041087 secs]
137.493: Total time for which application threads were stopped: 0.0042859 seconds, Stopping threads took: 0.0000283 seconds
137.561: [GC (Allocation Failure)  613775K->292143K(1034752K), 0.0042916 secs]
137.565: Total time for which application threads were stopped: 0.0044652 seconds, Stopping threads took: 0.0000198 seconds
137.630: [GC (Allocation Failure)  613679K->294919K(1034752K), 0.0048200 secs]
137.635: Total time for which application threads were stopped: 0.0049765 seconds, Stopping threads took: 0.0000194 seconds
137.703: [GC (Allocation Failure)  616455K->300202K(1034752K), 0.0040052 secs]
137.707: Total time for which application threads were stopped: 0.0042110 seconds, Stopping threads took: 0.0000265 seconds
137.776: [GC (Allocation Failure)  621738K->300202K(1035264K), 0.0043086 secs]
137.780: Total time for which application threads were stopped: 0.0044694 seconds, Stopping threads took: 0.0000200 seconds
137.846: [GC (Allocation Failure)  622250K->300610K(1034752K), 0.0045435 secs]
137.851: Total time for which application threads were stopped: 0.0047113 seconds, Stopping threads took: 0.0000269 seconds
137.919: [GC (Allocation Failure)  622658K->308228K(1034752K), 0.0041038 secs]
137.923: Total time for which application threads were stopped: 0.0042756 seconds, Stopping threads took: 0.0000203 seconds
137.989: [GC (Allocation Failure)  629764K->308228K(1034752K), 0.0041466 secs]
137.993: Total time for which application threads were stopped: 0.0043377 seconds, Stopping threads took: 0.0000195 seconds
138.060: [GC (Allocation Failure)  629764K->310380K(1034752K), 0.0046347 secs]
138.065: Total time for which application threads were stopped: 0.0048131 seconds, Stopping threads took: 0.0000210 seconds
138.133: [GC (Allocation Failure)  631916K->316302K(1034752K), 0.0042941 secs]
138.137: Total time for which application threads were stopped: 0.0044754 seconds, Stopping threads took: 0.0000198 seconds
138.203: [GC (Allocation Failure)  637838K->316270K(1034752K), 0.0042934 secs]
138.207: Total time for which application threads were stopped: 0.0044725 seconds, Stopping threads took: 0.0000268 seconds
138.274: [GC (Allocation Failure)  637806K->319654K(1034752K), 0.0049173 secs]
138.279: Total time for which application threads were stopped: 0.0050813 seconds, Stopping threads took: 0.0000206 seconds
138.347: [GC (Allocation Failure)  641190K->324360K(1035264K), 0.0048257 secs]
138.352: Total time for which application threads were stopped: 0.0049949 seconds, Stopping threads took: 0.0000170 seconds
138.422: [GC (Allocation Failure)  646920K->324296K(1035264K), 0.0045473 secs]
138.426: Total time for which application threads were stopped: 0.0047151 seconds, Stopping threads took: 0.0000196 seconds
138.494: [GC (Allocation Failure)  646856K->326856K(1035264K), 0.0047414 secs]
138.498: Total time for which application threads were stopped: 0.0049031 seconds, Stopping threads took: 0.0000196 seconds
138.567: [GC (Allocation Failure)  649416K->332395K(1035264K), 0.0042611 secs]
138.571: Total time for which application threads were stopped: 0.0044248 seconds, Stopping threads took: 0.0000201 seconds
138.638: [GC (Allocation Failure)  654955K->332331K(1035264K), 0.0043682 secs]
138.642: Total time for which application threads were stopped: 0.0045387 seconds, Stopping threads took: 0.0000200 seconds
138.710: [GC (Allocation Failure)  654891K->327048K(1035264K), 0.0020726 secs]
138.712: Total time for which application threads were stopped: 0.0022312 seconds, Stopping threads took: 0.0000253 seconds
138.781: [GC (Allocation Failure)  649608K->332555K(1035264K), 0.0043146 secs]
138.786: Total time for which application threads were stopped: 0.0044779 seconds, Stopping threads took: 0.0000197 seconds
138.854: [GC (Allocation Failure)  655115K->332331K(1035264K), 0.0040117 secs]
138.858: Total time for which application threads were stopped: 0.0042093 seconds, Stopping threads took: 0.0000213 seconds
138.925: [GC (Allocation Failure)  654891K->331336K(1035776K), 0.0041037 secs]
138.929: Total time for which application threads were stopped: 0.0042871 seconds, Stopping threads took: 0.0000314 seconds
138.997: [GC (Allocation Failure)  654408K->332491K(1035264K), 0.0041940 secs]
139.001: Total time for which application threads were stopped: 0.0043551 seconds, Stopping threads took: 0.0000189 seconds
139.068: [GC (Allocation Failure)  655563K->332363K(1035776K), 0.0042893 secs]
139.073: Total time for which application threads were stopped: 0.0044578 seconds, Stopping threads took: 0.0000194 seconds
139.140: [GC (Allocation Failure)  655947K->337664K(1035776K), 0.0085005 secs]
139.149: Total time for which application threads were stopped: 0.0086446 seconds, Stopping threads took: 0.0000184 seconds
139.217: [GC (Allocation Failure)  661248K->333067K(1032704K), 0.0073011 secs]
139.224: Total time for which application threads were stopped: 0.0074654 seconds, Stopping threads took: 0.0000199 seconds
139.294: [GC (Allocation Failure)  653579K->332939K(1034240K), 0.0042261 secs]
139.298: Total time for which application threads were stopped: 0.0044296 seconds, Stopping threads took: 0.0000196 seconds
139.366: [GC (Allocation Failure)  653451K->339472K(1030656K), 0.0070041 secs]
139.373: Total time for which application threads were stopped: 0.0071610 seconds, Stopping threads took: 0.0000152 seconds
139.439: [GC (Allocation Failure)  656912K->333811K(1032704K), 0.0044757 secs]
139.444: Total time for which application threads were stopped: 0.0046384 seconds, Stopping threads took: 0.0000196 seconds
139.511: [GC (Allocation Failure)  651251K->333747K(1034240K), 0.0041659 secs]
139.515: Total time for which application threads were stopped: 0.0043341 seconds, Stopping threads took: 0.0000195 seconds
139.581: [GC (Allocation Failure)  653235K->331280K(1033216K), 0.0034773 secs]
139.584: Total time for which application threads were stopped: 0.0036513 seconds, Stopping threads took: 0.0000269 seconds
139.651: [GC (Allocation Failure)  650768K->333747K(1034752K), 0.0044540 secs]
139.655: Total time for which application threads were stopped: 0.0046359 seconds, Stopping threads took: 0.0000215 seconds
139.723: [GC (Allocation Failure)  654771K->333715K(1034240K), 0.0042962 secs]
139.727: Total time for which application threads were stopped: 0.0044780 seconds, Stopping threads took: 0.0000266 seconds
139.794: [GC (Allocation Failure)  654739K->329456K(1035264K), 0.0025993 secs]
139.797: Total time for which application threads were stopped: 0.0027669 seconds, Stopping threads took: 0.0000199 seconds
139.864: [GC (Allocation Failure)  652016K->333939K(1035264K), 0.0040914 secs]
139.869: Total time for which application threads were stopped: 0.0042619 seconds, Stopping threads took: 0.0000193 seconds
139.936: [GC (Allocation Failure)  656499K->333715K(1035776K), 0.0043095 secs]
139.940: Total time for which application threads were stopped: 0.0045012 seconds, Stopping threads took: 0.0000201 seconds
140.009: [GC (Allocation Failure)  656787K->334224K(1035264K), 0.0045197 secs]
140.014: Total time for which application threads were stopped: 0.0046695 seconds, Stopping threads took: 0.0000164 seconds
140.083: [GC (Allocation Failure)  657296K->333907K(1036288K), 0.0045041 secs]
140.087: Total time for which application threads were stopped: 0.0046761 seconds, Stopping threads took: 0.0000197 seconds
140.155: [GC (Allocation Failure)  658003K->333747K(1035776K), 0.0042689 secs]
140.159: Total time for which application threads were stopped: 0.0044651 seconds, Stopping threads took: 0.0000201 seconds
140.229: [GC (Allocation Failure)  657843K->325744K(1034752K), 0.0011651 secs]
140.230: Total time for which application threads were stopped: 0.0012892 seconds, Stopping threads took: 0.0000193 seconds
140.299: [GC (Allocation Failure)  649328K->333827K(1035776K), 0.0042995 secs]
140.304: Total time for which application threads were stopped: 0.0044958 seconds, Stopping threads took: 0.0000197 seconds
140.373: [GC (Allocation Failure)  657411K->337859K(1036288K), 0.0076889 secs]
140.381: Total time for which application threads were stopped: 0.0078492 seconds, Stopping threads took: 0.0000196 seconds
140.447: [GC (Allocation Failure)  661955K->333952K(1035776K), 0.0031971 secs]
140.450: Total time for which application threads were stopped: 0.0033700 seconds, Stopping threads took: 0.0000206 seconds
140.518: [GC (Allocation Failure)  658048K->338027K(1036288K), 0.0043717 secs]
140.522: Total time for which application threads were stopped: 0.0045437 seconds, Stopping threads took: 0.0000264 seconds
140.590: [GC (Allocation Failure)  662123K->341995K(1035776K), 0.0043995 secs]
140.594: Total time for which application threads were stopped: 0.0045619 seconds, Stopping threads took: 0.0000206 seconds
140.664: [GC (Allocation Failure)  666091K->342027K(1036288K), 0.0043072 secs]
140.669: Total time for which application threads were stopped: 0.0044898 seconds, Stopping threads took: 0.0000203 seconds
140.738: [GC (Allocation Failure)  666635K->342347K(1024512K), 0.0042432 secs]
140.743: Total time for which application threads were stopped: 0.0044064 seconds, Stopping threads took: 0.0000268 seconds
140.810: [GC (Allocation Failure)  666955K->350061K(1035776K), 0.0043117 secs]
140.814: Total time for which application threads were stopped: 0.0044741 seconds, Stopping threads took: 0.0000202 seconds
140.882: [GC (Allocation Failure)  673645K->350029K(1035776K), 0.0044056 secs]
140.887: Total time for which application threads were stopped: 0.0045664 seconds, Stopping threads took: 0.0000196 seconds
140.953: [GC (Allocation Failure)  673613K->350565K(1034752K), 0.0043892 secs]
140.958: Total time for which application threads were stopped: 0.0045792 seconds, Stopping threads took: 0.0000193 seconds
141.027: [GC (Allocation Failure)  673125K->358055K(1035264K), 0.0044733 secs]
141.032: Total time for which application threads were stopped: 0.0046228 seconds, Stopping threads took: 0.0000166 seconds
141.099: [GC (Allocation Failure)  680615K->358055K(1035264K), 0.0043652 secs]
141.104: Total time for which application threads were stopped: 0.0045225 seconds, Stopping threads took: 0.0000165 seconds
141.171: [GC (Allocation Failure)  680615K->358279K(1022464K), 0.0044650 secs]
141.175: Total time for which application threads were stopped: 0.0046381 seconds, Stopping threads took: 0.0000196 seconds
141.246: [GC (Allocation Failure)  680839K->366121K(1034752K), 0.0045955 secs]
141.251: Total time for which application threads were stopped: 0.0047644 seconds, Stopping threads took: 0.0000261 seconds
141.318: [GC (Allocation Failure)  687657K->366121K(1034752K), 0.0045285 secs]
141.323: Total time for which application threads were stopped: 0.0047191 seconds, Stopping threads took: 0.0000206 seconds
141.391: [GC (Allocation Failure)  687657K->366153K(1033728K), 0.0045464 secs]
141.396: Total time for which application threads were stopped: 0.0047182 seconds, Stopping threads took: 0.0000201 seconds
141.463: [GC (Allocation Failure)  686665K->374124K(1034240K), 0.0042785 secs]
141.467: Total time for which application threads were stopped: 0.0044492 seconds, Stopping threads took: 0.0000201 seconds
141.534: [GC (Allocation Failure)  694636K->374124K(1034240K), 0.0043270 secs]
141.539: Total time for which application threads were stopped: 0.0044921 seconds, Stopping threads took: 0.0000202 seconds
141.606: [GC (Allocation Failure)  694636K->374252K(1034240K), 0.0043961 secs]
141.610: Total time for which application threads were stopped: 0.0045671 seconds, Stopping threads took: 0.0000206 seconds
141.678: [GC (Allocation Failure)  694764K->382158K(1034240K), 0.0043292 secs]
141.682: Total time for which application threads were stopped: 0.0044962 seconds, Stopping threads took: 0.0000193 seconds
141.750: [GC (Allocation Failure)  702670K->382158K(1034240K), 0.0043528 secs]
141.754: Total time for which application threads were stopped: 0.0045356 seconds, Stopping threads took: 0.0000215 seconds
141.821: [GC (Allocation Failure)  702670K->382502K(1033216K), 0.0044708 secs]
141.826: Total time for which application threads were stopped: 0.0046712 seconds, Stopping threads took: 0.0000206 seconds
141.892: [GC (Allocation Failure)  701990K->390184K(1033728K), 0.0043864 secs]
141.897: Total time for which application threads were stopped: 0.0045490 seconds, Stopping threads took: 0.0000198 seconds
141.962: [GC (Allocation Failure)  709672K->390184K(1033728K), 0.0043930 secs]
141.966: Total time for which application threads were stopped: 0.0045569 seconds, Stopping threads took: 0.0000196 seconds
142.033: [GC (Allocation Failure)  709672K->390728K(1033728K), 0.0044834 secs]
142.037: Total time for which application threads were stopped: 0.0046450 seconds, Stopping threads took: 0.0000201 seconds
142.103: [GC (Allocation Failure)  710216K->398219K(1033728K), 0.0045724 secs]
142.108: Total time for which application threads were stopped: 0.0047328 seconds, Stopping threads took: 0.0000192 seconds
142.176: [GC (Allocation Failure)  717707K->398251K(1033728K), 0.0042016 secs]
142.180: Total time for which application threads were stopped: 0.0043655 seconds, Stopping threads took: 0.0000204 seconds
142.245: [GC (Allocation Failure)  717739K->398403K(1033728K), 0.0059922 secs]
142.251: Total time for which application threads were stopped: 0.0061675 seconds, Stopping threads took: 0.0000292 seconds
142.318: [GC (Allocation Failure)  717891K->406245K(1033728K), 0.0052483 secs]
142.323: Total time for which application threads were stopped: 0.0054282 seconds, Stopping threads took: 0.0000213 seconds
142.392: [GC (Allocation Failure)  725733K->406245K(1033728K), 0.0045718 secs]
142.397: Total time for which application threads were stopped: 0.0047731 seconds, Stopping threads took: 0.0000229 seconds
142.463: [GC (Allocation Failure)  725733K->406405K(1019392K), 0.0045879 secs]
142.467: Total time for which application threads were stopped: 0.0047406 seconds, Stopping threads took: 0.0000172 seconds
142.534: [GC (Allocation Failure)  725893K->414311K(1033216K), 0.0042800 secs]
142.539: Total time for which application threads were stopped: 0.0044432 seconds, Stopping threads took: 0.0000199 seconds
142.607: [GC (Allocation Failure)  732775K->414279K(1033216K), 0.0045091 secs]
142.612: Total time for which application threads were stopped: 0.0046776 seconds, Stopping threads took: 0.0000197 seconds
142.676: [GC (Allocation Failure)  732743K->414375K(1033216K), 0.0044992 secs]
142.681: Total time for which application threads were stopped: 0.0046742 seconds, Stopping threads took: 0.0000215 seconds
142.749: [GC (Allocation Failure)  732839K->422313K(1033216K), 0.0042134 secs]
142.753: Total time for which application threads were stopped: 0.0043730 seconds, Stopping threads took: 0.0000272 seconds
142.818: [GC (Allocation Failure)  740777K->414983K(1033216K), 0.0016548 secs]
142.819: Total time for which application threads were stopped: 0.0017948 seconds, Stopping threads took: 0.0000202 seconds
142.887: [GC (Allocation Failure)  733447K->422377K(1033216K), 0.0045484 secs]
142.891: Total time for which application threads were stopped: 0.0047403 seconds, Stopping threads took: 0.0000206 seconds
142.956: [GC (Allocation Failure)  740841K->426449K(1032704K), 0.0057114 secs]
142.962: Total time for which application threads were stopped: 0.0058713 seconds, Stopping threads took: 0.0000199 seconds
143.028: [GC (Allocation Failure)  744913K->427503K(1033216K), 0.0048487 secs]
143.033: Total time for which application threads were stopped: 0.0050360 seconds, Stopping threads took: 0.0000206 seconds
143.102: [GC (Allocation Failure)  745967K->426673K(1033216K), 0.0045226 secs]
143.107: Total time for which application threads were stopped: 0.0046909 seconds, Stopping threads took: 0.0000195 seconds
143.174: [GC (Allocation Failure)  745137K->426449K(1033216K), 0.0045020 secs]
143.178: Total time for which application threads were stopped: 0.0046840 seconds, Stopping threads took: 0.0000196 seconds
143.244: [GC (Allocation Failure)  744913K->419503K(1033216K), 0.0018174 secs]
143.245: Total time for which application threads were stopped: 0.0019590 seconds, Stopping threads took: 0.0000191 seconds
143.313: [GC (Allocation Failure)  737967K->426609K(1033216K), 0.0045648 secs]
143.317: Total time for which application threads were stopped: 0.0047386 seconds, Stopping threads took: 0.0000282 seconds
143.385: [GC (Allocation Failure)  745073K->426417K(1033728K), 0.0051367 secs]
143.390: Total time for which application threads were stopped: 0.0052954 seconds, Stopping threads took: 0.0000174 seconds
143.457: [GC (Allocation Failure)  745393K->428297K(1033216K), 0.0047343 secs]
143.461: Total time for which application threads were stopped: 0.0049047 seconds, Stopping threads took: 0.0000199 seconds
143.529: [GC (Allocation Failure)  747273K->434572K(1033728K), 0.0046132 secs]
143.534: Total time for which application threads were stopped: 0.0048058 seconds, Stopping threads took: 0.0000196 seconds
143.602: [GC (Allocation Failure)  754060K->434476K(1033728K), 0.0045650 secs]
143.606: Total time for which application threads were stopped: 0.0047419 seconds, Stopping threads took: 0.0000250 seconds
143.672: [GC (Allocation Failure)  753964K->434988K(1033728K), 0.0045539 secs]
143.677: Total time for which application threads were stopped: 0.0047457 seconds, Stopping threads took: 0.0000193 seconds
143.749: [GC (Allocation Failure)  754476K->442542K(1033728K), 0.0044671 secs]
143.754: Total time for which application threads were stopped: 0.0046563 seconds, Stopping threads took: 0.0000283 seconds
143.820: [GC (Allocation Failure)  762030K->442510K(1033728K), 0.0047484 secs]
143.825: Total time for which application threads were stopped: 0.0049307 seconds, Stopping threads took: 0.0000195 seconds
143.891: [GC (Allocation Failure)  761998K->446318K(1033728K), 0.0053788 secs]
143.897: Total time for which application threads were stopped: 0.0055604 seconds, Stopping threads took: 0.0000194 seconds
143.964: [GC (Allocation Failure)  765806K->450544K(1034240K), 0.0044921 secs]
143.969: Total time for which application threads were stopped: 0.0046690 seconds, Stopping threads took: 0.0000209 seconds
144.036: [GC (Allocation Failure)  771056K->450544K(1034240K), 0.0044360 secs]
144.040: Total time for which application threads were stopped: 0.0046087 seconds, Stopping threads took: 0.0000202 seconds
144.107: [GC (Allocation Failure)  771056K->451464K(1034240K), 0.0045768 secs]
144.112: Total time for which application threads were stopped: 0.0047429 seconds, Stopping threads took: 0.0000274 seconds
144.181: [GC (Allocation Failure)  771976K->458666K(1034240K), 0.0045844 secs]
144.185: Total time for which application threads were stopped: 0.0047581 seconds, Stopping threads took: 0.0000208 seconds
144.253: [GC (Allocation Failure)  779178K->458570K(1034240K), 0.0043781 secs]
144.257: Total time for which application threads were stopped: 0.0045432 seconds, Stopping threads took: 0.0000263 seconds
144.324: [GC (Allocation Failure)  779082K->461738K(1034240K), 0.0050427 secs]
144.329: Total time for which application threads were stopped: 0.0052302 seconds, Stopping threads took: 0.0000213 seconds
144.398: [GC (Allocation Failure)  782250K->466605K(1034240K), 0.0045659 secs]
144.402: Total time for which application threads were stopped: 0.0047393 seconds, Stopping threads took: 0.0000199 seconds
144.469: [GC (Allocation Failure)  787117K->466605K(1034240K), 0.0051148 secs]
144.475: Total time for which application threads were stopped: 0.0052880 seconds, Stopping threads took: 0.0000207 seconds
144.543: [GC (Allocation Failure)  787117K->467917K(1033728K), 0.0047663 secs]
144.548: Total time for which application threads were stopped: 0.0049371 seconds, Stopping threads took: 0.0000224 seconds
144.616: [GC (Allocation Failure)  788429K->474735K(1034240K), 0.0046543 secs]
144.621: Total time for which application threads were stopped: 0.0048289 seconds, Stopping threads took: 0.0000195 seconds
144.689: [GC (Allocation Failure)  795247K->474639K(1034240K), 0.0046354 secs]
144.694: Total time for which application threads were stopped: 0.0048289 seconds, Stopping threads took: 0.0000203 seconds
144.763: [GC (Allocation Failure)  795151K->478215K(1034240K), 0.0053580 secs]
144.768: Total time for which application threads were stopped: 0.0055571 seconds, Stopping threads took: 0.0000360 seconds
144.836: [GC (Allocation Failure)  798727K->482697K(1034752K), 0.0046373 secs]
144.840: Total time for which application threads were stopped: 0.0048015 seconds, Stopping threads took: 0.0000206 seconds
144.908: [GC (Allocation Failure)  804233K->482665K(1034752K), 0.0047117 secs]
144.913: Total time for which application threads were stopped: 0.0050383 seconds, Stopping threads took: 0.0000196 seconds
144.978: [GC (Allocation Failure)  804201K->486473K(1035264K), 0.0070134 secs]
144.985: Total time for which application threads were stopped: 0.0071961 seconds, Stopping threads took: 0.0000200 seconds
145.054: [GC (Allocation Failure)  808521K->490731K(1034752K), 0.0047189 secs]
145.059: Total time for which application threads were stopped: 0.0048861 seconds, Stopping threads took: 0.0000200 seconds
145.127: [GC (Allocation Failure)  812779K->490699K(1035264K), 0.0047353 secs]
145.132: Total time for which application threads were stopped: 0.0048963 seconds, Stopping threads took: 0.0000194 seconds
145.199: [GC (Allocation Failure)  813259K->493635K(1035264K), 0.0052516 secs]
145.205: Total time for which application threads were stopped: 0.0054176 seconds, Stopping threads took: 0.0000274 seconds
145.273: [GC (Allocation Failure)  816195K->498790K(1035264K), 0.0046639 secs]
145.277: Total time for which application threads were stopped: 0.0048342 seconds, Stopping threads took: 0.0000281 seconds
145.347: [GC (Allocation Failure)  821350K->498726K(1035264K), 0.0060749 secs]
145.353: Total time for which application threads were stopped: 0.0062733 seconds, Stopping threads took: 0.0000265 seconds
145.420: [GC (Allocation Failure)  821286K->501894K(1035264K), 0.0051144 secs]
145.425: Total time for which application threads were stopped: 0.0053110 seconds, Stopping threads took: 0.0000200 seconds
145.494: [GC (Allocation Failure)  824454K->506888K(1035264K), 0.0044553 secs]
145.498: Total time for which application threads were stopped: 0.0046365 seconds, Stopping threads took: 0.0000163 seconds
145.567: [GC (Allocation Failure)  829448K->506760K(1035264K), 0.0046177 secs]
145.571: Total time for which application threads were stopped: 0.0047827 seconds, Stopping threads took: 0.0000190 seconds
145.638: [GC (Allocation Failure)  829320K->510120K(1035264K), 0.0053574 secs]
145.644: Total time for which application threads were stopped: 0.0055293 seconds, Stopping threads took: 0.0000198 seconds
145.711: [GC (Allocation Failure)  832680K->514858K(1035264K), 0.0048380 secs]
145.716: Total time for which application threads were stopped: 0.0050078 seconds, Stopping threads took: 0.0000197 seconds
145.784: [GC (Allocation Failure)  837418K->514762K(1035264K), 0.0044297 secs]
145.788: Total time for which application threads were stopped: 0.0045872 seconds, Stopping threads took: 0.0000189 seconds
145.855: [GC (Allocation Failure)  837322K->518346K(1035776K), 0.0054730 secs]
145.860: Total time for which application threads were stopped: 0.0056452 seconds, Stopping threads took: 0.0000202 seconds
145.930: [GC (Allocation Failure)  841418K->522861K(1035264K), 0.0046811 secs]
145.934: Total time for which application threads were stopped: 0.0048455 seconds, Stopping threads took: 0.0000195 seconds
146.002: [GC (Allocation Failure)  845933K->522861K(1035776K), 0.0046365 secs]
146.007: Total time for which application threads were stopped: 0.0048001 seconds, Stopping threads took: 0.0000193 seconds
146.072: [GC (Allocation Failure)  845933K->524005K(1035264K), 0.0073591 secs]
146.080: Total time for which application threads were stopped: 0.0075269 seconds, Stopping threads took: 0.0000191 seconds
146.149: [GC (Allocation Failure)  847077K->531079K(1035264K), 0.0045650 secs]
146.154: Total time for which application threads were stopped: 0.0047584 seconds, Stopping threads took: 0.0000190 seconds
146.224: [GC (Allocation Failure)  853639K->530855K(1035264K), 0.0046838 secs]
146.228: Total time for which application threads were stopped: 0.0048491 seconds, Stopping threads took: 0.0000200 seconds
146.296: [GC (Allocation Failure)  853415K->524677K(1035264K), 0.0022811 secs]
146.298: Total time for which application threads were stopped: 0.0024587 seconds, Stopping threads took: 0.0000276 seconds
146.366: [GC (Allocation Failure)  847237K->531015K(1030656K), 0.0048964 secs]
146.371: Total time for which application threads were stopped: 0.0050571 seconds, Stopping threads took: 0.0000192 seconds
146.439: [GC (Allocation Failure)  853575K->530887K(1034752K), 0.0046744 secs]
146.443: Total time for which application threads were stopped: 0.0048556 seconds, Stopping threads took: 0.0000196 seconds
146.510: [GC (Allocation Failure)  852423K->528005K(1034752K), 0.0037053 secs]
146.514: Total time for which application threads were stopped: 0.0038814 seconds, Stopping threads took: 0.0000267 seconds
146.581: [GC (Allocation Failure)  849541K->530951K(1035264K), 0.0046563 secs]
146.586: Total time for which application threads were stopped: 0.0048182 seconds, Stopping threads took: 0.0000203 seconds
146.654: [GC (Allocation Failure)  853511K->530887K(1035264K), 0.0045822 secs]
146.659: Total time for which application threads were stopped: 0.0047537 seconds, Stopping threads took: 0.0000198 seconds
146.728: [GC (Allocation Failure)  853447K->531301K(1035264K), 0.0047857 secs]
146.733: Total time for which application threads were stopped: 0.0049460 seconds, Stopping threads took: 0.0000191 seconds
146.801: [GC (Allocation Failure)  853861K->530887K(1035264K), 0.0045439 secs]
146.806: Total time for which application threads were stopped: 0.0047440 seconds, Stopping threads took: 0.0000216 seconds
146.875: [GC (Allocation Failure)  853447K->530855K(1035776K), 0.0048783 secs]
146.880: Total time for which application threads were stopped: 0.0050563 seconds, Stopping threads took: 0.0000220 seconds
146.946: [GC (Allocation Failure)  854439K->536557K(1035776K), 0.0070601 secs]
146.954: Total time for which application threads were stopped: 0.0072410 seconds, Stopping threads took: 0.0000197 seconds
147.023: [GC (Allocation Failure)  860141K->531823K(1032704K), 0.0047682 secs]
147.028: Total time for which application threads were stopped: 0.0049568 seconds, Stopping threads took: 0.0000283 seconds
147.095: [GC (Allocation Failure)  852335K->531823K(1034240K), 0.0045379 secs]
147.100: Total time for which application threads were stopped: 0.0047042 seconds, Stopping threads took: 0.0000202 seconds
147.167: [GC (Allocation Failure)  852335K->538781K(1030656K), 0.0118786 secs]
147.179: Total time for which application threads were stopped: 0.0120418 seconds, Stopping threads took: 0.0000192 seconds
147.249: [GC (Allocation Failure)  856221K->533247K(1032704K), 0.0047247 secs]
147.254: Total time for which application threads were stopped: 0.0048957 seconds, Stopping threads took: 0.0000194 seconds
147.321: [GC (Allocation Failure)  850687K->533055K(1034240K), 0.0046351 secs]
147.325: Total time for which application threads were stopped: 0.0048339 seconds, Stopping threads took: 0.0000208 seconds
147.394: [GC (Allocation Failure)  852543K->530973K(1033216K), 0.0039588 secs]
147.398: Total time for which application threads were stopped: 0.0041175 seconds, Stopping threads took: 0.0000190 seconds
147.464: [GC (Allocation Failure)  850461K->533151K(1034752K), 0.0047966 secs]
147.469: Total time for which application threads were stopped: 0.0049629 seconds, Stopping threads took: 0.0000197 seconds
147.536: [GC (Allocation Failure)  854175K->533055K(1034240K), 0.0046351 secs]
147.540: Total time for which application threads were stopped: 0.0048037 seconds, Stopping threads took: 0.0000200 seconds
147.607: [GC (Allocation Failure)  854079K->529149K(1035264K), 0.0030321 secs]
147.610: Total time for which application threads were stopped: 0.0032001 seconds, Stopping threads took: 0.0000193 seconds
147.680: [GC (Allocation Failure)  851709K->533151K(1035264K), 0.0047095 secs]
147.685: Total time for which application threads were stopped: 0.0048765 seconds, Stopping threads took: 0.0000197 seconds
147.753: [GC (Allocation Failure)  855711K->533023K(1035776K), 0.0047177 secs]
147.758: Total time for which application threads were stopped: 0.0048816 seconds, Stopping threads took: 0.0000256 seconds
147.826: [GC (Allocation Failure)  856095K->533917K(1035264K), 0.0051353 secs]
147.831: Total time for which application threads were stopped: 0.0053081 seconds, Stopping threads took: 0.0000259 seconds
147.900: [GC (Allocation Failure)  856989K->533055K(1036288K), 0.0047865 secs]
147.905: Total time for which application threads were stopped: 0.0049608 seconds, Stopping threads took: 0.0000204 seconds
147.972: [GC (Allocation Failure)  857151K->533055K(1035776K), 0.0046899 secs]
147.977: Total time for which application threads were stopped: 0.0048631 seconds, Stopping threads took: 0.0000207 seconds
148.044: [GC (Allocation Failure)  857151K->525437K(1034752K), 0.0018511 secs]
148.046: Total time for which application threads were stopped: 0.0020236 seconds, Stopping threads took: 0.0000190 seconds
148.117: [GC (Allocation Failure)  849021K->533295K(1035776K), 0.0047099 secs]
148.121: Total time for which application threads were stopped: 0.0048789 seconds, Stopping threads took: 0.0000197 seconds
148.187: [GC (Allocation Failure)  856879K->537167K(1036288K), 0.0060293 secs]
148.193: Total time for which application threads were stopped: 0.0061967 seconds, Stopping threads took: 0.0000212 seconds
148.262: [GC (Allocation Failure)  861775K->537199K(1036288K), 0.0046566 secs]
148.267: Total time for which application threads were stopped: 0.0048389 seconds, Stopping threads took: 0.0000256 seconds
148.333: [GC (Allocation Failure)  861807K->537391K(1035264K), 0.0087295 secs]
148.342: Total time for which application threads were stopped: 0.0088946 seconds, Stopping threads took: 0.0000268 seconds
148.410: [GC (Allocation Failure)  860975K->545233K(1035776K), 0.0048889 secs]
148.415: Total time for which application threads were stopped: 0.0050576 seconds, Stopping threads took: 0.0000198 seconds
148.483: [GC (Allocation Failure)  868817K->545201K(1035776K), 0.0047222 secs]
148.488: Total time for which application threads were stopped: 0.0048822 seconds, Stopping threads took: 0.0000199 seconds
148.556: [GC (Allocation Failure)  868785K->545641K(1023488K), 0.0045896 secs]
148.560: Total time for which application threads were stopped: 0.0047529 seconds, Stopping threads took: 0.0000194 seconds
148.628: [GC (Allocation Failure)  869225K->553227K(1035264K), 0.0048070 secs]
148.633: Total time for which application threads were stopped: 0.0049779 seconds, Stopping threads took: 0.0000199 seconds
148.702: [GC (Allocation Failure)  875787K->553259K(1035264K), 0.0047087 secs]
148.706: Total time for which application threads were stopped: 0.0048710 seconds, Stopping threads took: 0.0000254 seconds
148.773: [GC (Allocation Failure)  875819K->553771K(1035264K), 0.0048340 secs]
148.778: Total time for which application threads were stopped: 0.0050080 seconds, Stopping threads took: 0.0000199 seconds
148.846: [GC (Allocation Failure)  876331K->561262K(1030144K), 0.0049226 secs]
148.851: Total time for which application threads were stopped: 0.0050913 seconds, Stopping threads took: 0.0000190 seconds
148.920: [GC (Allocation Failure)  883822K->561230K(1035264K), 0.0045436 secs]
148.925: Total time for which application threads were stopped: 0.0047161 seconds, Stopping threads took: 0.0000196 seconds
148.990: [GC (Allocation Failure)  883278K->561510K(1034752K), 0.0047169 secs]
148.995: Total time for which application threads were stopped: 0.0048919 seconds, Stopping threads took: 0.0000206 seconds
149.062: [GC (Allocation Failure)  883558K->569288K(1034752K), 0.0049397 secs]
149.067: Total time for which application threads were stopped: 0.0051020 seconds, Stopping threads took: 0.0000200 seconds
149.134: [GC (Allocation Failure)  890824K->569288K(1034752K), 0.0047623 secs]
149.139: Total time for which application threads were stopped: 0.0049400 seconds, Stopping threads took: 0.0000207 seconds
149.206: [GC (Allocation Failure)  890824K->569360K(1033728K), 0.0063636 secs]
149.212: Total time for which application threads were stopped: 0.0065394 seconds, Stopping threads took: 0.0000268 seconds
149.280: [GC (Allocation Failure)  889872K->577362K(1034240K), 0.0049427 secs]
149.285: Total time for which application threads were stopped: 0.0051081 seconds, Stopping threads took: 0.0000205 seconds
149.352: [GC (Allocation Failure)  897874K->577330K(1034240K), 0.0086636 secs]
149.361: Total time for which application threads were stopped: 0.0088390 seconds, Stopping threads took: 0.0000179 seconds
149.428: [GC (Allocation Failure)  897842K->577450K(1034240K), 0.0047744 secs]
149.433: Total time for which application threads were stopped: 0.0049376 seconds, Stopping threads took: 0.0000200 seconds
149.500: [GC (Allocation Failure)  897962K->585356K(1034240K), 0.0049254 secs]
149.505: Total time for which application threads were stopped: 0.0050881 seconds, Stopping threads took: 0.0000199 seconds
149.573: [GC (Allocation Failure)  905868K->585388K(1028096K), 0.0046011 secs]
149.577: Total time for which application threads were stopped: 0.0047939 seconds, Stopping threads took: 0.0000198 seconds
149.646: [GC (Allocation Failure)  905900K->585708K(1033728K), 0.0048756 secs]
149.651: Total time for which application threads were stopped: 0.0050329 seconds, Stopping threads took: 0.0000174 seconds
149.718: [GC (Allocation Failure)  905196K->593391K(1033728K), 0.0048558 secs]
149.723: Total time for which application threads were stopped: 0.0050527 seconds, Stopping threads took: 0.0000254 seconds
149.790: [GC (Allocation Failure)  912879K->593423K(1033728K), 0.0047872 secs]
149.795: Total time for which application threads were stopped: 0.0049872 seconds, Stopping threads took: 0.0000261 seconds
149.861: [GC (Allocation Failure)  912911K->593927K(1033728K), 0.0048585 secs]
149.866: Total time for which application threads were stopped: 0.0050178 seconds, Stopping threads took: 0.0000175 seconds
149.932: [GC (Allocation Failure)  913415K->601385K(1033728K), 0.0049570 secs]
149.937: Total time for which application threads were stopped: 0.0051307 seconds, Stopping threads took: 0.0000195 seconds
150.005: [GC (Allocation Failure)  920873K->601449K(1033728K), 0.0047690 secs]
150.010: Total time for which application threads were stopped: 0.0049298 seconds, Stopping threads took: 0.0000195 seconds
150.075: [GC (Allocation Failure)  920937K->601641K(1033728K), 0.0048001 secs]
150.080: Total time for which application threads were stopped: 0.0049602 seconds, Stopping threads took: 0.0000194 seconds
150.145: [GC (Allocation Failure)  921129K->609483K(1033728K), 0.0048589 secs]
150.150: Total time for which application threads were stopped: 0.0050544 seconds, Stopping threads took: 0.0000195 seconds
150.220: [GC (Allocation Failure)  928971K->609451K(1033728K), 0.0047277 secs]
150.225: Total time for which application threads were stopped: 0.0048998 seconds, Stopping threads took: 0.0000262 seconds
150.289: [GC (Allocation Failure)  928939K->609611K(1019392K), 0.0048427 secs]
150.294: Total time for which application threads were stopped: 0.0050322 seconds, Stopping threads took: 0.0000192 seconds
150.363: [GC (Allocation Failure)  929099K->617517K(1033216K), 0.0047915 secs]
150.368: Total time for which application threads were stopped: 0.0049836 seconds, Stopping threads took: 0.0000195 seconds
150.436: [GC (Allocation Failure)  935981K->613611K(1033216K), 0.0038155 secs]
150.440: Total time for which application threads were stopped: 0.0039629 seconds, Stopping threads took: 0.0000176 seconds
150.507: [GC (Allocation Failure)  932075K->617645K(1034752K), 0.0049073 secs]
150.512: Total time for which application threads were stopped: 0.0050722 seconds, Stopping threads took: 0.0000197 seconds
150.580: [GC (Allocation Failure)  938669K->621613K(1034240K), 0.0067555 secs]
150.587: Total time for which application threads were stopped: 0.0069083 seconds, Stopping threads took: 0.0000197 seconds
150.653: [GC (Allocation Failure)  942637K->614859K(1034752K), 0.0022882 secs]
150.655: Total time for which application threads were stopped: 0.0024276 seconds, Stopping threads took: 0.0000178 seconds
150.723: [GC (Allocation Failure)  936395K->621717K(1034752K), 0.0048032 secs]
150.728: Total time for which application threads were stopped: 0.0049766 seconds, Stopping threads took: 0.0000278 seconds
150.795: [GC (Allocation Failure)  943253K->625765K(1034752K), 0.0059465 secs]
150.801: Total time for which application threads were stopped: 0.0061310 seconds, Stopping threads took: 0.0000204 seconds
150.867: [GC (Allocation Failure)  947301K->620195K(1034752K), 0.0030264 secs]
150.870: Total time for which application threads were stopped: 0.0031921 seconds, Stopping threads took: 0.0000202 seconds
150.937: [GC (Allocation Failure)  941731K->626005K(1035776K), 0.0050107 secs]
150.942: Total time for which application threads were stopped: 0.0051910 seconds, Stopping threads took: 0.0000207 seconds
151.012: [GC (Allocation Failure)  948565K->629909K(1034752K), 0.0051221 secs]
151.017: Total time for which application threads were stopped: 0.0053119 seconds, Stopping threads took: 0.0000209 seconds
151.083: [GC (Allocation Failure)  952398K->626035K(1035776K), 0.0039634 secs]
151.087: Total time for which application threads were stopped: 0.0041394 seconds, Stopping threads took: 0.0000202 seconds
151.158: [GC (Allocation Failure)  949107K->630029K(1035264K), 0.0050998 secs]
151.163: Total time for which application threads were stopped: 0.0052694 seconds, Stopping threads took: 0.0000264 seconds
151.232: [GC (Allocation Failure)  953101K->634029K(1035264K), 0.0048268 secs]
151.237: Total time for which application threads were stopped: 0.0049919 seconds, Stopping threads took: 0.0000282 seconds
151.306: [GC (Allocation Failure)  957613K->634029K(1035776K), 0.0047016 secs]
151.311: Total time for which application threads were stopped: 0.0048627 seconds, Stopping threads took: 0.0000193 seconds
151.378: [GC (Allocation Failure)  957613K->634093K(1034752K), 0.0048619 secs]
151.383: Total time for which application threads were stopped: 0.0050428 seconds, Stopping threads took: 0.0000200 seconds
151.453: [GC (Allocation Failure)  956653K->642064K(1035264K), 0.0045217 secs]
151.458: Total time for which application threads were stopped: 0.0047150 seconds, Stopping threads took: 0.0000192 seconds
151.528: [GC (Allocation Failure)  964624K->642032K(1034240K), 0.0045493 secs]
151.533: Total time for which application threads were stopped: 0.0047011 seconds, Stopping threads took: 0.0000168 seconds
151.598: [GC (Allocation Failure)  963568K->642120K(1034752K), 0.0049360 secs]
151.603: Total time for which application threads were stopped: 0.0051114 seconds, Stopping threads took: 0.0000204 seconds
151.671: [GC (Allocation Failure)  963656K->650122K(1034752K), 0.0048685 secs]
151.676: Total time for which application threads were stopped: 0.0050457 seconds, Stopping threads took: 0.0000222 seconds
151.747: [GC (Allocation Failure)  971658K->650122K(1029120K), 0.0046297 secs]
151.752: Total time for which application threads were stopped: 0.0048090 seconds, Stopping threads took: 0.0000267 seconds
151.818: [GC (Allocation Failure)  971658K->650346K(1034240K), 0.0047454 secs]
151.823: Total time for which application threads were stopped: 0.0049130 seconds, Stopping threads took: 0.0000194 seconds
151.892: [GC (Allocation Failure)  970858K->658124K(1034240K), 0.0050186 secs]
151.897: Total time for which application threads were stopped: 0.0051911 seconds, Stopping threads took: 0.0000211 seconds
151.965: [GC (Allocation Failure)  978636K->658156K(1034240K), 0.0054707 secs]
151.970: Total time for which application threads were stopped: 0.0056473 seconds, Stopping threads took: 0.0000202 seconds
152.038: [GC (Allocation Failure)  978668K->658564K(1020416K), 0.0050589 secs]
152.043: Total time for which application threads were stopped: 0.0052270 seconds, Stopping threads took: 0.0000208 seconds
152.110: [GC (Allocation Failure)  979076K->666151K(1033728K), 0.0049024 secs]
152.115: Total time for which application threads were stopped: 0.0050696 seconds, Stopping threads took: 0.0000206 seconds
152.182: [GC (Allocation Failure)  985639K->666151K(1033728K), 0.0049778 secs]
152.187: Total time for which application threads were stopped: 0.0051488 seconds, Stopping threads took: 0.0000203 seconds
152.254: [GC (Allocation Failure)  985639K->666279K(1033728K), 0.0047007 secs]
152.258: Total time for which application threads were stopped: 0.0048641 seconds, Stopping threads took: 0.0000264 seconds
152.327: [GC (Allocation Failure)  985767K->674185K(1033728K), 0.0050571 secs]
152.332: Total time for which application threads were stopped: 0.0052160 seconds, Stopping threads took: 0.0000191 seconds
152.401: [GC (Allocation Failure)  993673K->674185K(1033728K), 0.0047453 secs]
152.405: Total time for which application threads were stopped: 0.0049113 seconds, Stopping threads took: 0.0000197 seconds
152.471: [GC (Allocation Failure)  993673K->674249K(1033728K), 0.0049831 secs]
152.476: Total time for which application threads were stopped: 0.0051513 seconds, Stopping threads took: 0.0000199 seconds
152.543: [GC (Allocation Failure)  993737K->682187K(1032704K), 0.0048543 secs]
152.548: Total time for which application threads were stopped: 0.0050260 seconds, Stopping threads took: 0.0000201 seconds
152.616: [GC (Allocation Failure)  1000651K->676649K(1033216K), 0.0028648 secs]
152.619: Total time for which application threads were stopped: 0.0030235 seconds, Stopping threads took: 0.0000207 seconds
152.685: [GC (Allocation Failure)  995113K->682475K(1034752K), 0.0050650 secs]
152.690: Total time for which application threads were stopped: 0.0052277 seconds, Stopping threads took: 0.0000203 seconds
152.759: [GC (Allocation Failure)  1002987K->686371K(1033728K), 0.0054295 secs]
152.764: Total time for which application threads were stopped: 0.0055989 seconds, Stopping threads took: 0.0000201 seconds
152.831: [GC (Allocation Failure)  1006883K->693257K(1029120K), 0.0079667 secs]
152.839: Total time for which application threads were stopped: 0.0081283 seconds, Stopping threads took: 0.0000199 seconds
152.906: [GC (Allocation Failure)  1008649K->687147K(1031680K), 0.0051809 secs]
152.911: Total time for which application threads were stopped: 0.0053444 seconds, Stopping threads took: 0.0000208 seconds
152.975: [GC (Allocation Failure)  1002539K->687019K(1032704K), 0.0050438 secs]
152.981: Total time for which application threads were stopped: 0.0052124 seconds, Stopping threads took: 0.0000197 seconds
153.045: [GC (Allocation Failure)  1003947K->690411K(1032192K), 0.0057914 secs]
153.050: [Full GC (Ergonomics)  690411K->11862K(1032192K), 0.0179546 secs]
153.069: Total time for which application threads were stopped: 0.0240029 seconds, Stopping threads took: 0.0000196 seconds
153.135: [GC (Allocation Failure)  328790K->20825K(1032704K), 0.0037572 secs]
153.139: Total time for which application threads were stopped: 0.0039501 seconds, Stopping threads took: 0.0000199 seconds
153.206: [GC (Allocation Failure)  338265K->20721K(1032704K), 0.0037586 secs]
153.210: Total time for which application threads were stopped: 0.0039190 seconds, Stopping threads took: 0.0000171 seconds
153.277: [GC (Allocation Failure)  338161K->24809K(1033728K), 0.0045569 secs]
153.281: Total time for which application threads were stopped: 0.0047457 seconds, Stopping threads took: 0.0000191 seconds
153.351: [GC (Allocation Failure)  343785K->28779K(1033216K), 0.0047532 secs]
153.356: Total time for which application threads were stopped: 0.0049016 seconds, Stopping threads took: 0.0000254 seconds
153.423: [GC (Allocation Failure)  347755K->28747K(1034240K), 0.0036553 secs]
153.426: Total time for which application threads were stopped: 0.0038050 seconds, Stopping threads took: 0.0000169 seconds
153.491: [GC (Allocation Failure)  348747K->31499K(1033728K), 0.0043079 secs]
153.495: Total time for which application threads were stopped: 0.0044703 seconds, Stopping threads took: 0.0000197 seconds
153.563: [GC (Allocation Failure)  351499K->36749K(1034240K), 0.0039021 secs]
153.567: Total time for which application threads were stopped: 0.0040805 seconds, Stopping threads took: 0.0000198 seconds
153.634: [GC (Allocation Failure)  357261K->36749K(1034240K), 0.0036452 secs]
153.638: Total time for which application threads were stopped: 0.0038052 seconds, Stopping threads took: 0.0000195 seconds
153.704: [GC (Allocation Failure)  357261K->37165K(1033728K), 0.0036096 secs]
153.708: Total time for which application threads were stopped: 0.0037733 seconds, Stopping threads took: 0.0000197 seconds
153.776: [GC (Allocation Failure)  357677K->44848K(1034240K), 0.0037183 secs]
153.780: Total time for which application threads were stopped: 0.0039103 seconds, Stopping threads took: 0.0000204 seconds
153.849: [GC (Allocation Failure)  365360K->44784K(1034240K), 0.0036580 secs]
153.853: Total time for which application threads were stopped: 0.0038084 seconds, Stopping threads took: 0.0000173 seconds
153.919: [GC (Allocation Failure)  365296K->47432K(1034240K), 0.0041852 secs]
153.923: Total time for which application threads were stopped: 0.0043479 seconds, Stopping threads took: 0.0000199 seconds
153.991: [GC (Allocation Failure)  367944K->52842K(1034240K), 0.0065803 secs]
153.998: Total time for which application threads were stopped: 0.0067426 seconds, Stopping threads took: 0.0000194 seconds
154.066: [GC (Allocation Failure)  373354K->52778K(1034240K), 0.0039582 secs]
154.070: Total time for which application threads were stopped: 0.0041378 seconds, Stopping threads took: 0.0000222 seconds
154.137: [GC (Allocation Failure)  373290K->53610K(1033728K), 0.0037064 secs]
154.140: Total time for which application threads were stopped: 0.0038783 seconds, Stopping threads took: 0.0000204 seconds
154.208: [GC (Allocation Failure)  374122K->60908K(1034240K), 0.0034616 secs]
154.212: Total time for which application threads were stopped: 0.0036584 seconds, Stopping threads took: 0.0000575 seconds
154.279: [GC (Allocation Failure)  381420K->60844K(1034240K), 0.0036977 secs]
154.283: Total time for which application threads were stopped: 0.0038687 seconds, Stopping threads took: 0.0000243 seconds
154.350: [GC (Allocation Failure)  381356K->63884K(1034240K), 0.0052999 secs]
154.356: Total time for which application threads were stopped: 0.0054989 seconds, Stopping threads took: 0.0000257 seconds
154.426: [GC (Allocation Failure)  384396K->68910K(1034752K), 0.0036989 secs]
154.430: Total time for which application threads were stopped: 0.0038606 seconds, Stopping threads took: 0.0000202 seconds
154.498: [GC (Allocation Failure)  390446K->68878K(1034752K), 0.0039464 secs]
154.502: Total time for which application threads were stopped: 0.0041157 seconds, Stopping threads took: 0.0000208 seconds
154.567: [GC (Allocation Failure)  390414K->72174K(1034752K), 0.0045988 secs]
154.572: Total time for which application threads were stopped: 0.0047666 seconds, Stopping threads took: 0.0000212 seconds
154.638: [GC (Allocation Failure)  393710K->76913K(1034752K), 0.0039511 secs]
154.642: Total time for which application threads were stopped: 0.0041327 seconds, Stopping threads took: 0.0000199 seconds
154.710: [GC (Allocation Failure)  398449K->76945K(1034752K), 0.0036705 secs]
154.714: Total time for which application threads were stopped: 0.0038350 seconds, Stopping threads took: 0.0000260 seconds
154.779: [GC (Allocation Failure)  398481K->77321K(1034752K), 0.0037143 secs]
154.783: Total time for which application threads were stopped: 0.0039121 seconds, Stopping threads took: 0.0000276 seconds
154.854: [GC (Allocation Failure)  398857K->85003K(1034752K), 0.0038047 secs]
154.858: Total time for which application threads were stopped: 0.0039652 seconds, Stopping threads took: 0.0000196 seconds
154.925: [GC (Allocation Failure)  406539K->84971K(1034752K), 0.0036935 secs]
154.929: Total time for which application threads were stopped: 0.0038728 seconds, Stopping threads took: 0.0000200 seconds
154.994: [GC (Allocation Failure)  406507K->86539K(1034752K), 0.0039277 secs]
154.998: Total time for which application threads were stopped: 0.0040904 seconds, Stopping threads took: 0.0000200 seconds
155.066: [GC (Allocation Failure)  408075K->93005K(1029120K), 0.0038780 secs]
155.070: Total time for which application threads were stopped: 0.0040514 seconds, Stopping threads took: 0.0000208 seconds
155.137: [GC (Allocation Failure)  414541K->93005K(1034752K), 0.0038174 secs]
155.141: Total time for which application threads were stopped: 0.0039803 seconds, Stopping threads took: 0.0000206 seconds
155.210: [GC (Allocation Failure)  414029K->95309K(1034240K), 0.0040255 secs]
155.214: Total time for which application threads were stopped: 0.0041921 seconds, Stopping threads took: 0.0000267 seconds
155.282: [GC (Allocation Failure)  416333K->101071K(1034752K), 0.0043780 secs]
155.286: Total time for which application threads were stopped: 0.0045393 seconds, Stopping threads took: 0.0000206 seconds
155.355: [GC (Allocation Failure)  422607K->101007K(1034752K), 0.0038145 secs]
155.359: Total time for which application threads were stopped: 0.0039624 seconds, Stopping threads took: 0.0000164 seconds
155.425: [GC (Allocation Failure)  422543K->104039K(1034752K), 0.0045354 secs]
155.430: Total time for which application threads were stopped: 0.0047174 seconds, Stopping threads took: 0.0000214 seconds
155.498: [GC (Allocation Failure)  425575K->109034K(1034752K), 0.0041580 secs]
155.502: Total time for which application threads were stopped: 0.0043334 seconds, Stopping threads took: 0.0000201 seconds
155.569: [GC (Allocation Failure)  430570K->109034K(1034752K), 0.0040843 secs]
155.573: Total time for which application threads were stopped: 0.0042983 seconds, Stopping threads took: 0.0000200 seconds
155.640: [GC (Allocation Failure)  430570K->109194K(1021440K), 0.0040012 secs]
155.644: Total time for which application threads were stopped: 0.0041748 seconds, Stopping threads took: 0.0000203 seconds
155.710: [GC (Allocation Failure)  430730K->117100K(1034240K), 0.0037721 secs]
155.714: Total time for which application threads were stopped: 0.0039394 seconds, Stopping threads took: 0.0000263 seconds
155.780: [GC (Allocation Failure)  437612K->117068K(1034240K), 0.0039006 secs]
155.784: Total time for which application threads were stopped: 0.0040710 seconds, Stopping threads took: 0.0000204 seconds
155.853: [GC (Allocation Failure)  437580K->120556K(1034752K), 0.0046216 secs]
155.857: Total time for which application threads were stopped: 0.0047863 seconds, Stopping threads took: 0.0000193 seconds
155.924: [GC (Allocation Failure)  441580K->125166K(1034240K), 0.0052752 secs]
155.930: Total time for which application threads were stopped: 0.0054318 seconds, Stopping threads took: 0.0000196 seconds
155.997: [GC (Allocation Failure)  446190K->125102K(1034752K), 0.0040858 secs]
156.001: Total time for which application threads were stopped: 0.0042502 seconds, Stopping threads took: 0.0000195 seconds
156.068: [GC (Allocation Failure)  446638K->128774K(1034752K), 0.0047393 secs]
156.073: Total time for which application threads were stopped: 0.0049006 seconds, Stopping threads took: 0.0000201 seconds
156.142: [GC (Allocation Failure)  450310K->133224K(1034240K), 0.0041886 secs]
156.147: Total time for which application threads were stopped: 0.0043575 seconds, Stopping threads took: 0.0000197 seconds
156.213: [GC (Allocation Failure)  454760K->133128K(1034752K), 0.0038475 secs]
156.217: Total time for which application threads were stopped: 0.0040074 seconds, Stopping threads took: 0.0000198 seconds
156.282: [GC (Allocation Failure)  454664K->133928K(1034240K), 0.0040450 secs]
156.286: Total time for which application threads were stopped: 0.0042231 seconds, Stopping threads took: 0.0000294 seconds
156.353: [GC (Allocation Failure)  455464K->141227K(1034752K), 0.0037352 secs]
156.357: Total time for which application threads were stopped: 0.0038838 seconds, Stopping threads took: 0.0000184 seconds
156.424: [GC (Allocation Failure)  462763K->141163K(1034752K), 0.0039188 secs]
156.428: Total time for which application threads were stopped: 0.0041007 seconds, Stopping threads took: 0.0000200 seconds
156.493: [GC (Allocation Failure)  462699K->143179K(1034752K), 0.0040750 secs]
156.497: Total time for which application threads were stopped: 0.0042402 seconds, Stopping threads took: 0.0000204 seconds
156.563: [GC (Allocation Failure)  464715K->149229K(1034752K), 0.0039474 secs]
156.567: Total time for which application threads were stopped: 0.0041286 seconds, Stopping threads took: 0.0000204 seconds
156.634: [GC (Allocation Failure)  470765K->149229K(1034752K), 0.0039554 secs]
156.638: Total time for which application threads were stopped: 0.0041209 seconds, Stopping threads took: 0.0000205 seconds
156.703: [GC (Allocation Failure)  470765K->152461K(1034752K), 0.0046304 secs]
156.708: Total time for which application threads were stopped: 0.0048132 seconds, Stopping threads took: 0.0000295 seconds
156.778: [GC (Allocation Failure)  473997K->157263K(1034752K), 0.0040261 secs]
156.783: Total time for which application threads were stopped: 0.0041996 seconds, Stopping threads took: 0.0000205 seconds
156.850: [GC (Allocation Failure)  478799K->157199K(1034752K), 0.0038042 secs]
156.854: Total time for which application threads were stopped: 0.0039787 seconds, Stopping threads took: 0.0000203 seconds
156.919: [GC (Allocation Failure)  478735K->157575K(1034752K), 0.0041246 secs]
156.923: Total time for which application threads were stopped: 0.0042992 seconds, Stopping threads took: 0.0000206 seconds
156.992: [GC (Allocation Failure)  479111K->165290K(1034752K), 0.0038601 secs]
156.996: Total time for which application threads were stopped: 0.0040339 seconds, Stopping threads took: 0.0000210 seconds
157.064: [GC (Allocation Failure)  486826K->165226K(1034752K), 0.0040083 secs]
157.068: Total time for which application threads were stopped: 0.0041825 seconds, Stopping threads took: 0.0000205 seconds
157.133: [GC (Allocation Failure)  486762K->166858K(1034752K), 0.0041035 secs]
157.137: Total time for which application threads were stopped: 0.0042933 seconds, Stopping threads took: 0.0000215 seconds
157.206: [GC (Allocation Failure)  488394K->173356K(1029120K), 0.0040646 secs]
157.210: Total time for which application threads were stopped: 0.0042335 seconds, Stopping threads took: 0.0000208 seconds
157.277: [GC (Allocation Failure)  494892K->173292K(1034240K), 0.0039002 secs]
157.281: Total time for which application threads were stopped: 0.0041100 seconds, Stopping threads took: 0.0000204 seconds
157.349: [GC (Allocation Failure)  493804K->175044K(1034240K), 0.0059973 secs]
157.355: Total time for which application threads were stopped: 0.0061961 seconds, Stopping threads took: 0.0000169 seconds
157.422: [GC (Allocation Failure)  495556K->181350K(1033728K), 0.0040392 secs]
157.426: Total time for which application threads were stopped: 0.0041899 seconds, Stopping threads took: 0.0000172 seconds
157.494: [GC (Allocation Failure)  501862K->181318K(1034240K), 0.0040086 secs]
157.498: Total time for which application threads were stopped: 0.0041779 seconds, Stopping threads took: 0.0000198 seconds
157.567: [GC (Allocation Failure)  501830K->185358K(1034752K), 0.0048399 secs]
157.572: Total time for which application threads were stopped: 0.0050015 seconds, Stopping threads took: 0.0000194 seconds
157.639: [GC (Allocation Failure)  506382K->189328K(1034240K), 0.0040029 secs]
157.643: Total time for which application threads were stopped: 0.0041738 seconds, Stopping threads took: 0.0000201 seconds
157.710: [GC (Allocation Failure)  510352K->189392K(1034752K), 0.0040786 secs]
157.714: Total time for which application threads were stopped: 0.0042533 seconds, Stopping threads took: 0.0000262 seconds
157.781: [GC (Allocation Failure)  510928K->189520K(1034752K), 0.0038961 secs]
157.785: Total time for which application threads were stopped: 0.0040710 seconds, Stopping threads took: 0.0000200 seconds
157.856: [GC (Allocation Failure)  511056K->197459K(1033728K), 0.0040078 secs]
157.860: Total time for which application threads were stopped: 0.0041924 seconds, Stopping threads took: 0.0000179 seconds
157.930: [GC (Allocation Failure)  517971K->197395K(1034240K), 0.0039983 secs]
157.934: Total time for which application threads were stopped: 0.0041651 seconds, Stopping threads took: 0.0000194 seconds
158.000: [GC (Allocation Failure)  517907K->200843K(1034752K), 0.0046028 secs]
158.005: Total time for which application threads were stopped: 0.0047635 seconds, Stopping threads took: 0.0000194 seconds
158.072: [GC (Allocation Failure)  521867K->205453K(1034240K), 0.0040887 secs]
158.076: Total time for which application threads were stopped: 0.0042773 seconds, Stopping threads took: 0.0000201 seconds
158.144: [GC (Allocation Failure)  526477K->205389K(1034752K), 0.0040558 secs]
158.148: Total time for which application threads were stopped: 0.0042352 seconds, Stopping threads took: 0.0000170 seconds
158.217: [GC (Allocation Failure)  526925K->209029K(1034752K), 0.0048733 secs]
158.222: Total time for which application threads were stopped: 0.0050710 seconds, Stopping threads took: 0.0000274 seconds
158.290: [GC (Allocation Failure)  530565K->213575K(1034240K), 0.0043136 secs]
158.294: Total time for which application threads were stopped: 0.0044759 seconds, Stopping threads took: 0.0000192 seconds
158.364: [GC (Allocation Failure)  535111K->213447K(1034752K), 0.0041398 secs]
158.368: Total time for which application threads were stopped: 0.0043094 seconds, Stopping threads took: 0.0000200 seconds
158.433: [GC (Allocation Failure)  534983K->214183K(1034240K), 0.0041216 secs]
158.437: Total time for which application threads were stopped: 0.0043152 seconds, Stopping threads took: 0.0000200 seconds
158.507: [GC (Allocation Failure)  535719K->221513K(1034752K), 0.0041480 secs]
158.511: Total time for which application threads were stopped: 0.0043059 seconds, Stopping threads took: 0.0000178 seconds
158.578: [GC (Allocation Failure)  543049K->221481K(1034752K), 0.0044661 secs]
158.582: Total time for which application threads were stopped: 0.0046411 seconds, Stopping threads took: 0.0000265 seconds
158.647: [GC (Allocation Failure)  543017K->223465K(1034752K), 0.0043084 secs]
158.652: Total time for which application threads were stopped: 0.0044852 seconds, Stopping threads took: 0.0000205 seconds
158.721: [GC (Allocation Failure)  545001K->229516K(1034752K), 0.0041477 secs]
158.726: Total time for which application threads were stopped: 0.0043182 seconds, Stopping threads took: 0.0000205 seconds
158.793: [GC (Allocation Failure)  551052K->229548K(1034752K), 0.0042743 secs]
158.798: Total time for which application threads were stopped: 0.0044415 seconds, Stopping threads took: 0.0000213 seconds
158.865: [GC (Allocation Failure)  551084K->232716K(1034752K), 0.0047118 secs]
158.870: Total time for which application threads were stopped: 0.0048845 seconds, Stopping threads took: 0.0000289 seconds
158.936: [GC (Allocation Failure)  554252K->237614K(1034752K), 0.0041574 secs]
158.940: Total time for which application threads were stopped: 0.0043291 seconds, Stopping threads took: 0.0000207 seconds
159.006: [GC (Allocation Failure)  559150K->237550K(1034752K), 0.0042067 secs]
159.011: Total time for which application threads were stopped: 0.0043839 seconds, Stopping threads took: 0.0000219 seconds
159.077: [GC (Allocation Failure)  559086K->237862K(1034752K), 0.0048680 secs]
159.082: Total time for which application threads were stopped: 0.0050462 seconds, Stopping threads took: 0.0000212 seconds
159.148: [GC (Allocation Failure)  559398K->245704K(1033728K), 0.0041253 secs]
159.152: Total time for which application threads were stopped: 0.0042868 seconds, Stopping threads took: 0.0000205 seconds
159.222: [GC (Allocation Failure)  566216K->245576K(1034240K), 0.0039258 secs]
159.226: Total time for which application threads were stopped: 0.0040877 seconds, Stopping threads took: 0.0000259 seconds
159.294: [GC (Allocation Failure)  566088K->249192K(1034752K), 0.0047396 secs]
159.299: Total time for which application threads were stopped: 0.0049114 seconds, Stopping threads took: 0.0000179 seconds
159.368: [GC (Allocation Failure)  570728K->253674K(1034752K), 0.0042446 secs]
159.372: Total time for which application threads were stopped: 0.0044163 seconds, Stopping threads took: 0.0000201 seconds
159.439: [GC (Allocation Failure)  575210K->253610K(1034752K), 0.0041988 secs]
159.443: Total time for which application threads were stopped: 0.0043800 seconds, Stopping threads took: 0.0000202 seconds
159.508: [GC (Allocation Failure)  575146K->254346K(1034752K), 0.0045789 secs]
159.513: Total time for which application threads were stopped: 0.0047606 seconds, Stopping threads took: 0.0000198 seconds
159.581: [GC (Allocation Failure)  575882K->261709K(1034752K), 0.0041205 secs]
159.586: Total time for which application threads were stopped: 0.0042920 seconds, Stopping threads took: 0.0000206 seconds
159.654: [GC (Allocation Failure)  583245K->261645K(1034752K), 0.0039387 secs]
159.658: Total time for which application threads were stopped: 0.0041188 seconds, Stopping threads took: 0.0000207 seconds
159.725: [GC (Allocation Failure)  583181K->263565K(1034752K), 0.0043099 secs]
159.730: Total time for which application threads were stopped: 0.0044861 seconds, Stopping threads took: 0.0000287 seconds
159.799: [GC (Allocation Failure)  585101K->269679K(1034752K), 0.0042138 secs]
159.804: Total time for which application threads were stopped: 0.0043748 seconds, Stopping threads took: 0.0000198 seconds
159.871: [GC (Allocation Failure)  591215K->269679K(1034752K), 0.0039839 secs]
159.875: Total time for which application threads were stopped: 0.0041475 seconds, Stopping threads took: 0.0000196 seconds
159.940: [GC (Allocation Failure)  591215K->272775K(1034752K), 0.0048891 secs]
159.945: Total time for which application threads were stopped: 0.0050685 seconds, Stopping threads took: 0.0000200 seconds
160.013: [GC (Allocation Failure)  594311K->277801K(1034752K), 0.0042658 secs]
160.017: Total time for which application threads were stopped: 0.0044335 seconds, Stopping threads took: 0.0000196 seconds
160.085: [GC (Allocation Failure)  599337K->277737K(1034752K), 0.0040929 secs]
160.089: Total time for which application threads were stopped: 0.0043000 seconds, Stopping threads took: 0.0000261 seconds
160.156: [GC (Allocation Failure)  599273K->277929K(1033728K), 0.0041988 secs]
160.160: Total time for which application threads were stopped: 0.0043780 seconds, Stopping threads took: 0.0000221 seconds
160.228: [GC (Allocation Failure)  598441K->285804K(1034240K), 0.0041535 secs]
160.232: Total time for which application threads were stopped: 0.0043184 seconds, Stopping threads took: 0.0000258 seconds
160.300: [GC (Allocation Failure)  606316K->285740K(1034240K), 0.0042445 secs]
160.304: Total time for which application threads were stopped: 0.0044073 seconds, Stopping threads took: 0.0000200 seconds
160.371: [GC (Allocation Failure)  606252K->288236K(1034240K), 0.0046901 secs]
160.376: Total time for which application threads were stopped: 0.0048521 seconds, Stopping threads took: 0.0000197 seconds
160.444: [GC (Allocation Failure)  608748K->293774K(1034752K), 0.0043544 secs]
160.448: Total time for which application threads were stopped: 0.0045236 seconds, Stopping threads took: 0.0000198 seconds
160.516: [GC (Allocation Failure)  615310K->293774K(1034752K), 0.0042903 secs]
160.520: Total time for which application threads were stopped: 0.0044507 seconds, Stopping threads took: 0.0000197 seconds
160.587: [GC (Allocation Failure)  615310K->296454K(1034752K), 0.0048072 secs]
160.592: Total time for which application threads were stopped: 0.0049787 seconds, Stopping threads took: 0.0000199 seconds
160.662: [GC (Allocation Failure)  617990K->301832K(1034752K), 0.0044066 secs]
160.666: Total time for which application threads were stopped: 0.0045904 seconds, Stopping threads took: 0.0000205 seconds
160.734: [GC (Allocation Failure)  623368K->301800K(1034752K), 0.0042196 secs]
160.738: Total time for which application threads were stopped: 0.0043958 seconds, Stopping threads took: 0.0000272 seconds
160.804: [GC (Allocation Failure)  623336K->305736K(1034752K), 0.0052299 secs]
160.809: Total time for which application threads were stopped: 0.0053962 seconds, Stopping threads took: 0.0000269 seconds
160.878: [GC (Allocation Failure)  627272K->309994K(1034240K), 0.0043534 secs]
160.882: Total time for which application threads were stopped: 0.0045164 seconds, Stopping threads took: 0.0000195 seconds
160.949: [GC (Allocation Failure)  631530K->309866K(1034752K), 0.0043384 secs]
160.954: Total time for which application threads were stopped: 0.0045026 seconds, Stopping threads took: 0.0000207 seconds
161.019: [GC (Allocation Failure)  631402K->310858K(1034752K), 0.0043619 secs]
161.024: Total time for which application threads were stopped: 0.0045539 seconds, Stopping threads took: 0.0000288 seconds
161.090: [GC (Allocation Failure)  632394K->317933K(1034752K), 0.0041695 secs]
161.094: Total time for which application threads were stopped: 0.0043385 seconds, Stopping threads took: 0.0000207 seconds
161.160: [GC (Allocation Failure)  639469K->317901K(1034752K), 0.0042457 secs]
161.165: Total time for which application threads were stopped: 0.0044196 seconds, Stopping threads took: 0.0000211 seconds
161.230: [GC (Allocation Failure)  639437K->320173K(1034752K), 0.0045160 secs]
161.235: Total time for which application threads were stopped: 0.0046796 seconds, Stopping threads took: 0.0000198 seconds
161.301: [GC (Allocation Failure)  641709K->325935K(1034752K), 0.0043249 secs]
161.305: Total time for which application threads were stopped: 0.0044984 seconds, Stopping threads took: 0.0000255 seconds
161.373: [GC (Allocation Failure)  647471K->325903K(1034752K), 0.0042380 secs]
161.377: Total time for which application threads were stopped: 0.0043975 seconds, Stopping threads took: 0.0000193 seconds
161.443: [GC (Allocation Failure)  647439K->329415K(1035264K), 0.0051824 secs]
161.448: Total time for which application threads were stopped: 0.0053845 seconds, Stopping threads took: 0.0000206 seconds
161.517: [GC (Allocation Failure)  651463K->333961K(1034752K), 0.0042072 secs]
161.521: Total time for which application threads were stopped: 0.0043660 seconds, Stopping threads took: 0.0000196 seconds
161.591: [GC (Allocation Failure)  656009K->333961K(1035264K), 0.0045871 secs]
161.596: Total time for which application threads were stopped: 0.0047557 seconds, Stopping threads took: 0.0000195 seconds
161.663: [GC (Allocation Failure)  656009K->336105K(1034752K), 0.0046206 secs]
161.668: Total time for which application threads were stopped: 0.0047778 seconds, Stopping threads took: 0.0000187 seconds
161.738: [GC (Allocation Failure)  658153K->342155K(1034752K), 0.0043418 secs]
161.742: Total time for which application threads were stopped: 0.0045122 seconds, Stopping threads took: 0.0000193 seconds
161.810: [GC (Allocation Failure)  663691K->341963K(1034752K), 0.0041542 secs]
161.814: Total time for which application threads were stopped: 0.0043450 seconds, Stopping threads took: 0.0000204 seconds
161.881: [GC (Allocation Failure)  663499K->345867K(1035264K), 0.0051551 secs]
161.886: Total time for which application threads were stopped: 0.0053066 seconds, Stopping threads took: 0.0000171 seconds
161.953: [GC (Allocation Failure)  667915K->350094K(1034752K), 0.0043436 secs]
161.957: Total time for which application threads were stopped: 0.0045234 seconds, Stopping threads took: 0.0000198 seconds
162.025: [GC (Allocation Failure)  672142K->349966K(1035264K), 0.0043888 secs]
162.030: Total time for which application threads were stopped: 0.0045692 seconds, Stopping threads took: 0.0000194 seconds
162.096: [GC (Allocation Failure)  672526K->345003K(1035264K), 0.0025016 secs]
162.099: Total time for which application threads were stopped: 0.0026642 seconds, Stopping threads took: 0.0000193 seconds
162.166: [GC (Allocation Failure)  667563K->350062K(1035264K), 0.0044800 secs]
162.170: Total time for which application threads were stopped: 0.0046512 seconds, Stopping threads took: 0.0000199 seconds
162.239: [GC (Allocation Failure)  672622K->349998K(1035264K), 0.0041016 secs]
162.243: Total time for which application threads were stopped: 0.0042678 seconds, Stopping threads took: 0.0000265 seconds
162.309: [GC (Allocation Failure)  672558K->349355K(1035776K), 0.0040734 secs]
162.314: Total time for which application threads were stopped: 0.0042578 seconds, Stopping threads took: 0.0000193 seconds
162.382: [GC (Allocation Failure)  672427K->350254K(1035264K), 0.0044214 secs]
162.387: Total time for which application threads were stopped: 0.0045898 seconds, Stopping threads took: 0.0000197 seconds
162.455: [GC (Allocation Failure)  673326K->349998K(1035776K), 0.0045018 secs]
162.459: Total time for which application threads were stopped: 0.0046749 seconds, Stopping threads took: 0.0000201 seconds
162.527: [GC (Allocation Failure)  673582K->355627K(1035776K), 0.0067207 secs]
162.534: Total time for which application threads were stopped: 0.0069004 seconds, Stopping threads took: 0.0000192 seconds
162.601: [GC (Allocation Failure)  679211K->351118K(1032704K), 0.0042020 secs]
162.606: Total time for which application threads were stopped: 0.0043722 seconds, Stopping threads took: 0.0000195 seconds
162.673: [GC (Allocation Failure)  671630K->350894K(1034240K), 0.0044015 secs]
162.677: Total time for which application threads were stopped: 0.0045717 seconds, Stopping threads took: 0.0000197 seconds
162.745: [GC (Allocation Failure)  671406K->357771K(1030656K), 0.0073205 secs]
162.752: Total time for which application threads were stopped: 0.0074895 seconds, Stopping threads took: 0.0000273 seconds
162.819: [GC (Allocation Failure)  675211K->352174K(1032704K), 0.0045171 secs]
162.824: Total time for which application threads were stopped: 0.0046809 seconds, Stopping threads took: 0.0000199 seconds
162.890: [GC (Allocation Failure)  669614K->352014K(1033728K), 0.0041331 secs]
162.895: Total time for which application threads were stopped: 0.0043155 seconds, Stopping threads took: 0.0000199 seconds
162.961: [GC (Allocation Failure)  670990K->349387K(1033216K), 0.0035021 secs]
162.965: Total time for which application threads were stopped: 0.0036717 seconds, Stopping threads took: 0.0000194 seconds
163.031: [GC (Allocation Failure)  668363K->352110K(1034752K), 0.0042596 secs]
163.036: Total time for which application threads were stopped: 0.0044218 seconds, Stopping threads took: 0.0000191 seconds
163.103: [GC (Allocation Failure)  673134K->352014K(1034240K), 0.0042146 secs]
163.107: Total time for which application threads were stopped: 0.0043783 seconds, Stopping threads took: 0.0000202 seconds
163.175: [GC (Allocation Failure)  673038K->347019K(1034240K), 0.0023318 secs]
163.178: Total time for which application threads were stopped: 0.0024818 seconds, Stopping threads took: 0.0000187 seconds
163.246: [GC (Allocation Failure)  668555K->352078K(1034752K), 0.0041171 secs]
163.250: Total time for which application threads were stopped: 0.0043003 seconds, Stopping threads took: 0.0000268 seconds
163.317: [GC (Allocation Failure)  673614K->352014K(1035776K), 0.0065039 secs]
163.324: Total time for which application threads were stopped: 0.0066626 seconds, Stopping threads took: 0.0000201 seconds
163.391: [GC (Allocation Failure)  675086K->349803K(1035264K), 0.0035197 secs]
163.395: Total time for which application threads were stopped: 0.0036809 seconds, Stopping threads took: 0.0000199 seconds
163.461: [GC (Allocation Failure)  672875K->352270K(1035776K), 0.0045159 secs]
163.465: Total time for which application threads were stopped: 0.0046918 seconds, Stopping threads took: 0.0000203 seconds
163.534: [GC (Allocation Failure)  675854K->352014K(1035776K), 0.0041090 secs]
163.538: Total time for which application threads were stopped: 0.0042790 seconds, Stopping threads took: 0.0000196 seconds
163.606: [GC (Allocation Failure)  675598K->356619K(1033216K), 0.0061391 secs]
163.613: Total time for which application threads were stopped: 0.0063110 seconds, Stopping threads took: 0.0000196 seconds
163.680: [GC (Allocation Failure)  678155K->352622K(1034752K), 0.0045105 secs]
163.684: Total time for which application threads were stopped: 0.0046839 seconds, Stopping threads took: 0.0000206 seconds
163.752: [GC (Allocation Failure)  674158K->352398K(1035776K), 0.0045008 secs]
163.757: Total time for which application threads were stopped: 0.0046704 seconds, Stopping threads took: 0.0000271 seconds
163.822: [GC (Allocation Failure)  675470K->359755K(1035264K), 0.0077749 secs]
163.830: Total time for which application threads were stopped: 0.0079379 seconds, Stopping threads took: 0.0000196 seconds
163.898: [GC (Allocation Failure)  682827K->355182K(1033216K), 0.0043713 secs]
163.903: Total time for which application threads were stopped: 0.0045348 seconds, Stopping threads took: 0.0000197 seconds
163.969: [GC (Allocation Failure)  675694K->355022K(1034240K), 0.0047479 secs]
163.974: Total time for which application threads were stopped: 0.0049199 seconds, Stopping threads took: 0.0000204 seconds
164.041: [GC (Allocation Failure)  675534K->363099K(1030144K), 0.0079506 secs]
164.049: Total time for which application threads were stopped: 0.0081025 seconds, Stopping threads took: 0.0000190 seconds
164.116: [GC (Allocation Failure)  679515K->356926K(1032192K), 0.0044529 secs]
164.120: Total time for which application threads were stopped: 0.0046245 seconds, Stopping threads took: 0.0000205 seconds
164.187: [GC (Allocation Failure)  673342K->356830K(1033216K), 0.0042657 secs]
164.191: Total time for which application threads were stopped: 0.0044630 seconds, Stopping threads took: 0.0000222 seconds
164.258: [GC (Allocation Failure)  674782K->352315K(1032704K), 0.0024991 secs]
164.261: Total time for which application threads were stopped: 0.0026593 seconds, Stopping threads took: 0.0000248 seconds
164.328: [GC (Allocation Failure)  670267K->356830K(1033216K), 0.0055177 secs]
164.334: Total time for which application threads were stopped: 0.0056687 seconds, Stopping threads took: 0.0000275 seconds
164.401: [GC (Allocation Failure)  674782K->356830K(1032704K), 0.0042485 secs]
164.405: Total time for which application threads were stopped: 0.0044131 seconds, Stopping threads took: 0.0000191 seconds
164.471: [GC (Allocation Failure)  674782K->359070K(1032704K), 0.0045136 secs]
164.476: Total time for which application threads were stopped: 0.0046907 seconds, Stopping threads took: 0.0000189 seconds
164.545: [GC (Allocation Failure)  677534K->364896K(1033216K), 0.0044269 secs]
164.549: Total time for which application threads were stopped: 0.0045991 seconds, Stopping threads took: 0.0000194 seconds
164.617: [GC (Allocation Failure)  683360K->364864K(1034752K), 0.0044137 secs]
164.621: Total time for which application threads were stopped: 0.0045768 seconds, Stopping threads took: 0.0000198 seconds
164.688: [GC (Allocation Failure)  685888K->365768K(1034240K), 0.0043350 secs]
164.693: Total time for which application threads were stopped: 0.0045208 seconds, Stopping threads took: 0.0000201 seconds
164.762: [GC (Allocation Failure)  686792K->372938K(1034240K), 0.0046643 secs]
164.766: Total time for which application threads were stopped: 0.0048395 seconds, Stopping threads took: 0.0000213 seconds
164.833: [GC (Allocation Failure)  693450K->372938K(1034240K), 0.0043686 secs]
164.838: Total time for which application threads were stopped: 0.0045602 seconds, Stopping threads took: 0.0000206 seconds
164.906: [GC (Allocation Failure)  693450K->376586K(1034752K), 0.0051759 secs]
164.911: Total time for which application threads were stopped: 0.0053601 seconds, Stopping threads took: 0.0000171 seconds
164.979: [GC (Allocation Failure)  698122K->381068K(1034752K), 0.0045187 secs]
164.984: Total time for which application threads were stopped: 0.0046687 seconds, Stopping threads took: 0.0000175 seconds
165.050: [GC (Allocation Failure)  702604K->380940K(1035264K), 0.0045553 secs]
165.055: Total time for which application threads were stopped: 0.0047263 seconds, Stopping threads took: 0.0000211 seconds
165.122: [GC (Allocation Failure)  702988K->382252K(1034752K), 0.0046244 secs]
165.127: Total time for which application threads were stopped: 0.0048074 seconds, Stopping threads took: 0.0000196 seconds
165.195: [GC (Allocation Failure)  704300K->389007K(1034752K), 0.0044095 secs]
165.199: Total time for which application threads were stopped: 0.0046026 seconds, Stopping threads took: 0.0000191 seconds
165.268: [GC (Allocation Failure)  710543K->388975K(1034752K), 0.0042959 secs]
165.273: Total time for which application threads were stopped: 0.0044663 seconds, Stopping threads took: 0.0000288 seconds
165.338: [GC (Allocation Failure)  710511K->392007K(1035264K), 0.0049210 secs]
165.343: Total time for which application threads were stopped: 0.0051036 seconds, Stopping threads took: 0.0000253 seconds
165.412: [GC (Allocation Failure)  714567K->397001K(1035264K), 0.0045801 secs]
165.416: Total time for which application threads were stopped: 0.0047688 seconds, Stopping threads took: 0.0000196 seconds
165.485: [GC (Allocation Failure)  719561K->397001K(1035264K), 0.0045001 secs]
165.490: Total time for which application threads were stopped: 0.0046500 seconds, Stopping threads took: 0.0000169 seconds
165.557: [GC (Allocation Failure)  719561K->400233K(1035264K), 0.0050722 secs]
165.562: Total time for which application threads were stopped: 0.0052556 seconds, Stopping threads took: 0.0000203 seconds
165.630: [GC (Allocation Failure)  722793K->405035K(1035264K), 0.0042468 secs]
165.635: Total time for which application threads were stopped: 0.0044354 seconds, Stopping threads took: 0.0000208 seconds
165.703: [GC (Allocation Failure)  727595K->405035K(1035264K), 0.0045983 secs]
165.707: Total time for which application threads were stopped: 0.0047740 seconds, Stopping threads took: 0.0000191 seconds
165.773: [GC (Allocation Failure)  727595K->408451K(1035776K), 0.0085995 secs]
165.781: Total time for which application threads were stopped: 0.0087515 seconds, Stopping threads took: 0.0000199 seconds
165.850: [GC (Allocation Failure)  732035K->413222K(1035776K), 0.0044726 secs]
165.854: Total time for which application threads were stopped: 0.0046340 seconds, Stopping threads took: 0.0000198 seconds
165.923: [GC (Allocation Failure)  736806K->413062K(1035776K), 0.0045272 secs]
165.928: Total time for which application threads were stopped: 0.0047161 seconds, Stopping threads took: 0.0000194 seconds
165.997: [GC (Allocation Failure)  736646K->411715K(1035776K), 0.0039990 secs]
166.001: Total time for which application threads were stopped: 0.0041662 seconds, Stopping threads took: 0.0000272 seconds
166.068: [GC (Allocation Failure)  735299K->413190K(1036288K), 0.0045306 secs]
166.073: Total time for which application threads were stopped: 0.0046905 seconds, Stopping threads took: 0.0000193 seconds
166.141: [GC (Allocation Failure)  737798K->413062K(1036288K), 0.0043741 secs]
166.146: Total time for which application threads were stopped: 0.0045427 seconds, Stopping threads took: 0.0000196 seconds
166.211: [GC (Allocation Failure)  737670K->421107K(1030144K), 0.0085375 secs]
166.220: Total time for which application threads were stopped: 0.0087042 seconds, Stopping threads took: 0.0000184 seconds
166.288: [GC (Allocation Failure)  739571K->416982K(1033216K), 0.0044684 secs]
166.293: Total time for which application threads were stopped: 0.0046362 seconds, Stopping threads took: 0.0000188 seconds
166.359: [GC (Allocation Failure)  735446K->416886K(1034752K), 0.0043274 secs]
166.363: Total time for which application threads were stopped: 0.0044798 seconds, Stopping threads took: 0.0000172 seconds
166.431: [GC (Allocation Failure)  737910K->419539K(1034240K), 0.0053744 secs]
166.436: Total time for which application threads were stopped: 0.0055335 seconds, Stopping threads took: 0.0000192 seconds
166.504: [GC (Allocation Failure)  740563K->417142K(1034752K), 0.0044888 secs]
166.508: Total time for which application threads were stopped: 0.0046688 seconds, Stopping threads took: 0.0000197 seconds
166.575: [GC (Allocation Failure)  738166K->416886K(1034240K), 0.0053085 secs]
166.581: Total time for which application threads were stopped: 0.0054824 seconds, Stopping threads took: 0.0000203 seconds
166.648: [GC (Allocation Failure)  737910K->419251K(1034240K), 0.0054998 secs]
166.654: Total time for which application threads were stopped: 0.0056912 seconds, Stopping threads took: 0.0000187 seconds
166.723: [GC (Allocation Failure)  740787K->417078K(1034752K), 0.0043539 secs]
166.727: Total time for which application threads were stopped: 0.0045112 seconds, Stopping threads took: 0.0000263 seconds
166.794: [GC (Allocation Failure)  738614K->416886K(1035776K), 0.0044973 secs]
166.799: Total time for which application threads were stopped: 0.0046699 seconds, Stopping threads took: 0.0000254 seconds
166.864: [GC (Allocation Failure)  739958K->421939K(1035264K), 0.0068238 secs]
166.871: Total time for which application threads were stopped: 0.0070137 seconds, Stopping threads took: 0.0000201 seconds
166.937: [GC (Allocation Failure)  745011K->417334K(1034240K), 0.0051919 secs]
166.942: Total time for which application threads were stopped: 0.0054091 seconds, Stopping threads took: 0.0000203 seconds
167.010: [GC (Allocation Failure)  738870K->417238K(1034752K), 0.0046105 secs]
167.015: Total time for which application threads were stopped: 0.0047990 seconds, Stopping threads took: 0.0000230 seconds
167.082: [GC (Allocation Failure)  738774K->425035K(1031168K), 0.0080148 secs]
167.090: Total time for which application threads were stopped: 0.0082060 seconds, Stopping threads took: 0.0000196 seconds
167.158: [GC (Allocation Failure)  743499K->419886K(1033216K), 0.0048004 secs]
167.163: Total time for which application threads were stopped: 0.0049745 seconds, Stopping threads took: 0.0000195 seconds
167.228: [GC (Allocation Failure)  738350K->419758K(1033728K), 0.0044781 secs]
167.233: Total time for which application threads were stopped: 0.0046530 seconds, Stopping threads took: 0.0000272 seconds
167.298: [GC (Allocation Failure)  738734K->420171K(1033216K), 0.0046983 secs]
167.303: Total time for which application threads were stopped: 0.0048558 seconds, Stopping threads took: 0.0000182 seconds
167.371: [GC (Allocation Failure)  739147K->419854K(1034240K), 0.0042680 secs]
167.376: Total time for which application threads were stopped: 0.0044445 seconds, Stopping threads took: 0.0000249 seconds
167.443: [GC (Allocation Failure)  740366K->419758K(1034240K), 0.0044473 secs]
167.448: Total time for which application threads were stopped: 0.0046165 seconds, Stopping threads took: 0.0000203 seconds
167.516: [GC (Allocation Failure)  740270K->416779K(1034752K), 0.0033328 secs]
167.520: Total time for which application threads were stopped: 0.0035008 seconds, Stopping threads took: 0.0000247 seconds
167.589: [GC (Allocation Failure)  738315K->420014K(1034752K), 0.0043605 secs]
167.593: Total time for which application threads were stopped: 0.0045700 seconds, Stopping threads took: 0.0000211 seconds
167.660: [GC (Allocation Failure)  741550K->419822K(1035264K), 0.0046164 secs]
167.664: Total time for which application threads were stopped: 0.0047918 seconds, Stopping threads took: 0.0000219 seconds
167.732: [GC (Allocation Failure)  742382K->419051K(1035264K), 0.0041490 secs]
167.736: Total time for which application threads were stopped: 0.0043158 seconds, Stopping threads took: 0.0000265 seconds
167.804: [GC (Allocation Failure)  741611K->419982K(1036288K), 0.0043692 secs]
167.809: Total time for which application threads were stopped: 0.0045279 seconds, Stopping threads took: 0.0000191 seconds
167.877: [GC (Allocation Failure)  744078K->419790K(1035776K), 0.0058449 secs]
167.883: Total time for which application threads were stopped: 0.0060233 seconds, Stopping threads took: 0.0000198 seconds
167.952: [GC (Allocation Failure)  743886K->426379K(1032192K), 0.0073867 secs]
167.959: Total time for which application threads were stopped: 0.0075431 seconds, Stopping threads took: 0.0000187 seconds
168.026: [GC (Allocation Failure)  746891K->422286K(1034240K), 0.0045311 secs]
168.031: Total time for which application threads were stopped: 0.0047000 seconds, Stopping threads took: 0.0000190 seconds
168.098: [GC (Allocation Failure)  742798K->422158K(1035264K), 0.0044240 secs]
168.103: Total time for which application threads were stopped: 0.0045864 seconds, Stopping threads took: 0.0000205 seconds
168.169: [GC (Allocation Failure)  744206K->428427K(1034752K), 0.0073047 secs]
168.177: Total time for which application threads were stopped: 0.0074744 seconds, Stopping threads took: 0.0000198 seconds
168.244: [GC (Allocation Failure)  750475K->423246K(1032704K), 0.0044120 secs]
168.248: Total time for which application threads were stopped: 0.0046047 seconds, Stopping threads took: 0.0000267 seconds
168.316: [GC (Allocation Failure)  742734K->423182K(1033728K), 0.0043903 secs]
168.321: Total time for which application threads were stopped: 0.0045495 seconds, Stopping threads took: 0.0000195 seconds
168.387: [GC (Allocation Failure)  742670K->427115K(1033216K), 0.0060606 secs]
168.394: Total time for which application threads were stopped: 0.0062245 seconds, Stopping threads took: 0.0000193 seconds
168.462: [GC (Allocation Failure)  746603K->423214K(1033728K), 0.0047188 secs]
168.466: Total time for which application threads were stopped: 0.0048917 seconds, Stopping threads took: 0.0000206 seconds
168.533: [GC (Allocation Failure)  742702K->423214K(1034240K), 0.0043813 secs]
168.538: Total time for which application threads were stopped: 0.0045525 seconds, Stopping threads took: 0.0000207 seconds
168.605: [GC (Allocation Failure)  743214K->422731K(1033728K), 0.0043604 secs]
168.609: Total time for which application threads were stopped: 0.0045347 seconds, Stopping threads took: 0.0000192 seconds
168.675: [GC (Allocation Failure)  742731K->423406K(1034752K), 0.0045805 secs]
168.679: Total time for which application threads were stopped: 0.0047516 seconds, Stopping threads took: 0.0000196 seconds
168.748: [GC (Allocation Failure)  744430K->423182K(1034240K), 0.0051567 secs]
168.753: Total time for which application threads were stopped: 0.0053327 seconds, Stopping threads took: 0.0000257 seconds
168.820: [GC (Allocation Failure)  744206K->421387K(1035264K), 0.0038355 secs]
168.824: Total time for which application threads were stopped: 0.0040253 seconds, Stopping threads took: 0.0000222 seconds
168.892: [GC (Allocation Failure)  743947K->423310K(1035264K), 0.0043768 secs]
168.897: Total time for which application threads were stopped: 0.0045577 seconds, Stopping threads took: 0.0000214 seconds
168.965: [GC (Allocation Failure)  745870K->423182K(1035776K), 0.0045192 secs]
168.969: Total time for which application threads were stopped: 0.0046954 seconds, Stopping threads took: 0.0000201 seconds
169.037: [GC (Allocation Failure)  746766K->426699K(1034752K), 0.0058671 secs]
169.043: Total time for which application threads were stopped: 0.0060640 seconds, Stopping threads took: 0.0000358 seconds
169.111: [GC (Allocation Failure)  750283K->423278K(1035264K), 0.0045187 secs]
169.115: Total time for which application threads were stopped: 0.0046875 seconds, Stopping threads took: 0.0000207 seconds
169.183: [GC (Allocation Failure)  745838K->423214K(1035264K), 0.0065386 secs]
169.190: Total time for which application threads were stopped: 0.0067185 seconds, Stopping threads took: 0.0000204 seconds
169.259: [GC (Allocation Failure)  745774K->415627K(1033728K), 0.0013892 secs]
169.260: Total time for which application threads were stopped: 0.0015149 seconds, Stopping threads took: 0.0000257 seconds
169.328: [GC (Allocation Failure)  737163K->423262K(1034752K), 0.0109091 secs]
169.339: Total time for which application threads were stopped: 0.0110592 seconds, Stopping threads took: 0.0000176 seconds
169.407: [GC (Allocation Failure)  744798K->427366K(1035776K), 0.0057945 secs]
169.413: Total time for which application threads were stopped: 0.0059647 seconds, Stopping threads took: 0.0000205 seconds
169.480: [GC (Allocation Failure)  750438K->422595K(1035264K), 0.0029896 secs]
169.483: Total time for which application threads were stopped: 0.0031541 seconds, Stopping threads took: 0.0000286 seconds
169.550: [GC (Allocation Failure)  745667K->427630K(1035776K), 0.0046609 secs]
169.555: Total time for which application threads were stopped: 0.0048257 seconds, Stopping threads took: 0.0000193 seconds
169.626: [GC (Allocation Failure)  750702K->431494K(1035264K), 0.0047226 secs]
169.630: Total time for which application threads were stopped: 0.0049167 seconds, Stopping threads took: 0.0000203 seconds
169.698: [GC (Allocation Failure)  754566K->431494K(1035776K), 0.0044310 secs]
169.703: Total time for which application threads were stopped: 0.0045901 seconds, Stopping threads took: 0.0000171 seconds
169.771: [GC (Allocation Failure)  755078K->431718K(1023488K), 0.0045979 secs]
169.775: Total time for which application threads were stopped: 0.0047654 seconds, Stopping threads took: 0.0000262 seconds
169.843: [GC (Allocation Failure)  755302K->439496K(1035264K), 0.0043247 secs]
169.848: Total time for which application threads were stopped: 0.0045310 seconds, Stopping threads took: 0.0000201 seconds
169.915: [GC (Allocation Failure)  762056K->439496K(1035264K), 0.0051443 secs]
169.920: Total time for which application threads were stopped: 0.0053041 seconds, Stopping threads took: 0.0000194 seconds
169.987: [GC (Allocation Failure)  762056K->439688K(1034752K), 0.0043917 secs]
169.991: Total time for which application threads were stopped: 0.0045537 seconds, Stopping threads took: 0.0000195 seconds
170.058: [GC (Allocation Failure)  762248K->447530K(1035264K), 0.0066312 secs]
170.065: Total time for which application threads were stopped: 0.0067926 seconds, Stopping threads took: 0.0000202 seconds
170.134: [GC (Allocation Failure)  770090K->447562K(1035264K), 0.0045331 secs]
170.138: Total time for which application threads were stopped: 0.0046950 seconds, Stopping threads took: 0.0000201 seconds
170.205: [GC (Allocation Failure)  770122K->447626K(1022464K), 0.0074105 secs]
170.212: Total time for which application threads were stopped: 0.0075951 seconds, Stopping threads took: 0.0000198 seconds
170.282: [GC (Allocation Failure)  770186K->455564K(1034752K), 0.0043951 secs]
170.286: Total time for which application threads were stopped: 0.0045847 seconds, Stopping threads took: 0.0000196 seconds
170.355: [GC (Allocation Failure)  777100K->455564K(1034752K), 0.0045252 secs]
170.360: Total time for which application threads were stopped: 0.0046771 seconds, Stopping threads took: 0.0000176 seconds
170.424: [GC (Allocation Failure)  777100K->455636K(1033728K), 0.0045972 secs]
170.429: Total time for which application threads were stopped: 0.0047928 seconds, Stopping threads took: 0.0000203 seconds
170.496: [GC (Allocation Failure)  776148K->463607K(1034240K), 0.0043939 secs]
170.501: Total time for which application threads were stopped: 0.0045782 seconds, Stopping threads took: 0.0000204 seconds
170.568: [GC (Allocation Failure)  784119K->463607K(1034240K), 0.0061058 secs]
170.574: Total time for which application threads were stopped: 0.0062656 seconds, Stopping threads took: 0.0000201 seconds
170.641: [GC (Allocation Failure)  784119K->463855K(1034240K), 0.0052350 secs]
170.646: Total time for which application threads were stopped: 0.0054217 seconds, Stopping threads took: 0.0000200 seconds
170.714: [GC (Allocation Failure)  784367K->471665K(1034240K), 0.0050959 secs]
170.719: Total time for which application threads were stopped: 0.0052624 seconds, Stopping threads took: 0.0000188 seconds
170.787: [GC (Allocation Failure)  792177K->471665K(1034240K), 0.0050667 secs]
170.792: Total time for which application threads were stopped: 0.0052308 seconds, Stopping threads took: 0.0000194 seconds
170.858: [GC (Allocation Failure)  792177K->472105K(1033216K), 0.0046530 secs]
170.863: Total time for which application threads were stopped: 0.0048266 seconds, Stopping threads took: 0.0000204 seconds
170.930: [GC (Allocation Failure)  791593K->479691K(1033728K), 0.0063751 secs]
170.936: Total time for which application threads were stopped: 0.0065507 seconds, Stopping threads took: 0.0000197 seconds
171.004: [GC (Allocation Failure)  799179K->479691K(1033728K), 0.0046033 secs]
171.009: Total time for which application threads were stopped: 0.0047550 seconds, Stopping threads took: 0.0000172 seconds
171.075: [GC (Allocation Failure)  799179K->479819K(1033728K), 0.0047988 secs]
171.080: Total time for which application threads were stopped: 0.0049657 seconds, Stopping threads took: 0.0000203 seconds
171.147: [GC (Allocation Failure)  799307K->487725K(1033728K), 0.0045337 secs]
171.151: Total time for which application threads were stopped: 0.0047292 seconds, Stopping threads took: 0.0000206 seconds
171.220: [GC (Allocation Failure)  807213K->487693K(1033728K), 0.0046628 secs]
171.225: Total time for which application threads were stopped: 0.0048226 seconds, Stopping threads took: 0.0000167 seconds
171.292: [GC (Allocation Failure)  807181K->487821K(1033728K), 0.0045542 secs]
171.297: Total time for which application threads were stopped: 0.0047014 seconds, Stopping threads took: 0.0000168 seconds
171.364: [GC (Allocation Failure)  807309K->495728K(1033728K), 0.0045595 secs]
171.369: Total time for which application threads were stopped: 0.0047294 seconds, Stopping threads took: 0.0000192 seconds
171.435: [GC (Allocation Failure)  815216K->491821K(1034240K), 0.0032359 secs]
171.438: Total time for which application threads were stopped: 0.0033919 seconds, Stopping threads took: 0.0000202 seconds
171.505: [GC (Allocation Failure)  811821K->495880K(1033728K), 0.0045476 secs]
171.510: Total time for which application threads were stopped: 0.0047397 seconds, Stopping threads took: 0.0000192 seconds
171.578: [GC (Allocation Failure)  815880K->499848K(1034752K), 0.0044997 secs]
171.583: Total time for which application threads were stopped: 0.0046500 seconds, Stopping threads took: 0.0000170 seconds
171.650: [GC (Allocation Failure)  821384K->494085K(1034752K), 0.0025375 secs]
171.653: Total time for which application threads were stopped: 0.0026959 seconds, Stopping threads took: 0.0000201 seconds
171.723: [GC (Allocation Failure)  815621K->499952K(1035264K), 0.0049582 secs]
171.728: Total time for which application threads were stopped: 0.0051335 seconds, Stopping threads took: 0.0000203 seconds
171.796: [GC (Allocation Failure)  822000K->503992K(1034752K), 0.0049500 secs]
171.801: Total time for which application threads were stopped: 0.0051210 seconds, Stopping threads took: 0.0000203 seconds
171.868: [GC (Allocation Failure)  825778K->500117K(1035776K), 0.0034422 secs]
171.871: Total time for which application threads were stopped: 0.0036002 seconds, Stopping threads took: 0.0000202 seconds
171.939: [GC (Allocation Failure)  823189K->504152K(1035264K), 0.0046804 secs]
171.944: Total time for which application threads were stopped: 0.0048742 seconds, Stopping threads took: 0.0000188 seconds
172.014: [GC (Allocation Failure)  827224K->508120K(1035264K), 0.0045723 secs]
172.018: Total time for which application threads were stopped: 0.0047372 seconds, Stopping threads took: 0.0000174 seconds
172.088: [GC (Allocation Failure)  831704K->508120K(1035776K), 0.0046114 secs]
172.092: Total time for which application threads were stopped: 0.0047804 seconds, Stopping threads took: 0.0000195 seconds
172.157: [GC (Allocation Failure)  831704K->508192K(1034752K), 0.0045877 secs]
172.162: Total time for which application threads were stopped: 0.0047606 seconds, Stopping threads took: 0.0000200 seconds
172.232: [GC (Allocation Failure)  830752K->516194K(1035264K), 0.0046509 secs]
172.237: Total time for which application threads were stopped: 0.0048185 seconds, Stopping threads took: 0.0000202 seconds
172.303: [GC (Allocation Failure)  838754K->516162K(1034240K), 0.0061360 secs]
172.310: Total time for which application threads were stopped: 0.0063001 seconds, Stopping threads took: 0.0000202 seconds
172.378: [GC (Allocation Failure)  837698K->516234K(1034752K), 0.0046287 secs]
172.383: Total time for which application threads were stopped: 0.0047803 seconds, Stopping threads took: 0.0000181 seconds
172.449: [GC (Allocation Failure)  837770K->524204K(1033728K), 0.0045672 secs]
172.454: Total time for which application threads were stopped: 0.0047324 seconds, Stopping threads took: 0.0000202 seconds
172.522: [GC (Allocation Failure)  844716K->524172K(1034240K), 0.0046386 secs]
172.526: Total time for which application threads were stopped: 0.0048224 seconds, Stopping threads took: 0.0000283 seconds
172.593: [GC (Allocation Failure)  844684K->524420K(1034240K), 0.0047667 secs]
172.598: Total time for which application threads were stopped: 0.0049448 seconds, Stopping threads took: 0.0000218 seconds
172.663: [GC (Allocation Failure)  844932K->532230K(1034240K), 0.0047220 secs]
172.668: Total time for which application threads were stopped: 0.0048957 seconds, Stopping threads took: 0.0000205 seconds
172.734: [GC (Allocation Failure)  852742K->532230K(1034240K), 0.0045288 secs]
172.739: Total time for which application threads were stopped: 0.0046917 seconds, Stopping threads took: 0.0000264 seconds
172.807: [GC (Allocation Failure)  852742K->532686K(1020416K), 0.0049484 secs]
172.812: Total time for which application threads were stopped: 0.0051277 seconds, Stopping threads took: 0.0000204 seconds
172.879: [GC (Allocation Failure)  853198K->540305K(1033728K), 0.0045104 secs]
172.883: Total time for which application threads were stopped: 0.0047154 seconds, Stopping threads took: 0.0000290 seconds
172.951: [GC (Allocation Failure)  859793K->540273K(1033728K), 0.0047599 secs]
172.956: Total time for which application threads were stopped: 0.0049255 seconds, Stopping threads took: 0.0000196 seconds
173.021: [GC (Allocation Failure)  859761K->540393K(1033728K), 0.0047272 secs]
173.026: Total time for which application threads were stopped: 0.0049266 seconds, Stopping threads took: 0.0000207 seconds
173.093: [GC (Allocation Failure)  859881K->548299K(1033728K), 0.0047492 secs]
173.098: Total time for which application threads were stopped: 0.0049309 seconds, Stopping threads took: 0.0000208 seconds
173.165: [GC (Allocation Failure)  867785K->544393K(1034240K), 0.0037429 secs]
173.169: Total time for which application threads were stopped: 0.0039027 seconds, Stopping threads took: 0.0000201 seconds
173.238: [GC (Allocation Failure)  864393K->548459K(1033728K), 0.0047071 secs]
173.243: Total time for which application threads were stopped: 0.0048829 seconds, Stopping threads took: 0.0000262 seconds
173.310: [GC (Allocation Failure)  868459K->552459K(1034752K), 0.0048816 secs]
173.315: Total time for which application threads were stopped: 0.0050447 seconds, Stopping threads took: 0.0000203 seconds
173.383: [GC (Allocation Failure)  873995K->546665K(1034752K), 0.0024718 secs]
173.386: Total time for which application threads were stopped: 0.0026124 seconds, Stopping threads took: 0.0000180 seconds
173.453: [GC (Allocation Failure)  868201K->552491K(1035776K), 0.0046547 secs]
173.458: Total time for which application threads were stopped: 0.0048299 seconds, Stopping threads took: 0.0000198 seconds
173.528: [GC (Allocation Failure)  875051K->556531K(1034752K), 0.0051816 secs]
173.533: Total time for which application threads were stopped: 0.0053623 seconds, Stopping threads took: 0.0000175 seconds
173.602: [GC (Allocation Failure)  878829K->552689K(1035776K), 0.0037231 secs]
173.605: Total time for which application threads were stopped: 0.0038962 seconds, Stopping threads took: 0.0000201 seconds
173.674: [GC (Allocation Failure)  875761K->556715K(1035264K), 0.0049153 secs]
173.679: Total time for which application threads were stopped: 0.0050843 seconds, Stopping threads took: 0.0000191 seconds
173.746: [GC (Allocation Failure)  879787K->560651K(1035264K), 0.0046408 secs]
173.751: Total time for which application threads were stopped: 0.0048019 seconds, Stopping threads took: 0.0000259 seconds
173.820: [GC (Allocation Failure)  884235K->560651K(1035776K), 0.0045673 secs]
173.825: Total time for which application threads were stopped: 0.0047315 seconds, Stopping threads took: 0.0000244 seconds
173.890: [GC (Allocation Failure)  884235K->560747K(1034752K), 0.0050879 secs]
173.896: Total time for which application threads were stopped: 0.0052585 seconds, Stopping threads took: 0.0000199 seconds
173.963: [GC (Allocation Failure)  883307K->568717K(1035264K), 0.0047568 secs]
173.968: Total time for which application threads were stopped: 0.0049270 seconds, Stopping threads took: 0.0000197 seconds
174.035: [GC (Allocation Failure)  891277K->568717K(1034240K), 0.0046427 secs]
174.040: Total time for which application threads were stopped: 0.0048103 seconds, Stopping threads took: 0.0000214 seconds
174.108: [GC (Allocation Failure)  890253K->568781K(1034752K), 0.0048499 secs]
174.112: Total time for which application threads were stopped: 0.0050106 seconds, Stopping threads took: 0.0000203 seconds
174.179: [GC (Allocation Failure)  890317K->576783K(1034752K), 0.0047252 secs]
174.183: Total time for which application threads were stopped: 0.0048870 seconds, Stopping threads took: 0.0000201 seconds
174.251: [GC (Allocation Failure)  898319K->576783K(1029120K), 0.0045674 secs]
174.256: Total time for which application threads were stopped: 0.0047572 seconds, Stopping threads took: 0.0000268 seconds
174.321: [GC (Allocation Failure)  898319K->576999K(1034240K), 0.0045961 secs]
174.326: Total time for which application threads were stopped: 0.0047667 seconds, Stopping threads took: 0.0000220 seconds
174.395: [GC (Allocation Failure)  897511K->584778K(1034240K), 0.0047076 secs]
174.400: Total time for which application threads were stopped: 0.0048628 seconds, Stopping threads took: 0.0000177 seconds
174.468: [GC (Allocation Failure)  905290K->584778K(1034240K), 0.0046165 secs]
174.473: Total time for which application threads were stopped: 0.0047801 seconds, Stopping threads took: 0.0000202 seconds
174.540: [GC (Allocation Failure)  905290K->585226K(1020416K), 0.0048221 secs]
174.545: Total time for which application threads were stopped: 0.0050107 seconds, Stopping threads took: 0.0000205 seconds
174.611: [GC (Allocation Failure)  905738K->592844K(1033728K), 0.0048339 secs]
174.616: Total time for which application threads were stopped: 0.0050122 seconds, Stopping threads took: 0.0000205 seconds
174.683: [GC (Allocation Failure)  912332K->592812K(1033728K), 0.0047843 secs]
174.688: Total time for which application threads were stopped: 0.0049548 seconds, Stopping threads took: 0.0000195 seconds
174.753: [GC (Allocation Failure)  912300K->592940K(1033728K), 0.0048560 secs]
174.758: Total time for which application threads were stopped: 0.0050254 seconds, Stopping threads took: 0.0000263 seconds
174.825: [GC (Allocation Failure)  912428K->600878K(1033728K), 0.0049318 secs]
174.830: Total time for which application threads were stopped: 0.0050984 seconds, Stopping threads took: 0.0000211 seconds
174.898: [GC (Allocation Failure)  920366K->600846K(1033728K), 0.0047846 secs]
174.903: Total time for which application threads were stopped: 0.0049802 seconds, Stopping threads took: 0.0000197 seconds
174.970: [GC (Allocation Failure)  920334K->600902K(1033728K), 0.0048433 secs]
174.975: Total time for which application threads were stopped: 0.0050054 seconds, Stopping threads took: 0.0000197 seconds
175.042: [GC (Allocation Failure)  920390K->608873K(1032704K), 0.0048159 secs]
175.047: Total time for which application threads were stopped: 0.0049776 seconds, Stopping threads took: 0.0000194 seconds
175.113: [GC (Allocation Failure)  927337K->603334K(1033216K), 0.0027983 secs]
175.116: Total time for which application threads were stopped: 0.0029501 seconds, Stopping threads took: 0.0000197 seconds
175.182: [GC (Allocation Failure)  921798K->609129K(1034752K), 0.0049054 secs]
175.187: Total time for which application threads were stopped: 0.0050859 seconds, Stopping threads took: 0.0000199 seconds
175.257: [GC (Allocation Failure)  929641K->613017K(1033728K), 0.0048560 secs]
175.262: Total time for which application threads were stopped: 0.0050228 seconds, Stopping threads took: 0.0000263 seconds
175.329: [GC (Allocation Failure)  933529K->619918K(1029120K), 0.0098233 secs]
175.338: Total time for which application threads were stopped: 0.0099870 seconds, Stopping threads took: 0.0000195 seconds
175.406: [GC (Allocation Failure)  935310K->613841K(1031680K), 0.0046781 secs]
175.411: Total time for which application threads were stopped: 0.0048525 seconds, Stopping threads took: 0.0000196 seconds
175.478: [GC (Allocation Failure)  929233K->613649K(1032704K), 0.0049495 secs]
175.483: Total time for which application threads were stopped: 0.0051174 seconds, Stopping threads took: 0.0000192 seconds
175.547: [GC (Allocation Failure)  930577K->617033K(1032192K), 0.0056393 secs]
175.553: Total time for which application threads were stopped: 0.0058354 seconds, Stopping threads took: 0.0000199 seconds
175.620: [GC (Allocation Failure)  933961K->621771K(1033216K), 0.0046589 secs]
175.625: Total time for which application threads were stopped: 0.0048193 seconds, Stopping threads took: 0.0000178 seconds
175.693: [GC (Allocation Failure)  939723K->621675K(1032704K), 0.0047616 secs]
175.697: Total time for which application threads were stopped: 0.0049390 seconds, Stopping threads took: 0.0000203 seconds
175.765: [GC (Allocation Failure)  939627K->622699K(1033216K), 0.0048654 secs]
175.770: Total time for which application threads were stopped: 0.0050327 seconds, Stopping threads took: 0.0000188 seconds
175.839: [GC (Allocation Failure)  941163K->629709K(1033216K), 0.0049345 secs]
175.844: Total time for which application threads were stopped: 0.0051091 seconds, Stopping threads took: 0.0000199 seconds
175.911: [GC (Allocation Failure)  948173K->629709K(1033728K), 0.0047830 secs]
175.916: Total time for which application threads were stopped: 0.0049553 seconds, Stopping threads took: 0.0000204 seconds
175.982: [GC (Allocation Failure)  948685K->631405K(1033216K), 0.0051474 secs]
175.988: Total time for which application threads were stopped: 0.0053253 seconds, Stopping threads took: 0.0000192 seconds
176.055: [GC (Allocation Failure)  950381K->637775K(1033728K), 0.0050202 secs]
176.060: Total time for which application threads were stopped: 0.0051832 seconds, Stopping threads took: 0.0000201 seconds
176.126: [GC (Allocation Failure)  957263K->637775K(1033728K), 0.0050897 secs]
176.131: Total time for which application threads were stopped: 0.0052639 seconds, Stopping threads took: 0.0000204 seconds
176.197: [GC (Allocation Failure)  957263K->638087K(1033728K), 0.0049305 secs]
176.202: Total time for which application threads were stopped: 0.0051013 seconds, Stopping threads took: 0.0000203 seconds
176.269: [GC (Allocation Failure)  957575K->645802K(1033728K), 0.0048654 secs]
176.274: Total time for which application threads were stopped: 0.0050350 seconds, Stopping threads took: 0.0000196 seconds
176.341: [GC (Allocation Failure)  965290K->645738K(1033728K), 0.0067457 secs]
176.348: Total time for which application threads were stopped: 0.0069465 seconds, Stopping threads took: 0.0000270 seconds
176.414: [GC (Allocation Failure)  965226K->649418K(1033728K), 0.0056300 secs]
176.420: Total time for which application threads were stopped: 0.0057908 seconds, Stopping threads took: 0.0000196 seconds
176.487: [GC (Allocation Failure)  968906K->653900K(1034240K), 0.0048944 secs]
176.492: Total time for which application threads were stopped: 0.0050920 seconds, Stopping threads took: 0.0000200 seconds
176.561: [GC (Allocation Failure)  974412K->653804K(1034240K), 0.0049437 secs]
176.566: Total time for which application threads were stopped: 0.0050955 seconds, Stopping threads took: 0.0000173 seconds
176.632: [GC (Allocation Failure)  974316K->654564K(1034240K), 0.0050222 secs]
176.637: Total time for which application threads were stopped: 0.0051963 seconds, Stopping threads took: 0.0000205 seconds
176.705: [GC (Allocation Failure)  975076K->661862K(1034240K), 0.0049630 secs]
176.710: Total time for which application threads were stopped: 0.0051248 seconds, Stopping threads took: 0.0000200 seconds
176.778: [GC (Allocation Failure)  982374K->661862K(1034240K), 0.0048358 secs]
176.783: Total time for which application threads were stopped: 0.0050019 seconds, Stopping threads took: 0.0000212 seconds
176.850: [GC (Allocation Failure)  982374K->662766K(1034240K), 0.0049880 secs]
176.855: Total time for which application threads were stopped: 0.0051467 seconds, Stopping threads took: 0.0000192 seconds
176.923: [GC (Allocation Failure)  983278K->669872K(1034240K), 0.0058484 secs]
176.929: Total time for which application threads were stopped: 0.0060146 seconds, Stopping threads took: 0.0000198 seconds
176.996: [GC (Allocation Failure)  990384K->669872K(1034240K), 0.0050071 secs]
177.001: Total time for which application threads were stopped: 0.0051805 seconds, Stopping threads took: 0.0000199 seconds
177.068: [GC (Allocation Failure)  990384K->671016K(1034240K), 0.0063103 secs]
177.075: Total time for which application threads were stopped: 0.0064844 seconds, Stopping threads took: 0.0000199 seconds
177.143: [GC (Allocation Failure)  991528K->677931K(1034240K), 0.0051787 secs]
177.148: Total time for which application threads were stopped: 0.0053412 seconds, Stopping threads took: 0.0000202 seconds
177.216: [GC (Allocation Failure)  998443K->677899K(1034240K), 0.0050325 secs]
177.221: Total time for which application threads were stopped: 0.0052236 seconds, Stopping threads took: 0.0000199 seconds
177.290: [GC (Allocation Failure)  998411K->678251K(1020416K), 0.0057151 secs]
177.296: Total time for which application threads were stopped: 0.0058971 seconds, Stopping threads took: 0.0000263 seconds
177.366: [GC (Allocation Failure)  998763K->685997K(1033728K), 0.0050696 secs]
177.371: Total time for which application threads were stopped: 0.0052392 seconds, Stopping threads took: 0.0000190 seconds
177.437: [GC (Allocation Failure)  1005485K->685933K(1033728K), 0.0050086 secs]
177.442: Total time for which application threads were stopped: 0.0051675 seconds, Stopping threads took: 0.0000190 seconds
177.509: [GC (Allocation Failure)  1005421K->686477K(1033728K), 0.0051004 secs]
177.514: [Full GC (Ergonomics)  686477K->9004K(1033728K), 0.0128955 secs]
177.527: Total time for which application threads were stopped: 0.0182486 seconds, Stopping threads took: 0.0000199 seconds
177.594: [GC (Allocation Failure)  328492K->17678K(1033728K), 0.0037747 secs]
177.598: Total time for which application threads were stopped: 0.0039249 seconds, Stopping threads took: 0.0000168 seconds
177.665: [GC (Allocation Failure)  337166K->17654K(1033728K), 0.0036356 secs]
177.668: Total time for which application threads were stopped: 0.0037939 seconds, Stopping threads took: 0.0000197 seconds
177.735: [GC (Allocation Failure)  337142K->18350K(1033728K), 0.0037713 secs]
177.738: Total time for which application threads were stopped: 0.0039371 seconds, Stopping threads took: 0.0000263 seconds
177.806: [GC (Allocation Failure)  337838K->25680K(1033728K), 0.0036010 secs]
177.810: Total time for which application threads were stopped: 0.0037951 seconds, Stopping threads took: 0.0000199 seconds
177.878: [GC (Allocation Failure)  345168K->25648K(1033728K), 0.0037039 secs]
177.882: Total time for which application threads were stopped: 0.0038764 seconds, Stopping threads took: 0.0000212 seconds
177.948: [GC (Allocation Failure)  345136K->27624K(1033728K), 0.0041416 secs]
177.952: Total time for which application threads were stopped: 0.0043490 seconds, Stopping threads took: 0.0000201 seconds
178.019: [GC (Allocation Failure)  347112K->33675K(1033728K), 0.0038303 secs]
178.023: Total time for which application threads were stopped: 0.0039985 seconds, Stopping threads took: 0.0000197 seconds
178.090: [GC (Allocation Failure)  353163K->33675K(1033728K), 0.0064779 secs]
178.096: Total time for which application threads were stopped: 0.0066504 seconds, Stopping threads took: 0.0000205 seconds
178.162: [GC (Allocation Failure)  353163K->34867K(1033728K), 0.0065653 secs]
178.169: Total time for which application threads were stopped: 0.0067594 seconds, Stopping threads took: 0.0000221 seconds
178.237: [GC (Allocation Failure)  354355K->41749K(1033728K), 0.0036234 secs]
178.240: Total time for which application threads were stopped: 0.0037847 seconds, Stopping threads took: 0.0000266 seconds
178.310: [GC (Allocation Failure)  361237K->41717K(1033728K), 0.0036573 secs]
178.314: Total time for which application threads were stopped: 0.0038283 seconds, Stopping threads took: 0.0000206 seconds
178.381: [GC (Allocation Failure)  361205K->42061K(1033728K), 0.0038986 secs]
178.385: Total time for which application threads were stopped: 0.0040585 seconds, Stopping threads took: 0.0000194 seconds
178.452: [GC (Allocation Failure)  361549K->49775K(1033728K), 0.0039014 secs]
178.456: Total time for which application threads were stopped: 0.0040760 seconds, Stopping threads took: 0.0000196 seconds
178.523: [GC (Allocation Failure)  369263K->49743K(1033728K), 0.0037011 secs]
178.527: Total time for which application threads were stopped: 0.0038669 seconds, Stopping threads took: 0.0000206 seconds
178.593: [GC (Allocation Failure)  369231K->50279K(1033728K), 0.0039368 secs]
178.597: Total time for which application threads were stopped: 0.0041090 seconds, Stopping threads took: 0.0000201 seconds
178.666: [GC (Allocation Failure)  369767K->57801K(1033728K), 0.0039666 secs]
178.670: Total time for which application threads were stopped: 0.0041329 seconds, Stopping threads took: 0.0000194 seconds
178.737: [GC (Allocation Failure)  377289K->57769K(1033728K), 0.0037289 secs]
178.741: Total time for which application threads were stopped: 0.0039076 seconds, Stopping threads took: 0.0000196 seconds
178.807: [GC (Allocation Failure)  377257K->58505K(1033728K), 0.0039794 secs]
178.811: Total time for which application threads were stopped: 0.0041466 seconds, Stopping threads took: 0.0000195 seconds
178.878: [GC (Allocation Failure)  377993K->65804K(1033728K), 0.0038281 secs]
178.882: Total time for which application threads were stopped: 0.0039978 seconds, Stopping threads took: 0.0000194 seconds
178.950: [GC (Allocation Failure)  385292K->65836K(1033728K), 0.0037046 secs]
178.954: Total time for which application threads were stopped: 0.0038663 seconds, Stopping threads took: 0.0000193 seconds
179.020: [GC (Allocation Failure)  385324K->66732K(1033728K), 0.0038816 secs]
179.024: Total time for which application threads were stopped: 0.0040436 seconds, Stopping threads took: 0.0000201 seconds
179.092: [GC (Allocation Failure)  386220K->73838K(1033728K), 0.0039627 secs]
179.096: Total time for which application threads were stopped: 0.0041264 seconds, Stopping threads took: 0.0000204 seconds
179.163: [GC (Allocation Failure)  393326K->73838K(1033728K), 0.0036822 secs]
179.166: Total time for which application threads were stopped: 0.0038555 seconds, Stopping threads took: 0.0000196 seconds
179.234: [GC (Allocation Failure)  393326K->73942K(1033728K), 0.0045703 secs]
179.238: Total time for which application threads were stopped: 0.0047070 seconds, Stopping threads took: 0.0000170 seconds
179.308: [GC (Allocation Failure)  393430K->81912K(1027072K), 0.0037331 secs]
179.312: Total time for which application threads were stopped: 0.0038901 seconds, Stopping threads took: 0.0000169 seconds
179.380: [GC (Allocation Failure)  401400K->81880K(1033216K), 0.0037839 secs]
179.384: Total time for which application threads were stopped: 0.0039467 seconds, Stopping threads took: 0.0000198 seconds
179.450: [GC (Allocation Failure)  400344K->82200K(1033216K), 0.0038298 secs]
179.454: Total time for which application threads were stopped: 0.0040014 seconds, Stopping threads took: 0.0000218 seconds
179.521: [GC (Allocation Failure)  400664K->89915K(1033216K), 0.0039309 secs]
179.525: Total time for which application threads were stopped: 0.0041093 seconds, Stopping threads took: 0.0000193 seconds
179.591: [GC (Allocation Failure)  408379K->89915K(1033216K), 0.0038806 secs]
179.595: Total time for which application threads were stopped: 0.0040340 seconds, Stopping threads took: 0.0000190 seconds
179.661: [GC (Allocation Failure)  408379K->90427K(1033216K), 0.0039300 secs]
179.665: Total time for which application threads were stopped: 0.0040881 seconds, Stopping threads took: 0.0000169 seconds
179.730: [GC (Allocation Failure)  408891K->97949K(1033216K), 0.0039664 secs]
179.734: Total time for which application threads were stopped: 0.0041466 seconds, Stopping threads took: 0.0000261 seconds
179.802: [GC (Allocation Failure)  416413K->97949K(1033216K), 0.0037427 secs]
179.806: Total time for which application threads were stopped: 0.0039187 seconds, Stopping threads took: 0.0000264 seconds
179.871: [GC (Allocation Failure)  416413K->98117K(1033216K), 0.0038426 secs]
179.875: Total time for which application threads were stopped: 0.0040362 seconds, Stopping threads took: 0.0000197 seconds
179.942: [GC (Allocation Failure)  416581K->106023K(1033216K), 0.0038333 secs]
179.946: Total time for which application threads were stopped: 0.0040030 seconds, Stopping threads took: 0.0000191 seconds
180.012: [GC (Allocation Failure)  424487K->105991K(1033216K), 0.0038728 secs]
180.016: Total time for which application threads were stopped: 0.0040390 seconds, Stopping threads took: 0.0000203 seconds
180.083: [GC (Allocation Failure)  424455K->106151K(1033216K), 0.0039143 secs]
180.087: Total time for which application threads were stopped: 0.0040921 seconds, Stopping threads took: 0.0000200 seconds
180.154: [GC (Allocation Failure)  424615K->114025K(1033216K), 0.0047087 secs]
180.158: Total time for which application threads were stopped: 0.0048842 seconds, Stopping threads took: 0.0000203 seconds
180.226: [GC (Allocation Failure)  432489K->114025K(1033216K), 0.0040230 secs]
180.230: Total time for which application threads were stopped: 0.0041871 seconds, Stopping threads took: 0.0000200 seconds
180.295: [GC (Allocation Failure)  432489K->114089K(1033216K), 0.0037738 secs]
180.299: Total time for which application threads were stopped: 0.0039427 seconds, Stopping threads took: 0.0000204 seconds
180.367: [GC (Allocation Failure)  432553K->122060K(1033216K), 0.0040098 secs]
180.371: Total time for which application threads were stopped: 0.0041769 seconds, Stopping threads took: 0.0000190 seconds
180.436: [GC (Allocation Failure)  440524K->122060K(1033216K), 0.0039107 secs]
180.440: Total time for which application threads were stopped: 0.0040794 seconds, Stopping threads took: 0.0000196 seconds
180.504: [GC (Allocation Failure)  440524K->122348K(1033216K), 0.0037521 secs]
180.508: Total time for which application threads were stopped: 0.0039160 seconds, Stopping threads took: 0.0000194 seconds
180.573: [GC (Allocation Failure)  440812K->130126K(1033216K), 0.0038049 secs]
180.577: Total time for which application threads were stopped: 0.0039626 seconds, Stopping threads took: 0.0000194 seconds
180.646: [GC (Allocation Failure)  448590K->130094K(1033216K), 0.0038876 secs]
180.650: Total time for which application threads were stopped: 0.0040557 seconds, Stopping threads took: 0.0000197 seconds
180.716: [GC (Allocation Failure)  448558K->130350K(1033216K), 0.0040533 secs]
180.720: Total time for which application threads were stopped: 0.0042272 seconds, Stopping threads took: 0.0000194 seconds
180.786: [GC (Allocation Failure)  448814K->138160K(1033216K), 0.0040694 secs]
180.790: Total time for which application threads were stopped: 0.0042389 seconds, Stopping threads took: 0.0000198 seconds
180.857: [GC (Allocation Failure)  456624K->134190K(1033216K), 0.0026641 secs]
180.859: Total time for which application threads were stopped: 0.0028331 seconds, Stopping threads took: 0.0000210 seconds
180.929: [GC (Allocation Failure)  452654K->138280K(1034240K), 0.0041157 secs]
180.933: Total time for which application threads were stopped: 0.0043040 seconds, Stopping threads took: 0.0000195 seconds
180.999: [GC (Allocation Failure)  458280K->142280K(1033728K), 0.0037960 secs]
181.003: Total time for which application threads were stopped: 0.0039601 seconds, Stopping threads took: 0.0000194 seconds
181.068: [GC (Allocation Failure)  462280K->149774K(1028096K), 0.0073340 secs]
181.075: Total time for which application threads were stopped: 0.0075009 seconds, Stopping threads took: 0.0000275 seconds
181.142: [GC (Allocation Failure)  464142K->143536K(1031168K), 0.0040382 secs]
181.146: Total time for which application threads were stopped: 0.0042108 seconds, Stopping threads took: 0.0000202 seconds
181.214: [GC (Allocation Failure)  457904K->143504K(1032192K), 0.0040309 secs]
181.218: Total time for which application threads were stopped: 0.0042126 seconds, Stopping threads took: 0.0000204 seconds
181.284: [GC (Allocation Failure)  459408K->144456K(1031680K), 0.0039354 secs]
181.288: Total time for which application threads were stopped: 0.0041040 seconds, Stopping threads took: 0.0000263 seconds
181.357: [GC (Allocation Failure)  460360K->151530K(1032704K), 0.0050208 secs]
181.362: Total time for which application threads were stopped: 0.0051547 seconds, Stopping threads took: 0.0000150 seconds
181.428: [GC (Allocation Failure)  468458K->151530K(1032192K), 0.0038966 secs]
181.432: Total time for which application threads were stopped: 0.0040657 seconds, Stopping threads took: 0.0000193 seconds
181.501: [GC (Allocation Failure)  468458K->155250K(1033216K), 0.0048955 secs]
181.506: Total time for which application threads were stopped: 0.0050614 seconds, Stopping threads took: 0.0000200 seconds
181.573: [GC (Allocation Failure)  473202K->159605K(1032704K), 0.0040392 secs]
181.577: Total time for which application threads were stopped: 0.0042272 seconds, Stopping threads took: 0.0000190 seconds
181.644: [GC (Allocation Failure)  477557K->159541K(1033728K), 0.0041369 secs]
181.648: Total time for which application threads were stopped: 0.0042989 seconds, Stopping threads took: 0.0000190 seconds
181.712: [GC (Allocation Failure)  479029K->163469K(1033728K), 0.0047612 secs]
181.717: Total time for which application threads were stopped: 0.0049312 seconds, Stopping threads took: 0.0000201 seconds
181.783: [GC (Allocation Failure)  482957K->167727K(1034240K), 0.0038966 secs]
181.787: Total time for which application threads were stopped: 0.0040766 seconds, Stopping threads took: 0.0000194 seconds
181.854: [GC (Allocation Failure)  488239K->167631K(1034240K), 0.0040636 secs]
181.858: Total time for which application threads were stopped: 0.0042290 seconds, Stopping threads took: 0.0000206 seconds
181.925: [GC (Allocation Failure)  488143K->168687K(1034240K), 0.0041403 secs]
181.929: Total time for which application threads were stopped: 0.0043023 seconds, Stopping threads took: 0.0000203 seconds
181.996: [GC (Allocation Failure)  489199K->175697K(1034240K), 0.0040179 secs]
182.000: Total time for which application threads were stopped: 0.0041746 seconds, Stopping threads took: 0.0000194 seconds
182.068: [GC (Allocation Failure)  496209K->175633K(1034240K), 0.0040001 secs]
182.072: Total time for which application threads were stopped: 0.0041605 seconds, Stopping threads took: 0.0000196 seconds
182.140: [GC (Allocation Failure)  496145K->178953K(1034240K), 0.0048203 secs]
182.145: Total time for which application threads were stopped: 0.0049922 seconds, Stopping threads took: 0.0000196 seconds
182.213: [GC (Allocation Failure)  499465K->183691K(1034752K), 0.0040919 secs]
182.217: Total time for which application threads were stopped: 0.0042617 seconds, Stopping threads took: 0.0000204 seconds
182.286: [GC (Allocation Failure)  505227K->183691K(1034752K), 0.0042587 secs]
182.290: Total time for which application threads were stopped: 0.0044313 seconds, Stopping threads took: 0.0000282 seconds
182.356: [GC (Allocation Failure)  505227K->187139K(1034752K), 0.0058569 secs]
182.362: Total time for which application threads were stopped: 0.0060113 seconds, Stopping threads took: 0.0000145 seconds
182.430: [GC (Allocation Failure)  508675K->191718K(1034752K), 0.0040698 secs]
182.435: Total time for which application threads were stopped: 0.0042501 seconds, Stopping threads took: 0.0000214 seconds
182.503: [GC (Allocation Failure)  513254K->191686K(1035264K), 0.0040076 secs]
182.507: Total time for which application threads were stopped: 0.0041899 seconds, Stopping threads took: 0.0000224 seconds
182.574: [GC (Allocation Failure)  513734K->192814K(1034752K), 0.0042700 secs]
182.578: Total time for which application threads were stopped: 0.0044502 seconds, Stopping threads took: 0.0000199 seconds
182.647: [GC (Allocation Failure)  514862K->199760K(1034752K), 0.0040733 secs]
182.651: Total time for which application threads were stopped: 0.0042385 seconds, Stopping threads took: 0.0000199 seconds
182.717: [GC (Allocation Failure)  521296K->199728K(1034752K), 0.0041489 secs]
182.721: Total time for which application threads were stopped: 0.0043148 seconds, Stopping threads took: 0.0000200 seconds
182.787: [GC (Allocation Failure)  521264K->202600K(1034752K), 0.0045645 secs]
182.792: Total time for which application threads were stopped: 0.0047367 seconds, Stopping threads took: 0.0000203 seconds
182.858: [GC (Allocation Failure)  524136K->207882K(1034752K), 0.0040439 secs]
182.863: Total time for which application threads were stopped: 0.0042185 seconds, Stopping threads took: 0.0000211 seconds
182.929: [GC (Allocation Failure)  529418K->207754K(1034752K), 0.0041130 secs]
182.933: Total time for which application threads were stopped: 0.0043049 seconds, Stopping threads took: 0.0000207 seconds
182.999: [GC (Allocation Failure)  529290K->211882K(1034752K), 0.0052426 secs]
183.005: Total time for which application threads were stopped: 0.0054117 seconds, Stopping threads took: 0.0000201 seconds
183.070: [GC (Allocation Failure)  533418K->215821K(1035264K), 0.0038895 secs]
183.074: Total time for which application threads were stopped: 0.0040829 seconds, Stopping threads took: 0.0000199 seconds
183.144: [GC (Allocation Failure)  538381K->215789K(1035264K), 0.0041245 secs]
183.148: Total time for which application threads were stopped: 0.0043147 seconds, Stopping threads took: 0.0000191 seconds
183.217: [GC (Allocation Failure)  538349K->219045K(1035264K), 0.0047203 secs]
183.222: Total time for which application threads were stopped: 0.0048712 seconds, Stopping threads took: 0.0000173 seconds
183.290: [GC (Allocation Failure)  541605K->223815K(1035264K), 0.0040780 secs]
183.294: Total time for which application threads were stopped: 0.0042517 seconds, Stopping threads took: 0.0000256 seconds
183.362: [GC (Allocation Failure)  546375K->223847K(1035264K), 0.0041468 secs]
183.366: Total time for which application threads were stopped: 0.0043063 seconds, Stopping threads took: 0.0000192 seconds
183.435: [GC (Allocation Failure)  546407K->227335K(1035264K), 0.0048717 secs]
183.440: Total time for which application threads were stopped: 0.0050388 seconds, Stopping threads took: 0.0000205 seconds
183.510: [GC (Allocation Failure)  549895K->231881K(1034752K), 0.0042463 secs]
183.515: Total time for which application threads were stopped: 0.0044166 seconds, Stopping threads took: 0.0000196 seconds
183.583: [GC (Allocation Failure)  554441K->231849K(1035264K), 0.0041016 secs]
183.587: Total time for which application threads were stopped: 0.0042641 seconds, Stopping threads took: 0.0000208 seconds
183.654: [GC (Allocation Failure)  554409K->235529K(1035776K), 0.0049366 secs]
183.659: Total time for which application threads were stopped: 0.0051034 seconds, Stopping threads took: 0.0000191 seconds
183.727: [GC (Allocation Failure)  559113K->239883K(1035776K), 0.0039416 secs]
183.731: Total time for which application threads were stopped: 0.0041034 seconds, Stopping threads took: 0.0000196 seconds
183.799: [GC (Allocation Failure)  563467K->239883K(1035776K), 0.0041012 secs]
183.804: Total time for which application threads were stopped: 0.0042789 seconds, Stopping threads took: 0.0000271 seconds
183.871: [GC (Allocation Failure)  563467K->242763K(1035776K), 0.0047198 secs]
183.876: Total time for which application threads were stopped: 0.0049166 seconds, Stopping threads took: 0.0000194 seconds
183.946: [GC (Allocation Failure)  566347K->247950K(1035776K), 0.0041856 secs]
183.950: Total time for which application threads were stopped: 0.0043563 seconds, Stopping threads took: 0.0000164 seconds
184.019: [GC (Allocation Failure)  571534K->247918K(1035776K), 0.0041161 secs]
184.024: Total time for which application threads were stopped: 0.0042862 seconds, Stopping threads took: 0.0000277 seconds
184.091: [GC (Allocation Failure)  571502K->241867K(1034752K), 0.0016611 secs]
184.093: Total time for which application threads were stopped: 0.0018012 seconds, Stopping threads took: 0.0000188 seconds
184.160: [GC (Allocation Failure)  564427K->247918K(1035264K), 0.0040838 secs]
184.164: Total time for which application threads were stopped: 0.0042506 seconds, Stopping threads took: 0.0000196 seconds
184.232: [GC (Allocation Failure)  570478K->247918K(1035264K), 0.0042476 secs]
184.237: Total time for which application threads were stopped: 0.0044072 seconds, Stopping threads took: 0.0000195 seconds
184.305: [GC (Allocation Failure)  570478K->246155K(1035264K), 0.0033170 secs]
184.308: Total time for which application threads were stopped: 0.0034857 seconds, Stopping threads took: 0.0000248 seconds
184.376: [GC (Allocation Failure)  568715K->248142K(1035264K), 0.0043670 secs]
184.381: Total time for which application threads were stopped: 0.0045511 seconds, Stopping threads took: 0.0000166 seconds
184.449: [GC (Allocation Failure)  571726K->247950K(1035776K), 0.0042617 secs]
184.453: Total time for which application threads were stopped: 0.0044316 seconds, Stopping threads took: 0.0000199 seconds
184.521: [GC (Allocation Failure)  571534K->252555K(1032704K), 0.0060578 secs]
184.527: Total time for which application threads were stopped: 0.0062302 seconds, Stopping threads took: 0.0000201 seconds
184.594: [GC (Allocation Failure)  573067K->248078K(1034240K), 0.0040236 secs]
184.598: Total time for which application threads were stopped: 0.0042207 seconds, Stopping threads took: 0.0000199 seconds
184.668: [GC (Allocation Failure)  568590K->247918K(1035264K), 0.0041009 secs]
184.672: Total time for which application threads were stopped: 0.0042537 seconds, Stopping threads took: 0.0000180 seconds
184.740: [GC (Allocation Failure)  569966K->252267K(1034240K), 0.0059052 secs]
184.746: Total time for which application threads were stopped: 0.0060759 seconds, Stopping threads took: 0.0000198 seconds
184.814: [GC (Allocation Failure)  574315K->248046K(1034240K), 0.0042328 secs]
184.818: Total time for which application threads were stopped: 0.0043966 seconds, Stopping threads took: 0.0000207 seconds
184.886: [GC (Allocation Failure)  568558K->247886K(1034240K), 0.0041441 secs]
184.890: Total time for which application threads were stopped: 0.0043038 seconds, Stopping threads took: 0.0000201 seconds
184.957: [GC (Allocation Failure)  568398K->251915K(1033216K), 0.0058218 secs]
184.963: Total time for which application threads were stopped: 0.0059910 seconds, Stopping threads took: 0.0000199 seconds
185.030: [GC (Allocation Failure)  572427K->247950K(1034240K), 0.0043126 secs]
185.035: Total time for which application threads were stopped: 0.0044757 seconds, Stopping threads took: 0.0000205 seconds
185.105: [GC (Allocation Failure)  568462K->247950K(1035264K), 0.0041654 secs]
185.109: Total time for which application threads were stopped: 0.0043283 seconds, Stopping threads took: 0.0000198 seconds
185.177: [GC (Allocation Failure)  569998K->251627K(1033216K), 0.0055710 secs]
185.182: Total time for which application threads were stopped: 0.0057642 seconds, Stopping threads took: 0.0000194 seconds
185.251: [GC (Allocation Failure)  573675K->248174K(1034752K), 0.0041281 secs]
185.255: Total time for which application threads were stopped: 0.0042989 seconds, Stopping threads took: 0.0000257 seconds
185.322: [GC (Allocation Failure)  569198K->247950K(1034240K), 0.0041381 secs]
185.326: Total time for which application threads were stopped: 0.0042863 seconds, Stopping threads took: 0.0000172 seconds
185.392: [GC (Allocation Failure)  568974K->252299K(1033216K), 0.0060655 secs]
185.398: Total time for which application threads were stopped: 0.0062219 seconds, Stopping threads took: 0.0000166 seconds
185.465: [GC (Allocation Failure)  572811K->248142K(1034240K), 0.0040689 secs]
185.469: Total time for which application threads were stopped: 0.0042375 seconds, Stopping threads took: 0.0000174 seconds
185.539: [GC (Allocation Failure)  568654K->247918K(1034752K), 0.0040355 secs]
185.543: Total time for which application threads were stopped: 0.0042268 seconds, Stopping threads took: 0.0000199 seconds
185.610: [GC (Allocation Failure)  569454K->251499K(1032704K), 0.0054941 secs]
185.616: Total time for which application threads were stopped: 0.0056759 seconds, Stopping threads took: 0.0000167 seconds
185.683: [GC (Allocation Failure)  573035K->248046K(1034752K), 0.0040913 secs]
185.687: Total time for which application threads were stopped: 0.0042858 seconds, Stopping threads took: 0.0000197 seconds
185.756: [GC (Allocation Failure)  569070K->247950K(1034240K), 0.0039179 secs]
185.760: Total time for which application threads were stopped: 0.0040817 seconds, Stopping threads took: 0.0000251 seconds
185.828: [GC (Allocation Failure)  568974K->251691K(1033728K), 0.0055568 secs]
185.833: Total time for which application threads were stopped: 0.0057238 seconds, Stopping threads took: 0.0000187 seconds
185.900: [GC (Allocation Failure)  572203K->247982K(1034240K), 0.0040454 secs]
185.904: Total time for which application threads were stopped: 0.0042041 seconds, Stopping threads took: 0.0000197 seconds
185.971: [GC (Allocation Failure)  568494K->247918K(1034752K), 0.0039992 secs]
185.975: Total time for which application threads were stopped: 0.0041602 seconds, Stopping threads took: 0.0000199 seconds
186.040: [GC (Allocation Failure)  569454K->250891K(1034752K), 0.0054618 secs]
186.046: Total time for which application threads were stopped: 0.0056411 seconds, Stopping threads took: 0.0000198 seconds
186.116: [GC (Allocation Failure)  572427K->247950K(1034752K), 0.0041740 secs]
186.120: Total time for which application threads were stopped: 0.0043451 seconds, Stopping threads took: 0.0000198 seconds
186.186: [GC (Allocation Failure)  569486K->247950K(1034752K), 0.0041360 secs]
186.190: Total time for which application threads were stopped: 0.0043179 seconds, Stopping threads took: 0.0000212 seconds
186.256: [GC (Allocation Failure)  569486K->252075K(1033216K), 0.0057839 secs]
186.262: Total time for which application threads were stopped: 0.0059505 seconds, Stopping threads took: 0.0000263 seconds
186.331: [GC (Allocation Failure)  572587K->248110K(1034240K), 0.0130066 secs]
186.344: Total time for which application threads were stopped: 0.0131973 seconds, Stopping threads took: 0.0000197 seconds
186.413: [GC (Allocation Failure)  568622K->247918K(1034752K), 0.0040828 secs]
186.417: Total time for which application threads were stopped: 0.0042436 seconds, Stopping threads took: 0.0000199 seconds
186.482: [GC (Allocation Failure)  569454K->251243K(1032704K), 0.0053989 secs]
186.488: Total time for which application threads were stopped: 0.0055977 seconds, Stopping threads took: 0.0000272 seconds
186.557: [GC (Allocation Failure)  572779K->248078K(1034752K), 0.0043348 secs]
186.562: Total time for which application threads were stopped: 0.0045030 seconds, Stopping threads took: 0.0000194 seconds
186.631: [GC (Allocation Failure)  569102K->247950K(1034240K), 0.0040803 secs]
186.635: Total time for which application threads were stopped: 0.0042504 seconds, Stopping threads took: 0.0000194 seconds
186.703: [GC (Allocation Failure)  568974K->251467K(1033728K), 0.0056481 secs]
186.708: Total time for which application threads were stopped: 0.0058182 seconds, Stopping threads took: 0.0000192 seconds
186.775: [GC (Allocation Failure)  571979K->248046K(1034240K), 0.0041383 secs]
186.780: Total time for which application threads were stopped: 0.0043098 seconds, Stopping threads took: 0.0000287 seconds
186.848: [GC (Allocation Failure)  568558K->247918K(1034752K), 0.0041465 secs]
186.852: Total time for which application threads were stopped: 0.0043064 seconds, Stopping threads took: 0.0000197 seconds
186.917: [GC (Allocation Failure)  569454K->250635K(1034752K), 0.0067945 secs]
186.924: Total time for which application threads were stopped: 0.0069654 seconds, Stopping threads took: 0.0000206 seconds
186.992: [GC (Allocation Failure)  572171K->247982K(1034752K), 0.0042766 secs]
186.997: Total time for which application threads were stopped: 0.0044434 seconds, Stopping threads took: 0.0000216 seconds
187.064: [GC (Allocation Failure)  569518K->247982K(1034752K), 0.0043757 secs]
187.069: Total time for which application threads were stopped: 0.0045585 seconds, Stopping threads took: 0.0000204 seconds
187.134: [GC (Allocation Failure)  569518K->251883K(1034240K), 0.0056775 secs]
187.140: Total time for which application threads were stopped: 0.0058499 seconds, Stopping threads took: 0.0000202 seconds
187.206: [GC (Allocation Failure)  573419K->247918K(1034752K), 0.0064533 secs]
187.212: Total time for which application threads were stopped: 0.0066252 seconds, Stopping threads took: 0.0000201 seconds
187.280: [GC (Allocation Failure)  569454K->247918K(1034752K), 0.0042403 secs]
187.284: Total time for which application threads were stopped: 0.0044151 seconds, Stopping threads took: 0.0000254 seconds
187.352: [GC (Allocation Failure)  569454K->253067K(1034240K), 0.0085242 secs]
187.360: Total time for which application threads were stopped: 0.0086916 seconds, Stopping threads took: 0.0000262 seconds
187.426: [GC (Allocation Failure)  574603K->248110K(1034240K), 0.0042935 secs]
187.431: Total time for which application threads were stopped: 0.0044552 seconds, Stopping threads took: 0.0000195 seconds
187.498: [GC (Allocation Failure)  568622K->247950K(1034240K), 0.0041844 secs]
187.502: Total time for which application threads were stopped: 0.0043418 seconds, Stopping threads took: 0.0000171 seconds
187.570: [GC (Allocation Failure)  568462K->252267K(1033216K), 0.0058404 secs]
187.575: Total time for which application threads were stopped: 0.0060067 seconds, Stopping threads took: 0.0000194 seconds
187.644: [GC (Allocation Failure)  571755K->248078K(1033728K), 0.0042284 secs]
187.648: Total time for which application threads were stopped: 0.0044038 seconds, Stopping threads took: 0.0000205 seconds
187.715: [GC (Allocation Failure)  567566K->247918K(1034240K), 0.0043624 secs]
187.720: Total time for which application threads were stopped: 0.0045306 seconds, Stopping threads took: 0.0000216 seconds
187.785: [GC (Allocation Failure)  568430K->248363K(1034240K), 0.0044799 secs]
187.790: Total time for which application threads were stopped: 0.0046485 seconds, Stopping threads took: 0.0000264 seconds
187.859: [GC (Allocation Failure)  568875K->248014K(1034752K), 0.0041291 secs]
187.863: Total time for which application threads were stopped: 0.0043004 seconds, Stopping threads took: 0.0000196 seconds
187.931: [GC (Allocation Failure)  569550K->247918K(1034752K), 0.0040716 secs]
187.935: Total time for which application threads were stopped: 0.0042404 seconds, Stopping threads took: 0.0000198 seconds
188.001: [GC (Allocation Failure)  569454K->248555K(1035264K), 0.0075281 secs]
188.008: Total time for which application threads were stopped: 0.0077091 seconds, Stopping threads took: 0.0000208 seconds
188.077: [GC (Allocation Failure)  571115K->247982K(1035264K), 0.0042846 secs]
188.081: Total time for which application threads were stopped: 0.0044788 seconds, Stopping threads took: 0.0000201 seconds
188.152: [GC (Allocation Failure)  570542K->247886K(1035776K), 0.0039369 secs]
188.156: Total time for which application threads were stopped: 0.0040976 seconds, Stopping threads took: 0.0000190 seconds
188.222: [GC (Allocation Failure)  571470K->253867K(1035776K), 0.0090755 secs]
188.232: Total time for which application threads were stopped: 0.0092460 seconds, Stopping threads took: 0.0000195 seconds
188.301: [GC (Allocation Failure)  577451K->249390K(1033728K), 0.0043357 secs]
188.306: Total time for which application threads were stopped: 0.0045096 seconds, Stopping threads took: 0.0000282 seconds
188.374: [GC (Allocation Failure)  570926K->249166K(1034752K), 0.0039168 secs]
188.378: Total time for which application threads were stopped: 0.0041086 seconds, Stopping threads took: 0.0000203 seconds
188.444: [GC (Allocation Failure)  570702K->241995K(1032704K), 0.0013808 secs]
188.446: Total time for which application threads were stopped: 0.0015000 seconds, Stopping threads took: 0.0000174 seconds
188.513: [GC (Allocation Failure)  561483K->249382K(1033728K), 0.0041284 secs]
188.517: Total time for which application threads were stopped: 0.0042954 seconds, Stopping threads took: 0.0000218 seconds
188.584: [GC (Allocation Failure)  568870K->253278K(1034752K), 0.0052243 secs]
188.589: Total time for which application threads were stopped: 0.0053823 seconds, Stopping threads took: 0.0000194 seconds
188.654: [GC (Allocation Failure)  574302K->259115K(1034240K), 0.0066408 secs]
188.661: Total time for which application threads were stopped: 0.0068044 seconds, Stopping threads took: 0.0000190 seconds
188.728: [GC (Allocation Failure)  580139K->253502K(1033216K), 0.0044316 secs]
188.733: Total time for which application threads were stopped: 0.0046259 seconds, Stopping threads took: 0.0000202 seconds
188.799: [GC (Allocation Failure)  572990K->253374K(1033728K), 0.0041036 secs]
188.803: Total time for which application threads were stopped: 0.0043037 seconds, Stopping threads took: 0.0000216 seconds
188.867: [GC (Allocation Failure)  572862K->255867K(1034240K), 0.0054112 secs]
188.873: Total time for which application threads were stopped: 0.0056030 seconds, Stopping threads took: 0.0000212 seconds
188.940: [GC (Allocation Failure)  576379K->253470K(1034240K), 0.0040378 secs]
188.944: Total time for which application threads were stopped: 0.0042119 seconds, Stopping threads took: 0.0000204 seconds
189.011: [GC (Allocation Failure)  573982K->253374K(1034752K), 0.0065871 secs]
189.018: Total time for which application threads were stopped: 0.0067604 seconds, Stopping threads took: 0.0000207 seconds
189.084: [GC (Allocation Failure)  574910K->255035K(1034752K), 0.0050110 secs]
189.089: Total time for which application threads were stopped: 0.0051915 seconds, Stopping threads took: 0.0000217 seconds
189.156: [GC (Allocation Failure)  576571K->253406K(1035264K), 0.0067028 secs]
189.163: Total time for which application threads were stopped: 0.0068727 seconds, Stopping threads took: 0.0000209 seconds
189.232: [GC (Allocation Failure)  575966K->253374K(1035264K), 0.0042054 secs]
189.237: Total time for which application threads were stopped: 0.0043923 seconds, Stopping threads took: 0.0000220 seconds
189.306: [GC (Allocation Failure)  575934K->258267K(1032704K), 0.0060613 secs]
189.312: Total time for which application threads were stopped: 0.0062497 seconds, Stopping threads took: 0.0000249 seconds
189.381: [GC (Allocation Failure)  578779K->253758K(1034240K), 0.0042977 secs]
189.385: Total time for which application threads were stopped: 0.0044567 seconds, Stopping threads took: 0.0000191 seconds
189.454: [GC (Allocation Failure)  574270K->253566K(1035264K), 0.0040959 secs]
189.458: Total time for which application threads were stopped: 0.0042580 seconds, Stopping threads took: 0.0000197 seconds
189.526: [GC (Allocation Failure)  575614K->258171K(1034240K), 0.0058569 secs]
189.532: Total time for which application threads were stopped: 0.0060319 seconds, Stopping threads took: 0.0000187 seconds
189.602: [GC (Allocation Failure)  580219K->253726K(1034240K), 0.0043722 secs]
189.606: Total time for which application threads were stopped: 0.0045420 seconds, Stopping threads took: 0.0000198 seconds
189.674: [GC (Allocation Failure)  574238K->253534K(1034240K), 0.0040158 secs]
189.678: Total time for which application threads were stopped: 0.0041946 seconds, Stopping threads took: 0.0000203 seconds
189.746: [GC (Allocation Failure)  574046K->257819K(1032704K), 0.0058972 secs]
189.752: Total time for which application threads were stopped: 0.0060673 seconds, Stopping threads took: 0.0000193 seconds
189.819: [GC (Allocation Failure)  577307K->253694K(1033728K), 0.0043340 secs]
189.823: Total time for which application threads were stopped: 0.0044951 seconds, Stopping threads took: 0.0000201 seconds
189.890: [GC (Allocation Failure)  573182K->253566K(1034752K), 0.0042146 secs]
189.895: Total time for which application threads were stopped: 0.0043774 seconds, Stopping threads took: 0.0000197 seconds
189.961: [GC (Allocation Failure)  574590K->254491K(1034240K), 0.0045506 secs]
189.966: Total time for which application threads were stopped: 0.0047401 seconds, Stopping threads took: 0.0000284 seconds
190.034: [GC (Allocation Failure)  575515K->253630K(1035264K), 0.0039770 secs]
190.038: Total time for which application threads were stopped: 0.0041959 seconds, Stopping threads took: 0.0000390 seconds
190.106: [GC (Allocation Failure)  575678K->253534K(1034752K), 0.0043428 secs]
190.110: Total time for which application threads were stopped: 0.0045022 seconds, Stopping threads took: 0.0000194 seconds
190.178: [GC (Allocation Failure)  575582K->256219K(1035264K), 0.0052304 secs]
190.183: Total time for which application threads were stopped: 0.0054012 seconds, Stopping threads took: 0.0000194 seconds
190.251: [GC (Allocation Failure)  578779K->253566K(1035264K), 0.0040372 secs]
190.255: Total time for which application threads were stopped: 0.0041854 seconds, Stopping threads took: 0.0000248 seconds
190.323: [GC (Allocation Failure)  576126K->253534K(1035776K), 0.0041476 secs]
190.327: Total time for which application threads were stopped: 0.0043152 seconds, Stopping threads took: 0.0000194 seconds
190.396: [GC (Allocation Failure)  576606K->260987K(1035264K), 0.0075430 secs]
190.404: Total time for which application threads were stopped: 0.0077096 seconds, Stopping threads took: 0.0000193 seconds
190.472: [GC (Allocation Failure)  584059K->256510K(1032192K), 0.0041693 secs]
190.477: Total time for which application threads were stopped: 0.0043293 seconds, Stopping threads took: 0.0000190 seconds
190.544: [GC (Allocation Failure)  575998K->256254K(1033728K), 0.0041177 secs]
190.548: Total time for which application threads were stopped: 0.0043138 seconds, Stopping threads took: 0.0000250 seconds
190.615: [GC (Allocation Failure)  575742K->262427K(1031168K), 0.0067411 secs]
190.622: Total time for which application threads were stopped: 0.0069222 seconds, Stopping threads took: 0.0000278 seconds
190.689: [GC (Allocation Failure)  579867K->256414K(1032704K), 0.0040559 secs]
190.693: Total time for which application threads were stopped: 0.0042287 seconds, Stopping threads took: 0.0000196 seconds
190.760: [GC (Allocation Failure)  573854K->256286K(1033216K), 0.0041645 secs]
190.765: Total time for which application threads were stopped: 0.0043266 seconds, Stopping threads took: 0.0000275 seconds
190.831: [GC (Allocation Failure)  574750K->252347K(1033216K), 0.0026287 secs]
190.834: Total time for which application threads were stopped: 0.0027910 seconds, Stopping threads took: 0.0000252 seconds
190.900: [GC (Allocation Failure)  570811K->256382K(1033728K), 0.0042619 secs]
190.904: Total time for which application threads were stopped: 0.0044530 seconds, Stopping threads took: 0.0000199 seconds
190.971: [GC (Allocation Failure)  575358K->256254K(1033216K), 0.0041909 secs]
190.975: Total time for which application threads were stopped: 0.0043639 seconds, Stopping threads took: 0.0000207 seconds
191.042: [GC (Allocation Failure)  575230K->257542K(1032704K), 0.0043684 secs]
191.046: Total time for which application threads were stopped: 0.0045311 seconds, Stopping threads took: 0.0000206 seconds
191.115: [GC (Allocation Failure)  576006K->264328K(1033216K), 0.0042542 secs]
191.119: Total time for which application threads were stopped: 0.0044143 seconds, Stopping threads took: 0.0000201 seconds
191.186: [GC (Allocation Failure)  582792K->264296K(1034752K), 0.0043668 secs]
191.191: Total time for which application threads were stopped: 0.0045283 seconds, Stopping threads took: 0.0000194 seconds
191.258: [GC (Allocation Failure)  584808K->267816K(1033728K), 0.0054346 secs]
191.264: Total time for which application threads were stopped: 0.0055954 seconds, Stopping threads took: 0.0000196 seconds
191.331: [GC (Allocation Failure)  588328K->272330K(1034752K), 0.0076897 secs]
191.339: Total time for which application threads were stopped: 0.0078383 seconds, Stopping threads took: 0.0000204 seconds
191.407: [GC (Allocation Failure)  593354K->272362K(1034240K), 0.0043027 secs]
191.411: Total time for which application threads were stopped: 0.0044732 seconds, Stopping threads took: 0.0000200 seconds
191.477: [GC (Allocation Failure)  593386K->275042K(1034240K), 0.0047376 secs]
191.482: Total time for which application threads were stopped: 0.0049117 seconds, Stopping threads took: 0.0000206 seconds
191.549: [GC (Allocation Failure)  596578K->280420K(1034752K), 0.0042405 secs]
191.554: Total time for which application threads were stopped: 0.0044065 seconds, Stopping threads took: 0.0000196 seconds
191.623: [GC (Allocation Failure)  601956K->280388K(1035264K), 0.0041389 secs]
191.627: Total time for which application threads were stopped: 0.0043068 seconds, Stopping threads took: 0.0000209 seconds
191.694: [GC (Allocation Failure)  602948K->281188K(1022976K), 0.0045373 secs]
191.699: Total time for which application threads were stopped: 0.0047204 seconds, Stopping threads took: 0.0000201 seconds
191.766: [GC (Allocation Failure)  603748K->288423K(1035264K), 0.0040790 secs]
191.771: Total time for which application threads were stopped: 0.0042431 seconds, Stopping threads took: 0.0000267 seconds
191.838: [GC (Allocation Failure)  610471K->288391K(1034752K), 0.0042080 secs]
191.842: Total time for which application threads were stopped: 0.0043777 seconds, Stopping threads took: 0.0000249 seconds
191.910: [GC (Allocation Failure)  610439K->292519K(1035264K), 0.0050549 secs]
191.915: Total time for which application threads were stopped: 0.0052482 seconds, Stopping threads took: 0.0000201 seconds
191.984: [GC (Allocation Failure)  615079K->296553K(1035264K), 0.0039644 secs]
191.988: Total time for which application threads were stopped: 0.0041334 seconds, Stopping threads took: 0.0000168 seconds
192.056: [GC (Allocation Failure)  619113K->296457K(1035776K), 0.0043905 secs]
192.060: Total time for which application threads were stopped: 0.0045851 seconds, Stopping threads took: 0.0000199 seconds
192.130: [GC (Allocation Failure)  619529K->289095K(1035264K), 0.0014670 secs]
192.131: Total time for which application threads were stopped: 0.0015960 seconds, Stopping threads took: 0.0000193 seconds
192.198: [GC (Allocation Failure)  612167K->296425K(1035264K), 0.0043881 secs]
192.202: Total time for which application threads were stopped: 0.0045589 seconds, Stopping threads took: 0.0000217 seconds
192.270: [GC (Allocation Failure)  618985K->296457K(1035264K), 0.0041140 secs]
192.274: Total time for which application threads were stopped: 0.0042903 seconds, Stopping threads took: 0.0000265 seconds
192.343: [GC (Allocation Failure)  619017K->293927K(1035776K), 0.0108084 secs]
192.354: Total time for which application threads were stopped: 0.0110046 seconds, Stopping threads took: 0.0000193 seconds
192.423: [GC (Allocation Failure)  616999K->296649K(1035264K), 0.0042463 secs]
192.427: Total time for which application threads were stopped: 0.0044369 seconds, Stopping threads took: 0.0000195 seconds
192.496: [GC (Allocation Failure)  619721K->296425K(1035776K), 0.0042225 secs]
192.500: Total time for which application threads were stopped: 0.0043842 seconds, Stopping threads took: 0.0000192 seconds
192.568: [GC (Allocation Failure)  620009K->300295K(1035264K), 0.0057195 secs]
192.574: Total time for which application threads were stopped: 0.0058931 seconds, Stopping threads took: 0.0000276 seconds
192.641: [GC (Allocation Failure)  623879K->296585K(1034240K), 0.0042316 secs]
192.646: Total time for which application threads were stopped: 0.0044197 seconds, Stopping threads took: 0.0000245 seconds
192.715: [GC (Allocation Failure)  618121K->296457K(1034752K), 0.0043436 secs]
192.719: Total time for which application threads were stopped: 0.0045024 seconds, Stopping threads took: 0.0000196 seconds
192.785: [GC (Allocation Failure)  617993K->303527K(1030144K), 0.0075600 secs]
192.793: Total time for which application threads were stopped: 0.0077473 seconds, Stopping threads took: 0.0000197 seconds
192.859: [GC (Allocation Failure)  620967K->298409K(1032704K), 0.0044947 secs]
192.864: Total time for which application threads were stopped: 0.0046654 seconds, Stopping threads took: 0.0000194 seconds
192.931: [GC (Allocation Failure)  615849K->298249K(1034240K), 0.0040205 secs]
192.935: Total time for which application threads were stopped: 0.0041830 seconds, Stopping threads took: 0.0000197 seconds
193.000: [GC (Allocation Failure)  618249K->296935K(1033728K), 0.0037641 secs]
193.004: Total time for which application threads were stopped: 0.0039323 seconds, Stopping threads took: 0.0000196 seconds
193.069: [GC (Allocation Failure)  616935K->298345K(1035264K), 0.0044733 secs]
193.074: Total time for which application threads were stopped: 0.0046419 seconds, Stopping threads took: 0.0000193 seconds
193.142: [GC (Allocation Failure)  620393K->298281K(1034752K), 0.0041094 secs]
193.146: Total time for which application threads were stopped: 0.0043152 seconds, Stopping threads took: 0.0000195 seconds
193.216: [GC (Allocation Failure)  620329K->297607K(1035776K), 0.0038409 secs]
193.220: Total time for which application threads were stopped: 0.0040320 seconds, Stopping threads took: 0.0000191 seconds
193.289: [GC (Allocation Failure)  621191K->298281K(1035776K), 0.0042909 secs]
193.294: Total time for which application threads were stopped: 0.0044663 seconds, Stopping threads took: 0.0000259 seconds
193.363: [GC (Allocation Failure)  621865K->298281K(1036800K), 0.0041105 secs]
193.367: Total time for which application threads were stopped: 0.0042779 seconds, Stopping threads took: 0.0000194 seconds
193.434: [GC (Allocation Failure)  623401K->306503K(1036288K), 0.0082765 secs]
193.442: Total time for which application threads were stopped: 0.0084387 seconds, Stopping threads took: 0.0000265 seconds
193.510: [GC (Allocation Failure)  631623K->302985K(1032192K), 0.0044471 secs]
193.515: Total time for which application threads were stopped: 0.0046150 seconds, Stopping threads took: 0.0000195 seconds
193.585: [GC (Allocation Failure)  623497K->302793K(1034240K), 0.0045528 secs]
193.589: Total time for which application threads were stopped: 0.0047234 seconds, Stopping threads took: 0.0000199 seconds
193.657: [GC (Allocation Failure)  623305K->297415K(1033728K), 0.0022201 secs]
193.659: Total time for which application threads were stopped: 0.0023660 seconds, Stopping threads took: 0.0000192 seconds
193.726: [GC (Allocation Failure)  617927K->303017K(1034240K), 0.0041676 secs]
193.731: Total time for which application threads were stopped: 0.0043332 seconds, Stopping threads took: 0.0000201 seconds
193.799: [GC (Allocation Failure)  623529K->306937K(1034752K), 0.0043337 secs]
193.803: Total time for which application threads were stopped: 0.0044980 seconds, Stopping threads took: 0.0000288 seconds
193.870: [GC (Allocation Failure)  627961K->300215K(1034240K), 0.0015429 secs]
193.871: Total time for which application threads were stopped: 0.0016874 seconds, Stopping threads took: 0.0000196 seconds
193.942: [GC (Allocation Failure)  621239K->307073K(1035264K), 0.0042985 secs]
193.946: Total time for which application threads were stopped: 0.0044503 seconds, Stopping threads took: 0.0000249 seconds
194.014: [GC (Allocation Failure)  628609K->311081K(1034240K), 0.0050554 secs]
194.019: Total time for which application threads were stopped: 0.0052334 seconds, Stopping threads took: 0.0000210 seconds
194.085: [GC (Allocation Failure)  632617K->305063K(1034240K), 0.0020484 secs]
194.087: Total time for which application threads were stopped: 0.0022037 seconds, Stopping threads took: 0.0000196 seconds
194.154: [GC (Allocation Failure)  626599K->311161K(1034752K), 0.0042747 secs]
194.159: Total time for which application threads were stopped: 0.0044458 seconds, Stopping threads took: 0.0000204 seconds
194.224: [GC (Allocation Failure)  632697K->315225K(1035776K), 0.0047361 secs]
194.229: Total time for which application threads were stopped: 0.0049056 seconds, Stopping threads took: 0.0000202 seconds
194.297: [GC (Allocation Failure)  638809K->311319K(1035776K), 0.0031054 secs]
194.300: Total time for which application threads were stopped: 0.0032704 seconds, Stopping threads took: 0.0000195 seconds
194.369: [GC (Allocation Failure)  634903K->315393K(1035776K), 0.0043682 secs]
194.374: Total time for which application threads were stopped: 0.0045286 seconds, Stopping threads took: 0.0000187 seconds
194.441: [GC (Allocation Failure)  638977K->319361K(1035776K), 0.0048859 secs]
194.446: Total time for which application threads were stopped: 0.0050549 seconds, Stopping threads took: 0.0000187 seconds
194.514: [GC (Allocation Failure)  642945K->319393K(1035776K), 0.0041687 secs]
194.518: Total time for which application threads were stopped: 0.0043253 seconds, Stopping threads took: 0.0000195 seconds
194.583: [GC (Allocation Failure)  642977K->319433K(1023488K), 0.0041840 secs]
194.588: Total time for which application threads were stopped: 0.0043533 seconds, Stopping threads took: 0.0000191 seconds
194.654: [GC (Allocation Failure)  643017K->327403K(1035264K), 0.0051021 secs]
194.659: Total time for which application threads were stopped: 0.0052629 seconds, Stopping threads took: 0.0000199 seconds
194.727: [GC (Allocation Failure)  649963K->327403K(1035264K), 0.0044354 secs]
194.731: Total time for which application threads were stopped: 0.0046131 seconds, Stopping threads took: 0.0000200 seconds
194.800: [GC (Allocation Failure)  649963K->327467K(1034240K), 0.0041955 secs]
194.804: Total time for which application threads were stopped: 0.0043717 seconds, Stopping threads took: 0.0000275 seconds
194.871: [GC (Allocation Failure)  649003K->335437K(1034752K), 0.0044568 secs]
194.875: Total time for which application threads were stopped: 0.0046256 seconds, Stopping threads took: 0.0000193 seconds
194.942: [GC (Allocation Failure)  656973K->335437K(1034752K), 0.0042207 secs]
194.947: Total time for which application threads were stopped: 0.0043744 seconds, Stopping threads took: 0.0000199 seconds
195.013: [GC (Allocation Failure)  656973K->335693K(1034752K), 0.0043201 secs]
195.017: Total time for which application threads were stopped: 0.0044817 seconds, Stopping threads took: 0.0000205 seconds
195.084: [GC (Allocation Failure)  657229K->343472K(1033728K), 0.0045322 secs]
195.089: Total time for which application threads were stopped: 0.0047062 seconds, Stopping threads took: 0.0000199 seconds
195.156: [GC (Allocation Failure)  663984K->343504K(1034240K), 0.0040435 secs]
195.161: Total time for which application threads were stopped: 0.0042083 seconds, Stopping threads took: 0.0000203 seconds
195.227: [GC (Allocation Failure)  664016K->343912K(1034240K), 0.0044007 secs]
195.231: Total time for which application threads were stopped: 0.0045729 seconds, Stopping threads took: 0.0000199 seconds
195.298: [GC (Allocation Failure)  664424K->351498K(1034240K), 0.0043068 secs]
195.303: Total time for which application threads were stopped: 0.0044929 seconds, Stopping threads took: 0.0000257 seconds
195.370: [GC (Allocation Failure)  672010K->351498K(1034240K), 0.0042340 secs]
195.375: Total time for which application threads were stopped: 0.0044270 seconds, Stopping threads took: 0.0000194 seconds
195.443: [GC (Allocation Failure)  672010K->351626K(1020416K), 0.0043685 secs]
195.448: Total time for which application threads were stopped: 0.0045214 seconds, Stopping threads took: 0.0000180 seconds
195.515: [GC (Allocation Failure)  672138K->359564K(1033728K), 0.0043159 secs]
195.519: Total time for which application threads were stopped: 0.0044831 seconds, Stopping threads took: 0.0000200 seconds
195.586: [GC (Allocation Failure)  679052K->359532K(1033728K), 0.0042666 secs]
195.591: Total time for which application threads were stopped: 0.0044361 seconds, Stopping threads took: 0.0000281 seconds
195.656: [GC (Allocation Failure)  679020K->359596K(1033728K), 0.0042113 secs]
195.660: Total time for which application threads were stopped: 0.0044042 seconds, Stopping threads took: 0.0000200 seconds
195.728: [GC (Allocation Failure)  679084K->367534K(1033728K), 0.0045004 secs]
195.733: Total time for which application threads were stopped: 0.0046577 seconds, Stopping threads took: 0.0000167 seconds
195.799: [GC (Allocation Failure)  687022K->367566K(1033728K), 0.0043685 secs]
195.803: Total time for which application threads were stopped: 0.0045437 seconds, Stopping threads took: 0.0000273 seconds
195.870: [GC (Allocation Failure)  687054K->367814K(1033728K), 0.0043436 secs]
195.874: Total time for which application threads were stopped: 0.0045142 seconds, Stopping threads took: 0.0000203 seconds
195.939: [GC (Allocation Failure)  687302K->375593K(1033728K), 0.0044335 secs]
195.944: Total time for which application threads were stopped: 0.0046252 seconds, Stopping threads took: 0.0000194 seconds
196.010: [GC (Allocation Failure)  695080K->371686K(1033728K), 0.0031766 secs]
196.014: Total time for which application threads were stopped: 0.0033686 seconds, Stopping threads took: 0.0000270 seconds
196.082: [GC (Allocation Failure)  691174K->375753K(1034752K), 0.0043514 secs]
196.087: Total time for which application threads were stopped: 0.0045406 seconds, Stopping threads took: 0.0000189 seconds
196.156: [GC (Allocation Failure)  696777K->379721K(1034240K), 0.0043312 secs]
196.160: Total time for which application threads were stopped: 0.0044987 seconds, Stopping threads took: 0.0000194 seconds
196.225: [GC (Allocation Failure)  700745K->373990K(1034752K), 0.0025036 secs]
196.228: Total time for which application threads were stopped: 0.0026549 seconds, Stopping threads took: 0.0000198 seconds
196.295: [GC (Allocation Failure)  695526K->379817K(1034752K), 0.0043245 secs]
196.300: Total time for which application threads were stopped: 0.0045015 seconds, Stopping threads took: 0.0000281 seconds
196.366: [GC (Allocation Failure)  701353K->383865K(1035264K), 0.0048463 secs]
196.371: Total time for which application threads were stopped: 0.0050080 seconds, Stopping threads took: 0.0000196 seconds
196.438: [GC (Allocation Failure)  706163K->379990K(1035264K), 0.0030025 secs]
196.441: Total time for which application threads were stopped: 0.0031900 seconds, Stopping threads took: 0.0000195 seconds
196.510: [GC (Allocation Failure)  702550K->383993K(1036288K), 0.0045301 secs]
196.515: Total time for which application threads were stopped: 0.0046811 seconds, Stopping threads took: 0.0000177 seconds
196.583: [GC (Allocation Failure)  708089K->387961K(1035776K), 0.0044466 secs]
196.587: Total time for which application threads were stopped: 0.0046378 seconds, Stopping threads took: 0.0000199 seconds
196.656: [GC (Allocation Failure)  712057K->387993K(1035776K), 0.0043284 secs]
196.660: Total time for which application threads were stopped: 0.0045003 seconds, Stopping threads took: 0.0000203 seconds
196.728: [GC (Allocation Failure)  711577K->388057K(1023488K), 0.0046017 secs]
196.732: Total time for which application threads were stopped: 0.0048037 seconds, Stopping threads took: 0.0000214 seconds
196.805: [GC (Allocation Failure)  711641K->396091K(1035264K), 0.0043174 secs]
196.809: Total time for which application threads were stopped: 0.0045058 seconds, Stopping threads took: 0.0000189 seconds
196.878: [GC (Allocation Failure)  718651K->395995K(1030144K), 0.0042491 secs]
196.882: Total time for which application threads were stopped: 0.0044242 seconds, Stopping threads took: 0.0000258 seconds
196.949: [GC (Allocation Failure)  718555K->396091K(1034752K), 0.0043968 secs]
196.953: Total time for which application threads were stopped: 0.0045559 seconds, Stopping threads took: 0.0000193 seconds
197.020: [GC (Allocation Failure)  717627K->404061K(1029120K), 0.0045567 secs]
197.025: Total time for which application threads were stopped: 0.0047214 seconds, Stopping threads took: 0.0000200 seconds
197.092: [GC (Allocation Failure)  725597K->404061K(1034240K), 0.0043750 secs]
197.096: Total time for which application threads were stopped: 0.0045355 seconds, Stopping threads took: 0.0000202 seconds
197.163: [GC (Allocation Failure)  724573K->404317K(1034240K), 0.0043457 secs]
197.167: Total time for which application threads were stopped: 0.0045055 seconds, Stopping threads took: 0.0000197 seconds
197.234: [GC (Allocation Failure)  724829K->412128K(1034240K), 0.0044544 secs]
197.239: Total time for which application threads were stopped: 0.0046477 seconds, Stopping threads took: 0.0000194 seconds
197.308: [GC (Allocation Failure)  732640K->412096K(1034240K), 0.0043269 secs]
197.312: Total time for which application threads were stopped: 0.0044949 seconds, Stopping threads took: 0.0000267 seconds
197.380: [GC (Allocation Failure)  732608K->412552K(1033216K), 0.0044701 secs]
197.385: Total time for which application threads were stopped: 0.0046212 seconds, Stopping threads took: 0.0000183 seconds
197.453: [GC (Allocation Failure)  732040K->420170K(1033728K), 0.0046417 secs]
197.458: Total time for which application threads were stopped: 0.0048184 seconds, Stopping threads took: 0.0000256 seconds
197.526: [GC (Allocation Failure)  739658K->420138K(1033728K), 0.0045790 secs]
197.530: Total time for which application threads were stopped: 0.0047602 seconds, Stopping threads took: 0.0000284 seconds
197.595: [GC (Allocation Failure)  739626K->420266K(1033728K), 0.0043339 secs]
197.600: Total time for which application threads were stopped: 0.0044974 seconds, Stopping threads took: 0.0000197 seconds
197.669: [GC (Allocation Failure)  739754K->428172K(1033728K), 0.0045805 secs]
197.673: Total time for which application threads were stopped: 0.0047555 seconds, Stopping threads took: 0.0000203 seconds
197.741: [GC (Allocation Failure)  747660K->428172K(1033728K), 0.0045615 secs]
197.745: Total time for which application threads were stopped: 0.0047612 seconds, Stopping threads took: 0.0000213 seconds
197.814: [GC (Allocation Failure)  747660K->428236K(1033728K), 0.0045360 secs]
197.818: Total time for which application threads were stopped: 0.0047087 seconds, Stopping threads took: 0.0000198 seconds
197.885: [GC (Allocation Failure)  747724K->436174K(1027072K), 0.0045230 secs]
197.890: Total time for which application threads were stopped: 0.0046862 seconds, Stopping threads took: 0.0000207 seconds
197.955: [GC (Allocation Failure)  755662K->432300K(1034240K), 0.0034155 secs]
197.958: Total time for which application threads were stopped: 0.0035835 seconds, Stopping threads took: 0.0000200 seconds
198.027: [GC (Allocation Failure)  751788K->436358K(1033216K), 0.0047864 secs]
198.032: Total time for which application threads were stopped: 0.0049599 seconds, Stopping threads took: 0.0000201 seconds
198.099: [GC (Allocation Failure)  755846K->440358K(1034752K), 0.0045028 secs]
198.103: Total time for which application threads were stopped: 0.0046784 seconds, Stopping threads took: 0.0000193 seconds
198.170: [GC (Allocation Failure)  761894K->433540K(1034752K), 0.0018559 secs]
198.172: Total time for which application threads were stopped: 0.0020095 seconds, Stopping threads took: 0.0000284 seconds
198.238: [GC (Allocation Failure)  755076K->440398K(1034752K), 0.0065730 secs]
198.245: Total time for which application threads were stopped: 0.0067551 seconds, Stopping threads took: 0.0000201 seconds
198.312: [GC (Allocation Failure)  761934K->444478K(1034752K), 0.0053359 secs]
198.318: Total time for which application threads were stopped: 0.0055098 seconds, Stopping threads took: 0.0000282 seconds
198.384: [GC (Allocation Failure)  766014K->438940K(1034752K), 0.0026395 secs]
198.387: Total time for which application threads were stopped: 0.0027885 seconds, Stopping threads took: 0.0000201 seconds
198.453: [GC (Allocation Failure)  760476K->444750K(1034752K), 0.0045502 secs]
198.458: Total time for which application threads were stopped: 0.0047134 seconds, Stopping threads took: 0.0000204 seconds
198.525: [GC (Allocation Failure)  766286K->448622K(1034752K), 0.0049243 secs]
198.530: Total time for which application threads were stopped: 0.0051438 seconds, Stopping threads took: 0.0000278 seconds
198.597: [GC (Allocation Failure)  771111K->444684K(1035264K), 0.0042502 secs]
198.601: Total time for which application threads were stopped: 0.0044074 seconds, Stopping threads took: 0.0000194 seconds
198.669: [GC (Allocation Failure)  767244K->448782K(1036288K), 0.0047116 secs]
198.673: Total time for which application threads were stopped: 0.0048851 seconds, Stopping threads took: 0.0000195 seconds
198.741: [GC (Allocation Failure)  772878K->452782K(1035776K), 0.0044936 secs]
198.745: Total time for which application threads were stopped: 0.0046559 seconds, Stopping threads took: 0.0000196 seconds
198.818: [GC (Allocation Failure)  776878K->452782K(1035776K), 0.0044073 secs]
198.822: Total time for which application threads were stopped: 0.0045753 seconds, Stopping threads took: 0.0000258 seconds
198.890: [GC (Allocation Failure)  776366K->452814K(1023488K), 0.0045753 secs]
198.895: Total time for which application threads were stopped: 0.0047376 seconds, Stopping threads took: 0.0000199 seconds
198.961: [GC (Allocation Failure)  776398K->460817K(1035264K), 0.0046919 secs]
198.966: Total time for which application threads were stopped: 0.0048711 seconds, Stopping threads took: 0.0000280 seconds
199.034: [GC (Allocation Failure)  783377K->460785K(1030144K), 0.0043021 secs]
199.038: Total time for which application threads were stopped: 0.0044736 seconds, Stopping threads took: 0.0000204 seconds
199.107: [GC (Allocation Failure)  783345K->460841K(1034752K), 0.0046010 secs]
199.112: Total time for which application threads were stopped: 0.0047666 seconds, Stopping threads took: 0.0000208 seconds
199.178: [GC (Allocation Failure)  782377K->468811K(1029120K), 0.0047082 secs]
199.183: Total time for which application threads were stopped: 0.0048985 seconds, Stopping threads took: 0.0000197 seconds
199.252: [GC (Allocation Failure)  790347K->468779K(1034240K), 0.0044557 secs]
199.257: Total time for which application threads were stopped: 0.0046522 seconds, Stopping threads took: 0.0000200 seconds
199.325: [GC (Allocation Failure)  789291K->469067K(1034240K), 0.0043982 secs]
199.330: Total time for which application threads were stopped: 0.0045908 seconds, Stopping threads took: 0.0000404 seconds
199.398: [GC (Allocation Failure)  789579K->476877K(1034240K), 0.0043267 secs]
199.403: Total time for which application threads were stopped: 0.0044853 seconds, Stopping threads took: 0.0000168 seconds
199.471: [GC (Allocation Failure)  797389K->476845K(1034240K), 0.0044641 secs]
199.475: Total time for which application threads were stopped: 0.0046248 seconds, Stopping threads took: 0.0000194 seconds
199.543: [GC (Allocation Failure)  797357K->477261K(1033216K), 0.0046616 secs]
199.548: Total time for which application threads were stopped: 0.0048253 seconds, Stopping threads took: 0.0000212 seconds
199.615: [GC (Allocation Failure)  796749K->484879K(1033728K), 0.0045978 secs]
199.619: Total time for which application threads were stopped: 0.0047607 seconds, Stopping threads took: 0.0000200 seconds
199.687: [GC (Allocation Failure)  804367K->484911K(1033728K), 0.0046387 secs]
199.692: Total time for which application threads were stopped: 0.0048173 seconds, Stopping threads took: 0.0000198 seconds
199.756: [GC (Allocation Failure)  804399K->484999K(1033728K), 0.0046143 secs]
199.761: Total time for which application threads were stopped: 0.0047760 seconds, Stopping threads took: 0.0000191 seconds
199.830: [GC (Allocation Failure)  804487K->492938K(1033728K), 0.0044174 secs]
199.835: Total time for which application threads were stopped: 0.0045675 seconds, Stopping threads took: 0.0000173 seconds
199.901: [GC (Allocation Failure)  812426K->492938K(1033728K), 0.0046829 secs]
199.906: Total time for which application threads were stopped: 0.0048618 seconds, Stopping threads took: 0.0000193 seconds
199.973: [GC (Allocation Failure)  812426K->492970K(1032704K), 0.0046103 secs]
199.977: Total time for which application threads were stopped: 0.0047862 seconds, Stopping threads took: 0.0000200 seconds
200.046: [GC (Allocation Failure)  811434K->500940K(1033216K), 0.0046259 secs]
200.051: Total time for which application threads were stopped: 0.0047969 seconds, Stopping threads took: 0.0000202 seconds
200.117: [GC (Allocation Failure)  819404K->495338K(1033728K), 0.0025361 secs]
200.120: Total time for which application threads were stopped: 0.0026885 seconds, Stopping threads took: 0.0000190 seconds
200.187: [GC (Allocation Failure)  814314K->501196K(1033216K), 0.0046345 secs]
200.191: Total time for which application threads were stopped: 0.0048295 seconds, Stopping threads took: 0.0000204 seconds
200.261: [GC (Allocation Failure)  820172K->505084K(1034240K), 0.0047263 secs]
200.266: Total time for which application threads were stopped: 0.0049202 seconds, Stopping threads took: 0.0000555 seconds
200.333: [GC (Allocation Failure)  825596K->510970K(1034240K), 0.0098265 secs]
200.343: Total time for which application threads were stopped: 0.0100253 seconds, Stopping threads took: 0.0000232 seconds
200.412: [GC (Allocation Failure)  831482K->505244K(1030144K), 0.0047793 secs]
200.417: Total time for which application threads were stopped: 0.0049774 seconds, Stopping threads took: 0.0000174 seconds
200.484: [GC (Allocation Failure)  821660K->505084K(1032192K), 0.0046771 secs]
200.489: Total time for which application threads were stopped: 0.0048456 seconds, Stopping threads took: 0.0000200 seconds
200.555: [GC (Allocation Failure)  821500K->500954K(1033216K), 0.0030860 secs]
200.558: Total time for which application threads were stopped: 0.0032616 seconds, Stopping threads took: 0.0000189 seconds
200.627: [GC (Allocation Failure)  818906K->505212K(1032704K), 0.0046934 secs]
200.632: Total time for which application threads were stopped: 0.0048562 seconds, Stopping threads took: 0.0000205 seconds
200.697: [GC (Allocation Failure)  823164K->505116K(1033728K), 0.0045489 secs]
200.701: Total time for which application threads were stopped: 0.0047238 seconds, Stopping threads took: 0.0000206 seconds
200.767: [GC (Allocation Failure)  824092K->508700K(1033216K), 0.0053094 secs]
200.772: Total time for which application threads were stopped: 0.0054755 seconds, Stopping threads took: 0.0000258 seconds
200.839: [GC (Allocation Failure)  827676K->513182K(1034240K), 0.0044241 secs]
200.844: Total time for which application threads were stopped: 0.0045854 seconds, Stopping threads took: 0.0000187 seconds
200.909: [GC (Allocation Failure)  833182K->513118K(1033728K), 0.0047940 secs]
200.914: Total time for which application threads were stopped: 0.0049628 seconds, Stopping threads took: 0.0000197 seconds
200.979: [GC (Allocation Failure)  833118K->516422K(1034240K), 0.0052798 secs]
200.984: Total time for which application threads were stopped: 0.0054402 seconds, Stopping threads took: 0.0000200 seconds
201.053: [GC (Allocation Failure)  836934K->521192K(1034240K), 0.0046739 secs]
201.058: Total time for which application threads were stopped: 0.0048656 seconds, Stopping threads took: 0.0000414 seconds
201.125: [GC (Allocation Failure)  841704K->521160K(1034752K), 0.0043135 secs]
201.130: Total time for which application threads were stopped: 0.0045035 seconds, Stopping threads took: 0.0000195 seconds
201.196: [GC (Allocation Failure)  842696K->523624K(1034752K), 0.0050542 secs]
201.201: Total time for which application threads were stopped: 0.0052145 seconds, Stopping threads took: 0.0000174 seconds
201.269: [GC (Allocation Failure)  845160K->529227K(1034752K), 0.0044315 secs]
201.274: Total time for which application threads were stopped: 0.0045984 seconds, Stopping threads took: 0.0000206 seconds
201.341: [GC (Allocation Failure)  850763K->529163K(1034752K), 0.0091210 secs]
201.350: Total time for which application threads were stopped: 0.0093370 seconds, Stopping threads took: 0.0000264 seconds
201.415: [GC (Allocation Failure)  850699K->532875K(1035264K), 0.0055503 secs]
201.421: Total time for which application threads were stopped: 0.0057205 seconds, Stopping threads took: 0.0000199 seconds
201.490: [GC (Allocation Failure)  854923K->537229K(1034752K), 0.0047850 secs]
201.495: Total time for which application threads were stopped: 0.0049477 seconds, Stopping threads took: 0.0000198 seconds
201.563: [GC (Allocation Failure)  859277K->537197K(1035264K), 0.0045589 secs]
201.568: Total time for which application threads were stopped: 0.0047253 seconds, Stopping threads took: 0.0000193 seconds
201.636: [GC (Allocation Failure)  859757K->540109K(1035264K), 0.0050889 secs]
201.641: Total time for which application threads were stopped: 0.0052454 seconds, Stopping threads took: 0.0000198 seconds
201.708: [GC (Allocation Failure)  862669K->545359K(1035264K), 0.0046535 secs]
201.713: Total time for which application threads were stopped: 0.0048159 seconds, Stopping threads took: 0.0000200 seconds
201.782: [GC (Allocation Failure)  867919K->545295K(1035264K), 0.0044633 secs]
201.787: Total time for which application threads were stopped: 0.0046437 seconds, Stopping threads took: 0.0000293 seconds
201.856: [GC (Allocation Failure)  867855K->548327K(1035264K), 0.0052499 secs]
201.861: Total time for which application threads were stopped: 0.0054589 seconds, Stopping threads took: 0.0000197 seconds
201.929: [GC (Allocation Failure)  870887K->553354K(1035264K), 0.0046392 secs]
201.934: Total time for which application threads were stopped: 0.0047996 seconds, Stopping threads took: 0.0000196 seconds
202.002: [GC (Allocation Failure)  875914K->553290K(1035264K), 0.0046993 secs]
202.007: Total time for which application threads were stopped: 0.0048654 seconds, Stopping threads took: 0.0000206 seconds
202.074: [GC (Allocation Failure)  875850K->548519K(1035264K), 0.0030354 secs]
202.077: Total time for which application threads were stopped: 0.0032035 seconds, Stopping threads took: 0.0000198 seconds
202.146: [GC (Allocation Failure)  871079K->553514K(1035264K), 0.0046596 secs]
202.150: Total time for which application threads were stopped: 0.0048465 seconds, Stopping threads took: 0.0000190 seconds
202.218: [GC (Allocation Failure)  876074K->553322K(1035264K), 0.0046321 secs]
202.223: Total time for which application threads were stopped: 0.0047925 seconds, Stopping threads took: 0.0000204 seconds
202.291: [GC (Allocation Failure)  875882K->552839K(1035776K), 0.0046588 secs]
202.295: Total time for which application threads were stopped: 0.0048548 seconds, Stopping threads took: 0.0000275 seconds
202.364: [GC (Allocation Failure)  875911K->553514K(1035264K), 0.0046584 secs]
202.369: Total time for which application threads were stopped: 0.0048323 seconds, Stopping threads took: 0.0000195 seconds
202.438: [GC (Allocation Failure)  876586K->553290K(1035776K), 0.0045206 secs]
202.443: Total time for which application threads were stopped: 0.0047058 seconds, Stopping threads took: 0.0000173 seconds
202.512: [GC (Allocation Failure)  876874K->559135K(1035776K), 0.0073670 secs]
202.519: Total time for which application threads were stopped: 0.0075232 seconds, Stopping threads took: 0.0000171 seconds
202.588: [GC (Allocation Failure)  882719K->554562K(1032704K), 0.0045851 secs]
202.592: Total time for which application threads were stopped: 0.0047521 seconds, Stopping threads took: 0.0000202 seconds
202.660: [GC (Allocation Failure)  875074K->554434K(1034240K), 0.0048540 secs]
202.665: Total time for which application threads were stopped: 0.0050266 seconds, Stopping threads took: 0.0000200 seconds
202.732: [GC (Allocation Failure)  874946K->561479K(1030656K), 0.0078576 secs]
202.740: Total time for which application threads were stopped: 0.0080554 seconds, Stopping threads took: 0.0000203 seconds
202.809: [GC (Allocation Failure)  878919K->555818K(1032704K), 0.0047529 secs]
202.814: Total time for which application threads were stopped: 0.0049378 seconds, Stopping threads took: 0.0000179 seconds
202.881: [GC (Allocation Failure)  873258K->555754K(1033728K), 0.0046425 secs]
202.886: Total time for which application threads were stopped: 0.0048190 seconds, Stopping threads took: 0.0000214 seconds
202.953: [GC (Allocation Failure)  874730K->553319K(1033216K), 0.0038378 secs]
202.956: Total time for which application threads were stopped: 0.0040392 seconds, Stopping threads took: 0.0000260 seconds
203.025: [GC (Allocation Failure)  872295K->555722K(1034752K), 0.0045753 secs]
203.030: Total time for which application threads were stopped: 0.0047445 seconds, Stopping threads took: 0.0000195 seconds
203.097: [GC (Allocation Failure)  876746K->555722K(1034240K), 0.0045734 secs]
203.102: Total time for which application threads were stopped: 0.0047323 seconds, Stopping threads took: 0.0000196 seconds
203.169: [GC (Allocation Failure)  876746K->550951K(1034240K), 0.0029482 secs]
203.172: Total time for which application threads were stopped: 0.0031051 seconds, Stopping threads took: 0.0000193 seconds
203.240: [GC (Allocation Failure)  872487K->555946K(1034752K), 0.0046808 secs]
203.245: Total time for which application threads were stopped: 0.0048783 seconds, Stopping threads took: 0.0000212 seconds
203.313: [GC (Allocation Failure)  877482K->555722K(1035776K), 0.0048171 secs]
203.318: Total time for which application threads were stopped: 0.0050046 seconds, Stopping threads took: 0.0000170 seconds
203.387: [GC (Allocation Failure)  878794K->553703K(1035264K), 0.0040146 secs]
203.391: Total time for which application threads were stopped: 0.0042063 seconds, Stopping threads took: 0.0000190 seconds
203.458: [GC (Allocation Failure)  876775K->555914K(1036288K), 0.0048414 secs]
203.463: Total time for which application threads were stopped: 0.0050372 seconds, Stopping threads took: 0.0000197 seconds
203.533: [GC (Allocation Failure)  880010K->555722K(1035776K), 0.0046466 secs]
203.538: Total time for which application threads were stopped: 0.0048071 seconds, Stopping threads took: 0.0000171 seconds
203.605: [GC (Allocation Failure)  879818K->561543K(1033216K), 0.0075303 secs]
203.613: Total time for which application threads were stopped: 0.0076970 seconds, Stopping threads took: 0.0000195 seconds
203.682: [GC (Allocation Failure)  883079K->557482K(1034752K), 0.0049542 secs]
203.687: Total time for which application threads were stopped: 0.0051526 seconds, Stopping threads took: 0.0000205 seconds
203.755: [GC (Allocation Failure)  879018K->557322K(1035264K), 0.0047164 secs]
203.760: Total time for which application threads were stopped: 0.0048897 seconds, Stopping threads took: 0.0000206 seconds
203.827: [GC (Allocation Failure)  879882K->565415K(1035264K), 0.0084631 secs]
203.836: Total time for which application threads were stopped: 0.0086320 seconds, Stopping threads took: 0.0000273 seconds
203.905: [GC (Allocation Failure)  887975K->560266K(1032192K), 0.0048822 secs]
203.910: Total time for which application threads were stopped: 0.0050368 seconds, Stopping threads took: 0.0000171 seconds
203.977: [GC (Allocation Failure)  879754K->560138K(1033728K), 0.0048452 secs]
203.982: Total time for which application threads were stopped: 0.0050217 seconds, Stopping threads took: 0.0000201 seconds
204.047: [GC (Allocation Failure)  879626K->566439K(1031680K), 0.0072856 secs]
204.054: Total time for which application threads were stopped: 0.0074472 seconds, Stopping threads took: 0.0000203 seconds
204.120: [GC (Allocation Failure)  883879K->560202K(1032704K), 0.0056552 secs]
204.126: Total time for which application threads were stopped: 0.0058264 seconds, Stopping threads took: 0.0000189 seconds
204.193: [GC (Allocation Failure)  877642K->560138K(1033216K), 0.0047451 secs]
204.198: Total time for which application threads were stopped: 0.0049343 seconds, Stopping threads took: 0.0000198 seconds
204.265: [GC (Allocation Failure)  878090K->555879K(1032704K), 0.0030593 secs]
204.269: Total time for which application threads were stopped: 0.0032134 seconds, Stopping threads took: 0.0000259 seconds
204.337: [GC (Allocation Failure)  873831K->560394K(1033728K), 0.0056736 secs]
204.343: Total time for which application threads were stopped: 0.0058330 seconds, Stopping threads took: 0.0000171 seconds
204.411: [GC (Allocation Failure)  878858K->560170K(1032704K), 0.0047457 secs]
204.416: Total time for which application threads were stopped: 0.0049238 seconds, Stopping threads took: 0.0000198 seconds
204.481: [GC (Allocation Failure)  878634K->563658K(1033216K), 0.0055260 secs]
204.487: Total time for which application threads were stopped: 0.0056896 seconds, Stopping threads took: 0.0000201 seconds
204.554: [GC (Allocation Failure)  883146K->568236K(1033728K), 0.0047864 secs]
204.559: Total time for which application threads were stopped: 0.0049572 seconds, Stopping threads took: 0.0000198 seconds
204.627: [GC (Allocation Failure)  887724K->568204K(1034752K), 0.0047087 secs]
204.632: Total time for which application threads were stopped: 0.0048736 seconds, Stopping threads took: 0.0000195 seconds
204.699: [GC (Allocation Failure)  889228K->568268K(1034240K), 0.0047732 secs]
204.704: Total time for which application threads were stopped: 0.0049404 seconds, Stopping threads took: 0.0000198 seconds
204.772: [GC (Allocation Failure)  889292K->576334K(1034752K), 0.0047348 secs]
204.777: Total time for which application threads were stopped: 0.0049052 seconds, Stopping threads took: 0.0000263 seconds
204.846: [GC (Allocation Failure)  897358K->576270K(1034240K), 0.0047463 secs]
204.851: Total time for which application threads were stopped: 0.0049147 seconds, Stopping threads took: 0.0000264 seconds
204.916: [GC (Allocation Failure)  897294K->580102K(1034752K), 0.0058067 secs]
204.922: Total time for which application threads were stopped: 0.0059918 seconds, Stopping threads took: 0.0000196 seconds
204.991: [GC (Allocation Failure)  901638K->584296K(1034752K), 0.0049176 secs]
204.996: Total time for which application threads were stopped: 0.0051080 seconds, Stopping threads took: 0.0000197 seconds
205.064: [GC (Allocation Failure)  905832K->584264K(1035264K), 0.0048516 secs]
205.069: Total time for which application threads were stopped: 0.0050369 seconds, Stopping threads took: 0.0000202 seconds
205.136: [GC (Allocation Failure)  906824K->586240K(1035264K), 0.0077399 secs]
205.144: Total time for which application threads were stopped: 0.0079106 seconds, Stopping threads took: 0.0000200 seconds
205.213: [GC (Allocation Failure)  908800K->592323K(1035264K), 0.0046668 secs]
205.218: Total time for which application threads were stopped: 0.0048324 seconds, Stopping threads took: 0.0000194 seconds
205.286: [GC (Allocation Failure)  914883K->592291K(1035264K), 0.0046984 secs]
205.291: Total time for which application threads were stopped: 0.0048677 seconds, Stopping threads took: 0.0000269 seconds
205.358: [GC (Allocation Failure)  914851K->594507K(1035264K), 0.0051405 secs]
205.363: Total time for which application threads were stopped: 0.0053256 seconds, Stopping threads took: 0.0000453 seconds
205.431: [GC (Allocation Failure)  917067K->600557K(1035264K), 0.0047843 secs]
205.436: Total time for which application threads were stopped: 0.0049718 seconds, Stopping threads took: 0.0000190 seconds
205.503: [GC (Allocation Failure)  923117K->600333K(1035264K), 0.0049611 secs]
205.508: Total time for which application threads were stopped: 0.0051140 seconds, Stopping threads took: 0.0000177 seconds
205.576: [GC (Allocation Failure)  922893K->594635K(1035264K), 0.0026659 secs]
205.579: Total time for which application threads were stopped: 0.0028537 seconds, Stopping threads took: 0.0000192 seconds
205.649: [GC (Allocation Failure)  917195K->600493K(1035264K), 0.0049804 secs]
205.654: Total time for which application threads were stopped: 0.0051414 seconds, Stopping threads took: 0.0000197 seconds
205.723: [GC (Allocation Failure)  923053K->600365K(1035264K), 0.0048365 secs]
205.728: Total time for which application threads were stopped: 0.0050297 seconds, Stopping threads took: 0.0000199 seconds
205.795: [GC (Allocation Failure)  922925K->598987K(1035776K), 0.0045570 secs]
205.800: Total time for which application threads were stopped: 0.0047246 seconds, Stopping threads took: 0.0000270 seconds
205.867: [GC (Allocation Failure)  922059K->600429K(1035264K), 0.0048060 secs]
205.872: Total time for which application threads were stopped: 0.0049667 seconds, Stopping threads took: 0.0000193 seconds
205.939: [GC (Allocation Failure)  923501K->600333K(1036288K), 0.0048806 secs]
205.944: Total time for which application threads were stopped: 0.0050548 seconds, Stopping threads took: 0.0000199 seconds
206.013: [GC (Allocation Failure)  924429K->605803K(1035776K), 0.0071496 secs]
206.021: Total time for which application threads were stopped: 0.0073097 seconds, Stopping threads took: 0.0000161 seconds
206.088: [GC (Allocation Failure)  929899K->601613K(1033728K), 0.0048377 secs]
206.093: Total time for which application threads were stopped: 0.0050135 seconds, Stopping threads took: 0.0000201 seconds
206.161: [GC (Allocation Failure)  923149K->601581K(1034752K), 0.0044769 secs]
206.165: Total time for which application threads were stopped: 0.0046377 seconds, Stopping threads took: 0.0000199 seconds
206.231: [GC (Allocation Failure)  923117K->594507K(1034240K), 0.0020205 secs]
206.233: Total time for which application threads were stopped: 0.0021755 seconds, Stopping threads took: 0.0000193 seconds
206.301: [GC (Allocation Failure)  916043K->601877K(1034752K), 0.0048358 secs]
206.306: Total time for which application threads were stopped: 0.0050073 seconds, Stopping threads took: 0.0000279 seconds
206.374: [GC (Allocation Failure)  923413K->605765K(1035264K), 0.0059560 secs]
206.380: Total time for which application threads were stopped: 0.0061201 seconds, Stopping threads took: 0.0000205 seconds
206.447: [GC (Allocation Failure)  928325K->600867K(1035264K), 0.0030568 secs]
206.450: Total time for which application threads were stopped: 0.0032361 seconds, Stopping threads took: 0.0000203 seconds
206.520: [GC (Allocation Failure)  923427K->605973K(1035776K), 0.0049455 secs]
206.525: Total time for which application threads were stopped: 0.0051191 seconds, Stopping threads took: 0.0000200 seconds
206.593: [GC (Allocation Failure)  929045K->609901K(1035264K), 0.0049355 secs]
206.598: Total time for which application threads were stopped: 0.0051057 seconds, Stopping threads took: 0.0000202 seconds
206.665: [GC (Allocation Failure)  932973K->609901K(1035776K), 0.0048797 secs]
206.670: Total time for which application threads were stopped: 0.0050689 seconds, Stopping threads took: 0.0000355 seconds
206.737: [GC (Allocation Failure)  933485K->610029K(1023488K), 0.0048925 secs]
206.742: Total time for which application threads were stopped: 0.0050902 seconds, Stopping threads took: 0.0000343 seconds
206.812: [GC (Allocation Failure)  933613K->617935K(1035264K), 0.0046457 secs]
206.817: Total time for which application threads were stopped: 0.0048075 seconds, Stopping threads took: 0.0000269 seconds
206.884: [GC (Allocation Failure)  940495K->617935K(1035264K), 0.0047267 secs]
206.889: Total time for which application threads were stopped: 0.0048891 seconds, Stopping threads took: 0.0000200 seconds
206.956: [GC (Allocation Failure)  940495K->618031K(1034240K), 0.0047730 secs]
206.961: Total time for which application threads were stopped: 0.0049457 seconds, Stopping threads took: 0.0000206 seconds
207.029: [GC (Allocation Failure)  939567K->625969K(1034752K), 0.0047671 secs]
207.034: Total time for which application threads were stopped: 0.0049414 seconds, Stopping threads took: 0.0000200 seconds
207.100: [GC (Allocation Failure)  947505K->625969K(1034752K), 0.0048959 secs]
207.105: Total time for which application threads were stopped: 0.0050582 seconds, Stopping threads took: 0.0000206 seconds
207.170: [GC (Allocation Failure)  947505K->626249K(1021440K), 0.0049197 secs]
207.176: Total time for which application threads were stopped: 0.0050891 seconds, Stopping threads took: 0.0000200 seconds
207.243: [GC (Allocation Failure)  947785K->633996K(1034240K), 0.0064280 secs]
207.249: Total time for which application threads were stopped: 0.0066129 seconds, Stopping threads took: 0.0000203 seconds
207.317: [GC (Allocation Failure)  954508K->633964K(1034240K), 0.0047899 secs]
207.322: Total time for which application threads were stopped: 0.0049573 seconds, Stopping threads took: 0.0000296 seconds
207.390: [GC (Allocation Failure)  954476K->634508K(1034240K), 0.0049689 secs]
207.395: Total time for which application threads were stopped: 0.0051306 seconds, Stopping threads took: 0.0000202 seconds
207.463: [GC (Allocation Failure)  955020K->642030K(1034240K), 0.0048890 secs]
207.468: Total time for which application threads were stopped: 0.0050601 seconds, Stopping threads took: 0.0000208 seconds
207.536: [GC (Allocation Failure)  962542K->641998K(1034240K), 0.0049661 secs]
207.541: Total time for which application threads were stopped: 0.0051351 seconds, Stopping threads took: 0.0000206 seconds
207.608: [GC (Allocation Failure)  962510K->642222K(1034240K), 0.0049385 secs]
207.614: Total time for which application threads were stopped: 0.0051331 seconds, Stopping threads took: 0.0000207 seconds
207.682: [GC (Allocation Failure)  962734K->650032K(1033216K), 0.0047441 secs]
207.687: Total time for which application threads were stopped: 0.0049122 seconds, Stopping threads took: 0.0000278 seconds
207.756: [GC (Allocation Failure)  969520K->650032K(1033728K), 0.0047739 secs]
207.761: Total time for which application threads were stopped: 0.0049496 seconds, Stopping threads took: 0.0000201 seconds
207.829: [GC (Allocation Failure)  969520K->650184K(1033728K), 0.0047908 secs]
207.834: Total time for which application threads were stopped: 0.0049509 seconds, Stopping threads took: 0.0000265 seconds
207.902: [GC (Allocation Failure)  969672K->658058K(1033728K), 0.0048538 secs]
207.907: Total time for which application threads were stopped: 0.0050471 seconds, Stopping threads took: 0.0000201 seconds
207.973: [GC (Allocation Failure)  977546K->654184K(1034240K), 0.0039822 secs]
207.977: Total time for which application threads were stopped: 0.0041489 seconds, Stopping threads took: 0.0000195 seconds
208.045: [GC (Allocation Failure)  974184K->658226K(1033728K), 0.0050413 secs]
208.050: Total time for which application threads were stopped: 0.0052292 seconds, Stopping threads took: 0.0000193 seconds
208.119: [GC (Allocation Failure)  978226K->662194K(1034752K), 0.0048088 secs]
208.124: Total time for which application threads were stopped: 0.0050003 seconds, Stopping threads took: 0.0000194 seconds
208.192: [GC (Allocation Failure)  983730K->656496K(1034752K), 0.0030346 secs]
208.195: Total time for which application threads were stopped: 0.0031791 seconds, Stopping threads took: 0.0000173 seconds
208.263: [GC (Allocation Failure)  978032K->662266K(1035776K), 0.0048612 secs]
208.268: Total time for which application threads were stopped: 0.0050345 seconds, Stopping threads took: 0.0000204 seconds
208.336: [GC (Allocation Failure)  984826K->666362K(1034752K), 0.0065527 secs]
208.343: Total time for which application threads were stopped: 0.0067584 seconds, Stopping threads took: 0.0000258 seconds
208.409: [GC (Allocation Failure)  988661K->662424K(1035776K), 0.0039403 secs]
208.413: Total time for which application threads were stopped: 0.0041210 seconds, Stopping threads took: 0.0000202 seconds
208.483: [GC (Allocation Failure)  985496K->666498K(1035264K), 0.0049806 secs]
208.488: Total time for which application threads were stopped: 0.0051419 seconds, Stopping threads took: 0.0000169 seconds
208.556: [GC (Allocation Failure)  989570K->670466K(1035264K), 0.0049029 secs]
208.561: Total time for which application threads were stopped: 0.0050652 seconds, Stopping threads took: 0.0000202 seconds
208.629: [GC (Allocation Failure)  994050K->670466K(1035776K), 0.0050870 secs]
208.634: Total time for which application threads were stopped: 0.0052565 seconds, Stopping threads took: 0.0000199 seconds
208.702: [GC (Allocation Failure)  994050K->670538K(1034752K), 0.0048619 secs]
208.707: Total time for which application threads were stopped: 0.0050357 seconds, Stopping threads took: 0.0000199 seconds
208.774: [GC (Allocation Failure)  993098K->678509K(1035264K), 0.0049630 secs]
208.779: Total time for which application threads were stopped: 0.0051284 seconds, Stopping threads took: 0.0000256 seconds
208.845: [GC (Allocation Failure)  1001069K->678509K(1034240K), 0.0048867 secs]
208.850: Total time for which application threads were stopped: 0.0050564 seconds, Stopping threads took: 0.0000192 seconds
208.918: [GC (Allocation Failure)  1000045K->678573K(1034752K), 0.0065955 secs]
208.925: Total time for which application threads were stopped: 0.0067680 seconds, Stopping threads took: 0.0000210 seconds
208.992: [GC (Allocation Failure)  1000109K->686511K(1034752K), 0.0052506 secs]
208.997: Total time for which application threads were stopped: 0.0054289 seconds, Stopping threads took: 0.0000220 seconds
209.067: [GC (Allocation Failure)  1008047K->686543K(1029120K), 0.0048749 secs]
209.072: Total time for which application threads were stopped: 0.0050422 seconds, Stopping threads took: 0.0000260 seconds
209.136: [GC (Allocation Failure)  1008079K->686791K(1034240K), 0.0049969 secs]
209.142: [Full GC (Ergonomics)  686791K->8704K(1034240K), 0.0125295 secs]
209.154: Total time for which application threads were stopped: 0.0177931 seconds, Stopping threads took: 0.0000204 seconds
209.222: [GC (Allocation Failure)  329216K->17602K(1029120K), 0.0064944 secs]
209.228: Total time for which application threads were stopped: 0.0066423 seconds, Stopping threads took: 0.0000166 seconds
209.296: [GC (Allocation Failure)  338114K->17618K(1033728K), 0.0039727 secs]
209.300: Total time for which application threads were stopped: 0.0041400 seconds, Stopping threads took: 0.0000262 seconds
209.367: [GC (Allocation Failure)  337106K->18058K(1033728K), 0.0038207 secs]
209.371: Total time for which application threads were stopped: 0.0039904 seconds, Stopping threads took: 0.0000195 seconds
209.438: [GC (Allocation Failure)  337546K->25676K(1033728K), 0.0038316 secs]
209.442: Total time for which application threads were stopped: 0.0039934 seconds, Stopping threads took: 0.0000197 seconds
209.509: [GC (Allocation Failure)  345164K->25644K(1033728K), 0.0037709 secs]
209.513: Total time for which application threads were stopped: 0.0039403 seconds, Stopping threads took: 0.0000194 seconds
209.578: [GC (Allocation Failure)  345132K->25764K(1033728K), 0.0039770 secs]
209.582: Total time for which application threads were stopped: 0.0041449 seconds, Stopping threads took: 0.0000195 seconds
209.649: [GC (Allocation Failure)  345252K->33702K(1027072K), 0.0037512 secs]
209.653: Total time for which application threads were stopped: 0.0039093 seconds, Stopping threads took: 0.0000192 seconds
209.719: [GC (Allocation Failure)  353189K->29764K(1034240K), 0.0029860 secs]
209.722: Total time for which application threads were stopped: 0.0031365 seconds, Stopping threads took: 0.0000199 seconds
209.790: [GC (Allocation Failure)  349252K->33798K(1033216K), 0.0040686 secs]
209.794: Total time for which application threads were stopped: 0.0042401 seconds, Stopping threads took: 0.0000264 seconds
209.863: [GC (Allocation Failure)  353286K->37830K(1034752K), 0.0039066 secs]
209.867: Total time for which application threads were stopped: 0.0040678 seconds, Stopping threads took: 0.0000195 seconds
209.935: [GC (Allocation Failure)  359366K->31044K(1034752K), 0.0010769 secs]
209.936: Total time for which application threads were stopped: 0.0012119 seconds, Stopping threads took: 0.0000202 seconds
210.004: [GC (Allocation Failure)  352580K->37870K(1034752K), 0.0038984 secs]
210.008: Total time for which application threads were stopped: 0.0040758 seconds, Stopping threads took: 0.0000206 seconds
210.076: [GC (Allocation Failure)  359406K->41982K(1034752K), 0.0044566 secs]
210.080: Total time for which application threads were stopped: 0.0046191 seconds, Stopping threads took: 0.0000201 seconds
210.148: [GC (Allocation Failure)  363518K->36380K(1034752K), 0.0015043 secs]
210.149: Total time for which application threads were stopped: 0.0016561 seconds, Stopping threads took: 0.0000201 seconds
210.217: [GC (Allocation Failure)  357916K->42222K(1034752K), 0.0039487 secs]
210.221: Total time for which application threads were stopped: 0.0041465 seconds, Stopping threads took: 0.0000201 seconds
210.289: [GC (Allocation Failure)  363758K->46102K(1034752K), 0.0039155 secs]
210.293: Total time for which application threads were stopped: 0.0040786 seconds, Stopping threads took: 0.0000208 seconds
210.360: [GC (Allocation Failure)  368590K->42228K(1035264K), 0.0024088 secs]
210.362: Total time for which application threads were stopped: 0.0025607 seconds, Stopping threads took: 0.0000193 seconds
210.430: [GC (Allocation Failure)  364788K->46254K(1036288K), 0.0036960 secs]
210.434: Total time for which application threads were stopped: 0.0038633 seconds, Stopping threads took: 0.0000190 seconds
210.503: [GC (Allocation Failure)  370350K->50254K(1035776K), 0.0037080 secs]
210.506: Total time for which application threads were stopped: 0.0038737 seconds, Stopping threads took: 0.0000200 seconds
210.575: [GC (Allocation Failure)  374350K->50254K(1035776K), 0.0036456 secs]
210.579: Total time for which application threads were stopped: 0.0038219 seconds, Stopping threads took: 0.0000190 seconds
210.646: [GC (Allocation Failure)  373838K->50286K(1023488K), 0.0045019 secs]
210.651: Total time for which application threads were stopped: 0.0046750 seconds, Stopping threads took: 0.0000199 seconds
210.719: [GC (Allocation Failure)  373870K->58257K(1035264K), 0.0039696 secs]
210.723: Total time for which application threads were stopped: 0.0041620 seconds, Stopping threads took: 0.0000204 seconds
210.794: [GC (Allocation Failure)  380817K->58257K(1030144K), 0.0034598 secs]
210.797: Total time for which application threads were stopped: 0.0036170 seconds, Stopping threads took: 0.0000253 seconds
210.863: [GC (Allocation Failure)  380817K->58313K(1034752K), 0.0037885 secs]
210.867: Total time for which application threads were stopped: 0.0039640 seconds, Stopping threads took: 0.0000278 seconds
210.935: [GC (Allocation Failure)  379849K->66315K(1034752K), 0.0036423 secs]
210.938: Total time for which application threads were stopped: 0.0038090 seconds, Stopping threads took: 0.0000200 seconds
211.008: [GC (Allocation Failure)  387851K->66315K(1033728K), 0.0038184 secs]
211.012: Total time for which application threads were stopped: 0.0039959 seconds, Stopping threads took: 0.0000199 seconds
211.078: [GC (Allocation Failure)  386827K->66539K(1034240K), 0.0039101 secs]
211.082: Total time for which application threads were stopped: 0.0040831 seconds, Stopping threads took: 0.0000210 seconds
211.150: [GC (Allocation Failure)  387051K->74349K(1034240K), 0.0038585 secs]
211.154: Total time for which application threads were stopped: 0.0040417 seconds, Stopping threads took: 0.0000205 seconds
211.223: [GC (Allocation Failure)  394861K->74317K(1034240K), 0.0037487 secs]
211.227: Total time for which application threads were stopped: 0.0039267 seconds, Stopping threads took: 0.0000223 seconds
211.297: [GC (Allocation Failure)  394829K->74765K(1033216K), 0.0038780 secs]
211.301: Total time for which application threads were stopped: 0.0040537 seconds, Stopping threads took: 0.0000272 seconds
211.370: [GC (Allocation Failure)  394253K->82384K(1033728K), 0.0036182 secs]
211.373: Total time for which application threads were stopped: 0.0037861 seconds, Stopping threads took: 0.0000191 seconds
211.441: [GC (Allocation Failure)  401872K->82352K(1033728K), 0.0039102 secs]
211.445: Total time for which application threads were stopped: 0.0040822 seconds, Stopping threads took: 0.0000206 seconds
211.510: [GC (Allocation Failure)  401840K->82472K(1033728K), 0.0038014 secs]
211.514: Total time for which application threads were stopped: 0.0039741 seconds, Stopping threads took: 0.0000220 seconds
211.581: [GC (Allocation Failure)  401960K->90378K(1033728K), 0.0039445 secs]
211.585: Total time for which application threads were stopped: 0.0041157 seconds, Stopping threads took: 0.0000197 seconds
211.652: [GC (Allocation Failure)  409866K->90410K(1033728K), 0.0034200 secs]
211.656: Total time for which application threads were stopped: 0.0035695 seconds, Stopping threads took: 0.0000169 seconds
211.723: [GC (Allocation Failure)  409898K->90442K(1033728K), 0.0037666 secs]
211.727: Total time for which application threads were stopped: 0.0039342 seconds, Stopping threads took: 0.0000207 seconds
211.794: [GC (Allocation Failure)  409930K->98412K(1027072K), 0.0043814 secs]
211.798: Total time for which application threads were stopped: 0.0045485 seconds, Stopping threads took: 0.0000263 seconds
211.863: [GC (Allocation Failure)  417900K->94538K(1034240K), 0.0026921 secs]
211.866: Total time for which application threads were stopped: 0.0028611 seconds, Stopping threads took: 0.0000215 seconds
211.934: [GC (Allocation Failure)  414026K->98564K(1033216K), 0.0038193 secs]
211.937: Total time for which application threads were stopped: 0.0039960 seconds, Stopping threads took: 0.0000204 seconds
212.007: [GC (Allocation Failure)  418052K->102532K(1034752K), 0.0037138 secs]
212.011: Total time for which application threads were stopped: 0.0038838 seconds, Stopping threads took: 0.0000192 seconds
212.078: [GC (Allocation Failure)  424068K->95746K(1034752K), 0.0011015 secs]
212.079: Total time for which application threads were stopped: 0.0012475 seconds, Stopping threads took: 0.0000201 seconds
212.148: [GC (Allocation Failure)  417282K->102628K(1034752K), 0.0036425 secs]
212.151: Total time for which application threads were stopped: 0.0038063 seconds, Stopping threads took: 0.0000211 seconds
212.217: [GC (Allocation Failure)  424164K->106708K(1034752K), 0.0047380 secs]
212.222: Total time for which application threads were stopped: 0.0048986 seconds, Stopping threads took: 0.0000195 seconds
212.287: [GC (Allocation Failure)  428244K->101106K(1034752K), 0.0016317 secs]
212.289: Total time for which application threads were stopped: 0.0017862 seconds, Stopping threads took: 0.0000265 seconds
212.356: [GC (Allocation Failure)  422642K->106940K(1034752K), 0.0040263 secs]
212.361: Total time for which application threads were stopped: 0.0041918 seconds, Stopping threads took: 0.0000169 seconds
212.430: [GC (Allocation Failure)  428476K->110812K(1035264K), 0.0041202 secs]
212.434: Total time for which application threads were stopped: 0.0043117 seconds, Stopping threads took: 0.0000192 seconds
212.502: [GC (Allocation Failure)  433300K->106906K(1035264K), 0.0024687 secs]
212.505: Total time for which application threads were stopped: 0.0026401 seconds, Stopping threads took: 0.0000193 seconds
212.574: [GC (Allocation Failure)  429466K->110972K(1036288K), 0.0039926 secs]
212.578: Total time for which application threads were stopped: 0.0041775 seconds, Stopping threads took: 0.0000191 seconds
212.645: [GC (Allocation Failure)  435068K->114972K(1035776K), 0.0037058 secs]
212.649: Total time for which application threads were stopped: 0.0038772 seconds, Stopping threads took: 0.0000198 seconds
212.717: [GC (Allocation Failure)  439068K->114940K(1035776K), 0.0044014 secs]
212.722: Total time for which application threads were stopped: 0.0046029 seconds, Stopping threads took: 0.0000221 seconds
212.790: [GC (Allocation Failure)  438524K->115004K(1023488K), 0.0037538 secs]
212.794: Total time for which application threads were stopped: 0.0039211 seconds, Stopping threads took: 0.0000203 seconds
212.860: [GC (Allocation Failure)  438588K->122974K(1035264K), 0.0040289 secs]
212.864: Total time for which application threads were stopped: 0.0042075 seconds, Stopping threads took: 0.0000171 seconds
212.934: [GC (Allocation Failure)  445534K->122974K(1030144K), 0.0037352 secs]
212.938: Total time for which application threads were stopped: 0.0039174 seconds, Stopping threads took: 0.0000172 seconds
213.007: [GC (Allocation Failure)  445534K->123038K(1034752K), 0.0040592 secs]
213.011: Total time for which application threads were stopped: 0.0042299 seconds, Stopping threads took: 0.0000199 seconds
213.079: [GC (Allocation Failure)  444574K->131009K(1034752K), 0.0040479 secs]
213.083: Total time for which application threads were stopped: 0.0042407 seconds, Stopping threads took: 0.0000210 seconds
213.151: [GC (Allocation Failure)  452545K->130977K(1033728K), 0.0038744 secs]
213.155: Total time for which application threads were stopped: 0.0040361 seconds, Stopping threads took: 0.0000193 seconds
213.222: [GC (Allocation Failure)  451489K->131273K(1034240K), 0.0038719 secs]
213.226: Total time for which application threads were stopped: 0.0040429 seconds, Stopping threads took: 0.0000202 seconds
213.294: [GC (Allocation Failure)  451785K->139051K(1034240K), 0.0038447 secs]
213.297: Total time for which application threads were stopped: 0.0040163 seconds, Stopping threads took: 0.0000196 seconds
213.366: [GC (Allocation Failure)  459563K->139083K(1034240K), 0.0037902 secs]
213.370: Total time for which application threads were stopped: 0.0039854 seconds, Stopping threads took: 0.0000195 seconds
213.438: [GC (Allocation Failure)  459595K->139467K(1033216K), 0.0037981 secs]
213.441: Total time for which application threads were stopped: 0.0039507 seconds, Stopping threads took: 0.0000173 seconds
213.508: [GC (Allocation Failure)  458955K->147085K(1033728K), 0.0040043 secs]
213.513: Total time for which application threads were stopped: 0.0041994 seconds, Stopping threads took: 0.0000197 seconds
213.582: [GC (Allocation Failure)  466573K->147053K(1033728K), 0.0040198 secs]
213.587: Total time for which application threads were stopped: 0.0041913 seconds, Stopping threads took: 0.0000194 seconds
213.651: [GC (Allocation Failure)  466541K->147237K(1033728K), 0.0040938 secs]
213.656: Total time for which application threads were stopped: 0.0042667 seconds, Stopping threads took: 0.0000201 seconds
213.723: [GC (Allocation Failure)  466725K->155111K(1033728K), 0.0045218 secs]
213.728: Total time for which application threads were stopped: 0.0046939 seconds, Stopping threads took: 0.0000200 seconds
213.796: [GC (Allocation Failure)  474599K->155111K(1033728K), 0.0037761 secs]
213.800: Total time for which application threads were stopped: 0.0039737 seconds, Stopping threads took: 0.0000264 seconds
213.868: [GC (Allocation Failure)  474599K->155175K(1033728K), 0.0039388 secs]
213.872: Total time for which application threads were stopped: 0.0040986 seconds, Stopping threads took: 0.0000175 seconds
213.939: [GC (Allocation Failure)  474663K->163114K(1027072K), 0.0039594 secs]
213.943: Total time for which application threads were stopped: 0.0041241 seconds, Stopping threads took: 0.0000206 seconds
214.008: [GC (Allocation Failure)  482601K->159239K(1034240K), 0.0027720 secs]
214.011: Total time for which application threads were stopped: 0.0029535 seconds, Stopping threads took: 0.0000203 seconds
214.079: [GC (Allocation Failure)  478727K->163306K(1033216K), 0.0040021 secs]
214.083: Total time for which application threads were stopped: 0.0041643 seconds, Stopping threads took: 0.0000198 seconds
214.151: [GC (Allocation Failure)  482794K->167306K(1034752K), 0.0038234 secs]
214.154: Total time for which application threads were stopped: 0.0039960 seconds, Stopping threads took: 0.0000204 seconds
214.221: [GC (Allocation Failure)  488842K->160455K(1034752K), 0.0013560 secs]
214.223: Total time for which application threads were stopped: 0.0014833 seconds, Stopping threads took: 0.0000202 seconds
214.290: [GC (Allocation Failure)  481991K->167346K(1034752K), 0.0037296 secs]
214.294: Total time for which application threads were stopped: 0.0039027 seconds, Stopping threads took: 0.0000274 seconds
214.361: [GC (Allocation Failure)  488882K->171426K(1034752K), 0.0047356 secs]
214.366: Total time for which application threads were stopped: 0.0049279 seconds, Stopping threads took: 0.0000203 seconds
214.432: [GC (Allocation Failure)  492962K->165919K(1034752K), 0.0019133 secs]
214.434: Total time for which application threads were stopped: 0.0020636 seconds, Stopping threads took: 0.0000193 seconds
214.501: [GC (Allocation Failure)  487455K->171698K(1034752K), 0.0040866 secs]
214.505: Total time for which application threads were stopped: 0.0042777 seconds, Stopping threads took: 0.0000336 seconds
214.574: [GC (Allocation Failure)  493234K->175610K(1034752K), 0.0043244 secs]
214.578: Total time for which application threads were stopped: 0.0044996 seconds, Stopping threads took: 0.0000282 seconds
214.645: [GC (Allocation Failure)  498098K->171639K(1035264K), 0.0025751 secs]
214.647: Total time for which application threads were stopped: 0.0027364 seconds, Stopping threads took: 0.0000193 seconds
214.715: [GC (Allocation Failure)  494199K->175738K(1036288K), 0.0042539 secs]
214.719: Total time for which application threads were stopped: 0.0044153 seconds, Stopping threads took: 0.0000195 seconds
214.787: [GC (Allocation Failure)  499834K->179674K(1035776K), 0.0038953 secs]
214.791: Total time for which application threads were stopped: 0.0040656 seconds, Stopping threads took: 0.0000266 seconds
214.861: [GC (Allocation Failure)  503770K->179706K(1035776K), 0.0039587 secs]
214.865: Total time for which application threads were stopped: 0.0041310 seconds, Stopping threads took: 0.0000192 seconds
214.932: [GC (Allocation Failure)  503290K->179770K(1023488K), 0.0039679 secs]
214.936: Total time for which application threads were stopped: 0.0041399 seconds, Stopping threads took: 0.0000343 seconds
215.002: [GC (Allocation Failure)  503354K->187740K(1035264K), 0.0042440 secs]
215.006: Total time for which application threads were stopped: 0.0044083 seconds, Stopping threads took: 0.0000197 seconds
215.074: [GC (Allocation Failure)  510300K->187772K(1030144K), 0.0039342 secs]
215.078: Total time for which application threads were stopped: 0.0040953 seconds, Stopping threads took: 0.0000203 seconds
215.145: [GC (Allocation Failure)  510332K->187804K(1034752K), 0.0039880 secs]
215.149: Total time for which application threads were stopped: 0.0041695 seconds, Stopping threads took: 0.0000187 seconds
215.216: [GC (Allocation Failure)  509340K->195838K(1029120K), 0.0042398 secs]
215.220: Total time for which application threads were stopped: 0.0044336 seconds, Stopping threads took: 0.0000204 seconds
215.290: [GC (Allocation Failure)  517374K->195806K(1034240K), 0.0036824 secs]
215.294: Total time for which application threads were stopped: 0.0038736 seconds, Stopping threads took: 0.0000258 seconds
215.363: [GC (Allocation Failure)  516318K->196038K(1034240K), 0.0039774 secs]
215.367: Total time for which application threads were stopped: 0.0041566 seconds, Stopping threads took: 0.0000203 seconds
215.435: [GC (Allocation Failure)  516550K->203816K(1034240K), 0.0039182 secs]
215.439: Total time for which application threads were stopped: 0.0040894 seconds, Stopping threads took: 0.0000201 seconds
215.507: [GC (Allocation Failure)  524328K->203848K(1034240K), 0.0041279 secs]
215.511: Total time for which application threads were stopped: 0.0043040 seconds, Stopping threads took: 0.0000204 seconds
215.579: [GC (Allocation Failure)  524360K->204232K(1033216K), 0.0040787 secs]
215.584: Total time for which application threads were stopped: 0.0042691 seconds, Stopping threads took: 0.0000285 seconds
215.652: [GC (Allocation Failure)  523720K->211851K(1033728K), 0.0042187 secs]
215.657: Total time for which application threads were stopped: 0.0043771 seconds, Stopping threads took: 0.0000173 seconds
215.724: [GC (Allocation Failure)  531339K->211851K(1033728K), 0.0039513 secs]
215.728: Total time for which application threads were stopped: 0.0041070 seconds, Stopping threads took: 0.0000170 seconds
215.793: [GC (Allocation Failure)  531339K->211971K(1033728K), 0.0039521 secs]
215.797: Total time for which application threads were stopped: 0.0041443 seconds, Stopping threads took: 0.0000428 seconds
215.864: [GC (Allocation Failure)  531459K->219877K(1033728K), 0.0041363 secs]
215.869: Total time for which application threads were stopped: 0.0043201 seconds, Stopping threads took: 0.0000203 seconds
215.937: [GC (Allocation Failure)  539365K->219909K(1033728K), 0.0040510 secs]
215.942: Total time for which application threads were stopped: 0.0042104 seconds, Stopping threads took: 0.0000195 seconds
216.008: [GC (Allocation Failure)  539397K->219949K(1033728K), 0.0040432 secs]
216.012: Total time for which application threads were stopped: 0.0042061 seconds, Stopping threads took: 0.0000208 seconds
216.078: [GC (Allocation Failure)  539437K->227919K(1027072K), 0.0042292 secs]
216.083: Total time for which application threads were stopped: 0.0044013 seconds, Stopping threads took: 0.0000202 seconds
216.148: [GC (Allocation Failure)  547407K->224045K(1034240K), 0.0030618 secs]
216.151: Total time for which application threads were stopped: 0.0032161 seconds, Stopping threads took: 0.0000191 seconds
216.219: [GC (Allocation Failure)  543533K->228039K(1033216K), 0.0044901 secs]
216.223: Total time for which application threads were stopped: 0.0046597 seconds, Stopping threads took: 0.0000219 seconds
216.290: [GC (Allocation Failure)  547527K->232071K(1034752K), 0.0040719 secs]
216.295: Total time for which application threads were stopped: 0.0042417 seconds, Stopping threads took: 0.0000274 seconds
216.362: [GC (Allocation Failure)  553607K->225253K(1034752K), 0.0014834 secs]
216.363: Total time for which application threads were stopped: 0.0016139 seconds, Stopping threads took: 0.0000181 seconds
216.432: [GC (Allocation Failure)  546789K->232111K(1034752K), 0.0040717 secs]
216.436: Total time for which application threads were stopped: 0.0042420 seconds, Stopping threads took: 0.0000198 seconds
216.502: [GC (Allocation Failure)  553647K->236183K(1034752K), 0.0050561 secs]
216.507: Total time for which application threads were stopped: 0.0052289 seconds, Stopping threads took: 0.0000207 seconds
216.572: [GC (Allocation Failure)  557719K->230613K(1034752K), 0.0020969 secs]
216.574: Total time for which application threads were stopped: 0.0022636 seconds, Stopping threads took: 0.0000213 seconds
216.644: [GC (Allocation Failure)  552149K->236487K(1034752K), 0.0040550 secs]
216.648: Total time for which application threads were stopped: 0.0042440 seconds, Stopping threads took: 0.0000270 seconds
216.715: [GC (Allocation Failure)  558023K->240327K(1035264K), 0.0044245 secs]
216.719: Total time for which application threads were stopped: 0.0045961 seconds, Stopping threads took: 0.0000201 seconds
216.787: [GC (Allocation Failure)  562816K->236453K(1035264K), 0.0027817 secs]
216.790: Total time for which application threads were stopped: 0.0029632 seconds, Stopping threads took: 0.0000253 seconds
216.859: [GC (Allocation Failure)  559013K->240463K(1036288K), 0.0041931 secs]
216.864: Total time for which application threads were stopped: 0.0043832 seconds, Stopping threads took: 0.0000193 seconds
216.932: [GC (Allocation Failure)  564559K->244463K(1035776K), 0.0052753 secs]
216.938: Total time for which application threads were stopped: 0.0054436 seconds, Stopping threads took: 0.0000212 seconds
217.007: [GC (Allocation Failure)  568559K->244463K(1035776K), 0.0039691 secs]
217.011: Total time for which application threads were stopped: 0.0041531 seconds, Stopping threads took: 0.0000202 seconds
217.080: [GC (Allocation Failure)  568047K->244519K(1023488K), 0.0041269 secs]
217.084: Total time for which application threads were stopped: 0.0042906 seconds, Stopping threads took: 0.0000206 seconds
217.151: [GC (Allocation Failure)  568103K->252490K(1035264K), 0.0043426 secs]
217.155: Total time for which application threads were stopped: 0.0045178 seconds, Stopping threads took: 0.0000206 seconds
217.223: [GC (Allocation Failure)  575050K->252490K(1030144K), 0.0039707 secs]
217.227: Total time for which application threads were stopped: 0.0041402 seconds, Stopping threads took: 0.0000200 seconds
217.295: [GC (Allocation Failure)  575050K->252554K(1034752K), 0.0039918 secs]
217.299: Total time for which application threads were stopped: 0.0041665 seconds, Stopping threads took: 0.0000264 seconds
217.368: [GC (Allocation Failure)  574090K->260556K(1029120K), 0.0043213 secs]
217.373: Total time for which application threads were stopped: 0.0044949 seconds, Stopping threads took: 0.0000202 seconds
217.441: [GC (Allocation Failure)  582092K->260492K(1034240K), 0.0051903 secs]
217.446: Total time for which application threads were stopped: 0.0053511 seconds, Stopping threads took: 0.0000200 seconds
217.513: [GC (Allocation Failure)  581004K->260772K(1034240K), 0.0043626 secs]
217.518: Total time for which application threads were stopped: 0.0045348 seconds, Stopping threads took: 0.0000206 seconds
217.586: [GC (Allocation Failure)  581284K->268550K(1034240K), 0.0041973 secs]
217.590: Total time for which application threads were stopped: 0.0044018 seconds, Stopping threads took: 0.0000251 seconds
217.658: [GC (Allocation Failure)  589062K->268582K(1034240K), 0.0043123 secs]
217.662: Total time for which application threads were stopped: 0.0044940 seconds, Stopping threads took: 0.0000204 seconds
217.730: [GC (Allocation Failure)  589094K->268966K(1033216K), 0.0048760 secs]
217.735: Total time for which application threads were stopped: 0.0050385 seconds, Stopping threads took: 0.0000201 seconds
217.804: [GC (Allocation Failure)  588454K->276616K(1033728K), 0.0041486 secs]
217.808: Total time for which application threads were stopped: 0.0043162 seconds, Stopping threads took: 0.0000195 seconds
217.876: [GC (Allocation Failure)  596104K->276584K(1033728K), 0.0040761 secs]
217.880: Total time for which application threads were stopped: 0.0042464 seconds, Stopping threads took: 0.0000201 seconds
217.945: [GC (Allocation Failure)  596072K->276712K(1033728K), 0.0042302 secs]
217.949: Total time for which application threads were stopped: 0.0044078 seconds, Stopping threads took: 0.0000199 seconds
218.018: [GC (Allocation Failure)  596200K->284651K(1033728K), 0.0039739 secs]
218.022: Total time for which application threads were stopped: 0.0041718 seconds, Stopping threads took: 0.0000247 seconds
218.091: [GC (Allocation Failure)  604139K->284587K(1033728K), 0.0040166 secs]
218.095: Total time for which application threads were stopped: 0.0042007 seconds, Stopping threads took: 0.0000168 seconds
218.163: [GC (Allocation Failure)  604075K->284683K(1033728K), 0.0043246 secs]
218.168: Total time for which application threads were stopped: 0.0044867 seconds, Stopping threads took: 0.0000193 seconds
218.234: [GC (Allocation Failure)  604171K->292653K(1027072K), 0.0043462 secs]
218.239: Total time for which application threads were stopped: 0.0045200 seconds, Stopping threads took: 0.0000206 seconds
218.304: [GC (Allocation Failure)  612140K->288715K(1034240K), 0.0030780 secs]
218.308: Total time for which application threads were stopped: 0.0032327 seconds, Stopping threads took: 0.0000260 seconds
218.376: [GC (Allocation Failure)  608203K->292781K(1033216K), 0.0045015 secs]
218.380: Total time for which application threads were stopped: 0.0046586 seconds, Stopping threads took: 0.0000167 seconds
218.450: [GC (Allocation Failure)  612269K->296781K(1034752K), 0.0043266 secs]
218.454: Total time for which application threads were stopped: 0.0044986 seconds, Stopping threads took: 0.0000200 seconds
218.521: [GC (Allocation Failure)  618317K->289995K(1034752K), 0.0015520 secs]
218.522: Total time for which application threads were stopped: 0.0017077 seconds, Stopping threads took: 0.0000203 seconds
218.591: [GC (Allocation Failure)  611531K->296877K(1034752K), 0.0043159 secs]
218.595: Total time for which application threads were stopped: 0.0044996 seconds, Stopping threads took: 0.0000215 seconds
218.660: [GC (Allocation Failure)  618413K->300925K(1034752K), 0.0051065 secs]
218.666: Total time for which application threads were stopped: 0.0052889 seconds, Stopping threads took: 0.0000209 seconds
218.732: [GC (Allocation Failure)  622461K->295387K(1034752K), 0.0022724 secs]
218.735: Total time for which application threads were stopped: 0.0024358 seconds, Stopping threads took: 0.0000206 seconds
218.802: [GC (Allocation Failure)  616923K->301221K(1034752K), 0.0048853 secs]
218.807: Total time for which application threads were stopped: 0.0050557 seconds, Stopping threads took: 0.0000284 seconds
218.874: [GC (Allocation Failure)  622757K->305061K(1035264K), 0.0044663 secs]
218.879: Total time for which application threads were stopped: 0.0046235 seconds, Stopping threads took: 0.0000202 seconds
218.946: [GC (Allocation Failure)  627549K->301155K(1035264K), 0.0030214 secs]
218.949: Total time for which application threads were stopped: 0.0031883 seconds, Stopping threads took: 0.0000205 seconds
219.017: [GC (Allocation Failure)  623715K->305221K(1036288K), 0.0046589 secs]
219.022: Total time for which application threads were stopped: 0.0048372 seconds, Stopping threads took: 0.0000214 seconds
219.089: [GC (Allocation Failure)  629317K->309189K(1035776K), 0.0040679 secs]
219.093: Total time for which application threads were stopped: 0.0042300 seconds, Stopping threads took: 0.0000202 seconds
219.162: [GC (Allocation Failure)  633285K->309221K(1035776K), 0.0042106 secs]
219.166: Total time for which application threads were stopped: 0.0043933 seconds, Stopping threads took: 0.0000202 seconds
219.235: [GC (Allocation Failure)  632805K->309253K(1023488K), 0.0043653 secs]
219.239: Total time for which application threads were stopped: 0.0045255 seconds, Stopping threads took: 0.0000181 seconds
219.306: [GC (Allocation Failure)  632837K->317223K(1035264K), 0.0044431 secs]
219.310: Total time for which application threads were stopped: 0.0046264 seconds, Stopping threads took: 0.0000194 seconds
219.379: [GC (Allocation Failure)  639783K->317223K(1030144K), 0.0048298 secs]
219.384: Total time for which application threads were stopped: 0.0050091 seconds, Stopping threads took: 0.0000171 seconds
219.451: [GC (Allocation Failure)  639783K->317247K(1034752K), 0.0049674 secs]
219.456: Total time for which application threads were stopped: 0.0051375 seconds, Stopping threads took: 0.0000202 seconds
219.523: [GC (Allocation Failure)  638783K->325249K(1029120K), 0.0043583 secs]
219.528: Total time for which application threads were stopped: 0.0045319 seconds, Stopping threads took: 0.0000210 seconds
219.596: [GC (Allocation Failure)  646785K->325249K(1034240K), 0.0041678 secs]
219.600: Total time for which application threads were stopped: 0.0043321 seconds, Stopping threads took: 0.0000200 seconds
219.666: [GC (Allocation Failure)  645761K->325481K(1034240K), 0.0042510 secs]
219.671: Total time for which application threads were stopped: 0.0044341 seconds, Stopping threads took: 0.0000211 seconds
219.738: [GC (Allocation Failure)  645993K->333292K(1034240K), 0.0040815 secs]
219.742: Total time for which application threads were stopped: 0.0042525 seconds, Stopping threads took: 0.0000194 seconds
219.810: [GC (Allocation Failure)  653804K->333292K(1034240K), 0.0041957 secs]
219.815: Total time for which application threads were stopped: 0.0043558 seconds, Stopping threads took: 0.0000193 seconds
219.881: [GC (Allocation Failure)  653804K->333700K(1033216K), 0.0043305 secs]
219.886: Total time for which application threads were stopped: 0.0044998 seconds, Stopping threads took: 0.0000201 seconds
219.953: [GC (Allocation Failure)  653188K->341350K(1033728K), 0.0042455 secs]
219.957: Total time for which application threads were stopped: 0.0044191 seconds, Stopping threads took: 0.0000204 seconds
220.025: [GC (Allocation Failure)  660838K->341318K(1033728K), 0.0043241 secs]
220.029: Total time for which application threads were stopped: 0.0044983 seconds, Stopping threads took: 0.0000207 seconds
220.095: [GC (Allocation Failure)  660806K->341446K(1033728K), 0.0045224 secs]
220.100: Total time for which application threads were stopped: 0.0046953 seconds, Stopping threads took: 0.0000202 seconds
220.168: [GC (Allocation Failure)  660934K->349352K(1033728K), 0.0043416 secs]
220.172: Total time for which application threads were stopped: 0.0045153 seconds, Stopping threads took: 0.0000202 seconds
220.239: [GC (Allocation Failure)  668840K->349384K(1033728K), 0.0044191 secs]
220.244: Total time for which application threads were stopped: 0.0045850 seconds, Stopping threads took: 0.0000197 seconds
220.311: [GC (Allocation Failure)  668872K->349416K(1033728K), 0.0043389 secs]
220.316: Total time for which application threads were stopped: 0.0045088 seconds, Stopping threads took: 0.0000266 seconds
220.383: [GC (Allocation Failure)  668904K->357386K(1027072K), 0.0043364 secs]
220.388: Total time for which application threads were stopped: 0.0045320 seconds, Stopping threads took: 0.0000204 seconds
220.455: [GC (Allocation Failure)  676874K->353448K(1034240K), 0.0034618 secs]
220.458: Total time for which application threads were stopped: 0.0036061 seconds, Stopping threads took: 0.0000174 seconds
220.527: [GC (Allocation Failure)  672936K->357514K(1033216K), 0.0043622 secs]
220.532: Total time for which application threads were stopped: 0.0045219 seconds, Stopping threads took: 0.0000193 seconds
220.599: [GC (Allocation Failure)  677002K->361514K(1034752K), 0.0044359 secs]
220.603: Total time for which application threads were stopped: 0.0046038 seconds, Stopping threads took: 0.0000199 seconds
220.670: [GC (Allocation Failure)  683050K->354760K(1034752K), 0.0016395 secs]
220.671: Total time for which application threads were stopped: 0.0017763 seconds, Stopping threads took: 0.0000200 seconds
220.738: [GC (Allocation Failure)  676296K->361546K(1034752K), 0.0042742 secs]
220.742: Total time for which application threads were stopped: 0.0044419 seconds, Stopping threads took: 0.0000205 seconds
220.811: [GC (Allocation Failure)  683082K->365690K(1034752K), 0.0051546 secs]
220.816: Total time for which application threads were stopped: 0.0053224 seconds, Stopping threads took: 0.0000261 seconds
220.882: [GC (Allocation Failure)  687226K->360120K(1034752K), 0.0024139 secs]
220.885: Total time for which application threads were stopped: 0.0025682 seconds, Stopping threads took: 0.0000202 seconds
220.952: [GC (Allocation Failure)  681656K->365938K(1034752K), 0.0042703 secs]
220.956: Total time for which application threads were stopped: 0.0044363 seconds, Stopping threads took: 0.0000200 seconds
221.024: [GC (Allocation Failure)  687474K->369842K(1034752K), 0.0046656 secs]
221.028: Total time for which application threads were stopped: 0.0048621 seconds, Stopping threads took: 0.0000204 seconds
221.096: [GC (Allocation Failure)  692331K->365904K(1035264K), 0.0030285 secs]
221.099: Total time for which application threads were stopped: 0.0031824 seconds, Stopping threads took: 0.0000184 seconds
221.167: [GC (Allocation Failure)  688464K->369962K(1036288K), 0.0045067 secs]
221.172: Total time for which application threads were stopped: 0.0046973 seconds, Stopping threads took: 0.0000197 seconds
221.240: [GC (Allocation Failure)  694058K->373898K(1035776K), 0.0041506 secs]
221.245: Total time for which application threads were stopped: 0.0043330 seconds, Stopping threads took: 0.0000174 seconds
221.316: [GC (Allocation Failure)  697994K->373962K(1035776K), 0.0042953 secs]
221.320: Total time for which application threads were stopped: 0.0044681 seconds, Stopping threads took: 0.0000262 seconds
221.390: [GC (Allocation Failure)  697546K->373994K(1023488K), 0.0044394 secs]
221.394: Total time for which application threads were stopped: 0.0046092 seconds, Stopping threads took: 0.0000192 seconds
221.460: [GC (Allocation Failure)  697578K->381965K(1035264K), 0.0044703 secs]
221.465: Total time for which application threads were stopped: 0.0047742 seconds, Stopping threads took: 0.0000193 seconds
221.533: [GC (Allocation Failure)  704525K->381965K(1030144K), 0.0044295 secs]
221.538: Total time for which application threads were stopped: 0.0045967 seconds, Stopping threads took: 0.0000187 seconds
221.605: [GC (Allocation Failure)  704525K->382021K(1034752K), 0.0044664 secs]
221.610: Total time for which application threads were stopped: 0.0046609 seconds, Stopping threads took: 0.0000203 seconds
221.677: [GC (Allocation Failure)  703557K->389991K(1034752K), 0.0044354 secs]
221.681: Total time for which application threads were stopped: 0.0046173 seconds, Stopping threads took: 0.0000199 seconds
221.749: [GC (Allocation Failure)  711527K->389991K(1033728K), 0.0042127 secs]
221.753: Total time for which application threads were stopped: 0.0043651 seconds, Stopping threads took: 0.0000178 seconds
221.820: [GC (Allocation Failure)  710503K->390247K(1034240K), 0.0045599 secs]
221.825: Total time for which application threads were stopped: 0.0047340 seconds, Stopping threads took: 0.0000193 seconds
221.892: [GC (Allocation Failure)  710759K->398025K(1034240K), 0.0043908 secs]
221.897: Total time for which application threads were stopped: 0.0045629 seconds, Stopping threads took: 0.0000197 seconds
221.964: [GC (Allocation Failure)  718537K->398025K(1034240K), 0.0045331 secs]
221.969: Total time for which application threads were stopped: 0.0047055 seconds, Stopping threads took: 0.0000195 seconds
222.036: [GC (Allocation Failure)  718537K->398441K(1033216K), 0.0044133 secs]
222.040: Total time for which application threads were stopped: 0.0046106 seconds, Stopping threads took: 0.0000207 seconds
222.109: [GC (Allocation Failure)  717929K->406028K(1033728K), 0.0043517 secs]
222.114: Total time for which application threads were stopped: 0.0045128 seconds, Stopping threads took: 0.0000175 seconds
222.181: [GC (Allocation Failure)  725516K->406060K(1033728K), 0.0044410 secs]
222.186: Total time for which application threads were stopped: 0.0046104 seconds, Stopping threads took: 0.0000197 seconds
222.251: [GC (Allocation Failure)  725548K->406180K(1033728K), 0.0045148 secs]
222.255: Total time for which application threads were stopped: 0.0047096 seconds, Stopping threads took: 0.0000192 seconds
222.325: [GC (Allocation Failure)  725668K->414118K(1033728K), 0.0044936 secs]
222.329: Total time for which application threads were stopped: 0.0046635 seconds, Stopping threads took: 0.0000172 seconds
222.398: [GC (Allocation Failure)  733606K->414086K(1033728K), 0.0045475 secs]
222.403: Total time for which application threads were stopped: 0.0047219 seconds, Stopping threads took: 0.0000201 seconds
222.470: [GC (Allocation Failure)  733574K->414158K(1033728K), 0.0045820 secs]
222.474: Total time for which application threads were stopped: 0.0047713 seconds, Stopping threads took: 0.0000211 seconds
222.542: [GC (Allocation Failure)  733646K->422128K(1027072K), 0.0044374 secs]
222.547: Total time for which application threads were stopped: 0.0046333 seconds, Stopping threads took: 0.0000206 seconds
222.613: [GC (Allocation Failure)  741616K->418190K(1034240K), 0.0036049 secs]
222.617: Total time for which application threads were stopped: 0.0037578 seconds, Stopping threads took: 0.0000167 seconds
222.684: [GC (Allocation Failure)  737678K->422248K(1033216K), 0.0046135 secs]
222.689: Total time for which application threads were stopped: 0.0047856 seconds, Stopping threads took: 0.0000202 seconds
222.757: [GC (Allocation Failure)  741736K->426216K(1034752K), 0.0043282 secs]
222.761: Total time for which application threads were stopped: 0.0045027 seconds, Stopping threads took: 0.0000272 seconds
222.829: [GC (Allocation Failure)  747752K->419462K(1034752K), 0.0018600 secs]
222.830: Total time for which application threads were stopped: 0.0020217 seconds, Stopping threads took: 0.0000264 seconds
222.898: [GC (Allocation Failure)  740998K->426320K(1034752K), 0.0043907 secs]
222.902: Total time for which application threads were stopped: 0.0045736 seconds, Stopping threads took: 0.0000197 seconds
222.970: [GC (Allocation Failure)  747856K->430392K(1034752K), 0.0055398 secs]
222.975: Total time for which application threads were stopped: 0.0057051 seconds, Stopping threads took: 0.0000209 seconds
223.041: [GC (Allocation Failure)  751928K->424854K(1034752K), 0.0023713 secs]
223.043: Total time for which application threads were stopped: 0.0025248 seconds, Stopping threads took: 0.0000198 seconds
223.112: [GC (Allocation Failure)  746390K->430664K(1034752K), 0.0045658 secs]
223.117: Total time for which application threads were stopped: 0.0047769 seconds, Stopping threads took: 0.0000231 seconds
223.184: [GC (Allocation Failure)  752200K->434568K(1034752K), 0.0048478 secs]
223.189: Total time for which application threads were stopped: 0.0050186 seconds, Stopping threads took: 0.0000219 seconds
223.255: [GC (Allocation Failure)  757056K->430630K(1035264K), 0.0031357 secs]
223.258: Total time for which application threads were stopped: 0.0032939 seconds, Stopping threads took: 0.0000201 seconds
223.329: [GC (Allocation Failure)  753190K->434696K(1036288K), 0.0095397 secs]
223.338: Total time for which application threads were stopped: 0.0097086 seconds, Stopping threads took: 0.0000258 seconds
223.406: [GC (Allocation Failure)  758792K->438664K(1035776K), 0.0044648 secs]
223.411: Total time for which application threads were stopped: 0.0046254 seconds, Stopping threads took: 0.0000203 seconds
223.480: [GC (Allocation Failure)  762760K->438664K(1035776K), 0.0043558 secs]
223.484: Total time for which application threads were stopped: 0.0045249 seconds, Stopping threads took: 0.0000196 seconds
223.553: [GC (Allocation Failure)  762248K->438728K(1023488K), 0.0043625 secs]
223.557: Total time for which application threads were stopped: 0.0045649 seconds, Stopping threads took: 0.0000205 seconds
223.623: [GC (Allocation Failure)  762312K->446698K(1035264K), 0.0046763 secs]
223.628: Total time for which application threads were stopped: 0.0048434 seconds, Stopping threads took: 0.0000192 seconds
223.695: [GC (Allocation Failure)  769258K->446698K(1030144K), 0.0044923 secs]
223.700: Total time for which application threads were stopped: 0.0046581 seconds, Stopping threads took: 0.0000192 seconds
223.767: [GC (Allocation Failure)  769258K->446762K(1034752K), 0.0043591 secs]
223.771: Total time for which application threads were stopped: 0.0045292 seconds, Stopping threads took: 0.0000195 seconds
223.839: [GC (Allocation Failure)  768298K->454701K(1034752K), 0.0045544 secs]
223.843: Total time for which application threads were stopped: 0.0047171 seconds, Stopping threads took: 0.0000198 seconds
223.911: [GC (Allocation Failure)  776237K->454733K(1033728K), 0.0044593 secs]
223.916: Total time for which application threads were stopped: 0.0046380 seconds, Stopping threads took: 0.0000206 seconds
223.982: [GC (Allocation Failure)  775245K->454981K(1034240K), 0.0046773 secs]
223.987: Total time for which application threads were stopped: 0.0048506 seconds, Stopping threads took: 0.0000208 seconds
224.054: [GC (Allocation Failure)  775493K->462791K(1034240K), 0.0044565 secs]
224.059: Total time for which application threads were stopped: 0.0046401 seconds, Stopping threads took: 0.0000208 seconds
224.126: [GC (Allocation Failure)  783303K->462759K(1034240K), 0.0046216 secs]
224.131: Total time for which application threads were stopped: 0.0047921 seconds, Stopping threads took: 0.0000203 seconds
224.199: [GC (Allocation Failure)  783271K->463175K(1033216K), 0.0045827 secs]
224.204: Total time for which application threads were stopped: 0.0047552 seconds, Stopping threads took: 0.0000195 seconds
224.271: [GC (Allocation Failure)  782663K->470825K(1033728K), 0.0046830 secs]
224.276: Total time for which application threads were stopped: 0.0048473 seconds, Stopping threads took: 0.0000203 seconds
224.343: [GC (Allocation Failure)  790313K->470793K(1033728K), 0.0052271 secs]
224.349: Total time for which application threads were stopped: 0.0054210 seconds, Stopping threads took: 0.0000202 seconds
224.414: [GC (Allocation Failure)  790281K->470921K(1033728K), 0.0045814 secs]
224.418: Total time for which application threads were stopped: 0.0047488 seconds, Stopping threads took: 0.0000196 seconds
224.487: [GC (Allocation Failure)  790409K->478859K(1033728K), 0.0045027 secs]
224.492: Total time for which application threads were stopped: 0.0046532 seconds, Stopping threads took: 0.0000165 seconds
224.560: [GC (Allocation Failure)  798347K->478827K(1033728K), 0.0046893 secs]
224.565: Total time for which application threads were stopped: 0.0048661 seconds, Stopping threads took: 0.0000250 seconds
224.631: [GC (Allocation Failure)  798315K->478891K(1033728K), 0.0045947 secs]
224.636: Total time for which application threads were stopped: 0.0047872 seconds, Stopping threads took: 0.0000194 seconds
224.705: [GC (Allocation Failure)  798379K->486894K(1027072K), 0.0047591 secs]
224.710: Total time for which application threads were stopped: 0.0049188 seconds, Stopping threads took: 0.0000175 seconds
224.775: [GC (Allocation Failure)  806381K->482955K(1034240K), 0.0035888 secs]
224.779: Total time for which application threads were stopped: 0.0037815 seconds, Stopping threads took: 0.0000258 seconds
224.850: [GC (Allocation Failure)  802443K->486982K(1033216K), 0.0046889 secs]
224.855: Total time for which application threads were stopped: 0.0048569 seconds, Stopping threads took: 0.0000262 seconds
224.922: [GC (Allocation Failure)  806470K->490950K(1034752K), 0.0046315 secs]
224.927: Total time for which application threads were stopped: 0.0048169 seconds, Stopping threads took: 0.0000203 seconds
224.995: [GC (Allocation Failure)  812486K->484195K(1034752K), 0.0019783 secs]
224.997: Total time for which application threads were stopped: 0.0021382 seconds, Stopping threads took: 0.0000203 seconds
225.064: [GC (Allocation Failure)  805731K->491054K(1034752K), 0.0043554 secs]
225.069: Total time for which application threads were stopped: 0.0045331 seconds, Stopping threads took: 0.0000208 seconds
225.135: [GC (Allocation Failure)  812590K->495134K(1034752K), 0.0055772 secs]
225.141: Total time for which application threads were stopped: 0.0057412 seconds, Stopping threads took: 0.0000206 seconds
225.206: [GC (Allocation Failure)  816670K->489563K(1034752K), 0.0025622 secs]
225.209: Total time for which application threads were stopped: 0.0027272 seconds, Stopping threads took: 0.0000201 seconds
225.277: [GC (Allocation Failure)  811099K->495398K(1034752K), 0.0046612 secs]
225.282: Total time for which application threads were stopped: 0.0048197 seconds, Stopping threads took: 0.0000195 seconds
225.350: [GC (Allocation Failure)  816934K->499262K(1035264K), 0.0090585 secs]
225.359: Total time for which application threads were stopped: 0.0092191 seconds, Stopping threads took: 0.0000269 seconds
225.426: [GC (Allocation Failure)  821750K->495323K(1035264K), 0.0034843 secs]
225.430: Total time for which application threads were stopped: 0.0036500 seconds, Stopping threads took: 0.0000195 seconds
225.498: [GC (Allocation Failure)  817883K->499398K(1036288K), 0.0047668 secs]
225.503: Total time for which application threads were stopped: 0.0049375 seconds, Stopping threads took: 0.0000196 seconds
225.570: [GC (Allocation Failure)  823494K->503398K(1035776K), 0.0044849 secs]
225.575: Total time for which application threads were stopped: 0.0046476 seconds, Stopping threads took: 0.0000201 seconds
225.644: [GC (Allocation Failure)  827494K->503398K(1035776K), 0.0045299 secs]
225.648: Total time for which application threads were stopped: 0.0047131 seconds, Stopping threads took: 0.0000201 seconds
225.717: [GC (Allocation Failure)  826982K->503462K(1023488K), 0.0047408 secs]
225.722: Total time for which application threads were stopped: 0.0049042 seconds, Stopping threads took: 0.0000204 seconds
225.788: [GC (Allocation Failure)  827046K->511464K(1035264K), 0.0048947 secs]
225.793: Total time for which application threads were stopped: 0.0050558 seconds, Stopping threads took: 0.0000199 seconds
225.863: [GC (Allocation Failure)  834024K->511432K(1030144K), 0.0045105 secs]
225.867: Total time for which application threads were stopped: 0.0046692 seconds, Stopping threads took: 0.0000194 seconds
225.934: [GC (Allocation Failure)  833992K->511496K(1034752K), 0.0046253 secs]
225.939: Total time for which application threads were stopped: 0.0047879 seconds, Stopping threads took: 0.0000194 seconds
226.006: [GC (Allocation Failure)  833032K->519498K(1029120K), 0.0047969 secs]
226.011: Total time for which application threads were stopped: 0.0049647 seconds, Stopping threads took: 0.0000196 seconds
226.079: [GC (Allocation Failure)  841034K->519466K(1034240K), 0.0042984 secs]
226.083: Total time for which application threads were stopped: 0.0044852 seconds, Stopping threads took: 0.0000195 seconds
226.151: [GC (Allocation Failure)  839978K->519690K(1034240K), 0.0046484 secs]
226.156: Total time for which application threads were stopped: 0.0047954 seconds, Stopping threads took: 0.0000177 seconds
226.225: [GC (Allocation Failure)  840202K->527532K(1034240K), 0.0043616 secs]
226.229: Total time for which application threads were stopped: 0.0045133 seconds, Stopping threads took: 0.0000180 seconds
226.298: [GC (Allocation Failure)  848044K->527532K(1028096K), 0.0045800 secs]
226.303: Total time for which application threads were stopped: 0.0047531 seconds, Stopping threads took: 0.0000278 seconds
226.372: [GC (Allocation Failure)  848044K->527948K(1033728K), 0.0048274 secs]
226.377: Total time for which application threads were stopped: 0.0050409 seconds, Stopping threads took: 0.0000200 seconds
226.446: [GC (Allocation Failure)  847436K->535567K(1033728K), 0.0047064 secs]
226.451: Total time for which application threads were stopped: 0.0048886 seconds, Stopping threads took: 0.0000198 seconds
226.518: [GC (Allocation Failure)  855055K->535535K(1033728K), 0.0046703 secs]
226.523: Total time for which application threads were stopped: 0.0048411 seconds, Stopping threads took: 0.0000208 seconds
226.587: [GC (Allocation Failure)  855023K->535663K(1033728K), 0.0108149 secs]
226.598: Total time for which application threads were stopped: 0.0110205 seconds, Stopping threads took: 0.0000197 seconds
226.667: [GC (Allocation Failure)  855151K->543601K(1033728K), 0.0046968 secs]
226.672: Total time for which application threads were stopped: 0.0048600 seconds, Stopping threads took: 0.0000195 seconds
226.739: [GC (Allocation Failure)  863089K->543569K(1033728K), 0.0047223 secs]
226.744: Total time for which application threads were stopped: 0.0048893 seconds, Stopping threads took: 0.0000197 seconds
226.810: [GC (Allocation Failure)  863057K->543625K(1032704K), 0.0046794 secs]
226.815: Total time for which application threads were stopped: 0.0048547 seconds, Stopping threads took: 0.0000275 seconds
226.882: [GC (Allocation Failure)  862089K->551627K(1033216K), 0.0046917 secs]
226.887: Total time for which application threads were stopped: 0.0048517 seconds, Stopping threads took: 0.0000198 seconds
226.953: [GC (Allocation Failure)  870091K->546025K(1033728K), 0.0026243 secs]
226.956: Total time for which application threads were stopped: 0.0027752 seconds, Stopping threads took: 0.0000188 seconds
227.022: [GC (Allocation Failure)  865001K->551851K(1033216K), 0.0047449 secs]
227.027: Total time for which application threads were stopped: 0.0049179 seconds, Stopping threads took: 0.0000203 seconds
227.094: [GC (Allocation Failure)  870827K->555739K(1034240K), 0.0049125 secs]
227.099: Total time for which application threads were stopped: 0.0050742 seconds, Stopping threads took: 0.0000204 seconds
227.166: [GC (Allocation Failure)  876251K->561657K(1034240K), 0.0090589 secs]
227.175: Total time for which application threads were stopped: 0.0092344 seconds, Stopping threads took: 0.0000194 seconds
227.242: [GC (Allocation Failure)  882169K->555899K(1030144K), 0.0049851 secs]
227.248: Total time for which application threads were stopped: 0.0051541 seconds, Stopping threads took: 0.0000187 seconds
227.314: [GC (Allocation Failure)  872315K->555739K(1032192K), 0.0046356 secs]
227.319: Total time for which application threads were stopped: 0.0047969 seconds, Stopping threads took: 0.0000205 seconds
227.386: [GC (Allocation Failure)  872155K->551577K(1033216K), 0.0038825 secs]
227.390: Total time for which application threads were stopped: 0.0040539 seconds, Stopping threads took: 0.0000200 seconds
227.459: [GC (Allocation Failure)  869529K->555835K(1032704K), 0.0047410 secs]
227.464: Total time for which application threads were stopped: 0.0049192 seconds, Stopping threads took: 0.0000193 seconds
227.530: [GC (Allocation Failure)  873787K->555739K(1033728K), 0.0047723 secs]
227.534: Total time for which application threads were stopped: 0.0049378 seconds, Stopping threads took: 0.0000193 seconds
227.600: [GC (Allocation Failure)  874715K->559355K(1033216K), 0.0054966 secs]
227.606: Total time for which application threads were stopped: 0.0056656 seconds, Stopping threads took: 0.0000200 seconds
227.674: [GC (Allocation Failure)  878331K->563837K(1034240K), 0.0044723 secs]
227.678: Total time for which application threads were stopped: 0.0046659 seconds, Stopping threads took: 0.0000194 seconds
227.746: [GC (Allocation Failure)  883837K->563805K(1033728K), 0.0047381 secs]
227.751: Total time for which application threads were stopped: 0.0049027 seconds, Stopping threads took: 0.0000193 seconds
227.816: [GC (Allocation Failure)  883805K->567069K(1034240K), 0.0054334 secs]
227.822: Total time for which application threads were stopped: 0.0055934 seconds, Stopping threads took: 0.0000264 seconds
227.890: [GC (Allocation Failure)  887581K->571808K(1034240K), 0.0047072 secs]
227.895: Total time for which application threads were stopped: 0.0048714 seconds, Stopping threads took: 0.0000205 seconds
227.963: [GC (Allocation Failure)  892320K->571808K(1034752K), 0.0045307 secs]
227.967: Total time for which application threads were stopped: 0.0046902 seconds, Stopping threads took: 0.0000196 seconds
228.032: [GC (Allocation Failure)  893344K->574280K(1034752K), 0.0049170 secs]
228.037: Total time for which application threads were stopped: 0.0051305 seconds, Stopping threads took: 0.0000199 seconds
228.106: [GC (Allocation Failure)  895816K->579882K(1034752K), 0.0046531 secs]
228.111: Total time for which application threads were stopped: 0.0048132 seconds, Stopping threads took: 0.0000174 seconds
228.178: [GC (Allocation Failure)  901418K->579850K(1034752K), 0.0047847 secs]
228.183: Total time for which application threads were stopped: 0.0049816 seconds, Stopping threads took: 0.0000203 seconds
228.249: [GC (Allocation Failure)  901386K->583530K(1035264K), 0.0055050 secs]
228.255: Total time for which application threads were stopped: 0.0056737 seconds, Stopping threads took: 0.0000258 seconds
228.323: [GC (Allocation Failure)  905578K->587916K(1034752K), 0.0047266 secs]
228.328: Total time for which application threads were stopped: 0.0049038 seconds, Stopping threads took: 0.0000265 seconds
228.397: [GC (Allocation Failure)  909964K->587884K(1035264K), 0.0044821 secs]
228.401: Total time for which application threads were stopped: 0.0046782 seconds, Stopping threads took: 0.0000205 seconds
228.470: [GC (Allocation Failure)  910444K->590764K(1035264K), 0.0051229 secs]
228.475: Total time for which application threads were stopped: 0.0052863 seconds, Stopping threads took: 0.0000172 seconds
228.543: [GC (Allocation Failure)  913324K->596015K(1035264K), 0.0047527 secs]
228.547: Total time for which application threads were stopped: 0.0049179 seconds, Stopping threads took: 0.0000207 seconds
228.616: [GC (Allocation Failure)  918575K->595887K(1035264K), 0.0048067 secs]
228.621: Total time for which application threads were stopped: 0.0049770 seconds, Stopping threads took: 0.0000205 seconds
228.688: [GC (Allocation Failure)  918447K->598983K(1035264K), 0.0053246 secs]
228.693: Total time for which application threads were stopped: 0.0055100 seconds, Stopping threads took: 0.0000254 seconds
228.761: [GC (Allocation Failure)  921543K->603977K(1035264K), 0.0047308 secs]
228.766: Total time for which application threads were stopped: 0.0049098 seconds, Stopping threads took: 0.0000198 seconds
228.835: [GC (Allocation Failure)  926537K->603977K(1035264K), 0.0047184 secs]
228.840: Total time for which application threads were stopped: 0.0048971 seconds, Stopping threads took: 0.0000257 seconds
228.908: [GC (Allocation Failure)  926537K->599207K(1035264K), 0.0029280 secs]
228.911: Total time for which application threads were stopped: 0.0030918 seconds, Stopping threads took: 0.0000187 seconds
228.979: [GC (Allocation Failure)  921767K->604201K(1035264K), 0.0060998 secs]
228.985: Total time for which application threads were stopped: 0.0062752 seconds, Stopping threads took: 0.0000201 seconds
229.053: [GC (Allocation Failure)  926761K->603977K(1035264K), 0.0046327 secs]
229.057: Total time for which application threads were stopped: 0.0048131 seconds, Stopping threads took: 0.0000197 seconds
229.126: [GC (Allocation Failure)  926537K->603495K(1035776K), 0.0047486 secs]
229.131: Total time for which application threads were stopped: 0.0049182 seconds, Stopping threads took: 0.0000193 seconds
229.198: [GC (Allocation Failure)  926567K->604137K(1035264K), 0.0048393 secs]
229.203: Total time for which application threads were stopped: 0.0050204 seconds, Stopping threads took: 0.0000204 seconds
229.273: [GC (Allocation Failure)  927209K->603945K(1035776K), 0.0048319 secs]
229.278: Total time for which application threads were stopped: 0.0049953 seconds, Stopping threads took: 0.0000199 seconds
229.347: [GC (Allocation Failure)  927529K->609783K(1035776K), 0.0101532 secs]
229.357: Total time for which application threads were stopped: 0.0102929 seconds, Stopping threads took: 0.0000166 seconds
229.425: [GC (Allocation Failure)  933367K->605209K(1032704K), 0.0045554 secs]
229.430: Total time for which application threads were stopped: 0.0047210 seconds, Stopping threads took: 0.0000171 seconds
229.498: [GC (Allocation Failure)  925721K->605081K(1034240K), 0.0048022 secs]
229.502: Total time for which application threads were stopped: 0.0049961 seconds, Stopping threads took: 0.0000199 seconds
229.571: [GC (Allocation Failure)  925593K->612119K(1030656K), 0.0078030 secs]
229.579: Total time for which application threads were stopped: 0.0079960 seconds, Stopping threads took: 0.0000192 seconds
229.646: [GC (Allocation Failure)  929559K->606457K(1032704K), 0.0048411 secs]
229.651: Total time for which application threads were stopped: 0.0049994 seconds, Stopping threads took: 0.0000174 seconds
229.718: [GC (Allocation Failure)  923897K->606361K(1033728K), 0.0047639 secs]
229.723: Total time for which application threads were stopped: 0.0049385 seconds, Stopping threads took: 0.0000209 seconds
229.789: [GC (Allocation Failure)  925337K->603959K(1033216K), 0.0038737 secs]
229.793: Total time for which application threads were stopped: 0.0040459 seconds, Stopping threads took: 0.0000193 seconds
229.860: [GC (Allocation Failure)  922935K->606393K(1034752K), 0.0046205 secs]
229.865: Total time for which application threads were stopped: 0.0048047 seconds, Stopping threads took: 0.0000265 seconds
229.932: [GC (Allocation Failure)  927417K->606361K(1034240K), 0.0046658 secs]
229.937: Total time for which application threads were stopped: 0.0048379 seconds, Stopping threads took: 0.0000196 seconds
230.003: [GC (Allocation Failure)  927385K->601591K(1034240K), 0.0030468 secs]
230.006: Total time for which application threads were stopped: 0.0032142 seconds, Stopping threads took: 0.0000201 seconds
230.074: [GC (Allocation Failure)  923127K->606585K(1034752K), 0.0048272 secs]
230.078: Total time for which application threads were stopped: 0.0050130 seconds, Stopping threads took: 0.0000200 seconds
230.147: [GC (Allocation Failure)  928121K->606361K(1035776K), 0.0047779 secs]
230.152: Total time for which application threads were stopped: 0.0049289 seconds, Stopping threads took: 0.0000177 seconds
230.218: [GC (Allocation Failure)  929433K->604311K(1035264K), 0.0039652 secs]
230.222: Total time for which application threads were stopped: 0.0041313 seconds, Stopping threads took: 0.0000184 seconds
230.288: [GC (Allocation Failure)  927383K->606553K(1036288K), 0.0050021 secs]
230.293: Total time for which application threads were stopped: 0.0051831 seconds, Stopping threads took: 0.0000195 seconds
230.366: [GC (Allocation Failure)  930649K->606361K(1035776K), 0.0045909 secs]
230.371: Total time for which application threads were stopped: 0.0047402 seconds, Stopping threads took: 0.0000176 seconds
230.440: [GC (Allocation Failure)  930457K->612183K(1033216K), 0.0074143 secs]
230.448: Total time for which application threads were stopped: 0.0075757 seconds, Stopping threads took: 0.0000190 seconds
230.516: [GC (Allocation Failure)  933719K->608057K(1034752K), 0.0048089 secs]
230.521: Total time for which application threads were stopped: 0.0049802 seconds, Stopping threads took: 0.0000206 seconds
230.588: [GC (Allocation Failure)  929593K->607961K(1035264K), 0.0047369 secs]
230.592: Total time for which application threads were stopped: 0.0049003 seconds, Stopping threads took: 0.0000200 seconds
230.660: [GC (Allocation Failure)  930521K->616039K(1035264K), 0.0108768 secs]
230.671: Total time for which application threads were stopped: 0.0110440 seconds, Stopping threads took: 0.0000191 seconds
230.739: [GC (Allocation Failure)  938599K->610889K(1032192K), 0.0049764 secs]
230.744: Total time for which application threads were stopped: 0.0051358 seconds, Stopping threads took: 0.0000195 seconds
230.811: [GC (Allocation Failure)  930377K->610793K(1033728K), 0.0046454 secs]
230.816: Total time for which application threads were stopped: 0.0048093 seconds, Stopping threads took: 0.0000192 seconds
230.881: [GC (Allocation Failure)  930281K->617063K(1031680K), 0.0073650 secs]
230.888: Total time for which application threads were stopped: 0.0075189 seconds, Stopping threads took: 0.0000193 seconds
230.955: [GC (Allocation Failure)  934503K->610825K(1032704K), 0.0048351 secs]
230.959: Total time for which application threads were stopped: 0.0050012 seconds, Stopping threads took: 0.0000200 seconds
231.026: [GC (Allocation Failure)  928265K->610761K(1033216K), 0.0047551 secs]
231.030: Total time for which application threads were stopped: 0.0049186 seconds, Stopping threads took: 0.0000198 seconds
231.096: [GC (Allocation Failure)  928713K->606503K(1032704K), 0.0031354 secs]
231.100: Total time for which application threads were stopped: 0.0032947 seconds, Stopping threads took: 0.0000193 seconds
231.166: [GC (Allocation Failure)  924455K->610985K(1033728K), 0.0049120 secs]
231.171: Total time for which application threads were stopped: 0.0050808 seconds, Stopping threads took: 0.0000191 seconds
231.238: [GC (Allocation Failure)  929449K->610793K(1032704K), 0.0046719 secs]
231.243: Total time for which application threads were stopped: 0.0048377 seconds, Stopping threads took: 0.0000210 seconds
231.308: [GC (Allocation Failure)  929257K->614209K(1033216K), 0.0082558 secs]
231.316: Total time for which application threads were stopped: 0.0084306 seconds, Stopping threads took: 0.0000251 seconds
231.386: [GC (Allocation Failure)  933697K->618851K(1033728K), 0.0048239 secs]
231.391: Total time for which application threads were stopped: 0.0050177 seconds, Stopping threads took: 0.0000196 seconds
231.460: [GC (Allocation Failure)  938339K->618819K(1034752K), 0.0047955 secs]
231.465: Total time for which application threads were stopped: 0.0049618 seconds, Stopping threads took: 0.0000164 seconds
231.533: [GC (Allocation Failure)  939843K->618891K(1034240K), 0.0048764 secs]
231.538: Total time for which application threads were stopped: 0.0050512 seconds, Stopping threads took: 0.0000201 seconds
231.608: [GC (Allocation Failure)  939915K->626989K(1034752K), 0.0050426 secs]
231.613: Total time for which application threads were stopped: 0.0052209 seconds, Stopping threads took: 0.0000244 seconds
231.682: [GC (Allocation Failure)  948013K->626893K(1034240K), 0.0048451 secs]
231.687: Total time for which application threads were stopped: 0.0050180 seconds, Stopping threads took: 0.0000203 seconds
231.753: [GC (Allocation Failure)  947917K->630701K(1034752K), 0.0057523 secs]
231.759: Total time for which application threads were stopped: 0.0059194 seconds, Stopping threads took: 0.0000207 seconds
231.827: [GC (Allocation Failure)  952237K->634960K(1034752K), 0.0049632 secs]
231.832: Total time for which application threads were stopped: 0.0051294 seconds, Stopping threads took: 0.0000188 seconds
231.899: [GC (Allocation Failure)  956496K->634896K(1035264K), 0.0047935 secs]
231.903: Total time for which application threads were stopped: 0.0049850 seconds, Stopping threads took: 0.0000209 seconds
231.972: [GC (Allocation Failure)  957456K->636872K(1035264K), 0.0049905 secs]
231.977: Total time for which application threads were stopped: 0.0051387 seconds, Stopping threads took: 0.0000171 seconds
232.045: [GC (Allocation Failure)  959432K->642922K(1035264K), 0.0046895 secs]
232.050: Total time for which application threads were stopped: 0.0048713 seconds, Stopping threads took: 0.0000204 seconds
232.118: [GC (Allocation Failure)  965482K->642954K(1035264K), 0.0048805 secs]
232.123: Total time for which application threads were stopped: 0.0050515 seconds, Stopping threads took: 0.0000191 seconds
232.190: [GC (Allocation Failure)  965514K->645130K(1035264K), 0.0053051 secs]
232.195: Total time for which application threads were stopped: 0.0054666 seconds, Stopping threads took: 0.0000196 seconds
232.263: [GC (Allocation Failure)  967690K->651180K(1035264K), 0.0049612 secs]
232.268: Total time for which application threads were stopped: 0.0051378 seconds, Stopping threads took: 0.0000191 seconds
232.335: [GC (Allocation Failure)  973740K->650956K(1035264K), 0.0057001 secs]
232.341: Total time for which application threads were stopped: 0.0058703 seconds, Stopping threads took: 0.0000263 seconds
232.409: [GC (Allocation Failure)  973516K->645290K(1035264K), 0.0027018 secs]
232.412: Total time for which application threads were stopped: 0.0028669 seconds, Stopping threads took: 0.0000189 seconds
232.481: [GC (Allocation Failure)  967850K->651116K(1035264K), 0.0052463 secs]
232.486: Total time for which application threads were stopped: 0.0054498 seconds, Stopping threads took: 0.0000202 seconds
232.555: [GC (Allocation Failure)  973676K->650956K(1035264K), 0.0048816 secs]
232.560: Total time for which application threads were stopped: 0.0050505 seconds, Stopping threads took: 0.0000197 seconds
232.626: [GC (Allocation Failure)  973516K->649610K(1035776K), 0.0045680 secs]
232.631: Total time for which application threads were stopped: 0.0047560 seconds, Stopping threads took: 0.0000185 seconds
232.699: [GC (Allocation Failure)  972682K->651020K(1035264K), 0.0049512 secs]
232.704: Total time for which application threads were stopped: 0.0051264 seconds, Stopping threads took: 0.0000206 seconds
232.774: [GC (Allocation Failure)  974092K->650956K(1036288K), 0.0050491 secs]
232.779: Total time for which application threads were stopped: 0.0052183 seconds, Stopping threads took: 0.0000200 seconds
232.849: [GC (Allocation Failure)  975052K->656426K(1035776K), 0.0073702 secs]
232.856: Total time for which application threads were stopped: 0.0075540 seconds, Stopping threads took: 0.0000256 seconds
232.926: [GC (Allocation Failure)  980522K->652236K(1033728K), 0.0050345 secs]
232.931: Total time for which application threads were stopped: 0.0051926 seconds, Stopping threads took: 0.0000192 seconds
233.000: [GC (Allocation Failure)  973772K->652204K(1034752K), 0.0047804 secs]
233.005: Total time for which application threads were stopped: 0.0049853 seconds, Stopping threads took: 0.0000199 seconds
233.070: [GC (Allocation Failure)  973740K->645130K(1034240K), 0.0020810 secs]
233.072: Total time for which application threads were stopped: 0.0022385 seconds, Stopping threads took: 0.0000194 seconds
233.140: [GC (Allocation Failure)  966666K->652500K(1034752K), 0.0049290 secs]
233.145: Total time for which application threads were stopped: 0.0050990 seconds, Stopping threads took: 0.0000200 seconds
233.212: [GC (Allocation Failure)  974036K->656348K(1035264K), 0.0059732 secs]
233.218: Total time for which application threads were stopped: 0.0061519 seconds, Stopping threads took: 0.0000203 seconds
233.285: [GC (Allocation Failure)  978908K->651514K(1035264K), 0.0032742 secs]
233.289: Total time for which application threads were stopped: 0.0034492 seconds, Stopping threads took: 0.0000206 seconds
233.358: [GC (Allocation Failure)  974074K->656588K(1035776K), 0.0046739 secs]
233.363: Total time for which application threads were stopped: 0.0048167 seconds, Stopping threads took: 0.0000149 seconds
233.431: [GC (Allocation Failure)  979660K->660524K(1035264K), 0.0050196 secs]
233.436: Total time for which application threads were stopped: 0.0051758 seconds, Stopping threads took: 0.0000179 seconds
233.502: [GC (Allocation Failure)  983596K->660524K(1035776K), 0.0049626 secs]
233.507: Total time for which application threads were stopped: 0.0051219 seconds, Stopping threads took: 0.0000187 seconds
233.573: [GC (Allocation Failure)  984108K->660644K(1023488K), 0.0050940 secs]
233.579: Total time for which application threads were stopped: 0.0052544 seconds, Stopping threads took: 0.0000199 seconds
233.646: [GC (Allocation Failure)  984228K->668550K(1035264K), 0.0049422 secs]
233.651: Total time for which application threads were stopped: 0.0051010 seconds, Stopping threads took: 0.0000194 seconds
233.720: [GC (Allocation Failure)  991110K->668518K(1035264K), 0.0049622 secs]
233.725: Total time for which application threads were stopped: 0.0051234 seconds, Stopping threads took: 0.0000195 seconds
233.792: [GC (Allocation Failure)  991078K->668646K(1034240K), 0.0048209 secs]
233.797: Total time for which application threads were stopped: 0.0049850 seconds, Stopping threads took: 0.0000203 seconds
233.865: [GC (Allocation Failure)  990182K->676585K(1034752K), 0.0046653 secs]
233.869: Total time for which application threads were stopped: 0.0048164 seconds, Stopping threads took: 0.0000179 seconds
233.936: [GC (Allocation Failure)  998121K->676521K(1034752K), 0.0049535 secs]
233.941: Total time for which application threads were stopped: 0.0051250 seconds, Stopping threads took: 0.0000195 seconds
234.006: [GC (Allocation Failure)  998057K->676905K(1034752K), 0.0049709 secs]
234.011: Total time for which application threads were stopped: 0.0051329 seconds, Stopping threads took: 0.0000196 seconds
234.078: [GC (Allocation Failure)  998441K->684587K(1033728K), 0.0049364 secs]
234.083: Total time for which application threads were stopped: 0.0050955 seconds, Stopping threads took: 0.0000200 seconds
234.149: [GC (Allocation Failure)  1005099K->684587K(1034240K), 0.0048332 secs]
234.154: Total time for which application threads were stopped: 0.0050054 seconds, Stopping threads took: 0.0000206 seconds
234.221: [GC (Allocation Failure)  1005099K->685123K(1034240K), 0.0052929 secs]
234.226: Total time for which application threads were stopped: 0.0054788 seconds, Stopping threads took: 0.0000202 seconds
234.294: [GC (Allocation Failure)  1005635K->692581K(1034240K), 0.0047967 secs]
234.299: Total time for which application threads were stopped: 0.0049727 seconds, Stopping threads took: 0.0000198 seconds
234.368: [GC (Allocation Failure)  1013093K->692613K(1034240K), 0.0047380 secs]
234.373: Total time for which application threads were stopped: 0.0049241 seconds, Stopping threads took: 0.0000168 seconds
234.441: [GC (Allocation Failure)  1013125K->692837K(1034240K), 0.0050637 secs]
234.446: [Full GC (Ergonomics)  692837K->8683K(1034240K), 0.0121269 secs]
234.458: Total time for which application threads were stopped: 0.0174440 seconds, Stopping threads took: 0.0000202 seconds
234.526: [GC (Allocation Failure)  329195K->17070K(1033216K), 0.0037030 secs]
234.530: Total time for which application threads were stopped: 0.0038525 seconds, Stopping threads took: 0.0000174 seconds
234.597: [GC (Allocation Failure)  336558K->17134K(1033728K), 0.0034724 secs]
234.601: Total time for which application threads were stopped: 0.0036689 seconds, Stopping threads took: 0.0000200 seconds
234.669: [GC (Allocation Failure)  336622K->17254K(1033728K), 0.0038849 secs]
234.673: Total time for which application threads were stopped: 0.0040525 seconds, Stopping threads took: 0.0000186 seconds
234.739: [GC (Allocation Failure)  336742K->25128K(1033728K), 0.0036259 secs]
234.743: Total time for which application threads were stopped: 0.0037878 seconds, Stopping threads took: 0.0000202 seconds
234.808: [GC (Allocation Failure)  344616K->21222K(1034240K), 0.0025920 secs]
234.811: Total time for which application threads were stopped: 0.0027474 seconds, Stopping threads took: 0.0000208 seconds
234.878: [GC (Allocation Failure)  341222K->25288K(1033728K), 0.0036709 secs]
234.882: Total time for which application threads were stopped: 0.0038434 seconds, Stopping threads took: 0.0000199 seconds
234.949: [GC (Allocation Failure)  345288K->29256K(1034752K), 0.0034777 secs]
234.952: Total time for which application threads were stopped: 0.0036384 seconds, Stopping threads took: 0.0000206 seconds
235.019: [GC (Allocation Failure)  350792K->23526K(1034752K), 0.0014068 secs]
235.021: Total time for which application threads were stopped: 0.0015392 seconds, Stopping threads took: 0.0000195 seconds
235.091: [GC (Allocation Failure)  345062K->29296K(1035776K), 0.0038363 secs]
235.095: Total time for which application threads were stopped: 0.0040109 seconds, Stopping threads took: 0.0000203 seconds
235.163: [GC (Allocation Failure)  351856K->33408K(1034752K), 0.0038281 secs]
235.166: Total time for which application threads were stopped: 0.0039856 seconds, Stopping threads took: 0.0000195 seconds
235.233: [GC (Allocation Failure)  355706K->29534K(1035776K), 0.0023920 secs]
235.236: Total time for which application threads were stopped: 0.0025318 seconds, Stopping threads took: 0.0000175 seconds
235.304: [GC (Allocation Failure)  352606K->33576K(1035264K), 0.0036718 secs]
235.308: Total time for which application threads were stopped: 0.0038293 seconds, Stopping threads took: 0.0000198 seconds
235.379: [GC (Allocation Failure)  356648K->37576K(1035264K), 0.0037440 secs]
235.383: Total time for which application threads were stopped: 0.0039398 seconds, Stopping threads took: 0.0000201 seconds
235.452: [GC (Allocation Failure)  361160K->37544K(1035776K), 0.0036754 secs]
235.456: Total time for which application threads were stopped: 0.0038436 seconds, Stopping threads took: 0.0000196 seconds
235.523: [GC (Allocation Failure)  361128K->37608K(1034752K), 0.0038136 secs]
235.527: Total time for which application threads were stopped: 0.0039750 seconds, Stopping threads took: 0.0000197 seconds
235.594: [GC (Allocation Failure)  360168K->45578K(1035264K), 0.0037723 secs]
235.598: Total time for which application threads were stopped: 0.0039269 seconds, Stopping threads took: 0.0000194 seconds
235.664: [GC (Allocation Failure)  368138K->45578K(1034240K), 0.0036337 secs]
235.668: Total time for which application threads were stopped: 0.0038038 seconds, Stopping threads took: 0.0000195 seconds
235.736: [GC (Allocation Failure)  367114K->45642K(1034752K), 0.0038060 secs]
235.740: Total time for which application threads were stopped: 0.0039692 seconds, Stopping threads took: 0.0000202 seconds
235.806: [GC (Allocation Failure)  367178K->53580K(1034752K), 0.0038819 secs]
235.810: Total time for which application threads were stopped: 0.0040574 seconds, Stopping threads took: 0.0000266 seconds
235.877: [GC (Allocation Failure)  375116K->53612K(1029120K), 0.0036760 secs]
235.881: Total time for which application threads were stopped: 0.0038548 seconds, Stopping threads took: 0.0000202 seconds
235.946: [GC (Allocation Failure)  375148K->53868K(1034240K), 0.0038188 secs]
235.950: Total time for which application threads were stopped: 0.0039882 seconds, Stopping threads took: 0.0000199 seconds
236.017: [GC (Allocation Failure)  374380K->61647K(1034240K), 0.0037069 secs]
236.021: Total time for which application threads were stopped: 0.0038656 seconds, Stopping threads took: 0.0000195 seconds
236.089: [GC (Allocation Failure)  382159K->61679K(1034240K), 0.0037588 secs]
236.093: Total time for which application threads were stopped: 0.0039808 seconds, Stopping threads took: 0.0000493 seconds
236.160: [GC (Allocation Failure)  382191K->62087K(1034240K), 0.0037195 secs]
236.163: Total time for which application threads were stopped: 0.0038915 seconds, Stopping threads took: 0.0000290 seconds
236.229: [GC (Allocation Failure)  382599K->69673K(1033216K), 0.0046363 secs]
236.233: Total time for which application threads were stopped: 0.0048134 seconds, Stopping threads took: 0.0000200 seconds
236.300: [GC (Allocation Failure)  389161K->69705K(1033728K), 0.0036370 secs]
236.304: Total time for which application threads were stopped: 0.0038036 seconds, Stopping threads took: 0.0000210 seconds
236.372: [GC (Allocation Failure)  389193K->69833K(1033728K), 0.0038132 secs]
236.376: Total time for which application threads were stopped: 0.0039815 seconds, Stopping threads took: 0.0000196 seconds
236.443: [GC (Allocation Failure)  389321K->77739K(1033728K), 0.0037015 secs]
236.447: Total time for which application threads were stopped: 0.0038618 seconds, Stopping threads took: 0.0000200 seconds
236.515: [GC (Allocation Failure)  397227K->77707K(1033728K), 0.0036209 secs]
236.518: Total time for which application threads were stopped: 0.0037988 seconds, Stopping threads took: 0.0000203 seconds
236.586: [GC (Allocation Failure)  397195K->77771K(1033728K), 0.0038992 secs]
236.590: Total time for which application threads were stopped: 0.0040627 seconds, Stopping threads took: 0.0000195 seconds
236.657: [GC (Allocation Failure)  397259K->85710K(1032704K), 0.0037876 secs]
236.661: Total time for which application threads were stopped: 0.0039728 seconds, Stopping threads took: 0.0000205 seconds
236.730: [GC (Allocation Failure)  404174K->80203K(1033216K), 0.0015013 secs]
236.731: Total time for which application threads were stopped: 0.0016365 seconds, Stopping threads took: 0.0000196 seconds
236.800: [GC (Allocation Failure)  398667K->85990K(1034752K), 0.0038531 secs]
236.804: Total time for which application threads were stopped: 0.0040314 seconds, Stopping threads took: 0.0000178 seconds
236.872: [GC (Allocation Failure)  406502K->89846K(1033728K), 0.0040050 secs]
236.876: Total time for which application threads were stopped: 0.0041929 seconds, Stopping threads took: 0.0000272 seconds
236.945: [GC (Allocation Failure)  410358K->96779K(1029120K), 0.0067490 secs]
236.952: Total time for which application threads were stopped: 0.0069065 seconds, Stopping threads took: 0.0000162 seconds
237.020: [GC (Allocation Failure)  412171K->90702K(1031680K), 0.0040961 secs]
237.024: Total time for which application threads were stopped: 0.0042775 seconds, Stopping threads took: 0.0000194 seconds
237.090: [GC (Allocation Failure)  406094K->90510K(1032704K), 0.0045270 secs]
237.095: Total time for which application threads were stopped: 0.0046905 seconds, Stopping threads took: 0.0000206 seconds
237.160: [GC (Allocation Failure)  407438K->93934K(1032192K), 0.0044954 secs]
237.164: Total time for which application threads were stopped: 0.0046835 seconds, Stopping threads took: 0.0000226 seconds
237.231: [GC (Allocation Failure)  410862K->98672K(1033216K), 0.0037909 secs]
237.235: Total time for which application threads were stopped: 0.0039857 seconds, Stopping threads took: 0.0000203 seconds
237.304: [GC (Allocation Failure)  416624K->98576K(1032704K), 0.0041498 secs]
237.308: Total time for which application threads were stopped: 0.0043282 seconds, Stopping threads took: 0.0000195 seconds
237.377: [GC (Allocation Failure)  416528K->99560K(1033216K), 0.0039293 secs]
237.381: Total time for which application threads were stopped: 0.0040883 seconds, Stopping threads took: 0.0000173 seconds
237.448: [GC (Allocation Failure)  418024K->106602K(1033216K), 0.0038983 secs]
237.452: Total time for which application threads were stopped: 0.0040711 seconds, Stopping threads took: 0.0000194 seconds
237.518: [GC (Allocation Failure)  425066K->106570K(1033728K), 0.0046224 secs]
237.523: Total time for which application threads were stopped: 0.0047961 seconds, Stopping threads took: 0.0000201 seconds
237.589: [GC (Allocation Failure)  425546K->108234K(1033216K), 0.0042911 secs]
237.593: Total time for which application threads were stopped: 0.0045172 seconds, Stopping threads took: 0.0000447 seconds
237.663: [GC (Allocation Failure)  427210K->114668K(1033728K), 0.0038057 secs]
237.667: Total time for which application threads were stopped: 0.0039654 seconds, Stopping threads took: 0.0000184 seconds
237.733: [GC (Allocation Failure)  434156K->114604K(1033728K), 0.0040893 secs]
237.737: Total time for which application threads were stopped: 0.0042505 seconds, Stopping threads took: 0.0000192 seconds
237.804: [GC (Allocation Failure)  434092K->114956K(1033728K), 0.0041549 secs]
237.808: Total time for which application threads were stopped: 0.0043224 seconds, Stopping threads took: 0.0000192 seconds
237.875: [GC (Allocation Failure)  434444K->122639K(1033728K), 0.0040017 secs]
237.879: Total time for which application threads were stopped: 0.0041839 seconds, Stopping threads took: 0.0000200 seconds
237.946: [GC (Allocation Failure)  442127K->122639K(1033728K), 0.0037976 secs]
237.950: Total time for which application threads were stopped: 0.0039573 seconds, Stopping threads took: 0.0000190 seconds
238.016: [GC (Allocation Failure)  442127K->126287K(1033728K), 0.0047818 secs]
238.021: Total time for which application threads were stopped: 0.0049574 seconds, Stopping threads took: 0.0000208 seconds
238.091: [GC (Allocation Failure)  445775K->130737K(1034240K), 0.0041213 secs]
238.095: Total time for which application threads were stopped: 0.0042820 seconds, Stopping threads took: 0.0000204 seconds
238.162: [GC (Allocation Failure)  451249K->130705K(1034240K), 0.0038758 secs]
238.166: Total time for which application threads were stopped: 0.0040552 seconds, Stopping threads took: 0.0000196 seconds
238.232: [GC (Allocation Failure)  451217K->131401K(1034240K), 0.0041286 secs]
238.237: Total time for which application threads were stopped: 0.0042927 seconds, Stopping threads took: 0.0000209 seconds
238.305: [GC (Allocation Failure)  451913K->138731K(1034240K), 0.0038561 secs]
238.309: Total time for which application threads were stopped: 0.0040139 seconds, Stopping threads took: 0.0000210 seconds
238.378: [GC (Allocation Failure)  459243K->138699K(1034240K), 0.0038842 secs]
238.381: Total time for which application threads were stopped: 0.0040535 seconds, Stopping threads took: 0.0000198 seconds
238.449: [GC (Allocation Failure)  459211K->139659K(1034240K), 0.0040455 secs]
238.453: Total time for which application threads were stopped: 0.0042191 seconds, Stopping threads took: 0.0000198 seconds
238.521: [GC (Allocation Failure)  460171K->146733K(1034240K), 0.0040175 secs]
238.525: Total time for which application threads were stopped: 0.0041987 seconds, Stopping threads took: 0.0000253 seconds
238.593: [GC (Allocation Failure)  467245K->146733K(1034240K), 0.0038473 secs]
238.597: Total time for which application threads were stopped: 0.0040194 seconds, Stopping threads took: 0.0000203 seconds
238.664: [GC (Allocation Failure)  467245K->147885K(1034240K), 0.0039471 secs]
238.668: Total time for which application threads were stopped: 0.0041110 seconds, Stopping threads took: 0.0000201 seconds
238.737: [GC (Allocation Failure)  468397K->154800K(1034240K), 0.0040416 secs]
238.741: Total time for which application threads were stopped: 0.0042505 seconds, Stopping threads took: 0.0000456 seconds
238.809: [GC (Allocation Failure)  475312K->154768K(1034240K), 0.0039186 secs]
238.813: Total time for which application threads were stopped: 0.0040796 seconds, Stopping threads took: 0.0000260 seconds
238.879: [GC (Allocation Failure)  475280K->155112K(1020416K), 0.0039765 secs]
238.883: Total time for which application threads were stopped: 0.0041432 seconds, Stopping threads took: 0.0000281 seconds
238.951: [GC (Allocation Failure)  475624K->162858K(1033728K), 0.0041232 secs]
238.955: Total time for which application threads were stopped: 0.0042866 seconds, Stopping threads took: 0.0000198 seconds
239.021: [GC (Allocation Failure)  482346K->162794K(1033728K), 0.0040900 secs]
239.025: Total time for which application threads were stopped: 0.0042575 seconds, Stopping threads took: 0.0000190 seconds
239.091: [GC (Allocation Failure)  482282K->163330K(1033728K), 0.0063642 secs]
239.098: Total time for which application threads were stopped: 0.0065430 seconds, Stopping threads took: 0.0000197 seconds
239.165: [GC (Allocation Failure)  482818K->170884K(1033728K), 0.0039244 secs]
239.169: Total time for which application threads were stopped: 0.0040833 seconds, Stopping threads took: 0.0000191 seconds
239.236: [GC (Allocation Failure)  490372K->170852K(1033728K), 0.0052884 secs]
239.241: Total time for which application threads were stopped: 0.0054494 seconds, Stopping threads took: 0.0000195 seconds
239.307: [GC (Allocation Failure)  490340K->171516K(1033728K), 0.0063934 secs]
239.314: Total time for which application threads were stopped: 0.0065803 seconds, Stopping threads took: 0.0000274 seconds
239.384: [GC (Allocation Failure)  491004K->178846K(1033728K), 0.0039952 secs]
239.388: Total time for which application threads were stopped: 0.0041856 seconds, Stopping threads took: 0.0000192 seconds
239.456: [GC (Allocation Failure)  498334K->178846K(1033728K), 0.0039273 secs]
239.460: Total time for which application threads were stopped: 0.0040869 seconds, Stopping threads took: 0.0000258 seconds
239.526: [GC (Allocation Failure)  498334K->180838K(1033728K), 0.0041808 secs]
239.530: Total time for which application threads were stopped: 0.0043489 seconds, Stopping threads took: 0.0000286 seconds
239.599: [GC (Allocation Failure)  500326K->186889K(1033728K), 0.0040095 secs]
239.603: Total time for which application threads were stopped: 0.0041996 seconds, Stopping threads took: 0.0000192 seconds
239.671: [GC (Allocation Failure)  506377K->186889K(1033728K), 0.0040125 secs]
239.675: Total time for which application threads were stopped: 0.0041871 seconds, Stopping threads took: 0.0000199 seconds
239.741: [GC (Allocation Failure)  506377K->188041K(1033728K), 0.0041442 secs]
239.745: Total time for which application threads were stopped: 0.0043325 seconds, Stopping threads took: 0.0000400 seconds
239.813: [GC (Allocation Failure)  507529K->194891K(1033728K), 0.0041475 secs]
239.817: Total time for which application threads were stopped: 0.0043191 seconds, Stopping threads took: 0.0000195 seconds
239.884: [GC (Allocation Failure)  514379K->194955K(1033728K), 0.0039163 secs]
239.888: Total time for which application threads were stopped: 0.0040835 seconds, Stopping threads took: 0.0000200 seconds
239.954: [GC (Allocation Failure)  514443K->195243K(1033728K), 0.0039864 secs]
239.958: Total time for which application threads were stopped: 0.0041472 seconds, Stopping threads took: 0.0000198 seconds
240.025: [GC (Allocation Failure)  514731K->203021K(1033728K), 0.0040608 secs]
240.029: Total time for which application threads were stopped: 0.0042310 seconds, Stopping threads took: 0.0000190 seconds
240.098: [GC (Allocation Failure)  522509K->202957K(1033728K), 0.0039688 secs]
240.102: Total time for which application threads were stopped: 0.0041489 seconds, Stopping threads took: 0.0000195 seconds
240.168: [GC (Allocation Failure)  522445K->203461K(1033728K), 0.0043055 secs]
240.173: Total time for which application threads were stopped: 0.0044893 seconds, Stopping threads took: 0.0000194 seconds
240.240: [GC (Allocation Failure)  522949K->211016K(1033728K), 0.0042487 secs]
240.244: Total time for which application threads were stopped: 0.0044205 seconds, Stopping threads took: 0.0000206 seconds
240.311: [GC (Allocation Failure)  530504K->210984K(1033728K), 0.0040868 secs]
240.316: Total time for which application threads were stopped: 0.0042448 seconds, Stopping threads took: 0.0000191 seconds
240.384: [GC (Allocation Failure)  530472K->211688K(1033728K), 0.0039630 secs]
240.388: Total time for which application threads were stopped: 0.0041541 seconds, Stopping threads took: 0.0000195 seconds
240.456: [GC (Allocation Failure)  531176K->219018K(1033728K), 0.0041227 secs]
240.461: Total time for which application threads were stopped: 0.0042930 seconds, Stopping threads took: 0.0000193 seconds
240.527: [GC (Allocation Failure)  538506K->219050K(1033728K), 0.0041474 secs]
240.531: Total time for which application threads were stopped: 0.0043137 seconds, Stopping threads took: 0.0000195 seconds
240.597: [GC (Allocation Failure)  538538K->219954K(1033728K), 0.0042337 secs]
240.602: Total time for which application threads were stopped: 0.0044079 seconds, Stopping threads took: 0.0000203 seconds
240.669: [GC (Allocation Failure)  539442K->227092K(1033728K), 0.0040546 secs]
240.673: Total time for which application threads were stopped: 0.0042254 seconds, Stopping threads took: 0.0000224 seconds
240.739: [GC (Allocation Failure)  546580K->227028K(1033728K), 0.0040879 secs]
240.743: Total time for which application threads were stopped: 0.0042606 seconds, Stopping threads took: 0.0000199 seconds
240.809: [GC (Allocation Failure)  546516K->227180K(1033728K), 0.0041974 secs]
240.813: Total time for which application threads were stopped: 0.0044105 seconds, Stopping threads took: 0.0000695 seconds
240.881: [GC (Allocation Failure)  546668K->235086K(1027072K), 0.0041264 secs]
240.885: Total time for which application threads were stopped: 0.0042942 seconds, Stopping threads took: 0.0000197 seconds
240.951: [GC (Allocation Failure)  554574K->235086K(1033216K), 0.0040957 secs]
240.956: Total time for which application threads were stopped: 0.0042649 seconds, Stopping threads took: 0.0000193 seconds
241.022: [GC (Allocation Failure)  553550K->235398K(1033216K), 0.0042692 secs]
241.026: Total time for which application threads were stopped: 0.0045773 seconds, Stopping threads took: 0.0000194 seconds
241.093: [GC (Allocation Failure)  553862K->243113K(1033216K), 0.0042077 secs]
241.097: Total time for which application threads were stopped: 0.0043928 seconds, Stopping threads took: 0.0000359 seconds
241.162: [GC (Allocation Failure)  561577K->243145K(1033216K), 0.0044154 secs]
241.167: Total time for which application threads were stopped: 0.0046050 seconds, Stopping threads took: 0.0000222 seconds
241.233: [GC (Allocation Failure)  561609K->243625K(1033216K), 0.0041964 secs]
241.237: Total time for which application threads were stopped: 0.0043818 seconds, Stopping threads took: 0.0000211 seconds
241.303: [GC (Allocation Failure)  562089K->251179K(1033216K), 0.0042647 secs]
241.307: Total time for which application threads were stopped: 0.0044437 seconds, Stopping threads took: 0.0000224 seconds
241.376: [GC (Allocation Failure)  569643K->251147K(1033216K), 0.0041011 secs]
241.380: Total time for which application threads were stopped: 0.0042667 seconds, Stopping threads took: 0.0000284 seconds
241.446: [GC (Allocation Failure)  569611K->251371K(1033216K), 0.0041257 secs]
241.451: Total time for which application threads were stopped: 0.0042970 seconds, Stopping threads took: 0.0000198 seconds
241.516: [GC (Allocation Failure)  569835K->259181K(1033216K), 0.0043115 secs]
241.521: Total time for which application threads were stopped: 0.0044902 seconds, Stopping threads took: 0.0000268 seconds
241.587: [GC (Allocation Failure)  577645K->259181K(1033216K), 0.0040804 secs]
241.591: Total time for which application threads were stopped: 0.0042457 seconds, Stopping threads took: 0.0000201 seconds
241.657: [GC (Allocation Failure)  577645K->259309K(1033216K), 0.0047828 secs]
241.662: Total time for which application threads were stopped: 0.0049444 seconds, Stopping threads took: 0.0000192 seconds
241.730: [GC (Allocation Failure)  577773K->267215K(1033216K), 0.0044403 secs]
241.735: Total time for which application threads were stopped: 0.0046084 seconds, Stopping threads took: 0.0000198 seconds
241.800: [GC (Allocation Failure)  585679K->267247K(1033216K), 0.0042833 secs]
241.804: Total time for which application threads were stopped: 0.0044527 seconds, Stopping threads took: 0.0000205 seconds
241.869: [GC (Allocation Failure)  585711K->267271K(1033216K), 0.0041235 secs]
241.873: Total time for which application threads were stopped: 0.0043101 seconds, Stopping threads took: 0.0000265 seconds
241.941: [GC (Allocation Failure)  585735K->275274K(1033216K), 0.0042968 secs]
241.946: Total time for which application threads were stopped: 0.0044815 seconds, Stopping threads took: 0.0000195 seconds
242.011: [GC (Allocation Failure)  593738K->275274K(1033216K), 0.0040856 secs]
242.015: Total time for which application threads were stopped: 0.0042566 seconds, Stopping threads took: 0.0000199 seconds
242.080: [GC (Allocation Failure)  593738K->275498K(1033216K), 0.0042393 secs]
242.084: Total time for which application threads were stopped: 0.0044066 seconds, Stopping threads took: 0.0000200 seconds
242.149: [GC (Allocation Failure)  593962K->283276K(1033216K), 0.0040777 secs]
242.153: Total time for which application threads were stopped: 0.0042474 seconds, Stopping threads took: 0.0000197 seconds
242.220: [GC (Allocation Failure)  601740K->283276K(1033216K), 0.0042893 secs]
242.225: Total time for which application threads were stopped: 0.0044646 seconds, Stopping threads took: 0.0000219 seconds
242.289: [GC (Allocation Failure)  601740K->283540K(1033216K), 0.0043627 secs]
242.293: Total time for which application threads were stopped: 0.0045523 seconds, Stopping threads took: 0.0000212 seconds
242.360: [GC (Allocation Failure)  602004K->291318K(1033216K), 0.0049236 secs]
242.365: Total time for which application threads were stopped: 0.0050993 seconds, Stopping threads took: 0.0000200 seconds
242.434: [GC (Allocation Failure)  609782K->287444K(1033216K), 0.0031401 secs]
242.437: Total time for which application threads were stopped: 0.0033051 seconds, Stopping threads took: 0.0000190 seconds
242.503: [GC (Allocation Failure)  605908K->291470K(1034752K), 0.0042397 secs]
242.508: Total time for which application threads were stopped: 0.0044173 seconds, Stopping threads took: 0.0000191 seconds
242.575: [GC (Allocation Failure)  611982K->295470K(1033728K), 0.0042692 secs]
242.580: Total time for which application threads were stopped: 0.0044619 seconds, Stopping threads took: 0.0000199 seconds
242.648: [GC (Allocation Failure)  615982K->287596K(1034240K), 0.0011238 secs]
242.649: Total time for which application threads were stopped: 0.0012484 seconds, Stopping threads took: 0.0000196 seconds
242.716: [GC (Allocation Failure)  608108K->295534K(1034240K), 0.0042387 secs]
242.721: Total time for which application threads were stopped: 0.0044169 seconds, Stopping threads took: 0.0000212 seconds
242.790: [GC (Allocation Failure)  616046K->299582K(1033216K), 0.0056415 secs]
242.796: Total time for which application threads were stopped: 0.0058335 seconds, Stopping threads took: 0.0000203 seconds
242.865: [GC (Allocation Failure)  619070K->305276K(1032704K), 0.0064514 secs]
242.872: Total time for which application threads were stopped: 0.0066455 seconds, Stopping threads took: 0.0000251 seconds
242.939: [GC (Allocation Failure)  624764K->299838K(1031680K), 0.0041464 secs]
242.944: Total time for which application threads were stopped: 0.0043237 seconds, Stopping threads took: 0.0000195 seconds
243.010: [GC (Allocation Failure)  616254K->299614K(1032192K), 0.0040230 secs]
243.014: Total time for which application threads were stopped: 0.0041822 seconds, Stopping threads took: 0.0000198 seconds
243.078: [GC (Allocation Failure)  616030K->294268K(1032704K), 0.0021688 secs]
243.080: Total time for which application threads were stopped: 0.0023298 seconds, Stopping threads took: 0.0000193 seconds
243.148: [GC (Allocation Failure)  611708K->299774K(1032704K), 0.0055978 secs]
243.153: Total time for which application threads were stopped: 0.0057696 seconds, Stopping threads took: 0.0000203 seconds
243.220: [GC (Allocation Failure)  617214K->299582K(1033216K), 0.0043243 secs]
243.224: Total time for which application threads were stopped: 0.0044994 seconds, Stopping threads took: 0.0000203 seconds
243.290: [GC (Allocation Failure)  617534K->299942K(1032704K), 0.0043320 secs]
243.294: Total time for which application threads were stopped: 0.0045102 seconds, Stopping threads took: 0.0000213 seconds
243.362: [GC (Allocation Failure)  617894K->307624K(1033216K), 0.0041072 secs]
243.366: Total time for which application threads were stopped: 0.0042500 seconds, Stopping threads took: 0.0000173 seconds
243.433: [GC (Allocation Failure)  626088K->307624K(1033216K), 0.0042781 secs]
243.437: Total time for which application threads were stopped: 0.0044440 seconds, Stopping threads took: 0.0000171 seconds
243.501: [GC (Allocation Failure)  626088K->311752K(1033728K), 0.0053452 secs]
243.507: Total time for which application threads were stopped: 0.0055163 seconds, Stopping threads took: 0.0000195 seconds
243.574: [GC (Allocation Failure)  630728K->315755K(1033216K), 0.0039606 secs]
243.578: Total time for which application threads were stopped: 0.0041455 seconds, Stopping threads took: 0.0000268 seconds
243.645: [GC (Allocation Failure)  634731K->315691K(1034240K), 0.0041509 secs]
243.649: Total time for which application threads were stopped: 0.0043286 seconds, Stopping threads took: 0.0000255 seconds
243.714: [GC (Allocation Failure)  635691K->318475K(1033728K), 0.0046584 secs]
243.719: Total time for which application threads were stopped: 0.0048237 seconds, Stopping threads took: 0.0000196 seconds
243.786: [GC (Allocation Failure)  638475K->323725K(1034240K), 0.0042779 secs]
243.791: Total time for which application threads were stopped: 0.0044525 seconds, Stopping threads took: 0.0000202 seconds
243.859: [GC (Allocation Failure)  644237K->323725K(1034240K), 0.0040741 secs]
243.863: Total time for which application threads were stopped: 0.0042469 seconds, Stopping threads took: 0.0000270 seconds
243.930: [GC (Allocation Failure)  644237K->324141K(1034240K), 0.0044934 secs]
243.934: Total time for which application threads were stopped: 0.0046623 seconds, Stopping threads took: 0.0000164 seconds
244.002: [GC (Allocation Failure)  644653K->331759K(1034240K), 0.0041799 secs]
244.006: Total time for which application threads were stopped: 0.0043421 seconds, Stopping threads took: 0.0000202 seconds
244.075: [GC (Allocation Failure)  652271K->331695K(1034240K), 0.0042594 secs]
244.080: Total time for which application threads were stopped: 0.0044218 seconds, Stopping threads took: 0.0000199 seconds
244.147: [GC (Allocation Failure)  652207K->334407K(1034240K), 0.0047193 secs]
244.151: Total time for which application threads were stopped: 0.0048852 seconds, Stopping threads took: 0.0000200 seconds
244.219: [GC (Allocation Failure)  654919K->339786K(1034240K), 0.0044132 secs]
244.224: Total time for which application threads were stopped: 0.0045901 seconds, Stopping threads took: 0.0000206 seconds
244.293: [GC (Allocation Failure)  660298K->339786K(1034240K), 0.0042544 secs]
244.298: Total time for which application threads were stopped: 0.0044241 seconds, Stopping threads took: 0.0000200 seconds
244.366: [GC (Allocation Failure)  660298K->340586K(1033728K), 0.0043782 secs]
244.371: Total time for which application threads were stopped: 0.0045296 seconds, Stopping threads took: 0.0000177 seconds
244.438: [GC (Allocation Failure)  661098K->347884K(1034240K), 0.0043503 secs]
244.443: Total time for which application threads were stopped: 0.0045140 seconds, Stopping threads took: 0.0000203 seconds
244.510: [GC (Allocation Failure)  668396K->347788K(1034240K), 0.0043446 secs]
244.514: Total time for which application threads were stopped: 0.0045179 seconds, Stopping threads took: 0.0000212 seconds
244.581: [GC (Allocation Failure)  668300K->350852K(1034240K), 0.0049794 secs]
244.586: Total time for which application threads were stopped: 0.0051456 seconds, Stopping threads took: 0.0000201 seconds
244.654: [GC (Allocation Failure)  671364K->355910K(1034752K), 0.0041473 secs]
244.658: Total time for which application threads were stopped: 0.0043373 seconds, Stopping threads took: 0.0000285 seconds
244.725: [GC (Allocation Failure)  677446K->355846K(1034752K), 0.0043240 secs]
244.730: Total time for which application threads were stopped: 0.0044986 seconds, Stopping threads took: 0.0000206 seconds
244.795: [GC (Allocation Failure)  677382K->359142K(1034752K), 0.0049941 secs]
244.800: Total time for which application threads were stopped: 0.0051697 seconds, Stopping threads took: 0.0000203 seconds
244.868: [GC (Allocation Failure)  680678K->363848K(1034752K), 0.0044181 secs]
244.872: Total time for which application threads were stopped: 0.0046004 seconds, Stopping threads took: 0.0000288 seconds
244.939: [GC (Allocation Failure)  685384K->363880K(1034752K), 0.0043963 secs]
244.943: Total time for which application threads were stopped: 0.0045631 seconds, Stopping threads took: 0.0000213 seconds
245.008: [GC (Allocation Failure)  685416K->364296K(1034752K), 0.0043917 secs]
245.012: Total time for which application threads were stopped: 0.0045645 seconds, Stopping threads took: 0.0000206 seconds
245.080: [GC (Allocation Failure)  685832K->371915K(1034752K), 0.0044964 secs]
245.085: Total time for which application threads were stopped: 0.0046567 seconds, Stopping threads took: 0.0000201 seconds
245.153: [GC (Allocation Failure)  693451K->371915K(1034752K), 0.0044436 secs]
245.157: Total time for which application threads were stopped: 0.0046253 seconds, Stopping threads took: 0.0000196 seconds
245.222: [GC (Allocation Failure)  693451K->373515K(1034752K), 0.0065724 secs]
245.229: Total time for which application threads were stopped: 0.0067375 seconds, Stopping threads took: 0.0000199 seconds
245.297: [GC (Allocation Failure)  695051K->379949K(1029120K), 0.0043245 secs]
245.301: Total time for which application threads were stopped: 0.0045224 seconds, Stopping threads took: 0.0000203 seconds
245.371: [GC (Allocation Failure)  701485K->379917K(1034240K), 0.0044896 secs]
245.375: Total time for which application threads were stopped: 0.0046532 seconds, Stopping threads took: 0.0000199 seconds
245.442: [GC (Allocation Failure)  700429K->381773K(1034240K), 0.0046647 secs]
245.446: Total time for which application threads were stopped: 0.0048797 seconds, Stopping threads took: 0.0000200 seconds
245.515: [GC (Allocation Failure)  702285K->388079K(1033728K), 0.0044710 secs]
245.520: Total time for which application threads were stopped: 0.0046435 seconds, Stopping threads took: 0.0000206 seconds
245.588: [GC (Allocation Failure)  708591K->387983K(1034240K), 0.0043952 secs]
245.592: Total time for which application threads were stopped: 0.0045674 seconds, Stopping threads took: 0.0000204 seconds
245.660: [GC (Allocation Failure)  708495K->392071K(1034752K), 0.0053051 secs]
245.665: Total time for which application threads were stopped: 0.0054950 seconds, Stopping threads took: 0.0000198 seconds
245.732: [GC (Allocation Failure)  713095K->396009K(1034240K), 0.0044382 secs]
245.737: Total time for which application threads were stopped: 0.0046092 seconds, Stopping threads took: 0.0000207 seconds
245.804: [GC (Allocation Failure)  717033K->395977K(1034752K), 0.0043578 secs]
245.808: Total time for which application threads were stopped: 0.0045289 seconds, Stopping threads took: 0.0000202 seconds
245.878: [GC (Allocation Failure)  717513K->396201K(1034752K), 0.0043070 secs]
245.882: Total time for which application threads were stopped: 0.0044748 seconds, Stopping threads took: 0.0000267 seconds
245.950: [GC (Allocation Failure)  717737K->404012K(1034752K), 0.0044512 secs]
245.955: Total time for which application threads were stopped: 0.0046469 seconds, Stopping threads took: 0.0000264 seconds
246.023: [GC (Allocation Failure)  725548K->404044K(1034752K), 0.0044419 secs]
246.028: Total time for which application threads were stopped: 0.0046346 seconds, Stopping threads took: 0.0000199 seconds
246.094: [GC (Allocation Failure)  725580K->405420K(1033728K), 0.0047808 secs]
246.099: Total time for which application threads were stopped: 0.0049389 seconds, Stopping threads took: 0.0000170 seconds
246.167: [GC (Allocation Failure)  725932K->412142K(1034240K), 0.0044870 secs]
246.172: Total time for which application threads were stopped: 0.0046591 seconds, Stopping threads took: 0.0000206 seconds
246.239: [GC (Allocation Failure)  732654K->412046K(1034240K), 0.0043489 secs]
246.244: Total time for which application threads were stopped: 0.0045232 seconds, Stopping threads took: 0.0000203 seconds
246.311: [GC (Allocation Failure)  732558K->415726K(1034240K), 0.0053849 secs]
246.316: Total time for which application threads were stopped: 0.0055535 seconds, Stopping threads took: 0.0000204 seconds
246.386: [GC (Allocation Failure)  736238K->420112K(1034752K), 0.0044475 secs]
246.390: Total time for which application threads were stopped: 0.0045989 seconds, Stopping threads took: 0.0000179 seconds
246.458: [GC (Allocation Failure)  741648K->420048K(1034752K), 0.0046001 secs]
246.463: Total time for which application threads were stopped: 0.0048028 seconds, Stopping threads took: 0.0000207 seconds
246.529: [GC (Allocation Failure)  741584K->423944K(1035264K), 0.0053689 secs]
246.535: Total time for which application threads were stopped: 0.0055272 seconds, Stopping threads took: 0.0000196 seconds
246.602: [GC (Allocation Failure)  745992K->428202K(1034752K), 0.0045358 secs]
246.607: Total time for which application threads were stopped: 0.0046979 seconds, Stopping threads took: 0.0000195 seconds
246.674: [GC (Allocation Failure)  750250K->428138K(1035264K), 0.0043477 secs]
246.679: Total time for which application threads were stopped: 0.0045408 seconds, Stopping threads took: 0.0000197 seconds
246.747: [GC (Allocation Failure)  750698K->431170K(1035264K), 0.0052445 secs]
246.752: Total time for which application threads were stopped: 0.0053947 seconds, Stopping threads took: 0.0000164 seconds
246.819: [GC (Allocation Failure)  753730K->436165K(1035264K), 0.0044297 secs]
246.824: Total time for which application threads were stopped: 0.0046101 seconds, Stopping threads took: 0.0000264 seconds
246.892: [GC (Allocation Failure)  758725K->436133K(1035264K), 0.0044705 secs]
246.896: Total time for which application threads were stopped: 0.0046335 seconds, Stopping threads took: 0.0000201 seconds
246.963: [GC (Allocation Failure)  758693K->439405K(1035264K), 0.0051618 secs]
246.968: Total time for which application threads were stopped: 0.0053419 seconds, Stopping threads took: 0.0000201 seconds
247.036: [GC (Allocation Failure)  761965K->444207K(1035264K), 0.0045158 secs]
247.040: Total time for which application threads were stopped: 0.0046804 seconds, Stopping threads took: 0.0000203 seconds
247.108: [GC (Allocation Failure)  766767K->444175K(1035264K), 0.0046350 secs]
247.113: Total time for which application threads were stopped: 0.0048028 seconds, Stopping threads took: 0.0000194 seconds
247.179: [GC (Allocation Failure)  766735K->447623K(1035264K), 0.0052373 secs]
247.185: Total time for which application threads were stopped: 0.0054323 seconds, Stopping threads took: 0.0000281 seconds
247.254: [GC (Allocation Failure)  770183K->452233K(1035264K), 0.0047096 secs]
247.259: Total time for which application threads were stopped: 0.0048740 seconds, Stopping threads took: 0.0000202 seconds
247.327: [GC (Allocation Failure)  774793K->452201K(1035264K), 0.0044489 secs]
247.331: Total time for which application threads were stopped: 0.0046180 seconds, Stopping threads took: 0.0000262 seconds
247.399: [GC (Allocation Failure)  774761K->455881K(1035776K), 0.0054183 secs]
247.405: Total time for which application threads were stopped: 0.0055897 seconds, Stopping threads took: 0.0000199 seconds
247.473: [GC (Allocation Failure)  778953K->460364K(1035264K), 0.0044624 secs]
247.478: Total time for which application threads were stopped: 0.0046350 seconds, Stopping threads took: 0.0000204 seconds
247.546: [GC (Allocation Failure)  783436K->460236K(1035776K), 0.0046313 secs]
247.551: Total time for which application threads were stopped: 0.0048042 seconds, Stopping threads took: 0.0000202 seconds
247.618: [GC (Allocation Failure)  783820K->462060K(1025024K), 0.0047882 secs]
247.623: Total time for which application threads were stopped: 0.0049469 seconds, Stopping threads took: 0.0000188 seconds
247.691: [GC (Allocation Failure)  785644K->468366K(1035264K), 0.0044848 secs]
247.696: Total time for which application threads were stopped: 0.0046515 seconds, Stopping threads took: 0.0000205 seconds
247.763: [GC (Allocation Failure)  790926K->468270K(1035264K), 0.0046951 secs]
247.767: Total time for which application threads were stopped: 0.0048788 seconds, Stopping threads took: 0.0000203 seconds
247.834: [GC (Allocation Failure)  790830K->471302K(1035264K), 0.0063589 secs]
247.841: Total time for which application threads were stopped: 0.0065413 seconds, Stopping threads took: 0.0000265 seconds
247.908: [GC (Allocation Failure)  793862K->476328K(1035264K), 0.0044995 secs]
247.913: Total time for which application threads were stopped: 0.0046707 seconds, Stopping threads took: 0.0000192 seconds
247.982: [GC (Allocation Failure)  798888K->476328K(1035264K), 0.0043577 secs]
247.986: Total time for which application threads were stopped: 0.0045175 seconds, Stopping threads took: 0.0000200 seconds
248.056: [GC (Allocation Failure)  798888K->471494K(1035264K), 0.0027280 secs]
248.059: Total time for which application threads were stopped: 0.0028875 seconds, Stopping threads took: 0.0000189 seconds
248.126: [GC (Allocation Failure)  794054K->476520K(1035264K), 0.0045845 secs]
248.131: Total time for which application threads were stopped: 0.0047449 seconds, Stopping threads took: 0.0000196 seconds
248.199: [GC (Allocation Failure)  799080K->476296K(1035264K), 0.0046229 secs]
248.204: Total time for which application threads were stopped: 0.0047828 seconds, Stopping threads took: 0.0000196 seconds
248.272: [GC (Allocation Failure)  798856K->475814K(1035776K), 0.0044410 secs]
248.276: Total time for which application threads were stopped: 0.0046037 seconds, Stopping threads took: 0.0000195 seconds
248.346: [GC (Allocation Failure)  798886K->476456K(1035264K), 0.0063791 secs]
248.352: Total time for which application threads were stopped: 0.0065704 seconds, Stopping threads took: 0.0000249 seconds
248.419: [GC (Allocation Failure)  799528K->476296K(1035776K), 0.0046255 secs]
248.424: Total time for which application threads were stopped: 0.0048089 seconds, Stopping threads took: 0.0000195 seconds
248.493: [GC (Allocation Failure)  799880K->482118K(1035776K), 0.0072797 secs]
248.501: Total time for which application threads were stopped: 0.0074513 seconds, Stopping threads took: 0.0000194 seconds
248.569: [GC (Allocation Failure)  805702K->477512K(1032704K), 0.0044707 secs]
248.574: Total time for which application threads were stopped: 0.0046345 seconds, Stopping threads took: 0.0000199 seconds
248.641: [GC (Allocation Failure)  798024K->477384K(1034240K), 0.0044719 secs]
248.646: Total time for which application threads were stopped: 0.0046492 seconds, Stopping threads took: 0.0000211 seconds
248.715: [GC (Allocation Failure)  797896K->484422K(1030656K), 0.0076527 secs]
248.722: Total time for which application threads were stopped: 0.0078333 seconds, Stopping threads took: 0.0000167 seconds
248.790: [GC (Allocation Failure)  801862K->478696K(1032704K), 0.0048081 secs]
248.795: Total time for which application threads were stopped: 0.0049865 seconds, Stopping threads took: 0.0000182 seconds
248.862: [GC (Allocation Failure)  796136K->478632K(1033728K), 0.0043774 secs]
248.866: Total time for which application threads were stopped: 0.0045409 seconds, Stopping threads took: 0.0000200 seconds
248.933: [GC (Allocation Failure)  797608K->476198K(1033216K), 0.0059620 secs]
248.939: Total time for which application threads were stopped: 0.0061360 seconds, Stopping threads took: 0.0000192 seconds
249.008: [GC (Allocation Failure)  795174K->478664K(1034752K), 0.0045212 secs]
249.013: Total time for which application threads were stopped: 0.0046864 seconds, Stopping threads took: 0.0000200 seconds
249.080: [GC (Allocation Failure)  799688K->478696K(1034240K), 0.0043471 secs]
249.084: Total time for which application threads were stopped: 0.0045144 seconds, Stopping threads took: 0.0000200 seconds
249.150: [GC (Allocation Failure)  799720K->473862K(1034240K), 0.0027844 secs]
249.153: Total time for which application threads were stopped: 0.0029547 seconds, Stopping threads took: 0.0000200 seconds
249.223: [GC (Allocation Failure)  795398K->478888K(1034752K), 0.0045301 secs]
249.227: Total time for which application threads were stopped: 0.0047004 seconds, Stopping threads took: 0.0000220 seconds
249.294: [GC (Allocation Failure)  800424K->478696K(1035776K), 0.0046318 secs]
249.299: Total time for which application threads were stopped: 0.0048023 seconds, Stopping threads took: 0.0000207 seconds
249.366: [GC (Allocation Failure)  801768K->476646K(1035264K), 0.0037725 secs]
249.370: Total time for which application threads were stopped: 0.0039211 seconds, Stopping threads took: 0.0000160 seconds
249.436: [GC (Allocation Failure)  799718K->478792K(1036288K), 0.0046905 secs]
249.441: Total time for which application threads were stopped: 0.0048777 seconds, Stopping threads took: 0.0000205 seconds
249.511: [GC (Allocation Failure)  802888K->478664K(1035776K), 0.0043716 secs]
249.515: Total time for which application threads were stopped: 0.0045257 seconds, Stopping threads took: 0.0000172 seconds
249.583: [GC (Allocation Failure)  802760K->484462K(1033216K), 0.0073245 secs]
249.591: Total time for which application threads were stopped: 0.0074911 seconds, Stopping threads took: 0.0000198 seconds
249.659: [GC (Allocation Failure)  805998K->480368K(1034752K), 0.0046215 secs]
249.664: Total time for which application threads were stopped: 0.0047932 seconds, Stopping threads took: 0.0000210 seconds
249.731: [GC (Allocation Failure)  801904K->480272K(1035264K), 0.0043913 secs]
249.735: Total time for which application threads were stopped: 0.0045608 seconds, Stopping threads took: 0.0000203 seconds
249.803: [GC (Allocation Failure)  802832K->488294K(1035264K), 0.0082994 secs]
249.812: Total time for which application threads were stopped: 0.0084697 seconds, Stopping threads took: 0.0000211 seconds
249.880: [GC (Allocation Failure)  810854K->483112K(1032192K), 0.0047495 secs]
249.885: Total time for which application threads were stopped: 0.0049233 seconds, Stopping threads took: 0.0000280 seconds
249.952: [GC (Allocation Failure)  802600K->483048K(1033728K), 0.0044927 secs]
249.957: Total time for which application threads were stopped: 0.0046734 seconds, Stopping threads took: 0.0000216 seconds
250.022: [GC (Allocation Failure)  802536K->489286K(1031680K), 0.0073790 secs]
250.029: Total time for which application threads were stopped: 0.0075415 seconds, Stopping threads took: 0.0000187 seconds
250.096: [GC (Allocation Failure)  806726K->483304K(1032704K), 0.0048871 secs]
250.101: Total time for which application threads were stopped: 0.0050513 seconds, Stopping threads took: 0.0000200 seconds
250.167: [GC (Allocation Failure)  800744K->483048K(1033216K), 0.0043864 secs]
250.171: Total time for which application threads were stopped: 0.0045676 seconds, Stopping threads took: 0.0000213 seconds
250.239: [GC (Allocation Failure)  801000K->478758K(1032704K), 0.0028885 secs]
250.241: Total time for which application threads were stopped: 0.0030439 seconds, Stopping threads took: 0.0000163 seconds
250.307: [GC (Allocation Failure)  796710K->483272K(1033728K), 0.0047937 secs]
250.312: Total time for which application threads were stopped: 0.0049884 seconds, Stopping threads took: 0.0000193 seconds
250.380: [GC (Allocation Failure)  802248K->483016K(1033216K), 0.0044694 secs]
250.385: Total time for which application threads were stopped: 0.0046653 seconds, Stopping threads took: 0.0000198 seconds
250.453: [GC (Allocation Failure)  801992K->483400K(1032192K), 0.0046412 secs]
250.458: Total time for which application threads were stopped: 0.0047917 seconds, Stopping threads took: 0.0000166 seconds
250.526: [GC (Allocation Failure)  801864K->491082K(1033216K), 0.0047433 secs]
250.531: Total time for which application threads were stopped: 0.0049235 seconds, Stopping threads took: 0.0000279 seconds
250.599: [GC (Allocation Failure)  809546K->491114K(1034240K), 0.0046513 secs]
250.603: Total time for which application threads were stopped: 0.0048274 seconds, Stopping threads took: 0.0000202 seconds
250.668: [GC (Allocation Failure)  811114K->493194K(1033728K), 0.0047022 secs]
250.673: Total time for which application threads were stopped: 0.0048750 seconds, Stopping threads took: 0.0000201 seconds
250.740: [GC (Allocation Failure)  813194K->499213K(1034240K), 0.0046384 secs]
250.745: Total time for which application threads were stopped: 0.0048215 seconds, Stopping threads took: 0.0000203 seconds
250.812: [GC (Allocation Failure)  819725K->499117K(1034240K), 0.0045962 secs]
250.817: Total time for which application threads were stopped: 0.0047766 seconds, Stopping threads took: 0.0000198 seconds
250.884: [GC (Allocation Failure)  819629K->502925K(1034752K), 0.0066549 secs]
250.891: Total time for which application threads were stopped: 0.0068253 seconds, Stopping threads took: 0.0000261 seconds
250.956: [GC (Allocation Failure)  824461K->507151K(1034752K), 0.0058899 secs]
250.962: Total time for which application threads were stopped: 0.0060621 seconds, Stopping threads took: 0.0000196 seconds
251.028: [GC (Allocation Failure)  828687K->507151K(1035264K), 0.0047027 secs]
251.033: Total time for which application threads were stopped: 0.0048705 seconds, Stopping threads took: 0.0000279 seconds
251.100: [GC (Allocation Failure)  829711K->509127K(1035264K), 0.0048606 secs]
251.105: Total time for which application threads were stopped: 0.0050247 seconds, Stopping threads took: 0.0000197 seconds
251.173: [GC (Allocation Failure)  831687K->515177K(1035264K), 0.0045458 secs]
251.178: Total time for which application threads were stopped: 0.0047411 seconds, Stopping threads took: 0.0000190 seconds
251.247: [GC (Allocation Failure)  837737K->515177K(1035264K), 0.0047053 secs]
251.252: Total time for which application threads were stopped: 0.0048622 seconds, Stopping threads took: 0.0000186 seconds
251.318: [GC (Allocation Failure)  837737K->517385K(1035264K), 0.0066076 secs]
251.324: Total time for which application threads were stopped: 0.0067702 seconds, Stopping threads took: 0.0000197 seconds
251.393: [GC (Allocation Failure)  839945K->523275K(1035264K), 0.0046901 secs]
251.398: Total time for which application threads were stopped: 0.0048605 seconds, Stopping threads took: 0.0000192 seconds
251.466: [GC (Allocation Failure)  845835K->523243K(1035264K), 0.0046170 secs]
251.470: Total time for which application threads were stopped: 0.0047900 seconds, Stopping threads took: 0.0000209 seconds
251.538: [GC (Allocation Failure)  845803K->525611K(1035264K), 0.0051315 secs]
251.543: Total time for which application threads were stopped: 0.0053137 seconds, Stopping threads took: 0.0000202 seconds
251.612: [GC (Allocation Failure)  848171K->531374K(1035264K), 0.0047616 secs]
251.616: Total time for which application threads were stopped: 0.0049459 seconds, Stopping threads took: 0.0000202 seconds
251.685: [GC (Allocation Failure)  853934K->531278K(1035264K), 0.0050872 secs]
251.690: Total time for which application threads were stopped: 0.0052593 seconds, Stopping threads took: 0.0000199 seconds
251.755: [GC (Allocation Failure)  853838K->525771K(1035264K), 0.0026118 secs]
251.758: Total time for which application threads were stopped: 0.0027760 seconds, Stopping threads took: 0.0000193 seconds
251.828: [GC (Allocation Failure)  848331K->531310K(1035264K), 0.0044893 secs]
251.833: Total time for which application threads were stopped: 0.0046759 seconds, Stopping threads took: 0.0000273 seconds
251.901: [GC (Allocation Failure)  853870K->531278K(1035264K), 0.0047614 secs]
251.906: Total time for which application threads were stopped: 0.0049532 seconds, Stopping threads took: 0.0000201 seconds
251.975: [GC (Allocation Failure)  853838K->530059K(1035264K), 0.0043699 secs]
251.979: Total time for which application threads were stopped: 0.0045390 seconds, Stopping threads took: 0.0000185 seconds
252.047: [GC (Allocation Failure)  852619K->531278K(1035776K), 0.0048250 secs]
252.052: Total time for which application threads were stopped: 0.0049935 seconds, Stopping threads took: 0.0000200 seconds
252.119: [GC (Allocation Failure)  854862K->531278K(1035776K), 0.0046631 secs]
252.124: Total time for which application threads were stopped: 0.0048236 seconds, Stopping threads took: 0.0000194 seconds
252.191: [GC (Allocation Failure)  854862K->536379K(1032704K), 0.0069808 secs]
252.198: Total time for which application threads were stopped: 0.0071442 seconds, Stopping threads took: 0.0000191 seconds
252.265: [GC (Allocation Failure)  856891K->531886K(1034240K), 0.0048897 secs]
252.270: Total time for which application threads were stopped: 0.0050503 seconds, Stopping threads took: 0.0000197 seconds
252.338: [GC (Allocation Failure)  852398K->531662K(1035264K), 0.0065202 secs]
252.345: Total time for which application threads were stopped: 0.0066847 seconds, Stopping threads took: 0.0000248 seconds
252.412: [GC (Allocation Failure)  853710K->536523K(1034752K), 0.0066376 secs]
252.419: Total time for which application threads were stopped: 0.0068074 seconds, Stopping threads took: 0.0000187 seconds
252.488: [GC (Allocation Failure)  858571K->531854K(1033728K), 0.0046827 secs]
252.493: Total time for which application threads were stopped: 0.0048646 seconds, Stopping threads took: 0.0000175 seconds
252.560: [GC (Allocation Failure)  852366K->531662K(1034240K), 0.0045272 secs]
252.565: Total time for which application threads were stopped: 0.0046927 seconds, Stopping threads took: 0.0000203 seconds
252.632: [GC (Allocation Failure)  852174K->536235K(1032704K), 0.0065165 secs]
252.638: Total time for which application threads were stopped: 0.0066852 seconds, Stopping threads took: 0.0000194 seconds
252.704: [GC (Allocation Failure)  855723K->531758K(1033728K), 0.0047323 secs]
252.709: Total time for which application threads were stopped: 0.0048939 seconds, Stopping threads took: 0.0000202 seconds
252.776: [GC (Allocation Failure)  851246K->531662K(1034752K), 0.0046219 secs]
252.781: Total time for which application threads were stopped: 0.0048096 seconds, Stopping threads took: 0.0000203 seconds
252.847: [GC (Allocation Failure)  852686K->532843K(1034240K), 0.0050990 secs]
252.853: Total time for which application threads were stopped: 0.0052676 seconds, Stopping threads took: 0.0000272 seconds
252.920: [GC (Allocation Failure)  853867K->531694K(1035264K), 0.0045061 secs]
252.924: Total time for which application threads were stopped: 0.0046814 seconds, Stopping threads took: 0.0000195 seconds
252.991: [GC (Allocation Failure)  853742K->531662K(1034752K), 0.0047556 secs]
252.996: Total time for which application threads were stopped: 0.0049167 seconds, Stopping threads took: 0.0000190 seconds
253.063: [GC (Allocation Failure)  853710K->534539K(1034752K), 0.0059788 secs]
253.069: Total time for which application threads were stopped: 0.0061470 seconds, Stopping threads took: 0.0000191 seconds
253.136: [GC (Allocation Failure)  857099K->531918K(1035264K), 0.0047005 secs]
253.141: Total time for which application threads were stopped: 0.0048978 seconds, Stopping threads took: 0.0000201 seconds
253.209: [GC (Allocation Failure)  854478K->531662K(1035776K), 0.0046074 secs]
253.214: Total time for which application threads were stopped: 0.0047654 seconds, Stopping threads took: 0.0000169 seconds
253.280: [GC (Allocation Failure)  855246K->539883K(1035776K), 0.0084667 secs]
253.288: Total time for which application threads were stopped: 0.0086612 seconds, Stopping threads took: 0.0000191 seconds
253.359: [GC (Allocation Failure)  863467K->535374K(1031680K), 0.0046249 secs]
253.364: Total time for which application threads were stopped: 0.0048060 seconds, Stopping threads took: 0.0000170 seconds
253.432: [GC (Allocation Failure)  854862K->535182K(1033728K), 0.0045304 secs]
253.437: Total time for which application threads were stopped: 0.0047180 seconds, Stopping threads took: 0.0000262 seconds
253.504: [GC (Allocation Failure)  854670K->542539K(1030144K), 0.0080877 secs]
253.512: Total time for which application threads were stopped: 0.0082611 seconds, Stopping threads took: 0.0000188 seconds
253.578: [GC (Allocation Failure)  858955K->536398K(1032192K), 0.0048206 secs]
253.583: Total time for which application threads were stopped: 0.0050159 seconds, Stopping threads took: 0.0000196 seconds
253.650: [GC (Allocation Failure)  852814K->536238K(1032704K), 0.0046479 secs]
253.655: Total time for which application threads were stopped: 0.0048271 seconds, Stopping threads took: 0.0000208 seconds
253.719: [GC (Allocation Failure)  853678K->530603K(1019392K), 0.0024068 secs]
253.721: Total time for which application threads were stopped: 0.0025937 seconds, Stopping threads took: 0.0000199 seconds
253.791: [GC (Allocation Failure)  848043K->536398K(1033216K), 0.0048586 secs]
253.796: Total time for which application threads were stopped: 0.0050216 seconds, Stopping threads took: 0.0000201 seconds
253.863: [GC (Allocation Failure)  853838K->536302K(1032192K), 0.0049853 secs]
253.868: Total time for which application threads were stopped: 0.0051572 seconds, Stopping threads took: 0.0000206 seconds
253.934: [GC (Allocation Failure)  853742K->539814K(1032704K), 0.0069693 secs]
253.941: Total time for which application threads were stopped: 0.0071473 seconds, Stopping threads took: 0.0000205 seconds
254.009: [GC (Allocation Failure)  858278K->544360K(1033216K), 0.0049287 secs]
254.014: Total time for which application threads were stopped: 0.0050958 seconds, Stopping threads took: 0.0000213 seconds
254.079: [GC (Allocation Failure)  862824K->544296K(1034752K), 0.0049499 secs]
254.084: Total time for which application threads were stopped: 0.0051192 seconds, Stopping threads took: 0.0000192 seconds
254.151: [GC (Allocation Failure)  864808K->546024K(1033728K), 0.0049031 secs]
254.156: Total time for which application threads were stopped: 0.0050852 seconds, Stopping threads took: 0.0000194 seconds
254.223: [GC (Allocation Failure)  866536K->552330K(1034752K), 0.0048857 secs]
254.228: Total time for which application threads were stopped: 0.0050983 seconds, Stopping threads took: 0.0000206 seconds
254.296: [GC (Allocation Failure)  873354K->552330K(1034240K), 0.0048998 secs]
254.301: Total time for which application threads were stopped: 0.0050712 seconds, Stopping threads took: 0.0000204 seconds
254.370: [GC (Allocation Failure)  873354K->553226K(1033728K), 0.0048935 secs]
254.375: Total time for which application threads were stopped: 0.0050643 seconds, Stopping threads took: 0.0000202 seconds
254.443: [GC (Allocation Failure)  873738K->560428K(1034240K), 0.0047095 secs]
254.448: Total time for which application threads were stopped: 0.0048685 seconds, Stopping threads took: 0.0000200 seconds
254.516: [GC (Allocation Failure)  880940K->560396K(1034752K), 0.0046291 secs]
254.521: Total time for which application threads were stopped: 0.0047904 seconds, Stopping threads took: 0.0000193 seconds
254.588: [GC (Allocation Failure)  881932K->560428K(1021440K), 0.0046568 secs]
254.592: Total time for which application threads were stopped: 0.0048304 seconds, Stopping threads took: 0.0000206 seconds
254.661: [GC (Allocation Failure)  881964K->568527K(1034240K), 0.0045967 secs]
254.665: Total time for which application threads were stopped: 0.0047705 seconds, Stopping threads took: 0.0000209 seconds
254.733: [GC (Allocation Failure)  889039K->568431K(1034240K), 0.0049546 secs]
254.738: Total time for which application threads were stopped: 0.0051260 seconds, Stopping threads took: 0.0000200 seconds
254.805: [GC (Allocation Failure)  888943K->571751K(1034752K), 0.0054730 secs]
254.811: Total time for which application threads were stopped: 0.0056427 seconds, Stopping threads took: 0.0000209 seconds
254.879: [GC (Allocation Failure)  893287K->576521K(1034752K), 0.0047490 secs]
254.884: Total time for which application threads were stopped: 0.0049277 seconds, Stopping threads took: 0.0000268 seconds
254.952: [GC (Allocation Failure)  898057K->576457K(1034752K), 0.0048870 secs]
254.957: Total time for which application threads were stopped: 0.0050394 seconds, Stopping threads took: 0.0000171 seconds
255.024: [GC (Allocation Failure)  897993K->576937K(1034752K), 0.0049881 secs]
255.029: Total time for which application threads were stopped: 0.0051647 seconds, Stopping threads took: 0.0000199 seconds
255.098: [GC (Allocation Failure)  898473K->584523K(1034752K), 0.0049616 secs]
255.103: Total time for which application threads were stopped: 0.0051345 seconds, Stopping threads took: 0.0000197 seconds
255.170: [GC (Allocation Failure)  906059K->584459K(1034752K), 0.0047575 secs]
255.175: Total time for which application threads were stopped: 0.0049317 seconds, Stopping threads took: 0.0000202 seconds
255.240: [GC (Allocation Failure)  905995K->586187K(1034752K), 0.0049912 secs]
255.245: Total time for which application threads were stopped: 0.0051649 seconds, Stopping threads took: 0.0000204 seconds
255.314: [GC (Allocation Failure)  907723K->592557K(1034752K), 0.0049236 secs]
255.319: Total time for which application threads were stopped: 0.0050954 seconds, Stopping threads took: 0.0000205 seconds
255.386: [GC (Allocation Failure)  914093K->592525K(1034752K), 0.0048955 secs]
255.391: Total time for which application threads were stopped: 0.0050604 seconds, Stopping threads took: 0.0000204 seconds
255.456: [GC (Allocation Failure)  914061K->595429K(1034752K), 0.0053161 secs]
255.461: Total time for which application threads were stopped: 0.0055005 seconds, Stopping threads took: 0.0000203 seconds
255.527: [GC (Allocation Failure)  916965K->600520K(1034752K), 0.0070287 secs]
255.534: Total time for which application threads were stopped: 0.0072187 seconds, Stopping threads took: 0.0000202 seconds
255.599: [GC (Allocation Failure)  922056K->600520K(1034752K), 0.0048942 secs]
255.604: Total time for which application threads were stopped: 0.0050692 seconds, Stopping threads took: 0.0000212 seconds
255.669: [GC (Allocation Failure)  922056K->600584K(1033728K), 0.0048367 secs]
255.674: Total time for which application threads were stopped: 0.0050007 seconds, Stopping threads took: 0.0000205 seconds
255.741: [GC (Allocation Failure)  921096K->608682K(1034240K), 0.0048941 secs]
255.746: Total time for which application threads were stopped: 0.0050541 seconds, Stopping threads took: 0.0000201 seconds
255.813: [GC (Allocation Failure)  929194K->608554K(1034240K), 0.0049071 secs]
255.818: Total time for which application threads were stopped: 0.0050645 seconds, Stopping threads took: 0.0000201 seconds
255.885: [GC (Allocation Failure)  929066K->610890K(1034240K), 0.0052356 secs]
255.891: Total time for which application threads were stopped: 0.0054188 seconds, Stopping threads took: 0.0000202 seconds
255.958: [GC (Allocation Failure)  931402K->616620K(1034752K), 0.0056484 secs]
255.964: Total time for which application threads were stopped: 0.0058412 seconds, Stopping threads took: 0.0000193 seconds
256.033: [GC (Allocation Failure)  938156K->616588K(1034752K), 0.0048302 secs]
256.038: Total time for which application threads were stopped: 0.0049808 seconds, Stopping threads took: 0.0000181 seconds
256.103: [GC (Allocation Failure)  938124K->619116K(1034752K), 0.0050666 secs]
256.108: Total time for which application threads were stopped: 0.0052474 seconds, Stopping threads took: 0.0000247 seconds
256.174: [GC (Allocation Failure)  940652K->624623K(1034752K), 0.0047281 secs]
256.179: Total time for which application threads were stopped: 0.0049285 seconds, Stopping threads took: 0.0000208 seconds
256.246: [GC (Allocation Failure)  946159K->624591K(1034752K), 0.0048376 secs]
256.251: Total time for which application threads were stopped: 0.0049975 seconds, Stopping threads took: 0.0000174 seconds
256.316: [GC (Allocation Failure)  946127K->628359K(1034752K), 0.0055875 secs]
256.322: Total time for which application threads were stopped: 0.0057613 seconds, Stopping threads took: 0.0000205 seconds
256.389: [GC (Allocation Failure)  949895K->632649K(1034752K), 0.0046958 secs]
256.394: Total time for which application threads were stopped: 0.0048491 seconds, Stopping threads took: 0.0000180 seconds
256.460: [GC (Allocation Failure)  954185K->632649K(1034752K), 0.0048085 secs]
256.465: Total time for which application threads were stopped: 0.0049843 seconds, Stopping threads took: 0.0000201 seconds
256.531: [GC (Allocation Failure)  954185K->633545K(1034240K), 0.0048521 secs]
256.536: Total time for which application threads were stopped: 0.0050258 seconds, Stopping threads took: 0.0000258 seconds
256.605: [GC (Allocation Failure)  955081K->640747K(1034752K), 0.0048126 secs]
256.609: Total time for which application threads were stopped: 0.0049711 seconds, Stopping threads took: 0.0000201 seconds
256.677: [GC (Allocation Failure)  962283K->640683K(1034752K), 0.0049295 secs]
256.682: Total time for which application threads were stopped: 0.0050922 seconds, Stopping threads took: 0.0000202 seconds
256.747: [GC (Allocation Failure)  962219K->642827K(1034752K), 0.0051690 secs]
256.752: Total time for which application threads were stopped: 0.0053368 seconds, Stopping threads took: 0.0000215 seconds
256.822: [GC (Allocation Failure)  964363K->648813K(1034752K), 0.0048980 secs]
256.827: Total time for which application threads were stopped: 0.0050621 seconds, Stopping threads took: 0.0000202 seconds
256.894: [GC (Allocation Failure)  970349K->648717K(1034752K), 0.0048467 secs]
256.899: Total time for which application threads were stopped: 0.0050122 seconds, Stopping threads took: 0.0000207 seconds
256.964: [GC (Allocation Failure)  970253K->652037K(1034752K), 0.0057893 secs]
256.970: Total time for which application threads were stopped: 0.0059675 seconds, Stopping threads took: 0.0000206 seconds
257.039: [GC (Allocation Failure)  973573K->656776K(1034752K), 0.0049479 secs]
257.044: Total time for which application threads were stopped: 0.0051202 seconds, Stopping threads took: 0.0000228 seconds
257.111: [GC (Allocation Failure)  978312K->656776K(1034752K), 0.0049552 secs]
257.116: Total time for which application threads were stopped: 0.0051335 seconds, Stopping threads took: 0.0000261 seconds
257.181: [GC (Allocation Failure)  978312K->657192K(1034752K), 0.0047738 secs]
257.186: Total time for which application threads were stopped: 0.0049430 seconds, Stopping threads took: 0.0000201 seconds
257.255: [GC (Allocation Failure)  978728K->664778K(1034752K), 0.0050671 secs]
257.260: Total time for which application threads were stopped: 0.0052586 seconds, Stopping threads took: 0.0000207 seconds
257.327: [GC (Allocation Failure)  986314K->664778K(1034752K), 0.0052050 secs]
257.332: Total time for which application threads were stopped: 0.0053986 seconds, Stopping threads took: 0.0000206 seconds
257.398: [GC (Allocation Failure)  986314K->666474K(1034752K), 0.0049843 secs]
257.403: Total time for which application threads were stopped: 0.0051557 seconds, Stopping threads took: 0.0000207 seconds
257.469: [GC (Allocation Failure)  988010K->672844K(1034752K), 0.0054804 secs]
257.474: Total time for which application threads were stopped: 0.0056522 seconds, Stopping threads took: 0.0000204 seconds
257.542: [GC (Allocation Failure)  994380K->672812K(1034752K), 0.0052081 secs]
257.547: Total time for which application threads were stopped: 0.0053820 seconds, Stopping threads took: 0.0000211 seconds
257.613: [GC (Allocation Failure)  994348K->675724K(1034752K), 0.0054936 secs]
257.618: Total time for which application threads were stopped: 0.0056603 seconds, Stopping threads took: 0.0000206 seconds
257.684: [GC (Allocation Failure)  997260K->680878K(1034752K), 0.0051363 secs]
257.690: Total time for which application threads were stopped: 0.0053206 seconds, Stopping threads took: 0.0000213 seconds
257.757: [GC (Allocation Failure)  1002414K->680846K(1034752K), 0.0050684 secs]
257.762: Total time for which application threads were stopped: 0.0052270 seconds, Stopping threads took: 0.0000203 seconds
257.828: [GC (Allocation Failure)  1002382K->684966K(1035264K), 0.0059519 secs]
257.834: Total time for which application threads were stopped: 0.0061143 seconds, Stopping threads took: 0.0000200 seconds
257.901: [GC (Allocation Failure)  1007014K->688937K(1034752K), 0.0065421 secs]
257.908: Total time for which application threads were stopped: 0.0067152 seconds, Stopping threads took: 0.0000211 seconds
257.977: [GC (Allocation Failure)  1010985K->688873K(1035264K), 0.0047990 secs]
257.982: Total time for which application threads were stopped: 0.0049932 seconds, Stopping threads took: 0.0000200 seconds
258.050: [GC (Allocation Failure)  1011433K->692201K(1035264K), 0.0055221 secs]
258.056: [Full GC (Ergonomics)  692201K->11775K(1035264K), 0.0178149 secs]
258.074: Total time for which application threads were stopped: 0.0236155 seconds, Stopping threads took: 0.0000196 seconds
258.141: [GC (Allocation Failure)  334335K->20706K(1034240K), 0.0037674 secs]
258.145: Total time for which application threads were stopped: 0.0039629 seconds, Stopping threads took: 0.0000202 seconds
258.213: [GC (Allocation Failure)  342242K->20730K(1034752K), 0.0034710 secs]
258.216: Total time for which application threads were stopped: 0.0036681 seconds, Stopping threads took: 0.0000204 seconds
258.284: [GC (Allocation Failure)  342266K->14135K(1034752K), 0.0011059 secs]
258.285: Total time for which application threads were stopped: 0.0012284 seconds, Stopping threads took: 0.0000171 seconds
258.354: [GC (Allocation Failure)  335671K->20922K(1034752K), 0.0034948 secs]
258.358: Total time for which application threads were stopped: 0.0036908 seconds, Stopping threads took: 0.0000265 seconds
258.427: [GC (Allocation Failure)  342458K->20698K(1034752K), 0.0035205 secs]
258.431: Total time for which application threads were stopped: 0.0037048 seconds, Stopping threads took: 0.0000175 seconds
258.496: [GC (Allocation Failure)  342234K->15351K(1034752K), 0.0014527 secs]
258.497: Total time for which application threads were stopped: 0.0015875 seconds, Stopping threads took: 0.0000199 seconds
258.565: [GC (Allocation Failure)  336887K->20890K(1034752K), 0.0037115 secs]
258.569: Total time for which application threads were stopped: 0.0039069 seconds, Stopping threads took: 0.0000198 seconds
258.638: [GC (Allocation Failure)  342426K->20698K(1034752K), 0.0037811 secs]
258.642: Total time for which application threads were stopped: 0.0039668 seconds, Stopping threads took: 0.0000200 seconds
258.706: [GC (Allocation Failure)  342234K->16567K(1035264K), 0.0019465 secs]
258.709: Total time for which application threads were stopped: 0.0021033 seconds, Stopping threads took: 0.0000210 seconds
258.776: [GC (Allocation Failure)  338615K->20826K(1034752K), 0.0037198 secs]
258.779: Total time for which application threads were stopped: 0.0040405 seconds, Stopping threads took: 0.0000193 seconds
258.849: [GC (Allocation Failure)  342874K->20730K(1035264K), 0.0036517 secs]
258.853: Total time for which application threads were stopped: 0.0038393 seconds, Stopping threads took: 0.0000263 seconds
258.920: [GC (Allocation Failure)  343290K->19831K(1035264K), 0.0034061 secs]
258.923: Total time for which application threads were stopped: 0.0035803 seconds, Stopping threads took: 0.0000196 seconds
258.991: [GC (Allocation Failure)  342391K->20730K(1035776K), 0.0037561 secs]
258.995: Total time for which application threads were stopped: 0.0039323 seconds, Stopping threads took: 0.0000204 seconds
259.062: [GC (Allocation Failure)  344314K->20698K(1035776K), 0.0039527 secs]
259.066: Total time for which application threads were stopped: 0.0041472 seconds, Stopping threads took: 0.0000203 seconds
259.134: [GC (Allocation Failure)  344282K->26151K(1031680K), 0.0060717 secs]
259.140: Total time for which application threads were stopped: 0.0062301 seconds, Stopping threads took: 0.0000164 seconds
259.207: [GC (Allocation Failure)  345639K->21418K(1033728K), 0.0037583 secs]
259.210: Total time for which application threads were stopped: 0.0039165 seconds, Stopping threads took: 0.0000185 seconds
259.277: [GC (Allocation Failure)  340906K->21418K(1034752K), 0.0037775 secs]
259.281: Total time for which application threads were stopped: 0.0039430 seconds, Stopping threads took: 0.0000201 seconds
259.349: [GC (Allocation Failure)  342442K->23527K(1034240K), 0.0042747 secs]
259.353: Total time for which application threads were stopped: 0.0044396 seconds, Stopping threads took: 0.0000254 seconds
259.422: [GC (Allocation Failure)  344551K->21674K(1034752K), 0.0038093 secs]
259.426: Total time for which application threads were stopped: 0.0040012 seconds, Stopping threads took: 0.0000199 seconds
259.494: [GC (Allocation Failure)  343210K->21418K(1034752K), 0.0036071 secs]
259.497: Total time for which application threads were stopped: 0.0037706 seconds, Stopping threads took: 0.0000205 seconds
259.563: [GC (Allocation Failure)  342954K->24231K(1034240K), 0.0049587 secs]
259.568: Total time for which application threads were stopped: 0.0051431 seconds, Stopping threads took: 0.0000197 seconds
259.636: [GC (Allocation Failure)  345767K->21578K(1034752K), 0.0037053 secs]
259.640: Total time for which application threads were stopped: 0.0039060 seconds, Stopping threads took: 0.0000212 seconds
259.709: [GC (Allocation Failure)  343114K->21418K(1035776K), 0.0037862 secs]
259.713: Total time for which application threads were stopped: 0.0039597 seconds, Stopping threads took: 0.0000195 seconds
259.778: [GC (Allocation Failure)  344490K->26951K(1035264K), 0.0060840 secs]
259.784: Total time for which application threads were stopped: 0.0062453 seconds, Stopping threads took: 0.0000194 seconds
259.851: [GC (Allocation Failure)  350023K->22346K(1034240K), 0.0038051 secs]
259.854: Total time for which application threads were stopped: 0.0039769 seconds, Stopping threads took: 0.0000269 seconds
259.923: [GC (Allocation Failure)  343882K->22218K(1034752K), 0.0037218 secs]
259.927: Total time for which application threads were stopped: 0.0038714 seconds, Stopping threads took: 0.0000173 seconds
259.992: [GC (Allocation Failure)  343754K->30535K(1030144K), 0.0074709 secs]
260.000: Total time for which application threads were stopped: 0.0076696 seconds, Stopping threads took: 0.0000203 seconds
260.066: [GC (Allocation Failure)  347975K->25322K(1032704K), 0.0036060 secs]
260.069: Total time for which application threads were stopped: 0.0037771 seconds, Stopping threads took: 0.0000191 seconds
260.136: [GC (Allocation Failure)  342762K->25322K(1033216K), 0.0038222 secs]
260.140: Total time for which application threads were stopped: 0.0039829 seconds, Stopping threads took: 0.0000199 seconds
260.205: [GC (Allocation Failure)  343786K->23559K(1033216K), 0.0029100 secs]
260.208: Total time for which application threads were stopped: 0.0030743 seconds, Stopping threads took: 0.0000191 seconds
260.273: [GC (Allocation Failure)  342023K->25514K(1034240K), 0.0038858 secs]
260.277: Total time for which application threads were stopped: 0.0040642 seconds, Stopping threads took: 0.0000217 seconds
260.344: [GC (Allocation Failure)  345514K->25258K(1033728K), 0.0045596 secs]
260.348: Total time for which application threads were stopped: 0.0047128 seconds, Stopping threads took: 0.0000258 seconds
260.413: [GC (Allocation Failure)  345258K->18695K(1033216K), 0.0010994 secs]
260.414: Total time for which application threads were stopped: 0.0012119 seconds, Stopping threads took: 0.0000201 seconds
260.484: [GC (Allocation Failure)  338183K->25386K(1033728K), 0.0037406 secs]
260.488: Total time for which application threads were stopped: 0.0038907 seconds, Stopping threads took: 0.0000166 seconds
260.556: [GC (Allocation Failure)  344874K->25290K(1034752K), 0.0037641 secs]
260.560: Total time for which application threads were stopped: 0.0039355 seconds, Stopping threads took: 0.0000201 seconds
260.626: [GC (Allocation Failure)  346314K->27370K(1034240K), 0.0039005 secs]
260.630: Total time for which application threads were stopped: 0.0040687 seconds, Stopping threads took: 0.0000212 seconds
260.698: [GC (Allocation Failure)  348394K->33420K(1034752K), 0.0038524 secs]
260.702: Total time for which application threads were stopped: 0.0040257 seconds, Stopping threads took: 0.0000204 seconds
260.770: [GC (Allocation Failure)  354444K->33324K(1034240K), 0.0040557 secs]
260.774: Total time for which application threads were stopped: 0.0042260 seconds, Stopping threads took: 0.0000220 seconds
260.840: [GC (Allocation Failure)  354348K->35116K(1034240K), 0.0037830 secs]
260.844: Total time for which application threads were stopped: 0.0039472 seconds, Stopping threads took: 0.0000203 seconds
260.912: [GC (Allocation Failure)  356652K->41326K(1034752K), 0.0037790 secs]
260.915: Total time for which application threads were stopped: 0.0039409 seconds, Stopping threads took: 0.0000200 seconds
260.983: [GC (Allocation Failure)  362862K->41358K(1035264K), 0.0038493 secs]
260.987: Total time for which application threads were stopped: 0.0040221 seconds, Stopping threads took: 0.0000210 seconds
261.054: [GC (Allocation Failure)  363918K->45350K(1035264K), 0.0047790 secs]
261.059: Total time for which application threads were stopped: 0.0049388 seconds, Stopping threads took: 0.0000193 seconds
261.125: [GC (Allocation Failure)  367910K->49609K(1035264K), 0.0037174 secs]
261.128: Total time for which application threads were stopped: 0.0038883 seconds, Stopping threads took: 0.0000198 seconds
261.195: [GC (Allocation Failure)  372169K->49385K(1035264K), 0.0064331 secs]
261.202: Total time for which application threads were stopped: 0.0065884 seconds, Stopping threads took: 0.0000196 seconds
261.271: [GC (Allocation Failure)  371945K->45542K(1035776K), 0.0021770 secs]
261.273: Total time for which application threads were stopped: 0.0023170 seconds, Stopping threads took: 0.0000169 seconds
261.343: [GC (Allocation Failure)  369126K->49545K(1035776K), 0.0048728 secs]
261.348: Total time for which application threads were stopped: 0.0050797 seconds, Stopping threads took: 0.0000280 seconds
261.417: [GC (Allocation Failure)  373129K->49417K(1035776K), 0.0038835 secs]
261.421: Total time for which application threads were stopped: 0.0040533 seconds, Stopping threads took: 0.0000191 seconds
261.489: [GC (Allocation Failure)  373001K->52934K(1034752K), 0.0052203 secs]
261.495: Total time for which application threads were stopped: 0.0053904 seconds, Stopping threads took: 0.0000210 seconds
261.564: [GC (Allocation Failure)  376518K->49513K(1035264K), 0.0036394 secs]
261.568: Total time for which application threads were stopped: 0.0038022 seconds, Stopping threads took: 0.0000194 seconds
261.636: [GC (Allocation Failure)  371561K->49417K(1034752K), 0.0039401 secs]
261.640: Total time for which application threads were stopped: 0.0041107 seconds, Stopping threads took: 0.0000196 seconds
261.707: [GC (Allocation Failure)  371465K->57190K(1031168K), 0.0073860 secs]
261.714: Total time for which application threads were stopped: 0.0075562 seconds, Stopping threads took: 0.0000196 seconds
261.782: [GC (Allocation Failure)  375654K->51977K(1033216K), 0.0039065 secs]
261.786: Total time for which application threads were stopped: 0.0040785 seconds, Stopping threads took: 0.0000194 seconds
261.851: [GC (Allocation Failure)  370441K->51977K(1034240K), 0.0037154 secs]
261.855: Total time for which application threads were stopped: 0.0038909 seconds, Stopping threads took: 0.0000261 seconds
261.919: [GC (Allocation Failure)  371977K->53318K(1033728K), 0.0043086 secs]
261.924: Total time for which application threads were stopped: 0.0044786 seconds, Stopping threads took: 0.0000193 seconds
261.991: [GC (Allocation Failure)  373318K->52233K(1034752K), 0.0037992 secs]
261.995: Total time for which application threads were stopped: 0.0039639 seconds, Stopping threads took: 0.0000196 seconds
262.063: [GC (Allocation Failure)  373257K->51945K(1034240K), 0.0036823 secs]
262.066: Total time for which application threads were stopped: 0.0038450 seconds, Stopping threads took: 0.0000193 seconds
262.133: [GC (Allocation Failure)  372969K->51974K(1035776K), 0.0037444 secs]
262.137: Total time for which application threads were stopped: 0.0039077 seconds, Stopping threads took: 0.0000194 seconds
262.205: [GC (Allocation Failure)  375046K->52169K(1035264K), 0.0040158 secs]
262.209: Total time for which application threads were stopped: 0.0042169 seconds, Stopping threads took: 0.0000198 seconds
262.278: [GC (Allocation Failure)  375241K->51945K(1036288K), 0.0038656 secs]
262.282: Total time for which application threads were stopped: 0.0040245 seconds, Stopping threads took: 0.0000176 seconds
262.349: [GC (Allocation Failure)  376553K->59334K(1036288K), 0.0099034 secs]
262.359: Total time for which application threads were stopped: 0.0100593 seconds, Stopping threads took: 0.0000254 seconds
262.427: [GC (Allocation Failure)  383942K->55241K(1033216K), 0.0036729 secs]
262.431: Total time for which application threads were stopped: 0.0038463 seconds, Stopping threads took: 0.0000254 seconds
262.497: [GC (Allocation Failure)  376777K->55113K(1034752K), 0.0038525 secs]
262.501: Total time for which application threads were stopped: 0.0040243 seconds, Stopping threads took: 0.0000285 seconds
262.566: [GC (Allocation Failure)  376649K->50470K(1033728K), 0.0021631 secs]
262.568: Total time for which application threads were stopped: 0.0023392 seconds, Stopping threads took: 0.0000218 seconds
262.638: [GC (Allocation Failure)  370982K->55265K(1034240K), 0.0038924 secs]
262.642: Total time for which application threads were stopped: 0.0040665 seconds, Stopping threads took: 0.0000206 seconds
262.710: [GC (Allocation Failure)  375777K->59249K(1034752K), 0.0039018 secs]
262.714: Total time for which application threads were stopped: 0.0040710 seconds, Stopping threads took: 0.0000198 seconds
262.781: [GC (Allocation Failure)  380273K->53230K(1034240K), 0.0013655 secs]
262.782: Total time for which application threads were stopped: 0.0015076 seconds, Stopping threads took: 0.0000197 seconds
262.851: [GC (Allocation Failure)  374254K->59321K(1034752K), 0.0036734 secs]
262.855: Total time for which application threads were stopped: 0.0038453 seconds, Stopping threads took: 0.0000279 seconds
262.921: [GC (Allocation Failure)  380345K->63433K(1034240K), 0.0042785 secs]
262.926: Total time for which application threads were stopped: 0.0044396 seconds, Stopping threads took: 0.0000199 seconds
262.994: [GC (Allocation Failure)  384457K->57094K(1034240K), 0.0013205 secs]
262.996: Total time for which application threads were stopped: 0.0014698 seconds, Stopping threads took: 0.0000197 seconds
263.065: [GC (Allocation Failure)  378630K->63673K(1034752K), 0.0038288 secs]
263.069: Total time for which application threads were stopped: 0.0040258 seconds, Stopping threads took: 0.0000198 seconds
263.137: [GC (Allocation Failure)  385209K->67545K(1035776K), 0.0042841 secs]
263.141: Total time for which application threads were stopped: 0.0044799 seconds, Stopping threads took: 0.0000202 seconds
263.209: [GC (Allocation Failure)  390616K->63638K(1035264K), 0.0025475 secs]
263.211: Total time for which application threads were stopped: 0.0026998 seconds, Stopping threads took: 0.0000174 seconds
263.280: [GC (Allocation Failure)  386710K->67697K(1035776K), 0.0040305 secs]
263.284: Total time for which application threads were stopped: 0.0042124 seconds, Stopping threads took: 0.0000201 seconds
263.353: [GC (Allocation Failure)  391281K->71633K(1035776K), 0.0044576 secs]
263.358: Total time for which application threads were stopped: 0.0046163 seconds, Stopping threads took: 0.0000202 seconds
263.425: [GC (Allocation Failure)  395217K->71665K(1035776K), 0.0034897 secs]
263.429: Total time for which application threads were stopped: 0.0036768 seconds, Stopping threads took: 0.0000196 seconds
263.496: [GC (Allocation Failure)  395249K->72009K(1023488K), 0.0038534 secs]
263.500: Total time for which application threads were stopped: 0.0040165 seconds, Stopping threads took: 0.0000200 seconds
263.569: [GC (Allocation Failure)  395593K->79691K(1035264K), 0.0038465 secs]
263.573: Total time for which application threads were stopped: 0.0040707 seconds, Stopping threads took: 0.0000603 seconds
263.641: [GC (Allocation Failure)  402251K->79691K(1035264K), 0.0037743 secs]
263.645: Total time for which application threads were stopped: 0.0039950 seconds, Stopping threads took: 0.0000456 seconds
263.712: [GC (Allocation Failure)  402251K->80203K(1034240K), 0.0037115 secs]
263.716: Total time for which application threads were stopped: 0.0038877 seconds, Stopping threads took: 0.0000212 seconds
263.783: [GC (Allocation Failure)  401739K->87757K(1034752K), 0.0038885 secs]
263.787: Total time for which application threads were stopped: 0.0040629 seconds, Stopping threads took: 0.0000202 seconds
263.855: [GC (Allocation Failure)  409293K->87725K(1034752K), 0.0035736 secs]
263.858: Total time for which application threads were stopped: 0.0037465 seconds, Stopping threads took: 0.0000266 seconds
263.923: [GC (Allocation Failure)  409261K->87885K(1034752K), 0.0040793 secs]
263.927: Total time for which application threads were stopped: 0.0042504 seconds, Stopping threads took: 0.0000199 seconds
263.994: [GC (Allocation Failure)  409421K->95791K(1033728K), 0.0038142 secs]
263.998: Total time for which application threads were stopped: 0.0040010 seconds, Stopping threads took: 0.0000207 seconds
264.066: [GC (Allocation Failure)  416303K->95727K(1034240K), 0.0038109 secs]
264.070: Total time for which application threads were stopped: 0.0039682 seconds, Stopping threads took: 0.0000194 seconds
264.136: [GC (Allocation Failure)  416239K->95879K(1033728K), 0.0038625 secs]
264.140: Total time for which application threads were stopped: 0.0040328 seconds, Stopping threads took: 0.0000278 seconds
264.207: [GC (Allocation Failure)  416391K->103786K(1034240K), 0.0039073 secs]
264.211: Total time for which application threads were stopped: 0.0040890 seconds, Stopping threads took: 0.0000231 seconds
264.279: [GC (Allocation Failure)  424298K->103786K(1034240K), 0.0041467 secs]
264.283: Total time for which application threads were stopped: 0.0043200 seconds, Stopping threads took: 0.0000206 seconds
264.351: [GC (Allocation Failure)  424298K->103842K(1020416K), 0.0049257 secs]
264.356: Total time for which application threads were stopped: 0.0050742 seconds, Stopping threads took: 0.0000267 seconds
264.424: [GC (Allocation Failure)  424354K->111780K(1033728K), 0.0037794 secs]
264.427: Total time for which application threads were stopped: 0.0039443 seconds, Stopping threads took: 0.0000199 seconds
264.495: [GC (Allocation Failure)  431268K->111812K(1033728K), 0.0038690 secs]
264.499: Total time for which application threads were stopped: 0.0040374 seconds, Stopping threads took: 0.0000196 seconds
264.563: [GC (Allocation Failure)  431300K->112076K(1033728K), 0.0038061 secs]
264.567: Total time for which application threads were stopped: 0.0039721 seconds, Stopping threads took: 0.0000207 seconds
264.635: [GC (Allocation Failure)  431564K->119854K(1033728K), 0.0039542 secs]
264.639: Total time for which application threads were stopped: 0.0041189 seconds, Stopping threads took: 0.0000200 seconds
264.707: [GC (Allocation Failure)  439342K->119854K(1033728K), 0.0039538 secs]
264.711: Total time for which application threads were stopped: 0.0041173 seconds, Stopping threads took: 0.0000201 seconds
264.777: [GC (Allocation Failure)  439342K->120038K(1033728K), 0.0046944 secs]
264.782: Total time for which application threads were stopped: 0.0048687 seconds, Stopping threads took: 0.0000197 seconds
264.849: [GC (Allocation Failure)  439526K->127848K(1033728K), 0.0046063 secs]
264.854: Total time for which application threads were stopped: 0.0047664 seconds, Stopping threads took: 0.0000198 seconds
264.919: [GC (Allocation Failure)  447336K->123974K(1033728K), 0.0062681 secs]
264.926: Total time for which application threads were stopped: 0.0064307 seconds, Stopping threads took: 0.0000192 seconds
264.994: [GC (Allocation Failure)  443462K->128040K(1034752K), 0.0041039 secs]
264.998: Total time for which application threads were stopped: 0.0042874 seconds, Stopping threads took: 0.0000190 seconds
265.066: [GC (Allocation Failure)  449064K->132040K(1034240K), 0.0038841 secs]
265.070: Total time for which application threads were stopped: 0.0040696 seconds, Stopping threads took: 0.0000209 seconds
265.137: [GC (Allocation Failure)  453064K->126278K(1034752K), 0.0020737 secs]
265.139: Total time for which application threads were stopped: 0.0022175 seconds, Stopping threads took: 0.0000204 seconds
265.207: [GC (Allocation Failure)  447814K->132072K(1034752K), 0.0040443 secs]
265.211: Total time for which application threads were stopped: 0.0042224 seconds, Stopping threads took: 0.0000220 seconds
265.277: [GC (Allocation Failure)  453608K->136176K(1035264K), 0.0043257 secs]
265.282: Total time for which application threads were stopped: 0.0044887 seconds, Stopping threads took: 0.0000207 seconds
265.351: [GC (Allocation Failure)  458474K->132238K(1035264K), 0.0033753 secs]
265.354: Total time for which application threads were stopped: 0.0035370 seconds, Stopping threads took: 0.0000253 seconds
265.422: [GC (Allocation Failure)  454798K->136304K(1036288K), 0.0041935 secs]
265.426: Total time for which application threads were stopped: 0.0043638 seconds, Stopping threads took: 0.0000198 seconds
265.493: [GC (Allocation Failure)  460400K->140304K(1035776K), 0.0040214 secs]
265.497: Total time for which application threads were stopped: 0.0041791 seconds, Stopping threads took: 0.0000196 seconds
265.565: [GC (Allocation Failure)  464400K->140304K(1035776K), 0.0038206 secs]
265.569: Total time for which application threads were stopped: 0.0039875 seconds, Stopping threads took: 0.0000195 seconds
265.636: [GC (Allocation Failure)  463888K->140328K(1023488K), 0.0040178 secs]
265.640: Total time for which application threads were stopped: 0.0041925 seconds, Stopping threads took: 0.0000206 seconds
265.707: [GC (Allocation Failure)  463912K->148299K(1035264K), 0.0038289 secs]
265.711: Total time for which application threads were stopped: 0.0039972 seconds, Stopping threads took: 0.0000197 seconds
265.779: [GC (Allocation Failure)  470859K->148331K(1030144K), 0.0038963 secs]
265.783: Total time for which application threads were stopped: 0.0040756 seconds, Stopping threads took: 0.0000194 seconds
265.852: [GC (Allocation Failure)  470891K->148363K(1034752K), 0.0039164 secs]
265.856: Total time for which application threads were stopped: 0.0040719 seconds, Stopping threads took: 0.0000248 seconds
265.923: [GC (Allocation Failure)  469899K->156333K(1029120K), 0.0038876 secs]
265.927: Total time for which application threads were stopped: 0.0040685 seconds, Stopping threads took: 0.0000197 seconds
265.994: [GC (Allocation Failure)  477869K->156333K(1034240K), 0.0044945 secs]
265.999: Total time for which application threads were stopped: 0.0046654 seconds, Stopping threads took: 0.0000207 seconds
266.065: [GC (Allocation Failure)  476845K->156557K(1034240K), 0.0042092 secs]
266.070: Total time for which application threads were stopped: 0.0043900 seconds, Stopping threads took: 0.0000220 seconds
266.136: [GC (Allocation Failure)  477069K->164399K(1034240K), 0.0042023 secs]
266.141: Total time for which application threads were stopped: 0.0043733 seconds, Stopping threads took: 0.0000203 seconds
266.209: [GC (Allocation Failure)  484911K->164367K(1034240K), 0.0038313 secs]
266.212: Total time for which application threads were stopped: 0.0040028 seconds, Stopping threads took: 0.0000185 seconds
266.282: [GC (Allocation Failure)  484879K->164775K(1033216K), 0.0041619 secs]
266.286: Total time for which application threads were stopped: 0.0043422 seconds, Stopping threads took: 0.0000225 seconds
266.355: [GC (Allocation Failure)  484263K->172393K(1033728K), 0.0047132 secs]
266.360: Total time for which application threads were stopped: 0.0048684 seconds, Stopping threads took: 0.0000259 seconds
266.427: [GC (Allocation Failure)  491881K->172393K(1033728K), 0.0038272 secs]
266.431: Total time for which application threads were stopped: 0.0039907 seconds, Stopping threads took: 0.0000207 seconds
266.497: [GC (Allocation Failure)  491881K->172521K(1033728K), 0.0040170 secs]
266.501: Total time for which application threads were stopped: 0.0041773 seconds, Stopping threads took: 0.0000193 seconds
266.568: [GC (Allocation Failure)  492009K->180428K(1033728K), 0.0040129 secs]
266.572: Total time for which application threads were stopped: 0.0041813 seconds, Stopping threads took: 0.0000185 seconds
266.639: [GC (Allocation Failure)  499916K->180460K(1033728K), 0.0039176 secs]
266.643: Total time for which application threads were stopped: 0.0040865 seconds, Stopping threads took: 0.0000196 seconds
266.709: [GC (Allocation Failure)  499948K->180492K(1033728K), 0.0039064 secs]
266.713: Total time for which application threads were stopped: 0.0041044 seconds, Stopping threads took: 0.0000194 seconds
266.782: [GC (Allocation Failure)  499980K->188494K(1027072K), 0.0042613 secs]
266.786: Total time for which application threads were stopped: 0.0044008 seconds, Stopping threads took: 0.0000178 seconds
266.851: [GC (Allocation Failure)  507982K->184588K(1034240K), 0.0027163 secs]
266.854: Total time for which application threads were stopped: 0.0028798 seconds, Stopping threads took: 0.0000281 seconds
266.922: [GC (Allocation Failure)  504076K->188622K(1033216K), 0.0041860 secs]
266.926: Total time for which application threads were stopped: 0.0043611 seconds, Stopping threads took: 0.0000197 seconds
266.993: [GC (Allocation Failure)  508110K->192590K(1034752K), 0.0039383 secs]
266.997: Total time for which application threads were stopped: 0.0041116 seconds, Stopping threads took: 0.0000204 seconds
267.064: [GC (Allocation Failure)  514126K->185804K(1034752K), 0.0014040 secs]
267.066: Total time for which application threads were stopped: 0.0015376 seconds, Stopping threads took: 0.0000220 seconds
267.134: [GC (Allocation Failure)  507340K->192654K(1034752K), 0.0037760 secs]
267.138: Total time for which application threads were stopped: 0.0039256 seconds, Stopping threads took: 0.0000172 seconds
267.203: [GC (Allocation Failure)  514190K->196766K(1034752K), 0.0067363 secs]
267.210: Total time for which application threads were stopped: 0.0069155 seconds, Stopping threads took: 0.0000200 seconds
267.275: [GC (Allocation Failure)  518302K->191164K(1034752K), 0.0019327 secs]
267.277: Total time for which application threads were stopped: 0.0020816 seconds, Stopping threads took: 0.0000199 seconds
267.345: [GC (Allocation Failure)  512700K->196998K(1034752K), 0.0064816 secs]
267.351: Total time for which application threads were stopped: 0.0066827 seconds, Stopping threads took: 0.0000267 seconds
267.418: [GC (Allocation Failure)  518534K->200870K(1035264K), 0.0042575 secs]
267.422: Total time for which application threads were stopped: 0.0044165 seconds, Stopping threads took: 0.0000191 seconds
267.489: [GC (Allocation Failure)  523358K->196964K(1035264K), 0.0028046 secs]
267.492: Total time for which application threads were stopped: 0.0029708 seconds, Stopping threads took: 0.0000196 seconds
267.559: [GC (Allocation Failure)  519524K->201038K(1036288K), 0.0043184 secs]
267.564: Total time for which application threads were stopped: 0.0044901 seconds, Stopping threads took: 0.0000192 seconds
267.631: [GC (Allocation Failure)  525134K->204974K(1035776K), 0.0050180 secs]
267.636: Total time for which application threads were stopped: 0.0051870 seconds, Stopping threads took: 0.0000223 seconds
267.704: [GC (Allocation Failure)  529070K->204974K(1035776K), 0.0046503 secs]
267.709: Total time for which application threads were stopped: 0.0048122 seconds, Stopping threads took: 0.0000200 seconds
267.778: [GC (Allocation Failure)  528558K->205070K(1023488K), 0.0043117 secs]
267.782: Total time for which application threads were stopped: 0.0044822 seconds, Stopping threads took: 0.0000206 seconds
267.848: [GC (Allocation Failure)  528654K->213008K(1035264K), 0.0041456 secs]
267.853: Total time for which application threads were stopped: 0.0043139 seconds, Stopping threads took: 0.0000261 seconds
267.920: [GC (Allocation Failure)  535568K->213040K(1030144K), 0.0040152 secs]
267.924: Total time for which application threads were stopped: 0.0041943 seconds, Stopping threads took: 0.0000192 seconds
267.991: [GC (Allocation Failure)  535600K->213064K(1034752K), 0.0039840 secs]
267.995: Total time for which application threads were stopped: 0.0041481 seconds, Stopping threads took: 0.0000204 seconds
268.062: [GC (Allocation Failure)  534600K->221067K(1034752K), 0.0064862 secs]
268.069: Total time for which application threads were stopped: 0.0066576 seconds, Stopping threads took: 0.0000204 seconds
268.137: [GC (Allocation Failure)  542603K->221035K(1033728K), 0.0039572 secs]
268.141: Total time for which application threads were stopped: 0.0041166 seconds, Stopping threads took: 0.0000202 seconds
268.208: [GC (Allocation Failure)  541547K->221291K(1034240K), 0.0039207 secs]
268.212: Total time for which application threads were stopped: 0.0041174 seconds, Stopping threads took: 0.0000201 seconds
268.282: [GC (Allocation Failure)  541803K->229133K(1034240K), 0.0039755 secs]
268.286: Total time for which application threads were stopped: 0.0041591 seconds, Stopping threads took: 0.0000176 seconds
268.357: [GC (Allocation Failure)  549645K->229133K(1034240K), 0.0039902 secs]
268.361: Total time for which application threads were stopped: 0.0041800 seconds, Stopping threads took: 0.0000186 seconds
268.428: [GC (Allocation Failure)  549645K->229549K(1033216K), 0.0040949 secs]
268.432: Total time for which application threads were stopped: 0.0042729 seconds, Stopping threads took: 0.0000211 seconds
268.501: [GC (Allocation Failure)  549037K->237167K(1033728K), 0.0040239 secs]
268.506: Total time for which application threads were stopped: 0.0041870 seconds, Stopping threads took: 0.0000194 seconds
268.573: [GC (Allocation Failure)  556655K->237135K(1033728K), 0.0040452 secs]
268.577: Total time for which application threads were stopped: 0.0042069 seconds, Stopping threads took: 0.0000191 seconds
268.641: [GC (Allocation Failure)  556623K->237255K(1033728K), 0.0042111 secs]
268.646: Total time for which application threads were stopped: 0.0043774 seconds, Stopping threads took: 0.0000187 seconds
268.713: [GC (Allocation Failure)  556743K->245193K(1033728K), 0.0041215 secs]
268.717: Total time for which application threads were stopped: 0.0043551 seconds, Stopping threads took: 0.0000190 seconds
268.786: [GC (Allocation Failure)  564681K->245161K(1033728K), 0.0041927 secs]
268.790: Total time for which application threads were stopped: 0.0043716 seconds, Stopping threads took: 0.0000220 seconds
268.858: [GC (Allocation Failure)  564649K->245225K(1033728K), 0.0040271 secs]
268.862: Total time for which application threads were stopped: 0.0041997 seconds, Stopping threads took: 0.0000282 seconds
268.929: [GC (Allocation Failure)  564713K->253164K(1027072K), 0.0042805 secs]
268.933: Total time for which application threads were stopped: 0.0044746 seconds, Stopping threads took: 0.0000212 seconds
268.998: [GC (Allocation Failure)  572651K->249289K(1034240K), 0.0030413 secs]
269.002: Total time for which application threads were stopped: 0.0032149 seconds, Stopping threads took: 0.0000164 seconds
269.070: [GC (Allocation Failure)  568777K->253324K(1033216K), 0.0042271 secs]
269.075: Total time for which application threads were stopped: 0.0043885 seconds, Stopping threads took: 0.0000199 seconds
269.142: [GC (Allocation Failure)  572812K->257292K(1034752K), 0.0042545 secs]
269.146: Total time for which application threads were stopped: 0.0045579 seconds, Stopping threads took: 0.0000191 seconds
269.212: [GC (Allocation Failure)  578828K->250569K(1034752K), 0.0014106 secs]
269.214: Total time for which application threads were stopped: 0.0015431 seconds, Stopping threads took: 0.0000206 seconds
269.280: [GC (Allocation Failure)  572105K->257356K(1034752K), 0.0066534 secs]
269.287: Total time for which application threads were stopped: 0.0068227 seconds, Stopping threads took: 0.0000200 seconds
269.355: [GC (Allocation Failure)  578892K->261460K(1034752K), 0.0065449 secs]
269.361: Total time for which application threads were stopped: 0.0067041 seconds, Stopping threads took: 0.0000257 seconds
269.427: [GC (Allocation Failure)  582996K->255889K(1034752K), 0.0019552 secs]
269.429: Total time for which application threads were stopped: 0.0021163 seconds, Stopping threads took: 0.0000196 seconds
269.498: [GC (Allocation Failure)  577425K->261692K(1034752K), 0.0043081 secs]
269.502: Total time for which application threads were stopped: 0.0044673 seconds, Stopping threads took: 0.0000175 seconds
269.569: [GC (Allocation Failure)  583228K->265596K(1034752K), 0.0044885 secs]
269.574: Total time for which application threads were stopped: 0.0046619 seconds, Stopping threads took: 0.0000196 seconds
269.640: [GC (Allocation Failure)  588084K->261721K(1035264K), 0.0028684 secs]
269.643: Total time for which application threads were stopped: 0.0030247 seconds, Stopping threads took: 0.0000207 seconds
269.713: [GC (Allocation Failure)  584281K->265756K(1036288K), 0.0043348 secs]
269.717: Total time for which application threads were stopped: 0.0045116 seconds, Stopping threads took: 0.0000201 seconds
269.785: [GC (Allocation Failure)  589852K->269756K(1035776K), 0.0041279 secs]
269.789: Total time for which application threads were stopped: 0.0043377 seconds, Stopping threads took: 0.0000203 seconds
269.860: [GC (Allocation Failure)  593852K->269756K(1035776K), 0.0038768 secs]
269.864: Total time for which application threads were stopped: 0.0040719 seconds, Stopping threads took: 0.0000253 seconds
269.933: [GC (Allocation Failure)  593340K->269788K(1023488K), 0.0040337 secs]
269.937: Total time for which application threads were stopped: 0.0042239 seconds, Stopping threads took: 0.0000190 seconds
270.003: [GC (Allocation Failure)  593372K->277758K(1035264K), 0.0043225 secs]
270.007: Total time for which application threads were stopped: 0.0044840 seconds, Stopping threads took: 0.0000194 seconds
270.075: [GC (Allocation Failure)  600318K->277758K(1030144K), 0.0042021 secs]
270.079: Total time for which application threads were stopped: 0.0043710 seconds, Stopping threads took: 0.0000191 seconds
270.146: [GC (Allocation Failure)  600318K->277830K(1034752K), 0.0041575 secs]
270.150: Total time for which application threads were stopped: 0.0043428 seconds, Stopping threads took: 0.0000192 seconds
270.218: [GC (Allocation Failure)  599366K->285800K(1034752K), 0.0043947 secs]
270.222: Total time for which application threads were stopped: 0.0045625 seconds, Stopping threads took: 0.0000205 seconds
270.290: [GC (Allocation Failure)  607336K->285800K(1033728K), 0.0040700 secs]
270.294: Total time for which application threads were stopped: 0.0042418 seconds, Stopping threads took: 0.0000203 seconds
270.361: [GC (Allocation Failure)  606312K->286056K(1034240K), 0.0041618 secs]
270.366: Total time for which application threads were stopped: 0.0043184 seconds, Stopping threads took: 0.0000175 seconds
270.434: [GC (Allocation Failure)  606568K->293802K(1034240K), 0.0041573 secs]
270.438: Total time for which application threads were stopped: 0.0043282 seconds, Stopping threads took: 0.0000195 seconds
270.506: [GC (Allocation Failure)  614314K->293802K(1034240K), 0.0042965 secs]
270.510: Total time for which application threads were stopped: 0.0044574 seconds, Stopping threads took: 0.0000200 seconds
270.577: [GC (Allocation Failure)  614314K->294242K(1034240K), 0.0045641 secs]
270.581: Total time for which application threads were stopped: 0.0047536 seconds, Stopping threads took: 0.0000270 seconds
270.648: [GC (Allocation Failure)  614754K->301861K(1028096K), 0.0041072 secs]
270.652: Total time for which application threads were stopped: 0.0042970 seconds, Stopping threads took: 0.0000220 seconds
270.718: [GC (Allocation Failure)  622373K->301829K(1033728K), 0.0048553 secs]
270.723: Total time for which application threads were stopped: 0.0050178 seconds, Stopping threads took: 0.0000188 seconds
270.787: [GC (Allocation Failure)  621317K->301997K(1033728K), 0.0041220 secs]
270.792: Total time for which application threads were stopped: 0.0044336 seconds, Stopping threads took: 0.0000195 seconds
270.859: [GC (Allocation Failure)  621485K->309935K(1033728K), 0.0065417 secs]
270.866: Total time for which application threads were stopped: 0.0067055 seconds, Stopping threads took: 0.0000258 seconds
270.934: [GC (Allocation Failure)  629423K->309903K(1033728K), 0.0041524 secs]
270.938: Total time for which application threads were stopped: 0.0043207 seconds, Stopping threads took: 0.0000194 seconds
271.004: [GC (Allocation Failure)  629391K->309959K(1033728K), 0.0044390 secs]
271.009: Total time for which application threads were stopped: 0.0046181 seconds, Stopping threads took: 0.0000202 seconds
271.075: [GC (Allocation Failure)  629447K->317929K(1027072K), 0.0043440 secs]
271.080: Total time for which application threads were stopped: 0.0044992 seconds, Stopping threads took: 0.0000192 seconds
271.144: [GC (Allocation Failure)  637417K->314055K(1034240K), 0.0033000 secs]
271.148: Total time for which application threads were stopped: 0.0034568 seconds, Stopping threads took: 0.0000195 seconds
271.215: [GC (Allocation Failure)  633543K->318057K(1033216K), 0.0044086 secs]
271.220: Total time for which application threads were stopped: 0.0046101 seconds, Stopping threads took: 0.0000211 seconds
271.287: [GC (Allocation Failure)  637545K->322025K(1034752K), 0.0055480 secs]
271.293: Total time for which application threads were stopped: 0.0057146 seconds, Stopping threads took: 0.0000204 seconds
271.361: [GC (Allocation Failure)  643561K->315239K(1034752K), 0.0015750 secs]
271.362: Total time for which application threads were stopped: 0.0017104 seconds, Stopping threads took: 0.0000178 seconds
271.429: [GC (Allocation Failure)  636775K->322129K(1034752K), 0.0042682 secs]
271.434: Total time for which application threads were stopped: 0.0044471 seconds, Stopping threads took: 0.0000200 seconds
271.501: [GC (Allocation Failure)  643665K->326209K(1034752K), 0.0051138 secs]
271.506: Total time for which application threads were stopped: 0.0052784 seconds, Stopping threads took: 0.0000203 seconds
271.571: [GC (Allocation Failure)  647745K->320671K(1034752K), 0.0022024 secs]
271.573: Total time for which application threads were stopped: 0.0023505 seconds, Stopping threads took: 0.0000197 seconds
271.642: [GC (Allocation Failure)  642207K->326481K(1034752K), 0.0046434 secs]
271.647: Total time for which application threads were stopped: 0.0048234 seconds, Stopping threads took: 0.0000230 seconds
271.713: [GC (Allocation Failure)  648017K->330353K(1034752K), 0.0046435 secs]
271.718: Total time for which application threads were stopped: 0.0048373 seconds, Stopping threads took: 0.0000204 seconds
271.787: [GC (Allocation Failure)  652842K->326447K(1035264K), 0.0030364 secs]
271.790: Total time for which application threads were stopped: 0.0032025 seconds, Stopping threads took: 0.0000251 seconds
271.861: [GC (Allocation Failure)  649007K->330473K(1036288K), 0.0042593 secs]
271.865: Total time for which application threads were stopped: 0.0044195 seconds, Stopping threads took: 0.0000254 seconds
271.934: [GC (Allocation Failure)  654569K->334473K(1035776K), 0.0041269 secs]
271.939: Total time for which application threads were stopped: 0.0042949 seconds, Stopping threads took: 0.0000187 seconds
272.007: [GC (Allocation Failure)  658569K->334473K(1035776K), 0.0042539 secs]
272.011: Total time for which application threads were stopped: 0.0044254 seconds, Stopping threads took: 0.0000191 seconds
272.080: [GC (Allocation Failure)  658057K->334537K(1023488K), 0.0041905 secs]
272.085: Total time for which application threads were stopped: 0.0043565 seconds, Stopping threads took: 0.0000188 seconds
272.151: [GC (Allocation Failure)  658121K->342507K(1035264K), 0.0043418 secs]
272.155: Total time for which application threads were stopped: 0.0045129 seconds, Stopping threads took: 0.0000197 seconds
272.224: [GC (Allocation Failure)  665067K->342507K(1030144K), 0.0042381 secs]
272.229: Total time for which application threads were stopped: 0.0044162 seconds, Stopping threads took: 0.0000191 seconds
272.296: [GC (Allocation Failure)  665067K->342571K(1034752K), 0.0043757 secs]
272.300: Total time for which application threads were stopped: 0.0045504 seconds, Stopping threads took: 0.0000275 seconds
272.369: [GC (Allocation Failure)  664107K->350574K(1034752K), 0.0044582 secs]
272.373: Total time for which application threads were stopped: 0.0046222 seconds, Stopping threads took: 0.0000199 seconds
272.441: [GC (Allocation Failure)  672110K->350542K(1033728K), 0.0041522 secs]
272.445: Total time for which application threads were stopped: 0.0043312 seconds, Stopping threads took: 0.0000206 seconds
272.512: [GC (Allocation Failure)  671054K->350766K(1034240K), 0.0044202 secs]
272.516: Total time for which application threads were stopped: 0.0046186 seconds, Stopping threads took: 0.0000208 seconds
272.585: [GC (Allocation Failure)  671278K->358576K(1034240K), 0.0043086 secs]
272.590: Total time for which application threads were stopped: 0.0044919 seconds, Stopping threads took: 0.0000175 seconds
272.660: [GC (Allocation Failure)  679088K->358576K(1034240K), 0.0041937 secs]
272.664: Total time for which application threads were stopped: 0.0043855 seconds, Stopping threads took: 0.0000200 seconds
272.732: [GC (Allocation Failure)  679088K->358984K(1033216K), 0.0043552 secs]
272.737: Total time for which application threads were stopped: 0.0045251 seconds, Stopping threads took: 0.0000192 seconds
272.804: [GC (Allocation Failure)  678472K->366634K(1033728K), 0.0043976 secs]
272.809: Total time for which application threads were stopped: 0.0045567 seconds, Stopping threads took: 0.0000194 seconds
272.876: [GC (Allocation Failure)  686122K->366570K(1033728K), 0.0041395 secs]
272.880: Total time for which application threads were stopped: 0.0043173 seconds, Stopping threads took: 0.0000195 seconds
272.945: [GC (Allocation Failure)  686058K->366722K(1033728K), 0.0046877 secs]
272.949: Total time for which application threads were stopped: 0.0048597 seconds, Stopping threads took: 0.0000207 seconds
273.017: [GC (Allocation Failure)  686210K->374629K(1033728K), 0.0041914 secs]
273.021: Total time for which application threads were stopped: 0.0043646 seconds, Stopping threads took: 0.0000205 seconds
273.089: [GC (Allocation Failure)  694117K->374629K(1033728K), 0.0043279 secs]
273.093: Total time for which application threads were stopped: 0.0045078 seconds, Stopping threads took: 0.0000198 seconds
273.162: [GC (Allocation Failure)  694117K->374701K(1033728K), 0.0042501 secs]
273.166: Total time for which application threads were stopped: 0.0044342 seconds, Stopping threads took: 0.0000293 seconds
273.233: [GC (Allocation Failure)  694189K->382671K(1027072K), 0.0044354 secs]
273.238: Total time for which application threads were stopped: 0.0046276 seconds, Stopping threads took: 0.0000193 seconds
273.304: [GC (Allocation Failure)  702158K->378765K(1034240K), 0.0033652 secs]
273.308: Total time for which application threads were stopped: 0.0035304 seconds, Stopping threads took: 0.0000274 seconds
273.376: [GC (Allocation Failure)  698253K->382799K(1033216K), 0.0044402 secs]
273.380: Total time for which application threads were stopped: 0.0045896 seconds, Stopping threads took: 0.0000169 seconds
273.447: [GC (Allocation Failure)  702287K->386799K(1034752K), 0.0041982 secs]
273.452: Total time for which application threads were stopped: 0.0043616 seconds, Stopping threads took: 0.0000200 seconds
273.518: [GC (Allocation Failure)  708335K->380013K(1034752K), 0.0019020 secs]
273.520: Total time for which application threads were stopped: 0.0020459 seconds, Stopping threads took: 0.0000199 seconds
273.589: [GC (Allocation Failure)  701549K->386863K(1034752K), 0.0049414 secs]
273.594: Total time for which application threads were stopped: 0.0051138 seconds, Stopping threads took: 0.0000198 seconds
273.662: [GC (Allocation Failure)  708399K->390943K(1034752K), 0.0053065 secs]
273.667: Total time for which application threads were stopped: 0.0054671 seconds, Stopping threads took: 0.0000199 seconds
273.734: [GC (Allocation Failure)  712479K->385405K(1034752K), 0.0024201 secs]
273.736: Total time for which application threads were stopped: 0.0025749 seconds, Stopping threads took: 0.0000188 seconds
273.803: [GC (Allocation Failure)  706941K->391215K(1034752K), 0.0045018 secs]
273.807: Total time for which application threads were stopped: 0.0046722 seconds, Stopping threads took: 0.0000200 seconds
273.874: [GC (Allocation Failure)  712751K->395127K(1034752K), 0.0048351 secs]
273.879: Total time for which application threads were stopped: 0.0050252 seconds, Stopping threads took: 0.0000282 seconds
273.948: [GC (Allocation Failure)  717615K->391189K(1035264K), 0.0032355 secs]
273.951: Total time for which application threads were stopped: 0.0034074 seconds, Stopping threads took: 0.0000277 seconds
274.019: [GC (Allocation Failure)  713749K->395247K(1036288K), 0.0044725 secs]
274.024: Total time for which application threads were stopped: 0.0046458 seconds, Stopping threads took: 0.0000198 seconds
274.091: [GC (Allocation Failure)  719343K->399215K(1035776K), 0.0043579 secs]
274.096: Total time for which application threads were stopped: 0.0045232 seconds, Stopping threads took: 0.0000200 seconds
274.164: [GC (Allocation Failure)  723311K->399247K(1035776K), 0.0043273 secs]
274.169: Total time for which application threads were stopped: 0.0044895 seconds, Stopping threads took: 0.0000194 seconds
274.237: [GC (Allocation Failure)  722831K->399271K(1023488K), 0.0044859 secs]
274.241: Total time for which application threads were stopped: 0.0046587 seconds, Stopping threads took: 0.0000192 seconds
274.310: [GC (Allocation Failure)  722855K->407241K(1035264K), 0.0044757 secs]
274.315: Total time for which application threads were stopped: 0.0046348 seconds, Stopping threads took: 0.0000170 seconds
274.385: [GC (Allocation Failure)  729801K->407273K(1030144K), 0.0041883 secs]
274.389: Total time for which application threads were stopped: 0.0043551 seconds, Stopping threads took: 0.0000193 seconds
274.458: [GC (Allocation Failure)  729833K->407273K(1034752K), 0.0044869 secs]
274.462: Total time for which application threads were stopped: 0.0046491 seconds, Stopping threads took: 0.0000203 seconds
274.529: [GC (Allocation Failure)  728809K->415275K(1029120K), 0.0044711 secs]
274.534: Total time for which application threads were stopped: 0.0046324 seconds, Stopping threads took: 0.0000196 seconds
274.601: [GC (Allocation Failure)  736811K->415275K(1034240K), 0.0043162 secs]
274.606: Total time for which application threads were stopped: 0.0045197 seconds, Stopping threads took: 0.0000200 seconds
274.674: [GC (Allocation Failure)  735787K->415531K(1034240K), 0.0045020 secs]
274.678: Total time for which application threads were stopped: 0.0046620 seconds, Stopping threads took: 0.0000172 seconds
274.747: [GC (Allocation Failure)  736043K->423310K(1034240K), 0.0043996 secs]
274.752: Total time for which application threads were stopped: 0.0045752 seconds, Stopping threads took: 0.0000200 seconds
274.820: [GC (Allocation Failure)  743822K->423342K(1034240K), 0.0046963 secs]
274.825: Total time for which application threads were stopped: 0.0048704 seconds, Stopping threads took: 0.0000204 seconds
274.893: [GC (Allocation Failure)  743854K->423718K(1033216K), 0.0046109 secs]
274.897: Total time for which application threads were stopped: 0.0047889 seconds, Stopping threads took: 0.0000263 seconds
274.965: [GC (Allocation Failure)  743206K->431336K(1033728K), 0.0045647 secs]
274.970: Total time for which application threads were stopped: 0.0047293 seconds, Stopping threads took: 0.0000196 seconds
275.037: [GC (Allocation Failure)  750824K->431368K(1033728K), 0.0046078 secs]
275.042: Total time for which application threads were stopped: 0.0047836 seconds, Stopping threads took: 0.0000201 seconds
275.107: [GC (Allocation Failure)  750856K->431464K(1033728K), 0.0045108 secs]
275.112: Total time for which application threads were stopped: 0.0047010 seconds, Stopping threads took: 0.0000213 seconds
275.179: [GC (Allocation Failure)  750952K->439434K(1033728K), 0.0043666 secs]
275.184: Total time for which application threads were stopped: 0.0045319 seconds, Stopping threads took: 0.0000200 seconds
275.252: [GC (Allocation Failure)  758922K->439402K(1033728K), 0.0058602 secs]
275.258: Total time for which application threads were stopped: 0.0060412 seconds, Stopping threads took: 0.0000201 seconds
275.325: [GC (Allocation Failure)  758890K->439426K(1032704K), 0.0044025 secs]
275.329: Total time for which application threads were stopped: 0.0045726 seconds, Stopping threads took: 0.0000218 seconds
275.397: [GC (Allocation Failure)  757890K->447428K(1033216K), 0.0044111 secs]
275.402: Total time for which application threads were stopped: 0.0045686 seconds, Stopping threads took: 0.0000197 seconds
275.468: [GC (Allocation Failure)  765892K->441858K(1033728K), 0.0024839 secs]
275.471: Total time for which application threads were stopped: 0.0026530 seconds, Stopping threads took: 0.0000201 seconds
275.538: [GC (Allocation Failure)  760834K->447652K(1033216K), 0.0045257 secs]
275.543: Total time for which application threads were stopped: 0.0046967 seconds, Stopping threads took: 0.0000194 seconds
275.610: [GC (Allocation Failure)  766628K->451540K(1034240K), 0.0048816 secs]
275.615: Total time for which application threads were stopped: 0.0050538 seconds, Stopping threads took: 0.0000199 seconds
275.682: [GC (Allocation Failure)  772052K->457458K(1034240K), 0.0069903 secs]
275.689: Total time for which application threads were stopped: 0.0071538 seconds, Stopping threads took: 0.0000193 seconds
275.760: [GC (Allocation Failure)  777970K->451700K(1030144K), 0.0046230 secs]
275.764: Total time for which application threads were stopped: 0.0047979 seconds, Stopping threads took: 0.0000302 seconds
275.832: [GC (Allocation Failure)  768116K->451572K(1032192K), 0.0045192 secs]
275.836: Total time for which application threads were stopped: 0.0046887 seconds, Stopping threads took: 0.0000198 seconds
275.903: [GC (Allocation Failure)  767988K->447410K(1033216K), 0.0028761 secs]
275.906: Total time for which application threads were stopped: 0.0030356 seconds, Stopping threads took: 0.0000193 seconds
275.974: [GC (Allocation Failure)  765362K->451668K(1032704K), 0.0066078 secs]
275.980: Total time for which application threads were stopped: 0.0067850 seconds, Stopping threads took: 0.0000212 seconds
276.047: [GC (Allocation Failure)  769620K->451572K(1033728K), 0.0045997 secs]
276.051: Total time for which application threads were stopped: 0.0047942 seconds, Stopping threads took: 0.0000211 seconds
276.119: [GC (Allocation Failure)  770548K->455116K(1033216K), 0.0053935 secs]
276.124: Total time for which application threads were stopped: 0.0055706 seconds, Stopping threads took: 0.0000276 seconds
276.193: [GC (Allocation Failure)  774092K->459631K(1034240K), 0.0044093 secs]
276.198: Total time for which application threads were stopped: 0.0045844 seconds, Stopping threads took: 0.0000195 seconds
276.263: [GC (Allocation Failure)  779631K->459567K(1033728K), 0.0046170 secs]
276.268: Total time for which application threads were stopped: 0.0047953 seconds, Stopping threads took: 0.0000192 seconds
276.333: [GC (Allocation Failure)  779567K->462855K(1034240K), 0.0074466 secs]
276.340: Total time for which application threads were stopped: 0.0076122 seconds, Stopping threads took: 0.0000262 seconds
276.408: [GC (Allocation Failure)  783367K->467593K(1034240K), 0.0045240 secs]
276.413: Total time for which application threads were stopped: 0.0046838 seconds, Stopping threads took: 0.0000171 seconds
276.480: [GC (Allocation Failure)  788105K->467593K(1034752K), 0.0043621 secs]
276.485: Total time for which application threads were stopped: 0.0045373 seconds, Stopping threads took: 0.0000200 seconds
276.550: [GC (Allocation Failure)  789129K->470057K(1034752K), 0.0050551 secs]
276.555: Total time for which application threads were stopped: 0.0052704 seconds, Stopping threads took: 0.0000262 seconds
276.625: [GC (Allocation Failure)  791593K->475627K(1034752K), 0.0043850 secs]
276.629: Total time for which application threads were stopped: 0.0045554 seconds, Stopping threads took: 0.0000261 seconds
276.696: [GC (Allocation Failure)  797163K->475627K(1034752K), 0.0044226 secs]
276.701: Total time for which application threads were stopped: 0.0045977 seconds, Stopping threads took: 0.0000196 seconds
276.768: [GC (Allocation Failure)  797163K->479339K(1035264K), 0.0053447 secs]
276.773: Total time for which application threads were stopped: 0.0055125 seconds, Stopping threads took: 0.0000265 seconds
276.841: [GC (Allocation Failure)  801387K->483693K(1034752K), 0.0046925 secs]
276.846: Total time for which application threads were stopped: 0.0048579 seconds, Stopping threads took: 0.0000204 seconds
276.914: [GC (Allocation Failure)  805741K->483661K(1035264K), 0.0045507 secs]
276.919: Total time for which application threads were stopped: 0.0047435 seconds, Stopping threads took: 0.0000196 seconds
276.987: [GC (Allocation Failure)  806221K->486541K(1035264K), 0.0051882 secs]
276.992: Total time for which application threads were stopped: 0.0053401 seconds, Stopping threads took: 0.0000165 seconds
277.059: [GC (Allocation Failure)  809101K->491792K(1035264K), 0.0043414 secs]
277.064: Total time for which application threads were stopped: 0.0045393 seconds, Stopping threads took: 0.0000206 seconds
277.133: [GC (Allocation Failure)  814352K->491728K(1035264K), 0.0046012 secs]
277.138: Total time for which application threads were stopped: 0.0047582 seconds, Stopping threads took: 0.0000168 seconds
277.207: [GC (Allocation Failure)  814288K->494760K(1035264K), 0.0052191 secs]
277.212: Total time for which application threads were stopped: 0.0053992 seconds, Stopping threads took: 0.0000198 seconds
277.281: [GC (Allocation Failure)  817320K->499786K(1035264K), 0.0044139 secs]
277.286: Total time for which application threads were stopped: 0.0045835 seconds, Stopping threads took: 0.0000273 seconds
277.355: [GC (Allocation Failure)  822346K->499722K(1035264K), 0.0052836 secs]
277.360: Total time for which application threads were stopped: 0.0054500 seconds, Stopping threads took: 0.0000259 seconds
277.426: [GC (Allocation Failure)  822282K->494920K(1035264K), 0.0027292 secs]
277.429: Total time for which application threads were stopped: 0.0029183 seconds, Stopping threads took: 0.0000185 seconds
277.497: [GC (Allocation Failure)  817480K->499946K(1035264K), 0.0046470 secs]
277.501: Total time for which application threads were stopped: 0.0048169 seconds, Stopping threads took: 0.0000216 seconds
277.569: [GC (Allocation Failure)  822506K->499754K(1035264K), 0.0046415 secs]
277.573: Total time for which application threads were stopped: 0.0048251 seconds, Stopping threads took: 0.0000203 seconds
277.640: [GC (Allocation Failure)  822314K->499240K(1035776K), 0.0058659 secs]
277.646: Total time for which application threads were stopped: 0.0060491 seconds, Stopping threads took: 0.0000213 seconds
277.715: [GC (Allocation Failure)  822312K->499946K(1035264K), 0.0045951 secs]
277.720: Total time for which application threads were stopped: 0.0047559 seconds, Stopping threads took: 0.0000172 seconds
277.787: [GC (Allocation Failure)  823018K->499690K(1035776K), 0.0046991 secs]
277.792: Total time for which application threads were stopped: 0.0048674 seconds, Stopping threads took: 0.0000195 seconds
277.860: [GC (Allocation Failure)  823274K->505568K(1035776K), 0.0070596 secs]
277.867: Total time for which application threads were stopped: 0.0072363 seconds, Stopping threads took: 0.0000275 seconds
277.935: [GC (Allocation Failure)  829152K->500962K(1032704K), 0.0045439 secs]
277.939: Total time for which application threads were stopped: 0.0047087 seconds, Stopping threads took: 0.0000192 seconds
278.006: [GC (Allocation Failure)  821474K->500866K(1034240K), 0.0046040 secs]
278.011: Total time for which application threads were stopped: 0.0047782 seconds, Stopping threads took: 0.0000208 seconds
278.078: [GC (Allocation Failure)  821378K->507912K(1030656K), 0.0077759 secs]
278.086: Total time for which application threads were stopped: 0.0079446 seconds, Stopping threads took: 0.0000201 seconds
278.152: [GC (Allocation Failure)  825352K->502250K(1032704K), 0.0048077 secs]
278.157: Total time for which application threads were stopped: 0.0050042 seconds, Stopping threads took: 0.0000201 seconds
278.226: [GC (Allocation Failure)  819690K->502122K(1033728K), 0.0042833 secs]
278.230: Total time for which application threads were stopped: 0.0044460 seconds, Stopping threads took: 0.0000179 seconds
278.297: [GC (Allocation Failure)  821098K->499752K(1033216K), 0.0037514 secs]
278.301: Total time for which application threads were stopped: 0.0039141 seconds, Stopping threads took: 0.0000191 seconds
278.369: [GC (Allocation Failure)  818728K->502218K(1034752K), 0.0045176 secs]
278.374: Total time for which application threads were stopped: 0.0046888 seconds, Stopping threads took: 0.0000200 seconds
278.441: [GC (Allocation Failure)  823242K->502154K(1034240K), 0.0044338 secs]
278.446: Total time for which application threads were stopped: 0.0046180 seconds, Stopping threads took: 0.0000205 seconds
278.514: [GC (Allocation Failure)  823178K->497384K(1034240K), 0.0027992 secs]
278.517: Total time for which application threads were stopped: 0.0029577 seconds, Stopping threads took: 0.0000199 seconds
278.585: [GC (Allocation Failure)  818920K->502378K(1034752K), 0.0044422 secs]
278.590: Total time for which application threads were stopped: 0.0046492 seconds, Stopping threads took: 0.0000204 seconds
278.657: [GC (Allocation Failure)  823914K->502154K(1035776K), 0.0046672 secs]
278.662: Total time for which application threads were stopped: 0.0048616 seconds, Stopping threads took: 0.0000204 seconds
278.728: [GC (Allocation Failure)  825226K->500136K(1035264K), 0.0037262 secs]
278.731: Total time for which application threads were stopped: 0.0039031 seconds, Stopping threads took: 0.0000203 seconds
278.798: [GC (Allocation Failure)  823208K->502314K(1036288K), 0.0045854 secs]
278.802: Total time for which application threads were stopped: 0.0047662 seconds, Stopping threads took: 0.0000281 seconds
278.872: [GC (Allocation Failure)  826410K->502154K(1035776K), 0.0044136 secs]
278.877: Total time for which application threads were stopped: 0.0045747 seconds, Stopping threads took: 0.0000192 seconds
278.945: [GC (Allocation Failure)  826250K->507976K(1033216K), 0.0071484 secs]
278.952: Total time for which application threads were stopped: 0.0073322 seconds, Stopping threads took: 0.0000252 seconds
279.020: [GC (Allocation Failure)  829512K->503882K(1034752K), 0.0046411 secs]
279.025: Total time for which application threads were stopped: 0.0048096 seconds, Stopping threads took: 0.0000210 seconds
279.092: [GC (Allocation Failure)  825418K->503754K(1035264K), 0.0059357 secs]
279.098: Total time for which application threads were stopped: 0.0060988 seconds, Stopping threads took: 0.0000207 seconds
279.167: [GC (Allocation Failure)  826314K->511840K(1035264K), 0.0083537 secs]
279.175: Total time for which application threads were stopped: 0.0085341 seconds, Stopping threads took: 0.0000193 seconds
279.243: [GC (Allocation Failure)  834400K->506658K(1032192K), 0.0048738 secs]
279.248: Total time for which application threads were stopped: 0.0050415 seconds, Stopping threads took: 0.0000195 seconds
279.315: [GC (Allocation Failure)  826146K->506594K(1033728K), 0.0045132 secs]
279.320: Total time for which application threads were stopped: 0.0046910 seconds, Stopping threads took: 0.0000203 seconds
279.387: [GC (Allocation Failure)  826082K->512832K(1031680K), 0.0073955 secs]
279.394: Total time for which application threads were stopped: 0.0075642 seconds, Stopping threads took: 0.0000194 seconds
279.461: [GC (Allocation Failure)  830272K->506626K(1032704K), 0.0047944 secs]
279.466: Total time for which application threads were stopped: 0.0049748 seconds, Stopping threads took: 0.0000188 seconds
279.532: [GC (Allocation Failure)  824066K->506594K(1033216K), 0.0044587 secs]
279.537: Total time for which application threads were stopped: 0.0046352 seconds, Stopping threads took: 0.0000200 seconds
279.602: [GC (Allocation Failure)  824546K->502336K(1032704K), 0.0029002 secs]
279.605: Total time for which application threads were stopped: 0.0030654 seconds, Stopping threads took: 0.0000194 seconds
279.671: [GC (Allocation Failure)  820288K->506818K(1033728K), 0.0049254 secs]
279.676: Total time for which application threads were stopped: 0.0050978 seconds, Stopping threads took: 0.0000192 seconds
279.741: [GC (Allocation Failure)  825794K->506594K(1033216K), 0.0047411 secs]
279.746: Total time for which application threads were stopped: 0.0049286 seconds, Stopping threads took: 0.0000254 seconds
279.813: [GC (Allocation Failure)  825570K->506954K(1032192K), 0.0045427 secs]
279.817: Total time for which application threads were stopped: 0.0047281 seconds, Stopping threads took: 0.0000205 seconds
279.887: [GC (Allocation Failure)  825418K->514668K(1033216K), 0.0045915 secs]
279.892: Total time for which application threads were stopped: 0.0047886 seconds, Stopping threads took: 0.0000258 seconds
279.960: [GC (Allocation Failure)  833132K->514636K(1034240K), 0.0045116 secs]
279.965: Total time for which application threads were stopped: 0.0046639 seconds, Stopping threads took: 0.0000172 seconds
280.030: [GC (Allocation Failure)  834636K->516748K(1033728K), 0.0049011 secs]
280.035: Total time for which application threads were stopped: 0.0050637 seconds, Stopping threads took: 0.0000195 seconds
280.103: [GC (Allocation Failure)  836748K->522767K(1034240K), 0.0045326 secs]
280.107: Total time for which application threads were stopped: 0.0047284 seconds, Stopping threads took: 0.0000203 seconds
280.176: [GC (Allocation Failure)  843279K->522671K(1034240K), 0.0045050 secs]
280.180: Total time for which application threads were stopped: 0.0046979 seconds, Stopping threads took: 0.0000195 seconds
280.248: [GC (Allocation Failure)  843183K->526503K(1034752K), 0.0055932 secs]
280.254: Total time for which application threads were stopped: 0.0057445 seconds, Stopping threads took: 0.0000167 seconds
280.320: [GC (Allocation Failure)  848039K->530761K(1034752K), 0.0048236 secs]
280.325: Total time for which application threads were stopped: 0.0049914 seconds, Stopping threads took: 0.0000205 seconds
280.392: [GC (Allocation Failure)  852297K->530697K(1035264K), 0.0047188 secs]
280.396: Total time for which application threads were stopped: 0.0048830 seconds, Stopping threads took: 0.0000205 seconds
280.463: [GC (Allocation Failure)  853257K->532681K(1035264K), 0.0047129 secs]
280.468: Total time for which application threads were stopped: 0.0048772 seconds, Stopping threads took: 0.0000200 seconds
280.536: [GC (Allocation Failure)  855241K->538763K(1035264K), 0.0047226 secs]
280.541: Total time for which application threads were stopped: 0.0048904 seconds, Stopping threads took: 0.0000202 seconds
280.609: [GC (Allocation Failure)  861323K->538731K(1035264K), 0.0054385 secs]
280.614: Total time for which application threads were stopped: 0.0056028 seconds, Stopping threads took: 0.0000189 seconds
280.679: [GC (Allocation Failure)  861291K->540939K(1035264K), 0.0050709 secs]
280.684: Total time for which application threads were stopped: 0.0052287 seconds, Stopping threads took: 0.0000186 seconds
280.752: [GC (Allocation Failure)  863499K->546829K(1035264K), 0.0047114 secs]
280.757: Total time for which application threads were stopped: 0.0048889 seconds, Stopping threads took: 0.0000193 seconds
280.826: [GC (Allocation Failure)  869389K->546765K(1035264K), 0.0046056 secs]
280.831: Total time for which application threads were stopped: 0.0047616 seconds, Stopping threads took: 0.0000189 seconds
280.900: [GC (Allocation Failure)  869325K->549165K(1035264K), 0.0048916 secs]
280.905: Total time for which application threads were stopped: 0.0050608 seconds, Stopping threads took: 0.0000196 seconds
280.973: [GC (Allocation Failure)  871725K->554928K(1035264K), 0.0048169 secs]
280.978: Total time for which application threads were stopped: 0.0049750 seconds, Stopping threads took: 0.0000192 seconds
281.045: [GC (Allocation Failure)  877488K->554800K(1035264K), 0.0045367 secs]
281.050: Total time for which application threads were stopped: 0.0046946 seconds, Stopping threads took: 0.0000196 seconds
281.115: [GC (Allocation Failure)  877360K->549357K(1035264K), 0.0032448 secs]
281.119: Total time for which application threads were stopped: 0.0034007 seconds, Stopping threads took: 0.0000192 seconds
281.186: [GC (Allocation Failure)  871917K->554896K(1035264K), 0.0046173 secs]
281.191: Total time for which application threads were stopped: 0.0047913 seconds, Stopping threads took: 0.0000255 seconds
281.258: [GC (Allocation Failure)  877456K->554832K(1035264K), 0.0054422 secs]
281.263: Total time for which application threads were stopped: 0.0056215 seconds, Stopping threads took: 0.0000199 seconds
281.330: [GC (Allocation Failure)  877392K->553645K(1035264K), 0.0087792 secs]
281.339: Total time for which application threads were stopped: 0.0089577 seconds, Stopping threads took: 0.0000283 seconds
281.406: [GC (Allocation Failure)  876205K->554832K(1035776K), 0.0048400 secs]
281.411: Total time for which application threads were stopped: 0.0050233 seconds, Stopping threads took: 0.0000220 seconds
281.478: [GC (Allocation Failure)  878416K->554832K(1035776K), 0.0047973 secs]
281.483: Total time for which application threads were stopped: 0.0049793 seconds, Stopping threads took: 0.0000213 seconds
281.552: [GC (Allocation Failure)  878416K->559965K(1032704K), 0.0071194 secs]
281.560: Total time for which application threads were stopped: 0.0072973 seconds, Stopping threads took: 0.0000213 seconds
281.627: [GC (Allocation Failure)  880477K->555456K(1034240K), 0.0047690 secs]
281.632: Total time for which application threads were stopped: 0.0049450 seconds, Stopping threads took: 0.0000203 seconds
281.700: [GC (Allocation Failure)  875968K->555200K(1035264K), 0.0044608 secs]
281.704: Total time for which application threads were stopped: 0.0046282 seconds, Stopping threads took: 0.0000204 seconds
281.772: [GC (Allocation Failure)  877248K->560157K(1034752K), 0.0069160 secs]
281.779: Total time for which application threads were stopped: 0.0070963 seconds, Stopping threads took: 0.0000210 seconds
281.847: [GC (Allocation Failure)  882205K->555392K(1033728K), 0.0047663 secs]
281.851: Total time for which application threads were stopped: 0.0049356 seconds, Stopping threads took: 0.0000188 seconds
281.920: [GC (Allocation Failure)  875904K->555232K(1034240K), 0.0044191 secs]
281.924: Total time for which application threads were stopped: 0.0045906 seconds, Stopping threads took: 0.0000195 seconds
281.992: [GC (Allocation Failure)  875744K->559837K(1032704K), 0.0066607 secs]
281.999: Total time for which application threads were stopped: 0.0068597 seconds, Stopping threads took: 0.0000274 seconds
282.066: [GC (Allocation Failure)  879325K->555360K(1033728K), 0.0047621 secs]
282.071: Total time for which application threads were stopped: 0.0049222 seconds, Stopping threads took: 0.0000167 seconds
282.137: [GC (Allocation Failure)  874848K->555232K(1034752K), 0.0045454 secs]
282.142: Total time for which application threads were stopped: 0.0047082 seconds, Stopping threads took: 0.0000207 seconds
282.208: [GC (Allocation Failure)  876256K->556413K(1034240K), 0.0052547 secs]
282.214: Total time for which application threads were stopped: 0.0054257 seconds, Stopping threads took: 0.0000195 seconds
282.281: [GC (Allocation Failure)  877437K->555296K(1035264K), 0.0045858 secs]
282.286: Total time for which application threads were stopped: 0.0047562 seconds, Stopping threads took: 0.0000191 seconds
282.357: [GC (Allocation Failure)  877344K->555264K(1034752K), 0.0048114 secs]
282.362: Total time for which application threads were stopped: 0.0049503 seconds, Stopping threads took: 0.0000167 seconds
282.431: [GC (Allocation Failure)  877312K->558173K(1034752K), 0.0057897 secs]
282.437: Total time for which application threads were stopped: 0.0059687 seconds, Stopping threads took: 0.0000197 seconds
282.506: [GC (Allocation Failure)  880733K->555232K(1035264K), 0.0046318 secs]
282.510: Total time for which application threads were stopped: 0.0047998 seconds, Stopping threads took: 0.0000205 seconds
282.578: [GC (Allocation Failure)  877792K->555232K(1035776K), 0.0048142 secs]
282.583: Total time for which application threads were stopped: 0.0049859 seconds, Stopping threads took: 0.0000202 seconds
282.651: [GC (Allocation Failure)  878304K->562957K(1035264K), 0.0083378 secs]
282.659: Total time for which application threads were stopped: 0.0085301 seconds, Stopping threads took: 0.0000188 seconds
282.729: [GC (Allocation Failure)  886029K->558448K(1032192K), 0.0045768 secs]
282.734: Total time for which application threads were stopped: 0.0047517 seconds, Stopping threads took: 0.0000196 seconds
282.801: [GC (Allocation Failure)  877936K->558224K(1033728K), 0.0047544 secs]
282.806: Total time for which application threads were stopped: 0.0049216 seconds, Stopping threads took: 0.0000193 seconds
282.873: [GC (Allocation Failure)  877712K->564605K(1031168K), 0.0073567 secs]
282.880: Total time for which application threads were stopped: 0.0075217 seconds, Stopping threads took: 0.0000262 seconds
282.946: [GC (Allocation Failure)  882045K->558528K(1032704K), 0.0047001 secs]
282.951: Total time for which application threads were stopped: 0.0048722 seconds, Stopping threads took: 0.0000191 seconds
283.017: [GC (Allocation Failure)  875968K->558304K(1033216K), 0.0055838 secs]
283.022: Total time for which application threads were stopped: 0.0057567 seconds, Stopping threads took: 0.0000206 seconds
283.087: [GC (Allocation Failure)  876768K->554717K(1033216K), 0.0031901 secs]
283.090: Total time for which application threads were stopped: 0.0033839 seconds, Stopping threads took: 0.0000200 seconds
283.159: [GC (Allocation Failure)  873181K->558464K(1033728K), 0.0047040 secs]
283.164: Total time for which application threads were stopped: 0.0048798 seconds, Stopping threads took: 0.0000202 seconds
283.230: [GC (Allocation Failure)  877440K->558336K(1033216K), 0.0046431 secs]
283.235: Total time for which application threads were stopped: 0.0048165 seconds, Stopping threads took: 0.0000207 seconds
283.301: [GC (Allocation Failure)  877312K->559912K(1032192K), 0.0048806 secs]
283.306: Total time for which application threads were stopped: 0.0050551 seconds, Stopping threads took: 0.0000196 seconds
283.374: [GC (Allocation Failure)  878376K->566442K(1033216K), 0.0047078 secs]
283.379: Total time for which application threads were stopped: 0.0048810 seconds, Stopping threads took: 0.0000199 seconds
283.444: [GC (Allocation Failure)  884906K->566378K(1034752K), 0.0047435 secs]
283.449: Total time for which application threads were stopped: 0.0049448 seconds, Stopping threads took: 0.0000282 seconds
283.518: [GC (Allocation Failure)  887402K->566602K(1020928K), 0.0048358 secs]
283.523: Total time for which application threads were stopped: 0.0050227 seconds, Stopping threads took: 0.0000174 seconds
283.592: [GC (Allocation Failure)  887626K->574444K(1034240K), 0.0048719 secs]
283.597: Total time for which application threads were stopped: 0.0050229 seconds, Stopping threads took: 0.0000172 seconds
283.665: [GC (Allocation Failure)  894444K->574412K(1033728K), 0.0045774 secs]
283.670: Total time for which application threads were stopped: 0.0047666 seconds, Stopping threads took: 0.0000193 seconds
283.735: [GC (Allocation Failure)  894412K->576364K(1033728K), 0.0049762 secs]
283.740: Total time for which application threads were stopped: 0.0051786 seconds, Stopping threads took: 0.0000222 seconds
283.808: [GC (Allocation Failure)  896876K->582510K(1034240K), 0.0047950 secs]
283.813: Total time for which application threads were stopped: 0.0051020 seconds, Stopping threads took: 0.0000203 seconds
283.881: [GC (Allocation Failure)  903022K->582446K(1034752K), 0.0044969 secs]
283.885: Total time for which application threads were stopped: 0.0046689 seconds, Stopping threads took: 0.0000263 seconds
283.952: [GC (Allocation Failure)  903982K->583566K(1034752K), 0.0050308 secs]
283.957: Total time for which application threads were stopped: 0.0052104 seconds, Stopping threads took: 0.0000169 seconds
284.027: [GC (Allocation Failure)  905102K->590481K(1034752K), 0.0045898 secs]
284.032: Total time for which application threads were stopped: 0.0047804 seconds, Stopping threads took: 0.0000263 seconds
284.100: [GC (Allocation Failure)  912017K->590513K(1034752K), 0.0047858 secs]
284.105: Total time for which application threads were stopped: 0.0050021 seconds, Stopping threads took: 0.0000199 seconds
284.171: [GC (Allocation Failure)  912049K->592809K(1034752K), 0.0051501 secs]
284.177: Total time for which application threads were stopped: 0.0053207 seconds, Stopping threads took: 0.0000199 seconds
284.244: [GC (Allocation Failure)  914345K->598635K(1034752K), 0.0048451 secs]
284.249: Total time for which application threads were stopped: 0.0050361 seconds, Stopping threads took: 0.0000199 seconds
284.317: [GC (Allocation Failure)  920171K->598539K(1034752K), 0.0046758 secs]
284.322: Total time for which application threads were stopped: 0.0048642 seconds, Stopping threads took: 0.0000198 seconds
284.390: [GC (Allocation Failure)  920075K->602091K(1034752K), 0.0056142 secs]
284.396: Total time for which application threads were stopped: 0.0057945 seconds, Stopping threads took: 0.0000287 seconds
284.464: [GC (Allocation Failure)  923627K->606605K(1035264K), 0.0049090 secs]
284.469: Total time for which application threads were stopped: 0.0050814 seconds, Stopping threads took: 0.0000203 seconds
284.538: [GC (Allocation Failure)  929165K->606541K(1035264K), 0.0047199 secs]
284.542: Total time for which application threads were stopped: 0.0048886 seconds, Stopping threads took: 0.0000200 seconds
284.610: [GC (Allocation Failure)  929101K->609325K(1035264K), 0.0052721 secs]
284.615: Total time for which application threads were stopped: 0.0054309 seconds, Stopping threads took: 0.0000191 seconds
284.683: [GC (Allocation Failure)  931885K->614607K(1035264K), 0.0048481 secs]
284.688: Total time for which application threads were stopped: 0.0050260 seconds, Stopping threads took: 0.0000189 seconds
284.756: [GC (Allocation Failure)  937167K->614607K(1035264K), 0.0046799 secs]
284.761: Total time for which application threads were stopped: 0.0048506 seconds, Stopping threads took: 0.0000201 seconds
284.828: [GC (Allocation Failure)  937167K->617543K(1035264K), 0.0053053 secs]
284.834: Total time for which application threads were stopped: 0.0054627 seconds, Stopping threads took: 0.0000188 seconds
284.900: [GC (Allocation Failure)  940103K->622762K(1035264K), 0.0049175 secs]
284.905: Total time for which application threads were stopped: 0.0050867 seconds, Stopping threads took: 0.0000276 seconds
284.973: [GC (Allocation Failure)  945322K->622602K(1035264K), 0.0085543 secs]
284.981: Total time for which application threads were stopped: 0.0087301 seconds, Stopping threads took: 0.0000197 seconds
285.048: [GC (Allocation Failure)  945162K->617703K(1035264K), 0.0030558 secs]
285.051: Total time for which application threads were stopped: 0.0032093 seconds, Stopping threads took: 0.0000183 seconds
285.119: [GC (Allocation Failure)  940263K->622730K(1035264K), 0.0048588 secs]
285.124: Total time for which application threads were stopped: 0.0050301 seconds, Stopping threads took: 0.0000282 seconds
285.190: [GC (Allocation Failure)  945290K->622602K(1035264K), 0.0064982 secs]
285.196: Total time for which application threads were stopped: 0.0066715 seconds, Stopping threads took: 0.0000202 seconds
285.265: [GC (Allocation Failure)  945162K->621991K(1035264K), 0.0059641 secs]
285.271: Total time for which application threads were stopped: 0.0061326 seconds, Stopping threads took: 0.0000206 seconds
285.337: [GC (Allocation Failure)  944551K->622666K(1035776K), 0.0058239 secs]
285.343: Total time for which application threads were stopped: 0.0059844 seconds, Stopping threads took: 0.0000235 seconds
285.411: [GC (Allocation Failure)  946250K->622602K(1035776K), 0.0048085 secs]
285.416: Total time for which application threads were stopped: 0.0049860 seconds, Stopping threads took: 0.0000256 seconds
285.483: [GC (Allocation Failure)  946186K->628327K(1031680K), 0.0074346 secs]
285.491: Total time for which application threads were stopped: 0.0076193 seconds, Stopping threads took: 0.0000193 seconds
285.558: [GC (Allocation Failure)  947815K->623658K(1033728K), 0.0048464 secs]
285.563: Total time for which application threads were stopped: 0.0050175 seconds, Stopping threads took: 0.0000198 seconds
285.630: [GC (Allocation Failure)  943146K->623594K(1034752K), 0.0048519 secs]
285.635: Total time for which application threads were stopped: 0.0050230 seconds, Stopping threads took: 0.0000203 seconds
285.702: [GC (Allocation Failure)  944618K->625991K(1034240K), 0.0056833 secs]
285.708: Total time for which application threads were stopped: 0.0058625 seconds, Stopping threads took: 0.0000193 seconds
285.775: [GC (Allocation Failure)  947015K->623818K(1034752K), 0.0057019 secs]
285.781: Total time for which application threads were stopped: 0.0058684 seconds, Stopping threads took: 0.0000195 seconds
285.849: [GC (Allocation Failure)  944842K->623594K(1034240K), 0.0049368 secs]
285.854: Total time for which application threads were stopped: 0.0051058 seconds, Stopping threads took: 0.0000196 seconds
285.919: [GC (Allocation Failure)  944618K->625671K(1035264K), 0.0058075 secs]
285.925: Total time for which application threads were stopped: 0.0059689 seconds, Stopping threads took: 0.0000191 seconds
285.992: [GC (Allocation Failure)  948231K->623786K(1035264K), 0.0049849 secs]
285.997: Total time for which application threads were stopped: 0.0051420 seconds, Stopping threads took: 0.0000190 seconds
286.065: [GC (Allocation Failure)  946346K->623626K(1036288K), 0.0048724 secs]
286.070: Total time for which application threads were stopped: 0.0050389 seconds, Stopping threads took: 0.0000199 seconds
286.138: [GC (Allocation Failure)  947722K->631463K(1035776K), 0.0084075 secs]
286.146: Total time for which application threads were stopped: 0.0085839 seconds, Stopping threads took: 0.0000211 seconds
286.215: [GC (Allocation Failure)  955559K->627370K(1032704K), 0.0049904 secs]
286.220: Total time for which application threads were stopped: 0.0052102 seconds, Stopping threads took: 0.0000195 seconds
286.288: [GC (Allocation Failure)  947882K->627242K(1034240K), 0.0050744 secs]
286.294: Total time for which application threads were stopped: 0.0052431 seconds, Stopping threads took: 0.0000221 seconds
286.362: [GC (Allocation Failure)  947754K->620455K(1033216K), 0.0028254 secs]
286.365: Total time for which application threads were stopped: 0.0029677 seconds, Stopping threads took: 0.0000191 seconds
286.436: [GC (Allocation Failure)  939943K->627298K(1033728K), 0.0047300 secs]
286.441: Total time for which application threads were stopped: 0.0048983 seconds, Stopping threads took: 0.0000208 seconds
286.508: [GC (Allocation Failure)  946786K->631386K(1034752K), 0.0055834 secs]
286.514: Total time for which application threads were stopped: 0.0057544 seconds, Stopping threads took: 0.0000200 seconds
286.581: [GC (Allocation Failure)  952410K->637607K(1034240K), 0.0073765 secs]
286.589: Total time for which application threads were stopped: 0.0075743 seconds, Stopping threads took: 0.0000192 seconds
286.658: [GC (Allocation Failure)  958631K->631850K(1033216K), 0.0049838 secs]
286.663: Total time for which application threads were stopped: 0.0051538 seconds, Stopping threads took: 0.0000275 seconds
286.728: [GC (Allocation Failure)  951338K->631882K(1033728K), 0.0049779 secs]
286.733: Total time for which application threads were stopped: 0.0051369 seconds, Stopping threads took: 0.0000195 seconds
286.800: [GC (Allocation Failure)  951370K->634727K(1033216K), 0.0059434 secs]
286.806: Total time for which application threads were stopped: 0.0061229 seconds, Stopping threads took: 0.0000194 seconds
286.873: [GC (Allocation Failure)  954215K->632074K(1033728K), 0.0047746 secs]
286.878: Total time for which application threads were stopped: 0.0049377 seconds, Stopping threads took: 0.0000266 seconds
286.945: [GC (Allocation Failure)  951562K->631882K(1034752K), 0.0048330 secs]
286.950: Total time for which application threads were stopped: 0.0049995 seconds, Stopping threads took: 0.0000191 seconds
287.016: [GC (Allocation Failure)  952906K->631335K(1034240K), 0.0047039 secs]
287.021: Total time for which application threads were stopped: 0.0048689 seconds, Stopping threads took: 0.0000198 seconds
287.089: [GC (Allocation Failure)  952359K->631978K(1035264K), 0.0050237 secs]
287.094: Total time for which application threads were stopped: 0.0052669 seconds, Stopping threads took: 0.0000213 seconds
287.163: [GC (Allocation Failure)  954026K->631882K(1034752K), 0.0047561 secs]
287.168: Total time for which application threads were stopped: 0.0049468 seconds, Stopping threads took: 0.0000170 seconds
287.237: [GC (Allocation Failure)  953930K->633063K(1035776K), 0.0054350 secs]
287.242: Total time for which application threads were stopped: 0.0055959 seconds, Stopping threads took: 0.0000196 seconds
287.310: [GC (Allocation Failure)  956647K->631914K(1035776K), 0.0048746 secs]
287.315: Total time for which application threads were stopped: 0.0050319 seconds, Stopping threads took: 0.0000192 seconds
287.386: [GC (Allocation Failure)  955498K->631818K(1036288K), 0.0048579 secs]
287.391: Total time for which application threads were stopped: 0.0050270 seconds, Stopping threads took: 0.0000197 seconds
287.459: [GC (Allocation Failure)  956426K->625095K(1025536K), 0.0021601 secs]
287.462: Total time for which application threads were stopped: 0.0023358 seconds, Stopping threads took: 0.0000190 seconds
287.532: [GC (Allocation Failure)  949703K->631954K(1035776K), 0.0047563 secs]
287.537: Total time for which application threads were stopped: 0.0049066 seconds, Stopping threads took: 0.0000172 seconds
287.606: [GC (Allocation Failure)  955538K->635994K(1035776K), 0.0058272 secs]
287.612: Total time for which application threads were stopped: 0.0059919 seconds, Stopping threads took: 0.0000252 seconds
287.681: [GC (Allocation Failure)  959578K->635994K(1036800K), 0.0050081 secs]
287.686: Total time for which application threads were stopped: 0.0051788 seconds, Stopping threads took: 0.0000202 seconds
287.754: [GC (Allocation Failure)  961114K->636546K(1025536K), 0.0049383 secs]
287.759: Total time for which application threads were stopped: 0.0051093 seconds, Stopping threads took: 0.0000201 seconds
287.829: [GC (Allocation Failure)  961666K->644036K(1035776K), 0.0049517 secs]
287.834: Total time for which application threads were stopped: 0.0051205 seconds, Stopping threads took: 0.0000201 seconds
287.904: [GC (Allocation Failure)  967620K->644036K(1035776K), 0.0048673 secs]
287.909: Total time for which application threads were stopped: 0.0050329 seconds, Stopping threads took: 0.0000199 seconds
287.976: [GC (Allocation Failure)  967620K->644260K(1034240K), 0.0051287 secs]
287.981: Total time for which application threads were stopped: 0.0052976 seconds, Stopping threads took: 0.0000194 seconds
288.048: [GC (Allocation Failure)  966820K->652102K(1035264K), 0.0047779 secs]
288.053: Total time for which application threads were stopped: 0.0049487 seconds, Stopping threads took: 0.0000204 seconds
288.120: [GC (Allocation Failure)  974662K->652102K(1035776K), 0.0050841 secs]
288.126: Total time for which application threads were stopped: 0.0052656 seconds, Stopping threads took: 0.0000218 seconds
288.193: [GC (Allocation Failure)  975174K->652142K(1035264K), 0.0049351 secs]
288.198: Total time for which application threads were stopped: 0.0051234 seconds, Stopping threads took: 0.0000206 seconds
288.265: [GC (Allocation Failure)  975214K->660112K(1035264K), 0.0050279 secs]
288.270: Total time for which application threads were stopped: 0.0052044 seconds, Stopping threads took: 0.0000200 seconds
288.340: [GC (Allocation Failure)  982672K->660112K(1035264K), 0.0047051 secs]
288.344: Total time for which application threads were stopped: 0.0048903 seconds, Stopping threads took: 0.0000273 seconds
288.412: [GC (Allocation Failure)  982672K->660232K(1034240K), 0.0049126 secs]
288.417: Total time for which application threads were stopped: 0.0050768 seconds, Stopping threads took: 0.0000199 seconds
288.484: [GC (Allocation Failure)  981768K->668139K(1034752K), 0.0051067 secs]
288.490: Total time for which application threads were stopped: 0.0052816 seconds, Stopping threads took: 0.0000200 seconds
288.555: [GC (Allocation Failure)  989675K->668139K(1034752K), 0.0048946 secs]
288.560: Total time for which application threads were stopped: 0.0050953 seconds, Stopping threads took: 0.0000217 seconds
288.626: [GC (Allocation Failure)  989675K->668195K(1021440K), 0.0051966 secs]
288.632: Total time for which application threads were stopped: 0.0053489 seconds, Stopping threads took: 0.0000176 seconds
288.699: [GC (Allocation Failure)  989731K->676197K(1034240K), 0.0048690 secs]
288.704: Total time for which application threads were stopped: 0.0050385 seconds, Stopping threads took: 0.0000201 seconds
288.771: [GC (Allocation Failure)  996709K->676133K(1034240K), 0.0048977 secs]
288.776: Total time for which application threads were stopped: 0.0050602 seconds, Stopping threads took: 0.0000191 seconds
288.842: [GC (Allocation Failure)  996645K->676237K(1034240K), 0.0050691 secs]
288.847: Total time for which application threads were stopped: 0.0052423 seconds, Stopping threads took: 0.0000205 seconds
288.915: [GC (Allocation Failure)  996749K->684207K(1034240K), 0.0049679 secs]
288.920: Total time for which application threads were stopped: 0.0051468 seconds, Stopping threads took: 0.0000271 seconds
288.987: [GC (Allocation Failure)  1004719K->684239K(1034240K), 0.0047659 secs]
288.992: Total time for which application threads were stopped: 0.0049397 seconds, Stopping threads took: 0.0000212 seconds
289.061: [GC (Allocation Failure)  1004751K->684423K(1020416K), 0.0049418 secs]
289.066: [Full GC (Ergonomics)  684423K->8693K(1020416K), 0.0124075 secs]
289.078: Total time for which application threads were stopped: 0.0176630 seconds, Stopping threads took: 0.0000206 seconds
289.147: [GC (Allocation Failure)  329205K->17624K(1032704K), 0.0036763 secs]
289.150: Total time for which application threads were stopped: 0.0038666 seconds, Stopping threads took: 0.0000199 seconds
289.216: [GC (Allocation Failure)  336088K->17584K(1033216K), 0.0037620 secs]
289.220: Total time for which application threads were stopped: 0.0039338 seconds, Stopping threads took: 0.0000199 seconds
289.285: [GC (Allocation Failure)  336048K->18056K(1033728K), 0.0036929 secs]
289.288: Total time for which application threads were stopped: 0.0038701 seconds, Stopping threads took: 0.0000222 seconds
289.357: [GC (Allocation Failure)  337544K->25642K(1027072K), 0.0037013 secs]
289.361: Total time for which application threads were stopped: 0.0038690 seconds, Stopping threads took: 0.0000167 seconds
289.430: [GC (Allocation Failure)  345130K->25642K(1033728K), 0.0034969 secs]
289.433: Total time for which application threads were stopped: 0.0036847 seconds, Stopping threads took: 0.0000274 seconds
289.500: [GC (Allocation Failure)  344618K->25770K(1033216K), 0.0036321 secs]
289.504: Total time for which application threads were stopped: 0.0038125 seconds, Stopping threads took: 0.0000198 seconds
289.570: [GC (Allocation Failure)  344746K->33740K(1033216K), 0.0037497 secs]
289.574: Total time for which application threads were stopped: 0.0039210 seconds, Stopping threads took: 0.0000199 seconds
289.639: [GC (Allocation Failure)  352204K->33644K(1033216K), 0.0037851 secs]
289.643: Total time for which application threads were stopped: 0.0039618 seconds, Stopping threads took: 0.0000201 seconds
289.709: [GC (Allocation Failure)  352108K->33740K(1033216K), 0.0036926 secs]
289.713: Total time for which application threads were stopped: 0.0038612 seconds, Stopping threads took: 0.0000187 seconds
289.779: [GC (Allocation Failure)  352204K->41710K(1033216K), 0.0040993 secs]
289.783: Total time for which application threads were stopped: 0.0042980 seconds, Stopping threads took: 0.0000212 seconds
289.852: [GC (Allocation Failure)  360157K->37836K(1033728K), 0.0024279 secs]
289.855: Total time for which application threads were stopped: 0.0025806 seconds, Stopping threads took: 0.0000205 seconds
289.923: [GC (Allocation Failure)  356812K->41870K(1033216K), 0.0065378 secs]
289.930: Total time for which application threads were stopped: 0.0067077 seconds, Stopping threads took: 0.0000198 seconds
289.997: [GC (Allocation Failure)  360846K->45838K(1033728K), 0.0037222 secs]
290.001: Total time for which application threads were stopped: 0.0038976 seconds, Stopping threads took: 0.0000201 seconds
290.068: [GC (Allocation Failure)  366350K->53364K(1034240K), 0.0071088 secs]
290.075: Total time for which application threads were stopped: 0.0072851 seconds, Stopping threads took: 0.0000213 seconds
290.141: [GC (Allocation Failure)  373876K->47158K(1030144K), 0.0036915 secs]
290.145: Total time for which application threads were stopped: 0.0038720 seconds, Stopping threads took: 0.0000206 seconds
290.210: [GC (Allocation Failure)  363574K->47126K(1032192K), 0.0037060 secs]
290.213: Total time for which application threads were stopped: 0.0038790 seconds, Stopping threads took: 0.0000201 seconds
290.277: [GC (Allocation Failure)  363542K->44596K(1033216K), 0.0027468 secs]
290.280: Total time for which application threads were stopped: 0.0029268 seconds, Stopping threads took: 0.0000175 seconds
290.351: [GC (Allocation Failure)  362548K->47318K(1032704K), 0.0044471 secs]
290.355: Total time for which application threads were stopped: 0.0046408 seconds, Stopping threads took: 0.0000180 seconds
290.421: [GC (Allocation Failure)  365270K->47094K(1033728K), 0.0037207 secs]
290.425: Total time for which application threads were stopped: 0.0039289 seconds, Stopping threads took: 0.0000282 seconds
290.494: [GC (Allocation Failure)  366070K->48238K(1033216K), 0.0040290 secs]
290.498: Total time for which application threads were stopped: 0.0042200 seconds, Stopping threads took: 0.0000196 seconds
290.567: [GC (Allocation Failure)  367214K->55185K(1033728K), 0.0039543 secs]
290.571: Total time for which application threads were stopped: 0.0041229 seconds, Stopping threads took: 0.0000194 seconds
290.636: [GC (Allocation Failure)  374673K->55153K(1033728K), 0.0038837 secs]
290.640: Total time for which application threads were stopped: 0.0040616 seconds, Stopping threads took: 0.0000195 seconds
290.706: [GC (Allocation Failure)  374641K->59049K(1034240K), 0.0045329 secs]
290.711: Total time for which application threads were stopped: 0.0047051 seconds, Stopping threads took: 0.0000202 seconds
290.777: [GC (Allocation Failure)  379561K->63179K(1034240K), 0.0037520 secs]
290.781: Total time for which application threads were stopped: 0.0039144 seconds, Stopping threads took: 0.0000198 seconds
290.848: [GC (Allocation Failure)  383691K->63147K(1034752K), 0.0039290 secs]
290.852: Total time for which application threads were stopped: 0.0040924 seconds, Stopping threads took: 0.0000197 seconds
290.917: [GC (Allocation Failure)  384171K->65739K(1034240K), 0.0041680 secs]
290.921: Total time for which application threads were stopped: 0.0043437 seconds, Stopping threads took: 0.0000372 seconds
290.991: [GC (Allocation Failure)  386763K->71277K(1034752K), 0.0037110 secs]
290.994: Total time for which application threads were stopped: 0.0038723 seconds, Stopping threads took: 0.0000174 seconds
291.061: [GC (Allocation Failure)  392813K->71181K(1034752K), 0.0037910 secs]
291.065: Total time for which application threads were stopped: 0.0039734 seconds, Stopping threads took: 0.0000205 seconds
291.132: [GC (Allocation Failure)  392717K->74469K(1034752K), 0.0109112 secs]
291.143: Total time for which application threads were stopped: 0.0110729 seconds, Stopping threads took: 0.0000224 seconds
291.212: [GC (Allocation Failure)  396005K->79271K(1034752K), 0.0040752 secs]
291.217: Total time for which application threads were stopped: 0.0042391 seconds, Stopping threads took: 0.0000190 seconds
291.284: [GC (Allocation Failure)  400807K->79207K(1035264K), 0.0039608 secs]
291.288: Total time for which application threads were stopped: 0.0041336 seconds, Stopping threads took: 0.0000211 seconds
291.356: [GC (Allocation Failure)  401255K->80135K(1034752K), 0.0038735 secs]
291.360: Total time for which application threads were stopped: 0.0040375 seconds, Stopping threads took: 0.0000165 seconds
291.429: [GC (Allocation Failure)  402183K->87274K(1034752K), 0.0036721 secs]
291.433: Total time for which application threads were stopped: 0.0038418 seconds, Stopping threads took: 0.0000263 seconds
291.499: [GC (Allocation Failure)  408810K->87242K(1034752K), 0.0039926 secs]
291.503: Total time for which application threads were stopped: 0.0041660 seconds, Stopping threads took: 0.0000214 seconds
291.570: [GC (Allocation Failure)  408778K->89930K(1034752K), 0.0043632 secs]
291.574: Total time for which application threads were stopped: 0.0045330 seconds, Stopping threads took: 0.0000206 seconds
291.640: [GC (Allocation Failure)  411466K->95308K(1034752K), 0.0038182 secs]
291.644: Total time for which application threads were stopped: 0.0039886 seconds, Stopping threads took: 0.0000199 seconds
291.710: [GC (Allocation Failure)  416844K->95276K(1034752K), 0.0038614 secs]
291.714: Total time for which application threads were stopped: 0.0040284 seconds, Stopping threads took: 0.0000193 seconds
291.779: [GC (Allocation Failure)  416812K->99148K(1034752K), 0.0046443 secs]
291.784: Total time for which application threads were stopped: 0.0048024 seconds, Stopping threads took: 0.0000190 seconds
291.852: [GC (Allocation Failure)  420684K->103406K(1035264K), 0.0040415 secs]
291.856: Total time for which application threads were stopped: 0.0042158 seconds, Stopping threads took: 0.0000200 seconds
291.926: [GC (Allocation Failure)  425966K->103310K(1035264K), 0.0036491 secs]
291.930: Total time for which application threads were stopped: 0.0038210 seconds, Stopping threads took: 0.0000260 seconds
291.997: [GC (Allocation Failure)  425870K->106414K(1035264K), 0.0065488 secs]
292.004: Total time for which application threads were stopped: 0.0067292 seconds, Stopping threads took: 0.0000199 seconds
292.073: [GC (Allocation Failure)  428974K->111409K(1035264K), 0.0037461 secs]
292.076: Total time for which application threads were stopped: 0.0039397 seconds, Stopping threads took: 0.0000202 seconds
292.144: [GC (Allocation Failure)  433969K->111345K(1035264K), 0.0038994 secs]
292.148: Total time for which application threads were stopped: 0.0040669 seconds, Stopping threads took: 0.0000195 seconds
292.216: [GC (Allocation Failure)  433905K->106574K(1035264K), 0.0018405 secs]
292.218: Total time for which application threads were stopped: 0.0020178 seconds, Stopping threads took: 0.0000268 seconds
292.289: [GC (Allocation Failure)  429134K->111377K(1035264K), 0.0040404 secs]
292.293: Total time for which application threads were stopped: 0.0042320 seconds, Stopping threads took: 0.0000195 seconds
292.364: [GC (Allocation Failure)  433937K->111313K(1035264K), 0.0039242 secs]
292.368: Total time for which application threads were stopped: 0.0041027 seconds, Stopping threads took: 0.0000169 seconds
292.435: [GC (Allocation Failure)  433873K->110894K(1035776K), 0.0038287 secs]
292.439: Total time for which application threads were stopped: 0.0040210 seconds, Stopping threads took: 0.0000193 seconds
292.509: [GC (Allocation Failure)  433966K->111537K(1035264K), 0.0038547 secs]
292.513: Total time for which application threads were stopped: 0.0040113 seconds, Stopping threads took: 0.0000173 seconds
292.581: [GC (Allocation Failure)  434609K->111345K(1035776K), 0.0038795 secs]
292.585: Total time for which application threads were stopped: 0.0040560 seconds, Stopping threads took: 0.0000216 seconds
292.653: [GC (Allocation Failure)  434929K->117190K(1035776K), 0.0063896 secs]
292.659: Total time for which application threads were stopped: 0.0065728 seconds, Stopping threads took: 0.0000210 seconds
292.728: [GC (Allocation Failure)  440774K->112617K(1032704K), 0.0041643 secs]
292.732: Total time for which application threads were stopped: 0.0043367 seconds, Stopping threads took: 0.0000200 seconds
292.800: [GC (Allocation Failure)  433129K->112457K(1034240K), 0.0037097 secs]
292.804: Total time for which application threads were stopped: 0.0038809 seconds, Stopping threads took: 0.0000199 seconds
292.872: [GC (Allocation Failure)  432969K->119526K(1030656K), 0.0068687 secs]
292.879: Total time for which application threads were stopped: 0.0070341 seconds, Stopping threads took: 0.0000195 seconds
292.946: [GC (Allocation Failure)  436966K->113865K(1032704K), 0.0037628 secs]
292.950: Total time for which application threads were stopped: 0.0039308 seconds, Stopping threads took: 0.0000206 seconds
293.017: [GC (Allocation Failure)  431305K->113769K(1033728K), 0.0039473 secs]
293.021: Total time for which application threads were stopped: 0.0041118 seconds, Stopping threads took: 0.0000208 seconds
293.088: [GC (Allocation Failure)  432745K->111334K(1033216K), 0.0030104 secs]
293.091: Total time for which application threads were stopped: 0.0031951 seconds, Stopping threads took: 0.0000221 seconds
293.159: [GC (Allocation Failure)  430310K->113801K(1034752K), 0.0037364 secs]
293.163: Total time for which application threads were stopped: 0.0038996 seconds, Stopping threads took: 0.0000203 seconds
293.230: [GC (Allocation Failure)  434825K->113801K(1034240K), 0.0038978 secs]
293.234: Total time for which application threads were stopped: 0.0040558 seconds, Stopping threads took: 0.0000194 seconds
293.300: [GC (Allocation Failure)  434825K->108998K(1034240K), 0.0019545 secs]
293.302: Total time for which application threads were stopped: 0.0021037 seconds, Stopping threads took: 0.0000189 seconds
293.370: [GC (Allocation Failure)  430534K->114025K(1034752K), 0.0040029 secs]
293.374: Total time for which application threads were stopped: 0.0041714 seconds, Stopping threads took: 0.0000200 seconds
293.441: [GC (Allocation Failure)  435561K->113769K(1035776K), 0.0038501 secs]
293.445: Total time for which application threads were stopped: 0.0040662 seconds, Stopping threads took: 0.0000197 seconds
293.512: [GC (Allocation Failure)  436841K->111782K(1035264K), 0.0031873 secs]
293.515: Total time for which application threads were stopped: 0.0033442 seconds, Stopping threads took: 0.0000163 seconds
293.581: [GC (Allocation Failure)  434854K->113993K(1036288K), 0.0038743 secs]
293.585: Total time for which application threads were stopped: 0.0040454 seconds, Stopping threads took: 0.0000194 seconds
293.653: [GC (Allocation Failure)  438089K->113801K(1035776K), 0.0039061 secs]
293.657: Total time for which application threads were stopped: 0.0040701 seconds, Stopping threads took: 0.0000203 seconds
293.725: [GC (Allocation Failure)  437897K->119598K(1032192K), 0.0066157 secs]
293.732: Total time for which application threads were stopped: 0.0068200 seconds, Stopping threads took: 0.0000295 seconds
293.798: [GC (Allocation Failure)  440110K->115537K(1034240K), 0.0039182 secs]
293.802: Total time for which application threads were stopped: 0.0041154 seconds, Stopping threads took: 0.0000204 seconds
293.872: [GC (Allocation Failure)  436049K->115377K(1035264K), 0.0068128 secs]
293.879: Total time for which application threads were stopped: 0.0069902 seconds, Stopping threads took: 0.0000262 seconds
293.946: [GC (Allocation Failure)  437937K->121414K(1035264K), 0.0064937 secs]
293.952: Total time for which application threads were stopped: 0.0066752 seconds, Stopping threads took: 0.0000193 seconds
294.021: [GC (Allocation Failure)  443974K->116201K(1033216K), 0.0039669 secs]
294.025: Total time for which application threads were stopped: 0.0041336 seconds, Stopping threads took: 0.0000203 seconds
294.093: [GC (Allocation Failure)  436713K->116169K(1034240K), 0.0039541 secs]
294.097: Total time for which application threads were stopped: 0.0041326 seconds, Stopping threads took: 0.0000225 seconds
294.162: [GC (Allocation Failure)  436681K->122374K(1031680K), 0.0066303 secs]
294.169: Total time for which application threads were stopped: 0.0067927 seconds, Stopping threads took: 0.0000203 seconds
294.236: [GC (Allocation Failure)  440838K->116873K(1033216K), 0.0040531 secs]
294.240: Total time for which application threads were stopped: 0.0042261 seconds, Stopping threads took: 0.0000201 seconds
294.307: [GC (Allocation Failure)  435337K->116617K(1033728K), 0.0040610 secs]
294.311: Total time for which application threads were stopped: 0.0042386 seconds, Stopping threads took: 0.0000203 seconds
294.380: [GC (Allocation Failure)  436105K->115910K(1033728K), 0.0036600 secs]
294.384: Total time for which application threads were stopped: 0.0038226 seconds, Stopping threads took: 0.0000188 seconds
294.451: [GC (Allocation Failure)  435398K->116809K(1034752K), 0.0039799 secs]
294.455: Total time for which application threads were stopped: 0.0041516 seconds, Stopping threads took: 0.0000203 seconds
294.522: [GC (Allocation Failure)  437833K->116617K(1034240K), 0.0037235 secs]
294.526: Total time for which application threads were stopped: 0.0038941 seconds, Stopping threads took: 0.0000200 seconds
294.591: [GC (Allocation Failure)  437641K->114054K(1034752K), 0.0029603 secs]
294.594: Total time for which application threads were stopped: 0.0031393 seconds, Stopping threads took: 0.0000200 seconds
294.663: [GC (Allocation Failure)  435590K->116777K(1034752K), 0.0038728 secs]
294.667: Total time for which application threads were stopped: 0.0040319 seconds, Stopping threads took: 0.0000192 seconds
294.733: [GC (Allocation Failure)  438313K->116617K(1035776K), 0.0038048 secs]
294.737: Total time for which application threads were stopped: 0.0039721 seconds, Stopping threads took: 0.0000194 seconds
294.802: [GC (Allocation Failure)  439689K->116774K(1035264K), 0.0041545 secs]
294.806: Total time for which application threads were stopped: 0.0043219 seconds, Stopping threads took: 0.0000215 seconds
294.875: [GC (Allocation Failure)  439846K->116713K(1036288K), 0.0043071 secs]
294.879: Total time for which application threads were stopped: 0.0044749 seconds, Stopping threads took: 0.0000191 seconds
294.945: [GC (Allocation Failure)  441321K->116617K(1036288K), 0.0040109 secs]
294.949: Total time for which application threads were stopped: 0.0042234 seconds, Stopping threads took: 0.0000204 seconds
295.017: [GC (Allocation Failure)  441225K->109286K(1034752K), 0.0010488 secs]
295.018: Total time for which application threads were stopped: 0.0011933 seconds, Stopping threads took: 0.0000293 seconds
295.087: [GC (Allocation Failure)  432870K->116665K(1035776K), 0.0038017 secs]
295.091: Total time for which application threads were stopped: 0.0039771 seconds, Stopping threads took: 0.0000215 seconds
295.160: [GC (Allocation Failure)  440249K->120761K(1036288K), 0.0048755 secs]
295.165: Total time for which application threads were stopped: 0.0050453 seconds, Stopping threads took: 0.0000203 seconds
295.233: [GC (Allocation Failure)  445369K->120761K(1036288K), 0.0038112 secs]
295.237: Total time for which application threads were stopped: 0.0039804 seconds, Stopping threads took: 0.0000199 seconds
295.303: [GC (Allocation Failure)  445369K->121017K(1034752K), 0.0039439 secs]
295.307: Total time for which application threads were stopped: 0.0041053 seconds, Stopping threads took: 0.0000195 seconds
295.377: [GC (Allocation Failure)  444601K->128795K(1035776K), 0.0036300 secs]
295.381: Total time for which application threads were stopped: 0.0038255 seconds, Stopping threads took: 0.0000199 seconds
295.451: [GC (Allocation Failure)  452379K->128795K(1036288K), 0.0038827 secs]
295.455: Total time for which application threads were stopped: 0.0040491 seconds, Stopping threads took: 0.0000191 seconds
295.522: [GC (Allocation Failure)  452891K->129019K(1024000K), 0.0038066 secs]
295.526: Total time for which application threads were stopped: 0.0039996 seconds, Stopping threads took: 0.0000193 seconds
295.594: [GC (Allocation Failure)  453115K->136797K(1035776K), 0.0039430 secs]
295.598: Total time for which application threads were stopped: 0.0041226 seconds, Stopping threads took: 0.0000171 seconds
295.668: [GC (Allocation Failure)  459869K->136829K(1035264K), 0.0037009 secs]
295.672: Total time for which application threads were stopped: 0.0038704 seconds, Stopping threads took: 0.0000198 seconds
295.738: [GC (Allocation Failure)  459901K->136989K(1034752K), 0.0040312 secs]
295.742: Total time for which application threads were stopped: 0.0042003 seconds, Stopping threads took: 0.0000194 seconds
295.810: [GC (Allocation Failure)  459549K->144863K(1035264K), 0.0045584 secs]
295.815: Total time for which application threads were stopped: 0.0047208 seconds, Stopping threads took: 0.0000188 seconds
295.883: [GC (Allocation Failure)  467423K->144863K(1035264K), 0.0037328 secs]
295.887: Total time for which application threads were stopped: 0.0038988 seconds, Stopping threads took: 0.0000276 seconds
295.954: [GC (Allocation Failure)  467423K->144951K(1022464K), 0.0046052 secs]
295.959: Total time for which application threads were stopped: 0.0047638 seconds, Stopping threads took: 0.0000193 seconds
296.026: [GC (Allocation Failure)  467511K->152954K(1034752K), 0.0041371 secs]
296.031: Total time for which application threads were stopped: 0.0043002 seconds, Stopping threads took: 0.0000197 seconds
296.099: [GC (Allocation Failure)  474490K->152890K(1034752K), 0.0038355 secs]
296.103: Total time for which application threads were stopped: 0.0040176 seconds, Stopping threads took: 0.0000202 seconds
296.168: [GC (Allocation Failure)  474426K->153170K(1033728K), 0.0048653 secs]
296.173: Total time for which application threads were stopped: 0.0050393 seconds, Stopping threads took: 0.0000205 seconds
296.240: [GC (Allocation Failure)  473682K->160948K(1034240K), 0.0054942 secs]
296.245: Total time for which application threads were stopped: 0.0056758 seconds, Stopping threads took: 0.0000229 seconds
296.314: [GC (Allocation Failure)  481460K->160948K(1034240K), 0.0038278 secs]
296.317: Total time for which application threads were stopped: 0.0040032 seconds, Stopping threads took: 0.0000212 seconds
296.386: [GC (Allocation Failure)  481460K->161420K(1034240K), 0.0039463 secs]
296.390: Total time for which application threads were stopped: 0.0041582 seconds, Stopping threads took: 0.0000200 seconds
296.458: [GC (Allocation Failure)  481932K->168942K(1034240K), 0.0040245 secs]
296.463: Total time for which application threads were stopped: 0.0041917 seconds, Stopping threads took: 0.0000207 seconds
296.530: [GC (Allocation Failure)  489454K->168942K(1034240K), 0.0038028 secs]
296.534: Total time for which application threads were stopped: 0.0039769 seconds, Stopping threads took: 0.0000206 seconds
296.600: [GC (Allocation Failure)  489454K->169166K(1033216K), 0.0041505 secs]
296.604: Total time for which application threads were stopped: 0.0043136 seconds, Stopping threads took: 0.0000198 seconds
296.671: [GC (Allocation Failure)  488654K->177008K(1033728K), 0.0042550 secs]
296.675: Total time for which application threads were stopped: 0.0044275 seconds, Stopping threads took: 0.0000188 seconds
296.743: [GC (Allocation Failure)  496496K->176944K(1033728K), 0.0038551 secs]
296.747: Total time for which application threads were stopped: 0.0040255 seconds, Stopping threads took: 0.0000198 seconds
296.813: [GC (Allocation Failure)  496432K->177128K(1033728K), 0.0039365 secs]
296.817: Total time for which application threads were stopped: 0.0041083 seconds, Stopping threads took: 0.0000199 seconds
296.884: [GC (Allocation Failure)  496616K->185003K(1033728K), 0.0037411 secs]
296.888: Total time for which application threads were stopped: 0.0038945 seconds, Stopping threads took: 0.0000259 seconds
296.956: [GC (Allocation Failure)  504491K->185003K(1033728K), 0.0039977 secs]
296.960: Total time for which application threads were stopped: 0.0041900 seconds, Stopping threads took: 0.0000252 seconds
297.028: [GC (Allocation Failure)  504491K->185067K(1033728K), 0.0057249 secs]
297.034: Total time for which application threads were stopped: 0.0058840 seconds, Stopping threads took: 0.0000172 seconds
297.101: [GC (Allocation Failure)  504555K->193037K(1033728K), 0.0042045 secs]
297.106: Total time for which application threads were stopped: 0.0043783 seconds, Stopping threads took: 0.0000242 seconds
297.173: [GC (Allocation Failure)  512525K->193069K(1033728K), 0.0040031 secs]
297.178: Total time for which application threads were stopped: 0.0041834 seconds, Stopping threads took: 0.0000207 seconds
297.244: [GC (Allocation Failure)  512557K->193349K(1019392K), 0.0042106 secs]
297.248: Total time for which application threads were stopped: 0.0044116 seconds, Stopping threads took: 0.0000200 seconds
297.317: [GC (Allocation Failure)  512837K->201063K(1033216K), 0.0040241 secs]
297.321: Total time for which application threads were stopped: 0.0041954 seconds, Stopping threads took: 0.0000200 seconds
297.389: [GC (Allocation Failure)  519527K->201031K(1033216K), 0.0039038 secs]
297.393: Total time for which application threads were stopped: 0.0040839 seconds, Stopping threads took: 0.0000276 seconds
297.458: [GC (Allocation Failure)  519495K->201311K(1033216K), 0.0040025 secs]
297.462: Total time for which application threads were stopped: 0.0043249 seconds, Stopping threads took: 0.0000275 seconds
297.528: [GC (Allocation Failure)  519775K->209089K(1033216K), 0.0041089 secs]
297.532: Total time for which application threads were stopped: 0.0042686 seconds, Stopping threads took: 0.0000194 seconds
297.597: [GC (Allocation Failure)  527553K->204223K(1033728K), 0.0024161 secs]
297.599: Total time for which application threads were stopped: 0.0025625 seconds, Stopping threads took: 0.0000197 seconds
297.667: [GC (Allocation Failure)  523199K->209265K(1033216K), 0.0040739 secs]
297.671: Total time for which application threads were stopped: 0.0042417 seconds, Stopping threads took: 0.0000187 seconds
297.738: [GC (Allocation Failure)  528241K->213225K(1034752K), 0.0040663 secs]
297.743: Total time for which application threads were stopped: 0.0042454 seconds, Stopping threads took: 0.0000194 seconds
297.808: [GC (Allocation Failure)  534761K->220807K(1034752K), 0.0077148 secs]
297.815: Total time for which application threads were stopped: 0.0078821 seconds, Stopping threads took: 0.0000200 seconds
297.884: [GC (Allocation Failure)  542343K->215113K(1029632K), 0.0042114 secs]
297.888: Total time for which application threads were stopped: 0.0043803 seconds, Stopping threads took: 0.0000257 seconds
297.954: [GC (Allocation Failure)  531529K->215081K(1032192K), 0.0040977 secs]
297.959: Total time for which application threads were stopped: 0.0042902 seconds, Stopping threads took: 0.0000206 seconds
298.024: [GC (Allocation Failure)  531497K->213607K(1033216K), 0.0036594 secs]
298.028: Total time for which application threads were stopped: 0.0038270 seconds, Stopping threads took: 0.0000161 seconds
298.095: [GC (Allocation Failure)  531559K->215081K(1032704K), 0.0042864 secs]
298.099: Total time for which application threads were stopped: 0.0044703 seconds, Stopping threads took: 0.0000204 seconds
298.166: [GC (Allocation Failure)  533033K->215081K(1034240K), 0.0047359 secs]
298.171: Total time for which application threads were stopped: 0.0049089 seconds, Stopping threads took: 0.0000206 seconds
298.238: [GC (Allocation Failure)  535081K->218313K(1033728K), 0.0048324 secs]
298.243: Total time for which application threads were stopped: 0.0049906 seconds, Stopping threads took: 0.0000199 seconds
298.308: [GC (Allocation Failure)  538313K->223308K(1034240K), 0.0040303 secs]
298.312: Total time for which application threads were stopped: 0.0042216 seconds, Stopping threads took: 0.0000197 seconds
298.381: [GC (Allocation Failure)  543820K->223084K(1034240K), 0.0039282 secs]
298.385: Total time for which application threads were stopped: 0.0040868 seconds, Stopping threads took: 0.0000199 seconds
298.455: [GC (Allocation Failure)  543596K->223980K(1033728K), 0.0044022 secs]
298.459: Total time for which application threads were stopped: 0.0045662 seconds, Stopping threads took: 0.0000203 seconds
298.527: [GC (Allocation Failure)  544492K->231150K(1034240K), 0.0040713 secs]
298.531: Total time for which application threads were stopped: 0.0042437 seconds, Stopping threads took: 0.0000199 seconds
298.599: [GC (Allocation Failure)  551662K->231150K(1034752K), 0.0040785 secs]
298.603: Total time for which application threads were stopped: 0.0042529 seconds, Stopping threads took: 0.0000208 seconds
298.670: [GC (Allocation Failure)  552174K->234806K(1034240K), 0.0050445 secs]
298.675: Total time for which application threads were stopped: 0.0052158 seconds, Stopping threads took: 0.0000204 seconds
298.742: [GC (Allocation Failure)  555830K->239320K(1034752K), 0.0041800 secs]
298.746: Total time for which application threads were stopped: 0.0043369 seconds, Stopping threads took: 0.0000187 seconds
298.814: [GC (Allocation Failure)  560856K->239128K(1034752K), 0.0054836 secs]
298.820: Total time for which application threads were stopped: 0.0056437 seconds, Stopping threads took: 0.0000201 seconds
298.885: [GC (Allocation Failure)  560664K->239440K(1034752K), 0.0053334 secs]
298.891: Total time for which application threads were stopped: 0.0055002 seconds, Stopping threads took: 0.0000260 seconds
298.959: [GC (Allocation Failure)  560976K->247251K(1034752K), 0.0053529 secs]
298.964: Total time for which application threads were stopped: 0.0055198 seconds, Stopping threads took: 0.0000280 seconds
299.032: [GC (Allocation Failure)  568787K->247187K(1034752K), 0.0057552 secs]
299.038: Total time for which application threads were stopped: 0.0059163 seconds, Stopping threads took: 0.0000205 seconds
299.104: [GC (Allocation Failure)  568723K->248683K(1034752K), 0.0044597 secs]
299.108: Total time for which application threads were stopped: 0.0046266 seconds, Stopping threads took: 0.0000195 seconds
299.177: [GC (Allocation Failure)  570219K->255245K(1034752K), 0.0044050 secs]
299.181: Total time for which application threads were stopped: 0.0045826 seconds, Stopping threads took: 0.0000200 seconds
299.250: [GC (Allocation Failure)  576781K->255245K(1034752K), 0.0043499 secs]
299.254: Total time for which application threads were stopped: 0.0045168 seconds, Stopping threads took: 0.0000192 seconds
299.319: [GC (Allocation Failure)  576781K->257933K(1034752K), 0.0045942 secs]
299.324: Total time for which application threads were stopped: 0.0047653 seconds, Stopping threads took: 0.0000195 seconds
299.393: [GC (Allocation Failure)  579469K->263471K(1034752K), 0.0040319 secs]
299.397: Total time for which application threads were stopped: 0.0041956 seconds, Stopping threads took: 0.0000254 seconds
299.464: [GC (Allocation Failure)  585007K->263279K(1034752K), 0.0043698 secs]
299.469: Total time for which application threads were stopped: 0.0045346 seconds, Stopping threads took: 0.0000199 seconds
299.534: [GC (Allocation Failure)  584815K->267207K(1034752K), 0.0052115 secs]
299.539: Total time for which application threads were stopped: 0.0053758 seconds, Stopping threads took: 0.0000200 seconds
299.605: [GC (Allocation Failure)  588743K->271433K(1034752K), 0.0044010 secs]
299.609: Total time for which application threads were stopped: 0.0045630 seconds, Stopping threads took: 0.0000196 seconds
299.675: [GC (Allocation Failure)  592969K->271241K(1034752K), 0.0041074 secs]
299.679: Total time for which application threads were stopped: 0.0042699 seconds, Stopping threads took: 0.0000199 seconds
299.744: [GC (Allocation Failure)  592777K->264327K(1034240K), 0.0014989 secs]
299.745: Total time for which application threads were stopped: 0.0016405 seconds, Stopping threads took: 0.0000274 seconds
299.811: [GC (Allocation Failure)  585863K->271369K(1034752K), 0.0040855 secs]
299.815: Total time for which application threads were stopped: 0.0042445 seconds, Stopping threads took: 0.0000201 seconds
299.884: [GC (Allocation Failure)  592905K->271273K(1034752K), 0.0040689 secs]
299.888: Total time for which application threads were stopped: 0.0042376 seconds, Stopping threads took: 0.0000266 seconds
299.955: [GC (Allocation Failure)  592809K->265543K(1034752K), 0.0017076 secs]
299.956: Total time for which application threads were stopped: 0.0018605 seconds, Stopping threads took: 0.0000170 seconds
300.027: [GC (Allocation Failure)  587079K->271369K(1034752K), 0.0040278 secs]
300.031: Total time for which application threads were stopped: 0.0041854 seconds, Stopping threads took: 0.0000171 seconds
300.099: [GC (Allocation Failure)  592905K->271305K(1034752K), 0.0041879 secs]
300.103: Total time for which application threads were stopped: 0.0043531 seconds, Stopping threads took: 0.0000204 seconds
300.168: [GC (Allocation Failure)  592841K->266759K(1035264K), 0.0025262 secs]
300.171: Total time for which application threads were stopped: 0.0026894 seconds, Stopping threads took: 0.0000278 seconds
300.237: [GC (Allocation Failure)  588807K->271273K(1034752K), 0.0044457 secs]
300.242: Total time for which application threads were stopped: 0.0046160 seconds, Stopping threads took: 0.0000191 seconds
300.310: [GC (Allocation Failure)  593321K->271305K(1035264K), 0.0040017 secs]
300.314: Total time for which application threads were stopped: 0.0041604 seconds, Stopping threads took: 0.0000194 seconds
300.381: [GC (Allocation Failure)  593865K->270055K(1035264K), 0.0035705 secs]
300.385: Total time for which application threads were stopped: 0.0037356 seconds, Stopping threads took: 0.0000185 seconds
300.454: [GC (Allocation Failure)  592615K->271497K(1035776K), 0.0041230 secs]
300.458: Total time for which application threads were stopped: 0.0042838 seconds, Stopping threads took: 0.0000192 seconds
300.526: [GC (Allocation Failure)  595081K->271305K(1035776K), 0.0042268 secs]
300.530: Total time for which application threads were stopped: 0.0043913 seconds, Stopping threads took: 0.0000194 seconds
300.595: [GC (Allocation Failure)  594889K->276359K(1031680K), 0.0065538 secs]
300.602: Total time for which application threads were stopped: 0.0067379 seconds, Stopping threads took: 0.0000194 seconds
300.670: [GC (Allocation Failure)  595847K->271753K(1033728K), 0.0042580 secs]
300.674: Total time for which application threads were stopped: 0.0044392 seconds, Stopping threads took: 0.0000195 seconds
300.741: [GC (Allocation Failure)  591241K->271625K(1034752K), 0.0042184 secs]
300.746: Total time for which application threads were stopped: 0.0043869 seconds, Stopping threads took: 0.0000280 seconds
300.812: [GC (Allocation Failure)  592649K->273351K(1034240K), 0.0048264 secs]
300.817: Total time for which application threads were stopped: 0.0049886 seconds, Stopping threads took: 0.0000204 seconds
300.887: [GC (Allocation Failure)  594375K->271721K(1035264K), 0.0039106 secs]
300.891: Total time for which application threads were stopped: 0.0041060 seconds, Stopping threads took: 0.0000262 seconds
300.960: [GC (Allocation Failure)  593769K->271625K(1034752K), 0.0044115 secs]
300.964: Total time for which application threads were stopped: 0.0045691 seconds, Stopping threads took: 0.0000169 seconds
301.032: [GC (Allocation Failure)  593673K->275079K(1034240K), 0.0056752 secs]
301.037: Total time for which application threads were stopped: 0.0058457 seconds, Stopping threads took: 0.0000195 seconds
301.106: [GC (Allocation Failure)  596615K->271689K(1034752K), 0.0044982 secs]
301.111: Total time for which application threads were stopped: 0.0046720 seconds, Stopping threads took: 0.0000207 seconds
301.176: [GC (Allocation Failure)  593225K->271593K(1035776K), 0.0043930 secs]
301.181: Total time for which application threads were stopped: 0.0045647 seconds, Stopping threads took: 0.0000197 seconds
301.249: [GC (Allocation Failure)  594665K->277831K(1035264K), 0.0071515 secs]
301.256: Total time for which application threads were stopped: 0.0073303 seconds, Stopping threads took: 0.0000194 seconds
301.325: [GC (Allocation Failure)  600903K->273353K(1033216K), 0.0043949 secs]
301.329: Total time for which application threads were stopped: 0.0045947 seconds, Stopping threads took: 0.0000203 seconds
301.398: [GC (Allocation Failure)  593865K->273097K(1034240K), 0.0041819 secs]
301.402: Total time for which application threads were stopped: 0.0043591 seconds, Stopping threads took: 0.0000285 seconds
301.470: [GC (Allocation Failure)  593609K->280007K(1030656K), 0.0070467 secs]
301.477: Total time for which application threads were stopped: 0.0072350 seconds, Stopping threads took: 0.0000248 seconds
301.545: [GC (Allocation Failure)  597447K->274441K(1032704K), 0.0045395 secs]
301.550: Total time for which application threads were stopped: 0.0047165 seconds, Stopping threads took: 0.0000358 seconds
301.616: [GC (Allocation Failure)  591881K->274281K(1033728K), 0.0041956 secs]
301.621: Total time for which application threads were stopped: 0.0043662 seconds, Stopping threads took: 0.0000199 seconds
301.687: [GC (Allocation Failure)  593257K->271623K(1033216K), 0.0034085 secs]
301.690: Total time for which application threads were stopped: 0.0035831 seconds, Stopping threads took: 0.0000197 seconds
301.757: [GC (Allocation Failure)  590599K->274377K(1034240K), 0.0043840 secs]
301.762: Total time for which application threads were stopped: 0.0045629 seconds, Stopping threads took: 0.0000205 seconds
301.828: [GC (Allocation Failure)  594377K->274281K(1033728K), 0.0043632 secs]
301.832: Total time for which application threads were stopped: 0.0045209 seconds, Stopping threads took: 0.0000192 seconds
301.897: [GC (Allocation Failure)  594281K->267303K(1032704K), 0.0014109 secs]
301.899: Total time for which application threads were stopped: 0.0015429 seconds, Stopping threads took: 0.0000269 seconds
301.968: [GC (Allocation Failure)  586791K->274345K(1033728K), 0.0042020 secs]
301.972: Total time for which application threads were stopped: 0.0043522 seconds, Stopping threads took: 0.0000175 seconds
302.039: [GC (Allocation Failure)  593833K->274249K(1034752K), 0.0040620 secs]
302.043: Total time for which application threads were stopped: 0.0042247 seconds, Stopping threads took: 0.0000200 seconds
302.108: [GC (Allocation Failure)  595273K->276041K(1034240K), 0.0063484 secs]
302.114: Total time for which application threads were stopped: 0.0065133 seconds, Stopping threads took: 0.0000200 seconds
302.183: [GC (Allocation Failure)  597065K->282316K(1034752K), 0.0044272 secs]
302.187: Total time for which application threads were stopped: 0.0046076 seconds, Stopping threads took: 0.0000202 seconds
302.254: [GC (Allocation Failure)  603340K->282284K(1034240K), 0.0042657 secs]
302.258: Total time for which application threads were stopped: 0.0044330 seconds, Stopping threads took: 0.0000221 seconds
302.325: [GC (Allocation Failure)  603308K->283756K(1034240K), 0.0043755 secs]
302.329: Total time for which application threads were stopped: 0.0045504 seconds, Stopping threads took: 0.0000205 seconds
302.400: [GC (Allocation Failure)  605292K->290542K(1034752K), 0.0042801 secs]
302.404: Total time for which application threads were stopped: 0.0044566 seconds, Stopping threads took: 0.0000260 seconds
302.472: [GC (Allocation Failure)  612078K->290318K(1035264K), 0.0041884 secs]
302.476: Total time for which application threads were stopped: 0.0043787 seconds, Stopping threads took: 0.0000199 seconds
302.544: [GC (Allocation Failure)  612366K->293542K(1034752K), 0.0049981 secs]
302.549: Total time for which application threads were stopped: 0.0051971 seconds, Stopping threads took: 0.0000200 seconds
302.617: [GC (Allocation Failure)  615590K->298504K(1035264K), 0.0042874 secs]
302.621: Total time for which application threads were stopped: 0.0044609 seconds, Stopping threads took: 0.0000202 seconds
302.688: [GC (Allocation Failure)  621064K->298376K(1035264K), 0.0041581 secs]
302.692: Total time for which application threads were stopped: 0.0043186 seconds, Stopping threads took: 0.0000204 seconds
302.759: [GC (Allocation Failure)  620936K->293158K(1035264K), 0.0022343 secs]
302.762: Total time for which application threads were stopped: 0.0023826 seconds, Stopping threads took: 0.0000186 seconds
302.829: [GC (Allocation Failure)  615718K->298472K(1035264K), 0.0043154 secs]
302.834: Total time for which application threads were stopped: 0.0044811 seconds, Stopping threads took: 0.0000191 seconds
302.901: [GC (Allocation Failure)  621032K->298344K(1035264K), 0.0043030 secs]
302.905: Total time for which application threads were stopped: 0.0044775 seconds, Stopping threads took: 0.0000196 seconds
302.973: [GC (Allocation Failure)  620904K->297510K(1035264K), 0.0040525 secs]
302.977: Total time for which application threads were stopped: 0.0042184 seconds, Stopping threads took: 0.0000187 seconds
303.044: [GC (Allocation Failure)  620070K->298440K(1035776K), 0.0042454 secs]
303.048: Total time for which application threads were stopped: 0.0044132 seconds, Stopping threads took: 0.0000194 seconds
303.115: [GC (Allocation Failure)  622024K->298344K(1035776K), 0.0042567 secs]
303.120: Total time for which application threads were stopped: 0.0044196 seconds, Stopping threads took: 0.0000201 seconds
303.185: [GC (Allocation Failure)  621928K->303790K(1032192K), 0.0067879 secs]
303.192: Total time for which application threads were stopped: 0.0069744 seconds, Stopping threads took: 0.0000372 seconds
303.259: [GC (Allocation Failure)  624302K->299536K(1034240K), 0.0042209 secs]
303.263: Total time for which application threads were stopped: 0.0044095 seconds, Stopping threads took: 0.0000194 seconds
303.332: [GC (Allocation Failure)  620048K->299568K(1035264K), 0.0050739 secs]
303.337: Total time for which application threads were stopped: 0.0052279 seconds, Stopping threads took: 0.0000265 seconds
303.407: [GC (Allocation Failure)  621616K->304782K(1034752K), 0.0065125 secs]
303.414: Total time for which application threads were stopped: 0.0066891 seconds, Stopping threads took: 0.0000260 seconds
303.482: [GC (Allocation Failure)  626830K->299824K(1033728K), 0.0042664 secs]
303.486: Total time for which application threads were stopped: 0.0044469 seconds, Stopping threads took: 0.0000193 seconds
303.555: [GC (Allocation Failure)  620336K->299568K(1034240K), 0.0044694 secs]
303.560: Total time for which application threads were stopped: 0.0046503 seconds, Stopping threads took: 0.0000208 seconds
303.627: [GC (Allocation Failure)  620080K->304462K(1032704K), 0.0064239 secs]
303.633: Total time for which application threads were stopped: 0.0066320 seconds, Stopping threads took: 0.0000201 seconds
303.700: [GC (Allocation Failure)  623950K->299728K(1033728K), 0.0042068 secs]
303.704: Total time for which application threads were stopped: 0.0043902 seconds, Stopping threads took: 0.0000205 seconds
303.770: [GC (Allocation Failure)  619216K->299536K(1034752K), 0.0044837 secs]
303.775: Total time for which application threads were stopped: 0.0046549 seconds, Stopping threads took: 0.0000198 seconds
303.841: [GC (Allocation Failure)  620560K->301038K(1034240K), 0.0050007 secs]
303.846: Total time for which application threads were stopped: 0.0051727 seconds, Stopping threads took: 0.0000200 seconds
303.914: [GC (Allocation Failure)  622062K->299696K(1035264K), 0.0043375 secs]
303.918: Total time for which application threads were stopped: 0.0045024 seconds, Stopping threads took: 0.0000195 seconds
303.985: [GC (Allocation Failure)  621744K->299568K(1034752K), 0.0043303 secs]
303.990: Total time for which application threads were stopped: 0.0045029 seconds, Stopping threads took: 0.0000200 seconds
304.057: [GC (Allocation Failure)  621616K->302766K(1034240K), 0.0056071 secs]
304.062: Total time for which application threads were stopped: 0.0057796 seconds, Stopping threads took: 0.0000199 seconds
304.130: [GC (Allocation Failure)  624302K->299632K(1034752K), 0.0042020 secs]
304.134: Total time for which application threads were stopped: 0.0043895 seconds, Stopping threads took: 0.0000206 seconds
304.200: [GC (Allocation Failure)  621168K->299568K(1035776K), 0.0043153 secs]
304.204: Total time for which application threads were stopped: 0.0044802 seconds, Stopping threads took: 0.0000209 seconds
304.270: [GC (Allocation Failure)  622640K->305518K(1035264K), 0.0094054 secs]
304.279: Total time for which application threads were stopped: 0.0095805 seconds, Stopping threads took: 0.0000193 seconds
304.345: [GC (Allocation Failure)  628590K->300784K(1033216K), 0.0041063 secs]
304.350: Total time for which application threads were stopped: 0.0043144 seconds, Stopping threads took: 0.0000250 seconds
304.417: [GC (Allocation Failure)  621296K->300784K(1034240K), 0.0044163 secs]
304.421: Total time for which application threads were stopped: 0.0045779 seconds, Stopping threads took: 0.0000192 seconds
304.489: [GC (Allocation Failure)  621296K->307454K(1031680K), 0.0071001 secs]
304.496: Total time for which application threads were stopped: 0.0072959 seconds, Stopping threads took: 0.0000190 seconds
304.565: [GC (Allocation Failure)  625918K->301888K(1033216K), 0.0045129 secs]
304.570: Total time for which application threads were stopped: 0.0046722 seconds, Stopping threads took: 0.0000169 seconds
304.636: [GC (Allocation Failure)  620352K->301696K(1033728K), 0.0045227 secs]
304.641: Total time for which application threads were stopped: 0.0046922 seconds, Stopping threads took: 0.0000200 seconds
304.707: [GC (Allocation Failure)  620672K->300926K(1033216K), 0.0040301 secs]
304.711: Total time for which application threads were stopped: 0.0042039 seconds, Stopping threads took: 0.0000190 seconds
304.778: [GC (Allocation Failure)  619902K->301824K(1034240K), 0.0040710 secs]
304.783: Total time for which application threads were stopped: 0.0042357 seconds, Stopping threads took: 0.0000193 seconds
304.849: [GC (Allocation Failure)  621824K->301696K(1033728K), 0.0042185 secs]
304.854: Total time for which application threads were stopped: 0.0043846 seconds, Stopping threads took: 0.0000193 seconds
304.919: [GC (Allocation Failure)  621696K->296510K(1033728K), 0.0020883 secs]
304.921: Total time for which application threads were stopped: 0.0022691 seconds, Stopping threads took: 0.0000268 seconds
304.991: [GC (Allocation Failure)  617022K->301760K(1034240K), 0.0040482 secs]
304.995: Total time for which application threads were stopped: 0.0041986 seconds, Stopping threads took: 0.0000167 seconds
305.064: [GC (Allocation Failure)  622272K->301728K(1035264K), 0.0057900 secs]
305.069: Total time for which application threads were stopped: 0.0059607 seconds, Stopping threads took: 0.0000199 seconds
305.138: [GC (Allocation Failure)  623776K->296190K(1034752K), 0.0021742 secs]
305.140: Total time for which application threads were stopped: 0.0023437 seconds, Stopping threads took: 0.0000215 seconds
305.208: [GC (Allocation Failure)  618238K->301728K(1035264K), 0.0041969 secs]
305.213: Total time for which application threads were stopped: 0.0043706 seconds, Stopping threads took: 0.0000206 seconds
305.281: [GC (Allocation Failure)  623776K->301696K(1034752K), 0.0041685 secs]
305.285: Total time for which application threads were stopped: 0.0043652 seconds, Stopping threads took: 0.0000203 seconds
305.354: [GC (Allocation Failure)  623744K->298942K(1035776K), 0.0033201 secs]
305.358: Total time for which application threads were stopped: 0.0034636 seconds, Stopping threads took: 0.0000226 seconds
305.426: [GC (Allocation Failure)  622014K->301920K(1035264K), 0.0042923 secs]
305.430: Total time for which application threads were stopped: 0.0044606 seconds, Stopping threads took: 0.0000275 seconds
305.497: [GC (Allocation Failure)  624992K->301728K(1036288K), 0.0043538 secs]
305.501: Total time for which application threads were stopped: 0.0045389 seconds, Stopping threads took: 0.0000193 seconds
305.568: [GC (Allocation Failure)  625824K->305822K(1035776K), 0.0059194 secs]
305.574: Total time for which application threads were stopped: 0.0061129 seconds, Stopping threads took: 0.0000187 seconds
305.643: [GC (Allocation Failure)  629918K->301920K(1034752K), 0.0044489 secs]
305.647: Total time for which application threads were stopped: 0.0046100 seconds, Stopping threads took: 0.0000173 seconds
305.715: [GC (Allocation Failure)  624480K->301728K(1035264K), 0.0043520 secs]
305.719: Total time for which application threads were stopped: 0.0045299 seconds, Stopping threads took: 0.0000200 seconds
305.786: [GC (Allocation Failure)  624288K->295294K(1034752K), 0.0017958 secs]
305.788: Total time for which application threads were stopped: 0.0019416 seconds, Stopping threads took: 0.0000205 seconds
305.855: [GC (Allocation Failure)  617854K->301864K(1035264K), 0.0043199 secs]
305.860: Total time for which application threads were stopped: 0.0045196 seconds, Stopping threads took: 0.0000195 seconds
305.930: [GC (Allocation Failure)  624424K->305880K(1035776K), 0.0051157 secs]
305.935: Total time for which application threads were stopped: 0.0052849 seconds, Stopping threads took: 0.0000268 seconds
306.000: [GC (Allocation Failure)  629464K->301974K(1035776K), 0.0031876 secs]
306.003: Total time for which application threads were stopped: 0.0033550 seconds, Stopping threads took: 0.0000204 seconds
306.072: [GC (Allocation Failure)  625558K->305976K(1035776K), 0.0044849 secs]
306.076: Total time for which application threads were stopped: 0.0046691 seconds, Stopping threads took: 0.0000202 seconds
306.146: [GC (Allocation Failure)  629560K->309976K(1035776K), 0.0041045 secs]
306.150: Total time for which application threads were stopped: 0.0042944 seconds, Stopping threads took: 0.0000287 seconds
306.218: [GC (Allocation Failure)  633560K->309976K(1036288K), 0.0043204 secs]
306.222: Total time for which application threads were stopped: 0.0044846 seconds, Stopping threads took: 0.0000206 seconds
306.288: [GC (Allocation Failure)  634072K->310328K(1024000K), 0.0042479 secs]
306.292: Total time for which application threads were stopped: 0.0044254 seconds, Stopping threads took: 0.0000206 seconds
306.361: [GC (Allocation Failure)  634424K->318010K(1035264K), 0.0044349 secs]
306.366: Total time for which application threads were stopped: 0.0045980 seconds, Stopping threads took: 0.0000199 seconds
306.434: [GC (Allocation Failure)  640570K->318042K(1035264K), 0.0042659 secs]
306.439: Total time for which application threads were stopped: 0.0044385 seconds, Stopping threads took: 0.0000283 seconds
306.505: [GC (Allocation Failure)  640602K->318074K(1034752K), 0.0043015 secs]
306.510: Total time for which application threads were stopped: 0.0044720 seconds, Stopping threads took: 0.0000203 seconds
306.577: [GC (Allocation Failure)  640634K->326077K(1030144K), 0.0043556 secs]
306.582: Total time for which application threads were stopped: 0.0045339 seconds, Stopping threads took: 0.0000206 seconds
306.649: [GC (Allocation Failure)  648637K->326045K(1035264K), 0.0043173 secs]
306.654: Total time for which application threads were stopped: 0.0044907 seconds, Stopping threads took: 0.0000290 seconds
306.718: [GC (Allocation Failure)  648093K->326309K(1034752K), 0.0043089 secs]
306.723: Total time for which application threads were stopped: 0.0044788 seconds, Stopping threads took: 0.0000225 seconds
306.790: [GC (Allocation Failure)  648357K->334119K(1034752K), 0.0044131 secs]
306.794: Total time for which application threads were stopped: 0.0045899 seconds, Stopping threads took: 0.0000192 seconds
306.862: [GC (Allocation Failure)  655655K->334119K(1034752K), 0.0041856 secs]
306.866: Total time for which application threads were stopped: 0.0043824 seconds, Stopping threads took: 0.0000202 seconds
306.933: [GC (Allocation Failure)  655655K->334535K(1033728K), 0.0044752 secs]
306.938: Total time for which application threads were stopped: 0.0046425 seconds, Stopping threads took: 0.0000262 seconds
307.004: [GC (Allocation Failure)  655047K->342153K(1034240K), 0.0042817 secs]
307.009: Total time for which application threads were stopped: 0.0044583 seconds, Stopping threads took: 0.0000196 seconds
307.078: [GC (Allocation Failure)  662665K->342153K(1034240K), 0.0044152 secs]
307.082: Total time for which application threads were stopped: 0.0045843 seconds, Stopping threads took: 0.0000251 seconds
307.149: [GC (Allocation Failure)  662665K->342249K(1034240K), 0.0043717 secs]
307.154: Total time for which application threads were stopped: 0.0045476 seconds, Stopping threads took: 0.0000204 seconds
307.223: [GC (Allocation Failure)  662761K->350123K(1034240K), 0.0042534 secs]
307.227: Total time for which application threads were stopped: 0.0044348 seconds, Stopping threads took: 0.0000286 seconds
307.293: [GC (Allocation Failure)  670635K->350155K(1034240K), 0.0044215 secs]
307.298: Total time for which application threads were stopped: 0.0046023 seconds, Stopping threads took: 0.0000198 seconds
307.366: [GC (Allocation Failure)  670667K->350219K(1033216K), 0.0043756 secs]
307.370: Total time for which application threads were stopped: 0.0045418 seconds, Stopping threads took: 0.0000205 seconds
307.436: [GC (Allocation Failure)  669707K->358190K(1033728K), 0.0051076 secs]
307.441: Total time for which application threads were stopped: 0.0052890 seconds, Stopping threads took: 0.0000274 seconds
307.507: [GC (Allocation Failure)  677678K->358222K(1033728K), 0.0045801 secs]
307.512: Total time for which application threads were stopped: 0.0047301 seconds, Stopping threads took: 0.0000176 seconds
307.577: [GC (Allocation Failure)  677710K->358246K(1033728K), 0.0044751 secs]
307.581: Total time for which application threads were stopped: 0.0046474 seconds, Stopping threads took: 0.0000200 seconds
307.647: [GC (Allocation Failure)  677734K->366216K(1033728K), 0.0043476 secs]
307.651: Total time for which application threads were stopped: 0.0045143 seconds, Stopping threads took: 0.0000198 seconds
307.719: [GC (Allocation Failure)  685704K->366216K(1033728K), 0.0041685 secs]
307.723: Total time for which application threads were stopped: 0.0043346 seconds, Stopping threads took: 0.0000205 seconds
307.788: [GC (Allocation Failure)  685704K->366440K(1033728K), 0.0043668 secs]
307.793: Total time for which application threads were stopped: 0.0045257 seconds, Stopping threads took: 0.0000194 seconds
307.860: [GC (Allocation Failure)  685928K->374250K(1027072K), 0.0049278 secs]
307.865: Total time for which application threads were stopped: 0.0050987 seconds, Stopping threads took: 0.0000194 seconds
307.933: [GC (Allocation Failure)  693738K->374250K(1033216K), 0.0044005 secs]
307.938: Total time for which application threads were stopped: 0.0045632 seconds, Stopping threads took: 0.0000263 seconds
308.004: [GC (Allocation Failure)  692714K->374410K(1033216K), 0.0045869 secs]
308.009: Total time for which application threads were stopped: 0.0047656 seconds, Stopping threads took: 0.0000198 seconds
308.078: [GC (Allocation Failure)  692874K->382285K(1033216K), 0.0046009 secs]
308.083: Total time for which application threads were stopped: 0.0047995 seconds, Stopping threads took: 0.0000221 seconds
308.149: [GC (Allocation Failure)  700749K->375274K(1033216K), 0.0016559 secs]
308.151: Total time for which application threads were stopped: 0.0017919 seconds, Stopping threads took: 0.0000169 seconds
308.220: [GC (Allocation Failure)  693738K->382413K(1033728K), 0.0044071 secs]
308.224: Total time for which application threads were stopped: 0.0045774 seconds, Stopping threads took: 0.0000221 seconds
308.292: [GC (Allocation Failure)  701901K->386437K(1033728K), 0.0054405 secs]
308.297: Total time for which application threads were stopped: 0.0056125 seconds, Stopping threads took: 0.0000208 seconds
308.365: [GC (Allocation Failure)  705925K->389890K(1030656K), 0.0057704 secs]
308.371: Total time for which application threads were stopped: 0.0059715 seconds, Stopping threads took: 0.0000267 seconds
308.440: [GC (Allocation Failure)  706306K->386437K(1032192K), 0.0045160 secs]
308.444: Total time for which application threads were stopped: 0.0046846 seconds, Stopping threads took: 0.0000194 seconds
308.511: [GC (Allocation Failure)  702853K->386437K(1032704K), 0.0042913 secs]
308.515: Total time for which application threads were stopped: 0.0044833 seconds, Stopping threads took: 0.0000203 seconds
308.582: [GC (Allocation Failure)  703877K->388901K(1032704K), 0.0048825 secs]
308.587: Total time for which application threads were stopped: 0.0050493 seconds, Stopping threads took: 0.0000191 seconds
308.653: [GC (Allocation Failure)  706341K->394471K(1033216K), 0.0044750 secs]
308.657: Total time for which application threads were stopped: 0.0046536 seconds, Stopping threads took: 0.0000194 seconds
308.723: [GC (Allocation Failure)  712935K->394471K(1033216K), 0.0043408 secs]
308.727: Total time for which application threads were stopped: 0.0045032 seconds, Stopping threads took: 0.0000197 seconds
308.791: [GC (Allocation Failure)  712935K->396103K(1033728K), 0.0045116 secs]
308.796: Total time for which application threads were stopped: 0.0046788 seconds, Stopping threads took: 0.0000189 seconds
308.863: [GC (Allocation Failure)  715591K->402569K(1033728K), 0.0043066 secs]
308.867: Total time for which application threads were stopped: 0.0044690 seconds, Stopping threads took: 0.0000200 seconds
308.935: [GC (Allocation Failure)  722057K->402505K(1033728K), 0.0044334 secs]
308.940: Total time for which application threads were stopped: 0.0046215 seconds, Stopping threads took: 0.0000283 seconds
309.004: [GC (Allocation Failure)  721993K->403305K(1033728K), 0.0046577 secs]
309.009: Total time for which application threads were stopped: 0.0048328 seconds, Stopping threads took: 0.0000197 seconds
309.076: [GC (Allocation Failure)  722793K->410635K(1033728K), 0.0045854 secs]
309.081: Total time for which application threads were stopped: 0.0047428 seconds, Stopping threads took: 0.0000196 seconds
309.148: [GC (Allocation Failure)  730123K->410539K(1033728K), 0.0065842 secs]
309.155: Total time for which application threads were stopped: 0.0067626 seconds, Stopping threads took: 0.0000193 seconds
309.220: [GC (Allocation Failure)  730027K->414627K(1034240K), 0.0056696 secs]
309.226: Total time for which application threads were stopped: 0.0058382 seconds, Stopping threads took: 0.0000190 seconds
309.293: [GC (Allocation Failure)  734627K->418598K(1033728K), 0.0043971 secs]
309.298: Total time for which application threads were stopped: 0.0045784 seconds, Stopping threads took: 0.0000195 seconds
309.365: [GC (Allocation Failure)  738598K->418598K(1034240K), 0.0045319 secs]
309.369: Total time for which application threads were stopped: 0.0047272 seconds, Stopping threads took: 0.0000196 seconds
309.437: [GC (Allocation Failure)  739110K->419790K(1034240K), 0.0047076 secs]
309.442: Total time for which application threads were stopped: 0.0048790 seconds, Stopping threads took: 0.0000285 seconds
309.510: [GC (Allocation Failure)  740302K->426640K(1034240K), 0.0043191 secs]
309.514: Total time for which application threads were stopped: 0.0044915 seconds, Stopping threads took: 0.0000205 seconds
309.584: [GC (Allocation Failure)  747152K->426608K(1034240K), 0.0044421 secs]
309.588: Total time for which application threads were stopped: 0.0046183 seconds, Stopping threads took: 0.0000203 seconds
309.655: [GC (Allocation Failure)  747120K->430024K(1034752K), 0.0050991 secs]
309.660: Total time for which application threads were stopped: 0.0052752 seconds, Stopping threads took: 0.0000205 seconds
309.727: [GC (Allocation Failure)  751048K->434762K(1034240K), 0.0045064 secs]
309.732: Total time for which application threads were stopped: 0.0046704 seconds, Stopping threads took: 0.0000204 seconds
309.799: [GC (Allocation Failure)  755786K->434634K(1034752K), 0.0045281 secs]
309.803: Total time for which application threads were stopped: 0.0046900 seconds, Stopping threads took: 0.0000202 seconds
309.869: [GC (Allocation Failure)  756170K->438218K(1034752K), 0.0053383 secs]
309.874: Total time for which application threads were stopped: 0.0055044 seconds, Stopping threads took: 0.0000206 seconds
309.942: [GC (Allocation Failure)  759754K->442700K(1034752K), 0.0043419 secs]
309.947: Total time for which application threads were stopped: 0.0045172 seconds, Stopping threads took: 0.0000198 seconds
310.013: [GC (Allocation Failure)  764236K->442668K(1034752K), 0.0045463 secs]
310.018: Total time for which application threads were stopped: 0.0047123 seconds, Stopping threads took: 0.0000211 seconds
310.084: [GC (Allocation Failure)  764204K->443372K(1034752K), 0.0046687 secs]
310.089: Total time for which application threads were stopped: 0.0048446 seconds, Stopping threads took: 0.0000200 seconds
310.157: [GC (Allocation Failure)  764908K->450703K(1034752K), 0.0044857 secs]
310.162: Total time for which application threads were stopped: 0.0046644 seconds, Stopping threads took: 0.0000178 seconds
310.231: [GC (Allocation Failure)  772239K->450703K(1034752K), 0.0044803 secs]
310.235: Total time for which application threads were stopped: 0.0046528 seconds, Stopping threads took: 0.0000205 seconds
310.300: [GC (Allocation Failure)  772239K->452615K(1034752K), 0.0046007 secs]
310.305: Total time for which application threads were stopped: 0.0047710 seconds, Stopping threads took: 0.0000208 seconds
310.373: [GC (Allocation Failure)  774151K->458761K(1034752K), 0.0045739 secs]
310.378: Total time for which application threads were stopped: 0.0047263 seconds, Stopping threads took: 0.0000172 seconds
310.446: [GC (Allocation Failure)  780297K->458729K(1034752K), 0.0045781 secs]
310.451: Total time for which application threads were stopped: 0.0047392 seconds, Stopping threads took: 0.0000204 seconds
310.518: [GC (Allocation Failure)  780265K->461897K(1034752K), 0.0050591 secs]
310.523: Total time for which application threads were stopped: 0.0052223 seconds, Stopping threads took: 0.0000201 seconds
310.590: [GC (Allocation Failure)  783433K->466859K(1034752K), 0.0045445 secs]
310.595: Total time for which application threads were stopped: 0.0047193 seconds, Stopping threads took: 0.0000211 seconds
310.665: [GC (Allocation Failure)  788395K->466731K(1034752K), 0.0045330 secs]
310.669: Total time for which application threads were stopped: 0.0046967 seconds, Stopping threads took: 0.0000199 seconds
310.734: [GC (Allocation Failure)  788267K->467019K(1034752K), 0.0046031 secs]
310.739: Total time for which application threads were stopped: 0.0047682 seconds, Stopping threads took: 0.0000206 seconds
310.805: [GC (Allocation Failure)  788555K->474861K(1033728K), 0.0045829 secs]
310.810: Total time for which application threads were stopped: 0.0047366 seconds, Stopping threads took: 0.0000202 seconds
310.877: [GC (Allocation Failure)  795373K->474829K(1034240K), 0.0053361 secs]
310.883: Total time for which application threads were stopped: 0.0055012 seconds, Stopping threads took: 0.0000193 seconds
310.951: [GC (Allocation Failure)  795341K->478341K(1034752K), 0.0065141 secs]
310.958: Total time for which application threads were stopped: 0.0067106 seconds, Stopping threads took: 0.0000249 seconds
311.027: [GC (Allocation Failure)  799877K->482824K(1034752K), 0.0074877 secs]
311.034: Total time for which application threads were stopped: 0.0076661 seconds, Stopping threads took: 0.0000261 seconds
311.099: [GC (Allocation Failure)  804360K->482792K(1034752K), 0.0052584 secs]
311.104: Total time for which application threads were stopped: 0.0054291 seconds, Stopping threads took: 0.0000257 seconds
311.168: [GC (Allocation Failure)  804328K->483528K(1034752K), 0.0046418 secs]
311.172: Total time for which application threads were stopped: 0.0048030 seconds, Stopping threads took: 0.0000197 seconds
311.238: [GC (Allocation Failure)  805064K->490890K(1034752K), 0.0047519 secs]
311.243: Total time for which application threads were stopped: 0.0049349 seconds, Stopping threads took: 0.0000197 seconds
311.308: [GC (Allocation Failure)  812426K->490826K(1034752K), 0.0054450 secs]
311.314: Total time for which application threads were stopped: 0.0056046 seconds, Stopping threads took: 0.0000204 seconds
311.380: [GC (Allocation Failure)  812362K->492746K(1034752K), 0.0059436 secs]
311.386: Total time for which application threads were stopped: 0.0061159 seconds, Stopping threads took: 0.0000197 seconds
311.453: [GC (Allocation Failure)  814282K->498924K(1034752K), 0.0047402 secs]
311.458: Total time for which application threads were stopped: 0.0049158 seconds, Stopping threads took: 0.0000275 seconds
311.525: [GC (Allocation Failure)  820460K->498924K(1034752K), 0.0049065 secs]
311.530: Total time for which application threads were stopped: 0.0050738 seconds, Stopping threads took: 0.0000196 seconds
311.595: [GC (Allocation Failure)  820460K->502060K(1034752K), 0.0051386 secs]
311.600: Total time for which application threads were stopped: 0.0053119 seconds, Stopping threads took: 0.0000197 seconds
311.668: [GC (Allocation Failure)  823596K->507023K(1034752K), 0.0049200 secs]
311.673: Total time for which application threads were stopped: 0.0050890 seconds, Stopping threads took: 0.0000199 seconds
311.740: [GC (Allocation Failure)  828559K->506927K(1034752K), 0.0048171 secs]
311.745: Total time for which application threads were stopped: 0.0050170 seconds, Stopping threads took: 0.0000394 seconds
311.811: [GC (Allocation Failure)  828463K->507183K(1033728K), 0.0047310 secs]
311.816: Total time for which application threads were stopped: 0.0049103 seconds, Stopping threads took: 0.0000200 seconds
311.883: [GC (Allocation Failure)  827695K->514993K(1034240K), 0.0047024 secs]
311.888: Total time for which application threads were stopped: 0.0048726 seconds, Stopping threads took: 0.0000201 seconds
311.956: [GC (Allocation Failure)  835505K->514961K(1034240K), 0.0046260 secs]
311.961: Total time for which application threads were stopped: 0.0048006 seconds, Stopping threads took: 0.0000253 seconds
312.028: [GC (Allocation Failure)  835473K->517481K(1034240K), 0.0049590 secs]
312.033: Total time for which application threads were stopped: 0.0051239 seconds, Stopping threads took: 0.0000201 seconds
312.101: [GC (Allocation Failure)  837993K->522987K(1034752K), 0.0044838 secs]
312.106: Total time for which application threads were stopped: 0.0046581 seconds, Stopping threads took: 0.0000206 seconds
312.172: [GC (Allocation Failure)  844523K->523019K(1034752K), 0.0047569 secs]
312.177: Total time for which application threads were stopped: 0.0049282 seconds, Stopping threads took: 0.0000176 seconds
312.244: [GC (Allocation Failure)  844555K->525707K(1034752K), 0.0052238 secs]
312.249: Total time for which application threads were stopped: 0.0054077 seconds, Stopping threads took: 0.0000274 seconds
312.317: [GC (Allocation Failure)  847243K->531053K(1034752K), 0.0048471 secs]
312.322: Total time for which application threads were stopped: 0.0050316 seconds, Stopping threads took: 0.0000200 seconds
312.389: [GC (Allocation Failure)  852589K->531021K(1034752K), 0.0048797 secs]
312.394: Total time for which application threads were stopped: 0.0050364 seconds, Stopping threads took: 0.0000171 seconds
312.460: [GC (Allocation Failure)  852557K->534957K(1034752K), 0.0055974 secs]
312.465: Total time for which application threads were stopped: 0.0057827 seconds, Stopping threads took: 0.0000175 seconds
312.533: [GC (Allocation Failure)  856493K->539088K(1034240K), 0.0049907 secs]
312.539: Total time for which application threads were stopped: 0.0051617 seconds, Stopping threads took: 0.0000199 seconds
312.605: [GC (Allocation Failure)  860624K->539088K(1034752K), 0.0048729 secs]
312.610: Total time for which application threads were stopped: 0.0050306 seconds, Stopping threads took: 0.0000202 seconds
312.677: [GC (Allocation Failure)  860624K->540136K(1034240K), 0.0046349 secs]
312.682: Total time for which application threads were stopped: 0.0048084 seconds, Stopping threads took: 0.0000205 seconds
312.751: [GC (Allocation Failure)  861672K->547178K(1034752K), 0.0048136 secs]
312.756: Total time for which application threads were stopped: 0.0049918 seconds, Stopping threads took: 0.0000282 seconds
312.823: [GC (Allocation Failure)  868714K->547082K(1034752K), 0.0048650 secs]
312.828: Total time for which application threads were stopped: 0.0050583 seconds, Stopping threads took: 0.0000206 seconds
312.895: [GC (Allocation Failure)  868618K->549386K(1034752K), 0.0051037 secs]
312.900: Total time for which application threads were stopped: 0.0052985 seconds, Stopping threads took: 0.0000204 seconds
312.967: [GC (Allocation Failure)  870922K->555180K(1034752K), 0.0048105 secs]
312.972: Total time for which application threads were stopped: 0.0049887 seconds, Stopping threads took: 0.0000282 seconds
313.038: [GC (Allocation Failure)  876716K->555116K(1034752K), 0.0048172 secs]
313.043: Total time for which application threads were stopped: 0.0050059 seconds, Stopping threads took: 0.0000196 seconds
313.109: [GC (Allocation Failure)  876652K->558636K(1035264K), 0.0055950 secs]
313.115: Total time for which application threads were stopped: 0.0057881 seconds, Stopping threads took: 0.0000204 seconds
313.184: [GC (Allocation Failure)  880684K->563150K(1034752K), 0.0047077 secs]
313.189: Total time for which application threads were stopped: 0.0048882 seconds, Stopping threads took: 0.0000204 seconds
313.259: [GC (Allocation Failure)  885198K->563150K(1035264K), 0.0049021 secs]
313.264: Total time for which application threads were stopped: 0.0050752 seconds, Stopping threads took: 0.0000195 seconds
313.331: [GC (Allocation Failure)  885710K->565862K(1035264K), 0.0077026 secs]
313.339: Total time for which application threads were stopped: 0.0079096 seconds, Stopping threads took: 0.0000200 seconds
313.408: [GC (Allocation Failure)  888422K->571241K(1035264K), 0.0048775 secs]
313.413: Total time for which application threads were stopped: 0.0050605 seconds, Stopping threads took: 0.0000287 seconds
313.482: [GC (Allocation Failure)  893801K->571177K(1035264K), 0.0046805 secs]
313.486: Total time for which application threads were stopped: 0.0048601 seconds, Stopping threads took: 0.0000199 seconds
313.555: [GC (Allocation Failure)  893737K->574089K(1035264K), 0.0054171 secs]
313.560: Total time for which application threads were stopped: 0.0055972 seconds, Stopping threads took: 0.0000195 seconds
313.628: [GC (Allocation Failure)  896649K->579243K(1035264K), 0.0048890 secs]
313.633: Total time for which application threads were stopped: 0.0050622 seconds, Stopping threads took: 0.0000194 seconds
313.701: [GC (Allocation Failure)  901803K->579243K(1035264K), 0.0046089 secs]
313.706: Total time for which application threads were stopped: 0.0047806 seconds, Stopping threads took: 0.0000194 seconds
313.773: [GC (Allocation Failure)  901803K->582315K(1035264K), 0.0052565 secs]
313.778: Total time for which application threads were stopped: 0.0054178 seconds, Stopping threads took: 0.0000196 seconds
313.848: [GC (Allocation Failure)  904875K->587309K(1035264K), 0.0049717 secs]
313.853: Total time for which application threads were stopped: 0.0051555 seconds, Stopping threads took: 0.0000201 seconds
313.923: [GC (Allocation Failure)  909869K->587245K(1035264K), 0.0044856 secs]
313.927: Total time for which application threads were stopped: 0.0046504 seconds, Stopping threads took: 0.0000270 seconds
313.996: [GC (Allocation Failure)  909805K->582475K(1035264K), 0.0030566 secs]
313.999: Total time for which application threads were stopped: 0.0032199 seconds, Stopping threads took: 0.0000251 seconds
314.067: [GC (Allocation Failure)  905035K->587277K(1035264K), 0.0048989 secs]
314.072: Total time for which application threads were stopped: 0.0050622 seconds, Stopping threads took: 0.0000197 seconds
314.141: [GC (Allocation Failure)  909837K->587277K(1035264K), 0.0047455 secs]
314.145: Total time for which application threads were stopped: 0.0049169 seconds, Stopping threads took: 0.0000197 seconds
314.212: [GC (Allocation Failure)  909837K->586827K(1035264K), 0.0046709 secs]
314.217: Total time for which application threads were stopped: 0.0048691 seconds, Stopping threads took: 0.0000197 seconds
314.287: [GC (Allocation Failure)  909387K->587501K(1035776K), 0.0046534 secs]
314.292: Total time for which application threads were stopped: 0.0048069 seconds, Stopping threads took: 0.0000173 seconds
314.361: [GC (Allocation Failure)  911085K->587245K(1035776K), 0.0047483 secs]
314.366: Total time for which application threads were stopped: 0.0049196 seconds, Stopping threads took: 0.0000170 seconds
314.432: [GC (Allocation Failure)  910829K->593131K(1031680K), 0.0073684 secs]
314.439: Total time for which application threads were stopped: 0.0075416 seconds, Stopping threads took: 0.0000280 seconds
314.506: [GC (Allocation Failure)  912619K->588589K(1033728K), 0.0050110 secs]
314.511: Total time for which application threads were stopped: 0.0051866 seconds, Stopping threads took: 0.0000200 seconds
314.579: [GC (Allocation Failure)  908077K->588429K(1034752K), 0.0046591 secs]
314.584: Total time for which application threads were stopped: 0.0048357 seconds, Stopping threads took: 0.0000195 seconds
314.652: [GC (Allocation Failure)  909453K->590955K(1034240K), 0.0059037 secs]
314.658: Total time for which application threads were stopped: 0.0060549 seconds, Stopping threads took: 0.0000164 seconds
314.725: [GC (Allocation Failure)  911979K->588493K(1034752K), 0.0046760 secs]
314.730: Total time for which application threads were stopped: 0.0048504 seconds, Stopping threads took: 0.0000201 seconds
314.797: [GC (Allocation Failure)  909517K->588397K(1034240K), 0.0047293 secs]
314.802: Total time for which application threads were stopped: 0.0049274 seconds, Stopping threads took: 0.0000209 seconds
314.870: [GC (Allocation Failure)  909421K->590603K(1034240K), 0.0058211 secs]
314.876: Total time for which application threads were stopped: 0.0059800 seconds, Stopping threads took: 0.0000170 seconds
314.945: [GC (Allocation Failure)  912139K->588429K(1034752K), 0.0046670 secs]
314.950: Total time for which application threads were stopped: 0.0048361 seconds, Stopping threads took: 0.0000268 seconds
315.018: [GC (Allocation Failure)  909965K->588429K(1035776K), 0.0047867 secs]
315.022: Total time for which application threads were stopped: 0.0049605 seconds, Stopping threads took: 0.0000260 seconds
315.088: [GC (Allocation Failure)  911501K->593331K(1035264K), 0.0084731 secs]
315.097: Total time for which application threads were stopped: 0.0086689 seconds, Stopping threads took: 0.0000193 seconds
315.164: [GC (Allocation Failure)  916403K->588597K(1034240K), 0.0048225 secs]
315.169: Total time for which application threads were stopped: 0.0049957 seconds, Stopping threads took: 0.0000197 seconds
315.236: [GC (Allocation Failure)  910133K->588597K(1034752K), 0.0047966 secs]
315.241: Total time for which application threads were stopped: 0.0049600 seconds, Stopping threads took: 0.0000211 seconds
315.306: [GC (Allocation Failure)  910133K->596299K(1031168K), 0.0085663 secs]
315.315: Total time for which application threads were stopped: 0.0087657 seconds, Stopping threads took: 0.0000276 seconds
315.383: [GC (Allocation Failure)  914763K->591309K(1033216K), 0.0048259 secs]
315.388: Total time for which application threads were stopped: 0.0049930 seconds, Stopping threads took: 0.0000200 seconds
315.453: [GC (Allocation Failure)  909773K->591053K(1033728K), 0.0048305 secs]
315.458: Total time for which application threads were stopped: 0.0050163 seconds, Stopping threads took: 0.0000196 seconds
315.525: [GC (Allocation Failure)  910541K->591851K(1033728K), 0.0050229 secs]
315.530: Total time for which application threads were stopped: 0.0051876 seconds, Stopping threads took: 0.0000193 seconds
315.596: [GC (Allocation Failure)  911339K->591245K(1034752K), 0.0047502 secs]
315.601: Total time for which application threads were stopped: 0.0049202 seconds, Stopping threads took: 0.0000196 seconds
315.669: [GC (Allocation Failure)  912269K->591085K(1034240K), 0.0046488 secs]
315.674: Total time for which application threads were stopped: 0.0049512 seconds, Stopping threads took: 0.0000199 seconds
315.743: [GC (Allocation Failure)  912109K->589963K(1035264K), 0.0045651 secs]
315.748: Total time for which application threads were stopped: 0.0047323 seconds, Stopping threads took: 0.0000189 seconds
315.815: [GC (Allocation Failure)  912523K->591181K(1035264K), 0.0048861 secs]
315.820: Total time for which application threads were stopped: 0.0050676 seconds, Stopping threads took: 0.0000195 seconds
315.888: [GC (Allocation Failure)  913741K->591085K(1035776K), 0.0049842 secs]
315.893: Total time for which application threads were stopped: 0.0051463 seconds, Stopping threads took: 0.0000206 seconds
315.961: [GC (Allocation Failure)  914157K->594795K(1035264K), 0.0062066 secs]
315.967: Total time for which application threads were stopped: 0.0063870 seconds, Stopping threads took: 0.0000284 seconds
316.033: [GC (Allocation Failure)  917867K->591117K(1035264K), 0.0047677 secs]
316.038: Total time for which application threads were stopped: 0.0049324 seconds, Stopping threads took: 0.0000203 seconds
316.106: [GC (Allocation Failure)  913677K->591053K(1035264K), 0.0045588 secs]
316.111: Total time for which application threads were stopped: 0.0047219 seconds, Stopping threads took: 0.0000194 seconds
316.179: [GC (Allocation Failure)  913613K->583211K(1033728K), 0.0016669 secs]
316.180: Total time for which application threads were stopped: 0.0017997 seconds, Stopping threads took: 0.0000201 seconds
316.248: [GC (Allocation Failure)  904747K->591349K(1034752K), 0.0063796 secs]
316.255: Total time for which application threads were stopped: 0.0065560 seconds, Stopping threads took: 0.0000210 seconds
316.323: [GC (Allocation Failure)  912885K->595181K(1035776K), 0.0061912 secs]
316.329: Total time for which application threads were stopped: 0.0063833 seconds, Stopping threads took: 0.0000212 seconds
316.396: [GC (Allocation Failure)  918253K->590091K(1035264K), 0.0031986 secs]
316.399: Total time for which application threads were stopped: 0.0033645 seconds, Stopping threads took: 0.0000203 seconds
316.467: [GC (Allocation Failure)  913163K->595437K(1035264K), 0.0049365 secs]
316.472: Total time for which application threads were stopped: 0.0051111 seconds, Stopping threads took: 0.0000284 seconds
316.540: [GC (Allocation Failure)  917997K->599357K(1035264K), 0.0051563 secs]
316.545: Total time for which application threads were stopped: 0.0053308 seconds, Stopping threads took: 0.0000202 seconds
316.614: [GC (Allocation Failure)  921917K->595419K(1035776K), 0.0037551 secs]
316.617: Total time for which application threads were stopped: 0.0039235 seconds, Stopping threads took: 0.0000202 seconds
316.686: [GC (Allocation Failure)  919003K->599453K(1035776K), 0.0049516 secs]
316.691: Total time for which application threads were stopped: 0.0051387 seconds, Stopping threads took: 0.0000213 seconds
316.760: [GC (Allocation Failure)  923037K->603453K(1035776K), 0.0046916 secs]
316.764: Total time for which application threads were stopped: 0.0048615 seconds, Stopping threads took: 0.0000201 seconds
316.832: [GC (Allocation Failure)  927037K->603453K(1035776K), 0.0047907 secs]
316.837: Total time for which application threads were stopped: 0.0049678 seconds, Stopping threads took: 0.0000285 seconds
316.902: [GC (Allocation Failure)  927037K->603517K(1034752K), 0.0047021 secs]
316.907: Total time for which application threads were stopped: 0.0048596 seconds, Stopping threads took: 0.0000265 seconds
316.975: [GC (Allocation Failure)  926077K->611551K(1035264K), 0.0048738 secs]
316.980: Total time for which application threads were stopped: 0.0050453 seconds, Stopping threads took: 0.0000252 seconds
317.047: [GC (Allocation Failure)  934111K->611519K(1035264K), 0.0049492 secs]
317.052: Total time for which application threads were stopped: 0.0051176 seconds, Stopping threads took: 0.0000284 seconds
317.118: [GC (Allocation Failure)  934079K->611559K(1022464K), 0.0049001 secs]
317.123: Total time for which application threads were stopped: 0.0050619 seconds, Stopping threads took: 0.0000194 seconds
317.191: [GC (Allocation Failure)  934119K->619530K(1034752K), 0.0047201 secs]
317.196: Total time for which application threads were stopped: 0.0049058 seconds, Stopping threads took: 0.0000204 seconds
317.266: [GC (Allocation Failure)  941066K->619562K(1034752K), 0.0047907 secs]
317.271: Total time for which application threads were stopped: 0.0049888 seconds, Stopping threads took: 0.0000210 seconds
317.339: [GC (Allocation Failure)  941098K->619746K(1034752K), 0.0058761 secs]
317.345: Total time for which application threads were stopped: 0.0060748 seconds, Stopping threads took: 0.0000278 seconds
317.413: [GC (Allocation Failure)  941282K->627556K(1029120K), 0.0047159 secs]
317.418: Total time for which application threads were stopped: 0.0048957 seconds, Stopping threads took: 0.0000199 seconds
317.485: [GC (Allocation Failure)  949092K->627588K(1034240K), 0.0048077 secs]
317.490: Total time for which application threads were stopped: 0.0051398 seconds, Stopping threads took: 0.0000278 seconds
317.557: [GC (Allocation Failure)  948100K->627980K(1034240K), 0.0049833 secs]
317.562: Total time for which application threads were stopped: 0.0051462 seconds, Stopping threads took: 0.0000196 seconds
317.629: [GC (Allocation Failure)  948492K->635598K(1034240K), 0.0051107 secs]
317.634: Total time for which application threads were stopped: 0.0052759 seconds, Stopping threads took: 0.0000201 seconds
317.701: [GC (Allocation Failure)  956110K->635630K(1034240K), 0.0048944 secs]
317.706: Total time for which application threads were stopped: 0.0050676 seconds, Stopping threads took: 0.0000204 seconds
317.772: [GC (Allocation Failure)  956142K->635750K(1034240K), 0.0048233 secs]
317.777: Total time for which application threads were stopped: 0.0049849 seconds, Stopping threads took: 0.0000203 seconds
317.844: [GC (Allocation Failure)  956262K->643656K(1028096K), 0.0051883 secs]
317.849: Total time for which application threads were stopped: 0.0053525 seconds, Stopping threads took: 0.0000192 seconds
317.915: [GC (Allocation Failure)  964168K->643624K(1033728K), 0.0046763 secs]
317.920: Total time for which application threads were stopped: 0.0048451 seconds, Stopping threads took: 0.0000263 seconds
317.986: [GC (Allocation Failure)  963112K->643688K(1033728K), 0.0049478 secs]
317.991: Total time for which application threads were stopped: 0.0051186 seconds, Stopping threads took: 0.0000223 seconds
318.056: [GC (Allocation Failure)  963176K->651627K(1033728K), 0.0048731 secs]
318.061: Total time for which application threads were stopped: 0.0050458 seconds, Stopping threads took: 0.0000202 seconds
318.127: [GC (Allocation Failure)  971115K->651691K(1033728K), 0.0048920 secs]
318.132: Total time for which application threads were stopped: 0.0050876 seconds, Stopping threads took: 0.0000204 seconds
318.200: [GC (Allocation Failure)  971179K->651915K(1033728K), 0.0051042 secs]
318.205: Total time for which application threads were stopped: 0.0052724 seconds, Stopping threads took: 0.0000203 seconds
318.271: [GC (Allocation Failure)  971403K->659693K(1033728K), 0.0049200 secs]
318.276: Total time for which application threads were stopped: 0.0050839 seconds, Stopping threads took: 0.0000201 seconds
318.341: [GC (Allocation Failure)  979181K->655755K(1034240K), 0.0071162 secs]
318.348: Total time for which application threads were stopped: 0.0073052 seconds, Stopping threads took: 0.0000180 seconds
318.417: [GC (Allocation Failure)  975755K->659845K(1033728K), 0.0051276 secs]
318.422: Total time for which application threads were stopped: 0.0052978 seconds, Stopping threads took: 0.0000287 seconds
318.489: [GC (Allocation Failure)  979845K->663813K(1034752K), 0.0051013 secs]
318.495: Total time for which application threads were stopped: 0.0052989 seconds, Stopping threads took: 0.0000262 seconds
318.562: [GC (Allocation Failure)  985349K->658083K(1034752K), 0.0029137 secs]
318.565: Total time for which application threads were stopped: 0.0031043 seconds, Stopping threads took: 0.0000261 seconds
318.633: [GC (Allocation Failure)  979619K->663885K(1035264K), 0.0050342 secs]
318.638: Total time for which application threads were stopped: 0.0052080 seconds, Stopping threads took: 0.0000208 seconds
318.706: [GC (Allocation Failure)  985933K->667989K(1034752K), 0.0053662 secs]
318.712: Total time for which application threads were stopped: 0.0055511 seconds, Stopping threads took: 0.0000201 seconds
318.779: [GC (Allocation Failure)  989775K->664083K(1035776K), 0.0039885 secs]
318.783: Total time for which application threads were stopped: 0.0041594 seconds, Stopping threads took: 0.0000212 seconds
318.851: [GC (Allocation Failure)  987155K->668109K(1035264K), 0.0049999 secs]
318.856: Total time for which application threads were stopped: 0.0051769 seconds, Stopping threads took: 0.0000203 seconds
318.924: [GC (Allocation Failure)  991181K->672077K(1035264K), 0.0048655 secs]
318.929: Total time for which application threads were stopped: 0.0050784 seconds, Stopping threads took: 0.0000263 seconds
318.998: [GC (Allocation Failure)  995661K->672077K(1035776K), 0.0048934 secs]
319.003: Total time for which application threads were stopped: 0.0050752 seconds, Stopping threads took: 0.0000200 seconds
319.071: [GC (Allocation Failure)  995661K->672133K(1034752K), 0.0105125 secs]
319.081: Total time for which application threads were stopped: 0.0106668 seconds, Stopping threads took: 0.0000203 seconds
319.149: [GC (Allocation Failure)  994693K->680135K(1035264K), 0.0049741 secs]
319.154: Total time for which application threads were stopped: 0.0051329 seconds, Stopping threads took: 0.0000183 seconds
319.220: [GC (Allocation Failure)  1002695K->680135K(1034240K), 0.0051938 secs]
319.225: Total time for which application threads were stopped: 0.0053639 seconds, Stopping threads took: 0.0000198 seconds
319.292: [GC (Allocation Failure)  1001671K->680167K(1034752K), 0.0048729 secs]
319.297: Total time for which application threads were stopped: 0.0050537 seconds, Stopping threads took: 0.0000199 seconds
319.363: [GC (Allocation Failure)  1001703K->688138K(1033728K), 0.0050432 secs]
319.369: Total time for which application threads were stopped: 0.0052052 seconds, Stopping threads took: 0.0000201 seconds
319.436: [GC (Allocation Failure)  1008650K->688106K(1034240K), 0.0050678 secs]
319.442: Total time for which application threads were stopped: 0.0052610 seconds, Stopping threads took: 0.0000200 seconds
319.509: [GC (Allocation Failure)  1008618K->688394K(1034240K), 0.0049504 secs]
319.514: [Full GC (Ergonomics)  688394K->8704K(1034240K), 0.0125306 secs]
319.527: Total time for which application threads were stopped: 0.0177381 seconds, Stopping threads took: 0.0000171 seconds
319.593: [GC (Allocation Failure)  329216K->17634K(1029120K), 0.0037496 secs]
319.596: Total time for which application threads were stopped: 0.0038935 seconds, Stopping threads took: 0.0000158 seconds
319.662: [GC (Allocation Failure)  338146K->17586K(1033728K), 0.0037747 secs]
319.666: Total time for which application threads were stopped: 0.0039426 seconds, Stopping threads took: 0.0000200 seconds
319.732: [GC (Allocation Failure)  337074K->17770K(1033728K), 0.0040199 secs]
319.736: Total time for which application threads were stopped: 0.0042054 seconds, Stopping threads took: 0.0000203 seconds
319.805: [GC (Allocation Failure)  337258K->25645K(1033728K), 0.0036483 secs]
319.809: Total time for which application threads were stopped: 0.0038198 seconds, Stopping threads took: 0.0000202 seconds
319.878: [GC (Allocation Failure)  345133K->25613K(1033728K), 0.0034474 secs]
319.882: Total time for which application threads were stopped: 0.0035941 seconds, Stopping threads took: 0.0000191 seconds
319.948: [GC (Allocation Failure)  345101K->25773K(1033728K), 0.0038307 secs]
319.952: Total time for which application threads were stopped: 0.0040191 seconds, Stopping threads took: 0.0000277 seconds
320.019: [GC (Allocation Failure)  345261K->33679K(1027072K), 0.0039460 secs]
320.023: Total time for which application threads were stopped: 0.0041157 seconds, Stopping threads took: 0.0000196 seconds
320.089: [GC (Allocation Failure)  353165K->29773K(1034240K), 0.0023375 secs]
320.092: Total time for which application threads were stopped: 0.0024816 seconds, Stopping threads took: 0.0000189 seconds
320.159: [GC (Allocation Failure)  349261K->33799K(1033216K), 0.0040373 secs]
320.163: Total time for which application threads were stopped: 0.0041988 seconds, Stopping threads took: 0.0000190 seconds
320.230: [GC (Allocation Failure)  353287K->37799K(1034752K), 0.0038894 secs]
320.234: Total time for which application threads were stopped: 0.0040585 seconds, Stopping threads took: 0.0000195 seconds
320.301: [GC (Allocation Failure)  359335K->31013K(1034752K), 0.0009596 secs]
320.302: Total time for which application threads were stopped: 0.0010908 seconds, Stopping threads took: 0.0000194 seconds
320.372: [GC (Allocation Failure)  352549K->37895K(1034752K), 0.0037918 secs]
320.376: Total time for which application threads were stopped: 0.0039967 seconds, Stopping threads took: 0.0000221 seconds
320.446: [GC (Allocation Failure)  359431K->41943K(1034752K), 0.0044944 secs]
320.451: Total time for which application threads were stopped: 0.0046632 seconds, Stopping threads took: 0.0000251 seconds
320.518: [GC (Allocation Failure)  363479K->36373K(1034752K), 0.0014815 secs]
320.520: Total time for which application threads were stopped: 0.0016352 seconds, Stopping threads took: 0.0000208 seconds
320.590: [GC (Allocation Failure)  357909K->42215K(1034752K), 0.0038695 secs]
320.594: Total time for which application threads were stopped: 0.0040424 seconds, Stopping threads took: 0.0000195 seconds
320.662: [GC (Allocation Failure)  363751K->46127K(1034752K), 0.0039180 secs]
320.666: Total time for which application threads were stopped: 0.0041115 seconds, Stopping threads took: 0.0000199 seconds
320.733: [GC (Allocation Failure)  368614K->42189K(1035264K), 0.0024673 secs]
320.735: Total time for which application threads were stopped: 0.0025955 seconds, Stopping threads took: 0.0000171 seconds
320.805: [GC (Allocation Failure)  364749K->46255K(1036288K), 0.0038013 secs]
320.809: Total time for which application threads were stopped: 0.0039922 seconds, Stopping threads took: 0.0000171 seconds
320.879: [GC (Allocation Failure)  370351K->50223K(1035776K), 0.0037731 secs]
320.883: Total time for which application threads were stopped: 0.0039538 seconds, Stopping threads took: 0.0000201 seconds
320.954: [GC (Allocation Failure)  374319K->50255K(1035776K), 0.0034322 secs]
320.957: Total time for which application threads were stopped: 0.0036327 seconds, Stopping threads took: 0.0000280 seconds
321.027: [GC (Allocation Failure)  373839K->50279K(1023488K), 0.0038098 secs]
321.031: Total time for which application threads were stopped: 0.0039910 seconds, Stopping threads took: 0.0000170 seconds
321.100: [GC (Allocation Failure)  373863K->58281K(1035264K), 0.0038628 secs]
321.104: Total time for which application threads were stopped: 0.0040310 seconds, Stopping threads took: 0.0000191 seconds
321.172: [GC (Allocation Failure)  380841K->58281K(1030144K), 0.0035537 secs]
321.175: Total time for which application threads were stopped: 0.0037271 seconds, Stopping threads took: 0.0000199 seconds
321.240: [GC (Allocation Failure)  380841K->58313K(1034752K), 0.0038459 secs]
321.244: Total time for which application threads were stopped: 0.0040183 seconds, Stopping threads took: 0.0000195 seconds
321.312: [GC (Allocation Failure)  379849K->66283K(1029120K), 0.0035989 secs]
321.315: Total time for which application threads were stopped: 0.0037627 seconds, Stopping threads took: 0.0000206 seconds
321.386: [GC (Allocation Failure)  387819K->66283K(1034240K), 0.0036253 secs]
321.390: Total time for which application threads were stopped: 0.0037887 seconds, Stopping threads took: 0.0000204 seconds
321.457: [GC (Allocation Failure)  386795K->66539K(1034240K), 0.0036495 secs]
321.461: Total time for which application threads were stopped: 0.0038206 seconds, Stopping threads took: 0.0000278 seconds
321.528: [GC (Allocation Failure)  387051K->74350K(1034240K), 0.0038220 secs]
321.532: Total time for which application threads were stopped: 0.0039933 seconds, Stopping threads took: 0.0000194 seconds
321.600: [GC (Allocation Failure)  394862K->74318K(1034240K), 0.0036744 secs]
321.604: Total time for which application threads were stopped: 0.0038564 seconds, Stopping threads took: 0.0000209 seconds
321.672: [GC (Allocation Failure)  394830K->74766K(1033216K), 0.0039586 secs]
321.676: Total time for which application threads were stopped: 0.0041221 seconds, Stopping threads took: 0.0000202 seconds
321.745: [GC (Allocation Failure)  394254K->82352K(1033728K), 0.0037731 secs]
321.749: Total time for which application threads were stopped: 0.0039512 seconds, Stopping threads took: 0.0000212 seconds
321.817: [GC (Allocation Failure)  401840K->82352K(1033728K), 0.0036177 secs]
321.820: Total time for which application threads were stopped: 0.0038072 seconds, Stopping threads took: 0.0000194 seconds
321.888: [GC (Allocation Failure)  401840K->82504K(1033728K), 0.0039038 secs]
321.892: Total time for which application threads were stopped: 0.0040956 seconds, Stopping threads took: 0.0000203 seconds
321.961: [GC (Allocation Failure)  401992K->90410K(1033728K), 0.0037019 secs]
321.965: Total time for which application threads were stopped: 0.0039116 seconds, Stopping threads took: 0.0000486 seconds
322.034: [GC (Allocation Failure)  409898K->90378K(1033728K), 0.0034229 secs]
322.037: Total time for which application threads were stopped: 0.0036030 seconds, Stopping threads took: 0.0000171 seconds
322.104: [GC (Allocation Failure)  409866K->90442K(1033728K), 0.0040147 secs]
322.108: Total time for which application threads were stopped: 0.0041891 seconds, Stopping threads took: 0.0000199 seconds
322.174: [GC (Allocation Failure)  409930K->98444K(1027072K), 0.0036991 secs]
322.178: Total time for which application threads were stopped: 0.0038696 seconds, Stopping threads took: 0.0000259 seconds
322.243: [GC (Allocation Failure)  417932K->94506K(1034240K), 0.0027393 secs]
322.246: Total time for which application threads were stopped: 0.0029031 seconds, Stopping threads took: 0.0000206 seconds
322.313: [GC (Allocation Failure)  413994K->98572K(1033216K), 0.0038281 secs]
322.317: Total time for which application threads were stopped: 0.0039910 seconds, Stopping threads took: 0.0000195 seconds
322.384: [GC (Allocation Failure)  418060K->102540K(1034752K), 0.0039312 secs]
322.389: Total time for which application threads were stopped: 0.0041072 seconds, Stopping threads took: 0.0000200 seconds
322.455: [GC (Allocation Failure)  424076K->95786K(1034752K), 0.0013461 secs]
322.457: Total time for which application threads were stopped: 0.0014829 seconds, Stopping threads took: 0.0000272 seconds
322.524: [GC (Allocation Failure)  417322K->102612K(1034752K), 0.0037166 secs]
322.528: Total time for which application threads were stopped: 0.0039281 seconds, Stopping threads took: 0.0000221 seconds
322.593: [GC (Allocation Failure)  424148K->106724K(1034752K), 0.0048517 secs]
322.598: Total time for which application threads were stopped: 0.0050730 seconds, Stopping threads took: 0.0000604 seconds
322.663: [GC (Allocation Failure)  428260K->101154K(1034752K), 0.0016172 secs]
322.665: Total time for which application threads were stopped: 0.0017897 seconds, Stopping threads took: 0.0000187 seconds
322.734: [GC (Allocation Failure)  422690K->106956K(1034752K), 0.0039625 secs]
322.738: Total time for which application threads were stopped: 0.0041645 seconds, Stopping threads took: 0.0000224 seconds
322.808: [GC (Allocation Failure)  428492K->110828K(1034752K), 0.0042554 secs]
322.812: Total time for which application threads were stopped: 0.0044240 seconds, Stopping threads took: 0.0000206 seconds
322.880: [GC (Allocation Failure)  433317K->106922K(1035264K), 0.0025049 secs]
322.882: Total time for which application threads were stopped: 0.0026892 seconds, Stopping threads took: 0.0000201 seconds
322.952: [GC (Allocation Failure)  429482K->110988K(1036288K), 0.0039753 secs]
322.956: Total time for which application threads were stopped: 0.0041535 seconds, Stopping threads took: 0.0000281 seconds
323.023: [GC (Allocation Failure)  435084K->114956K(1035776K), 0.0038358 secs]
323.027: Total time for which application threads were stopped: 0.0039902 seconds, Stopping threads took: 0.0000196 seconds
323.097: [GC (Allocation Failure)  439052K->114956K(1035776K), 0.0037761 secs]
323.101: Total time for which application threads were stopped: 0.0039390 seconds, Stopping threads took: 0.0000173 seconds
323.170: [GC (Allocation Failure)  438540K->115020K(1023488K), 0.0037797 secs]
323.174: Total time for which application threads were stopped: 0.0039404 seconds, Stopping threads took: 0.0000257 seconds
323.240: [GC (Allocation Failure)  438604K->123023K(1035264K), 0.0039637 secs]
323.245: Total time for which application threads were stopped: 0.0041366 seconds, Stopping threads took: 0.0000189 seconds
323.312: [GC (Allocation Failure)  445583K->122991K(1030144K), 0.0038362 secs]
323.316: Total time for which application threads were stopped: 0.0040022 seconds, Stopping threads took: 0.0000195 seconds
323.385: [GC (Allocation Failure)  445551K->123047K(1034752K), 0.0037240 secs]
323.388: Total time for which application threads were stopped: 0.0038858 seconds, Stopping threads took: 0.0000193 seconds
323.457: [GC (Allocation Failure)  444583K->131049K(1029120K), 0.0039491 secs]
323.461: Total time for which application threads were stopped: 0.0041141 seconds, Stopping threads took: 0.0000262 seconds
323.530: [GC (Allocation Failure)  452585K->131017K(1034240K), 0.0037835 secs]
323.534: Total time for which application threads were stopped: 0.0039627 seconds, Stopping threads took: 0.0000283 seconds
323.601: [GC (Allocation Failure)  451529K->131273K(1034240K), 0.0040463 secs]
323.605: Total time for which application threads were stopped: 0.0042248 seconds, Stopping threads took: 0.0000198 seconds
323.672: [GC (Allocation Failure)  451785K->139051K(1034240K), 0.0039027 secs]
323.676: Total time for which application threads were stopped: 0.0040609 seconds, Stopping threads took: 0.0000200 seconds
323.746: [GC (Allocation Failure)  459563K->139051K(1034240K), 0.0038435 secs]
323.750: Total time for which application threads were stopped: 0.0040136 seconds, Stopping threads took: 0.0000200 seconds
323.817: [GC (Allocation Failure)  459563K->139499K(1033216K), 0.0041477 secs]
323.821: Total time for which application threads were stopped: 0.0043203 seconds, Stopping threads took: 0.0000202 seconds
323.888: [GC (Allocation Failure)  458987K->147086K(1033728K), 0.0041472 secs]
323.892: Total time for which application threads were stopped: 0.0043205 seconds, Stopping threads took: 0.0000203 seconds
323.960: [GC (Allocation Failure)  466574K->147086K(1033728K), 0.0050329 secs]
323.965: Total time for which application threads were stopped: 0.0052117 seconds, Stopping threads took: 0.0000197 seconds
324.030: [GC (Allocation Failure)  466574K->147246K(1033728K), 0.0041736 secs]
324.034: Total time for which application threads were stopped: 0.0043533 seconds, Stopping threads took: 0.0000214 seconds
324.101: [GC (Allocation Failure)  466734K->155184K(1033728K), 0.0038964 secs]
324.105: Total time for which application threads were stopped: 0.0040630 seconds, Stopping threads took: 0.0000203 seconds
324.172: [GC (Allocation Failure)  474672K->155152K(1033728K), 0.0037682 secs]
324.176: Total time for which application threads were stopped: 0.0039302 seconds, Stopping threads took: 0.0000207 seconds
324.242: [GC (Allocation Failure)  474640K->155176K(1033728K), 0.0039711 secs]
324.246: Total time for which application threads were stopped: 0.0041284 seconds, Stopping threads took: 0.0000200 seconds
324.312: [GC (Allocation Failure)  474664K->163146K(1027072K), 0.0042128 secs]
324.317: Total time for which application threads were stopped: 0.0044162 seconds, Stopping threads took: 0.0000193 seconds
324.384: [GC (Allocation Failure)  482634K->159208K(1034240K), 0.0028031 secs]
324.387: Total time for which application threads were stopped: 0.0029481 seconds, Stopping threads took: 0.0000170 seconds
324.455: [GC (Allocation Failure)  478696K->163306K(1033216K), 0.0039086 secs]
324.459: Total time for which application threads were stopped: 0.0040823 seconds, Stopping threads took: 0.0000265 seconds
324.526: [GC (Allocation Failure)  482794K->167274K(1034752K), 0.0039325 secs]
324.530: Total time for which application threads were stopped: 0.0041299 seconds, Stopping threads took: 0.0000256 seconds
324.598: [GC (Allocation Failure)  488810K->160488K(1034752K), 0.0012787 secs]
324.600: Total time for which application threads were stopped: 0.0013971 seconds, Stopping threads took: 0.0000173 seconds
324.670: [GC (Allocation Failure)  482024K->167306K(1034752K), 0.0039248 secs]
324.674: Total time for which application threads were stopped: 0.0041254 seconds, Stopping threads took: 0.0000217 seconds
324.741: [GC (Allocation Failure)  488842K->171386K(1034752K), 0.0048954 secs]
324.746: Total time for which application threads were stopped: 0.0050671 seconds, Stopping threads took: 0.0000198 seconds
324.812: [GC (Allocation Failure)  492922K->165848K(1034752K), 0.0017833 secs]
324.814: Total time for which application threads were stopped: 0.0019418 seconds, Stopping threads took: 0.0000201 seconds
324.882: [GC (Allocation Failure)  487384K->171690K(1034752K), 0.0041514 secs]
324.887: Total time for which application threads were stopped: 0.0043116 seconds, Stopping threads took: 0.0000179 seconds
