Java HotSpot(TM) 64-Bit Server VM (25.171-b11) for linux-amd64 JRE (1.8.0_171-b11), built on Mar 28 2018 17:07:08 by "java_re" with gcc 4.3.0 20080428 (Red Hat 4.3.0-8)
Memory: 4k page, physical 32883000k(29346224k free), swap 8000508k(8000508k free)
CommandLine flags: -XX:InitialHeapSize=1073741824 -XX:MaxHeapSize=1073741824 -XX:+PrintGC -XX:+PrintGCApplicationStoppedTime -XX:+PrintGCTimeStamps -XX:+UseCompressedClassPointers -XX:+UseCompressedOops -XX:+UseParallelGC 
0.290: [GC (Allocation Failure)  262144K->10316K(1005056K), 0.0052940 secs]
0.295: Total time for which application threads were stopped: 0.0055136 seconds, Stopping threads took: 0.0000171 seconds
0.360: [GC (Allocation Failure)  272460K->8642K(1005056K), 0.0066829 secs]
0.367: Total time for which application threads were stopped: 0.0068354 seconds, Stopping threads took: 0.0000181 seconds
0.422: [GC (Allocation Failure)  270786K->8618K(1005056K), 0.0034850 secs]
0.425: Total time for which application threads were stopped: 0.0036575 seconds, Stopping threads took: 0.0000281 seconds
0.481: [GC (Allocation Failure)  270762K->8570K(1005056K), 0.0044995 secs]
0.486: Total time for which application threads were stopped: 0.0046624 seconds, Stopping threads took: 0.0000336 seconds
0.541: [GC (Allocation Failure)  270714K->8826K(1005056K), 0.0032668 secs]
0.544: Total time for which application threads were stopped: 0.0034240 seconds, Stopping threads took: 0.0000197 seconds
0.600: [GC (Allocation Failure)  270970K->8570K(1038336K), 0.0045491 secs]
0.604: Total time for which application threads were stopped: 0.0047174 seconds, Stopping threads took: 0.0000202 seconds
0.683: [GC (Allocation Failure)  337274K->9452K(1038336K), 0.0038818 secs]
0.687: Total time for which application threads were stopped: 0.0040491 seconds, Stopping threads took: 0.0000200 seconds
0.757: [GC (Allocation Failure)  338156K->8660K(1038336K), 0.0034394 secs]
0.761: Total time for which application threads were stopped: 0.0036082 seconds, Stopping threads took: 0.0000198 seconds
0.830: [GC (Allocation Failure)  337364K->8596K(1038336K), 0.0038423 secs]
0.834: Total time for which application threads were stopped: 0.0040175 seconds, Stopping threads took: 0.0000216 seconds
0.902: [GC (Allocation Failure)  337300K->9684K(1038336K), 0.0031719 secs]
0.906: Total time for which application threads were stopped: 0.0033389 seconds, Stopping threads took: 0.0000196 seconds
0.976: [GC (Allocation Failure)  338388K->8756K(1038336K), 0.0035200 secs]
0.980: Total time for which application threads were stopped: 0.0036869 seconds, Stopping threads took: 0.0000257 seconds
1.050: [GC (Allocation Failure)  337460K->8628K(1038336K), 0.0035722 secs]
1.053: Total time for which application threads were stopped: 0.0037662 seconds, Stopping threads took: 0.0000201 seconds
1.122: [GC (Allocation Failure)  337332K->11916K(1031680K), 0.0047882 secs]
1.127: Total time for which application threads were stopped: 0.0049646 seconds, Stopping threads took: 0.0000217 seconds
1.196: [GC (Allocation Failure)  340620K->16686K(1037824K), 0.0051801 secs]
1.202: Total time for which application threads were stopped: 0.0053566 seconds, Stopping threads took: 0.0000203 seconds
1.271: [GC (Allocation Failure)  344366K->16622K(1037824K), 0.0038327 secs]
1.275: Total time for which application threads were stopped: 0.0040041 seconds, Stopping threads took: 0.0000196 seconds
1.344: [GC (Allocation Failure)  344302K->12140K(1036800K), 0.0026961 secs]
1.347: Total time for which application threads were stopped: 0.0028883 seconds, Stopping threads took: 0.0000256 seconds
1.415: [GC (Allocation Failure)  338796K->16694K(1037312K), 0.0044169 secs]
1.420: Total time for which application threads were stopped: 0.0045598 seconds, Stopping threads took: 0.0000169 seconds
1.488: [GC (Allocation Failure)  343350K->20798K(1037312K), 0.0038393 secs]
1.492: Total time for which application threads were stopped: 0.0039858 seconds, Stopping threads took: 0.0000169 seconds
1.559: [GC (Allocation Failure)  347454K->20766K(1037312K), 0.0037019 secs]
1.563: Total time for which application threads were stopped: 0.0038943 seconds, Stopping threads took: 0.0000246 seconds
1.629: [GC (Allocation Failure)  347422K->21022K(1036288K), 0.0045561 secs]
1.634: Total time for which application threads were stopped: 0.0047263 seconds, Stopping threads took: 0.0000201 seconds
1.702: [GC (Allocation Failure)  346654K->28800K(1036800K), 0.0044733 secs]
1.707: Total time for which application threads were stopped: 0.0046427 seconds, Stopping threads took: 0.0000194 seconds
1.777: [GC (Allocation Failure)  354432K->28800K(1036800K), 0.0037533 secs]
1.781: Total time for which application threads were stopped: 0.0039465 seconds, Stopping threads took: 0.0000216 seconds
1.848: [GC (Allocation Failure)  354432K->29256K(1025536K), 0.0044250 secs]
1.852: Total time for which application threads were stopped: 0.0045910 seconds, Stopping threads took: 0.0000220 seconds
1.918: [GC (Allocation Failure)  354888K->36874K(1035776K), 0.0039623 secs]
1.922: Total time for which application threads were stopped: 0.0041319 seconds, Stopping threads took: 0.0000207 seconds
1.988: [GC (Allocation Failure)  360458K->36874K(1035776K), 0.0038577 secs]
1.992: Total time for which application threads were stopped: 0.0040073 seconds, Stopping threads took: 0.0000195 seconds
2.058: [GC (Allocation Failure)  360458K->37514K(1035776K), 0.0046120 secs]
2.062: Total time for which application threads were stopped: 0.0047676 seconds, Stopping threads took: 0.0000271 seconds
2.130: [GC (Allocation Failure)  361098K->44909K(1031168K), 0.0035512 secs]
2.134: Total time for which application threads were stopped: 0.0037072 seconds, Stopping threads took: 0.0000203 seconds
2.199: [GC (Allocation Failure)  368493K->44877K(1035264K), 0.0035498 secs]
2.202: Total time for which application threads were stopped: 0.0037018 seconds, Stopping threads took: 0.0000274 seconds
2.265: [GC (Allocation Failure)  367437K->45709K(1035264K), 0.0045623 secs]
2.270: Total time for which application threads were stopped: 0.0046977 seconds, Stopping threads took: 0.0000264 seconds
2.336: [GC (Allocation Failure)  368269K->52879K(1035264K), 0.0092811 secs]
2.345: Total time for which application threads were stopped: 0.0094049 seconds, Stopping threads took: 0.0000202 seconds
2.412: [GC (Allocation Failure)  375439K->52911K(1035264K), 0.0033688 secs]
2.416: Total time for which application threads were stopped: 0.0035166 seconds, Stopping threads took: 0.0000165 seconds
2.483: [GC (Allocation Failure)  375471K->52943K(1034240K), 0.0046716 secs]
2.488: Total time for which application threads were stopped: 0.0048439 seconds, Stopping threads took: 0.0000264 seconds
2.556: [GC (Allocation Failure)  374479K->60913K(1034752K), 0.0036039 secs]
2.560: Total time for which application threads were stopped: 0.0037516 seconds, Stopping threads took: 0.0000198 seconds
2.625: [GC (Allocation Failure)  382449K->60913K(1034752K), 0.0036330 secs]
2.629: Total time for which application threads were stopped: 0.0037710 seconds, Stopping threads took: 0.0000188 seconds
2.690: [GC (Allocation Failure)  382449K->61193K(1021440K), 0.0045232 secs]
2.695: Total time for which application threads were stopped: 0.0046813 seconds, Stopping threads took: 0.0000288 seconds
2.757: [GC (Allocation Failure)  382729K->68971K(1034240K), 0.0036913 secs]
2.761: Total time for which application threads were stopped: 0.0038225 seconds, Stopping threads took: 0.0000188 seconds
2.824: [GC (Allocation Failure)  389483K->68971K(1034240K), 0.0037048 secs]
2.828: Total time for which application threads were stopped: 0.0038374 seconds, Stopping threads took: 0.0000191 seconds
2.890: [GC (Allocation Failure)  389483K->69419K(1034240K), 0.0045874 secs]
2.895: Total time for which application threads were stopped: 0.0047408 seconds, Stopping threads took: 0.0000241 seconds
2.961: [GC (Allocation Failure)  389931K->77006K(1034240K), 0.0035128 secs]
2.965: Total time for which application threads were stopped: 0.0036400 seconds, Stopping threads took: 0.0000247 seconds
3.031: [GC (Allocation Failure)  397518K->77006K(1034240K), 0.0035740 secs]
3.035: Total time for which application threads were stopped: 0.0037111 seconds, Stopping threads took: 0.0000274 seconds
3.097: [GC (Allocation Failure)  397518K->77638K(1020928K), 0.0047046 secs]
3.102: Total time for which application threads were stopped: 0.0048524 seconds, Stopping threads took: 0.0000269 seconds
3.168: [GC (Allocation Failure)  398150K->85032K(1033728K), 0.0036932 secs]
3.171: Total time for which application threads were stopped: 0.0038424 seconds, Stopping threads took: 0.0000190 seconds
3.236: [GC (Allocation Failure)  404520K->85064K(1033728K), 0.0036430 secs]
3.240: Total time for which application threads were stopped: 0.0037637 seconds, Stopping threads took: 0.0000190 seconds
3.302: [GC (Allocation Failure)  404552K->85896K(1033728K), 0.0045884 secs]
3.307: Total time for which application threads were stopped: 0.0047355 seconds, Stopping threads took: 0.0000237 seconds
3.373: [GC (Allocation Failure)  405384K->93098K(1033728K), 0.0037102 secs]
3.377: Total time for which application threads were stopped: 0.0038566 seconds, Stopping threads took: 0.0000170 seconds
3.441: [GC (Allocation Failure)  412586K->93066K(1033728K), 0.0036630 secs]
3.444: Total time for which application threads were stopped: 0.0038042 seconds, Stopping threads took: 0.0000265 seconds
3.506: [GC (Allocation Failure)  412554K->94154K(1033728K), 0.0045309 secs]
3.511: Total time for which application threads were stopped: 0.0046751 seconds, Stopping threads took: 0.0000272 seconds
3.574: [GC (Allocation Failure)  413642K->101101K(1033728K), 0.0037513 secs]
3.578: Total time for which application threads were stopped: 0.0038840 seconds, Stopping threads took: 0.0000185 seconds
3.641: [GC (Allocation Failure)  420589K->101101K(1033728K), 0.0035820 secs]
3.644: Total time for which application threads were stopped: 0.0037194 seconds, Stopping threads took: 0.0000188 seconds
3.709: [GC (Allocation Failure)  420589K->101357K(1033728K), 0.0045072 secs]
3.713: Total time for which application threads were stopped: 0.0046384 seconds, Stopping threads took: 0.0000195 seconds
3.778: [GC (Allocation Failure)  420845K->109135K(1033728K), 0.0035765 secs]
3.782: Total time for which application threads were stopped: 0.0037069 seconds, Stopping threads took: 0.0000154 seconds
3.846: [GC (Allocation Failure)  428623K->109167K(1033728K), 0.0036400 secs]
3.850: Total time for which application threads were stopped: 0.0037634 seconds, Stopping threads took: 0.0000176 seconds
3.911: [GC (Allocation Failure)  428655K->109583K(1033728K), 0.0046654 secs]
3.916: Total time for which application threads were stopped: 0.0047941 seconds, Stopping threads took: 0.0000175 seconds
3.981: [GC (Allocation Failure)  429071K->117201K(1033728K), 0.0035255 secs]
3.984: Total time for which application threads were stopped: 0.0036558 seconds, Stopping threads took: 0.0000185 seconds
4.046: [GC (Allocation Failure)  436689K->117201K(1033728K), 0.0037300 secs]
4.050: Total time for which application threads were stopped: 0.0038569 seconds, Stopping threads took: 0.0000181 seconds
4.060: Total time for which application threads were stopped: 0.0001098 seconds, Stopping threads took: 0.0000481 seconds
4.112: [GC (Allocation Failure)  436689K->117289K(1032704K), 0.0045204 secs]
4.117: Total time for which application threads were stopped: 0.0046368 seconds, Stopping threads took: 0.0000172 seconds
4.182: [GC (Allocation Failure)  435753K->125195K(1033216K), 0.0037405 secs]
4.186: Total time for which application threads were stopped: 0.0038561 seconds, Stopping threads took: 0.0000156 seconds
4.248: [GC (Allocation Failure)  443659K->125227K(1033216K), 0.0038738 secs]
4.252: Total time for which application threads were stopped: 0.0040012 seconds, Stopping threads took: 0.0000187 seconds
4.312: [GC (Allocation Failure)  443691K->125251K(1033216K), 0.0069522 secs]
4.319: Total time for which application threads were stopped: 0.0070875 seconds, Stopping threads took: 0.0000193 seconds
4.387: [GC (Allocation Failure)  443715K->133222K(1033216K), 0.0039096 secs]
4.391: Total time for which application threads were stopped: 0.0040618 seconds, Stopping threads took: 0.0000184 seconds
4.459: [GC (Allocation Failure)  451686K->133222K(1033216K), 0.0037341 secs]
4.463: Total time for which application threads were stopped: 0.0038874 seconds, Stopping threads took: 0.0000270 seconds
4.524: [GC (Allocation Failure)  451686K->133254K(1033216K), 0.0047669 secs]
4.529: Total time for which application threads were stopped: 0.0049058 seconds, Stopping threads took: 0.0000209 seconds
4.595: [GC (Allocation Failure)  451718K->141288K(1033216K), 0.0037700 secs]
4.598: Total time for which application threads were stopped: 0.0039023 seconds, Stopping threads took: 0.0000199 seconds
4.660: [GC (Allocation Failure)  459752K->141256K(1033216K), 0.0036079 secs]
4.664: Total time for which application threads were stopped: 0.0037501 seconds, Stopping threads took: 0.0000197 seconds
4.725: [GC (Allocation Failure)  459720K->141448K(1033216K), 0.0046695 secs]
4.730: Total time for which application threads were stopped: 0.0048008 seconds, Stopping threads took: 0.0000192 seconds
4.791: [GC (Allocation Failure)  459912K->149290K(1033216K), 0.0038756 secs]
4.795: Total time for which application threads were stopped: 0.0040010 seconds, Stopping threads took: 0.0000188 seconds
4.857: [GC (Allocation Failure)  467750K->145384K(1033216K), 0.0029131 secs]
4.860: Total time for which application threads were stopped: 0.0030465 seconds, Stopping threads took: 0.0000175 seconds
4.923: [GC (Allocation Failure)  463848K->149418K(1034752K), 0.0042570 secs]
4.927: Total time for which application threads were stopped: 0.0043851 seconds, Stopping threads took: 0.0000180 seconds
4.990: [GC (Allocation Failure)  469930K->153386K(1033728K), 0.0036454 secs]
4.994: Total time for which application threads were stopped: 0.0037873 seconds, Stopping threads took: 0.0000237 seconds
5.059: [GC (Allocation Failure)  473898K->145608K(1034240K), 0.0010387 secs]
5.060: Total time for which application threads were stopped: 0.0011656 seconds, Stopping threads took: 0.0000183 seconds
5.123: [GC (Allocation Failure)  466120K->153490K(1034240K), 0.0036617 secs]
5.127: Total time for which application threads were stopped: 0.0037806 seconds, Stopping threads took: 0.0000195 seconds
5.192: [GC (Allocation Failure)  474002K->157602K(1033216K), 0.0054958 secs]
5.198: Total time for which application threads were stopped: 0.0056229 seconds, Stopping threads took: 0.0000179 seconds
5.259: [GC (Allocation Failure)  477090K->163296K(1032704K), 0.0062426 secs]
5.265: Total time for which application threads were stopped: 0.0063791 seconds, Stopping threads took: 0.0000253 seconds
5.329: [GC (Allocation Failure)  482784K->157858K(1031680K), 0.0040167 secs]
5.333: Total time for which application threads were stopped: 0.0041622 seconds, Stopping threads took: 0.0000194 seconds
5.399: [GC (Allocation Failure)  474274K->157602K(1032192K), 0.0041890 secs]
5.404: Total time for which application threads were stopped: 0.0043712 seconds, Stopping threads took: 0.0000186 seconds
5.468: [GC (Allocation Failure)  474018K->152224K(1032704K), 0.0016713 secs]
5.470: Total time for which application threads were stopped: 0.0018054 seconds, Stopping threads took: 0.0000193 seconds
5.540: [GC (Allocation Failure)  469664K->157762K(1032704K), 0.0037603 secs]
5.544: Total time for which application threads were stopped: 0.0038922 seconds, Stopping threads took: 0.0000193 seconds
5.612: [GC (Allocation Failure)  475202K->157570K(1033216K), 0.0037611 secs]
5.616: Total time for which application threads were stopped: 0.0038838 seconds, Stopping threads took: 0.0000179 seconds
5.678: [GC (Allocation Failure)  475522K->157930K(1032704K), 0.0047802 secs]
5.683: Total time for which application threads were stopped: 0.0049160 seconds, Stopping threads took: 0.0000192 seconds
5.749: [GC (Allocation Failure)  475882K->165740K(1033216K), 0.0038864 secs]
5.753: Total time for which application threads were stopped: 0.0040187 seconds, Stopping threads took: 0.0000199 seconds
5.816: [GC (Allocation Failure)  484204K->165612K(1033216K), 0.0037772 secs]
5.820: Total time for which application threads were stopped: 0.0039165 seconds, Stopping threads took: 0.0000184 seconds
5.882: [GC (Allocation Failure)  484076K->169740K(1033728K), 0.0053187 secs]
5.887: Total time for which application threads were stopped: 0.0054561 seconds, Stopping threads took: 0.0000203 seconds
5.950: [GC (Allocation Failure)  488716K->173743K(1033216K), 0.0038382 secs]
5.954: Total time for which application threads were stopped: 0.0039744 seconds, Stopping threads took: 0.0000252 seconds
6.017: [GC (Allocation Failure)  492719K->173647K(1034240K), 0.0037577 secs]
6.021: Total time for which application threads were stopped: 0.0038995 seconds, Stopping threads took: 0.0000243 seconds
6.086: [GC (Allocation Failure)  493647K->176431K(1033728K), 0.0048729 secs]
6.091: Total time for which application threads were stopped: 0.0050149 seconds, Stopping threads took: 0.0000259 seconds
6.154: [GC (Allocation Failure)  496431K->181713K(1034240K), 0.0037224 secs]
6.158: Total time for which application threads were stopped: 0.0038576 seconds, Stopping threads took: 0.0000188 seconds
6.223: [GC (Allocation Failure)  502225K->181681K(1034240K), 0.0037682 secs]
6.227: Total time for which application threads were stopped: 0.0039018 seconds, Stopping threads took: 0.0000177 seconds
6.289: [GC (Allocation Failure)  502193K->182089K(1034240K), 0.0047818 secs]
6.294: Total time for which application threads were stopped: 0.0049496 seconds, Stopping threads took: 0.0000242 seconds
6.361: [GC (Allocation Failure)  502601K->189739K(1034240K), 0.0046726 secs]
6.365: Total time for which application threads were stopped: 0.0047888 seconds, Stopping threads took: 0.0000243 seconds
6.433: [GC (Allocation Failure)  510251K->189707K(1034240K), 0.0038130 secs]
6.436: Total time for which application threads were stopped: 0.0040118 seconds, Stopping threads took: 0.0000257 seconds
6.501: [GC (Allocation Failure)  510219K->192395K(1034240K), 0.0049280 secs]
6.506: Total time for which application threads were stopped: 0.0051113 seconds, Stopping threads took: 0.0000284 seconds
6.572: [GC (Allocation Failure)  512907K->197773K(1034240K), 0.0038706 secs]
6.576: Total time for which application threads were stopped: 0.0039987 seconds, Stopping threads took: 0.0000192 seconds
6.641: [GC (Allocation Failure)  518285K->197741K(1034240K), 0.0039595 secs]
6.645: Total time for which application threads were stopped: 0.0040973 seconds, Stopping threads took: 0.0000190 seconds
6.707: [GC (Allocation Failure)  518253K->198573K(1033728K), 0.0048126 secs]
6.712: Total time for which application threads were stopped: 0.0049612 seconds, Stopping threads took: 0.0000193 seconds
6.778: [GC (Allocation Failure)  519085K->205872K(1034240K), 0.0037900 secs]
6.782: Total time for which application threads were stopped: 0.0039099 seconds, Stopping threads took: 0.0000165 seconds
6.846: [GC (Allocation Failure)  526384K->205776K(1034240K), 0.0042177 secs]
6.851: Total time for which application threads were stopped: 0.0043680 seconds, Stopping threads took: 0.0000193 seconds
6.915: [GC (Allocation Failure)  526288K->208872K(1034240K), 0.0049128 secs]
6.920: Total time for which application threads were stopped: 0.0050553 seconds, Stopping threads took: 0.0000274 seconds
6.986: [GC (Allocation Failure)  529384K->213898K(1034752K), 0.0038878 secs]
6.990: Total time for which application threads were stopped: 0.0040270 seconds, Stopping threads took: 0.0000262 seconds
7.053: [GC (Allocation Failure)  535434K->213834K(1034752K), 0.0037781 secs]
7.057: Total time for which application threads were stopped: 0.0039111 seconds, Stopping threads took: 0.0000191 seconds
7.118: [GC (Allocation Failure)  535370K->217098K(1034752K), 0.0050252 secs]
7.123: Total time for which application threads were stopped: 0.0051957 seconds, Stopping threads took: 0.0000198 seconds
7.187: [GC (Allocation Failure)  538634K->221804K(1034752K), 0.0041290 secs]
7.192: Total time for which application threads were stopped: 0.0043039 seconds, Stopping threads took: 0.0000222 seconds
7.254: [GC (Allocation Failure)  543340K->221868K(1034752K), 0.0041889 secs]
7.258: Total time for which application threads were stopped: 0.0043395 seconds, Stopping threads took: 0.0000267 seconds
7.319: [GC (Allocation Failure)  543404K->222252K(1034752K), 0.0048962 secs]
7.324: Total time for which application threads were stopped: 0.0050329 seconds, Stopping threads took: 0.0000203 seconds
7.392: [GC (Allocation Failure)  543788K->229839K(1034752K), 0.0042545 secs]
7.397: Total time for which application threads were stopped: 0.0044218 seconds, Stopping threads took: 0.0000197 seconds
7.464: [GC (Allocation Failure)  551375K->229839K(1034752K), 0.0041048 secs]
7.469: Total time for which application threads were stopped: 0.0042720 seconds, Stopping threads took: 0.0000260 seconds
7.534: [GC (Allocation Failure)  551375K->231535K(1034752K), 0.0049435 secs]
7.539: Total time for which application threads were stopped: 0.0051321 seconds, Stopping threads took: 0.0000193 seconds
7.608: [GC (Allocation Failure)  553071K->237905K(1034752K), 0.0042121 secs]
7.613: Total time for which application threads were stopped: 0.0043918 seconds, Stopping threads took: 0.0000200 seconds
7.678: [GC (Allocation Failure)  559441K->237905K(1034752K), 0.0042240 secs]
7.683: Total time for which application threads were stopped: 0.0043706 seconds, Stopping threads took: 0.0000171 seconds
7.748: [GC (Allocation Failure)  559441K->240777K(1034752K), 0.0058169 secs]
7.754: Total time for which application threads were stopped: 0.0059967 seconds, Stopping threads took: 0.0000191 seconds
7.820: [GC (Allocation Failure)  562313K->246027K(1034752K), 0.0041492 secs]
7.824: Total time for which application threads were stopped: 0.0043142 seconds, Stopping threads took: 0.0000197 seconds
7.891: [GC (Allocation Failure)  567563K->245931K(1034752K), 0.0041893 secs]
7.896: Total time for which application threads were stopped: 0.0043485 seconds, Stopping threads took: 0.0000191 seconds
7.961: [GC (Allocation Failure)  567467K->250027K(1035264K), 0.0054499 secs]
7.966: Total time for which application threads were stopped: 0.0056113 seconds, Stopping threads took: 0.0000261 seconds
8.034: [GC (Allocation Failure)  572075K->253997K(1034752K), 0.0040820 secs]
8.038: Total time for which application threads were stopped: 0.0042374 seconds, Stopping threads took: 0.0000195 seconds
8.107: [GC (Allocation Failure)  576045K->253997K(1035264K), 0.0041989 secs]
8.112: Total time for which application threads were stopped: 0.0043660 seconds, Stopping threads took: 0.0000198 seconds
8.178: [GC (Allocation Failure)  576557K->257229K(1035264K), 0.0051756 secs]
8.183: Total time for which application threads were stopped: 0.0053571 seconds, Stopping threads took: 0.0000192 seconds
8.252: [GC (Allocation Failure)  579789K->262000K(1035264K), 0.0041577 secs]
8.256: Total time for which application threads were stopped: 0.0043110 seconds, Stopping threads took: 0.0000204 seconds
8.326: [GC (Allocation Failure)  584560K->262000K(1035264K), 0.0042950 secs]
8.330: Total time for which application threads were stopped: 0.0044552 seconds, Stopping threads took: 0.0000209 seconds
8.397: [GC (Allocation Failure)  584560K->265448K(1035264K), 0.0053582 secs]
8.403: Total time for which application threads were stopped: 0.0055243 seconds, Stopping threads took: 0.0000195 seconds
8.471: [GC (Allocation Failure)  588008K->270090K(1035264K), 0.0040326 secs]
8.475: Total time for which application threads were stopped: 0.0041959 seconds, Stopping threads took: 0.0000258 seconds
8.542: [GC (Allocation Failure)  592650K->270026K(1035264K), 0.0042358 secs]
8.547: Total time for which application threads were stopped: 0.0043949 seconds, Stopping threads took: 0.0000204 seconds
8.616: [GC (Allocation Failure)  592586K->273738K(1035264K), 0.0053953 secs]
8.621: Total time for which application threads were stopped: 0.0055702 seconds, Stopping threads took: 0.0000195 seconds
8.689: [GC (Allocation Failure)  596298K->278060K(1035776K), 0.0043202 secs]
8.694: Total time for which application threads were stopped: 0.0044742 seconds, Stopping threads took: 0.0000206 seconds
8.762: [GC (Allocation Failure)  601644K->278060K(1035776K), 0.0044130 secs]
8.766: Total time for which application threads were stopped: 0.0045771 seconds, Stopping threads took: 0.0000205 seconds
8.831: [GC (Allocation Failure)  601644K->279916K(1034752K), 0.0052156 secs]
8.836: Total time for which application threads were stopped: 0.0053593 seconds, Stopping threads took: 0.0000195 seconds
8.902: [GC (Allocation Failure)  602476K->286158K(1035264K), 0.0041860 secs]
8.906: Total time for which application threads were stopped: 0.0043203 seconds, Stopping threads took: 0.0000192 seconds
8.974: [GC (Allocation Failure)  608718K->286126K(1035264K), 0.0040518 secs]
8.978: Total time for which application threads were stopped: 0.0041896 seconds, Stopping threads took: 0.0000256 seconds
9.043: [GC (Allocation Failure)  608686K->288142K(1035264K), 0.0049687 secs]
9.048: Total time for which application threads were stopped: 0.0051077 seconds, Stopping threads took: 0.0000257 seconds
9.114: [GC (Allocation Failure)  610702K->294161K(1035264K), 0.0042609 secs]
9.119: Total time for which application threads were stopped: 0.0044387 seconds, Stopping threads took: 0.0000203 seconds
9.186: [GC (Allocation Failure)  616721K->294129K(1035264K), 0.0040901 secs]
9.190: Total time for which application threads were stopped: 0.0042329 seconds, Stopping threads took: 0.0000170 seconds
9.255: [GC (Allocation Failure)  616689K->288334K(1035264K), 0.0019182 secs]
9.257: Total time for which application threads were stopped: 0.0020610 seconds, Stopping threads took: 0.0000193 seconds
9.324: [GC (Allocation Failure)  610894K->294353K(1035264K), 0.0042505 secs]
9.329: Total time for which application threads were stopped: 0.0044009 seconds, Stopping threads took: 0.0000191 seconds
9.397: [GC (Allocation Failure)  616913K->294129K(1035264K), 0.0039784 secs]
9.401: Total time for which application threads were stopped: 0.0041355 seconds, Stopping threads took: 0.0000258 seconds
9.468: [GC (Allocation Failure)  616689K->292654K(1035264K), 0.0036442 secs]
9.472: Total time for which application threads were stopped: 0.0038116 seconds, Stopping threads took: 0.0000278 seconds
9.540: [GC (Allocation Failure)  615214K->294321K(1035776K), 0.0042689 secs]
9.544: Total time for which application threads were stopped: 0.0044269 seconds, Stopping threads took: 0.0000193 seconds
9.614: [GC (Allocation Failure)  617905K->294097K(1035776K), 0.0050496 secs]
9.619: Total time for which application threads were stopped: 0.0052167 seconds, Stopping threads took: 0.0000193 seconds
9.685: [GC (Allocation Failure)  617681K->298926K(1032704K), 0.0063961 secs]
9.692: Total time for which application threads were stopped: 0.0065442 seconds, Stopping threads took: 0.0000187 seconds
9.761: [GC (Allocation Failure)  619438K->294321K(1034240K), 0.0042345 secs]
9.765: Total time for which application threads were stopped: 0.0043973 seconds, Stopping threads took: 0.0000192 seconds
9.833: [GC (Allocation Failure)  614833K->294193K(1034752K), 0.0040328 secs]
9.837: Total time for which application threads were stopped: 0.0042018 seconds, Stopping threads took: 0.0000203 seconds
9.904: [GC (Allocation Failure)  615217K->297678K(1032192K), 0.0056095 secs]
9.910: Total time for which application threads were stopped: 0.0057713 seconds, Stopping threads took: 0.0000263 seconds
9.978: [GC (Allocation Failure)  618702K->294257K(1034752K), 0.0041893 secs]
9.982: Total time for which application threads were stopped: 0.0043511 seconds, Stopping threads took: 0.0000278 seconds
10.051: [GC (Allocation Failure)  614769K->294193K(1033728K), 0.0041429 secs]
10.056: Total time for which application threads were stopped: 0.0043167 seconds, Stopping threads took: 0.0000277 seconds
10.123: [GC (Allocation Failure)  614705K->296366K(1034240K), 0.0052106 secs]
10.128: Total time for which application threads were stopped: 0.0054068 seconds, Stopping threads took: 0.0000193 seconds
10.195: [GC (Allocation Failure)  617902K->294193K(1034752K), 0.0042740 secs]
10.200: Total time for which application threads were stopped: 0.0044360 seconds, Stopping threads took: 0.0000194 seconds
10.267: [GC (Allocation Failure)  615729K->294193K(1035776K), 0.0043208 secs]
10.271: Total time for which application threads were stopped: 0.0044867 seconds, Stopping threads took: 0.0000194 seconds
10.337: [GC (Allocation Failure)  617265K->299102K(1035264K), 0.0092448 secs]
10.346: Total time for which application threads were stopped: 0.0094100 seconds, Stopping threads took: 0.0000196 seconds
10.413: [GC (Allocation Failure)  622174K->294625K(1034240K), 0.0043488 secs]
10.417: Total time for which application threads were stopped: 0.0045209 seconds, Stopping threads took: 0.0000202 seconds
10.485: [GC (Allocation Failure)  616161K->294401K(1034752K), 0.0042755 secs]
10.489: Total time for which application threads were stopped: 0.0044402 seconds, Stopping threads took: 0.0000259 seconds
10.555: [GC (Allocation Failure)  615937K->302030K(1031168K), 0.0077529 secs]
10.563: Total time for which application threads were stopped: 0.0079498 seconds, Stopping threads took: 0.0000205 seconds
10.631: [GC (Allocation Failure)  620494K->296945K(1033216K), 0.0042178 secs]
10.635: Total time for which application threads were stopped: 0.0043671 seconds, Stopping threads took: 0.0000167 seconds
10.700: [GC (Allocation Failure)  615409K->296785K(1033728K), 0.0042895 secs]
10.705: Total time for which application threads were stopped: 0.0044743 seconds, Stopping threads took: 0.0000191 seconds
10.774: [GC (Allocation Failure)  616273K->297518K(1033728K), 0.0046167 secs]
10.779: Total time for which application threads were stopped: 0.0047748 seconds, Stopping threads took: 0.0000160 seconds
10.846: [GC (Allocation Failure)  617006K->296881K(1034752K), 0.0042527 secs]
10.850: Total time for which application threads were stopped: 0.0044292 seconds, Stopping threads took: 0.0000198 seconds
10.918: [GC (Allocation Failure)  617905K->296817K(1034240K), 0.0040523 secs]
10.922: Total time for which application threads were stopped: 0.0042249 seconds, Stopping threads took: 0.0000198 seconds
10.991: [GC (Allocation Failure)  617841K->295662K(1035264K), 0.0036556 secs]
10.994: Total time for which application threads were stopped: 0.0038227 seconds, Stopping threads took: 0.0000187 seconds
11.062: [GC (Allocation Failure)  618222K->296849K(1035264K), 0.0042713 secs]
11.066: Total time for which application threads were stopped: 0.0044603 seconds, Stopping threads took: 0.0000191 seconds
11.135: [GC (Allocation Failure)  619409K->296817K(1035776K), 0.0042283 secs]
11.140: Total time for which application threads were stopped: 0.0043946 seconds, Stopping threads took: 0.0000167 seconds
11.209: [GC (Allocation Failure)  619889K->300494K(1035264K), 0.0057803 secs]
11.214: Total time for which application threads were stopped: 0.0059731 seconds, Stopping threads took: 0.0000282 seconds
11.280: [GC (Allocation Failure)  623566K->296785K(1035264K), 0.0041725 secs]
11.285: Total time for which application threads were stopped: 0.0043516 seconds, Stopping threads took: 0.0000191 seconds
11.353: [GC (Allocation Failure)  619345K->296817K(1035264K), 0.0047302 secs]
11.358: Total time for which application threads were stopped: 0.0049371 seconds, Stopping threads took: 0.0000261 seconds
11.425: [GC (Allocation Failure)  619377K->288942K(1033728K), 0.0010986 secs]
11.427: Total time for which application threads were stopped: 0.0012082 seconds, Stopping threads took: 0.0000163 seconds
11.495: [GC (Allocation Failure)  610478K->297017K(1034752K), 0.0041148 secs]
11.499: Total time for which application threads were stopped: 0.0042901 seconds, Stopping threads took: 0.0000275 seconds
11.566: [GC (Allocation Failure)  618553K->300897K(1035776K), 0.0058891 secs]
11.572: Total time for which application threads were stopped: 0.0060463 seconds, Stopping threads took: 0.0000191 seconds
11.640: [GC (Allocation Failure)  623969K->295838K(1035264K), 0.0024860 secs]
11.642: Total time for which application threads were stopped: 0.0026354 seconds, Stopping threads took: 0.0000197 seconds
11.709: [GC (Allocation Failure)  618910K->301105K(1035264K), 0.0045140 secs]
11.713: Total time for which application threads were stopped: 0.0046817 seconds, Stopping threads took: 0.0000191 seconds
11.782: [GC (Allocation Failure)  623665K->305097K(1035264K), 0.0043073 secs]
11.786: Total time for which application threads were stopped: 0.0044749 seconds, Stopping threads took: 0.0000202 seconds
11.853: [GC (Allocation Failure)  627656K->301190K(1035776K), 0.0029672 secs]
11.856: Total time for which application threads were stopped: 0.0031291 seconds, Stopping threads took: 0.0000184 seconds
11.925: [GC (Allocation Failure)  624774K->305225K(1035776K), 0.0045905 secs]
11.930: Total time for which application threads were stopped: 0.0047586 seconds, Stopping threads took: 0.0000193 seconds
11.998: [GC (Allocation Failure)  628809K->309193K(1035776K), 0.0047937 secs]
12.003: Total time for which application threads were stopped: 0.0049657 seconds, Stopping threads took: 0.0000264 seconds
12.072: [GC (Allocation Failure)  632777K->309193K(1035776K), 0.0041038 secs]
12.076: Total time for which application threads were stopped: 0.0042708 seconds, Stopping threads took: 0.0000200 seconds
12.142: [GC (Allocation Failure)  632777K->309257K(1034752K), 0.0048662 secs]
12.147: Total time for which application threads were stopped: 0.0050599 seconds, Stopping threads took: 0.0000195 seconds
12.216: [GC (Allocation Failure)  631817K->317227K(1035264K), 0.0043340 secs]
12.221: Total time for which application threads were stopped: 0.0045290 seconds, Stopping threads took: 0.0000202 seconds
12.289: [GC (Allocation Failure)  639787K->317227K(1035264K), 0.0042996 secs]
12.293: Total time for which application threads were stopped: 0.0044570 seconds, Stopping threads took: 0.0000169 seconds
12.361: [GC (Allocation Failure)  639787K->317251K(1022464K), 0.0071390 secs]
12.368: Total time for which application threads were stopped: 0.0072874 seconds, Stopping threads took: 0.0000174 seconds
12.437: [GC (Allocation Failure)  639811K->325253K(1034752K), 0.0040153 secs]
12.441: Total time for which application threads were stopped: 0.0041928 seconds, Stopping threads took: 0.0000194 seconds
12.510: [GC (Allocation Failure)  646789K->325221K(1034752K), 0.0041496 secs]
12.514: Total time for which application threads were stopped: 0.0043104 seconds, Stopping threads took: 0.0000196 seconds
12.583: [GC (Allocation Failure)  646757K->325509K(1034752K), 0.0051584 secs]
12.588: Total time for which application threads were stopped: 0.0053157 seconds, Stopping threads took: 0.0000198 seconds
12.655: [GC (Allocation Failure)  647045K->333287K(1034752K), 0.0043570 secs]
12.659: Total time for which application threads were stopped: 0.0045346 seconds, Stopping threads took: 0.0000215 seconds
12.727: [GC (Allocation Failure)  654823K->333255K(1034752K), 0.0043415 secs]
12.731: Total time for which application threads were stopped: 0.0045303 seconds, Stopping threads took: 0.0000195 seconds
12.798: [GC (Allocation Failure)  654791K->333735K(1021440K), 0.0049748 secs]
12.803: Total time for which application threads were stopped: 0.0051431 seconds, Stopping threads took: 0.0000198 seconds
12.871: [GC (Allocation Failure)  655271K->341322K(1034240K), 0.0042461 secs]
12.876: Total time for which application threads were stopped: 0.0044060 seconds, Stopping threads took: 0.0000194 seconds
12.944: [GC (Allocation Failure)  661834K->341322K(1034240K), 0.0042303 secs]
12.948: Total time for which application threads were stopped: 0.0043901 seconds, Stopping threads took: 0.0000198 seconds
13.016: [GC (Allocation Failure)  661834K->341410K(1034240K), 0.0092285 secs]
13.025: Total time for which application threads were stopped: 0.0094198 seconds, Stopping threads took: 0.0000204 seconds
13.092: [GC (Allocation Failure)  661922K->349348K(1028096K), 0.0044252 secs]
13.097: Total time for which application threads were stopped: 0.0045801 seconds, Stopping threads took: 0.0000169 seconds
13.165: [GC (Allocation Failure)  669860K->349348K(1033728K), 0.0043204 secs]
13.169: Total time for which application threads were stopped: 0.0044822 seconds, Stopping threads took: 0.0000208 seconds
13.236: [GC (Allocation Failure)  668836K->349412K(1033728K), 0.0054538 secs]
13.242: Total time for which application threads were stopped: 0.0056276 seconds, Stopping threads took: 0.0000196 seconds
13.309: [GC (Allocation Failure)  668900K->357382K(1033728K), 0.0045116 secs]
13.314: Total time for which application threads were stopped: 0.0046949 seconds, Stopping threads took: 0.0000209 seconds
13.381: [GC (Allocation Failure)  676870K->357382K(1033728K), 0.0050722 secs]
13.386: Total time for which application threads were stopped: 0.0052426 seconds, Stopping threads took: 0.0000193 seconds
13.452: [GC (Allocation Failure)  676870K->357638K(1033728K), 0.0051002 secs]
13.457: Total time for which application threads were stopped: 0.0052751 seconds, Stopping threads took: 0.0000257 seconds
13.524: [GC (Allocation Failure)  677126K->365417K(1033728K), 0.0041999 secs]
13.528: Total time for which application threads were stopped: 0.0043627 seconds, Stopping threads took: 0.0000193 seconds
13.596: [GC (Allocation Failure)  684905K->365417K(1033728K), 0.0042523 secs]
13.601: Total time for which application threads were stopped: 0.0044353 seconds, Stopping threads took: 0.0000203 seconds
13.666: [GC (Allocation Failure)  684905K->365641K(1033728K), 0.0051885 secs]
13.671: Total time for which application threads were stopped: 0.0053894 seconds, Stopping threads took: 0.0000356 seconds
13.739: [GC (Allocation Failure)  685129K->373483K(1032704K), 0.0051659 secs]
13.744: Total time for which application threads were stopped: 0.0053579 seconds, Stopping threads took: 0.0000199 seconds
13.811: [GC (Allocation Failure)  691947K->369353K(1033216K), 0.0031527 secs]
13.815: Total time for which application threads were stopped: 0.0033087 seconds, Stopping threads took: 0.0000197 seconds
13.880: [GC (Allocation Failure)  687817K->373603K(1034752K), 0.0047148 secs]
13.885: Total time for which application threads were stopped: 0.0048745 seconds, Stopping threads took: 0.0000204 seconds
13.955: [GC (Allocation Failure)  694627K->377627K(1034240K), 0.0044169 secs]
13.960: Total time for which application threads were stopped: 0.0045846 seconds, Stopping threads took: 0.0000275 seconds
14.027: [GC (Allocation Failure)  698651K->370617K(1034752K), 0.0016901 secs]
14.029: Total time for which application threads were stopped: 0.0018218 seconds, Stopping threads took: 0.0000192 seconds
14.097: [GC (Allocation Failure)  692153K->377683K(1034752K), 0.0044565 secs]
14.102: Total time for which application threads were stopped: 0.0046237 seconds, Stopping threads took: 0.0000196 seconds
14.168: [GC (Allocation Failure)  699219K->381739K(1034752K), 0.0056377 secs]
14.174: Total time for which application threads were stopped: 0.0058145 seconds, Stopping threads took: 0.0000191 seconds
14.240: [GC (Allocation Failure)  703275K->375945K(1034752K), 0.0023405 secs]
14.243: Total time for which application threads were stopped: 0.0024848 seconds, Stopping threads took: 0.0000199 seconds
14.308: [GC (Allocation Failure)  697481K->381779K(1035264K), 0.0045530 secs]
14.313: Total time for which application threads were stopped: 0.0047530 seconds, Stopping threads took: 0.0000200 seconds
14.383: [GC (Allocation Failure)  703827K->385891K(1034752K), 0.0049154 secs]
14.388: Total time for which application threads were stopped: 0.0050846 seconds, Stopping threads took: 0.0000199 seconds
14.455: [GC (Allocation Failure)  707939K->381953K(1035776K), 0.0029564 secs]
14.459: Total time for which application threads were stopped: 0.0031136 seconds, Stopping threads took: 0.0000262 seconds
14.526: [GC (Allocation Failure)  705025K->386027K(1035264K), 0.0047322 secs]
14.531: Total time for which application threads were stopped: 0.0049254 seconds, Stopping threads took: 0.0000198 seconds
14.601: [GC (Allocation Failure)  709099K->390059K(1035264K), 0.0042913 secs]
14.606: Total time for which application threads were stopped: 0.0044390 seconds, Stopping threads took: 0.0000171 seconds
14.674: [GC (Allocation Failure)  713643K->390027K(1035776K), 0.0043668 secs]
14.678: Total time for which application threads were stopped: 0.0045323 seconds, Stopping threads took: 0.0000197 seconds
14.744: [GC (Allocation Failure)  713611K->390091K(1034752K), 0.0051562 secs]
14.749: Total time for which application threads were stopped: 0.0053155 seconds, Stopping threads took: 0.0000186 seconds
14.817: [GC (Allocation Failure)  712651K->398061K(1035264K), 0.0046128 secs]
14.822: Total time for which application threads were stopped: 0.0047899 seconds, Stopping threads took: 0.0000275 seconds
14.890: [GC (Allocation Failure)  720621K->398061K(1034240K), 0.0044242 secs]
14.894: Total time for which application threads were stopped: 0.0045861 seconds, Stopping threads took: 0.0000201 seconds
14.962: [GC (Allocation Failure)  719597K->398125K(1034752K), 0.0051123 secs]
14.968: Total time for which application threads were stopped: 0.0052966 seconds, Stopping threads took: 0.0000250 seconds
15.035: [GC (Allocation Failure)  719661K->406095K(1033728K), 0.0045477 secs]
15.040: Total time for which application threads were stopped: 0.0047255 seconds, Stopping threads took: 0.0000272 seconds
15.108: [GC (Allocation Failure)  726607K->406095K(1034240K), 0.0042870 secs]
15.113: Total time for which application threads were stopped: 0.0044495 seconds, Stopping threads took: 0.0000203 seconds
15.180: [GC (Allocation Failure)  726607K->406351K(1034240K), 0.0053351 secs]
15.185: Total time for which application threads were stopped: 0.0055048 seconds, Stopping threads took: 0.0000205 seconds
15.253: [GC (Allocation Failure)  726863K->414130K(1034240K), 0.0043208 secs]
15.258: Total time for which application threads were stopped: 0.0045018 seconds, Stopping threads took: 0.0000210 seconds
15.325: [GC (Allocation Failure)  734642K->414130K(1034240K), 0.0043831 secs]
15.330: Total time for which application threads were stopped: 0.0045647 seconds, Stopping threads took: 0.0000204 seconds
15.397: [GC (Allocation Failure)  734642K->414570K(1020416K), 0.0053835 secs]
15.402: Total time for which application threads were stopped: 0.0055524 seconds, Stopping threads took: 0.0000196 seconds
15.470: [GC (Allocation Failure)  735082K->422188K(1033728K), 0.0044112 secs]
15.474: Total time for which application threads were stopped: 0.0045877 seconds, Stopping threads took: 0.0000262 seconds
15.540: [GC (Allocation Failure)  741676K->422156K(1033728K), 0.0043553 secs]
15.544: Total time for which application threads were stopped: 0.0045385 seconds, Stopping threads took: 0.0000212 seconds
15.612: [GC (Allocation Failure)  741644K->422276K(1033728K), 0.0054631 secs]
15.618: Total time for which application threads were stopped: 0.0056410 seconds, Stopping threads took: 0.0000216 seconds
15.686: [GC (Allocation Failure)  741764K->430214K(1033728K), 0.0044431 secs]
15.690: Total time for which application threads were stopped: 0.0046254 seconds, Stopping threads took: 0.0000171 seconds
15.757: [GC (Allocation Failure)  749700K->426308K(1034240K), 0.0032630 secs]
15.761: Total time for which application threads were stopped: 0.0034689 seconds, Stopping threads took: 0.0000196 seconds
15.831: [GC (Allocation Failure)  746308K->430350K(1033728K), 0.0046185 secs]
15.836: Total time for which application threads were stopped: 0.0048118 seconds, Stopping threads took: 0.0000197 seconds
15.903: [GC (Allocation Failure)  750350K->434318K(1034752K), 0.0045869 secs]
15.907: Total time for which application threads were stopped: 0.0047442 seconds, Stopping threads took: 0.0000191 seconds
15.975: [GC (Allocation Failure)  755854K->428556K(1034752K), 0.0023170 secs]
15.977: Total time for which application threads were stopped: 0.0024697 seconds, Stopping threads took: 0.0000274 seconds
16.045: [GC (Allocation Failure)  750092K->434382K(1035776K), 0.0047365 secs]
16.050: Total time for which application threads were stopped: 0.0048994 seconds, Stopping threads took: 0.0000190 seconds
16.117: [GC (Allocation Failure)  756942K->438486K(1034752K), 0.0049860 secs]
16.122: Total time for which application threads were stopped: 0.0051492 seconds, Stopping threads took: 0.0000200 seconds
16.188: [GC (Allocation Failure)  760784K->434516K(1035776K), 0.0035634 secs]
16.191: Total time for which application threads were stopped: 0.0037301 seconds, Stopping threads took: 0.0000193 seconds
16.258: [GC (Allocation Failure)  757588K->438614K(1035264K), 0.0061113 secs]
16.264: Total time for which application threads were stopped: 0.0062616 seconds, Stopping threads took: 0.0000202 seconds
16.330: [GC (Allocation Failure)  761686K->442582K(1035264K), 0.0044489 secs]
16.334: Total time for which application threads were stopped: 0.0046025 seconds, Stopping threads took: 0.0000194 seconds
16.403: [GC (Allocation Failure)  766166K->442582K(1035776K), 0.0044349 secs]
16.407: Total time for which application threads were stopped: 0.0045958 seconds, Stopping threads took: 0.0000196 seconds
16.473: [GC (Allocation Failure)  766166K->442638K(1034752K), 0.0053325 secs]
16.479: Total time for which application threads were stopped: 0.0055059 seconds, Stopping threads took: 0.0000278 seconds
16.549: [GC (Allocation Failure)  765198K->450640K(1035264K), 0.0045318 secs]
16.553: Total time for which application threads were stopped: 0.0046826 seconds, Stopping threads took: 0.0000164 seconds
16.620: [GC (Allocation Failure)  773200K->450640K(1034240K), 0.0044102 secs]
16.624: Total time for which application threads were stopped: 0.0046063 seconds, Stopping threads took: 0.0000162 seconds
16.693: [GC (Allocation Failure)  772176K->450664K(1034752K), 0.0052733 secs]
16.698: Total time for which application threads were stopped: 0.0054221 seconds, Stopping threads took: 0.0000168 seconds
16.765: [GC (Allocation Failure)  772200K->458667K(1033728K), 0.0046013 secs]
16.769: Total time for which application threads were stopped: 0.0047718 seconds, Stopping threads took: 0.0000201 seconds
16.837: [GC (Allocation Failure)  779179K->458667K(1034240K), 0.0042181 secs]
16.842: Total time for which application threads were stopped: 0.0044024 seconds, Stopping threads took: 0.0000217 seconds
16.910: [GC (Allocation Failure)  779179K->458891K(1034240K), 0.0055326 secs]
16.916: Total time for which application threads were stopped: 0.0056941 seconds, Stopping threads took: 0.0000204 seconds
16.984: [GC (Allocation Failure)  779403K->466701K(1034240K), 0.0044586 secs]
16.988: Total time for which application threads were stopped: 0.0046394 seconds, Stopping threads took: 0.0000259 seconds
17.055: [GC (Allocation Failure)  787213K->466669K(1033216K), 0.0052179 secs]
17.060: Total time for which application threads were stopped: 0.0053906 seconds, Stopping threads took: 0.0000214 seconds
17.126: [GC (Allocation Failure)  786157K->466821K(1033728K), 0.0054014 secs]
17.131: Total time for which application threads were stopped: 0.0055594 seconds, Stopping threads took: 0.0000192 seconds
17.199: [GC (Allocation Failure)  786309K->474695K(1033728K), 0.0045426 secs]
17.203: Total time for which application threads were stopped: 0.0047143 seconds, Stopping threads took: 0.0000196 seconds
17.271: [GC (Allocation Failure)  794183K->474695K(1033728K), 0.0130149 secs]
17.284: Total time for which application threads were stopped: 0.0132060 seconds, Stopping threads took: 0.0000193 seconds
17.351: [GC (Allocation Failure)  794183K->474783K(1033728K), 0.0060544 secs]
17.357: Total time for which application threads were stopped: 0.0062739 seconds, Stopping threads took: 0.0000278 seconds
17.425: [GC (Allocation Failure)  794271K->482753K(1033728K), 0.0044191 secs]
17.429: Total time for which application threads were stopped: 0.0045842 seconds, Stopping threads took: 0.0000192 seconds
17.496: [GC (Allocation Failure)  802240K->478815K(1034240K), 0.0033664 secs]
17.500: Total time for which application threads were stopped: 0.0035678 seconds, Stopping threads took: 0.0000199 seconds
17.567: [GC (Allocation Failure)  798815K->482889K(1033728K), 0.0049728 secs]
17.572: Total time for which application threads were stopped: 0.0051301 seconds, Stopping threads took: 0.0000193 seconds
17.638: [GC (Allocation Failure)  802889K->486857K(1034752K), 0.0046793 secs]
17.643: Total time for which application threads were stopped: 0.0048446 seconds, Stopping threads took: 0.0000188 seconds
17.710: [GC (Allocation Failure)  808393K->481095K(1034752K), 0.0032316 secs]
17.713: Total time for which application threads were stopped: 0.0033797 seconds, Stopping threads took: 0.0000190 seconds
17.784: [GC (Allocation Failure)  802631K->486921K(1035264K), 0.0047628 secs]
17.789: Total time for which application threads were stopped: 0.0049494 seconds, Stopping threads took: 0.0000198 seconds
17.855: [GC (Allocation Failure)  808969K->491033K(1034752K), 0.0050302 secs]
17.860: Total time for which application threads were stopped: 0.0051973 seconds, Stopping threads took: 0.0000195 seconds
17.926: [GC (Allocation Failure)  812819K->487095K(1035776K), 0.0036852 secs]
17.930: Total time for which application threads were stopped: 0.0038719 seconds, Stopping threads took: 0.0000193 seconds
18.000: [GC (Allocation Failure)  810167K->491153K(1035264K), 0.0047597 secs]
18.005: Total time for which application threads were stopped: 0.0049158 seconds, Stopping threads took: 0.0000250 seconds
18.073: [GC (Allocation Failure)  814225K->495153K(1035264K), 0.0044227 secs]
18.077: Total time for which application threads were stopped: 0.0046016 seconds, Stopping threads took: 0.0000198 seconds
18.146: [GC (Allocation Failure)  818737K->495121K(1035776K), 0.0048359 secs]
18.151: Total time for which application threads were stopped: 0.0050067 seconds, Stopping threads took: 0.0000200 seconds
18.219: [GC (Allocation Failure)  818705K->495177K(1034752K), 0.0053718 secs]
18.224: Total time for which application threads were stopped: 0.0055350 seconds, Stopping threads took: 0.0000201 seconds
18.292: [GC (Allocation Failure)  817737K->503148K(1035264K), 0.0047251 secs]
18.297: Total time for which application threads were stopped: 0.0049194 seconds, Stopping threads took: 0.0000205 seconds
18.365: [GC (Allocation Failure)  825708K->503148K(1034240K), 0.0045402 secs]
18.370: Total time for which application threads were stopped: 0.0046755 seconds, Stopping threads took: 0.0000155 seconds
18.437: [GC (Allocation Failure)  824684K->503212K(1034752K), 0.0057317 secs]
18.443: Total time for which application threads were stopped: 0.0058866 seconds, Stopping threads took: 0.0000191 seconds
18.509: [GC (Allocation Failure)  824748K->511214K(1033728K), 0.0048369 secs]
18.514: Total time for which application threads were stopped: 0.0050274 seconds, Stopping threads took: 0.0000199 seconds
18.584: [GC (Allocation Failure)  831726K->511214K(1034240K), 0.0045229 secs]
18.588: Total time for which application threads were stopped: 0.0046726 seconds, Stopping threads took: 0.0000167 seconds
18.655: [GC (Allocation Failure)  831726K->511430K(1034240K), 0.0056527 secs]
18.661: Total time for which application threads were stopped: 0.0058202 seconds, Stopping threads took: 0.0000203 seconds
18.727: [GC (Allocation Failure)  831942K->519208K(1034240K), 0.0048811 secs]
18.732: Total time for which application threads were stopped: 0.0050420 seconds, Stopping threads took: 0.0000196 seconds
18.799: [GC (Allocation Failure)  839720K->519208K(1034240K), 0.0045674 secs]
18.804: Total time for which application threads were stopped: 0.0047576 seconds, Stopping threads took: 0.0000198 seconds
18.873: [GC (Allocation Failure)  839720K->519656K(1020416K), 0.0053473 secs]
18.878: Total time for which application threads were stopped: 0.0055100 seconds, Stopping threads took: 0.0000198 seconds
18.946: [GC (Allocation Failure)  840168K->527243K(1033728K), 0.0047211 secs]
18.950: Total time for which application threads were stopped: 0.0048822 seconds, Stopping threads took: 0.0000264 seconds
19.019: [GC (Allocation Failure)  846731K->527275K(1033728K), 0.0046346 secs]
19.024: Total time for which application threads were stopped: 0.0047901 seconds, Stopping threads took: 0.0000169 seconds
19.089: [GC (Allocation Failure)  846763K->527403K(1033728K), 0.0054711 secs]
19.095: Total time for which application threads were stopped: 0.0056376 seconds, Stopping threads took: 0.0000189 seconds
19.164: [GC (Allocation Failure)  846891K->535309K(1033728K), 0.0045779 secs]
19.169: Total time for which application threads were stopped: 0.0047541 seconds, Stopping threads took: 0.0000198 seconds
19.236: [GC (Allocation Failure)  854795K->531339K(1034240K), 0.0034897 secs]
19.239: Total time for which application threads were stopped: 0.0036641 seconds, Stopping threads took: 0.0000220 seconds
19.307: [GC (Allocation Failure)  851339K->535437K(1033728K), 0.0050687 secs]
19.312: Total time for which application threads were stopped: 0.0052311 seconds, Stopping threads took: 0.0000196 seconds
19.381: [GC (Allocation Failure)  855437K->539405K(1034752K), 0.0047971 secs]
19.386: Total time for which application threads were stopped: 0.0049571 seconds, Stopping threads took: 0.0000191 seconds
19.454: [GC (Allocation Failure)  860941K->533675K(1034752K), 0.0025212 secs]
19.457: Total time for which application threads were stopped: 0.0027038 seconds, Stopping threads took: 0.0000279 seconds
19.525: [GC (Allocation Failure)  855211K->539469K(1035776K), 0.0048977 secs]
19.530: Total time for which application threads were stopped: 0.0050777 seconds, Stopping threads took: 0.0000200 seconds
19.599: [GC (Allocation Failure)  862029K->543541K(1034752K), 0.0050258 secs]
19.604: Total time for which application threads were stopped: 0.0051959 seconds, Stopping threads took: 0.0000210 seconds
19.671: [GC (Allocation Failure)  865838K->539635K(1035776K), 0.0037773 secs]
19.675: Total time for which application threads were stopped: 0.0039467 seconds, Stopping threads took: 0.0000202 seconds
19.744: [GC (Allocation Failure)  862707K->543693K(1035264K), 0.0051622 secs]
19.749: Total time for which application threads were stopped: 0.0053410 seconds, Stopping threads took: 0.0000194 seconds
19.818: [GC (Allocation Failure)  866765K->547629K(1035264K), 0.0046860 secs]
19.823: Total time for which application threads were stopped: 0.0048550 seconds, Stopping threads took: 0.0000198 seconds
19.891: [GC (Allocation Failure)  871213K->547661K(1035776K), 0.0045667 secs]
19.895: Total time for which application threads were stopped: 0.0047463 seconds, Stopping threads took: 0.0000201 seconds
19.961: [GC (Allocation Failure)  871245K->547725K(1034752K), 0.0055017 secs]
19.967: Total time for which application threads were stopped: 0.0056716 seconds, Stopping threads took: 0.0000277 seconds
20.035: [GC (Allocation Failure)  870285K->555727K(1035264K), 0.0047676 secs]
20.040: Total time for which application threads were stopped: 0.0049505 seconds, Stopping threads took: 0.0000253 seconds
20.106: [GC (Allocation Failure)  878287K->555695K(1034240K), 0.0046074 secs]
20.111: Total time for which application threads were stopped: 0.0047745 seconds, Stopping threads took: 0.0000197 seconds
20.178: [GC (Allocation Failure)  877231K->555759K(1034752K), 0.0056686 secs]
20.184: Total time for which application threads were stopped: 0.0058542 seconds, Stopping threads took: 0.0000199 seconds
20.251: [GC (Allocation Failure)  877295K->563729K(1034752K), 0.0047253 secs]
20.256: Total time for which application threads were stopped: 0.0049024 seconds, Stopping threads took: 0.0000198 seconds
20.325: [GC (Allocation Failure)  885265K->563761K(1029120K), 0.0045608 secs]
20.330: Total time for which application threads were stopped: 0.0047203 seconds, Stopping threads took: 0.0000195 seconds
20.396: [GC (Allocation Failure)  885297K->563945K(1034240K), 0.0056077 secs]
20.401: Total time for which application threads were stopped: 0.0057730 seconds, Stopping threads took: 0.0000194 seconds
20.470: [GC (Allocation Failure)  884457K->571788K(1034240K), 0.0047701 secs]
20.474: Total time for which application threads were stopped: 0.0049335 seconds, Stopping threads took: 0.0000260 seconds
20.542: [GC (Allocation Failure)  892300K->571788K(1033216K), 0.0048979 secs]
20.547: Total time for which application threads were stopped: 0.0050576 seconds, Stopping threads took: 0.0000191 seconds
20.613: [GC (Allocation Failure)  891276K->572196K(1033728K), 0.0056844 secs]
20.619: Total time for which application threads were stopped: 0.0058485 seconds, Stopping threads took: 0.0000191 seconds
20.688: [GC (Allocation Failure)  891684K->579814K(1033728K), 0.0048005 secs]
20.693: Total time for which application threads were stopped: 0.0049815 seconds, Stopping threads took: 0.0000192 seconds
20.760: [GC (Allocation Failure)  899302K->579782K(1033728K), 0.0049824 secs]
20.766: Total time for which application threads were stopped: 0.0051510 seconds, Stopping threads took: 0.0000197 seconds
20.830: [GC (Allocation Failure)  899270K->579942K(1033728K), 0.0057940 secs]
20.836: Total time for which application threads were stopped: 0.0059495 seconds, Stopping threads took: 0.0000187 seconds
20.903: [GC (Allocation Failure)  899430K->587848K(1033728K), 0.0047841 secs]
20.908: Total time for which application threads were stopped: 0.0049772 seconds, Stopping threads took: 0.0000190 seconds
20.977: [GC (Allocation Failure)  907334K->583942K(1034240K), 0.0036697 secs]
20.981: Total time for which application threads were stopped: 0.0038223 seconds, Stopping threads took: 0.0000202 seconds
21.048: [GC (Allocation Failure)  903942K->587976K(1033728K), 0.0050327 secs]
21.054: Total time for which application threads were stopped: 0.0051980 seconds, Stopping threads took: 0.0000202 seconds
21.120: [GC (Allocation Failure)  907976K->591976K(1034752K), 0.0048643 secs]
21.125: Total time for which application threads were stopped: 0.0050239 seconds, Stopping threads took: 0.0000195 seconds
21.192: [GC (Allocation Failure)  913512K->586182K(1034752K), 0.0026749 secs]
21.195: Total time for which application threads were stopped: 0.0028240 seconds, Stopping threads took: 0.0000190 seconds
21.263: [GC (Allocation Failure)  907718K->592048K(1035264K), 0.0050407 secs]
21.268: Total time for which application threads were stopped: 0.0052013 seconds, Stopping threads took: 0.0000190 seconds
21.334: [GC (Allocation Failure)  914096K->596088K(1034752K), 0.0065055 secs]
21.341: Total time for which application threads were stopped: 0.0066579 seconds, Stopping threads took: 0.0000194 seconds
21.408: [GC (Allocation Failure)  917874K->592182K(1035776K), 0.0037477 secs]
21.411: Total time for which application threads were stopped: 0.0039384 seconds, Stopping threads took: 0.0000193 seconds
21.481: [GC (Allocation Failure)  915254K->596240K(1035264K), 0.0050345 secs]
21.486: Total time for which application threads were stopped: 0.0051867 seconds, Stopping threads took: 0.0000247 seconds
21.555: [GC (Allocation Failure)  919312K->600208K(1035264K), 0.0048470 secs]
21.560: Total time for which application threads were stopped: 0.0050229 seconds, Stopping threads took: 0.0000279 seconds
21.628: [GC (Allocation Failure)  923792K->600208K(1035776K), 0.0049602 secs]
21.633: Total time for which application threads were stopped: 0.0051213 seconds, Stopping threads took: 0.0000199 seconds
21.702: [GC (Allocation Failure)  923792K->600264K(1034752K), 0.0054700 secs]
21.707: Total time for which application threads were stopped: 0.0056252 seconds, Stopping threads took: 0.0000193 seconds
21.775: [GC (Allocation Failure)  922824K->608202K(1035264K), 0.0048986 secs]
21.780: Total time for which application threads were stopped: 0.0050671 seconds, Stopping threads took: 0.0000197 seconds
21.846: [GC (Allocation Failure)  930762K->608266K(1034240K), 0.0051085 secs]
21.851: Total time for which application threads were stopped: 0.0052726 seconds, Stopping threads took: 0.0000268 seconds
21.920: [GC (Allocation Failure)  929802K->608298K(1034752K), 0.0057174 secs]
21.926: Total time for which application threads were stopped: 0.0058869 seconds, Stopping threads took: 0.0000199 seconds
21.993: [GC (Allocation Failure)  929834K->616269K(1033728K), 0.0048649 secs]
21.998: Total time for which application threads were stopped: 0.0050579 seconds, Stopping threads took: 0.0000287 seconds
22.066: [GC (Allocation Failure)  936781K->616237K(1034240K), 0.0049112 secs]
22.071: Total time for which application threads were stopped: 0.0050718 seconds, Stopping threads took: 0.0000207 seconds
22.139: [GC (Allocation Failure)  936749K->616525K(1034240K), 0.0056620 secs]
22.145: Total time for which application threads were stopped: 0.0058581 seconds, Stopping threads took: 0.0000210 seconds
22.212: [GC (Allocation Failure)  937037K->624335K(1034240K), 0.0050352 secs]
22.217: Total time for which application threads were stopped: 0.0051950 seconds, Stopping threads took: 0.0000170 seconds
22.283: [GC (Allocation Failure)  944847K->624335K(1034240K), 0.0047914 secs]
22.288: Total time for which application threads were stopped: 0.0049637 seconds, Stopping threads took: 0.0000201 seconds
22.357: [GC (Allocation Failure)  944847K->624719K(1020416K), 0.0068269 secs]
22.364: Total time for which application threads were stopped: 0.0069769 seconds, Stopping threads took: 0.0000258 seconds
22.431: [GC (Allocation Failure)  945231K->632369K(1033728K), 0.0051395 secs]
22.436: Total time for which application threads were stopped: 0.0053081 seconds, Stopping threads took: 0.0000197 seconds
22.505: [GC (Allocation Failure)  951857K->632337K(1033728K), 0.0048493 secs]
22.510: Total time for which application threads were stopped: 0.0050238 seconds, Stopping threads took: 0.0000258 seconds
22.576: [GC (Allocation Failure)  951825K->632489K(1033728K), 0.0058041 secs]
22.582: Total time for which application threads were stopped: 0.0059734 seconds, Stopping threads took: 0.0000244 seconds
22.650: [GC (Allocation Failure)  951977K->640363K(1033728K), 0.0048498 secs]
22.655: Total time for which application threads were stopped: 0.0050201 seconds, Stopping threads took: 0.0000199 seconds
22.721: [GC (Allocation Failure)  959850K->636457K(1034240K), 0.0038031 secs]
22.725: Total time for which application threads were stopped: 0.0039753 seconds, Stopping threads took: 0.0000204 seconds
22.792: [GC (Allocation Failure)  956457K->640523K(1033728K), 0.0050845 secs]
22.798: Total time for which application threads were stopped: 0.0052436 seconds, Stopping threads took: 0.0000192 seconds
22.865: [GC (Allocation Failure)  960523K->644491K(1034752K), 0.0049772 secs]
22.871: Total time for which application threads were stopped: 0.0051552 seconds, Stopping threads took: 0.0000187 seconds
22.938: [GC (Allocation Failure)  966027K->638729K(1034752K), 0.0027699 secs]
22.941: Total time for which application threads were stopped: 0.0029220 seconds, Stopping threads took: 0.0000196 seconds
23.010: [GC (Allocation Failure)  960265K->644555K(1035776K), 0.0050533 secs]
23.015: Total time for which application threads were stopped: 0.0052343 seconds, Stopping threads took: 0.0000196 seconds
23.083: [GC (Allocation Failure)  967115K->648635K(1034752K), 0.0053362 secs]
23.089: Total time for which application threads were stopped: 0.0055050 seconds, Stopping threads took: 0.0000201 seconds
23.156: [GC (Allocation Failure)  970933K->644729K(1035776K), 0.0038334 secs]
23.160: Total time for which application threads were stopped: 0.0039958 seconds, Stopping threads took: 0.0000197 seconds
23.230: [GC (Allocation Failure)  967801K->648795K(1035264K), 0.0052797 secs]
23.235: Total time for which application threads were stopped: 0.0054392 seconds, Stopping threads took: 0.0000193 seconds
23.304: [GC (Allocation Failure)  971867K->652763K(1035264K), 0.0047407 secs]
23.309: Total time for which application threads were stopped: 0.0049023 seconds, Stopping threads took: 0.0000202 seconds
23.380: [GC (Allocation Failure)  976347K->652731K(1035776K), 0.0048180 secs]
23.385: Total time for which application threads were stopped: 0.0049895 seconds, Stopping threads took: 0.0000259 seconds
23.453: [GC (Allocation Failure)  976315K->652827K(1034752K), 0.0057438 secs]
23.459: Total time for which application threads were stopped: 0.0059270 seconds, Stopping threads took: 0.0000263 seconds
23.527: [GC (Allocation Failure)  975387K->660798K(1035264K), 0.0049807 secs]
23.532: Total time for which application threads were stopped: 0.0051737 seconds, Stopping threads took: 0.0000198 seconds
23.600: [GC (Allocation Failure)  983358K->660798K(1034240K), 0.0048430 secs]
23.605: Total time for which application threads were stopped: 0.0050052 seconds, Stopping threads took: 0.0000196 seconds
23.673: [GC (Allocation Failure)  982334K->660862K(1034752K), 0.0058199 secs]
23.679: Total time for which application threads were stopped: 0.0060272 seconds, Stopping threads took: 0.0000203 seconds
23.746: [GC (Allocation Failure)  982398K->668864K(1034752K), 0.0051158 secs]
23.752: Total time for which application threads were stopped: 0.0052925 seconds, Stopping threads took: 0.0000186 seconds
23.821: [GC (Allocation Failure)  990400K->668832K(1029120K), 0.0049133 secs]
23.826: Total time for which application threads were stopped: 0.0050819 seconds, Stopping threads took: 0.0000199 seconds
23.893: [GC (Allocation Failure)  990368K->669096K(1034240K), 0.0057973 secs]
23.899: Total time for which application threads were stopped: 0.0059732 seconds, Stopping threads took: 0.0000202 seconds
23.967: [GC (Allocation Failure)  989608K->676874K(1034240K), 0.0048650 secs]
23.972: Total time for which application threads were stopped: 0.0050377 seconds, Stopping threads took: 0.0000258 seconds
24.039: [GC (Allocation Failure)  997386K->676906K(1034240K), 0.0048081 secs]
24.044: Total time for which application threads were stopped: 0.0049717 seconds, Stopping threads took: 0.0000202 seconds
24.111: [GC (Allocation Failure)  997418K->677322K(1020416K), 0.0058473 secs]
24.117: Total time for which application threads were stopped: 0.0060182 seconds, Stopping threads took: 0.0000199 seconds
24.183: [GC (Allocation Failure)  997834K->684908K(1033728K), 0.0050112 secs]
24.188: Total time for which application threads were stopped: 0.0051697 seconds, Stopping threads took: 0.0000196 seconds
24.255: [GC (Allocation Failure)  1004396K->684876K(1033728K), 0.0050144 secs]
24.260: Total time for which application threads were stopped: 0.0052009 seconds, Stopping threads took: 0.0000186 seconds
24.326: [GC (Allocation Failure)  1004364K->685068K(1033728K), 0.0062960 secs]
24.332: [Full GC (Ergonomics)  685068K->8605K(1033728K), 0.0227587 secs]
24.355: Total time for which application threads were stopped: 0.0293300 seconds, Stopping threads took: 0.0000165 seconds
24.424: [GC (Allocation Failure)  328093K->16768K(1033728K), 0.0037832 secs]
24.428: Total time for which application threads were stopped: 0.0039334 seconds, Stopping threads took: 0.0000168 seconds
24.496: [GC (Allocation Failure)  336256K->16760K(1033728K), 0.0035126 secs]
24.500: Total time for which application threads were stopped: 0.0036795 seconds, Stopping threads took: 0.0000263 seconds
24.566: [GC (Allocation Failure)  336248K->16792K(1019392K), 0.0037533 secs]
24.570: Total time for which application threads were stopped: 0.0039426 seconds, Stopping threads took: 0.0000212 seconds
24.638: [GC (Allocation Failure)  336280K->24794K(1033216K), 0.0037472 secs]
24.642: Total time for which application threads were stopped: 0.0039104 seconds, Stopping threads took: 0.0000206 seconds
24.709: [GC (Allocation Failure)  343258K->19192K(1033216K), 0.0014697 secs]
24.710: Total time for which application threads were stopped: 0.0016289 seconds, Stopping threads took: 0.0000200 seconds
24.777: [GC (Allocation Failure)  337656K->25018K(1034240K), 0.0037367 secs]
24.781: Total time for which application threads were stopped: 0.0039210 seconds, Stopping threads took: 0.0000198 seconds
24.849: [GC (Allocation Failure)  345018K->28906K(1033728K), 0.0038416 secs]
24.853: Total time for which application threads were stopped: 0.0040124 seconds, Stopping threads took: 0.0000201 seconds
24.917: [GC (Allocation Failure)  348906K->34824K(1030144K), 0.0061992 secs]
24.923: Total time for which application threads were stopped: 0.0063415 seconds, Stopping threads took: 0.0000266 seconds
24.988: [GC (Allocation Failure)  351240K->29098K(1032192K), 0.0035032 secs]
24.991: Total time for which application threads were stopped: 0.0036462 seconds, Stopping threads took: 0.0000281 seconds
25.054: [GC (Allocation Failure)  345514K->28906K(1032704K), 0.0036977 secs]
25.058: Total time for which application threads were stopped: 0.0038402 seconds, Stopping threads took: 0.0000251 seconds
25.120: [GC (Allocation Failure)  345834K->21192K(1032192K), 0.0006285 secs]
25.121: Total time for which application threads were stopped: 0.0007748 seconds, Stopping threads took: 0.0000219 seconds
25.184: [GC (Allocation Failure)  338120K->29002K(1032704K), 0.0048629 secs]
25.189: Total time for which application threads were stopped: 0.0050131 seconds, Stopping threads took: 0.0000205 seconds
25.254: [GC (Allocation Failure)  346442K->28906K(1032704K), 0.0037374 secs]
25.258: Total time for which application threads were stopped: 0.0038675 seconds, Stopping threads took: 0.0000188 seconds
25.322: [GC (Allocation Failure)  346346K->29930K(1032192K), 0.0038053 secs]
25.326: Total time for which application threads were stopped: 0.0039645 seconds, Stopping threads took: 0.0000248 seconds
25.392: [GC (Allocation Failure)  347370K->37004K(1032704K), 0.0038456 secs]
25.396: Total time for which application threads were stopped: 0.0039951 seconds, Stopping threads took: 0.0000178 seconds
25.463: [GC (Allocation Failure)  354444K->36940K(1033216K), 0.0037837 secs]
25.467: Total time for which application threads were stopped: 0.0039422 seconds, Stopping threads took: 0.0000261 seconds
25.530: [GC (Allocation Failure)  355404K->40204K(1033216K), 0.0044992 secs]
25.534: Total time for which application threads were stopped: 0.0046659 seconds, Stopping threads took: 0.0000263 seconds
25.600: [GC (Allocation Failure)  358668K->45006K(1033728K), 0.0035816 secs]
25.604: Total time for which application threads were stopped: 0.0037436 seconds, Stopping threads took: 0.0000206 seconds
25.672: [GC (Allocation Failure)  364494K->44974K(1033728K), 0.0038299 secs]
25.676: Total time for which application threads were stopped: 0.0039958 seconds, Stopping threads took: 0.0000215 seconds
25.741: [GC (Allocation Failure)  364462K->46406K(1033728K), 0.0039294 secs]
25.745: Total time for which application threads were stopped: 0.0040793 seconds, Stopping threads took: 0.0000193 seconds
25.812: [GC (Allocation Failure)  365894K->53033K(1033728K), 0.0038140 secs]
25.816: Total time for which application threads were stopped: 0.0039619 seconds, Stopping threads took: 0.0000194 seconds
25.881: [GC (Allocation Failure)  372521K->53001K(1034240K), 0.0038400 secs]
25.885: Total time for which application threads were stopped: 0.0039938 seconds, Stopping threads took: 0.0000196 seconds
25.950: [GC (Allocation Failure)  373001K->54121K(1033728K), 0.0036862 secs]
25.954: Total time for which application threads were stopped: 0.0038157 seconds, Stopping threads took: 0.0000281 seconds
26.018: [GC (Allocation Failure)  374121K->61035K(1033728K), 0.0036519 secs]
26.022: Total time for which application threads were stopped: 0.0037722 seconds, Stopping threads took: 0.0000169 seconds
26.086: [GC (Allocation Failure)  380523K->61067K(1033728K), 0.0036680 secs]
26.090: Total time for which application threads were stopped: 0.0038144 seconds, Stopping threads took: 0.0000187 seconds
26.152: [GC (Allocation Failure)  380555K->61867K(1033216K), 0.0037053 secs]
26.156: Total time for which application threads were stopped: 0.0038331 seconds, Stopping threads took: 0.0000187 seconds
26.220: [GC (Allocation Failure)  381355K->69101K(1033728K), 0.0036055 secs]
26.223: Total time for which application threads were stopped: 0.0037649 seconds, Stopping threads took: 0.0000240 seconds
26.287: [GC (Allocation Failure)  388589K->69101K(1033728K), 0.0034647 secs]
26.290: Total time for which application threads were stopped: 0.0036129 seconds, Stopping threads took: 0.0000156 seconds
26.352: [GC (Allocation Failure)  388589K->69133K(1033728K), 0.0044036 secs]
26.357: Total time for which application threads were stopped: 0.0045416 seconds, Stopping threads took: 0.0000254 seconds
26.424: [GC (Allocation Failure)  388621K->77135K(1033728K), 0.0039178 secs]
26.428: Total time for which application threads were stopped: 0.0040840 seconds, Stopping threads took: 0.0000198 seconds
26.494: [GC (Allocation Failure)  396623K->77071K(1033728K), 0.0037749 secs]
26.498: Total time for which application threads were stopped: 0.0039362 seconds, Stopping threads took: 0.0000264 seconds
26.562: [GC (Allocation Failure)  396559K->77319K(1033728K), 0.0037774 secs]
26.565: Total time for which application threads were stopped: 0.0039271 seconds, Stopping threads took: 0.0000203 seconds
26.634: [GC (Allocation Failure)  396807K->85162K(1033728K), 0.0037970 secs]
26.638: Total time for which application threads were stopped: 0.0039444 seconds, Stopping threads took: 0.0000192 seconds
26.702: [GC (Allocation Failure)  404650K->85130K(1033728K), 0.0037410 secs]
26.706: Total time for which application threads were stopped: 0.0038915 seconds, Stopping threads took: 0.0000191 seconds
26.768: [GC (Allocation Failure)  404618K->85546K(1033728K), 0.0037694 secs]
26.772: Total time for which application threads were stopped: 0.0039029 seconds, Stopping threads took: 0.0000198 seconds
26.838: [GC (Allocation Failure)  405034K->93228K(1033728K), 0.0036789 secs]
26.842: Total time for which application threads were stopped: 0.0038205 seconds, Stopping threads took: 0.0000264 seconds
26.904: [GC (Allocation Failure)  412716K->93132K(1033728K), 0.0037111 secs]
26.908: Total time for which application threads were stopped: 0.0038515 seconds, Stopping threads took: 0.0000176 seconds
26.973: [GC (Allocation Failure)  412620K->94828K(1033728K), 0.0038304 secs]
26.977: Total time for which application threads were stopped: 0.0039786 seconds, Stopping threads took: 0.0000256 seconds
27.043: [GC (Allocation Failure)  414316K->101230K(1033728K), 0.0034118 secs]
27.046: Total time for which application threads were stopped: 0.0035525 seconds, Stopping threads took: 0.0000267 seconds
27.108: [GC (Allocation Failure)  420718K->101230K(1033728K), 0.0037739 secs]
27.111: Total time for which application threads were stopped: 0.0039309 seconds, Stopping threads took: 0.0000229 seconds
27.174: [GC (Allocation Failure)  420718K->102022K(1033728K), 0.0038570 secs]
27.178: Total time for which application threads were stopped: 0.0039862 seconds, Stopping threads took: 0.0000185 seconds
27.242: [GC (Allocation Failure)  421510K->109289K(1033728K), 0.0038583 secs]
27.245: Total time for which application threads were stopped: 0.0040050 seconds, Stopping threads took: 0.0000238 seconds
27.308: [GC (Allocation Failure)  428777K->109225K(1033728K), 0.0037664 secs]
27.311: Total time for which application threads were stopped: 0.0039092 seconds, Stopping threads took: 0.0000186 seconds
27.376: [GC (Allocation Failure)  428713K->110217K(1033728K), 0.0037806 secs]
27.379: Total time for which application threads were stopped: 0.0039130 seconds, Stopping threads took: 0.0000173 seconds
27.443: [GC (Allocation Failure)  429705K->117291K(1033728K), 0.0037979 secs]
27.447: Total time for which application threads were stopped: 0.0039401 seconds, Stopping threads took: 0.0000275 seconds
27.510: [GC (Allocation Failure)  436779K->117259K(1033728K), 0.0037493 secs]
27.514: Total time for which application threads were stopped: 0.0038861 seconds, Stopping threads took: 0.0000274 seconds
27.576: [GC (Allocation Failure)  436747K->117419K(1033728K), 0.0038520 secs]
27.580: Total time for which application threads were stopped: 0.0040082 seconds, Stopping threads took: 0.0000196 seconds
27.644: [GC (Allocation Failure)  436907K->125293K(1033728K), 0.0036677 secs]
27.648: Total time for which application threads were stopped: 0.0037994 seconds, Stopping threads took: 0.0000189 seconds
27.710: [GC (Allocation Failure)  444781K->125293K(1033728K), 0.0036721 secs]
27.714: Total time for which application threads were stopped: 0.0038166 seconds, Stopping threads took: 0.0000197 seconds
27.775: [GC (Allocation Failure)  444781K->125645K(1032704K), 0.0037925 secs]
27.779: Total time for which application threads were stopped: 0.0039227 seconds, Stopping threads took: 0.0000180 seconds
27.843: [GC (Allocation Failure)  444109K->133359K(1033216K), 0.0036237 secs]
27.846: Total time for which application threads were stopped: 0.0037675 seconds, Stopping threads took: 0.0000186 seconds
27.909: [GC (Allocation Failure)  451823K->133327K(1033216K), 0.0037263 secs]
27.913: Total time for which application threads were stopped: 0.0038611 seconds, Stopping threads took: 0.0000196 seconds
27.976: [GC (Allocation Failure)  451791K->133895K(1033216K), 0.0037594 secs]
27.980: Total time for which application threads were stopped: 0.0038922 seconds, Stopping threads took: 0.0000183 seconds
28.042: [GC (Allocation Failure)  452359K->141418K(1033216K), 0.0036984 secs]
28.045: Total time for which application threads were stopped: 0.0038199 seconds, Stopping threads took: 0.0000188 seconds
28.108: [GC (Allocation Failure)  459882K->141354K(1033216K), 0.0038072 secs]
28.112: Total time for which application threads were stopped: 0.0039474 seconds, Stopping threads took: 0.0000190 seconds
28.172: [GC (Allocation Failure)  459818K->142122K(1033216K), 0.0040412 secs]
28.176: Total time for which application threads were stopped: 0.0041752 seconds, Stopping threads took: 0.0000197 seconds
28.239: [GC (Allocation Failure)  460586K->149388K(1033216K), 0.0036776 secs]
28.243: Total time for which application threads were stopped: 0.0038095 seconds, Stopping threads took: 0.0000193 seconds
28.304: [GC (Allocation Failure)  467852K->149420K(1033216K), 0.0037535 secs]
28.308: Total time for which application threads were stopped: 0.0039114 seconds, Stopping threads took: 0.0000251 seconds
28.370: [GC (Allocation Failure)  467884K->149452K(1033216K), 0.0040455 secs]
28.374: Total time for which application threads were stopped: 0.0041779 seconds, Stopping threads took: 0.0000188 seconds
28.439: [GC (Allocation Failure)  467916K->157422K(1033216K), 0.0039258 secs]
28.442: Total time for which application threads were stopped: 0.0040581 seconds, Stopping threads took: 0.0000192 seconds
28.507: [GC (Allocation Failure)  475886K->157454K(1033216K), 0.0041035 secs]
28.511: Total time for which application threads were stopped: 0.0042359 seconds, Stopping threads took: 0.0000198 seconds
28.574: [GC (Allocation Failure)  475918K->157574K(1033216K), 0.0038327 secs]
28.578: Total time for which application threads were stopped: 0.0039668 seconds, Stopping threads took: 0.0000204 seconds
28.641: [GC (Allocation Failure)  476038K->165480K(1033216K), 0.0038559 secs]
28.645: Total time for which application threads were stopped: 0.0040041 seconds, Stopping threads took: 0.0000192 seconds
28.706: [GC (Allocation Failure)  483944K->165448K(1033216K), 0.0039150 secs]
28.710: Total time for which application threads were stopped: 0.0040436 seconds, Stopping threads took: 0.0000187 seconds
28.774: [GC (Allocation Failure)  483912K->165800K(1033216K), 0.0039648 secs]
28.778: Total time for which application threads were stopped: 0.0041018 seconds, Stopping threads took: 0.0000192 seconds
28.840: [GC (Allocation Failure)  484264K->173483K(1033216K), 0.0038204 secs]
28.844: Total time for which application threads were stopped: 0.0039487 seconds, Stopping threads took: 0.0000175 seconds
28.906: [GC (Allocation Failure)  491947K->173515K(1033216K), 0.0038785 secs]
28.909: Total time for which application threads were stopped: 0.0040293 seconds, Stopping threads took: 0.0000207 seconds
28.970: [GC (Allocation Failure)  491979K->174027K(1033216K), 0.0039943 secs]
28.975: Total time for which application threads were stopped: 0.0041383 seconds, Stopping threads took: 0.0000258 seconds
29.039: [GC (Allocation Failure)  492491K->181517K(1033216K), 0.0037766 secs]
29.043: Total time for which application threads were stopped: 0.0039060 seconds, Stopping threads took: 0.0000189 seconds
29.107: [GC (Allocation Failure)  499981K->181485K(1033216K), 0.0051207 secs]
29.113: Total time for which application threads were stopped: 0.0052472 seconds, Stopping threads took: 0.0000182 seconds
29.174: [GC (Allocation Failure)  499949K->181773K(1033216K), 0.0039057 secs]
29.177: Total time for which application threads were stopped: 0.0040424 seconds, Stopping threads took: 0.0000204 seconds
29.242: [GC (Allocation Failure)  500237K->189551K(1033216K), 0.0049334 secs]
29.247: Total time for which application threads were stopped: 0.0050672 seconds, Stopping threads took: 0.0000194 seconds
29.309: [GC (Allocation Failure)  508015K->185645K(1033216K), 0.0028918 secs]
29.312: Total time for which application threads were stopped: 0.0030389 seconds, Stopping threads took: 0.0000207 seconds
29.378: [GC (Allocation Failure)  504109K->189703K(1034752K), 0.0039917 secs]
29.382: Total time for which application threads were stopped: 0.0041332 seconds, Stopping threads took: 0.0000191 seconds
29.446: [GC (Allocation Failure)  510215K->193671K(1033728K), 0.0039803 secs]
29.450: Total time for which application threads were stopped: 0.0041185 seconds, Stopping threads took: 0.0000205 seconds
29.514: [GC (Allocation Failure)  514183K->185829K(1034240K), 0.0010629 secs]
29.515: Total time for which application threads were stopped: 0.0012070 seconds, Stopping threads took: 0.0000195 seconds
29.579: [GC (Allocation Failure)  506341K->193743K(1034240K), 0.0041005 secs]
29.583: Total time for which application threads were stopped: 0.0042441 seconds, Stopping threads took: 0.0000221 seconds
29.647: [GC (Allocation Failure)  514255K->197823K(1034240K), 0.0053191 secs]
29.652: Total time for which application threads were stopped: 0.0054528 seconds, Stopping threads took: 0.0000193 seconds
29.716: [GC (Allocation Failure)  518335K->204525K(1034240K), 0.0067696 secs]
29.723: Total time for which application threads were stopped: 0.0069066 seconds, Stopping threads took: 0.0000194 seconds
29.786: [GC (Allocation Failure)  525037K->198511K(1029120K), 0.0040476 secs]
29.790: Total time for which application threads were stopped: 0.0041956 seconds, Stopping threads took: 0.0000284 seconds
29.854: [GC (Allocation Failure)  513903K->198255K(1031680K), 0.0064187 secs]
29.860: Total time for which application threads were stopped: 0.0065559 seconds, Stopping threads took: 0.0000178 seconds
29.921: [GC (Allocation Failure)  513647K->192909K(1032704K), 0.0019971 secs]
29.923: Total time for which application threads were stopped: 0.0021369 seconds, Stopping threads took: 0.0000181 seconds
29.985: [GC (Allocation Failure)  509837K->198447K(1032192K), 0.0038909 secs]
29.989: Total time for which application threads were stopped: 0.0040366 seconds, Stopping threads took: 0.0000255 seconds
30.053: [GC (Allocation Failure)  515375K->198255K(1033216K), 0.0038874 secs]
30.057: Total time for which application threads were stopped: 0.0040124 seconds, Stopping threads took: 0.0000173 seconds
30.119: [GC (Allocation Failure)  516207K->201671K(1032704K), 0.0047221 secs]
30.124: Total time for which application threads were stopped: 0.0048512 seconds, Stopping threads took: 0.0000186 seconds
30.187: [GC (Allocation Failure)  519623K->206377K(1033728K), 0.0040358 secs]
30.191: Total time for which application threads were stopped: 0.0041653 seconds, Stopping threads took: 0.0000181 seconds
30.256: [GC (Allocation Failure)  525353K->206281K(1033216K), 0.0038934 secs]
30.260: Total time for which application threads were stopped: 0.0040240 seconds, Stopping threads took: 0.0000179 seconds
30.321: [GC (Allocation Failure)  525257K->210409K(1034240K), 0.0050638 secs]
30.326: Total time for which application threads were stopped: 0.0052122 seconds, Stopping threads took: 0.0000193 seconds
30.395: [GC (Allocation Failure)  530409K->214412K(1033728K), 0.0040254 secs]
30.399: Total time for which application threads were stopped: 0.0041871 seconds, Stopping threads took: 0.0000195 seconds
30.465: [GC (Allocation Failure)  534412K->214284K(1034752K), 0.0047924 secs]
30.470: Total time for which application threads were stopped: 0.0049582 seconds, Stopping threads took: 0.0000279 seconds
30.535: [GC (Allocation Failure)  535308K->216076K(1034240K), 0.0042158 secs]
30.539: Total time for which application threads were stopped: 0.0043643 seconds, Stopping threads took: 0.0000209 seconds
30.604: [GC (Allocation Failure)  537100K->222350K(1034752K), 0.0041820 secs]
30.609: Total time for which application threads were stopped: 0.0043432 seconds, Stopping threads took: 0.0000203 seconds
30.675: [GC (Allocation Failure)  543374K->222350K(1034240K), 0.0040302 secs]
30.679: Total time for which application threads were stopped: 0.0041818 seconds, Stopping threads took: 0.0000215 seconds
30.741: [GC (Allocation Failure)  543374K->223814K(1034752K), 0.0043229 secs]
30.745: Total time for which application threads were stopped: 0.0044757 seconds, Stopping threads took: 0.0000282 seconds
30.814: [GC (Allocation Failure)  545350K->230408K(1034752K), 0.0040796 secs]
30.818: Total time for which application threads were stopped: 0.0042285 seconds, Stopping threads took: 0.0000198 seconds
30.883: [GC (Allocation Failure)  551944K->230408K(1034752K), 0.0040826 secs]
30.888: Total time for which application threads were stopped: 0.0042501 seconds, Stopping threads took: 0.0000256 seconds
30.952: [GC (Allocation Failure)  551944K->233064K(1034752K), 0.0047475 secs]
30.956: Total time for which application threads were stopped: 0.0049027 seconds, Stopping threads took: 0.0000264 seconds
31.024: [GC (Allocation Failure)  554600K->238475K(1034752K), 0.0040893 secs]
31.028: Total time for which application threads were stopped: 0.0042524 seconds, Stopping threads took: 0.0000202 seconds
31.093: [GC (Allocation Failure)  560011K->238411K(1034752K), 0.0040748 secs]
31.098: Total time for which application threads were stopped: 0.0042367 seconds, Stopping threads took: 0.0000193 seconds
31.162: [GC (Allocation Failure)  559947K->242347K(1035264K), 0.0050080 secs]
31.167: Total time for which application threads were stopped: 0.0051444 seconds, Stopping threads took: 0.0000195 seconds
31.233: [GC (Allocation Failure)  564395K->246541K(1034752K), 0.0040460 secs]
31.237: Total time for which application threads were stopped: 0.0042207 seconds, Stopping threads took: 0.0000190 seconds
31.302: [GC (Allocation Failure)  568589K->246477K(1035264K), 0.0039627 secs]
31.306: Total time for which application threads were stopped: 0.0040983 seconds, Stopping threads took: 0.0000195 seconds
31.370: [GC (Allocation Failure)  569037K->249549K(1035264K), 0.0047408 secs]
31.375: Total time for which application threads were stopped: 0.0049050 seconds, Stopping threads took: 0.0000160 seconds
31.444: [GC (Allocation Failure)  572109K->254543K(1035264K), 0.0042526 secs]
31.449: Total time for which application threads were stopped: 0.0043909 seconds, Stopping threads took: 0.0000175 seconds
31.517: [GC (Allocation Failure)  577103K->254479K(1035264K), 0.0038521 secs]
31.521: Total time for which application threads were stopped: 0.0040006 seconds, Stopping threads took: 0.0000261 seconds
31.585: [GC (Allocation Failure)  577039K->257767K(1035264K), 0.0047994 secs]
31.590: Total time for which application threads were stopped: 0.0049531 seconds, Stopping threads took: 0.0000218 seconds
31.656: [GC (Allocation Failure)  580327K->262473K(1035264K), 0.0042617 secs]
31.660: Total time for which application threads were stopped: 0.0044085 seconds, Stopping threads took: 0.0000201 seconds
31.728: [GC (Allocation Failure)  585033K->262505K(1035264K), 0.0042187 secs]
31.733: Total time for which application threads were stopped: 0.0043727 seconds, Stopping threads took: 0.0000191 seconds
31.797: [GC (Allocation Failure)  585065K->265993K(1035264K), 0.0048509 secs]
31.802: Total time for which application threads were stopped: 0.0049890 seconds, Stopping threads took: 0.0000189 seconds
31.867: [GC (Allocation Failure)  588553K->270572K(1035264K), 0.0040987 secs]
31.871: Total time for which application threads were stopped: 0.0042377 seconds, Stopping threads took: 0.0000189 seconds
31.936: [GC (Allocation Failure)  593132K->270540K(1035264K), 0.0039461 secs]
31.941: Total time for which application threads were stopped: 0.0041006 seconds, Stopping threads took: 0.0000185 seconds
32.005: [GC (Allocation Failure)  593100K->274252K(1035776K), 0.0049703 secs]
32.010: Total time for which application threads were stopped: 0.0051256 seconds, Stopping threads took: 0.0000282 seconds
32.074: [GC (Allocation Failure)  597836K->278734K(1035776K), 0.0042474 secs]
32.078: Total time for which application threads were stopped: 0.0043874 seconds, Stopping threads took: 0.0000182 seconds
32.143: [GC (Allocation Failure)  602318K->278606K(1035776K), 0.0041263 secs]
32.147: Total time for which application threads were stopped: 0.0042611 seconds, Stopping threads took: 0.0000191 seconds
32.211: [GC (Allocation Failure)  602190K->277452K(1035776K), 0.0037086 secs]
32.215: Total time for which application threads were stopped: 0.0038469 seconds, Stopping threads took: 0.0000199 seconds
32.280: [GC (Allocation Failure)  601036K->278638K(1036288K), 0.0039586 secs]
32.284: Total time for which application threads were stopped: 0.0041017 seconds, Stopping threads took: 0.0000193 seconds
32.352: [GC (Allocation Failure)  603246K->278574K(1036288K), 0.0053283 secs]
32.358: Total time for which application threads were stopped: 0.0055090 seconds, Stopping threads took: 0.0000262 seconds
32.425: [GC (Allocation Failure)  603182K->286884K(1030144K), 0.0083544 secs]
32.433: Total time for which application threads were stopped: 0.0085255 seconds, Stopping threads took: 0.0000197 seconds
32.501: [GC (Allocation Failure)  605348K->282694K(1033216K), 0.0044562 secs]
32.505: Total time for which application threads were stopped: 0.0046271 seconds, Stopping threads took: 0.0000198 seconds
32.573: [GC (Allocation Failure)  601158K->282662K(1034752K), 0.0042514 secs]
32.577: Total time for which application threads were stopped: 0.0044135 seconds, Stopping threads took: 0.0000204 seconds
32.646: [GC (Allocation Failure)  603174K->285124K(1033728K), 0.0052799 secs]
32.652: Total time for which application threads were stopped: 0.0054424 seconds, Stopping threads took: 0.0000197 seconds
32.719: [GC (Allocation Failure)  605636K->282918K(1034752K), 0.0041517 secs]
32.724: Total time for which application threads were stopped: 0.0043209 seconds, Stopping threads took: 0.0000204 seconds
32.791: [GC (Allocation Failure)  603942K->282694K(1034240K), 0.0043749 secs]
32.796: Total time for which application threads were stopped: 0.0045371 seconds, Stopping threads took: 0.0000205 seconds
32.863: [GC (Allocation Failure)  603718K->284228K(1035264K), 0.0061232 secs]
32.869: Total time for which application threads were stopped: 0.0063000 seconds, Stopping threads took: 0.0000269 seconds
32.937: [GC (Allocation Failure)  606788K->282854K(1035264K), 0.0065836 secs]
32.943: Total time for which application threads were stopped: 0.0067520 seconds, Stopping threads took: 0.0000214 seconds
33.013: [GC (Allocation Failure)  605414K->282662K(1036288K), 0.0040138 secs]
33.017: Total time for which application threads were stopped: 0.0042049 seconds, Stopping threads took: 0.0000281 seconds
33.087: [GC (Allocation Failure)  606758K->290060K(1035776K), 0.0076916 secs]
33.095: Total time for which application threads were stopped: 0.0078835 seconds, Stopping threads took: 0.0000188 seconds
33.164: [GC (Allocation Failure)  614156K->286030K(1032704K), 0.0040521 secs]
33.168: Total time for which application threads were stopped: 0.0042020 seconds, Stopping threads took: 0.0000165 seconds
33.234: [GC (Allocation Failure)  606542K->285838K(1034240K), 0.0044285 secs]
33.238: Total time for which application threads were stopped: 0.0046043 seconds, Stopping threads took: 0.0000198 seconds
33.305: [GC (Allocation Failure)  606350K->278636K(1032704K), 0.0013048 secs]
33.307: Total time for which application threads were stopped: 0.0014641 seconds, Stopping threads took: 0.0000193 seconds
33.374: [GC (Allocation Failure)  598124K->285958K(1033728K), 0.0043186 secs]
33.379: Total time for which application threads were stopped: 0.0044930 seconds, Stopping threads took: 0.0000195 seconds
33.447: [GC (Allocation Failure)  605446K->289982K(1034752K), 0.0051993 secs]
33.453: Total time for which application threads were stopped: 0.0053584 seconds, Stopping threads took: 0.0000169 seconds
33.520: [GC (Allocation Failure)  611006K->295748K(1034240K), 0.0064631 secs]
33.527: Total time for which application threads were stopped: 0.0066336 seconds, Stopping threads took: 0.0000259 seconds
33.595: [GC (Allocation Failure)  616772K->290038K(1033216K), 0.0041675 secs]
33.599: Total time for which application threads were stopped: 0.0043256 seconds, Stopping threads took: 0.0000283 seconds
33.667: [GC (Allocation Failure)  609526K->290038K(1033728K), 0.0043190 secs]
33.672: Total time for which application threads were stopped: 0.0044748 seconds, Stopping threads took: 0.0000168 seconds
33.739: [GC (Allocation Failure)  609526K->292404K(1034240K), 0.0052257 secs]
33.744: Total time for which application threads were stopped: 0.0053944 seconds, Stopping threads took: 0.0000193 seconds
33.813: [GC (Allocation Failure)  612916K->290262K(1034240K), 0.0044582 secs]
33.818: Total time for which application threads were stopped: 0.0046284 seconds, Stopping threads took: 0.0000205 seconds
33.886: [GC (Allocation Failure)  610774K->290006K(1035264K), 0.0043290 secs]
33.890: Total time for which application threads were stopped: 0.0044975 seconds, Stopping threads took: 0.0000199 seconds
33.956: [GC (Allocation Failure)  612054K->292052K(1034752K), 0.0051872 secs]
33.961: Total time for which application threads were stopped: 0.0053644 seconds, Stopping threads took: 0.0000415 seconds
34.031: [GC (Allocation Failure)  614100K->290198K(1035264K), 0.0041696 secs]
34.035: Total time for which application threads were stopped: 0.0043500 seconds, Stopping threads took: 0.0000191 seconds
34.104: [GC (Allocation Failure)  612246K->290006K(1034752K), 0.0042071 secs]
34.108: Total time for which application threads were stopped: 0.0043686 seconds, Stopping threads took: 0.0000201 seconds
34.176: [GC (Allocation Failure)  612054K->294804K(1032704K), 0.0062275 secs]
34.182: Total time for which application threads were stopped: 0.0063967 seconds, Stopping threads took: 0.0000192 seconds
34.250: [GC (Allocation Failure)  615316K->290198K(1034240K), 0.0042315 secs]
34.254: Total time for which application threads were stopped: 0.0044023 seconds, Stopping threads took: 0.0000211 seconds
34.322: [GC (Allocation Failure)  610710K->290070K(1035264K), 0.0042162 secs]
34.327: Total time for which application threads were stopped: 0.0043861 seconds, Stopping threads took: 0.0000204 seconds
34.396: [GC (Allocation Failure)  612118K->294612K(1034240K), 0.0060725 secs]
34.402: Total time for which application threads were stopped: 0.0062422 seconds, Stopping threads took: 0.0000191 seconds
34.471: [GC (Allocation Failure)  616660K->290134K(1034240K), 0.0042941 secs]
34.476: Total time for which application threads were stopped: 0.0044684 seconds, Stopping threads took: 0.0000263 seconds
34.544: [GC (Allocation Failure)  610646K->290102K(1034240K), 0.0040485 secs]
34.548: Total time for which application threads were stopped: 0.0042243 seconds, Stopping threads took: 0.0000262 seconds
34.615: [GC (Allocation Failure)  610614K->294292K(1033728K), 0.0057833 secs]
34.621: Total time for which application threads were stopped: 0.0059586 seconds, Stopping threads took: 0.0000281 seconds
34.690: [GC (Allocation Failure)  614804K->290102K(1034240K), 0.0044209 secs]
34.694: Total time for which application threads were stopped: 0.0045795 seconds, Stopping threads took: 0.0000170 seconds
34.762: [GC (Allocation Failure)  610614K->290070K(1034752K), 0.0040666 secs]
34.766: Total time for which application threads were stopped: 0.0042242 seconds, Stopping threads took: 0.0000192 seconds
34.833: [GC (Allocation Failure)  611094K->292980K(1034240K), 0.0052737 secs]
34.838: Total time for which application threads were stopped: 0.0054295 seconds, Stopping threads took: 0.0000185 seconds
34.907: [GC (Allocation Failure)  614004K->290262K(1034752K), 0.0043671 secs]
34.912: Total time for which application threads were stopped: 0.0045328 seconds, Stopping threads took: 0.0000192 seconds
34.979: [GC (Allocation Failure)  611286K->290070K(1034240K), 0.0040287 secs]
34.983: Total time for which application threads were stopped: 0.0042309 seconds, Stopping threads took: 0.0000276 seconds
35.053: [GC (Allocation Failure)  611094K->292628K(1034752K), 0.0050410 secs]
35.058: Total time for which application threads were stopped: 0.0052197 seconds, Stopping threads took: 0.0000158 seconds
35.126: [GC (Allocation Failure)  614164K->290230K(1034752K), 0.0042758 secs]
35.131: Total time for which application threads were stopped: 0.0044484 seconds, Stopping threads took: 0.0000191 seconds
35.198: [GC (Allocation Failure)  611766K->290070K(1035264K), 0.0043720 secs]
35.203: Total time for which application threads were stopped: 0.0045315 seconds, Stopping threads took: 0.0000198 seconds
35.269: [GC (Allocation Failure)  612630K->294900K(1035264K), 0.0060603 secs]
35.276: Total time for which application threads were stopped: 0.0062518 seconds, Stopping threads took: 0.0000194 seconds
35.345: [GC (Allocation Failure)  617460K->290198K(1033216K), 0.0049831 secs]
35.350: Total time for which application threads were stopped: 0.0051555 seconds, Stopping threads took: 0.0000249 seconds
35.417: [GC (Allocation Failure)  610710K->290102K(1034240K), 0.0042315 secs]
35.421: Total time for which application threads were stopped: 0.0044071 seconds, Stopping threads took: 0.0000204 seconds
35.489: [GC (Allocation Failure)  610614K->295156K(1032704K), 0.0063595 secs]
35.495: Total time for which application threads were stopped: 0.0065396 seconds, Stopping threads took: 0.0000384 seconds
35.562: [GC (Allocation Failure)  614644K->290166K(1033728K), 0.0043545 secs]
35.566: Total time for which application threads were stopped: 0.0045254 seconds, Stopping threads took: 0.0000202 seconds
35.633: [GC (Allocation Failure)  609654K->290070K(1034240K), 0.0041114 secs]
35.637: Total time for which application threads were stopped: 0.0042927 seconds, Stopping threads took: 0.0000201 seconds
35.706: [GC (Allocation Failure)  610070K->290708K(1033728K), 0.0045531 secs]
35.711: Total time for which application threads were stopped: 0.0047370 seconds, Stopping threads took: 0.0000197 seconds
35.779: [GC (Allocation Failure)  610708K->290070K(1034752K), 0.0042880 secs]
35.784: Total time for which application threads were stopped: 0.0044532 seconds, Stopping threads took: 0.0000200 seconds
35.851: [GC (Allocation Failure)  611606K->290102K(1034752K), 0.0043794 secs]
35.856: Total time for which application threads were stopped: 0.0045621 seconds, Stopping threads took: 0.0000203 seconds
35.922: [GC (Allocation Failure)  611638K->290324K(1035264K), 0.0044318 secs]
35.926: Total time for which application threads were stopped: 0.0045910 seconds, Stopping threads took: 0.0000185 seconds
35.994: [GC (Allocation Failure)  612884K->290230K(1035264K), 0.0043202 secs]
35.998: Total time for which application threads were stopped: 0.0044906 seconds, Stopping threads took: 0.0000284 seconds
36.067: [GC (Allocation Failure)  612790K->290102K(1035776K), 0.0042516 secs]
36.072: Total time for which application threads were stopped: 0.0044126 seconds, Stopping threads took: 0.0000197 seconds
36.140: [GC (Allocation Failure)  613686K->295596K(1035776K), 0.0066881 secs]
36.147: Total time for which application threads were stopped: 0.0068483 seconds, Stopping threads took: 0.0000193 seconds
36.214: [GC (Allocation Failure)  619180K->290958K(1033728K), 0.0042185 secs]
36.219: Total time for which application threads were stopped: 0.0043885 seconds, Stopping threads took: 0.0000202 seconds
36.286: [GC (Allocation Failure)  612494K->290862K(1034752K), 0.0042773 secs]
36.291: Total time for which application threads were stopped: 0.0044444 seconds, Stopping threads took: 0.0000196 seconds
36.359: [GC (Allocation Failure)  612398K->283276K(1033216K), 0.0066898 secs]
36.366: Total time for which application threads were stopped: 0.0068452 seconds, Stopping threads took: 0.0000255 seconds
36.434: [GC (Allocation Failure)  603788K->290910K(1034240K), 0.0042209 secs]
36.439: Total time for which application threads were stopped: 0.0043842 seconds, Stopping threads took: 0.0000200 seconds
36.507: [GC (Allocation Failure)  611422K->295006K(1035264K), 0.0055770 secs]
36.513: Total time for which application threads were stopped: 0.0058641 seconds, Stopping threads took: 0.0000273 seconds
36.582: [GC (Allocation Failure)  617054K->287164K(1021952K), 0.0010256 secs]
36.583: Total time for which application threads were stopped: 0.0011556 seconds, Stopping threads took: 0.0000273 seconds
36.650: [GC (Allocation Failure)  609212K->295222K(1034752K), 0.0044242 secs]
36.655: Total time for which application threads were stopped: 0.0046115 seconds, Stopping threads took: 0.0000194 seconds
36.724: [GC (Allocation Failure)  616246K->299174K(1034240K), 0.0055902 secs]
36.729: Total time for which application threads were stopped: 0.0057675 seconds, Stopping threads took: 0.0000195 seconds
36.795: [GC (Allocation Failure)  620198K->291940K(1033728K), 0.0015100 secs]
36.796: Total time for which application threads were stopped: 0.0016420 seconds, Stopping threads took: 0.0000196 seconds
36.863: [GC (Allocation Failure)  612452K->299342K(1034240K), 0.0043628 secs]
36.868: Total time for which application threads were stopped: 0.0046604 seconds, Stopping threads took: 0.0000199 seconds
36.935: [GC (Allocation Failure)  619854K->303286K(1035264K), 0.0054130 secs]
36.941: Total time for which application threads were stopped: 0.0055771 seconds, Stopping threads took: 0.0000196 seconds
37.008: [GC (Allocation Failure)  625334K->295828K(1034752K), 0.0012197 secs]
37.010: Total time for which application threads were stopped: 0.0013456 seconds, Stopping threads took: 0.0000190 seconds
37.077: [GC (Allocation Failure)  617876K->303430K(1034752K), 0.0044778 secs]
37.082: Total time for which application threads were stopped: 0.0046477 seconds, Stopping threads took: 0.0000194 seconds
37.150: [GC (Allocation Failure)  624966K->307462K(1034752K), 0.0055823 secs]
37.155: Total time for which application threads were stopped: 0.0057480 seconds, Stopping threads took: 0.0000195 seconds
37.221: [GC (Allocation Failure)  628998K->301732K(1034240K), 0.0021313 secs]
37.223: Total time for which application threads were stopped: 0.0022754 seconds, Stopping threads took: 0.0000186 seconds
37.289: [GC (Allocation Failure)  623268K->307526K(1034752K), 0.0043122 secs]
37.293: Total time for which application threads were stopped: 0.0044920 seconds, Stopping threads took: 0.0000196 seconds
37.362: [GC (Allocation Failure)  629062K->311574K(1035776K), 0.0048960 secs]
37.367: Total time for which application threads were stopped: 0.0050821 seconds, Stopping threads took: 0.0000168 seconds
37.436: [GC (Allocation Failure)  635158K->307700K(1035776K), 0.0028656 secs]
37.439: Total time for which application threads were stopped: 0.0030180 seconds, Stopping threads took: 0.0000166 seconds
37.509: [GC (Allocation Failure)  631284K->311726K(1036288K), 0.0042275 secs]
37.514: Total time for which application threads were stopped: 0.0044037 seconds, Stopping threads took: 0.0000261 seconds
37.582: [GC (Allocation Failure)  635822K->315694K(1035776K), 0.0043773 secs]
37.586: Total time for which application threads were stopped: 0.0045429 seconds, Stopping threads took: 0.0000211 seconds
37.655: [GC (Allocation Failure)  639790K->315726K(1035776K), 0.0048634 secs]
37.660: Total time for which application threads were stopped: 0.0050356 seconds, Stopping threads took: 0.0000291 seconds
37.728: [GC (Allocation Failure)  639310K->315750K(1023488K), 0.0044787 secs]
37.732: Total time for which application threads were stopped: 0.0046731 seconds, Stopping threads took: 0.0000205 seconds
37.800: [GC (Allocation Failure)  639334K->323688K(1035264K), 0.0043917 secs]
37.804: Total time for which application threads were stopped: 0.0045863 seconds, Stopping threads took: 0.0000206 seconds
37.874: [GC (Allocation Failure)  646248K->323720K(1035264K), 0.0041040 secs]
37.879: Total time for which application threads were stopped: 0.0042818 seconds, Stopping threads took: 0.0000196 seconds
37.946: [GC (Allocation Failure)  646280K->323752K(1034240K), 0.0041233 secs]
37.950: Total time for which application threads were stopped: 0.0042905 seconds, Stopping threads took: 0.0000198 seconds
38.017: [GC (Allocation Failure)  645288K->331754K(1034752K), 0.0043445 secs]
38.021: Total time for which application threads were stopped: 0.0045164 seconds, Stopping threads took: 0.0000209 seconds
38.089: [GC (Allocation Failure)  653290K->331786K(1034752K), 0.0041124 secs]
38.093: Total time for which application threads were stopped: 0.0042852 seconds, Stopping threads took: 0.0000209 seconds
38.159: [GC (Allocation Failure)  653322K->332010K(1021440K), 0.0043498 secs]
38.164: Total time for which application threads were stopped: 0.0045102 seconds, Stopping threads took: 0.0000194 seconds
38.230: [GC (Allocation Failure)  653546K->339789K(1034240K), 0.0043617 secs]
38.234: Total time for which application threads were stopped: 0.0045398 seconds, Stopping threads took: 0.0000186 seconds
38.303: [GC (Allocation Failure)  660301K->339789K(1034240K), 0.0041621 secs]
38.308: Total time for which application threads were stopped: 0.0043114 seconds, Stopping threads took: 0.0000170 seconds
38.378: [GC (Allocation Failure)  660301K->340229K(1034240K), 0.0045028 secs]
38.382: Total time for which application threads were stopped: 0.0046548 seconds, Stopping threads took: 0.0000178 seconds
38.449: [GC (Allocation Failure)  660741K->347815K(1034240K), 0.0044109 secs]
38.454: Total time for which application threads were stopped: 0.0045821 seconds, Stopping threads took: 0.0000203 seconds
38.522: [GC (Allocation Failure)  668327K->347815K(1034240K), 0.0042631 secs]
38.527: Total time for which application threads were stopped: 0.0044221 seconds, Stopping threads took: 0.0000256 seconds
38.594: [GC (Allocation Failure)  668327K->347943K(1020416K), 0.0043816 secs]
38.599: Total time for which application threads were stopped: 0.0045457 seconds, Stopping threads took: 0.0000206 seconds
38.666: [GC (Allocation Failure)  668455K->355849K(1033728K), 0.0051635 secs]
38.671: Total time for which application threads were stopped: 0.0053341 seconds, Stopping threads took: 0.0000200 seconds
38.739: [GC (Allocation Failure)  675337K->355849K(1033728K), 0.0044114 secs]
38.744: Total time for which application threads were stopped: 0.0045775 seconds, Stopping threads took: 0.0000212 seconds
38.808: [GC (Allocation Failure)  675337K->355913K(1033728K), 0.0043834 secs]
38.813: Total time for which application threads were stopped: 0.0045489 seconds, Stopping threads took: 0.0000196 seconds
38.881: [GC (Allocation Failure)  675401K->363883K(1033728K), 0.0042970 secs]
38.886: Total time for which application threads were stopped: 0.0044666 seconds, Stopping threads took: 0.0000195 seconds
38.950: [GC (Allocation Failure)  683371K->363883K(1033728K), 0.0043968 secs]
38.955: Total time for which application threads were stopped: 0.0045522 seconds, Stopping threads took: 0.0000196 seconds
39.020: [GC (Allocation Failure)  683371K->364139K(1033728K), 0.0043468 secs]
39.025: Total time for which application threads were stopped: 0.0044970 seconds, Stopping threads took: 0.0000199 seconds
39.089: [GC (Allocation Failure)  683627K->371918K(1032704K), 0.0043814 secs]
39.094: Total time for which application threads were stopped: 0.0045561 seconds, Stopping threads took: 0.0000204 seconds
39.160: [GC (Allocation Failure)  690381K->368011K(1033216K), 0.0035395 secs]
39.163: Total time for which application threads were stopped: 0.0036855 seconds, Stopping threads took: 0.0000188 seconds
39.230: [GC (Allocation Failure)  686475K->372078K(1034752K), 0.0044726 secs]
39.234: Total time for which application threads were stopped: 0.0046400 seconds, Stopping threads took: 0.0000199 seconds
39.301: [GC (Allocation Failure)  693102K->376046K(1034240K), 0.0042709 secs]
39.305: Total time for which application threads were stopped: 0.0044174 seconds, Stopping threads took: 0.0000199 seconds
39.370: [GC (Allocation Failure)  697070K->369323K(1034752K), 0.0016476 secs]
39.371: Total time for which application threads were stopped: 0.0017952 seconds, Stopping threads took: 0.0000173 seconds
39.440: [GC (Allocation Failure)  690859K->376110K(1034752K), 0.0045615 secs]
39.445: Total time for which application threads were stopped: 0.0047307 seconds, Stopping threads took: 0.0000191 seconds
39.512: [GC (Allocation Failure)  697646K->380190K(1034752K), 0.0052874 secs]
39.517: Total time for which application threads were stopped: 0.0054763 seconds, Stopping threads took: 0.0000264 seconds
39.584: [GC (Allocation Failure)  701726K->374651K(1034752K), 0.0024463 secs]
39.586: Total time for which application threads were stopped: 0.0026012 seconds, Stopping threads took: 0.0000201 seconds
39.654: [GC (Allocation Failure)  696187K->380462K(1035776K), 0.0045095 secs]
39.659: Total time for which application threads were stopped: 0.0046806 seconds, Stopping threads took: 0.0000198 seconds
39.727: [GC (Allocation Failure)  703022K->384302K(1034752K), 0.0045992 secs]
39.732: Total time for which application threads were stopped: 0.0047625 seconds, Stopping threads took: 0.0000205 seconds
39.799: [GC (Allocation Failure)  706790K->380459K(1035776K), 0.0033769 secs]
39.802: Total time for which application threads were stopped: 0.0035668 seconds, Stopping threads took: 0.0000202 seconds
39.873: [GC (Allocation Failure)  703531K->384494K(1035264K), 0.0045918 secs]
39.877: Total time for which application threads were stopped: 0.0047759 seconds, Stopping threads took: 0.0000258 seconds
39.948: [GC (Allocation Failure)  707566K->388494K(1035264K), 0.0044056 secs]
39.952: Total time for which application threads were stopped: 0.0045837 seconds, Stopping threads took: 0.0000197 seconds
40.021: [GC (Allocation Failure)  712078K->388462K(1035776K), 0.0043126 secs]
40.025: Total time for which application threads were stopped: 0.0044836 seconds, Stopping threads took: 0.0000258 seconds
40.092: [GC (Allocation Failure)  712046K->388526K(1034752K), 0.0044463 secs]
40.097: Total time for which application threads were stopped: 0.0046433 seconds, Stopping threads took: 0.0000206 seconds
40.167: [GC (Allocation Failure)  711086K->396496K(1035264K), 0.0042582 secs]
40.172: Total time for which application threads were stopped: 0.0043955 seconds, Stopping threads took: 0.0000169 seconds
40.241: [GC (Allocation Failure)  719056K->396528K(1034240K), 0.0044098 secs]
40.246: Total time for which application threads were stopped: 0.0045712 seconds, Stopping threads took: 0.0000195 seconds
40.311: [GC (Allocation Failure)  718064K->396552K(1034752K), 0.0045058 secs]
40.315: Total time for which application threads were stopped: 0.0046649 seconds, Stopping threads took: 0.0000191 seconds
40.384: [GC (Allocation Failure)  718088K->404554K(1034752K), 0.0043561 secs]
40.388: Total time for which application threads were stopped: 0.0045456 seconds, Stopping threads took: 0.0000195 seconds
40.458: [GC (Allocation Failure)  726090K->404522K(1029120K), 0.0042282 secs]
40.462: Total time for which application threads were stopped: 0.0043801 seconds, Stopping threads took: 0.0000173 seconds
40.529: [GC (Allocation Failure)  726058K->404778K(1034240K), 0.0045033 secs]
40.534: Total time for which application threads were stopped: 0.0046686 seconds, Stopping threads took: 0.0000197 seconds
40.601: [GC (Allocation Failure)  725290K->412556K(1034240K), 0.0042910 secs]
40.606: Total time for which application threads were stopped: 0.0044503 seconds, Stopping threads took: 0.0000201 seconds
40.674: [GC (Allocation Failure)  733068K->412556K(1034240K), 0.0044641 secs]
40.678: Total time for which application threads were stopped: 0.0046284 seconds, Stopping threads took: 0.0000196 seconds
40.746: [GC (Allocation Failure)  733068K->413004K(1034240K), 0.0045507 secs]
40.750: Total time for which application threads were stopped: 0.0047434 seconds, Stopping threads took: 0.0000199 seconds
40.819: [GC (Allocation Failure)  733516K->420623K(1033216K), 0.0044172 secs]
40.824: Total time for which application threads were stopped: 0.0046072 seconds, Stopping threads took: 0.0000192 seconds
40.892: [GC (Allocation Failure)  740111K->420623K(1033728K), 0.0045123 secs]
40.897: Total time for which application threads were stopped: 0.0046939 seconds, Stopping threads took: 0.0000200 seconds
40.961: [GC (Allocation Failure)  740111K->420719K(1033728K), 0.0046780 secs]
40.965: Total time for which application threads were stopped: 0.0048379 seconds, Stopping threads took: 0.0000192 seconds
41.032: [GC (Allocation Failure)  740207K->428625K(1033728K), 0.0043485 secs]
41.037: Total time for which application threads were stopped: 0.0045046 seconds, Stopping threads took: 0.0000277 seconds
41.106: [GC (Allocation Failure)  748113K->428625K(1033728K), 0.0044031 secs]
41.111: Total time for which application threads were stopped: 0.0045586 seconds, Stopping threads took: 0.0000163 seconds
41.176: [GC (Allocation Failure)  748113K->428681K(1033728K), 0.0045096 secs]
41.181: Total time for which application threads were stopped: 0.0046732 seconds, Stopping threads took: 0.0000199 seconds
41.249: [GC (Allocation Failure)  748169K->436651K(1032704K), 0.0045104 secs]
41.253: Total time for which application threads were stopped: 0.0046795 seconds, Stopping threads took: 0.0000202 seconds
41.320: [GC (Allocation Failure)  755115K->431113K(1033216K), 0.0025240 secs]
41.322: Total time for which application threads were stopped: 0.0026664 seconds, Stopping threads took: 0.0000208 seconds
41.390: [GC (Allocation Failure)  749577K->436907K(1034752K), 0.0045641 secs]
41.395: Total time for which application threads were stopped: 0.0047434 seconds, Stopping threads took: 0.0000196 seconds
41.463: [GC (Allocation Failure)  757419K->440803K(1033728K), 0.0047570 secs]
41.468: Total time for which application threads were stopped: 0.0049170 seconds, Stopping threads took: 0.0000254 seconds
41.537: [GC (Allocation Failure)  761315K->447689K(1029120K), 0.0073039 secs]
41.545: Total time for which application threads were stopped: 0.0074948 seconds, Stopping threads took: 0.0000192 seconds
41.614: [GC (Allocation Failure)  763081K->441611K(1031680K), 0.0048045 secs]
41.618: Total time for which application threads were stopped: 0.0049688 seconds, Stopping threads took: 0.0000194 seconds
41.684: [GC (Allocation Failure)  757003K->441387K(1032704K), 0.0045360 secs]
41.688: Total time for which application threads were stopped: 0.0046996 seconds, Stopping threads took: 0.0000208 seconds
41.753: [GC (Allocation Failure)  758315K->444803K(1032192K), 0.0054542 secs]
41.759: Total time for which application threads were stopped: 0.0056262 seconds, Stopping threads took: 0.0000208 seconds
41.826: [GC (Allocation Failure)  761731K->449574K(1033216K), 0.0044981 secs]
41.830: Total time for which application threads were stopped: 0.0046682 seconds, Stopping threads took: 0.0000211 seconds
41.898: [GC (Allocation Failure)  767526K->449446K(1032704K), 0.0043862 secs]
41.903: Total time for which application threads were stopped: 0.0045795 seconds, Stopping threads took: 0.0000200 seconds
41.971: [GC (Allocation Failure)  767398K->450478K(1033216K), 0.0045554 secs]
41.976: Total time for which application threads were stopped: 0.0047191 seconds, Stopping threads took: 0.0000264 seconds
42.043: [GC (Allocation Failure)  768942K->457520K(1033216K), 0.0045585 secs]
42.048: Total time for which application threads were stopped: 0.0047472 seconds, Stopping threads took: 0.0000197 seconds
42.116: [GC (Allocation Failure)  775984K->457456K(1033728K), 0.0071639 secs]
42.123: Total time for which application threads were stopped: 0.0073206 seconds, Stopping threads took: 0.0000202 seconds
42.191: [GC (Allocation Failure)  776432K->459144K(1033216K), 0.0045896 secs]
42.196: Total time for which application threads were stopped: 0.0047565 seconds, Stopping threads took: 0.0000188 seconds
42.263: [GC (Allocation Failure)  778120K->465578K(1033728K), 0.0044065 secs]
42.267: Total time for which application threads were stopped: 0.0045741 seconds, Stopping threads took: 0.0000194 seconds
42.334: [GC (Allocation Failure)  785066K->465546K(1033728K), 0.0047797 secs]
42.339: Total time for which application threads were stopped: 0.0049605 seconds, Stopping threads took: 0.0000196 seconds
42.406: [GC (Allocation Failure)  785034K->465866K(1033728K), 0.0045405 secs]
42.410: Total time for which application threads were stopped: 0.0047196 seconds, Stopping threads took: 0.0000163 seconds
42.480: [GC (Allocation Failure)  785354K->473580K(1033728K), 0.0046799 secs]
42.484: Total time for which application threads were stopped: 0.0048474 seconds, Stopping threads took: 0.0000266 seconds
42.552: [GC (Allocation Failure)  793068K->473580K(1033728K), 0.0044925 secs]
42.557: Total time for which application threads were stopped: 0.0046628 seconds, Stopping threads took: 0.0000196 seconds
42.625: [GC (Allocation Failure)  793068K->477164K(1033728K), 0.0052736 secs]
42.630: Total time for which application threads were stopped: 0.0054455 seconds, Stopping threads took: 0.0000193 seconds
42.699: [GC (Allocation Failure)  796652K->481679K(1034240K), 0.0047356 secs]
42.704: Total time for which application threads were stopped: 0.0049308 seconds, Stopping threads took: 0.0000203 seconds
42.772: [GC (Allocation Failure)  802191K->481583K(1034240K), 0.0045369 secs]
42.777: Total time for which application threads were stopped: 0.0047276 seconds, Stopping threads took: 0.0000200 seconds
42.844: [GC (Allocation Failure)  802095K->482311K(1034240K), 0.0048546 secs]
42.849: Total time for which application threads were stopped: 0.0050057 seconds, Stopping threads took: 0.0000173 seconds
42.917: [GC (Allocation Failure)  802823K->489609K(1034240K), 0.0046133 secs]
42.922: Total time for which application threads were stopped: 0.0047846 seconds, Stopping threads took: 0.0000204 seconds
42.989: [GC (Allocation Failure)  810121K->489609K(1034240K), 0.0043739 secs]
42.994: Total time for which application threads were stopped: 0.0045410 seconds, Stopping threads took: 0.0000261 seconds
43.060: [GC (Allocation Failure)  810121K->490561K(1034240K), 0.0056930 secs]
43.066: Total time for which application threads were stopped: 0.0058621 seconds, Stopping threads took: 0.0000192 seconds
43.134: [GC (Allocation Failure)  811073K->497635K(1034240K), 0.0045643 secs]
43.139: Total time for which application threads were stopped: 0.0047208 seconds, Stopping threads took: 0.0000192 seconds
43.206: [GC (Allocation Failure)  818147K->497635K(1034240K), 0.0053165 secs]
43.212: Total time for which application threads were stopped: 0.0054865 seconds, Stopping threads took: 0.0000195 seconds
43.278: [GC (Allocation Failure)  818147K->498795K(1034240K), 0.0047528 secs]
43.283: Total time for which application threads were stopped: 0.0049419 seconds, Stopping threads took: 0.0000192 seconds
43.354: [GC (Allocation Failure)  819307K->505741K(1034240K), 0.0056186 secs]
43.359: Total time for which application threads were stopped: 0.0058095 seconds, Stopping threads took: 0.0000176 seconds
43.427: [GC (Allocation Failure)  826253K->505677K(1034240K), 0.0047214 secs]
43.432: Total time for which application threads were stopped: 0.0049154 seconds, Stopping threads took: 0.0000196 seconds
43.501: [GC (Allocation Failure)  826189K->505989K(1020416K), 0.0045388 secs]
43.505: Total time for which application threads were stopped: 0.0047356 seconds, Stopping threads took: 0.0000283 seconds
43.573: [GC (Allocation Failure)  826501K->513768K(1033728K), 0.0046427 secs]
43.578: Total time for which application threads were stopped: 0.0048095 seconds, Stopping threads took: 0.0000251 seconds
43.644: [GC (Allocation Failure)  833256K->513704K(1033728K), 0.0048617 secs]
43.649: Total time for which application threads were stopped: 0.0050285 seconds, Stopping threads took: 0.0000206 seconds
43.715: [GC (Allocation Failure)  833192K->514248K(1033728K), 0.0046516 secs]
43.720: Total time for which application threads were stopped: 0.0048131 seconds, Stopping threads took: 0.0000194 seconds
43.787: [GC (Allocation Failure)  833736K->521770K(1033728K), 0.0045497 secs]
43.791: Total time for which application threads were stopped: 0.0047095 seconds, Stopping threads took: 0.0000188 seconds
43.858: [GC (Allocation Failure)  841258K->521738K(1033728K), 0.0046285 secs]
43.863: Total time for which application threads were stopped: 0.0048221 seconds, Stopping threads took: 0.0000193 seconds
43.930: [GC (Allocation Failure)  841226K->522474K(1033728K), 0.0045992 secs]
43.935: Total time for which application threads were stopped: 0.0047688 seconds, Stopping threads took: 0.0000283 seconds
44.003: [GC (Allocation Failure)  841962K->529772K(1033728K), 0.0055019 secs]
44.009: Total time for which application threads were stopped: 0.0056769 seconds, Stopping threads took: 0.0000197 seconds
44.076: [GC (Allocation Failure)  849260K->529772K(1033728K), 0.0045944 secs]
44.081: Total time for which application threads were stopped: 0.0047446 seconds, Stopping threads took: 0.0000170 seconds
44.148: [GC (Allocation Failure)  849260K->531788K(1033728K), 0.0050479 secs]
44.153: Total time for which application threads were stopped: 0.0052185 seconds, Stopping threads took: 0.0000213 seconds
44.220: [GC (Allocation Failure)  851276K->537806K(1033728K), 0.0046583 secs]
44.225: Total time for which application threads were stopped: 0.0048412 seconds, Stopping threads took: 0.0000204 seconds
44.292: [GC (Allocation Failure)  857294K->537806K(1033728K), 0.0047253 secs]
44.297: Total time for which application threads were stopped: 0.0049037 seconds, Stopping threads took: 0.0000206 seconds
44.366: [GC (Allocation Failure)  857294K->538950K(1033728K), 0.0047464 secs]
44.371: Total time for which application threads were stopped: 0.0049404 seconds, Stopping threads took: 0.0000192 seconds
44.439: [GC (Allocation Failure)  858438K->545865K(1033728K), 0.0047650 secs]
44.444: Total time for which application threads were stopped: 0.0049332 seconds, Stopping threads took: 0.0000193 seconds
44.511: [GC (Allocation Failure)  865353K->545833K(1033728K), 0.0044560 secs]
44.515: Total time for which application threads were stopped: 0.0046590 seconds, Stopping threads took: 0.0000270 seconds
44.583: [GC (Allocation Failure)  865321K->546153K(1033728K), 0.0062061 secs]
44.589: Total time for which application threads were stopped: 0.0063656 seconds, Stopping threads took: 0.0000200 seconds
44.659: [GC (Allocation Failure)  865641K->553899K(1033728K), 0.0048433 secs]
44.663: Total time for which application threads were stopped: 0.0050150 seconds, Stopping threads took: 0.0000194 seconds
44.731: [GC (Allocation Failure)  873387K->553867K(1033728K), 0.0046804 secs]
44.735: Total time for which application threads were stopped: 0.0048445 seconds, Stopping threads took: 0.0000189 seconds
44.802: [GC (Allocation Failure)  873355K->554403K(1033728K), 0.0050932 secs]
44.807: Total time for which application threads were stopped: 0.0052593 seconds, Stopping threads took: 0.0000196 seconds
44.875: [GC (Allocation Failure)  873891K->561925K(1033728K), 0.0047197 secs]
44.880: Total time for which application threads were stopped: 0.0048877 seconds, Stopping threads took: 0.0000197 seconds
44.948: [GC (Allocation Failure)  881413K->561893K(1033728K), 0.0049890 secs]
44.953: Total time for which application threads were stopped: 0.0051505 seconds, Stopping threads took: 0.0000197 seconds
45.020: [GC (Allocation Failure)  881381K->562637K(1033728K), 0.0046246 secs]
45.024: Total time for which application threads were stopped: 0.0047947 seconds, Stopping threads took: 0.0000193 seconds
45.092: [GC (Allocation Failure)  882125K->569936K(1033728K), 0.0047613 secs]
45.097: Total time for which application threads were stopped: 0.0049737 seconds, Stopping threads took: 0.0000202 seconds
45.164: [GC (Allocation Failure)  889424K->569936K(1033728K), 0.0048855 secs]
45.169: Total time for which application threads were stopped: 0.0050513 seconds, Stopping threads took: 0.0000192 seconds
45.235: [GC (Allocation Failure)  889424K->570856K(1033728K), 0.0048170 secs]
45.240: Total time for which application threads were stopped: 0.0049733 seconds, Stopping threads took: 0.0000199 seconds
45.308: [GC (Allocation Failure)  890344K->577994K(1033728K), 0.0048599 secs]
45.313: Total time for which application threads were stopped: 0.0050300 seconds, Stopping threads took: 0.0000205 seconds
45.380: [GC (Allocation Failure)  897482K->577994K(1033728K), 0.0046900 secs]
45.385: Total time for which application threads were stopped: 0.0048447 seconds, Stopping threads took: 0.0000165 seconds
45.453: [GC (Allocation Failure)  897482K->578090K(1033728K), 0.0047771 secs]
45.458: Total time for which application threads were stopped: 0.0049551 seconds, Stopping threads took: 0.0000191 seconds
45.526: [GC (Allocation Failure)  897578K->586028K(1027072K), 0.0046615 secs]
45.531: Total time for which application threads were stopped: 0.0048358 seconds, Stopping threads took: 0.0000274 seconds
45.598: [GC (Allocation Failure)  905516K->585996K(1033216K), 0.0049077 secs]
45.603: Total time for which application threads were stopped: 0.0050714 seconds, Stopping threads took: 0.0000195 seconds
45.670: [GC (Allocation Failure)  904460K->586308K(1033216K), 0.0050218 secs]
45.675: Total time for which application threads were stopped: 0.0051889 seconds, Stopping threads took: 0.0000191 seconds
45.742: [GC (Allocation Failure)  904772K->594022K(1033216K), 0.0048012 secs]
45.747: Total time for which application threads were stopped: 0.0049722 seconds, Stopping threads took: 0.0000208 seconds
45.813: [GC (Allocation Failure)  912486K->594022K(1033216K), 0.0049162 secs]
45.818: Total time for which application threads were stopped: 0.0050917 seconds, Stopping threads took: 0.0000195 seconds
45.883: [GC (Allocation Failure)  912486K->594566K(1033216K), 0.0047411 secs]
45.888: Total time for which application threads were stopped: 0.0049147 seconds, Stopping threads took: 0.0000208 seconds
45.955: [GC (Allocation Failure)  913030K->602121K(1033216K), 0.0048827 secs]
45.960: Total time for which application threads were stopped: 0.0050433 seconds, Stopping threads took: 0.0000202 seconds
46.029: [GC (Allocation Failure)  920585K->602089K(1033216K), 0.0046247 secs]
46.033: Total time for which application threads were stopped: 0.0047855 seconds, Stopping threads took: 0.0000197 seconds
46.098: [GC (Allocation Failure)  920553K->602281K(1033216K), 0.0049354 secs]
46.103: Total time for which application threads were stopped: 0.0050985 seconds, Stopping threads took: 0.0000201 seconds
46.170: [GC (Allocation Failure)  920745K->610123K(1033216K), 0.0048752 secs]
46.175: Total time for which application threads were stopped: 0.0050457 seconds, Stopping threads took: 0.0000205 seconds
46.242: [GC (Allocation Failure)  928587K->610091K(1033216K), 0.0048205 secs]
46.247: Total time for which application threads were stopped: 0.0049815 seconds, Stopping threads took: 0.0000199 seconds
46.313: [GC (Allocation Failure)  928555K->610251K(1033216K), 0.0048510 secs]
46.318: Total time for which application threads were stopped: 0.0050118 seconds, Stopping threads took: 0.0000197 seconds
46.386: [GC (Allocation Failure)  928715K->618125K(1033216K), 0.0048162 secs]
46.391: Total time for which application threads were stopped: 0.0049752 seconds, Stopping threads took: 0.0000193 seconds
46.456: [GC (Allocation Failure)  936589K->618125K(1033216K), 0.0047779 secs]
46.461: Total time for which application threads were stopped: 0.0049662 seconds, Stopping threads took: 0.0000199 seconds
46.528: [GC (Allocation Failure)  936589K->618189K(1033216K), 0.0047754 secs]
46.533: Total time for which application threads were stopped: 0.0049412 seconds, Stopping threads took: 0.0000260 seconds
46.600: [GC (Allocation Failure)  936653K->626191K(1033216K), 0.0049250 secs]
46.605: Total time for which application threads were stopped: 0.0050861 seconds, Stopping threads took: 0.0000196 seconds
46.671: [GC (Allocation Failure)  944655K->626159K(1033216K), 0.0049200 secs]
46.676: Total time for which application threads were stopped: 0.0051016 seconds, Stopping threads took: 0.0000191 seconds
46.740: [GC (Allocation Failure)  944623K->626407K(1033216K), 0.0056594 secs]
46.746: Total time for which application threads were stopped: 0.0058427 seconds, Stopping threads took: 0.0000193 seconds
46.811: [GC (Allocation Failure)  944871K->634186K(1033216K), 0.0049026 secs]
46.816: Total time for which application threads were stopped: 0.0050724 seconds, Stopping threads took: 0.0000199 seconds
46.883: [GC (Allocation Failure)  952650K->634186K(1033216K), 0.0055671 secs]
46.889: Total time for which application threads were stopped: 0.0057246 seconds, Stopping threads took: 0.0000193 seconds
46.954: [GC (Allocation Failure)  952650K->634434K(1033216K), 0.0051388 secs]
46.959: Total time for which application threads were stopped: 0.0053009 seconds, Stopping threads took: 0.0000196 seconds
47.025: [GC (Allocation Failure)  952898K->642212K(1033216K), 0.0064202 secs]
47.031: Total time for which application threads were stopped: 0.0065808 seconds, Stopping threads took: 0.0000260 seconds
47.097: [GC (Allocation Failure)  960676K->638306K(1033216K), 0.0039459 secs]
47.101: Total time for which application threads were stopped: 0.0041267 seconds, Stopping threads took: 0.0000167 seconds
47.169: [GC (Allocation Failure)  956770K->642372K(1034752K), 0.0051966 secs]
47.175: Total time for which application threads were stopped: 0.0053633 seconds, Stopping threads took: 0.0000252 seconds
47.243: [GC (Allocation Failure)  962884K->646372K(1033728K), 0.0102423 secs]
47.253: Total time for which application threads were stopped: 0.0104170 seconds, Stopping threads took: 0.0000195 seconds
47.322: [GC (Allocation Failure)  966884K->638498K(1034240K), 0.0018277 secs]
47.324: Total time for which application threads were stopped: 0.0019755 seconds, Stopping threads took: 0.0000213 seconds
47.393: [GC (Allocation Failure)  959010K->646412K(1034240K), 0.0049293 secs]
47.398: Total time for which application threads were stopped: 0.0051022 seconds, Stopping threads took: 0.0000202 seconds
47.465: [GC (Allocation Failure)  966924K->650500K(1033216K), 0.0063784 secs]
47.471: Total time for which application threads were stopped: 0.0065486 seconds, Stopping threads took: 0.0000206 seconds
47.539: [GC (Allocation Failure)  969988K->656258K(1032704K), 0.0074400 secs]
47.547: Total time for which application threads were stopped: 0.0076099 seconds, Stopping threads took: 0.0000200 seconds
47.614: [GC (Allocation Failure)  975746K->650756K(1031680K), 0.0048456 secs]
47.619: Total time for which application threads were stopped: 0.0050164 seconds, Stopping threads took: 0.0000194 seconds
47.686: [GC (Allocation Failure)  967172K->650500K(1032192K), 0.0046115 secs]
47.691: Total time for which application threads were stopped: 0.0047987 seconds, Stopping threads took: 0.0000251 seconds
47.756: [GC (Allocation Failure)  966916K->645154K(1032704K), 0.0028231 secs]
47.759: Total time for which application threads were stopped: 0.0029874 seconds, Stopping threads took: 0.0000277 seconds
47.825: [GC (Allocation Failure)  962594K->650692K(1032704K), 0.0049953 secs]
47.830: Total time for which application threads were stopped: 0.0051579 seconds, Stopping threads took: 0.0000196 seconds
47.896: [GC (Allocation Failure)  968132K->650500K(1033216K), 0.0049158 secs]
47.901: Total time for which application threads were stopped: 0.0050788 seconds, Stopping threads took: 0.0000204 seconds
47.967: [GC (Allocation Failure)  968452K->650860K(1032704K), 0.0049805 secs]
47.972: Total time for which application threads were stopped: 0.0051413 seconds, Stopping threads took: 0.0000203 seconds
48.039: [GC (Allocation Failure)  968812K->658574K(1033216K), 0.0050089 secs]
48.044: Total time for which application threads were stopped: 0.0052016 seconds, Stopping threads took: 0.0000195 seconds
48.113: [GC (Allocation Failure)  977038K->658542K(1033216K), 0.0049753 secs]
48.118: Total time for which application threads were stopped: 0.0051481 seconds, Stopping threads took: 0.0000195 seconds
48.182: [GC (Allocation Failure)  977006K->662662K(1033728K), 0.0060449 secs]
48.189: Total time for which application threads were stopped: 0.0062209 seconds, Stopping threads took: 0.0000214 seconds
48.256: [GC (Allocation Failure)  981638K->666632K(1033216K), 0.0047617 secs]
48.261: Total time for which application threads were stopped: 0.0049307 seconds, Stopping threads took: 0.0000264 seconds
48.328: [GC (Allocation Failure)  985608K->666568K(1034240K), 0.0048288 secs]
48.333: Total time for which application threads were stopped: 0.0049972 seconds, Stopping threads took: 0.0000217 seconds
48.399: [GC (Allocation Failure)  986568K->669344K(1033728K), 0.0068001 secs]
48.405: Total time for which application threads were stopped: 0.0069626 seconds, Stopping threads took: 0.0000190 seconds
48.475: [GC (Allocation Failure)  989344K->674627K(1034240K), 0.0050229 secs]
48.480: Total time for which application threads were stopped: 0.0051876 seconds, Stopping threads took: 0.0000193 seconds
48.548: [GC (Allocation Failure)  995139K->674595K(1034240K), 0.0049236 secs]
48.553: Total time for which application threads were stopped: 0.0050849 seconds, Stopping threads took: 0.0000198 seconds
48.620: [GC (Allocation Failure)  995107K->675051K(1034240K), 0.0050731 secs]
48.625: Total time for which application threads were stopped: 0.0052472 seconds, Stopping threads took: 0.0000198 seconds
48.694: [GC (Allocation Failure)  995563K->682637K(1034240K), 0.0050278 secs]
48.699: Total time for which application threads were stopped: 0.0052010 seconds, Stopping threads took: 0.0000211 seconds
48.767: [GC (Allocation Failure)  1003149K->682637K(1034240K), 0.0049598 secs]
48.772: Total time for which application threads were stopped: 0.0051336 seconds, Stopping threads took: 0.0000198 seconds
48.839: [GC (Allocation Failure)  1003149K->685317K(1034240K), 0.0055987 secs]
48.844: [Full GC (Ergonomics)  685317K->11163K(1034240K), 0.0166773 secs]
48.861: Total time for which application threads were stopped: 0.0225226 seconds, Stopping threads took: 0.0000204 seconds
48.930: [GC (Allocation Failure)  331675K->20733K(1033216K), 0.0038897 secs]
48.934: Total time for which application threads were stopped: 0.0040634 seconds, Stopping threads took: 0.0000186 seconds
49.000: [GC (Allocation Failure)  340221K->20709K(1033728K), 0.0065169 secs]
49.007: Total time for which application threads were stopped: 0.0066659 seconds, Stopping threads took: 0.0000206 seconds
49.070: [GC (Allocation Failure)  340197K->23597K(1034240K), 0.0041173 secs]
49.074: Total time for which application threads were stopped: 0.0042496 seconds, Stopping threads took: 0.0000192 seconds
49.142: [GC (Allocation Failure)  344109K->28847K(1034240K), 0.0035207 secs]
49.146: Total time for which application threads were stopped: 0.0036613 seconds, Stopping threads took: 0.0000207 seconds
49.212: [GC (Allocation Failure)  349359K->28751K(1034240K), 0.0038850 secs]
49.216: Total time for which application threads were stopped: 0.0040152 seconds, Stopping threads took: 0.0000171 seconds
49.279: [GC (Allocation Failure)  349263K->29767K(1034240K), 0.0036798 secs]
49.283: Total time for which application threads were stopped: 0.0038198 seconds, Stopping threads took: 0.0000280 seconds
49.348: [GC (Allocation Failure)  350279K->36810K(1034240K), 0.0043808 secs]
49.353: Total time for which application threads were stopped: 0.0045221 seconds, Stopping threads took: 0.0000254 seconds
49.420: [GC (Allocation Failure)  357322K->36810K(1034240K), 0.0037061 secs]
49.424: Total time for which application threads were stopped: 0.0039010 seconds, Stopping threads took: 0.0000198 seconds
49.492: [GC (Allocation Failure)  357322K->37002K(1034240K), 0.0037899 secs]
49.496: Total time for which application threads were stopped: 0.0039522 seconds, Stopping threads took: 0.0000257 seconds
49.564: [GC (Allocation Failure)  357514K->44780K(1034240K), 0.0036888 secs]
49.568: Total time for which application threads were stopped: 0.0038350 seconds, Stopping threads took: 0.0000196 seconds
49.634: [GC (Allocation Failure)  365292K->44844K(1034240K), 0.0035362 secs]
49.638: Total time for which application threads were stopped: 0.0036993 seconds, Stopping threads took: 0.0000195 seconds
49.700: [GC (Allocation Failure)  365356K->46284K(1034240K), 0.0038399 secs]
49.704: Total time for which application threads were stopped: 0.0039867 seconds, Stopping threads took: 0.0000195 seconds
49.770: [GC (Allocation Failure)  366796K->52878K(1034240K), 0.0036006 secs]
49.774: Total time for which application threads were stopped: 0.0037439 seconds, Stopping threads took: 0.0000182 seconds
49.840: [GC (Allocation Failure)  373390K->52846K(1034240K), 0.0033565 secs]
49.843: Total time for which application threads were stopped: 0.0034751 seconds, Stopping threads took: 0.0000161 seconds
49.907: [GC (Allocation Failure)  373358K->52966K(1033216K), 0.0037860 secs]
49.911: Total time for which application threads were stopped: 0.0039203 seconds, Stopping threads took: 0.0000198 seconds
49.976: [GC (Allocation Failure)  372454K->60872K(1033728K), 0.0038575 secs]
49.980: Total time for which application threads were stopped: 0.0039957 seconds, Stopping threads took: 0.0000208 seconds
50.044: [GC (Allocation Failure)  380360K->60872K(1033728K), 0.0038264 secs]
50.048: Total time for which application threads were stopped: 0.0039561 seconds, Stopping threads took: 0.0000179 seconds
50.110: [GC (Allocation Failure)  380360K->61704K(1033728K), 0.0037193 secs]
50.113: Total time for which application threads were stopped: 0.0038487 seconds, Stopping threads took: 0.0000182 seconds
50.176: [GC (Allocation Failure)  381192K->68939K(1033728K), 0.0037602 secs]
50.180: Total time for which application threads were stopped: 0.0039007 seconds, Stopping threads took: 0.0000177 seconds
50.243: [GC (Allocation Failure)  388427K->68939K(1033728K), 0.0034849 secs]
50.247: Total time for which application threads were stopped: 0.0036116 seconds, Stopping threads took: 0.0000181 seconds
50.308: [GC (Allocation Failure)  388427K->70987K(1034240K), 0.0041803 secs]
50.313: Total time for which application threads were stopped: 0.0043167 seconds, Stopping threads took: 0.0000173 seconds
50.379: [GC (Allocation Failure)  390987K->76973K(1033728K), 0.0038390 secs]
50.383: Total time for which application threads were stopped: 0.0040079 seconds, Stopping threads took: 0.0000190 seconds
50.448: [GC (Allocation Failure)  396973K->76941K(1034240K), 0.0040435 secs]
50.452: Total time for which application threads were stopped: 0.0041978 seconds, Stopping threads took: 0.0000197 seconds
50.515: [GC (Allocation Failure)  396941K->77677K(1033728K), 0.0038003 secs]
50.519: Total time for which application threads were stopped: 0.0039625 seconds, Stopping threads took: 0.0000265 seconds
50.585: [GC (Allocation Failure)  397677K->84975K(1033728K), 0.0046484 secs]
50.589: Total time for which application threads were stopped: 0.0047892 seconds, Stopping threads took: 0.0000259 seconds
50.653: [GC (Allocation Failure)  404463K->85007K(1033728K), 0.0036752 secs]
50.657: Total time for which application threads were stopped: 0.0038219 seconds, Stopping threads took: 0.0000201 seconds
50.722: [GC (Allocation Failure)  404495K->85383K(1033728K), 0.0038323 secs]
50.726: Total time for which application threads were stopped: 0.0039678 seconds, Stopping threads took: 0.0000200 seconds
50.792: [GC (Allocation Failure)  404871K->93001K(1033728K), 0.0036805 secs]
50.795: Total time for which application threads were stopped: 0.0038225 seconds, Stopping threads took: 0.0000197 seconds
50.857: [GC (Allocation Failure)  412489K->93001K(1033728K), 0.0043164 secs]
50.861: Total time for which application threads were stopped: 0.0044493 seconds, Stopping threads took: 0.0000189 seconds
50.924: [GC (Allocation Failure)  412489K->94665K(1033728K), 0.0039867 secs]
50.928: Total time for which application threads were stopped: 0.0041219 seconds, Stopping threads took: 0.0000188 seconds
50.991: [GC (Allocation Failure)  414153K->101068K(1033728K), 0.0038670 secs]
50.995: Total time for which application threads were stopped: 0.0040037 seconds, Stopping threads took: 0.0000245 seconds
51.057: [GC (Allocation Failure)  420556K->101036K(1033728K), 0.0036724 secs]
51.061: Total time for which application threads were stopped: 0.0038148 seconds, Stopping threads took: 0.0000318 seconds
51.123: [GC (Allocation Failure)  420524K->101860K(1033728K), 0.0040319 secs]
51.127: Total time for which application threads were stopped: 0.0041737 seconds, Stopping threads took: 0.0000190 seconds
51.188: [GC (Allocation Failure)  421348K->109094K(1033728K), 0.0037766 secs]
51.192: Total time for which application threads were stopped: 0.0039251 seconds, Stopping threads took: 0.0000236 seconds
51.254: [GC (Allocation Failure)  428582K->109030K(1033728K), 0.0064874 secs]
51.261: Total time for which application threads were stopped: 0.0066298 seconds, Stopping threads took: 0.0000233 seconds
51.324: [GC (Allocation Failure)  428518K->110094K(1033728K), 0.0039640 secs]
51.328: Total time for which application threads were stopped: 0.0041101 seconds, Stopping threads took: 0.0000255 seconds
51.392: [GC (Allocation Failure)  429582K->117104K(1033728K), 0.0038923 secs]
51.396: Total time for which application threads were stopped: 0.0040317 seconds, Stopping threads took: 0.0000189 seconds
51.459: [GC (Allocation Failure)  436592K->117104K(1033728K), 0.0037105 secs]
51.463: Total time for which application threads were stopped: 0.0038406 seconds, Stopping threads took: 0.0000176 seconds
51.526: [GC (Allocation Failure)  436592K->117256K(1033728K), 0.0037197 secs]
51.530: Total time for which application threads were stopped: 0.0038699 seconds, Stopping threads took: 0.0000253 seconds
51.595: [GC (Allocation Failure)  436744K->125131K(1033728K), 0.0036980 secs]
51.599: Total time for which application threads were stopped: 0.0038434 seconds, Stopping threads took: 0.0000184 seconds
51.662: [GC (Allocation Failure)  444619K->125131K(1033728K), 0.0036883 secs]
51.666: Total time for which application threads were stopped: 0.0038360 seconds, Stopping threads took: 0.0000173 seconds
51.730: [GC (Allocation Failure)  444619K->125507K(1033728K), 0.0038362 secs]
51.734: Total time for which application threads were stopped: 0.0039844 seconds, Stopping threads took: 0.0000193 seconds
51.799: [GC (Allocation Failure)  444995K->133157K(1033728K), 0.0039411 secs]
51.803: Total time for which application threads were stopped: 0.0040796 seconds, Stopping threads took: 0.0000179 seconds
51.865: [GC (Allocation Failure)  452645K->133157K(1033728K), 0.0039108 secs]
51.869: Total time for which application threads were stopped: 0.0040469 seconds, Stopping threads took: 0.0000198 seconds
51.932: [GC (Allocation Failure)  452645K->133741K(1033728K), 0.0039295 secs]
51.936: Total time for which application threads were stopped: 0.0040758 seconds, Stopping threads took: 0.0000201 seconds
52.000: [GC (Allocation Failure)  453229K->141231K(1027072K), 0.0038090 secs]
52.004: Total time for which application threads were stopped: 0.0039459 seconds, Stopping threads took: 0.0000253 seconds
52.066: [GC (Allocation Failure)  460719K->141199K(1033216K), 0.0037491 secs]
52.070: Total time for which application threads were stopped: 0.0038773 seconds, Stopping threads took: 0.0000180 seconds
52.132: [GC (Allocation Failure)  459663K->141991K(1033216K), 0.0039396 secs]
52.136: Total time for which application threads were stopped: 0.0040788 seconds, Stopping threads took: 0.0000270 seconds
52.201: [GC (Allocation Failure)  460455K->149225K(1032704K), 0.0038704 secs]
52.205: Total time for which application threads were stopped: 0.0040136 seconds, Stopping threads took: 0.0000233 seconds
52.268: [GC (Allocation Failure)  467689K->149193K(1033216K), 0.0038770 secs]
52.272: Total time for which application threads were stopped: 0.0040171 seconds, Stopping threads took: 0.0000184 seconds
52.332: [GC (Allocation Failure)  467657K->149289K(1032704K), 0.0038353 secs]
52.336: Total time for which application threads were stopped: 0.0039875 seconds, Stopping threads took: 0.0000289 seconds
52.405: [GC (Allocation Failure)  467753K->157292K(1033216K), 0.0039222 secs]
52.409: Total time for which application threads were stopped: 0.0040783 seconds, Stopping threads took: 0.0000284 seconds
52.471: [GC (Allocation Failure)  475756K->157260K(1033216K), 0.0037737 secs]
52.475: Total time for which application threads were stopped: 0.0039160 seconds, Stopping threads took: 0.0000264 seconds
52.538: [GC (Allocation Failure)  475724K->157420K(1033216K), 0.0039559 secs]
52.542: Total time for which application threads were stopped: 0.0041041 seconds, Stopping threads took: 0.0000282 seconds
52.606: [GC (Allocation Failure)  475884K->165294K(1033216K), 0.0040114 secs]
52.610: Total time for which application threads were stopped: 0.0041567 seconds, Stopping threads took: 0.0000183 seconds
52.673: [GC (Allocation Failure)  483758K->165294K(1033216K), 0.0038774 secs]
52.677: Total time for which application threads were stopped: 0.0040066 seconds, Stopping threads took: 0.0000176 seconds
52.737: [GC (Allocation Failure)  483758K->165638K(1033216K), 0.0040620 secs]
52.742: Total time for which application threads were stopped: 0.0041889 seconds, Stopping threads took: 0.0000178 seconds
52.805: [GC (Allocation Failure)  484102K->173352K(1033216K), 0.0036972 secs]
52.808: Total time for which application threads were stopped: 0.0038543 seconds, Stopping threads took: 0.0000243 seconds
52.870: [GC (Allocation Failure)  491816K->173320K(1033216K), 0.0039021 secs]
52.874: Total time for which application threads were stopped: 0.0040332 seconds, Stopping threads took: 0.0000188 seconds
52.934: [GC (Allocation Failure)  491784K->173384K(1033216K), 0.0038956 secs]
52.938: Total time for which application threads were stopped: 0.0040265 seconds, Stopping threads took: 0.0000191 seconds
53.001: [GC (Allocation Failure)  491848K->181386K(1033216K), 0.0037604 secs]
53.004: Total time for which application threads were stopped: 0.0038998 seconds, Stopping threads took: 0.0000252 seconds
53.068: [GC (Allocation Failure)  499850K->181354K(1033216K), 0.0039345 secs]
53.072: Total time for which application threads were stopped: 0.0040841 seconds, Stopping threads took: 0.0000210 seconds
53.132: [GC (Allocation Failure)  499818K->181610K(1033216K), 0.0038259 secs]
53.136: Total time for which application threads were stopped: 0.0039508 seconds, Stopping threads took: 0.0000182 seconds
53.200: [GC (Allocation Failure)  500074K->189389K(1033216K), 0.0040142 secs]
53.204: Total time for which application threads were stopped: 0.0041521 seconds, Stopping threads took: 0.0000156 seconds
53.267: [GC (Allocation Failure)  507853K->189389K(1033216K), 0.0039037 secs]
53.271: Total time for which application threads were stopped: 0.0040284 seconds, Stopping threads took: 0.0000189 seconds
53.335: [GC (Allocation Failure)  507853K->189605K(1033216K), 0.0039737 secs]
53.339: Total time for which application threads were stopped: 0.0040936 seconds, Stopping threads took: 0.0000158 seconds
53.405: [GC (Allocation Failure)  508069K->197415K(1033216K), 0.0040484 secs]
53.409: Total time for which application threads were stopped: 0.0042406 seconds, Stopping threads took: 0.0000198 seconds
53.474: [GC (Allocation Failure)  515879K->189957K(1033216K), 0.0012037 secs]
53.475: Total time for which application threads were stopped: 0.0013221 seconds, Stopping threads took: 0.0000172 seconds
53.543: [GC (Allocation Failure)  508421K->197543K(1033216K), 0.0041139 secs]
53.547: Total time for which application threads were stopped: 0.0042707 seconds, Stopping threads took: 0.0000259 seconds
53.615: [GC (Allocation Failure)  516007K->201599K(1033216K), 0.0051649 secs]
53.620: Total time for which application threads were stopped: 0.0053619 seconds, Stopping threads took: 0.0000198 seconds
53.685: [GC (Allocation Failure)  520063K->202493K(1032192K), 0.0045051 secs]
53.689: Total time for which application threads were stopped: 0.0046645 seconds, Stopping threads took: 0.0000203 seconds
53.756: [GC (Allocation Failure)  519933K->201599K(1032704K), 0.0039873 secs]
53.760: Total time for which application threads were stopped: 0.0041247 seconds, Stopping threads took: 0.0000171 seconds
53.827: [GC (Allocation Failure)  519039K->201567K(1033216K), 0.0039892 secs]
53.831: Total time for which application threads were stopped: 0.0041398 seconds, Stopping threads took: 0.0000200 seconds
53.894: [GC (Allocation Failure)  520031K->204551K(1033216K), 0.0046578 secs]
53.899: Total time for which application threads were stopped: 0.0048232 seconds, Stopping threads took: 0.0000364 seconds
53.964: [GC (Allocation Failure)  523015K->209609K(1033728K), 0.0040103 secs]
53.968: Total time for which application threads were stopped: 0.0041446 seconds, Stopping threads took: 0.0000204 seconds
54.033: [GC (Allocation Failure)  529097K->209641K(1033728K), 0.0038060 secs]
54.037: Total time for which application threads were stopped: 0.0039398 seconds, Stopping threads took: 0.0000198 seconds
54.102: [GC (Allocation Failure)  529129K->210761K(1033728K), 0.0040185 secs]
54.106: Total time for which application threads were stopped: 0.0041515 seconds, Stopping threads took: 0.0000186 seconds
54.167: [GC (Allocation Failure)  530249K->217675K(1033728K), 0.0052280 secs]
54.173: Total time for which application threads were stopped: 0.0053676 seconds, Stopping threads took: 0.0000184 seconds
54.237: [GC (Allocation Failure)  537163K->217707K(1033728K), 0.0038992 secs]
54.241: Total time for which application threads were stopped: 0.0040546 seconds, Stopping threads took: 0.0000191 seconds
54.301: [GC (Allocation Failure)  537195K->217995K(1033728K), 0.0040526 secs]
54.305: Total time for which application threads were stopped: 0.0041944 seconds, Stopping threads took: 0.0000193 seconds
54.368: [GC (Allocation Failure)  537483K->225678K(1033728K), 0.0042268 secs]
54.372: Total time for which application threads were stopped: 0.0044072 seconds, Stopping threads took: 0.0000198 seconds
54.440: [GC (Allocation Failure)  545166K->225678K(1033728K), 0.0040583 secs]
54.444: Total time for which application threads were stopped: 0.0042587 seconds, Stopping threads took: 0.0000474 seconds
54.508: [GC (Allocation Failure)  545166K->229334K(1034240K), 0.0048523 secs]
54.513: Total time for which application threads were stopped: 0.0049887 seconds, Stopping threads took: 0.0000265 seconds
54.581: [GC (Allocation Failure)  549334K->233752K(1033728K), 0.0037966 secs]
54.585: Total time for which application threads were stopped: 0.0039756 seconds, Stopping threads took: 0.0000361 seconds
54.649: [GC (Allocation Failure)  553752K->233752K(1034240K), 0.0039044 secs]
54.653: Total time for which application threads were stopped: 0.0040736 seconds, Stopping threads took: 0.0000284 seconds
54.714: [GC (Allocation Failure)  554264K->234456K(1034240K), 0.0040619 secs]
54.719: Total time for which application threads were stopped: 0.0042067 seconds, Stopping threads took: 0.0000217 seconds
54.784: [GC (Allocation Failure)  554968K->241786K(1034240K), 0.0039495 secs]
54.788: Total time for which application threads were stopped: 0.0040838 seconds, Stopping threads took: 0.0000199 seconds
54.852: [GC (Allocation Failure)  562298K->241722K(1034240K), 0.0038203 secs]
54.855: Total time for which application threads were stopped: 0.0039455 seconds, Stopping threads took: 0.0000176 seconds
54.918: [GC (Allocation Failure)  562234K->244722K(1034240K), 0.0046249 secs]
54.923: Total time for which application threads were stopped: 0.0047562 seconds, Stopping threads took: 0.0000189 seconds
54.986: [GC (Allocation Failure)  565234K->249813K(1034240K), 0.0039312 secs]
54.990: Total time for which application threads were stopped: 0.0040714 seconds, Stopping threads took: 0.0000271 seconds
55.054: [GC (Allocation Failure)  570325K->249781K(1034240K), 0.0039021 secs]
55.058: Total time for which application threads were stopped: 0.0040362 seconds, Stopping threads took: 0.0000193 seconds
55.121: [GC (Allocation Failure)  570293K->250893K(1034240K), 0.0041900 secs]
55.125: Total time for which application threads were stopped: 0.0043270 seconds, Stopping threads took: 0.0000271 seconds
55.191: [GC (Allocation Failure)  571405K->257871K(1034240K), 0.0039805 secs]
55.195: Total time for which application threads were stopped: 0.0041013 seconds, Stopping threads took: 0.0000163 seconds
55.259: [GC (Allocation Failure)  578383K->257839K(1034240K), 0.0039981 secs]
55.263: Total time for which application threads were stopped: 0.0041275 seconds, Stopping threads took: 0.0000189 seconds
55.327: [GC (Allocation Failure)  578351K->261167K(1034752K), 0.0068908 secs]
55.334: Total time for which application threads were stopped: 0.0070498 seconds, Stopping threads took: 0.0000179 seconds
55.399: [GC (Allocation Failure)  582191K->265969K(1034240K), 0.0040193 secs]
55.403: Total time for which application threads were stopped: 0.0041558 seconds, Stopping threads took: 0.0000153 seconds
55.468: [GC (Allocation Failure)  586993K->265809K(1034752K), 0.0040770 secs]
55.472: Total time for which application threads were stopped: 0.0042091 seconds, Stopping threads took: 0.0000164 seconds
55.537: [GC (Allocation Failure)  587345K->269449K(1034752K), 0.0048138 secs]
55.541: Total time for which application threads were stopped: 0.0049446 seconds, Stopping threads took: 0.0000200 seconds
55.605: [GC (Allocation Failure)  590985K->273931K(1034752K), 0.0040585 secs]
55.610: Total time for which application threads were stopped: 0.0041808 seconds, Stopping threads took: 0.0000163 seconds
55.672: [GC (Allocation Failure)  595467K->273899K(1034752K), 0.0042348 secs]
55.676: Total time for which application threads were stopped: 0.0043733 seconds, Stopping threads took: 0.0000176 seconds
55.737: [GC (Allocation Failure)  595435K->274603K(1034752K), 0.0043076 secs]
55.741: Total time for which application threads were stopped: 0.0044410 seconds, Stopping threads took: 0.0000189 seconds
55.805: [GC (Allocation Failure)  596139K->281902K(1034752K), 0.0040137 secs]
55.809: Total time for which application threads were stopped: 0.0041495 seconds, Stopping threads took: 0.0000171 seconds
55.872: [GC (Allocation Failure)  603438K->281902K(1034752K), 0.0039096 secs]
55.876: Total time for which application threads were stopped: 0.0040375 seconds, Stopping threads took: 0.0000177 seconds
55.937: [GC (Allocation Failure)  603438K->283846K(1034752K), 0.0046447 secs]
55.941: Total time for which application threads were stopped: 0.0047755 seconds, Stopping threads took: 0.0000182 seconds
56.004: [GC (Allocation Failure)  605382K->289992K(1034752K), 0.0042123 secs]
56.009: Total time for which application threads were stopped: 0.0043612 seconds, Stopping threads took: 0.0000180 seconds
56.073: [GC (Allocation Failure)  611528K->289928K(1034752K), 0.0040251 secs]
56.077: Total time for which application threads were stopped: 0.0041621 seconds, Stopping threads took: 0.0000256 seconds
56.141: [GC (Allocation Failure)  611464K->293096K(1034752K), 0.0047846 secs]
56.145: Total time for which application threads were stopped: 0.0049373 seconds, Stopping threads took: 0.0000276 seconds
56.211: [GC (Allocation Failure)  614632K->298090K(1034752K), 0.0039877 secs]
56.215: Total time for which application threads were stopped: 0.0041243 seconds, Stopping threads took: 0.0000195 seconds
56.280: [GC (Allocation Failure)  619626K->297994K(1034752K), 0.0041236 secs]
56.284: Total time for which application threads were stopped: 0.0042584 seconds, Stopping threads took: 0.0000195 seconds
56.347: [GC (Allocation Failure)  619530K->298218K(1021440K), 0.0050376 secs]
56.352: Total time for which application threads were stopped: 0.0051897 seconds, Stopping threads took: 0.0000254 seconds
56.418: [GC (Allocation Failure)  619754K->306060K(1034240K), 0.0042413 secs]
56.422: Total time for which application threads were stopped: 0.0043965 seconds, Stopping threads took: 0.0000199 seconds
56.490: [GC (Allocation Failure)  626572K->305996K(1034240K), 0.0042979 secs]
56.495: Total time for which application threads were stopped: 0.0044497 seconds, Stopping threads took: 0.0000163 seconds
56.560: [GC (Allocation Failure)  626508K->309580K(1034752K), 0.0050948 secs]
56.565: Total time for which application threads were stopped: 0.0052388 seconds, Stopping threads took: 0.0000204 seconds
56.630: [GC (Allocation Failure)  630604K->314031K(1034240K), 0.0041659 secs]
56.634: Total time for which application threads were stopped: 0.0043222 seconds, Stopping threads took: 0.0000203 seconds
56.701: [GC (Allocation Failure)  635055K->314063K(1034752K), 0.0040401 secs]
56.705: Total time for which application threads were stopped: 0.0041965 seconds, Stopping threads took: 0.0000202 seconds
56.772: [GC (Allocation Failure)  635599K->317767K(1034752K), 0.0052179 secs]
56.777: Total time for which application threads were stopped: 0.0053615 seconds, Stopping threads took: 0.0000194 seconds
56.842: [GC (Allocation Failure)  639303K->322121K(1035264K), 0.0041823 secs]
56.847: Total time for which application threads were stopped: 0.0043220 seconds, Stopping threads took: 0.0000188 seconds
56.912: [GC (Allocation Failure)  644681K->322057K(1035264K), 0.0071113 secs]
56.920: Total time for which application threads were stopped: 0.0073759 seconds, Stopping threads took: 0.0000182 seconds
56.985: [GC (Allocation Failure)  644617K->325001K(1035264K), 0.0049459 secs]
56.990: Total time for which application threads were stopped: 0.0050904 seconds, Stopping threads took: 0.0000192 seconds
57.056: [GC (Allocation Failure)  647561K->330123K(1035264K), 0.0043951 secs]
57.060: Total time for which application threads were stopped: 0.0045469 seconds, Stopping threads took: 0.0000194 seconds
57.127: [GC (Allocation Failure)  652683K->330091K(1035264K), 0.0042916 secs]
57.131: Total time for which application threads were stopped: 0.0044683 seconds, Stopping threads took: 0.0000193 seconds
57.197: [GC (Allocation Failure)  652651K->333227K(1035264K), 0.0048758 secs]
57.202: Total time for which application threads were stopped: 0.0050370 seconds, Stopping threads took: 0.0000193 seconds
57.269: [GC (Allocation Failure)  655787K->338253K(1035264K), 0.0044271 secs]
57.274: Total time for which application threads were stopped: 0.0045754 seconds, Stopping threads took: 0.0000186 seconds
57.339: [GC (Allocation Failure)  660813K->338125K(1035264K), 0.0046798 secs]
57.344: Total time for which application threads were stopped: 0.0048737 seconds, Stopping threads took: 0.0000263 seconds
57.410: [GC (Allocation Failure)  660685K->341485K(1035264K), 0.0050488 secs]
57.415: Total time for which application threads were stopped: 0.0052184 seconds, Stopping threads took: 0.0000205 seconds
57.484: [GC (Allocation Failure)  664045K->346224K(1035264K), 0.0051617 secs]
57.489: Total time for which application threads were stopped: 0.0053235 seconds, Stopping threads took: 0.0000202 seconds
57.557: [GC (Allocation Failure)  668784K->346160K(1035264K), 0.0043051 secs]
57.561: Total time for which application threads were stopped: 0.0044676 seconds, Stopping threads took: 0.0000200 seconds
57.628: [GC (Allocation Failure)  668720K->349704K(1035264K), 0.0050510 secs]
57.633: Total time for which application threads were stopped: 0.0052455 seconds, Stopping threads took: 0.0000288 seconds
57.699: [GC (Allocation Failure)  672264K->354218K(1035264K), 0.0043204 secs]
57.704: Total time for which application threads were stopped: 0.0045046 seconds, Stopping threads took: 0.0000197 seconds
57.773: [GC (Allocation Failure)  676778K->354186K(1035264K), 0.0044519 secs]
57.778: Total time for which application threads were stopped: 0.0046257 seconds, Stopping threads took: 0.0000217 seconds
57.845: [GC (Allocation Failure)  676746K->357930K(1035776K), 0.0053871 secs]
57.851: Total time for which application threads were stopped: 0.0055565 seconds, Stopping threads took: 0.0000204 seconds
57.917: [GC (Allocation Failure)  681514K->362412K(1035776K), 0.0045707 secs]
57.922: Total time for which application threads were stopped: 0.0047450 seconds, Stopping threads took: 0.0000202 seconds
57.989: [GC (Allocation Failure)  685996K->362220K(1035776K), 0.0041668 secs]
57.994: Total time for which application threads were stopped: 0.0043320 seconds, Stopping threads took: 0.0000194 seconds
58.061: [GC (Allocation Failure)  685804K->361194K(1035776K), 0.0051035 secs]
58.066: Total time for which application threads were stopped: 0.0052607 seconds, Stopping threads took: 0.0000195 seconds
58.134: [GC (Allocation Failure)  684778K->362412K(1036288K), 0.0044932 secs]
58.139: Total time for which application threads were stopped: 0.0046638 seconds, Stopping threads took: 0.0000195 seconds
58.207: [GC (Allocation Failure)  687020K->362252K(1036288K), 0.0044697 secs]
58.212: Total time for which application threads were stopped: 0.0046414 seconds, Stopping threads took: 0.0000204 seconds
58.278: [GC (Allocation Failure)  686860K->354250K(1034240K), 0.0014615 secs]
58.279: Total time for which application threads were stopped: 0.0015907 seconds, Stopping threads took: 0.0000251 seconds
58.348: [GC (Allocation Failure)  676810K->362308K(1035264K), 0.0050448 secs]
58.353: Total time for which application threads were stopped: 0.0052500 seconds, Stopping threads took: 0.0000263 seconds
58.421: [GC (Allocation Failure)  684868K->366388K(1035776K), 0.0056515 secs]
58.427: Total time for which application threads were stopped: 0.0058219 seconds, Stopping threads took: 0.0000199 seconds
58.494: [GC (Allocation Failure)  689460K->362482K(1035264K), 0.0032035 secs]
58.498: Total time for which application threads were stopped: 0.0033703 seconds, Stopping threads took: 0.0000193 seconds
58.565: [GC (Allocation Failure)  685554K->366508K(1035776K), 0.0044821 secs]
58.570: Total time for which application threads were stopped: 0.0046782 seconds, Stopping threads took: 0.0000204 seconds
58.640: [GC (Allocation Failure)  690092K->370476K(1035776K), 0.0041944 secs]
58.644: Total time for which application threads were stopped: 0.0043902 seconds, Stopping threads took: 0.0000206 seconds
58.714: [GC (Allocation Failure)  694060K->370476K(1035776K), 0.0042518 secs]
58.718: Total time for which application threads were stopped: 0.0044293 seconds, Stopping threads took: 0.0000163 seconds
58.785: [GC (Allocation Failure)  694060K->370820K(1023488K), 0.0044844 secs]
58.790: Total time for which application threads were stopped: 0.0046513 seconds, Stopping threads took: 0.0000197 seconds
58.857: [GC (Allocation Failure)  694404K->378503K(1035264K), 0.0052975 secs]
58.863: Total time for which application threads were stopped: 0.0054625 seconds, Stopping threads took: 0.0000197 seconds
58.931: [GC (Allocation Failure)  701063K->378535K(1035264K), 0.0043635 secs]
58.935: Total time for which application threads were stopped: 0.0045409 seconds, Stopping threads took: 0.0000214 seconds
59.003: [GC (Allocation Failure)  701095K->378975K(1034240K), 0.0050021 secs]
59.008: Total time for which application threads were stopped: 0.0051725 seconds, Stopping threads took: 0.0000279 seconds
59.075: [GC (Allocation Failure)  700511K->386529K(1034752K), 0.0044807 secs]
59.080: Total time for which application threads were stopped: 0.0046741 seconds, Stopping threads took: 0.0000190 seconds
59.149: [GC (Allocation Failure)  708065K->386529K(1034752K), 0.0041063 secs]
59.153: Total time for which application threads were stopped: 0.0042606 seconds, Stopping threads took: 0.0000167 seconds
59.218: [GC (Allocation Failure)  708065K->386697K(1034752K), 0.0043508 secs]
59.223: Total time for which application threads were stopped: 0.0045338 seconds, Stopping threads took: 0.0000202 seconds
59.290: [GC (Allocation Failure)  708233K->394603K(1033728K), 0.0045782 secs]
59.294: Total time for which application threads were stopped: 0.0047507 seconds, Stopping threads took: 0.0000203 seconds
59.363: [GC (Allocation Failure)  715115K->394571K(1034240K), 0.0059112 secs]
59.369: Total time for which application threads were stopped: 0.0060923 seconds, Stopping threads took: 0.0000256 seconds
59.436: [GC (Allocation Failure)  715083K->394699K(1034240K), 0.0044617 secs]
59.440: Total time for which application threads were stopped: 0.0046580 seconds, Stopping threads took: 0.0000204 seconds
59.509: [GC (Allocation Failure)  715211K->402605K(1034240K), 0.0044564 secs]
59.514: Total time for which application threads were stopped: 0.0046086 seconds, Stopping threads took: 0.0000175 seconds
59.580: [GC (Allocation Failure)  723117K->402605K(1034240K), 0.0045571 secs]
59.585: Total time for which application threads were stopped: 0.0047561 seconds, Stopping threads took: 0.0000267 seconds
59.653: [GC (Allocation Failure)  723117K->402669K(1020416K), 0.0045170 secs]
59.658: Total time for which application threads were stopped: 0.0046845 seconds, Stopping threads took: 0.0000259 seconds
59.726: [GC (Allocation Failure)  723181K->410672K(1033728K), 0.0044844 secs]
59.730: Total time for which application threads were stopped: 0.0046544 seconds, Stopping threads took: 0.0000197 seconds
59.799: [GC (Allocation Failure)  730160K->410640K(1033728K), 0.0044079 secs]
59.804: Total time for which application threads were stopped: 0.0045641 seconds, Stopping threads took: 0.0000189 seconds
59.870: [GC (Allocation Failure)  730128K->410888K(1033728K), 0.0045495 secs]
59.874: Total time for which application threads were stopped: 0.0047379 seconds, Stopping threads took: 0.0000192 seconds
59.944: [GC (Allocation Failure)  730376K->418698K(1033728K), 0.0043807 secs]
59.948: Total time for which application threads were stopped: 0.0045385 seconds, Stopping threads took: 0.0000164 seconds
60.016: [GC (Allocation Failure)  738186K->418666K(1033728K), 0.0045477 secs]
60.021: Total time for which application threads were stopped: 0.0047238 seconds, Stopping threads took: 0.0000257 seconds
60.086: [GC (Allocation Failure)  738154K->418890K(1033728K), 0.0045322 secs]
60.091: Total time for which application threads were stopped: 0.0046839 seconds, Stopping threads took: 0.0000172 seconds
60.157: [GC (Allocation Failure)  738378K->426732K(1032704K), 0.0045689 secs]
60.162: Total time for which application threads were stopped: 0.0048774 seconds, Stopping threads took: 0.0000207 seconds
60.227: [GC (Allocation Failure)  745196K->422794K(1033216K), 0.0043257 secs]
60.231: Total time for which application threads were stopped: 0.0044911 seconds, Stopping threads took: 0.0000284 seconds
60.299: [GC (Allocation Failure)  741258K->426860K(1034752K), 0.0043488 secs]
60.303: Total time for which application threads were stopped: 0.0045031 seconds, Stopping threads took: 0.0000185 seconds
60.373: [GC (Allocation Failure)  747884K->430828K(1034240K), 0.0042937 secs]
60.377: Total time for which application threads were stopped: 0.0044355 seconds, Stopping threads took: 0.0000171 seconds
60.442: [GC (Allocation Failure)  751852K->424042K(1034752K), 0.0018366 secs]
60.444: Total time for which application threads were stopped: 0.0019712 seconds, Stopping threads took: 0.0000192 seconds
60.513: [GC (Allocation Failure)  745578K->430868K(1034752K), 0.0043087 secs]
60.517: Total time for which application threads were stopped: 0.0044836 seconds, Stopping threads took: 0.0000281 seconds
60.585: [GC (Allocation Failure)  752404K->434980K(1034752K), 0.0051941 secs]
60.590: Total time for which application threads were stopped: 0.0053652 seconds, Stopping threads took: 0.0000318 seconds
60.657: [GC (Allocation Failure)  756516K->429410K(1034752K), 0.0023262 secs]
60.659: Total time for which application threads were stopped: 0.0024857 seconds, Stopping threads took: 0.0000199 seconds
60.727: [GC (Allocation Failure)  750946K->435276K(1035776K), 0.0046664 secs]
60.731: Total time for which application threads were stopped: 0.0048376 seconds, Stopping threads took: 0.0000193 seconds
60.799: [GC (Allocation Failure)  757836K->439148K(1034752K), 0.0048163 secs]
60.804: Total time for which application threads were stopped: 0.0050232 seconds, Stopping threads took: 0.0000201 seconds
60.871: [GC (Allocation Failure)  761708K->435210K(1035776K), 0.0043768 secs]
60.875: Total time for which application threads were stopped: 0.0045421 seconds, Stopping threads took: 0.0000205 seconds
60.942: [GC (Allocation Failure)  758282K->439276K(1035264K), 0.0047755 secs]
60.947: Total time for which application threads were stopped: 0.0049412 seconds, Stopping threads took: 0.0000212 seconds
61.013: [GC (Allocation Failure)  762348K->443276K(1035264K), 0.0044174 secs]
61.018: Total time for which application threads were stopped: 0.0045672 seconds, Stopping threads took: 0.0000267 seconds
61.083: [GC (Allocation Failure)  766860K->443244K(1035776K), 0.0043862 secs]
61.088: Total time for which application threads were stopped: 0.0045578 seconds, Stopping threads took: 0.0000202 seconds
61.151: [GC (Allocation Failure)  766828K->443308K(1034752K), 0.0043692 secs]
61.155: Total time for which application threads were stopped: 0.0045422 seconds, Stopping threads took: 0.0000204 seconds
61.224: [GC (Allocation Failure)  765868K->451310K(1035264K), 0.0044813 secs]
61.228: Total time for which application threads were stopped: 0.0046557 seconds, Stopping threads took: 0.0000223 seconds
61.294: [GC (Allocation Failure)  773870K->451278K(1034240K), 0.0045865 secs]
61.299: Total time for which application threads were stopped: 0.0047450 seconds, Stopping threads took: 0.0000206 seconds
61.365: [GC (Allocation Failure)  772814K->451334K(1034752K), 0.0045276 secs]
61.370: Total time for which application threads were stopped: 0.0046913 seconds, Stopping threads took: 0.0000174 seconds
61.439: [GC (Allocation Failure)  772870K->459337K(1034752K), 0.0045658 secs]
61.443: Total time for which application threads were stopped: 0.0047363 seconds, Stopping threads took: 0.0000195 seconds
61.512: [GC (Allocation Failure)  780873K->459337K(1029120K), 0.0043994 secs]
61.516: Total time for which application threads were stopped: 0.0045916 seconds, Stopping threads took: 0.0000269 seconds
61.584: [GC (Allocation Failure)  780873K->459561K(1034240K), 0.0045739 secs]
61.589: Total time for which application threads were stopped: 0.0047355 seconds, Stopping threads took: 0.0000198 seconds
61.657: [GC (Allocation Failure)  780073K->467339K(1034240K), 0.0045373 secs]
61.661: Total time for which application threads were stopped: 0.0046987 seconds, Stopping threads took: 0.0000197 seconds
61.729: [GC (Allocation Failure)  787851K->467339K(1034240K), 0.0045795 secs]
61.734: Total time for which application threads were stopped: 0.0047586 seconds, Stopping threads took: 0.0000209 seconds
61.800: [GC (Allocation Failure)  787851K->467779K(1020416K), 0.0049196 secs]
61.805: Total time for which application threads were stopped: 0.0050956 seconds, Stopping threads took: 0.0000198 seconds
61.872: [GC (Allocation Failure)  788291K->475365K(1033728K), 0.0065513 secs]
61.878: Total time for which application threads were stopped: 0.0067190 seconds, Stopping threads took: 0.0000195 seconds
61.945: [GC (Allocation Failure)  794853K->475365K(1033728K), 0.0044194 secs]
61.950: Total time for which application threads were stopped: 0.0045885 seconds, Stopping threads took: 0.0000195 seconds
62.016: [GC (Allocation Failure)  794853K->475493K(1033728K), 0.0047344 secs]
62.021: Total time for which application threads were stopped: 0.0049179 seconds, Stopping threads took: 0.0000276 seconds
62.088: [GC (Allocation Failure)  794981K->483431K(1033728K), 0.0046382 secs]
62.093: Total time for which application threads were stopped: 0.0048107 seconds, Stopping threads took: 0.0000194 seconds
62.160: [GC (Allocation Failure)  802919K->483399K(1033728K), 0.0046742 secs]
62.165: Total time for which application threads were stopped: 0.0048442 seconds, Stopping threads took: 0.0000195 seconds
62.232: [GC (Allocation Failure)  802887K->483463K(1033728K), 0.0046071 secs]
62.236: Total time for which application threads were stopped: 0.0047774 seconds, Stopping threads took: 0.0000194 seconds
62.303: [GC (Allocation Failure)  802951K->491466K(1032704K), 0.0047603 secs]
62.308: Total time for which application threads were stopped: 0.0049352 seconds, Stopping threads took: 0.0000192 seconds
62.377: [GC (Allocation Failure)  809930K->485863K(1033216K), 0.0025845 secs]
62.380: Total time for which application threads were stopped: 0.0027343 seconds, Stopping threads took: 0.0000199 seconds
62.447: [GC (Allocation Failure)  804327K->491690K(1034752K), 0.0047425 secs]
62.451: Total time for which application threads were stopped: 0.0049201 seconds, Stopping threads took: 0.0000221 seconds
62.519: [GC (Allocation Failure)  812202K->495578K(1033728K), 0.0044734 secs]
62.524: Total time for which application threads were stopped: 0.0046437 seconds, Stopping threads took: 0.0000200 seconds
62.592: [GC (Allocation Failure)  816090K->502471K(1029120K), 0.0076265 secs]
62.600: Total time for which application threads were stopped: 0.0077902 seconds, Stopping threads took: 0.0000200 seconds
62.667: [GC (Allocation Failure)  817863K->496394K(1031680K), 0.0046176 secs]
62.671: Total time for which application threads were stopped: 0.0047917 seconds, Stopping threads took: 0.0000195 seconds
62.737: [GC (Allocation Failure)  811786K->496170K(1032704K), 0.0045994 secs]
62.742: Total time for which application threads were stopped: 0.0047478 seconds, Stopping threads took: 0.0000169 seconds
62.806: [GC (Allocation Failure)  813098K->499594K(1032192K), 0.0054105 secs]
62.812: Total time for which application threads were stopped: 0.0055752 seconds, Stopping threads took: 0.0000206 seconds
62.878: [GC (Allocation Failure)  816522K->504364K(1033216K), 0.0045293 secs]
62.883: Total time for which application threads were stopped: 0.0046993 seconds, Stopping threads took: 0.0000198 seconds
62.950: [GC (Allocation Failure)  822316K->504268K(1032704K), 0.0056135 secs]
62.956: Total time for which application threads were stopped: 0.0057789 seconds, Stopping threads took: 0.0000193 seconds
63.022: [GC (Allocation Failure)  822220K->505284K(1033216K), 0.0048586 secs]
63.027: Total time for which application threads were stopped: 0.0050370 seconds, Stopping threads took: 0.0000272 seconds
63.094: [GC (Allocation Failure)  823748K->512262K(1033216K), 0.0054227 secs]
63.100: Total time for which application threads were stopped: 0.0055925 seconds, Stopping threads took: 0.0000195 seconds
63.169: [GC (Allocation Failure)  830726K->512294K(1033728K), 0.0046431 secs]
63.174: Total time for which application threads were stopped: 0.0048578 seconds, Stopping threads took: 0.0000196 seconds
63.242: [GC (Allocation Failure)  831270K->513966K(1033216K), 0.0049406 secs]
63.247: Total time for which application threads were stopped: 0.0051316 seconds, Stopping threads took: 0.0000186 seconds
63.314: [GC (Allocation Failure)  832942K->520369K(1033728K), 0.0047787 secs]
63.319: Total time for which application threads were stopped: 0.0049454 seconds, Stopping threads took: 0.0000193 seconds
63.387: [GC (Allocation Failure)  839857K->520305K(1033728K), 0.0047718 secs]
63.392: Total time for which application threads were stopped: 0.0049407 seconds, Stopping threads took: 0.0000192 seconds
63.458: [GC (Allocation Failure)  839793K->520649K(1033728K), 0.0046905 secs]
63.463: Total time for which application threads were stopped: 0.0048583 seconds, Stopping threads took: 0.0000192 seconds
63.530: [GC (Allocation Failure)  840137K->528363K(1033728K), 0.0047786 secs]
63.535: Total time for which application threads were stopped: 0.0049451 seconds, Stopping threads took: 0.0000199 seconds
63.602: [GC (Allocation Failure)  847851K->528331K(1033728K), 0.0044631 secs]
63.606: Total time for which application threads were stopped: 0.0046241 seconds, Stopping threads took: 0.0000197 seconds
63.672: [GC (Allocation Failure)  847819K->531947K(1033728K), 0.0055125 secs]
63.678: Total time for which application threads were stopped: 0.0056835 seconds, Stopping threads took: 0.0000201 seconds
63.746: [GC (Allocation Failure)  851435K->536429K(1034240K), 0.0049042 secs]
63.751: Total time for which application threads were stopped: 0.0050899 seconds, Stopping threads took: 0.0000283 seconds
63.817: [GC (Allocation Failure)  856941K->536333K(1034240K), 0.0046393 secs]
63.822: Total time for which application threads were stopped: 0.0048191 seconds, Stopping threads took: 0.0000195 seconds
63.888: [GC (Allocation Failure)  856845K->537101K(1034240K), 0.0046860 secs]
63.893: Total time for which application threads were stopped: 0.0048477 seconds, Stopping threads took: 0.0000198 seconds
63.960: [GC (Allocation Failure)  857613K->544431K(1034240K), 0.0047418 secs]
63.965: Total time for which application threads were stopped: 0.0049020 seconds, Stopping threads took: 0.0000195 seconds
64.033: [GC (Allocation Failure)  864943K->544399K(1034240K), 0.0045195 secs]
64.038: Total time for which application threads were stopped: 0.0046988 seconds, Stopping threads took: 0.0000260 seconds
64.106: [GC (Allocation Failure)  864911K->545327K(1034240K), 0.0047498 secs]
64.111: Total time for which application threads were stopped: 0.0049464 seconds, Stopping threads took: 0.0000203 seconds
64.181: [GC (Allocation Failure)  865839K->552434K(1034240K), 0.0046439 secs]
64.186: Total time for which application threads were stopped: 0.0048364 seconds, Stopping threads took: 0.0000196 seconds
64.255: [GC (Allocation Failure)  872946K->552434K(1034240K), 0.0048478 secs]
64.260: Total time for which application threads were stopped: 0.0050164 seconds, Stopping threads took: 0.0000192 seconds
64.328: [GC (Allocation Failure)  872946K->553610K(1034240K), 0.0048557 secs]
64.333: Total time for which application threads were stopped: 0.0050405 seconds, Stopping threads took: 0.0000206 seconds
64.402: [GC (Allocation Failure)  874122K->560492K(1034240K), 0.0048694 secs]
64.407: Total time for which application threads were stopped: 0.0050356 seconds, Stopping threads took: 0.0000192 seconds
64.476: [GC (Allocation Failure)  881004K->560460K(1034240K), 0.0049177 secs]
64.481: Total time for which application threads were stopped: 0.0051072 seconds, Stopping threads took: 0.0000194 seconds
64.549: [GC (Allocation Failure)  880972K->560812K(1020416K), 0.0046519 secs]
64.554: Total time for which application threads were stopped: 0.0048110 seconds, Stopping threads took: 0.0000250 seconds
64.622: [GC (Allocation Failure)  881324K->568590K(1033728K), 0.0048943 secs]
64.627: Total time for which application threads were stopped: 0.0050891 seconds, Stopping threads took: 0.0000200 seconds
64.696: [GC (Allocation Failure)  888078K->568494K(1033728K), 0.0046269 secs]
64.700: Total time for which application threads were stopped: 0.0048066 seconds, Stopping threads took: 0.0000196 seconds
64.767: [GC (Allocation Failure)  887982K->569038K(1033728K), 0.0048000 secs]
64.772: Total time for which application threads were stopped: 0.0049646 seconds, Stopping threads took: 0.0000202 seconds
64.839: [GC (Allocation Failure)  888526K->576592K(1033728K), 0.0048740 secs]
64.844: Total time for which application threads were stopped: 0.0050542 seconds, Stopping threads took: 0.0000192 seconds
64.911: [GC (Allocation Failure)  896080K->576528K(1033728K), 0.0046958 secs]
64.916: Total time for which application threads were stopped: 0.0048760 seconds, Stopping threads took: 0.0000197 seconds
64.982: [GC (Allocation Failure)  896016K->577232K(1033728K), 0.0056772 secs]
64.988: Total time for which application threads were stopped: 0.0058500 seconds, Stopping threads took: 0.0000201 seconds
65.057: [GC (Allocation Failure)  896720K->584595K(1033728K), 0.0046160 secs]
65.061: Total time for which application threads were stopped: 0.0047904 seconds, Stopping threads took: 0.0000263 seconds
65.130: [GC (Allocation Failure)  904083K->584595K(1033728K), 0.0048782 secs]
65.135: Total time for which application threads were stopped: 0.0050484 seconds, Stopping threads took: 0.0000196 seconds
65.202: [GC (Allocation Failure)  904083K->586571K(1033728K), 0.0049771 secs]
65.207: Total time for which application threads were stopped: 0.0051829 seconds, Stopping threads took: 0.0000198 seconds
65.275: [GC (Allocation Failure)  906059K->592621K(1033728K), 0.0048915 secs]
65.280: Total time for which application threads were stopped: 0.0050615 seconds, Stopping threads took: 0.0000196 seconds
65.347: [GC (Allocation Failure)  912109K->592557K(1033728K), 0.0057839 secs]
65.353: Total time for which application threads were stopped: 0.0060009 seconds, Stopping threads took: 0.0000269 seconds
65.420: [GC (Allocation Failure)  912045K->593733K(1033728K), 0.0050299 secs]
65.425: Total time for which application threads were stopped: 0.0051977 seconds, Stopping threads took: 0.0000193 seconds
65.492: [GC (Allocation Failure)  913221K->600615K(1033728K), 0.0049528 secs]
65.497: Total time for which application threads were stopped: 0.0051229 seconds, Stopping threads took: 0.0000192 seconds
65.565: [GC (Allocation Failure)  920103K->600583K(1033728K), 0.0047124 secs]
65.570: Total time for which application threads were stopped: 0.0049086 seconds, Stopping threads took: 0.0000193 seconds
65.637: [GC (Allocation Failure)  920071K->600935K(1033728K), 0.0048141 secs]
65.642: Total time for which application threads were stopped: 0.0049733 seconds, Stopping threads took: 0.0000172 seconds
65.710: [GC (Allocation Failure)  920423K->608681K(1033728K), 0.0048319 secs]
65.714: Total time for which application threads were stopped: 0.0050033 seconds, Stopping threads took: 0.0000204 seconds
65.781: [GC (Allocation Failure)  928169K->608649K(1033728K), 0.0048613 secs]
65.786: Total time for which application threads were stopped: 0.0050279 seconds, Stopping threads took: 0.0000196 seconds
65.852: [GC (Allocation Failure)  928137K->609193K(1033728K), 0.0049475 secs]
65.857: Total time for which application threads were stopped: 0.0051189 seconds, Stopping threads took: 0.0000194 seconds
65.925: [GC (Allocation Failure)  928681K->616716K(1033728K), 0.0049544 secs]
65.930: Total time for which application threads were stopped: 0.0051143 seconds, Stopping threads took: 0.0000195 seconds
65.998: [GC (Allocation Failure)  936204K->616684K(1033728K), 0.0049020 secs]
66.003: Total time for which application threads were stopped: 0.0050678 seconds, Stopping threads took: 0.0000207 seconds
66.069: [GC (Allocation Failure)  936172K->617420K(1033728K), 0.0049637 secs]
66.074: Total time for which application threads were stopped: 0.0051545 seconds, Stopping threads took: 0.0000192 seconds
66.143: [GC (Allocation Failure)  936908K->624686K(1033728K), 0.0048534 secs]
66.148: Total time for which application threads were stopped: 0.0050265 seconds, Stopping threads took: 0.0000209 seconds
66.217: [GC (Allocation Failure)  944174K->624718K(1033728K), 0.0049139 secs]
66.222: Total time for which application threads were stopped: 0.0050774 seconds, Stopping threads took: 0.0000199 seconds
66.287: [GC (Allocation Failure)  944206K->625646K(1033728K), 0.0050234 secs]
66.292: Total time for which application threads were stopped: 0.0051956 seconds, Stopping threads took: 0.0000200 seconds
66.360: [GC (Allocation Failure)  945134K->632720K(1033728K), 0.0064275 secs]
66.367: Total time for which application threads were stopped: 0.0065927 seconds, Stopping threads took: 0.0000261 seconds
66.434: [GC (Allocation Failure)  952208K->632784K(1033728K), 0.0048990 secs]
66.439: Total time for which application threads were stopped: 0.0050591 seconds, Stopping threads took: 0.0000192 seconds
66.506: [GC (Allocation Failure)  952272K->632872K(1033728K), 0.0047251 secs]
66.511: Total time for which application threads were stopped: 0.0048936 seconds, Stopping threads took: 0.0000263 seconds
66.579: [GC (Allocation Failure)  952360K->640778K(1027072K), 0.0046190 secs]
66.583: Total time for which application threads were stopped: 0.0047849 seconds, Stopping threads took: 0.0000265 seconds
66.652: [GC (Allocation Failure)  960266K->640810K(1033216K), 0.0050508 secs]
66.657: Total time for which application threads were stopped: 0.0052339 seconds, Stopping threads took: 0.0000195 seconds
66.723: [GC (Allocation Failure)  959274K->641098K(1033216K), 0.0050103 secs]
66.728: Total time for which application threads were stopped: 0.0051795 seconds, Stopping threads took: 0.0000192 seconds
66.795: [GC (Allocation Failure)  959562K->648813K(1033216K), 0.0049069 secs]
66.800: Total time for which application threads were stopped: 0.0050823 seconds, Stopping threads took: 0.0000215 seconds
66.866: [GC (Allocation Failure)  967277K->648845K(1033216K), 0.0048666 secs]
66.871: Total time for which application threads were stopped: 0.0050250 seconds, Stopping threads took: 0.0000195 seconds
66.935: [GC (Allocation Failure)  967309K->649357K(1033216K), 0.0048902 secs]
66.940: Total time for which application threads were stopped: 0.0050783 seconds, Stopping threads took: 0.0000192 seconds
67.007: [GC (Allocation Failure)  967821K->656847K(1033216K), 0.0048155 secs]
67.012: Total time for which application threads were stopped: 0.0049803 seconds, Stopping threads took: 0.0000249 seconds
67.079: [GC (Allocation Failure)  975311K->656847K(1033216K), 0.0048764 secs]
67.084: Total time for which application threads were stopped: 0.0050448 seconds, Stopping threads took: 0.0000197 seconds
67.149: [GC (Allocation Failure)  975311K->657071K(1033216K), 0.0063804 secs]
67.155: Total time for which application threads were stopped: 0.0065542 seconds, Stopping threads took: 0.0000200 seconds
67.222: [GC (Allocation Failure)  975535K->664881K(1033216K), 0.0049822 secs]
67.227: Total time for which application threads were stopped: 0.0051401 seconds, Stopping threads took: 0.0000165 seconds
67.293: [GC (Allocation Failure)  983345K->664913K(1033216K), 0.0047923 secs]
67.298: Total time for which application threads were stopped: 0.0049540 seconds, Stopping threads took: 0.0000206 seconds
67.366: [GC (Allocation Failure)  983377K->665033K(1033216K), 0.0047720 secs]
67.371: Total time for which application threads were stopped: 0.0049400 seconds, Stopping threads took: 0.0000192 seconds
67.438: [GC (Allocation Failure)  983497K->672908K(1033216K), 0.0051403 secs]
67.443: Total time for which application threads were stopped: 0.0053101 seconds, Stopping threads took: 0.0000203 seconds
67.509: [GC (Allocation Failure)  991372K->672908K(1033216K), 0.0049337 secs]
67.514: Total time for which application threads were stopped: 0.0051011 seconds, Stopping threads took: 0.0000265 seconds
67.580: [GC (Allocation Failure)  991372K->672972K(1033216K), 0.0049662 secs]
67.585: Total time for which application threads were stopped: 0.0051357 seconds, Stopping threads took: 0.0000194 seconds
67.652: [GC (Allocation Failure)  991436K->680942K(1033216K), 0.0058904 secs]
67.658: Total time for which application threads were stopped: 0.0060628 seconds, Stopping threads took: 0.0000201 seconds
67.724: [GC (Allocation Failure)  999406K->680942K(1033216K), 0.0051103 secs]
67.729: Total time for which application threads were stopped: 0.0052868 seconds, Stopping threads took: 0.0000212 seconds
67.796: [GC (Allocation Failure)  999406K->681190K(1033216K), 0.0051147 secs]
67.801: Total time for which application threads were stopped: 0.0052952 seconds, Stopping threads took: 0.0000197 seconds
67.868: [GC (Allocation Failure)  999654K->689000K(1033216K), 0.0050271 secs]
67.874: Total time for which application threads were stopped: 0.0052156 seconds, Stopping threads took: 0.0000370 seconds
67.941: [GC (Allocation Failure)  1007464K->688936K(1033216K), 0.0048402 secs]
67.946: Total time for which application threads were stopped: 0.0050014 seconds, Stopping threads took: 0.0000205 seconds
68.012: [GC (Allocation Failure)  1007400K->689224K(1033216K), 0.0050448 secs]
68.017: [Full GC (Ergonomics)  689224K->8680K(1033216K), 0.0142822 secs]
68.031: Total time for which application threads were stopped: 0.0195880 seconds, Stopping threads took: 0.0000282 seconds
68.096: [GC (Allocation Failure)  327144K->16811K(1033216K), 0.0038110 secs]
68.100: Total time for which application threads were stopped: 0.0039687 seconds, Stopping threads took: 0.0000262 seconds
68.162: [GC (Allocation Failure)  335275K->12912K(1033216K), 0.0027508 secs]
68.164: Total time for which application threads were stopped: 0.0029162 seconds, Stopping threads took: 0.0000198 seconds
68.231: [GC (Allocation Failure)  331376K->16971K(1034240K), 0.0035344 secs]
68.234: Total time for which application threads were stopped: 0.0036795 seconds, Stopping threads took: 0.0000284 seconds
68.298: [GC (Allocation Failure)  336971K->20971K(1033728K), 0.0035312 secs]
68.301: Total time for which application threads were stopped: 0.0036837 seconds, Stopping threads took: 0.0000194 seconds
68.366: [GC (Allocation Failure)  340971K->28464K(1028096K), 0.0068399 secs]
68.373: Total time for which application threads were stopped: 0.0069966 seconds, Stopping threads took: 0.0000144 seconds
68.441: [GC (Allocation Failure)  342832K->22259K(1031168K), 0.0039618 secs]
68.445: Total time for which application threads were stopped: 0.0041397 seconds, Stopping threads took: 0.0000274 seconds
68.512: [GC (Allocation Failure)  336627K->22163K(1032192K), 0.0036067 secs]
68.516: Total time for which application threads were stopped: 0.0037707 seconds, Stopping threads took: 0.0000196 seconds
68.581: [GC (Allocation Failure)  338067K->23147K(1031680K), 0.0039525 secs]
68.585: Total time for which application threads were stopped: 0.0041297 seconds, Stopping threads took: 0.0000302 seconds
68.652: [GC (Allocation Failure)  339051K->30253K(1032704K), 0.0037503 secs]
68.656: Total time for which application threads were stopped: 0.0039251 seconds, Stopping threads took: 0.0000219 seconds
68.723: [GC (Allocation Failure)  347181K->30221K(1032192K), 0.0034475 secs]
68.726: Total time for which application threads were stopped: 0.0035765 seconds, Stopping threads took: 0.0000166 seconds
68.789: [GC (Allocation Failure)  347149K->33957K(1033216K), 0.0045347 secs]
68.793: Total time for which application threads were stopped: 0.0046810 seconds, Stopping threads took: 0.0000284 seconds
68.857: [GC (Allocation Failure)  351909K->38311K(1032704K), 0.0035656 secs]
68.861: Total time for which application threads were stopped: 0.0037214 seconds, Stopping threads took: 0.0000199 seconds
68.923: [GC (Allocation Failure)  356263K->38215K(1033728K), 0.0035913 secs]
68.927: Total time for which application threads were stopped: 0.0037241 seconds, Stopping threads took: 0.0000188 seconds
68.992: [GC (Allocation Failure)  357703K->42183K(1033728K), 0.0046396 secs]
68.997: Total time for which application threads were stopped: 0.0047795 seconds, Stopping threads took: 0.0000263 seconds
69.061: [GC (Allocation Failure)  361671K->46409K(1034240K), 0.0036500 secs]
69.065: Total time for which application threads were stopped: 0.0037882 seconds, Stopping threads took: 0.0000254 seconds
69.130: [GC (Allocation Failure)  366921K->46249K(1034240K), 0.0034232 secs]
69.133: Total time for which application threads were stopped: 0.0035699 seconds, Stopping threads took: 0.0000203 seconds
69.196: [GC (Allocation Failure)  366761K->47337K(1034240K), 0.0038187 secs]
69.200: Total time for which application threads were stopped: 0.0039498 seconds, Stopping threads took: 0.0000195 seconds
69.263: [GC (Allocation Failure)  367849K->54412K(1034240K), 0.0035899 secs]
69.267: Total time for which application threads were stopped: 0.0037158 seconds, Stopping threads took: 0.0000182 seconds
69.330: [GC (Allocation Failure)  374924K->54316K(1034240K), 0.0037478 secs]
69.334: Total time for which application threads were stopped: 0.0038734 seconds, Stopping threads took: 0.0000173 seconds
69.401: [GC (Allocation Failure)  374828K->57636K(1034240K), 0.0045415 secs]
69.405: Total time for which application threads were stopped: 0.0047005 seconds, Stopping threads took: 0.0000203 seconds
69.473: [GC (Allocation Failure)  378148K->62374K(1034752K), 0.0037675 secs]
69.477: Total time for which application threads were stopped: 0.0039536 seconds, Stopping threads took: 0.0000282 seconds
69.544: [GC (Allocation Failure)  383910K->62374K(1034752K), 0.0038071 secs]
69.548: Total time for which application threads were stopped: 0.0040021 seconds, Stopping threads took: 0.0000273 seconds
69.613: [GC (Allocation Failure)  383910K->65838K(1034752K), 0.0047461 secs]
69.618: Total time for which application threads were stopped: 0.0049152 seconds, Stopping threads took: 0.0000187 seconds
69.688: [GC (Allocation Failure)  387374K->70416K(1034752K), 0.0038775 secs]
69.692: Total time for which application threads were stopped: 0.0040678 seconds, Stopping threads took: 0.0000198 seconds
69.760: [GC (Allocation Failure)  391952K->70416K(1035264K), 0.0040230 secs]
69.764: Total time for which application threads were stopped: 0.0041966 seconds, Stopping threads took: 0.0000192 seconds
69.829: [GC (Allocation Failure)  392464K->71536K(1034752K), 0.0039073 secs]
69.833: Total time for which application threads were stopped: 0.0040567 seconds, Stopping threads took: 0.0000194 seconds
69.901: [GC (Allocation Failure)  393584K->78450K(1034752K), 0.0036249 secs]
69.905: Total time for which application threads were stopped: 0.0037732 seconds, Stopping threads took: 0.0000187 seconds
69.971: [GC (Allocation Failure)  399986K->78418K(1034752K), 0.0036974 secs]
69.975: Total time for which application threads were stopped: 0.0038466 seconds, Stopping threads took: 0.0000201 seconds
70.039: [GC (Allocation Failure)  399954K->81322K(1034752K), 0.0043137 secs]
70.043: Total time for which application threads were stopped: 0.0044750 seconds, Stopping threads took: 0.0000277 seconds
70.108: [GC (Allocation Failure)  402858K->86541K(1034752K), 0.0037578 secs]
70.112: Total time for which application threads were stopped: 0.0039005 seconds, Stopping threads took: 0.0000197 seconds
70.174: [GC (Allocation Failure)  408077K->86445K(1034752K), 0.0037963 secs]
70.178: Total time for which application threads were stopped: 0.0039401 seconds, Stopping threads took: 0.0000187 seconds
70.242: [GC (Allocation Failure)  407981K->90573K(1034752K), 0.0047879 secs]
70.247: Total time for which application threads were stopped: 0.0049236 seconds, Stopping threads took: 0.0000191 seconds
70.311: [GC (Allocation Failure)  412109K->94543K(1035264K), 0.0037390 secs]
70.315: Total time for which application threads were stopped: 0.0038877 seconds, Stopping threads took: 0.0000193 seconds
70.383: [GC (Allocation Failure)  417103K->94479K(1035264K), 0.0037014 secs]
70.387: Total time for which application threads were stopped: 0.0038634 seconds, Stopping threads took: 0.0000196 seconds
70.453: [GC (Allocation Failure)  417039K->97767K(1035264K), 0.0044697 secs]
70.458: Total time for which application threads were stopped: 0.0046336 seconds, Stopping threads took: 0.0000199 seconds
70.528: [GC (Allocation Failure)  420327K->102505K(1035264K), 0.0037750 secs]
70.532: Total time for which application threads were stopped: 0.0039284 seconds, Stopping threads took: 0.0000251 seconds
70.599: [GC (Allocation Failure)  425065K->102505K(1035264K), 0.0040386 secs]
70.604: Total time for which application threads were stopped: 0.0041938 seconds, Stopping threads took: 0.0000198 seconds
70.671: [GC (Allocation Failure)  425065K->105993K(1035264K), 0.0046111 secs]
70.676: Total time for which application threads were stopped: 0.0047735 seconds, Stopping threads took: 0.0000202 seconds
70.744: [GC (Allocation Failure)  428553K->110539K(1035776K), 0.0041848 secs]
70.749: Total time for which application threads were stopped: 0.0043424 seconds, Stopping threads took: 0.0000205 seconds
70.815: [GC (Allocation Failure)  434123K->110539K(1035776K), 0.0037476 secs]
70.819: Total time for which application threads were stopped: 0.0038993 seconds, Stopping threads took: 0.0000208 seconds
70.886: [GC (Allocation Failure)  434123K->112163K(1034752K), 0.0040098 secs]
70.890: Total time for which application threads were stopped: 0.0041651 seconds, Stopping threads took: 0.0000199 seconds
70.957: [GC (Allocation Failure)  434723K->118598K(1035264K), 0.0040597 secs]
70.961: Total time for which application threads were stopped: 0.0042108 seconds, Stopping threads took: 0.0000191 seconds
71.026: [GC (Allocation Failure)  441158K->118566K(1035264K), 0.0037232 secs]
71.030: Total time for which application threads were stopped: 0.0038537 seconds, Stopping threads took: 0.0000189 seconds
71.092: [GC (Allocation Failure)  441126K->120422K(1035264K), 0.0041479 secs]
71.096: Total time for which application threads were stopped: 0.0042909 seconds, Stopping threads took: 0.0000273 seconds
71.162: [GC (Allocation Failure)  442982K->126696K(1035264K), 0.0039143 secs]
71.166: Total time for which application threads were stopped: 0.0040682 seconds, Stopping threads took: 0.0000241 seconds
71.230: [GC (Allocation Failure)  449256K->126600K(1035264K), 0.0036570 secs]
71.233: Total time for which application threads were stopped: 0.0037850 seconds, Stopping threads took: 0.0000173 seconds
71.296: [GC (Allocation Failure)  449160K->128648K(1035264K), 0.0041184 secs]
71.300: Total time for which application threads were stopped: 0.0042642 seconds, Stopping threads took: 0.0000273 seconds
71.365: [GC (Allocation Failure)  451208K->134698K(1035264K), 0.0037058 secs]
71.369: Total time for which application threads were stopped: 0.0038486 seconds, Stopping threads took: 0.0000146 seconds
71.434: [GC (Allocation Failure)  457258K->134634K(1035264K), 0.0038337 secs]
71.438: Total time for which application threads were stopped: 0.0039681 seconds, Stopping threads took: 0.0000195 seconds
71.504: [GC (Allocation Failure)  457194K->128872K(1035264K), 0.0017748 secs]
71.506: Total time for which application threads were stopped: 0.0019073 seconds, Stopping threads took: 0.0000189 seconds
71.569: [GC (Allocation Failure)  451432K->134890K(1034240K), 0.0038152 secs]
71.573: Total time for which application threads were stopped: 0.0039590 seconds, Stopping threads took: 0.0000192 seconds
71.640: [GC (Allocation Failure)  456426K->134666K(1034752K), 0.0037016 secs]
71.643: Total time for which application threads were stopped: 0.0038338 seconds, Stopping threads took: 0.0000189 seconds
71.705: [GC (Allocation Failure)  456202K->131112K(1035264K), 0.0024260 secs]
71.708: Total time for which application threads were stopped: 0.0025605 seconds, Stopping threads took: 0.0000187 seconds
71.772: [GC (Allocation Failure)  453160K->134794K(1034752K), 0.0038679 secs]
71.776: Total time for which application threads were stopped: 0.0040109 seconds, Stopping threads took: 0.0000209 seconds
71.840: [GC (Allocation Failure)  456842K->134634K(1035264K), 0.0037059 secs]
71.844: Total time for which application threads were stopped: 0.0038429 seconds, Stopping threads took: 0.0000204 seconds
71.909: [GC (Allocation Failure)  457194K->134376K(1035264K), 0.0038613 secs]
71.913: Total time for which application threads were stopped: 0.0040156 seconds, Stopping threads took: 0.0000198 seconds
71.977: [GC (Allocation Failure)  456936K->134794K(1035776K), 0.0036735 secs]
71.981: Total time for which application threads were stopped: 0.0038282 seconds, Stopping threads took: 0.0000383 seconds
72.046: [GC (Allocation Failure)  457866K->134602K(1035264K), 0.0038216 secs]
72.050: Total time for which application threads were stopped: 0.0039653 seconds, Stopping threads took: 0.0000279 seconds
72.112: [GC (Allocation Failure)  457674K->139656K(1032704K), 0.0059701 secs]
72.118: Total time for which application threads were stopped: 0.0061145 seconds, Stopping threads took: 0.0000256 seconds
72.183: [GC (Allocation Failure)  460168K->135018K(1034240K), 0.0036768 secs]
72.187: Total time for which application threads were stopped: 0.0038079 seconds, Stopping threads took: 0.0000189 seconds
72.252: [GC (Allocation Failure)  455530K->134954K(1034752K), 0.0036389 secs]
72.256: Total time for which application threads were stopped: 0.0037674 seconds, Stopping threads took: 0.0000175 seconds
72.318: [GC (Allocation Failure)  455978K->138632K(1032192K), 0.0053300 secs]
72.324: Total time for which application threads were stopped: 0.0054636 seconds, Stopping threads took: 0.0000188 seconds
72.390: [GC (Allocation Failure)  459656K->134954K(1034752K), 0.0040707 secs]
72.394: Total time for which application threads were stopped: 0.0042533 seconds, Stopping threads took: 0.0000205 seconds
72.463: [GC (Allocation Failure)  455466K->134922K(1033728K), 0.0040042 secs]
72.467: Total time for which application threads were stopped: 0.0041758 seconds, Stopping threads took: 0.0000208 seconds
72.534: [GC (Allocation Failure)  455434K->137288K(1034240K), 0.0047653 secs]
72.539: Total time for which application threads were stopped: 0.0049301 seconds, Stopping threads took: 0.0000260 seconds
72.607: [GC (Allocation Failure)  458824K->135146K(1034752K), 0.0038636 secs]
72.611: Total time for which application threads were stopped: 0.0040471 seconds, Stopping threads took: 0.0000201 seconds
72.678: [GC (Allocation Failure)  456682K->134922K(1035776K), 0.0040554 secs]
72.682: Total time for which application threads were stopped: 0.0042131 seconds, Stopping threads took: 0.0000200 seconds
72.749: [GC (Allocation Failure)  457994K->140040K(1035264K), 0.0060804 secs]
72.755: Total time for which application threads were stopped: 0.0062167 seconds, Stopping threads took: 0.0000168 seconds
72.823: [GC (Allocation Failure)  463112K->135466K(1034240K), 0.0037667 secs]
72.827: Total time for which application threads were stopped: 0.0038970 seconds, Stopping threads took: 0.0000200 seconds
72.892: [GC (Allocation Failure)  457002K->135306K(1034752K), 0.0039327 secs]
72.896: Total time for which application threads were stopped: 0.0040764 seconds, Stopping threads took: 0.0000193 seconds
72.957: [GC (Allocation Failure)  456842K->143176K(1030144K), 0.0076067 secs]
72.965: Total time for which application threads were stopped: 0.0077458 seconds, Stopping threads took: 0.0000191 seconds
73.029: [GC (Allocation Failure)  460616K->138026K(1032704K), 0.0039219 secs]
73.033: Total time for which application threads were stopped: 0.0040596 seconds, Stopping threads took: 0.0000260 seconds
73.100: [GC (Allocation Failure)  455466K->137930K(1033728K), 0.0036464 secs]
73.103: Total time for which application threads were stopped: 0.0037863 seconds, Stopping threads took: 0.0000276 seconds
73.168: [GC (Allocation Failure)  456906K->136328K(1033216K), 0.0032580 secs]
73.171: Total time for which application threads were stopped: 0.0034069 seconds, Stopping threads took: 0.0000262 seconds
73.234: [GC (Allocation Failure)  455304K->138026K(1034240K), 0.0036917 secs]
73.238: Total time for which application threads were stopped: 0.0038431 seconds, Stopping threads took: 0.0000252 seconds
73.302: [GC (Allocation Failure)  458026K->137930K(1033728K), 0.0039676 secs]
73.306: Total time for which application threads were stopped: 0.0041037 seconds, Stopping threads took: 0.0000194 seconds
73.368: [GC (Allocation Failure)  457930K->131880K(1032704K), 0.0014290 secs]
73.370: Total time for which application threads were stopped: 0.0015610 seconds, Stopping threads took: 0.0000176 seconds
73.439: [GC (Allocation Failure)  451368K->137994K(1033728K), 0.0037720 secs]
73.443: Total time for which application threads were stopped: 0.0039106 seconds, Stopping threads took: 0.0000167 seconds
73.510: [GC (Allocation Failure)  457482K->137930K(1035264K), 0.0036319 secs]
73.514: Total time for which application threads were stopped: 0.0037793 seconds, Stopping threads took: 0.0000266 seconds
73.578: [GC (Allocation Failure)  459978K->141706K(1034752K), 0.0045574 secs]
73.583: Total time for which application threads were stopped: 0.0046998 seconds, Stopping threads took: 0.0000259 seconds
73.648: [GC (Allocation Failure)  463754K->146189K(1035264K), 0.0037020 secs]
73.652: Total time for which application threads were stopped: 0.0038310 seconds, Stopping threads took: 0.0000197 seconds
73.720: [GC (Allocation Failure)  468237K->145997K(1034752K), 0.0037653 secs]
73.724: Total time for which application threads were stopped: 0.0038854 seconds, Stopping threads took: 0.0000167 seconds
73.787: [GC (Allocation Failure)  468045K->140362K(1034752K), 0.0016352 secs]
73.789: Total time for which application threads were stopped: 0.0017779 seconds, Stopping threads took: 0.0000268 seconds
73.853: [GC (Allocation Failure)  462922K->146157K(1035264K), 0.0037043 secs]
73.857: Total time for which application threads were stopped: 0.0038648 seconds, Stopping threads took: 0.0000194 seconds
73.924: [GC (Allocation Failure)  468717K->145997K(1035776K), 0.0036841 secs]
73.927: Total time for which application threads were stopped: 0.0038224 seconds, Stopping threads took: 0.0000212 seconds
73.991: [GC (Allocation Failure)  469069K->145130K(1035264K), 0.0036432 secs]
73.995: Total time for which application threads were stopped: 0.0037878 seconds, Stopping threads took: 0.0000193 seconds
74.059: [GC (Allocation Failure)  468202K->146093K(1036288K), 0.0040106 secs]
74.063: Total time for which application threads were stopped: 0.0041565 seconds, Stopping threads took: 0.0000196 seconds
74.128: [GC (Allocation Failure)  470701K->145965K(1036288K), 0.0037946 secs]
74.132: Total time for which application threads were stopped: 0.0039277 seconds, Stopping threads took: 0.0000194 seconds
74.193: [GC (Allocation Failure)  470573K->154026K(1030656K), 0.0078956 secs]
74.201: Total time for which application threads were stopped: 0.0080379 seconds, Stopping threads took: 0.0000187 seconds
74.265: [GC (Allocation Failure)  473514K->150381K(1033728K), 0.0038071 secs]
74.269: Total time for which application threads were stopped: 0.0039694 seconds, Stopping threads took: 0.0000241 seconds
74.335: [GC (Allocation Failure)  469869K->150317K(1034752K), 0.0037186 secs]
74.339: Total time for which application threads were stopped: 0.0038449 seconds, Stopping threads took: 0.0000157 seconds
74.404: [GC (Allocation Failure)  471341K->155050K(1033216K), 0.0057358 secs]
74.410: Total time for which application threads were stopped: 0.0059239 seconds, Stopping threads took: 0.0000195 seconds
74.479: [GC (Allocation Failure)  476074K->150573K(1034240K), 0.0038997 secs]
74.483: Total time for which application threads were stopped: 0.0040479 seconds, Stopping threads took: 0.0000194 seconds
74.552: [GC (Allocation Failure)  470573K->150349K(1033728K), 0.0038372 secs]
74.555: Total time for which application threads were stopped: 0.0039959 seconds, Stopping threads took: 0.0000206 seconds
74.623: [GC (Allocation Failure)  470349K->152682K(1034752K), 0.0047008 secs]
74.628: Total time for which application threads were stopped: 0.0048537 seconds, Stopping threads took: 0.0000291 seconds
74.695: [GC (Allocation Failure)  474218K->150509K(1034752K), 0.0039044 secs]
74.699: Total time for which application threads were stopped: 0.0040536 seconds, Stopping threads took: 0.0000192 seconds
74.765: [GC (Allocation Failure)  472045K->150317K(1035264K), 0.0038620 secs]
74.769: Total time for which application threads were stopped: 0.0040126 seconds, Stopping threads took: 0.0000194 seconds
74.834: [GC (Allocation Failure)  472365K->154410K(1033728K), 0.0055321 secs]
74.839: Total time for which application threads were stopped: 0.0056737 seconds, Stopping threads took: 0.0000265 seconds
74.906: [GC (Allocation Failure)  476458K->150445K(1034752K), 0.0036785 secs]
74.910: Total time for which application threads were stopped: 0.0038215 seconds, Stopping threads took: 0.0000282 seconds
74.973: [GC (Allocation Failure)  471469K->150317K(1034240K), 0.0037859 secs]
74.977: Total time for which application threads were stopped: 0.0039180 seconds, Stopping threads took: 0.0000188 seconds
75.040: [GC (Allocation Failure)  471341K->155082K(1033216K), 0.0087675 secs]
75.048: Total time for which application threads were stopped: 0.0089005 seconds, Stopping threads took: 0.0000188 seconds
75.111: [GC (Allocation Failure)  475594K->150445K(1034240K), 0.0038535 secs]
75.115: Total time for which application threads were stopped: 0.0039876 seconds, Stopping threads took: 0.0000190 seconds
75.179: [GC (Allocation Failure)  470957K->150317K(1034752K), 0.0037325 secs]
75.183: Total time for which application threads were stopped: 0.0038560 seconds, Stopping threads took: 0.0000169 seconds
75.245: [GC (Allocation Failure)  471341K->153770K(1034240K), 0.0052942 secs]
75.251: Total time for which application threads were stopped: 0.0054407 seconds, Stopping threads took: 0.0000245 seconds
75.314: [GC (Allocation Failure)  474794K->150349K(1034240K), 0.0119953 secs]
75.326: Total time for which application threads were stopped: 0.0121229 seconds, Stopping threads took: 0.0000177 seconds
75.395: [GC (Allocation Failure)  470861K->150317K(1034240K), 0.0040595 secs]
75.399: Total time for which application threads were stopped: 0.0042280 seconds, Stopping threads took: 0.0000195 seconds
75.466: [GC (Allocation Failure)  470829K->152426K(1034752K), 0.0045660 secs]
75.471: Total time for which application threads were stopped: 0.0046928 seconds, Stopping threads took: 0.0000191 seconds
75.537: [GC (Allocation Failure)  473962K->150573K(1034752K), 0.0037501 secs]
75.541: Total time for which application threads were stopped: 0.0039278 seconds, Stopping threads took: 0.0000274 seconds
75.608: [GC (Allocation Failure)  472109K->150317K(1035264K), 0.0040262 secs]
75.612: Total time for which application threads were stopped: 0.0041802 seconds, Stopping threads took: 0.0000192 seconds
75.677: [GC (Allocation Failure)  472877K->154698K(1034752K), 0.0055569 secs]
75.683: Total time for which application threads were stopped: 0.0056941 seconds, Stopping threads took: 0.0000197 seconds
75.750: [GC (Allocation Failure)  477258K->150541K(1034752K), 0.0039199 secs]
75.754: Total time for which application threads were stopped: 0.0040590 seconds, Stopping threads took: 0.0000198 seconds
75.819: [GC (Allocation Failure)  472077K->150349K(1034752K), 0.0035059 secs]
75.822: Total time for which application threads were stopped: 0.0036453 seconds, Stopping threads took: 0.0000207 seconds
75.886: [GC (Allocation Failure)  471885K->156906K(1031680K), 0.0067632 secs]
75.892: Total time for which application threads were stopped: 0.0068862 seconds, Stopping threads took: 0.0000160 seconds
75.956: [GC (Allocation Failure)  475370K->151245K(1033216K), 0.0049628 secs]
75.961: Total time for which application threads were stopped: 0.0051336 seconds, Stopping threads took: 0.0000279 seconds
76.027: [GC (Allocation Failure)  469709K->151149K(1033728K), 0.0037931 secs]
76.031: Total time for which application threads were stopped: 0.0039233 seconds, Stopping threads took: 0.0000250 seconds
76.095: [GC (Allocation Failure)  470637K->150826K(1033728K), 0.0037498 secs]
76.099: Total time for which application threads were stopped: 0.0038963 seconds, Stopping threads took: 0.0000189 seconds
76.164: [GC (Allocation Failure)  470314K->151245K(1034240K), 0.0049373 secs]
76.169: Total time for which application threads were stopped: 0.0050733 seconds, Stopping threads took: 0.0000194 seconds
76.233: [GC (Allocation Failure)  471757K->151181K(1034240K), 0.0038379 secs]
76.237: Total time for which application threads were stopped: 0.0039727 seconds, Stopping threads took: 0.0000195 seconds
76.300: [GC (Allocation Failure)  471693K->147914K(1033728K), 0.0026644 secs]
76.303: Total time for which application threads were stopped: 0.0028032 seconds, Stopping threads took: 0.0000262 seconds
76.368: [GC (Allocation Failure)  468426K->151181K(1034240K), 0.0038372 secs]
76.371: Total time for which application threads were stopped: 0.0039842 seconds, Stopping threads took: 0.0000181 seconds
76.439: [GC (Allocation Failure)  471693K->151149K(1035264K), 0.0037318 secs]
76.443: Total time for which application threads were stopped: 0.0038909 seconds, Stopping threads took: 0.0000195 seconds
76.510: [GC (Allocation Failure)  473197K->147658K(1034752K), 0.0026411 secs]
76.512: Total time for which application threads were stopped: 0.0027825 seconds, Stopping threads took: 0.0000188 seconds
76.580: [GC (Allocation Failure)  469706K->151341K(1035776K), 0.0038548 secs]
76.584: Total time for which application threads were stopped: 0.0040118 seconds, Stopping threads took: 0.0000192 seconds
76.652: [GC (Allocation Failure)  474413K->151149K(1035264K), 0.0039081 secs]
76.656: Total time for which application threads were stopped: 0.0040735 seconds, Stopping threads took: 0.0000210 seconds
76.720: [GC (Allocation Failure)  474221K->152426K(1035776K), 0.0057072 secs]
76.726: Total time for which application threads were stopped: 0.0058526 seconds, Stopping threads took: 0.0000193 seconds
76.793: [GC (Allocation Failure)  476010K->151309K(1035776K), 0.0037555 secs]
76.796: Total time for which application threads were stopped: 0.0039026 seconds, Stopping threads took: 0.0000199 seconds
76.863: [GC (Allocation Failure)  474893K->151149K(1036800K), 0.0039109 secs]
76.867: Total time for which application threads were stopped: 0.0040480 seconds, Stopping threads took: 0.0000192 seconds
76.932: [GC (Allocation Failure)  476269K->144970K(1026560K), 0.0017308 secs]
76.933: Total time for which application threads were stopped: 0.0018651 seconds, Stopping threads took: 0.0000196 seconds
76.999: [GC (Allocation Failure)  470090K->151293K(1036288K), 0.0038584 secs]
77.003: Total time for which application threads were stopped: 0.0040092 seconds, Stopping threads took: 0.0000202 seconds
77.069: [GC (Allocation Failure)  475389K->155293K(1035776K), 0.0042303 secs]
77.074: Total time for which application threads were stopped: 0.0043607 seconds, Stopping threads took: 0.0000249 seconds
77.140: [GC (Allocation Failure)  479389K->155293K(1036800K), 0.0036146 secs]
77.143: Total time for which application threads were stopped: 0.0037609 seconds, Stopping threads took: 0.0000250 seconds
77.207: [GC (Allocation Failure)  480413K->155397K(1025024K), 0.0040447 secs]
77.211: Total time for which application threads were stopped: 0.0041779 seconds, Stopping threads took: 0.0000199 seconds
77.275: [GC (Allocation Failure)  480517K->163303K(1035776K), 0.0038750 secs]
77.278: Total time for which application threads were stopped: 0.0040058 seconds, Stopping threads took: 0.0000189 seconds
77.343: [GC (Allocation Failure)  486887K->163367K(1035776K), 0.0043892 secs]
77.347: Total time for which application threads were stopped: 0.0045277 seconds, Stopping threads took: 0.0000245 seconds
77.412: [GC (Allocation Failure)  486951K->163655K(1034240K), 0.0038821 secs]
77.416: Total time for which application threads were stopped: 0.0040366 seconds, Stopping threads took: 0.0000194 seconds
77.479: [GC (Allocation Failure)  486215K->171369K(1035264K), 0.0037661 secs]
77.483: Total time for which application threads were stopped: 0.0039163 seconds, Stopping threads took: 0.0000204 seconds
77.549: [GC (Allocation Failure)  493929K->171369K(1035776K), 0.0037444 secs]
77.553: Total time for which application threads were stopped: 0.0038982 seconds, Stopping threads took: 0.0000201 seconds
77.616: [GC (Allocation Failure)  494441K->171433K(1035264K), 0.0038527 secs]
77.620: Total time for which application threads were stopped: 0.0039912 seconds, Stopping threads took: 0.0000211 seconds
77.684: [GC (Allocation Failure)  494505K->179435K(1035264K), 0.0040770 secs]
77.688: Total time for which application threads were stopped: 0.0042054 seconds, Stopping threads took: 0.0000183 seconds
77.751: [GC (Allocation Failure)  501995K->179403K(1035264K), 0.0046453 secs]
77.756: Total time for which application threads were stopped: 0.0047880 seconds, Stopping threads took: 0.0000353 seconds
77.818: [GC (Allocation Failure)  501963K->179619K(1034240K), 0.0040298 secs]
77.823: Total time for which application threads were stopped: 0.0041652 seconds, Stopping threads took: 0.0000193 seconds
77.888: [GC (Allocation Failure)  501155K->187462K(1034752K), 0.0037310 secs]
77.892: Total time for which application threads were stopped: 0.0038621 seconds, Stopping threads took: 0.0000181 seconds
77.954: [GC (Allocation Failure)  508998K->187462K(1034752K), 0.0038636 secs]
77.958: Total time for which application threads were stopped: 0.0039958 seconds, Stopping threads took: 0.0000192 seconds
78.019: [GC (Allocation Failure)  508998K->187590K(1021440K), 0.0038980 secs]
78.023: Total time for which application threads were stopped: 0.0040300 seconds, Stopping threads took: 0.0000289 seconds
78.086: [GC (Allocation Failure)  509126K->195464K(1034240K), 0.0037412 secs]
78.090: Total time for which application threads were stopped: 0.0038874 seconds, Stopping threads took: 0.0000182 seconds
78.155: [GC (Allocation Failure)  515976K->195432K(1034240K), 0.0038454 secs]
78.159: Total time for which application threads were stopped: 0.0039745 seconds, Stopping threads took: 0.0000187 seconds
78.222: [GC (Allocation Failure)  515944K->195528K(1034240K), 0.0038365 secs]
78.226: Total time for which application threads were stopped: 0.0039845 seconds, Stopping threads took: 0.0000240 seconds
78.290: [GC (Allocation Failure)  516040K->203498K(1034240K), 0.0039289 secs]
78.294: Total time for which application threads were stopped: 0.0041013 seconds, Stopping threads took: 0.0000237 seconds
78.360: [GC (Allocation Failure)  524010K->203466K(1034240K), 0.0043907 secs]
78.365: Total time for which application threads were stopped: 0.0045216 seconds, Stopping threads took: 0.0000279 seconds
78.430: [GC (Allocation Failure)  523978K->203818K(1020416K), 0.0040033 secs]
78.434: Total time for which application threads were stopped: 0.0041457 seconds, Stopping threads took: 0.0000188 seconds
78.501: [GC (Allocation Failure)  524330K->211532K(1033728K), 0.0038872 secs]
78.505: Total time for which application threads were stopped: 0.0040321 seconds, Stopping threads took: 0.0000191 seconds
78.573: [GC (Allocation Failure)  531020K->211564K(1033728K), 0.0039325 secs]
78.577: Total time for which application threads were stopped: 0.0040696 seconds, Stopping threads took: 0.0000201 seconds
78.639: [GC (Allocation Failure)  531052K->212076K(1033728K), 0.0040520 secs]
78.643: Total time for which application threads were stopped: 0.0042033 seconds, Stopping threads took: 0.0000199 seconds
78.706: [GC (Allocation Failure)  531564K->219567K(1033728K), 0.0039171 secs]
78.710: Total time for which application threads were stopped: 0.0040576 seconds, Stopping threads took: 0.0000189 seconds
78.772: [GC (Allocation Failure)  539055K->219567K(1033728K), 0.0040226 secs]
78.776: Total time for which application threads were stopped: 0.0041713 seconds, Stopping threads took: 0.0000192 seconds
78.840: [GC (Allocation Failure)  539055K->219751K(1033728K), 0.0040778 secs]
78.845: Total time for which application threads were stopped: 0.0042126 seconds, Stopping threads took: 0.0000160 seconds
78.910: [GC (Allocation Failure)  539239K->227593K(1033728K), 0.0037686 secs]
78.914: Total time for which application threads were stopped: 0.0038962 seconds, Stopping threads took: 0.0000142 seconds
78.977: [GC (Allocation Failure)  547081K->227593K(1033728K), 0.0040097 secs]
78.981: Total time for which application threads were stopped: 0.0041597 seconds, Stopping threads took: 0.0000249 seconds
79.043: [GC (Allocation Failure)  547081K->227753K(1032704K), 0.0039236 secs]
79.047: Total time for which application threads were stopped: 0.0040609 seconds, Stopping threads took: 0.0000246 seconds
79.110: [GC (Allocation Failure)  546217K->235627K(1033216K), 0.0040374 secs]
79.114: Total time for which application threads were stopped: 0.0041717 seconds, Stopping threads took: 0.0000186 seconds
79.175: [GC (Allocation Failure)  554091K->235627K(1033216K), 0.0065139 secs]
79.182: Total time for which application threads were stopped: 0.0066469 seconds, Stopping threads took: 0.0000187 seconds
79.243: [GC (Allocation Failure)  554091K->235683K(1033216K), 0.0042156 secs]
79.247: Total time for which application threads were stopped: 0.0043685 seconds, Stopping threads took: 0.0000239 seconds
79.308: [GC (Allocation Failure)  554147K->243653K(1033216K), 0.0052681 secs]
79.313: Total time for which application threads were stopped: 0.0054198 seconds, Stopping threads took: 0.0000313 seconds
79.376: [GC (Allocation Failure)  562117K->239747K(1033216K), 0.0030899 secs]
79.379: Total time for which application threads were stopped: 0.0032252 seconds, Stopping threads took: 0.0000165 seconds
79.446: [GC (Allocation Failure)  558211K->243821K(1034752K), 0.0042206 secs]
79.450: Total time for which application threads were stopped: 0.0043449 seconds, Stopping threads took: 0.0000173 seconds
79.514: [GC (Allocation Failure)  564845K->247757K(1034240K), 0.0041069 secs]
79.518: Total time for which application threads were stopped: 0.0042608 seconds, Stopping threads took: 0.0000251 seconds
79.582: [GC (Allocation Failure)  568781K->241003K(1034752K), 0.0015263 secs]
79.583: Total time for which application threads were stopped: 0.0016583 seconds, Stopping threads took: 0.0000199 seconds
79.649: [GC (Allocation Failure)  562027K->247861K(1034240K), 0.0040997 secs]
79.653: Total time for which application threads were stopped: 0.0042342 seconds, Stopping threads took: 0.0000194 seconds
79.719: [GC (Allocation Failure)  568885K->251941K(1034752K), 0.0049648 secs]
79.724: Total time for which application threads were stopped: 0.0051090 seconds, Stopping threads took: 0.0000198 seconds
79.786: [GC (Allocation Failure)  573477K->245347K(1034752K), 0.0016542 secs]
79.787: Total time for which application threads were stopped: 0.0017890 seconds, Stopping threads took: 0.0000187 seconds
79.851: [GC (Allocation Failure)  566883K->252181K(1034752K), 0.0041208 secs]
79.855: Total time for which application threads were stopped: 0.0042510 seconds, Stopping threads took: 0.0000187 seconds
79.919: [GC (Allocation Failure)  573717K->256085K(1034752K), 0.0049677 secs]
79.924: Total time for which application threads were stopped: 0.0051104 seconds, Stopping threads took: 0.0000187 seconds
79.988: [GC (Allocation Failure)  577621K->250739K(1035264K), 0.0022485 secs]
79.991: Total time for which application threads were stopped: 0.0024020 seconds, Stopping threads took: 0.0000249 seconds
80.053: [GC (Allocation Failure)  572787K->256333K(1034752K), 0.0040078 secs]
80.057: Total time for which application threads were stopped: 0.0041621 seconds, Stopping threads took: 0.0000256 seconds
80.123: [GC (Allocation Failure)  578381K->260253K(1034752K), 0.0042095 secs]
80.127: Total time for which application threads were stopped: 0.0043561 seconds, Stopping threads took: 0.0000262 seconds
80.188: [GC (Allocation Failure)  582794K->256315K(1035264K), 0.0031713 secs]
80.192: Total time for which application threads were stopped: 0.0033169 seconds, Stopping threads took: 0.0000204 seconds
80.256: [GC (Allocation Failure)  578875K->260389K(1036288K), 0.0041487 secs]
80.260: Total time for which application threads were stopped: 0.0043019 seconds, Stopping threads took: 0.0000203 seconds
80.325: [GC (Allocation Failure)  584485K->264357K(1035776K), 0.0041768 secs]
80.330: Total time for which application threads were stopped: 0.0043062 seconds, Stopping threads took: 0.0000175 seconds
80.398: [GC (Allocation Failure)  588453K->264357K(1035776K), 0.0042003 secs]
80.402: Total time for which application threads were stopped: 0.0043485 seconds, Stopping threads took: 0.0000183 seconds
80.468: [GC (Allocation Failure)  587941K->264453K(1023488K), 0.0056783 secs]
80.474: Total time for which application threads were stopped: 0.0058249 seconds, Stopping threads took: 0.0000194 seconds
80.540: [GC (Allocation Failure)  588037K->272424K(1035264K), 0.0039108 secs]
80.544: Total time for which application threads were stopped: 0.0040616 seconds, Stopping threads took: 0.0000270 seconds
80.607: [GC (Allocation Failure)  594984K->272392K(1035264K), 0.0041885 secs]
80.611: Total time for which application threads were stopped: 0.0043418 seconds, Stopping threads took: 0.0000282 seconds
80.673: [GC (Allocation Failure)  594952K->272456K(1034240K), 0.0039992 secs]
80.677: Total time for which application threads were stopped: 0.0041362 seconds, Stopping threads took: 0.0000201 seconds
80.740: [GC (Allocation Failure)  593992K->280426K(1034752K), 0.0039355 secs]
80.744: Total time for which application threads were stopped: 0.0040684 seconds, Stopping threads took: 0.0000187 seconds
80.810: [GC (Allocation Failure)  601962K->280426K(1033728K), 0.0041154 secs]
80.814: Total time for which application threads were stopped: 0.0042877 seconds, Stopping threads took: 0.0000186 seconds
80.878: [GC (Allocation Failure)  600938K->280682K(1034240K), 0.0041562 secs]
80.882: Total time for which application threads were stopped: 0.0042907 seconds, Stopping threads took: 0.0000200 seconds
80.945: [GC (Allocation Failure)  601194K->288492K(1034240K), 0.0039626 secs]
80.949: Total time for which application threads were stopped: 0.0040940 seconds, Stopping threads took: 0.0000189 seconds
81.011: [GC (Allocation Failure)  609004K->288492K(1034240K), 0.0054472 secs]
81.017: Total time for which application threads were stopped: 0.0055776 seconds, Stopping threads took: 0.0000189 seconds
81.080: [GC (Allocation Failure)  609004K->288908K(1034240K), 0.0040193 secs]
81.085: Total time for which application threads were stopped: 0.0041857 seconds, Stopping threads took: 0.0000186 seconds
81.148: [GC (Allocation Failure)  609420K->296527K(1028096K), 0.0040013 secs]
81.152: Total time for which application threads were stopped: 0.0041303 seconds, Stopping threads took: 0.0000183 seconds
81.214: [GC (Allocation Failure)  617039K->296495K(1033728K), 0.0039622 secs]
81.218: Total time for which application threads were stopped: 0.0041126 seconds, Stopping threads took: 0.0000239 seconds
81.278: [GC (Allocation Failure)  615983K->296647K(1033728K), 0.0042817 secs]
81.282: Total time for which application threads were stopped: 0.0044291 seconds, Stopping threads took: 0.0000185 seconds
81.348: [GC (Allocation Failure)  616135K->304553K(1033728K), 0.0039209 secs]
81.352: Total time for which application threads were stopped: 0.0040808 seconds, Stopping threads took: 0.0000235 seconds
81.417: [GC (Allocation Failure)  624041K->304553K(1033728K), 0.0040694 secs]
81.422: Total time for which application threads were stopped: 0.0042072 seconds, Stopping threads took: 0.0000199 seconds
81.484: [GC (Allocation Failure)  624041K->304585K(1033728K), 0.0040336 secs]
81.489: Total time for which application threads were stopped: 0.0041783 seconds, Stopping threads took: 0.0000274 seconds
81.555: [GC (Allocation Failure)  624073K->312555K(1027072K), 0.0041079 secs]
81.560: Total time for which application threads were stopped: 0.0042686 seconds, Stopping threads took: 0.0000253 seconds
81.622: [GC (Allocation Failure)  632043K->308681K(1034240K), 0.0033219 secs]
81.625: Total time for which application threads were stopped: 0.0034726 seconds, Stopping threads took: 0.0000195 seconds
81.691: [GC (Allocation Failure)  628169K->312715K(1033216K), 0.0042260 secs]
81.695: Total time for which application threads were stopped: 0.0043768 seconds, Stopping threads took: 0.0000270 seconds
81.758: [GC (Allocation Failure)  632203K->316683K(1034752K), 0.0040291 secs]
81.762: Total time for which application threads were stopped: 0.0041683 seconds, Stopping threads took: 0.0000192 seconds
81.825: [GC (Allocation Failure)  638219K->309897K(1034752K), 0.0017673 secs]
81.827: Total time for which application threads were stopped: 0.0019271 seconds, Stopping threads took: 0.0000202 seconds
81.892: [GC (Allocation Failure)  631433K->316723K(1034752K), 0.0039478 secs]
81.896: Total time for which application threads were stopped: 0.0040871 seconds, Stopping threads took: 0.0000163 seconds
81.959: [GC (Allocation Failure)  638259K->320867K(1034752K), 0.0049950 secs]
81.965: Total time for which application threads were stopped: 0.0051263 seconds, Stopping threads took: 0.0000181 seconds
82.026: [GC (Allocation Failure)  642403K->315297K(1034752K), 0.0023618 secs]
82.029: Total time for which application threads were stopped: 0.0025024 seconds, Stopping threads took: 0.0000256 seconds
82.095: [GC (Allocation Failure)  636833K->321107K(1034752K), 0.0042214 secs]
82.099: Total time for which application threads were stopped: 0.0043545 seconds, Stopping threads took: 0.0000192 seconds
82.164: [GC (Allocation Failure)  642643K->324971K(1034752K), 0.0044112 secs]
82.169: Total time for which application threads were stopped: 0.0045590 seconds, Stopping threads took: 0.0000258 seconds
82.232: [GC (Allocation Failure)  647459K->321097K(1035264K), 0.0030342 secs]
82.235: Total time for which application threads were stopped: 0.0031656 seconds, Stopping threads took: 0.0000185 seconds
82.300: [GC (Allocation Failure)  643657K->325131K(1036288K), 0.0041630 secs]
82.304: Total time for which application threads were stopped: 0.0043159 seconds, Stopping threads took: 0.0000268 seconds
82.370: [GC (Allocation Failure)  649227K->329099K(1035776K), 0.0043645 secs]
82.374: Total time for which application threads were stopped: 0.0045316 seconds, Stopping threads took: 0.0000198 seconds
82.443: [GC (Allocation Failure)  653195K->329099K(1035776K), 0.0042627 secs]
82.448: Total time for which application threads were stopped: 0.0044320 seconds, Stopping threads took: 0.0000197 seconds
82.516: [GC (Allocation Failure)  652683K->329163K(1023488K), 0.0045449 secs]
82.520: Total time for which application threads were stopped: 0.0047256 seconds, Stopping threads took: 0.0000203 seconds
82.586: [GC (Allocation Failure)  652747K->337133K(1035264K), 0.0042641 secs]
82.591: Total time for which application threads were stopped: 0.0044081 seconds, Stopping threads took: 0.0000203 seconds
82.655: [GC (Allocation Failure)  659693K->337133K(1030144K), 0.0040728 secs]
82.659: Total time for which application threads were stopped: 0.0042151 seconds, Stopping threads took: 0.0000199 seconds
82.724: [GC (Allocation Failure)  659693K->337197K(1034752K), 0.0042748 secs]
82.728: Total time for which application threads were stopped: 0.0044199 seconds, Stopping threads took: 0.0000195 seconds
82.794: [GC (Allocation Failure)  658733K->345200K(1034752K), 0.0043103 secs]
82.798: Total time for which application threads were stopped: 0.0044632 seconds, Stopping threads took: 0.0000198 seconds
82.863: [GC (Allocation Failure)  666736K->345200K(1033728K), 0.0041215 secs]
82.867: Total time for which application threads were stopped: 0.0042612 seconds, Stopping threads took: 0.0000200 seconds
82.931: [GC (Allocation Failure)  665712K->345416K(1034240K), 0.0042734 secs]
82.935: Total time for which application threads were stopped: 0.0044239 seconds, Stopping threads took: 0.0000193 seconds
83.000: [GC (Allocation Failure)  665928K->353226K(1034240K), 0.0041132 secs]
83.004: Total time for which application threads were stopped: 0.0042467 seconds, Stopping threads took: 0.0000187 seconds
83.068: [GC (Allocation Failure)  673738K->353194K(1034240K), 0.0040597 secs]
83.072: Total time for which application threads were stopped: 0.0042162 seconds, Stopping threads took: 0.0000207 seconds
83.136: [GC (Allocation Failure)  673706K->353642K(1033216K), 0.0042648 secs]
83.140: Total time for which application threads were stopped: 0.0044232 seconds, Stopping threads took: 0.0000242 seconds
83.204: [GC (Allocation Failure)  673130K->361228K(1033728K), 0.0042735 secs]
83.209: Total time for which application threads were stopped: 0.0044096 seconds, Stopping threads took: 0.0000186 seconds
83.272: [GC (Allocation Failure)  680716K->361228K(1033728K), 0.0040453 secs]
83.276: Total time for which application threads were stopped: 0.0041725 seconds, Stopping threads took: 0.0000182 seconds
83.336: [GC (Allocation Failure)  680716K->361380K(1033728K), 0.0093861 secs]
83.346: Total time for which application threads were stopped: 0.0095436 seconds, Stopping threads took: 0.0000178 seconds
83.411: [GC (Allocation Failure)  680868K->369286K(1033728K), 0.0040944 secs]
83.415: Total time for which application threads were stopped: 0.0042287 seconds, Stopping threads took: 0.0000195 seconds
83.480: [GC (Allocation Failure)  688774K->369254K(1033728K), 0.0043740 secs]
83.485: Total time for which application threads were stopped: 0.0045221 seconds, Stopping threads took: 0.0000195 seconds
83.550: [GC (Allocation Failure)  688742K->369318K(1033728K), 0.0041728 secs]
83.554: Total time for which application threads were stopped: 0.0043188 seconds, Stopping threads took: 0.0000285 seconds
83.617: [GC (Allocation Failure)  688806K->377321K(1027072K), 0.0044124 secs]
83.622: Total time for which application threads were stopped: 0.0045439 seconds, Stopping threads took: 0.0000192 seconds
83.683: [GC (Allocation Failure)  696808K->373382K(1034240K), 0.0033411 secs]
83.686: Total time for which application threads were stopped: 0.0034884 seconds, Stopping threads took: 0.0000194 seconds
83.752: [GC (Allocation Failure)  692870K->377449K(1033216K), 0.0043110 secs]
83.756: Total time for which application threads were stopped: 0.0044341 seconds, Stopping threads took: 0.0000159 seconds
83.819: [GC (Allocation Failure)  696937K->381417K(1034752K), 0.0042349 secs]
83.824: Total time for which application threads were stopped: 0.0043774 seconds, Stopping threads took: 0.0000187 seconds
83.886: [GC (Allocation Failure)  702953K->374630K(1034752K), 0.0018295 secs]
83.888: Total time for which application threads were stopped: 0.0019750 seconds, Stopping threads took: 0.0000204 seconds
83.955: [GC (Allocation Failure)  696166K->381489K(1034752K), 0.0042779 secs]
83.959: Total time for which application threads were stopped: 0.0044168 seconds, Stopping threads took: 0.0000207 seconds
84.024: [GC (Allocation Failure)  703025K->385569K(1034752K), 0.0051841 secs]
84.030: Total time for which application threads were stopped: 0.0053407 seconds, Stopping threads took: 0.0000259 seconds
84.092: [GC (Allocation Failure)  707105K->379998K(1034752K), 0.0031538 secs]
84.096: Total time for which application threads were stopped: 0.0032904 seconds, Stopping threads took: 0.0000197 seconds
84.162: [GC (Allocation Failure)  701534K->385873K(1034752K), 0.0043471 secs]
84.167: Total time for which application threads were stopped: 0.0044887 seconds, Stopping threads took: 0.0000211 seconds
84.232: [GC (Allocation Failure)  707409K->389713K(1035264K), 0.0045793 secs]
84.237: Total time for which application threads were stopped: 0.0047201 seconds, Stopping threads took: 0.0000196 seconds
84.302: [GC (Allocation Failure)  712201K->385838K(1035264K), 0.0032562 secs]
84.305: Total time for which application threads were stopped: 0.0033961 seconds, Stopping threads took: 0.0000208 seconds
84.376: [GC (Allocation Failure)  708398K->389865K(1036288K), 0.0045511 secs]
84.381: Total time for which application threads were stopped: 0.0047174 seconds, Stopping threads took: 0.0000194 seconds
84.448: [GC (Allocation Failure)  713961K->393865K(1035776K), 0.0042771 secs]
84.453: Total time for which application threads were stopped: 0.0044618 seconds, Stopping threads took: 0.0000206 seconds
84.521: [GC (Allocation Failure)  717961K->393865K(1035776K), 0.0040970 secs]
84.526: Total time for which application threads were stopped: 0.0042356 seconds, Stopping threads took: 0.0000177 seconds
84.593: [GC (Allocation Failure)  717449K->393921K(1023488K), 0.0057524 secs]
84.599: Total time for which application threads were stopped: 0.0059017 seconds, Stopping threads took: 0.0000169 seconds
84.665: [GC (Allocation Failure)  717505K->401891K(1035264K), 0.0045062 secs]
84.670: Total time for which application threads were stopped: 0.0046648 seconds, Stopping threads took: 0.0000195 seconds
84.737: [GC (Allocation Failure)  724451K->401859K(1030144K), 0.0041283 secs]
84.741: Total time for which application threads were stopped: 0.0043095 seconds, Stopping threads took: 0.0000344 seconds
84.808: [GC (Allocation Failure)  724419K->401891K(1034752K), 0.0051391 secs]
84.813: Total time for which application threads were stopped: 0.0053209 seconds, Stopping threads took: 0.0000197 seconds
84.881: [GC (Allocation Failure)  723427K->409893K(1029120K), 0.0044081 secs]
84.885: Total time for which application threads were stopped: 0.0045614 seconds, Stopping threads took: 0.0000191 seconds
84.953: [GC (Allocation Failure)  731429K->409925K(1034240K), 0.0042705 secs]
84.957: Total time for which application threads were stopped: 0.0044335 seconds, Stopping threads took: 0.0000193 seconds
85.024: [GC (Allocation Failure)  730437K->410149K(1034240K), 0.0044250 secs]
85.028: Total time for which application threads were stopped: 0.0045695 seconds, Stopping threads took: 0.0000199 seconds
85.094: [GC (Allocation Failure)  730661K->417927K(1034240K), 0.0041422 secs]
85.099: Total time for which application threads were stopped: 0.0043057 seconds, Stopping threads took: 0.0000294 seconds
85.164: [GC (Allocation Failure)  738439K->417927K(1034240K), 0.0041825 secs]
85.169: Total time for which application threads were stopped: 0.0043137 seconds, Stopping threads took: 0.0000190 seconds
85.231: [GC (Allocation Failure)  738439K->418375K(1033216K), 0.0044257 secs]
85.236: Total time for which application threads were stopped: 0.0045676 seconds, Stopping threads took: 0.0000187 seconds
85.299: [GC (Allocation Failure)  737863K->426026K(1033728K), 0.0042512 secs]
85.303: Total time for which application threads were stopped: 0.0043905 seconds, Stopping threads took: 0.0000181 seconds
85.368: [GC (Allocation Failure)  745514K->425962K(1033728K), 0.0043212 secs]
85.372: Total time for which application threads were stopped: 0.0044956 seconds, Stopping threads took: 0.0000159 seconds
85.433: [GC (Allocation Failure)  745450K->426058K(1033728K), 0.0058344 secs]
85.439: Total time for which application threads were stopped: 0.0059568 seconds, Stopping threads took: 0.0000169 seconds
85.504: [GC (Allocation Failure)  745546K->434028K(1033728K), 0.0042969 secs]
85.509: Total time for which application threads were stopped: 0.0044396 seconds, Stopping threads took: 0.0000194 seconds
85.572: [GC (Allocation Failure)  753516K->433996K(1033728K), 0.0043074 secs]
85.576: Total time for which application threads were stopped: 0.0044418 seconds, Stopping threads took: 0.0000191 seconds
85.638: [GC (Allocation Failure)  753484K->434052K(1033728K), 0.0045543 secs]
85.643: Total time for which application threads were stopped: 0.0046935 seconds, Stopping threads took: 0.0000244 seconds
85.705: [GC (Allocation Failure)  753540K->442022K(1027072K), 0.0044078 secs]
85.710: Total time for which application threads were stopped: 0.0045377 seconds, Stopping threads took: 0.0000182 seconds
85.773: [GC (Allocation Failure)  761510K->438116K(1034240K), 0.0034399 secs]
85.776: Total time for which application threads were stopped: 0.0035803 seconds, Stopping threads took: 0.0000179 seconds
85.840: [GC (Allocation Failure)  757604K->442182K(1033216K), 0.0044644 secs]
85.844: Total time for which application threads were stopped: 0.0046028 seconds, Stopping threads took: 0.0000260 seconds
85.908: [GC (Allocation Failure)  761670K->446150K(1034752K), 0.0042187 secs]
85.912: Total time for which application threads were stopped: 0.0043409 seconds, Stopping threads took: 0.0000178 seconds
85.977: [GC (Allocation Failure)  767686K->439364K(1034752K), 0.0020023 secs]
85.979: Total time for which application threads were stopped: 0.0021214 seconds, Stopping threads took: 0.0000156 seconds
86.042: [GC (Allocation Failure)  760900K->446222K(1034752K), 0.0042113 secs]
86.046: Total time for which application threads were stopped: 0.0043660 seconds, Stopping threads took: 0.0000247 seconds
86.110: [GC (Allocation Failure)  767758K->450334K(1034752K), 0.0052011 secs]
86.115: Total time for which application threads were stopped: 0.0053512 seconds, Stopping threads took: 0.0000228 seconds
86.178: [GC (Allocation Failure)  771870K->444732K(1034752K), 0.0026460 secs]
86.180: Total time for which application threads were stopped: 0.0027755 seconds, Stopping threads took: 0.0000179 seconds
86.243: [GC (Allocation Failure)  766268K->450606K(1034752K), 0.0044945 secs]
86.248: Total time for which application threads were stopped: 0.0046292 seconds, Stopping threads took: 0.0000159 seconds
86.313: [GC (Allocation Failure)  772142K->454478K(1035264K), 0.0047586 secs]
86.318: Total time for which application threads were stopped: 0.0049135 seconds, Stopping threads took: 0.0000425 seconds
86.382: [GC (Allocation Failure)  776967K->450540K(1035264K), 0.0033138 secs]
86.386: Total time for which application threads were stopped: 0.0034614 seconds, Stopping threads took: 0.0000193 seconds
86.456: [GC (Allocation Failure)  773100K->454606K(1036288K), 0.0045175 secs]
86.460: Total time for which application threads were stopped: 0.0046471 seconds, Stopping threads took: 0.0000253 seconds
86.526: [GC (Allocation Failure)  778702K->458574K(1035776K), 0.0043281 secs]
86.531: Total time for which application threads were stopped: 0.0044827 seconds, Stopping threads took: 0.0000264 seconds
86.597: [GC (Allocation Failure)  782670K->458606K(1035776K), 0.0043373 secs]
86.601: Total time for which application threads were stopped: 0.0045285 seconds, Stopping threads took: 0.0000202 seconds
86.666: [GC (Allocation Failure)  782190K->458638K(1023488K), 0.0045677 secs]
86.671: Total time for which application threads were stopped: 0.0047146 seconds, Stopping threads took: 0.0000216 seconds
86.734: [GC (Allocation Failure)  782222K->466641K(1035264K), 0.0045852 secs]
86.739: Total time for which application threads were stopped: 0.0047216 seconds, Stopping threads took: 0.0000201 seconds
86.803: [GC (Allocation Failure)  789201K->466609K(1030144K), 0.0043029 secs]
86.807: Total time for which application threads were stopped: 0.0044484 seconds, Stopping threads took: 0.0000196 seconds
86.871: [GC (Allocation Failure)  789169K->466665K(1034752K), 0.0044072 secs]
86.875: Total time for which application threads were stopped: 0.0045530 seconds, Stopping threads took: 0.0000200 seconds
86.940: [GC (Allocation Failure)  788201K->474635K(1029120K), 0.0045280 secs]
86.944: Total time for which application threads were stopped: 0.0046664 seconds, Stopping threads took: 0.0000188 seconds
87.009: [GC (Allocation Failure)  796171K->474667K(1034240K), 0.0042410 secs]
87.013: Total time for which application threads were stopped: 0.0043838 seconds, Stopping threads took: 0.0000269 seconds
87.078: [GC (Allocation Failure)  795179K->474883K(1034240K), 0.0046700 secs]
87.083: Total time for which application threads were stopped: 0.0048172 seconds, Stopping threads took: 0.0000219 seconds
87.147: [GC (Allocation Failure)  795395K->482661K(1034240K), 0.0044060 secs]
87.152: Total time for which application threads were stopped: 0.0045406 seconds, Stopping threads took: 0.0000195 seconds
87.216: [GC (Allocation Failure)  803173K->482693K(1034240K), 0.0043302 secs]
87.220: Total time for which application threads were stopped: 0.0044648 seconds, Stopping threads took: 0.0000195 seconds
87.284: [GC (Allocation Failure)  803205K->483109K(1033216K), 0.0046323 secs]
87.289: Total time for which application threads were stopped: 0.0047632 seconds, Stopping threads took: 0.0000190 seconds
87.353: [GC (Allocation Failure)  802597K->490695K(1033728K), 0.0051302 secs]
87.358: Total time for which application threads were stopped: 0.0052696 seconds, Stopping threads took: 0.0000233 seconds
87.426: [GC (Allocation Failure)  810183K->490695K(1033728K), 0.0045254 secs]
87.431: Total time for which application threads were stopped: 0.0046714 seconds, Stopping threads took: 0.0000176 seconds
87.494: [GC (Allocation Failure)  810183K->490855K(1033728K), 0.0044822 secs]
87.499: Total time for which application threads were stopped: 0.0046192 seconds, Stopping threads took: 0.0000194 seconds
87.565: [GC (Allocation Failure)  810343K->498762K(1033728K), 0.0043966 secs]
87.569: Total time for which application threads were stopped: 0.0045413 seconds, Stopping threads took: 0.0000196 seconds
87.633: [GC (Allocation Failure)  818250K->498730K(1033728K), 0.0044780 secs]
87.638: Total time for which application threads were stopped: 0.0046664 seconds, Stopping threads took: 0.0000201 seconds
87.703: [GC (Allocation Failure)  818218K->498794K(1033728K), 0.0044753 secs]
87.708: Total time for which application threads were stopped: 0.0046080 seconds, Stopping threads took: 0.0000188 seconds
87.774: [GC (Allocation Failure)  818282K->506764K(1027072K), 0.0048247 secs]
87.778: Total time for which application threads were stopped: 0.0049834 seconds, Stopping threads took: 0.0000198 seconds
87.845: [GC (Allocation Failure)  826251K->502858K(1034240K), 0.0034686 secs]
87.849: Total time for which application threads were stopped: 0.0036846 seconds, Stopping threads took: 0.0000197 seconds
87.918: [GC (Allocation Failure)  822346K->506892K(1033216K), 0.0047366 secs]
87.923: Total time for which application threads were stopped: 0.0048875 seconds, Stopping threads took: 0.0000191 seconds
87.990: [GC (Allocation Failure)  826380K->510924K(1034752K), 0.0044689 secs]
87.995: Total time for which application threads were stopped: 0.0046193 seconds, Stopping threads took: 0.0000190 seconds
88.059: [GC (Allocation Failure)  832460K->504138K(1034752K), 0.0021645 secs]
88.062: Total time for which application threads were stopped: 0.0023250 seconds, Stopping threads took: 0.0000258 seconds
88.130: [GC (Allocation Failure)  825674K->510996K(1034752K), 0.0043664 secs]
88.135: Total time for which application threads were stopped: 0.0045350 seconds, Stopping threads took: 0.0000197 seconds
88.201: [GC (Allocation Failure)  832532K->515044K(1034752K), 0.0055435 secs]
88.206: Total time for which application threads were stopped: 0.0057342 seconds, Stopping threads took: 0.0000203 seconds
88.273: [GC (Allocation Failure)  836580K->509474K(1034752K), 0.0023990 secs]
88.276: Total time for which application threads were stopped: 0.0025497 seconds, Stopping threads took: 0.0000170 seconds
88.346: [GC (Allocation Failure)  831010K->515316K(1034752K), 0.0052089 secs]
88.351: Total time for which application threads were stopped: 0.0053749 seconds, Stopping threads took: 0.0000249 seconds
88.419: [GC (Allocation Failure)  836852K->519188K(1035264K), 0.0050355 secs]
88.424: Total time for which application threads were stopped: 0.0052022 seconds, Stopping threads took: 0.0000187 seconds
88.491: [GC (Allocation Failure)  841676K->515314K(1035264K), 0.0033618 secs]
88.495: Total time for which application threads were stopped: 0.0035281 seconds, Stopping threads took: 0.0000198 seconds
88.564: [GC (Allocation Failure)  837874K->519340K(1036288K), 0.0045673 secs]
88.568: Total time for which application threads were stopped: 0.0047389 seconds, Stopping threads took: 0.0000267 seconds
88.636: [GC (Allocation Failure)  843436K->523340K(1035776K), 0.0044199 secs]
88.641: Total time for which application threads were stopped: 0.0045905 seconds, Stopping threads took: 0.0000264 seconds
88.710: [GC (Allocation Failure)  847436K->523308K(1035776K), 0.0046178 secs]
88.714: Total time for which application threads were stopped: 0.0047869 seconds, Stopping threads took: 0.0000193 seconds
88.782: [GC (Allocation Failure)  846892K->523364K(1023488K), 0.0046455 secs]
88.787: Total time for which application threads were stopped: 0.0048160 seconds, Stopping threads took: 0.0000195 seconds
88.855: [GC (Allocation Failure)  846948K->531398K(1035264K), 0.0046944 secs]
88.860: Total time for which application threads were stopped: 0.0048550 seconds, Stopping threads took: 0.0000198 seconds
88.929: [GC (Allocation Failure)  853958K->531334K(1030144K), 0.0044664 secs]
88.934: Total time for which application threads were stopped: 0.0046369 seconds, Stopping threads took: 0.0000207 seconds
89.000: [GC (Allocation Failure)  853894K->531406K(1034752K), 0.0045519 secs]
89.005: Total time for which application threads were stopped: 0.0047229 seconds, Stopping threads took: 0.0000211 seconds
89.074: [GC (Allocation Failure)  852942K->539376K(1029120K), 0.0048078 secs]
89.079: Total time for which application threads were stopped: 0.0049674 seconds, Stopping threads took: 0.0000261 seconds
89.147: [GC (Allocation Failure)  860912K->539376K(1034240K), 0.0045642 secs]
89.151: Total time for which application threads were stopped: 0.0047350 seconds, Stopping threads took: 0.0000195 seconds
89.218: [GC (Allocation Failure)  859888K->539624K(1034240K), 0.0047961 secs]
89.222: Total time for which application threads were stopped: 0.0049628 seconds, Stopping threads took: 0.0000208 seconds
89.289: [GC (Allocation Failure)  860136K->547403K(1034240K), 0.0044173 secs]
89.294: Total time for which application threads were stopped: 0.0045716 seconds, Stopping threads took: 0.0000206 seconds
89.363: [GC (Allocation Failure)  867915K->547435K(1034240K), 0.0053497 secs]
89.368: Total time for which application threads were stopped: 0.0055193 seconds, Stopping threads took: 0.0000260 seconds
89.436: [GC (Allocation Failure)  867947K->547851K(1033216K), 0.0047224 secs]
89.441: Total time for which application threads were stopped: 0.0048977 seconds, Stopping threads took: 0.0000198 seconds
89.508: [GC (Allocation Failure)  867339K->555469K(1033728K), 0.0046031 secs]
89.513: Total time for which application threads were stopped: 0.0047645 seconds, Stopping threads took: 0.0000191 seconds
89.582: [GC (Allocation Failure)  874957K->555469K(1033728K), 0.0045493 secs]
89.586: Total time for which application threads were stopped: 0.0047193 seconds, Stopping threads took: 0.0000283 seconds
89.652: [GC (Allocation Failure)  874957K->555597K(1033728K), 0.0046565 secs]
89.657: Total time for which application threads were stopped: 0.0048771 seconds, Stopping threads took: 0.0000284 seconds
89.725: [GC (Allocation Failure)  875085K->563503K(1033728K), 0.0054899 secs]
89.730: Total time for which application threads were stopped: 0.0056718 seconds, Stopping threads took: 0.0000207 seconds
89.797: [GC (Allocation Failure)  882991K->563471K(1033728K), 0.0047831 secs]
89.802: Total time for which application threads were stopped: 0.0049547 seconds, Stopping threads took: 0.0000228 seconds
89.869: [GC (Allocation Failure)  882959K->563495K(1033728K), 0.0047142 secs]
89.874: Total time for which application threads were stopped: 0.0048832 seconds, Stopping threads took: 0.0000193 seconds
89.941: [GC (Allocation Failure)  882983K->571497K(1027072K), 0.0063713 secs]
89.947: Total time for which application threads were stopped: 0.0065642 seconds, Stopping threads took: 0.0000202 seconds
90.013: [GC (Allocation Failure)  890985K->567591K(1034240K), 0.0036512 secs]
90.017: Total time for which application threads were stopped: 0.0038415 seconds, Stopping threads took: 0.0000194 seconds
90.086: [GC (Allocation Failure)  887079K->571657K(1033216K), 0.0047481 secs]
90.091: Total time for which application threads were stopped: 0.0048977 seconds, Stopping threads took: 0.0000161 seconds
90.158: [GC (Allocation Failure)  891145K->575657K(1034752K), 0.0046921 secs]
90.163: Total time for which application threads were stopped: 0.0048871 seconds, Stopping threads took: 0.0000199 seconds
90.230: [GC (Allocation Failure)  897193K->568839K(1034752K), 0.0020854 secs]
90.232: Total time for which application threads were stopped: 0.0022222 seconds, Stopping threads took: 0.0000254 seconds
90.300: [GC (Allocation Failure)  890375K->575729K(1034752K), 0.0045100 secs]
90.305: Total time for which application threads were stopped: 0.0046905 seconds, Stopping threads took: 0.0000266 seconds
90.372: [GC (Allocation Failure)  897265K->579777K(1034752K), 0.0054720 secs]
90.378: Total time for which application threads were stopped: 0.0056684 seconds, Stopping threads took: 0.0000192 seconds
90.445: [GC (Allocation Failure)  901313K->574207K(1034752K), 0.0027323 secs]
90.448: Total time for which application threads were stopped: 0.0029112 seconds, Stopping threads took: 0.0000168 seconds
90.517: [GC (Allocation Failure)  895743K->580049K(1034752K), 0.0047094 secs]
90.522: Total time for which application threads were stopped: 0.0048698 seconds, Stopping threads took: 0.0000195 seconds
90.590: [GC (Allocation Failure)  901585K->583961K(1035264K), 0.0050674 secs]
90.595: Total time for which application threads were stopped: 0.0052485 seconds, Stopping threads took: 0.0000192 seconds
90.663: [GC (Allocation Failure)  906450K->580023K(1035264K), 0.0035846 secs]
90.667: Total time for which application threads were stopped: 0.0037300 seconds, Stopping threads took: 0.0000170 seconds
90.736: [GC (Allocation Failure)  902583K->584089K(1036288K), 0.0048402 secs]
90.741: Total time for which application threads were stopped: 0.0050003 seconds, Stopping threads took: 0.0000192 seconds
90.808: [GC (Allocation Failure)  908185K->588089K(1035776K), 0.0048311 secs]
90.813: Total time for which application threads were stopped: 0.0049999 seconds, Stopping threads took: 0.0000201 seconds
90.882: [GC (Allocation Failure)  912185K->588057K(1035776K), 0.0045990 secs]
90.887: Total time for which application threads were stopped: 0.0047593 seconds, Stopping threads took: 0.0000192 seconds
90.954: [GC (Allocation Failure)  911641K->588121K(1023488K), 0.0048925 secs]
90.959: Total time for which application threads were stopped: 0.0050616 seconds, Stopping threads took: 0.0000194 seconds
91.025: [GC (Allocation Failure)  911705K->596124K(1035264K), 0.0048741 secs]
91.030: Total time for which application threads were stopped: 0.0050400 seconds, Stopping threads took: 0.0000198 seconds
91.098: [GC (Allocation Failure)  918684K->596092K(1030144K), 0.0047337 secs]
91.102: Total time for which application threads were stopped: 0.0048904 seconds, Stopping threads took: 0.0000199 seconds
91.170: [GC (Allocation Failure)  918652K->596164K(1034752K), 0.0048866 secs]
91.175: Total time for which application threads were stopped: 0.0050555 seconds, Stopping threads took: 0.0000197 seconds
91.242: [GC (Allocation Failure)  917700K->604166K(1029120K), 0.0047574 secs]
91.246: Total time for which application threads were stopped: 0.0049253 seconds, Stopping threads took: 0.0000188 seconds
91.314: [GC (Allocation Failure)  925702K->604102K(1034240K), 0.0047852 secs]
91.319: Total time for which application threads were stopped: 0.0049739 seconds, Stopping threads took: 0.0000199 seconds
91.388: [GC (Allocation Failure)  924614K->604398K(1034240K), 0.0048791 secs]
91.393: Total time for which application threads were stopped: 0.0050350 seconds, Stopping threads took: 0.0000182 seconds
91.461: [GC (Allocation Failure)  924910K->612176K(1034240K), 0.0045497 secs]
91.465: Total time for which application threads were stopped: 0.0047457 seconds, Stopping threads took: 0.0000198 seconds
91.534: [GC (Allocation Failure)  932688K->612176K(1034240K), 0.0046862 secs]
91.539: Total time for which application threads were stopped: 0.0048528 seconds, Stopping threads took: 0.0000267 seconds
91.607: [GC (Allocation Failure)  932688K->612616K(1033216K), 0.0049631 secs]
91.612: Total time for which application threads were stopped: 0.0051282 seconds, Stopping threads took: 0.0000200 seconds
91.679: [GC (Allocation Failure)  932104K->620203K(1033728K), 0.0047429 secs]
91.684: Total time for which application threads were stopped: 0.0049132 seconds, Stopping threads took: 0.0000195 seconds
91.752: [GC (Allocation Failure)  939691K->620171K(1033728K), 0.0046410 secs]
91.757: Total time for which application threads were stopped: 0.0048314 seconds, Stopping threads took: 0.0000197 seconds
91.823: [GC (Allocation Failure)  939659K->620331K(1033728K), 0.0049080 secs]
91.828: Total time for which application threads were stopped: 0.0050590 seconds, Stopping threads took: 0.0000173 seconds
91.897: [GC (Allocation Failure)  939819K->628269K(1033728K), 0.0047830 secs]
91.901: Total time for which application threads were stopped: 0.0049434 seconds, Stopping threads took: 0.0000192 seconds
91.969: [GC (Allocation Failure)  947757K->628237K(1033728K), 0.0049493 secs]
91.974: Total time for which application threads were stopped: 0.0051192 seconds, Stopping threads took: 0.0000202 seconds
92.041: [GC (Allocation Failure)  947725K->628301K(1033728K), 0.0046745 secs]
92.046: Total time for which application threads were stopped: 0.0048341 seconds, Stopping threads took: 0.0000273 seconds
92.115: [GC (Allocation Failure)  947789K->636271K(1027072K), 0.0050197 secs]
92.120: Total time for which application threads were stopped: 0.0051890 seconds, Stopping threads took: 0.0000200 seconds
92.185: [GC (Allocation Failure)  955759K->632333K(1034240K), 0.0038640 secs]
92.189: Total time for which application threads were stopped: 0.0040347 seconds, Stopping threads took: 0.0000196 seconds
92.257: [GC (Allocation Failure)  951821K->636431K(1033216K), 0.0049499 secs]
92.262: Total time for which application threads were stopped: 0.0051401 seconds, Stopping threads took: 0.0000197 seconds
92.329: [GC (Allocation Failure)  955919K->640367K(1034752K), 0.0048241 secs]
92.334: Total time for which application threads were stopped: 0.0049825 seconds, Stopping threads took: 0.0000187 seconds
92.402: [GC (Allocation Failure)  961903K->633613K(1034752K), 0.0023292 secs]
92.404: Total time for which application threads were stopped: 0.0024744 seconds, Stopping threads took: 0.0000194 seconds
92.473: [GC (Allocation Failure)  955149K->640471K(1034752K), 0.0050244 secs]
92.478: Total time for which application threads were stopped: 0.0051838 seconds, Stopping threads took: 0.0000195 seconds
92.544: [GC (Allocation Failure)  962007K->644543K(1034752K), 0.0056699 secs]
92.550: Total time for which application threads were stopped: 0.0058395 seconds, Stopping threads took: 0.0000197 seconds
92.615: [GC (Allocation Failure)  966079K->639005K(1034752K), 0.0029724 secs]
92.618: Total time for which application threads were stopped: 0.0031267 seconds, Stopping threads took: 0.0000187 seconds
92.685: [GC (Allocation Failure)  960541K->644807K(1034752K), 0.0050024 secs]
92.690: Total time for which application threads were stopped: 0.0051743 seconds, Stopping threads took: 0.0000195 seconds
92.757: [GC (Allocation Failure)  966343K->648647K(1034752K), 0.0052576 secs]
92.763: Total time for which application threads were stopped: 0.0054625 seconds, Stopping threads took: 0.0000203 seconds
92.831: [GC (Allocation Failure)  971135K->644741K(1035264K), 0.0038762 secs]
92.835: Total time for which application threads were stopped: 0.0040451 seconds, Stopping threads took: 0.0000197 seconds
92.904: [GC (Allocation Failure)  967301K->648847K(1036288K), 0.0049558 secs]
92.909: Total time for which application threads were stopped: 0.0051503 seconds, Stopping threads took: 0.0000202 seconds
92.977: [GC (Allocation Failure)  972943K->652783K(1035776K), 0.0065631 secs]
92.984: Total time for which application threads were stopped: 0.0067323 seconds, Stopping threads took: 0.0000166 seconds
93.053: [GC (Allocation Failure)  976879K->652815K(1035776K), 0.0047431 secs]
93.058: Total time for which application threads were stopped: 0.0049030 seconds, Stopping threads took: 0.0000257 seconds
93.125: [GC (Allocation Failure)  976399K->652871K(1023488K), 0.0049138 secs]
93.130: Total time for which application threads were stopped: 0.0050857 seconds, Stopping threads took: 0.0000203 seconds
93.197: [GC (Allocation Failure)  976455K->660873K(1035264K), 0.0048173 secs]
93.202: Total time for which application threads were stopped: 0.0049614 seconds, Stopping threads took: 0.0000193 seconds
93.267: [GC (Allocation Failure)  983433K->660841K(1030144K), 0.0047313 secs]
93.272: Total time for which application threads were stopped: 0.0048833 seconds, Stopping threads took: 0.0000197 seconds
93.336: [GC (Allocation Failure)  983401K->660897K(1034752K), 0.0100744 secs]
93.347: Total time for which application threads were stopped: 0.0102260 seconds, Stopping threads took: 0.0000196 seconds
93.414: [GC (Allocation Failure)  982433K->668900K(1034752K), 0.0050225 secs]
93.419: Total time for which application threads were stopped: 0.0051821 seconds, Stopping threads took: 0.0000188 seconds
93.487: [GC (Allocation Failure)  990436K->668868K(1033728K), 0.0048178 secs]
93.492: Total time for which application threads were stopped: 0.0049877 seconds, Stopping threads took: 0.0000197 seconds
93.559: [GC (Allocation Failure)  989380K->669132K(1034240K), 0.0047757 secs]
93.564: Total time for which application threads were stopped: 0.0049358 seconds, Stopping threads took: 0.0000265 seconds
93.632: [GC (Allocation Failure)  989644K->676942K(1034240K), 0.0046557 secs]
93.636: Total time for which application threads were stopped: 0.0048284 seconds, Stopping threads took: 0.0000258 seconds
93.704: [GC (Allocation Failure)  997454K->676910K(1034240K), 0.0049927 secs]
93.709: Total time for which application threads were stopped: 0.0051537 seconds, Stopping threads took: 0.0000202 seconds
93.776: [GC (Allocation Failure)  997422K->677350K(1033216K), 0.0058780 secs]
93.782: Total time for which application threads were stopped: 0.0060612 seconds, Stopping threads took: 0.0000220 seconds
93.849: [GC (Allocation Failure)  996838K->684936K(1033728K), 0.0050528 secs]
93.854: Total time for which application threads were stopped: 0.0052399 seconds, Stopping threads took: 0.0000226 seconds
93.923: [GC (Allocation Failure)  1004424K->684936K(1033728K), 0.0049390 secs]
93.928: Total time for which application threads were stopped: 0.0051320 seconds, Stopping threads took: 0.0000212 seconds
93.991: [GC (Allocation Failure)  1004424K->685096K(1033728K), 0.0049514 secs]
93.996: Total time for which application threads were stopped: 0.0051138 seconds, Stopping threads took: 0.0000282 seconds
94.061: [GC (Allocation Failure)  1004584K->693002K(1033728K), 0.0064415 secs]
94.068: Total time for which application threads were stopped: 0.0065805 seconds, Stopping threads took: 0.0000184 seconds
94.132: [GC (Allocation Failure)  1012490K->692938K(1033728K), 0.0070604 secs]
94.139: Total time for which application threads were stopped: 0.0071957 seconds, Stopping threads took: 0.0000193 seconds
94.203: [GC (Allocation Failure)  1012426K->693034K(1033728K), 0.0051629 secs]
94.209: [Full GC (Ergonomics)  693034K->8540K(1033728K), 0.0127830 secs]
94.221: Total time for which application threads were stopped: 0.0181796 seconds, Stopping threads took: 0.0000191 seconds
94.285: [GC (Allocation Failure)  328028K->16735K(1027584K), 0.0035467 secs]
94.288: Total time for which application threads were stopped: 0.0036657 seconds, Stopping threads took: 0.0000158 seconds
94.351: [GC (Allocation Failure)  336222K->12804K(1034240K), 0.0026798 secs]
94.354: Total time for which application threads were stopped: 0.0028125 seconds, Stopping threads took: 0.0000166 seconds
94.422: [GC (Allocation Failure)  332292K->16871K(1033216K), 0.0037865 secs]
94.425: Total time for which application threads were stopped: 0.0039208 seconds, Stopping threads took: 0.0000194 seconds
94.491: [GC (Allocation Failure)  336359K->20839K(1034752K), 0.0035836 secs]
94.494: Total time for which application threads were stopped: 0.0038458 seconds, Stopping threads took: 0.0000197 seconds
94.558: [GC (Allocation Failure)  342375K->14052K(1034752K), 0.0010119 secs]
94.559: Total time for which application threads were stopped: 0.0011367 seconds, Stopping threads took: 0.0000252 seconds
94.623: [GC (Allocation Failure)  335588K->20911K(1034752K), 0.0033940 secs]
94.627: Total time for which application threads were stopped: 0.0035251 seconds, Stopping threads took: 0.0000187 seconds
94.692: [GC (Allocation Failure)  342447K->24991K(1034752K), 0.0045623 secs]
94.697: Total time for which application threads were stopped: 0.0047208 seconds, Stopping threads took: 0.0000192 seconds
94.761: [GC (Allocation Failure)  346527K->19452K(1034752K), 0.0017956 secs]
94.763: Total time for which application threads were stopped: 0.0019426 seconds, Stopping threads took: 0.0000203 seconds
94.829: [GC (Allocation Failure)  340988K->25263K(1034752K), 0.0035032 secs]
94.833: Total time for which application threads were stopped: 0.0036480 seconds, Stopping threads took: 0.0000220 seconds
94.897: [GC (Allocation Failure)  346799K->29167K(1035264K), 0.0038806 secs]
94.901: Total time for which application threads were stopped: 0.0040196 seconds, Stopping threads took: 0.0000188 seconds
94.964: [GC (Allocation Failure)  351655K->25228K(1035264K), 0.0025260 secs]
94.967: Total time for which application threads were stopped: 0.0026622 seconds, Stopping threads took: 0.0000190 seconds
95.032: [GC (Allocation Failure)  347788K->29295K(1036288K), 0.0039611 secs]
95.036: Total time for which application threads were stopped: 0.0041069 seconds, Stopping threads took: 0.0000288 seconds
95.100: [GC (Allocation Failure)  353391K->33295K(1035776K), 0.0035444 secs]
95.104: Total time for which application threads were stopped: 0.0036896 seconds, Stopping threads took: 0.0000203 seconds
95.169: [GC (Allocation Failure)  357391K->33295K(1035776K), 0.0034227 secs]
95.172: Total time for which application threads were stopped: 0.0035679 seconds, Stopping threads took: 0.0000245 seconds
95.236: [GC (Allocation Failure)  356879K->33319K(1023488K), 0.0034522 secs]
95.240: Total time for which application threads were stopped: 0.0036146 seconds, Stopping threads took: 0.0000245 seconds
95.305: [GC (Allocation Failure)  356903K->41289K(1035264K), 0.0036701 secs]
95.308: Total time for which application threads were stopped: 0.0037999 seconds, Stopping threads took: 0.0000185 seconds
95.373: [GC (Allocation Failure)  363849K->41289K(1030144K), 0.0035451 secs]
95.377: Total time for which application threads were stopped: 0.0037121 seconds, Stopping threads took: 0.0000234 seconds
95.443: [GC (Allocation Failure)  363849K->41353K(1034752K), 0.0034845 secs]
95.447: Total time for which application threads were stopped: 0.0036079 seconds, Stopping threads took: 0.0000169 seconds
95.512: [GC (Allocation Failure)  362889K->49323K(1029120K), 0.0036970 secs]
95.515: Total time for which application threads were stopped: 0.0038419 seconds, Stopping threads took: 0.0000196 seconds
95.581: [GC (Allocation Failure)  370859K->49291K(1034240K), 0.0033997 secs]
95.584: Total time for which application threads were stopped: 0.0035662 seconds, Stopping threads took: 0.0000203 seconds
95.648: [GC (Allocation Failure)  369803K->49579K(1034240K), 0.0036808 secs]
95.651: Total time for which application threads were stopped: 0.0038330 seconds, Stopping threads took: 0.0000201 seconds
95.717: [GC (Allocation Failure)  370091K->57389K(1034240K), 0.0035725 secs]
95.721: Total time for which application threads were stopped: 0.0036975 seconds, Stopping threads took: 0.0000164 seconds
95.787: [GC (Allocation Failure)  377901K->57389K(1034240K), 0.0035782 secs]
95.791: Total time for which application threads were stopped: 0.0037239 seconds, Stopping threads took: 0.0000183 seconds
95.855: [GC (Allocation Failure)  377901K->57797K(1033216K), 0.0037497 secs]
95.859: Total time for which application threads were stopped: 0.0038883 seconds, Stopping threads took: 0.0000203 seconds
95.924: [GC (Allocation Failure)  377285K->65384K(1033728K), 0.0035314 secs]
95.927: Total time for which application threads were stopped: 0.0036629 seconds, Stopping threads took: 0.0000184 seconds
95.991: [GC (Allocation Failure)  384872K->65384K(1033728K), 0.0035880 secs]
95.994: Total time for which application threads were stopped: 0.0037471 seconds, Stopping threads took: 0.0000206 seconds
96.057: [GC (Allocation Failure)  384872K->65512K(1033728K), 0.0034385 secs]
96.061: Total time for which application threads were stopped: 0.0035654 seconds, Stopping threads took: 0.0000238 seconds
96.124: [GC (Allocation Failure)  385000K->73450K(1033728K), 0.0034902 secs]
96.128: Total time for which application threads were stopped: 0.0036294 seconds, Stopping threads took: 0.0000260 seconds
96.192: [GC (Allocation Failure)  392938K->73450K(1033728K), 0.0037492 secs]
96.196: Total time for which application threads were stopped: 0.0038872 seconds, Stopping threads took: 0.0000207 seconds
96.259: [GC (Allocation Failure)  392938K->73482K(1033728K), 0.0037011 secs]
96.262: Total time for which application threads were stopped: 0.0038466 seconds, Stopping threads took: 0.0000228 seconds
96.325: [GC (Allocation Failure)  392970K->81484K(1027072K), 0.0036597 secs]
96.329: Total time for which application threads were stopped: 0.0037969 seconds, Stopping threads took: 0.0000262 seconds
96.395: [GC (Allocation Failure)  400972K->77546K(1034240K), 0.0026016 secs]
96.397: Total time for which application threads were stopped: 0.0027545 seconds, Stopping threads took: 0.0000197 seconds
96.464: [GC (Allocation Failure)  397034K->81612K(1033216K), 0.0040177 secs]
96.469: Total time for which application threads were stopped: 0.0041756 seconds, Stopping threads took: 0.0000197 seconds
96.537: [GC (Allocation Failure)  401100K->85580K(1034752K), 0.0036135 secs]
96.541: Total time for which application threads were stopped: 0.0037864 seconds, Stopping threads took: 0.0000190 seconds
96.604: [GC (Allocation Failure)  407116K->78826K(1034752K), 0.0013267 secs]
96.606: Total time for which application threads were stopped: 0.0014900 seconds, Stopping threads took: 0.0000258 seconds
96.672: [GC (Allocation Failure)  400362K->85644K(1034752K), 0.0035855 secs]
96.676: Total time for which application threads were stopped: 0.0037339 seconds, Stopping threads took: 0.0000207 seconds
96.741: [GC (Allocation Failure)  407180K->89724K(1034752K), 0.0048643 secs]
96.746: Total time for which application threads were stopped: 0.0050400 seconds, Stopping threads took: 0.0000202 seconds
96.808: [GC (Allocation Failure)  411260K->84186K(1034752K), 0.0020496 secs]
96.810: Total time for which application threads were stopped: 0.0021864 seconds, Stopping threads took: 0.0000201 seconds
96.875: [GC (Allocation Failure)  405722K->89996K(1034752K), 0.0036833 secs]
96.879: Total time for which application threads were stopped: 0.0038202 seconds, Stopping threads took: 0.0000206 seconds
96.943: [GC (Allocation Failure)  411532K->93868K(1034752K), 0.0040548 secs]
96.947: Total time for which application threads were stopped: 0.0041937 seconds, Stopping threads took: 0.0000209 seconds
97.011: [GC (Allocation Failure)  416356K->89962K(1035264K), 0.0064267 secs]
97.018: Total time for which application threads were stopped: 0.0065644 seconds, Stopping threads took: 0.0000186 seconds
97.083: [GC (Allocation Failure)  412522K->94028K(1036288K), 0.0036440 secs]
97.087: Total time for which application threads were stopped: 0.0037787 seconds, Stopping threads took: 0.0000193 seconds
97.150: [GC (Allocation Failure)  418124K->97996K(1035776K), 0.0036136 secs]
97.154: Total time for which application threads were stopped: 0.0037431 seconds, Stopping threads took: 0.0000183 seconds
97.218: [GC (Allocation Failure)  422092K->97996K(1035776K), 0.0035540 secs]
97.222: Total time for which application threads were stopped: 0.0036869 seconds, Stopping threads took: 0.0000189 seconds
97.287: [GC (Allocation Failure)  421580K->98092K(1023488K), 0.0037360 secs]
97.291: Total time for which application threads were stopped: 0.0038750 seconds, Stopping threads took: 0.0000194 seconds
97.357: [GC (Allocation Failure)  421676K->106030K(1035264K), 0.0047339 secs]
97.361: Total time for which application threads were stopped: 0.0048959 seconds, Stopping threads took: 0.0000236 seconds
97.430: [GC (Allocation Failure)  428590K->106030K(1030144K), 0.0037047 secs]
97.433: Total time for which application threads were stopped: 0.0038725 seconds, Stopping threads took: 0.0000195 seconds
97.502: [GC (Allocation Failure)  428590K->106094K(1034752K), 0.0038451 secs]
97.505: Total time for which application threads were stopped: 0.0040041 seconds, Stopping threads took: 0.0000203 seconds
97.573: [GC (Allocation Failure)  427630K->114065K(1034752K), 0.0039299 secs]
97.577: Total time for which application threads were stopped: 0.0040822 seconds, Stopping threads took: 0.0000274 seconds
97.645: [GC (Allocation Failure)  435601K->114097K(1033728K), 0.0036009 secs]
97.649: Total time for which application threads were stopped: 0.0037417 seconds, Stopping threads took: 0.0000200 seconds
97.714: [GC (Allocation Failure)  434609K->114313K(1034240K), 0.0037216 secs]
97.718: Total time for which application threads were stopped: 0.0038805 seconds, Stopping threads took: 0.0000233 seconds
97.785: [GC (Allocation Failure)  434825K->122091K(1034240K), 0.0035890 secs]
97.788: Total time for which application threads were stopped: 0.0037261 seconds, Stopping threads took: 0.0000187 seconds
97.855: [GC (Allocation Failure)  442603K->122091K(1034240K), 0.0036905 secs]
97.858: Total time for which application threads were stopped: 0.0038224 seconds, Stopping threads took: 0.0000189 seconds
97.924: [GC (Allocation Failure)  442603K->122539K(1033216K), 0.0037431 secs]
97.927: Total time for which application threads were stopped: 0.0038884 seconds, Stopping threads took: 0.0000194 seconds
97.993: [GC (Allocation Failure)  442027K->130157K(1033728K), 0.0037189 secs]
97.996: Total time for which application threads were stopped: 0.0038615 seconds, Stopping threads took: 0.0000264 seconds
98.060: [GC (Allocation Failure)  449645K->130125K(1033728K), 0.0036313 secs]
98.063: Total time for which application threads were stopped: 0.0037702 seconds, Stopping threads took: 0.0000191 seconds
98.124: [GC (Allocation Failure)  449613K->130285K(1033728K), 0.0038426 secs]
98.128: Total time for which application threads were stopped: 0.0039843 seconds, Stopping threads took: 0.0000203 seconds
98.191: [GC (Allocation Failure)  449773K->138159K(1033728K), 0.0036608 secs]
98.194: Total time for which application threads were stopped: 0.0038259 seconds, Stopping threads took: 0.0000212 seconds
98.257: [GC (Allocation Failure)  457647K->138159K(1033728K), 0.0037807 secs]
98.261: Total time for which application threads were stopped: 0.0039135 seconds, Stopping threads took: 0.0000185 seconds
98.323: [GC (Allocation Failure)  457647K->138223K(1033728K), 0.0054771 secs]
98.329: Total time for which application threads were stopped: 0.0056398 seconds, Stopping threads took: 0.0000198 seconds
98.395: [GC (Allocation Failure)  457711K->146226K(1027072K), 0.0039717 secs]
98.399: Total time for which application threads were stopped: 0.0041034 seconds, Stopping threads took: 0.0000200 seconds
98.462: [GC (Allocation Failure)  465713K->142287K(1034240K), 0.0030743 secs]
98.466: Total time for which application threads were stopped: 0.0032157 seconds, Stopping threads took: 0.0000196 seconds
98.531: [GC (Allocation Failure)  461775K->146346K(1033216K), 0.0038617 secs]
98.535: Total time for which application threads were stopped: 0.0040200 seconds, Stopping threads took: 0.0000277 seconds
98.599: [GC (Allocation Failure)  465834K->150314K(1034752K), 0.0036890 secs]
98.603: Total time for which application threads were stopped: 0.0038231 seconds, Stopping threads took: 0.0000187 seconds
98.667: [GC (Allocation Failure)  471850K->143527K(1034752K), 0.0014505 secs]
98.668: Total time for which application threads were stopped: 0.0015754 seconds, Stopping threads took: 0.0000183 seconds
98.734: [GC (Allocation Failure)  465063K->150410K(1034752K), 0.0036364 secs]
98.738: Total time for which application threads were stopped: 0.0037792 seconds, Stopping threads took: 0.0000272 seconds
98.802: [GC (Allocation Failure)  471946K->154458K(1034752K), 0.0046119 secs]
98.807: Total time for which application threads were stopped: 0.0047596 seconds, Stopping threads took: 0.0000172 seconds
98.870: [GC (Allocation Failure)  475994K->148919K(1034752K), 0.0020781 secs]
98.872: Total time for which application threads were stopped: 0.0022085 seconds, Stopping threads took: 0.0000191 seconds
98.937: [GC (Allocation Failure)  470455K->154730K(1034752K), 0.0038616 secs]
98.941: Total time for which application threads were stopped: 0.0040082 seconds, Stopping threads took: 0.0000237 seconds
99.006: [GC (Allocation Failure)  476266K->158602K(1034752K), 0.0040637 secs]
99.011: Total time for which application threads were stopped: 0.0041948 seconds, Stopping threads took: 0.0000176 seconds
99.074: [GC (Allocation Failure)  481090K->154695K(1035264K), 0.0026899 secs]
99.076: Total time for which application threads were stopped: 0.0028271 seconds, Stopping threads took: 0.0000260 seconds
99.142: [GC (Allocation Failure)  477255K->158762K(1036288K), 0.0039251 secs]
99.146: Total time for which application threads were stopped: 0.0040711 seconds, Stopping threads took: 0.0000194 seconds
99.210: [GC (Allocation Failure)  482858K->162762K(1035776K), 0.0038191 secs]
99.214: Total time for which application threads were stopped: 0.0039508 seconds, Stopping threads took: 0.0000185 seconds
99.278: [GC (Allocation Failure)  486858K->162762K(1035776K), 0.0036884 secs]
99.282: Total time for which application threads were stopped: 0.0038372 seconds, Stopping threads took: 0.0000250 seconds
99.346: [GC (Allocation Failure)  486346K->162786K(1023488K), 0.0045377 secs]
99.351: Total time for which application threads were stopped: 0.0046675 seconds, Stopping threads took: 0.0000166 seconds
99.415: [GC (Allocation Failure)  486370K->170756K(1035264K), 0.0038969 secs]
99.419: Total time for which application threads were stopped: 0.0040440 seconds, Stopping threads took: 0.0000204 seconds
99.484: [GC (Allocation Failure)  493316K->170724K(1030144K), 0.0035990 secs]
99.488: Total time for which application threads were stopped: 0.0037495 seconds, Stopping threads took: 0.0000202 seconds
99.554: [GC (Allocation Failure)  493284K->170828K(1034752K), 0.0037300 secs]
99.558: Total time for which application threads were stopped: 0.0038640 seconds, Stopping threads took: 0.0000184 seconds
99.621: [GC (Allocation Failure)  492364K->178798K(1034752K), 0.0040663 secs]
99.625: Total time for which application threads were stopped: 0.0042133 seconds, Stopping threads took: 0.0000190 seconds
99.690: [GC (Allocation Failure)  500334K->178830K(1033728K), 0.0036829 secs]
99.694: Total time for which application threads were stopped: 0.0038033 seconds, Stopping threads took: 0.0000163 seconds
99.757: [GC (Allocation Failure)  499342K->179046K(1034240K), 0.0039562 secs]
99.761: Total time for which application threads were stopped: 0.0041042 seconds, Stopping threads took: 0.0000241 seconds
99.825: [GC (Allocation Failure)  499558K->186825K(1034240K), 0.0036285 secs]
99.829: Total time for which application threads were stopped: 0.0037713 seconds, Stopping threads took: 0.0000211 seconds
99.894: [GC (Allocation Failure)  507337K->186825K(1034240K), 0.0038627 secs]
99.898: Total time for which application threads were stopped: 0.0040203 seconds, Stopping threads took: 0.0000273 seconds
99.962: [GC (Allocation Failure)  507337K->187273K(1033216K), 0.0038556 secs]
99.966: Total time for which application threads were stopped: 0.0039813 seconds, Stopping threads took: 0.0000177 seconds
100.031: [GC (Allocation Failure)  506761K->194891K(1033728K), 0.0039615 secs]
100.035: Total time for which application threads were stopped: 0.0041038 seconds, Stopping threads took: 0.0000238 seconds
100.099: [GC (Allocation Failure)  514379K->194859K(1033728K), 0.0038890 secs]
100.103: Total time for which application threads were stopped: 0.0040390 seconds, Stopping threads took: 0.0000187 seconds
100.165: [GC (Allocation Failure)  514347K->194979K(1033728K), 0.0039635 secs]
100.169: Total time for which application threads were stopped: 0.0041161 seconds, Stopping threads took: 0.0000238 seconds
100.234: [GC (Allocation Failure)  514467K->202917K(1033728K), 0.0037765 secs]
100.237: Total time for which application threads were stopped: 0.0039112 seconds, Stopping threads took: 0.0000154 seconds
100.302: [GC (Allocation Failure)  522405K->202917K(1033728K), 0.0037992 secs]
100.306: Total time for which application threads were stopped: 0.0039360 seconds, Stopping threads took: 0.0000157 seconds
100.372: [GC (Allocation Failure)  522405K->202949K(1033728K), 0.0039447 secs]
100.376: Total time for which application threads were stopped: 0.0040793 seconds, Stopping threads took: 0.0000180 seconds
100.443: [GC (Allocation Failure)  522437K->210919K(1027072K), 0.0040644 secs]
100.447: Total time for which application threads were stopped: 0.0041963 seconds, Stopping threads took: 0.0000205 seconds
100.509: [GC (Allocation Failure)  530407K->207045K(1034240K), 0.0030699 secs]
100.512: Total time for which application threads were stopped: 0.0032070 seconds, Stopping threads took: 0.0000203 seconds
100.576: [GC (Allocation Failure)  526533K->211087K(1033216K), 0.0039924 secs]
100.580: Total time for which application threads were stopped: 0.0041314 seconds, Stopping threads took: 0.0000257 seconds
100.643: [GC (Allocation Failure)  530575K->215055K(1034752K), 0.0039019 secs]
100.647: Total time for which application threads were stopped: 0.0040451 seconds, Stopping threads took: 0.0000176 seconds
100.712: [GC (Allocation Failure)  536591K->208301K(1034752K), 0.0015569 secs]
100.713: Total time for which application threads were stopped: 0.0017348 seconds, Stopping threads took: 0.0000263 seconds
100.778: [GC (Allocation Failure)  529837K->215095K(1034752K), 0.0037490 secs]
100.782: Total time for which application threads were stopped: 0.0038773 seconds, Stopping threads took: 0.0000181 seconds
100.844: [GC (Allocation Failure)  536631K->219239K(1034752K), 0.0049208 secs]
100.849: Total time for which application threads were stopped: 0.0050559 seconds, Stopping threads took: 0.0000180 seconds
100.911: [GC (Allocation Failure)  540775K->213669K(1034752K), 0.0021737 secs]
100.914: Total time for which application threads were stopped: 0.0023095 seconds, Stopping threads took: 0.0000263 seconds
100.979: [GC (Allocation Failure)  535205K->219463K(1034752K), 0.0040520 secs]
100.983: Total time for which application threads were stopped: 0.0041775 seconds, Stopping threads took: 0.0000176 seconds
101.046: [GC (Allocation Failure)  540999K->223367K(1034752K), 0.0043132 secs]
101.051: Total time for which application threads were stopped: 0.0044501 seconds, Stopping threads took: 0.0000175 seconds
101.114: [GC (Allocation Failure)  545856K->219461K(1035264K), 0.0027921 secs]
101.116: Total time for which application threads were stopped: 0.0029321 seconds, Stopping threads took: 0.0000193 seconds
101.181: [GC (Allocation Failure)  542021K->223495K(1036288K), 0.0041203 secs]
101.185: Total time for which application threads were stopped: 0.0042702 seconds, Stopping threads took: 0.0000190 seconds
101.248: [GC (Allocation Failure)  547591K->227463K(1035776K), 0.0039486 secs]
101.252: Total time for which application threads were stopped: 0.0040884 seconds, Stopping threads took: 0.0000191 seconds
101.317: [GC (Allocation Failure)  551559K->227463K(1035776K), 0.0040065 secs]
101.321: Total time for which application threads were stopped: 0.0041436 seconds, Stopping threads took: 0.0000196 seconds
101.386: [GC (Allocation Failure)  551047K->227527K(1023488K), 0.0039369 secs]
101.390: Total time for which application threads were stopped: 0.0040696 seconds, Stopping threads took: 0.0000174 seconds
101.453: [GC (Allocation Failure)  551111K->235530K(1035264K), 0.0040302 secs]
101.457: Total time for which application threads were stopped: 0.0041676 seconds, Stopping threads took: 0.0000200 seconds
101.521: [GC (Allocation Failure)  558090K->235498K(1030144K), 0.0037135 secs]
101.525: Total time for which application threads were stopped: 0.0038566 seconds, Stopping threads took: 0.0000209 seconds
101.589: [GC (Allocation Failure)  558058K->235562K(1034752K), 0.0040287 secs]
101.593: Total time for which application threads were stopped: 0.0041619 seconds, Stopping threads took: 0.0000185 seconds
101.659: [GC (Allocation Failure)  557098K->243564K(1029120K), 0.0040868 secs]
101.663: Total time for which application threads were stopped: 0.0042386 seconds, Stopping threads took: 0.0000196 seconds
101.729: [GC (Allocation Failure)  565100K->243532K(1034240K), 0.0036761 secs]
101.732: Total time for which application threads were stopped: 0.0038198 seconds, Stopping threads took: 0.0000185 seconds
101.797: [GC (Allocation Failure)  564044K->243788K(1034240K), 0.0039450 secs]
101.801: Total time for which application threads were stopped: 0.0040875 seconds, Stopping threads took: 0.0000187 seconds
101.864: [GC (Allocation Failure)  564300K->251566K(1034240K), 0.0037910 secs]
101.868: Total time for which application threads were stopped: 0.0039394 seconds, Stopping threads took: 0.0000187 seconds
101.934: [GC (Allocation Failure)  572078K->251566K(1034240K), 0.0039215 secs]
101.938: Total time for which application threads were stopped: 0.0040416 seconds, Stopping threads took: 0.0000160 seconds
102.001: [GC (Allocation Failure)  572078K->252022K(1033216K), 0.0064387 secs]
102.007: Total time for which application threads were stopped: 0.0066002 seconds, Stopping threads took: 0.0000249 seconds
102.072: [GC (Allocation Failure)  571510K->259640K(1033728K), 0.0040471 secs]
102.077: Total time for which application threads were stopped: 0.0041843 seconds, Stopping threads took: 0.0000269 seconds
102.141: [GC (Allocation Failure)  579128K->259608K(1033728K), 0.0040269 secs]
102.145: Total time for which application threads were stopped: 0.0041576 seconds, Stopping threads took: 0.0000182 seconds
102.206: [GC (Allocation Failure)  579096K->259736K(1033728K), 0.0064791 secs]
102.212: Total time for which application threads were stopped: 0.0066259 seconds, Stopping threads took: 0.0000236 seconds
102.276: [GC (Allocation Failure)  579224K->267643K(1033728K), 0.0039819 secs]
102.280: Total time for which application threads were stopped: 0.0041267 seconds, Stopping threads took: 0.0000177 seconds
102.345: [GC (Allocation Failure)  587131K->267643K(1033728K), 0.0041414 secs]
102.349: Total time for which application threads were stopped: 0.0042845 seconds, Stopping threads took: 0.0000244 seconds
102.414: [GC (Allocation Failure)  587131K->267715K(1033728K), 0.0039939 secs]
102.418: Total time for which application threads were stopped: 0.0041483 seconds, Stopping threads took: 0.0000279 seconds
102.482: [GC (Allocation Failure)  587203K->275717K(1027072K), 0.0041668 secs]
102.486: Total time for which application threads were stopped: 0.0043078 seconds, Stopping threads took: 0.0000198 seconds
102.548: [GC (Allocation Failure)  595204K->271779K(1034240K), 0.0031810 secs]
102.551: Total time for which application threads were stopped: 0.0033219 seconds, Stopping threads took: 0.0000188 seconds
102.615: [GC (Allocation Failure)  591267K->275853K(1033216K), 0.0040421 secs]
102.619: Total time for which application threads were stopped: 0.0041801 seconds, Stopping threads took: 0.0000196 seconds
102.683: [GC (Allocation Failure)  595341K->279789K(1034752K), 0.0039527 secs]
102.687: Total time for which application threads were stopped: 0.0040848 seconds, Stopping threads took: 0.0000187 seconds
102.749: [GC (Allocation Failure)  601325K->273035K(1034752K), 0.0016046 secs]
102.751: Total time for which application threads were stopped: 0.0017353 seconds, Stopping threads took: 0.0000192 seconds
102.814: [GC (Allocation Failure)  594571K->279885K(1034752K), 0.0039006 secs]
102.818: Total time for which application threads were stopped: 0.0040424 seconds, Stopping threads took: 0.0000198 seconds
102.881: [GC (Allocation Failure)  601421K->283965K(1034752K), 0.0048858 secs]
102.886: Total time for which application threads were stopped: 0.0050290 seconds, Stopping threads took: 0.0000186 seconds
102.949: [GC (Allocation Failure)  605501K->278395K(1034752K), 0.0023526 secs]
102.952: Total time for which application threads were stopped: 0.0024997 seconds, Stopping threads took: 0.0000185 seconds
103.017: [GC (Allocation Failure)  599931K->284237K(1034752K), 0.0041809 secs]
103.021: Total time for which application threads were stopped: 0.0043093 seconds, Stopping threads took: 0.0000158 seconds
103.088: [GC (Allocation Failure)  605773K->288141K(1034752K), 0.0043819 secs]
103.093: Total time for which application threads were stopped: 0.0045380 seconds, Stopping threads took: 0.0000236 seconds
103.155: [GC (Allocation Failure)  610629K->284171K(1035264K), 0.0030961 secs]
103.159: Total time for which application threads were stopped: 0.0032296 seconds, Stopping threads took: 0.0000194 seconds
103.223: [GC (Allocation Failure)  606731K->288269K(1036288K), 0.0040288 secs]
103.227: Total time for which application threads were stopped: 0.0041629 seconds, Stopping threads took: 0.0000184 seconds
103.290: [GC (Allocation Failure)  612365K->292205K(1035776K), 0.0040627 secs]
103.295: Total time for which application threads were stopped: 0.0042049 seconds, Stopping threads took: 0.0000179 seconds
103.361: [GC (Allocation Failure)  616301K->292237K(1035776K), 0.0064225 secs]
103.368: Total time for which application threads were stopped: 0.0065537 seconds, Stopping threads took: 0.0000245 seconds
103.432: [GC (Allocation Failure)  615821K->292293K(1023488K), 0.0041855 secs]
103.436: Total time for which application threads were stopped: 0.0043187 seconds, Stopping threads took: 0.0000196 seconds
103.498: [GC (Allocation Failure)  615877K->300327K(1035264K), 0.0042156 secs]
103.503: Total time for which application threads were stopped: 0.0043503 seconds, Stopping threads took: 0.0000188 seconds
103.566: [GC (Allocation Failure)  622887K->300295K(1030144K), 0.0038624 secs]
103.570: Total time for which application threads were stopped: 0.0040265 seconds, Stopping threads took: 0.0000273 seconds
103.635: [GC (Allocation Failure)  622855K->300327K(1034752K), 0.0040755 secs]
103.639: Total time for which application threads were stopped: 0.0042153 seconds, Stopping threads took: 0.0000199 seconds
103.705: [GC (Allocation Failure)  621863K->308297K(1029120K), 0.0043300 secs]
103.710: Total time for which application threads were stopped: 0.0044886 seconds, Stopping threads took: 0.0000189 seconds
103.776: [GC (Allocation Failure)  629833K->308297K(1034240K), 0.0041296 secs]
103.780: Total time for which application threads were stopped: 0.0042771 seconds, Stopping threads took: 0.0000213 seconds
103.844: [GC (Allocation Failure)  628809K->308553K(1034240K), 0.0040954 secs]
103.848: Total time for which application threads were stopped: 0.0042432 seconds, Stopping threads took: 0.0000195 seconds
103.914: [GC (Allocation Failure)  629065K->316332K(1034240K), 0.0040967 secs]
103.918: Total time for which application threads were stopped: 0.0042278 seconds, Stopping threads took: 0.0000190 seconds
103.982: [GC (Allocation Failure)  636844K->316332K(1034240K), 0.0039745 secs]
103.986: Total time for which application threads were stopped: 0.0040947 seconds, Stopping threads took: 0.0000193 seconds
104.050: [GC (Allocation Failure)  636844K->316780K(1033216K), 0.0041033 secs]
104.055: Total time for which application threads were stopped: 0.0042349 seconds, Stopping threads took: 0.0000249 seconds
104.118: [GC (Allocation Failure)  636268K->324366K(1033728K), 0.0040554 secs]
104.122: Total time for which application threads were stopped: 0.0041897 seconds, Stopping threads took: 0.0000186 seconds
104.186: [GC (Allocation Failure)  643854K->324398K(1033728K), 0.0039669 secs]
104.190: Total time for which application threads were stopped: 0.0041029 seconds, Stopping threads took: 0.0000194 seconds
104.251: [GC (Allocation Failure)  643886K->324518K(1033728K), 0.0042021 secs]
104.255: Total time for which application threads were stopped: 0.0043448 seconds, Stopping threads took: 0.0000189 seconds
104.319: [GC (Allocation Failure)  644006K->332424K(1033728K), 0.0041183 secs]
104.323: Total time for which application threads were stopped: 0.0042679 seconds, Stopping threads took: 0.0000183 seconds
104.389: [GC (Allocation Failure)  651912K->332392K(1033728K), 0.0043796 secs]
104.393: Total time for which application threads were stopped: 0.0045376 seconds, Stopping threads took: 0.0000184 seconds
104.460: [GC (Allocation Failure)  651880K->332424K(1033728K), 0.0043242 secs]
104.464: Total time for which application threads were stopped: 0.0044797 seconds, Stopping threads took: 0.0000194 seconds
104.530: [GC (Allocation Failure)  651912K->340427K(1027072K), 0.0043674 secs]
104.534: Total time for which application threads were stopped: 0.0045383 seconds, Stopping threads took: 0.0000193 seconds
104.600: [GC (Allocation Failure)  659914K->336552K(1034240K), 0.0032830 secs]
104.604: Total time for which application threads were stopped: 0.0034250 seconds, Stopping threads took: 0.0000168 seconds
104.672: [GC (Allocation Failure)  656040K->340587K(1033216K), 0.0044135 secs]
104.677: Total time for which application threads were stopped: 0.0045699 seconds, Stopping threads took: 0.0000198 seconds
104.742: [GC (Allocation Failure)  660075K->344555K(1034752K), 0.0041835 secs]
104.746: Total time for which application threads were stopped: 0.0043291 seconds, Stopping threads took: 0.0000197 seconds
104.811: [GC (Allocation Failure)  666091K->337768K(1034752K), 0.0017553 secs]
104.813: Total time for which application threads were stopped: 0.0018859 seconds, Stopping threads took: 0.0000188 seconds
104.879: [GC (Allocation Failure)  659304K->344619K(1034752K), 0.0041585 secs]
104.883: Total time for which application threads were stopped: 0.0042958 seconds, Stopping threads took: 0.0000195 seconds
104.948: [GC (Allocation Failure)  666155K->348731K(1034752K), 0.0051748 secs]
104.953: Total time for which application threads were stopped: 0.0053234 seconds, Stopping threads took: 0.0000195 seconds
105.017: [GC (Allocation Failure)  670267K->343160K(1034752K), 0.0023322 secs]
105.019: Total time for which application threads were stopped: 0.0024699 seconds, Stopping threads took: 0.0000194 seconds
105.085: [GC (Allocation Failure)  664696K->348971K(1034752K), 0.0041845 secs]
105.090: Total time for which application threads were stopped: 0.0043309 seconds, Stopping threads took: 0.0000254 seconds
105.154: [GC (Allocation Failure)  670507K->352843K(1034752K), 0.0046860 secs]
105.159: Total time for which application threads were stopped: 0.0048492 seconds, Stopping threads took: 0.0000253 seconds
105.223: [GC (Allocation Failure)  675331K->348968K(1035264K), 0.0030755 secs]
105.226: Total time for which application threads were stopped: 0.0032114 seconds, Stopping threads took: 0.0000198 seconds
105.294: [GC (Allocation Failure)  671528K->353003K(1036288K), 0.0041962 secs]
105.298: Total time for which application threads were stopped: 0.0043377 seconds, Stopping threads took: 0.0000175 seconds
105.367: [GC (Allocation Failure)  677099K->356971K(1035776K), 0.0043185 secs]
105.371: Total time for which application threads were stopped: 0.0044856 seconds, Stopping threads took: 0.0000199 seconds
105.440: [GC (Allocation Failure)  681067K->356971K(1035776K), 0.0043521 secs]
105.444: Total time for which application threads were stopped: 0.0046718 seconds, Stopping threads took: 0.0000196 seconds
105.512: [GC (Allocation Failure)  680555K->357035K(1023488K), 0.0043285 secs]
105.516: Total time for which application threads were stopped: 0.0045064 seconds, Stopping threads took: 0.0000269 seconds
105.583: [GC (Allocation Failure)  680619K->365005K(1035264K), 0.0042968 secs]
105.587: Total time for which application threads were stopped: 0.0044822 seconds, Stopping threads took: 0.0000255 seconds
105.654: [GC (Allocation Failure)  687565K->365005K(1030144K), 0.0043023 secs]
105.659: Total time for which application threads were stopped: 0.0044727 seconds, Stopping threads took: 0.0000199 seconds
105.726: [GC (Allocation Failure)  687565K->365061K(1034752K), 0.0042756 secs]
105.730: Total time for which application threads were stopped: 0.0044499 seconds, Stopping threads took: 0.0000204 seconds
105.797: [GC (Allocation Failure)  686597K->373063K(1034752K), 0.0046775 secs]
105.802: Total time for which application threads were stopped: 0.0048435 seconds, Stopping threads took: 0.0000193 seconds
105.869: [GC (Allocation Failure)  694599K->372999K(1033728K), 0.0041037 secs]
105.874: Total time for which application threads were stopped: 0.0042616 seconds, Stopping threads took: 0.0000196 seconds
105.940: [GC (Allocation Failure)  693511K->373247K(1034240K), 0.0065129 secs]
105.946: Total time for which application threads were stopped: 0.0066879 seconds, Stopping threads took: 0.0000215 seconds
106.013: [GC (Allocation Failure)  693759K->381089K(1034240K), 0.0043939 secs]
106.018: Total time for which application threads were stopped: 0.0045705 seconds, Stopping threads took: 0.0000223 seconds
106.084: [GC (Allocation Failure)  701601K->381057K(1034240K), 0.0044512 secs]
106.089: Total time for which application threads were stopped: 0.0046420 seconds, Stopping threads took: 0.0000203 seconds
106.156: [GC (Allocation Failure)  701569K->381513K(1033216K), 0.0044669 secs]
106.160: Total time for which application threads were stopped: 0.0046002 seconds, Stopping threads took: 0.0000175 seconds
106.226: [GC (Allocation Failure)  701001K->389100K(1033728K), 0.0064612 secs]
106.233: Total time for which application threads were stopped: 0.0066364 seconds, Stopping threads took: 0.0000191 seconds
106.299: [GC (Allocation Failure)  708588K->389100K(1033728K), 0.0041667 secs]
106.303: Total time for which application threads were stopped: 0.0042963 seconds, Stopping threads took: 0.0000187 seconds
106.366: [GC (Allocation Failure)  708588K->389228K(1033728K), 0.0043169 secs]
106.370: Total time for which application threads were stopped: 0.0045029 seconds, Stopping threads took: 0.0000163 seconds
106.437: [GC (Allocation Failure)  708716K->397134K(1033728K), 0.0043760 secs]
106.442: Total time for which application threads were stopped: 0.0045422 seconds, Stopping threads took: 0.0000200 seconds
106.509: [GC (Allocation Failure)  716622K->397134K(1033728K), 0.0044330 secs]
106.513: Total time for which application threads were stopped: 0.0046329 seconds, Stopping threads took: 0.0000191 seconds
106.581: [GC (Allocation Failure)  716622K->397198K(1033728K), 0.0044047 secs]
106.586: Total time for which application threads were stopped: 0.0045687 seconds, Stopping threads took: 0.0000254 seconds
106.652: [GC (Allocation Failure)  716686K->405168K(1027072K), 0.0045761 secs]
106.657: Total time for which application threads were stopped: 0.0047341 seconds, Stopping threads took: 0.0000203 seconds
106.723: [GC (Allocation Failure)  724656K->401294K(1034240K), 0.0034024 secs]
106.727: Total time for which application threads were stopped: 0.0035741 seconds, Stopping threads took: 0.0000217 seconds
106.793: [GC (Allocation Failure)  720782K->405320K(1033216K), 0.0045436 secs]
106.798: Total time for which application threads were stopped: 0.0047210 seconds, Stopping threads took: 0.0000219 seconds
106.865: [GC (Allocation Failure)  724808K->409256K(1034752K), 0.0043364 secs]
106.869: Total time for which application threads were stopped: 0.0045045 seconds, Stopping threads took: 0.0000193 seconds
106.935: [GC (Allocation Failure)  730792K->402502K(1034752K), 0.0017855 secs]
106.937: Total time for which application threads were stopped: 0.0019386 seconds, Stopping threads took: 0.0000197 seconds
107.003: [GC (Allocation Failure)  724038K->409392K(1034752K), 0.0043350 secs]
107.007: Total time for which application threads were stopped: 0.0044955 seconds, Stopping threads took: 0.0000206 seconds
107.074: [GC (Allocation Failure)  730928K->413440K(1034752K), 0.0053476 secs]
107.080: Total time for which application threads were stopped: 0.0055256 seconds, Stopping threads took: 0.0000273 seconds
107.144: [GC (Allocation Failure)  734976K->407870K(1034752K), 0.0024513 secs]
107.147: Total time for which application threads were stopped: 0.0025952 seconds, Stopping threads took: 0.0000188 seconds
107.213: [GC (Allocation Failure)  729406K->413704K(1034752K), 0.0044464 secs]
107.218: Total time for which application threads were stopped: 0.0046103 seconds, Stopping threads took: 0.0000200 seconds
107.284: [GC (Allocation Failure)  735240K->417568K(1034752K), 0.0073523 secs]
107.292: Total time for which application threads were stopped: 0.0075203 seconds, Stopping threads took: 0.0000193 seconds
107.360: [GC (Allocation Failure)  740056K->413662K(1035264K), 0.0056505 secs]
107.366: Total time for which application threads were stopped: 0.0058153 seconds, Stopping threads took: 0.0000247 seconds
107.433: [GC (Allocation Failure)  736222K->417736K(1036288K), 0.0044329 secs]
107.438: Total time for which application threads were stopped: 0.0046154 seconds, Stopping threads took: 0.0000169 seconds
107.507: [GC (Allocation Failure)  741832K->421736K(1035776K), 0.0043083 secs]
107.511: Total time for which application threads were stopped: 0.0044883 seconds, Stopping threads took: 0.0000171 seconds
107.581: [GC (Allocation Failure)  745832K->421672K(1035776K), 0.0043186 secs]
107.585: Total time for which application threads were stopped: 0.0044859 seconds, Stopping threads took: 0.0000277 seconds
107.653: [GC (Allocation Failure)  745256K->421768K(1023488K), 0.0045080 secs]
107.658: Total time for which application threads were stopped: 0.0046776 seconds, Stopping threads took: 0.0000210 seconds
107.725: [GC (Allocation Failure)  745352K->429738K(1035264K), 0.0044203 secs]
107.729: Total time for which application threads were stopped: 0.0046178 seconds, Stopping threads took: 0.0000202 seconds
107.798: [GC (Allocation Failure)  752298K->429738K(1030144K), 0.0044062 secs]
107.803: Total time for which application threads were stopped: 0.0045596 seconds, Stopping threads took: 0.0000198 seconds
107.869: [GC (Allocation Failure)  752298K->429802K(1034752K), 0.0045038 secs]
107.874: Total time for which application threads were stopped: 0.0046674 seconds, Stopping threads took: 0.0000194 seconds
107.941: [GC (Allocation Failure)  751338K->437773K(1034752K), 0.0046738 secs]
107.946: Total time for which application threads were stopped: 0.0048620 seconds, Stopping threads took: 0.0000196 seconds
108.015: [GC (Allocation Failure)  759309K->437773K(1033728K), 0.0043248 secs]
108.019: Total time for which application threads were stopped: 0.0044998 seconds, Stopping threads took: 0.0000167 seconds
108.088: [GC (Allocation Failure)  758285K->438029K(1034240K), 0.0043946 secs]
108.093: Total time for which application threads were stopped: 0.0045541 seconds, Stopping threads took: 0.0000262 seconds
108.160: [GC (Allocation Failure)  758541K->445807K(1034240K), 0.0043095 secs]
108.165: Total time for which application threads were stopped: 0.0044900 seconds, Stopping threads took: 0.0000266 seconds
108.233: [GC (Allocation Failure)  766319K->445807K(1034240K), 0.0043915 secs]
108.237: Total time for which application threads were stopped: 0.0045632 seconds, Stopping threads took: 0.0000195 seconds
108.305: [GC (Allocation Failure)  766319K->446263K(1034240K), 0.0045469 secs]
108.309: Total time for which application threads were stopped: 0.0047037 seconds, Stopping threads took: 0.0000200 seconds
108.376: [GC (Allocation Failure)  766775K->453881K(1028096K), 0.0045091 secs]
108.381: Total time for which application threads were stopped: 0.0046681 seconds, Stopping threads took: 0.0000191 seconds
108.446: [GC (Allocation Failure)  774393K->453849K(1033728K), 0.0044784 secs]
108.451: Total time for which application threads were stopped: 0.0046346 seconds, Stopping threads took: 0.0000194 seconds
108.516: [GC (Allocation Failure)  773337K->453937K(1033728K), 0.0051663 secs]
108.521: Total time for which application threads were stopped: 0.0053321 seconds, Stopping threads took: 0.0000195 seconds
108.590: [GC (Allocation Failure)  773425K->461875K(1033728K), 0.0044816 secs]
108.595: Total time for which application threads were stopped: 0.0046553 seconds, Stopping threads took: 0.0000274 seconds
108.662: [GC (Allocation Failure)  781363K->461843K(1033728K), 0.0043606 secs]
108.667: Total time for which application threads were stopped: 0.0045133 seconds, Stopping threads took: 0.0000188 seconds
108.732: [GC (Allocation Failure)  781331K->461931K(1033728K), 0.0045507 secs]
108.737: Total time for which application threads were stopped: 0.0047076 seconds, Stopping threads took: 0.0000196 seconds
108.802: [GC (Allocation Failure)  781419K->469902K(1027072K), 0.0046623 secs]
108.807: Total time for which application threads were stopped: 0.0048198 seconds, Stopping threads took: 0.0000191 seconds
108.871: [GC (Allocation Failure)  789389K->465963K(1034240K), 0.0036139 secs]
108.875: Total time for which application threads were stopped: 0.0037888 seconds, Stopping threads took: 0.0000203 seconds
108.943: [GC (Allocation Failure)  785451K->470062K(1033216K), 0.0045679 secs]
108.947: Total time for which application threads were stopped: 0.0047412 seconds, Stopping threads took: 0.0000196 seconds
109.015: [GC (Allocation Failure)  789550K->474030K(1034752K), 0.0045066 secs]
109.019: Total time for which application threads were stopped: 0.0046719 seconds, Stopping threads took: 0.0000198 seconds
109.086: [GC (Allocation Failure)  795566K->467243K(1034752K), 0.0019421 secs]
109.089: Total time for which application threads were stopped: 0.0020954 seconds, Stopping threads took: 0.0000194 seconds
109.158: [GC (Allocation Failure)  788779K->474094K(1034752K), 0.0045433 secs]
109.162: Total time for which application threads were stopped: 0.0047404 seconds, Stopping threads took: 0.0000197 seconds
109.229: [GC (Allocation Failure)  795630K->478206K(1034752K), 0.0055514 secs]
109.234: Total time for which application threads were stopped: 0.0057243 seconds, Stopping threads took: 0.0000209 seconds
109.300: [GC (Allocation Failure)  799742K->472603K(1034752K), 0.0026251 secs]
109.303: Total time for which application threads were stopped: 0.0027877 seconds, Stopping threads took: 0.0000200 seconds
109.372: [GC (Allocation Failure)  794139K->478478K(1034752K), 0.0046707 secs]
109.377: Total time for which application threads were stopped: 0.0048395 seconds, Stopping threads took: 0.0000188 seconds
109.444: [GC (Allocation Failure)  800014K->482286K(1035264K), 0.0048308 secs]
109.449: Total time for which application threads were stopped: 0.0050156 seconds, Stopping threads took: 0.0000202 seconds
109.517: [GC (Allocation Failure)  804774K->478379K(1035264K), 0.0034141 secs]
109.521: Total time for which application threads were stopped: 0.0035905 seconds, Stopping threads took: 0.0000278 seconds
109.589: [GC (Allocation Failure)  800939K->482478K(1036288K), 0.0045091 secs]
109.594: Total time for which application threads were stopped: 0.0046700 seconds, Stopping threads took: 0.0000195 seconds
109.661: [GC (Allocation Failure)  806574K->486446K(1035776K), 0.0043369 secs]
109.665: Total time for which application threads were stopped: 0.0044934 seconds, Stopping threads took: 0.0000266 seconds
109.734: [GC (Allocation Failure)  810542K->486446K(1035776K), 0.0045160 secs]
109.738: Total time for which application threads were stopped: 0.0046926 seconds, Stopping threads took: 0.0000204 seconds
109.806: [GC (Allocation Failure)  810030K->486502K(1023488K), 0.0049029 secs]
109.811: Total time for which application threads were stopped: 0.0050739 seconds, Stopping threads took: 0.0000199 seconds
109.879: [GC (Allocation Failure)  810086K->494504K(1035264K), 0.0046970 secs]
109.884: Total time for which application threads were stopped: 0.0048558 seconds, Stopping threads took: 0.0000193 seconds
109.952: [GC (Allocation Failure)  817064K->494472K(1030144K), 0.0045943 secs]
109.956: Total time for which application threads were stopped: 0.0047542 seconds, Stopping threads took: 0.0000193 seconds
110.024: [GC (Allocation Failure)  817032K->494536K(1034752K), 0.0047827 secs]
110.029: Total time for which application threads were stopped: 0.0049576 seconds, Stopping threads took: 0.0000197 seconds
110.097: [GC (Allocation Failure)  816072K->502538K(1029120K), 0.0047724 secs]
110.102: Total time for which application threads were stopped: 0.0049494 seconds, Stopping threads took: 0.0000275 seconds
110.170: [GC (Allocation Failure)  824074K->502506K(1034240K), 0.0044719 secs]
110.174: Total time for which application threads were stopped: 0.0046388 seconds, Stopping threads took: 0.0000191 seconds
110.243: [GC (Allocation Failure)  823018K->502730K(1034240K), 0.0047097 secs]
110.247: Total time for which application threads were stopped: 0.0048784 seconds, Stopping threads took: 0.0000193 seconds
110.315: [GC (Allocation Failure)  823242K->510541K(1034240K), 0.0057624 secs]
110.321: Total time for which application threads were stopped: 0.0059198 seconds, Stopping threads took: 0.0000191 seconds
110.390: [GC (Allocation Failure)  831053K->510573K(1034240K), 0.0047673 secs]
110.395: Total time for which application threads were stopped: 0.0049525 seconds, Stopping threads took: 0.0000277 seconds
110.461: [GC (Allocation Failure)  831085K->510957K(1033216K), 0.0046025 secs]
110.466: Total time for which application threads were stopped: 0.0047621 seconds, Stopping threads took: 0.0000198 seconds
110.534: [GC (Allocation Failure)  830445K->518607K(1033728K), 0.0047338 secs]
110.539: Total time for which application threads were stopped: 0.0048938 seconds, Stopping threads took: 0.0000193 seconds
110.607: [GC (Allocation Failure)  838095K->518543K(1033728K), 0.0046338 secs]
110.612: Total time for which application threads were stopped: 0.0048114 seconds, Stopping threads took: 0.0000276 seconds
110.676: [GC (Allocation Failure)  838031K->518727K(1033728K), 0.0046926 secs]
110.681: Total time for which application threads were stopped: 0.0048666 seconds, Stopping threads took: 0.0000191 seconds
110.748: [GC (Allocation Failure)  838215K->526633K(1033728K), 0.0046631 secs]
110.753: Total time for which application threads were stopped: 0.0048303 seconds, Stopping threads took: 0.0000195 seconds
110.820: [GC (Allocation Failure)  846121K->526601K(1033728K), 0.0047402 secs]
110.825: Total time for which application threads were stopped: 0.0049112 seconds, Stopping threads took: 0.0000224 seconds
110.891: [GC (Allocation Failure)  846089K->526665K(1033728K), 0.0047077 secs]
110.896: Total time for which application threads were stopped: 0.0048835 seconds, Stopping threads took: 0.0000268 seconds
110.963: [GC (Allocation Failure)  846153K->534635K(1027072K), 0.0046069 secs]
110.968: Total time for which application threads were stopped: 0.0047650 seconds, Stopping threads took: 0.0000203 seconds
111.032: [GC (Allocation Failure)  854123K->530729K(1034240K), 0.0035838 secs]
111.036: Total time for which application threads were stopped: 0.0037381 seconds, Stopping threads took: 0.0000188 seconds
111.104: [GC (Allocation Failure)  850217K->534795K(1033216K), 0.0045492 secs]
111.109: Total time for which application threads were stopped: 0.0047242 seconds, Stopping threads took: 0.0000288 seconds
111.176: [GC (Allocation Failure)  854283K->538763K(1034752K), 0.0047506 secs]
111.181: Total time for which application threads were stopped: 0.0049234 seconds, Stopping threads took: 0.0000196 seconds
111.247: [GC (Allocation Failure)  860299K->531977K(1034752K), 0.0019868 secs]
111.250: Total time for which application threads were stopped: 0.0021385 seconds, Stopping threads took: 0.0000191 seconds
111.319: [GC (Allocation Failure)  853513K->538827K(1034752K), 0.0059175 secs]
111.325: Total time for which application threads were stopped: 0.0061004 seconds, Stopping threads took: 0.0000165 seconds
111.394: [GC (Allocation Failure)  860363K->542907K(1034752K), 0.0054945 secs]
111.399: Total time for which application threads were stopped: 0.0056527 seconds, Stopping threads took: 0.0000170 seconds
111.465: [GC (Allocation Failure)  864443K->537337K(1034752K), 0.0027411 secs]
111.468: Total time for which application threads were stopped: 0.0029027 seconds, Stopping threads took: 0.0000199 seconds
111.535: [GC (Allocation Failure)  858873K->543179K(1034752K), 0.0048595 secs]
111.540: Total time for which application threads were stopped: 0.0050393 seconds, Stopping threads took: 0.0000222 seconds
111.608: [GC (Allocation Failure)  864715K->547051K(1034752K), 0.0050460 secs]
111.613: Total time for which application threads were stopped: 0.0052363 seconds, Stopping threads took: 0.0000279 seconds
111.681: [GC (Allocation Failure)  869540K->543145K(1035264K), 0.0035352 secs]
111.685: Total time for which application threads were stopped: 0.0036928 seconds, Stopping threads took: 0.0000253 seconds
111.753: [GC (Allocation Failure)  865705K->547211K(1036288K), 0.0047967 secs]
111.758: Total time for which application threads were stopped: 0.0049656 seconds, Stopping threads took: 0.0000215 seconds
111.826: [GC (Allocation Failure)  871307K->551147K(1035776K), 0.0047138 secs]
111.831: Total time for which application threads were stopped: 0.0048837 seconds, Stopping threads took: 0.0000198 seconds
111.900: [GC (Allocation Failure)  875243K->551179K(1035776K), 0.0047399 secs]
111.905: Total time for which application threads were stopped: 0.0049041 seconds, Stopping threads took: 0.0000204 seconds
111.973: [GC (Allocation Failure)  874763K->551243K(1023488K), 0.0047818 secs]
111.978: Total time for which application threads were stopped: 0.0049464 seconds, Stopping threads took: 0.0000194 seconds
112.045: [GC (Allocation Failure)  874827K->559246K(1035264K), 0.0046944 secs]
112.050: Total time for which application threads were stopped: 0.0048814 seconds, Stopping threads took: 0.0000197 seconds
112.118: [GC (Allocation Failure)  881806K->559214K(1030144K), 0.0046191 secs]
112.123: Total time for which application threads were stopped: 0.0047862 seconds, Stopping threads took: 0.0000210 seconds
112.190: [GC (Allocation Failure)  881774K->559270K(1034752K), 0.0048052 secs]
112.195: Total time for which application threads were stopped: 0.0049706 seconds, Stopping threads took: 0.0000213 seconds
112.262: [GC (Allocation Failure)  880806K->567240K(1034752K), 0.0050276 secs]
112.267: Total time for which application threads were stopped: 0.0051966 seconds, Stopping threads took: 0.0000202 seconds
112.335: [GC (Allocation Failure)  888776K->567208K(1033728K), 0.0044910 secs]
112.340: Total time for which application threads were stopped: 0.0046521 seconds, Stopping threads took: 0.0000199 seconds
112.408: [GC (Allocation Failure)  887720K->567496K(1034240K), 0.0048965 secs]
112.413: Total time for which application threads were stopped: 0.0050743 seconds, Stopping threads took: 0.0000194 seconds
112.482: [GC (Allocation Failure)  888008K->575274K(1034240K), 0.0044282 secs]
112.487: Total time for which application threads were stopped: 0.0046014 seconds, Stopping threads took: 0.0000191 seconds
112.555: [GC (Allocation Failure)  895786K->575274K(1034240K), 0.0048536 secs]
112.560: Total time for which application threads were stopped: 0.0050252 seconds, Stopping threads took: 0.0000197 seconds
112.627: [GC (Allocation Failure)  895786K->575722K(1034240K), 0.0049215 secs]
112.632: Total time for which application threads were stopped: 0.0051122 seconds, Stopping threads took: 0.0000203 seconds
112.700: [GC (Allocation Failure)  896234K->583308K(1028096K), 0.0047238 secs]
112.705: Total time for which application threads were stopped: 0.0049221 seconds, Stopping threads took: 0.0000217 seconds
112.773: [GC (Allocation Failure)  903820K->583340K(1033728K), 0.0047823 secs]
112.778: Total time for which application threads were stopped: 0.0049644 seconds, Stopping threads took: 0.0000169 seconds
112.845: [GC (Allocation Failure)  902828K->583468K(1033728K), 0.0047340 secs]
112.849: Total time for which application threads were stopped: 0.0048965 seconds, Stopping threads took: 0.0000200 seconds
112.918: [GC (Allocation Failure)  902956K->591311K(1033728K), 0.0048018 secs]
112.923: Total time for which application threads were stopped: 0.0049845 seconds, Stopping threads took: 0.0000214 seconds
112.991: [GC (Allocation Failure)  910799K->591343K(1033728K), 0.0047388 secs]
112.996: Total time for which application threads were stopped: 0.0049064 seconds, Stopping threads took: 0.0000213 seconds
113.063: [GC (Allocation Failure)  910831K->591399K(1033728K), 0.0046261 secs]
113.067: Total time for which application threads were stopped: 0.0047826 seconds, Stopping threads took: 0.0000253 seconds
113.137: [GC (Allocation Failure)  910887K->599369K(1027072K), 0.0048777 secs]
113.142: Total time for which application threads were stopped: 0.0050450 seconds, Stopping threads took: 0.0000188 seconds
113.208: [GC (Allocation Failure)  918856K->595463K(1034240K), 0.0039665 secs]
113.212: Total time for which application threads were stopped: 0.0041356 seconds, Stopping threads took: 0.0000214 seconds
113.279: [GC (Allocation Failure)  914951K->599529K(1033216K), 0.0048481 secs]
113.284: Total time for which application threads were stopped: 0.0050064 seconds, Stopping threads took: 0.0000189 seconds
113.352: [GC (Allocation Failure)  919017K->603529K(1034752K), 0.0072178 secs]
113.359: Total time for which application threads were stopped: 0.0073723 seconds, Stopping threads took: 0.0000276 seconds
113.426: [GC (Allocation Failure)  925065K->596743K(1034752K), 0.0021863 secs]
113.428: Total time for which application threads were stopped: 0.0023283 seconds, Stopping threads took: 0.0000197 seconds
113.495: [GC (Allocation Failure)  918279K->603529K(1034752K), 0.0047001 secs]
113.500: Total time for which application threads were stopped: 0.0048676 seconds, Stopping threads took: 0.0000192 seconds
113.566: [GC (Allocation Failure)  925065K->607673K(1034752K), 0.0058887 secs]
113.572: Total time for which application threads were stopped: 0.0060739 seconds, Stopping threads took: 0.0000262 seconds
113.638: [GC (Allocation Failure)  929209K->602103K(1034752K), 0.0028842 secs]
113.641: Total time for which application threads were stopped: 0.0030380 seconds, Stopping threads took: 0.0000193 seconds
113.711: [GC (Allocation Failure)  923639K->607945K(1034752K), 0.0048875 secs]
113.716: Total time for which application threads were stopped: 0.0050767 seconds, Stopping threads took: 0.0000219 seconds
113.783: [GC (Allocation Failure)  929481K->611817K(1034752K), 0.0051082 secs]
113.788: Total time for which application threads were stopped: 0.0052782 seconds, Stopping threads took: 0.0000202 seconds
113.856: [GC (Allocation Failure)  934305K->607879K(1035264K), 0.0036702 secs]
113.859: Total time for which application threads were stopped: 0.0038374 seconds, Stopping threads took: 0.0000195 seconds
113.929: [GC (Allocation Failure)  930439K->611945K(1036288K), 0.0048124 secs]
113.934: Total time for which application threads were stopped: 0.0049957 seconds, Stopping threads took: 0.0000390 seconds
114.003: [GC (Allocation Failure)  936041K->615945K(1035776K), 0.0060761 secs]
114.009: Total time for which application threads were stopped: 0.0062543 seconds, Stopping threads took: 0.0000197 seconds
114.080: [GC (Allocation Failure)  940041K->615945K(1035776K), 0.0046457 secs]
114.084: Total time for which application threads were stopped: 0.0047955 seconds, Stopping threads took: 0.0000258 seconds
114.154: [GC (Allocation Failure)  939529K->615977K(1023488K), 0.0048033 secs]
114.159: Total time for which application threads were stopped: 0.0049812 seconds, Stopping threads took: 0.0000193 seconds
114.225: [GC (Allocation Failure)  939561K->623947K(1035264K), 0.0056262 secs]
114.231: Total time for which application threads were stopped: 0.0057958 seconds, Stopping threads took: 0.0000202 seconds
114.299: [GC (Allocation Failure)  946507K->623947K(1030144K), 0.0047388 secs]
114.304: Total time for which application threads were stopped: 0.0049181 seconds, Stopping threads took: 0.0000198 seconds
114.373: [GC (Allocation Failure)  946507K->624011K(1034752K), 0.0048811 secs]
114.378: Total time for which application threads were stopped: 0.0050529 seconds, Stopping threads took: 0.0000200 seconds
114.448: [GC (Allocation Failure)  945547K->631981K(1029120K), 0.0049781 secs]
114.453: Total time for which application threads were stopped: 0.0051394 seconds, Stopping threads took: 0.0000195 seconds
114.521: [GC (Allocation Failure)  953517K->631981K(1034240K), 0.0045756 secs]
114.526: Total time for which application threads were stopped: 0.0047356 seconds, Stopping threads took: 0.0000170 seconds
114.594: [GC (Allocation Failure)  952493K->632237K(1034240K), 0.0047127 secs]
114.598: Total time for which application threads were stopped: 0.0048931 seconds, Stopping threads took: 0.0000280 seconds
114.666: [GC (Allocation Failure)  952749K->640016K(1034240K), 0.0047845 secs]
114.671: Total time for which application threads were stopped: 0.0049571 seconds, Stopping threads took: 0.0000205 seconds
114.739: [GC (Allocation Failure)  960528K->640016K(1034240K), 0.0049810 secs]
114.745: Total time for which application threads were stopped: 0.0051506 seconds, Stopping threads took: 0.0000204 seconds
114.813: [GC (Allocation Failure)  960528K->640424K(1033216K), 0.0047758 secs]
114.818: Total time for which application threads were stopped: 0.0049480 seconds, Stopping threads took: 0.0000202 seconds
114.887: [GC (Allocation Failure)  959912K->648042K(1033728K), 0.0049533 secs]
114.892: Total time for which application threads were stopped: 0.0051180 seconds, Stopping threads took: 0.0000197 seconds
114.960: [GC (Allocation Failure)  967530K->648042K(1033728K), 0.0048770 secs]
114.965: Total time for which application threads were stopped: 0.0050495 seconds, Stopping threads took: 0.0000201 seconds
115.030: [GC (Allocation Failure)  967530K->648162K(1033728K), 0.0051734 secs]
115.036: Total time for which application threads were stopped: 0.0053460 seconds, Stopping threads took: 0.0000205 seconds
115.104: [GC (Allocation Failure)  967650K->656068K(1033728K), 0.0045703 secs]
115.109: Total time for which application threads were stopped: 0.0047622 seconds, Stopping threads took: 0.0000264 seconds
115.177: [GC (Allocation Failure)  975556K->656100K(1033728K), 0.0049005 secs]
115.182: Total time for which application threads were stopped: 0.0050801 seconds, Stopping threads took: 0.0000164 seconds
115.251: [GC (Allocation Failure)  975588K->656140K(1033728K), 0.0047259 secs]
115.255: Total time for which application threads were stopped: 0.0049181 seconds, Stopping threads took: 0.0000184 seconds
115.323: [GC (Allocation Failure)  975628K->664111K(1027072K), 0.0050973 secs]
115.329: Total time for which application threads were stopped: 0.0052535 seconds, Stopping threads took: 0.0000170 seconds
115.395: [GC (Allocation Failure)  983598K->660236K(1034240K), 0.0039490 secs]
115.399: Total time for which application threads were stopped: 0.0040969 seconds, Stopping threads took: 0.0000167 seconds
115.467: [GC (Allocation Failure)  979724K->664271K(1033216K), 0.0050946 secs]
115.472: Total time for which application threads were stopped: 0.0052629 seconds, Stopping threads took: 0.0000188 seconds
115.540: [GC (Allocation Failure)  983759K->668239K(1034752K), 0.0049570 secs]
115.545: Total time for which application threads were stopped: 0.0051501 seconds, Stopping threads took: 0.0000197 seconds
115.612: [GC (Allocation Failure)  989775K->661452K(1034752K), 0.0024441 secs]
115.614: Total time for which application threads were stopped: 0.0025974 seconds, Stopping threads took: 0.0000261 seconds
115.683: [GC (Allocation Failure)  982988K->668311K(1034752K), 0.0048611 secs]
115.688: Total time for which application threads were stopped: 0.0050290 seconds, Stopping threads took: 0.0000187 seconds
115.754: [GC (Allocation Failure)  989847K->672391K(1034752K), 0.0058075 secs]
115.760: Total time for which application threads were stopped: 0.0059999 seconds, Stopping threads took: 0.0000194 seconds
115.826: [GC (Allocation Failure)  993927K->666852K(1034752K), 0.0031305 secs]
115.829: Total time for which application threads were stopped: 0.0032846 seconds, Stopping threads took: 0.0000169 seconds
115.897: [GC (Allocation Failure)  988388K->672663K(1034752K), 0.0049391 secs]
115.902: Total time for which application threads were stopped: 0.0051238 seconds, Stopping threads took: 0.0000214 seconds
115.969: [GC (Allocation Failure)  994199K->676567K(1034752K), 0.0054259 secs]
115.975: Total time for which application threads were stopped: 0.0056031 seconds, Stopping threads took: 0.0000203 seconds
116.042: [GC (Allocation Failure)  999055K->672660K(1035264K), 0.0040115 secs]
116.046: Total time for which application threads were stopped: 0.0041876 seconds, Stopping threads took: 0.0000218 seconds
116.115: [GC (Allocation Failure)  995220K->676687K(1036288K), 0.0050603 secs]
116.120: Total time for which application threads were stopped: 0.0052587 seconds, Stopping threads took: 0.0000274 seconds
116.188: [GC (Allocation Failure)  1000783K->680655K(1035776K), 0.0049950 secs]
116.193: Total time for which application threads were stopped: 0.0051631 seconds, Stopping threads took: 0.0000210 seconds
116.262: [GC (Allocation Failure)  1004751K->680655K(1035776K), 0.0049340 secs]
116.267: Total time for which application threads were stopped: 0.0051053 seconds, Stopping threads took: 0.0000204 seconds
116.335: [GC (Allocation Failure)  1004239K->680711K(1023488K), 0.0049841 secs]
116.340: Total time for which application threads were stopped: 0.0051977 seconds, Stopping threads took: 0.0000204 seconds
116.408: [GC (Allocation Failure)  1004295K->688713K(1035264K), 0.0051083 secs]
116.413: Total time for which application threads were stopped: 0.0052715 seconds, Stopping threads took: 0.0000203 seconds
116.482: [GC (Allocation Failure)  1011273K->688681K(1030144K), 0.0048971 secs]
116.487: Total time for which application threads were stopped: 0.0050965 seconds, Stopping threads took: 0.0000192 seconds
116.555: [GC (Allocation Failure)  1011241K->688705K(1034752K), 0.0057417 secs]
116.561: [Full GC (Ergonomics)  688705K->8520K(1034752K), 0.0125532 secs]
116.573: Total time for which application threads were stopped: 0.0186089 seconds, Stopping threads took: 0.0000289 seconds
116.641: [GC (Allocation Failure)  330056K->16618K(1029120K), 0.0038754 secs]
116.645: Total time for which application threads were stopped: 0.0040367 seconds, Stopping threads took: 0.0000201 seconds
116.713: [GC (Allocation Failure)  338154K->16602K(1034240K), 0.0035371 secs]
116.717: Total time for which application threads were stopped: 0.0036964 seconds, Stopping threads took: 0.0000196 seconds
116.783: [GC (Allocation Failure)  337114K->16858K(1034240K), 0.0037427 secs]
116.787: Total time for which application threads were stopped: 0.0038962 seconds, Stopping threads took: 0.0000195 seconds
116.856: [GC (Allocation Failure)  337370K->24636K(1034240K), 0.0035448 secs]
116.860: Total time for which application threads were stopped: 0.0036904 seconds, Stopping threads took: 0.0000209 seconds
116.925: [GC (Allocation Failure)  345148K->24636K(1034240K), 0.0034667 secs]
116.929: Total time for which application threads were stopped: 0.0036160 seconds, Stopping threads took: 0.0000198 seconds
116.994: [GC (Allocation Failure)  345148K->25084K(1033216K), 0.0036411 secs]
116.998: Total time for which application threads were stopped: 0.0037716 seconds, Stopping threads took: 0.0000187 seconds
117.064: [GC (Allocation Failure)  344572K->32703K(1033728K), 0.0034648 secs]
117.067: Total time for which application threads were stopped: 0.0035922 seconds, Stopping threads took: 0.0000178 seconds
117.132: [GC (Allocation Failure)  352191K->32671K(1033728K), 0.0033451 secs]
117.135: Total time for which application threads were stopped: 0.0034663 seconds, Stopping threads took: 0.0000164 seconds
117.199: [GC (Allocation Failure)  352159K->32807K(1033728K), 0.0035715 secs]
117.202: Total time for which application threads were stopped: 0.0037124 seconds, Stopping threads took: 0.0000186 seconds
117.266: [GC (Allocation Failure)  352295K->40745K(1033728K), 0.0035431 secs]
117.269: Total time for which application threads were stopped: 0.0036766 seconds, Stopping threads took: 0.0000188 seconds
117.333: [GC (Allocation Failure)  360233K->40713K(1033728K), 0.0035239 secs]
117.336: Total time for which application threads were stopped: 0.0036736 seconds, Stopping threads took: 0.0000197 seconds
117.408: [GC (Allocation Failure)  360201K->40777K(1033728K), 0.0038316 secs]
117.412: Total time for which application threads were stopped: 0.0039932 seconds, Stopping threads took: 0.0000198 seconds
117.479: [GC (Allocation Failure)  360265K->48747K(1027072K), 0.0039023 secs]
117.483: Total time for which application threads were stopped: 0.0040741 seconds, Stopping threads took: 0.0000201 seconds
117.550: [GC (Allocation Failure)  368235K->44841K(1034240K), 0.0026160 secs]
117.552: Total time for which application threads were stopped: 0.0027708 seconds, Stopping threads took: 0.0000198 seconds
117.620: [GC (Allocation Failure)  364329K->48907K(1033216K), 0.0038185 secs]
117.624: Total time for which application threads were stopped: 0.0039888 seconds, Stopping threads took: 0.0000280 seconds
117.691: [GC (Allocation Failure)  368395K->52875K(1034752K), 0.0037069 secs]
117.695: Total time for which application threads were stopped: 0.0038726 seconds, Stopping threads took: 0.0000188 seconds
117.762: [GC (Allocation Failure)  374411K->46089K(1034752K), 0.0010866 secs]
117.763: Total time for which application threads were stopped: 0.0012226 seconds, Stopping threads took: 0.0000251 seconds
117.832: [GC (Allocation Failure)  367625K->52939K(1034752K), 0.0036346 secs]
117.835: Total time for which application threads were stopped: 0.0038094 seconds, Stopping threads took: 0.0000187 seconds
117.903: [GC (Allocation Failure)  374475K->57019K(1034752K), 0.0047889 secs]
117.907: Total time for which application threads were stopped: 0.0049495 seconds, Stopping threads took: 0.0000193 seconds
117.973: [GC (Allocation Failure)  378555K->51449K(1034752K), 0.0017202 secs]
117.975: Total time for which application threads were stopped: 0.0018683 seconds, Stopping threads took: 0.0000271 seconds
118.043: [GC (Allocation Failure)  372985K->57323K(1034752K), 0.0039731 secs]
118.047: Total time for which application threads were stopped: 0.0041358 seconds, Stopping threads took: 0.0000196 seconds
118.115: [GC (Allocation Failure)  378859K->61131K(1035264K), 0.0042564 secs]
118.119: Total time for which application threads were stopped: 0.0044342 seconds, Stopping threads took: 0.0000267 seconds
118.186: [GC (Allocation Failure)  383619K->57289K(1035264K), 0.0024071 secs]
118.188: Total time for which application threads were stopped: 0.0025785 seconds, Stopping threads took: 0.0000204 seconds
118.256: [GC (Allocation Failure)  379849K->61323K(1036288K), 0.0036968 secs]
118.260: Total time for which application threads were stopped: 0.0038909 seconds, Stopping threads took: 0.0000200 seconds
118.329: [GC (Allocation Failure)  385419K->65323K(1035776K), 0.0036158 secs]
118.333: Total time for which application threads were stopped: 0.0037744 seconds, Stopping threads took: 0.0000173 seconds
118.403: [GC (Allocation Failure)  389419K->65259K(1035776K), 0.0044267 secs]
118.407: Total time for which application threads were stopped: 0.0045747 seconds, Stopping threads took: 0.0000202 seconds
118.476: [GC (Allocation Failure)  388843K->65355K(1023488K), 0.0036250 secs]
118.480: Total time for which application threads were stopped: 0.0037934 seconds, Stopping threads took: 0.0000175 seconds
118.546: [GC (Allocation Failure)  388939K->73357K(1035264K), 0.0037320 secs]
118.550: Total time for which application threads were stopped: 0.0038961 seconds, Stopping threads took: 0.0000204 seconds
118.618: [GC (Allocation Failure)  395917K->73325K(1030144K), 0.0036362 secs]
118.621: Total time for which application threads were stopped: 0.0038052 seconds, Stopping threads took: 0.0000198 seconds
118.688: [GC (Allocation Failure)  395885K->73389K(1034752K), 0.0038351 secs]
118.692: Total time for which application threads were stopped: 0.0039958 seconds, Stopping threads took: 0.0000193 seconds
118.759: [GC (Allocation Failure)  394925K->81392K(1029120K), 0.0039742 secs]
118.763: Total time for which application threads were stopped: 0.0041455 seconds, Stopping threads took: 0.0000192 seconds
118.832: [GC (Allocation Failure)  402928K->81392K(1034240K), 0.0042993 secs]
118.836: Total time for which application threads were stopped: 0.0044504 seconds, Stopping threads took: 0.0000171 seconds
118.902: [GC (Allocation Failure)  401904K->81608K(1034240K), 0.0036633 secs]
118.905: Total time for which application threads were stopped: 0.0038216 seconds, Stopping threads took: 0.0000193 seconds
118.970: [GC (Allocation Failure)  402120K->89386K(1034240K), 0.0034709 secs]
118.974: Total time for which application threads were stopped: 0.0036093 seconds, Stopping threads took: 0.0000204 seconds
119.038: [GC (Allocation Failure)  409898K->89386K(1034240K), 0.0035379 secs]
119.041: Total time for which application threads were stopped: 0.0036888 seconds, Stopping threads took: 0.0000247 seconds
119.105: [GC (Allocation Failure)  409898K->89834K(1033216K), 0.0036849 secs]
119.108: Total time for which application threads were stopped: 0.0038408 seconds, Stopping threads took: 0.0000195 seconds
119.174: [GC (Allocation Failure)  409322K->97452K(1033728K), 0.0037538 secs]
119.178: Total time for which application threads were stopped: 0.0038896 seconds, Stopping threads took: 0.0000193 seconds
119.243: [GC (Allocation Failure)  416940K->97452K(1033728K), 0.0036331 secs]
119.247: Total time for which application threads were stopped: 0.0037727 seconds, Stopping threads took: 0.0000193 seconds
119.309: [GC (Allocation Failure)  416940K->97580K(1033728K), 0.0035407 secs]
119.313: Total time for which application threads were stopped: 0.0036663 seconds, Stopping threads took: 0.0000239 seconds
119.378: [GC (Allocation Failure)  417068K->105486K(1033728K), 0.0035482 secs]
119.382: Total time for which application threads were stopped: 0.0036686 seconds, Stopping threads took: 0.0000160 seconds
119.446: [GC (Allocation Failure)  424974K->105454K(1033728K), 0.0038109 secs]
119.450: Total time for which application threads were stopped: 0.0039687 seconds, Stopping threads took: 0.0000187 seconds
119.515: [GC (Allocation Failure)  424942K->105542K(1033728K), 0.0037544 secs]
119.519: Total time for which application threads were stopped: 0.0038887 seconds, Stopping threads took: 0.0000188 seconds
119.586: [GC (Allocation Failure)  425030K->113481K(1027072K), 0.0037186 secs]
119.590: Total time for which application threads were stopped: 0.0038682 seconds, Stopping threads took: 0.0000199 seconds
119.653: [GC (Allocation Failure)  432968K->109574K(1034240K), 0.0028990 secs]
119.656: Total time for which application threads were stopped: 0.0030374 seconds, Stopping threads took: 0.0000169 seconds
119.723: [GC (Allocation Failure)  429062K->113641K(1033216K), 0.0038468 secs]
119.727: Total time for which application threads were stopped: 0.0039902 seconds, Stopping threads took: 0.0000272 seconds
119.792: [GC (Allocation Failure)  433129K->117641K(1034752K), 0.0037099 secs]
119.796: Total time for which application threads were stopped: 0.0038528 seconds, Stopping threads took: 0.0000266 seconds
119.859: [GC (Allocation Failure)  439177K->110854K(1034752K), 0.0014465 secs]
119.860: Total time for which application threads were stopped: 0.0015829 seconds, Stopping threads took: 0.0000197 seconds
119.926: [GC (Allocation Failure)  432390K->117681K(1034752K), 0.0037944 secs]
119.930: Total time for which application threads were stopped: 0.0039430 seconds, Stopping threads took: 0.0000290 seconds
119.995: [GC (Allocation Failure)  439217K->121761K(1034752K), 0.0046693 secs]
120.000: Total time for which application threads were stopped: 0.0047979 seconds, Stopping threads took: 0.0000182 seconds
120.062: [GC (Allocation Failure)  443297K->116190K(1034752K), 0.0018921 secs]
120.064: Total time for which application threads were stopped: 0.0020183 seconds, Stopping threads took: 0.0000184 seconds
120.128: [GC (Allocation Failure)  437726K->122065K(1034752K), 0.0038057 secs]
120.132: Total time for which application threads were stopped: 0.0039463 seconds, Stopping threads took: 0.0000276 seconds
120.195: [GC (Allocation Failure)  443601K->125937K(1035264K), 0.0041469 secs]
120.199: Total time for which application threads were stopped: 0.0042758 seconds, Stopping threads took: 0.0000181 seconds
120.262: [GC (Allocation Failure)  448425K->122030K(1035264K), 0.0027215 secs]
120.265: Total time for which application threads were stopped: 0.0028674 seconds, Stopping threads took: 0.0000243 seconds
120.331: [GC (Allocation Failure)  444590K->126057K(1036288K), 0.0039267 secs]
120.335: Total time for which application threads were stopped: 0.0040560 seconds, Stopping threads took: 0.0000190 seconds
120.405: [GC (Allocation Failure)  450153K->130025K(1035776K), 0.0037518 secs]
120.409: Total time for which application threads were stopped: 0.0039220 seconds, Stopping threads took: 0.0000193 seconds
120.479: [GC (Allocation Failure)  454121K->129993K(1035776K), 0.0037227 secs]
120.483: Total time for which application threads were stopped: 0.0038930 seconds, Stopping threads took: 0.0000198 seconds
120.551: [GC (Allocation Failure)  453577K->130089K(1023488K), 0.0039448 secs]
120.555: Total time for which application threads were stopped: 0.0040966 seconds, Stopping threads took: 0.0000170 seconds
120.624: [GC (Allocation Failure)  453673K->138091K(1035264K), 0.0041629 secs]
120.628: Total time for which application threads were stopped: 0.0043377 seconds, Stopping threads took: 0.0000192 seconds
120.698: [GC (Allocation Failure)  460651K->138059K(1030144K), 0.0036606 secs]
120.702: Total time for which application threads were stopped: 0.0038255 seconds, Stopping threads took: 0.0000198 seconds
120.768: [GC (Allocation Failure)  460619K->138123K(1034752K), 0.0037980 secs]
120.771: Total time for which application threads were stopped: 0.0039535 seconds, Stopping threads took: 0.0000210 seconds
120.837: [GC (Allocation Failure)  459659K->146093K(1034752K), 0.0037754 secs]
120.841: Total time for which application threads were stopped: 0.0039106 seconds, Stopping threads took: 0.0000274 seconds
120.908: [GC (Allocation Failure)  467629K->146061K(1033728K), 0.0036799 secs]
120.912: Total time for which application threads were stopped: 0.0038103 seconds, Stopping threads took: 0.0000196 seconds
120.975: [GC (Allocation Failure)  466573K->146349K(1034240K), 0.0038931 secs]
120.979: Total time for which application threads were stopped: 0.0040246 seconds, Stopping threads took: 0.0000197 seconds
121.045: [GC (Allocation Failure)  466861K->154127K(1034240K), 0.0037362 secs]
121.048: Total time for which application threads were stopped: 0.0038661 seconds, Stopping threads took: 0.0000182 seconds
121.112: [GC (Allocation Failure)  474639K->154127K(1034240K), 0.0036918 secs]
121.116: Total time for which application threads were stopped: 0.0038218 seconds, Stopping threads took: 0.0000258 seconds
121.180: [GC (Allocation Failure)  474639K->154567K(1034240K), 0.0037895 secs]
121.184: Total time for which application threads were stopped: 0.0039076 seconds, Stopping threads took: 0.0000159 seconds
121.249: [GC (Allocation Failure)  475079K->162154K(1028096K), 0.0037817 secs]
121.253: Total time for which application threads were stopped: 0.0039155 seconds, Stopping threads took: 0.0000188 seconds
121.315: [GC (Allocation Failure)  482666K->162154K(1033728K), 0.0037965 secs]
121.319: Total time for which application threads were stopped: 0.0039281 seconds, Stopping threads took: 0.0000194 seconds
121.383: [GC (Allocation Failure)  481642K->162314K(1033728K), 0.0036994 secs]
121.387: Total time for which application threads were stopped: 0.0038322 seconds, Stopping threads took: 0.0000187 seconds
121.451: [GC (Allocation Failure)  481802K->170188K(1033728K), 0.0038183 secs]
121.455: Total time for which application threads were stopped: 0.0039530 seconds, Stopping threads took: 0.0000192 seconds
121.519: [GC (Allocation Failure)  489676K->170188K(1033728K), 0.0037762 secs]
121.523: Total time for which application threads were stopped: 0.0039216 seconds, Stopping threads took: 0.0000186 seconds
121.587: [GC (Allocation Failure)  489676K->170252K(1033728K), 0.0037547 secs]
121.590: Total time for which application threads were stopped: 0.0038880 seconds, Stopping threads took: 0.0000254 seconds
121.652: [GC (Allocation Failure)  489740K->178222K(1027072K), 0.0038865 secs]
121.656: Total time for which application threads were stopped: 0.0040193 seconds, Stopping threads took: 0.0000143 seconds
121.716: [GC (Allocation Failure)  497710K->174316K(1034240K), 0.0030439 secs]
121.719: Total time for which application threads were stopped: 0.0031747 seconds, Stopping threads took: 0.0000192 seconds
121.782: [GC (Allocation Failure)  493804K->178382K(1033216K), 0.0039259 secs]
121.786: Total time for which application threads were stopped: 0.0040832 seconds, Stopping threads took: 0.0000267 seconds
121.849: [GC (Allocation Failure)  497870K->182350K(1034752K), 0.0037209 secs]
121.853: Total time for which application threads were stopped: 0.0038540 seconds, Stopping threads took: 0.0000189 seconds
121.915: [GC (Allocation Failure)  503886K->175564K(1034752K), 0.0015539 secs]
121.917: Total time for which application threads were stopped: 0.0017070 seconds, Stopping threads took: 0.0000195 seconds
121.983: [GC (Allocation Failure)  497100K->182422K(1034752K), 0.0037012 secs]
121.987: Total time for which application threads were stopped: 0.0038316 seconds, Stopping threads took: 0.0000183 seconds
122.049: [GC (Allocation Failure)  503958K->186470K(1034752K), 0.0047838 secs]
122.054: Total time for which application threads were stopped: 0.0049282 seconds, Stopping threads took: 0.0000184 seconds
122.117: [GC (Allocation Failure)  508006K->180964K(1034752K), 0.0020104 secs]
122.119: Total time for which application threads were stopped: 0.0021657 seconds, Stopping threads took: 0.0000181 seconds
122.183: [GC (Allocation Failure)  502500K->186806K(1034752K), 0.0039798 secs]
122.187: Total time for which application threads were stopped: 0.0040986 seconds, Stopping threads took: 0.0000151 seconds
122.250: [GC (Allocation Failure)  508342K->190646K(1034752K), 0.0042847 secs]
122.255: Total time for which application threads were stopped: 0.0044230 seconds, Stopping threads took: 0.0000174 seconds
122.317: [GC (Allocation Failure)  513135K->186740K(1035264K), 0.0028022 secs]
122.320: Total time for which application threads were stopped: 0.0029467 seconds, Stopping threads took: 0.0000240 seconds
122.389: [GC (Allocation Failure)  509300K->190798K(1036288K), 0.0039249 secs]
122.393: Total time for which application threads were stopped: 0.0040651 seconds, Stopping threads took: 0.0000196 seconds
122.460: [GC (Allocation Failure)  514894K->194766K(1035776K), 0.0037921 secs]
122.464: Total time for which application threads were stopped: 0.0039253 seconds, Stopping threads took: 0.0000197 seconds
122.529: [GC (Allocation Failure)  518862K->194766K(1035776K), 0.0037198 secs]
122.533: Total time for which application threads were stopped: 0.0038763 seconds, Stopping threads took: 0.0000214 seconds
122.599: [GC (Allocation Failure)  518350K->194830K(1023488K), 0.0039833 secs]
122.603: Total time for which application threads were stopped: 0.0041264 seconds, Stopping threads took: 0.0000279 seconds
122.666: [GC (Allocation Failure)  518414K->202833K(1035264K), 0.0039622 secs]
122.670: Total time for which application threads were stopped: 0.0041052 seconds, Stopping threads took: 0.0000193 seconds
122.735: [GC (Allocation Failure)  525393K->202801K(1030144K), 0.0036348 secs]
122.739: Total time for which application threads were stopped: 0.0037837 seconds, Stopping threads took: 0.0000240 seconds
122.804: [GC (Allocation Failure)  525361K->202857K(1034752K), 0.0040294 secs]
122.808: Total time for which application threads were stopped: 0.0041703 seconds, Stopping threads took: 0.0000186 seconds
122.871: [GC (Allocation Failure)  524393K->210827K(1034752K), 0.0040490 secs]
122.875: Total time for which application threads were stopped: 0.0041791 seconds, Stopping threads took: 0.0000182 seconds
122.940: [GC (Allocation Failure)  532363K->210859K(1033728K), 0.0037134 secs]
122.943: Total time for which application threads were stopped: 0.0038432 seconds, Stopping threads took: 0.0000187 seconds
123.006: [GC (Allocation Failure)  531371K->211091K(1034240K), 0.0040677 secs]
123.011: Total time for which application threads were stopped: 0.0041985 seconds, Stopping threads took: 0.0000186 seconds
123.075: [GC (Allocation Failure)  531603K->218901K(1034240K), 0.0037728 secs]
123.078: Total time for which application threads were stopped: 0.0039041 seconds, Stopping threads took: 0.0000247 seconds
123.143: [GC (Allocation Failure)  539413K->218901K(1034240K), 0.0058987 secs]
123.149: Total time for which application threads were stopped: 0.0060397 seconds, Stopping threads took: 0.0000191 seconds
123.212: [GC (Allocation Failure)  539413K->219309K(1033216K), 0.0040044 secs]
123.216: Total time for which application threads were stopped: 0.0041351 seconds, Stopping threads took: 0.0000187 seconds
123.280: [GC (Allocation Failure)  538797K->226927K(1033728K), 0.0038991 secs]
123.284: Total time for which application threads were stopped: 0.0040362 seconds, Stopping threads took: 0.0000174 seconds
123.348: [GC (Allocation Failure)  546415K->226863K(1033728K), 0.0049220 secs]
123.353: Total time for which application threads were stopped: 0.0050761 seconds, Stopping threads took: 0.0000242 seconds
123.415: [GC (Allocation Failure)  546351K->227015K(1033728K), 0.0039016 secs]
123.419: Total time for which application threads were stopped: 0.0040785 seconds, Stopping threads took: 0.0000282 seconds
123.484: [GC (Allocation Failure)  546503K->234954K(1033728K), 0.0037532 secs]
123.488: Total time for which application threads were stopped: 0.0039132 seconds, Stopping threads took: 0.0000240 seconds
123.553: [GC (Allocation Failure)  554442K->234922K(1033728K), 0.0039593 secs]
123.557: Total time for which application threads were stopped: 0.0040795 seconds, Stopping threads took: 0.0000161 seconds
123.621: [GC (Allocation Failure)  554410K->234986K(1033728K), 0.0038551 secs]
123.625: Total time for which application threads were stopped: 0.0039889 seconds, Stopping threads took: 0.0000184 seconds
123.688: [GC (Allocation Failure)  554474K->242924K(1027072K), 0.0040709 secs]
123.692: Total time for which application threads were stopped: 0.0042013 seconds, Stopping threads took: 0.0000181 seconds
123.753: [GC (Allocation Failure)  562411K->239082K(1034240K), 0.0030786 secs]
123.756: Total time for which application threads were stopped: 0.0032138 seconds, Stopping threads took: 0.0000199 seconds
123.820: [GC (Allocation Failure)  558570K->243116K(1033216K), 0.0040666 secs]
123.824: Total time for which application threads were stopped: 0.0042117 seconds, Stopping threads took: 0.0000182 seconds
123.889: [GC (Allocation Failure)  562604K->247084K(1034752K), 0.0038371 secs]
123.893: Total time for which application threads were stopped: 0.0039646 seconds, Stopping threads took: 0.0000160 seconds
123.956: [GC (Allocation Failure)  568620K->240298K(1034752K), 0.0017035 secs]
123.957: Total time for which application threads were stopped: 0.0018436 seconds, Stopping threads took: 0.0000187 seconds
124.022: [GC (Allocation Failure)  561834K->247156K(1034752K), 0.0040061 secs]
124.026: Total time for which application threads were stopped: 0.0041427 seconds, Stopping threads took: 0.0000188 seconds
124.091: [GC (Allocation Failure)  568692K->251236K(1034752K), 0.0048595 secs]
124.095: Total time for which application threads were stopped: 0.0050113 seconds, Stopping threads took: 0.0000288 seconds
124.158: [GC (Allocation Failure)  572772K->245698K(1034752K), 0.0021943 secs]
124.160: Total time for which application threads were stopped: 0.0023253 seconds, Stopping threads took: 0.0000194 seconds
124.225: [GC (Allocation Failure)  567234K->251500K(1034752K), 0.0064688 secs]
124.232: Total time for which application threads were stopped: 0.0066239 seconds, Stopping threads took: 0.0000238 seconds
124.295: [GC (Allocation Failure)  573036K->255372K(1034752K), 0.0045232 secs]
124.300: Total time for which application threads were stopped: 0.0046631 seconds, Stopping threads took: 0.0000229 seconds
124.363: [GC (Allocation Failure)  577860K->251466K(1035264K), 0.0053184 secs]
124.369: Total time for which application threads were stopped: 0.0054587 seconds, Stopping threads took: 0.0000155 seconds
124.436: [GC (Allocation Failure)  574026K->255532K(1036288K), 0.0040352 secs]
124.440: Total time for which application threads were stopped: 0.0041539 seconds, Stopping threads took: 0.0000172 seconds
124.506: [GC (Allocation Failure)  579628K->259500K(1035776K), 0.0040503 secs]
124.510: Total time for which application threads were stopped: 0.0041970 seconds, Stopping threads took: 0.0000204 seconds
124.575: [GC (Allocation Failure)  583596K->259500K(1035776K), 0.0038481 secs]
124.579: Total time for which application threads were stopped: 0.0039845 seconds, Stopping threads took: 0.0000258 seconds
124.643: [GC (Allocation Failure)  583084K->259596K(1023488K), 0.0040867 secs]
124.647: Total time for which application threads were stopped: 0.0042266 seconds, Stopping threads took: 0.0000188 seconds
124.710: [GC (Allocation Failure)  583180K->267566K(1035264K), 0.0040617 secs]
124.714: Total time for which application threads were stopped: 0.0042309 seconds, Stopping threads took: 0.0000240 seconds
124.778: [GC (Allocation Failure)  590126K->267534K(1030144K), 0.0038722 secs]
124.782: Total time for which application threads were stopped: 0.0040034 seconds, Stopping threads took: 0.0000187 seconds
124.847: [GC (Allocation Failure)  590094K->267590K(1034752K), 0.0041415 secs]
124.851: Total time for which application threads were stopped: 0.0042746 seconds, Stopping threads took: 0.0000198 seconds
124.916: [GC (Allocation Failure)  589126K->275592K(1034752K), 0.0041612 secs]
124.920: Total time for which application threads were stopped: 0.0042975 seconds, Stopping threads took: 0.0000184 seconds
124.984: [GC (Allocation Failure)  597128K->275528K(1033728K), 0.0039025 secs]
124.988: Total time for which application threads were stopped: 0.0040405 seconds, Stopping threads took: 0.0000186 seconds
125.053: [GC (Allocation Failure)  596040K->275816K(1034240K), 0.0041801 secs]
125.057: Total time for which application threads were stopped: 0.0043154 seconds, Stopping threads took: 0.0000188 seconds
125.122: [GC (Allocation Failure)  596328K->283595K(1034240K), 0.0038358 secs]
125.125: Total time for which application threads were stopped: 0.0039770 seconds, Stopping threads took: 0.0000254 seconds
125.189: [GC (Allocation Failure)  604107K->283595K(1034240K), 0.0040763 secs]
125.194: Total time for which application threads were stopped: 0.0042280 seconds, Stopping threads took: 0.0000186 seconds
125.258: [GC (Allocation Failure)  604107K->284043K(1034240K), 0.0041968 secs]
125.262: Total time for which application threads were stopped: 0.0043401 seconds, Stopping threads took: 0.0000198 seconds
125.325: [GC (Allocation Failure)  604555K->291629K(1028096K), 0.0039548 secs]
125.329: Total time for which application threads were stopped: 0.0040963 seconds, Stopping threads took: 0.0000187 seconds
125.392: [GC (Allocation Failure)  612141K->291629K(1033728K), 0.0043005 secs]
125.396: Total time for which application threads were stopped: 0.0044812 seconds, Stopping threads took: 0.0000195 seconds
125.458: [GC (Allocation Failure)  611117K->291781K(1033728K), 0.0042580 secs]
125.462: Total time for which application threads were stopped: 0.0043964 seconds, Stopping threads took: 0.0000209 seconds
125.526: [GC (Allocation Failure)  611269K->299687K(1033728K), 0.0041113 secs]
125.530: Total time for which application threads were stopped: 0.0042582 seconds, Stopping threads took: 0.0000194 seconds
125.594: [GC (Allocation Failure)  619175K->299687K(1033728K), 0.0039379 secs]
125.598: Total time for which application threads were stopped: 0.0040817 seconds, Stopping threads took: 0.0000257 seconds
125.662: [GC (Allocation Failure)  619175K->299719K(1033728K), 0.0041593 secs]
125.666: Total time for which application threads were stopped: 0.0043123 seconds, Stopping threads took: 0.0000276 seconds
125.729: [GC (Allocation Failure)  619207K->307689K(1027072K), 0.0041514 secs]
125.733: Total time for which application threads were stopped: 0.0042808 seconds, Stopping threads took: 0.0000182 seconds
125.796: [GC (Allocation Failure)  627177K->303783K(1034240K), 0.0033504 secs]
125.799: Total time for which application threads were stopped: 0.0034833 seconds, Stopping threads took: 0.0000204 seconds
125.864: [GC (Allocation Failure)  623271K->307849K(1033216K), 0.0042083 secs]
125.868: Total time for which application threads were stopped: 0.0043542 seconds, Stopping threads took: 0.0000261 seconds
125.933: [GC (Allocation Failure)  627337K->311817K(1034752K), 0.0041023 secs]
125.937: Total time for which application threads were stopped: 0.0042503 seconds, Stopping threads took: 0.0000238 seconds
126.000: [GC (Allocation Failure)  633353K->305031K(1034752K), 0.0017512 secs]
126.002: Total time for which application threads were stopped: 0.0018834 seconds, Stopping threads took: 0.0000189 seconds
126.065: [GC (Allocation Failure)  626567K->311913K(1034752K), 0.0042261 secs]
126.069: Total time for which application threads were stopped: 0.0043602 seconds, Stopping threads took: 0.0000189 seconds
126.133: [GC (Allocation Failure)  633449K->315961K(1034752K), 0.0049042 secs]
126.138: Total time for which application threads were stopped: 0.0050656 seconds, Stopping threads took: 0.0000248 seconds
126.201: [GC (Allocation Failure)  637497K->310423K(1034752K), 0.0023838 secs]
126.204: Total time for which application threads were stopped: 0.0025249 seconds, Stopping threads took: 0.0000153 seconds
126.267: [GC (Allocation Failure)  631959K->316233K(1034752K), 0.0064264 secs]
126.273: Total time for which application threads were stopped: 0.0065584 seconds, Stopping threads took: 0.0000189 seconds
126.337: [GC (Allocation Failure)  637769K->320105K(1034752K), 0.0090365 secs]
126.347: Total time for which application threads were stopped: 0.0092056 seconds, Stopping threads took: 0.0000204 seconds
126.414: [GC (Allocation Failure)  642594K->316231K(1035264K), 0.0029482 secs]
126.417: Total time for which application threads were stopped: 0.0031121 seconds, Stopping threads took: 0.0000198 seconds
126.486: [GC (Allocation Failure)  638791K->320265K(1036288K), 0.0044387 secs]
126.491: Total time for which application threads were stopped: 0.0046061 seconds, Stopping threads took: 0.0000201 seconds
126.558: [GC (Allocation Failure)  644361K->324233K(1035776K), 0.0044479 secs]
126.562: Total time for which application threads were stopped: 0.0046346 seconds, Stopping threads took: 0.0000202 seconds
126.633: [GC (Allocation Failure)  648329K->324265K(1035776K), 0.0040997 secs]
126.637: Total time for which application threads were stopped: 0.0042585 seconds, Stopping threads took: 0.0000193 seconds
126.704: [GC (Allocation Failure)  647849K->324297K(1023488K), 0.0041709 secs]
126.708: Total time for which application threads were stopped: 0.0043359 seconds, Stopping threads took: 0.0000194 seconds
126.774: [GC (Allocation Failure)  647881K->332300K(1035264K), 0.0044013 secs]
126.778: Total time for which application threads were stopped: 0.0045756 seconds, Stopping threads took: 0.0000202 seconds
126.845: [GC (Allocation Failure)  654860K->332268K(1030144K), 0.0042112 secs]
126.849: Total time for which application threads were stopped: 0.0043553 seconds, Stopping threads took: 0.0000203 seconds
126.914: [GC (Allocation Failure)  654828K->332332K(1034752K), 0.0042221 secs]
126.918: Total time for which application threads were stopped: 0.0043860 seconds, Stopping threads took: 0.0000258 seconds
126.983: [GC (Allocation Failure)  653868K->340302K(1034752K), 0.0043772 secs]
126.987: Total time for which application threads were stopped: 0.0045209 seconds, Stopping threads took: 0.0000193 seconds
127.052: [GC (Allocation Failure)  661838K->340302K(1033728K), 0.0041132 secs]
127.056: Total time for which application threads were stopped: 0.0042703 seconds, Stopping threads took: 0.0000202 seconds
127.120: [GC (Allocation Failure)  660814K->340550K(1034240K), 0.0042938 secs]
127.125: Total time for which application threads were stopped: 0.0044302 seconds, Stopping threads took: 0.0000203 seconds
127.188: [GC (Allocation Failure)  661062K->348296K(1034240K), 0.0073115 secs]
127.196: Total time for which application threads were stopped: 0.0074507 seconds, Stopping threads took: 0.0000184 seconds
127.261: [GC (Allocation Failure)  668808K->348328K(1034240K), 0.0041243 secs]
127.265: Total time for which application threads were stopped: 0.0042697 seconds, Stopping threads took: 0.0000229 seconds
127.328: [GC (Allocation Failure)  668840K->348776K(1034240K), 0.0043302 secs]
127.332: Total time for which application threads were stopped: 0.0044776 seconds, Stopping threads took: 0.0000243 seconds
127.399: [GC (Allocation Failure)  669288K->356363K(1028096K), 0.0042510 secs]
127.403: Total time for which application threads were stopped: 0.0044240 seconds, Stopping threads took: 0.0000202 seconds
127.467: [GC (Allocation Failure)  676875K->356363K(1033728K), 0.0042073 secs]
127.471: Total time for which application threads were stopped: 0.0043614 seconds, Stopping threads took: 0.0000190 seconds
127.535: [GC (Allocation Failure)  675851K->356523K(1033728K), 0.0044201 secs]
127.540: Total time for which application threads were stopped: 0.0045447 seconds, Stopping threads took: 0.0000175 seconds
127.605: [GC (Allocation Failure)  676011K->364365K(1033728K), 0.0041558 secs]
127.609: Total time for which application threads were stopped: 0.0042913 seconds, Stopping threads took: 0.0000191 seconds
127.672: [GC (Allocation Failure)  683853K->364429K(1033728K), 0.0041950 secs]
127.677: Total time for which application threads were stopped: 0.0043777 seconds, Stopping threads took: 0.0000285 seconds
127.739: [GC (Allocation Failure)  683917K->364461K(1033728K), 0.0042650 secs]
127.743: Total time for which application threads were stopped: 0.0044040 seconds, Stopping threads took: 0.0000185 seconds
127.806: [GC (Allocation Failure)  683949K->372431K(1027072K), 0.0043943 secs]
127.810: Total time for which application threads were stopped: 0.0045646 seconds, Stopping threads took: 0.0000196 seconds
127.871: [GC (Allocation Failure)  691919K->368525K(1034240K), 0.0034801 secs]
127.875: Total time for which application threads were stopped: 0.0036153 seconds, Stopping threads took: 0.0000203 seconds
127.942: [GC (Allocation Failure)  688013K->372591K(1033216K), 0.0044027 secs]
127.946: Total time for which application threads were stopped: 0.0045476 seconds, Stopping threads took: 0.0000195 seconds
128.010: [GC (Allocation Failure)  692079K->376559K(1034752K), 0.0043251 secs]
128.014: Total time for which application threads were stopped: 0.0044789 seconds, Stopping threads took: 0.0000200 seconds
128.079: [GC (Allocation Failure)  698095K->369773K(1034752K), 0.0017995 secs]
128.081: Total time for which application threads were stopped: 0.0019321 seconds, Stopping threads took: 0.0000191 seconds
128.145: [GC (Allocation Failure)  691309K->376631K(1034752K), 0.0041386 secs]
128.149: Total time for which application threads were stopped: 0.0042810 seconds, Stopping threads took: 0.0000253 seconds
128.212: [GC (Allocation Failure)  698167K->380711K(1034752K), 0.0052612 secs]
128.218: Total time for which application threads were stopped: 0.0054180 seconds, Stopping threads took: 0.0000195 seconds
128.281: [GC (Allocation Failure)  702247K->375141K(1034752K), 0.0023781 secs]
128.284: Total time for which application threads were stopped: 0.0025017 seconds, Stopping threads took: 0.0000160 seconds
128.349: [GC (Allocation Failure)  696677K->381007K(1034752K), 0.0051264 secs]
128.354: Total time for which application threads were stopped: 0.0053201 seconds, Stopping threads took: 0.0000252 seconds
128.421: [GC (Allocation Failure)  702543K->384847K(1034752K), 0.0047402 secs]
128.426: Total time for which application threads were stopped: 0.0048947 seconds, Stopping threads took: 0.0000198 seconds
128.493: [GC (Allocation Failure)  707335K->380941K(1035264K), 0.0033660 secs]
128.496: Total time for which application threads were stopped: 0.0035298 seconds, Stopping threads took: 0.0000198 seconds
128.565: [GC (Allocation Failure)  703501K->385007K(1036288K), 0.0046126 secs]
128.569: Total time for which application threads were stopped: 0.0047921 seconds, Stopping threads took: 0.0000217 seconds
128.637: [GC (Allocation Failure)  709103K->389007K(1035776K), 0.0042981 secs]
128.641: Total time for which application threads were stopped: 0.0044724 seconds, Stopping threads took: 0.0000202 seconds
128.710: [GC (Allocation Failure)  713103K->388943K(1035776K), 0.0058340 secs]
128.716: Total time for which application threads were stopped: 0.0059886 seconds, Stopping threads took: 0.0000196 seconds
128.783: [GC (Allocation Failure)  712527K->389031K(1023488K), 0.0044821 secs]
128.788: Total time for which application threads were stopped: 0.0046326 seconds, Stopping threads took: 0.0000220 seconds
128.853: [GC (Allocation Failure)  712615K->397001K(1035264K), 0.0043283 secs]
128.857: Total time for which application threads were stopped: 0.0044731 seconds, Stopping threads took: 0.0000193 seconds
128.923: [GC (Allocation Failure)  719561K->397033K(1030144K), 0.0042869 secs]
128.927: Total time for which application threads were stopped: 0.0044457 seconds, Stopping threads took: 0.0000198 seconds
128.993: [GC (Allocation Failure)  719593K->397025K(1034752K), 0.0051124 secs]
128.998: Total time for which application threads were stopped: 0.0052693 seconds, Stopping threads took: 0.0000203 seconds
129.064: [GC (Allocation Failure)  718561K->405028K(1029120K), 0.0044373 secs]
129.068: Total time for which application threads were stopped: 0.0045716 seconds, Stopping threads took: 0.0000162 seconds
129.136: [GC (Allocation Failure)  726564K->405060K(1034240K), 0.0042916 secs]
129.141: Total time for which application threads were stopped: 0.0044647 seconds, Stopping threads took: 0.0000255 seconds
129.206: [GC (Allocation Failure)  725572K->405292K(1034240K), 0.0046436 secs]
129.211: Total time for which application threads were stopped: 0.0047935 seconds, Stopping threads took: 0.0000205 seconds
129.276: [GC (Allocation Failure)  725804K->413070K(1034240K), 0.0041671 secs]
129.280: Total time for which application threads were stopped: 0.0043116 seconds, Stopping threads took: 0.0000191 seconds
129.345: [GC (Allocation Failure)  733582K->413102K(1034240K), 0.0045862 secs]
129.350: Total time for which application threads were stopped: 0.0047334 seconds, Stopping threads took: 0.0000241 seconds
129.417: [GC (Allocation Failure)  733614K->413486K(1033216K), 0.0045151 secs]
129.421: Total time for which application threads were stopped: 0.0046792 seconds, Stopping threads took: 0.0000196 seconds
129.488: [GC (Allocation Failure)  732974K->421136K(1033728K), 0.0044541 secs]
129.492: Total time for which application threads were stopped: 0.0046316 seconds, Stopping threads took: 0.0000204 seconds
129.561: [GC (Allocation Failure)  740624K->421136K(1033728K), 0.0043229 secs]
129.565: Total time for which application threads were stopped: 0.0045043 seconds, Stopping threads took: 0.0000206 seconds
129.629: [GC (Allocation Failure)  740624K->421256K(1033728K), 0.0043189 secs]
129.634: Total time for which application threads were stopped: 0.0044650 seconds, Stopping threads took: 0.0000271 seconds
129.700: [GC (Allocation Failure)  740744K->429162K(1033728K), 0.0042420 secs]
129.704: Total time for which application threads were stopped: 0.0043918 seconds, Stopping threads took: 0.0000204 seconds
129.769: [GC (Allocation Failure)  748650K->429130K(1033728K), 0.0045212 secs]
129.774: Total time for which application threads were stopped: 0.0046809 seconds, Stopping threads took: 0.0000192 seconds
129.840: [GC (Allocation Failure)  748618K->429194K(1033728K), 0.0045788 secs]
129.844: Total time for which application threads were stopped: 0.0047238 seconds, Stopping threads took: 0.0000192 seconds
129.909: [GC (Allocation Failure)  748682K->437165K(1027072K), 0.0045960 secs]
129.914: Total time for which application threads were stopped: 0.0047490 seconds, Stopping threads took: 0.0000215 seconds
129.976: [GC (Allocation Failure)  756652K->433258K(1034240K), 0.0036890 secs]
129.980: Total time for which application threads were stopped: 0.0038351 seconds, Stopping threads took: 0.0000192 seconds
130.045: [GC (Allocation Failure)  752746K->437325K(1033216K), 0.0045138 secs]
130.049: Total time for which application threads were stopped: 0.0046816 seconds, Stopping threads took: 0.0000271 seconds
130.115: [GC (Allocation Failure)  756813K->441293K(1034752K), 0.0064052 secs]
130.121: Total time for which application threads were stopped: 0.0065730 seconds, Stopping threads took: 0.0000274 seconds
130.186: [GC (Allocation Failure)  762829K->434506K(1034752K), 0.0022197 secs]
130.189: Total time for which application threads were stopped: 0.0023674 seconds, Stopping threads took: 0.0000188 seconds
130.254: [GC (Allocation Failure)  756042K->441357K(1034752K), 0.0044035 secs]
130.258: Total time for which application threads were stopped: 0.0045478 seconds, Stopping threads took: 0.0000181 seconds
130.322: [GC (Allocation Failure)  762893K->445437K(1034752K), 0.0055789 secs]
130.328: Total time for which application threads were stopped: 0.0057221 seconds, Stopping threads took: 0.0000188 seconds
130.395: [GC (Allocation Failure)  766973K->439866K(1034752K), 0.0025392 secs]
130.398: Total time for which application threads were stopped: 0.0027244 seconds, Stopping threads took: 0.0000194 seconds
130.467: [GC (Allocation Failure)  761402K->445709K(1034752K), 0.0046452 secs]
130.471: Total time for which application threads were stopped: 0.0048032 seconds, Stopping threads took: 0.0000168 seconds
130.538: [GC (Allocation Failure)  767245K->449613K(1035264K), 0.0047956 secs]
130.543: Total time for which application threads were stopped: 0.0049705 seconds, Stopping threads took: 0.0000197 seconds
130.610: [GC (Allocation Failure)  772101K->445674K(1035264K), 0.0032629 secs]
130.614: Total time for which application threads were stopped: 0.0034192 seconds, Stopping threads took: 0.0000252 seconds
130.682: [GC (Allocation Failure)  768234K->449741K(1036288K), 0.0045265 secs]
130.687: Total time for which application threads were stopped: 0.0047331 seconds, Stopping threads took: 0.0000203 seconds
130.754: [GC (Allocation Failure)  773837K->453741K(1035776K), 0.0046226 secs]
130.759: Total time for which application threads were stopped: 0.0048025 seconds, Stopping threads took: 0.0000229 seconds
130.827: [GC (Allocation Failure)  777837K->453741K(1035776K), 0.0045941 secs]
130.831: Total time for which application threads were stopped: 0.0047683 seconds, Stopping threads took: 0.0000203 seconds
130.899: [GC (Allocation Failure)  777325K->453773K(1023488K), 0.0046439 secs]
130.903: Total time for which application threads were stopped: 0.0048123 seconds, Stopping threads took: 0.0000203 seconds
130.969: [GC (Allocation Failure)  777357K->461775K(1035264K), 0.0046284 secs]
130.974: Total time for which application threads were stopped: 0.0047946 seconds, Stopping threads took: 0.0000198 seconds
131.040: [GC (Allocation Failure)  784335K->461775K(1030144K), 0.0044894 secs]
131.045: Total time for which application threads were stopped: 0.0046612 seconds, Stopping threads took: 0.0000203 seconds
131.115: [GC (Allocation Failure)  784335K->461799K(1034752K), 0.0044155 secs]
131.119: Total time for which application threads were stopped: 0.0045804 seconds, Stopping threads took: 0.0000170 seconds
131.187: [GC (Allocation Failure)  783335K->469769K(1029120K), 0.0047819 secs]
131.192: Total time for which application threads were stopped: 0.0049735 seconds, Stopping threads took: 0.0000194 seconds
131.262: [GC (Allocation Failure)  791305K->469769K(1034240K), 0.0064844 secs]
131.268: Total time for which application threads were stopped: 0.0066566 seconds, Stopping threads took: 0.0000205 seconds
131.335: [GC (Allocation Failure)  790281K->470025K(1034240K), 0.0105931 secs]
131.346: Total time for which application threads were stopped: 0.0107632 seconds, Stopping threads took: 0.0000203 seconds
131.415: [GC (Allocation Failure)  790537K->477803K(1034240K), 0.0045427 secs]
131.419: Total time for which application threads were stopped: 0.0047067 seconds, Stopping threads took: 0.0000191 seconds
131.487: [GC (Allocation Failure)  798315K->477803K(1034240K), 0.0046289 secs]
131.492: Total time for which application threads were stopped: 0.0048014 seconds, Stopping threads took: 0.0000203 seconds
131.559: [GC (Allocation Failure)  798315K->478251K(1033216K), 0.0048392 secs]
131.563: Total time for which application threads were stopped: 0.0050095 seconds, Stopping threads took: 0.0000196 seconds
131.633: [GC (Allocation Failure)  797739K->485838K(1033728K), 0.0044840 secs]
131.637: Total time for which application threads were stopped: 0.0046596 seconds, Stopping threads took: 0.0000272 seconds
131.705: [GC (Allocation Failure)  805326K->485838K(1033728K), 0.0046080 secs]
131.709: Total time for which application threads were stopped: 0.0047753 seconds, Stopping threads took: 0.0000192 seconds
131.774: [GC (Allocation Failure)  805326K->485966K(1033728K), 0.0047103 secs]
131.779: Total time for which application threads were stopped: 0.0049013 seconds, Stopping threads took: 0.0000222 seconds
131.846: [GC (Allocation Failure)  805454K->493872K(1033728K), 0.0043187 secs]
131.850: Total time for which application threads were stopped: 0.0045120 seconds, Stopping threads took: 0.0000200 seconds
131.919: [GC (Allocation Failure)  813360K->493872K(1033728K), 0.0047663 secs]
131.924: Total time for which application threads were stopped: 0.0049162 seconds, Stopping threads took: 0.0000163 seconds
131.991: [GC (Allocation Failure)  813360K->493928K(1033728K), 0.0047145 secs]
131.995: Total time for which application threads were stopped: 0.0048839 seconds, Stopping threads took: 0.0000192 seconds
132.062: [GC (Allocation Failure)  813416K->501898K(1027072K), 0.0046937 secs]
132.067: Total time for which application threads were stopped: 0.0048658 seconds, Stopping threads took: 0.0000206 seconds
132.133: [GC (Allocation Failure)  821386K->497992K(1034240K), 0.0035516 secs]
132.137: Total time for which application threads were stopped: 0.0037121 seconds, Stopping threads took: 0.0000186 seconds
132.204: [GC (Allocation Failure)  817480K->502018K(1033216K), 0.0080123 secs]
132.212: Total time for which application threads were stopped: 0.0082099 seconds, Stopping threads took: 0.0000215 seconds
132.280: [GC (Allocation Failure)  821506K->505986K(1034752K), 0.0046298 secs]
132.285: Total time for which application threads were stopped: 0.0047893 seconds, Stopping threads took: 0.0000192 seconds
132.352: [GC (Allocation Failure)  827522K->499232K(1034752K), 0.0026640 secs]
132.355: Total time for which application threads were stopped: 0.0028589 seconds, Stopping threads took: 0.0000200 seconds
132.422: [GC (Allocation Failure)  820768K->506082K(1034752K), 0.0045381 secs]
132.427: Total time for which application threads were stopped: 0.0047074 seconds, Stopping threads took: 0.0000194 seconds
132.492: [GC (Allocation Failure)  827618K->510194K(1034752K), 0.0054703 secs]
132.498: Total time for which application threads were stopped: 0.0056381 seconds, Stopping threads took: 0.0000200 seconds
132.563: [GC (Allocation Failure)  831730K->504592K(1034752K), 0.0027327 secs]
132.566: Total time for which application threads were stopped: 0.0028872 seconds, Stopping threads took: 0.0000198 seconds
132.634: [GC (Allocation Failure)  826128K->510434K(1034752K), 0.0045149 secs]
132.638: Total time for which application threads were stopped: 0.0047007 seconds, Stopping threads took: 0.0000254 seconds
132.708: [GC (Allocation Failure)  831970K->514306K(1034752K), 0.0050278 secs]
132.713: Total time for which application threads were stopped: 0.0052073 seconds, Stopping threads took: 0.0000197 seconds
132.780: [GC (Allocation Failure)  836795K->510400K(1035264K), 0.0035751 secs]
132.784: Total time for which application threads were stopped: 0.0037410 seconds, Stopping threads took: 0.0000201 seconds
132.852: [GC (Allocation Failure)  832960K->514474K(1036288K), 0.0046107 secs]
132.857: Total time for which application threads were stopped: 0.0048049 seconds, Stopping threads took: 0.0000211 seconds
132.925: [GC (Allocation Failure)  838570K->518474K(1035776K), 0.0046860 secs]
132.930: Total time for which application threads were stopped: 0.0048591 seconds, Stopping threads took: 0.0000206 seconds
132.999: [GC (Allocation Failure)  842570K->518474K(1035776K), 0.0046694 secs]
133.004: Total time for which application threads were stopped: 0.0048379 seconds, Stopping threads took: 0.0000196 seconds
133.072: [GC (Allocation Failure)  842058K->518506K(1023488K), 0.0046680 secs]
133.077: Total time for which application threads were stopped: 0.0048460 seconds, Stopping threads took: 0.0000204 seconds
133.144: [GC (Allocation Failure)  842090K->526477K(1035264K), 0.0045425 secs]
133.149: Total time for which application threads were stopped: 0.0047015 seconds, Stopping threads took: 0.0000200 seconds
133.218: [GC (Allocation Failure)  849037K->526445K(1030144K), 0.0045424 secs]
133.223: Total time for which application threads were stopped: 0.0047313 seconds, Stopping threads took: 0.0000199 seconds
133.292: [GC (Allocation Failure)  849005K->526533K(1034752K), 0.0049731 secs]
133.297: Total time for which application threads were stopped: 0.0051246 seconds, Stopping threads took: 0.0000176 seconds
133.365: [GC (Allocation Failure)  848069K->534503K(1034752K), 0.0047823 secs]
133.370: Total time for which application threads were stopped: 0.0050057 seconds, Stopping threads took: 0.0000312 seconds
133.440: [GC (Allocation Failure)  856039K->534503K(1033728K), 0.0045606 secs]
133.444: Total time for which application threads were stopped: 0.0047232 seconds, Stopping threads took: 0.0000196 seconds
133.512: [GC (Allocation Failure)  855015K->534759K(1034240K), 0.0045615 secs]
133.517: Total time for which application threads were stopped: 0.0047362 seconds, Stopping threads took: 0.0000204 seconds
133.585: [GC (Allocation Failure)  855271K->542569K(1034240K), 0.0045035 secs]
133.589: Total time for which application threads were stopped: 0.0046849 seconds, Stopping threads took: 0.0000258 seconds
133.658: [GC (Allocation Failure)  863081K->542505K(1034240K), 0.0054158 secs]
133.663: Total time for which application threads were stopped: 0.0055968 seconds, Stopping threads took: 0.0000259 seconds
133.731: [GC (Allocation Failure)  863017K->542985K(1033216K), 0.0047690 secs]
133.735: Total time for which application threads were stopped: 0.0049425 seconds, Stopping threads took: 0.0000211 seconds
133.804: [GC (Allocation Failure)  862473K->550603K(1033728K), 0.0047724 secs]
133.809: Total time for which application threads were stopped: 0.0049337 seconds, Stopping threads took: 0.0000196 seconds
133.878: [GC (Allocation Failure)  870091K->550571K(1033728K), 0.0047390 secs]
133.883: Total time for which application threads were stopped: 0.0048974 seconds, Stopping threads took: 0.0000191 seconds
133.947: [GC (Allocation Failure)  870059K->550699K(1033728K), 0.0047395 secs]
133.952: Total time for which application threads were stopped: 0.0048970 seconds, Stopping threads took: 0.0000187 seconds
134.019: [GC (Allocation Failure)  870187K->558606K(1033728K), 0.0046611 secs]
134.024: Total time for which application threads were stopped: 0.0048284 seconds, Stopping threads took: 0.0000190 seconds
134.093: [GC (Allocation Failure)  878094K->558606K(1033728K), 0.0047046 secs]
134.098: Total time for which application threads were stopped: 0.0048613 seconds, Stopping threads took: 0.0000254 seconds
134.165: [GC (Allocation Failure)  878094K->558670K(1033728K), 0.0047214 secs]
134.170: Total time for which application threads were stopped: 0.0048900 seconds, Stopping threads took: 0.0000259 seconds
134.237: [GC (Allocation Failure)  878158K->566640K(1027072K), 0.0055568 secs]
134.243: Total time for which application threads were stopped: 0.0057312 seconds, Stopping threads took: 0.0000201 seconds
134.308: [GC (Allocation Failure)  886127K->562734K(1034240K), 0.0038752 secs]
134.312: Total time for which application threads were stopped: 0.0040418 seconds, Stopping threads took: 0.0000196 seconds
134.381: [GC (Allocation Failure)  882222K->566792K(1033216K), 0.0047452 secs]
134.386: Total time for which application threads were stopped: 0.0049390 seconds, Stopping threads took: 0.0000191 seconds
134.456: [GC (Allocation Failure)  886280K->570760K(1034752K), 0.0045989 secs]
134.460: Total time for which application threads were stopped: 0.0047797 seconds, Stopping threads took: 0.0000169 seconds
134.528: [GC (Allocation Failure)  892296K->563942K(1034752K), 0.0022259 secs]
134.530: Total time for which application threads were stopped: 0.0023665 seconds, Stopping threads took: 0.0000190 seconds
134.597: [GC (Allocation Failure)  885478K->570824K(1034752K), 0.0045447 secs]
134.602: Total time for which application threads were stopped: 0.0047122 seconds, Stopping threads took: 0.0000186 seconds
134.668: [GC (Allocation Failure)  892360K->574896K(1034752K), 0.0055727 secs]
134.674: Total time for which application threads were stopped: 0.0057371 seconds, Stopping threads took: 0.0000203 seconds
134.739: [GC (Allocation Failure)  896432K->569326K(1034752K), 0.0027977 secs]
134.742: Total time for which application threads were stopped: 0.0029522 seconds, Stopping threads took: 0.0000194 seconds
134.809: [GC (Allocation Failure)  890862K->575168K(1034752K), 0.0048541 secs]
134.814: Total time for which application threads were stopped: 0.0050551 seconds, Stopping threads took: 0.0000194 seconds
134.882: [GC (Allocation Failure)  896704K->579072K(1034752K), 0.0051619 secs]
134.887: Total time for which application threads were stopped: 0.0060122 seconds, Stopping threads took: 0.0000185 seconds
134.954: [GC (Allocation Failure)  901560K->575134K(1035264K), 0.0036656 secs]
134.957: Total time for which application threads were stopped: 0.0038242 seconds, Stopping threads took: 0.0000192 seconds
135.025: [GC (Allocation Failure)  897694K->579176K(1036288K), 0.0048544 secs]
135.030: Total time for which application threads were stopped: 0.0050139 seconds, Stopping threads took: 0.0000194 seconds
135.098: [GC (Allocation Failure)  903272K->583208K(1035776K), 0.0046168 secs]
135.102: Total time for which application threads were stopped: 0.0047912 seconds, Stopping threads took: 0.0000282 seconds
135.173: [GC (Allocation Failure)  907304K->583144K(1035776K), 0.0046273 secs]
135.177: Total time for which application threads were stopped: 0.0047838 seconds, Stopping threads took: 0.0000168 seconds
135.245: [GC (Allocation Failure)  906728K->583240K(1023488K), 0.0048308 secs]
135.250: Total time for which application threads were stopped: 0.0050233 seconds, Stopping threads took: 0.0000209 seconds
135.316: [GC (Allocation Failure)  906824K->591242K(1035264K), 0.0048927 secs]
135.321: Total time for which application threads were stopped: 0.0050631 seconds, Stopping threads took: 0.0000193 seconds
135.392: [GC (Allocation Failure)  913802K->591242K(1030144K), 0.0046858 secs]
135.397: Total time for which application threads were stopped: 0.0048548 seconds, Stopping threads took: 0.0000194 seconds
135.464: [GC (Allocation Failure)  913802K->591274K(1034752K), 0.0048056 secs]
135.469: Total time for which application threads were stopped: 0.0049780 seconds, Stopping threads took: 0.0000219 seconds
135.537: [GC (Allocation Failure)  912810K->599244K(1029120K), 0.0048001 secs]
135.542: Total time for which application threads were stopped: 0.0049669 seconds, Stopping threads took: 0.0000202 seconds
135.611: [GC (Allocation Failure)  920780K->599244K(1034240K), 0.0046747 secs]
135.615: Total time for which application threads were stopped: 0.0048745 seconds, Stopping threads took: 0.0000261 seconds
135.684: [GC (Allocation Failure)  919756K->599492K(1034240K), 0.0050385 secs]
135.689: Total time for which application threads were stopped: 0.0052126 seconds, Stopping threads took: 0.0000194 seconds
135.756: [GC (Allocation Failure)  920004K->607271K(1034240K), 0.0047708 secs]
135.761: Total time for which application threads were stopped: 0.0049310 seconds, Stopping threads took: 0.0000191 seconds
135.829: [GC (Allocation Failure)  927783K->607271K(1034240K), 0.0048936 secs]
135.834: Total time for which application threads were stopped: 0.0050722 seconds, Stopping threads took: 0.0000196 seconds
135.902: [GC (Allocation Failure)  927783K->607719K(1033216K), 0.0049973 secs]
135.907: Total time for which application threads were stopped: 0.0051680 seconds, Stopping threads took: 0.0000201 seconds
135.977: [GC (Allocation Failure)  927207K->615305K(1033728K), 0.0047869 secs]
135.981: Total time for which application threads were stopped: 0.0049513 seconds, Stopping threads took: 0.0000190 seconds
136.049: [GC (Allocation Failure)  934793K->615305K(1033728K), 0.0048512 secs]
136.054: Total time for which application threads were stopped: 0.0050175 seconds, Stopping threads took: 0.0000198 seconds
136.120: [GC (Allocation Failure)  934793K->615433K(1033728K), 0.0047463 secs]
136.125: Total time for which application threads were stopped: 0.0049388 seconds, Stopping threads took: 0.0000273 seconds
136.192: [GC (Allocation Failure)  934921K->623339K(1033728K), 0.0047857 secs]
136.197: Total time for which application threads were stopped: 0.0049469 seconds, Stopping threads took: 0.0000199 seconds
136.264: [GC (Allocation Failure)  942827K->623339K(1033728K), 0.0069556 secs]
136.271: Total time for which application threads were stopped: 0.0071436 seconds, Stopping threads took: 0.0000187 seconds
136.339: [GC (Allocation Failure)  942827K->623403K(1033728K), 0.0055632 secs]
136.345: Total time for which application threads were stopped: 0.0057649 seconds, Stopping threads took: 0.0000213 seconds
136.413: [GC (Allocation Failure)  942891K->631373K(1027072K), 0.0047876 secs]
136.418: Total time for which application threads were stopped: 0.0049934 seconds, Stopping threads took: 0.0000516 seconds
136.483: [GC (Allocation Failure)  950861K->627499K(1034240K), 0.0040385 secs]
136.487: Total time for which application threads were stopped: 0.0042132 seconds, Stopping threads took: 0.0000212 seconds
136.555: [GC (Allocation Failure)  946987K->631533K(1033216K), 0.0049314 secs]
136.560: Total time for which application threads were stopped: 0.0050986 seconds, Stopping threads took: 0.0000258 seconds
136.627: [GC (Allocation Failure)  951021K->635501K(1034752K), 0.0048861 secs]
136.632: Total time for which application threads were stopped: 0.0050861 seconds, Stopping threads took: 0.0000266 seconds
136.701: [GC (Allocation Failure)  957037K->628715K(1034752K), 0.0024293 secs]
136.703: Total time for which application threads were stopped: 0.0026211 seconds, Stopping threads took: 0.0000224 seconds
136.774: [GC (Allocation Failure)  950251K->635573K(1034752K), 0.0049286 secs]
136.779: Total time for which application threads were stopped: 0.0051026 seconds, Stopping threads took: 0.0000201 seconds
136.846: [GC (Allocation Failure)  957109K->639685K(1034752K), 0.0056788 secs]
136.852: Total time for which application threads were stopped: 0.0058460 seconds, Stopping threads took: 0.0000197 seconds
136.918: [GC (Allocation Failure)  961221K->634115K(1034752K), 0.0030090 secs]
136.921: Total time for which application threads were stopped: 0.0031719 seconds, Stopping threads took: 0.0000193 seconds
136.988: [GC (Allocation Failure)  955651K->639893K(1034752K), 0.0050223 secs]
136.994: Total time for which application threads were stopped: 0.0051882 seconds, Stopping threads took: 0.0000187 seconds
137.061: [GC (Allocation Failure)  961429K->643797K(1034752K), 0.0052726 secs]
137.066: Total time for which application threads were stopped: 0.0054389 seconds, Stopping threads took: 0.0000191 seconds
137.134: [GC (Allocation Failure)  966286K->639891K(1035264K), 0.0036648 secs]
137.138: Total time for which application threads were stopped: 0.0038232 seconds, Stopping threads took: 0.0000201 seconds
137.206: [GC (Allocation Failure)  962451K->643949K(1036288K), 0.0048856 secs]
137.211: Total time for which application threads were stopped: 0.0050473 seconds, Stopping threads took: 0.0000198 seconds
137.279: [GC (Allocation Failure)  968045K->647917K(1035776K), 0.0049839 secs]
137.284: Total time for which application threads were stopped: 0.0051444 seconds, Stopping threads took: 0.0000198 seconds
137.355: [GC (Allocation Failure)  972013K->647949K(1035776K), 0.0062792 secs]
137.361: Total time for which application threads were stopped: 0.0064472 seconds, Stopping threads took: 0.0000201 seconds
137.429: [GC (Allocation Failure)  971533K->647981K(1023488K), 0.0050424 secs]
137.434: Total time for which application threads were stopped: 0.0052128 seconds, Stopping threads took: 0.0000201 seconds
137.500: [GC (Allocation Failure)  971565K->655984K(1035264K), 0.0048443 secs]
137.505: Total time for which application threads were stopped: 0.0050268 seconds, Stopping threads took: 0.0000200 seconds
137.573: [GC (Allocation Failure)  978544K->655952K(1030144K), 0.0048389 secs]
137.578: Total time for which application threads were stopped: 0.0050250 seconds, Stopping threads took: 0.0000212 seconds
137.645: [GC (Allocation Failure)  978512K->656008K(1034752K), 0.0049502 secs]
137.650: Total time for which application threads were stopped: 0.0051225 seconds, Stopping threads took: 0.0000205 seconds
137.719: [GC (Allocation Failure)  977544K->663978K(1034752K), 0.0049597 secs]
137.724: Total time for which application threads were stopped: 0.0051425 seconds, Stopping threads took: 0.0000199 seconds
137.793: [GC (Allocation Failure)  985514K->663978K(1033728K), 0.0049385 secs]
137.798: Total time for which application threads were stopped: 0.0051330 seconds, Stopping threads took: 0.0000194 seconds
137.867: [GC (Allocation Failure)  984490K->664234K(1034240K), 0.0050103 secs]
137.872: Total time for which application threads were stopped: 0.0051693 seconds, Stopping threads took: 0.0000171 seconds
137.940: [GC (Allocation Failure)  984746K->672012K(1034240K), 0.0047399 secs]
137.945: Total time for which application threads were stopped: 0.0049222 seconds, Stopping threads took: 0.0000207 seconds
138.013: [GC (Allocation Failure)  992524K->672012K(1034240K), 0.0049520 secs]
138.018: Total time for which application threads were stopped: 0.0051461 seconds, Stopping threads took: 0.0000200 seconds
138.086: [GC (Allocation Failure)  992524K->672428K(1033216K), 0.0049958 secs]
138.091: Total time for which application threads were stopped: 0.0051605 seconds, Stopping threads took: 0.0000248 seconds
138.159: [GC (Allocation Failure)  991916K->680047K(1033728K), 0.0049552 secs]
138.164: Total time for which application threads were stopped: 0.0051205 seconds, Stopping threads took: 0.0000255 seconds
138.232: [GC (Allocation Failure)  999535K->680047K(1033728K), 0.0049985 secs]
138.237: Total time for which application threads were stopped: 0.0051679 seconds, Stopping threads took: 0.0000201 seconds
138.302: [GC (Allocation Failure)  999535K->680167K(1033728K), 0.0049896 secs]
138.307: Total time for which application threads were stopped: 0.0051819 seconds, Stopping threads took: 0.0000191 seconds
138.377: [GC (Allocation Failure)  999655K->688105K(1033728K), 0.0048735 secs]
138.382: Total time for which application threads were stopped: 0.0050349 seconds, Stopping threads took: 0.0000192 seconds
138.449: [GC (Allocation Failure)  1007593K->688105K(1033728K), 0.0050828 secs]
138.454: Total time for which application threads were stopped: 0.0052468 seconds, Stopping threads took: 0.0000194 seconds
138.521: [GC (Allocation Failure)  1007593K->688137K(1033728K), 0.0049992 secs]
138.526: [Full GC (Ergonomics)  688137K->8540K(1033728K), 0.0128279 secs]
138.539: Total time for which application threads were stopped: 0.0181134 seconds, Stopping threads took: 0.0000189 seconds
138.606: [GC (Allocation Failure)  328028K->16703K(1027072K), 0.0036831 secs]
138.609: Total time for which application threads were stopped: 0.0038529 seconds, Stopping threads took: 0.0000279 seconds
138.674: [GC (Allocation Failure)  336190K->12820K(1034240K), 0.0025934 secs]
138.677: Total time for which application threads were stopped: 0.0027437 seconds, Stopping threads took: 0.0000189 seconds
138.744: [GC (Allocation Failure)  332308K->16879K(1033216K), 0.0037043 secs]
138.748: Total time for which application threads were stopped: 0.0038599 seconds, Stopping threads took: 0.0000194 seconds
138.817: [GC (Allocation Failure)  336367K->20879K(1034752K), 0.0035199 secs]
138.821: Total time for which application threads were stopped: 0.0036993 seconds, Stopping threads took: 0.0000194 seconds
138.886: [GC (Allocation Failure)  342415K->14060K(1034752K), 0.0010911 secs]
138.887: Total time for which application threads were stopped: 0.0012324 seconds, Stopping threads took: 0.0000200 seconds
138.954: [GC (Allocation Failure)  335596K->20887K(1034752K), 0.0036849 secs]
138.957: Total time for which application threads were stopped: 0.0038343 seconds, Stopping threads took: 0.0000207 seconds
139.025: [GC (Allocation Failure)  342423K->24999K(1034752K), 0.0046644 secs]
139.029: Total time for which application threads were stopped: 0.0048509 seconds, Stopping threads took: 0.0000195 seconds
139.096: [GC (Allocation Failure)  346535K->19460K(1034752K), 0.0015275 secs]
139.097: Total time for which application threads were stopped: 0.0016585 seconds, Stopping threads took: 0.0000197 seconds
139.164: [GC (Allocation Failure)  340996K->25303K(1034752K), 0.0037012 secs]
139.167: Total time for which application threads were stopped: 0.0038411 seconds, Stopping threads took: 0.0000194 seconds
139.235: [GC (Allocation Failure)  346839K->29167K(1035264K), 0.0040906 secs]
139.239: Total time for which application threads were stopped: 0.0042441 seconds, Stopping threads took: 0.0000191 seconds
139.304: [GC (Allocation Failure)  351655K->25228K(1035264K), 0.0024609 secs]
139.306: Total time for which application threads were stopped: 0.0026129 seconds, Stopping threads took: 0.0000191 seconds
139.377: [GC (Allocation Failure)  347788K->29295K(1036288K), 0.0037462 secs]
139.381: Total time for which application threads were stopped: 0.0039301 seconds, Stopping threads took: 0.0000166 seconds
139.450: [GC (Allocation Failure)  353391K->33263K(1035776K), 0.0037301 secs]
139.454: Total time for which application threads were stopped: 0.0039055 seconds, Stopping threads took: 0.0000281 seconds
139.523: [GC (Allocation Failure)  357359K->33263K(1035776K), 0.0036423 secs]
139.527: Total time for which application threads were stopped: 0.0038184 seconds, Stopping threads took: 0.0000196 seconds
139.595: [GC (Allocation Failure)  356847K->33319K(1023488K), 0.0038107 secs]
139.599: Total time for which application threads were stopped: 0.0039789 seconds, Stopping threads took: 0.0000260 seconds
139.666: [GC (Allocation Failure)  356903K->41289K(1035264K), 0.0038109 secs]
139.669: Total time for which application threads were stopped: 0.0039876 seconds, Stopping threads took: 0.0000219 seconds
139.737: [GC (Allocation Failure)  363849K->41321K(1030144K), 0.0036793 secs]
139.741: Total time for which application threads were stopped: 0.0038778 seconds, Stopping threads took: 0.0000207 seconds
139.809: [GC (Allocation Failure)  363881K->41353K(1034752K), 0.0038228 secs]
139.813: Total time for which application threads were stopped: 0.0040099 seconds, Stopping threads took: 0.0000234 seconds
139.880: [GC (Allocation Failure)  362889K->49355K(1029120K), 0.0041342 secs]
139.884: Total time for which application threads were stopped: 0.0042903 seconds, Stopping threads took: 0.0000200 seconds
139.952: [GC (Allocation Failure)  370891K->49323K(1034240K), 0.0036129 secs]
139.956: Total time for which application threads were stopped: 0.0037791 seconds, Stopping threads took: 0.0000200 seconds
140.023: [GC (Allocation Failure)  369835K->49587K(1034240K), 0.0037402 secs]
140.027: Total time for which application threads were stopped: 0.0039026 seconds, Stopping threads took: 0.0000205 seconds
140.095: [GC (Allocation Failure)  370099K->57365K(1034240K), 0.0034981 secs]
140.098: Total time for which application threads were stopped: 0.0036555 seconds, Stopping threads took: 0.0000255 seconds
140.164: [GC (Allocation Failure)  377877K->57365K(1034240K), 0.0037550 secs]
140.168: Total time for which application threads were stopped: 0.0038906 seconds, Stopping threads took: 0.0000173 seconds
140.235: [GC (Allocation Failure)  377877K->57813K(1033216K), 0.0037442 secs]
140.239: Total time for which application threads were stopped: 0.0038773 seconds, Stopping threads took: 0.0000199 seconds
140.303: [GC (Allocation Failure)  377301K->65400K(1033728K), 0.0036402 secs]
140.307: Total time for which application threads were stopped: 0.0037739 seconds, Stopping threads took: 0.0000188 seconds
140.373: [GC (Allocation Failure)  384888K->65368K(1033728K), 0.0037575 secs]
140.377: Total time for which application threads were stopped: 0.0039090 seconds, Stopping threads took: 0.0000251 seconds
140.442: [GC (Allocation Failure)  384856K->65568K(1033728K), 0.0036790 secs]
140.445: Total time for which application threads were stopped: 0.0038157 seconds, Stopping threads took: 0.0000168 seconds
140.511: [GC (Allocation Failure)  385056K->73442K(1033728K), 0.0036551 secs]
140.514: Total time for which application threads were stopped: 0.0038029 seconds, Stopping threads took: 0.0000189 seconds
140.578: [GC (Allocation Failure)  392930K->73442K(1033728K), 0.0037020 secs]
140.582: Total time for which application threads were stopped: 0.0038489 seconds, Stopping threads took: 0.0000195 seconds
140.647: [GC (Allocation Failure)  392930K->73514K(1033728K), 0.0037001 secs]
140.651: Total time for which application threads were stopped: 0.0038699 seconds, Stopping threads took: 0.0000203 seconds
140.719: [GC (Allocation Failure)  393002K->81484K(1027072K), 0.0037388 secs]
140.722: Total time for which application threads were stopped: 0.0038992 seconds, Stopping threads took: 0.0000187 seconds
140.785: [GC (Allocation Failure)  400972K->77578K(1034240K), 0.0027709 secs]
140.788: Total time for which application threads were stopped: 0.0029044 seconds, Stopping threads took: 0.0000194 seconds
140.857: [GC (Allocation Failure)  397066K->81644K(1033216K), 0.0038082 secs]
140.860: Total time for which application threads were stopped: 0.0039450 seconds, Stopping threads took: 0.0000206 seconds
140.926: [GC (Allocation Failure)  401132K->85612K(1034752K), 0.0036294 secs]
140.930: Total time for which application threads were stopped: 0.0037585 seconds, Stopping threads took: 0.0000189 seconds
140.994: [GC (Allocation Failure)  407148K->78858K(1034752K), 0.0012839 secs]
140.995: Total time for which application threads were stopped: 0.0014162 seconds, Stopping threads took: 0.0000197 seconds
141.059: [GC (Allocation Failure)  400394K->85652K(1034752K), 0.0035274 secs]
141.063: Total time for which application threads were stopped: 0.0036642 seconds, Stopping threads took: 0.0000195 seconds
141.130: [GC (Allocation Failure)  407188K->89796K(1034752K), 0.0047081 secs]
141.134: Total time for which application threads were stopped: 0.0048617 seconds, Stopping threads took: 0.0000238 seconds
141.198: [GC (Allocation Failure)  411332K->84258K(1034752K), 0.0019683 secs]
141.200: Total time for which application threads were stopped: 0.0021122 seconds, Stopping threads took: 0.0000195 seconds
141.268: [GC (Allocation Failure)  405794K->90060K(1034752K), 0.0036415 secs]
141.272: Total time for which application threads were stopped: 0.0037861 seconds, Stopping threads took: 0.0000209 seconds
141.336: [GC (Allocation Failure)  411596K->93900K(1034752K), 0.0099071 secs]
141.346: Total time for which application threads were stopped: 0.0100532 seconds, Stopping threads took: 0.0000196 seconds
141.413: [GC (Allocation Failure)  416388K->90026K(1035264K), 0.0025550 secs]
141.416: Total time for which application threads were stopped: 0.0027291 seconds, Stopping threads took: 0.0000199 seconds
141.486: [GC (Allocation Failure)  412586K->94052K(1036288K), 0.0042120 secs]
141.491: Total time for which application threads were stopped: 0.0044214 seconds, Stopping threads took: 0.0000222 seconds
141.560: [GC (Allocation Failure)  418148K->98052K(1035776K), 0.0038960 secs]
141.564: Total time for which application threads were stopped: 0.0040695 seconds, Stopping threads took: 0.0000225 seconds
141.632: [GC (Allocation Failure)  422148K->98052K(1035776K), 0.0037639 secs]
141.636: Total time for which application threads were stopped: 0.0039469 seconds, Stopping threads took: 0.0000264 seconds
141.705: [GC (Allocation Failure)  421636K->98084K(1023488K), 0.0038969 secs]
141.709: Total time for which application threads were stopped: 0.0040706 seconds, Stopping threads took: 0.0000287 seconds
141.774: [GC (Allocation Failure)  421668K->106054K(1035264K), 0.0038248 secs]
141.778: Total time for which application threads were stopped: 0.0039775 seconds, Stopping threads took: 0.0000198 seconds
141.845: [GC (Allocation Failure)  428614K->106054K(1030144K), 0.0037370 secs]
141.848: Total time for which application threads were stopped: 0.0038859 seconds, Stopping threads took: 0.0000198 seconds
141.912: [GC (Allocation Failure)  428614K->106118K(1034752K), 0.0036177 secs]
141.916: Total time for which application threads were stopped: 0.0037648 seconds, Stopping threads took: 0.0000341 seconds
141.980: [GC (Allocation Failure)  427654K->114089K(1034752K), 0.0039151 secs]
141.984: Total time for which application threads were stopped: 0.0040456 seconds, Stopping threads took: 0.0000196 seconds
142.048: [GC (Allocation Failure)  435625K->114089K(1033728K), 0.0036074 secs]
142.051: Total time for which application threads were stopped: 0.0037396 seconds, Stopping threads took: 0.0000195 seconds
142.115: [GC (Allocation Failure)  434601K->114345K(1034240K), 0.0036551 secs]
142.119: Total time for which application threads were stopped: 0.0037890 seconds, Stopping threads took: 0.0000189 seconds
142.182: [GC (Allocation Failure)  434857K->122187K(1034240K), 0.0063612 secs]
142.189: Total time for which application threads were stopped: 0.0064983 seconds, Stopping threads took: 0.0000255 seconds
142.253: [GC (Allocation Failure)  442699K->122123K(1034240K), 0.0037366 secs]
142.256: Total time for which application threads were stopped: 0.0038669 seconds, Stopping threads took: 0.0000186 seconds
142.319: [GC (Allocation Failure)  442635K->122579K(1033216K), 0.0063850 secs]
142.325: Total time for which application threads were stopped: 0.0065181 seconds, Stopping threads took: 0.0000187 seconds
142.392: [GC (Allocation Failure)  442067K->130197K(1033728K), 0.0039111 secs]
142.396: Total time for which application threads were stopped: 0.0040593 seconds, Stopping threads took: 0.0000172 seconds
142.463: [GC (Allocation Failure)  449685K->130165K(1033728K), 0.0037385 secs]
142.467: Total time for which application threads were stopped: 0.0038738 seconds, Stopping threads took: 0.0000194 seconds
142.529: [GC (Allocation Failure)  449653K->130317K(1033728K), 0.0040062 secs]
142.533: Total time for which application threads were stopped: 0.0041488 seconds, Stopping threads took: 0.0000270 seconds
142.596: [GC (Allocation Failure)  449805K->138191K(1033728K), 0.0035494 secs]
142.600: Total time for which application threads were stopped: 0.0036796 seconds, Stopping threads took: 0.0000184 seconds
142.663: [GC (Allocation Failure)  457679K->138191K(1033728K), 0.0037319 secs]
142.667: Total time for which application threads were stopped: 0.0038663 seconds, Stopping threads took: 0.0000193 seconds
142.730: [GC (Allocation Failure)  457679K->138247K(1033728K), 0.0036637 secs]
142.734: Total time for which application threads were stopped: 0.0038044 seconds, Stopping threads took: 0.0000186 seconds
142.799: [GC (Allocation Failure)  457735K->146250K(1027072K), 0.0037938 secs]
142.803: Total time for which application threads were stopped: 0.0039403 seconds, Stopping threads took: 0.0000237 seconds
142.865: [GC (Allocation Failure)  465737K->142343K(1034240K), 0.0030339 secs]
142.868: Total time for which application threads were stopped: 0.0031833 seconds, Stopping threads took: 0.0000189 seconds
142.933: [GC (Allocation Failure)  461831K->146378K(1033216K), 0.0037417 secs]
142.937: Total time for which application threads were stopped: 0.0039125 seconds, Stopping threads took: 0.0000236 seconds
143.001: [GC (Allocation Failure)  465866K->150378K(1034752K), 0.0037880 secs]
143.005: Total time for which application threads were stopped: 0.0039449 seconds, Stopping threads took: 0.0000240 seconds
143.069: [GC (Allocation Failure)  471914K->143559K(1034752K), 0.0015067 secs]
143.071: Total time for which application threads were stopped: 0.0016565 seconds, Stopping threads took: 0.0000205 seconds
143.134: [GC (Allocation Failure)  465095K->150450K(1034752K), 0.0036896 secs]
143.138: Total time for which application threads were stopped: 0.0038337 seconds, Stopping threads took: 0.0000202 seconds
143.202: [GC (Allocation Failure)  471986K->154490K(1034752K), 0.0047650 secs]
143.206: Total time for which application threads were stopped: 0.0049025 seconds, Stopping threads took: 0.0000174 seconds
143.268: [GC (Allocation Failure)  476026K->148951K(1034752K), 0.0019411 secs]
143.270: Total time for which application threads were stopped: 0.0020665 seconds, Stopping threads took: 0.0000177 seconds
143.332: [GC (Allocation Failure)  470487K->154762K(1034752K), 0.0038894 secs]
143.336: Total time for which application threads were stopped: 0.0040304 seconds, Stopping threads took: 0.0000234 seconds
143.403: [GC (Allocation Failure)  476298K->158642K(1035264K), 0.0041853 secs]
143.407: Total time for which application threads were stopped: 0.0043829 seconds, Stopping threads took: 0.0000195 seconds
143.473: [GC (Allocation Failure)  481130K->154735K(1035264K), 0.0025979 secs]
143.476: Total time for which application threads were stopped: 0.0027570 seconds, Stopping threads took: 0.0000167 seconds
143.546: [GC (Allocation Failure)  477295K->158762K(1036288K), 0.0039661 secs]
143.550: Total time for which application threads were stopped: 0.0040980 seconds, Stopping threads took: 0.0000167 seconds
143.617: [GC (Allocation Failure)  482858K->162794K(1035776K), 0.0037547 secs]
143.621: Total time for which application threads were stopped: 0.0039257 seconds, Stopping threads took: 0.0000272 seconds
143.687: [GC (Allocation Failure)  486890K->162794K(1035776K), 0.0039144 secs]
143.691: Total time for which application threads were stopped: 0.0040662 seconds, Stopping threads took: 0.0000203 seconds
143.756: [GC (Allocation Failure)  486378K->162826K(1023488K), 0.0038352 secs]
143.760: Total time for which application threads were stopped: 0.0039766 seconds, Stopping threads took: 0.0000203 seconds
143.823: [GC (Allocation Failure)  486410K->170796K(1035264K), 0.0039378 secs]
143.827: Total time for which application threads were stopped: 0.0040769 seconds, Stopping threads took: 0.0000200 seconds
143.891: [GC (Allocation Failure)  493356K->170796K(1030144K), 0.0037602 secs]
143.894: Total time for which application threads were stopped: 0.0038947 seconds, Stopping threads took: 0.0000201 seconds
143.959: [GC (Allocation Failure)  493356K->170860K(1034752K), 0.0037432 secs]
143.963: Total time for which application threads were stopped: 0.0038945 seconds, Stopping threads took: 0.0000273 seconds
144.027: [GC (Allocation Failure)  492396K->178862K(1029120K), 0.0039889 secs]
144.031: Total time for which application threads were stopped: 0.0041212 seconds, Stopping threads took: 0.0000184 seconds
144.095: [GC (Allocation Failure)  500398K->178830K(1034240K), 0.0046080 secs]
144.100: Total time for which application threads were stopped: 0.0047419 seconds, Stopping threads took: 0.0000188 seconds
144.163: [GC (Allocation Failure)  499342K->179046K(1034240K), 0.0039301 secs]
144.167: Total time for which application threads were stopped: 0.0040672 seconds, Stopping threads took: 0.0000202 seconds
144.230: [GC (Allocation Failure)  499558K->186825K(1034240K), 0.0037861 secs]
144.234: Total time for which application threads were stopped: 0.0039187 seconds, Stopping threads took: 0.0000189 seconds
144.298: [GC (Allocation Failure)  507337K->186889K(1034240K), 0.0038824 secs]
144.302: Total time for which application threads were stopped: 0.0040452 seconds, Stopping threads took: 0.0000189 seconds
144.368: [GC (Allocation Failure)  507401K->187305K(1033216K), 0.0039578 secs]
144.372: Total time for which application threads were stopped: 0.0040954 seconds, Stopping threads took: 0.0000179 seconds
144.440: [GC (Allocation Failure)  506793K->194923K(1033728K), 0.0038501 secs]
144.444: Total time for which application threads were stopped: 0.0039888 seconds, Stopping threads took: 0.0000194 seconds
144.510: [GC (Allocation Failure)  514411K->194891K(1033728K), 0.0037503 secs]
144.514: Total time for which application threads were stopped: 0.0038904 seconds, Stopping threads took: 0.0000210 seconds
144.577: [GC (Allocation Failure)  514379K->195019K(1033728K), 0.0038824 secs]
144.581: Total time for which application threads were stopped: 0.0040266 seconds, Stopping threads took: 0.0000274 seconds
144.646: [GC (Allocation Failure)  514507K->202957K(1033728K), 0.0036865 secs]
144.649: Total time for which application threads were stopped: 0.0038229 seconds, Stopping threads took: 0.0000247 seconds
144.712: [GC (Allocation Failure)  522445K->202893K(1033728K), 0.0039432 secs]
144.716: Total time for which application threads were stopped: 0.0040838 seconds, Stopping threads took: 0.0000238 seconds
144.780: [GC (Allocation Failure)  522381K->202989K(1033728K), 0.0039393 secs]
144.784: Total time for which application threads were stopped: 0.0040712 seconds, Stopping threads took: 0.0000179 seconds
144.848: [GC (Allocation Failure)  522477K->210959K(1027072K), 0.0038904 secs]
144.852: Total time for which application threads were stopped: 0.0040334 seconds, Stopping threads took: 0.0000185 seconds
144.916: [GC (Allocation Failure)  530447K->207053K(1034240K), 0.0030193 secs]
144.919: Total time for which application threads were stopped: 0.0031602 seconds, Stopping threads took: 0.0000176 seconds
144.984: [GC (Allocation Failure)  526541K->211119K(1033216K), 0.0039065 secs]
144.988: Total time for which application threads were stopped: 0.0040287 seconds, Stopping threads took: 0.0000156 seconds
145.051: [GC (Allocation Failure)  530607K->215087K(1034752K), 0.0039440 secs]
145.055: Total time for which application threads were stopped: 0.0040842 seconds, Stopping threads took: 0.0000186 seconds
145.118: [GC (Allocation Failure)  536623K->208301K(1034752K), 0.0014081 secs]
145.120: Total time for which application threads were stopped: 0.0015324 seconds, Stopping threads took: 0.0000247 seconds
145.182: [GC (Allocation Failure)  529837K->215159K(1034752K), 0.0038489 secs]
145.186: Total time for which application threads were stopped: 0.0039962 seconds, Stopping threads took: 0.0000189 seconds
145.250: [GC (Allocation Failure)  536695K->219239K(1034752K), 0.0047797 secs]
145.255: Total time for which application threads were stopped: 0.0049123 seconds, Stopping threads took: 0.0000151 seconds
145.318: [GC (Allocation Failure)  540775K->213701K(1034752K), 0.0022596 secs]
145.320: Total time for which application threads were stopped: 0.0024026 seconds, Stopping threads took: 0.0000183 seconds
145.389: [GC (Allocation Failure)  535237K->219535K(1034752K), 0.0041819 secs]
145.393: Total time for which application threads were stopped: 0.0043177 seconds, Stopping threads took: 0.0000196 seconds
145.458: [GC (Allocation Failure)  541071K->223407K(1035264K), 0.0044043 secs]
145.462: Total time for which application threads were stopped: 0.0045412 seconds, Stopping threads took: 0.0000191 seconds
145.525: [GC (Allocation Failure)  545896K->219501K(1035264K), 0.0028292 secs]
145.528: Total time for which application threads were stopped: 0.0029627 seconds, Stopping threads took: 0.0000198 seconds
145.592: [GC (Allocation Failure)  542061K->223535K(1036288K), 0.0042057 secs]
145.597: Total time for which application threads were stopped: 0.0043664 seconds, Stopping threads took: 0.0000196 seconds
145.661: [GC (Allocation Failure)  547631K->227503K(1035776K), 0.0038563 secs]
145.665: Total time for which application threads were stopped: 0.0040133 seconds, Stopping threads took: 0.0000194 seconds
145.732: [GC (Allocation Failure)  551599K->227503K(1035776K), 0.0039248 secs]
145.736: Total time for which application threads were stopped: 0.0040650 seconds, Stopping threads took: 0.0000169 seconds
145.802: [GC (Allocation Failure)  551087K->227559K(1023488K), 0.0038970 secs]
145.805: Total time for which application threads were stopped: 0.0040315 seconds, Stopping threads took: 0.0000191 seconds
145.868: [GC (Allocation Failure)  551143K->235562K(1035264K), 0.0040876 secs]
145.872: Total time for which application threads were stopped: 0.0042326 seconds, Stopping threads took: 0.0000196 seconds
145.936: [GC (Allocation Failure)  558122K->235530K(1030144K), 0.0045243 secs]
145.941: Total time for which application threads were stopped: 0.0046579 seconds, Stopping threads took: 0.0000199 seconds
146.004: [GC (Allocation Failure)  558090K->235594K(1034752K), 0.0039381 secs]
146.008: Total time for which application threads were stopped: 0.0040975 seconds, Stopping threads took: 0.0000237 seconds
146.072: [GC (Allocation Failure)  557130K->243564K(1034752K), 0.0041765 secs]
146.076: Total time for which application threads were stopped: 0.0043177 seconds, Stopping threads took: 0.0000199 seconds
146.142: [GC (Allocation Failure)  565100K->243564K(1033728K), 0.0038207 secs]
146.146: Total time for which application threads were stopped: 0.0039639 seconds, Stopping threads took: 0.0000270 seconds
146.208: [GC (Allocation Failure)  564076K->243820K(1034240K), 0.0039467 secs]
146.212: Total time for which application threads were stopped: 0.0040786 seconds, Stopping threads took: 0.0000187 seconds
146.278: [GC (Allocation Failure)  564332K->251598K(1034240K), 0.0038038 secs]
146.281: Total time for which application threads were stopped: 0.0039427 seconds, Stopping threads took: 0.0000177 seconds
146.345: [GC (Allocation Failure)  572110K->251566K(1034240K), 0.0047670 secs]
146.350: Total time for which application threads were stopped: 0.0048925 seconds, Stopping threads took: 0.0000170 seconds
146.416: [GC (Allocation Failure)  572078K->252038K(1034240K), 0.0040240 secs]
146.420: Total time for which application threads were stopped: 0.0041660 seconds, Stopping threads took: 0.0000205 seconds
146.486: [GC (Allocation Failure)  572550K->259656K(1028096K), 0.0040034 secs]
146.490: Total time for which application threads were stopped: 0.0041431 seconds, Stopping threads took: 0.0000210 seconds
146.552: [GC (Allocation Failure)  580168K->259624K(1033728K), 0.0040129 secs]
146.556: Total time for which application threads were stopped: 0.0041521 seconds, Stopping threads took: 0.0000203 seconds
146.619: [GC (Allocation Failure)  579112K->259784K(1033728K), 0.0040432 secs]
146.623: Total time for which application threads were stopped: 0.0041796 seconds, Stopping threads took: 0.0000251 seconds
146.689: [GC (Allocation Failure)  579272K->267659K(1033728K), 0.0040081 secs]
146.693: Total time for which application threads were stopped: 0.0041474 seconds, Stopping threads took: 0.0000270 seconds
146.757: [GC (Allocation Failure)  587147K->267691K(1033728K), 0.0038419 secs]
146.761: Total time for which application threads were stopped: 0.0039870 seconds, Stopping threads took: 0.0000183 seconds
146.825: [GC (Allocation Failure)  587179K->267691K(1033728K), 0.0041182 secs]
146.829: Total time for which application threads were stopped: 0.0042794 seconds, Stopping threads took: 0.0000240 seconds
146.892: [GC (Allocation Failure)  587179K->275725K(1027072K), 0.0041877 secs]
146.897: Total time for which application threads were stopped: 0.0043285 seconds, Stopping threads took: 0.0000170 seconds
146.959: [GC (Allocation Failure)  595212K->271787K(1034240K), 0.0031936 secs]
146.963: Total time for which application threads were stopped: 0.0033183 seconds, Stopping threads took: 0.0000181 seconds
147.026: [GC (Allocation Failure)  591275K->275853K(1033216K), 0.0040554 secs]
147.030: Total time for which application threads were stopped: 0.0041969 seconds, Stopping threads took: 0.0000182 seconds
147.094: [GC (Allocation Failure)  595341K->279821K(1034752K), 0.0040715 secs]
147.098: Total time for which application threads were stopped: 0.0042035 seconds, Stopping threads took: 0.0000186 seconds
147.161: [GC (Allocation Failure)  601357K->273035K(1034752K), 0.0018902 secs]
147.163: Total time for which application threads were stopped: 0.0020454 seconds, Stopping threads took: 0.0000242 seconds
147.228: [GC (Allocation Failure)  594571K->279925K(1034752K), 0.0040316 secs]
147.232: Total time for which application threads were stopped: 0.0041686 seconds, Stopping threads took: 0.0000255 seconds
147.295: [GC (Allocation Failure)  601461K->283973K(1034752K), 0.0050521 secs]
147.301: Total time for which application threads were stopped: 0.0051974 seconds, Stopping threads took: 0.0000182 seconds
147.365: [GC (Allocation Failure)  605509K->278403K(1034752K), 0.0024545 secs]
147.368: Total time for which application threads were stopped: 0.0025989 seconds, Stopping threads took: 0.0000169 seconds
147.435: [GC (Allocation Failure)  599939K->284245K(1034752K), 0.0043019 secs]
147.440: Total time for which application threads were stopped: 0.0044472 seconds, Stopping threads took: 0.0000190 seconds
147.507: [GC (Allocation Failure)  605781K->288149K(1035264K), 0.0046337 secs]
147.512: Total time for which application threads were stopped: 0.0048038 seconds, Stopping threads took: 0.0000194 seconds
147.578: [GC (Allocation Failure)  610637K->284211K(1035264K), 0.0038049 secs]
147.582: Total time for which application threads were stopped: 0.0039627 seconds, Stopping threads took: 0.0000203 seconds
147.651: [GC (Allocation Failure)  606771K->288269K(1036288K), 0.0042509 secs]
147.655: Total time for which application threads were stopped: 0.0044085 seconds, Stopping threads took: 0.0000194 seconds
147.722: [GC (Allocation Failure)  612365K->292269K(1035776K), 0.0041080 secs]
147.726: Total time for which application threads were stopped: 0.0042628 seconds, Stopping threads took: 0.0000205 seconds
147.794: [GC (Allocation Failure)  616365K->292269K(1035776K), 0.0041597 secs]
147.798: Total time for which application threads were stopped: 0.0043164 seconds, Stopping threads took: 0.0000197 seconds
147.864: [GC (Allocation Failure)  615853K->292301K(1023488K), 0.0041531 secs]
147.868: Total time for which application threads were stopped: 0.0043146 seconds, Stopping threads took: 0.0000279 seconds
147.935: [GC (Allocation Failure)  615885K->300303K(1035264K), 0.0040836 secs]
147.940: Total time for which application threads were stopped: 0.0042421 seconds, Stopping threads took: 0.0000198 seconds
148.007: [GC (Allocation Failure)  622863K->300271K(1030144K), 0.0039387 secs]
148.011: Total time for which application threads were stopped: 0.0040750 seconds, Stopping threads took: 0.0000165 seconds
148.076: [GC (Allocation Failure)  622831K->300327K(1034752K), 0.0040955 secs]
148.080: Total time for which application threads were stopped: 0.0042605 seconds, Stopping threads took: 0.0000281 seconds
148.145: [GC (Allocation Failure)  621863K->308297K(1029120K), 0.0041402 secs]
148.149: Total time for which application threads were stopped: 0.0042810 seconds, Stopping threads took: 0.0000192 seconds
148.216: [GC (Allocation Failure)  629833K->308297K(1034240K), 0.0038745 secs]
148.219: Total time for which application threads were stopped: 0.0040228 seconds, Stopping threads took: 0.0000168 seconds
148.284: [GC (Allocation Failure)  628809K->308553K(1034240K), 0.0041721 secs]
148.288: Total time for which application threads were stopped: 0.0043100 seconds, Stopping threads took: 0.0000202 seconds
148.353: [GC (Allocation Failure)  629065K->316332K(1034240K), 0.0046388 secs]
148.357: Total time for which application threads were stopped: 0.0048101 seconds, Stopping threads took: 0.0000264 seconds
148.425: [GC (Allocation Failure)  636844K->316364K(1034240K), 0.0042748 secs]
148.429: Total time for which application threads were stopped: 0.0044640 seconds, Stopping threads took: 0.0000198 seconds
148.496: [GC (Allocation Failure)  636876K->316772K(1033216K), 0.0044768 secs]
148.500: Total time for which application threads were stopped: 0.0046324 seconds, Stopping threads took: 0.0000203 seconds
148.567: [GC (Allocation Failure)  636260K->324358K(1033728K), 0.0043924 secs]
148.571: Total time for which application threads were stopped: 0.0045486 seconds, Stopping threads took: 0.0000197 seconds
148.638: [GC (Allocation Failure)  643846K->324390K(1033728K), 0.0042420 secs]
148.643: Total time for which application threads were stopped: 0.0044270 seconds, Stopping threads took: 0.0000194 seconds
148.707: [GC (Allocation Failure)  643878K->324518K(1033728K), 0.0042047 secs]
148.711: Total time for which application threads were stopped: 0.0043498 seconds, Stopping threads took: 0.0000194 seconds
148.776: [GC (Allocation Failure)  644006K->332424K(1033728K), 0.0040193 secs]
148.781: Total time for which application threads were stopped: 0.0041758 seconds, Stopping threads took: 0.0000197 seconds
148.846: [GC (Allocation Failure)  651912K->332392K(1033728K), 0.0042109 secs]
148.850: Total time for which application threads were stopped: 0.0043628 seconds, Stopping threads took: 0.0000189 seconds
148.916: [GC (Allocation Failure)  651880K->332456K(1033728K), 0.0042360 secs]
148.920: Total time for which application threads were stopped: 0.0043828 seconds, Stopping threads took: 0.0000192 seconds
148.985: [GC (Allocation Failure)  651944K->340459K(1027072K), 0.0042831 secs]
148.990: Total time for which application threads were stopped: 0.0044392 seconds, Stopping threads took: 0.0000185 seconds
149.053: [GC (Allocation Failure)  659946K->336488K(1034240K), 0.0034332 secs]
149.056: Total time for which application threads were stopped: 0.0035920 seconds, Stopping threads took: 0.0000327 seconds
149.123: [GC (Allocation Failure)  655976K->340587K(1033216K), 0.0042077 secs]
149.128: Total time for which application threads were stopped: 0.0043570 seconds, Stopping threads took: 0.0000193 seconds
149.193: [GC (Allocation Failure)  660075K->344587K(1034752K), 0.0040311 secs]
149.197: Total time for which application threads were stopped: 0.0041844 seconds, Stopping threads took: 0.0000189 seconds
149.259: [GC (Allocation Failure)  666123K->337768K(1034752K), 0.0020076 secs]
149.261: Total time for which application threads were stopped: 0.0021666 seconds, Stopping threads took: 0.0000241 seconds
149.324: [GC (Allocation Failure)  659304K->344619K(1034752K), 0.0041736 secs]
149.328: Total time for which application threads were stopped: 0.0043163 seconds, Stopping threads took: 0.0000183 seconds
149.394: [GC (Allocation Failure)  666155K->348731K(1034752K), 0.0052470 secs]
149.399: Total time for which application threads were stopped: 0.0054165 seconds, Stopping threads took: 0.0000199 seconds
149.465: [GC (Allocation Failure)  670267K->343160K(1034752K), 0.0021992 secs]
149.467: Total time for which application threads were stopped: 0.0023514 seconds, Stopping threads took: 0.0000199 seconds
149.534: [GC (Allocation Failure)  664696K->349003K(1034752K), 0.0042027 secs]
149.538: Total time for which application threads were stopped: 0.0043554 seconds, Stopping threads took: 0.0000197 seconds
149.604: [GC (Allocation Failure)  670539K->352875K(1035264K), 0.0045739 secs]
149.609: Total time for which application threads were stopped: 0.0048625 seconds, Stopping threads took: 0.0000195 seconds
149.675: [GC (Allocation Failure)  675363K->348936K(1035264K), 0.0032589 secs]
149.678: Total time for which application threads were stopped: 0.0034120 seconds, Stopping threads took: 0.0000194 seconds
149.746: [GC (Allocation Failure)  671496K->353003K(1036288K), 0.0043333 secs]
149.750: Total time for which application threads were stopped: 0.0044800 seconds, Stopping threads took: 0.0000190 seconds
149.817: [GC (Allocation Failure)  677099K->356971K(1035776K), 0.0042588 secs]
149.821: Total time for which application threads were stopped: 0.0044127 seconds, Stopping threads took: 0.0000199 seconds
149.888: [GC (Allocation Failure)  681067K->356971K(1035776K), 0.0041713 secs]
149.893: Total time for which application threads were stopped: 0.0043403 seconds, Stopping threads took: 0.0000193 seconds
149.958: [GC (Allocation Failure)  680555K->357035K(1023488K), 0.0041865 secs]
149.962: Total time for which application threads were stopped: 0.0043620 seconds, Stopping threads took: 0.0000207 seconds
150.026: [GC (Allocation Failure)  680619K->365005K(1035264K), 0.0050274 secs]
150.031: Total time for which application threads were stopped: 0.0051866 seconds, Stopping threads took: 0.0000203 seconds
150.096: [GC (Allocation Failure)  687565K->365037K(1030144K), 0.0041469 secs]
150.100: Total time for which application threads were stopped: 0.0043085 seconds, Stopping threads took: 0.0000224 seconds
150.166: [GC (Allocation Failure)  687597K->365069K(1034752K), 0.0064884 secs]
150.173: Total time for which application threads were stopped: 0.0066488 seconds, Stopping threads took: 0.0000275 seconds
150.239: [GC (Allocation Failure)  686605K->373039K(1029120K), 0.0044033 secs]
150.243: Total time for which application threads were stopped: 0.0045489 seconds, Stopping threads took: 0.0000190 seconds
150.311: [GC (Allocation Failure)  694575K->373071K(1034240K), 0.0040141 secs]
150.315: Total time for which application threads were stopped: 0.0041602 seconds, Stopping threads took: 0.0000184 seconds
150.384: [GC (Allocation Failure)  693583K->373287K(1034240K), 0.0044053 secs]
150.388: Total time for which application threads were stopped: 0.0045753 seconds, Stopping threads took: 0.0000200 seconds
150.456: [GC (Allocation Failure)  693799K->381065K(1034240K), 0.0041772 secs]
150.461: Total time for which application threads were stopped: 0.0043531 seconds, Stopping threads took: 0.0000192 seconds
150.528: [GC (Allocation Failure)  701577K->381065K(1034240K), 0.0042694 secs]
150.532: Total time for which application threads were stopped: 0.0044648 seconds, Stopping threads took: 0.0000202 seconds
150.600: [GC (Allocation Failure)  701577K->381513K(1033216K), 0.0044522 secs]
150.604: Total time for which application threads were stopped: 0.0046064 seconds, Stopping threads took: 0.0000200 seconds
150.673: [GC (Allocation Failure)  701001K->389068K(1033728K), 0.0042867 secs]
150.677: Total time for which application threads were stopped: 0.0044456 seconds, Stopping threads took: 0.0000200 seconds
150.743: [GC (Allocation Failure)  708556K->389100K(1033728K), 0.0043606 secs]
150.748: Total time for which application threads were stopped: 0.0045223 seconds, Stopping threads took: 0.0000206 seconds
150.812: [GC (Allocation Failure)  708588K->389228K(1033728K), 0.0042838 secs]
150.816: Total time for which application threads were stopped: 0.0044366 seconds, Stopping threads took: 0.0000174 seconds
150.886: [GC (Allocation Failure)  708716K->397166K(1033728K), 0.0049702 secs]
150.891: Total time for which application threads were stopped: 0.0051267 seconds, Stopping threads took: 0.0000174 seconds
150.956: [GC (Allocation Failure)  716654K->397134K(1033728K), 0.0043793 secs]
150.960: Total time for which application threads were stopped: 0.0045537 seconds, Stopping threads took: 0.0000207 seconds
151.025: [GC (Allocation Failure)  716622K->397190K(1033728K), 0.0043742 secs]
151.030: Total time for which application threads were stopped: 0.0045385 seconds, Stopping threads took: 0.0000283 seconds
151.095: [GC (Allocation Failure)  716678K->405192K(1027072K), 0.0045523 secs]
151.100: Total time for which application threads were stopped: 0.0047212 seconds, Stopping threads took: 0.0000219 seconds
151.165: [GC (Allocation Failure)  724680K->401222K(1034240K), 0.0033735 secs]
151.169: Total time for which application threads were stopped: 0.0035256 seconds, Stopping threads took: 0.0000203 seconds
151.235: [GC (Allocation Failure)  720710K->405328K(1033216K), 0.0043146 secs]
151.239: Total time for which application threads were stopped: 0.0044707 seconds, Stopping threads took: 0.0000195 seconds
151.304: [GC (Allocation Failure)  724816K->409328K(1034752K), 0.0044318 secs]
151.309: Total time for which application threads were stopped: 0.0045879 seconds, Stopping threads took: 0.0000202 seconds
151.375: [GC (Allocation Failure)  730864K->402510K(1034752K), 0.0017654 secs]
151.377: Total time for which application threads were stopped: 0.0019136 seconds, Stopping threads took: 0.0000186 seconds
151.446: [GC (Allocation Failure)  724046K->409360K(1034752K), 0.0043158 secs]
151.451: Total time for which application threads were stopped: 0.0044821 seconds, Stopping threads took: 0.0000164 seconds
151.517: [GC (Allocation Failure)  730896K->413472K(1034752K), 0.0054345 secs]
151.522: Total time for which application threads were stopped: 0.0056069 seconds, Stopping threads took: 0.0000206 seconds
151.588: [GC (Allocation Failure)  735008K->407902K(1034752K), 0.0025023 secs]
151.591: Total time for which application threads were stopped: 0.0026672 seconds, Stopping threads took: 0.0000204 seconds
151.659: [GC (Allocation Failure)  729438K->413712K(1034752K), 0.0042766 secs]
151.663: Total time for which application threads were stopped: 0.0044495 seconds, Stopping threads took: 0.0000261 seconds
151.733: [GC (Allocation Failure)  735248K->417616K(1035264K), 0.0046514 secs]
151.738: Total time for which application threads were stopped: 0.0048449 seconds, Stopping threads took: 0.0000193 seconds
151.806: [GC (Allocation Failure)  740104K->413678K(1035264K), 0.0031966 secs]
151.809: Total time for which application threads were stopped: 0.0033983 seconds, Stopping threads took: 0.0000192 seconds
151.877: [GC (Allocation Failure)  736238K->417744K(1036288K), 0.0043807 secs]
151.882: Total time for which application threads were stopped: 0.0045534 seconds, Stopping threads took: 0.0000197 seconds
151.949: [GC (Allocation Failure)  741840K->421712K(1035776K), 0.0044446 secs]
151.953: Total time for which application threads were stopped: 0.0046376 seconds, Stopping threads took: 0.0000381 seconds
152.024: [GC (Allocation Failure)  745808K->421680K(1035776K), 0.0044551 secs]
152.028: Total time for which application threads were stopped: 0.0046150 seconds, Stopping threads took: 0.0000196 seconds
152.095: [GC (Allocation Failure)  745264K->421768K(1023488K), 0.0045291 secs]
152.100: Total time for which application threads were stopped: 0.0046808 seconds, Stopping threads took: 0.0000198 seconds
152.167: [GC (Allocation Failure)  745352K->429738K(1035264K), 0.0044450 secs]
152.172: Total time for which application threads were stopped: 0.0046061 seconds, Stopping threads took: 0.0000265 seconds
152.236: [GC (Allocation Failure)  752298K->429738K(1030144K), 0.0041598 secs]
152.240: Total time for which application threads were stopped: 0.0043194 seconds, Stopping threads took: 0.0000193 seconds
152.304: [GC (Allocation Failure)  752298K->429762K(1034752K), 0.0055116 secs]
152.310: Total time for which application threads were stopped: 0.0056574 seconds, Stopping threads took: 0.0000206 seconds
152.377: [GC (Allocation Failure)  751298K->437765K(1034752K), 0.0046972 secs]
152.382: Total time for which application threads were stopped: 0.0048668 seconds, Stopping threads took: 0.0000202 seconds
152.450: [GC (Allocation Failure)  759301K->437733K(1033728K), 0.0042080 secs]
152.454: Total time for which application threads were stopped: 0.0043773 seconds, Stopping threads took: 0.0000192 seconds
152.521: [GC (Allocation Failure)  758245K->437997K(1034240K), 0.0044958 secs]
152.525: Total time for which application threads were stopped: 0.0046999 seconds, Stopping threads took: 0.0000284 seconds
152.595: [GC (Allocation Failure)  758509K->445807K(1034240K), 0.0044796 secs]
152.599: Total time for which application threads were stopped: 0.0046492 seconds, Stopping threads took: 0.0000203 seconds
152.668: [GC (Allocation Failure)  766319K->445775K(1034240K), 0.0046227 secs]
152.672: Total time for which application threads were stopped: 0.0048231 seconds, Stopping threads took: 0.0000262 seconds
152.741: [GC (Allocation Failure)  766287K->446215K(1034240K), 0.0046391 secs]
152.746: Total time for which application threads were stopped: 0.0048020 seconds, Stopping threads took: 0.0000202 seconds
152.813: [GC (Allocation Failure)  766727K->453801K(1028096K), 0.0045349 secs]
152.817: Total time for which application threads were stopped: 0.0047229 seconds, Stopping threads took: 0.0000201 seconds
152.884: [GC (Allocation Failure)  774313K->453801K(1033728K), 0.0045286 secs]
152.889: Total time for which application threads were stopped: 0.0047027 seconds, Stopping threads took: 0.0000201 seconds
152.953: [GC (Allocation Failure)  773289K->453993K(1033728K), 0.0044643 secs]
152.957: Total time for which application threads were stopped: 0.0046243 seconds, Stopping threads took: 0.0000398 seconds
153.023: [GC (Allocation Failure)  773481K->461867K(1033728K), 0.0044225 secs]
153.027: Total time for which application threads were stopped: 0.0045680 seconds, Stopping threads took: 0.0000191 seconds
153.092: [GC (Allocation Failure)  781355K->461867K(1033728K), 0.0044485 secs]
153.096: Total time for which application threads were stopped: 0.0046053 seconds, Stopping threads took: 0.0000197 seconds
153.161: [GC (Allocation Failure)  781355K->461931K(1033728K), 0.0044688 secs]
153.166: Total time for which application threads were stopped: 0.0046313 seconds, Stopping threads took: 0.0000277 seconds
153.229: [GC (Allocation Failure)  781419K->469902K(1027072K), 0.0044649 secs]
153.234: Total time for which application threads were stopped: 0.0046320 seconds, Stopping threads took: 0.0000211 seconds
153.297: [GC (Allocation Failure)  789389K->466027K(1034240K), 0.0037140 secs]
153.301: Total time for which application threads were stopped: 0.0038891 seconds, Stopping threads took: 0.0000207 seconds
153.371: [GC (Allocation Failure)  785515K->470062K(1033216K), 0.0046799 secs]
153.375: Total time for which application threads were stopped: 0.0048464 seconds, Stopping threads took: 0.0000198 seconds
153.443: [GC (Allocation Failure)  789550K->473998K(1034752K), 0.0044290 secs]
153.447: Total time for which application threads were stopped: 0.0046122 seconds, Stopping threads took: 0.0000197 seconds
153.515: [GC (Allocation Failure)  795534K->467275K(1034752K), 0.0019093 secs]
153.517: Total time for which application threads were stopped: 0.0020479 seconds, Stopping threads took: 0.0000195 seconds
153.585: [GC (Allocation Failure)  788811K->474102K(1034752K), 0.0045504 secs]
153.589: Total time for which application threads were stopped: 0.0047216 seconds, Stopping threads took: 0.0000196 seconds
153.656: [GC (Allocation Failure)  795638K->478206K(1034752K), 0.0053572 secs]
153.661: Total time for which application threads were stopped: 0.0055275 seconds, Stopping threads took: 0.0000282 seconds
153.727: [GC (Allocation Failure)  799742K->472635K(1034752K), 0.0024895 secs]
153.730: Total time for which application threads were stopped: 0.0026440 seconds, Stopping threads took: 0.0000205 seconds
153.797: [GC (Allocation Failure)  794171K->478478K(1034752K), 0.0045963 secs]
153.802: Total time for which application threads were stopped: 0.0047872 seconds, Stopping threads took: 0.0000197 seconds
153.871: [GC (Allocation Failure)  800014K->482318K(1034752K), 0.0049571 secs]
153.876: Total time for which application threads were stopped: 0.0051182 seconds, Stopping threads took: 0.0000192 seconds
153.942: [GC (Allocation Failure)  804806K->478379K(1035264K), 0.0033044 secs]
153.946: Total time for which application threads were stopped: 0.0034800 seconds, Stopping threads took: 0.0000288 seconds
154.014: [GC (Allocation Failure)  800939K->482478K(1036288K), 0.0045279 secs]
154.018: Total time for which application threads were stopped: 0.0046877 seconds, Stopping threads took: 0.0000198 seconds
154.086: [GC (Allocation Failure)  806574K->486446K(1035776K), 0.0064588 secs]
154.092: Total time for which application threads were stopped: 0.0066338 seconds, Stopping threads took: 0.0000200 seconds
154.162: [GC (Allocation Failure)  810542K->486446K(1035776K), 0.0046102 secs]
154.167: Total time for which application threads were stopped: 0.0047811 seconds, Stopping threads took: 0.0000201 seconds
154.234: [GC (Allocation Failure)  810030K->486502K(1023488K), 0.0045514 secs]
154.239: Total time for which application threads were stopped: 0.0047275 seconds, Stopping threads took: 0.0000257 seconds
154.305: [GC (Allocation Failure)  810086K->494504K(1035264K), 0.0046721 secs]
154.310: Total time for which application threads were stopped: 0.0048689 seconds, Stopping threads took: 0.0000200 seconds
154.381: [GC (Allocation Failure)  817064K->494472K(1030144K), 0.0045559 secs]
154.385: Total time for which application threads were stopped: 0.0047551 seconds, Stopping threads took: 0.0000200 seconds
154.453: [GC (Allocation Failure)  817032K->494536K(1034752K), 0.0046199 secs]
154.458: Total time for which application threads were stopped: 0.0047963 seconds, Stopping threads took: 0.0000215 seconds
154.527: [GC (Allocation Failure)  816072K->502506K(1034752K), 0.0046653 secs]
154.532: Total time for which application threads were stopped: 0.0048358 seconds, Stopping threads took: 0.0000198 seconds
154.600: [GC (Allocation Failure)  824042K->502506K(1033728K), 0.0044994 secs]
154.605: Total time for which application threads were stopped: 0.0046615 seconds, Stopping threads took: 0.0000194 seconds
154.673: [GC (Allocation Failure)  823018K->502762K(1034240K), 0.0044542 secs]
154.677: Total time for which application threads were stopped: 0.0046421 seconds, Stopping threads took: 0.0000261 seconds
154.747: [GC (Allocation Failure)  823274K->510573K(1034240K), 0.0044228 secs]
154.751: Total time for which application threads were stopped: 0.0045788 seconds, Stopping threads took: 0.0000163 seconds
154.819: [GC (Allocation Failure)  831085K->510541K(1034240K), 0.0045834 secs]
154.824: Total time for which application threads were stopped: 0.0047689 seconds, Stopping threads took: 0.0000175 seconds
154.893: [GC (Allocation Failure)  831053K->510949K(1033216K), 0.0048163 secs]
154.898: Total time for which application threads were stopped: 0.0049883 seconds, Stopping threads took: 0.0000202 seconds
154.966: [GC (Allocation Failure)  830437K->518567K(1033728K), 0.0047285 secs]
154.970: Total time for which application threads were stopped: 0.0049013 seconds, Stopping threads took: 0.0000197 seconds
155.040: [GC (Allocation Failure)  838055K->518567K(1033728K), 0.0046730 secs]
155.044: Total time for which application threads were stopped: 0.0048446 seconds, Stopping threads took: 0.0000202 seconds
155.111: [GC (Allocation Failure)  838055K->518695K(1033728K), 0.0045025 secs]
155.115: Total time for which application threads were stopped: 0.0046595 seconds, Stopping threads took: 0.0000253 seconds
155.183: [GC (Allocation Failure)  838183K->526601K(1033728K), 0.0046603 secs]
155.188: Total time for which application threads were stopped: 0.0048361 seconds, Stopping threads took: 0.0000215 seconds
155.255: [GC (Allocation Failure)  846089K->526601K(1033728K), 0.0047622 secs]
155.260: Total time for which application threads were stopped: 0.0049325 seconds, Stopping threads took: 0.0000198 seconds
155.327: [GC (Allocation Failure)  846089K->526665K(1033728K), 0.0046447 secs]
155.332: Total time for which application threads were stopped: 0.0048190 seconds, Stopping threads took: 0.0000193 seconds
155.401: [GC (Allocation Failure)  846153K->534635K(1027072K), 0.0046126 secs]
155.406: Total time for which application threads were stopped: 0.0047906 seconds, Stopping threads took: 0.0000197 seconds
155.470: [GC (Allocation Failure)  854123K->530761K(1034240K), 0.0037379 secs]
155.474: Total time for which application threads were stopped: 0.0039282 seconds, Stopping threads took: 0.0000190 seconds
155.543: [GC (Allocation Failure)  850249K->534795K(1033216K), 0.0047931 secs]
155.548: Total time for which application threads were stopped: 0.0049570 seconds, Stopping threads took: 0.0000165 seconds
155.618: [GC (Allocation Failure)  854283K->538731K(1034752K), 0.0044851 secs]
155.622: Total time for which application threads were stopped: 0.0046461 seconds, Stopping threads took: 0.0000259 seconds
155.691: [GC (Allocation Failure)  860267K->532009K(1034752K), 0.0022006 secs]
155.693: Total time for which application threads were stopped: 0.0023465 seconds, Stopping threads took: 0.0000194 seconds
155.761: [GC (Allocation Failure)  853545K->538795K(1034752K), 0.0044754 secs]
155.765: Total time for which application threads were stopped: 0.0046544 seconds, Stopping threads took: 0.0000199 seconds
155.831: [GC (Allocation Failure)  860331K->542907K(1034752K), 0.0055589 secs]
155.837: Total time for which application threads were stopped: 0.0057217 seconds, Stopping threads took: 0.0000201 seconds
155.903: [GC (Allocation Failure)  864443K->537337K(1034752K), 0.0028180 secs]
155.906: Total time for which application threads were stopped: 0.0029855 seconds, Stopping threads took: 0.0000200 seconds
155.975: [GC (Allocation Failure)  858873K->543171K(1034752K), 0.0045651 secs]
155.980: Total time for which application threads were stopped: 0.0047337 seconds, Stopping threads took: 0.0000189 seconds
156.047: [GC (Allocation Failure)  864707K->547075K(1034752K), 0.0051693 secs]
156.052: Total time for which application threads were stopped: 0.0053361 seconds, Stopping threads took: 0.0000201 seconds
156.119: [GC (Allocation Failure)  869564K->543169K(1035264K), 0.0033598 secs]
156.122: Total time for which application threads were stopped: 0.0035235 seconds, Stopping threads took: 0.0000267 seconds
156.190: [GC (Allocation Failure)  865729K->547211K(1036288K), 0.0046160 secs]
156.195: Total time for which application threads were stopped: 0.0048154 seconds, Stopping threads took: 0.0000283 seconds
156.264: [GC (Allocation Failure)  871307K->551179K(1035776K), 0.0046209 secs]
156.269: Total time for which application threads were stopped: 0.0047723 seconds, Stopping threads took: 0.0000174 seconds
156.338: [GC (Allocation Failure)  875275K->551179K(1035776K), 0.0054171 secs]
156.343: Total time for which application threads were stopped: 0.0055797 seconds, Stopping threads took: 0.0000199 seconds
156.412: [GC (Allocation Failure)  874763K->551235K(1023488K), 0.0048982 secs]
156.417: Total time for which application threads were stopped: 0.0050697 seconds, Stopping threads took: 0.0000202 seconds
156.484: [GC (Allocation Failure)  874819K->559238K(1035264K), 0.0048104 secs]
156.489: Total time for which application threads were stopped: 0.0050086 seconds, Stopping threads took: 0.0000199 seconds
156.559: [GC (Allocation Failure)  881798K->559206K(1030144K), 0.0045730 secs]
156.563: Total time for which application threads were stopped: 0.0047599 seconds, Stopping threads took: 0.0000258 seconds
156.632: [GC (Allocation Failure)  881766K->559278K(1034752K), 0.0046296 secs]
156.637: Total time for which application threads were stopped: 0.0047871 seconds, Stopping threads took: 0.0000264 seconds
156.704: [GC (Allocation Failure)  880814K->567248K(1034752K), 0.0050363 secs]
156.709: Total time for which application threads were stopped: 0.0052046 seconds, Stopping threads took: 0.0000190 seconds
156.777: [GC (Allocation Failure)  888784K->567248K(1033728K), 0.0045428 secs]
156.782: Total time for which application threads were stopped: 0.0047033 seconds, Stopping threads took: 0.0000196 seconds
156.849: [GC (Allocation Failure)  887760K->567432K(1034240K), 0.0055758 secs]
156.854: Total time for which application threads were stopped: 0.0057508 seconds, Stopping threads took: 0.0000194 seconds
156.922: [GC (Allocation Failure)  887944K->575274K(1034240K), 0.0045245 secs]
156.927: Total time for which application threads were stopped: 0.0047175 seconds, Stopping threads took: 0.0000193 seconds
156.996: [GC (Allocation Failure)  895786K->575274K(1034240K), 0.0047853 secs]
157.001: Total time for which application threads were stopped: 0.0049450 seconds, Stopping threads took: 0.0000181 seconds
157.069: [GC (Allocation Failure)  895786K->575714K(1033216K), 0.0046369 secs]
157.073: Total time for which application threads were stopped: 0.0048243 seconds, Stopping threads took: 0.0000254 seconds
157.141: [GC (Allocation Failure)  895202K->583300K(1033728K), 0.0047855 secs]
157.146: Total time for which application threads were stopped: 0.0049946 seconds, Stopping threads took: 0.0000283 seconds
157.215: [GC (Allocation Failure)  902788K->583300K(1033728K), 0.0046942 secs]
157.220: Total time for which application threads were stopped: 0.0048520 seconds, Stopping threads took: 0.0000167 seconds
157.285: [GC (Allocation Failure)  902788K->583428K(1033728K), 0.0047799 secs]
157.290: Total time for which application threads were stopped: 0.0049765 seconds, Stopping threads took: 0.0000254 seconds
157.359: [GC (Allocation Failure)  902916K->591335K(1033728K), 0.0065346 secs]
157.366: Total time for which application threads were stopped: 0.0066948 seconds, Stopping threads took: 0.0000178 seconds
157.433: [GC (Allocation Failure)  910823K->591335K(1033728K), 0.0066322 secs]
157.440: Total time for which application threads were stopped: 0.0068097 seconds, Stopping threads took: 0.0000279 seconds
157.507: [GC (Allocation Failure)  910823K->591399K(1033728K), 0.0047582 secs]
157.511: Total time for which application threads were stopped: 0.0049456 seconds, Stopping threads took: 0.0000216 seconds
157.578: [GC (Allocation Failure)  910887K->599337K(1027072K), 0.0049785 secs]
157.583: Total time for which application threads were stopped: 0.0051367 seconds, Stopping threads took: 0.0000194 seconds
157.649: [GC (Allocation Failure)  918824K->595495K(1034240K), 0.0038126 secs]
157.653: Total time for which application threads were stopped: 0.0039776 seconds, Stopping threads took: 0.0000277 seconds
157.720: [GC (Allocation Failure)  914983K->599465K(1033216K), 0.0056542 secs]
157.726: Total time for which application threads were stopped: 0.0059637 seconds, Stopping threads took: 0.0000187 seconds
157.793: [GC (Allocation Failure)  918953K->603465K(1034752K), 0.0046031 secs]
157.798: Total time for which application threads were stopped: 0.0047728 seconds, Stopping threads took: 0.0000193 seconds
157.865: [GC (Allocation Failure)  925001K->596711K(1034752K), 0.0021404 secs]
157.867: Total time for which application threads were stopped: 0.0022983 seconds, Stopping threads took: 0.0000196 seconds
157.936: [GC (Allocation Failure)  918247K->603569K(1034752K), 0.0045745 secs]
157.940: Total time for which application threads were stopped: 0.0047465 seconds, Stopping threads took: 0.0000196 seconds
158.006: [GC (Allocation Failure)  925105K->607681K(1034752K), 0.0056277 secs]
158.012: Total time for which application threads were stopped: 0.0057880 seconds, Stopping threads took: 0.0000197 seconds
158.078: [GC (Allocation Failure)  929217K->602111K(1034752K), 0.0028922 secs]
158.081: Total time for which application threads were stopped: 0.0030572 seconds, Stopping threads took: 0.0000197 seconds
158.151: [GC (Allocation Failure)  923647K->607921K(1034752K), 0.0047394 secs]
158.156: Total time for which application threads were stopped: 0.0048996 seconds, Stopping threads took: 0.0000160 seconds
158.224: [GC (Allocation Failure)  929457K->611825K(1034752K), 0.0050526 secs]
158.229: Total time for which application threads were stopped: 0.0052166 seconds, Stopping threads took: 0.0000252 seconds
158.296: [GC (Allocation Failure)  934313K->607855K(1035264K), 0.0036939 secs]
158.300: Total time for which application threads were stopped: 0.0038860 seconds, Stopping threads took: 0.0000194 seconds
158.371: [GC (Allocation Failure)  930415K->611945K(1036288K), 0.0050425 secs]
158.376: Total time for which application threads were stopped: 0.0051928 seconds, Stopping threads took: 0.0000163 seconds
158.443: [GC (Allocation Failure)  936041K->615913K(1035776K), 0.0047570 secs]
158.448: Total time for which application threads were stopped: 0.0049157 seconds, Stopping threads took: 0.0000202 seconds
158.518: [GC (Allocation Failure)  940009K->615913K(1035776K), 0.0048818 secs]
158.523: Total time for which application threads were stopped: 0.0050409 seconds, Stopping threads took: 0.0000168 seconds
158.590: [GC (Allocation Failure)  939497K->615977K(1023488K), 0.0048048 secs]
158.595: Total time for which application threads were stopped: 0.0049695 seconds, Stopping threads took: 0.0000200 seconds
158.662: [GC (Allocation Failure)  939561K->623947K(1035264K), 0.0048385 secs]
158.667: Total time for which application threads were stopped: 0.0050108 seconds, Stopping threads took: 0.0000195 seconds
158.735: [GC (Allocation Failure)  946507K->623947K(1030144K), 0.0047122 secs]
158.740: Total time for which application threads were stopped: 0.0048874 seconds, Stopping threads took: 0.0000256 seconds
158.807: [GC (Allocation Failure)  946507K->624011K(1034752K), 0.0049566 secs]
158.812: Total time for which application threads were stopped: 0.0051225 seconds, Stopping threads took: 0.0000202 seconds
158.879: [GC (Allocation Failure)  945547K->631981K(1034752K), 0.0051136 secs]
158.884: Total time for which application threads were stopped: 0.0052813 seconds, Stopping threads took: 0.0000193 seconds
158.953: [GC (Allocation Failure)  953517K->631981K(1033728K), 0.0046621 secs]
158.957: Total time for which application threads were stopped: 0.0048336 seconds, Stopping threads took: 0.0000191 seconds
159.027: [GC (Allocation Failure)  952493K->632229K(1034240K), 0.0049918 secs]
159.032: Total time for which application threads were stopped: 0.0051586 seconds, Stopping threads took: 0.0000195 seconds
159.100: [GC (Allocation Failure)  952741K->640040K(1034240K), 0.0045937 secs]
159.104: Total time for which application threads were stopped: 0.0047910 seconds, Stopping threads took: 0.0000202 seconds
159.173: [GC (Allocation Failure)  960552K->640040K(1034240K), 0.0048471 secs]
159.178: Total time for which application threads were stopped: 0.0050158 seconds, Stopping threads took: 0.0000194 seconds
159.246: [GC (Allocation Failure)  960552K->640456K(1033216K), 0.0047853 secs]
159.251: Total time for which application threads were stopped: 0.0049777 seconds, Stopping threads took: 0.0000206 seconds
159.319: [GC (Allocation Failure)  959944K->648074K(1033728K), 0.0047163 secs]
159.324: Total time for which application threads were stopped: 0.0049045 seconds, Stopping threads took: 0.0000193 seconds
159.395: [GC (Allocation Failure)  967562K->648010K(1033728K), 0.0047067 secs]
159.400: Total time for which application threads were stopped: 0.0048743 seconds, Stopping threads took: 0.0000192 seconds
159.465: [GC (Allocation Failure)  967498K->648170K(1033728K), 0.0049981 secs]
159.470: Total time for which application threads were stopped: 0.0051706 seconds, Stopping threads took: 0.0000191 seconds
159.537: [GC (Allocation Failure)  967658K->656076K(1033728K), 0.0047937 secs]
159.542: Total time for which application threads were stopped: 0.0049578 seconds, Stopping threads took: 0.0000197 seconds
159.609: [GC (Allocation Failure)  975564K->656076K(1033728K), 0.0049746 secs]
159.614: Total time for which application threads were stopped: 0.0051445 seconds, Stopping threads took: 0.0000191 seconds
159.681: [GC (Allocation Failure)  975564K->656132K(1033728K), 0.0050293 secs]
159.686: Total time for which application threads were stopped: 0.0052072 seconds, Stopping threads took: 0.0000259 seconds
159.753: [GC (Allocation Failure)  975620K->664135K(1027072K), 0.0048286 secs]
159.758: Total time for which application threads were stopped: 0.0050186 seconds, Stopping threads took: 0.0000380 seconds
159.823: [GC (Allocation Failure)  983622K->660196K(1034240K), 0.0041287 secs]
159.827: Total time for which application threads were stopped: 0.0042973 seconds, Stopping threads took: 0.0000195 seconds
159.894: [GC (Allocation Failure)  979684K->664263K(1033216K), 0.0051663 secs]
159.899: Total time for which application threads were stopped: 0.0053631 seconds, Stopping threads took: 0.0000198 seconds
159.969: [GC (Allocation Failure)  983751K->668199K(1034752K), 0.0060625 secs]
159.975: Total time for which application threads were stopped: 0.0062401 seconds, Stopping threads took: 0.0000255 seconds
160.044: [GC (Allocation Failure)  989735K->661412K(1034752K), 0.0023169 secs]
160.047: Total time for which application threads were stopped: 0.0024905 seconds, Stopping threads took: 0.0000211 seconds
160.115: [GC (Allocation Failure)  982948K->668303K(1034752K), 0.0046090 secs]
160.120: Total time for which application threads were stopped: 0.0047891 seconds, Stopping threads took: 0.0000453 seconds
160.186: [GC (Allocation Failure)  989839K->672375K(1034752K), 0.0056854 secs]
160.192: Total time for which application threads were stopped: 0.0058251 seconds, Stopping threads took: 0.0000171 seconds
160.259: [GC (Allocation Failure)  993911K->666804K(1034752K), 0.0029900 secs]
160.262: Total time for which application threads were stopped: 0.0031539 seconds, Stopping threads took: 0.0000248 seconds
160.329: [GC (Allocation Failure)  988340K->672647K(1034752K), 0.0048906 secs]
160.334: Total time for which application threads were stopped: 0.0050633 seconds, Stopping threads took: 0.0000201 seconds
160.403: [GC (Allocation Failure)  994183K->676519K(1034752K), 0.0052097 secs]
160.408: Total time for which application threads were stopped: 0.0054083 seconds, Stopping threads took: 0.0000203 seconds
160.476: [GC (Allocation Failure)  999007K->672612K(1035264K), 0.0038072 secs]
160.480: Total time for which application threads were stopped: 0.0039703 seconds, Stopping threads took: 0.0000248 seconds
160.549: [GC (Allocation Failure)  995172K->676687K(1036288K), 0.0051790 secs]
160.554: Total time for which application threads were stopped: 0.0053699 seconds, Stopping threads took: 0.0000216 seconds
160.622: [GC (Allocation Failure)  1000783K->680655K(1035776K), 0.0047757 secs]
160.627: Total time for which application threads were stopped: 0.0049386 seconds, Stopping threads took: 0.0000263 seconds
160.696: [GC (Allocation Failure)  1004751K->680687K(1035776K), 0.0048973 secs]
160.701: Total time for which application threads were stopped: 0.0050681 seconds, Stopping threads took: 0.0000198 seconds
160.769: [GC (Allocation Failure)  1004271K->680719K(1023488K), 0.0050053 secs]
160.774: Total time for which application threads were stopped: 0.0051776 seconds, Stopping threads took: 0.0000203 seconds
160.841: [GC (Allocation Failure)  1004303K->688721K(1035264K), 0.0048258 secs]
160.846: Total time for which application threads were stopped: 0.0050176 seconds, Stopping threads took: 0.0000195 seconds
160.915: [GC (Allocation Failure)  1011281K->688689K(1030144K), 0.0046645 secs]
160.920: Total time for which application threads were stopped: 0.0048259 seconds, Stopping threads took: 0.0000194 seconds
160.987: [GC (Allocation Failure)  1011249K->688745K(1034752K), 0.0051172 secs]
160.992: [Full GC (Ergonomics)  688745K->8520K(1034752K), 0.0122395 secs]
161.005: Total time for which application threads were stopped: 0.0176177 seconds, Stopping threads took: 0.0000195 seconds
161.072: [GC (Allocation Failure)  330056K->16618K(1029120K), 0.0039539 secs]
161.076: Total time for which application threads were stopped: 0.0041270 seconds, Stopping threads took: 0.0000200 seconds
161.144: [GC (Allocation Failure)  338154K->16570K(1034240K), 0.0036480 secs]
161.147: Total time for which application threads were stopped: 0.0038194 seconds, Stopping threads took: 0.0000203 seconds
161.214: [GC (Allocation Failure)  337082K->16858K(1034240K), 0.0037224 secs]
161.217: Total time for which application threads were stopped: 0.0038906 seconds, Stopping threads took: 0.0000205 seconds
161.284: [GC (Allocation Failure)  337370K->24636K(1034240K), 0.0036690 secs]
161.288: Total time for which application threads were stopped: 0.0038178 seconds, Stopping threads took: 0.0000199 seconds
161.355: [GC (Allocation Failure)  345148K->24636K(1034240K), 0.0043871 secs]
161.360: Total time for which application threads were stopped: 0.0045801 seconds, Stopping threads took: 0.0000259 seconds
161.427: [GC (Allocation Failure)  345148K->25084K(1033216K), 0.0038543 secs]
161.431: Total time for which application threads were stopped: 0.0040132 seconds, Stopping threads took: 0.0000196 seconds
161.498: [GC (Allocation Failure)  344572K->32703K(1033728K), 0.0038796 secs]
161.502: Total time for which application threads were stopped: 0.0040349 seconds, Stopping threads took: 0.0000193 seconds
161.572: [GC (Allocation Failure)  352191K->32671K(1033728K), 0.0036487 secs]
161.575: Total time for which application threads were stopped: 0.0038063 seconds, Stopping threads took: 0.0000191 seconds
161.640: [GC (Allocation Failure)  352159K->32799K(1033728K), 0.0037038 secs]
161.644: Total time for which application threads were stopped: 0.0038590 seconds, Stopping threads took: 0.0000249 seconds
161.711: [GC (Allocation Failure)  352287K->40737K(1033728K), 0.0035232 secs]
161.714: Total time for which application threads were stopped: 0.0036744 seconds, Stopping threads took: 0.0000251 seconds
161.779: [GC (Allocation Failure)  360225K->40705K(1033728K), 0.0039116 secs]
161.783: Total time for which application threads were stopped: 0.0040742 seconds, Stopping threads took: 0.0000191 seconds
161.849: [GC (Allocation Failure)  360193K->40777K(1033728K), 0.0038784 secs]
161.853: Total time for which application threads were stopped: 0.0040514 seconds, Stopping threads took: 0.0000193 seconds
161.921: [GC (Allocation Failure)  360265K->48747K(1027072K), 0.0038747 secs]
161.925: Total time for which application threads were stopped: 0.0040346 seconds, Stopping threads took: 0.0000204 seconds
161.991: [GC (Allocation Failure)  368235K->44873K(1034240K), 0.0026127 secs]
161.993: Total time for which application threads were stopped: 0.0027972 seconds, Stopping threads took: 0.0000216 seconds
162.060: [GC (Allocation Failure)  364361K->48907K(1033216K), 0.0038431 secs]
162.064: Total time for which application threads were stopped: 0.0040127 seconds, Stopping threads took: 0.0000206 seconds
162.130: [GC (Allocation Failure)  368395K->52907K(1034752K), 0.0036241 secs]
162.133: Total time for which application threads were stopped: 0.0037941 seconds, Stopping threads took: 0.0000275 seconds
162.198: [GC (Allocation Failure)  374443K->46089K(1034752K), 0.0011773 secs]
162.199: Total time for which application threads were stopped: 0.0013205 seconds, Stopping threads took: 0.0000200 seconds
162.266: [GC (Allocation Failure)  367625K->52939K(1034752K), 0.0036951 secs]
162.269: Total time for which application threads were stopped: 0.0038559 seconds, Stopping threads took: 0.0000209 seconds
162.334: [GC (Allocation Failure)  374475K->57051K(1034752K), 0.0044891 secs]
162.339: Total time for which application threads were stopped: 0.0046488 seconds, Stopping threads took: 0.0000204 seconds
162.405: [GC (Allocation Failure)  378587K->51449K(1034752K), 0.0016786 secs]
162.407: Total time for which application threads were stopped: 0.0018127 seconds, Stopping threads took: 0.0000193 seconds
162.474: [GC (Allocation Failure)  372985K->57283K(1034752K), 0.0036594 secs]
162.477: Total time for which application threads were stopped: 0.0038366 seconds, Stopping threads took: 0.0000191 seconds
162.544: [GC (Allocation Failure)  378819K->61155K(1035264K), 0.0041100 secs]
162.548: Total time for which application threads were stopped: 0.0042740 seconds, Stopping threads took: 0.0000194 seconds
162.617: [GC (Allocation Failure)  383643K->57281K(1035264K), 0.0025634 secs]
162.620: Total time for which application threads were stopped: 0.0027151 seconds, Stopping threads took: 0.0000188 seconds
162.688: [GC (Allocation Failure)  379841K->61323K(1036288K), 0.0038162 secs]
162.692: Total time for which application threads were stopped: 0.0039958 seconds, Stopping threads took: 0.0000219 seconds
162.759: [GC (Allocation Failure)  385419K->65323K(1035776K), 0.0037687 secs]
162.763: Total time for which application threads were stopped: 0.0039318 seconds, Stopping threads took: 0.0000202 seconds
162.831: [GC (Allocation Failure)  389419K->65323K(1035776K), 0.0034920 secs]
162.835: Total time for which application threads were stopped: 0.0036654 seconds, Stopping threads took: 0.0000208 seconds
162.902: [GC (Allocation Failure)  388907K->65355K(1023488K), 0.0038357 secs]
162.906: Total time for which application threads were stopped: 0.0039930 seconds, Stopping threads took: 0.0000165 seconds
162.973: [GC (Allocation Failure)  388939K->73325K(1035264K), 0.0039154 secs]
162.977: Total time for which application threads were stopped: 0.0041162 seconds, Stopping threads took: 0.0000199 seconds
163.041: [GC (Allocation Failure)  395885K->73357K(1030144K), 0.0036056 secs]
163.045: Total time for which application threads were stopped: 0.0037570 seconds, Stopping threads took: 0.0000219 seconds
163.111: [GC (Allocation Failure)  395917K->73389K(1034752K), 0.0037061 secs]
163.115: Total time for which application threads were stopped: 0.0038522 seconds, Stopping threads took: 0.0000218 seconds
163.181: [GC (Allocation Failure)  394925K->81392K(1029120K), 0.0038155 secs]
163.185: Total time for which application threads were stopped: 0.0039806 seconds, Stopping threads took: 0.0000261 seconds
163.250: [GC (Allocation Failure)  402928K->81360K(1034240K), 0.0035342 secs]
163.254: Total time for which application threads were stopped: 0.0036664 seconds, Stopping threads took: 0.0000207 seconds
163.318: [GC (Allocation Failure)  401872K->81576K(1034240K), 0.0036615 secs]
163.322: Total time for which application threads were stopped: 0.0037841 seconds, Stopping threads took: 0.0000171 seconds
163.389: [GC (Allocation Failure)  402088K->89386K(1034240K), 0.0037863 secs]
163.393: Total time for which application threads were stopped: 0.0039544 seconds, Stopping threads took: 0.0000193 seconds
163.461: [GC (Allocation Failure)  409898K->89386K(1034240K), 0.0037442 secs]
163.464: Total time for which application threads were stopped: 0.0039077 seconds, Stopping threads took: 0.0000203 seconds
163.531: [GC (Allocation Failure)  409898K->89834K(1033216K), 0.0039238 secs]
163.535: Total time for which application threads were stopped: 0.0040897 seconds, Stopping threads took: 0.0000219 seconds
163.602: [GC (Allocation Failure)  409322K->97452K(1033728K), 0.0039279 secs]
163.606: Total time for which application threads were stopped: 0.0040925 seconds, Stopping threads took: 0.0000194 seconds
163.673: [GC (Allocation Failure)  416940K->97420K(1033728K), 0.0036799 secs]
163.676: Total time for which application threads were stopped: 0.0038404 seconds, Stopping threads took: 0.0000269 seconds
163.739: [GC (Allocation Failure)  416908K->97548K(1033728K), 0.0037806 secs]
163.743: Total time for which application threads were stopped: 0.0039334 seconds, Stopping threads took: 0.0000201 seconds
163.807: [GC (Allocation Failure)  417036K->105486K(1033728K), 0.0035652 secs]
163.811: Total time for which application threads were stopped: 0.0037022 seconds, Stopping threads took: 0.0000212 seconds
163.874: [GC (Allocation Failure)  424974K->105454K(1033728K), 0.0037584 secs]
163.878: Total time for which application threads were stopped: 0.0039199 seconds, Stopping threads took: 0.0000198 seconds
163.944: [GC (Allocation Failure)  424942K->105518K(1033728K), 0.0036554 secs]
163.948: Total time for which application threads were stopped: 0.0037793 seconds, Stopping threads took: 0.0000170 seconds
164.013: [GC (Allocation Failure)  425006K->113457K(1027072K), 0.0037747 secs]
164.017: Total time for which application threads were stopped: 0.0039205 seconds, Stopping threads took: 0.0000195 seconds
164.081: [GC (Allocation Failure)  432944K->109582K(1034240K), 0.0029898 secs]
164.084: Total time for which application threads were stopped: 0.0031314 seconds, Stopping threads took: 0.0000195 seconds
164.148: [GC (Allocation Failure)  429070K->113641K(1033216K), 0.0038586 secs]
164.152: Total time for which application threads were stopped: 0.0039975 seconds, Stopping threads took: 0.0000192 seconds
164.219: [GC (Allocation Failure)  433129K->117609K(1034752K), 0.0036984 secs]
164.223: Total time for which application threads were stopped: 0.0038285 seconds, Stopping threads took: 0.0000165 seconds
164.287: [GC (Allocation Failure)  439145K->110822K(1034752K), 0.0013075 secs]
164.289: Total time for which application threads were stopped: 0.0014390 seconds, Stopping threads took: 0.0000191 seconds
164.354: [GC (Allocation Failure)  432358K->117641K(1034752K), 0.0053009 secs]
164.359: Total time for which application threads were stopped: 0.0054805 seconds, Stopping threads took: 0.0000246 seconds
164.426: [GC (Allocation Failure)  439177K->121785K(1034752K), 0.0047079 secs]
164.431: Total time for which application threads were stopped: 0.0048768 seconds, Stopping threads took: 0.0000199 seconds
164.496: [GC (Allocation Failure)  443321K->116182K(1034752K), 0.0017309 secs]
164.498: Total time for which application threads were stopped: 0.0018699 seconds, Stopping threads took: 0.0000167 seconds
164.566: [GC (Allocation Failure)  437718K->122025K(1034752K), 0.0039281 secs]
164.570: Total time for which application threads were stopped: 0.0041018 seconds, Stopping threads took: 0.0000198 seconds
164.636: [GC (Allocation Failure)  443561K->125929K(1034752K), 0.0042063 secs]
164.640: Total time for which application threads were stopped: 0.0043762 seconds, Stopping threads took: 0.0000257 seconds
164.706: [GC (Allocation Failure)  448417K->121958K(1035264K), 0.0024928 secs]
164.709: Total time for which application threads were stopped: 0.0026366 seconds, Stopping threads took: 0.0000194 seconds
164.777: [GC (Allocation Failure)  444518K->126057K(1036288K), 0.0039388 secs]
164.781: Total time for which application threads were stopped: 0.0040965 seconds, Stopping threads took: 0.0000200 seconds
164.847: [GC (Allocation Failure)  450153K->130025K(1035776K), 0.0038943 secs]
164.851: Total time for which application threads were stopped: 0.0040445 seconds, Stopping threads took: 0.0000198 seconds
164.918: [GC (Allocation Failure)  454121K->130025K(1035776K), 0.0037795 secs]
164.921: Total time for which application threads were stopped: 0.0039659 seconds, Stopping threads took: 0.0000192 seconds
164.989: [GC (Allocation Failure)  453609K->130089K(1023488K), 0.0038820 secs]
164.993: Total time for which application threads were stopped: 0.0040470 seconds, Stopping threads took: 0.0000195 seconds
165.056: [GC (Allocation Failure)  453673K->138091K(1035264K), 0.0039008 secs]
165.060: Total time for which application threads were stopped: 0.0040448 seconds, Stopping threads took: 0.0000196 seconds
165.124: [GC (Allocation Failure)  460651K->138027K(1030144K), 0.0034876 secs]
165.127: Total time for which application threads were stopped: 0.0036334 seconds, Stopping threads took: 0.0000286 seconds
165.191: [GC (Allocation Failure)  460587K->138123K(1034752K), 0.0039714 secs]
165.195: Total time for which application threads were stopped: 0.0041057 seconds, Stopping threads took: 0.0000194 seconds
165.258: [GC (Allocation Failure)  459659K->146061K(1034752K), 0.0039605 secs]
165.262: Total time for which application threads were stopped: 0.0041153 seconds, Stopping threads took: 0.0000187 seconds
165.326: [GC (Allocation Failure)  467597K->146125K(1033728K), 0.0035164 secs]
165.329: Total time for which application threads were stopped: 0.0036551 seconds, Stopping threads took: 0.0000246 seconds
165.395: [GC (Allocation Failure)  466637K->146341K(1034240K), 0.0038413 secs]
165.399: Total time for which application threads were stopped: 0.0039829 seconds, Stopping threads took: 0.0000173 seconds
165.466: [GC (Allocation Failure)  466853K->154119K(1034240K), 0.0035771 secs]
165.469: Total time for which application threads were stopped: 0.0037007 seconds, Stopping threads took: 0.0000168 seconds
165.533: [GC (Allocation Failure)  474631K->154151K(1034240K), 0.0065058 secs]
165.540: Total time for which application threads were stopped: 0.0066454 seconds, Stopping threads took: 0.0000268 seconds
165.604: [GC (Allocation Failure)  474663K->154567K(1033216K), 0.0037439 secs]
165.608: Total time for which application threads were stopped: 0.0038790 seconds, Stopping threads took: 0.0000198 seconds
165.672: [GC (Allocation Failure)  474055K->162186K(1033728K), 0.0037717 secs]
165.676: Total time for which application threads were stopped: 0.0039085 seconds, Stopping threads took: 0.0000257 seconds
165.739: [GC (Allocation Failure)  481674K->162154K(1033728K), 0.0036669 secs]
165.743: Total time for which application threads were stopped: 0.0037969 seconds, Stopping threads took: 0.0000187 seconds
165.804: [GC (Allocation Failure)  481642K->162314K(1033728K), 0.0038398 secs]
165.808: Total time for which application threads were stopped: 0.0039689 seconds, Stopping threads took: 0.0000183 seconds
165.871: [GC (Allocation Failure)  481802K->170252K(1033728K), 0.0037477 secs]
165.875: Total time for which application threads were stopped: 0.0038785 seconds, Stopping threads took: 0.0000183 seconds
165.939: [GC (Allocation Failure)  489740K->170188K(1033728K), 0.0038196 secs]
165.943: Total time for which application threads were stopped: 0.0039596 seconds, Stopping threads took: 0.0000268 seconds
166.007: [GC (Allocation Failure)  489676K->170252K(1033728K), 0.0038368 secs]
166.011: Total time for which application threads were stopped: 0.0039880 seconds, Stopping threads took: 0.0000234 seconds
166.073: [GC (Allocation Failure)  489740K->178190K(1027072K), 0.0040403 secs]
166.077: Total time for which application threads were stopped: 0.0041692 seconds, Stopping threads took: 0.0000184 seconds
166.138: [GC (Allocation Failure)  497678K->174316K(1034240K), 0.0028964 secs]
166.141: Total time for which application threads were stopped: 0.0030685 seconds, Stopping threads took: 0.0000275 seconds
166.206: [GC (Allocation Failure)  493804K->178382K(1033216K), 0.0039893 secs]
166.210: Total time for which application threads were stopped: 0.0041188 seconds, Stopping threads took: 0.0000181 seconds
166.275: [GC (Allocation Failure)  497870K->182350K(1034752K), 0.0037627 secs]
166.279: Total time for which application threads were stopped: 0.0039082 seconds, Stopping threads took: 0.0000182 seconds
166.344: [GC (Allocation Failure)  503886K->175564K(1034752K), 0.0028824 secs]
166.347: Total time for which application threads were stopped: 0.0030076 seconds, Stopping threads took: 0.0000157 seconds
166.412: [GC (Allocation Failure)  497100K->182422K(1034752K), 0.0036519 secs]
166.415: Total time for which application threads were stopped: 0.0038032 seconds, Stopping threads took: 0.0000200 seconds
166.481: [GC (Allocation Failure)  503958K->186526K(1034752K), 0.0048332 secs]
166.486: Total time for which application threads were stopped: 0.0049638 seconds, Stopping threads took: 0.0000197 seconds
166.548: [GC (Allocation Failure)  508062K->180956K(1034752K), 0.0020270 secs]
166.550: Total time for which application threads were stopped: 0.0021561 seconds, Stopping threads took: 0.0000187 seconds
166.613: [GC (Allocation Failure)  502492K->186766K(1034752K), 0.0038342 secs]
166.617: Total time for which application threads were stopped: 0.0039908 seconds, Stopping threads took: 0.0000275 seconds
166.683: [GC (Allocation Failure)  508302K->190638K(1034752K), 0.0040777 secs]
166.687: Total time for which application threads were stopped: 0.0042278 seconds, Stopping threads took: 0.0000244 seconds
166.751: [GC (Allocation Failure)  513127K->186764K(1035264K), 0.0028005 secs]
166.754: Total time for which application threads were stopped: 0.0029194 seconds, Stopping threads took: 0.0000157 seconds
166.819: [GC (Allocation Failure)  509324K->190798K(1036288K), 0.0039877 secs]
166.824: Total time for which application threads were stopped: 0.0041330 seconds, Stopping threads took: 0.0000237 seconds
166.887: [GC (Allocation Failure)  514894K->194798K(1035776K), 0.0037650 secs]
166.891: Total time for which application threads were stopped: 0.0038949 seconds, Stopping threads took: 0.0000180 seconds
166.957: [GC (Allocation Failure)  518894K->194798K(1035776K), 0.0038585 secs]
166.961: Total time for which application threads were stopped: 0.0040167 seconds, Stopping threads took: 0.0000238 seconds
167.026: [GC (Allocation Failure)  518382K->194830K(1023488K), 0.0040072 secs]
167.030: Total time for which application threads were stopped: 0.0041353 seconds, Stopping threads took: 0.0000179 seconds
167.093: [GC (Allocation Failure)  518414K->202833K(1035264K), 0.0038530 secs]
167.096: Total time for which application threads were stopped: 0.0039782 seconds, Stopping threads took: 0.0000180 seconds
167.160: [GC (Allocation Failure)  525393K->202801K(1030144K), 0.0036427 secs]
167.164: Total time for which application threads were stopped: 0.0037733 seconds, Stopping threads took: 0.0000192 seconds
167.226: [GC (Allocation Failure)  525361K->202825K(1034752K), 0.0038669 secs]
167.230: Total time for which application threads were stopped: 0.0039939 seconds, Stopping threads took: 0.0000180 seconds
167.293: [GC (Allocation Failure)  524361K->210827K(1029120K), 0.0039156 secs]
167.297: Total time for which application threads were stopped: 0.0040413 seconds, Stopping threads took: 0.0000175 seconds
167.362: [GC (Allocation Failure)  532363K->210795K(1034240K), 0.0064576 secs]
167.368: Total time for which application threads were stopped: 0.0065872 seconds, Stopping threads took: 0.0000241 seconds
167.431: [GC (Allocation Failure)  531307K->211075K(1034240K), 0.0041114 secs]
167.435: Total time for which application threads were stopped: 0.0042402 seconds, Stopping threads took: 0.0000186 seconds
167.499: [GC (Allocation Failure)  531587K->218853K(1034240K), 0.0038883 secs]
167.503: Total time for which application threads were stopped: 0.0040266 seconds, Stopping threads took: 0.0000180 seconds
167.568: [GC (Allocation Failure)  539365K->218853K(1034240K), 0.0038251 secs]
167.571: Total time for which application threads were stopped: 0.0039571 seconds, Stopping threads took: 0.0000187 seconds
167.636: [GC (Allocation Failure)  539365K->219309K(1033216K), 0.0040451 secs]
167.640: Total time for which application threads were stopped: 0.0041786 seconds, Stopping threads took: 0.0000242 seconds
167.704: [GC (Allocation Failure)  538797K->226927K(1033728K), 0.0040012 secs]
167.708: Total time for which application threads were stopped: 0.0041263 seconds, Stopping threads took: 0.0000176 seconds
167.772: [GC (Allocation Failure)  546415K->226863K(1033728K), 0.0038801 secs]
167.776: Total time for which application threads were stopped: 0.0040079 seconds, Stopping threads took: 0.0000183 seconds
167.838: [GC (Allocation Failure)  546351K->227047K(1033728K), 0.0039355 secs]
167.842: Total time for which application threads were stopped: 0.0040799 seconds, Stopping threads took: 0.0000241 seconds
167.905: [GC (Allocation Failure)  546535K->234954K(1033728K), 0.0037983 secs]
167.909: Total time for which application threads were stopped: 0.0039260 seconds, Stopping threads took: 0.0000183 seconds
167.971: [GC (Allocation Failure)  554442K->234922K(1033728K), 0.0039856 secs]
167.975: Total time for which application threads were stopped: 0.0041291 seconds, Stopping threads took: 0.0000183 seconds
168.039: [GC (Allocation Failure)  554410K->234986K(1033728K), 0.0039815 secs]
168.043: Total time for which application threads were stopped: 0.0040968 seconds, Stopping threads took: 0.0000159 seconds
168.108: [GC (Allocation Failure)  554474K->242956K(1027072K), 0.0041393 secs]
168.112: Total time for which application threads were stopped: 0.0042801 seconds, Stopping threads took: 0.0000188 seconds
168.174: [GC (Allocation Failure)  562443K->239018K(1034240K), 0.0030888 secs]
168.177: Total time for which application threads were stopped: 0.0032235 seconds, Stopping threads took: 0.0000196 seconds
168.241: [GC (Allocation Failure)  558506K->243108K(1033216K), 0.0041800 secs]
168.245: Total time for which application threads were stopped: 0.0043171 seconds, Stopping threads took: 0.0000250 seconds
168.309: [GC (Allocation Failure)  562596K->247076K(1034752K), 0.0039769 secs]
168.313: Total time for which application threads were stopped: 0.0041412 seconds, Stopping threads took: 0.0000206 seconds
168.378: [GC (Allocation Failure)  568612K->240290K(1034752K), 0.0016316 secs]
168.379: Total time for which application threads were stopped: 0.0017509 seconds, Stopping threads took: 0.0000163 seconds
168.447: [GC (Allocation Failure)  561826K->247140K(1034752K), 0.0038719 secs]
168.450: Total time for which application threads were stopped: 0.0040293 seconds, Stopping threads took: 0.0000193 seconds
168.517: [GC (Allocation Failure)  568676K->251252K(1034752K), 0.0050900 secs]
168.523: Total time for which application threads were stopped: 0.0052612 seconds, Stopping threads took: 0.0000203 seconds
168.587: [GC (Allocation Failure)  572788K->245682K(1034752K), 0.0021195 secs]
168.589: Total time for which application threads were stopped: 0.0022615 seconds, Stopping threads took: 0.0000197 seconds
168.658: [GC (Allocation Failure)  567218K->251524K(1034752K), 0.0039935 secs]
168.662: Total time for which application threads were stopped: 0.0041336 seconds, Stopping threads took: 0.0000278 seconds
168.728: [GC (Allocation Failure)  573060K->255364K(1035264K), 0.0043568 secs]
168.733: Total time for which application threads were stopped: 0.0045143 seconds, Stopping threads took: 0.0000200 seconds
168.797: [GC (Allocation Failure)  577852K->251490K(1035264K), 0.0028926 secs]
168.800: Total time for which application threads were stopped: 0.0030319 seconds, Stopping threads took: 0.0000218 seconds
168.865: [GC (Allocation Failure)  574050K->255532K(1036288K), 0.0041336 secs]
168.870: Total time for which application threads were stopped: 0.0042781 seconds, Stopping threads took: 0.0000279 seconds
168.934: [GC (Allocation Failure)  579628K->259532K(1035776K), 0.0038009 secs]
168.938: Total time for which application threads were stopped: 0.0039721 seconds, Stopping threads took: 0.0000157 seconds
169.003: [GC (Allocation Failure)  583628K->259500K(1035776K), 0.0038894 secs]
169.007: Total time for which application threads were stopped: 0.0040233 seconds, Stopping threads took: 0.0000189 seconds
169.071: [GC (Allocation Failure)  583084K->259564K(1023488K), 0.0040498 secs]
169.075: Total time for which application threads were stopped: 0.0041795 seconds, Stopping threads took: 0.0000187 seconds
169.138: [GC (Allocation Failure)  583148K->267598K(1035264K), 0.0042262 secs]
169.142: Total time for which application threads were stopped: 0.0043580 seconds, Stopping threads took: 0.0000184 seconds
169.205: [GC (Allocation Failure)  590158K->267534K(1030144K), 0.0039531 secs]
169.209: Total time for which application threads were stopped: 0.0040960 seconds, Stopping threads took: 0.0000191 seconds
169.272: [GC (Allocation Failure)  590094K->267590K(1034752K), 0.0040851 secs]
169.277: Total time for which application threads were stopped: 0.0042472 seconds, Stopping threads took: 0.0000248 seconds
169.339: [GC (Allocation Failure)  589126K->275560K(1029120K), 0.0049781 secs]
169.344: Total time for which application threads were stopped: 0.0051427 seconds, Stopping threads took: 0.0000237 seconds
169.411: [GC (Allocation Failure)  597096K->275528K(1034240K), 0.0038888 secs]
169.415: Total time for which application threads were stopped: 0.0040217 seconds, Stopping threads took: 0.0000190 seconds
169.478: [GC (Allocation Failure)  596040K->275816K(1034240K), 0.0041807 secs]
169.483: Total time for which application threads were stopped: 0.0043223 seconds, Stopping threads took: 0.0000206 seconds
169.547: [GC (Allocation Failure)  596328K->283627K(1034240K), 0.0038958 secs]
169.551: Total time for which application threads were stopped: 0.0040426 seconds, Stopping threads took: 0.0000269 seconds
169.616: [GC (Allocation Failure)  604139K->283595K(1034240K), 0.0040566 secs]
169.620: Total time for which application threads were stopped: 0.0042052 seconds, Stopping threads took: 0.0000196 seconds
169.684: [GC (Allocation Failure)  604107K->284043K(1033216K), 0.0041068 secs]
169.688: Total time for which application threads were stopped: 0.0042509 seconds, Stopping threads took: 0.0000257 seconds
169.751: [GC (Allocation Failure)  603531K->291629K(1033728K), 0.0040976 secs]
169.755: Total time for which application threads were stopped: 0.0042391 seconds, Stopping threads took: 0.0000187 seconds
169.818: [GC (Allocation Failure)  611117K->291661K(1033728K), 0.0040523 secs]
169.822: Total time for which application threads were stopped: 0.0041958 seconds, Stopping threads took: 0.0000211 seconds
169.882: [GC (Allocation Failure)  611149K->291757K(1033728K), 0.0040454 secs]
169.887: Total time for which application threads were stopped: 0.0041821 seconds, Stopping threads took: 0.0000195 seconds
169.952: [GC (Allocation Failure)  611245K->299663K(1033728K), 0.0040396 secs]
169.956: Total time for which application threads were stopped: 0.0041797 seconds, Stopping threads took: 0.0000184 seconds
170.020: [GC (Allocation Failure)  619151K->299663K(1033728K), 0.0041814 secs]
170.025: Total time for which application threads were stopped: 0.0043156 seconds, Stopping threads took: 0.0000193 seconds
170.089: [GC (Allocation Failure)  619151K->299719K(1033728K), 0.0041493 secs]
170.093: Total time for which application threads were stopped: 0.0042991 seconds, Stopping threads took: 0.0000242 seconds
170.157: [GC (Allocation Failure)  619207K->307689K(1027072K), 0.0040728 secs]
170.161: Total time for which application threads were stopped: 0.0042135 seconds, Stopping threads took: 0.0000270 seconds
170.223: [GC (Allocation Failure)  627177K->303783K(1034240K), 0.0031788 secs]
170.226: Total time for which application threads were stopped: 0.0033311 seconds, Stopping threads took: 0.0000290 seconds
170.291: [GC (Allocation Failure)  623271K->307817K(1033216K), 0.0042018 secs]
170.295: Total time for which application threads were stopped: 0.0043379 seconds, Stopping threads took: 0.0000253 seconds
170.359: [GC (Allocation Failure)  627305K->311817K(1034752K), 0.0078412 secs]
170.367: Total time for which application threads were stopped: 0.0079686 seconds, Stopping threads took: 0.0000230 seconds
170.431: [GC (Allocation Failure)  633353K->305031K(1034752K), 0.0016903 secs]
170.432: Total time for which application threads were stopped: 0.0018232 seconds, Stopping threads took: 0.0000188 seconds
170.499: [GC (Allocation Failure)  626567K->311881K(1034752K), 0.0040195 secs]
170.503: Total time for which application threads were stopped: 0.0041794 seconds, Stopping threads took: 0.0000209 seconds
170.569: [GC (Allocation Failure)  633417K->315929K(1034752K), 0.0049982 secs]
170.574: Total time for which application threads were stopped: 0.0051960 seconds, Stopping threads took: 0.0000199 seconds
170.639: [GC (Allocation Failure)  637465K->310423K(1034752K), 0.0022162 secs]
170.641: Total time for which application threads were stopped: 0.0023843 seconds, Stopping threads took: 0.0000258 seconds
170.710: [GC (Allocation Failure)  631959K->316233K(1034752K), 0.0041738 secs]
170.714: Total time for which application threads were stopped: 0.0043084 seconds, Stopping threads took: 0.0000191 seconds
170.781: [GC (Allocation Failure)  637769K->320073K(1034752K), 0.0046118 secs]
170.786: Total time for which application threads were stopped: 0.0047541 seconds, Stopping threads took: 0.0000196 seconds
170.850: [GC (Allocation Failure)  642562K->316231K(1035264K), 0.0030989 secs]
170.854: Total time for which application threads were stopped: 0.0032339 seconds, Stopping threads took: 0.0000197 seconds
170.919: [GC (Allocation Failure)  638791K->320265K(1036288K), 0.0042637 secs]
170.923: Total time for which application threads were stopped: 0.0044105 seconds, Stopping threads took: 0.0000195 seconds
170.987: [GC (Allocation Failure)  644361K->324265K(1035776K), 0.0039960 secs]
170.991: Total time for which application threads were stopped: 0.0041287 seconds, Stopping threads took: 0.0000183 seconds
171.055: [GC (Allocation Failure)  648361K->324265K(1035776K), 0.0040392 secs]
171.059: Total time for which application threads were stopped: 0.0041730 seconds, Stopping threads took: 0.0000187 seconds
171.123: [GC (Allocation Failure)  647849K->324297K(1023488K), 0.0042577 secs]
171.127: Total time for which application threads were stopped: 0.0043929 seconds, Stopping threads took: 0.0000190 seconds
171.189: [GC (Allocation Failure)  647881K->332300K(1035264K), 0.0041788 secs]
171.194: Total time for which application threads were stopped: 0.0043330 seconds, Stopping threads took: 0.0000193 seconds
171.257: [GC (Allocation Failure)  654860K->332268K(1030144K), 0.0040579 secs]
171.261: Total time for which application threads were stopped: 0.0042132 seconds, Stopping threads took: 0.0000350 seconds
171.326: [GC (Allocation Failure)  654828K->332324K(1034752K), 0.0043328 secs]
171.330: Total time for which application threads were stopped: 0.0044599 seconds, Stopping threads took: 0.0000185 seconds
171.396: [GC (Allocation Failure)  653860K->340294K(1034752K), 0.0043809 secs]
171.400: Total time for which application threads were stopped: 0.0045126 seconds, Stopping threads took: 0.0000186 seconds
171.466: [GC (Allocation Failure)  661830K->340294K(1033728K), 0.0040110 secs]
171.470: Total time for which application threads were stopped: 0.0041532 seconds, Stopping threads took: 0.0000193 seconds
171.533: [GC (Allocation Failure)  660806K->340558K(1034240K), 0.0041271 secs]
171.537: Total time for which application threads were stopped: 0.0042784 seconds, Stopping threads took: 0.0000195 seconds
171.604: [GC (Allocation Failure)  661070K->348336K(1034240K), 0.0041924 secs]
171.608: Total time for which application threads were stopped: 0.0043274 seconds, Stopping threads took: 0.0000197 seconds
171.673: [GC (Allocation Failure)  668848K->348368K(1034240K), 0.0042146 secs]
171.677: Total time for which application threads were stopped: 0.0043505 seconds, Stopping threads took: 0.0000269 seconds
171.740: [GC (Allocation Failure)  668880K->348776K(1033216K), 0.0043562 secs]
171.745: Total time for which application threads were stopped: 0.0045037 seconds, Stopping threads took: 0.0000291 seconds
171.809: [GC (Allocation Failure)  668264K->356363K(1033728K), 0.0043049 secs]
171.814: Total time for which application threads were stopped: 0.0044682 seconds, Stopping threads took: 0.0000187 seconds
171.877: [GC (Allocation Failure)  675851K->356363K(1033728K), 0.0042024 secs]
171.881: Total time for which application threads were stopped: 0.0043367 seconds, Stopping threads took: 0.0000194 seconds
171.941: [GC (Allocation Failure)  675851K->356491K(1033728K), 0.0042965 secs]
171.946: Total time for which application threads were stopped: 0.0044296 seconds, Stopping threads took: 0.0000180 seconds
172.009: [GC (Allocation Failure)  675979K->364429K(1033728K), 0.0042237 secs]
172.013: Total time for which application threads were stopped: 0.0043557 seconds, Stopping threads took: 0.0000186 seconds
172.078: [GC (Allocation Failure)  683917K->364429K(1033728K), 0.0043260 secs]
172.082: Total time for which application threads were stopped: 0.0044598 seconds, Stopping threads took: 0.0000185 seconds
172.145: [GC (Allocation Failure)  683917K->364461K(1033728K), 0.0043233 secs]
172.149: Total time for which application threads were stopped: 0.0044690 seconds, Stopping threads took: 0.0000240 seconds
172.212: [GC (Allocation Failure)  683949K->372431K(1027072K), 0.0043393 secs]
172.216: Total time for which application threads were stopped: 0.0044845 seconds, Stopping threads took: 0.0000181 seconds
172.279: [GC (Allocation Failure)  691919K->368557K(1034240K), 0.0035234 secs]
172.282: Total time for which application threads were stopped: 0.0036711 seconds, Stopping threads took: 0.0000181 seconds
172.347: [GC (Allocation Failure)  688045K->372551K(1033216K), 0.0058226 secs]
172.353: Total time for which application threads were stopped: 0.0059831 seconds, Stopping threads took: 0.0000175 seconds
172.419: [GC (Allocation Failure)  692039K->376551K(1034752K), 0.0042155 secs]
172.424: Total time for which application threads were stopped: 0.0043514 seconds, Stopping threads took: 0.0000190 seconds
172.487: [GC (Allocation Failure)  698087K->369765K(1034752K), 0.0024648 secs]
172.489: Total time for which application threads were stopped: 0.0025970 seconds, Stopping threads took: 0.0000191 seconds
172.553: [GC (Allocation Failure)  691301K->376615K(1034752K), 0.0041962 secs]
172.558: Total time for which application threads were stopped: 0.0043335 seconds, Stopping threads took: 0.0000193 seconds
172.622: [GC (Allocation Failure)  698151K->380655K(1034752K), 0.0053136 secs]
172.627: Total time for which application threads were stopped: 0.0054597 seconds, Stopping threads took: 0.0000193 seconds
172.691: [GC (Allocation Failure)  702191K->375117K(1034752K), 0.0025474 secs]
172.693: Total time for which application threads were stopped: 0.0026899 seconds, Stopping threads took: 0.0000282 seconds
172.758: [GC (Allocation Failure)  696653K->380959K(1034752K), 0.0043995 secs]
172.763: Total time for which application threads were stopped: 0.0045422 seconds, Stopping threads took: 0.0000280 seconds
172.829: [GC (Allocation Failure)  702495K->384831K(1034752K), 0.0045990 secs]
172.834: Total time for which application threads were stopped: 0.0047500 seconds, Stopping threads took: 0.0000193 seconds
172.898: [GC (Allocation Failure)  707319K->380925K(1035264K), 0.0031820 secs]
172.902: Total time for which application threads were stopped: 0.0033170 seconds, Stopping threads took: 0.0000199 seconds
172.967: [GC (Allocation Failure)  703485K->384991K(1036288K), 0.0043500 secs]
172.971: Total time for which application threads were stopped: 0.0044850 seconds, Stopping threads took: 0.0000195 seconds
173.035: [GC (Allocation Failure)  709087K->388959K(1035776K), 0.0042919 secs]
173.040: Total time for which application threads were stopped: 0.0044245 seconds, Stopping threads took: 0.0000181 seconds
173.104: [GC (Allocation Failure)  713055K->388959K(1035776K), 0.0044398 secs]
173.108: Total time for which application threads were stopped: 0.0045897 seconds, Stopping threads took: 0.0000197 seconds
173.173: [GC (Allocation Failure)  712543K->389031K(1023488K), 0.0042182 secs]
173.177: Total time for which application threads were stopped: 0.0043835 seconds, Stopping threads took: 0.0000275 seconds
173.241: [GC (Allocation Failure)  712615K->397033K(1035264K), 0.0043499 secs]
173.246: Total time for which application threads were stopped: 0.0044929 seconds, Stopping threads took: 0.0000198 seconds
173.311: [GC (Allocation Failure)  719593K->397001K(1030144K), 0.0042109 secs]
173.315: Total time for which application threads were stopped: 0.0043447 seconds, Stopping threads took: 0.0000193 seconds
173.381: [GC (Allocation Failure)  719561K->397065K(1034752K), 0.0044530 secs]
173.386: Total time for which application threads were stopped: 0.0045980 seconds, Stopping threads took: 0.0000171 seconds
173.453: [GC (Allocation Failure)  718601K->405068K(1029120K), 0.0046441 secs]
173.458: Total time for which application threads were stopped: 0.0048059 seconds, Stopping threads took: 0.0000191 seconds
173.526: [GC (Allocation Failure)  726604K->405036K(1034240K), 0.0041957 secs]
173.530: Total time for which application threads were stopped: 0.0043705 seconds, Stopping threads took: 0.0000196 seconds
173.597: [GC (Allocation Failure)  725548K->405292K(1034240K), 0.0043556 secs]
173.601: Total time for which application threads were stopped: 0.0045148 seconds, Stopping threads took: 0.0000213 seconds
173.668: [GC (Allocation Failure)  725804K->413070K(1034240K), 0.0041684 secs]
173.673: Total time for which application threads were stopped: 0.0043381 seconds, Stopping threads took: 0.0000266 seconds
173.741: [GC (Allocation Failure)  733582K->413070K(1034240K), 0.0043406 secs]
173.745: Total time for which application threads were stopped: 0.0045196 seconds, Stopping threads took: 0.0000173 seconds
173.812: [GC (Allocation Failure)  733582K->413518K(1033216K), 0.0045076 secs]
173.817: Total time for which application threads were stopped: 0.0046550 seconds, Stopping threads took: 0.0000204 seconds
173.882: [GC (Allocation Failure)  733006K->421136K(1033728K), 0.0044875 secs]
173.887: Total time for which application threads were stopped: 0.0046538 seconds, Stopping threads took: 0.0000193 seconds
173.954: [GC (Allocation Failure)  740624K->421136K(1033728K), 0.0044230 secs]
173.959: Total time for which application threads were stopped: 0.0045848 seconds, Stopping threads took: 0.0000190 seconds
174.021: [GC (Allocation Failure)  740624K->421256K(1033728K), 0.0044397 secs]
174.026: Total time for which application threads were stopped: 0.0045896 seconds, Stopping threads took: 0.0000208 seconds
174.091: [GC (Allocation Failure)  740744K->429162K(1033728K), 0.0044130 secs]
174.095: Total time for which application threads were stopped: 0.0045656 seconds, Stopping threads took: 0.0000204 seconds
174.159: [GC (Allocation Failure)  748650K->429098K(1033728K), 0.0043758 secs]
174.163: Total time for which application threads were stopped: 0.0045294 seconds, Stopping threads took: 0.0000182 seconds
174.229: [GC (Allocation Failure)  748586K->429194K(1033728K), 0.0044882 secs]
174.233: Total time for which application threads were stopped: 0.0046341 seconds, Stopping threads took: 0.0000162 seconds
174.299: [GC (Allocation Failure)  748682K->437165K(1027072K), 0.0045480 secs]
174.304: Total time for which application threads were stopped: 0.0047000 seconds, Stopping threads took: 0.0000275 seconds
174.367: [GC (Allocation Failure)  756652K->433290K(1034240K), 0.0033389 secs]
174.371: Total time for which application threads were stopped: 0.0035179 seconds, Stopping threads took: 0.0000140 seconds
174.438: [GC (Allocation Failure)  752778K->437325K(1033216K), 0.0045637 secs]
174.442: Total time for which application threads were stopped: 0.0047528 seconds, Stopping threads took: 0.0000196 seconds
174.512: [GC (Allocation Failure)  756813K->441293K(1034752K), 0.0043198 secs]
174.516: Total time for which application threads were stopped: 0.0044965 seconds, Stopping threads took: 0.0000164 seconds
174.584: [GC (Allocation Failure)  762829K->434506K(1034752K), 0.0019287 secs]
174.586: Total time for which application threads were stopped: 0.0020576 seconds, Stopping threads took: 0.0000165 seconds
174.654: [GC (Allocation Failure)  756042K->441397K(1034752K), 0.0043865 secs]
174.659: Total time for which application threads were stopped: 0.0045509 seconds, Stopping threads took: 0.0000287 seconds
174.726: [GC (Allocation Failure)  762933K->445437K(1034752K), 0.0054325 secs]
174.731: Total time for which application threads were stopped: 0.0056123 seconds, Stopping threads took: 0.0000202 seconds
174.797: [GC (Allocation Failure)  766973K->439898K(1034752K), 0.0026357 secs]
174.800: Total time for which application threads were stopped: 0.0027825 seconds, Stopping threads took: 0.0000195 seconds
174.868: [GC (Allocation Failure)  761434K->445701K(1034752K), 0.0045180 secs]
174.872: Total time for which application threads were stopped: 0.0046695 seconds, Stopping threads took: 0.0000192 seconds
174.939: [GC (Allocation Failure)  767237K->449541K(1034752K), 0.0047921 secs]
174.944: Total time for which application threads were stopped: 0.0049517 seconds, Stopping threads took: 0.0000219 seconds
175.010: [GC (Allocation Failure)  772029K->445698K(1035264K), 0.0033702 secs]
175.013: Total time for which application threads were stopped: 0.0035372 seconds, Stopping threads took: 0.0000254 seconds
175.081: [GC (Allocation Failure)  768258K->449741K(1036288K), 0.0044728 secs]
175.085: Total time for which application threads were stopped: 0.0046546 seconds, Stopping threads took: 0.0000283 seconds
175.154: [GC (Allocation Failure)  773837K->453709K(1035776K), 0.0042597 secs]
175.158: Total time for which application threads were stopped: 0.0044107 seconds, Stopping threads took: 0.0000283 seconds
175.227: [GC (Allocation Failure)  777805K->453677K(1035776K), 0.0043348 secs]
175.232: Total time for which application threads were stopped: 0.0045091 seconds, Stopping threads took: 0.0000178 seconds
175.299: [GC (Allocation Failure)  777261K->453773K(1023488K), 0.0045531 secs]
175.304: Total time for which application threads were stopped: 0.0047130 seconds, Stopping threads took: 0.0000195 seconds
175.371: [GC (Allocation Failure)  777357K->461743K(1035264K), 0.0046337 secs]
175.375: Total time for which application threads were stopped: 0.0048032 seconds, Stopping threads took: 0.0000195 seconds
175.443: [GC (Allocation Failure)  784303K->461775K(1030144K), 0.0043217 secs]
175.448: Total time for which application threads were stopped: 0.0044932 seconds, Stopping threads took: 0.0000200 seconds
175.516: [GC (Allocation Failure)  784335K->461799K(1034752K), 0.0045570 secs]
175.520: Total time for which application threads were stopped: 0.0047424 seconds, Stopping threads took: 0.0000200 seconds
175.588: [GC (Allocation Failure)  783335K->469801K(1034752K), 0.0048395 secs]
175.593: Total time for which application threads were stopped: 0.0050152 seconds, Stopping threads took: 0.0000214 seconds
175.662: [GC (Allocation Failure)  791337K->469737K(1033728K), 0.0042314 secs]
175.666: Total time for which application threads were stopped: 0.0044325 seconds, Stopping threads took: 0.0000253 seconds
175.734: [GC (Allocation Failure)  790249K->470025K(1034240K), 0.0044567 secs]
175.739: Total time for which application threads were stopped: 0.0046265 seconds, Stopping threads took: 0.0000194 seconds
175.806: [GC (Allocation Failure)  790537K->477803K(1034240K), 0.0045454 secs]
175.811: Total time for which application threads were stopped: 0.0047186 seconds, Stopping threads took: 0.0000196 seconds
175.881: [GC (Allocation Failure)  798315K->477803K(1034240K), 0.0046596 secs]
175.885: Total time for which application threads were stopped: 0.0048351 seconds, Stopping threads took: 0.0000194 seconds
175.955: [GC (Allocation Failure)  798315K->478251K(1034240K), 0.0047566 secs]
175.960: Total time for which application threads were stopped: 0.0049413 seconds, Stopping threads took: 0.0000208 seconds
176.029: [GC (Allocation Failure)  798763K->485870K(1028096K), 0.0045872 secs]
176.033: Total time for which application threads were stopped: 0.0047514 seconds, Stopping threads took: 0.0000211 seconds
176.101: [GC (Allocation Failure)  806382K->485870K(1033728K), 0.0046785 secs]
176.106: Total time for which application threads were stopped: 0.0048691 seconds, Stopping threads took: 0.0000193 seconds
176.173: [GC (Allocation Failure)  805358K->485990K(1033728K), 0.0044302 secs]
176.177: Total time for which application threads were stopped: 0.0046300 seconds, Stopping threads took: 0.0000255 seconds
176.247: [GC (Allocation Failure)  805478K->493864K(1033728K), 0.0045425 secs]
176.251: Total time for which application threads were stopped: 0.0047009 seconds, Stopping threads took: 0.0000247 seconds
176.319: [GC (Allocation Failure)  813352K->493896K(1033728K), 0.0046046 secs]
176.323: Total time for which application threads were stopped: 0.0047784 seconds, Stopping threads took: 0.0000200 seconds
176.392: [GC (Allocation Failure)  813384K->493928K(1033728K), 0.0044686 secs]
176.397: Total time for which application threads were stopped: 0.0046620 seconds, Stopping threads took: 0.0000195 seconds
176.464: [GC (Allocation Failure)  813416K->501898K(1027072K), 0.0047846 secs]
176.469: Total time for which application threads were stopped: 0.0049417 seconds, Stopping threads took: 0.0000185 seconds
176.535: [GC (Allocation Failure)  821386K->497992K(1034240K), 0.0037566 secs]
176.539: Total time for which application threads were stopped: 0.0039201 seconds, Stopping threads took: 0.0000200 seconds
176.607: [GC (Allocation Failure)  817480K->502058K(1033216K), 0.0048142 secs]
176.611: Total time for which application threads were stopped: 0.0049736 seconds, Stopping threads took: 0.0000191 seconds
176.679: [GC (Allocation Failure)  821546K->506058K(1034752K), 0.0046684 secs]
176.684: Total time for which application threads were stopped: 0.0048486 seconds, Stopping threads took: 0.0000282 seconds
176.751: [GC (Allocation Failure)  827594K->499240K(1034752K), 0.0019831 secs]
176.753: Total time for which application threads were stopped: 0.0021214 seconds, Stopping threads took: 0.0000200 seconds
176.820: [GC (Allocation Failure)  820776K->506098K(1034752K), 0.0046539 secs]
176.825: Total time for which application threads were stopped: 0.0048223 seconds, Stopping threads took: 0.0000193 seconds
176.891: [GC (Allocation Failure)  827634K->510170K(1034752K), 0.0068914 secs]
176.898: Total time for which application threads were stopped: 0.0070652 seconds, Stopping threads took: 0.0000274 seconds
176.964: [GC (Allocation Failure)  831706K->504600K(1034752K), 0.0027145 secs]
176.967: Total time for which application threads were stopped: 0.0028675 seconds, Stopping threads took: 0.0000196 seconds
177.035: [GC (Allocation Failure)  826136K->510434K(1034752K), 0.0054225 secs]
177.040: Total time for which application threads were stopped: 0.0055809 seconds, Stopping threads took: 0.0000177 seconds
177.108: [GC (Allocation Failure)  831970K->514306K(1035264K), 0.0048615 secs]
177.112: Total time for which application threads were stopped: 0.0050306 seconds, Stopping threads took: 0.0000192 seconds
177.180: [GC (Allocation Failure)  836795K->510432K(1035264K), 0.0033221 secs]
177.183: Total time for which application threads were stopped: 0.0035184 seconds, Stopping threads took: 0.0000257 seconds
177.254: [GC (Allocation Failure)  832992K->514474K(1036288K), 0.0048437 secs]
177.259: Total time for which application threads were stopped: 0.0049939 seconds, Stopping threads took: 0.0000176 seconds
177.327: [GC (Allocation Failure)  838570K->518442K(1035776K), 0.0044958 secs]
177.331: Total time for which application threads were stopped: 0.0046664 seconds, Stopping threads took: 0.0000199 seconds
177.401: [GC (Allocation Failure)  842538K->518442K(1035776K), 0.0045556 secs]
177.406: Total time for which application threads were stopped: 0.0047640 seconds, Stopping threads took: 0.0000199 seconds
177.474: [GC (Allocation Failure)  842026K->518506K(1023488K), 0.0047118 secs]
177.479: Total time for which application threads were stopped: 0.0048914 seconds, Stopping threads took: 0.0000197 seconds
177.547: [GC (Allocation Failure)  842090K->526541K(1035264K), 0.0047606 secs]
177.552: Total time for which application threads were stopped: 0.0049247 seconds, Stopping threads took: 0.0000202 seconds
177.619: [GC (Allocation Failure)  849101K->526477K(1030144K), 0.0045724 secs]
177.624: Total time for which application threads were stopped: 0.0047455 seconds, Stopping threads took: 0.0000195 seconds
177.692: [GC (Allocation Failure)  849037K->526541K(1034752K), 0.0046141 secs]
177.696: Total time for which application threads were stopped: 0.0047897 seconds, Stopping threads took: 0.0000205 seconds
177.764: [GC (Allocation Failure)  848077K->534543K(1029120K), 0.0048328 secs]
177.769: Total time for which application threads were stopped: 0.0050027 seconds, Stopping threads took: 0.0000192 seconds
177.837: [GC (Allocation Failure)  856079K->534479K(1034240K), 0.0046185 secs]
177.842: Total time for which application threads were stopped: 0.0047829 seconds, Stopping threads took: 0.0000201 seconds
177.908: [GC (Allocation Failure)  854991K->534759K(1034240K), 0.0048148 secs]
177.913: Total time for which application threads were stopped: 0.0049891 seconds, Stopping threads took: 0.0000199 seconds
177.981: [GC (Allocation Failure)  855271K->542569K(1034240K), 0.0044588 secs]
177.985: Total time for which application threads were stopped: 0.0046405 seconds, Stopping threads took: 0.0000200 seconds
178.053: [GC (Allocation Failure)  863081K->542537K(1034240K), 0.0047512 secs]
178.058: Total time for which application threads were stopped: 0.0049353 seconds, Stopping threads took: 0.0000245 seconds
178.125: [GC (Allocation Failure)  863049K->542985K(1033216K), 0.0048102 secs]
178.130: Total time for which application threads were stopped: 0.0050027 seconds, Stopping threads took: 0.0000210 seconds
178.197: [GC (Allocation Failure)  862473K->550603K(1033728K), 0.0046820 secs]
178.202: Total time for which application threads were stopped: 0.0048795 seconds, Stopping threads took: 0.0000255 seconds
178.271: [GC (Allocation Failure)  870091K->550539K(1033728K), 0.0047472 secs]
178.276: Total time for which application threads were stopped: 0.0049299 seconds, Stopping threads took: 0.0000173 seconds
178.343: [GC (Allocation Failure)  870027K->550667K(1033728K), 0.0099896 secs]
178.353: Total time for which application threads were stopped: 0.0101806 seconds, Stopping threads took: 0.0000222 seconds
178.422: [GC (Allocation Failure)  870155K->558638K(1033728K), 0.0047026 secs]
178.427: Total time for which application threads were stopped: 0.0048710 seconds, Stopping threads took: 0.0000208 seconds
178.494: [GC (Allocation Failure)  878126K->558606K(1033728K), 0.0049394 secs]
178.499: Total time for which application threads were stopped: 0.0051123 seconds, Stopping threads took: 0.0000195 seconds
178.566: [GC (Allocation Failure)  878094K->558670K(1033728K), 0.0048262 secs]
178.571: Total time for which application threads were stopped: 0.0050173 seconds, Stopping threads took: 0.0000196 seconds
178.639: [GC (Allocation Failure)  878158K->566640K(1027072K), 0.0049173 secs]
178.644: Total time for which application threads were stopped: 0.0050909 seconds, Stopping threads took: 0.0000256 seconds
178.709: [GC (Allocation Failure)  886127K->562734K(1034240K), 0.0039111 secs]
178.713: Total time for which application threads were stopped: 0.0040809 seconds, Stopping threads took: 0.0000197 seconds
178.781: [GC (Allocation Failure)  882222K->566792K(1033216K), 0.0048863 secs]
178.786: Total time for which application threads were stopped: 0.0050551 seconds, Stopping threads took: 0.0000216 seconds
178.853: [GC (Allocation Failure)  886280K->570760K(1034752K), 0.0046632 secs]
178.857: Total time for which application threads were stopped: 0.0048261 seconds, Stopping threads took: 0.0000196 seconds
178.924: [GC (Allocation Failure)  892296K->563974K(1034752K), 0.0023005 secs]
178.926: Total time for which application threads were stopped: 0.0024630 seconds, Stopping threads took: 0.0000190 seconds
178.995: [GC (Allocation Failure)  885510K->570832K(1034752K), 0.0047876 secs]
179.000: Total time for which application threads were stopped: 0.0049610 seconds, Stopping threads took: 0.0000194 seconds
179.066: [GC (Allocation Failure)  892368K->574912K(1034752K), 0.0055497 secs]
179.071: Total time for which application threads were stopped: 0.0057105 seconds, Stopping threads took: 0.0000193 seconds
179.137: [GC (Allocation Failure)  896448K->569374K(1034752K), 0.0028659 secs]
179.140: Total time for which application threads were stopped: 0.0030205 seconds, Stopping threads took: 0.0000198 seconds
179.207: [GC (Allocation Failure)  890910K->575216K(1034752K), 0.0048330 secs]
179.212: Total time for which application threads were stopped: 0.0050075 seconds, Stopping threads took: 0.0000201 seconds
179.279: [GC (Allocation Failure)  896752K->579056K(1035264K), 0.0052519 secs]
179.284: Total time for which application threads were stopped: 0.0054245 seconds, Stopping threads took: 0.0000201 seconds
179.351: [GC (Allocation Failure)  901544K->575150K(1035264K), 0.0047035 secs]
179.356: Total time for which application threads were stopped: 0.0048614 seconds, Stopping threads took: 0.0000278 seconds
179.424: [GC (Allocation Failure)  897710K->579208K(1036288K), 0.0050294 secs]
179.430: Total time for which application threads were stopped: 0.0052043 seconds, Stopping threads took: 0.0000200 seconds
179.497: [GC (Allocation Failure)  903304K->583176K(1035776K), 0.0047027 secs]
179.502: Total time for which application threads were stopped: 0.0048613 seconds, Stopping threads took: 0.0000196 seconds
179.572: [GC (Allocation Failure)  907272K->583176K(1035776K), 0.0047648 secs]
179.577: Total time for which application threads were stopped: 0.0049253 seconds, Stopping threads took: 0.0000193 seconds
179.645: [GC (Allocation Failure)  906760K->583240K(1023488K), 0.0046306 secs]
179.649: Total time for which application threads were stopped: 0.0047904 seconds, Stopping threads took: 0.0000264 seconds
179.716: [GC (Allocation Failure)  906824K->591242K(1035264K), 0.0046981 secs]
179.721: Total time for which application threads were stopped: 0.0048949 seconds, Stopping threads took: 0.0000253 seconds
179.790: [GC (Allocation Failure)  913802K->591178K(1030144K), 0.0045290 secs]
179.795: Total time for which application threads were stopped: 0.0046845 seconds, Stopping threads took: 0.0000176 seconds
179.862: [GC (Allocation Failure)  913738K->591274K(1034752K), 0.0050131 secs]
179.868: Total time for which application threads were stopped: 0.0051867 seconds, Stopping threads took: 0.0000204 seconds
179.935: [GC (Allocation Failure)  912810K->599276K(1034752K), 0.0050345 secs]
179.941: Total time for which application threads were stopped: 0.0052105 seconds, Stopping threads took: 0.0000197 seconds
180.009: [GC (Allocation Failure)  920812K->599244K(1033728K), 0.0046476 secs]
180.014: Total time for which application threads were stopped: 0.0048202 seconds, Stopping threads took: 0.0000212 seconds
180.081: [GC (Allocation Failure)  919756K->599492K(1034240K), 0.0049761 secs]
180.086: Total time for which application threads were stopped: 0.0051457 seconds, Stopping threads took: 0.0000198 seconds
180.156: [GC (Allocation Failure)  920004K->607239K(1034240K), 0.0046089 secs]
180.161: Total time for which application threads were stopped: 0.0047960 seconds, Stopping threads took: 0.0000279 seconds
180.229: [GC (Allocation Failure)  927751K->607271K(1034240K), 0.0048989 secs]
180.234: Total time for which application threads were stopped: 0.0050723 seconds, Stopping threads took: 0.0000199 seconds
180.301: [GC (Allocation Failure)  927783K->607687K(1033216K), 0.0047141 secs]
180.306: Total time for which application threads were stopped: 0.0049103 seconds, Stopping threads took: 0.0000202 seconds
180.378: [GC (Allocation Failure)  927175K->615337K(1033728K), 0.0048557 secs]
180.383: Total time for which application threads were stopped: 0.0050252 seconds, Stopping threads took: 0.0000190 seconds
180.451: [GC (Allocation Failure)  934825K->615305K(1033728K), 0.0048380 secs]
180.456: Total time for which application threads were stopped: 0.0050154 seconds, Stopping threads took: 0.0000195 seconds
180.521: [GC (Allocation Failure)  934793K->615433K(1033728K), 0.0048740 secs]
180.526: Total time for which application threads were stopped: 0.0050467 seconds, Stopping threads took: 0.0000199 seconds
180.594: [GC (Allocation Failure)  934921K->623307K(1033728K), 0.0048440 secs]
180.599: Total time for which application threads were stopped: 0.0050152 seconds, Stopping threads took: 0.0000203 seconds
180.666: [GC (Allocation Failure)  942795K->623339K(1033728K), 0.0048392 secs]
180.671: Total time for which application threads were stopped: 0.0050278 seconds, Stopping threads took: 0.0000262 seconds
180.739: [GC (Allocation Failure)  942827K->623403K(1033728K), 0.0049283 secs]
180.744: Total time for which application threads were stopped: 0.0050904 seconds, Stopping threads took: 0.0000186 seconds
180.812: [GC (Allocation Failure)  942891K->631405K(1027072K), 0.0050231 secs]
180.818: Total time for which application threads were stopped: 0.0051777 seconds, Stopping threads took: 0.0000188 seconds
180.882: [GC (Allocation Failure)  950893K->627467K(1034240K), 0.0038504 secs]
180.886: Total time for which application threads were stopped: 0.0040177 seconds, Stopping threads took: 0.0000194 seconds
180.954: [GC (Allocation Failure)  946955K->631533K(1033216K), 0.0049951 secs]
180.959: Total time for which application threads were stopped: 0.0051682 seconds, Stopping threads took: 0.0000192 seconds
181.026: [GC (Allocation Failure)  951021K->635501K(1034752K), 0.0048792 secs]
181.031: Total time for which application threads were stopped: 0.0050450 seconds, Stopping threads took: 0.0000192 seconds
181.098: [GC (Allocation Failure)  957037K->628715K(1034752K), 0.0022598 secs]
181.100: Total time for which application threads were stopped: 0.0024016 seconds, Stopping threads took: 0.0000203 seconds
181.168: [GC (Allocation Failure)  950251K->635573K(1034752K), 0.0047266 secs]
181.172: Total time for which application threads were stopped: 0.0049147 seconds, Stopping threads took: 0.0000259 seconds
181.238: [GC (Allocation Failure)  957109K->639653K(1034752K), 0.0071287 secs]
181.245: Total time for which application threads were stopped: 0.0073024 seconds, Stopping threads took: 0.0000200 seconds
181.312: [GC (Allocation Failure)  961189K->634083K(1034752K), 0.0029932 secs]
181.315: Total time for which application threads were stopped: 0.0031442 seconds, Stopping threads took: 0.0000189 seconds
181.386: [GC (Allocation Failure)  955619K->639925K(1034752K), 0.0049230 secs]
181.391: Total time for which application threads were stopped: 0.0050932 seconds, Stopping threads took: 0.0000194 seconds
181.458: [GC (Allocation Failure)  961461K->643829K(1034752K), 0.0052786 secs]
181.464: Total time for which application threads were stopped: 0.0054549 seconds, Stopping threads took: 0.0000251 seconds
181.531: [GC (Allocation Failure)  966318K->639923K(1035264K), 0.0037689 secs]
181.534: Total time for which application threads were stopped: 0.0039293 seconds, Stopping threads took: 0.0000198 seconds
181.603: [GC (Allocation Failure)  962483K->643949K(1036288K), 0.0048339 secs]
181.608: Total time for which application threads were stopped: 0.0050163 seconds, Stopping threads took: 0.0000198 seconds
181.676: [GC (Allocation Failure)  968045K->647917K(1035776K), 0.0046976 secs]
181.681: Total time for which application threads were stopped: 0.0048692 seconds, Stopping threads took: 0.0000262 seconds
181.750: [GC (Allocation Failure)  972013K->647885K(1035776K), 0.0048529 secs]
181.755: Total time for which application threads were stopped: 0.0050465 seconds, Stopping threads took: 0.0000197 seconds
181.824: [GC (Allocation Failure)  971469K->647981K(1023488K), 0.0047731 secs]
181.829: Total time for which application threads were stopped: 0.0049111 seconds, Stopping threads took: 0.0000168 seconds
181.897: [GC (Allocation Failure)  971565K->655984K(1035264K), 0.0050245 secs]
181.902: Total time for which application threads were stopped: 0.0051909 seconds, Stopping threads took: 0.0000275 seconds
181.969: [GC (Allocation Failure)  978544K->655952K(1030144K), 0.0048345 secs]
181.974: Total time for which application threads were stopped: 0.0049952 seconds, Stopping threads took: 0.0000191 seconds
182.042: [GC (Allocation Failure)  978512K->656008K(1034752K), 0.0050059 secs]
182.047: Total time for which application threads were stopped: 0.0051654 seconds, Stopping threads took: 0.0000198 seconds
182.114: [GC (Allocation Failure)  977544K->664010K(1029120K), 0.0050885 secs]
182.119: Total time for which application threads were stopped: 0.0052462 seconds, Stopping threads took: 0.0000195 seconds
182.189: [GC (Allocation Failure)  985546K->664010K(1034240K), 0.0048187 secs]
182.194: Total time for which application threads were stopped: 0.0049887 seconds, Stopping threads took: 0.0000274 seconds
182.261: [GC (Allocation Failure)  984522K->664234K(1034240K), 0.0048372 secs]
182.266: Total time for which application threads were stopped: 0.0049979 seconds, Stopping threads took: 0.0000202 seconds
182.333: [GC (Allocation Failure)  984746K->672044K(1034240K), 0.0049173 secs]
182.338: Total time for which application threads were stopped: 0.0050803 seconds, Stopping threads took: 0.0000198 seconds
182.407: [GC (Allocation Failure)  992556K->672044K(1034240K), 0.0050376 secs]
182.412: Total time for which application threads were stopped: 0.0052189 seconds, Stopping threads took: 0.0000200 seconds
182.480: [GC (Allocation Failure)  992556K->672452K(1033216K), 0.0050191 secs]
182.485: Total time for which application threads were stopped: 0.0051915 seconds, Stopping threads took: 0.0000205 seconds
182.553: [GC (Allocation Failure)  991940K->680071K(1033728K), 0.0049717 secs]
182.558: Total time for which application threads were stopped: 0.0051561 seconds, Stopping threads took: 0.0000192 seconds
182.628: [GC (Allocation Failure)  999559K->680039K(1033728K), 0.0049633 secs]
182.633: Total time for which application threads were stopped: 0.0051543 seconds, Stopping threads took: 0.0000198 seconds
182.699: [GC (Allocation Failure)  999527K->680167K(1033728K), 0.0049269 secs]
182.704: Total time for which application threads were stopped: 0.0051184 seconds, Stopping threads took: 0.0000276 seconds
182.773: [GC (Allocation Failure)  999655K->688105K(1033728K), 0.0048930 secs]
182.778: Total time for which application threads were stopped: 0.0050770 seconds, Stopping threads took: 0.0000191 seconds
182.846: [GC (Allocation Failure)  1007593K->688041K(1033728K), 0.0050555 secs]
182.852: Total time for which application threads were stopped: 0.0052288 seconds, Stopping threads took: 0.0000196 seconds
182.918: [GC (Allocation Failure)  1007529K->688137K(1033728K), 0.0049962 secs]
182.923: [Full GC (Ergonomics)  688137K->8540K(1033728K), 0.0120583 secs]
182.936: Total time for which application threads were stopped: 0.0173113 seconds, Stopping threads took: 0.0000203 seconds
183.002: [GC (Allocation Failure)  328028K->16735K(1027584K), 0.0037186 secs]
183.006: Total time for which application threads were stopped: 0.0038864 seconds, Stopping threads took: 0.0000196 seconds
183.070: [GC (Allocation Failure)  336222K->12844K(1034240K), 0.0025161 secs]
183.073: Total time for which application threads were stopped: 0.0026671 seconds, Stopping threads took: 0.0000198 seconds
183.140: [GC (Allocation Failure)  332332K->16871K(1033216K), 0.0039527 secs]
183.144: Total time for which application threads were stopped: 0.0041077 seconds, Stopping threads took: 0.0000198 seconds
183.213: [GC (Allocation Failure)  336359K->20839K(1034752K), 0.0034907 secs]
183.217: Total time for which application threads were stopped: 0.0036682 seconds, Stopping threads took: 0.0000202 seconds
183.284: [GC (Allocation Failure)  342375K->14052K(1034752K), 0.0010735 secs]
183.285: Total time for which application threads were stopped: 0.0012074 seconds, Stopping threads took: 0.0000200 seconds
183.353: [GC (Allocation Failure)  335588K->20903K(1034752K), 0.0042286 secs]
183.357: Total time for which application threads were stopped: 0.0044175 seconds, Stopping threads took: 0.0000247 seconds
183.424: [GC (Allocation Failure)  342439K->25007K(1034752K), 0.0044564 secs]
183.429: Total time for which application threads were stopped: 0.0046320 seconds, Stopping threads took: 0.0000193 seconds
183.494: [GC (Allocation Failure)  346543K->19436K(1034752K), 0.0016094 secs]
183.496: Total time for which application threads were stopped: 0.0017438 seconds, Stopping threads took: 0.0000193 seconds
183.563: [GC (Allocation Failure)  340972K->25287K(1034752K), 0.0035799 secs]
183.567: Total time for which application threads were stopped: 0.0037520 seconds, Stopping threads took: 0.0000339 seconds
183.633: [GC (Allocation Failure)  346823K->29127K(1035264K), 0.0050057 secs]
183.639: Total time for which application threads were stopped: 0.0051768 seconds, Stopping threads took: 0.0000192 seconds
183.707: [GC (Allocation Failure)  351615K->25220K(1035264K), 0.0024354 secs]
183.710: Total time for which application threads were stopped: 0.0026050 seconds, Stopping threads took: 0.0000276 seconds
183.778: [GC (Allocation Failure)  347780K->29287K(1036288K), 0.0040246 secs]
183.782: Total time for which application threads were stopped: 0.0042049 seconds, Stopping threads took: 0.0000193 seconds
183.851: [GC (Allocation Failure)  353383K->33255K(1035776K), 0.0036973 secs]
183.855: Total time for which application threads were stopped: 0.0038623 seconds, Stopping threads took: 0.0000200 seconds
183.924: [GC (Allocation Failure)  357351K->33287K(1035776K), 0.0036827 secs]
183.928: Total time for which application threads were stopped: 0.0038475 seconds, Stopping threads took: 0.0000204 seconds
183.996: [GC (Allocation Failure)  356871K->33319K(1023488K), 0.0036218 secs]
183.999: Total time for which application threads were stopped: 0.0037811 seconds, Stopping threads took: 0.0000207 seconds
184.066: [GC (Allocation Failure)  356903K->41321K(1035264K), 0.0038448 secs]
184.070: Total time for which application threads were stopped: 0.0039988 seconds, Stopping threads took: 0.0000195 seconds
184.135: [GC (Allocation Failure)  363881K->41289K(1030144K), 0.0035829 secs]
184.138: Total time for which application threads were stopped: 0.0037337 seconds, Stopping threads took: 0.0000200 seconds
184.205: [GC (Allocation Failure)  363849K->41353K(1034752K), 0.0036331 secs]
184.209: Total time for which application threads were stopped: 0.0038009 seconds, Stopping threads took: 0.0000418 seconds
184.274: [GC (Allocation Failure)  362889K->49355K(1029120K), 0.0038840 secs]
184.278: Total time for which application threads were stopped: 0.0040415 seconds, Stopping threads took: 0.0000217 seconds
184.344: [GC (Allocation Failure)  370891K->49323K(1034240K), 0.0041129 secs]
184.348: Total time for which application threads were stopped: 0.0042700 seconds, Stopping threads took: 0.0000248 seconds
184.416: [GC (Allocation Failure)  369835K->49547K(1034240K), 0.0036597 secs]
184.420: Total time for which application threads were stopped: 0.0038231 seconds, Stopping threads took: 0.0000197 seconds
184.487: [GC (Allocation Failure)  370059K->57389K(1034240K), 0.0037143 secs]
184.491: Total time for which application threads were stopped: 0.0038936 seconds, Stopping threads took: 0.0000201 seconds
184.558: [GC (Allocation Failure)  377901K->57325K(1034240K), 0.0044965 secs]
184.562: Total time for which application threads were stopped: 0.0046548 seconds, Stopping threads took: 0.0000205 seconds
184.630: [GC (Allocation Failure)  377837K->57797K(1033216K), 0.0039157 secs]
184.634: Total time for which application threads were stopped: 0.0040834 seconds, Stopping threads took: 0.0000206 seconds
184.702: [GC (Allocation Failure)  377285K->65384K(1033728K), 0.0038350 secs]
184.706: Total time for which application threads were stopped: 0.0039991 seconds, Stopping threads took: 0.0000198 seconds
184.773: [GC (Allocation Failure)  384872K->65416K(1033728K), 0.0038032 secs]
184.777: Total time for which application threads were stopped: 0.0039726 seconds, Stopping threads took: 0.0000195 seconds
184.841: [GC (Allocation Failure)  384904K->65544K(1033728K), 0.0037627 secs]
184.844: Total time for which application threads were stopped: 0.0039079 seconds, Stopping threads took: 0.0000271 seconds
184.909: [GC (Allocation Failure)  385032K->73450K(1033728K), 0.0034823 secs]
184.912: Total time for which application threads were stopped: 0.0036160 seconds, Stopping threads took: 0.0000193 seconds
184.977: [GC (Allocation Failure)  392938K->73450K(1033728K), 0.0037303 secs]
184.981: Total time for which application threads were stopped: 0.0038623 seconds, Stopping threads took: 0.0000186 seconds
185.044: [GC (Allocation Failure)  392938K->73482K(1033728K), 0.0035663 secs]
185.048: Total time for which application threads were stopped: 0.0037227 seconds, Stopping threads took: 0.0000263 seconds
185.112: [GC (Allocation Failure)  392970K->81420K(1027072K), 0.0037862 secs]
185.116: Total time for which application threads were stopped: 0.0039268 seconds, Stopping threads took: 0.0000194 seconds
185.178: [GC (Allocation Failure)  400908K->77514K(1034240K), 0.0028006 secs]
185.181: Total time for which application threads were stopped: 0.0029458 seconds, Stopping threads took: 0.0000197 seconds
185.246: [GC (Allocation Failure)  397002K->81612K(1033216K), 0.0037836 secs]
185.250: Total time for which application threads were stopped: 0.0039189 seconds, Stopping threads took: 0.0000196 seconds
185.314: [GC (Allocation Failure)  401100K->85580K(1034752K), 0.0036702 secs]
185.317: Total time for which application threads were stopped: 0.0038385 seconds, Stopping threads took: 0.0000297 seconds
185.383: [GC (Allocation Failure)  407116K->78794K(1034752K), 0.0011885 secs]
185.385: Total time for which application threads were stopped: 0.0013581 seconds, Stopping threads took: 0.0000207 seconds
185.452: [GC (Allocation Failure)  400330K->85676K(1034752K), 0.0037605 secs]
185.456: Total time for which application threads were stopped: 0.0039260 seconds, Stopping threads took: 0.0000194 seconds
185.521: [GC (Allocation Failure)  407212K->89716K(1034752K), 0.0047897 secs]
185.526: Total time for which application threads were stopped: 0.0049698 seconds, Stopping threads took: 0.0000201 seconds
185.594: [GC (Allocation Failure)  411252K->84146K(1034752K), 0.0017227 secs]
185.595: Total time for which application threads were stopped: 0.0018662 seconds, Stopping threads took: 0.0000200 seconds
185.665: [GC (Allocation Failure)  405682K->90028K(1034752K), 0.0036791 secs]
185.669: Total time for which application threads were stopped: 0.0038592 seconds, Stopping threads took: 0.0000247 seconds
185.736: [GC (Allocation Failure)  411564K->93868K(1035264K), 0.0041687 secs]
185.740: Total time for which application threads were stopped: 0.0043307 seconds, Stopping threads took: 0.0000264 seconds
185.806: [GC (Allocation Failure)  416356K->89962K(1035264K), 0.0024885 secs]
185.808: Total time for which application threads were stopped: 0.0026394 seconds, Stopping threads took: 0.0000203 seconds
185.876: [GC (Allocation Failure)  412522K->94028K(1036288K), 0.0039040 secs]
185.880: Total time for which application threads were stopped: 0.0040787 seconds, Stopping threads took: 0.0000204 seconds
185.948: [GC (Allocation Failure)  418124K->98028K(1035776K), 0.0037948 secs]
185.952: Total time for which application threads were stopped: 0.0039623 seconds, Stopping threads took: 0.0000206 seconds
186.018: [GC (Allocation Failure)  422124K->98028K(1035776K), 0.0036031 secs]
186.022: Total time for which application threads were stopped: 0.0037580 seconds, Stopping threads took: 0.0000205 seconds
186.089: [GC (Allocation Failure)  421612K->98060K(1023488K), 0.0039154 secs]
186.093: Total time for which application threads were stopped: 0.0040911 seconds, Stopping threads took: 0.0000205 seconds
186.157: [GC (Allocation Failure)  421644K->106062K(1035264K), 0.0037089 secs]
186.161: Total time for which application threads were stopped: 0.0038440 seconds, Stopping threads took: 0.0000276 seconds
186.227: [GC (Allocation Failure)  428622K->106030K(1030144K), 0.0033940 secs]
186.231: Total time for which application threads were stopped: 0.0035440 seconds, Stopping threads took: 0.0000254 seconds
186.296: [GC (Allocation Failure)  428590K->106054K(1034752K), 0.0036942 secs]
186.299: Total time for which application threads were stopped: 0.0038166 seconds, Stopping threads took: 0.0000168 seconds
186.365: [GC (Allocation Failure)  427590K->114089K(1029120K), 0.0037600 secs]
186.369: Total time for which application threads were stopped: 0.0039201 seconds, Stopping threads took: 0.0000142 seconds
186.437: [GC (Allocation Failure)  435625K->114057K(1034240K), 0.0038393 secs]
186.441: Total time for which application threads were stopped: 0.0039854 seconds, Stopping threads took: 0.0000171 seconds
186.509: [GC (Allocation Failure)  434569K->114313K(1034240K), 0.0038437 secs]
186.513: Total time for which application threads were stopped: 0.0040009 seconds, Stopping threads took: 0.0000202 seconds
186.581: [GC (Allocation Failure)  434825K->122091K(1034240K), 0.0038211 secs]
186.585: Total time for which application threads were stopped: 0.0040046 seconds, Stopping threads took: 0.0000220 seconds
186.650: [GC (Allocation Failure)  442603K->122123K(1034240K), 0.0036610 secs]
186.654: Total time for which application threads were stopped: 0.0038154 seconds, Stopping threads took: 0.0000190 seconds
186.718: [GC (Allocation Failure)  442635K->122539K(1033216K), 0.0038761 secs]
186.722: Total time for which application threads were stopped: 0.0040181 seconds, Stopping threads took: 0.0000282 seconds
186.787: [GC (Allocation Failure)  442027K->130125K(1033728K), 0.0038086 secs]
186.791: Total time for which application threads were stopped: 0.0039409 seconds, Stopping threads took: 0.0000186 seconds
186.857: [GC (Allocation Failure)  449613K->130125K(1033728K), 0.0038376 secs]
186.861: Total time for which application threads were stopped: 0.0039814 seconds, Stopping threads took: 0.0000198 seconds
186.922: [GC (Allocation Failure)  449613K->130285K(1033728K), 0.0039286 secs]
186.926: Total time for which application threads were stopped: 0.0040659 seconds, Stopping threads took: 0.0000184 seconds
186.990: [GC (Allocation Failure)  449773K->138159K(1033728K), 0.0037330 secs]
186.994: Total time for which application threads were stopped: 0.0038876 seconds, Stopping threads took: 0.0000189 seconds
187.057: [GC (Allocation Failure)  457647K->138191K(1033728K), 0.0037492 secs]
187.061: Total time for which application threads were stopped: 0.0039048 seconds, Stopping threads took: 0.0000186 seconds
187.123: [GC (Allocation Failure)  457679K->138215K(1033728K), 0.0038010 secs]
187.127: Total time for which application threads were stopped: 0.0039409 seconds, Stopping threads took: 0.0000260 seconds
187.190: [GC (Allocation Failure)  457703K->146186K(1027072K), 0.0038999 secs]
187.194: Total time for which application threads were stopped: 0.0040510 seconds, Stopping threads took: 0.0000247 seconds
187.254: [GC (Allocation Failure)  465673K->142279K(1034240K), 0.0030012 secs]
187.257: Total time for which application threads were stopped: 0.0031624 seconds, Stopping threads took: 0.0000240 seconds
187.323: [GC (Allocation Failure)  461767K->146346K(1033216K), 0.0036775 secs]
187.327: Total time for which application threads were stopped: 0.0038129 seconds, Stopping threads took: 0.0000157 seconds
187.395: [GC (Allocation Failure)  465834K->150346K(1034752K), 0.0036825 secs]
187.398: Total time for which application threads were stopped: 0.0038207 seconds, Stopping threads took: 0.0000166 seconds
187.463: [GC (Allocation Failure)  471882K->143527K(1034752K), 0.0013928 secs]
187.464: Total time for which application threads were stopped: 0.0015239 seconds, Stopping threads took: 0.0000193 seconds
187.528: [GC (Allocation Failure)  465063K->150386K(1034752K), 0.0037337 secs]
187.531: Total time for which application threads were stopped: 0.0038752 seconds, Stopping threads took: 0.0000273 seconds
187.594: [GC (Allocation Failure)  471922K->154466K(1034752K), 0.0047994 secs]
187.599: Total time for which application threads were stopped: 0.0049396 seconds, Stopping threads took: 0.0000192 seconds
187.663: [GC (Allocation Failure)  476002K->148927K(1034752K), 0.0019148 secs]
187.665: Total time for which application threads were stopped: 0.0020474 seconds, Stopping threads took: 0.0000189 seconds
187.729: [GC (Allocation Failure)  470463K->154738K(1034752K), 0.0038956 secs]
187.733: Total time for which application threads were stopped: 0.0040319 seconds, Stopping threads took: 0.0000195 seconds
187.797: [GC (Allocation Failure)  476274K->158610K(1034752K), 0.0041942 secs]
187.801: Total time for which application threads were stopped: 0.0043345 seconds, Stopping threads took: 0.0000188 seconds
187.864: [GC (Allocation Failure)  481098K->154735K(1035264K), 0.0028859 secs]
187.867: Total time for which application threads were stopped: 0.0030375 seconds, Stopping threads took: 0.0000244 seconds
187.935: [GC (Allocation Failure)  477295K->158762K(1036288K), 0.0039074 secs]
187.939: Total time for which application threads were stopped: 0.0040416 seconds, Stopping threads took: 0.0000194 seconds
188.002: [GC (Allocation Failure)  482858K->162730K(1035776K), 0.0037364 secs]
188.006: Total time for which application threads were stopped: 0.0038686 seconds, Stopping threads took: 0.0000185 seconds
188.071: [GC (Allocation Failure)  486826K->162730K(1035776K), 0.0039566 secs]
188.075: Total time for which application threads were stopped: 0.0040917 seconds, Stopping threads took: 0.0000193 seconds
188.138: [GC (Allocation Failure)  486314K->162794K(1023488K), 0.0037879 secs]
188.142: Total time for which application threads were stopped: 0.0039361 seconds, Stopping threads took: 0.0000184 seconds
188.205: [GC (Allocation Failure)  486378K->170796K(1035264K), 0.0037494 secs]
188.209: Total time for which application threads were stopped: 0.0038817 seconds, Stopping threads took: 0.0000252 seconds
188.273: [GC (Allocation Failure)  493356K->170796K(1030144K), 0.0036306 secs]
188.276: Total time for which application threads were stopped: 0.0037920 seconds, Stopping threads took: 0.0000316 seconds
188.342: [GC (Allocation Failure)  493356K->170788K(1034752K), 0.0048992 secs]
188.347: Total time for which application threads were stopped: 0.0050357 seconds, Stopping threads took: 0.0000162 seconds
188.411: [GC (Allocation Failure)  492324K->178822K(1029120K), 0.0040637 secs]
188.415: Total time for which application threads were stopped: 0.0042297 seconds, Stopping threads took: 0.0000272 seconds
188.480: [GC (Allocation Failure)  500358K->178790K(1034240K), 0.0036112 secs]
188.483: Total time for which application threads were stopped: 0.0037484 seconds, Stopping threads took: 0.0000199 seconds
188.546: [GC (Allocation Failure)  499302K->179046K(1034240K), 0.0039590 secs]
188.550: Total time for which application threads were stopped: 0.0041033 seconds, Stopping threads took: 0.0000194 seconds
188.615: [GC (Allocation Failure)  499558K->186857K(1034240K), 0.0037878 secs]
188.619: Total time for which application threads were stopped: 0.0039393 seconds, Stopping threads took: 0.0000270 seconds
188.682: [GC (Allocation Failure)  507369K->186825K(1034240K), 0.0037585 secs]
188.686: Total time for which application threads were stopped: 0.0038970 seconds, Stopping threads took: 0.0000251 seconds
188.751: [GC (Allocation Failure)  507337K->187273K(1033216K), 0.0038832 secs]
188.755: Total time for which application threads were stopped: 0.0040160 seconds, Stopping threads took: 0.0000195 seconds
188.820: [GC (Allocation Failure)  506761K->194891K(1033728K), 0.0038303 secs]
188.824: Total time for which application threads were stopped: 0.0039625 seconds, Stopping threads took: 0.0000181 seconds
188.890: [GC (Allocation Failure)  514379K->194859K(1033728K), 0.0038725 secs]
188.894: Total time for which application threads were stopped: 0.0040193 seconds, Stopping threads took: 0.0000192 seconds
188.956: [GC (Allocation Failure)  514347K->195019K(1033728K), 0.0041761 secs]
188.960: Total time for which application threads were stopped: 0.0043046 seconds, Stopping threads took: 0.0000244 seconds
189.024: [GC (Allocation Failure)  514507K->202925K(1033728K), 0.0038487 secs]
189.028: Total time for which application threads were stopped: 0.0039809 seconds, Stopping threads took: 0.0000180 seconds
189.091: [GC (Allocation Failure)  522413K->202893K(1033728K), 0.0039512 secs]
189.095: Total time for which application threads were stopped: 0.0041078 seconds, Stopping threads took: 0.0000239 seconds
189.160: [GC (Allocation Failure)  522381K->202949K(1033728K), 0.0039749 secs]
189.164: Total time for which application threads were stopped: 0.0041121 seconds, Stopping threads took: 0.0000258 seconds
189.227: [GC (Allocation Failure)  522437K->210919K(1027072K), 0.0040075 secs]
189.231: Total time for which application threads were stopped: 0.0041516 seconds, Stopping threads took: 0.0000237 seconds
189.294: [GC (Allocation Failure)  530407K->207013K(1034240K), 0.0031125 secs]
189.297: Total time for which application threads were stopped: 0.0032409 seconds, Stopping threads took: 0.0000187 seconds
189.361: [GC (Allocation Failure)  526501K->211039K(1033216K), 0.0050958 secs]
189.366: Total time for which application threads were stopped: 0.0052510 seconds, Stopping threads took: 0.0000231 seconds
189.431: [GC (Allocation Failure)  530527K->215007K(1034752K), 0.0038035 secs]
189.435: Total time for which application threads were stopped: 0.0039394 seconds, Stopping threads took: 0.0000198 seconds
189.499: [GC (Allocation Failure)  536543K->208253K(1034752K), 0.0015997 secs]
189.501: Total time for which application threads were stopped: 0.0017636 seconds, Stopping threads took: 0.0000187 seconds
189.564: [GC (Allocation Failure)  529789K->215079K(1034752K), 0.0038071 secs]
189.568: Total time for which application threads were stopped: 0.0039559 seconds, Stopping threads took: 0.0000302 seconds
189.631: [GC (Allocation Failure)  536615K->219223K(1034752K), 0.0048999 secs]
189.636: Total time for which application threads were stopped: 0.0050448 seconds, Stopping threads took: 0.0000238 seconds
189.700: [GC (Allocation Failure)  540759K->213685K(1034752K), 0.0020656 secs]
189.702: Total time for which application threads were stopped: 0.0021957 seconds, Stopping threads took: 0.0000253 seconds
189.766: [GC (Allocation Failure)  535221K->219463K(1034752K), 0.0040042 secs]
189.770: Total time for which application threads were stopped: 0.0041548 seconds, Stopping threads took: 0.0000271 seconds
189.834: [GC (Allocation Failure)  540999K->223335K(1034752K), 0.0064280 secs]
189.841: Total time for which application threads were stopped: 0.0065575 seconds, Stopping threads took: 0.0000178 seconds
189.904: [GC (Allocation Failure)  545824K->219461K(1035264K), 0.0029526 secs]
189.907: Total time for which application threads were stopped: 0.0030956 seconds, Stopping threads took: 0.0000179 seconds
189.972: [GC (Allocation Failure)  542021K->223503K(1036288K), 0.0041335 secs]
189.976: Total time for which application threads were stopped: 0.0042837 seconds, Stopping threads took: 0.0000204 seconds
190.040: [GC (Allocation Failure)  547599K->227503K(1035776K), 0.0039232 secs]
190.043: Total time for which application threads were stopped: 0.0040569 seconds, Stopping threads took: 0.0000188 seconds
190.110: [GC (Allocation Failure)  551599K->227471K(1035776K), 0.0039419 secs]
190.114: Total time for which application threads were stopped: 0.0040934 seconds, Stopping threads took: 0.0000242 seconds
190.178: [GC (Allocation Failure)  551055K->227527K(1023488K), 0.0039010 secs]
190.182: Total time for which application threads were stopped: 0.0040411 seconds, Stopping threads took: 0.0000251 seconds
190.245: [GC (Allocation Failure)  551111K->235530K(1035264K), 0.0040471 secs]
190.249: Total time for which application threads were stopped: 0.0042018 seconds, Stopping threads took: 0.0000251 seconds
190.314: [GC (Allocation Failure)  558090K->235466K(1030144K), 0.0038423 secs]
190.318: Total time for which application threads were stopped: 0.0039837 seconds, Stopping threads took: 0.0000191 seconds
190.382: [GC (Allocation Failure)  558026K->235562K(1034752K), 0.0039234 secs]
190.386: Total time for which application threads were stopped: 0.0040444 seconds, Stopping threads took: 0.0000150 seconds
190.451: [GC (Allocation Failure)  557098K->243564K(1034752K), 0.0042358 secs]
190.455: Total time for which application threads were stopped: 0.0043718 seconds, Stopping threads took: 0.0000197 seconds
190.519: [GC (Allocation Failure)  565100K->243532K(1033728K), 0.0038305 secs]
190.523: Total time for which application threads were stopped: 0.0039641 seconds, Stopping threads took: 0.0000195 seconds
190.586: [GC (Allocation Failure)  564044K->243788K(1034240K), 0.0039588 secs]
190.591: Total time for which application threads were stopped: 0.0040945 seconds, Stopping threads took: 0.0000194 seconds
190.654: [GC (Allocation Failure)  564300K->251598K(1034240K), 0.0038360 secs]
190.658: Total time for which application threads were stopped: 0.0039683 seconds, Stopping threads took: 0.0000182 seconds
190.722: [GC (Allocation Failure)  572110K->251566K(1034240K), 0.0046014 secs]
190.726: Total time for which application threads were stopped: 0.0047475 seconds, Stopping threads took: 0.0000246 seconds
190.791: [GC (Allocation Failure)  572078K->251982K(1033216K), 0.0053699 secs]
190.796: Total time for which application threads were stopped: 0.0055031 seconds, Stopping threads took: 0.0000197 seconds
190.861: [GC (Allocation Failure)  571470K->259600K(1033728K), 0.0039421 secs]
190.865: Total time for which application threads were stopped: 0.0040710 seconds, Stopping threads took: 0.0000176 seconds
190.931: [GC (Allocation Failure)  579088K->259600K(1033728K), 0.0039479 secs]
190.935: Total time for which application threads were stopped: 0.0040946 seconds, Stopping threads took: 0.0000239 seconds
190.995: [GC (Allocation Failure)  579088K->259752K(1033728K), 0.0040610 secs]
190.999: Total time for which application threads were stopped: 0.0042050 seconds, Stopping threads took: 0.0000238 seconds
191.062: [GC (Allocation Failure)  579240K->267627K(1033728K), 0.0065373 secs]
191.069: Total time for which application threads were stopped: 0.0066701 seconds, Stopping threads took: 0.0000260 seconds
191.133: [GC (Allocation Failure)  587115K->267659K(1033728K), 0.0042780 secs]
191.137: Total time for which application threads were stopped: 0.0044061 seconds, Stopping threads took: 0.0000177 seconds
191.200: [GC (Allocation Failure)  587147K->267691K(1033728K), 0.0040308 secs]
191.204: Total time for which application threads were stopped: 0.0041866 seconds, Stopping threads took: 0.0000266 seconds
191.269: [GC (Allocation Failure)  587179K->275693K(1027072K), 0.0040160 secs]
191.274: Total time for which application threads were stopped: 0.0041377 seconds, Stopping threads took: 0.0000156 seconds
191.335: [GC (Allocation Failure)  595180K->271755K(1034240K), 0.0032306 secs]
191.338: Total time for which application threads were stopped: 0.0033547 seconds, Stopping threads took: 0.0000193 seconds
191.407: [GC (Allocation Failure)  591243K->275789K(1033216K), 0.0041404 secs]
191.412: Total time for which application threads were stopped: 0.0042678 seconds, Stopping threads took: 0.0000198 seconds
191.479: [GC (Allocation Failure)  595277K->279821K(1034752K), 0.0039444 secs]
191.483: Total time for which application threads were stopped: 0.0040699 seconds, Stopping threads took: 0.0000192 seconds
191.546: [GC (Allocation Failure)  601357K->273003K(1034752K), 0.0016661 secs]
191.548: Total time for which application threads were stopped: 0.0018182 seconds, Stopping threads took: 0.0000250 seconds
191.614: [GC (Allocation Failure)  594539K->279829K(1034752K), 0.0038774 secs]
191.618: Total time for which application threads were stopped: 0.0040296 seconds, Stopping threads took: 0.0000200 seconds
191.684: [GC (Allocation Failure)  601365K->283941K(1034752K), 0.0049858 secs]
191.690: Total time for which application threads were stopped: 0.0051358 seconds, Stopping threads took: 0.0000264 seconds
191.752: [GC (Allocation Failure)  605477K->278403K(1034752K), 0.0022390 secs]
191.754: Total time for which application threads were stopped: 0.0023758 seconds, Stopping threads took: 0.0000197 seconds
191.820: [GC (Allocation Failure)  599939K->284213K(1034752K), 0.0041774 secs]
191.825: Total time for which application threads were stopped: 0.0043249 seconds, Stopping threads took: 0.0000284 seconds
191.888: [GC (Allocation Failure)  605749K->288085K(1034752K), 0.0044645 secs]
191.893: Total time for which application threads were stopped: 0.0046025 seconds, Stopping threads took: 0.0000194 seconds
191.958: [GC (Allocation Failure)  610573K->284211K(1035264K), 0.0029669 secs]
191.961: Total time for which application threads were stopped: 0.0031324 seconds, Stopping threads took: 0.0000209 seconds
192.028: [GC (Allocation Failure)  606771K->288237K(1036288K), 0.0041993 secs]
192.032: Total time for which application threads were stopped: 0.0043375 seconds, Stopping threads took: 0.0000198 seconds
192.095: [GC (Allocation Failure)  612333K->292205K(1035776K), 0.0053300 secs]
192.101: Total time for which application threads were stopped: 0.0054728 seconds, Stopping threads took: 0.0000187 seconds
192.166: [GC (Allocation Failure)  616301K->292205K(1035776K), 0.0038782 secs]
192.170: Total time for which application threads were stopped: 0.0040193 seconds, Stopping threads took: 0.0000255 seconds
192.233: [GC (Allocation Failure)  615789K->292261K(1023488K), 0.0042624 secs]
192.238: Total time for which application threads were stopped: 0.0044043 seconds, Stopping threads took: 0.0000197 seconds
192.302: [GC (Allocation Failure)  615845K->300231K(1035264K), 0.0041856 secs]
192.306: Total time for which application threads were stopped: 0.0043243 seconds, Stopping threads took: 0.0000193 seconds
192.372: [GC (Allocation Failure)  622791K->300231K(1030144K), 0.0041469 secs]
192.376: Total time for which application threads were stopped: 0.0042918 seconds, Stopping threads took: 0.0000189 seconds
192.440: [GC (Allocation Failure)  622791K->300263K(1034752K), 0.0041427 secs]
192.445: Total time for which application threads were stopped: 0.0042854 seconds, Stopping threads took: 0.0000211 seconds
192.510: [GC (Allocation Failure)  621799K->308297K(1029120K), 0.0043927 secs]
192.515: Total time for which application threads were stopped: 0.0045452 seconds, Stopping threads took: 0.0000253 seconds
192.580: [GC (Allocation Failure)  629833K->308265K(1034240K), 0.0038978 secs]
192.584: Total time for which application threads were stopped: 0.0040343 seconds, Stopping threads took: 0.0000198 seconds
192.647: [GC (Allocation Failure)  628777K->308521K(1034240K), 0.0041250 secs]
192.652: Total time for which application threads were stopped: 0.0042719 seconds, Stopping threads took: 0.0000202 seconds
192.718: [GC (Allocation Failure)  629033K->316300K(1034240K), 0.0040399 secs]
192.722: Total time for which application threads were stopped: 0.0041813 seconds, Stopping threads took: 0.0000279 seconds
192.788: [GC (Allocation Failure)  636812K->316332K(1034240K), 0.0040585 secs]
192.792: Total time for which application threads were stopped: 0.0042145 seconds, Stopping threads took: 0.0000247 seconds
192.854: [GC (Allocation Failure)  636844K->316748K(1033216K), 0.0042750 secs]
192.859: Total time for which application threads were stopped: 0.0044132 seconds, Stopping threads took: 0.0000192 seconds
192.924: [GC (Allocation Failure)  636236K->324366K(1033728K), 0.0040848 secs]
192.928: Total time for which application threads were stopped: 0.0042268 seconds, Stopping threads took: 0.0000262 seconds
192.991: [GC (Allocation Failure)  643854K->324334K(1033728K), 0.0042889 secs]
192.995: Total time for which application threads were stopped: 0.0044400 seconds, Stopping threads took: 0.0000189 seconds
193.058: [GC (Allocation Failure)  643822K->324486K(1033728K), 0.0041438 secs]
193.062: Total time for which application threads were stopped: 0.0042699 seconds, Stopping threads took: 0.0000174 seconds
193.125: [GC (Allocation Failure)  643974K->332360K(1033728K), 0.0039774 secs]
193.129: Total time for which application threads were stopped: 0.0041263 seconds, Stopping threads took: 0.0000257 seconds
193.194: [GC (Allocation Failure)  651848K->332328K(1033728K), 0.0041393 secs]
193.198: Total time for which application threads were stopped: 0.0042910 seconds, Stopping threads took: 0.0000185 seconds
193.261: [GC (Allocation Failure)  651816K->332424K(1033728K), 0.0042345 secs]
193.265: Total time for which application threads were stopped: 0.0043672 seconds, Stopping threads took: 0.0000186 seconds
193.330: [GC (Allocation Failure)  651912K->340395K(1027072K), 0.0042433 secs]
193.334: Total time for which application threads were stopped: 0.0044053 seconds, Stopping threads took: 0.0000195 seconds
193.398: [GC (Allocation Failure)  659882K->336488K(1034240K), 0.0033812 secs]
193.401: Total time for which application threads were stopped: 0.0035284 seconds, Stopping threads took: 0.0000192 seconds
193.470: [GC (Allocation Failure)  655976K->340555K(1033216K), 0.0043310 secs]
193.475: Total time for which application threads were stopped: 0.0044966 seconds, Stopping threads took: 0.0000197 seconds
193.540: [GC (Allocation Failure)  660043K->344523K(1034752K), 0.0041177 secs]
193.544: Total time for which application threads were stopped: 0.0042586 seconds, Stopping threads took: 0.0000198 seconds
193.607: [GC (Allocation Failure)  666059K->337736K(1034752K), 0.0017922 secs]
193.609: Total time for which application threads were stopped: 0.0019281 seconds, Stopping threads took: 0.0000203 seconds
193.675: [GC (Allocation Failure)  659272K->344587K(1034752K), 0.0041255 secs]
193.680: Total time for which application threads were stopped: 0.0042703 seconds, Stopping threads took: 0.0000255 seconds
193.745: [GC (Allocation Failure)  666123K->348659K(1034752K), 0.0064549 secs]
193.751: Total time for which application threads were stopped: 0.0066172 seconds, Stopping threads took: 0.0000284 seconds
193.815: [GC (Allocation Failure)  670195K->343088K(1034752K), 0.0022817 secs]
193.818: Total time for which application threads were stopped: 0.0024240 seconds, Stopping threads took: 0.0000189 seconds
193.884: [GC (Allocation Failure)  664624K->348923K(1034752K), 0.0041077 secs]
193.888: Total time for which application threads were stopped: 0.0042407 seconds, Stopping threads took: 0.0000198 seconds
193.952: [GC (Allocation Failure)  670459K->352827K(1034752K), 0.0045183 secs]
193.957: Total time for which application threads were stopped: 0.0046667 seconds, Stopping threads took: 0.0000213 seconds
194.022: [GC (Allocation Failure)  675315K->348920K(1035264K), 0.0032376 secs]
194.026: Total time for which application threads were stopped: 0.0033714 seconds, Stopping threads took: 0.0000194 seconds
194.092: [GC (Allocation Failure)  671480K->352955K(1036288K), 0.0042153 secs]
194.096: Total time for which application threads were stopped: 0.0043575 seconds, Stopping threads took: 0.0000196 seconds
194.160: [GC (Allocation Failure)  677051K->356923K(1035776K), 0.0040976 secs]
194.165: Total time for which application threads were stopped: 0.0042389 seconds, Stopping threads took: 0.0000270 seconds
194.230: [GC (Allocation Failure)  681019K->356923K(1035776K), 0.0039767 secs]
194.234: Total time for which application threads were stopped: 0.0041366 seconds, Stopping threads took: 0.0000289 seconds
194.300: [GC (Allocation Failure)  680507K->356987K(1023488K), 0.0042399 secs]
194.304: Total time for which application threads were stopped: 0.0043723 seconds, Stopping threads took: 0.0000183 seconds
194.369: [GC (Allocation Failure)  680571K->364957K(1035264K), 0.0044445 secs]
194.373: Total time for which application threads were stopped: 0.0046667 seconds, Stopping threads took: 0.0000214 seconds
194.441: [GC (Allocation Failure)  687517K->364957K(1030144K), 0.0042470 secs]
194.445: Total time for which application threads were stopped: 0.0044310 seconds, Stopping threads took: 0.0000193 seconds
194.514: [GC (Allocation Failure)  687517K->365029K(1034752K), 0.0043028 secs]
194.518: Total time for which application threads were stopped: 0.0044816 seconds, Stopping threads took: 0.0000166 seconds
194.587: [GC (Allocation Failure)  686565K->372999K(1034752K), 0.0043762 secs]
194.592: Total time for which application threads were stopped: 0.0045625 seconds, Stopping threads took: 0.0000199 seconds
194.661: [GC (Allocation Failure)  694535K->372999K(1033728K), 0.0040595 secs]
194.665: Total time for which application threads were stopped: 0.0042067 seconds, Stopping threads took: 0.0000192 seconds
194.733: [GC (Allocation Failure)  693511K->373255K(1034240K), 0.0044138 secs]
194.737: Total time for which application threads were stopped: 0.0045707 seconds, Stopping threads took: 0.0000198 seconds
194.806: [GC (Allocation Failure)  693767K->381033K(1034240K), 0.0044493 secs]
194.810: Total time for which application threads were stopped: 0.0046062 seconds, Stopping threads took: 0.0000197 seconds
194.878: [GC (Allocation Failure)  701545K->381033K(1034240K), 0.0044937 secs]
194.883: Total time for which application threads were stopped: 0.0046512 seconds, Stopping threads took: 0.0000199 seconds
194.949: [GC (Allocation Failure)  701545K->381481K(1034240K), 0.0042528 secs]
194.953: Total time for which application threads were stopped: 0.0043999 seconds, Stopping threads took: 0.0000195 seconds
195.017: [GC (Allocation Failure)  701993K->389068K(1028096K), 0.0043104 secs]
195.022: Total time for which application threads were stopped: 0.0044551 seconds, Stopping threads took: 0.0000187 seconds
195.084: [GC (Allocation Failure)  709580K->389068K(1033728K), 0.0041981 secs]
195.088: Total time for which application threads were stopped: 0.0043627 seconds, Stopping threads took: 0.0000245 seconds
195.151: [GC (Allocation Failure)  708556K->389228K(1033728K), 0.0042445 secs]
195.155: Total time for which application threads were stopped: 0.0043870 seconds, Stopping threads took: 0.0000163 seconds
195.220: [GC (Allocation Failure)  708716K->397102K(1033728K), 0.0041474 secs]
195.224: Total time for which application threads were stopped: 0.0042849 seconds, Stopping threads took: 0.0000191 seconds
195.288: [GC (Allocation Failure)  716590K->397134K(1033728K), 0.0042145 secs]
195.292: Total time for which application threads were stopped: 0.0043641 seconds, Stopping threads took: 0.0000191 seconds
195.355: [GC (Allocation Failure)  716622K->397126K(1033728K), 0.0051384 secs]
195.360: Total time for which application threads were stopped: 0.0052789 seconds, Stopping threads took: 0.0000174 seconds
195.425: [GC (Allocation Failure)  716614K->405160K(1027072K), 0.0045331 secs]
195.429: Total time for which application threads were stopped: 0.0046847 seconds, Stopping threads took: 0.0000195 seconds
195.494: [GC (Allocation Failure)  724648K->401254K(1034240K), 0.0034363 secs]
195.498: Total time for which application threads were stopped: 0.0035834 seconds, Stopping threads took: 0.0000201 seconds
195.564: [GC (Allocation Failure)  720742K->405288K(1033216K), 0.0045003 secs]
195.569: Total time for which application threads were stopped: 0.0046563 seconds, Stopping threads took: 0.0000188 seconds
195.635: [GC (Allocation Failure)  724776K->409256K(1034752K), 0.0043079 secs]
195.639: Total time for which application threads were stopped: 0.0044549 seconds, Stopping threads took: 0.0000192 seconds
195.707: [GC (Allocation Failure)  730792K->402502K(1034752K), 0.0018192 secs]
195.709: Total time for which application threads were stopped: 0.0019576 seconds, Stopping threads took: 0.0000259 seconds
195.776: [GC (Allocation Failure)  724038K->409328K(1034752K), 0.0043520 secs]
195.780: Total time for which application threads were stopped: 0.0045386 seconds, Stopping threads took: 0.0000189 seconds
195.847: [GC (Allocation Failure)  730864K->413440K(1034752K), 0.0053603 secs]
195.852: Total time for which application threads were stopped: 0.0055391 seconds, Stopping threads took: 0.0000169 seconds
195.918: [GC (Allocation Failure)  734976K->407902K(1034752K), 0.0024486 secs]
195.921: Total time for which application threads were stopped: 0.0026012 seconds, Stopping threads took: 0.0000196 seconds
195.987: [GC (Allocation Failure)  729438K->413680K(1034752K), 0.0043720 secs]
195.992: Total time for which application threads were stopped: 0.0045361 seconds, Stopping threads took: 0.0000194 seconds
196.060: [GC (Allocation Failure)  735216K->417576K(1034752K), 0.0048064 secs]
196.065: Total time for which application threads were stopped: 0.0049647 seconds, Stopping threads took: 0.0000200 seconds
196.131: [GC (Allocation Failure)  740064K->413638K(1035264K), 0.0033165 secs]
196.134: Total time for which application threads were stopped: 0.0034691 seconds, Stopping threads took: 0.0000192 seconds
196.203: [GC (Allocation Failure)  736198K->417704K(1036288K), 0.0043911 secs]
196.207: Total time for which application threads were stopped: 0.0045553 seconds, Stopping threads took: 0.0000263 seconds
196.274: [GC (Allocation Failure)  741800K->421704K(1035776K), 0.0065040 secs]
196.280: Total time for which application threads were stopped: 0.0066974 seconds, Stopping threads took: 0.0000277 seconds
196.350: [GC (Allocation Failure)  745800K->421640K(1035776K), 0.0051845 secs]
196.355: Total time for which application threads were stopped: 0.0053697 seconds, Stopping threads took: 0.0000270 seconds
196.423: [GC (Allocation Failure)  745224K->421736K(1023488K), 0.0044524 secs]
196.428: Total time for which application threads were stopped: 0.0046319 seconds, Stopping threads took: 0.0000195 seconds
196.496: [GC (Allocation Failure)  745320K->429770K(1035264K), 0.0045876 secs]
196.501: Total time for which application threads were stopped: 0.0047505 seconds, Stopping threads took: 0.0000190 seconds
196.568: [GC (Allocation Failure)  752330K->429706K(1030144K), 0.0042328 secs]
196.572: Total time for which application threads were stopped: 0.0043935 seconds, Stopping threads took: 0.0000194 seconds
196.639: [GC (Allocation Failure)  752266K->429770K(1034752K), 0.0043282 secs]
196.644: Total time for which application threads were stopped: 0.0045125 seconds, Stopping threads took: 0.0000206 seconds
196.713: [GC (Allocation Failure)  751306K->437741K(1029120K), 0.0045128 secs]
196.717: Total time for which application threads were stopped: 0.0046694 seconds, Stopping threads took: 0.0000168 seconds
196.785: [GC (Allocation Failure)  759277K->437741K(1034240K), 0.0042212 secs]
196.789: Total time for which application threads were stopped: 0.0043974 seconds, Stopping threads took: 0.0000207 seconds
196.856: [GC (Allocation Failure)  758253K->437997K(1034240K), 0.0045421 secs]
196.861: Total time for which application threads were stopped: 0.0047086 seconds, Stopping threads took: 0.0000220 seconds
196.928: [GC (Allocation Failure)  758509K->445807K(1034240K), 0.0043836 secs]
196.932: Total time for which application threads were stopped: 0.0045380 seconds, Stopping threads took: 0.0000197 seconds
196.997: [GC (Allocation Failure)  766319K->445807K(1034240K), 0.0044987 secs]
197.002: Total time for which application threads were stopped: 0.0046546 seconds, Stopping threads took: 0.0000198 seconds
197.066: [GC (Allocation Failure)  766319K->446215K(1033216K), 0.0044990 secs]
197.071: Total time for which application threads were stopped: 0.0046402 seconds, Stopping threads took: 0.0000200 seconds
197.136: [GC (Allocation Failure)  765703K->453801K(1033728K), 0.0044824 secs]
197.140: Total time for which application threads were stopped: 0.0046276 seconds, Stopping threads took: 0.0000192 seconds
197.205: [GC (Allocation Failure)  773289K->453769K(1033728K), 0.0042104 secs]
197.210: Total time for which application threads were stopped: 0.0043769 seconds, Stopping threads took: 0.0000246 seconds
197.272: [GC (Allocation Failure)  773257K->453929K(1033728K), 0.0044270 secs]
197.276: Total time for which application threads were stopped: 0.0045707 seconds, Stopping threads took: 0.0000263 seconds
197.339: [GC (Allocation Failure)  773417K->461867K(1033728K), 0.0050072 secs]
197.345: Total time for which application threads were stopped: 0.0051800 seconds, Stopping threads took: 0.0000245 seconds
197.412: [GC (Allocation Failure)  781355K->461835K(1033728K), 0.0046549 secs]
197.416: Total time for which application threads were stopped: 0.0048165 seconds, Stopping threads took: 0.0000196 seconds
197.483: [GC (Allocation Failure)  781323K->461899K(1033728K), 0.0046506 secs]
197.488: Total time for which application threads were stopped: 0.0048130 seconds, Stopping threads took: 0.0000192 seconds
197.556: [GC (Allocation Failure)  781387K->469870K(1027072K), 0.0047573 secs]
197.561: Total time for which application threads were stopped: 0.0049265 seconds, Stopping threads took: 0.0000194 seconds
197.626: [GC (Allocation Failure)  789357K->465995K(1034240K), 0.0035908 secs]
197.629: Total time for which application threads were stopped: 0.0037798 seconds, Stopping threads took: 0.0000193 seconds
197.699: [GC (Allocation Failure)  785483K->470022K(1033216K), 0.0048254 secs]
197.704: Total time for which application threads were stopped: 0.0050137 seconds, Stopping threads took: 0.0000248 seconds
197.772: [GC (Allocation Failure)  789510K->473990K(1034752K), 0.0046224 secs]
197.777: Total time for which application threads were stopped: 0.0048029 seconds, Stopping threads took: 0.0000198 seconds
197.843: [GC (Allocation Failure)  795526K->467171K(1034752K), 0.0019503 secs]
197.845: Total time for which application threads were stopped: 0.0020900 seconds, Stopping threads took: 0.0000191 seconds
197.914: [GC (Allocation Failure)  788707K->474062K(1034752K), 0.0045200 secs]
197.919: Total time for which application threads were stopped: 0.0046891 seconds, Stopping threads took: 0.0000212 seconds
197.985: [GC (Allocation Failure)  795598K->478174K(1034752K), 0.0054682 secs]
197.991: Total time for which application threads were stopped: 0.0056479 seconds, Stopping threads took: 0.0000254 seconds
198.056: [GC (Allocation Failure)  799710K->472571K(1034752K), 0.0026513 secs]
198.059: Total time for which application threads were stopped: 0.0028142 seconds, Stopping threads took: 0.0000201 seconds
198.126: [GC (Allocation Failure)  794107K->478446K(1034752K), 0.0045557 secs]
198.131: Total time for which application threads were stopped: 0.0047217 seconds, Stopping threads took: 0.0000192 seconds
198.199: [GC (Allocation Failure)  799982K->482286K(1035264K), 0.0048726 secs]
198.204: Total time for which application threads were stopped: 0.0050665 seconds, Stopping threads took: 0.0000200 seconds
198.273: [GC (Allocation Failure)  804774K->478379K(1035264K), 0.0034028 secs]
198.276: Total time for which application threads were stopped: 0.0035638 seconds, Stopping threads took: 0.0000169 seconds
198.345: [GC (Allocation Failure)  800939K->482382K(1036288K), 0.0054801 secs]
198.351: Total time for which application threads were stopped: 0.0056821 seconds, Stopping threads took: 0.0000246 seconds
198.419: [GC (Allocation Failure)  806478K->486414K(1035776K), 0.0044919 secs]
198.424: Total time for which application threads were stopped: 0.0046835 seconds, Stopping threads took: 0.0000195 seconds
198.492: [GC (Allocation Failure)  810510K->486446K(1035776K), 0.0045366 secs]
198.497: Total time for which application threads were stopped: 0.0047135 seconds, Stopping threads took: 0.0000195 seconds
198.567: [GC (Allocation Failure)  810030K->486470K(1023488K), 0.0046866 secs]
198.572: Total time for which application threads were stopped: 0.0048669 seconds, Stopping threads took: 0.0000197 seconds
198.638: [GC (Allocation Failure)  810054K->494472K(1035264K), 0.0046705 secs]
198.643: Total time for which application threads were stopped: 0.0048430 seconds, Stopping threads took: 0.0000197 seconds
198.712: [GC (Allocation Failure)  817032K->494440K(1030144K), 0.0043324 secs]
198.716: Total time for which application threads were stopped: 0.0044996 seconds, Stopping threads took: 0.0000264 seconds
198.783: [GC (Allocation Failure)  817000K->494504K(1034752K), 0.0046220 secs]
198.788: Total time for which application threads were stopped: 0.0047859 seconds, Stopping threads took: 0.0000199 seconds
198.855: [GC (Allocation Failure)  816040K->502506K(1029120K), 0.0047990 secs]
198.860: Total time for which application threads were stopped: 0.0049625 seconds, Stopping threads took: 0.0000197 seconds
198.928: [GC (Allocation Failure)  824042K->502474K(1034240K), 0.0045869 secs]
198.933: Total time for which application threads were stopped: 0.0047584 seconds, Stopping threads took: 0.0000195 seconds
198.999: [GC (Allocation Failure)  822986K->502730K(1034240K), 0.0046613 secs]
199.004: Total time for which application threads were stopped: 0.0048263 seconds, Stopping threads took: 0.0000207 seconds
199.071: [GC (Allocation Failure)  823242K->510509K(1034240K), 0.0045726 secs]
199.076: Total time for which application threads were stopped: 0.0047436 seconds, Stopping threads took: 0.0000196 seconds
199.144: [GC (Allocation Failure)  831021K->510541K(1034240K), 0.0045728 secs]
199.148: Total time for which application threads were stopped: 0.0047353 seconds, Stopping threads took: 0.0000193 seconds
199.216: [GC (Allocation Failure)  831053K->510917K(1033216K), 0.0048158 secs]
199.221: Total time for which application threads were stopped: 0.0050105 seconds, Stopping threads took: 0.0000197 seconds
199.290: [GC (Allocation Failure)  830405K->518567K(1033728K), 0.0047422 secs]
199.295: Total time for which application threads were stopped: 0.0049210 seconds, Stopping threads took: 0.0000168 seconds
199.365: [GC (Allocation Failure)  838055K->518503K(1033728K), 0.0044566 secs]
199.369: Total time for which application threads were stopped: 0.0046528 seconds, Stopping threads took: 0.0000245 seconds
199.436: [GC (Allocation Failure)  837991K->518663K(1033728K), 0.0047311 secs]
199.441: Total time for which application threads were stopped: 0.0049108 seconds, Stopping threads took: 0.0000266 seconds
199.510: [GC (Allocation Failure)  838151K->526601K(1033728K), 0.0045410 secs]
199.514: Total time for which application threads were stopped: 0.0046955 seconds, Stopping threads took: 0.0000189 seconds
199.581: [GC (Allocation Failure)  846089K->526569K(1033728K), 0.0051275 secs]
199.586: Total time for which application threads were stopped: 0.0052873 seconds, Stopping threads took: 0.0000191 seconds
199.653: [GC (Allocation Failure)  846057K->526633K(1033728K), 0.0047539 secs]
199.658: Total time for which application threads were stopped: 0.0049235 seconds, Stopping threads took: 0.0000190 seconds
199.726: [GC (Allocation Failure)  846121K->534603K(1027072K), 0.0046075 secs]
199.731: Total time for which application threads were stopped: 0.0047834 seconds, Stopping threads took: 0.0000281 seconds
199.796: [GC (Allocation Failure)  854091K->530697K(1034240K), 0.0036492 secs]
199.800: Total time for which application threads were stopped: 0.0038138 seconds, Stopping threads took: 0.0000273 seconds
199.867: [GC (Allocation Failure)  850185K->534763K(1033216K), 0.0047419 secs]
199.872: Total time for which application threads were stopped: 0.0049305 seconds, Stopping threads took: 0.0000183 seconds
199.940: [GC (Allocation Failure)  854251K->538731K(1034752K), 0.0044610 secs]
199.945: Total time for which application threads were stopped: 0.0046393 seconds, Stopping threads took: 0.0000169 seconds
200.014: [GC (Allocation Failure)  860267K->531913K(1034752K), 0.0020776 secs]
200.016: Total time for which application threads were stopped: 0.0022091 seconds, Stopping threads took: 0.0000167 seconds
200.086: [GC (Allocation Failure)  853449K->538835K(1034752K), 0.0044509 secs]
200.090: Total time for which application threads were stopped: 0.0046213 seconds, Stopping threads took: 0.0000199 seconds
200.157: [GC (Allocation Failure)  860371K->542883K(1034752K), 0.0055226 secs]
200.162: Total time for which application threads were stopped: 0.0056876 seconds, Stopping threads took: 0.0000199 seconds
200.229: [GC (Allocation Failure)  864419K->537345K(1034752K), 0.0026087 secs]
200.231: Total time for which application threads were stopped: 0.0027870 seconds, Stopping threads took: 0.0000285 seconds
200.301: [GC (Allocation Failure)  858881K->543179K(1034752K), 0.0046164 secs]
200.306: Total time for which application threads were stopped: 0.0047654 seconds, Stopping threads took: 0.0000167 seconds
200.374: [GC (Allocation Failure)  864715K->547019K(1035264K), 0.0050720 secs]
200.379: Total time for which application threads were stopped: 0.0052417 seconds, Stopping threads took: 0.0000193 seconds
200.446: [GC (Allocation Failure)  869508K->543113K(1035264K), 0.0033683 secs]
200.450: Total time for which application threads were stopped: 0.0035411 seconds, Stopping threads took: 0.0000195 seconds
200.520: [GC (Allocation Failure)  865673K->547179K(1036288K), 0.0048743 secs]
200.525: Total time for which application threads were stopped: 0.0050442 seconds, Stopping threads took: 0.0000198 seconds
200.593: [GC (Allocation Failure)  871275K->551147K(1035776K), 0.0046685 secs]
200.598: Total time for which application threads were stopped: 0.0048280 seconds, Stopping threads took: 0.0000203 seconds
200.668: [GC (Allocation Failure)  875243K->551179K(1035776K), 0.0044354 secs]
200.672: Total time for which application threads were stopped: 0.0046007 seconds, Stopping threads took: 0.0000260 seconds
200.740: [GC (Allocation Failure)  874763K->551243K(1023488K), 0.0045813 secs]
200.745: Total time for which application threads were stopped: 0.0047523 seconds, Stopping threads took: 0.0000193 seconds
200.811: [GC (Allocation Failure)  874827K->559182K(1035264K), 0.0047837 secs]
200.816: Total time for which application threads were stopped: 0.0049660 seconds, Stopping threads took: 0.0000196 seconds
200.885: [GC (Allocation Failure)  881742K->559182K(1030144K), 0.0045843 secs]
200.890: Total time for which application threads were stopped: 0.0047468 seconds, Stopping threads took: 0.0000197 seconds
200.959: [GC (Allocation Failure)  881742K->559246K(1034752K), 0.0045696 secs]
200.963: Total time for which application threads were stopped: 0.0047408 seconds, Stopping threads took: 0.0000206 seconds
201.031: [GC (Allocation Failure)  880782K->567216K(1034752K), 0.0049206 secs]
201.036: Total time for which application threads were stopped: 0.0050921 seconds, Stopping threads took: 0.0000202 seconds
201.104: [GC (Allocation Failure)  888752K->567184K(1033728K), 0.0046293 secs]
201.109: Total time for which application threads were stopped: 0.0048009 seconds, Stopping threads took: 0.0000197 seconds
201.177: [GC (Allocation Failure)  887696K->567464K(1034240K), 0.0046329 secs]
201.182: Total time for which application threads were stopped: 0.0048102 seconds, Stopping threads took: 0.0000262 seconds
201.250: [GC (Allocation Failure)  887976K->575242K(1034240K), 0.0053760 secs]
201.255: Total time for which application threads were stopped: 0.0055740 seconds, Stopping threads took: 0.0000210 seconds
201.324: [GC (Allocation Failure)  895754K->575242K(1034240K), 0.0047586 secs]
201.328: Total time for which application threads were stopped: 0.0049094 seconds, Stopping threads took: 0.0000179 seconds
201.397: [GC (Allocation Failure)  895754K->575658K(1033216K), 0.0047705 secs]
201.402: Total time for which application threads were stopped: 0.0049803 seconds, Stopping threads took: 0.0000351 seconds
201.471: [GC (Allocation Failure)  895146K->583308K(1033728K), 0.0047949 secs]
201.476: Total time for which application threads were stopped: 0.0049883 seconds, Stopping threads took: 0.0000193 seconds
201.545: [GC (Allocation Failure)  902796K->583276K(1033728K), 0.0047530 secs]
201.550: Total time for which application threads were stopped: 0.0049373 seconds, Stopping threads took: 0.0000170 seconds
201.616: [GC (Allocation Failure)  902764K->583404K(1033728K), 0.0048126 secs]
201.621: Total time for which application threads were stopped: 0.0050129 seconds, Stopping threads took: 0.0000166 seconds
201.691: [GC (Allocation Failure)  902892K->591343K(1033728K), 0.0045485 secs]
201.695: Total time for which application threads were stopped: 0.0047225 seconds, Stopping threads took: 0.0000328 seconds
201.763: [GC (Allocation Failure)  910831K->591311K(1033728K), 0.0048490 secs]
201.768: Total time for which application threads were stopped: 0.0050217 seconds, Stopping threads took: 0.0000247 seconds
201.834: [GC (Allocation Failure)  910799K->591367K(1033728K), 0.0049343 secs]
201.839: Total time for which application threads were stopped: 0.0051073 seconds, Stopping threads took: 0.0000206 seconds
201.906: [GC (Allocation Failure)  910855K->599369K(1027072K), 0.0048686 secs]
201.911: Total time for which application threads were stopped: 0.0050399 seconds, Stopping threads took: 0.0000201 seconds
201.976: [GC (Allocation Failure)  918856K->595431K(1034240K), 0.0039908 secs]
201.980: Total time for which application threads were stopped: 0.0041627 seconds, Stopping threads took: 0.0000198 seconds
202.049: [GC (Allocation Failure)  914919K->599497K(1033216K), 0.0047660 secs]
202.054: Total time for which application threads were stopped: 0.0049489 seconds, Stopping threads took: 0.0000200 seconds
202.123: [GC (Allocation Failure)  918985K->603433K(1034752K), 0.0048062 secs]
202.128: Total time for which application threads were stopped: 0.0049751 seconds, Stopping threads took: 0.0000194 seconds
202.195: [GC (Allocation Failure)  924969K->596647K(1034752K), 0.0021298 secs]
202.197: Total time for which application threads were stopped: 0.0022696 seconds, Stopping threads took: 0.0000190 seconds
202.264: [GC (Allocation Failure)  918183K->603529K(1034752K), 0.0048033 secs]
202.269: Total time for which application threads were stopped: 0.0049856 seconds, Stopping threads took: 0.0000258 seconds
202.334: [GC (Allocation Failure)  925065K->607609K(1034752K), 0.0057784 secs]
202.340: Total time for which application threads were stopped: 0.0059419 seconds, Stopping threads took: 0.0000198 seconds
202.407: [GC (Allocation Failure)  929145K->602103K(1034752K), 0.0027848 secs]
202.409: Total time for which application threads were stopped: 0.0029492 seconds, Stopping threads took: 0.0000196 seconds
202.478: [GC (Allocation Failure)  923639K->607881K(1034752K), 0.0048059 secs]
202.483: Total time for which application threads were stopped: 0.0049667 seconds, Stopping threads took: 0.0000198 seconds
202.550: [GC (Allocation Failure)  929417K->611753K(1034752K), 0.0050514 secs]
202.555: Total time for which application threads were stopped: 0.0052430 seconds, Stopping threads took: 0.0000188 seconds
202.624: [GC (Allocation Failure)  934241K->607879K(1035264K), 0.0037576 secs]
202.628: Total time for which application threads were stopped: 0.0039065 seconds, Stopping threads took: 0.0000167 seconds
202.696: [GC (Allocation Failure)  930439K->611913K(1036288K), 0.0048456 secs]
202.701: Total time for which application threads were stopped: 0.0050199 seconds, Stopping threads took: 0.0000278 seconds
202.769: [GC (Allocation Failure)  936009K->615881K(1035776K), 0.0047574 secs]
202.774: Total time for which application threads were stopped: 0.0049217 seconds, Stopping threads took: 0.0000200 seconds
202.843: [GC (Allocation Failure)  939977K->615881K(1035776K), 0.0047302 secs]
202.848: Total time for which application threads were stopped: 0.0049178 seconds, Stopping threads took: 0.0000360 seconds
202.916: [GC (Allocation Failure)  939465K->615969K(1023488K), 0.0069480 secs]
202.923: Total time for which application threads were stopped: 0.0071334 seconds, Stopping threads took: 0.0000206 seconds
202.990: [GC (Allocation Failure)  939553K->623907K(1035264K), 0.0049218 secs]
202.995: Total time for which application threads were stopped: 0.0050965 seconds, Stopping threads took: 0.0000201 seconds
203.063: [GC (Allocation Failure)  946467K->623907K(1030144K), 0.0047395 secs]
203.068: Total time for which application threads were stopped: 0.0049558 seconds, Stopping threads took: 0.0000205 seconds
203.137: [GC (Allocation Failure)  946467K->623979K(1034752K), 0.0048707 secs]
203.141: Total time for which application threads were stopped: 0.0050325 seconds, Stopping threads took: 0.0000201 seconds
203.209: [GC (Allocation Failure)  945515K->631949K(1034752K), 0.0049893 secs]
203.214: Total time for which application threads were stopped: 0.0051630 seconds, Stopping threads took: 0.0000255 seconds
203.282: [GC (Allocation Failure)  953485K->631949K(1033728K), 0.0046253 secs]
203.287: Total time for which application threads were stopped: 0.0047856 seconds, Stopping threads took: 0.0000195 seconds
203.354: [GC (Allocation Failure)  952461K->632149K(1034240K), 0.0056704 secs]
203.360: Total time for which application threads were stopped: 0.0058168 seconds, Stopping threads took: 0.0000259 seconds
203.428: [GC (Allocation Failure)  952661K->640024K(1034240K), 0.0045573 secs]
203.432: Total time for which application threads were stopped: 0.0047455 seconds, Stopping threads took: 0.0000192 seconds
203.502: [GC (Allocation Failure)  960536K->639992K(1034240K), 0.0048760 secs]
203.507: Total time for which application threads were stopped: 0.0050331 seconds, Stopping threads took: 0.0000169 seconds
203.574: [GC (Allocation Failure)  960504K->640448K(1033216K), 0.0048018 secs]
203.579: Total time for which application threads were stopped: 0.0049712 seconds, Stopping threads took: 0.0000201 seconds
203.646: [GC (Allocation Failure)  959936K->648066K(1033728K), 0.0049122 secs]
203.651: Total time for which application threads were stopped: 0.0050842 seconds, Stopping threads took: 0.0000196 seconds
203.719: [GC (Allocation Failure)  967554K->648066K(1033728K), 0.0047276 secs]
203.724: Total time for which application threads were stopped: 0.0048857 seconds, Stopping threads took: 0.0000259 seconds
203.788: [GC (Allocation Failure)  967554K->648170K(1033728K), 0.0050181 secs]
203.793: Total time for which application threads were stopped: 0.0052130 seconds, Stopping threads took: 0.0000193 seconds
203.862: [GC (Allocation Failure)  967658K->656108K(1033728K), 0.0047774 secs]
203.867: Total time for which application threads were stopped: 0.0049404 seconds, Stopping threads took: 0.0000169 seconds
203.936: [GC (Allocation Failure)  975596K->656076K(1033728K), 0.0050179 secs]
203.941: Total time for which application threads were stopped: 0.0051927 seconds, Stopping threads took: 0.0000282 seconds
204.009: [GC (Allocation Failure)  975564K->656132K(1033728K), 0.0050936 secs]
204.014: Total time for which application threads were stopped: 0.0052625 seconds, Stopping threads took: 0.0000192 seconds
204.081: [GC (Allocation Failure)  975620K->664103K(1027072K), 0.0048162 secs]
204.086: Total time for which application threads were stopped: 0.0050095 seconds, Stopping threads took: 0.0000201 seconds
204.152: [GC (Allocation Failure)  983590K->660196K(1034240K), 0.0038779 secs]
204.156: Total time for which application threads were stopped: 0.0040547 seconds, Stopping threads took: 0.0000193 seconds
204.224: [GC (Allocation Failure)  979684K->664263K(1033216K), 0.0050039 secs]
204.229: Total time for which application threads were stopped: 0.0052962 seconds, Stopping threads took: 0.0000272 seconds
204.296: [GC (Allocation Failure)  983751K->668231K(1034752K), 0.0048809 secs]
204.301: Total time for which application threads were stopped: 0.0050453 seconds, Stopping threads took: 0.0000191 seconds
204.370: [GC (Allocation Failure)  989767K->661444K(1034752K), 0.0023264 secs]
204.372: Total time for which application threads were stopped: 0.0024791 seconds, Stopping threads took: 0.0000171 seconds
204.440: [GC (Allocation Failure)  982980K->668335K(1034752K), 0.0049394 secs]
204.445: Total time for which application threads were stopped: 0.0051101 seconds, Stopping threads took: 0.0000191 seconds
204.511: [GC (Allocation Failure)  989871K->672407K(1034752K), 0.0057974 secs]
204.517: Total time for which application threads were stopped: 0.0059543 seconds, Stopping threads took: 0.0000193 seconds
204.582: [GC (Allocation Failure)  993943K->666836K(1034752K), 0.0031346 secs]
204.585: Total time for which application threads were stopped: 0.0032909 seconds, Stopping threads took: 0.0000196 seconds
204.655: [GC (Allocation Failure)  988372K->672639K(1034752K), 0.0049863 secs]
204.660: Total time for which application threads were stopped: 0.0051630 seconds, Stopping threads took: 0.0000202 seconds
204.728: [GC (Allocation Failure)  994175K->676511K(1035264K), 0.0051307 secs]
204.733: Total time for which application threads were stopped: 0.0053113 seconds, Stopping threads took: 0.0000269 seconds
204.800: [GC (Allocation Failure)  998999K->672572K(1035264K), 0.0038991 secs]
204.804: Total time for which application threads were stopped: 0.0040606 seconds, Stopping threads took: 0.0000196 seconds
204.872: [GC (Allocation Failure)  995132K->676671K(1036288K), 0.0048684 secs]
204.877: Total time for which application threads were stopped: 0.0050295 seconds, Stopping threads took: 0.0000195 seconds
204.946: [GC (Allocation Failure)  1000767K->680639K(1035776K), 0.0047455 secs]
204.951: Total time for which application threads were stopped: 0.0049033 seconds, Stopping threads took: 0.0000198 seconds
205.020: [GC (Allocation Failure)  1004735K->680671K(1035776K), 0.0048990 secs]
205.025: Total time for which application threads were stopped: 0.0050722 seconds, Stopping threads took: 0.0000199 seconds
205.093: [GC (Allocation Failure)  1004255K->680695K(1023488K), 0.0062866 secs]
205.099: Total time for which application threads were stopped: 0.0064827 seconds, Stopping threads took: 0.0000200 seconds
205.166: [GC (Allocation Failure)  1004279K->688697K(1035264K), 0.0050223 secs]
205.171: Total time for which application threads were stopped: 0.0051913 seconds, Stopping threads took: 0.0000228 seconds
205.239: [GC (Allocation Failure)  1011257K->688665K(1030144K), 0.0046917 secs]
205.244: Total time for which application threads were stopped: 0.0048628 seconds, Stopping threads took: 0.0000196 seconds
205.313: [GC (Allocation Failure)  1011225K->688729K(1034752K), 0.0049472 secs]
205.318: [Full GC (Ergonomics)  688729K->8520K(1034752K), 0.0120719 secs]
205.330: Total time for which application threads were stopped: 0.0172810 seconds, Stopping threads took: 0.0000204 seconds
205.398: [GC (Allocation Failure)  330056K->16618K(1029120K), 0.0038398 secs]
205.402: Total time for which application threads were stopped: 0.0039912 seconds, Stopping threads took: 0.0000166 seconds
205.470: [GC (Allocation Failure)  338154K->16610K(1034240K), 0.0034341 secs]
205.474: Total time for which application threads were stopped: 0.0036049 seconds, Stopping threads took: 0.0000193 seconds
205.541: [GC (Allocation Failure)  337122K->16874K(1034240K), 0.0038432 secs]
205.545: Total time for which application threads were stopped: 0.0040357 seconds, Stopping threads took: 0.0000202 seconds
205.614: [GC (Allocation Failure)  337386K->24684K(1034240K), 0.0034943 secs]
205.618: Total time for which application threads were stopped: 0.0036731 seconds, Stopping threads took: 0.0000266 seconds
205.686: [GC (Allocation Failure)  345196K->24652K(1034240K), 0.0036719 secs]
205.690: Total time for which application threads were stopped: 0.0038392 seconds, Stopping threads took: 0.0000251 seconds
205.757: [GC (Allocation Failure)  345164K->25068K(1033216K), 0.0093888 secs]
205.767: Total time for which application threads were stopped: 0.0095598 seconds, Stopping threads took: 0.0000262 seconds
205.833: [GC (Allocation Failure)  344556K->32719K(1033728K), 0.0036583 secs]
205.837: Total time for which application threads were stopped: 0.0038254 seconds, Stopping threads took: 0.0000220 seconds
205.904: [GC (Allocation Failure)  352207K->32687K(1033728K), 0.0035827 secs]
205.908: Total time for which application threads were stopped: 0.0037282 seconds, Stopping threads took: 0.0000194 seconds
205.969: [GC (Allocation Failure)  352175K->32815K(1033728K), 0.0036273 secs]
205.973: Total time for which application threads were stopped: 0.0037696 seconds, Stopping threads took: 0.0000200 seconds
206.038: [GC (Allocation Failure)  352303K->40721K(1033728K), 0.0035357 secs]
206.042: Total time for which application threads were stopped: 0.0036804 seconds, Stopping threads took: 0.0000179 seconds
206.107: [GC (Allocation Failure)  360209K->40753K(1033728K), 0.0036398 secs]
206.110: Total time for which application threads were stopped: 0.0037760 seconds, Stopping threads took: 0.0000164 seconds
206.176: [GC (Allocation Failure)  360241K->40777K(1033728K), 0.0034655 secs]
206.179: Total time for which application threads were stopped: 0.0035964 seconds, Stopping threads took: 0.0000250 seconds
206.243: [GC (Allocation Failure)  360265K->48747K(1027072K), 0.0035532 secs]
206.246: Total time for which application threads were stopped: 0.0036890 seconds, Stopping threads took: 0.0000187 seconds
206.309: [GC (Allocation Failure)  368235K->44841K(1034240K), 0.0028592 secs]
206.312: Total time for which application threads were stopped: 0.0029789 seconds, Stopping threads took: 0.0000166 seconds
206.381: [GC (Allocation Failure)  364329K->48907K(1033216K), 0.0037200 secs]
206.385: Total time for which application threads were stopped: 0.0038908 seconds, Stopping threads took: 0.0000191 seconds
206.452: [GC (Allocation Failure)  368395K->52875K(1034752K), 0.0037903 secs]
206.456: Total time for which application threads were stopped: 0.0039616 seconds, Stopping threads took: 0.0000198 seconds
206.522: [GC (Allocation Failure)  374411K->46089K(1034752K), 0.0011168 secs]
206.523: Total time for which application threads were stopped: 0.0012470 seconds, Stopping threads took: 0.0000213 seconds
206.593: [GC (Allocation Failure)  367625K->52947K(1034752K), 0.0036177 secs]
206.597: Total time for which application threads were stopped: 0.0037643 seconds, Stopping threads took: 0.0000167 seconds
206.663: [GC (Allocation Failure)  374483K->57051K(1034752K), 0.0046130 secs]
206.668: Total time for which application threads were stopped: 0.0047767 seconds, Stopping threads took: 0.0000200 seconds
206.734: [GC (Allocation Failure)  378587K->51449K(1034752K), 0.0015532 secs]
206.736: Total time for which application threads were stopped: 0.0016972 seconds, Stopping threads took: 0.0000281 seconds
206.803: [GC (Allocation Failure)  372985K->57291K(1034752K), 0.0036751 secs]
206.807: Total time for which application threads were stopped: 0.0038419 seconds, Stopping threads took: 0.0000217 seconds
206.875: [GC (Allocation Failure)  378827K->61163K(1035264K), 0.0041496 secs]
206.879: Total time for which application threads were stopped: 0.0043077 seconds, Stopping threads took: 0.0000203 seconds
206.945: [GC (Allocation Failure)  383651K->57257K(1035264K), 0.0024785 secs]
206.948: Total time for which application threads were stopped: 0.0026365 seconds, Stopping threads took: 0.0000196 seconds
207.018: [GC (Allocation Failure)  379817K->61323K(1036288K), 0.0039455 secs]
207.022: Total time for which application threads were stopped: 0.0041195 seconds, Stopping threads took: 0.0000216 seconds
207.088: [GC (Allocation Failure)  385419K->65291K(1035776K), 0.0037357 secs]
207.092: Total time for which application threads were stopped: 0.0038898 seconds, Stopping threads took: 0.0000195 seconds
207.162: [GC (Allocation Failure)  389387K->65259K(1035776K), 0.0037891 secs]
207.166: Total time for which application threads were stopped: 0.0039581 seconds, Stopping threads took: 0.0000197 seconds
207.233: [GC (Allocation Failure)  388843K->65355K(1023488K), 0.0037315 secs]
207.237: Total time for which application threads were stopped: 0.0038902 seconds, Stopping threads took: 0.0000263 seconds
207.302: [GC (Allocation Failure)  388939K->73357K(1035264K), 0.0039072 secs]
207.306: Total time for which application threads were stopped: 0.0040705 seconds, Stopping threads took: 0.0000253 seconds
207.374: [GC (Allocation Failure)  395917K->73325K(1030144K), 0.0035336 secs]
207.377: Total time for which application threads were stopped: 0.0036925 seconds, Stopping threads took: 0.0000252 seconds
207.444: [GC (Allocation Failure)  395885K->73349K(1034752K), 0.0039933 secs]
207.448: Total time for which application threads were stopped: 0.0041598 seconds, Stopping threads took: 0.0000205 seconds
207.515: [GC (Allocation Failure)  394885K->81384K(1029120K), 0.0038668 secs]
207.519: Total time for which application threads were stopped: 0.0040391 seconds, Stopping threads took: 0.0000197 seconds
207.589: [GC (Allocation Failure)  402920K->81352K(1034240K), 0.0036946 secs]
207.592: Total time for which application threads were stopped: 0.0038408 seconds, Stopping threads took: 0.0000172 seconds
207.659: [GC (Allocation Failure)  401864K->81608K(1034240K), 0.0036752 secs]
207.663: Total time for which application threads were stopped: 0.0038315 seconds, Stopping threads took: 0.0000207 seconds
207.730: [GC (Allocation Failure)  402120K->89386K(1034240K), 0.0036258 secs]
207.734: Total time for which application threads were stopped: 0.0037810 seconds, Stopping threads took: 0.0000281 seconds
207.801: [GC (Allocation Failure)  409898K->89418K(1034240K), 0.0037433 secs]
207.805: Total time for which application threads were stopped: 0.0039085 seconds, Stopping threads took: 0.0000193 seconds
207.871: [GC (Allocation Failure)  409930K->89834K(1033216K), 0.0038125 secs]
207.875: Total time for which application threads were stopped: 0.0039439 seconds, Stopping threads took: 0.0000200 seconds
207.943: [GC (Allocation Failure)  409322K->97452K(1033728K), 0.0036172 secs]
207.946: Total time for which application threads were stopped: 0.0037526 seconds, Stopping threads took: 0.0000198 seconds
208.011: [GC (Allocation Failure)  416940K->97420K(1033728K), 0.0035428 secs]
208.014: Total time for which application threads were stopped: 0.0036832 seconds, Stopping threads took: 0.0000192 seconds
208.077: [GC (Allocation Failure)  416908K->97580K(1033728K), 0.0036719 secs]
208.080: Total time for which application threads were stopped: 0.0038417 seconds, Stopping threads took: 0.0000275 seconds
208.144: [GC (Allocation Failure)  417068K->105454K(1033728K), 0.0036646 secs]
208.147: Total time for which application threads were stopped: 0.0038136 seconds, Stopping threads took: 0.0000294 seconds
208.210: [GC (Allocation Failure)  424942K->105486K(1033728K), 0.0037665 secs]
208.214: Total time for which application threads were stopped: 0.0039050 seconds, Stopping threads took: 0.0000250 seconds
208.278: [GC (Allocation Failure)  424974K->105510K(1033728K), 0.0038317 secs]
208.282: Total time for which application threads were stopped: 0.0039827 seconds, Stopping threads took: 0.0000203 seconds
208.347: [GC (Allocation Failure)  424998K->113513K(1027072K), 0.0045981 secs]
208.352: Total time for which application threads were stopped: 0.0047564 seconds, Stopping threads took: 0.0000246 seconds
208.416: [GC (Allocation Failure)  433000K->109542K(1034240K), 0.0027914 secs]
208.419: Total time for which application threads were stopped: 0.0029367 seconds, Stopping threads took: 0.0000195 seconds
208.486: [GC (Allocation Failure)  429030K->113641K(1033216K), 0.0037592 secs]
208.490: Total time for which application threads were stopped: 0.0039035 seconds, Stopping threads took: 0.0000205 seconds
208.556: [GC (Allocation Failure)  433129K->117609K(1034752K), 0.0036612 secs]
208.560: Total time for which application threads were stopped: 0.0038129 seconds, Stopping threads took: 0.0000207 seconds
208.624: [GC (Allocation Failure)  439145K->110822K(1034752K), 0.0014269 secs]
208.626: Total time for which application threads were stopped: 0.0015537 seconds, Stopping threads took: 0.0000189 seconds
208.693: [GC (Allocation Failure)  432358K->117673K(1034752K), 0.0034988 secs]
208.696: Total time for which application threads were stopped: 0.0036407 seconds, Stopping threads took: 0.0000278 seconds
208.761: [GC (Allocation Failure)  439209K->121785K(1034752K), 0.0046457 secs]
208.766: Total time for which application threads were stopped: 0.0048060 seconds, Stopping threads took: 0.0000255 seconds
208.828: [GC (Allocation Failure)  443321K->116214K(1034752K), 0.0019401 secs]
208.830: Total time for which application threads were stopped: 0.0020849 seconds, Stopping threads took: 0.0000206 seconds
208.894: [GC (Allocation Failure)  437750K->122025K(1034752K), 0.0065522 secs]
208.901: Total time for which application threads were stopped: 0.0067001 seconds, Stopping threads took: 0.0000218 seconds
208.965: [GC (Allocation Failure)  443561K->125857K(1035264K), 0.0040323 secs]
208.969: Total time for which application threads were stopped: 0.0041679 seconds, Stopping threads took: 0.0000194 seconds
209.032: [GC (Allocation Failure)  448345K->122014K(1035264K), 0.0027293 secs]
209.035: Total time for which application threads were stopped: 0.0028597 seconds, Stopping threads took: 0.0000192 seconds
209.100: [GC (Allocation Failure)  444574K->126049K(1036288K), 0.0037999 secs]
209.104: Total time for which application threads were stopped: 0.0039337 seconds, Stopping threads took: 0.0000191 seconds
209.167: [GC (Allocation Failure)  450145K->130017K(1035776K), 0.0035820 secs]
209.171: Total time for which application threads were stopped: 0.0037440 seconds, Stopping threads took: 0.0000237 seconds
209.237: [GC (Allocation Failure)  454113K->130049K(1035776K), 0.0036674 secs]
209.241: Total time for which application threads were stopped: 0.0038049 seconds, Stopping threads took: 0.0000257 seconds
209.306: [GC (Allocation Failure)  453633K->130121K(1023488K), 0.0038063 secs]
209.310: Total time for which application threads were stopped: 0.0039361 seconds, Stopping threads took: 0.0000178 seconds
209.376: [GC (Allocation Failure)  453705K->138059K(1035264K), 0.0038258 secs]
209.380: Total time for which application threads were stopped: 0.0039552 seconds, Stopping threads took: 0.0000195 seconds
209.444: [GC (Allocation Failure)  460619K->138027K(1030144K), 0.0035694 secs]
209.448: Total time for which application threads were stopped: 0.0037021 seconds, Stopping threads took: 0.0000198 seconds
209.511: [GC (Allocation Failure)  460587K->138115K(1034752K), 0.0038268 secs]
209.515: Total time for which application threads were stopped: 0.0039620 seconds, Stopping threads took: 0.0000196 seconds
209.579: [GC (Allocation Failure)  459651K->146085K(1034752K), 0.0038972 secs]
209.583: Total time for which application threads were stopped: 0.0040277 seconds, Stopping threads took: 0.0000194 seconds
209.647: [GC (Allocation Failure)  467621K->146085K(1033728K), 0.0035244 secs]
209.650: Total time for which application threads were stopped: 0.0036752 seconds, Stopping threads took: 0.0000253 seconds
209.713: [GC (Allocation Failure)  466597K->146341K(1034240K), 0.0038647 secs]
209.717: Total time for which application threads were stopped: 0.0039967 seconds, Stopping threads took: 0.0000186 seconds
209.780: [GC (Allocation Failure)  466853K->154119K(1034240K), 0.0036940 secs]
209.784: Total time for which application threads were stopped: 0.0038248 seconds, Stopping threads took: 0.0000181 seconds
209.848: [GC (Allocation Failure)  474631K->154151K(1034240K), 0.0037063 secs]
209.851: Total time for which application threads were stopped: 0.0038599 seconds, Stopping threads took: 0.0000261 seconds
209.916: [GC (Allocation Failure)  474663K->154567K(1033216K), 0.0038135 secs]
209.919: Total time for which application threads were stopped: 0.0039327 seconds, Stopping threads took: 0.0000158 seconds
209.983: [GC (Allocation Failure)  474055K->162186K(1033728K), 0.0037349 secs]
209.986: Total time for which application threads were stopped: 0.0038667 seconds, Stopping threads took: 0.0000187 seconds
210.050: [GC (Allocation Failure)  481674K->162154K(1033728K), 0.0036310 secs]
210.053: Total time for which application threads were stopped: 0.0037776 seconds, Stopping threads took: 0.0000188 seconds
210.115: [GC (Allocation Failure)  481642K->162282K(1033728K), 0.0039032 secs]
210.119: Total time for which application threads were stopped: 0.0040371 seconds, Stopping threads took: 0.0000155 seconds
210.184: [GC (Allocation Failure)  481770K->170188K(1033728K), 0.0036392 secs]
210.188: Total time for which application threads were stopped: 0.0037673 seconds, Stopping threads took: 0.0000245 seconds
210.252: [GC (Allocation Failure)  489676K->170188K(1033728K), 0.0038287 secs]
210.256: Total time for which application threads were stopped: 0.0039616 seconds, Stopping threads took: 0.0000240 seconds
210.319: [GC (Allocation Failure)  489676K->170252K(1033728K), 0.0039857 secs]
210.323: Total time for which application threads were stopped: 0.0041365 seconds, Stopping threads took: 0.0000192 seconds
210.389: [GC (Allocation Failure)  489740K->178222K(1027072K), 0.0041602 secs]
210.393: Total time for which application threads were stopped: 0.0043281 seconds, Stopping threads took: 0.0000195 seconds
210.457: [GC (Allocation Failure)  497710K->174316K(1034240K), 0.0030072 secs]
210.460: Total time for which application threads were stopped: 0.0031513 seconds, Stopping threads took: 0.0000195 seconds
210.529: [GC (Allocation Failure)  493804K->178382K(1033216K), 0.0040068 secs]
210.533: Total time for which application threads were stopped: 0.0041981 seconds, Stopping threads took: 0.0000301 seconds
210.598: [GC (Allocation Failure)  497870K->182318K(1034752K), 0.0038355 secs]
210.602: Total time for which application threads were stopped: 0.0039889 seconds, Stopping threads took: 0.0000228 seconds
210.666: [GC (Allocation Failure)  503854K->175564K(1034752K), 0.0014971 secs]
210.668: Total time for which application threads were stopped: 0.0016417 seconds, Stopping threads took: 0.0000200 seconds
210.734: [GC (Allocation Failure)  497100K->182414K(1034752K), 0.0036847 secs]
210.738: Total time for which application threads were stopped: 0.0038243 seconds, Stopping threads took: 0.0000257 seconds
210.801: [GC (Allocation Failure)  503950K->186494K(1034752K), 0.0048154 secs]
210.806: Total time for which application threads were stopped: 0.0049693 seconds, Stopping threads took: 0.0000205 seconds
210.868: [GC (Allocation Failure)  508030K->180956K(1034752K), 0.0021837 secs]
210.870: Total time for which application threads were stopped: 0.0023185 seconds, Stopping threads took: 0.0000198 seconds
210.934: [GC (Allocation Failure)  502492K->186758K(1034752K), 0.0038776 secs]
210.938: Total time for which application threads were stopped: 0.0040334 seconds, Stopping threads took: 0.0000278 seconds
211.003: [GC (Allocation Failure)  508294K->190630K(1034752K), 0.0043913 secs]
211.007: Total time for which application threads were stopped: 0.0045094 seconds, Stopping threads took: 0.0000153 seconds
211.070: [GC (Allocation Failure)  513119K->186756K(1035264K), 0.0028588 secs]
211.073: Total time for which application threads were stopped: 0.0029879 seconds, Stopping threads took: 0.0000179 seconds
211.138: [GC (Allocation Failure)  509316K->190798K(1036288K), 0.0041456 secs]
211.143: Total time for which application threads were stopped: 0.0042942 seconds, Stopping threads took: 0.0000262 seconds
211.209: [GC (Allocation Failure)  514894K->194798K(1035776K), 0.0038302 secs]
211.213: Total time for which application threads were stopped: 0.0039607 seconds, Stopping threads took: 0.0000186 seconds
211.277: [GC (Allocation Failure)  518894K->194734K(1035776K), 0.0037437 secs]
211.281: Total time for which application threads were stopped: 0.0038878 seconds, Stopping threads took: 0.0000181 seconds
211.347: [GC (Allocation Failure)  518318K->194854K(1023488K), 0.0049426 secs]
211.352: Total time for which application threads were stopped: 0.0051047 seconds, Stopping threads took: 0.0000253 seconds
211.416: [GC (Allocation Failure)  518438K->202825K(1035264K), 0.0039338 secs]
211.420: Total time for which application threads were stopped: 0.0040734 seconds, Stopping threads took: 0.0000199 seconds
211.484: [GC (Allocation Failure)  525385K->202793K(1030144K), 0.0037979 secs]
211.487: Total time for which application threads were stopped: 0.0039411 seconds, Stopping threads took: 0.0000214 seconds
211.551: [GC (Allocation Failure)  525353K->202825K(1034752K), 0.0038262 secs]
211.555: Total time for which application threads were stopped: 0.0039840 seconds, Stopping threads took: 0.0000191 seconds
211.620: [GC (Allocation Failure)  524361K->210827K(1034752K), 0.0040508 secs]
211.624: Total time for which application threads were stopped: 0.0041903 seconds, Stopping threads took: 0.0000186 seconds
211.688: [GC (Allocation Failure)  532363K->210859K(1033728K), 0.0036114 secs]
211.691: Total time for which application threads were stopped: 0.0037446 seconds, Stopping threads took: 0.0000276 seconds
211.754: [GC (Allocation Failure)  531371K->211083K(1034240K), 0.0039059 secs]
211.758: Total time for which application threads were stopped: 0.0040599 seconds, Stopping threads took: 0.0000255 seconds
211.824: [GC (Allocation Failure)  531595K->218893K(1034240K), 0.0037533 secs]
211.828: Total time for which application threads were stopped: 0.0038919 seconds, Stopping threads took: 0.0000260 seconds
211.892: [GC (Allocation Failure)  539405K->218861K(1034240K), 0.0038259 secs]
211.896: Total time for which application threads were stopped: 0.0039766 seconds, Stopping threads took: 0.0000191 seconds
211.960: [GC (Allocation Failure)  539373K->219309K(1033216K), 0.0039601 secs]
211.964: Total time for which application threads were stopped: 0.0040910 seconds, Stopping threads took: 0.0000192 seconds
212.028: [GC (Allocation Failure)  538797K->226927K(1033728K), 0.0038795 secs]
212.031: Total time for which application threads were stopped: 0.0040130 seconds, Stopping threads took: 0.0000182 seconds
212.096: [GC (Allocation Failure)  546415K->226895K(1033728K), 0.0039144 secs]
212.100: Total time for which application threads were stopped: 0.0040525 seconds, Stopping threads took: 0.0000261 seconds
212.163: [GC (Allocation Failure)  546383K->227047K(1033728K), 0.0039543 secs]
212.167: Total time for which application threads were stopped: 0.0041064 seconds, Stopping threads took: 0.0000177 seconds
212.232: [GC (Allocation Failure)  546535K->234922K(1033728K), 0.0037980 secs]
212.235: Total time for which application threads were stopped: 0.0039357 seconds, Stopping threads took: 0.0000260 seconds
212.299: [GC (Allocation Failure)  554410K->234922K(1033728K), 0.0039319 secs]
212.303: Total time for which application threads were stopped: 0.0040675 seconds, Stopping threads took: 0.0000239 seconds
212.368: [GC (Allocation Failure)  554410K->234986K(1033728K), 0.0039003 secs]
212.372: Total time for which application threads were stopped: 0.0040342 seconds, Stopping threads took: 0.0000140 seconds
212.435: [GC (Allocation Failure)  554474K->242956K(1027072K), 0.0041200 secs]
212.439: Total time for which application threads were stopped: 0.0042636 seconds, Stopping threads took: 0.0000198 seconds
212.502: [GC (Allocation Failure)  562443K->239082K(1034240K), 0.0032211 secs]
212.505: Total time for which application threads were stopped: 0.0033558 seconds, Stopping threads took: 0.0000201 seconds
212.570: [GC (Allocation Failure)  558570K->243108K(1033216K), 0.0042551 secs]
212.574: Total time for which application threads were stopped: 0.0044062 seconds, Stopping threads took: 0.0000197 seconds
212.639: [GC (Allocation Failure)  562596K->247108K(1034752K), 0.0039611 secs]
212.643: Total time for which application threads were stopped: 0.0041010 seconds, Stopping threads took: 0.0000207 seconds
212.708: [GC (Allocation Failure)  568644K->240290K(1034752K), 0.0015471 secs]
212.710: Total time for which application threads were stopped: 0.0016751 seconds, Stopping threads took: 0.0000242 seconds
212.773: [GC (Allocation Failure)  561826K->247148K(1034752K), 0.0038039 secs]
212.777: Total time for which application threads were stopped: 0.0039605 seconds, Stopping threads took: 0.0000273 seconds
212.839: [GC (Allocation Failure)  568684K->251228K(1034752K), 0.0049436 secs]
212.844: Total time for which application threads were stopped: 0.0050748 seconds, Stopping threads took: 0.0000179 seconds
212.906: [GC (Allocation Failure)  572764K->245690K(1034752K), 0.0021952 secs]
212.908: Total time for which application threads were stopped: 0.0023359 seconds, Stopping threads took: 0.0000181 seconds
212.973: [GC (Allocation Failure)  567226K->251500K(1034752K), 0.0040435 secs]
212.977: Total time for which application threads were stopped: 0.0041825 seconds, Stopping threads took: 0.0000195 seconds
213.040: [GC (Allocation Failure)  573036K->255340K(1034752K), 0.0044685 secs]
213.044: Total time for which application threads were stopped: 0.0046230 seconds, Stopping threads took: 0.0000230 seconds
213.108: [GC (Allocation Failure)  577828K->251498K(1035264K), 0.0029545 secs]
213.111: Total time for which application threads were stopped: 0.0030990 seconds, Stopping threads took: 0.0000187 seconds
213.177: [GC (Allocation Failure)  574058K->255532K(1036288K), 0.0042512 secs]
213.181: Total time for which application threads were stopped: 0.0044025 seconds, Stopping threads took: 0.0000240 seconds
213.245: [GC (Allocation Failure)  579628K->259500K(1035776K), 0.0038528 secs]
213.249: Total time for which application threads were stopped: 0.0039946 seconds, Stopping threads took: 0.0000196 seconds
213.313: [GC (Allocation Failure)  583596K->259500K(1035776K), 0.0054162 secs]
213.319: Total time for which application threads were stopped: 0.0055665 seconds, Stopping threads took: 0.0000182 seconds
213.385: [GC (Allocation Failure)  583084K->259564K(1023488K), 0.0040729 secs]
213.389: Total time for which application threads were stopped: 0.0042152 seconds, Stopping threads took: 0.0000179 seconds
213.453: [GC (Allocation Failure)  583148K->267566K(1035264K), 0.0039901 secs]
213.458: Total time for which application threads were stopped: 0.0041320 seconds, Stopping threads took: 0.0000272 seconds
213.521: [GC (Allocation Failure)  590126K->267566K(1030144K), 0.0039608 secs]
213.525: Total time for which application threads were stopped: 0.0041082 seconds, Stopping threads took: 0.0000246 seconds
213.588: [GC (Allocation Failure)  590126K->267590K(1034752K), 0.0041489 secs]
213.592: Total time for which application threads were stopped: 0.0042792 seconds, Stopping threads took: 0.0000182 seconds
213.655: [GC (Allocation Failure)  589126K->275560K(1034752K), 0.0042626 secs]
213.659: Total time for which application threads were stopped: 0.0043931 seconds, Stopping threads took: 0.0000177 seconds
213.723: [GC (Allocation Failure)  597096K->275560K(1033728K), 0.0037337 secs]
213.727: Total time for which application threads were stopped: 0.0038977 seconds, Stopping threads took: 0.0000184 seconds
213.791: [GC (Allocation Failure)  596072K->275816K(1034240K), 0.0039684 secs]
213.795: Total time for which application threads were stopped: 0.0040869 seconds, Stopping threads took: 0.0000158 seconds
213.859: [GC (Allocation Failure)  596328K->283627K(1034240K), 0.0064118 secs]
213.865: Total time for which application threads were stopped: 0.0065493 seconds, Stopping threads took: 0.0000249 seconds
213.929: [GC (Allocation Failure)  604139K->283627K(1034240K), 0.0040012 secs]
213.933: Total time for which application threads were stopped: 0.0041405 seconds, Stopping threads took: 0.0000192 seconds
213.996: [GC (Allocation Failure)  604139K->284043K(1033216K), 0.0041731 secs]
214.000: Total time for which application threads were stopped: 0.0043270 seconds, Stopping threads took: 0.0000201 seconds
214.066: [GC (Allocation Failure)  603531K->291629K(1033728K), 0.0040278 secs]
214.070: Total time for which application threads were stopped: 0.0041827 seconds, Stopping threads took: 0.0000186 seconds
214.134: [GC (Allocation Failure)  611117K->291597K(1033728K), 0.0039224 secs]
214.138: Total time for which application threads were stopped: 0.0040803 seconds, Stopping threads took: 0.0000268 seconds
214.199: [GC (Allocation Failure)  611085K->291781K(1033728K), 0.0041006 secs]
214.203: Total time for which application threads were stopped: 0.0042342 seconds, Stopping threads took: 0.0000183 seconds
214.267: [GC (Allocation Failure)  611269K->299687K(1033728K), 0.0040583 secs]
214.271: Total time for which application threads were stopped: 0.0041964 seconds, Stopping threads took: 0.0000247 seconds
214.334: [GC (Allocation Failure)  619175K->299655K(1033728K), 0.0040684 secs]
214.338: Total time for which application threads were stopped: 0.0042159 seconds, Stopping threads took: 0.0000190 seconds
214.407: [GC (Allocation Failure)  619143K->299687K(1033728K), 0.0042035 secs]
214.411: Total time for which application threads were stopped: 0.0043875 seconds, Stopping threads took: 0.0000197 seconds
214.479: [GC (Allocation Failure)  619175K->307689K(1027072K), 0.0042106 secs]
214.483: Total time for which application threads were stopped: 0.0043749 seconds, Stopping threads took: 0.0000202 seconds
214.546: [GC (Allocation Failure)  627177K->303815K(1034240K), 0.0033455 secs]
214.549: Total time for which application threads were stopped: 0.0034853 seconds, Stopping threads took: 0.0000199 seconds
214.616: [GC (Allocation Failure)  623303K->307849K(1033216K), 0.0041227 secs]
214.620: Total time for which application threads were stopped: 0.0042606 seconds, Stopping threads took: 0.0000194 seconds
214.686: [GC (Allocation Failure)  627337K->311849K(1034752K), 0.0040054 secs]
214.690: Total time for which application threads were stopped: 0.0041513 seconds, Stopping threads took: 0.0000208 seconds
214.755: [GC (Allocation Failure)  633385K->305031K(1034752K), 0.0017768 secs]
214.757: Total time for which application threads were stopped: 0.0020472 seconds, Stopping threads took: 0.0000175 seconds
214.821: [GC (Allocation Failure)  626567K->311857K(1034752K), 0.0041019 secs]
214.826: Total time for which application threads were stopped: 0.0042501 seconds, Stopping threads took: 0.0000196 seconds
214.892: [GC (Allocation Failure)  633393K->315969K(1034752K), 0.0051506 secs]
214.898: Total time for which application threads were stopped: 0.0053352 seconds, Stopping threads took: 0.0000200 seconds
214.962: [GC (Allocation Failure)  637505K->310367K(1034752K), 0.0023477 secs]
214.965: Total time for which application threads were stopped: 0.0024809 seconds, Stopping threads took: 0.0000195 seconds
215.032: [GC (Allocation Failure)  631903K->316241K(1034752K), 0.0042095 secs]
215.036: Total time for which application threads were stopped: 0.0043415 seconds, Stopping threads took: 0.0000202 seconds
215.102: [GC (Allocation Failure)  637777K->320145K(1034752K), 0.0045956 secs]
215.107: Total time for which application threads were stopped: 0.0047378 seconds, Stopping threads took: 0.0000208 seconds
215.171: [GC (Allocation Failure)  642634K->316207K(1035264K), 0.0032233 secs]
215.175: Total time for which application threads were stopped: 0.0033750 seconds, Stopping threads took: 0.0000273 seconds
215.241: [GC (Allocation Failure)  638767K->320265K(1036288K), 0.0041513 secs]
215.245: Total time for which application threads were stopped: 0.0042881 seconds, Stopping threads took: 0.0000257 seconds
215.311: [GC (Allocation Failure)  644361K->324233K(1035776K), 0.0041926 secs]
215.315: Total time for which application threads were stopped: 0.0043342 seconds, Stopping threads took: 0.0000191 seconds
215.385: [GC (Allocation Failure)  648329K->324265K(1035776K), 0.0040925 secs]
215.389: Total time for which application threads were stopped: 0.0042379 seconds, Stopping threads took: 0.0000163 seconds
215.456: [GC (Allocation Failure)  647849K->324297K(1023488K), 0.0041705 secs]
215.461: Total time for which application threads were stopped: 0.0043311 seconds, Stopping threads took: 0.0000195 seconds
215.526: [GC (Allocation Failure)  647881K->332300K(1035264K), 0.0042167 secs]
215.530: Total time for which application threads were stopped: 0.0043698 seconds, Stopping threads took: 0.0000219 seconds
215.596: [GC (Allocation Failure)  654860K->332300K(1030144K), 0.0041435 secs]
215.600: Total time for which application threads were stopped: 0.0042928 seconds, Stopping threads took: 0.0000193 seconds
215.665: [GC (Allocation Failure)  654860K->332332K(1034752K), 0.0042734 secs]
215.669: Total time for which application threads were stopped: 0.0044197 seconds, Stopping threads took: 0.0000207 seconds
215.735: [GC (Allocation Failure)  653868K->340334K(1029120K), 0.0042701 secs]
215.739: Total time for which application threads were stopped: 0.0044106 seconds, Stopping threads took: 0.0000199 seconds
215.806: [GC (Allocation Failure)  661870K->340302K(1034240K), 0.0040175 secs]
215.810: Total time for which application threads were stopped: 0.0041757 seconds, Stopping threads took: 0.0000188 seconds
215.876: [GC (Allocation Failure)  660814K->340550K(1034240K), 0.0042676 secs]
215.880: Total time for which application threads were stopped: 0.0044134 seconds, Stopping threads took: 0.0000193 seconds
215.947: [GC (Allocation Failure)  661062K->348328K(1034240K), 0.0041481 secs]
215.951: Total time for which application threads were stopped: 0.0043102 seconds, Stopping threads took: 0.0000193 seconds
216.017: [GC (Allocation Failure)  668840K->348360K(1034240K), 0.0043345 secs]
216.021: Total time for which application threads were stopped: 0.0044814 seconds, Stopping threads took: 0.0000195 seconds
216.085: [GC (Allocation Failure)  668872K->348776K(1033216K), 0.0042546 secs]
216.089: Total time for which application threads were stopped: 0.0044034 seconds, Stopping threads took: 0.0000191 seconds
216.154: [GC (Allocation Failure)  668264K->356395K(1033728K), 0.0041658 secs]
216.159: Total time for which application threads were stopped: 0.0043132 seconds, Stopping threads took: 0.0000182 seconds
216.224: [GC (Allocation Failure)  675883K->356331K(1033728K), 0.0040598 secs]
216.228: Total time for which application threads were stopped: 0.0041924 seconds, Stopping threads took: 0.0000251 seconds
216.289: [GC (Allocation Failure)  675819K->356515K(1033728K), 0.0044145 secs]
216.293: Total time for which application threads were stopped: 0.0045646 seconds, Stopping threads took: 0.0000242 seconds
216.358: [GC (Allocation Failure)  676003K->364389K(1033728K), 0.0048176 secs]
216.362: Total time for which application threads were stopped: 0.0049725 seconds, Stopping threads took: 0.0000230 seconds
216.430: [GC (Allocation Failure)  683877K->364389K(1033728K), 0.0044867 secs]
216.435: Total time for which application threads were stopped: 0.0046533 seconds, Stopping threads took: 0.0000192 seconds
216.502: [GC (Allocation Failure)  683877K->364453K(1033728K), 0.0044143 secs]
216.506: Total time for which application threads were stopped: 0.0045642 seconds, Stopping threads took: 0.0000190 seconds
216.573: [GC (Allocation Failure)  683941K->372423K(1027072K), 0.0043671 secs]
216.577: Total time for which application threads were stopped: 0.0045643 seconds, Stopping threads took: 0.0000200 seconds
216.642: [GC (Allocation Failure)  691911K->368485K(1034240K), 0.0035128 secs]
216.645: Total time for which application threads were stopped: 0.0037062 seconds, Stopping threads took: 0.0000210 seconds
216.715: [GC (Allocation Failure)  687973K->372591K(1033216K), 0.0044965 secs]
216.719: Total time for which application threads were stopped: 0.0046636 seconds, Stopping threads took: 0.0000310 seconds
216.785: [GC (Allocation Failure)  692079K->376559K(1034752K), 0.0041804 secs]
216.789: Total time for which application threads were stopped: 0.0043299 seconds, Stopping threads took: 0.0000191 seconds
216.854: [GC (Allocation Failure)  698095K->369773K(1034752K), 0.0019046 secs]
216.856: Total time for which application threads were stopped: 0.0020450 seconds, Stopping threads took: 0.0000196 seconds
216.922: [GC (Allocation Failure)  691309K->376631K(1034752K), 0.0042816 secs]
216.926: Total time for which application threads were stopped: 0.0044394 seconds, Stopping threads took: 0.0000191 seconds
216.993: [GC (Allocation Failure)  698167K->380711K(1034752K), 0.0054297 secs]
216.998: Total time for which application threads were stopped: 0.0055876 seconds, Stopping threads took: 0.0000190 seconds
217.062: [GC (Allocation Failure)  702247K->375173K(1034752K), 0.0024868 secs]
217.065: Total time for which application threads were stopped: 0.0026238 seconds, Stopping threads took: 0.0000195 seconds
217.130: [GC (Allocation Failure)  696709K->381015K(1034752K), 0.0044161 secs]
217.134: Total time for which application threads were stopped: 0.0045682 seconds, Stopping threads took: 0.0000269 seconds
217.200: [GC (Allocation Failure)  702551K->384887K(1035264K), 0.0044837 secs]
217.204: Total time for which application threads were stopped: 0.0046298 seconds, Stopping threads took: 0.0000265 seconds
217.270: [GC (Allocation Failure)  707375K->380949K(1035264K), 0.0031593 secs]
217.273: Total time for which application threads were stopped: 0.0032972 seconds, Stopping threads took: 0.0000247 seconds
217.339: [GC (Allocation Failure)  703509K->384951K(1036288K), 0.0071367 secs]
217.347: Total time for which application threads were stopped: 0.0072893 seconds, Stopping threads took: 0.0000207 seconds
217.415: [GC (Allocation Failure)  709047K->389015K(1035776K), 0.0043915 secs]
217.420: Total time for which application threads were stopped: 0.0045801 seconds, Stopping threads took: 0.0000197 seconds
217.489: [GC (Allocation Failure)  713111K->388983K(1035776K), 0.0044233 secs]
217.493: Total time for which application threads were stopped: 0.0045762 seconds, Stopping threads took: 0.0000166 seconds
217.560: [GC (Allocation Failure)  712567K->389047K(1023488K), 0.0045602 secs]
217.565: Total time for which application threads were stopped: 0.0047328 seconds, Stopping threads took: 0.0000200 seconds
217.631: [GC (Allocation Failure)  712631K->397049K(1035264K), 0.0046070 secs]
217.635: Total time for which application threads were stopped: 0.0047785 seconds, Stopping threads took: 0.0000209 seconds
217.701: [GC (Allocation Failure)  719609K->397017K(1030144K), 0.0042330 secs]
217.706: Total time for which application threads were stopped: 0.0044060 seconds, Stopping threads took: 0.0000275 seconds
217.773: [GC (Allocation Failure)  719577K->397049K(1034752K), 0.0043013 secs]
217.777: Total time for which application threads were stopped: 0.0044697 seconds, Stopping threads took: 0.0000196 seconds
217.844: [GC (Allocation Failure)  718585K->405084K(1029120K), 0.0046903 secs]
217.848: Total time for which application threads were stopped: 0.0048585 seconds, Stopping threads took: 0.0000195 seconds
217.916: [GC (Allocation Failure)  726620K->405084K(1034240K), 0.0044092 secs]
217.920: Total time for which application threads were stopped: 0.0045768 seconds, Stopping threads took: 0.0000203 seconds
217.989: [GC (Allocation Failure)  725596K->405316K(1034240K), 0.0043162 secs]
217.993: Total time for which application threads were stopped: 0.0045061 seconds, Stopping threads took: 0.0000194 seconds
218.062: [GC (Allocation Failure)  725828K->413094K(1034240K), 0.0044345 secs]
218.066: Total time for which application threads were stopped: 0.0045771 seconds, Stopping threads took: 0.0000166 seconds
218.134: [GC (Allocation Failure)  733606K->413094K(1034240K), 0.0046557 secs]
218.139: Total time for which application threads were stopped: 0.0048282 seconds, Stopping threads took: 0.0000196 seconds
218.206: [GC (Allocation Failure)  733606K->413542K(1033216K), 0.0043657 secs]
218.210: Total time for which application threads were stopped: 0.0045156 seconds, Stopping threads took: 0.0000202 seconds
218.277: [GC (Allocation Failure)  733030K->421160K(1033728K), 0.0044520 secs]
218.281: Total time for which application threads were stopped: 0.0046040 seconds, Stopping threads took: 0.0000201 seconds
218.347: [GC (Allocation Failure)  740648K->421128K(1033728K), 0.0060422 secs]
218.353: Total time for which application threads were stopped: 0.0061864 seconds, Stopping threads took: 0.0000261 seconds
218.418: [GC (Allocation Failure)  740616K->421256K(1033728K), 0.0045662 secs]
218.422: Total time for which application threads were stopped: 0.0047545 seconds, Stopping threads took: 0.0000192 seconds
218.490: [GC (Allocation Failure)  740744K->429162K(1033728K), 0.0045529 secs]
218.495: Total time for which application threads were stopped: 0.0047317 seconds, Stopping threads took: 0.0000169 seconds
218.563: [GC (Allocation Failure)  748650K->429162K(1033728K), 0.0045064 secs]
218.568: Total time for which application threads were stopped: 0.0047013 seconds, Stopping threads took: 0.0000274 seconds
218.636: [GC (Allocation Failure)  748650K->429226K(1033728K), 0.0045852 secs]
218.641: Total time for which application threads were stopped: 0.0047410 seconds, Stopping threads took: 0.0000168 seconds
218.707: [GC (Allocation Failure)  748714K->437197K(1027072K), 0.0043437 secs]
218.711: Total time for which application threads were stopped: 0.0045037 seconds, Stopping threads took: 0.0000192 seconds
218.777: [GC (Allocation Failure)  756684K->433258K(1034240K), 0.0034625 secs]
218.780: Total time for which application threads were stopped: 0.0036275 seconds, Stopping threads took: 0.0000196 seconds
218.847: [GC (Allocation Failure)  752746K->437357K(1033216K), 0.0044710 secs]
218.851: Total time for which application threads were stopped: 0.0046332 seconds, Stopping threads took: 0.0000197 seconds
218.919: [GC (Allocation Failure)  756845K->441325K(1034752K), 0.0043620 secs]
218.924: Total time for which application threads were stopped: 0.0045064 seconds, Stopping threads took: 0.0000163 seconds
218.988: [GC (Allocation Failure)  762861K->434538K(1034752K), 0.0021988 secs]
218.990: Total time for which application threads were stopped: 0.0023364 seconds, Stopping threads took: 0.0000189 seconds
219.056: [GC (Allocation Failure)  756074K->441397K(1034752K), 0.0044643 secs]
219.061: Total time for which application threads were stopped: 0.0046327 seconds, Stopping threads took: 0.0000194 seconds
219.127: [GC (Allocation Failure)  762933K->445477K(1034752K), 0.0054981 secs]
219.133: Total time for which application threads were stopped: 0.0056751 seconds, Stopping threads took: 0.0000200 seconds
219.199: [GC (Allocation Failure)  767013K->439938K(1034752K), 0.0025804 secs]
219.201: Total time for which application threads were stopped: 0.0027312 seconds, Stopping threads took: 0.0000195 seconds
219.268: [GC (Allocation Failure)  761474K->445749K(1034752K), 0.0043845 secs]
219.272: Total time for which application threads were stopped: 0.0045422 seconds, Stopping threads took: 0.0000265 seconds
219.338: [GC (Allocation Failure)  767285K->449629K(1034752K), 0.0082533 secs]
219.346: Total time for which application threads were stopped: 0.0084538 seconds, Stopping threads took: 0.0000278 seconds
219.414: [GC (Allocation Failure)  772117K->445722K(1035264K), 0.0033544 secs]
219.417: Total time for which application threads were stopped: 0.0035110 seconds, Stopping threads took: 0.0000204 seconds
219.485: [GC (Allocation Failure)  768282K->449797K(1036288K), 0.0045851 secs]
219.490: Total time for which application threads were stopped: 0.0047568 seconds, Stopping threads took: 0.0000216 seconds
219.557: [GC (Allocation Failure)  773893K->453765K(1035776K), 0.0045896 secs]
219.562: Total time for which application threads were stopped: 0.0047526 seconds, Stopping threads took: 0.0000198 seconds
219.630: [GC (Allocation Failure)  777861K->453765K(1035776K), 0.0045068 secs]
219.634: Total time for which application threads were stopped: 0.0046705 seconds, Stopping threads took: 0.0000196 seconds
219.701: [GC (Allocation Failure)  777349K->453837K(1023488K), 0.0044581 secs]
219.706: Total time for which application threads were stopped: 0.0046268 seconds, Stopping threads took: 0.0000264 seconds
219.772: [GC (Allocation Failure)  777421K->461839K(1035264K), 0.0047447 secs]
219.777: Total time for which application threads were stopped: 0.0049152 seconds, Stopping threads took: 0.0000247 seconds
219.843: [GC (Allocation Failure)  784399K->461775K(1030144K), 0.0044155 secs]
219.848: Total time for which application threads were stopped: 0.0046074 seconds, Stopping threads took: 0.0000207 seconds
219.916: [GC (Allocation Failure)  784335K->461879K(1034752K), 0.0045322 secs]
219.921: Total time for which application threads were stopped: 0.0046888 seconds, Stopping threads took: 0.0000174 seconds
219.987: [GC (Allocation Failure)  783415K->469881K(1034752K), 0.0061280 secs]
219.993: Total time for which application threads were stopped: 0.0063266 seconds, Stopping threads took: 0.0000198 seconds
220.062: [GC (Allocation Failure)  791417K->469881K(1033728K), 0.0043846 secs]
220.066: Total time for which application threads were stopped: 0.0045614 seconds, Stopping threads took: 0.0000217 seconds
220.132: [GC (Allocation Failure)  790393K->470105K(1034240K), 0.0044548 secs]
220.137: Total time for which application threads were stopped: 0.0046549 seconds, Stopping threads took: 0.0000204 seconds
220.206: [GC (Allocation Failure)  790617K->477915K(1034240K), 0.0042676 secs]
220.210: Total time for which application threads were stopped: 0.0044212 seconds, Stopping threads took: 0.0000249 seconds
220.278: [GC (Allocation Failure)  798427K->477915K(1034240K), 0.0045979 secs]
220.282: Total time for which application threads were stopped: 0.0047630 seconds, Stopping threads took: 0.0000195 seconds
220.349: [GC (Allocation Failure)  798427K->478299K(1033216K), 0.0054369 secs]
220.355: Total time for which application threads were stopped: 0.0056252 seconds, Stopping threads took: 0.0000191 seconds
220.424: [GC (Allocation Failure)  797787K->485950K(1033728K), 0.0047300 secs]
220.429: Total time for which application threads were stopped: 0.0048988 seconds, Stopping threads took: 0.0000185 seconds
220.497: [GC (Allocation Failure)  805438K->485918K(1033728K), 0.0046331 secs]
220.502: Total time for which application threads were stopped: 0.0048200 seconds, Stopping threads took: 0.0000218 seconds
220.567: [GC (Allocation Failure)  805406K->486046K(1033728K), 0.0047726 secs]
220.572: Total time for which application threads were stopped: 0.0049366 seconds, Stopping threads took: 0.0000190 seconds
220.640: [GC (Allocation Failure)  805534K->493984K(1033728K), 0.0045862 secs]
220.644: Total time for which application threads were stopped: 0.0047823 seconds, Stopping threads took: 0.0000199 seconds
220.713: [GC (Allocation Failure)  813472K->493952K(1033728K), 0.0047162 secs]
220.718: Total time for which application threads were stopped: 0.0048829 seconds, Stopping threads took: 0.0000272 seconds
220.785: [GC (Allocation Failure)  813440K->494016K(1033728K), 0.0047511 secs]
220.789: Total time for which application threads were stopped: 0.0049256 seconds, Stopping threads took: 0.0000201 seconds
220.856: [GC (Allocation Failure)  813504K->501986K(1027072K), 0.0045869 secs]
220.861: Total time for which application threads were stopped: 0.0047501 seconds, Stopping threads took: 0.0000194 seconds
220.925: [GC (Allocation Failure)  821474K->498112K(1034240K), 0.0036958 secs]
220.929: Total time for which application threads were stopped: 0.0038560 seconds, Stopping threads took: 0.0000198 seconds
220.996: [GC (Allocation Failure)  817600K->502154K(1033216K), 0.0047846 secs]
221.001: Total time for which application threads were stopped: 0.0049569 seconds, Stopping threads took: 0.0000196 seconds
221.068: [GC (Allocation Failure)  821642K->506154K(1034752K), 0.0046325 secs]
221.073: Total time for which application threads were stopped: 0.0048004 seconds, Stopping threads took: 0.0000215 seconds
221.140: [GC (Allocation Failure)  827690K->499336K(1034752K), 0.0029117 secs]
221.143: Total time for which application threads were stopped: 0.0030509 seconds, Stopping threads took: 0.0000191 seconds
221.210: [GC (Allocation Failure)  820872K->506162K(1034752K), 0.0043546 secs]
221.214: Total time for which application threads were stopped: 0.0045311 seconds, Stopping threads took: 0.0000255 seconds
221.280: [GC (Allocation Failure)  827698K->510306K(1034752K), 0.0054338 secs]
221.286: Total time for which application threads were stopped: 0.0055951 seconds, Stopping threads took: 0.0000198 seconds
221.352: [GC (Allocation Failure)  831842K->504672K(1034752K), 0.0052074 secs]
221.357: Total time for which application threads were stopped: 0.0053582 seconds, Stopping threads took: 0.0000272 seconds
221.424: [GC (Allocation Failure)  826208K->510546K(1034752K), 0.0046066 secs]
221.429: Total time for which application threads were stopped: 0.0047664 seconds, Stopping threads took: 0.0000191 seconds
221.496: [GC (Allocation Failure)  832082K->514442K(1035264K), 0.0049587 secs]
221.501: Total time for which application threads were stopped: 0.0051508 seconds, Stopping threads took: 0.0000200 seconds
221.570: [GC (Allocation Failure)  836931K->510504K(1035264K), 0.0033793 secs]
221.573: Total time for which application threads were stopped: 0.0035291 seconds, Stopping threads took: 0.0000168 seconds
221.641: [GC (Allocation Failure)  833064K->514570K(1036288K), 0.0045749 secs]
221.646: Total time for which application threads were stopped: 0.0047537 seconds, Stopping threads took: 0.0000200 seconds
221.716: [GC (Allocation Failure)  838666K->518570K(1035776K), 0.0044462 secs]
221.720: Total time for which application threads were stopped: 0.0046147 seconds, Stopping threads took: 0.0000261 seconds
221.790: [GC (Allocation Failure)  842666K->518538K(1035776K), 0.0046115 secs]
221.794: Total time for which application threads were stopped: 0.0047807 seconds, Stopping threads took: 0.0000280 seconds
221.862: [GC (Allocation Failure)  842122K->518594K(1023488K), 0.0053641 secs]
221.867: Total time for which application threads were stopped: 0.0055443 seconds, Stopping threads took: 0.0000195 seconds
221.935: [GC (Allocation Failure)  842178K->526565K(1035264K), 0.0045897 secs]
221.940: Total time for which application threads were stopped: 0.0047908 seconds, Stopping threads took: 0.0000204 seconds
222.009: [GC (Allocation Failure)  849125K->526597K(1030144K), 0.0045090 secs]
222.014: Total time for which application threads were stopped: 0.0046688 seconds, Stopping threads took: 0.0000168 seconds
222.081: [GC (Allocation Failure)  849157K->526637K(1034752K), 0.0047064 secs]
222.086: Total time for which application threads were stopped: 0.0049006 seconds, Stopping threads took: 0.0000198 seconds
222.156: [GC (Allocation Failure)  848173K->534639K(1029120K), 0.0048785 secs]
222.161: Total time for which application threads were stopped: 0.0050625 seconds, Stopping threads took: 0.0000170 seconds
222.230: [GC (Allocation Failure)  856175K->534607K(1034240K), 0.0044307 secs]
222.235: Total time for which application threads were stopped: 0.0046051 seconds, Stopping threads took: 0.0000274 seconds
222.303: [GC (Allocation Failure)  855119K->534863K(1034240K), 0.0048019 secs]
222.308: Total time for which application threads were stopped: 0.0049529 seconds, Stopping threads took: 0.0000174 seconds
222.376: [GC (Allocation Failure)  855375K->542673K(1034240K), 0.0044449 secs]
222.381: Total time for which application threads were stopped: 0.0046391 seconds, Stopping threads took: 0.0000201 seconds
222.450: [GC (Allocation Failure)  863185K->542673K(1034240K), 0.0049145 secs]
222.455: Total time for which application threads were stopped: 0.0050661 seconds, Stopping threads took: 0.0000175 seconds
222.523: [GC (Allocation Failure)  863185K->543081K(1033216K), 0.0046205 secs]
222.527: Total time for which application threads were stopped: 0.0047936 seconds, Stopping threads took: 0.0000204 seconds
222.595: [GC (Allocation Failure)  862569K->550667K(1033728K), 0.0046702 secs]
222.600: Total time for which application threads were stopped: 0.0048434 seconds, Stopping threads took: 0.0000199 seconds
222.668: [GC (Allocation Failure)  870155K->550667K(1033728K), 0.0047228 secs]
222.672: Total time for which application threads were stopped: 0.0048962 seconds, Stopping threads took: 0.0000201 seconds
222.738: [GC (Allocation Failure)  870155K->550787K(1033728K), 0.0047405 secs]
222.743: Total time for which application threads were stopped: 0.0049093 seconds, Stopping threads took: 0.0000260 seconds
222.811: [GC (Allocation Failure)  870275K->558726K(1033728K), 0.0046165 secs]
222.815: Total time for which application threads were stopped: 0.0047881 seconds, Stopping threads took: 0.0000200 seconds
222.883: [GC (Allocation Failure)  878214K->558694K(1033728K), 0.0048302 secs]
222.887: Total time for which application threads were stopped: 0.0050025 seconds, Stopping threads took: 0.0000198 seconds
222.955: [GC (Allocation Failure)  878182K->558758K(1033728K), 0.0068138 secs]
222.961: Total time for which application threads were stopped: 0.0069793 seconds, Stopping threads took: 0.0000196 seconds
223.029: [GC (Allocation Failure)  878246K->566728K(1027072K), 0.0048207 secs]
223.034: Total time for which application threads were stopped: 0.0050056 seconds, Stopping threads took: 0.0000203 seconds
223.101: [GC (Allocation Failure)  886215K->562822K(1034240K), 0.0038010 secs]
223.105: Total time for which application threads were stopped: 0.0039833 seconds, Stopping threads took: 0.0000167 seconds
223.174: [GC (Allocation Failure)  882310K->566888K(1033216K), 0.0048821 secs]
223.179: Total time for which application threads were stopped: 0.0050738 seconds, Stopping threads took: 0.0000198 seconds
223.249: [GC (Allocation Failure)  886376K->570856K(1034752K), 0.0046825 secs]
223.253: Total time for which application threads were stopped: 0.0048323 seconds, Stopping threads took: 0.0000166 seconds
223.320: [GC (Allocation Failure)  892392K->564070K(1034752K), 0.0021465 secs]
223.322: Total time for which application threads were stopped: 0.0023051 seconds, Stopping threads took: 0.0000261 seconds
223.393: [GC (Allocation Failure)  885606K->570920K(1034752K), 0.0045804 secs]
223.398: Total time for which application threads were stopped: 0.0047435 seconds, Stopping threads took: 0.0000258 seconds
223.464: [GC (Allocation Failure)  892456K->575000K(1034752K), 0.0057314 secs]
223.470: Total time for which application threads were stopped: 0.0058957 seconds, Stopping threads took: 0.0000201 seconds
223.536: [GC (Allocation Failure)  896536K->569462K(1034752K), 0.0028873 secs]
223.539: Total time for which application threads were stopped: 0.0030647 seconds, Stopping threads took: 0.0000202 seconds
223.608: [GC (Allocation Failure)  890998K->575304K(1034752K), 0.0047925 secs]
223.613: Total time for which application threads were stopped: 0.0049903 seconds, Stopping threads took: 0.0000199 seconds
223.681: [GC (Allocation Failure)  896840K->579144K(1035264K), 0.0050917 secs]
223.686: Total time for which application threads were stopped: 0.0052844 seconds, Stopping threads took: 0.0000193 seconds
223.756: [GC (Allocation Failure)  901632K->575270K(1035264K), 0.0036140 secs]
223.759: Total time for which application threads were stopped: 0.0037885 seconds, Stopping threads took: 0.0000265 seconds
223.827: [GC (Allocation Failure)  897830K->579312K(1036288K), 0.0049807 secs]
223.832: Total time for which application threads were stopped: 0.0051515 seconds, Stopping threads took: 0.0000203 seconds
223.900: [GC (Allocation Failure)  903408K->583280K(1035776K), 0.0047242 secs]
223.905: Total time for which application threads were stopped: 0.0049061 seconds, Stopping threads took: 0.0000197 seconds
223.973: [GC (Allocation Failure)  907376K->583280K(1035776K), 0.0048629 secs]
223.978: Total time for which application threads were stopped: 0.0050335 seconds, Stopping threads took: 0.0000193 seconds
224.046: [GC (Allocation Failure)  906864K->583336K(1023488K), 0.0046648 secs]
224.050: Total time for which application threads were stopped: 0.0048223 seconds, Stopping threads took: 0.0000193 seconds
224.119: [GC (Allocation Failure)  906920K->591338K(1035264K), 0.0049002 secs]
224.124: Total time for which application threads were stopped: 0.0051887 seconds, Stopping threads took: 0.0000190 seconds
224.192: [GC (Allocation Failure)  913898K->591306K(1030144K), 0.0069944 secs]
224.199: Total time for which application threads were stopped: 0.0071666 seconds, Stopping threads took: 0.0000206 seconds
224.268: [GC (Allocation Failure)  913866K->591370K(1034752K), 0.0048068 secs]
224.272: Total time for which application threads were stopped: 0.0049803 seconds, Stopping threads took: 0.0000204 seconds
224.340: [GC (Allocation Failure)  912906K->599372K(1029120K), 0.0054217 secs]
224.346: Total time for which application threads were stopped: 0.0056177 seconds, Stopping threads took: 0.0000291 seconds
224.415: [GC (Allocation Failure)  920908K->599340K(1034240K), 0.0047839 secs]
224.420: Total time for which application threads were stopped: 0.0049801 seconds, Stopping threads took: 0.0000193 seconds
224.488: [GC (Allocation Failure)  919852K->599596K(1034240K), 0.0047870 secs]
224.493: Total time for which application threads were stopped: 0.0049809 seconds, Stopping threads took: 0.0000175 seconds
224.562: [GC (Allocation Failure)  920108K->607407K(1034240K), 0.0046607 secs]
224.566: Total time for which application threads were stopped: 0.0048223 seconds, Stopping threads took: 0.0000201 seconds
224.634: [GC (Allocation Failure)  927919K->607375K(1034240K), 0.0049073 secs]
224.639: Total time for which application threads were stopped: 0.0050974 seconds, Stopping threads took: 0.0000193 seconds
224.708: [GC (Allocation Failure)  927887K->607815K(1033216K), 0.0047296 secs]
224.712: Total time for which application threads were stopped: 0.0048996 seconds, Stopping threads took: 0.0000268 seconds
224.780: [GC (Allocation Failure)  927303K->615401K(1033728K), 0.0049090 secs]
224.785: Total time for which application threads were stopped: 0.0050810 seconds, Stopping threads took: 0.0000200 seconds
224.852: [GC (Allocation Failure)  934889K->615433K(1033728K), 0.0049361 secs]
224.857: Total time for which application threads were stopped: 0.0051062 seconds, Stopping threads took: 0.0000200 seconds
224.922: [GC (Allocation Failure)  934921K->615529K(1033728K), 0.0048666 secs]
224.927: Total time for which application threads were stopped: 0.0050368 seconds, Stopping threads took: 0.0000191 seconds
224.995: [GC (Allocation Failure)  935017K->623467K(1033728K), 0.0048336 secs]
224.999: Total time for which application threads were stopped: 0.0049922 seconds, Stopping threads took: 0.0000194 seconds
225.068: [GC (Allocation Failure)  942955K->623435K(1033728K), 0.0049086 secs]
225.073: Total time for which application threads were stopped: 0.0050666 seconds, Stopping threads took: 0.0000165 seconds
225.140: [GC (Allocation Failure)  942923K->623467K(1033728K), 0.0077145 secs]
225.148: Total time for which application threads were stopped: 0.0078933 seconds, Stopping threads took: 0.0000282 seconds
225.217: [GC (Allocation Failure)  942955K->631469K(1027072K), 0.0048178 secs]
225.222: Total time for which application threads were stopped: 0.0050142 seconds, Stopping threads took: 0.0000266 seconds
225.289: [GC (Allocation Failure)  950957K->627563K(1034240K), 0.0037738 secs]
225.293: Total time for which application threads were stopped: 0.0039538 seconds, Stopping threads took: 0.0000171 seconds
225.363: [GC (Allocation Failure)  947051K->631589K(1033216K), 0.0078286 secs]
225.371: Total time for which application threads were stopped: 0.0079806 seconds, Stopping threads took: 0.0000159 seconds
225.438: [GC (Allocation Failure)  951077K->635621K(1034752K), 0.0048365 secs]
225.443: Total time for which application threads were stopped: 0.0050053 seconds, Stopping threads took: 0.0000196 seconds
225.510: [GC (Allocation Failure)  957157K->628803K(1034752K), 0.0021986 secs]
225.512: Total time for which application threads were stopped: 0.0023427 seconds, Stopping threads took: 0.0000189 seconds
225.580: [GC (Allocation Failure)  950339K->635653K(1034752K), 0.0046573 secs]
225.585: Total time for which application threads were stopped: 0.0048245 seconds, Stopping threads took: 0.0000189 seconds
225.651: [GC (Allocation Failure)  957189K->639757K(1034752K), 0.0057878 secs]
225.657: Total time for which application threads were stopped: 0.0059967 seconds, Stopping threads took: 0.0000212 seconds
225.724: [GC (Allocation Failure)  961293K->634187K(1034752K), 0.0029404 secs]
225.727: Total time for which application threads were stopped: 0.0031076 seconds, Stopping threads took: 0.0000198 seconds
225.794: [GC (Allocation Failure)  955723K->640029K(1034752K), 0.0049877 secs]
225.799: Total time for which application threads were stopped: 0.0051536 seconds, Stopping threads took: 0.0000249 seconds
225.867: [GC (Allocation Failure)  961565K->643909K(1035264K), 0.0053987 secs]
225.872: Total time for which application threads were stopped: 0.0055641 seconds, Stopping threads took: 0.0000205 seconds
225.939: [GC (Allocation Failure)  966398K->640003K(1035264K), 0.0039865 secs]
225.943: Total time for which application threads were stopped: 0.0041570 seconds, Stopping threads took: 0.0000202 seconds
226.012: [GC (Allocation Failure)  962563K->644005K(1036288K), 0.0076528 secs]
226.019: Total time for which application threads were stopped: 0.0078276 seconds, Stopping threads took: 0.0000197 seconds
226.089: [GC (Allocation Failure)  968101K->648005K(1035776K), 0.0047693 secs]
226.094: Total time for which application threads were stopped: 0.0049451 seconds, Stopping threads took: 0.0000205 seconds
226.162: [GC (Allocation Failure)  972101K->647973K(1035776K), 0.0049831 secs]
226.167: Total time for which application threads were stopped: 0.0051574 seconds, Stopping threads took: 0.0000212 seconds
226.236: [GC (Allocation Failure)  971557K->648077K(1023488K), 0.0049753 secs]
226.241: Total time for which application threads were stopped: 0.0051459 seconds, Stopping threads took: 0.0000265 seconds
226.310: [GC (Allocation Failure)  971661K->656080K(1035264K), 0.0050423 secs]
226.315: Total time for which application threads were stopped: 0.0052088 seconds, Stopping threads took: 0.0000197 seconds
226.384: [GC (Allocation Failure)  978640K->656048K(1030144K), 0.0046321 secs]
226.389: Total time for which application threads were stopped: 0.0048042 seconds, Stopping threads took: 0.0000194 seconds
226.458: [GC (Allocation Failure)  978608K->656104K(1034752K), 0.0048433 secs]
226.462: Total time for which application threads were stopped: 0.0050028 seconds, Stopping threads took: 0.0000208 seconds
226.530: [GC (Allocation Failure)  977640K->664074K(1029120K), 0.0050914 secs]
226.535: Total time for which application threads were stopped: 0.0052601 seconds, Stopping threads took: 0.0000187 seconds
226.603: [GC (Allocation Failure)  985610K->664106K(1034240K), 0.0049765 secs]
226.608: Total time for which application threads were stopped: 0.0051373 seconds, Stopping threads took: 0.0000196 seconds
226.676: [GC (Allocation Failure)  984618K->664322K(1034240K), 0.0051279 secs]
226.681: Total time for which application threads were stopped: 0.0052992 seconds, Stopping threads took: 0.0000190 seconds
226.751: [GC (Allocation Failure)  984834K->672100K(1034240K), 0.0047680 secs]
226.756: Total time for which application threads were stopped: 0.0049369 seconds, Stopping threads took: 0.0000261 seconds
226.826: [GC (Allocation Failure)  992612K->672132K(1034240K), 0.0050536 secs]
226.831: Total time for which application threads were stopped: 0.0052366 seconds, Stopping threads took: 0.0000203 seconds
226.898: [GC (Allocation Failure)  992644K->672548K(1033216K), 0.0051074 secs]
226.903: Total time for which application threads were stopped: 0.0053055 seconds, Stopping threads took: 0.0000202 seconds
226.972: [GC (Allocation Failure)  992036K->680135K(1033728K), 0.0050339 secs]
226.978: Total time for which application threads were stopped: 0.0051972 seconds, Stopping threads took: 0.0000196 seconds
227.046: [GC (Allocation Failure)  999623K->680135K(1033728K), 0.0049404 secs]
227.051: Total time for which application threads were stopped: 0.0051127 seconds, Stopping threads took: 0.0000278 seconds
227.116: [GC (Allocation Failure)  999623K->680231K(1033728K), 0.0076003 secs]
227.123: Total time for which application threads were stopped: 0.0077673 seconds, Stopping threads took: 0.0000187 seconds
227.192: [GC (Allocation Failure)  999719K->688201K(1033728K), 0.0051348 secs]
227.197: Total time for which application threads were stopped: 0.0052917 seconds, Stopping threads took: 0.0000195 seconds
227.265: [GC (Allocation Failure)  1007689K->688169K(1033728K), 0.0051208 secs]
227.270: Total time for which application threads were stopped: 0.0052861 seconds, Stopping threads took: 0.0000203 seconds
227.337: [GC (Allocation Failure)  1007657K->688233K(1033728K), 0.0092155 secs]
227.346: [Full GC (Ergonomics)  688233K->8540K(1033728K), 0.0151276 secs]
227.361: Total time for which application threads were stopped: 0.0246980 seconds, Stopping threads took: 0.0000193 seconds
227.429: [GC (Allocation Failure)  328028K->16671K(1027072K), 0.0036605 secs]
227.433: Total time for which application threads were stopped: 0.0038408 seconds, Stopping threads took: 0.0000191 seconds
227.498: [GC (Allocation Failure)  336158K->12812K(1034240K), 0.0024751 secs]
227.501: Total time for which application threads were stopped: 0.0026273 seconds, Stopping threads took: 0.0000198 seconds
227.569: [GC (Allocation Failure)  332300K->16879K(1033216K), 0.0037741 secs]
227.573: Total time for which application threads were stopped: 0.0039466 seconds, Stopping threads took: 0.0000198 seconds
227.640: [GC (Allocation Failure)  336367K->20847K(1034752K), 0.0038430 secs]
227.644: Total time for which application threads were stopped: 0.0040184 seconds, Stopping threads took: 0.0000201 seconds
227.711: [GC (Allocation Failure)  342383K->14060K(1034752K), 0.0009192 secs]
227.712: Total time for which application threads were stopped: 0.0010433 seconds, Stopping threads took: 0.0000197 seconds
227.780: [GC (Allocation Failure)  335596K->20911K(1034752K), 0.0034867 secs]
227.784: Total time for which application threads were stopped: 0.0036397 seconds, Stopping threads took: 0.0000187 seconds
227.850: [GC (Allocation Failure)  342447K->24991K(1034752K), 0.0045249 secs]
227.855: Total time for which application threads were stopped: 0.0046939 seconds, Stopping threads took: 0.0000193 seconds
227.921: [GC (Allocation Failure)  346527K->19452K(1034752K), 0.0015623 secs]
227.923: Total time for which application threads were stopped: 0.0017066 seconds, Stopping threads took: 0.0000202 seconds
227.990: [GC (Allocation Failure)  340988K->25287K(1034752K), 0.0037259 secs]
227.994: Total time for which application threads were stopped: 0.0039029 seconds, Stopping threads took: 0.0000219 seconds
228.063: [GC (Allocation Failure)  346823K->29127K(1035264K), 0.0040489 secs]
228.067: Total time for which application threads were stopped: 0.0042131 seconds, Stopping threads took: 0.0000200 seconds
228.133: [GC (Allocation Failure)  351615K->25220K(1035264K), 0.0024956 secs]
228.135: Total time for which application threads were stopped: 0.0026569 seconds, Stopping threads took: 0.0000320 seconds
228.203: [GC (Allocation Failure)  347780K->29279K(1036288K), 0.0038692 secs]
228.207: Total time for which application threads were stopped: 0.0040272 seconds, Stopping threads took: 0.0000194 seconds
228.274: [GC (Allocation Failure)  353375K->33279K(1035776K), 0.0037587 secs]
228.278: Total time for which application threads were stopped: 0.0039295 seconds, Stopping threads took: 0.0000197 seconds
228.347: [GC (Allocation Failure)  357375K->33247K(1035776K), 0.0034396 secs]
228.351: Total time for which application threads were stopped: 0.0035866 seconds, Stopping threads took: 0.0000238 seconds
228.419: [GC (Allocation Failure)  356831K->33319K(1023488K), 0.0036364 secs]
228.423: Total time for which application threads were stopped: 0.0038327 seconds, Stopping threads took: 0.0000203 seconds
228.491: [GC (Allocation Failure)  356903K->41289K(1035264K), 0.0038209 secs]
228.495: Total time for which application threads were stopped: 0.0040166 seconds, Stopping threads took: 0.0000206 seconds
228.565: [GC (Allocation Failure)  363849K->41321K(1030144K), 0.0036363 secs]
228.568: Total time for which application threads were stopped: 0.0037993 seconds, Stopping threads took: 0.0000203 seconds
228.636: [GC (Allocation Failure)  363881K->41353K(1034752K), 0.0037079 secs]
228.640: Total time for which application threads were stopped: 0.0038623 seconds, Stopping threads took: 0.0000190 seconds
228.707: [GC (Allocation Failure)  362889K->49355K(1029120K), 0.0036884 secs]
228.711: Total time for which application threads were stopped: 0.0038918 seconds, Stopping threads took: 0.0000272 seconds
228.779: [GC (Allocation Failure)  370891K->49355K(1034240K), 0.0036373 secs]
228.782: Total time for which application threads were stopped: 0.0038033 seconds, Stopping threads took: 0.0000199 seconds
228.848: [GC (Allocation Failure)  369867K->49579K(1034240K), 0.0037689 secs]
228.852: Total time for which application threads were stopped: 0.0039310 seconds, Stopping threads took: 0.0000190 seconds
228.918: [GC (Allocation Failure)  370091K->57357K(1034240K), 0.0036250 secs]
228.922: Total time for which application threads were stopped: 0.0037777 seconds, Stopping threads took: 0.0000199 seconds
228.989: [GC (Allocation Failure)  377869K->57389K(1034240K), 0.0035658 secs]
228.992: Total time for which application threads were stopped: 0.0036966 seconds, Stopping threads took: 0.0000169 seconds
229.057: [GC (Allocation Failure)  377901K->57805K(1033216K), 0.0036160 secs]
229.061: Total time for which application threads were stopped: 0.0037664 seconds, Stopping threads took: 0.0000210 seconds
229.124: [GC (Allocation Failure)  377293K->65392K(1033728K), 0.0036104 secs]
229.128: Total time for which application threads were stopped: 0.0037480 seconds, Stopping threads took: 0.0000260 seconds
229.193: [GC (Allocation Failure)  384880K->65392K(1033728K), 0.0035694 secs]
229.197: Total time for which application threads were stopped: 0.0037004 seconds, Stopping threads took: 0.0000185 seconds
229.258: [GC (Allocation Failure)  384880K->65512K(1033728K), 0.0036832 secs]
229.262: Total time for which application threads were stopped: 0.0038135 seconds, Stopping threads took: 0.0000186 seconds
229.327: [GC (Allocation Failure)  385000K->73450K(1033728K), 0.0035828 secs]
229.330: Total time for which application threads were stopped: 0.0037238 seconds, Stopping threads took: 0.0000189 seconds
229.397: [GC (Allocation Failure)  392938K->73386K(1033728K), 0.0036383 secs]
229.401: Total time for which application threads were stopped: 0.0038375 seconds, Stopping threads took: 0.0000202 seconds
229.469: [GC (Allocation Failure)  392874K->73450K(1033728K), 0.0037850 secs]
229.473: Total time for which application threads were stopped: 0.0039456 seconds, Stopping threads took: 0.0000192 seconds
229.539: [GC (Allocation Failure)  392938K->81484K(1027072K), 0.0039784 secs]
229.544: Total time for which application threads were stopped: 0.0041470 seconds, Stopping threads took: 0.0000198 seconds
229.607: [GC (Allocation Failure)  400972K->77546K(1034240K), 0.0028636 secs]
229.610: Total time for which application threads were stopped: 0.0030129 seconds, Stopping threads took: 0.0000199 seconds
229.677: [GC (Allocation Failure)  397034K->81612K(1033216K), 0.0037426 secs]
229.681: Total time for which application threads were stopped: 0.0039018 seconds, Stopping threads took: 0.0000208 seconds
229.747: [GC (Allocation Failure)  401100K->85580K(1034752K), 0.0036242 secs]
229.751: Total time for which application threads were stopped: 0.0037684 seconds, Stopping threads took: 0.0000196 seconds
229.814: [GC (Allocation Failure)  407116K->78794K(1034752K), 0.0012756 secs]
229.815: Total time for which application threads were stopped: 0.0014075 seconds, Stopping threads took: 0.0000189 seconds
229.881: [GC (Allocation Failure)  400330K->85644K(1034752K), 0.0035267 secs]
229.884: Total time for which application threads were stopped: 0.0036882 seconds, Stopping threads took: 0.0000223 seconds
229.949: [GC (Allocation Failure)  407180K->89724K(1034752K), 0.0047326 secs]
229.954: Total time for which application threads were stopped: 0.0048854 seconds, Stopping threads took: 0.0000197 seconds
230.016: [GC (Allocation Failure)  411260K->84186K(1034752K), 0.0019018 secs]
230.018: Total time for which application threads were stopped: 0.0020453 seconds, Stopping threads took: 0.0000200 seconds
230.084: [GC (Allocation Failure)  405722K->89996K(1034752K), 0.0037615 secs]
230.088: Total time for which application threads were stopped: 0.0038914 seconds, Stopping threads took: 0.0000194 seconds
230.154: [GC (Allocation Failure)  411532K->93868K(1034752K), 0.0039855 secs]
230.158: Total time for which application threads were stopped: 0.0041710 seconds, Stopping threads took: 0.0000196 seconds
230.223: [GC (Allocation Failure)  416356K->89962K(1035264K), 0.0025172 secs]
230.226: Total time for which application threads were stopped: 0.0026455 seconds, Stopping threads took: 0.0000252 seconds
230.293: [GC (Allocation Failure)  412522K->94028K(1036288K), 0.0039305 secs]
230.297: Total time for which application threads were stopped: 0.0040731 seconds, Stopping threads took: 0.0000255 seconds
230.364: [GC (Allocation Failure)  418124K->98028K(1035776K), 0.0037024 secs]
230.368: Total time for which application threads were stopped: 0.0038500 seconds, Stopping threads took: 0.0000138 seconds
230.437: [GC (Allocation Failure)  422124K->98028K(1035776K), 0.0037196 secs]
230.441: Total time for which application threads were stopped: 0.0038829 seconds, Stopping threads took: 0.0000203 seconds
230.509: [GC (Allocation Failure)  421612K->98060K(1023488K), 0.0038621 secs]
230.513: Total time for which application threads were stopped: 0.0040461 seconds, Stopping threads took: 0.0000197 seconds
230.580: [GC (Allocation Failure)  421644K->106030K(1035264K), 0.0040754 secs]
230.584: Total time for which application threads were stopped: 0.0042678 seconds, Stopping threads took: 0.0000199 seconds
230.652: [GC (Allocation Failure)  428590K->106030K(1030144K), 0.0037950 secs]
230.656: Total time for which application threads were stopped: 0.0039674 seconds, Stopping threads took: 0.0000206 seconds
230.723: [GC (Allocation Failure)  428590K->106086K(1034752K), 0.0037974 secs]
230.727: Total time for which application threads were stopped: 0.0039541 seconds, Stopping threads took: 0.0000272 seconds
230.795: [GC (Allocation Failure)  427622K->114089K(1029120K), 0.0038304 secs]
230.798: Total time for which application threads were stopped: 0.0039885 seconds, Stopping threads took: 0.0000202 seconds
230.866: [GC (Allocation Failure)  435625K->114025K(1034240K), 0.0035884 secs]
230.869: Total time for which application threads were stopped: 0.0037557 seconds, Stopping threads took: 0.0000207 seconds
230.935: [GC (Allocation Failure)  434537K->114305K(1034240K), 0.0036802 secs]
230.939: Total time for which application threads were stopped: 0.0038216 seconds, Stopping threads took: 0.0000205 seconds
231.004: [GC (Allocation Failure)  434817K->122083K(1034240K), 0.0035845 secs]
231.007: Total time for which application threads were stopped: 0.0037224 seconds, Stopping threads took: 0.0000205 seconds
231.072: [GC (Allocation Failure)  442595K->122083K(1034240K), 0.0036784 secs]
231.076: Total time for which application threads were stopped: 0.0038232 seconds, Stopping threads took: 0.0000281 seconds
231.139: [GC (Allocation Failure)  442595K->122499K(1033216K), 0.0039877 secs]
231.143: Total time for which application threads were stopped: 0.0041469 seconds, Stopping threads took: 0.0000301 seconds
231.206: [GC (Allocation Failure)  441987K->130181K(1033728K), 0.0036896 secs]
231.210: Total time for which application threads were stopped: 0.0038197 seconds, Stopping threads took: 0.0000184 seconds
231.274: [GC (Allocation Failure)  449669K->130117K(1033728K), 0.0036709 secs]
231.277: Total time for which application threads were stopped: 0.0038108 seconds, Stopping threads took: 0.0000282 seconds
231.339: [GC (Allocation Failure)  449605K->130269K(1033728K), 0.0047050 secs]
231.344: Total time for which application threads were stopped: 0.0048455 seconds, Stopping threads took: 0.0000264 seconds
231.409: [GC (Allocation Failure)  449757K->138175K(1033728K), 0.0037359 secs]
231.413: Total time for which application threads were stopped: 0.0038659 seconds, Stopping threads took: 0.0000186 seconds
231.476: [GC (Allocation Failure)  457663K->138143K(1033728K), 0.0038321 secs]
231.480: Total time for which application threads were stopped: 0.0039641 seconds, Stopping threads took: 0.0000189 seconds
231.544: [GC (Allocation Failure)  457631K->138215K(1033728K), 0.0036487 secs]
231.547: Total time for which application threads were stopped: 0.0037813 seconds, Stopping threads took: 0.0000194 seconds
231.610: [GC (Allocation Failure)  457703K->146218K(1027072K), 0.0039568 secs]
231.614: Total time for which application threads were stopped: 0.0040869 seconds, Stopping threads took: 0.0000189 seconds
231.674: [GC (Allocation Failure)  465705K->142311K(1034240K), 0.0030362 secs]
231.678: Total time for which application threads were stopped: 0.0031626 seconds, Stopping threads took: 0.0000179 seconds
231.743: [GC (Allocation Failure)  461799K->146346K(1033216K), 0.0038489 secs]
231.747: Total time for which application threads were stopped: 0.0039801 seconds, Stopping threads took: 0.0000187 seconds
231.810: [GC (Allocation Failure)  465834K->150314K(1034752K), 0.0037785 secs]
231.814: Total time for which application threads were stopped: 0.0039035 seconds, Stopping threads took: 0.0000181 seconds
231.878: [GC (Allocation Failure)  471850K->143527K(1034752K), 0.0014506 secs]
231.880: Total time for which application threads were stopped: 0.0015758 seconds, Stopping threads took: 0.0000186 seconds
231.945: [GC (Allocation Failure)  465063K->150410K(1034752K), 0.0037240 secs]
231.949: Total time for which application threads were stopped: 0.0038545 seconds, Stopping threads took: 0.0000176 seconds
232.011: [GC (Allocation Failure)  471946K->154426K(1034752K), 0.0047119 secs]
232.016: Total time for which application threads were stopped: 0.0048369 seconds, Stopping threads took: 0.0000171 seconds
232.077: [GC (Allocation Failure)  475962K->148919K(1034752K), 0.0020800 secs]
232.080: Total time for which application threads were stopped: 0.0022169 seconds, Stopping threads took: 0.0000180 seconds
232.143: [GC (Allocation Failure)  470455K->154722K(1034752K), 0.0038703 secs]
232.147: Total time for which application threads were stopped: 0.0040293 seconds, Stopping threads took: 0.0000241 seconds
232.210: [GC (Allocation Failure)  476258K->158626K(1034752K), 0.0040506 secs]
232.214: Total time for which application threads were stopped: 0.0041807 seconds, Stopping threads took: 0.0000178 seconds
232.277: [GC (Allocation Failure)  481114K->154719K(1035264K), 0.0028445 secs]
232.280: Total time for which application threads were stopped: 0.0029809 seconds, Stopping threads took: 0.0000242 seconds
232.345: [GC (Allocation Failure)  477279K->158682K(1036288K), 0.0052204 secs]
232.350: Total time for which application threads were stopped: 0.0053637 seconds, Stopping threads took: 0.0000247 seconds
232.417: [GC (Allocation Failure)  482778K->162746K(1035776K), 0.0038340 secs]
232.421: Total time for which application threads were stopped: 0.0040005 seconds, Stopping threads took: 0.0000209 seconds
232.490: [GC (Allocation Failure)  486842K->162746K(1035776K), 0.0038953 secs]
232.494: Total time for which application threads were stopped: 0.0040572 seconds, Stopping threads took: 0.0000214 seconds
232.560: [GC (Allocation Failure)  486330K->162778K(1023488K), 0.0039480 secs]
232.564: Total time for which application threads were stopped: 0.0040826 seconds, Stopping threads took: 0.0000257 seconds
232.628: [GC (Allocation Failure)  486362K->170748K(1035264K), 0.0039068 secs]
232.632: Total time for which application threads were stopped: 0.0040562 seconds, Stopping threads took: 0.0000203 seconds
232.696: [GC (Allocation Failure)  493308K->170780K(1030144K), 0.0037771 secs]
232.699: Total time for which application threads were stopped: 0.0039362 seconds, Stopping threads took: 0.0000248 seconds
232.764: [GC (Allocation Failure)  493340K->170812K(1034752K), 0.0037104 secs]
232.768: Total time for which application threads were stopped: 0.0038450 seconds, Stopping threads took: 0.0000192 seconds
232.831: [GC (Allocation Failure)  492348K->178814K(1029120K), 0.0039574 secs]
232.835: Total time for which application threads were stopped: 0.0040907 seconds, Stopping threads took: 0.0000189 seconds
232.900: [GC (Allocation Failure)  500350K->178782K(1034240K), 0.0037397 secs]
232.903: Total time for which application threads were stopped: 0.0038827 seconds, Stopping threads took: 0.0000191 seconds
232.967: [GC (Allocation Failure)  499294K->179046K(1034240K), 0.0040223 secs]
232.971: Total time for which application threads were stopped: 0.0041776 seconds, Stopping threads took: 0.0000238 seconds
233.035: [GC (Allocation Failure)  499558K->186825K(1034240K), 0.0038039 secs]
233.039: Total time for which application threads were stopped: 0.0039313 seconds, Stopping threads took: 0.0000177 seconds
233.104: [GC (Allocation Failure)  507337K->186857K(1034240K), 0.0039380 secs]
233.108: Total time for which application threads were stopped: 0.0040657 seconds, Stopping threads took: 0.0000183 seconds
233.171: [GC (Allocation Failure)  507369K->187273K(1033216K), 0.0039811 secs]
233.175: Total time for which application threads were stopped: 0.0041183 seconds, Stopping threads took: 0.0000188 seconds
233.240: [GC (Allocation Failure)  506761K->194891K(1033728K), 0.0039679 secs]
233.244: Total time for which application threads were stopped: 0.0041052 seconds, Stopping threads took: 0.0000246 seconds
233.309: [GC (Allocation Failure)  514379K->194891K(1033728K), 0.0039295 secs]
233.313: Total time for which application threads were stopped: 0.0040809 seconds, Stopping threads took: 0.0000186 seconds
233.378: [GC (Allocation Failure)  514379K->195019K(1033728K), 0.0039790 secs]
233.382: Total time for which application threads were stopped: 0.0041245 seconds, Stopping threads took: 0.0000196 seconds
233.450: [GC (Allocation Failure)  514507K->202893K(1033728K), 0.0038897 secs]
233.454: Total time for which application threads were stopped: 0.0040228 seconds, Stopping threads took: 0.0000199 seconds
233.520: [GC (Allocation Failure)  522381K->202925K(1033728K), 0.0039202 secs]
233.524: Total time for which application threads were stopped: 0.0040535 seconds, Stopping threads took: 0.0000192 seconds
233.587: [GC (Allocation Failure)  522413K->202957K(1033728K), 0.0040520 secs]
233.591: Total time for which application threads were stopped: 0.0041935 seconds, Stopping threads took: 0.0000272 seconds
233.654: [GC (Allocation Failure)  522445K->210927K(1027072K), 0.0039250 secs]
233.658: Total time for which application threads were stopped: 0.0040570 seconds, Stopping threads took: 0.0000181 seconds
233.720: [GC (Allocation Failure)  530415K->207021K(1034240K), 0.0030295 secs]
233.723: Total time for which application threads were stopped: 0.0031633 seconds, Stopping threads took: 0.0000245 seconds
233.786: [GC (Allocation Failure)  526509K->211079K(1033216K), 0.0041054 secs]
233.790: Total time for which application threads were stopped: 0.0042416 seconds, Stopping threads took: 0.0000189 seconds
233.854: [GC (Allocation Failure)  530567K->215047K(1034752K), 0.0038583 secs]
233.858: Total time for which application threads were stopped: 0.0040088 seconds, Stopping threads took: 0.0000242 seconds
233.921: [GC (Allocation Failure)  536583K->208229K(1034752K), 0.0016293 secs]
233.922: Total time for which application threads were stopped: 0.0017656 seconds, Stopping threads took: 0.0000175 seconds
233.987: [GC (Allocation Failure)  529765K->215119K(1034752K), 0.0037894 secs]
233.991: Total time for which application threads were stopped: 0.0039264 seconds, Stopping threads took: 0.0000188 seconds
234.055: [GC (Allocation Failure)  536655K->219207K(1034752K), 0.0064824 secs]
234.061: Total time for which application threads were stopped: 0.0066214 seconds, Stopping threads took: 0.0000180 seconds
234.123: [GC (Allocation Failure)  540743K->213637K(1034752K), 0.0022641 secs]
234.125: Total time for which application threads were stopped: 0.0023893 seconds, Stopping threads took: 0.0000185 seconds
234.191: [GC (Allocation Failure)  535173K->219511K(1034752K), 0.0040850 secs]
234.195: Total time for which application threads were stopped: 0.0042043 seconds, Stopping threads took: 0.0000153 seconds
234.261: [GC (Allocation Failure)  541047K->223351K(1035264K), 0.0044150 secs]
234.266: Total time for which application threads were stopped: 0.0045518 seconds, Stopping threads took: 0.0000251 seconds
234.329: [GC (Allocation Failure)  545840K->219477K(1035264K), 0.0028804 secs]
234.332: Total time for which application threads were stopped: 0.0030143 seconds, Stopping threads took: 0.0000245 seconds
234.400: [GC (Allocation Failure)  542037K->223503K(1036288K), 0.0042973 secs]
234.404: Total time for which application threads were stopped: 0.0044565 seconds, Stopping threads took: 0.0000195 seconds
234.471: [GC (Allocation Failure)  547599K->227471K(1035776K), 0.0039300 secs]
234.475: Total time for which application threads were stopped: 0.0040741 seconds, Stopping threads took: 0.0000202 seconds
234.540: [GC (Allocation Failure)  551567K->227503K(1035776K), 0.0039025 secs]
234.544: Total time for which application threads were stopped: 0.0040384 seconds, Stopping threads took: 0.0000195 seconds
234.609: [GC (Allocation Failure)  551087K->227527K(1023488K), 0.0038683 secs]
234.613: Total time for which application threads were stopped: 0.0040124 seconds, Stopping threads took: 0.0000193 seconds
234.675: [GC (Allocation Failure)  551111K->235530K(1035264K), 0.0039066 secs]
234.679: Total time for which application threads were stopped: 0.0040425 seconds, Stopping threads took: 0.0000191 seconds
234.744: [GC (Allocation Failure)  558090K->235498K(1030144K), 0.0037948 secs]
234.748: Total time for which application threads were stopped: 0.0039286 seconds, Stopping threads took: 0.0000257 seconds
234.811: [GC (Allocation Failure)  558058K->235562K(1034752K), 0.0039203 secs]
234.815: Total time for which application threads were stopped: 0.0040641 seconds, Stopping threads took: 0.0000193 seconds
234.879: [GC (Allocation Failure)  557098K->243564K(1029120K), 0.0041222 secs]
234.883: Total time for which application threads were stopped: 0.0042831 seconds, Stopping threads took: 0.0000235 seconds
234.950: [GC (Allocation Failure)  565100K->243532K(1034240K), 0.0037912 secs]
234.954: Total time for which application threads were stopped: 0.0039097 seconds, Stopping threads took: 0.0000161 seconds
235.017: [GC (Allocation Failure)  564044K->243788K(1034240K), 0.0040823 secs]
235.021: Total time for which application threads were stopped: 0.0042140 seconds, Stopping threads took: 0.0000179 seconds
235.085: [GC (Allocation Failure)  564300K->251566K(1034240K), 0.0039186 secs]
235.089: Total time for which application threads were stopped: 0.0040511 seconds, Stopping threads took: 0.0000193 seconds
235.153: [GC (Allocation Failure)  572078K->251566K(1034240K), 0.0039467 secs]
235.157: Total time for which application threads were stopped: 0.0041124 seconds, Stopping threads took: 0.0000206 seconds
235.220: [GC (Allocation Failure)  572078K->252006K(1033216K), 0.0040123 secs]
235.224: Total time for which application threads were stopped: 0.0041536 seconds, Stopping threads took: 0.0000272 seconds
235.288: [GC (Allocation Failure)  571494K->259592K(1033728K), 0.0041369 secs]
235.292: Total time for which application threads were stopped: 0.0042703 seconds, Stopping threads took: 0.0000191 seconds
235.357: [GC (Allocation Failure)  579080K->259560K(1033728K), 0.0055902 secs]
235.363: Total time for which application threads were stopped: 0.0057213 seconds, Stopping threads took: 0.0000155 seconds
235.424: [GC (Allocation Failure)  579048K->259752K(1033728K), 0.0039475 secs]
235.428: Total time for which application threads were stopped: 0.0040798 seconds, Stopping threads took: 0.0000262 seconds
235.491: [GC (Allocation Failure)  579240K->267659K(1033728K), 0.0038433 secs]
235.495: Total time for which application threads were stopped: 0.0039902 seconds, Stopping threads took: 0.0000245 seconds
235.558: [GC (Allocation Failure)  587147K->267627K(1033728K), 0.0040971 secs]
235.562: Total time for which application threads were stopped: 0.0042278 seconds, Stopping threads took: 0.0000178 seconds
235.624: [GC (Allocation Failure)  587115K->267691K(1033728K), 0.0041083 secs]
235.628: Total time for which application threads were stopped: 0.0042424 seconds, Stopping threads took: 0.0000191 seconds
235.691: [GC (Allocation Failure)  587179K->275661K(1027072K), 0.0042092 secs]
235.695: Total time for which application threads were stopped: 0.0043462 seconds, Stopping threads took: 0.0000232 seconds
235.759: [GC (Allocation Failure)  595148K->271787K(1034240K), 0.0031444 secs]
235.762: Total time for which application threads were stopped: 0.0032960 seconds, Stopping threads took: 0.0000262 seconds
235.827: [GC (Allocation Failure)  591275K->275821K(1033216K), 0.0040336 secs]
235.831: Total time for which application threads were stopped: 0.0041532 seconds, Stopping threads took: 0.0000152 seconds
235.895: [GC (Allocation Failure)  595309K->279789K(1034752K), 0.0039045 secs]
235.899: Total time for which application threads were stopped: 0.0040504 seconds, Stopping threads took: 0.0000184 seconds
235.963: [GC (Allocation Failure)  601325K->273003K(1034752K), 0.0016170 secs]
235.964: Total time for which application threads were stopped: 0.0017411 seconds, Stopping threads took: 0.0000180 seconds
236.029: [GC (Allocation Failure)  594539K->279861K(1034752K), 0.0039138 secs]
236.033: Total time for which application threads were stopped: 0.0040484 seconds, Stopping threads took: 0.0000255 seconds
236.095: [GC (Allocation Failure)  601397K->283933K(1034752K), 0.0049431 secs]
236.100: Total time for which application threads were stopped: 0.0050766 seconds, Stopping threads took: 0.0000159 seconds
236.161: [GC (Allocation Failure)  605469K->278395K(1034752K), 0.0021672 secs]
236.164: Total time for which application threads were stopped: 0.0022744 seconds, Stopping threads took: 0.0000155 seconds
236.227: [GC (Allocation Failure)  599931K->284205K(1034752K), 0.0039295 secs]
236.231: Total time for which application threads were stopped: 0.0040629 seconds, Stopping threads took: 0.0000255 seconds
236.295: [GC (Allocation Failure)  605741K->288077K(1034752K), 0.0044572 secs]
236.299: Total time for which application threads were stopped: 0.0046098 seconds, Stopping threads took: 0.0000231 seconds
236.364: [GC (Allocation Failure)  610565K->284171K(1035264K), 0.0044248 secs]
236.368: Total time for which application threads were stopped: 0.0045716 seconds, Stopping threads took: 0.0000252 seconds
236.437: [GC (Allocation Failure)  606731K->288229K(1036288K), 0.0043007 secs]
236.442: Total time for which application threads were stopped: 0.0044562 seconds, Stopping threads took: 0.0000197 seconds
236.508: [GC (Allocation Failure)  612325K->292197K(1035776K), 0.0040217 secs]
236.512: Total time for which application threads were stopped: 0.0041816 seconds, Stopping threads took: 0.0000200 seconds
236.579: [GC (Allocation Failure)  616293K->292197K(1035776K), 0.0040510 secs]
236.583: Total time for which application threads were stopped: 0.0041842 seconds, Stopping threads took: 0.0000165 seconds
236.647: [GC (Allocation Failure)  615781K->292269K(1023488K), 0.0040930 secs]
236.651: Total time for which application threads were stopped: 0.0042456 seconds, Stopping threads took: 0.0000194 seconds
236.716: [GC (Allocation Failure)  615853K->300239K(1035264K), 0.0041514 secs]
236.720: Total time for which application threads were stopped: 0.0043201 seconds, Stopping threads took: 0.0000486 seconds
236.784: [GC (Allocation Failure)  622799K->300239K(1030144K), 0.0038264 secs]
236.788: Total time for which application threads were stopped: 0.0039899 seconds, Stopping threads took: 0.0000273 seconds
236.854: [GC (Allocation Failure)  622799K->300295K(1034752K), 0.0041358 secs]
236.858: Total time for which application threads were stopped: 0.0042576 seconds, Stopping threads took: 0.0000165 seconds
236.921: [GC (Allocation Failure)  621831K->308297K(1034752K), 0.0042110 secs]
236.926: Total time for which application threads were stopped: 0.0043606 seconds, Stopping threads took: 0.0000192 seconds
236.991: [GC (Allocation Failure)  629833K->308297K(1033728K), 0.0038730 secs]
236.995: Total time for which application threads were stopped: 0.0040083 seconds, Stopping threads took: 0.0000185 seconds
237.059: [GC (Allocation Failure)  628809K->308521K(1034240K), 0.0040384 secs]
237.063: Total time for which application threads were stopped: 0.0042118 seconds, Stopping threads took: 0.0000187 seconds
237.129: [GC (Allocation Failure)  629033K->316300K(1034240K), 0.0038921 secs]
237.132: Total time for which application threads were stopped: 0.0040311 seconds, Stopping threads took: 0.0000267 seconds
237.198: [GC (Allocation Failure)  636812K->316300K(1034240K), 0.0041800 secs]
237.202: Total time for which application threads were stopped: 0.0043233 seconds, Stopping threads took: 0.0000188 seconds
237.266: [GC (Allocation Failure)  636812K->316748K(1033216K), 0.0041789 secs]
237.270: Total time for which application threads were stopped: 0.0043167 seconds, Stopping threads took: 0.0000249 seconds
237.333: [GC (Allocation Failure)  636236K->324366K(1033728K), 0.0041911 secs]
237.337: Total time for which application threads were stopped: 0.0043211 seconds, Stopping threads took: 0.0000178 seconds
237.402: [GC (Allocation Failure)  643854K->324302K(1033728K), 0.0041631 secs]
237.406: Total time for which application threads were stopped: 0.0043086 seconds, Stopping threads took: 0.0000185 seconds
237.467: [GC (Allocation Failure)  643790K->324494K(1033728K), 0.0041993 secs]
237.472: Total time for which application threads were stopped: 0.0043572 seconds, Stopping threads took: 0.0000270 seconds
237.537: [GC (Allocation Failure)  643982K->332400K(1033728K), 0.0040891 secs]
237.541: Total time for which application threads were stopped: 0.0042291 seconds, Stopping threads took: 0.0000164 seconds
237.605: [GC (Allocation Failure)  651888K->332336K(1033728K), 0.0041149 secs]
237.609: Total time for which application threads were stopped: 0.0042371 seconds, Stopping threads took: 0.0000165 seconds
237.673: [GC (Allocation Failure)  651824K->332424K(1033728K), 0.0042203 secs]
237.677: Total time for which application threads were stopped: 0.0043728 seconds, Stopping threads took: 0.0000207 seconds
237.742: [GC (Allocation Failure)  651912K->340427K(1027072K), 0.0041481 secs]
237.746: Total time for which application threads were stopped: 0.0042841 seconds, Stopping threads took: 0.0000182 seconds
237.810: [GC (Allocation Failure)  659914K->336488K(1034240K), 0.0033053 secs]
237.813: Total time for which application threads were stopped: 0.0034412 seconds, Stopping threads took: 0.0000198 seconds
237.876: [GC (Allocation Failure)  655976K->340555K(1033216K), 0.0043371 secs]
237.881: Total time for which application threads were stopped: 0.0045057 seconds, Stopping threads took: 0.0000290 seconds
237.944: [GC (Allocation Failure)  660043K->344523K(1034752K), 0.0040437 secs]
237.948: Total time for which application threads were stopped: 0.0041755 seconds, Stopping threads took: 0.0000189 seconds
238.010: [GC (Allocation Failure)  666059K->337736K(1034752K), 0.0018136 secs]
238.012: Total time for which application threads were stopped: 0.0019534 seconds, Stopping threads took: 0.0000191 seconds
238.078: [GC (Allocation Failure)  659272K->344587K(1034752K), 0.0041228 secs]
238.082: Total time for which application threads were stopped: 0.0042724 seconds, Stopping threads took: 0.0000186 seconds
238.147: [GC (Allocation Failure)  666123K->348667K(1034752K), 0.0051653 secs]
238.152: Total time for which application threads were stopped: 0.0052980 seconds, Stopping threads took: 0.0000199 seconds
238.214: [GC (Allocation Failure)  670203K->343096K(1034752K), 0.0022632 secs]
238.217: Total time for which application threads were stopped: 0.0023965 seconds, Stopping threads took: 0.0000194 seconds
238.281: [GC (Allocation Failure)  664632K->348939K(1034752K), 0.0041980 secs]
238.285: Total time for which application threads were stopped: 0.0043393 seconds, Stopping threads took: 0.0000217 seconds
238.350: [GC (Allocation Failure)  670475K->352811K(1034752K), 0.0058663 secs]
238.356: Total time for which application threads were stopped: 0.0060444 seconds, Stopping threads took: 0.0000184 seconds
238.423: [GC (Allocation Failure)  675299K->348936K(1035264K), 0.0032188 secs]
238.426: Total time for which application threads were stopped: 0.0033851 seconds, Stopping threads took: 0.0000195 seconds
238.494: [GC (Allocation Failure)  671496K->352971K(1036288K), 0.0044450 secs]
238.499: Total time for which application threads were stopped: 0.0046037 seconds, Stopping threads took: 0.0000196 seconds
238.566: [GC (Allocation Failure)  677067K->356939K(1035776K), 0.0042149 secs]
238.570: Total time for which application threads were stopped: 0.0043831 seconds, Stopping threads took: 0.0000197 seconds
238.639: [GC (Allocation Failure)  681035K->356971K(1035776K), 0.0043103 secs]
238.643: Total time for which application threads were stopped: 0.0044710 seconds, Stopping threads took: 0.0000196 seconds
238.710: [GC (Allocation Failure)  680555K->357003K(1023488K), 0.0055481 secs]
238.716: Total time for which application threads were stopped: 0.0057195 seconds, Stopping threads took: 0.0000173 seconds
238.782: [GC (Allocation Failure)  680587K->365005K(1035264K), 0.0043714 secs]
238.787: Total time for which application threads were stopped: 0.0045453 seconds, Stopping threads took: 0.0000213 seconds
238.853: [GC (Allocation Failure)  687565K->364973K(1030144K), 0.0041742 secs]
238.857: Total time for which application threads were stopped: 0.0043494 seconds, Stopping threads took: 0.0000194 seconds
238.923: [GC (Allocation Failure)  687533K->365037K(1034752K), 0.0043035 secs]
238.928: Total time for which application threads were stopped: 0.0044578 seconds, Stopping threads took: 0.0000221 seconds
238.994: [GC (Allocation Failure)  686573K->373039K(1029120K), 0.0044010 secs]
238.998: Total time for which application threads were stopped: 0.0045635 seconds, Stopping threads took: 0.0000191 seconds
239.065: [GC (Allocation Failure)  694575K->372975K(1034240K), 0.0041446 secs]
239.069: Total time for which application threads were stopped: 0.0043160 seconds, Stopping threads took: 0.0000193 seconds
239.136: [GC (Allocation Failure)  693487K->373255K(1034240K), 0.0042111 secs]
239.140: Total time for which application threads were stopped: 0.0043787 seconds, Stopping threads took: 0.0000210 seconds
239.205: [GC (Allocation Failure)  693767K->381065K(1034240K), 0.0040899 secs]
239.209: Total time for which application threads were stopped: 0.0042281 seconds, Stopping threads took: 0.0000203 seconds
239.274: [GC (Allocation Failure)  701577K->381033K(1034240K), 0.0041946 secs]
239.278: Total time for which application threads were stopped: 0.0043391 seconds, Stopping threads took: 0.0000259 seconds
239.341: [GC (Allocation Failure)  701545K->381481K(1033216K), 0.0051087 secs]
239.347: Total time for which application threads were stopped: 0.0052867 seconds, Stopping threads took: 0.0000256 seconds
239.415: [GC (Allocation Failure)  700969K->389100K(1033728K), 0.0043150 secs]
239.419: Total time for which application threads were stopped: 0.0044810 seconds, Stopping threads took: 0.0000195 seconds
239.486: [GC (Allocation Failure)  708588K->389068K(1033728K), 0.0042456 secs]
239.490: Total time for which application threads were stopped: 0.0044141 seconds, Stopping threads took: 0.0000210 seconds
239.553: [GC (Allocation Failure)  708556K->389228K(1033728K), 0.0044305 secs]
239.557: Total time for which application threads were stopped: 0.0046174 seconds, Stopping threads took: 0.0000342 seconds
239.622: [GC (Allocation Failure)  708716K->397134K(1033728K), 0.0041425 secs]
239.626: Total time for which application threads were stopped: 0.0042998 seconds, Stopping threads took: 0.0000201 seconds
239.689: [GC (Allocation Failure)  716622K->397102K(1033728K), 0.0043519 secs]
239.694: Total time for which application threads were stopped: 0.0045074 seconds, Stopping threads took: 0.0000201 seconds
239.761: [GC (Allocation Failure)  716590K->397166K(1033728K), 0.0043439 secs]
239.765: Total time for which application threads were stopped: 0.0044893 seconds, Stopping threads took: 0.0000200 seconds
239.831: [GC (Allocation Failure)  716654K->405136K(1027072K), 0.0043763 secs]
239.835: Total time for which application threads were stopped: 0.0045331 seconds, Stopping threads took: 0.0000193 seconds
239.899: [GC (Allocation Failure)  724624K->401262K(1034240K), 0.0034241 secs]
239.902: Total time for which application threads were stopped: 0.0035747 seconds, Stopping threads took: 0.0000198 seconds
239.969: [GC (Allocation Failure)  720750K->405296K(1033216K), 0.0045979 secs]
239.973: Total time for which application threads were stopped: 0.0047823 seconds, Stopping threads took: 0.0000194 seconds
240.039: [GC (Allocation Failure)  724784K->409296K(1034752K), 0.0043921 secs]
240.044: Total time for which application threads were stopped: 0.0045657 seconds, Stopping threads took: 0.0000192 seconds
240.110: [GC (Allocation Failure)  730832K->402478K(1034752K), 0.0018845 secs]
240.112: Total time for which application threads were stopped: 0.0020299 seconds, Stopping threads took: 0.0000189 seconds
240.181: [GC (Allocation Failure)  724014K->409336K(1034752K), 0.0042041 secs]
240.185: Total time for which application threads were stopped: 0.0043714 seconds, Stopping threads took: 0.0000320 seconds
240.251: [GC (Allocation Failure)  730872K->413416K(1034752K), 0.0052878 secs]
240.256: Total time for which application threads were stopped: 0.0054551 seconds, Stopping threads took: 0.0000283 seconds
240.322: [GC (Allocation Failure)  734952K->407846K(1034752K), 0.0025167 secs]
240.324: Total time for which application threads were stopped: 0.0026761 seconds, Stopping threads took: 0.0000193 seconds
240.395: [GC (Allocation Failure)  729382K->413728K(1034752K), 0.0045602 secs]
240.400: Total time for which application threads were stopped: 0.0047297 seconds, Stopping threads took: 0.0000193 seconds
240.467: [GC (Allocation Failure)  735264K->417568K(1035264K), 0.0046390 secs]
240.471: Total time for which application threads were stopped: 0.0048297 seconds, Stopping threads took: 0.0000193 seconds
240.540: [GC (Allocation Failure)  740056K->413694K(1035264K), 0.0031995 secs]
240.543: Total time for which application threads were stopped: 0.0033609 seconds, Stopping threads took: 0.0000175 seconds
240.611: [GC (Allocation Failure)  736254K->417728K(1036288K), 0.0046239 secs]
240.616: Total time for which application threads were stopped: 0.0047949 seconds, Stopping threads took: 0.0000213 seconds
240.684: [GC (Allocation Failure)  741824K->421696K(1035776K), 0.0044353 secs]
240.688: Total time for which application threads were stopped: 0.0046017 seconds, Stopping threads took: 0.0000218 seconds
240.757: [GC (Allocation Failure)  745792K->421728K(1035776K), 0.0043251 secs]
240.762: Total time for which application threads were stopped: 0.0045111 seconds, Stopping threads took: 0.0000266 seconds
240.830: [GC (Allocation Failure)  745312K->421768K(1023488K), 0.0044100 secs]
240.834: Total time for which application threads were stopped: 0.0045778 seconds, Stopping threads took: 0.0000206 seconds
240.901: [GC (Allocation Failure)  745352K->429738K(1035264K), 0.0052114 secs]
240.906: Total time for which application threads were stopped: 0.0054032 seconds, Stopping threads took: 0.0000198 seconds
240.973: [GC (Allocation Failure)  752298K->429706K(1030144K), 0.0043251 secs]
240.977: Total time for which application threads were stopped: 0.0044790 seconds, Stopping threads took: 0.0000197 seconds
241.043: [GC (Allocation Failure)  752266K->429802K(1034752K), 0.0044738 secs]
241.048: Total time for which application threads were stopped: 0.0046226 seconds, Stopping threads took: 0.0000203 seconds
241.114: [GC (Allocation Failure)  751338K->437773K(1034752K), 0.0045608 secs]
241.119: Total time for which application threads were stopped: 0.0047262 seconds, Stopping threads took: 0.0000198 seconds
241.185: [GC (Allocation Failure)  759309K->437805K(1033728K), 0.0048713 secs]
241.190: Total time for which application threads were stopped: 0.0050217 seconds, Stopping threads took: 0.0000198 seconds
241.257: [GC (Allocation Failure)  758317K->438021K(1034240K), 0.0044489 secs]
241.262: Total time for which application threads were stopped: 0.0045991 seconds, Stopping threads took: 0.0000251 seconds
241.328: [GC (Allocation Failure)  758533K->445831K(1034240K), 0.0043936 secs]
241.333: Total time for which application threads were stopped: 0.0045446 seconds, Stopping threads took: 0.0000200 seconds
241.401: [GC (Allocation Failure)  766343K->445799K(1034240K), 0.0045350 secs]
241.406: Total time for which application threads were stopped: 0.0047155 seconds, Stopping threads took: 0.0000207 seconds
241.474: [GC (Allocation Failure)  766311K->446247K(1033216K), 0.0043983 secs]
241.479: Total time for which application threads were stopped: 0.0045735 seconds, Stopping threads took: 0.0000203 seconds
241.548: [GC (Allocation Failure)  765735K->453865K(1033728K), 0.0045356 secs]
241.552: Total time for which application threads were stopped: 0.0047066 seconds, Stopping threads took: 0.0000196 seconds
241.620: [GC (Allocation Failure)  773353K->453865K(1033728K), 0.0045587 secs]
241.625: Total time for which application threads were stopped: 0.0047277 seconds, Stopping threads took: 0.0000204 seconds
241.689: [GC (Allocation Failure)  773353K->453961K(1033728K), 0.0043565 secs]
241.694: Total time for which application threads were stopped: 0.0045339 seconds, Stopping threads took: 0.0000197 seconds
241.762: [GC (Allocation Failure)  773449K->461899K(1033728K), 0.0044185 secs]
241.766: Total time for which application threads were stopped: 0.0045817 seconds, Stopping threads took: 0.0000275 seconds
241.832: [GC (Allocation Failure)  781387K->461867K(1033728K), 0.0044753 secs]
241.837: Total time for which application threads were stopped: 0.0046621 seconds, Stopping threads took: 0.0000191 seconds
241.905: [GC (Allocation Failure)  781355K->461899K(1033728K), 0.0043431 secs]
241.909: Total time for which application threads were stopped: 0.0045224 seconds, Stopping threads took: 0.0000164 seconds
241.978: [GC (Allocation Failure)  781387K->469902K(1027072K), 0.0046327 secs]
241.983: Total time for which application threads were stopped: 0.0047931 seconds, Stopping threads took: 0.0000194 seconds
242.048: [GC (Allocation Failure)  789389K->465995K(1034240K), 0.0036302 secs]
242.052: Total time for which application threads were stopped: 0.0037962 seconds, Stopping threads took: 0.0000201 seconds
242.122: [GC (Allocation Failure)  785483K->470062K(1033216K), 0.0045964 secs]
242.126: Total time for which application threads were stopped: 0.0047545 seconds, Stopping threads took: 0.0000196 seconds
242.195: [GC (Allocation Failure)  789550K->474062K(1034752K), 0.0045086 secs]
242.200: Total time for which application threads were stopped: 0.0046686 seconds, Stopping threads took: 0.0000193 seconds
242.269: [GC (Allocation Failure)  795598K->467243K(1034752K), 0.0019316 secs]
242.271: Total time for which application threads were stopped: 0.0020810 seconds, Stopping threads took: 0.0000272 seconds
242.338: [GC (Allocation Failure)  788779K->474062K(1034752K), 0.0085973 secs]
242.347: Total time for which application threads were stopped: 0.0087589 seconds, Stopping threads took: 0.0000187 seconds
242.413: [GC (Allocation Failure)  795598K->478174K(1034752K), 0.0054780 secs]
242.419: Total time for which application threads were stopped: 0.0056471 seconds, Stopping threads took: 0.0000195 seconds
242.485: [GC (Allocation Failure)  799710K->472635K(1034752K), 0.0025262 secs]
242.487: Total time for which application threads were stopped: 0.0026918 seconds, Stopping threads took: 0.0000191 seconds
242.555: [GC (Allocation Failure)  794171K->478478K(1034752K), 0.0046217 secs]
242.559: Total time for which application threads were stopped: 0.0047851 seconds, Stopping threads took: 0.0000186 seconds
242.627: [GC (Allocation Failure)  800014K->482382K(1035264K), 0.0050321 secs]
242.632: Total time for which application threads were stopped: 0.0051908 seconds, Stopping threads took: 0.0000192 seconds
242.699: [GC (Allocation Failure)  804870K->478411K(1035264K), 0.0034464 secs]
242.702: Total time for which application threads were stopped: 0.0036185 seconds, Stopping threads took: 0.0000193 seconds
242.771: [GC (Allocation Failure)  800971K->482478K(1036288K), 0.0047768 secs]
242.776: Total time for which application threads were stopped: 0.0049480 seconds, Stopping threads took: 0.0000263 seconds
242.843: [GC (Allocation Failure)  806574K->486478K(1035776K), 0.0044024 secs]
242.848: Total time for which application threads were stopped: 0.0046009 seconds, Stopping threads took: 0.0000207 seconds
242.919: [GC (Allocation Failure)  810574K->486446K(1035776K), 0.0045594 secs]
242.924: Total time for which application threads were stopped: 0.0047077 seconds, Stopping threads took: 0.0000169 seconds
242.992: [GC (Allocation Failure)  810030K->486534K(1023488K), 0.0065693 secs]
242.999: Total time for which application threads were stopped: 0.0067324 seconds, Stopping threads took: 0.0000194 seconds
243.066: [GC (Allocation Failure)  810118K->494472K(1035264K), 0.0047432 secs]
243.071: Total time for which application threads were stopped: 0.0049141 seconds, Stopping threads took: 0.0000222 seconds
243.138: [GC (Allocation Failure)  817032K->494472K(1030144K), 0.0045153 secs]
243.143: Total time for which application threads were stopped: 0.0046775 seconds, Stopping threads took: 0.0000197 seconds
243.210: [GC (Allocation Failure)  817032K->494536K(1034752K), 0.0065236 secs]
243.217: Total time for which application threads were stopped: 0.0066866 seconds, Stopping threads took: 0.0000192 seconds
243.284: [GC (Allocation Failure)  816072K->502506K(1034752K), 0.0048893 secs]
243.289: Total time for which application threads were stopped: 0.0050516 seconds, Stopping threads took: 0.0000196 seconds
243.358: [GC (Allocation Failure)  824042K->502506K(1033728K), 0.0054822 secs]
243.364: Total time for which application threads were stopped: 0.0056941 seconds, Stopping threads took: 0.0000249 seconds
243.430: [GC (Allocation Failure)  823018K->502762K(1034240K), 0.0045416 secs]
243.435: Total time for which application threads were stopped: 0.0047047 seconds, Stopping threads took: 0.0000172 seconds
243.505: [GC (Allocation Failure)  823274K->510573K(1034240K), 0.0045801 secs]
243.509: Total time for which application threads were stopped: 0.0047401 seconds, Stopping threads took: 0.0000254 seconds
243.578: [GC (Allocation Failure)  831085K->510541K(1034240K), 0.0046078 secs]
243.582: Total time for which application threads were stopped: 0.0047972 seconds, Stopping threads took: 0.0000194 seconds
243.651: [GC (Allocation Failure)  831053K->510989K(1033216K), 0.0047271 secs]
243.656: Total time for which application threads were stopped: 0.0048947 seconds, Stopping threads took: 0.0000201 seconds
243.724: [GC (Allocation Failure)  830477K->518575K(1033728K), 0.0046221 secs]
243.729: Total time for which application threads were stopped: 0.0047934 seconds, Stopping threads took: 0.0000276 seconds
243.798: [GC (Allocation Failure)  838063K->518575K(1033728K), 0.0044292 secs]
243.802: Total time for which application threads were stopped: 0.0046049 seconds, Stopping threads took: 0.0000252 seconds
243.867: [GC (Allocation Failure)  838063K->518727K(1033728K), 0.0045723 secs]
243.872: Total time for which application threads were stopped: 0.0047407 seconds, Stopping threads took: 0.0000255 seconds
243.941: [GC (Allocation Failure)  838215K->526633K(1033728K), 0.0046333 secs]
243.945: Total time for which application threads were stopped: 0.0047981 seconds, Stopping threads took: 0.0000200 seconds
244.013: [GC (Allocation Failure)  846121K->526601K(1033728K), 0.0047110 secs]
244.017: Total time for which application threads were stopped: 0.0048748 seconds, Stopping threads took: 0.0000198 seconds
244.085: [GC (Allocation Failure)  846089K->526665K(1033728K), 0.0045364 secs]
244.089: Total time for which application threads were stopped: 0.0047128 seconds, Stopping threads took: 0.0000209 seconds
244.158: [GC (Allocation Failure)  846153K->534635K(1027072K), 0.0046093 secs]
244.163: Total time for which application threads were stopped: 0.0047786 seconds, Stopping threads took: 0.0000205 seconds
244.228: [GC (Allocation Failure)  854123K->530761K(1034240K), 0.0035990 secs]
244.231: Total time for which application threads were stopped: 0.0037663 seconds, Stopping threads took: 0.0000276 seconds
244.299: [GC (Allocation Failure)  850249K->534795K(1033216K), 0.0045886 secs]
244.303: Total time for which application threads were stopped: 0.0047649 seconds, Stopping threads took: 0.0000293 seconds
244.372: [GC (Allocation Failure)  854283K->538763K(1034752K), 0.0046161 secs]
244.376: Total time for which application threads were stopped: 0.0047650 seconds, Stopping threads took: 0.0000167 seconds
244.443: [GC (Allocation Failure)  860299K->531977K(1034752K), 0.0026440 secs]
244.446: Total time for which application threads were stopped: 0.0027854 seconds, Stopping threads took: 0.0000197 seconds
244.515: [GC (Allocation Failure)  853513K->538835K(1034752K), 0.0044628 secs]
244.519: Total time for which application threads were stopped: 0.0046339 seconds, Stopping threads took: 0.0000191 seconds
244.585: [GC (Allocation Failure)  860371K->542947K(1034752K), 0.0056314 secs]
244.591: Total time for which application threads were stopped: 0.0057923 seconds, Stopping threads took: 0.0000192 seconds
244.657: [GC (Allocation Failure)  864483K->537377K(1034752K), 0.0027410 secs]
244.659: Total time for which application threads were stopped: 0.0028903 seconds, Stopping threads took: 0.0000194 seconds
244.727: [GC (Allocation Failure)  858913K->543219K(1034752K), 0.0046319 secs]
244.732: Total time for which application threads were stopped: 0.0047933 seconds, Stopping threads took: 0.0000193 seconds
244.799: [GC (Allocation Failure)  864755K->547027K(1035264K), 0.0050585 secs]
244.804: Total time for which application threads were stopped: 0.0052197 seconds, Stopping threads took: 0.0000195 seconds
244.872: [GC (Allocation Failure)  869516K->543185K(1035264K), 0.0036446 secs]
244.875: Total time for which application threads were stopped: 0.0038266 seconds, Stopping threads took: 0.0000196 seconds
244.944: [GC (Allocation Failure)  865745K->547211K(1036288K), 0.0048005 secs]
244.949: Total time for which application threads were stopped: 0.0049602 seconds, Stopping threads took: 0.0000191 seconds
245.016: [GC (Allocation Failure)  871307K->551179K(1035776K), 0.0053685 secs]
245.022: Total time for which application threads were stopped: 0.0055492 seconds, Stopping threads took: 0.0000193 seconds
245.091: [GC (Allocation Failure)  875275K->551179K(1035776K), 0.0046747 secs]
245.095: Total time for which application threads were stopped: 0.0048426 seconds, Stopping threads took: 0.0000199 seconds
245.163: [GC (Allocation Failure)  874763K->551243K(1023488K), 0.0045578 secs]
245.168: Total time for which application threads were stopped: 0.0047507 seconds, Stopping threads took: 0.0000195 seconds
245.237: [GC (Allocation Failure)  874827K->559246K(1035264K), 0.0048899 secs]
245.242: Total time for which application threads were stopped: 0.0050497 seconds, Stopping threads took: 0.0000253 seconds
245.310: [GC (Allocation Failure)  881806K->559214K(1030144K), 0.0065008 secs]
245.317: Total time for which application threads were stopped: 0.0066865 seconds, Stopping threads took: 0.0000264 seconds
245.386: [GC (Allocation Failure)  881774K->559278K(1034752K), 0.0046641 secs]
245.391: Total time for which application threads were stopped: 0.0048220 seconds, Stopping threads took: 0.0000178 seconds
245.458: [GC (Allocation Failure)  880814K->567280K(1029120K), 0.0047846 secs]
245.463: Total time for which application threads were stopped: 0.0049511 seconds, Stopping threads took: 0.0000193 seconds
245.532: [GC (Allocation Failure)  888816K->567248K(1034240K), 0.0044354 secs]
245.536: Total time for which application threads were stopped: 0.0046028 seconds, Stopping threads took: 0.0000253 seconds
245.604: [GC (Allocation Failure)  887760K->567496K(1034240K), 0.0047372 secs]
245.609: Total time for which application threads were stopped: 0.0049011 seconds, Stopping threads took: 0.0000198 seconds
245.678: [GC (Allocation Failure)  888008K->575306K(1034240K), 0.0045563 secs]
245.682: Total time for which application threads were stopped: 0.0047382 seconds, Stopping threads took: 0.0000249 seconds
245.751: [GC (Allocation Failure)  895818K->575242K(1034240K), 0.0046705 secs]
245.756: Total time for which application threads were stopped: 0.0048634 seconds, Stopping threads took: 0.0000281 seconds
245.823: [GC (Allocation Failure)  895754K->575690K(1033216K), 0.0047756 secs]
245.828: Total time for which application threads were stopped: 0.0049435 seconds, Stopping threads took: 0.0000259 seconds
245.896: [GC (Allocation Failure)  895178K->583308K(1033728K), 0.0046324 secs]
245.901: Total time for which application threads were stopped: 0.0048053 seconds, Stopping threads took: 0.0000200 seconds
245.969: [GC (Allocation Failure)  902796K->583308K(1033728K), 0.0047790 secs]
245.974: Total time for which application threads were stopped: 0.0049605 seconds, Stopping threads took: 0.0000200 seconds
246.040: [GC (Allocation Failure)  902796K->583436K(1033728K), 0.0048120 secs]
246.045: Total time for which application threads were stopped: 0.0050041 seconds, Stopping threads took: 0.0000196 seconds
246.113: [GC (Allocation Failure)  902924K->591343K(1033728K), 0.0047831 secs]
246.118: Total time for which application threads were stopped: 0.0049716 seconds, Stopping threads took: 0.0000338 seconds
246.184: [GC (Allocation Failure)  910831K->591343K(1033728K), 0.0048777 secs]
246.189: Total time for which application threads were stopped: 0.0050503 seconds, Stopping threads took: 0.0000207 seconds
246.256: [GC (Allocation Failure)  910831K->591399K(1033728K), 0.0047324 secs]
246.261: Total time for which application threads were stopped: 0.0049104 seconds, Stopping threads took: 0.0000259 seconds
246.328: [GC (Allocation Failure)  910887K->599369K(1027072K), 0.0049364 secs]
246.333: Total time for which application threads were stopped: 0.0051279 seconds, Stopping threads took: 0.0000209 seconds
246.398: [GC (Allocation Failure)  918856K->595463K(1034240K), 0.0037369 secs]
246.402: Total time for which application threads were stopped: 0.0038986 seconds, Stopping threads took: 0.0000203 seconds
246.470: [GC (Allocation Failure)  914951K->599497K(1033216K), 0.0049033 secs]
246.475: Total time for which application threads were stopped: 0.0050750 seconds, Stopping threads took: 0.0000193 seconds
246.542: [GC (Allocation Failure)  918985K->603529K(1034752K), 0.0048207 secs]
246.547: Total time for which application threads were stopped: 0.0049945 seconds, Stopping threads took: 0.0000201 seconds
246.613: [GC (Allocation Failure)  925065K->596711K(1034752K), 0.0022485 secs]
246.615: Total time for which application threads were stopped: 0.0024064 seconds, Stopping threads took: 0.0000199 seconds
246.682: [GC (Allocation Failure)  918247K->603561K(1034752K), 0.0047963 secs]
246.687: Total time for which application threads were stopped: 0.0049601 seconds, Stopping threads took: 0.0000191 seconds
246.753: [GC (Allocation Failure)  925097K->607641K(1034752K), 0.0055956 secs]
246.759: Total time for which application threads were stopped: 0.0057802 seconds, Stopping threads took: 0.0000273 seconds
246.824: [GC (Allocation Failure)  929177K->602071K(1034752K), 0.0028807 secs]
246.827: Total time for which application threads were stopped: 0.0030462 seconds, Stopping threads took: 0.0000196 seconds
246.896: [GC (Allocation Failure)  923607K->607945K(1034752K), 0.0046301 secs]
246.901: Total time for which application threads were stopped: 0.0047969 seconds, Stopping threads took: 0.0000197 seconds
246.967: [GC (Allocation Failure)  929481K->611761K(1035264K), 0.0052300 secs]
246.973: Total time for which application threads were stopped: 0.0054186 seconds, Stopping threads took: 0.0000196 seconds
247.039: [GC (Allocation Failure)  934249K->607887K(1035264K), 0.0037554 secs]
247.043: Total time for which application threads were stopped: 0.0039341 seconds, Stopping threads took: 0.0000204 seconds
247.113: [GC (Allocation Failure)  930447K->611945K(1036288K), 0.0047338 secs]
247.118: Total time for which application threads were stopped: 0.0049040 seconds, Stopping threads took: 0.0000196 seconds
247.186: [GC (Allocation Failure)  936041K->615945K(1035776K), 0.0046813 secs]
247.191: Total time for which application threads were stopped: 0.0048526 seconds, Stopping threads took: 0.0000197 seconds
247.261: [GC (Allocation Failure)  940041K->615913K(1035776K), 0.0045508 secs]
247.266: Total time for which application threads were stopped: 0.0047378 seconds, Stopping threads took: 0.0000258 seconds
247.336: [GC (Allocation Failure)  939497K->615985K(1023488K), 0.0097591 secs]
247.345: Total time for which application threads were stopped: 0.0099088 seconds, Stopping threads took: 0.0000172 seconds
247.413: [GC (Allocation Failure)  939569K->623955K(1035264K), 0.0048971 secs]
247.418: Total time for which application threads were stopped: 0.0050583 seconds, Stopping threads took: 0.0000202 seconds
247.486: [GC (Allocation Failure)  946515K->623955K(1030144K), 0.0048163 secs]
247.491: Total time for which application threads were stopped: 0.0049886 seconds, Stopping threads took: 0.0000201 seconds
247.559: [GC (Allocation Failure)  946515K->624011K(1034752K), 0.0048599 secs]
247.564: Total time for which application threads were stopped: 0.0050560 seconds, Stopping threads took: 0.0000203 seconds
247.633: [GC (Allocation Failure)  945547K->632013K(1029120K), 0.0049495 secs]
247.638: Total time for which application threads were stopped: 0.0051470 seconds, Stopping threads took: 0.0000191 seconds
247.708: [GC (Allocation Failure)  953549K->632013K(1034240K), 0.0047042 secs]
247.712: Total time for which application threads were stopped: 0.0048734 seconds, Stopping threads took: 0.0000168 seconds
247.781: [GC (Allocation Failure)  952525K->632229K(1034240K), 0.0047814 secs]
247.786: Total time for which application threads were stopped: 0.0049431 seconds, Stopping threads took: 0.0000200 seconds
247.855: [GC (Allocation Failure)  952741K->640008K(1034240K), 0.0047875 secs]
247.860: Total time for which application threads were stopped: 0.0049660 seconds, Stopping threads took: 0.0000195 seconds
247.930: [GC (Allocation Failure)  960520K->640040K(1034240K), 0.0047074 secs]
247.935: Total time for which application threads were stopped: 0.0048598 seconds, Stopping threads took: 0.0000177 seconds
248.003: [GC (Allocation Failure)  960552K->640456K(1033216K), 0.0047797 secs]
248.007: Total time for which application threads were stopped: 0.0049568 seconds, Stopping threads took: 0.0000205 seconds
248.075: [GC (Allocation Failure)  959944K->648042K(1033728K), 0.0047953 secs]
248.080: Total time for which application threads were stopped: 0.0049899 seconds, Stopping threads took: 0.0000198 seconds
248.149: [GC (Allocation Failure)  967530K->648042K(1033728K), 0.0048525 secs]
248.154: Total time for which application threads were stopped: 0.0050187 seconds, Stopping threads took: 0.0000260 seconds
248.218: [GC (Allocation Failure)  967530K->648170K(1033728K), 0.0049316 secs]
248.223: Total time for which application threads were stopped: 0.0051224 seconds, Stopping threads took: 0.0000191 seconds
248.292: [GC (Allocation Failure)  967658K->656108K(1033728K), 0.0047250 secs]
248.297: Total time for which application threads were stopped: 0.0048824 seconds, Stopping threads took: 0.0000166 seconds
248.365: [GC (Allocation Failure)  975596K->656076K(1033728K), 0.0049907 secs]
248.370: Total time for which application threads were stopped: 0.0051576 seconds, Stopping threads took: 0.0000188 seconds
248.437: [GC (Allocation Failure)  975564K->656132K(1033728K), 0.0049922 secs]
248.442: Total time for which application threads were stopped: 0.0051615 seconds, Stopping threads took: 0.0000194 seconds
248.509: [GC (Allocation Failure)  975620K->664103K(1027072K), 0.0048192 secs]
248.514: Total time for which application threads were stopped: 0.0049788 seconds, Stopping threads took: 0.0000202 seconds
248.578: [GC (Allocation Failure)  983590K->660196K(1034240K), 0.0038758 secs]
248.582: Total time for which application threads were stopped: 0.0040675 seconds, Stopping threads took: 0.0000192 seconds
248.652: [GC (Allocation Failure)  979684K->664271K(1033216K), 0.0049650 secs]
248.657: Total time for which application threads were stopped: 0.0051299 seconds, Stopping threads took: 0.0000198 seconds
248.725: [GC (Allocation Failure)  983759K->668271K(1034752K), 0.0046890 secs]
248.730: Total time for which application threads were stopped: 0.0048638 seconds, Stopping threads took: 0.0000402 seconds
248.797: [GC (Allocation Failure)  989807K->661420K(1034752K), 0.0024142 secs]
248.800: Total time for which application threads were stopped: 0.0025715 seconds, Stopping threads took: 0.0000193 seconds
248.869: [GC (Allocation Failure)  982956K->668311K(1034752K), 0.0049248 secs]
248.874: Total time for which application threads were stopped: 0.0050828 seconds, Stopping threads took: 0.0000166 seconds
248.939: [GC (Allocation Failure)  989847K->672391K(1034752K), 0.0057450 secs]
248.945: Total time for which application threads were stopped: 0.0059111 seconds, Stopping threads took: 0.0000200 seconds
249.011: [GC (Allocation Failure)  993927K->666884K(1034752K), 0.0063518 secs]
249.017: Total time for which application threads were stopped: 0.0065143 seconds, Stopping threads took: 0.0000193 seconds
249.084: [GC (Allocation Failure)  988420K->672663K(1034752K), 0.0051350 secs]
249.090: Total time for which application threads were stopped: 0.0053000 seconds, Stopping threads took: 0.0000192 seconds
249.156: [GC (Allocation Failure)  994199K->676535K(1034752K), 0.0051548 secs]
249.162: Total time for which application threads were stopped: 0.0053237 seconds, Stopping threads took: 0.0000192 seconds
249.228: [GC (Allocation Failure)  999023K->672628K(1035264K), 0.0036409 secs]
249.232: Total time for which application threads were stopped: 0.0038038 seconds, Stopping threads took: 0.0000258 seconds
249.300: [GC (Allocation Failure)  995188K->676687K(1036288K), 0.0048944 secs]
249.305: Total time for which application threads were stopped: 0.0050684 seconds, Stopping threads took: 0.0000214 seconds
249.373: [GC (Allocation Failure)  1000783K->680655K(1035776K), 0.0048121 secs]
249.378: Total time for which application threads were stopped: 0.0049766 seconds, Stopping threads took: 0.0000168 seconds
249.448: [GC (Allocation Failure)  1004751K->680655K(1035776K), 0.0048266 secs]
249.453: Total time for which application threads were stopped: 0.0050082 seconds, Stopping threads took: 0.0000168 seconds
249.522: [GC (Allocation Failure)  1004239K->680711K(1023488K), 0.0050083 secs]
249.527: Total time for which application threads were stopped: 0.0051912 seconds, Stopping threads took: 0.0000168 seconds
249.595: [GC (Allocation Failure)  1004295K->688713K(1035264K), 0.0048542 secs]
249.600: Total time for which application threads were stopped: 0.0049993 seconds, Stopping threads took: 0.0000167 seconds
249.669: [GC (Allocation Failure)  1011273K->688713K(1030144K), 0.0047028 secs]
249.674: Total time for which application threads were stopped: 0.0048705 seconds, Stopping threads took: 0.0000190 seconds
249.744: [GC (Allocation Failure)  1011273K->688745K(1034752K), 0.0048400 secs]
249.748: [Full GC (Ergonomics)  688745K->8520K(1034752K), 0.0118209 secs]
249.760: Total time for which application threads were stopped: 0.0169218 seconds, Stopping threads took: 0.0000264 seconds
249.829: [GC (Allocation Failure)  330056K->16586K(1029120K), 0.0037605 secs]
249.833: Total time for which application threads were stopped: 0.0039129 seconds, Stopping threads took: 0.0000164 seconds
249.903: [GC (Allocation Failure)  338122K->16602K(1034240K), 0.0035435 secs]
249.906: Total time for which application threads were stopped: 0.0037089 seconds, Stopping threads took: 0.0000251 seconds
249.974: [GC (Allocation Failure)  337114K->16858K(1034240K), 0.0037008 secs]
249.978: Total time for which application threads were stopped: 0.0038529 seconds, Stopping threads took: 0.0000205 seconds
250.046: [GC (Allocation Failure)  337370K->24668K(1034240K), 0.0036835 secs]
250.050: Total time for which application threads were stopped: 0.0038497 seconds, Stopping threads took: 0.0000198 seconds
250.116: [GC (Allocation Failure)  345180K->24668K(1034240K), 0.0036327 secs]
250.120: Total time for which application threads were stopped: 0.0037871 seconds, Stopping threads took: 0.0000271 seconds
250.183: [GC (Allocation Failure)  345180K->25092K(1033216K), 0.0036820 secs]
250.187: Total time for which application threads were stopped: 0.0038318 seconds, Stopping threads took: 0.0000201 seconds
250.253: [GC (Allocation Failure)  344580K->32743K(1033728K), 0.0035011 secs]
250.257: Total time for which application threads were stopped: 0.0036416 seconds, Stopping threads took: 0.0000269 seconds
250.321: [GC (Allocation Failure)  352231K->32647K(1033728K), 0.0034391 secs]
250.324: Total time for which application threads were stopped: 0.0035755 seconds, Stopping threads took: 0.0000204 seconds
250.390: [GC (Allocation Failure)  352135K->32815K(1033728K), 0.0039187 secs]
250.394: Total time for which application threads were stopped: 0.0040689 seconds, Stopping threads took: 0.0000180 seconds
250.463: [GC (Allocation Failure)  352303K->40753K(1033728K), 0.0037202 secs]
250.466: Total time for which application threads were stopped: 0.0038846 seconds, Stopping threads took: 0.0000191 seconds
250.532: [GC (Allocation Failure)  360241K->40721K(1033728K), 0.0036080 secs]
250.536: Total time for which application threads were stopped: 0.0037692 seconds, Stopping threads took: 0.0000198 seconds
250.602: [GC (Allocation Failure)  360209K->40777K(1033728K), 0.0037459 secs]
250.606: Total time for which application threads were stopped: 0.0040505 seconds, Stopping threads took: 0.0000282 seconds
250.672: [GC (Allocation Failure)  360265K->48747K(1027072K), 0.0039118 secs]
250.676: Total time for which application threads were stopped: 0.0041004 seconds, Stopping threads took: 0.0000193 seconds
250.742: [GC (Allocation Failure)  368235K->44841K(1034240K), 0.0024641 secs]
250.744: Total time for which application threads were stopped: 0.0026173 seconds, Stopping threads took: 0.0000251 seconds
250.811: [GC (Allocation Failure)  364329K->48907K(1033216K), 0.0038101 secs]
250.815: Total time for which application threads were stopped: 0.0039832 seconds, Stopping threads took: 0.0000199 seconds
250.883: [GC (Allocation Failure)  368395K->52907K(1034752K), 0.0036150 secs]
250.887: Total time for which application threads were stopped: 0.0037599 seconds, Stopping threads took: 0.0000171 seconds
250.953: [GC (Allocation Failure)  374443K->46121K(1034752K), 0.0012309 secs]
250.954: Total time for which application threads were stopped: 0.0013815 seconds, Stopping threads took: 0.0000188 seconds
251.022: [GC (Allocation Failure)  367657K->52947K(1034752K), 0.0038232 secs]
251.026: Total time for which application threads were stopped: 0.0039869 seconds, Stopping threads took: 0.0000191 seconds
251.093: [GC (Allocation Failure)  374483K->57019K(1034752K), 0.0044890 secs]
251.098: Total time for which application threads were stopped: 0.0046607 seconds, Stopping threads took: 0.0000282 seconds
251.163: [GC (Allocation Failure)  378555K->51481K(1034752K), 0.0016065 secs]
251.164: Total time for which application threads were stopped: 0.0017614 seconds, Stopping threads took: 0.0000202 seconds
251.233: [GC (Allocation Failure)  373017K->57291K(1034752K), 0.0037898 secs]
251.237: Total time for which application threads were stopped: 0.0039559 seconds, Stopping threads took: 0.0000278 seconds
251.303: [GC (Allocation Failure)  378827K->61163K(1034752K), 0.0040678 secs]
251.307: Total time for which application threads were stopped: 0.0042533 seconds, Stopping threads took: 0.0000242 seconds
251.376: [GC (Allocation Failure)  383651K->57257K(1035264K), 0.0023194 secs]
251.378: Total time for which application threads were stopped: 0.0024697 seconds, Stopping threads took: 0.0000184 seconds
251.448: [GC (Allocation Failure)  379817K->61315K(1036288K), 0.0045904 secs]
251.453: Total time for which application threads were stopped: 0.0047504 seconds, Stopping threads took: 0.0000197 seconds
251.521: [GC (Allocation Failure)  385411K->65283K(1035776K), 0.0037840 secs]
251.525: Total time for which application threads were stopped: 0.0039729 seconds, Stopping threads took: 0.0000193 seconds
251.595: [GC (Allocation Failure)  389379K->65315K(1035776K), 0.0034331 secs]
251.599: Total time for which application threads were stopped: 0.0036171 seconds, Stopping threads took: 0.0000169 seconds
251.668: [GC (Allocation Failure)  388899K->65355K(1023488K), 0.0038698 secs]
251.672: Total time for which application threads were stopped: 0.0040231 seconds, Stopping threads took: 0.0000195 seconds
251.737: [GC (Allocation Failure)  388939K->73293K(1035264K), 0.0036854 secs]
251.741: Total time for which application threads were stopped: 0.0038549 seconds, Stopping threads took: 0.0000272 seconds
251.806: [GC (Allocation Failure)  395853K->73325K(1030144K), 0.0035081 secs]
251.810: Total time for which application threads were stopped: 0.0036823 seconds, Stopping threads took: 0.0000199 seconds
251.876: [GC (Allocation Failure)  395885K->73413K(1034752K), 0.0036391 secs]
251.879: Total time for which application threads were stopped: 0.0037780 seconds, Stopping threads took: 0.0000170 seconds
251.947: [GC (Allocation Failure)  394949K->81384K(1034752K), 0.0037860 secs]
251.951: Total time for which application threads were stopped: 0.0039180 seconds, Stopping threads took: 0.0000193 seconds
252.016: [GC (Allocation Failure)  402920K->81352K(1033728K), 0.0035695 secs]
252.020: Total time for which application threads were stopped: 0.0037091 seconds, Stopping threads took: 0.0000199 seconds
252.083: [GC (Allocation Failure)  401864K->81576K(1034240K), 0.0036105 secs]
252.087: Total time for which application threads were stopped: 0.0037794 seconds, Stopping threads took: 0.0000258 seconds
252.153: [GC (Allocation Failure)  402088K->89386K(1034240K), 0.0035456 secs]
252.157: Total time for which application threads were stopped: 0.0036678 seconds, Stopping threads took: 0.0000171 seconds
252.222: [GC (Allocation Failure)  409898K->89354K(1034240K), 0.0053655 secs]
252.228: Total time for which application threads were stopped: 0.0055022 seconds, Stopping threads took: 0.0000248 seconds
252.290: [GC (Allocation Failure)  409866K->89834K(1034240K), 0.0037361 secs]
252.294: Total time for which application threads were stopped: 0.0038752 seconds, Stopping threads took: 0.0000194 seconds
252.360: [GC (Allocation Failure)  410346K->97420K(1028096K), 0.0053776 secs]
252.365: Total time for which application threads were stopped: 0.0055476 seconds, Stopping threads took: 0.0000268 seconds
252.431: [GC (Allocation Failure)  417932K->97420K(1033728K), 0.0038371 secs]
252.435: Total time for which application threads were stopped: 0.0040042 seconds, Stopping threads took: 0.0000189 seconds
252.498: [GC (Allocation Failure)  416908K->97540K(1033728K), 0.0038405 secs]
252.502: Total time for which application threads were stopped: 0.0039843 seconds, Stopping threads took: 0.0000198 seconds
252.568: [GC (Allocation Failure)  417028K->105478K(1033728K), 0.0037328 secs]
252.572: Total time for which application threads were stopped: 0.0038883 seconds, Stopping threads took: 0.0000287 seconds
252.637: [GC (Allocation Failure)  424966K->105446K(1033728K), 0.0035233 secs]
252.641: Total time for which application threads were stopped: 0.0036614 seconds, Stopping threads took: 0.0000196 seconds
252.705: [GC (Allocation Failure)  424934K->105510K(1033728K), 0.0038450 secs]
252.709: Total time for which application threads were stopped: 0.0039962 seconds, Stopping threads took: 0.0000274 seconds
252.772: [GC (Allocation Failure)  424998K->113513K(1027072K), 0.0036610 secs]
252.776: Total time for which application threads were stopped: 0.0038028 seconds, Stopping threads took: 0.0000272 seconds
252.836: [GC (Allocation Failure)  433000K->109542K(1034240K), 0.0029592 secs]
252.839: Total time for which application threads were stopped: 0.0031312 seconds, Stopping threads took: 0.0000246 seconds
252.903: [GC (Allocation Failure)  429030K->113649K(1033216K), 0.0040408 secs]
252.907: Total time for which application threads were stopped: 0.0041791 seconds, Stopping threads took: 0.0000199 seconds
252.970: [GC (Allocation Failure)  433137K->117585K(1034752K), 0.0037372 secs]
252.974: Total time for which application threads were stopped: 0.0038719 seconds, Stopping threads took: 0.0000189 seconds
253.036: [GC (Allocation Failure)  439121K->110830K(1034752K), 0.0065249 secs]
253.043: Total time for which application threads were stopped: 0.0066651 seconds, Stopping threads took: 0.0000187 seconds
253.107: [GC (Allocation Failure)  432366K->117681K(1034752K), 0.0037055 secs]
253.111: Total time for which application threads were stopped: 0.0038689 seconds, Stopping threads took: 0.0000229 seconds
253.173: [GC (Allocation Failure)  439217K->121793K(1034752K), 0.0064018 secs]
253.179: Total time for which application threads were stopped: 0.0065443 seconds, Stopping threads took: 0.0000185 seconds
253.242: [GC (Allocation Failure)  443329K->116190K(1034752K), 0.0018802 secs]
253.244: Total time for which application threads were stopped: 0.0019985 seconds, Stopping threads took: 0.0000241 seconds
253.308: [GC (Allocation Failure)  437726K->122033K(1034752K), 0.0037821 secs]
253.312: Total time for which application threads were stopped: 0.0039453 seconds, Stopping threads took: 0.0000204 seconds
253.379: [GC (Allocation Failure)  443569K->125937K(1035264K), 0.0041484 secs]
253.384: Total time for which application threads were stopped: 0.0043175 seconds, Stopping threads took: 0.0000194 seconds
253.452: [GC (Allocation Failure)  448425K->122030K(1035264K), 0.0025683 secs]
253.455: Total time for which application threads were stopped: 0.0027197 seconds, Stopping threads took: 0.0000198 seconds
253.523: [GC (Allocation Failure)  444590K->126057K(1036288K), 0.0042030 secs]
253.527: Total time for which application threads were stopped: 0.0043759 seconds, Stopping threads took: 0.0000201 seconds
253.594: [GC (Allocation Failure)  450153K->130025K(1035776K), 0.0064475 secs]
253.601: Total time for which application threads were stopped: 0.0066060 seconds, Stopping threads took: 0.0000209 seconds
253.669: [GC (Allocation Failure)  454121K->130025K(1035776K), 0.0036705 secs]
253.673: Total time for which application threads were stopped: 0.0038301 seconds, Stopping threads took: 0.0000202 seconds
253.741: [GC (Allocation Failure)  453609K->130089K(1023488K), 0.0036678 secs]
253.744: Total time for which application threads were stopped: 0.0038296 seconds, Stopping threads took: 0.0000263 seconds
253.809: [GC (Allocation Failure)  453673K->138091K(1035264K), 0.0038765 secs]
253.813: Total time for which application threads were stopped: 0.0040516 seconds, Stopping threads took: 0.0000201 seconds
253.879: [GC (Allocation Failure)  460651K->138027K(1030144K), 0.0035152 secs]
253.882: Total time for which application threads were stopped: 0.0036517 seconds, Stopping threads took: 0.0000192 seconds
253.948: [GC (Allocation Failure)  460587K->138091K(1034752K), 0.0036544 secs]
253.952: Total time for which application threads were stopped: 0.0037759 seconds, Stopping threads took: 0.0000164 seconds
254.016: [GC (Allocation Failure)  459627K->146093K(1034752K), 0.0039045 secs]
254.020: Total time for which application threads were stopped: 0.0040514 seconds, Stopping threads took: 0.0000194 seconds
254.085: [GC (Allocation Failure)  467629K->146061K(1033728K), 0.0035614 secs]
254.089: Total time for which application threads were stopped: 0.0038083 seconds, Stopping threads took: 0.0000183 seconds
254.152: [GC (Allocation Failure)  466573K->146341K(1034240K), 0.0040087 secs]
254.156: Total time for which application threads were stopped: 0.0041396 seconds, Stopping threads took: 0.0000188 seconds
254.219: [GC (Allocation Failure)  466853K->154151K(1034240K), 0.0037672 secs]
254.223: Total time for which application threads were stopped: 0.0038959 seconds, Stopping threads took: 0.0000179 seconds
254.287: [GC (Allocation Failure)  474663K->154151K(1034240K), 0.0037107 secs]
254.291: Total time for which application threads were stopped: 0.0038740 seconds, Stopping threads took: 0.0000271 seconds
254.354: [GC (Allocation Failure)  474663K->154527K(1033216K), 0.0047643 secs]
254.359: Total time for which application threads were stopped: 0.0049168 seconds, Stopping threads took: 0.0000231 seconds
254.424: [GC (Allocation Failure)  474015K->162146K(1033728K), 0.0037459 secs]
254.428: Total time for which application threads were stopped: 0.0038809 seconds, Stopping threads took: 0.0000185 seconds
254.492: [GC (Allocation Failure)  481634K->162146K(1033728K), 0.0037748 secs]
254.495: Total time for which application threads were stopped: 0.0039242 seconds, Stopping threads took: 0.0000194 seconds
254.558: [GC (Allocation Failure)  481634K->162250K(1033728K), 0.0038699 secs]
254.562: Total time for which application threads were stopped: 0.0040098 seconds, Stopping threads took: 0.0000260 seconds
254.627: [GC (Allocation Failure)  481738K->170220K(1033728K), 0.0036610 secs]
254.630: Total time for which application threads were stopped: 0.0037963 seconds, Stopping threads took: 0.0000187 seconds
254.693: [GC (Allocation Failure)  489708K->170188K(1033728K), 0.0039294 secs]
254.697: Total time for which application threads were stopped: 0.0040603 seconds, Stopping threads took: 0.0000197 seconds
254.762: [GC (Allocation Failure)  489676K->170252K(1033728K), 0.0037403 secs]
254.766: Total time for which application threads were stopped: 0.0038697 seconds, Stopping threads took: 0.0000233 seconds
254.829: [GC (Allocation Failure)  489740K->178222K(1027072K), 0.0037857 secs]
254.833: Total time for which application threads were stopped: 0.0039212 seconds, Stopping threads took: 0.0000240 seconds
254.894: [GC (Allocation Failure)  497710K->174348K(1034240K), 0.0030360 secs]
254.897: Total time for which application threads were stopped: 0.0031971 seconds, Stopping threads took: 0.0000238 seconds
254.963: [GC (Allocation Failure)  493836K->178382K(1033216K), 0.0038961 secs]
254.967: Total time for which application threads were stopped: 0.0040163 seconds, Stopping threads took: 0.0000160 seconds
255.032: [GC (Allocation Failure)  497870K->182350K(1034752K), 0.0038250 secs]
255.036: Total time for which application threads were stopped: 0.0039649 seconds, Stopping threads took: 0.0000180 seconds
255.100: [GC (Allocation Failure)  503886K->175596K(1034752K), 0.0014811 secs]
255.101: Total time for which application threads were stopped: 0.0016116 seconds, Stopping threads took: 0.0000182 seconds
255.164: [GC (Allocation Failure)  497132K->182422K(1034752K), 0.0036836 secs]
255.168: Total time for which application threads were stopped: 0.0038241 seconds, Stopping threads took: 0.0000181 seconds
255.229: [GC (Allocation Failure)  503958K->186502K(1034752K), 0.0048776 secs]
255.234: Total time for which application threads were stopped: 0.0050239 seconds, Stopping threads took: 0.0000235 seconds
255.295: [GC (Allocation Failure)  508038K->180932K(1034752K), 0.0021796 secs]
255.298: Total time for which application threads were stopped: 0.0023209 seconds, Stopping threads took: 0.0000185 seconds
255.362: [GC (Allocation Failure)  502468K->186766K(1034752K), 0.0046690 secs]
255.366: Total time for which application threads were stopped: 0.0047996 seconds, Stopping threads took: 0.0000242 seconds
255.432: [GC (Allocation Failure)  508302K->190670K(1034752K), 0.0041898 secs]
255.436: Total time for which application threads were stopped: 0.0043160 seconds, Stopping threads took: 0.0000185 seconds
255.500: [GC (Allocation Failure)  513159K->186732K(1035264K), 0.0028473 secs]
255.503: Total time for which application threads were stopped: 0.0030190 seconds, Stopping threads took: 0.0000240 seconds
255.567: [GC (Allocation Failure)  509292K->190798K(1036288K), 0.0039918 secs]
255.571: Total time for which application threads were stopped: 0.0041299 seconds, Stopping threads took: 0.0000203 seconds
255.634: [GC (Allocation Failure)  514894K->194766K(1035776K), 0.0038303 secs]
255.638: Total time for which application threads were stopped: 0.0039987 seconds, Stopping threads took: 0.0000182 seconds
255.702: [GC (Allocation Failure)  518862K->194798K(1035776K), 0.0039009 secs]
255.706: Total time for which application threads were stopped: 0.0040507 seconds, Stopping threads took: 0.0000241 seconds
255.772: [GC (Allocation Failure)  518382K->194886K(1023488K), 0.0039299 secs]
255.776: Total time for which application threads were stopped: 0.0040609 seconds, Stopping threads took: 0.0000186 seconds
255.840: [GC (Allocation Failure)  518470K->202857K(1035264K), 0.0038218 secs]
255.844: Total time for which application threads were stopped: 0.0039479 seconds, Stopping threads took: 0.0000180 seconds
255.907: [GC (Allocation Failure)  525417K->202793K(1030144K), 0.0036453 secs]
255.911: Total time for which application threads were stopped: 0.0037751 seconds, Stopping threads took: 0.0000193 seconds
255.974: [GC (Allocation Failure)  525353K->202857K(1034752K), 0.0038030 secs]
255.978: Total time for which application threads were stopped: 0.0039329 seconds, Stopping threads took: 0.0000187 seconds
256.043: [GC (Allocation Failure)  524393K->210859K(1029120K), 0.0039227 secs]
256.047: Total time for which application threads were stopped: 0.0040562 seconds, Stopping threads took: 0.0000249 seconds
256.110: [GC (Allocation Failure)  532395K->210859K(1034240K), 0.0036669 secs]
256.114: Total time for which application threads were stopped: 0.0038108 seconds, Stopping threads took: 0.0000183 seconds
256.178: [GC (Allocation Failure)  531371K->211083K(1034240K), 0.0039139 secs]
256.182: Total time for which application threads were stopped: 0.0040475 seconds, Stopping threads took: 0.0000159 seconds
256.249: [GC (Allocation Failure)  531595K->218829K(1034240K), 0.0068658 secs]
256.256: Total time for which application threads were stopped: 0.0070034 seconds, Stopping threads took: 0.0000256 seconds
256.322: [GC (Allocation Failure)  539341K->218893K(1034240K), 0.0040180 secs]
256.326: Total time for which application threads were stopped: 0.0041670 seconds, Stopping threads took: 0.0000290 seconds
256.391: [GC (Allocation Failure)  539405K->219309K(1033216K), 0.0039226 secs]
256.395: Total time for which application threads were stopped: 0.0040591 seconds, Stopping threads took: 0.0000198 seconds
256.462: [GC (Allocation Failure)  538797K->226895K(1033728K), 0.0040330 secs]
256.466: Total time for which application threads were stopped: 0.0041760 seconds, Stopping threads took: 0.0000202 seconds
256.532: [GC (Allocation Failure)  546383K->226895K(1033728K), 0.0039452 secs]
256.536: Total time for which application threads were stopped: 0.0040812 seconds, Stopping threads took: 0.0000199 seconds
256.597: [GC (Allocation Failure)  546383K->227047K(1033728K), 0.0039311 secs]
256.601: Total time for which application threads were stopped: 0.0040639 seconds, Stopping threads took: 0.0000183 seconds
256.665: [GC (Allocation Failure)  546535K->234922K(1033728K), 0.0038201 secs]
256.668: Total time for which application threads were stopped: 0.0039622 seconds, Stopping threads took: 0.0000267 seconds
256.733: [GC (Allocation Failure)  554410K->234922K(1033728K), 0.0038669 secs]
256.737: Total time for which application threads were stopped: 0.0040039 seconds, Stopping threads took: 0.0000254 seconds
256.800: [GC (Allocation Failure)  554410K->234986K(1033728K), 0.0038671 secs]
256.804: Total time for which application threads were stopped: 0.0040015 seconds, Stopping threads took: 0.0000159 seconds
256.869: [GC (Allocation Failure)  554474K->242924K(1027072K), 0.0040708 secs]
256.873: Total time for which application threads were stopped: 0.0041899 seconds, Stopping threads took: 0.0000158 seconds
256.935: [GC (Allocation Failure)  562411K->239018K(1034240K), 0.0031087 secs]
256.938: Total time for which application threads were stopped: 0.0032411 seconds, Stopping threads took: 0.0000190 seconds
257.001: [GC (Allocation Failure)  558506K->243116K(1033216K), 0.0039781 secs]
257.005: Total time for which application threads were stopped: 0.0041109 seconds, Stopping threads took: 0.0000190 seconds
257.069: [GC (Allocation Failure)  562604K->247084K(1034752K), 0.0040974 secs]
257.073: Total time for which application threads were stopped: 0.0042378 seconds, Stopping threads took: 0.0000183 seconds
257.136: [GC (Allocation Failure)  568620K->240298K(1034752K), 0.0017773 secs]
257.138: Total time for which application threads were stopped: 0.0019204 seconds, Stopping threads took: 0.0000235 seconds
257.204: [GC (Allocation Failure)  561834K->247148K(1034752K), 0.0038614 secs]
257.208: Total time for which application threads were stopped: 0.0039968 seconds, Stopping threads took: 0.0000187 seconds
257.270: [GC (Allocation Failure)  568684K->251252K(1034752K), 0.0049079 secs]
257.275: Total time for which application threads were stopped: 0.0050457 seconds, Stopping threads took: 0.0000251 seconds
257.336: [GC (Allocation Failure)  572788K->245650K(1034752K), 0.0023047 secs]
257.338: Total time for which application threads were stopped: 0.0024542 seconds, Stopping threads took: 0.0000179 seconds
257.406: [GC (Allocation Failure)  567186K->251500K(1034752K), 0.0041391 secs]
257.410: Total time for which application threads were stopped: 0.0043034 seconds, Stopping threads took: 0.0000249 seconds
257.476: [GC (Allocation Failure)  573036K->255372K(1034752K), 0.0044421 secs]
257.480: Total time for which application threads were stopped: 0.0045953 seconds, Stopping threads took: 0.0000197 seconds
257.544: [GC (Allocation Failure)  577860K->251498K(1035264K), 0.0029689 secs]
257.547: Total time for which application threads were stopped: 0.0031155 seconds, Stopping threads took: 0.0000201 seconds
257.617: [GC (Allocation Failure)  574058K->255532K(1036288K), 0.0041758 secs]
257.621: Total time for which application threads were stopped: 0.0043088 seconds, Stopping threads took: 0.0000201 seconds
257.686: [GC (Allocation Failure)  579628K->259532K(1035776K), 0.0039825 secs]
257.690: Total time for which application threads were stopped: 0.0041350 seconds, Stopping threads took: 0.0000239 seconds
257.755: [GC (Allocation Failure)  583628K->259500K(1035776K), 0.0037951 secs]
257.759: Total time for which application threads were stopped: 0.0039342 seconds, Stopping threads took: 0.0000254 seconds
257.824: [GC (Allocation Failure)  583084K->259564K(1023488K), 0.0040831 secs]
257.828: Total time for which application threads were stopped: 0.0042121 seconds, Stopping threads took: 0.0000186 seconds
257.890: [GC (Allocation Failure)  583148K->267566K(1035264K), 0.0041122 secs]
257.894: Total time for which application threads were stopped: 0.0042571 seconds, Stopping threads took: 0.0000185 seconds
257.960: [GC (Allocation Failure)  590126K->267566K(1030144K), 0.0039421 secs]
257.964: Total time for which application threads were stopped: 0.0040860 seconds, Stopping threads took: 0.0000188 seconds
258.029: [GC (Allocation Failure)  590126K->267598K(1034752K), 0.0042121 secs]
258.033: Total time for which application threads were stopped: 0.0043507 seconds, Stopping threads took: 0.0000204 seconds
258.097: [GC (Allocation Failure)  589134K->275568K(1029120K), 0.0042051 secs]
258.101: Total time for which application threads were stopped: 0.0043364 seconds, Stopping threads took: 0.0000183 seconds
258.167: [GC (Allocation Failure)  597104K->275568K(1034240K), 0.0039470 secs]
258.171: Total time for which application threads were stopped: 0.0040883 seconds, Stopping threads took: 0.0000212 seconds
258.234: [GC (Allocation Failure)  596080K->275816K(1034240K), 0.0041107 secs]
258.238: Total time for which application threads were stopped: 0.0042586 seconds, Stopping threads took: 0.0000194 seconds
258.303: [GC (Allocation Failure)  596328K->283595K(1034240K), 0.0039226 secs]
258.307: Total time for which application threads were stopped: 0.0040419 seconds, Stopping threads took: 0.0000155 seconds
258.373: [GC (Allocation Failure)  604107K->283627K(1034240K), 0.0041205 secs]
258.377: Total time for which application threads were stopped: 0.0043076 seconds, Stopping threads took: 0.0000353 seconds
258.442: [GC (Allocation Failure)  604139K->284035K(1033216K), 0.0042507 secs]
258.447: Total time for which application threads were stopped: 0.0043905 seconds, Stopping threads took: 0.0000216 seconds
258.512: [GC (Allocation Failure)  603523K->291621K(1033728K), 0.0040058 secs]
258.516: Total time for which application threads were stopped: 0.0041456 seconds, Stopping threads took: 0.0000207 seconds
258.580: [GC (Allocation Failure)  611109K->291621K(1033728K), 0.0039568 secs]
258.584: Total time for which application threads were stopped: 0.0040947 seconds, Stopping threads took: 0.0000194 seconds
258.645: [GC (Allocation Failure)  611109K->291757K(1033728K), 0.0041519 secs]
258.649: Total time for which application threads were stopped: 0.0043058 seconds, Stopping threads took: 0.0000206 seconds
258.714: [GC (Allocation Failure)  611245K->299663K(1033728K), 0.0039626 secs]
258.718: Total time for which application threads were stopped: 0.0040832 seconds, Stopping threads took: 0.0000160 seconds
258.782: [GC (Allocation Failure)  619151K->299663K(1033728K), 0.0040410 secs]
258.786: Total time for which application threads were stopped: 0.0041798 seconds, Stopping threads took: 0.0000256 seconds
258.848: [GC (Allocation Failure)  619151K->299719K(1033728K), 0.0040811 secs]
258.852: Total time for which application threads were stopped: 0.0042074 seconds, Stopping threads took: 0.0000152 seconds
258.917: [GC (Allocation Failure)  619207K->307689K(1027072K), 0.0047976 secs]
258.922: Total time for which application threads were stopped: 0.0049370 seconds, Stopping threads took: 0.0000189 seconds
258.982: [GC (Allocation Failure)  627177K->303815K(1034240K), 0.0032660 secs]
258.986: Total time for which application threads were stopped: 0.0034038 seconds, Stopping threads took: 0.0000203 seconds
259.053: [GC (Allocation Failure)  623303K->307849K(1033216K), 0.0042873 secs]
259.057: Total time for which application threads were stopped: 0.0044333 seconds, Stopping threads took: 0.0000253 seconds
259.122: [GC (Allocation Failure)  627337K->311817K(1034752K), 0.0041561 secs]
259.126: Total time for which application threads were stopped: 0.0044097 seconds, Stopping threads took: 0.0001239 seconds
259.189: [GC (Allocation Failure)  633353K->305031K(1034752K), 0.0019156 secs]
259.191: Total time for which application threads were stopped: 0.0020401 seconds, Stopping threads took: 0.0000179 seconds
259.254: [GC (Allocation Failure)  626567K->311881K(1034752K), 0.0038606 secs]
259.258: Total time for which application threads were stopped: 0.0039995 seconds, Stopping threads took: 0.0000255 seconds
259.320: [GC (Allocation Failure)  633417K->315961K(1034752K), 0.0050505 secs]
259.325: Total time for which application threads were stopped: 0.0051877 seconds, Stopping threads took: 0.0000244 seconds
259.389: [GC (Allocation Failure)  637497K->310391K(1034752K), 0.0024829 secs]
259.392: Total time for which application threads were stopped: 0.0026333 seconds, Stopping threads took: 0.0000199 seconds
259.459: [GC (Allocation Failure)  631927K->316225K(1034752K), 0.0042991 secs]
259.463: Total time for which application threads were stopped: 0.0044437 seconds, Stopping threads took: 0.0000190 seconds
259.527: [GC (Allocation Failure)  637761K->320057K(1034752K), 0.0045925 secs]
259.532: Total time for which application threads were stopped: 0.0047520 seconds, Stopping threads took: 0.0000202 seconds
259.597: [GC (Allocation Failure)  642546K->316151K(1035264K), 0.0032267 secs]
259.600: Total time for which application threads were stopped: 0.0033983 seconds, Stopping threads took: 0.0000193 seconds
259.668: [GC (Allocation Failure)  638711K->320257K(1036288K), 0.0043039 secs]
259.672: Total time for which application threads were stopped: 0.0044658 seconds, Stopping threads took: 0.0000282 seconds
259.738: [GC (Allocation Failure)  644353K->324257K(1035776K), 0.0040335 secs]
259.742: Total time for which application threads were stopped: 0.0041821 seconds, Stopping threads took: 0.0000190 seconds
259.808: [GC (Allocation Failure)  648353K->324225K(1035776K), 0.0042359 secs]
259.812: Total time for which application threads were stopped: 0.0044067 seconds, Stopping threads took: 0.0000264 seconds
259.876: [GC (Allocation Failure)  647809K->324297K(1023488K), 0.0042256 secs]
259.880: Total time for which application threads were stopped: 0.0043643 seconds, Stopping threads took: 0.0000203 seconds
259.944: [GC (Allocation Failure)  647881K->332332K(1035264K), 0.0042468 secs]
259.948: Total time for which application threads were stopped: 0.0043799 seconds, Stopping threads took: 0.0000190 seconds
260.012: [GC (Allocation Failure)  654892K->332268K(1030144K), 0.0040047 secs]
260.016: Total time for which application threads were stopped: 0.0041450 seconds, Stopping threads took: 0.0000209 seconds
260.079: [GC (Allocation Failure)  654828K->332332K(1034752K), 0.0042355 secs]
260.083: Total time for which application threads were stopped: 0.0044008 seconds, Stopping threads took: 0.0000205 seconds
260.149: [GC (Allocation Failure)  653868K->340302K(1029120K), 0.0043637 secs]
260.154: Total time for which application threads were stopped: 0.0045148 seconds, Stopping threads took: 0.0000261 seconds
260.219: [GC (Allocation Failure)  661838K->340302K(1034240K), 0.0041023 secs]
260.224: Total time for which application threads were stopped: 0.0042375 seconds, Stopping threads took: 0.0000188 seconds
260.287: [GC (Allocation Failure)  660814K->340550K(1034240K), 0.0042591 secs]
260.291: Total time for which application threads were stopped: 0.0043968 seconds, Stopping threads took: 0.0000256 seconds
260.355: [GC (Allocation Failure)  661062K->348328K(1034240K), 0.0088721 secs]
260.364: Total time for which application threads were stopped: 0.0089982 seconds, Stopping threads took: 0.0000183 seconds
260.429: [GC (Allocation Failure)  668840K->348296K(1034240K), 0.0042554 secs]
260.434: Total time for which application threads were stopped: 0.0044155 seconds, Stopping threads took: 0.0000189 seconds
260.498: [GC (Allocation Failure)  668808K->348776K(1034240K), 0.0042129 secs]
260.503: Total time for which application threads were stopped: 0.0043513 seconds, Stopping threads took: 0.0000203 seconds
260.567: [GC (Allocation Failure)  669288K->356395K(1028096K), 0.0041553 secs]
260.571: Total time for which application threads were stopped: 0.0042912 seconds, Stopping threads took: 0.0000213 seconds
260.635: [GC (Allocation Failure)  676907K->356363K(1033728K), 0.0049566 secs]
260.640: Total time for which application threads were stopped: 0.0051027 seconds, Stopping threads took: 0.0000199 seconds
260.701: [GC (Allocation Failure)  675851K->356523K(1033728K), 0.0041860 secs]
260.705: Total time for which application threads were stopped: 0.0044582 seconds, Stopping threads took: 0.0000242 seconds
260.769: [GC (Allocation Failure)  676011K->364365K(1033728K), 0.0041247 secs]
260.773: Total time for which application threads were stopped: 0.0042683 seconds, Stopping threads took: 0.0000177 seconds
260.839: [GC (Allocation Failure)  683853K->364397K(1033728K), 0.0043207 secs]
260.843: Total time for which application threads were stopped: 0.0044495 seconds, Stopping threads took: 0.0000182 seconds
260.905: [GC (Allocation Failure)  683885K->364453K(1033728K), 0.0042439 secs]
260.910: Total time for which application threads were stopped: 0.0043786 seconds, Stopping threads took: 0.0000182 seconds
260.971: [GC (Allocation Failure)  683941K->372455K(1027072K), 0.0043864 secs]
260.976: Total time for which application threads were stopped: 0.0045453 seconds, Stopping threads took: 0.0000247 seconds
261.036: [GC (Allocation Failure)  691943K->368517K(1034240K), 0.0035741 secs]
261.040: Total time for which application threads were stopped: 0.0037090 seconds, Stopping threads took: 0.0000208 seconds
261.103: [GC (Allocation Failure)  688005K->372583K(1033216K), 0.0043631 secs]
261.108: Total time for which application threads were stopped: 0.0044985 seconds, Stopping threads took: 0.0000193 seconds
261.173: [GC (Allocation Failure)  692071K->376551K(1034752K), 0.0041687 secs]
261.177: Total time for which application threads were stopped: 0.0043033 seconds, Stopping threads took: 0.0000187 seconds
261.241: [GC (Allocation Failure)  698087K->369765K(1034752K), 0.0017610 secs]
261.243: Total time for which application threads were stopped: 0.0019084 seconds, Stopping threads took: 0.0000247 seconds
261.309: [GC (Allocation Failure)  691301K->376623K(1034752K), 0.0041001 secs]
261.313: Total time for which application threads were stopped: 0.0042494 seconds, Stopping threads took: 0.0000195 seconds
261.380: [GC (Allocation Failure)  698159K->380703K(1034752K), 0.0053517 secs]
261.385: Total time for which application threads were stopped: 0.0055130 seconds, Stopping threads took: 0.0000192 seconds
261.451: [GC (Allocation Failure)  702239K->375165K(1034752K), 0.0024029 secs]
261.453: Total time for which application threads were stopped: 0.0025683 seconds, Stopping threads took: 0.0000197 seconds
261.521: [GC (Allocation Failure)  696701K->381007K(1034752K), 0.0043696 secs]
261.526: Total time for which application threads were stopped: 0.0045503 seconds, Stopping threads took: 0.0000199 seconds
261.593: [GC (Allocation Failure)  702543K->384847K(1034752K), 0.0047140 secs]
261.598: Total time for which application threads were stopped: 0.0049041 seconds, Stopping threads took: 0.0000197 seconds
261.666: [GC (Allocation Failure)  707335K->380941K(1035264K), 0.0039674 secs]
261.670: Total time for which application threads were stopped: 0.0041256 seconds, Stopping threads took: 0.0000203 seconds
261.741: [GC (Allocation Failure)  703501K->385007K(1036288K), 0.0043419 secs]
261.745: Total time for which application threads were stopped: 0.0045027 seconds, Stopping threads took: 0.0000256 seconds
261.813: [GC (Allocation Failure)  709103K->388975K(1035776K), 0.0043766 secs]
261.818: Total time for which application threads were stopped: 0.0045727 seconds, Stopping threads took: 0.0000286 seconds
261.886: [GC (Allocation Failure)  713071K->388975K(1035776K), 0.0043084 secs]
261.890: Total time for which application threads were stopped: 0.0044694 seconds, Stopping threads took: 0.0000208 seconds
261.957: [GC (Allocation Failure)  712559K->389039K(1023488K), 0.0049598 secs]
261.962: Total time for which application threads were stopped: 0.0051102 seconds, Stopping threads took: 0.0000205 seconds
262.029: [GC (Allocation Failure)  712623K->397009K(1035264K), 0.0044756 secs]
262.033: Total time for which application threads were stopped: 0.0046225 seconds, Stopping threads took: 0.0000199 seconds
262.098: [GC (Allocation Failure)  719569K->397041K(1030144K), 0.0041834 secs]
262.103: Total time for which application threads were stopped: 0.0043389 seconds, Stopping threads took: 0.0000199 seconds
262.167: [GC (Allocation Failure)  719601K->397065K(1034752K), 0.0043466 secs]
262.172: Total time for which application threads were stopped: 0.0044904 seconds, Stopping threads took: 0.0000201 seconds
262.237: [GC (Allocation Failure)  718601K->405004K(1034752K), 0.0064170 secs]
262.243: Total time for which application threads were stopped: 0.0065643 seconds, Stopping threads took: 0.0000200 seconds
262.309: [GC (Allocation Failure)  726540K->405068K(1033728K), 0.0043721 secs]
262.314: Total time for which application threads were stopped: 0.0045333 seconds, Stopping threads took: 0.0000210 seconds
262.381: [GC (Allocation Failure)  725580K->405292K(1034240K), 0.0043901 secs]
262.385: Total time for which application threads were stopped: 0.0045418 seconds, Stopping threads took: 0.0000173 seconds
262.453: [GC (Allocation Failure)  725804K->413070K(1034240K), 0.0044266 secs]
262.457: Total time for which application threads were stopped: 0.0046307 seconds, Stopping threads took: 0.0000194 seconds
262.527: [GC (Allocation Failure)  733582K->413102K(1034240K), 0.0045015 secs]
262.531: Total time for which application threads were stopped: 0.0046976 seconds, Stopping threads took: 0.0000205 seconds
262.600: [GC (Allocation Failure)  733614K->413518K(1033216K), 0.0044129 secs]
262.604: Total time for which application threads were stopped: 0.0046253 seconds, Stopping threads took: 0.0000199 seconds
262.674: [GC (Allocation Failure)  733006K->421136K(1033728K), 0.0045662 secs]
262.678: Total time for which application threads were stopped: 0.0047324 seconds, Stopping threads took: 0.0000192 seconds
262.746: [GC (Allocation Failure)  740624K->421104K(1033728K), 0.0043536 secs]
262.751: Total time for which application threads were stopped: 0.0045459 seconds, Stopping threads took: 0.0000260 seconds
262.814: [GC (Allocation Failure)  740592K->421256K(1033728K), 0.0042989 secs]
262.819: Total time for which application threads were stopped: 0.0044492 seconds, Stopping threads took: 0.0000198 seconds
262.883: [GC (Allocation Failure)  740744K->429194K(1033728K), 0.0044422 secs]
262.887: Total time for which application threads were stopped: 0.0045899 seconds, Stopping threads took: 0.0000195 seconds
262.951: [GC (Allocation Failure)  748682K->429098K(1033728K), 0.0044069 secs]
262.955: Total time for which application threads were stopped: 0.0045604 seconds, Stopping threads took: 0.0000187 seconds
263.021: [GC (Allocation Failure)  748586K->429162K(1033728K), 0.0044363 secs]
263.026: Total time for which application threads were stopped: 0.0045635 seconds, Stopping threads took: 0.0000159 seconds
263.089: [GC (Allocation Failure)  748650K->437165K(1027072K), 0.0044358 secs]
263.094: Total time for which application threads were stopped: 0.0045759 seconds, Stopping threads took: 0.0000195 seconds
263.157: [GC (Allocation Failure)  756652K->433258K(1034240K), 0.0035509 secs]
263.161: Total time for which application threads were stopped: 0.0036733 seconds, Stopping threads took: 0.0000167 seconds
263.225: [GC (Allocation Failure)  752746K->437317K(1033216K), 0.0045329 secs]
263.230: Total time for which application threads were stopped: 0.0046799 seconds, Stopping threads took: 0.0000279 seconds
263.294: [GC (Allocation Failure)  756805K->441285K(1034752K), 0.0043032 secs]
263.299: Total time for which application threads were stopped: 0.0044578 seconds, Stopping threads took: 0.0000265 seconds
263.364: [GC (Allocation Failure)  762821K->434498K(1034752K), 0.0020353 secs]
263.366: Total time for which application threads were stopped: 0.0021774 seconds, Stopping threads took: 0.0000245 seconds
263.433: [GC (Allocation Failure)  756034K->441349K(1034752K), 0.0044382 secs]
263.437: Total time for which application threads were stopped: 0.0046065 seconds, Stopping threads took: 0.0000199 seconds
263.503: [GC (Allocation Failure)  762885K->445429K(1034752K), 0.0054731 secs]
263.509: Total time for which application threads were stopped: 0.0056412 seconds, Stopping threads took: 0.0000210 seconds
263.574: [GC (Allocation Failure)  766965K->439858K(1034752K), 0.0025398 secs]
263.577: Total time for which application threads were stopped: 0.0027115 seconds, Stopping threads took: 0.0000201 seconds
263.646: [GC (Allocation Failure)  761394K->445725K(1034752K), 0.0045860 secs]
263.650: Total time for which application threads were stopped: 0.0047502 seconds, Stopping threads took: 0.0000203 seconds
263.720: [GC (Allocation Failure)  767261K->449557K(1035264K), 0.0061935 secs]
263.726: Total time for which application threads were stopped: 0.0063887 seconds, Stopping threads took: 0.0000204 seconds
263.795: [GC (Allocation Failure)  772045K->445650K(1035264K), 0.0034155 secs]
263.798: Total time for which application threads were stopped: 0.0035810 seconds, Stopping threads took: 0.0000193 seconds
263.866: [GC (Allocation Failure)  768210K->449709K(1036288K), 0.0047422 secs]
263.871: Total time for which application threads were stopped: 0.0049228 seconds, Stopping threads took: 0.0000189 seconds
263.938: [GC (Allocation Failure)  773805K->453677K(1035776K), 0.0044073 secs]
263.943: Total time for which application threads were stopped: 0.0045766 seconds, Stopping threads took: 0.0000194 seconds
264.011: [GC (Allocation Failure)  777773K->453709K(1035776K), 0.0043773 secs]
264.015: Total time for which application threads were stopped: 0.0045494 seconds, Stopping threads took: 0.0000204 seconds
264.083: [GC (Allocation Failure)  777293K->453741K(1023488K), 0.0046044 secs]
264.088: Total time for which application threads were stopped: 0.0047792 seconds, Stopping threads took: 0.0000209 seconds
264.154: [GC (Allocation Failure)  777325K->461711K(1035264K), 0.0046466 secs]
264.158: Total time for which application threads were stopped: 0.0048213 seconds, Stopping threads took: 0.0000200 seconds
264.227: [GC (Allocation Failure)  784271K->461679K(1030144K), 0.0056427 secs]
264.233: Total time for which application threads were stopped: 0.0058276 seconds, Stopping threads took: 0.0000202 seconds
264.301: [GC (Allocation Failure)  784239K->461767K(1034752K), 0.0045341 secs]
264.306: Total time for which application threads were stopped: 0.0047277 seconds, Stopping threads took: 0.0000204 seconds
264.376: [GC (Allocation Failure)  783303K->469769K(1029120K), 0.0047795 secs]
264.381: Total time for which application threads were stopped: 0.0049584 seconds, Stopping threads took: 0.0000164 seconds
264.451: [GC (Allocation Failure)  791305K->469737K(1034240K), 0.0044145 secs]
264.455: Total time for which application threads were stopped: 0.0047343 seconds, Stopping threads took: 0.0000276 seconds
264.522: [GC (Allocation Failure)  790249K->469993K(1034240K), 0.0046509 secs]
264.527: Total time for which application threads were stopped: 0.0048188 seconds, Stopping threads took: 0.0000200 seconds
264.594: [GC (Allocation Failure)  790505K->477803K(1034240K), 0.0043498 secs]
264.599: Total time for which application threads were stopped: 0.0045120 seconds, Stopping threads took: 0.0000191 seconds
264.666: [GC (Allocation Failure)  798315K->477739K(1034240K), 0.0044899 secs]
264.671: Total time for which application threads were stopped: 0.0046745 seconds, Stopping threads took: 0.0000190 seconds
264.738: [GC (Allocation Failure)  798251K->478219K(1033216K), 0.0048627 secs]
264.743: Total time for which application threads were stopped: 0.0050334 seconds, Stopping threads took: 0.0000202 seconds
264.810: [GC (Allocation Failure)  797707K->485838K(1033728K), 0.0046501 secs]
264.815: Total time for which application threads were stopped: 0.0048070 seconds, Stopping threads took: 0.0000187 seconds
264.882: [GC (Allocation Failure)  805326K->485806K(1033728K), 0.0045856 secs]
264.887: Total time for which application threads were stopped: 0.0047788 seconds, Stopping threads took: 0.0000199 seconds
264.953: [GC (Allocation Failure)  805294K->485926K(1033728K), 0.0064455 secs]
264.960: Total time for which application threads were stopped: 0.0066401 seconds, Stopping threads took: 0.0000192 seconds
265.029: [GC (Allocation Failure)  805414K->493896K(1033728K), 0.0045351 secs]
265.033: Total time for which application threads were stopped: 0.0046882 seconds, Stopping threads took: 0.0000169 seconds
265.100: [GC (Allocation Failure)  813384K->493800K(1033728K), 0.0045373 secs]
265.105: Total time for which application threads were stopped: 0.0047309 seconds, Stopping threads took: 0.0000200 seconds
265.174: [GC (Allocation Failure)  813288K->493896K(1033728K), 0.0046428 secs]
265.178: Total time for which application threads were stopped: 0.0048144 seconds, Stopping threads took: 0.0000280 seconds
265.247: [GC (Allocation Failure)  813384K->501866K(1027072K), 0.0045980 secs]
265.252: Total time for which application threads were stopped: 0.0047674 seconds, Stopping threads took: 0.0000263 seconds
265.317: [GC (Allocation Failure)  821354K->497960K(1034240K), 0.0037912 secs]
265.320: Total time for which application threads were stopped: 0.0039638 seconds, Stopping threads took: 0.0000195 seconds
265.389: [GC (Allocation Failure)  817448K->502026K(1033216K), 0.0046929 secs]
265.393: Total time for which application threads were stopped: 0.0048728 seconds, Stopping threads took: 0.0000282 seconds
265.461: [GC (Allocation Failure)  821514K->505994K(1034752K), 0.0044871 secs]
265.465: Total time for which application threads were stopped: 0.0046817 seconds, Stopping threads took: 0.0000209 seconds
265.532: [GC (Allocation Failure)  827530K->499176K(1034752K), 0.0021121 secs]
265.534: Total time for which application threads were stopped: 0.0022600 seconds, Stopping threads took: 0.0000213 seconds
265.601: [GC (Allocation Failure)  820712K->506066K(1034752K), 0.0045002 secs]
265.606: Total time for which application threads were stopped: 0.0046714 seconds, Stopping threads took: 0.0000201 seconds
265.671: [GC (Allocation Failure)  827602K->510178K(1034752K), 0.0056560 secs]
265.677: Total time for which application threads were stopped: 0.0058031 seconds, Stopping threads took: 0.0000169 seconds
265.743: [GC (Allocation Failure)  831714K->504576K(1034752K), 0.0041879 secs]
265.747: Total time for which application threads were stopped: 0.0043420 seconds, Stopping threads took: 0.0000174 seconds
265.815: [GC (Allocation Failure)  826112K->510410K(1034752K), 0.0045947 secs]
265.820: Total time for which application threads were stopped: 0.0047597 seconds, Stopping threads took: 0.0000200 seconds
265.886: [GC (Allocation Failure)  831946K->514282K(1035264K), 0.0050651 secs]
265.891: Total time for which application threads were stopped: 0.0052289 seconds, Stopping threads took: 0.0000198 seconds
265.958: [GC (Allocation Failure)  836771K->510376K(1035264K), 0.0033521 secs]
265.962: Total time for which application threads were stopped: 0.0035217 seconds, Stopping threads took: 0.0000200 seconds
266.029: [GC (Allocation Failure)  832936K->514442K(1036288K), 0.0047355 secs]
266.034: Total time for which application threads were stopped: 0.0049089 seconds, Stopping threads took: 0.0000199 seconds
266.102: [GC (Allocation Failure)  838538K->518378K(1035776K), 0.0046140 secs]
266.106: Total time for which application threads were stopped: 0.0047780 seconds, Stopping threads took: 0.0000205 seconds
266.175: [GC (Allocation Failure)  842474K->518410K(1035776K), 0.0053190 secs]
266.180: Total time for which application threads were stopped: 0.0054929 seconds, Stopping threads took: 0.0000207 seconds
266.248: [GC (Allocation Failure)  841994K->518474K(1023488K), 0.0044320 secs]
266.252: Total time for which application threads were stopped: 0.0046019 seconds, Stopping threads took: 0.0000256 seconds
266.318: [GC (Allocation Failure)  842058K->526477K(1035264K), 0.0066540 secs]
266.325: Total time for which application threads were stopped: 0.0068296 seconds, Stopping threads took: 0.0000254 seconds
266.394: [GC (Allocation Failure)  849037K->526477K(1030144K), 0.0045257 secs]
266.399: Total time for which application threads were stopped: 0.0046830 seconds, Stopping threads took: 0.0000172 seconds
266.466: [GC (Allocation Failure)  849037K->526509K(1034752K), 0.0046655 secs]
266.471: Total time for which application threads were stopped: 0.0048287 seconds, Stopping threads took: 0.0000203 seconds
266.538: [GC (Allocation Failure)  848045K->534479K(1029120K), 0.0049452 secs]
266.543: Total time for which application threads were stopped: 0.0051164 seconds, Stopping threads took: 0.0000194 seconds
266.611: [GC (Allocation Failure)  856015K->534479K(1034240K), 0.0045083 secs]
266.616: Total time for which application threads were stopped: 0.0047002 seconds, Stopping threads took: 0.0000191 seconds
266.684: [GC (Allocation Failure)  854991K->534727K(1034240K), 0.0044645 secs]
266.688: Total time for which application threads were stopped: 0.0046471 seconds, Stopping threads took: 0.0000174 seconds
266.756: [GC (Allocation Failure)  855239K->542505K(1034240K), 0.0051801 secs]
266.761: Total time for which application threads were stopped: 0.0053463 seconds, Stopping threads took: 0.0000258 seconds
266.829: [GC (Allocation Failure)  863017K->542505K(1034240K), 0.0047322 secs]
266.834: Total time for which application threads were stopped: 0.0049125 seconds, Stopping threads took: 0.0000204 seconds
266.903: [GC (Allocation Failure)  863017K->542921K(1033216K), 0.0048209 secs]
266.908: Total time for which application threads were stopped: 0.0049828 seconds, Stopping threads took: 0.0000199 seconds
266.975: [GC (Allocation Failure)  862409K->550571K(1033728K), 0.0046577 secs]
266.980: Total time for which application threads were stopped: 0.0048369 seconds, Stopping threads took: 0.0000198 seconds
267.048: [GC (Allocation Failure)  870059K->550539K(1033728K), 0.0047260 secs]
267.053: Total time for which application threads were stopped: 0.0049082 seconds, Stopping threads took: 0.0000195 seconds
267.118: [GC (Allocation Failure)  870027K->550667K(1033728K), 0.0063994 secs]
267.124: Total time for which application threads were stopped: 0.0065723 seconds, Stopping threads took: 0.0000199 seconds
267.192: [GC (Allocation Failure)  870155K->558606K(1033728K), 0.0046881 secs]
267.197: Total time for which application threads were stopped: 0.0048859 seconds, Stopping threads took: 0.0000200 seconds
267.267: [GC (Allocation Failure)  878094K->558574K(1033728K), 0.0047108 secs]
267.272: Total time for which application threads were stopped: 0.0049391 seconds, Stopping threads took: 0.0000263 seconds
267.338: [GC (Allocation Failure)  878062K->558598K(1033728K), 0.0080262 secs]
267.347: Total time for which application threads were stopped: 0.0081995 seconds, Stopping threads took: 0.0000251 seconds
267.414: [GC (Allocation Failure)  878086K->566600K(1027072K), 0.0048822 secs]
267.419: Total time for which application threads were stopped: 0.0050531 seconds, Stopping threads took: 0.0000195 seconds
267.483: [GC (Allocation Failure)  886087K->562694K(1034240K), 0.0036907 secs]
267.487: Total time for which application threads were stopped: 0.0038500 seconds, Stopping threads took: 0.0000197 seconds
267.554: [GC (Allocation Failure)  882182K->566696K(1033216K), 0.0055975 secs]
267.560: Total time for which application threads were stopped: 0.0057621 seconds, Stopping threads took: 0.0000194 seconds
267.627: [GC (Allocation Failure)  886184K->570760K(1034752K), 0.0048814 secs]
267.632: Total time for which application threads were stopped: 0.0050534 seconds, Stopping threads took: 0.0000195 seconds
267.699: [GC (Allocation Failure)  892296K->563942K(1034752K), 0.0021669 secs]
267.701: Total time for which application threads were stopped: 0.0023139 seconds, Stopping threads took: 0.0000206 seconds
267.771: [GC (Allocation Failure)  885478K->570800K(1034752K), 0.0047133 secs]
267.775: Total time for which application threads were stopped: 0.0048894 seconds, Stopping threads took: 0.0000189 seconds
267.843: [GC (Allocation Failure)  892336K->574848K(1034752K), 0.0056657 secs]
267.849: Total time for which application threads were stopped: 0.0058453 seconds, Stopping threads took: 0.0000280 seconds
267.915: [GC (Allocation Failure)  896384K->569310K(1034752K), 0.0027915 secs]
267.918: Total time for which application threads were stopped: 0.0031544 seconds, Stopping threads took: 0.0000206 seconds
267.987: [GC (Allocation Failure)  890846K->575152K(1034752K), 0.0046803 secs]
267.992: Total time for which application threads were stopped: 0.0048500 seconds, Stopping threads took: 0.0000187 seconds
268.060: [GC (Allocation Failure)  896688K->579024K(1035264K), 0.0049619 secs]
268.065: Total time for which application threads were stopped: 0.0051187 seconds, Stopping threads took: 0.0000194 seconds
268.132: [GC (Allocation Failure)  901512K->575118K(1035264K), 0.0037827 secs]
268.136: Total time for which application threads were stopped: 0.0039522 seconds, Stopping threads took: 0.0000192 seconds
268.204: [GC (Allocation Failure)  897678K->579152K(1036288K), 0.0047430 secs]
268.209: Total time for which application threads were stopped: 0.0049204 seconds, Stopping threads took: 0.0000188 seconds
268.276: [GC (Allocation Failure)  903248K->583184K(1035776K), 0.0046446 secs]
268.281: Total time for which application threads were stopped: 0.0048147 seconds, Stopping threads took: 0.0000199 seconds
268.350: [GC (Allocation Failure)  907280K->583152K(1035776K), 0.0056321 secs]
268.356: Total time for which application threads were stopped: 0.0057791 seconds, Stopping threads took: 0.0000259 seconds
268.424: [GC (Allocation Failure)  906736K->583208K(1023488K), 0.0046509 secs]
268.428: Total time for which application threads were stopped: 0.0048268 seconds, Stopping threads took: 0.0000188 seconds
268.496: [GC (Allocation Failure)  906792K->591178K(1035264K), 0.0048131 secs]
268.501: Total time for which application threads were stopped: 0.0049712 seconds, Stopping threads took: 0.0000170 seconds
268.569: [GC (Allocation Failure)  913738K->591178K(1030144K), 0.0047217 secs]
268.573: Total time for which application threads were stopped: 0.0049003 seconds, Stopping threads took: 0.0000220 seconds
268.640: [GC (Allocation Failure)  913738K->591242K(1034752K), 0.0046942 secs]
268.645: Total time for which application threads were stopped: 0.0048735 seconds, Stopping threads took: 0.0000202 seconds
268.712: [GC (Allocation Failure)  912778K->599244K(1029120K), 0.0050118 secs]
268.717: Total time for which application threads were stopped: 0.0051884 seconds, Stopping threads took: 0.0000209 seconds
268.788: [GC (Allocation Failure)  920780K->599212K(1034240K), 0.0046938 secs]
268.792: Total time for which application threads were stopped: 0.0048554 seconds, Stopping threads took: 0.0000194 seconds
268.860: [GC (Allocation Failure)  919724K->599460K(1034240K), 0.0050144 secs]
268.865: Total time for which application threads were stopped: 0.0051960 seconds, Stopping threads took: 0.0000259 seconds
268.933: [GC (Allocation Failure)  919972K->607271K(1034240K), 0.0046718 secs]
268.938: Total time for which application threads were stopped: 0.0048749 seconds, Stopping threads took: 0.0000220 seconds
269.007: [GC (Allocation Failure)  927783K->607239K(1034240K), 0.0047723 secs]
269.012: Total time for which application threads were stopped: 0.0049634 seconds, Stopping threads took: 0.0000253 seconds
269.080: [GC (Allocation Failure)  927751K->607655K(1033216K), 0.0049776 secs]
269.085: Total time for which application threads were stopped: 0.0051397 seconds, Stopping threads took: 0.0000193 seconds
269.153: [GC (Allocation Failure)  927143K->615305K(1033728K), 0.0047936 secs]
269.158: Total time for which application threads were stopped: 0.0049601 seconds, Stopping threads took: 0.0000187 seconds
269.225: [GC (Allocation Failure)  934793K->615273K(1033728K), 0.0048159 secs]
269.230: Total time for which application threads were stopped: 0.0049764 seconds, Stopping threads took: 0.0000195 seconds
269.296: [GC (Allocation Failure)  934761K->615401K(1033728K), 0.0048175 secs]
269.300: Total time for which application threads were stopped: 0.0049900 seconds, Stopping threads took: 0.0000269 seconds
269.371: [GC (Allocation Failure)  934889K->623371K(1033728K), 0.0048054 secs]
269.375: Total time for which application threads were stopped: 0.0049975 seconds, Stopping threads took: 0.0000196 seconds
269.444: [GC (Allocation Failure)  942859K->623275K(1033728K), 0.0050507 secs]
269.450: Total time for which application threads were stopped: 0.0052116 seconds, Stopping threads took: 0.0000196 seconds
269.517: [GC (Allocation Failure)  942763K->623371K(1033728K), 0.0048628 secs]
269.522: Total time for which application threads were stopped: 0.0050532 seconds, Stopping threads took: 0.0000191 seconds
269.590: [GC (Allocation Failure)  942859K->631341K(1027072K), 0.0049285 secs]
269.595: Total time for which application threads were stopped: 0.0050845 seconds, Stopping threads took: 0.0000187 seconds
269.660: [GC (Allocation Failure)  950829K->627467K(1034240K), 0.0040233 secs]
269.664: Total time for which application threads were stopped: 0.0041899 seconds, Stopping threads took: 0.0000192 seconds
269.733: [GC (Allocation Failure)  946955K->631501K(1033216K), 0.0047657 secs]
269.738: Total time for which application threads were stopped: 0.0049502 seconds, Stopping threads took: 0.0000197 seconds
269.808: [GC (Allocation Failure)  950989K->635469K(1034752K), 0.0047073 secs]
269.813: Total time for which application threads were stopped: 0.0048842 seconds, Stopping threads took: 0.0000220 seconds
269.880: [GC (Allocation Failure)  957005K->628651K(1034752K), 0.0023499 secs]
269.883: Total time for which application threads were stopped: 0.0025165 seconds, Stopping threads took: 0.0000197 seconds
269.951: [GC (Allocation Failure)  950187K->635533K(1034752K), 0.0047206 secs]
269.956: Total time for which application threads were stopped: 0.0048887 seconds, Stopping threads took: 0.0000189 seconds
270.021: [GC (Allocation Failure)  957069K->639581K(1034752K), 0.0056764 secs]
270.027: Total time for which application threads were stopped: 0.0058364 seconds, Stopping threads took: 0.0000188 seconds
270.093: [GC (Allocation Failure)  961117K->634075K(1034752K), 0.0028742 secs]
270.095: Total time for which application threads were stopped: 0.0030299 seconds, Stopping threads took: 0.0000198 seconds
270.162: [GC (Allocation Failure)  955611K->639877K(1034752K), 0.0050464 secs]
270.168: Total time for which application threads were stopped: 0.0052295 seconds, Stopping threads took: 0.0000198 seconds
270.237: [GC (Allocation Failure)  961413K->643749K(1034752K), 0.0052708 secs]
270.242: Total time for which application threads were stopped: 0.0054361 seconds, Stopping threads took: 0.0000200 seconds
270.309: [GC (Allocation Failure)  966238K->639843K(1035264K), 0.0037309 secs]
270.313: Total time for which application threads were stopped: 0.0039285 seconds, Stopping threads took: 0.0000263 seconds
270.385: [GC (Allocation Failure)  962403K->643917K(1036288K), 0.0050458 secs]
270.390: Total time for which application threads were stopped: 0.0052177 seconds, Stopping threads took: 0.0000194 seconds
270.458: [GC (Allocation Failure)  968013K->647885K(1035776K), 0.0049036 secs]
270.463: Total time for which application threads were stopped: 0.0050677 seconds, Stopping threads took: 0.0000199 seconds
270.532: [GC (Allocation Failure)  971981K->647917K(1035776K), 0.0048849 secs]
270.537: Total time for which application threads were stopped: 0.0050484 seconds, Stopping threads took: 0.0000204 seconds
270.606: [GC (Allocation Failure)  971501K->647949K(1023488K), 0.0048192 secs]
270.611: Total time for which application threads were stopped: 0.0049891 seconds, Stopping threads took: 0.0000264 seconds
270.677: [GC (Allocation Failure)  971533K->655952K(1035264K), 0.0049653 secs]
270.682: Total time for which application threads were stopped: 0.0051276 seconds, Stopping threads took: 0.0000201 seconds
270.751: [GC (Allocation Failure)  978512K->655920K(1030144K), 0.0047607 secs]
270.756: Total time for which application threads were stopped: 0.0049405 seconds, Stopping threads took: 0.0000264 seconds
270.824: [GC (Allocation Failure)  978480K->655952K(1034752K), 0.0069197 secs]
270.831: Total time for which application threads were stopped: 0.0071197 seconds, Stopping threads took: 0.0000289 seconds
270.899: [GC (Allocation Failure)  977488K->663954K(1029120K), 0.0049243 secs]
270.904: Total time for which application threads were stopped: 0.0050913 seconds, Stopping threads took: 0.0000191 seconds
270.973: [GC (Allocation Failure)  985490K->663954K(1034240K), 0.0054745 secs]
270.979: Total time for which application threads were stopped: 0.0056706 seconds, Stopping threads took: 0.0000203 seconds
271.046: [GC (Allocation Failure)  984466K->664218K(1034240K), 0.0052612 secs]
271.051: Total time for which application threads were stopped: 0.0054498 seconds, Stopping threads took: 0.0000229 seconds
271.121: [GC (Allocation Failure)  984730K->671996K(1034240K), 0.0067153 secs]
271.128: Total time for which application threads were stopped: 0.0069153 seconds, Stopping threads took: 0.0000218 seconds
271.197: [GC (Allocation Failure)  992508K->671996K(1034240K), 0.0050693 secs]
271.202: Total time for which application threads were stopped: 0.0052532 seconds, Stopping threads took: 0.0000219 seconds
271.270: [GC (Allocation Failure)  992508K->672436K(1033216K), 0.0047285 secs]
271.274: Total time for which application threads were stopped: 0.0048916 seconds, Stopping threads took: 0.0000266 seconds
271.344: [GC (Allocation Failure)  991924K->680023K(1033728K), 0.0058237 secs]
271.350: Total time for which application threads were stopped: 0.0060130 seconds, Stopping threads took: 0.0000238 seconds
271.418: [GC (Allocation Failure)  999511K->680023K(1033728K), 0.0049965 secs]
271.423: Total time for which application threads were stopped: 0.0051654 seconds, Stopping threads took: 0.0000193 seconds
271.487: [GC (Allocation Failure)  999511K->680183K(1033728K), 0.0050650 secs]
271.492: Total time for which application threads were stopped: 0.0052539 seconds, Stopping threads took: 0.0000188 seconds
271.561: [GC (Allocation Failure)  999671K->688057K(1033728K), 0.0048443 secs]
271.566: Total time for which application threads were stopped: 0.0050031 seconds, Stopping threads took: 0.0000168 seconds
271.633: [GC (Allocation Failure)  1007545K->688057K(1033728K), 0.0049766 secs]
271.638: Total time for which application threads were stopped: 0.0051585 seconds, Stopping threads took: 0.0000254 seconds
271.705: [GC (Allocation Failure)  1007545K->688129K(1033728K), 0.0048100 secs]
271.710: [Full GC (Ergonomics)  688129K->8540K(1033728K), 0.0119832 secs]
271.722: Total time for which application threads were stopped: 0.0170432 seconds, Stopping threads took: 0.0000197 seconds
271.788: [GC (Allocation Failure)  328028K->16735K(1027584K), 0.0038635 secs]
271.792: Total time for which application threads were stopped: 0.0040409 seconds, Stopping threads took: 0.0000277 seconds
271.858: [GC (Allocation Failure)  336222K->12804K(1034240K), 0.0028093 secs]
271.861: Total time for which application threads were stopped: 0.0029879 seconds, Stopping threads took: 0.0000200 seconds
271.928: [GC (Allocation Failure)  332292K->16879K(1033216K), 0.0038035 secs]
271.932: Total time for which application threads were stopped: 0.0039874 seconds, Stopping threads took: 0.0000223 seconds
271.997: [GC (Allocation Failure)  336367K->20847K(1034752K), 0.0034941 secs]
272.001: Total time for which application threads were stopped: 0.0036425 seconds, Stopping threads took: 0.0000208 seconds
272.064: [GC (Allocation Failure)  342383K->14060K(1034752K), 0.0011695 secs]
272.066: Total time for which application threads were stopped: 0.0013137 seconds, Stopping threads took: 0.0000190 seconds
272.133: [GC (Allocation Failure)  335596K->20919K(1034752K), 0.0037642 secs]
272.137: Total time for which application threads were stopped: 0.0038921 seconds, Stopping threads took: 0.0000191 seconds
272.204: [GC (Allocation Failure)  342455K->24999K(1034752K), 0.0044893 secs]
272.208: Total time for which application threads were stopped: 0.0046574 seconds, Stopping threads took: 0.0000200 seconds
272.274: [GC (Allocation Failure)  346535K->19460K(1034752K), 0.0015714 secs]
272.276: Total time for which application threads were stopped: 0.0017116 seconds, Stopping threads took: 0.0000257 seconds
272.344: [GC (Allocation Failure)  340996K->25263K(1034752K), 0.0043865 secs]
272.348: Total time for which application threads were stopped: 0.0045486 seconds, Stopping threads took: 0.0000254 seconds
272.416: [GC (Allocation Failure)  346799K->29167K(1035264K), 0.0040816 secs]
272.420: Total time for which application threads were stopped: 0.0042567 seconds, Stopping threads took: 0.0000204 seconds
272.488: [GC (Allocation Failure)  351655K->25260K(1035264K), 0.0023027 secs]
272.490: Total time for which application threads were stopped: 0.0024891 seconds, Stopping threads took: 0.0000212 seconds
272.560: [GC (Allocation Failure)  347820K->29295K(1036288K), 0.0036781 secs]
272.564: Total time for which application threads were stopped: 0.0038475 seconds, Stopping threads took: 0.0000189 seconds
272.631: [GC (Allocation Failure)  353391K->33263K(1035776K), 0.0038339 secs]
272.635: Total time for which application threads were stopped: 0.0040113 seconds, Stopping threads took: 0.0000208 seconds
272.703: [GC (Allocation Failure)  357359K->33263K(1035776K), 0.0035621 secs]
272.707: Total time for which application threads were stopped: 0.0037378 seconds, Stopping threads took: 0.0000201 seconds
272.777: [GC (Allocation Failure)  356847K->33319K(1023488K), 0.0036697 secs]
272.780: Total time for which application threads were stopped: 0.0038554 seconds, Stopping threads took: 0.0000284 seconds
272.847: [GC (Allocation Failure)  356903K->41321K(1035264K), 0.0039682 secs]
272.851: Total time for which application threads were stopped: 0.0041373 seconds, Stopping threads took: 0.0000203 seconds
272.917: [GC (Allocation Failure)  363881K->41289K(1030144K), 0.0037700 secs]
272.921: Total time for which application threads were stopped: 0.0039575 seconds, Stopping threads took: 0.0000199 seconds
272.987: [GC (Allocation Failure)  363849K->41353K(1034752K), 0.0036454 secs]
272.991: Total time for which application threads were stopped: 0.0037781 seconds, Stopping threads took: 0.0000171 seconds
273.058: [GC (Allocation Failure)  362889K->49355K(1029120K), 0.0038046 secs]
273.061: Total time for which application threads were stopped: 0.0039599 seconds, Stopping threads took: 0.0000207 seconds
273.128: [GC (Allocation Failure)  370891K->49291K(1034240K), 0.0047833 secs]
273.133: Total time for which application threads were stopped: 0.0049335 seconds, Stopping threads took: 0.0000200 seconds
273.197: [GC (Allocation Failure)  369803K->49571K(1034240K), 0.0038843 secs]
273.201: Total time for which application threads were stopped: 0.0040185 seconds, Stopping threads took: 0.0000195 seconds
273.264: [GC (Allocation Failure)  370083K->57349K(1034240K), 0.0034202 secs]
273.268: Total time for which application threads were stopped: 0.0035600 seconds, Stopping threads took: 0.0000258 seconds
273.331: [GC (Allocation Failure)  377861K->57381K(1034240K), 0.0035124 secs]
273.335: Total time for which application threads were stopped: 0.0036446 seconds, Stopping threads took: 0.0000191 seconds
273.402: [GC (Allocation Failure)  377893K->57773K(1033216K), 0.0039252 secs]
273.406: Total time for which application threads were stopped: 0.0041002 seconds, Stopping threads took: 0.0000198 seconds
273.473: [GC (Allocation Failure)  377261K->65456K(1033728K), 0.0038197 secs]
273.477: Total time for which application threads were stopped: 0.0039947 seconds, Stopping threads took: 0.0000193 seconds
273.546: [GC (Allocation Failure)  384944K->65392K(1033728K), 0.0036831 secs]
273.550: Total time for which application threads were stopped: 0.0038328 seconds, Stopping threads took: 0.0000171 seconds
273.611: [GC (Allocation Failure)  384880K->65512K(1033728K), 0.0035774 secs]
273.615: Total time for which application threads were stopped: 0.0037181 seconds, Stopping threads took: 0.0000272 seconds
273.679: [GC (Allocation Failure)  385000K->73418K(1033728K), 0.0036052 secs]
273.683: Total time for which application threads were stopped: 0.0037445 seconds, Stopping threads took: 0.0000181 seconds
273.746: [GC (Allocation Failure)  392906K->73418K(1033728K), 0.0036826 secs]
273.750: Total time for which application threads were stopped: 0.0038263 seconds, Stopping threads took: 0.0000245 seconds
273.814: [GC (Allocation Failure)  392906K->73482K(1033728K), 0.0036985 secs]
273.817: Total time for which application threads were stopped: 0.0038472 seconds, Stopping threads took: 0.0000248 seconds
273.881: [GC (Allocation Failure)  392970K->81452K(1027072K), 0.0037625 secs]
273.884: Total time for which application threads were stopped: 0.0038936 seconds, Stopping threads took: 0.0000184 seconds
273.946: [GC (Allocation Failure)  400940K->77578K(1034240K), 0.0027843 secs]
273.949: Total time for which application threads were stopped: 0.0029562 seconds, Stopping threads took: 0.0000242 seconds
274.014: [GC (Allocation Failure)  397066K->81612K(1033216K), 0.0037907 secs]
274.018: Total time for which application threads were stopped: 0.0039629 seconds, Stopping threads took: 0.0000292 seconds
274.081: [GC (Allocation Failure)  401100K->85580K(1034752K), 0.0036191 secs]
274.085: Total time for which application threads were stopped: 0.0037466 seconds, Stopping threads took: 0.0000182 seconds
274.148: [GC (Allocation Failure)  407116K->78794K(1034752K), 0.0013457 secs]
274.149: Total time for which application threads were stopped: 0.0014730 seconds, Stopping threads took: 0.0000177 seconds
274.214: [GC (Allocation Failure)  400330K->85652K(1034752K), 0.0035473 secs]
274.218: Total time for which application threads were stopped: 0.0037074 seconds, Stopping threads took: 0.0000249 seconds
274.280: [GC (Allocation Failure)  407188K->89732K(1034752K), 0.0046656 secs]
274.285: Total time for which application threads were stopped: 0.0048026 seconds, Stopping threads took: 0.0000250 seconds
274.347: [GC (Allocation Failure)  411268K->84162K(1034752K), 0.0019017 secs]
274.349: Total time for which application threads were stopped: 0.0020369 seconds, Stopping threads took: 0.0000255 seconds
274.416: [GC (Allocation Failure)  405698K->89996K(1034752K), 0.0038743 secs]
274.420: Total time for which application threads were stopped: 0.0040449 seconds, Stopping threads took: 0.0000193 seconds
274.486: [GC (Allocation Failure)  411532K->93828K(1034752K), 0.0051805 secs]
274.492: Total time for which application threads were stopped: 0.0053502 seconds, Stopping threads took: 0.0000194 seconds
274.557: [GC (Allocation Failure)  416316K->89986K(1035264K), 0.0025967 secs]
274.560: Total time for which application threads were stopped: 0.0027421 seconds, Stopping threads took: 0.0000190 seconds
274.628: [GC (Allocation Failure)  412546K->94028K(1036288K), 0.0039423 secs]
274.632: Total time for which application threads were stopped: 0.0040918 seconds, Stopping threads took: 0.0000192 seconds
274.700: [GC (Allocation Failure)  418124K->98028K(1035776K), 0.0038132 secs]
274.704: Total time for which application threads were stopped: 0.0039947 seconds, Stopping threads took: 0.0000279 seconds
274.772: [GC (Allocation Failure)  422124K->98028K(1035776K), 0.0036024 secs]
274.775: Total time for which application threads were stopped: 0.0038865 seconds, Stopping threads took: 0.0000274 seconds
274.842: [GC (Allocation Failure)  421612K->98060K(1023488K), 0.0037159 secs]
274.846: Total time for which application threads were stopped: 0.0038691 seconds, Stopping threads took: 0.0000188 seconds
274.912: [GC (Allocation Failure)  421644K->106062K(1035264K), 0.0037254 secs]
274.916: Total time for which application threads were stopped: 0.0038718 seconds, Stopping threads took: 0.0000204 seconds
274.979: [GC (Allocation Failure)  428622K->106030K(1030144K), 0.0035442 secs]
274.983: Total time for which application threads were stopped: 0.0036861 seconds, Stopping threads took: 0.0000204 seconds
275.046: [GC (Allocation Failure)  428590K->106086K(1034752K), 0.0038937 secs]
275.050: Total time for which application threads were stopped: 0.0040443 seconds, Stopping threads took: 0.0000212 seconds
275.115: [GC (Allocation Failure)  427622K->114057K(1034752K), 0.0038433 secs]
275.119: Total time for which application threads were stopped: 0.0039775 seconds, Stopping threads took: 0.0000192 seconds
275.183: [GC (Allocation Failure)  435593K->114057K(1033728K), 0.0035403 secs]
275.187: Total time for which application threads were stopped: 0.0037086 seconds, Stopping threads took: 0.0000198 seconds
275.251: [GC (Allocation Failure)  434569K->114313K(1034240K), 0.0036462 secs]
275.254: Total time for which application threads were stopped: 0.0037625 seconds, Stopping threads took: 0.0000169 seconds
275.320: [GC (Allocation Failure)  434825K->122155K(1034240K), 0.0047899 secs]
275.325: Total time for which application threads were stopped: 0.0049313 seconds, Stopping threads took: 0.0000185 seconds
275.391: [GC (Allocation Failure)  442667K->122091K(1034240K), 0.0038772 secs]
275.395: Total time for which application threads were stopped: 0.0040112 seconds, Stopping threads took: 0.0000165 seconds
275.459: [GC (Allocation Failure)  442603K->122539K(1033216K), 0.0039340 secs]
275.463: Total time for which application threads were stopped: 0.0040809 seconds, Stopping threads took: 0.0000199 seconds
275.529: [GC (Allocation Failure)  442027K->130157K(1033728K), 0.0037662 secs]
275.533: Total time for which application threads were stopped: 0.0039000 seconds, Stopping threads took: 0.0000196 seconds
275.597: [GC (Allocation Failure)  449645K->130125K(1033728K), 0.0036607 secs]
275.600: Total time for which application threads were stopped: 0.0038354 seconds, Stopping threads took: 0.0000203 seconds
275.661: [GC (Allocation Failure)  449613K->130285K(1033728K), 0.0038916 secs]
275.665: Total time for which application threads were stopped: 0.0040329 seconds, Stopping threads took: 0.0000183 seconds
275.729: [GC (Allocation Failure)  449773K->138159K(1033728K), 0.0037693 secs]
275.733: Total time for which application threads were stopped: 0.0039299 seconds, Stopping threads took: 0.0000352 seconds
275.797: [GC (Allocation Failure)  457647K->138191K(1033728K), 0.0038233 secs]
275.801: Total time for which application threads were stopped: 0.0039753 seconds, Stopping threads took: 0.0000257 seconds
275.865: [GC (Allocation Failure)  457679K->138215K(1033728K), 0.0038187 secs]
275.869: Total time for which application threads were stopped: 0.0039527 seconds, Stopping threads took: 0.0000187 seconds
275.932: [GC (Allocation Failure)  457703K->146186K(1027072K), 0.0038803 secs]
275.936: Total time for which application threads were stopped: 0.0040324 seconds, Stopping threads took: 0.0000189 seconds
275.998: [GC (Allocation Failure)  465673K->142311K(1034240K), 0.0029977 secs]
276.001: Total time for which application threads were stopped: 0.0031466 seconds, Stopping threads took: 0.0000237 seconds
276.065: [GC (Allocation Failure)  461799K->146346K(1033216K), 0.0037331 secs]
276.069: Total time for which application threads were stopped: 0.0038730 seconds, Stopping threads took: 0.0000179 seconds
276.134: [GC (Allocation Failure)  465834K->150314K(1034752K), 0.0038129 secs]
276.138: Total time for which application threads were stopped: 0.0039579 seconds, Stopping threads took: 0.0000197 seconds
276.201: [GC (Allocation Failure)  471850K->143527K(1034752K), 0.0013082 secs]
276.202: Total time for which application threads were stopped: 0.0014603 seconds, Stopping threads took: 0.0000260 seconds
276.267: [GC (Allocation Failure)  465063K->150386K(1034752K), 0.0036538 secs]
276.271: Total time for which application threads were stopped: 0.0037859 seconds, Stopping threads took: 0.0000179 seconds
276.333: [GC (Allocation Failure)  471922K->154466K(1034752K), 0.0046099 secs]
276.338: Total time for which application threads were stopped: 0.0047268 seconds, Stopping threads took: 0.0000149 seconds
276.402: [GC (Allocation Failure)  476002K->148895K(1034752K), 0.0019754 secs]
276.404: Total time for which application threads were stopped: 0.0020956 seconds, Stopping threads took: 0.0000156 seconds
276.469: [GC (Allocation Failure)  470431K->154730K(1034752K), 0.0038284 secs]
276.473: Total time for which application threads were stopped: 0.0039705 seconds, Stopping threads took: 0.0000189 seconds
276.540: [GC (Allocation Failure)  476266K->158634K(1034752K), 0.0041483 secs]
276.544: Total time for which application threads were stopped: 0.0042877 seconds, Stopping threads took: 0.0000191 seconds
276.607: [GC (Allocation Failure)  481122K->154695K(1035264K), 0.0028572 secs]
276.610: Total time for which application threads were stopped: 0.0030016 seconds, Stopping threads took: 0.0000199 seconds
276.675: [GC (Allocation Failure)  477255K->158762K(1036288K), 0.0039474 secs]
276.679: Total time for which application threads were stopped: 0.0041057 seconds, Stopping threads took: 0.0000289 seconds
276.743: [GC (Allocation Failure)  482858K->162730K(1035776K), 0.0037358 secs]
276.746: Total time for which application threads were stopped: 0.0038882 seconds, Stopping threads took: 0.0000242 seconds
276.813: [GC (Allocation Failure)  486826K->162762K(1035776K), 0.0036396 secs]
276.817: Total time for which application threads were stopped: 0.0037896 seconds, Stopping threads took: 0.0000204 seconds
276.882: [GC (Allocation Failure)  486346K->162794K(1023488K), 0.0038343 secs]
276.886: Total time for which application threads were stopped: 0.0039801 seconds, Stopping threads took: 0.0000181 seconds
276.950: [GC (Allocation Failure)  486378K->170764K(1035264K), 0.0039215 secs]
276.954: Total time for which application threads were stopped: 0.0040596 seconds, Stopping threads took: 0.0000171 seconds
277.017: [GC (Allocation Failure)  493324K->170796K(1030144K), 0.0037018 secs]
277.021: Total time for which application threads were stopped: 0.0038403 seconds, Stopping threads took: 0.0000190 seconds
277.085: [GC (Allocation Failure)  493356K->170828K(1034752K), 0.0038747 secs]
277.089: Total time for which application threads were stopped: 0.0040062 seconds, Stopping threads took: 0.0000249 seconds
277.155: [GC (Allocation Failure)  492364K->178830K(1029120K), 0.0038590 secs]
277.159: Total time for which application threads were stopped: 0.0040039 seconds, Stopping threads took: 0.0000270 seconds
277.224: [GC (Allocation Failure)  500366K->178830K(1034240K), 0.0037111 secs]
277.228: Total time for which application threads were stopped: 0.0038580 seconds, Stopping threads took: 0.0000193 seconds
277.293: [GC (Allocation Failure)  499342K->179046K(1034240K), 0.0039608 secs]
277.297: Total time for which application threads were stopped: 0.0041087 seconds, Stopping threads took: 0.0000193 seconds
277.364: [GC (Allocation Failure)  499558K->186825K(1034240K), 0.0073966 secs]
277.371: Total time for which application threads were stopped: 0.0075463 seconds, Stopping threads took: 0.0000254 seconds
277.435: [GC (Allocation Failure)  507337K->186825K(1034240K), 0.0038256 secs]
277.439: Total time for which application threads were stopped: 0.0039778 seconds, Stopping threads took: 0.0000208 seconds
277.502: [GC (Allocation Failure)  507337K->187273K(1033216K), 0.0039141 secs]
277.506: Total time for which application threads were stopped: 0.0040520 seconds, Stopping threads took: 0.0000209 seconds
277.569: [GC (Allocation Failure)  506761K->194859K(1033728K), 0.0038761 secs]
277.573: Total time for which application threads were stopped: 0.0040094 seconds, Stopping threads took: 0.0000185 seconds
277.636: [GC (Allocation Failure)  514347K->194859K(1033728K), 0.0039250 secs]
277.640: Total time for which application threads were stopped: 0.0040557 seconds, Stopping threads took: 0.0000187 seconds
277.700: [GC (Allocation Failure)  514347K->195019K(1033728K), 0.0039545 secs]
277.704: Total time for which application threads were stopped: 0.0040900 seconds, Stopping threads took: 0.0000174 seconds
277.768: [GC (Allocation Failure)  514507K->202925K(1033728K), 0.0038802 secs]
277.772: Total time for which application threads were stopped: 0.0040251 seconds, Stopping threads took: 0.0000251 seconds
277.835: [GC (Allocation Failure)  522413K->202893K(1033728K), 0.0039585 secs]
277.839: Total time for which application threads were stopped: 0.0041018 seconds, Stopping threads took: 0.0000240 seconds
277.902: [GC (Allocation Failure)  522381K->202957K(1033728K), 0.0039090 secs]
277.906: Total time for which application threads were stopped: 0.0040469 seconds, Stopping threads took: 0.0000181 seconds
277.968: [GC (Allocation Failure)  522445K->210927K(1027072K), 0.0039243 secs]
277.972: Total time for which application threads were stopped: 0.0040547 seconds, Stopping threads took: 0.0000189 seconds
278.033: [GC (Allocation Failure)  530415K->207021K(1034240K), 0.0030433 secs]
278.036: Total time for which application threads were stopped: 0.0031728 seconds, Stopping threads took: 0.0000175 seconds
278.101: [GC (Allocation Failure)  526509K->211087K(1033216K), 0.0040724 secs]
278.105: Total time for which application threads were stopped: 0.0041944 seconds, Stopping threads took: 0.0000155 seconds
278.170: [GC (Allocation Failure)  530575K->215087K(1034752K), 0.0038754 secs]
278.174: Total time for which application threads were stopped: 0.0040055 seconds, Stopping threads took: 0.0000184 seconds
278.238: [GC (Allocation Failure)  536623K->208269K(1034752K), 0.0015574 secs]
278.240: Total time for which application threads were stopped: 0.0016953 seconds, Stopping threads took: 0.0000272 seconds
278.304: [GC (Allocation Failure)  529805K->215159K(1034752K), 0.0037797 secs]
278.308: Total time for which application threads were stopped: 0.0039154 seconds, Stopping threads took: 0.0000193 seconds
278.373: [GC (Allocation Failure)  536695K->219239K(1034752K), 0.0050548 secs]
278.378: Total time for which application threads were stopped: 0.0052248 seconds, Stopping threads took: 0.0000201 seconds
278.443: [GC (Allocation Failure)  540775K->213701K(1034752K), 0.0020478 secs]
278.445: Total time for which application threads were stopped: 0.0021825 seconds, Stopping threads took: 0.0000203 seconds
278.513: [GC (Allocation Failure)  535237K->219471K(1034752K), 0.0039662 secs]
278.517: Total time for which application threads were stopped: 0.0041076 seconds, Stopping threads took: 0.0000196 seconds
278.581: [GC (Allocation Failure)  541007K->223311K(1035264K), 0.0042306 secs]
278.586: Total time for which application threads were stopped: 0.0043641 seconds, Stopping threads took: 0.0000184 seconds
278.648: [GC (Allocation Failure)  545800K->219405K(1035264K), 0.0028842 secs]
278.651: Total time for which application threads were stopped: 0.0030200 seconds, Stopping threads took: 0.0000185 seconds
278.718: [GC (Allocation Failure)  541965K->223503K(1036288K), 0.0041115 secs]
278.722: Total time for which application threads were stopped: 0.0042587 seconds, Stopping threads took: 0.0000285 seconds
278.788: [GC (Allocation Failure)  547599K->227471K(1035776K), 0.0039412 secs]
278.792: Total time for which application threads were stopped: 0.0040800 seconds, Stopping threads took: 0.0000251 seconds
278.857: [GC (Allocation Failure)  551567K->227503K(1035776K), 0.0037776 secs]
278.861: Total time for which application threads were stopped: 0.0039134 seconds, Stopping threads took: 0.0000194 seconds
278.924: [GC (Allocation Failure)  551087K->227527K(1023488K), 0.0038227 secs]
278.928: Total time for which application threads were stopped: 0.0039542 seconds, Stopping threads took: 0.0000185 seconds
278.990: [GC (Allocation Failure)  551111K->235530K(1035264K), 0.0038968 secs]
278.994: Total time for which application threads were stopped: 0.0040578 seconds, Stopping threads took: 0.0000237 seconds
279.059: [GC (Allocation Failure)  558090K->235466K(1030144K), 0.0038073 secs]
279.063: Total time for which application threads were stopped: 0.0039283 seconds, Stopping threads took: 0.0000161 seconds
279.128: [GC (Allocation Failure)  558026K->235562K(1034752K), 0.0038973 secs]
279.132: Total time for which application threads were stopped: 0.0040418 seconds, Stopping threads took: 0.0000188 seconds
279.197: [GC (Allocation Failure)  557098K->243532K(1034752K), 0.0040491 secs]
279.201: Total time for which application threads were stopped: 0.0041799 seconds, Stopping threads took: 0.0000183 seconds
279.266: [GC (Allocation Failure)  565068K->243532K(1033728K), 0.0037449 secs]
279.270: Total time for which application threads were stopped: 0.0038879 seconds, Stopping threads took: 0.0000189 seconds
279.333: [GC (Allocation Failure)  564044K->243788K(1034240K), 0.0039483 secs]
279.337: Total time for which application threads were stopped: 0.0040854 seconds, Stopping threads took: 0.0000249 seconds
279.405: [GC (Allocation Failure)  564300K->251598K(1034240K), 0.0040395 secs]
279.409: Total time for which application threads were stopped: 0.0042019 seconds, Stopping threads took: 0.0000194 seconds
279.475: [GC (Allocation Failure)  572110K->251534K(1034240K), 0.0041872 secs]
279.480: Total time for which application threads were stopped: 0.0043350 seconds, Stopping threads took: 0.0000198 seconds
279.544: [GC (Allocation Failure)  572046K->252006K(1033216K), 0.0040014 secs]
279.548: Total time for which application threads were stopped: 0.0041400 seconds, Stopping threads took: 0.0000208 seconds
279.612: [GC (Allocation Failure)  571494K->259624K(1033728K), 0.0040947 secs]
279.616: Total time for which application threads were stopped: 0.0042364 seconds, Stopping threads took: 0.0000195 seconds
279.680: [GC (Allocation Failure)  579112K->259592K(1033728K), 0.0039563 secs]
279.684: Total time for which application threads were stopped: 0.0041305 seconds, Stopping threads took: 0.0000214 seconds
279.745: [GC (Allocation Failure)  579080K->259720K(1033728K), 0.0040926 secs]
279.749: Total time for which application threads were stopped: 0.0042335 seconds, Stopping threads took: 0.0000203 seconds
279.815: [GC (Allocation Failure)  579208K->267659K(1033728K), 0.0038352 secs]
279.819: Total time for which application threads were stopped: 0.0039648 seconds, Stopping threads took: 0.0000243 seconds
279.882: [GC (Allocation Failure)  587147K->267595K(1033728K), 0.0039942 secs]
279.886: Total time for which application threads were stopped: 0.0041265 seconds, Stopping threads took: 0.0000180 seconds
279.948: [GC (Allocation Failure)  587083K->267691K(1033728K), 0.0040824 secs]
279.952: Total time for which application threads were stopped: 0.0042265 seconds, Stopping threads took: 0.0000263 seconds
280.018: [GC (Allocation Failure)  587179K->275693K(1027072K), 0.0042172 secs]
280.022: Total time for which application threads were stopped: 0.0043494 seconds, Stopping threads took: 0.0000189 seconds
280.083: [GC (Allocation Failure)  595180K->271755K(1034240K), 0.0032351 secs]
280.086: Total time for which application threads were stopped: 0.0033855 seconds, Stopping threads took: 0.0000242 seconds
280.150: [GC (Allocation Failure)  591243K->275821K(1033216K), 0.0040351 secs]
280.154: Total time for which application threads were stopped: 0.0041832 seconds, Stopping threads took: 0.0000241 seconds
280.217: [GC (Allocation Failure)  595309K->279789K(1034752K), 0.0040764 secs]
280.222: Total time for which application threads were stopped: 0.0042149 seconds, Stopping threads took: 0.0000192 seconds
280.286: [GC (Allocation Failure)  601325K->273003K(1034752K), 0.0015927 secs]
280.288: Total time for which application threads were stopped: 0.0017206 seconds, Stopping threads took: 0.0000272 seconds
280.353: [GC (Allocation Failure)  594539K->279853K(1034752K), 0.0069174 secs]
280.360: Total time for which application threads were stopped: 0.0070445 seconds, Stopping threads took: 0.0000138 seconds
280.424: [GC (Allocation Failure)  601389K->283933K(1034752K), 0.0050065 secs]
280.429: Total time for which application threads were stopped: 0.0051306 seconds, Stopping threads took: 0.0000168 seconds
280.492: [GC (Allocation Failure)  605469K->278395K(1034752K), 0.0023535 secs]
280.495: Total time for which application threads were stopped: 0.0025063 seconds, Stopping threads took: 0.0000191 seconds
280.560: [GC (Allocation Failure)  599931K->284237K(1034752K), 0.0041390 secs]
280.565: Total time for which application threads were stopped: 0.0042726 seconds, Stopping threads took: 0.0000191 seconds
280.628: [GC (Allocation Failure)  605773K->288077K(1035264K), 0.0044461 secs]
280.632: Total time for which application threads were stopped: 0.0045760 seconds, Stopping threads took: 0.0000189 seconds
280.697: [GC (Allocation Failure)  610565K->284203K(1035264K), 0.0029319 secs]
280.700: Total time for which application threads were stopped: 0.0030625 seconds, Stopping threads took: 0.0000185 seconds
280.765: [GC (Allocation Failure)  606763K->288237K(1036288K), 0.0040698 secs]
280.769: Total time for which application threads were stopped: 0.0042119 seconds, Stopping threads took: 0.0000194 seconds
280.833: [GC (Allocation Failure)  612333K->292173K(1035776K), 0.0041449 secs]
280.837: Total time for which application threads were stopped: 0.0042945 seconds, Stopping threads took: 0.0000367 seconds
280.902: [GC (Allocation Failure)  616269K->292205K(1035776K), 0.0064989 secs]
280.908: Total time for which application threads were stopped: 0.0066358 seconds, Stopping threads took: 0.0000183 seconds
280.972: [GC (Allocation Failure)  615789K->292261K(1023488K), 0.0041797 secs]
280.976: Total time for which application threads were stopped: 0.0043263 seconds, Stopping threads took: 0.0000187 seconds
281.040: [GC (Allocation Failure)  615845K->300263K(1035264K), 0.0041747 secs]
281.044: Total time for which application threads were stopped: 0.0043135 seconds, Stopping threads took: 0.0000189 seconds
281.108: [GC (Allocation Failure)  622823K->300231K(1030144K), 0.0040770 secs]
281.112: Total time for which application threads were stopped: 0.0042317 seconds, Stopping threads took: 0.0000196 seconds
281.176: [GC (Allocation Failure)  622791K->300295K(1034752K), 0.0057102 secs]
281.182: Total time for which application threads were stopped: 0.0058413 seconds, Stopping threads took: 0.0000193 seconds
281.246: [GC (Allocation Failure)  621831K->308265K(1034752K), 0.0042061 secs]
281.250: Total time for which application threads were stopped: 0.0043582 seconds, Stopping threads took: 0.0000200 seconds
281.314: [GC (Allocation Failure)  629801K->308265K(1033728K), 0.0038584 secs]
281.318: Total time for which application threads were stopped: 0.0039953 seconds, Stopping threads took: 0.0000266 seconds
281.385: [GC (Allocation Failure)  628777K->308521K(1034240K), 0.0043001 secs]
281.389: Total time for which application threads were stopped: 0.0044263 seconds, Stopping threads took: 0.0000157 seconds
281.454: [GC (Allocation Failure)  629033K->316300K(1034240K), 0.0039917 secs]
281.458: Total time for which application threads were stopped: 0.0041288 seconds, Stopping threads took: 0.0000203 seconds
281.524: [GC (Allocation Failure)  636812K->316300K(1034240K), 0.0041497 secs]
281.528: Total time for which application threads were stopped: 0.0042872 seconds, Stopping threads took: 0.0000206 seconds
281.591: [GC (Allocation Failure)  636812K->316748K(1034240K), 0.0041338 secs]
281.596: Total time for which application threads were stopped: 0.0042816 seconds, Stopping threads took: 0.0000201 seconds
281.659: [GC (Allocation Failure)  637260K->324334K(1028096K), 0.0040242 secs]
281.663: Total time for which application threads were stopped: 0.0041749 seconds, Stopping threads took: 0.0000275 seconds
281.725: [GC (Allocation Failure)  644846K->324334K(1033728K), 0.0040967 secs]
281.729: Total time for which application threads were stopped: 0.0042339 seconds, Stopping threads took: 0.0000265 seconds
281.790: [GC (Allocation Failure)  643822K->324494K(1033728K), 0.0041372 secs]
281.794: Total time for which application threads were stopped: 0.0042778 seconds, Stopping threads took: 0.0000249 seconds
281.857: [GC (Allocation Failure)  643982K->332336K(1033728K), 0.0040757 secs]
281.862: Total time for which application threads were stopped: 0.0042152 seconds, Stopping threads took: 0.0000180 seconds
281.925: [GC (Allocation Failure)  651824K->332336K(1033728K), 0.0047101 secs]
281.930: Total time for which application threads were stopped: 0.0048727 seconds, Stopping threads took: 0.0000246 seconds
281.993: [GC (Allocation Failure)  651824K->332424K(1033728K), 0.0041772 secs]
281.998: Total time for which application threads were stopped: 0.0043302 seconds, Stopping threads took: 0.0000256 seconds
282.061: [GC (Allocation Failure)  651912K->340395K(1027072K), 0.0041455 secs]
282.065: Total time for which application threads were stopped: 0.0042888 seconds, Stopping threads took: 0.0000174 seconds
282.128: [GC (Allocation Failure)  659882K->336488K(1034240K), 0.0032466 secs]
282.131: Total time for which application threads were stopped: 0.0033651 seconds, Stopping threads took: 0.0000158 seconds
282.195: [GC (Allocation Failure)  655976K->340555K(1033216K), 0.0042256 secs]
282.199: Total time for which application threads were stopped: 0.0043667 seconds, Stopping threads took: 0.0000250 seconds
282.262: [GC (Allocation Failure)  660043K->344523K(1034752K), 0.0041175 secs]
282.267: Total time for which application threads were stopped: 0.0042554 seconds, Stopping threads took: 0.0000185 seconds
282.331: [GC (Allocation Failure)  666059K->337736K(1034752K), 0.0019017 secs]
282.333: Total time for which application threads were stopped: 0.0020337 seconds, Stopping threads took: 0.0000197 seconds
282.402: [GC (Allocation Failure)  659272K->344555K(1034752K), 0.0042861 secs]
282.406: Total time for which application threads were stopped: 0.0044553 seconds, Stopping threads took: 0.0000190 seconds
282.473: [GC (Allocation Failure)  666091K->348667K(1034752K), 0.0052527 secs]
282.479: Total time for which application threads were stopped: 0.0054119 seconds, Stopping threads took: 0.0000199 seconds
282.544: [GC (Allocation Failure)  670203K->343128K(1034752K), 0.0021948 secs]
282.546: Total time for which application threads were stopped: 0.0023421 seconds, Stopping threads took: 0.0000190 seconds
282.613: [GC (Allocation Failure)  664664K->348971K(1034752K), 0.0044616 secs]
282.618: Total time for which application threads were stopped: 0.0046317 seconds, Stopping threads took: 0.0000194 seconds
282.685: [GC (Allocation Failure)  670507K->352843K(1034752K), 0.0047615 secs]
282.689: Total time for which application threads were stopped: 0.0049227 seconds, Stopping threads took: 0.0000192 seconds
282.756: [GC (Allocation Failure)  675331K->348936K(1035264K), 0.0032127 secs]
282.759: Total time for which application threads were stopped: 0.0033683 seconds, Stopping threads took: 0.0000194 seconds
282.829: [GC (Allocation Failure)  671496K->352971K(1036288K), 0.0043426 secs]
282.834: Total time for which application threads were stopped: 0.0045043 seconds, Stopping threads took: 0.0000196 seconds
282.902: [GC (Allocation Failure)  677067K->356971K(1035776K), 0.0042561 secs]
282.906: Total time for which application threads were stopped: 0.0044199 seconds, Stopping threads took: 0.0000201 seconds
282.975: [GC (Allocation Failure)  681067K->356971K(1035776K), 0.0043467 secs]
282.980: Total time for which application threads were stopped: 0.0045529 seconds, Stopping threads took: 0.0000265 seconds
283.047: [GC (Allocation Failure)  680555K->357003K(1023488K), 0.0043317 secs]
283.052: Total time for which application threads were stopped: 0.0044975 seconds, Stopping threads took: 0.0000200 seconds
283.120: [GC (Allocation Failure)  680587K->365005K(1035264K), 0.0045261 secs]
283.124: Total time for which application threads were stopped: 0.0046989 seconds, Stopping threads took: 0.0000202 seconds
283.189: [GC (Allocation Failure)  687565K->365005K(1030144K), 0.0065212 secs]
283.196: Total time for which application threads were stopped: 0.0066639 seconds, Stopping threads took: 0.0000278 seconds
283.261: [GC (Allocation Failure)  687565K->365037K(1034752K), 0.0045366 secs]
283.265: Total time for which application threads were stopped: 0.0046849 seconds, Stopping threads took: 0.0000203 seconds
283.331: [GC (Allocation Failure)  686573K->373007K(1029120K), 0.0058106 secs]
283.337: Total time for which application threads were stopped: 0.0059634 seconds, Stopping threads took: 0.0000199 seconds
283.407: [GC (Allocation Failure)  694543K->373039K(1034240K), 0.0041946 secs]
283.411: Total time for which application threads were stopped: 0.0043448 seconds, Stopping threads took: 0.0000166 seconds
283.477: [GC (Allocation Failure)  693551K->373255K(1034240K), 0.0043477 secs]
283.482: Total time for which application threads were stopped: 0.0045199 seconds, Stopping threads took: 0.0000201 seconds
283.549: [GC (Allocation Failure)  693767K->381065K(1034240K), 0.0057676 secs]
283.555: Total time for which application threads were stopped: 0.0059408 seconds, Stopping threads took: 0.0000204 seconds
283.622: [GC (Allocation Failure)  701577K->381065K(1034240K), 0.0043969 secs]
283.627: Total time for which application threads were stopped: 0.0045683 seconds, Stopping threads took: 0.0000206 seconds
283.693: [GC (Allocation Failure)  701577K->381481K(1033216K), 0.0044397 secs]
283.698: Total time for which application threads were stopped: 0.0045957 seconds, Stopping threads took: 0.0000204 seconds
283.769: [GC (Allocation Failure)  700969K->389068K(1033728K), 0.0043215 secs]
283.773: Total time for which application threads were stopped: 0.0044959 seconds, Stopping threads took: 0.0000252 seconds
283.840: [GC (Allocation Failure)  708556K->389100K(1033728K), 0.0044547 secs]
283.845: Total time for which application threads were stopped: 0.0046075 seconds, Stopping threads took: 0.0000191 seconds
283.908: [GC (Allocation Failure)  708588K->389228K(1033728K), 0.0042245 secs]
283.912: Total time for which application threads were stopped: 0.0043640 seconds, Stopping threads took: 0.0000270 seconds
283.978: [GC (Allocation Failure)  708716K->397134K(1033728K), 0.0042587 secs]
283.982: Total time for which application threads were stopped: 0.0044083 seconds, Stopping threads took: 0.0000193 seconds
284.047: [GC (Allocation Failure)  716622K->397102K(1033728K), 0.0044926 secs]
284.051: Total time for which application threads were stopped: 0.0046446 seconds, Stopping threads took: 0.0000190 seconds
284.116: [GC (Allocation Failure)  716590K->397158K(1033728K), 0.0045084 secs]
284.120: Total time for which application threads were stopped: 0.0046652 seconds, Stopping threads took: 0.0000277 seconds
284.185: [GC (Allocation Failure)  716646K->405128K(1027072K), 0.0045431 secs]
284.189: Total time for which application threads were stopped: 0.0046897 seconds, Stopping threads took: 0.0000197 seconds
284.254: [GC (Allocation Failure)  724616K->401222K(1034240K), 0.0035268 secs]
284.257: Total time for which application threads were stopped: 0.0036747 seconds, Stopping threads took: 0.0000195 seconds
284.326: [GC (Allocation Failure)  720710K->405296K(1033216K), 0.0043738 secs]
284.330: Total time for which application threads were stopped: 0.0045293 seconds, Stopping threads took: 0.0000261 seconds
284.398: [GC (Allocation Failure)  724784K->409264K(1034752K), 0.0043752 secs]
284.403: Total time for which application threads were stopped: 0.0045580 seconds, Stopping threads took: 0.0000164 seconds
284.471: [GC (Allocation Failure)  730800K->402478K(1034752K), 0.0017110 secs]
284.473: Total time for which application threads were stopped: 0.0018379 seconds, Stopping threads took: 0.0000174 seconds
284.540: [GC (Allocation Failure)  724014K->409304K(1034752K), 0.0043469 secs]
284.545: Total time for which application threads were stopped: 0.0045179 seconds, Stopping threads took: 0.0000199 seconds
284.611: [GC (Allocation Failure)  730840K->413416K(1034752K), 0.0052511 secs]
284.617: Total time for which application threads were stopped: 0.0054238 seconds, Stopping threads took: 0.0000199 seconds
284.682: [GC (Allocation Failure)  734952K->407878K(1034752K), 0.0024235 secs]
284.685: Total time for which application threads were stopped: 0.0025785 seconds, Stopping threads took: 0.0000204 seconds
284.753: [GC (Allocation Failure)  729414K->413680K(1034752K), 0.0051258 secs]
284.758: Total time for which application threads were stopped: 0.0053021 seconds, Stopping threads took: 0.0000200 seconds
284.826: [GC (Allocation Failure)  735216K->417552K(1034752K), 0.0046625 secs]
284.831: Total time for which application threads were stopped: 0.0048418 seconds, Stopping threads took: 0.0000281 seconds
284.899: [GC (Allocation Failure)  740040K->413646K(1035264K), 0.0033182 secs]
284.902: Total time for which application threads were stopped: 0.0034779 seconds, Stopping threads took: 0.0000199 seconds
284.972: [GC (Allocation Failure)  736206K->417704K(1036288K), 0.0046140 secs]
284.977: Total time for which application threads were stopped: 0.0047762 seconds, Stopping threads took: 0.0000192 seconds
285.044: [GC (Allocation Failure)  741800K->421704K(1035776K), 0.0044464 secs]
285.049: Total time for which application threads were stopped: 0.0046158 seconds, Stopping threads took: 0.0000194 seconds
285.117: [GC (Allocation Failure)  745800K->421704K(1035776K), 0.0042282 secs]
285.121: Total time for which application threads were stopped: 0.0044454 seconds, Stopping threads took: 0.0000204 seconds
285.191: [GC (Allocation Failure)  745288K->421736K(1023488K), 0.0043501 secs]
285.195: Total time for which application threads were stopped: 0.0045319 seconds, Stopping threads took: 0.0000199 seconds
285.262: [GC (Allocation Failure)  745320K->429738K(1035264K), 0.0045221 secs]
285.266: Total time for which application threads were stopped: 0.0046814 seconds, Stopping threads took: 0.0000198 seconds
285.333: [GC (Allocation Failure)  752298K->429706K(1030144K), 0.0064209 secs]
285.340: Total time for which application threads were stopped: 0.0065885 seconds, Stopping threads took: 0.0000276 seconds
285.409: [GC (Allocation Failure)  752266K->429770K(1034752K), 0.0044500 secs]
285.413: Total time for which application threads were stopped: 0.0046120 seconds, Stopping threads took: 0.0000168 seconds
285.481: [GC (Allocation Failure)  751306K->437773K(1029120K), 0.0046837 secs]
285.485: Total time for which application threads were stopped: 0.0048624 seconds, Stopping threads took: 0.0000199 seconds
285.555: [GC (Allocation Failure)  759309K->437741K(1034240K), 0.0045054 secs]
285.560: Total time for which application threads were stopped: 0.0046952 seconds, Stopping threads took: 0.0000223 seconds
285.628: [GC (Allocation Failure)  758253K->437965K(1034240K), 0.0045878 secs]
285.632: Total time for which application threads were stopped: 0.0047694 seconds, Stopping threads took: 0.0000201 seconds
285.700: [GC (Allocation Failure)  758477K->445807K(1034240K), 0.0045640 secs]
285.705: Total time for which application threads were stopped: 0.0047391 seconds, Stopping threads took: 0.0000202 seconds
285.773: [GC (Allocation Failure)  766319K->445775K(1034240K), 0.0045171 secs]
285.778: Total time for which application threads were stopped: 0.0047153 seconds, Stopping threads took: 0.0000262 seconds
285.846: [GC (Allocation Failure)  766287K->446215K(1033216K), 0.0045049 secs]
285.851: Total time for which application threads were stopped: 0.0046965 seconds, Stopping threads took: 0.0000203 seconds
285.920: [GC (Allocation Failure)  765703K->453833K(1033728K), 0.0047774 secs]
285.924: Total time for which application threads were stopped: 0.0049370 seconds, Stopping threads took: 0.0000189 seconds
285.990: [GC (Allocation Failure)  773321K->453801K(1033728K), 0.0044920 secs]
285.995: Total time for which application threads were stopped: 0.0046399 seconds, Stopping threads took: 0.0000202 seconds
286.056: [GC (Allocation Failure)  773289K->453961K(1033728K), 0.0043338 secs]
286.060: Total time for which application threads were stopped: 0.0044833 seconds, Stopping threads took: 0.0000280 seconds
286.124: [GC (Allocation Failure)  773449K->461899K(1033728K), 0.0044165 secs]
286.128: Total time for which application threads were stopped: 0.0045706 seconds, Stopping threads took: 0.0000291 seconds
286.193: [GC (Allocation Failure)  781387K->461835K(1033728K), 0.0045636 secs]
286.198: Total time for which application threads were stopped: 0.0047382 seconds, Stopping threads took: 0.0000270 seconds
286.263: [GC (Allocation Failure)  781323K->461899K(1033728K), 0.0044988 secs]
286.268: Total time for which application threads were stopped: 0.0046464 seconds, Stopping threads took: 0.0000204 seconds
286.334: [GC (Allocation Failure)  781387K->469870K(1027072K), 0.0045221 secs]
286.339: Total time for which application threads were stopped: 0.0046737 seconds, Stopping threads took: 0.0000265 seconds
286.405: [GC (Allocation Failure)  789357K->465963K(1034240K), 0.0034682 secs]
286.409: Total time for which application threads were stopped: 0.0036279 seconds, Stopping threads took: 0.0000203 seconds
286.478: [GC (Allocation Failure)  785451K->470030K(1033216K), 0.0046143 secs]
286.483: Total time for which application threads were stopped: 0.0047911 seconds, Stopping threads took: 0.0000195 seconds
286.550: [GC (Allocation Failure)  789518K->473998K(1034752K), 0.0045348 secs]
286.555: Total time for which application threads were stopped: 0.0046992 seconds, Stopping threads took: 0.0000204 seconds
286.621: [GC (Allocation Failure)  795534K->467179K(1034752K), 0.0019689 secs]
286.623: Total time for which application threads were stopped: 0.0021168 seconds, Stopping threads took: 0.0000191 seconds
286.690: [GC (Allocation Failure)  788715K->474070K(1034752K), 0.0044538 secs]
286.695: Total time for which application threads were stopped: 0.0046180 seconds, Stopping threads took: 0.0000198 seconds
286.760: [GC (Allocation Failure)  795606K->478142K(1034752K), 0.0067939 secs]
286.767: Total time for which application threads were stopped: 0.0069604 seconds, Stopping threads took: 0.0000203 seconds
286.835: [GC (Allocation Failure)  799678K->472571K(1034752K), 0.0024917 secs]
286.838: Total time for which application threads were stopped: 0.0026640 seconds, Stopping threads took: 0.0000194 seconds
286.905: [GC (Allocation Failure)  794107K->478446K(1034752K), 0.0046216 secs]
286.910: Total time for which application threads were stopped: 0.0048045 seconds, Stopping threads took: 0.0000203 seconds
286.977: [GC (Allocation Failure)  799982K->482286K(1035264K), 0.0050191 secs]
286.982: Total time for which application threads were stopped: 0.0051925 seconds, Stopping threads took: 0.0000202 seconds
287.049: [GC (Allocation Failure)  804774K->478411K(1035264K), 0.0033190 secs]
287.053: Total time for which application threads were stopped: 0.0034901 seconds, Stopping threads took: 0.0000200 seconds
287.121: [GC (Allocation Failure)  800971K->482438K(1036288K), 0.0047114 secs]
287.126: Total time for which application threads were stopped: 0.0048854 seconds, Stopping threads took: 0.0000204 seconds
287.194: [GC (Allocation Failure)  806534K->486438K(1035776K), 0.0046318 secs]
287.199: Total time for which application threads were stopped: 0.0048261 seconds, Stopping threads took: 0.0000198 seconds
287.269: [GC (Allocation Failure)  810534K->486406K(1035776K), 0.0061965 secs]
287.275: Total time for which application threads were stopped: 0.0063531 seconds, Stopping threads took: 0.0000262 seconds
287.344: [GC (Allocation Failure)  809990K->486462K(1023488K), 0.0052421 secs]
287.349: Total time for which application threads were stopped: 0.0054022 seconds, Stopping threads took: 0.0000234 seconds
287.416: [GC (Allocation Failure)  810046K->494464K(1035264K), 0.0048563 secs]
287.421: Total time for which application threads were stopped: 0.0050291 seconds, Stopping threads took: 0.0000201 seconds
287.489: [GC (Allocation Failure)  817024K->494400K(1030144K), 0.0043278 secs]
287.493: Total time for which application threads were stopped: 0.0045394 seconds, Stopping threads took: 0.0000199 seconds
287.562: [GC (Allocation Failure)  816960K->494504K(1034752K), 0.0046060 secs]
287.567: Total time for which application threads were stopped: 0.0047656 seconds, Stopping threads took: 0.0000170 seconds
287.634: [GC (Allocation Failure)  816040K->502474K(1034752K), 0.0047727 secs]
287.639: Total time for which application threads were stopped: 0.0049765 seconds, Stopping threads took: 0.0000256 seconds
287.707: [GC (Allocation Failure)  824010K->502474K(1033728K), 0.0044170 secs]
287.711: Total time for which application threads were stopped: 0.0045913 seconds, Stopping threads took: 0.0000197 seconds
287.779: [GC (Allocation Failure)  822986K->502706K(1034240K), 0.0045054 secs]
287.784: Total time for which application threads were stopped: 0.0046939 seconds, Stopping threads took: 0.0000276 seconds
287.851: [GC (Allocation Failure)  823218K->510517K(1034240K), 0.0051788 secs]
287.856: Total time for which application threads were stopped: 0.0053561 seconds, Stopping threads took: 0.0000198 seconds
287.924: [GC (Allocation Failure)  831029K->510517K(1034240K), 0.0054317 secs]
287.930: Total time for which application threads were stopped: 0.0055982 seconds, Stopping threads took: 0.0000282 seconds
287.997: [GC (Allocation Failure)  831029K->510957K(1033216K), 0.0046998 secs]
288.002: Total time for which application threads were stopped: 0.0049121 seconds, Stopping threads took: 0.0000365 seconds
288.071: [GC (Allocation Failure)  830445K->518575K(1033728K), 0.0047878 secs]
288.076: Total time for which application threads were stopped: 0.0049603 seconds, Stopping threads took: 0.0000194 seconds
288.144: [GC (Allocation Failure)  838063K->518543K(1033728K), 0.0046050 secs]
288.148: Total time for which application threads were stopped: 0.0047650 seconds, Stopping threads took: 0.0000194 seconds
288.213: [GC (Allocation Failure)  838031K->518663K(1033728K), 0.0047239 secs]
288.218: Total time for which application threads were stopped: 0.0049149 seconds, Stopping threads took: 0.0000195 seconds
288.286: [GC (Allocation Failure)  838151K->526601K(1033728K), 0.0045025 secs]
288.290: Total time for which application threads were stopped: 0.0046821 seconds, Stopping threads took: 0.0000282 seconds
288.358: [GC (Allocation Failure)  846089K->526601K(1033728K), 0.0059769 secs]
288.364: Total time for which application threads were stopped: 0.0061413 seconds, Stopping threads took: 0.0000254 seconds
288.432: [GC (Allocation Failure)  846089K->526633K(1033728K), 0.0046395 secs]
288.437: Total time for which application threads were stopped: 0.0048134 seconds, Stopping threads took: 0.0000204 seconds
288.505: [GC (Allocation Failure)  846121K->534603K(1027072K), 0.0047392 secs]
288.509: Total time for which application threads were stopped: 0.0049107 seconds, Stopping threads took: 0.0000203 seconds
288.574: [GC (Allocation Failure)  854091K->530697K(1034240K), 0.0037513 secs]
288.578: Total time for which application threads were stopped: 0.0039193 seconds, Stopping threads took: 0.0000198 seconds
288.646: [GC (Allocation Failure)  850185K->534763K(1033216K), 0.0047594 secs]
288.650: Total time for which application threads were stopped: 0.0049237 seconds, Stopping threads took: 0.0000198 seconds
288.718: [GC (Allocation Failure)  854251K->538731K(1034752K), 0.0048044 secs]
288.723: Total time for which application threads were stopped: 0.0049824 seconds, Stopping threads took: 0.0000195 seconds
288.790: [GC (Allocation Failure)  860267K->531945K(1034752K), 0.0021003 secs]
288.792: Total time for which application threads were stopped: 0.0022441 seconds, Stopping threads took: 0.0000198 seconds
288.859: [GC (Allocation Failure)  853481K->538763K(1034752K), 0.0045908 secs]
288.863: Total time for which application threads were stopped: 0.0047620 seconds, Stopping threads took: 0.0000194 seconds
288.929: [GC (Allocation Failure)  860299K->542907K(1034752K), 0.0054179 secs]
288.935: Total time for which application threads were stopped: 0.0056102 seconds, Stopping threads took: 0.0000203 seconds
289.002: [GC (Allocation Failure)  864443K->537305K(1034752K), 0.0028530 secs]
289.005: Total time for which application threads were stopped: 0.0030073 seconds, Stopping threads took: 0.0000174 seconds
289.072: [GC (Allocation Failure)  858841K->543147K(1034752K), 0.0045481 secs]
289.077: Total time for which application threads were stopped: 0.0047367 seconds, Stopping threads took: 0.0000194 seconds
289.144: [GC (Allocation Failure)  864683K->547019K(1035264K), 0.0051640 secs]
289.149: Total time for which application threads were stopped: 0.0053390 seconds, Stopping threads took: 0.0000202 seconds
289.217: [GC (Allocation Failure)  869508K->543145K(1035264K), 0.0035415 secs]
289.220: Total time for which application threads were stopped: 0.0037331 seconds, Stopping threads took: 0.0000204 seconds
289.290: [GC (Allocation Failure)  865705K->547179K(1036288K), 0.0045465 secs]
289.295: Total time for which application threads were stopped: 0.0047072 seconds, Stopping threads took: 0.0000251 seconds
289.364: [GC (Allocation Failure)  871275K->551147K(1035776K), 0.0046759 secs]
289.369: Total time for which application threads were stopped: 0.0048669 seconds, Stopping threads took: 0.0000170 seconds
289.439: [GC (Allocation Failure)  875243K->551147K(1035776K), 0.0046457 secs]
289.443: Total time for which application threads were stopped: 0.0048336 seconds, Stopping threads took: 0.0000194 seconds
289.512: [GC (Allocation Failure)  874731K->551211K(1023488K), 0.0047011 secs]
289.517: Total time for which application threads were stopped: 0.0048862 seconds, Stopping threads took: 0.0000201 seconds
289.585: [GC (Allocation Failure)  874795K->559182K(1035264K), 0.0048251 secs]
289.590: Total time for which application threads were stopped: 0.0050311 seconds, Stopping threads took: 0.0000197 seconds
289.658: [GC (Allocation Failure)  881742K->559182K(1030144K), 0.0045693 secs]
289.662: Total time for which application threads were stopped: 0.0047552 seconds, Stopping threads took: 0.0000220 seconds
289.731: [GC (Allocation Failure)  881742K->559246K(1034752K), 0.0047671 secs]
289.736: Total time for which application threads were stopped: 0.0049400 seconds, Stopping threads took: 0.0000196 seconds
289.805: [GC (Allocation Failure)  880782K->567184K(1034752K), 0.0046773 secs]
289.810: Total time for which application threads were stopped: 0.0048642 seconds, Stopping threads took: 0.0000261 seconds
289.880: [GC (Allocation Failure)  888720K->567184K(1033728K), 0.0046062 secs]
289.885: Total time for which application threads were stopped: 0.0048200 seconds, Stopping threads took: 0.0000205 seconds
289.953: [GC (Allocation Failure)  887696K->567464K(1034240K), 0.0046991 secs]
289.958: Total time for which application threads were stopped: 0.0048841 seconds, Stopping threads took: 0.0000399 seconds
290.026: [GC (Allocation Failure)  887976K->575242K(1034240K), 0.0046093 secs]
290.030: Total time for which application threads were stopped: 0.0048137 seconds, Stopping threads took: 0.0000267 seconds
290.100: [GC (Allocation Failure)  895754K->575242K(1034240K), 0.0049242 secs]
290.105: Total time for which application threads were stopped: 0.0050816 seconds, Stopping threads took: 0.0000168 seconds
290.172: [GC (Allocation Failure)  895754K->575690K(1034240K), 0.0048012 secs]
290.177: Total time for which application threads were stopped: 0.0049753 seconds, Stopping threads took: 0.0000203 seconds
290.244: [GC (Allocation Failure)  896202K->583308K(1028096K), 0.0046083 secs]
290.248: Total time for which application threads were stopped: 0.0047821 seconds, Stopping threads took: 0.0000203 seconds
290.314: [GC (Allocation Failure)  903820K->583276K(1033728K), 0.0048103 secs]
290.319: Total time for which application threads were stopped: 0.0049765 seconds, Stopping threads took: 0.0000203 seconds
290.385: [GC (Allocation Failure)  902764K->583436K(1033728K), 0.0048979 secs]
290.390: Total time for which application threads were stopped: 0.0050695 seconds, Stopping threads took: 0.0000205 seconds
290.457: [GC (Allocation Failure)  902924K->591311K(1033728K), 0.0047307 secs]
290.462: Total time for which application threads were stopped: 0.0049172 seconds, Stopping threads took: 0.0000202 seconds
290.530: [GC (Allocation Failure)  910799K->591343K(1033728K), 0.0046191 secs]
290.535: Total time for which application threads were stopped: 0.0048256 seconds, Stopping threads took: 0.0000249 seconds
290.601: [GC (Allocation Failure)  910831K->591335K(1033728K), 0.0087410 secs]
290.609: Total time for which application threads were stopped: 0.0089203 seconds, Stopping threads took: 0.0000289 seconds
290.676: [GC (Allocation Failure)  910823K->599337K(1027072K), 0.0048428 secs]
290.681: Total time for which application threads were stopped: 0.0050362 seconds, Stopping threads took: 0.0000215 seconds
290.746: [GC (Allocation Failure)  918824K->595463K(1034240K), 0.0037519 secs]
290.750: Total time for which application threads were stopped: 0.0039107 seconds, Stopping threads took: 0.0000197 seconds
290.817: [GC (Allocation Failure)  914951K->599497K(1033216K), 0.0048527 secs]
290.822: Total time for which application threads were stopped: 0.0050289 seconds, Stopping threads took: 0.0000274 seconds
290.892: [GC (Allocation Failure)  918985K->603497K(1034752K), 0.0047902 secs]
290.897: Total time for which application threads were stopped: 0.0049645 seconds, Stopping threads took: 0.0000291 seconds
290.964: [GC (Allocation Failure)  925033K->596679K(1034752K), 0.0021214 secs]
290.966: Total time for which application threads were stopped: 0.0022592 seconds, Stopping threads took: 0.0000197 seconds
291.035: [GC (Allocation Failure)  918215K->603537K(1034752K), 0.0045601 secs]
291.039: Total time for which application threads were stopped: 0.0047524 seconds, Stopping threads took: 0.0000188 seconds
291.107: [GC (Allocation Failure)  925073K->607617K(1034752K), 0.0055394 secs]
291.112: Total time for which application threads were stopped: 0.0056857 seconds, Stopping threads took: 0.0000164 seconds
291.178: [GC (Allocation Failure)  929153K->602047K(1034752K), 0.0028766 secs]
291.181: Total time for which application threads were stopped: 0.0030287 seconds, Stopping threads took: 0.0000190 seconds
291.248: [GC (Allocation Failure)  923583K->607889K(1034752K), 0.0047900 secs]
291.253: Total time for which application threads were stopped: 0.0049592 seconds, Stopping threads took: 0.0000188 seconds
291.320: [GC (Allocation Failure)  929425K->611785K(1034752K), 0.0050240 secs]
291.325: Total time for which application threads were stopped: 0.0051950 seconds, Stopping threads took: 0.0000284 seconds
291.393: [GC (Allocation Failure)  934273K->607847K(1035264K), 0.0038448 secs]
291.397: Total time for which application threads were stopped: 0.0040163 seconds, Stopping threads took: 0.0000195 seconds
291.464: [GC (Allocation Failure)  930407K->611913K(1036288K), 0.0049415 secs]
291.469: Total time for which application threads were stopped: 0.0051195 seconds, Stopping threads took: 0.0000215 seconds
291.537: [GC (Allocation Failure)  936009K->615881K(1035776K), 0.0048330 secs]
291.542: Total time for which application threads were stopped: 0.0050412 seconds, Stopping threads took: 0.0000212 seconds
291.613: [GC (Allocation Failure)  939977K->615881K(1035776K), 0.0046923 secs]
291.617: Total time for which application threads were stopped: 0.0048757 seconds, Stopping threads took: 0.0000263 seconds
291.688: [GC (Allocation Failure)  939465K->615945K(1023488K), 0.0046102 secs]
291.692: Total time for which application threads were stopped: 0.0048149 seconds, Stopping threads took: 0.0000177 seconds
291.760: [GC (Allocation Failure)  939529K->623947K(1035264K), 0.0049065 secs]
291.765: Total time for which application threads were stopped: 0.0050637 seconds, Stopping threads took: 0.0000194 seconds
291.834: [GC (Allocation Failure)  946507K->623947K(1030144K), 0.0045844 secs]
291.839: Total time for which application threads were stopped: 0.0047441 seconds, Stopping threads took: 0.0000196 seconds
291.907: [GC (Allocation Failure)  946507K->623979K(1034752K), 0.0046957 secs]
291.911: Total time for which application threads were stopped: 0.0048531 seconds, Stopping threads took: 0.0000192 seconds
291.980: [GC (Allocation Failure)  945515K->631949K(1029120K), 0.0048218 secs]
291.985: Total time for which application threads were stopped: 0.0049931 seconds, Stopping threads took: 0.0000188 seconds
292.053: [GC (Allocation Failure)  953485K->631949K(1034240K), 0.0046962 secs]
292.058: Total time for which application threads were stopped: 0.0048660 seconds, Stopping threads took: 0.0000193 seconds
292.126: [GC (Allocation Failure)  952461K->632197K(1034240K), 0.0047733 secs]
292.131: Total time for which application threads were stopped: 0.0049624 seconds, Stopping threads took: 0.0000197 seconds
292.201: [GC (Allocation Failure)  952709K->639976K(1034240K), 0.0047468 secs]
292.205: Total time for which application threads were stopped: 0.0049080 seconds, Stopping threads took: 0.0000200 seconds
292.274: [GC (Allocation Failure)  960488K->639976K(1034240K), 0.0049696 secs]
292.279: Total time for which application threads were stopped: 0.0051279 seconds, Stopping threads took: 0.0000191 seconds
292.346: [GC (Allocation Failure)  960488K->640392K(1033216K), 0.0049360 secs]
292.351: Total time for which application threads were stopped: 0.0051155 seconds, Stopping threads took: 0.0000290 seconds
292.419: [GC (Allocation Failure)  959880K->648042K(1033728K), 0.0047861 secs]
292.424: Total time for which application threads were stopped: 0.0049576 seconds, Stopping threads took: 0.0000193 seconds
292.492: [GC (Allocation Failure)  967530K->648010K(1033728K), 0.0047131 secs]
292.497: Total time for which application threads were stopped: 0.0049060 seconds, Stopping threads took: 0.0000194 seconds
292.563: [GC (Allocation Failure)  967498K->648138K(1033728K), 0.0046833 secs]
292.568: Total time for which application threads were stopped: 0.0048395 seconds, Stopping threads took: 0.0000164 seconds
292.636: [GC (Allocation Failure)  967626K->656076K(1033728K), 0.0049223 secs]
292.641: Total time for which application threads were stopped: 0.0050937 seconds, Stopping threads took: 0.0000195 seconds
292.708: [GC (Allocation Failure)  975564K->656044K(1033728K), 0.0048767 secs]
292.713: Total time for which application threads were stopped: 0.0050430 seconds, Stopping threads took: 0.0000191 seconds
292.781: [GC (Allocation Failure)  975532K->656108K(1033728K), 0.0046448 secs]
292.786: Total time for which application threads were stopped: 0.0048079 seconds, Stopping threads took: 0.0000243 seconds
292.853: [GC (Allocation Failure)  975596K->664111K(1027072K), 0.0048541 secs]
292.858: Total time for which application threads were stopped: 0.0050153 seconds, Stopping threads took: 0.0000191 seconds
292.923: [GC (Allocation Failure)  983598K->660204K(1034240K), 0.0039344 secs]
292.927: Total time for which application threads were stopped: 0.0041104 seconds, Stopping threads took: 0.0000203 seconds
292.996: [GC (Allocation Failure)  979692K->664231K(1033216K), 0.0049957 secs]
293.001: Total time for which application threads were stopped: 0.0051745 seconds, Stopping threads took: 0.0000188 seconds
293.068: [GC (Allocation Failure)  983719K->668199K(1034752K), 0.0047615 secs]
293.073: Total time for which application threads were stopped: 0.0049238 seconds, Stopping threads took: 0.0000197 seconds
293.140: [GC (Allocation Failure)  989735K->661412K(1034752K), 0.0024372 secs]
293.142: Total time for which application threads were stopped: 0.0026072 seconds, Stopping threads took: 0.0000202 seconds
293.209: [GC (Allocation Failure)  982948K->668239K(1034752K), 0.0046576 secs]
293.214: Total time for which application threads were stopped: 0.0048528 seconds, Stopping threads took: 0.0000207 seconds
293.282: [GC (Allocation Failure)  989775K->672351K(1034752K), 0.0057050 secs]
293.288: Total time for which application threads were stopped: 0.0058607 seconds, Stopping threads took: 0.0000249 seconds
293.355: [GC (Allocation Failure)  993887K->666780K(1034752K), 0.0038970 secs]
293.359: Total time for which application threads were stopped: 0.0040988 seconds, Stopping threads took: 0.0000283 seconds
293.428: [GC (Allocation Failure)  988316K->672623K(1034752K), 0.0049838 secs]
293.433: Total time for which application threads were stopped: 0.0051446 seconds, Stopping threads took: 0.0000196 seconds
293.501: [GC (Allocation Failure)  994159K->676487K(1034752K), 0.0053029 secs]
293.506: Total time for which application threads were stopped: 0.0054985 seconds, Stopping threads took: 0.0000205 seconds
293.574: [GC (Allocation Failure)  998975K->672580K(1035264K), 0.0039011 secs]
293.578: Total time for which application threads were stopped: 0.0040582 seconds, Stopping threads took: 0.0000201 seconds
293.646: [GC (Allocation Failure)  995140K->676647K(1036288K), 0.0050679 secs]
293.651: Total time for which application threads were stopped: 0.0052372 seconds, Stopping threads took: 0.0000195 seconds
293.718: [GC (Allocation Failure)  1000743K->680647K(1035776K), 0.0049936 secs]
293.724: Total time for which application threads were stopped: 0.0051619 seconds, Stopping threads took: 0.0000196 seconds
293.792: [GC (Allocation Failure)  1004743K->680615K(1035776K), 0.0046934 secs]
293.797: Total time for which application threads were stopped: 0.0048585 seconds, Stopping threads took: 0.0000271 seconds
293.864: [GC (Allocation Failure)  1004199K->680679K(1023488K), 0.0048405 secs]
293.869: Total time for which application threads were stopped: 0.0050123 seconds, Stopping threads took: 0.0000196 seconds
293.936: [GC (Allocation Failure)  1004263K->688681K(1035264K), 0.0048849 secs]
293.941: Total time for which application threads were stopped: 0.0050550 seconds, Stopping threads took: 0.0000197 seconds
294.008: [GC (Allocation Failure)  1011241K->688649K(1030144K), 0.0048289 secs]
294.013: Total time for which application threads were stopped: 0.0049991 seconds, Stopping threads took: 0.0000195 seconds
294.080: [GC (Allocation Failure)  1011209K->688713K(1034752K), 0.0049997 secs]
294.086: [Full GC (Ergonomics)  688713K->8520K(1034752K), 0.0126830 secs]
294.098: Total time for which application threads were stopped: 0.0179433 seconds, Stopping threads took: 0.0000217 seconds
294.165: [GC (Allocation Failure)  330056K->16554K(1034752K), 0.0039515 secs]
294.169: Total time for which application threads were stopped: 0.0041092 seconds, Stopping threads took: 0.0000190 seconds
294.236: [GC (Allocation Failure)  338090K->16578K(1033728K), 0.0034648 secs]
294.240: Total time for which application threads were stopped: 0.0036163 seconds, Stopping threads took: 0.0000199 seconds
294.306: [GC (Allocation Failure)  337090K->16874K(1034240K), 0.0035163 secs]
294.310: Total time for which application threads were stopped: 0.0036972 seconds, Stopping threads took: 0.0000267 seconds
294.379: [GC (Allocation Failure)  337386K->24652K(1034240K), 0.0035975 secs]
294.383: Total time for which application threads were stopped: 0.0037479 seconds, Stopping threads took: 0.0000171 seconds
294.450: [GC (Allocation Failure)  345164K->24684K(1034240K), 0.0038621 secs]
294.454: Total time for which application threads were stopped: 0.0040284 seconds, Stopping threads took: 0.0000193 seconds
294.521: [GC (Allocation Failure)  345196K->25068K(1033216K), 0.0036405 secs]
294.525: Total time for which application threads were stopped: 0.0037971 seconds, Stopping threads took: 0.0000195 seconds
294.594: [GC (Allocation Failure)  344556K->32719K(1033728K), 0.0038018 secs]
294.598: Total time for which application threads were stopped: 0.0039733 seconds, Stopping threads took: 0.0000193 seconds
294.667: [GC (Allocation Failure)  352207K->32719K(1033728K), 0.0038834 secs]
294.671: Total time for which application threads were stopped: 0.0040541 seconds, Stopping threads took: 0.0000190 seconds
294.736: [GC (Allocation Failure)  352207K->32807K(1033728K), 0.0039071 secs]
294.740: Total time for which application threads were stopped: 0.0040571 seconds, Stopping threads took: 0.0000195 seconds
294.806: [GC (Allocation Failure)  352295K->40745K(1033728K), 0.0036290 secs]
294.810: Total time for which application threads were stopped: 0.0037876 seconds, Stopping threads took: 0.0000198 seconds
294.875: [GC (Allocation Failure)  360233K->40713K(1033728K), 0.0036391 secs]
294.878: Total time for which application threads were stopped: 0.0038204 seconds, Stopping threads took: 0.0000168 seconds
294.945: [GC (Allocation Failure)  360201K->40777K(1033728K), 0.0037560 secs]
294.949: Total time for which application threads were stopped: 0.0039089 seconds, Stopping threads took: 0.0000191 seconds
295.015: [GC (Allocation Failure)  360265K->48747K(1027072K), 0.0038861 secs]
295.019: Total time for which application threads were stopped: 0.0040493 seconds, Stopping threads took: 0.0000191 seconds
295.082: [GC (Allocation Failure)  368235K->44841K(1034240K), 0.0028454 secs]
295.085: Total time for which application threads were stopped: 0.0030289 seconds, Stopping threads took: 0.0000196 seconds
295.154: [GC (Allocation Failure)  364329K->48875K(1033216K), 0.0039251 secs]
295.158: Total time for which application threads were stopped: 0.0040653 seconds, Stopping threads took: 0.0000171 seconds
295.225: [GC (Allocation Failure)  368363K->52875K(1034752K), 0.0035828 secs]
295.229: Total time for which application threads were stopped: 0.0037304 seconds, Stopping threads took: 0.0000172 seconds
295.295: [GC (Allocation Failure)  374411K->46121K(1034752K), 0.0011152 secs]
295.297: Total time for which application threads were stopped: 0.0012441 seconds, Stopping threads took: 0.0000257 seconds
295.365: [GC (Allocation Failure)  367657K->52939K(1034752K), 0.0036345 secs]
295.369: Total time for which application threads were stopped: 0.0038064 seconds, Stopping threads took: 0.0000173 seconds
295.436: [GC (Allocation Failure)  374475K->57019K(1034752K), 0.0045637 secs]
295.441: Total time for which application threads were stopped: 0.0047419 seconds, Stopping threads took: 0.0000200 seconds
295.507: [GC (Allocation Failure)  378555K->51481K(1034752K), 0.0015969 secs]
295.508: Total time for which application threads were stopped: 0.0017580 seconds, Stopping threads took: 0.0000208 seconds
295.576: [GC (Allocation Failure)  373017K->57323K(1034752K), 0.0039879 secs]
295.580: Total time for which application threads were stopped: 0.0041569 seconds, Stopping threads took: 0.0000192 seconds
295.648: [GC (Allocation Failure)  378859K->61163K(1035264K), 0.0039704 secs]
295.652: Total time for which application threads were stopped: 0.0041344 seconds, Stopping threads took: 0.0000202 seconds
295.719: [GC (Allocation Failure)  383651K->57289K(1035264K), 0.0024189 secs]
295.721: Total time for which application threads were stopped: 0.0025711 seconds, Stopping threads took: 0.0000198 seconds
295.790: [GC (Allocation Failure)  379849K->61323K(1036288K), 0.0038099 secs]
295.793: Total time for which application threads were stopped: 0.0039742 seconds, Stopping threads took: 0.0000259 seconds
295.861: [GC (Allocation Failure)  385419K->65323K(1035776K), 0.0035915 secs]
295.864: Total time for which application threads were stopped: 0.0037768 seconds, Stopping threads took: 0.0000446 seconds
295.933: [GC (Allocation Failure)  389419K->65291K(1035776K), 0.0036302 secs]
295.937: Total time for which application threads were stopped: 0.0037987 seconds, Stopping threads took: 0.0000258 seconds
296.005: [GC (Allocation Failure)  388875K->65355K(1023488K), 0.0038352 secs]
296.009: Total time for which application threads were stopped: 0.0040250 seconds, Stopping threads took: 0.0000193 seconds
296.076: [GC (Allocation Failure)  388939K->73325K(1035264K), 0.0039029 secs]
296.080: Total time for which application threads were stopped: 0.0040596 seconds, Stopping threads took: 0.0000171 seconds
296.146: [GC (Allocation Failure)  395885K->73357K(1030144K), 0.0034810 secs]
296.149: Total time for which application threads were stopped: 0.0036267 seconds, Stopping threads took: 0.0000200 seconds
296.214: [GC (Allocation Failure)  395917K->73389K(1034752K), 0.0037317 secs]
296.218: Total time for which application threads were stopped: 0.0038711 seconds, Stopping threads took: 0.0000208 seconds
296.283: [GC (Allocation Failure)  394925K->81360K(1029120K), 0.0037250 secs]
296.287: Total time for which application threads were stopped: 0.0038666 seconds, Stopping threads took: 0.0000257 seconds
296.353: [GC (Allocation Failure)  402896K->81328K(1034240K), 0.0043967 secs]
296.358: Total time for which application threads were stopped: 0.0045854 seconds, Stopping threads took: 0.0000194 seconds
296.425: [GC (Allocation Failure)  401840K->81608K(1034240K), 0.0038963 secs]
296.429: Total time for which application threads were stopped: 0.0040600 seconds, Stopping threads took: 0.0000206 seconds
296.499: [GC (Allocation Failure)  402120K->89386K(1034240K), 0.0037747 secs]
296.502: Total time for which application threads were stopped: 0.0039386 seconds, Stopping threads took: 0.0000196 seconds
296.571: [GC (Allocation Failure)  409898K->89386K(1034240K), 0.0037082 secs]
296.575: Total time for which application threads were stopped: 0.0038691 seconds, Stopping threads took: 0.0000201 seconds
296.641: [GC (Allocation Failure)  409898K->89834K(1034240K), 0.0039311 secs]
296.645: Total time for which application threads were stopped: 0.0041083 seconds, Stopping threads took: 0.0000207 seconds
296.714: [GC (Allocation Failure)  410346K->97452K(1028096K), 0.0038130 secs]
296.717: Total time for which application threads were stopped: 0.0039716 seconds, Stopping threads took: 0.0000209 seconds
296.781: [GC (Allocation Failure)  417964K->97388K(1033728K), 0.0043174 secs]
296.785: Total time for which application threads were stopped: 0.0044677 seconds, Stopping threads took: 0.0000233 seconds
296.848: [GC (Allocation Failure)  416876K->97572K(1033728K), 0.0036093 secs]
296.851: Total time for which application threads were stopped: 0.0037497 seconds, Stopping threads took: 0.0000265 seconds
296.915: [GC (Allocation Failure)  417060K->105446K(1033728K), 0.0035522 secs]
296.919: Total time for which application threads were stopped: 0.0036810 seconds, Stopping threads took: 0.0000188 seconds
296.984: [GC (Allocation Failure)  424934K->105478K(1033728K), 0.0036880 secs]
296.988: Total time for which application threads were stopped: 0.0038436 seconds, Stopping threads took: 0.0000263 seconds
297.051: [GC (Allocation Failure)  424966K->105518K(1033728K), 0.0037657 secs]
297.055: Total time for which application threads were stopped: 0.0038900 seconds, Stopping threads took: 0.0000160 seconds
297.116: [GC (Allocation Failure)  425006K->113489K(1027072K), 0.0038597 secs]
297.120: Total time for which application threads were stopped: 0.0040207 seconds, Stopping threads took: 0.0000235 seconds
297.181: [GC (Allocation Failure)  432976K->109550K(1034240K), 0.0027940 secs]
297.184: Total time for which application threads were stopped: 0.0029390 seconds, Stopping threads took: 0.0000311 seconds
297.250: [GC (Allocation Failure)  429038K->113641K(1033216K), 0.0037256 secs]
297.253: Total time for which application threads were stopped: 0.0038469 seconds, Stopping threads took: 0.0000163 seconds
297.318: [GC (Allocation Failure)  433129K->117609K(1034752K), 0.0035623 secs]
297.321: Total time for which application threads were stopped: 0.0037306 seconds, Stopping threads took: 0.0000268 seconds
297.389: [GC (Allocation Failure)  439145K->110822K(1034752K), 0.0012835 secs]
297.390: Total time for which application threads were stopped: 0.0014125 seconds, Stopping threads took: 0.0000194 seconds
297.459: [GC (Allocation Failure)  432358K->117641K(1034752K), 0.0038204 secs]
297.463: Total time for which application threads were stopped: 0.0039733 seconds, Stopping threads took: 0.0000187 seconds
297.528: [GC (Allocation Failure)  439177K->121753K(1034752K), 0.0048613 secs]
297.533: Total time for which application threads were stopped: 0.0050306 seconds, Stopping threads took: 0.0000189 seconds
297.598: [GC (Allocation Failure)  443289K->116214K(1034752K), 0.0017857 secs]
297.600: Total time for which application threads were stopped: 0.0019196 seconds, Stopping threads took: 0.0000189 seconds
297.667: [GC (Allocation Failure)  437750K->122025K(1034752K), 0.0038509 secs]
297.671: Total time for which application threads were stopped: 0.0039868 seconds, Stopping threads took: 0.0000205 seconds
297.736: [GC (Allocation Failure)  443561K->125865K(1034752K), 0.0042496 secs]
297.740: Total time for which application threads were stopped: 0.0043979 seconds, Stopping threads took: 0.0000200 seconds
297.807: [GC (Allocation Failure)  448353K->121990K(1035264K), 0.0026265 secs]
297.809: Total time for which application threads were stopped: 0.0027788 seconds, Stopping threads took: 0.0000280 seconds
297.877: [GC (Allocation Failure)  444550K->126057K(1036288K), 0.0040764 secs]
297.881: Total time for which application threads were stopped: 0.0042360 seconds, Stopping threads took: 0.0000197 seconds
297.948: [GC (Allocation Failure)  450153K->130025K(1035776K), 0.0036909 secs]
297.951: Total time for which application threads were stopped: 0.0038564 seconds, Stopping threads took: 0.0000195 seconds
298.018: [GC (Allocation Failure)  454121K->129993K(1035776K), 0.0038071 secs]
298.022: Total time for which application threads were stopped: 0.0039645 seconds, Stopping threads took: 0.0000195 seconds
298.089: [GC (Allocation Failure)  453577K->130089K(1023488K), 0.0038229 secs]
298.093: Total time for which application threads were stopped: 0.0039810 seconds, Stopping threads took: 0.0000192 seconds
298.158: [GC (Allocation Failure)  453673K->138123K(1035264K), 0.0036988 secs]
298.161: Total time for which application threads were stopped: 0.0038321 seconds, Stopping threads took: 0.0000195 seconds
298.225: [GC (Allocation Failure)  460683K->138091K(1030144K), 0.0036575 secs]
298.229: Total time for which application threads were stopped: 0.0037918 seconds, Stopping threads took: 0.0000195 seconds
298.294: [GC (Allocation Failure)  460651K->138123K(1034752K), 0.0036694 secs]
298.298: Total time for which application threads were stopped: 0.0038305 seconds, Stopping threads took: 0.0000263 seconds
298.366: [GC (Allocation Failure)  459659K->146093K(1034752K), 0.0039180 secs]
298.370: Total time for which application threads were stopped: 0.0040889 seconds, Stopping threads took: 0.0000168 seconds
298.439: [GC (Allocation Failure)  467629K->146093K(1033728K), 0.0037382 secs]
298.442: Total time for which application threads were stopped: 0.0038997 seconds, Stopping threads took: 0.0000167 seconds
298.509: [GC (Allocation Failure)  466605K->146317K(1034240K), 0.0045940 secs]
298.514: Total time for which application threads were stopped: 0.0047694 seconds, Stopping threads took: 0.0000204 seconds
298.582: [GC (Allocation Failure)  466829K->154159K(1034240K), 0.0037858 secs]
298.586: Total time for which application threads were stopped: 0.0039263 seconds, Stopping threads took: 0.0000192 seconds
298.651: [GC (Allocation Failure)  474671K->154159K(1034240K), 0.0039691 secs]
298.655: Total time for which application threads were stopped: 0.0041255 seconds, Stopping threads took: 0.0000199 seconds
298.720: [GC (Allocation Failure)  474671K->154567K(1033216K), 0.0038162 secs]
298.724: Total time for which application threads were stopped: 0.0039534 seconds, Stopping threads took: 0.0000203 seconds
298.788: [GC (Allocation Failure)  474055K->162186K(1033728K), 0.0037056 secs]
298.792: Total time for which application threads were stopped: 0.0038433 seconds, Stopping threads took: 0.0000263 seconds
298.857: [GC (Allocation Failure)  481674K->162154K(1033728K), 0.0036057 secs]
298.861: Total time for which application threads were stopped: 0.0037558 seconds, Stopping threads took: 0.0000254 seconds
298.923: [GC (Allocation Failure)  481642K->162314K(1033728K), 0.0037411 secs]
298.926: Total time for which application threads were stopped: 0.0038683 seconds, Stopping threads took: 0.0000173 seconds
298.989: [GC (Allocation Failure)  481802K->170220K(1033728K), 0.0036335 secs]
298.993: Total time for which application threads were stopped: 0.0037630 seconds, Stopping threads took: 0.0000175 seconds
299.056: [GC (Allocation Failure)  489708K->170188K(1033728K), 0.0037899 secs]
299.060: Total time for which application threads were stopped: 0.0039244 seconds, Stopping threads took: 0.0000256 seconds
299.123: [GC (Allocation Failure)  489676K->170252K(1033728K), 0.0038530 secs]
299.127: Total time for which application threads were stopped: 0.0039845 seconds, Stopping threads took: 0.0000183 seconds
299.189: [GC (Allocation Failure)  489740K->178190K(1027072K), 0.0038035 secs]
299.193: Total time for which application threads were stopped: 0.0039195 seconds, Stopping threads took: 0.0000179 seconds
299.256: [GC (Allocation Failure)  497678K->174348K(1034240K), 0.0030419 secs]
299.259: Total time for which application threads were stopped: 0.0031650 seconds, Stopping threads took: 0.0000155 seconds
299.324: [GC (Allocation Failure)  493836K->178382K(1033216K), 0.0038305 secs]
299.328: Total time for which application threads were stopped: 0.0039606 seconds, Stopping threads took: 0.0000249 seconds
299.397: [GC (Allocation Failure)  497870K->182350K(1034752K), 0.0038843 secs]
299.401: Total time for which application threads were stopped: 0.0040402 seconds, Stopping threads took: 0.0000199 seconds
299.466: [GC (Allocation Failure)  503886K->175564K(1034752K), 0.0014112 secs]
299.468: Total time for which application threads were stopped: 0.0015397 seconds, Stopping threads took: 0.0000206 seconds
299.534: [GC (Allocation Failure)  497100K->182414K(1034752K), 0.0037163 secs]
299.538: Total time for which application threads were stopped: 0.0038765 seconds, Stopping threads took: 0.0000270 seconds
299.604: [GC (Allocation Failure)  503950K->186462K(1034752K), 0.0050137 secs]
299.609: Total time for which application threads were stopped: 0.0051429 seconds, Stopping threads took: 0.0000188 seconds
299.671: [GC (Allocation Failure)  507998K->180956K(1034752K), 0.0021792 secs]
299.673: Total time for which application threads were stopped: 0.0023229 seconds, Stopping threads took: 0.0000193 seconds
299.739: [GC (Allocation Failure)  502492K->186766K(1034752K), 0.0039348 secs]
299.743: Total time for which application threads were stopped: 0.0040857 seconds, Stopping threads took: 0.0000196 seconds
299.808: [GC (Allocation Failure)  508302K->190638K(1034752K), 0.0042468 secs]
299.812: Total time for which application threads were stopped: 0.0043882 seconds, Stopping threads took: 0.0000254 seconds
299.875: [GC (Allocation Failure)  513127K->186764K(1035264K), 0.0028150 secs]
299.878: Total time for which application threads were stopped: 0.0029430 seconds, Stopping threads took: 0.0000189 seconds
299.942: [GC (Allocation Failure)  509324K->190798K(1036288K), 0.0039303 secs]
299.946: Total time for which application threads were stopped: 0.0040857 seconds, Stopping threads took: 0.0000267 seconds
300.012: [GC (Allocation Failure)  514894K->194798K(1035776K), 0.0037664 secs]
300.016: Total time for which application threads were stopped: 0.0039025 seconds, Stopping threads took: 0.0000198 seconds
300.081: [GC (Allocation Failure)  518894K->194734K(1035776K), 0.0037669 secs]
300.084: Total time for which application threads were stopped: 0.0039025 seconds, Stopping threads took: 0.0000194 seconds
300.148: [GC (Allocation Failure)  518318K->194822K(1023488K), 0.0039746 secs]
300.152: Total time for which application threads were stopped: 0.0041226 seconds, Stopping threads took: 0.0000194 seconds
300.217: [GC (Allocation Failure)  518406K->202825K(1035264K), 0.0039992 secs]
300.221: Total time for which application threads were stopped: 0.0041203 seconds, Stopping threads took: 0.0000152 seconds
300.286: [GC (Allocation Failure)  525385K->202825K(1030144K), 0.0036815 secs]
300.290: Total time for which application threads were stopped: 0.0038212 seconds, Stopping threads took: 0.0000255 seconds
300.356: [GC (Allocation Failure)  525385K->202817K(1034752K), 0.0111225 secs]
300.367: Total time for which application threads were stopped: 0.0112709 seconds, Stopping threads took: 0.0000248 seconds
300.434: [GC (Allocation Failure)  524353K->210819K(1034752K), 0.0042758 secs]
300.438: Total time for which application threads were stopped: 0.0044356 seconds, Stopping threads took: 0.0000190 seconds
300.505: [GC (Allocation Failure)  532355K->210819K(1033728K), 0.0037976 secs]
300.509: Total time for which application threads were stopped: 0.0039459 seconds, Stopping threads took: 0.0000196 seconds
300.575: [GC (Allocation Failure)  531331K->211083K(1034240K), 0.0039756 secs]
300.579: Total time for which application threads were stopped: 0.0041077 seconds, Stopping threads took: 0.0000197 seconds
300.643: [GC (Allocation Failure)  531595K->218861K(1034240K), 0.0037562 secs]
300.647: Total time for which application threads were stopped: 0.0038913 seconds, Stopping threads took: 0.0000191 seconds
300.713: [GC (Allocation Failure)  539373K->218861K(1034240K), 0.0038862 secs]
300.717: Total time for which application threads were stopped: 0.0040233 seconds, Stopping threads took: 0.0000196 seconds
300.780: [GC (Allocation Failure)  539373K->219309K(1033216K), 0.0039046 secs]
300.784: Total time for which application threads were stopped: 0.0040447 seconds, Stopping threads took: 0.0000190 seconds
300.849: [GC (Allocation Failure)  538797K->226895K(1033728K), 0.0039889 secs]
300.854: Total time for which application threads were stopped: 0.0041327 seconds, Stopping threads took: 0.0000207 seconds
300.919: [GC (Allocation Failure)  546383K->226927K(1033728K), 0.0039276 secs]
300.923: Total time for which application threads were stopped: 0.0040724 seconds, Stopping threads took: 0.0000200 seconds
300.983: [GC (Allocation Failure)  546415K->227047K(1033728K), 0.0038138 secs]
300.987: Total time for which application threads were stopped: 0.0039545 seconds, Stopping threads took: 0.0000261 seconds
301.050: [GC (Allocation Failure)  546535K->234954K(1033728K), 0.0039149 secs]
301.054: Total time for which application threads were stopped: 0.0040563 seconds, Stopping threads took: 0.0000274 seconds
301.117: [GC (Allocation Failure)  554442K->234922K(1033728K), 0.0040483 secs]
301.121: Total time for which application threads were stopped: 0.0041916 seconds, Stopping threads took: 0.0000189 seconds
301.186: [GC (Allocation Failure)  554410K->234986K(1033728K), 0.0039944 secs]
301.190: Total time for which application threads were stopped: 0.0041254 seconds, Stopping threads took: 0.0000181 seconds
301.253: [GC (Allocation Failure)  554474K->242924K(1027072K), 0.0041703 secs]
301.257: Total time for which application threads were stopped: 0.0043150 seconds, Stopping threads took: 0.0000183 seconds
301.320: [GC (Allocation Failure)  562411K->239050K(1034240K), 0.0031175 secs]
301.323: Total time for which application threads were stopped: 0.0032566 seconds, Stopping threads took: 0.0000266 seconds
301.389: [GC (Allocation Failure)  558538K->243116K(1033216K), 0.0041008 secs]
301.394: Total time for which application threads were stopped: 0.0042318 seconds, Stopping threads took: 0.0000193 seconds
301.461: [GC (Allocation Failure)  562604K->247084K(1034752K), 0.0039726 secs]
301.465: Total time for which application threads were stopped: 0.0041163 seconds, Stopping threads took: 0.0000196 seconds
301.528: [GC (Allocation Failure)  568620K->240298K(1034752K), 0.0016105 secs]
301.529: Total time for which application threads were stopped: 0.0017392 seconds, Stopping threads took: 0.0000192 seconds
301.593: [GC (Allocation Failure)  561834K->247148K(1034752K), 0.0039326 secs]
301.597: Total time for which application threads were stopped: 0.0040674 seconds, Stopping threads took: 0.0000199 seconds
301.662: [GC (Allocation Failure)  568684K->251228K(1034752K), 0.0048998 secs]
301.667: Total time for which application threads were stopped: 0.0050374 seconds, Stopping threads took: 0.0000189 seconds
301.729: [GC (Allocation Failure)  572764K->245722K(1034752K), 0.0023902 secs]
301.732: Total time for which application threads were stopped: 0.0025390 seconds, Stopping threads took: 0.0000248 seconds
301.796: [GC (Allocation Failure)  567258K->251468K(1034752K), 0.0039880 secs]
301.800: Total time for which application threads were stopped: 0.0041489 seconds, Stopping threads took: 0.0000268 seconds
301.866: [GC (Allocation Failure)  573004K->255380K(1034752K), 0.0042735 secs]
301.870: Total time for which application threads were stopped: 0.0043923 seconds, Stopping threads took: 0.0000154 seconds
301.933: [GC (Allocation Failure)  577868K->251442K(1035264K), 0.0028838 secs]
301.936: Total time for which application threads were stopped: 0.0030249 seconds, Stopping threads took: 0.0000190 seconds
302.002: [GC (Allocation Failure)  574002K->255532K(1036288K), 0.0041878 secs]
302.007: Total time for which application threads were stopped: 0.0043435 seconds, Stopping threads took: 0.0000279 seconds
302.070: [GC (Allocation Failure)  579628K->259500K(1035776K), 0.0040140 secs]
302.074: Total time for which application threads were stopped: 0.0041518 seconds, Stopping threads took: 0.0000181 seconds
302.138: [GC (Allocation Failure)  583596K->259500K(1035776K), 0.0038593 secs]
302.142: Total time for which application threads were stopped: 0.0039907 seconds, Stopping threads took: 0.0000192 seconds
302.205: [GC (Allocation Failure)  583084K->259564K(1023488K), 0.0040463 secs]
302.210: Total time for which application threads were stopped: 0.0041744 seconds, Stopping threads took: 0.0000180 seconds
302.271: [GC (Allocation Failure)  583148K->267566K(1035264K), 0.0040847 secs]
302.276: Total time for which application threads were stopped: 0.0042287 seconds, Stopping threads took: 0.0000176 seconds
302.341: [GC (Allocation Failure)  590126K->267502K(1030144K), 0.0050402 secs]
302.346: Total time for which application threads were stopped: 0.0051771 seconds, Stopping threads took: 0.0000262 seconds
302.411: [GC (Allocation Failure)  590062K->267598K(1034752K), 0.0042250 secs]
302.415: Total time for which application threads were stopped: 0.0043759 seconds, Stopping threads took: 0.0000202 seconds
302.482: [GC (Allocation Failure)  589134K->275568K(1034752K), 0.0043219 secs]
302.486: Total time for which application threads were stopped: 0.0044690 seconds, Stopping threads took: 0.0000164 seconds
302.552: [GC (Allocation Failure)  597104K->275568K(1033728K), 0.0038006 secs]
302.555: Total time for which application threads were stopped: 0.0039361 seconds, Stopping threads took: 0.0000196 seconds
302.619: [GC (Allocation Failure)  596080K->275816K(1034240K), 0.0041360 secs]
302.623: Total time for which application threads were stopped: 0.0042882 seconds, Stopping threads took: 0.0000204 seconds
302.687: [GC (Allocation Failure)  596328K->283595K(1034240K), 0.0040207 secs]
302.691: Total time for which application threads were stopped: 0.0041755 seconds, Stopping threads took: 0.0000193 seconds
302.756: [GC (Allocation Failure)  604107K->283595K(1034240K), 0.0040826 secs]
302.760: Total time for which application threads were stopped: 0.0042309 seconds, Stopping threads took: 0.0000264 seconds
302.823: [GC (Allocation Failure)  604107K->284043K(1034240K), 0.0040752 secs]
302.827: Total time for which application threads were stopped: 0.0042164 seconds, Stopping threads took: 0.0000255 seconds
302.892: [GC (Allocation Failure)  604555K->291629K(1028096K), 0.0039360 secs]
302.896: Total time for which application threads were stopped: 0.0040694 seconds, Stopping threads took: 0.0000193 seconds
302.957: [GC (Allocation Failure)  612141K->291597K(1033728K), 0.0040096 secs]
302.961: Total time for which application threads were stopped: 0.0041402 seconds, Stopping threads took: 0.0000185 seconds
303.024: [GC (Allocation Failure)  611085K->291789K(1033728K), 0.0041206 secs]
303.028: Total time for which application threads were stopped: 0.0042469 seconds, Stopping threads took: 0.0000176 seconds
303.091: [GC (Allocation Failure)  611277K->299695K(1033728K), 0.0039786 secs]
303.095: Total time for which application threads were stopped: 0.0041190 seconds, Stopping threads took: 0.0000181 seconds
303.161: [GC (Allocation Failure)  619183K->299663K(1033728K), 0.0040115 secs]
303.165: Total time for which application threads were stopped: 0.0041434 seconds, Stopping threads took: 0.0000188 seconds
303.227: [GC (Allocation Failure)  619151K->299719K(1033728K), 0.0041320 secs]
303.232: Total time for which application threads were stopped: 0.0042843 seconds, Stopping threads took: 0.0000189 seconds
303.294: [GC (Allocation Failure)  619207K->307689K(1027072K), 0.0040370 secs]
303.299: Total time for which application threads were stopped: 0.0041657 seconds, Stopping threads took: 0.0000183 seconds
303.362: [GC (Allocation Failure)  627177K->303783K(1034240K), 0.0048867 secs]
303.366: Total time for which application threads were stopped: 0.0050379 seconds, Stopping threads took: 0.0000164 seconds
303.434: [GC (Allocation Failure)  623271K->307841K(1033216K), 0.0044080 secs]
303.438: Total time for which application threads were stopped: 0.0045761 seconds, Stopping threads took: 0.0000193 seconds
303.504: [GC (Allocation Failure)  627329K->311809K(1034752K), 0.0040467 secs]
303.508: Total time for which application threads were stopped: 0.0041814 seconds, Stopping threads took: 0.0000197 seconds
303.573: [GC (Allocation Failure)  633345K->305023K(1034752K), 0.0017229 secs]
303.575: Total time for which application threads were stopped: 0.0018565 seconds, Stopping threads took: 0.0000206 seconds
303.640: [GC (Allocation Failure)  626559K->311881K(1034752K), 0.0041356 secs]
303.644: Total time for which application threads were stopped: 0.0042710 seconds, Stopping threads took: 0.0000197 seconds
303.709: [GC (Allocation Failure)  633417K->315961K(1034752K), 0.0051515 secs]
303.714: Total time for which application threads were stopped: 0.0053076 seconds, Stopping threads took: 0.0000194 seconds
303.780: [GC (Allocation Failure)  637497K->310423K(1034752K), 0.0022494 secs]
303.782: Total time for which application threads were stopped: 0.0023894 seconds, Stopping threads took: 0.0000197 seconds
303.850: [GC (Allocation Failure)  631959K->316233K(1034752K), 0.0040431 secs]
303.854: Total time for which application threads were stopped: 0.0041815 seconds, Stopping threads took: 0.0000262 seconds
303.920: [GC (Allocation Failure)  637769K->320065K(1034752K), 0.0044057 secs]
303.924: Total time for which application threads were stopped: 0.0045522 seconds, Stopping threads took: 0.0000260 seconds
303.988: [GC (Allocation Failure)  642554K->316223K(1035264K), 0.0030169 secs]
303.991: Total time for which application threads were stopped: 0.0031636 seconds, Stopping threads took: 0.0000190 seconds
304.058: [GC (Allocation Failure)  638783K->320265K(1036288K), 0.0042939 secs]
304.062: Total time for which application threads were stopped: 0.0044319 seconds, Stopping threads took: 0.0000196 seconds
304.126: [GC (Allocation Failure)  644361K->324265K(1035776K), 0.0041600 secs]
304.130: Total time for which application threads were stopped: 0.0042928 seconds, Stopping threads took: 0.0000197 seconds
304.196: [GC (Allocation Failure)  648361K->324233K(1035776K), 0.0041493 secs]
304.200: Total time for which application threads were stopped: 0.0042982 seconds, Stopping threads took: 0.0000187 seconds
304.266: [GC (Allocation Failure)  647817K->324297K(1023488K), 0.0041514 secs]
304.270: Total time for which application threads were stopped: 0.0042887 seconds, Stopping threads took: 0.0000160 seconds
304.335: [GC (Allocation Failure)  647881K->332300K(1035264K), 0.0041176 secs]
304.339: Total time for which application threads were stopped: 0.0042553 seconds, Stopping threads took: 0.0000197 seconds
304.407: [GC (Allocation Failure)  654860K->332268K(1030144K), 0.0042060 secs]
304.411: Total time for which application threads were stopped: 0.0043640 seconds, Stopping threads took: 0.0000175 seconds
304.478: [GC (Allocation Failure)  654828K->332332K(1034752K), 0.0041750 secs]
304.482: Total time for which application threads were stopped: 0.0043331 seconds, Stopping threads took: 0.0000204 seconds
304.550: [GC (Allocation Failure)  653868K->340334K(1034752K), 0.0045137 secs]
304.554: Total time for which application threads were stopped: 0.0046557 seconds, Stopping threads took: 0.0000176 seconds
304.622: [GC (Allocation Failure)  661870K->340302K(1033728K), 0.0040497 secs]
304.627: Total time for which application threads were stopped: 0.0042139 seconds, Stopping threads took: 0.0000209 seconds
304.692: [GC (Allocation Failure)  660814K->340550K(1034240K), 0.0043808 secs]
304.696: Total time for which application threads were stopped: 0.0045369 seconds, Stopping threads took: 0.0000199 seconds
304.761: [GC (Allocation Failure)  661062K->348360K(1034240K), 0.0041952 secs]
304.766: Total time for which application threads were stopped: 0.0043370 seconds, Stopping threads took: 0.0000192 seconds
304.831: [GC (Allocation Failure)  668872K->348328K(1034240K), 0.0041397 secs]
304.835: Total time for which application threads were stopped: 0.0042895 seconds, Stopping threads took: 0.0000274 seconds
304.900: [GC (Allocation Failure)  668840K->348736K(1033216K), 0.0050086 secs]
304.905: Total time for which application threads were stopped: 0.0051563 seconds, Stopping threads took: 0.0000190 seconds
304.970: [GC (Allocation Failure)  668224K->356323K(1033728K), 0.0042458 secs]
304.974: Total time for which application threads were stopped: 0.0043850 seconds, Stopping threads took: 0.0000175 seconds
305.040: [GC (Allocation Failure)  675811K->356355K(1033728K), 0.0041006 secs]
305.044: Total time for which application threads were stopped: 0.0042335 seconds, Stopping threads took: 0.0000183 seconds
305.105: [GC (Allocation Failure)  675843K->356491K(1033728K), 0.0043131 secs]
305.109: Total time for which application threads were stopped: 0.0044517 seconds, Stopping threads took: 0.0000265 seconds
305.172: [GC (Allocation Failure)  675979K->364397K(1033728K), 0.0041645 secs]
305.177: Total time for which application threads were stopped: 0.0043119 seconds, Stopping threads took: 0.0000238 seconds
305.241: [GC (Allocation Failure)  683885K->364397K(1033728K), 0.0043757 secs]
305.246: Total time for which application threads were stopped: 0.0045666 seconds, Stopping threads took: 0.0000237 seconds
305.310: [GC (Allocation Failure)  683885K->364461K(1033728K), 0.0041943 secs]
305.315: Total time for which application threads were stopped: 0.0043227 seconds, Stopping threads took: 0.0000193 seconds
305.382: [GC (Allocation Failure)  683949K->372431K(1027072K), 0.0044955 secs]
305.387: Total time for which application threads were stopped: 0.0046722 seconds, Stopping threads took: 0.0000201 seconds
305.452: [GC (Allocation Failure)  691919K->368557K(1034240K), 0.0033691 secs]
305.456: Total time for which application threads were stopped: 0.0035426 seconds, Stopping threads took: 0.0000164 seconds
305.525: [GC (Allocation Failure)  688045K->372583K(1033216K), 0.0042838 secs]
305.529: Total time for which application threads were stopped: 0.0044576 seconds, Stopping threads took: 0.0000277 seconds
305.594: [GC (Allocation Failure)  692071K->376519K(1034752K), 0.0041419 secs]
305.599: Total time for which application threads were stopped: 0.0042800 seconds, Stopping threads took: 0.0000196 seconds
305.664: [GC (Allocation Failure)  698055K->369765K(1034752K), 0.0018437 secs]
305.666: Total time for which application threads were stopped: 0.0019794 seconds, Stopping threads took: 0.0000163 seconds
305.733: [GC (Allocation Failure)  691301K->376623K(1034752K), 0.0043362 secs]
305.737: Total time for which application threads were stopped: 0.0044677 seconds, Stopping threads took: 0.0000168 seconds
305.802: [GC (Allocation Failure)  698159K->380703K(1034752K), 0.0051979 secs]
305.808: Total time for which application threads were stopped: 0.0053762 seconds, Stopping threads took: 0.0000279 seconds
305.872: [GC (Allocation Failure)  702239K->375133K(1034752K), 0.0024000 secs]
305.874: Total time for which application threads were stopped: 0.0025480 seconds, Stopping threads took: 0.0000271 seconds
305.942: [GC (Allocation Failure)  696669K->380999K(1034752K), 0.0043291 secs]
305.946: Total time for which application threads were stopped: 0.0044846 seconds, Stopping threads took: 0.0000198 seconds
306.012: [GC (Allocation Failure)  702535K->384839K(1034752K), 0.0046768 secs]
306.017: Total time for which application threads were stopped: 0.0048110 seconds, Stopping threads took: 0.0000169 seconds
306.084: [GC (Allocation Failure)  707327K->380933K(1035264K), 0.0033300 secs]
306.088: Total time for which application threads were stopped: 0.0034872 seconds, Stopping threads took: 0.0000207 seconds
306.153: [GC (Allocation Failure)  703493K->384999K(1036288K), 0.0046005 secs]
306.158: Total time for which application threads were stopped: 0.0047492 seconds, Stopping threads took: 0.0000198 seconds
306.224: [GC (Allocation Failure)  709095K->388999K(1035776K), 0.0042223 secs]
306.229: Total time for which application threads were stopped: 0.0043850 seconds, Stopping threads took: 0.0000199 seconds
306.296: [GC (Allocation Failure)  713095K->388967K(1035776K), 0.0041518 secs]
306.300: Total time for which application threads were stopped: 0.0042988 seconds, Stopping threads took: 0.0000199 seconds
306.367: [GC (Allocation Failure)  712551K->389031K(1023488K), 0.0043980 secs]
306.371: Total time for which application threads were stopped: 0.0045918 seconds, Stopping threads took: 0.0000175 seconds
306.438: [GC (Allocation Failure)  712615K->397001K(1035264K), 0.0044949 secs]
306.443: Total time for which application threads were stopped: 0.0046766 seconds, Stopping threads took: 0.0000164 seconds
306.512: [GC (Allocation Failure)  719561K->397001K(1030144K), 0.0044021 secs]
306.516: Total time for which application threads were stopped: 0.0045582 seconds, Stopping threads took: 0.0000169 seconds
306.583: [GC (Allocation Failure)  719561K->397065K(1034752K), 0.0046197 secs]
306.588: Total time for which application threads were stopped: 0.0047849 seconds, Stopping threads took: 0.0000194 seconds
306.655: [GC (Allocation Failure)  718601K->405036K(1034752K), 0.0045831 secs]
306.659: Total time for which application threads were stopped: 0.0047578 seconds, Stopping threads took: 0.0000200 seconds
306.728: [GC (Allocation Failure)  726572K->405004K(1033728K), 0.0043461 secs]
306.733: Total time for which application threads were stopped: 0.0045130 seconds, Stopping threads took: 0.0000199 seconds
306.800: [GC (Allocation Failure)  725516K->405292K(1034240K), 0.0042303 secs]
306.804: Total time for which application threads were stopped: 0.0043898 seconds, Stopping threads took: 0.0000265 seconds
306.871: [GC (Allocation Failure)  725804K->413070K(1034240K), 0.0042187 secs]
306.876: Total time for which application threads were stopped: 0.0043900 seconds, Stopping threads took: 0.0000208 seconds
306.943: [GC (Allocation Failure)  733582K->413070K(1034240K), 0.0043291 secs]
306.948: Total time for which application threads were stopped: 0.0045138 seconds, Stopping threads took: 0.0000200 seconds
307.015: [GC (Allocation Failure)  733582K->413510K(1034240K), 0.0045997 secs]
307.020: Total time for which application threads were stopped: 0.0047583 seconds, Stopping threads took: 0.0000200 seconds
307.086: [GC (Allocation Failure)  734022K->421128K(1028096K), 0.0043914 secs]
307.090: Total time for which application threads were stopped: 0.0045518 seconds, Stopping threads took: 0.0000191 seconds
307.154: [GC (Allocation Failure)  741640K->421096K(1033728K), 0.0042566 secs]
307.158: Total time for which application threads were stopped: 0.0044161 seconds, Stopping threads took: 0.0000200 seconds
307.221: [GC (Allocation Failure)  740584K->421256K(1033728K), 0.0044047 secs]
307.226: Total time for which application threads were stopped: 0.0045467 seconds, Stopping threads took: 0.0000208 seconds
307.292: [GC (Allocation Failure)  740744K->429130K(1033728K), 0.0043289 secs]
307.296: Total time for which application threads were stopped: 0.0044789 seconds, Stopping threads took: 0.0000195 seconds
307.363: [GC (Allocation Failure)  748618K->429130K(1033728K), 0.0051236 secs]
307.368: Total time for which application threads were stopped: 0.0052909 seconds, Stopping threads took: 0.0000253 seconds
307.434: [GC (Allocation Failure)  748618K->429194K(1033728K), 0.0045641 secs]
307.438: Total time for which application threads were stopped: 0.0047326 seconds, Stopping threads took: 0.0000191 seconds
307.503: [GC (Allocation Failure)  748682K->437165K(1027072K), 0.0045183 secs]
307.508: Total time for which application threads were stopped: 0.0046960 seconds, Stopping threads took: 0.0000197 seconds
307.572: [GC (Allocation Failure)  756652K->433258K(1034240K), 0.0035394 secs]
307.576: Total time for which application threads were stopped: 0.0037057 seconds, Stopping threads took: 0.0000202 seconds
307.643: [GC (Allocation Failure)  752746K->437325K(1033216K), 0.0044938 secs]
307.648: Total time for which application threads were stopped: 0.0046703 seconds, Stopping threads took: 0.0000216 seconds
307.715: [GC (Allocation Failure)  756813K->441325K(1034752K), 0.0043462 secs]
307.720: Total time for which application threads were stopped: 0.0045137 seconds, Stopping threads took: 0.0000200 seconds
307.786: [GC (Allocation Failure)  762861K->434538K(1034752K), 0.0021332 secs]
307.788: Total time for which application threads were stopped: 0.0022746 seconds, Stopping threads took: 0.0000199 seconds
307.855: [GC (Allocation Failure)  756074K->441357K(1034752K), 0.0049561 secs]
307.860: Total time for which application threads were stopped: 0.0051279 seconds, Stopping threads took: 0.0000269 seconds
307.926: [GC (Allocation Failure)  762893K->445469K(1034752K), 0.0055013 secs]
307.931: Total time for which application threads were stopped: 0.0056801 seconds, Stopping threads took: 0.0000197 seconds
307.998: [GC (Allocation Failure)  767005K->439866K(1034752K), 0.0025025 secs]
308.001: Total time for which application threads were stopped: 0.0026715 seconds, Stopping threads took: 0.0000198 seconds
308.068: [GC (Allocation Failure)  761402K->445709K(1034752K), 0.0044740 secs]
308.073: Total time for which application threads were stopped: 0.0046343 seconds, Stopping threads took: 0.0000192 seconds
308.141: [GC (Allocation Failure)  767245K->449573K(1034752K), 0.0049591 secs]
308.146: Total time for which application threads were stopped: 0.0051218 seconds, Stopping threads took: 0.0000199 seconds
308.212: [GC (Allocation Failure)  772061K->445698K(1035264K), 0.0034430 secs]
308.215: Total time for which application threads were stopped: 0.0036092 seconds, Stopping threads took: 0.0000197 seconds
308.285: [GC (Allocation Failure)  768258K->449741K(1036288K), 0.0046603 secs]
308.290: Total time for which application threads were stopped: 0.0048176 seconds, Stopping threads took: 0.0000194 seconds
308.357: [GC (Allocation Failure)  773837K->453709K(1035776K), 0.0071885 secs]
308.365: Total time for which application threads were stopped: 0.0073585 seconds, Stopping threads took: 0.0000254 seconds
308.433: [GC (Allocation Failure)  777805K->453741K(1035776K), 0.0045114 secs]
308.438: Total time for which application threads were stopped: 0.0046724 seconds, Stopping threads took: 0.0000194 seconds
308.505: [GC (Allocation Failure)  777325K->453773K(1023488K), 0.0048021 secs]
308.510: Total time for which application threads were stopped: 0.0049829 seconds, Stopping threads took: 0.0000202 seconds
308.576: [GC (Allocation Failure)  777357K->461743K(1035264K), 0.0047472 secs]
308.581: Total time for which application threads were stopped: 0.0049199 seconds, Stopping threads took: 0.0000203 seconds
308.649: [GC (Allocation Failure)  784303K->461743K(1030144K), 0.0042759 secs]
308.653: Total time for which application threads were stopped: 0.0044728 seconds, Stopping threads took: 0.0000201 seconds
308.723: [GC (Allocation Failure)  784303K->461799K(1034752K), 0.0046522 secs]
308.727: Total time for which application threads were stopped: 0.0048244 seconds, Stopping threads took: 0.0000204 seconds
308.795: [GC (Allocation Failure)  783335K->469769K(1034752K), 0.0075343 secs]
308.803: Total time for which application threads were stopped: 0.0077373 seconds, Stopping threads took: 0.0000266 seconds
308.871: [GC (Allocation Failure)  791305K->469769K(1033728K), 0.0044293 secs]
308.875: Total time for which application threads were stopped: 0.0045883 seconds, Stopping threads took: 0.0000169 seconds
308.943: [GC (Allocation Failure)  790281K->469993K(1034240K), 0.0044944 secs]
308.947: Total time for which application threads were stopped: 0.0046756 seconds, Stopping threads took: 0.0000201 seconds
309.015: [GC (Allocation Failure)  790505K->477803K(1034240K), 0.0043348 secs]
309.019: Total time for which application threads were stopped: 0.0045075 seconds, Stopping threads took: 0.0000201 seconds
309.088: [GC (Allocation Failure)  798315K->477803K(1034240K), 0.0046537 secs]
309.092: Total time for which application threads were stopped: 0.0048156 seconds, Stopping threads took: 0.0000202 seconds
309.161: [GC (Allocation Failure)  798315K->478219K(1033216K), 0.0045251 secs]
309.165: Total time for which application threads were stopped: 0.0046940 seconds, Stopping threads took: 0.0000196 seconds
309.233: [GC (Allocation Failure)  797707K->485870K(1033728K), 0.0045580 secs]
309.238: Total time for which application threads were stopped: 0.0047306 seconds, Stopping threads took: 0.0000204 seconds
309.306: [GC (Allocation Failure)  805358K->485838K(1033728K), 0.0046383 secs]
309.311: Total time for which application threads were stopped: 0.0048058 seconds, Stopping threads took: 0.0000262 seconds
309.378: [GC (Allocation Failure)  805326K->485958K(1033728K), 0.0045996 secs]
309.383: Total time for which application threads were stopped: 0.0047518 seconds, Stopping threads took: 0.0000171 seconds
309.450: [GC (Allocation Failure)  805446K->493928K(1033728K), 0.0044323 secs]
309.454: Total time for which application threads were stopped: 0.0045983 seconds, Stopping threads took: 0.0000200 seconds
309.521: [GC (Allocation Failure)  813416K->493864K(1033728K), 0.0046704 secs]
309.526: Total time for which application threads were stopped: 0.0048310 seconds, Stopping threads took: 0.0000202 seconds
309.593: [GC (Allocation Failure)  813352K->493928K(1033728K), 0.0046266 secs]
309.597: Total time for which application threads were stopped: 0.0047941 seconds, Stopping threads took: 0.0000192 seconds
309.664: [GC (Allocation Failure)  813416K->501898K(1027072K), 0.0047960 secs]
309.669: Total time for which application threads were stopped: 0.0049733 seconds, Stopping threads took: 0.0000195 seconds
309.734: [GC (Allocation Failure)  821386K->497992K(1034240K), 0.0037016 secs]
309.737: Total time for which application threads were stopped: 0.0038606 seconds, Stopping threads took: 0.0000200 seconds
309.807: [GC (Allocation Failure)  817480K->502058K(1033216K), 0.0046206 secs]
309.812: Total time for which application threads were stopped: 0.0047896 seconds, Stopping threads took: 0.0000264 seconds
309.879: [GC (Allocation Failure)  821546K->506026K(1034752K), 0.0045762 secs]
309.884: Total time for which application threads were stopped: 0.0047389 seconds, Stopping threads took: 0.0000201 seconds
309.953: [GC (Allocation Failure)  827562K->499272K(1034752K), 0.0020409 secs]
309.955: Total time for which application threads were stopped: 0.0021849 seconds, Stopping threads took: 0.0000189 seconds
310.022: [GC (Allocation Failure)  820808K->506098K(1034752K), 0.0045076 secs]
310.027: Total time for which application threads were stopped: 0.0046906 seconds, Stopping threads took: 0.0000169 seconds
310.093: [GC (Allocation Failure)  827634K->510178K(1034752K), 0.0055820 secs]
310.099: Total time for which application threads were stopped: 0.0057502 seconds, Stopping threads took: 0.0000191 seconds
310.165: [GC (Allocation Failure)  831714K->504640K(1034752K), 0.0027018 secs]
310.168: Total time for which application threads were stopped: 0.0028920 seconds, Stopping threads took: 0.0000287 seconds
310.237: [GC (Allocation Failure)  826176K->510450K(1034752K), 0.0046158 secs]
310.242: Total time for which application threads were stopped: 0.0047917 seconds, Stopping threads took: 0.0000194 seconds
310.310: [GC (Allocation Failure)  831986K->514322K(1034752K), 0.0049489 secs]
310.315: Total time for which application threads were stopped: 0.0051189 seconds, Stopping threads took: 0.0000261 seconds
310.384: [GC (Allocation Failure)  836811K->510416K(1035264K), 0.0035554 secs]
310.388: Total time for which application threads were stopped: 0.0037373 seconds, Stopping threads took: 0.0000175 seconds
310.458: [GC (Allocation Failure)  832976K->514474K(1036288K), 0.0047836 secs]
310.463: Total time for which application threads were stopped: 0.0049574 seconds, Stopping threads took: 0.0000194 seconds
310.532: [GC (Allocation Failure)  838570K->518410K(1035776K), 0.0044968 secs]
310.537: Total time for which application threads were stopped: 0.0046847 seconds, Stopping threads took: 0.0000201 seconds
310.606: [GC (Allocation Failure)  842506K->518474K(1035776K), 0.0044347 secs]
310.610: Total time for which application threads were stopped: 0.0045906 seconds, Stopping threads took: 0.0000197 seconds
310.678: [GC (Allocation Failure)  842058K->518498K(1023488K), 0.0047364 secs]
310.683: Total time for which application threads were stopped: 0.0049072 seconds, Stopping threads took: 0.0000202 seconds
310.750: [GC (Allocation Failure)  842082K->526469K(1035264K), 0.0046079 secs]
310.754: Total time for which application threads were stopped: 0.0047802 seconds, Stopping threads took: 0.0000196 seconds
310.822: [GC (Allocation Failure)  849029K->526469K(1030144K), 0.0043869 secs]
310.827: Total time for which application threads were stopped: 0.0045537 seconds, Stopping threads took: 0.0000261 seconds
310.894: [GC (Allocation Failure)  849029K->526541K(1034752K), 0.0046415 secs]
310.899: Total time for which application threads were stopped: 0.0048055 seconds, Stopping threads took: 0.0000202 seconds
310.967: [GC (Allocation Failure)  848077K->534543K(1034752K), 0.0062087 secs]
310.973: Total time for which application threads were stopped: 0.0064114 seconds, Stopping threads took: 0.0000202 seconds
311.042: [GC (Allocation Failure)  856079K->534511K(1033728K), 0.0044593 secs]
311.047: Total time for which application threads were stopped: 0.0046080 seconds, Stopping threads took: 0.0000173 seconds
311.114: [GC (Allocation Failure)  855023K->534759K(1034240K), 0.0046867 secs]
311.119: Total time for which application threads were stopped: 0.0048591 seconds, Stopping threads took: 0.0000286 seconds
311.187: [GC (Allocation Failure)  855271K->542537K(1034240K), 0.0046125 secs]
311.192: Total time for which application threads were stopped: 0.0047835 seconds, Stopping threads took: 0.0000201 seconds
311.260: [GC (Allocation Failure)  863049K->542537K(1034240K), 0.0047929 secs]
311.265: Total time for which application threads were stopped: 0.0049556 seconds, Stopping threads took: 0.0000199 seconds
311.333: [GC (Allocation Failure)  863049K->542985K(1033216K), 0.0046130 secs]
311.338: Total time for which application threads were stopped: 0.0047742 seconds, Stopping threads took: 0.0000272 seconds
311.407: [GC (Allocation Failure)  862473K->550571K(1033728K), 0.0048485 secs]
311.412: Total time for which application threads were stopped: 0.0050096 seconds, Stopping threads took: 0.0000189 seconds
311.480: [GC (Allocation Failure)  870059K->550571K(1033728K), 0.0045743 secs]
311.485: Total time for which application threads were stopped: 0.0047506 seconds, Stopping threads took: 0.0000193 seconds
311.550: [GC (Allocation Failure)  870059K->550699K(1033728K), 0.0048798 secs]
311.555: Total time for which application threads were stopped: 0.0050752 seconds, Stopping threads took: 0.0000198 seconds
311.624: [GC (Allocation Failure)  870187K->558606K(1033728K), 0.0044642 secs]
311.629: Total time for which application threads were stopped: 0.0046594 seconds, Stopping threads took: 0.0000195 seconds
311.697: [GC (Allocation Failure)  878094K->558574K(1033728K), 0.0048571 secs]
311.702: Total time for which application threads were stopped: 0.0050080 seconds, Stopping threads took: 0.0000164 seconds
311.768: [GC (Allocation Failure)  878062K->558662K(1033728K), 0.0046874 secs]
311.773: Total time for which application threads were stopped: 0.0048887 seconds, Stopping threads took: 0.0000191 seconds
311.840: [GC (Allocation Failure)  878150K->566600K(1027072K), 0.0048588 secs]
311.845: Total time for which application threads were stopped: 0.0050475 seconds, Stopping threads took: 0.0000285 seconds
311.910: [GC (Allocation Failure)  886087K->562694K(1034240K), 0.0056196 secs]
311.916: Total time for which application threads were stopped: 0.0058133 seconds, Stopping threads took: 0.0000298 seconds
311.983: [GC (Allocation Failure)  882182K->566800K(1033216K), 0.0049129 secs]
311.988: Total time for which application threads were stopped: 0.0050749 seconds, Stopping threads took: 0.0000192 seconds
312.055: [GC (Allocation Failure)  886288K->570800K(1034752K), 0.0046401 secs]
312.060: Total time for which application threads were stopped: 0.0048330 seconds, Stopping threads took: 0.0000193 seconds
312.129: [GC (Allocation Failure)  892336K->563950K(1034752K), 0.0022897 secs]
312.131: Total time for which application threads were stopped: 0.0024619 seconds, Stopping threads took: 0.0000197 seconds
312.200: [GC (Allocation Failure)  885486K->570832K(1034752K), 0.0047079 secs]
312.205: Total time for which application threads were stopped: 0.0049232 seconds, Stopping threads took: 0.0000196 seconds
312.272: [GC (Allocation Failure)  892368K->574936K(1034752K), 0.0056057 secs]
312.278: Total time for which application threads were stopped: 0.0057972 seconds, Stopping threads took: 0.0000198 seconds
312.345: [GC (Allocation Failure)  896472K->569334K(1034752K), 0.0036391 secs]
312.348: Total time for which application threads were stopped: 0.0038283 seconds, Stopping threads took: 0.0000225 seconds
312.418: [GC (Allocation Failure)  890870K->575208K(1034752K), 0.0046766 secs]
312.422: Total time for which application threads were stopped: 0.0048373 seconds, Stopping threads took: 0.0000195 seconds
312.490: [GC (Allocation Failure)  896744K->579016K(1035264K), 0.0049978 secs]
312.495: Total time for which application threads were stopped: 0.0051802 seconds, Stopping threads took: 0.0000205 seconds
312.562: [GC (Allocation Failure)  901504K->575142K(1035264K), 0.0034658 secs]
312.566: Total time for which application threads were stopped: 0.0036573 seconds, Stopping threads took: 0.0000197 seconds
312.636: [GC (Allocation Failure)  897702K->579176K(1036288K), 0.0048672 secs]
312.640: Total time for which application threads were stopped: 0.0050400 seconds, Stopping threads took: 0.0000193 seconds
312.708: [GC (Allocation Failure)  903272K->583176K(1035776K), 0.0048007 secs]
312.713: Total time for which application threads were stopped: 0.0049948 seconds, Stopping threads took: 0.0000197 seconds
312.781: [GC (Allocation Failure)  907272K->583176K(1035776K), 0.0045859 secs]
312.786: Total time for which application threads were stopped: 0.0047548 seconds, Stopping threads took: 0.0000196 seconds
312.854: [GC (Allocation Failure)  906760K->583240K(1023488K), 0.0047876 secs]
312.859: Total time for which application threads were stopped: 0.0049655 seconds, Stopping threads took: 0.0000279 seconds
312.927: [GC (Allocation Failure)  906824K->591210K(1035264K), 0.0048346 secs]
312.932: Total time for which application threads were stopped: 0.0049835 seconds, Stopping threads took: 0.0000193 seconds
313.000: [GC (Allocation Failure)  913770K->591242K(1030144K), 0.0045200 secs]
313.005: Total time for which application threads were stopped: 0.0046735 seconds, Stopping threads took: 0.0000171 seconds
313.072: [GC (Allocation Failure)  913802K->591282K(1034752K), 0.0049443 secs]
313.077: Total time for which application threads were stopped: 0.0051256 seconds, Stopping threads took: 0.0000201 seconds
313.146: [GC (Allocation Failure)  912818K->599252K(1029120K), 0.0049403 secs]
313.151: Total time for which application threads were stopped: 0.0051141 seconds, Stopping threads took: 0.0000199 seconds
313.219: [GC (Allocation Failure)  920788K->599252K(1034240K), 0.0045961 secs]
313.224: Total time for which application threads were stopped: 0.0047593 seconds, Stopping threads took: 0.0000192 seconds
313.291: [GC (Allocation Failure)  919764K->599516K(1034240K), 0.0049308 secs]
313.296: Total time for which application threads were stopped: 0.0050947 seconds, Stopping threads took: 0.0000204 seconds
313.366: [GC (Allocation Failure)  920028K->607327K(1034240K), 0.0045494 secs]
313.371: Total time for which application threads were stopped: 0.0047323 seconds, Stopping threads took: 0.0000190 seconds
313.438: [GC (Allocation Failure)  927839K->607327K(1034240K), 0.0047136 secs]
313.443: Total time for which application threads were stopped: 0.0049068 seconds, Stopping threads took: 0.0000192 seconds
313.511: [GC (Allocation Failure)  927839K->607751K(1033216K), 0.0048926 secs]
313.516: Total time for which application threads were stopped: 0.0050440 seconds, Stopping threads took: 0.0000172 seconds
313.584: [GC (Allocation Failure)  927239K->615337K(1033728K), 0.0050033 secs]
313.589: Total time for which application threads were stopped: 0.0051878 seconds, Stopping threads took: 0.0000201 seconds
313.656: [GC (Allocation Failure)  934825K->615337K(1033728K), 0.0046822 secs]
313.661: Total time for which application threads were stopped: 0.0048771 seconds, Stopping threads took: 0.0000199 seconds
313.728: [GC (Allocation Failure)  934825K->615465K(1033728K), 0.0048786 secs]
313.733: Total time for which application threads were stopped: 0.0050392 seconds, Stopping threads took: 0.0000163 seconds
313.801: [GC (Allocation Failure)  934953K->623403K(1033728K), 0.0045827 secs]
313.806: Total time for which application threads were stopped: 0.0047513 seconds, Stopping threads took: 0.0000256 seconds
313.873: [GC (Allocation Failure)  942891K->623371K(1033728K), 0.0047388 secs]
313.878: Total time for which application threads were stopped: 0.0049409 seconds, Stopping threads took: 0.0000202 seconds
313.946: [GC (Allocation Failure)  942859K->623427K(1033728K), 0.0050593 secs]
313.952: Total time for which application threads were stopped: 0.0052666 seconds, Stopping threads took: 0.0000167 seconds
314.020: [GC (Allocation Failure)  942915K->631397K(1027072K), 0.0048188 secs]
314.025: Total time for which application threads were stopped: 0.0049695 seconds, Stopping threads took: 0.0000167 seconds
314.091: [GC (Allocation Failure)  950885K->627491K(1034240K), 0.0038812 secs]
314.095: Total time for which application threads were stopped: 0.0040805 seconds, Stopping threads took: 0.0000218 seconds
314.164: [GC (Allocation Failure)  946979K->631565K(1033216K), 0.0048968 secs]
314.169: Total time for which application threads were stopped: 0.0050764 seconds, Stopping threads took: 0.0000197 seconds
314.236: [GC (Allocation Failure)  951053K->635533K(1034752K), 0.0048200 secs]
314.241: Total time for which application threads were stopped: 0.0049825 seconds, Stopping threads took: 0.0000195 seconds
314.308: [GC (Allocation Failure)  957069K->628715K(1034752K), 0.0022533 secs]
314.310: Total time for which application threads were stopped: 0.0024022 seconds, Stopping threads took: 0.0000261 seconds
314.378: [GC (Allocation Failure)  950251K->635597K(1034752K), 0.0047386 secs]
314.382: Total time for which application threads were stopped: 0.0049328 seconds, Stopping threads took: 0.0000190 seconds
314.450: [GC (Allocation Failure)  957133K->639709K(1034752K), 0.0059079 secs]
314.456: Total time for which application threads were stopped: 0.0060714 seconds, Stopping threads took: 0.0000200 seconds
314.521: [GC (Allocation Failure)  961245K->634107K(1034752K), 0.0027873 secs]
314.524: Total time for which application threads were stopped: 0.0029740 seconds, Stopping threads took: 0.0000207 seconds
314.594: [GC (Allocation Failure)  955643K->639949K(1034752K), 0.0049217 secs]
314.599: Total time for which application threads were stopped: 0.0050722 seconds, Stopping threads took: 0.0000173 seconds
314.666: [GC (Allocation Failure)  961485K->643821K(1035264K), 0.0052433 secs]
314.671: Total time for which application threads were stopped: 0.0054204 seconds, Stopping threads took: 0.0000198 seconds
314.740: [GC (Allocation Failure)  966310K->639883K(1035264K), 0.0038035 secs]
314.744: Total time for which application threads were stopped: 0.0039627 seconds, Stopping threads took: 0.0000196 seconds
314.812: [GC (Allocation Failure)  962443K->643973K(1036288K), 0.0049635 secs]
314.817: Total time for which application threads were stopped: 0.0051331 seconds, Stopping threads took: 0.0000280 seconds
314.885: [GC (Allocation Failure)  968069K->647941K(1035776K), 0.0065791 secs]
314.892: Total time for which application threads were stopped: 0.0067624 seconds, Stopping threads took: 0.0000209 seconds
314.962: [GC (Allocation Failure)  972037K->647973K(1035776K), 0.0048725 secs]
314.967: Total time for which application threads were stopped: 0.0050632 seconds, Stopping threads took: 0.0000208 seconds
315.036: [GC (Allocation Failure)  971557K->648005K(1023488K), 0.0048578 secs]
315.041: Total time for which application threads were stopped: 0.0050278 seconds, Stopping threads took: 0.0000193 seconds
315.107: [GC (Allocation Failure)  971589K->655976K(1035264K), 0.0049570 secs]
315.112: Total time for which application threads were stopped: 0.0051475 seconds, Stopping threads took: 0.0000191 seconds
315.181: [GC (Allocation Failure)  978536K->655944K(1030144K), 0.0045972 secs]
315.186: Total time for which application threads were stopped: 0.0047940 seconds, Stopping threads took: 0.0000195 seconds
315.254: [GC (Allocation Failure)  978504K->656040K(1034752K), 0.0048369 secs]
315.259: Total time for which application threads were stopped: 0.0049954 seconds, Stopping threads took: 0.0000173 seconds
315.327: [GC (Allocation Failure)  977576K->664010K(1034752K), 0.0049349 secs]
315.332: Total time for which application threads were stopped: 0.0051024 seconds, Stopping threads took: 0.0000260 seconds
315.401: [GC (Allocation Failure)  985546K->664042K(1033728K), 0.0048021 secs]
315.406: Total time for which application threads were stopped: 0.0049618 seconds, Stopping threads took: 0.0000197 seconds
315.474: [GC (Allocation Failure)  984554K->664258K(1034240K), 0.0052613 secs]
315.479: Total time for which application threads were stopped: 0.0054262 seconds, Stopping threads took: 0.0000203 seconds
315.547: [GC (Allocation Failure)  984770K->672004K(1034240K), 0.0047674 secs]
315.552: Total time for which application threads were stopped: 0.0049374 seconds, Stopping threads took: 0.0000285 seconds
315.620: [GC (Allocation Failure)  992516K->672004K(1034240K), 0.0050052 secs]
315.625: Total time for which application threads were stopped: 0.0051804 seconds, Stopping threads took: 0.0000193 seconds
315.692: [GC (Allocation Failure)  992516K->672444K(1034240K), 0.0059098 secs]
315.698: Total time for which application threads were stopped: 0.0060857 seconds, Stopping threads took: 0.0000198 seconds
315.766: [GC (Allocation Failure)  992956K->680095K(1028096K), 0.0048164 secs]
315.771: Total time for which application threads were stopped: 0.0049950 seconds, Stopping threads took: 0.0000224 seconds
315.837: [GC (Allocation Failure)  1000607K->680031K(1033728K), 0.0048106 secs]
315.842: Total time for which application threads were stopped: 0.0049802 seconds, Stopping threads took: 0.0000269 seconds
315.908: [GC (Allocation Failure)  999519K->680231K(1033728K), 0.0051262 secs]
315.913: Total time for which application threads were stopped: 0.0052906 seconds, Stopping threads took: 0.0000197 seconds
315.981: [GC (Allocation Failure)  999719K->688137K(1033728K), 0.0048850 secs]
315.986: Total time for which application threads were stopped: 0.0050788 seconds, Stopping threads took: 0.0000199 seconds
316.054: [GC (Allocation Failure)  1007625K->688137K(1033728K), 0.0049374 secs]
316.059: Total time for which application threads were stopped: 0.0051156 seconds, Stopping threads took: 0.0000194 seconds
316.125: [GC (Allocation Failure)  1007625K->688169K(1033728K), 0.0049744 secs]
316.130: [Full GC (Ergonomics)  688169K->8539K(1033728K), 0.0119790 secs]
316.142: Total time for which application threads were stopped: 0.0172394 seconds, Stopping threads took: 0.0000198 seconds
316.208: [GC (Allocation Failure)  328027K->16734K(1027584K), 0.0037462 secs]
316.212: Total time for which application threads were stopped: 0.0038975 seconds, Stopping threads took: 0.0000195 seconds
316.275: [GC (Allocation Failure)  336221K->12843K(1034240K), 0.0026853 secs]
316.278: Total time for which application threads were stopped: 0.0028299 seconds, Stopping threads took: 0.0000213 seconds
316.346: [GC (Allocation Failure)  332331K->16846K(1033216K), 0.0045205 secs]
316.350: Total time for which application threads were stopped: 0.0047306 seconds, Stopping threads took: 0.0000252 seconds
316.419: [GC (Allocation Failure)  336334K->20846K(1034752K), 0.0036193 secs]
316.422: Total time for which application threads were stopped: 0.0037818 seconds, Stopping threads took: 0.0000201 seconds
316.489: [GC (Allocation Failure)  342382K->14059K(1034752K), 0.0010857 secs]
316.491: Total time for which application threads were stopped: 0.0012039 seconds, Stopping threads took: 0.0000199 seconds
316.561: [GC (Allocation Failure)  335595K->20878K(1034752K), 0.0042312 secs]
316.565: Total time for which application threads were stopped: 0.0044021 seconds, Stopping threads took: 0.0000197 seconds
316.631: [GC (Allocation Failure)  342414K->25014K(1034752K), 0.0044864 secs]
316.635: Total time for which application threads were stopped: 0.0046545 seconds, Stopping threads took: 0.0000193 seconds
316.700: [GC (Allocation Failure)  346550K->19443K(1034752K), 0.0016072 secs]
316.702: Total time for which application threads were stopped: 0.0017502 seconds, Stopping threads took: 0.0000191 seconds
316.771: [GC (Allocation Failure)  340979K->25286K(1034752K), 0.0035954 secs]
316.775: Total time for which application threads were stopped: 0.0037564 seconds, Stopping threads took: 0.0000195 seconds
316.842: [GC (Allocation Failure)  346822K->29126K(1035264K), 0.0041400 secs]
316.846: Total time for which application threads were stopped: 0.0043422 seconds, Stopping threads took: 0.0000199 seconds
316.913: [GC (Allocation Failure)  351614K->25251K(1035264K), 0.0022988 secs]
316.915: Total time for which application threads were stopped: 0.0024605 seconds, Stopping threads took: 0.0000197 seconds
316.983: [GC (Allocation Failure)  347811K->29294K(1036288K), 0.0038345 secs]
316.987: Total time for which application threads were stopped: 0.0039968 seconds, Stopping threads took: 0.0000201 seconds
317.054: [GC (Allocation Failure)  353390K->33262K(1035776K), 0.0042139 secs]
317.058: Total time for which application threads were stopped: 0.0043727 seconds, Stopping threads took: 0.0000194 seconds
317.127: [GC (Allocation Failure)  357358K->33262K(1035776K), 0.0035669 secs]
317.130: Total time for which application threads were stopped: 0.0037289 seconds, Stopping threads took: 0.0000203 seconds
317.198: [GC (Allocation Failure)  356846K->33326K(1023488K), 0.0038027 secs]
317.202: Total time for which application threads were stopped: 0.0039784 seconds, Stopping threads took: 0.0000204 seconds
317.270: [GC (Allocation Failure)  356910K->41296K(1035264K), 0.0037621 secs]
317.274: Total time for which application threads were stopped: 0.0039378 seconds, Stopping threads took: 0.0000168 seconds
317.342: [GC (Allocation Failure)  363856K->41296K(1030144K), 0.0044092 secs]
317.347: Total time for which application threads were stopped: 0.0046082 seconds, Stopping threads took: 0.0000248 seconds
317.415: [GC (Allocation Failure)  363856K->41352K(1034752K), 0.0036502 secs]
317.419: Total time for which application threads were stopped: 0.0038264 seconds, Stopping threads took: 0.0000201 seconds
317.486: [GC (Allocation Failure)  362888K->49322K(1034752K), 0.0040473 secs]
317.490: Total time for which application threads were stopped: 0.0042410 seconds, Stopping threads took: 0.0000183 seconds
317.559: [GC (Allocation Failure)  370858K->49290K(1033728K), 0.0034913 secs]
317.563: Total time for which application threads were stopped: 0.0036643 seconds, Stopping threads took: 0.0000201 seconds
317.629: [GC (Allocation Failure)  369802K->49578K(1034240K), 0.0037607 secs]
317.633: Total time for which application threads were stopped: 0.0039263 seconds, Stopping threads took: 0.0000205 seconds
317.700: [GC (Allocation Failure)  370090K->57388K(1034240K), 0.0036289 secs]
317.704: Total time for which application threads were stopped: 0.0037990 seconds, Stopping threads took: 0.0000194 seconds
