Java HotSpot(TM) 64-Bit Server VM (25.171-b11) for linux-amd64 JRE (1.8.0_171-b11), built on Mar 28 2018 17:07:08 by "java_re" with gcc 4.3.0 20080428 (Red Hat 4.3.0-8)
Memory: 4k page, physical 32883000k(29343496k free), swap 8000508k(8000508k free)
CommandLine flags: -XX:InitialHeapSize=1073741824 -XX:MaxHeapSize=1073741824 -XX:+PrintGC -XX:+PrintGCApplicationStoppedTime -XX:+PrintGCTimeStamps -XX:+UseCompressedClassPointers -XX:+UseCompressedOops -XX:+UseParallelGC 
0.287: [GC (Allocation Failure)  262144K->10380K(1005056K), 0.0053098 secs]
0.292: Total time for which application threads were stopped: 0.0055382 seconds, Stopping threads took: 0.0000169 seconds
0.356: [GC (Allocation Failure)  272524K->8681K(1005056K), 0.0045757 secs]
0.361: Total time for which application threads were stopped: 0.0048219 seconds, Stopping threads took: 0.0000999 seconds
0.415: [GC (Allocation Failure)  270825K->8562K(1005056K), 0.0030178 secs]
0.418: Total time for which application threads were stopped: 0.0031860 seconds, Stopping threads took: 0.0000193 seconds
0.474: [GC (Allocation Failure)  270706K->8594K(1005056K), 0.0042773 secs]
0.478: Total time for which application threads were stopped: 0.0044322 seconds, Stopping threads took: 0.0000326 seconds
0.535: [GC (Allocation Failure)  270738K->8754K(1005056K), 0.0032054 secs]
0.538: Total time for which application threads were stopped: 0.0033527 seconds, Stopping threads took: 0.0000164 seconds
0.593: [GC (Allocation Failure)  270898K->8562K(1038336K), 0.0045623 secs]
0.598: Total time for which application threads were stopped: 0.0047378 seconds, Stopping threads took: 0.0000196 seconds
0.677: [GC (Allocation Failure)  336754K->8608K(1037824K), 0.0038764 secs]
0.681: Total time for which application threads were stopped: 0.0040343 seconds, Stopping threads took: 0.0000191 seconds
0.751: [GC (Allocation Failure)  336800K->8640K(1038336K), 0.0037509 secs]
0.755: Total time for which application threads were stopped: 0.0039322 seconds, Stopping threads took: 0.0000216 seconds
0.826: [GC (Allocation Failure)  337344K->8576K(1038336K), 0.0038618 secs]
0.830: Total time for which application threads were stopped: 0.0040174 seconds, Stopping threads took: 0.0000191 seconds
0.897: [GC (Allocation Failure)  337280K->10304K(1037312K), 0.0033453 secs]
0.900: Total time for which application threads were stopped: 0.0035124 seconds, Stopping threads took: 0.0000193 seconds
0.970: [GC (Allocation Failure)  337984K->8576K(1037824K), 0.0034868 secs]
0.974: Total time for which application threads were stopped: 0.0036646 seconds, Stopping threads took: 0.0000277 seconds
1.043: [GC (Allocation Failure)  336256K->8608K(1037824K), 0.0036995 secs]
1.046: Total time for which application threads were stopped: 0.0038715 seconds, Stopping threads took: 0.0000188 seconds
1.119: [GC (Allocation Failure)  336288K->9544K(1028096K), 0.0042886 secs]
1.123: Total time for which application threads were stopped: 0.0044604 seconds, Stopping threads took: 0.0000269 seconds
1.192: [GC (Allocation Failure)  337224K->16842K(1037312K), 0.0036669 secs]
1.195: Total time for which application threads were stopped: 0.0038569 seconds, Stopping threads took: 0.0000186 seconds
1.265: [GC (Allocation Failure)  342986K->16618K(1036800K), 0.0034903 secs]
1.269: Total time for which application threads were stopped: 0.0036539 seconds, Stopping threads took: 0.0000175 seconds
1.337: [GC (Allocation Failure)  342762K->21960K(1034240K), 0.0064688 secs]
1.344: Total time for which application threads were stopped: 0.0066329 seconds, Stopping threads took: 0.0000193 seconds
1.411: [GC (Allocation Failure)  345544K->18954K(1035776K), 0.0035961 secs]
1.415: Total time for which application threads were stopped: 0.0037597 seconds, Stopping threads took: 0.0000192 seconds
1.482: [GC (Allocation Failure)  342538K->18794K(1036288K), 0.0038437 secs]
1.486: Total time for which application threads were stopped: 0.0039957 seconds, Stopping threads took: 0.0000192 seconds
1.554: [GC (Allocation Failure)  342887K->14888K(1035776K), 0.0023005 secs]
1.557: Total time for which application threads were stopped: 0.0024752 seconds, Stopping threads took: 0.0000197 seconds
1.625: [GC (Allocation Failure)  338984K->18922K(1035776K), 0.0040279 secs]
1.629: Total time for which application threads were stopped: 0.0041847 seconds, Stopping threads took: 0.0000191 seconds
1.697: [GC (Allocation Failure)  342506K->22890K(1035776K), 0.0038332 secs]
1.701: Total time for which application threads were stopped: 0.0039949 seconds, Stopping threads took: 0.0000192 seconds
1.767: [GC (Allocation Failure)  346474K->22922K(1036288K), 0.0036472 secs]
1.771: Total time for which application threads were stopped: 0.0038086 seconds, Stopping threads took: 0.0000195 seconds
1.838: [GC (Allocation Failure)  347530K->23242K(1024512K), 0.0045302 secs]
1.842: Total time for which application threads were stopped: 0.0046929 seconds, Stopping threads took: 0.0000193 seconds
1.910: [GC (Allocation Failure)  347850K->30956K(1035776K), 0.0036807 secs]
1.914: Total time for which application threads were stopped: 0.0038377 seconds, Stopping threads took: 0.0000190 seconds
1.985: [GC (Allocation Failure)  354540K->30956K(1035776K), 0.0035837 secs]
1.989: Total time for which application threads were stopped: 0.0037560 seconds, Stopping threads took: 0.0000272 seconds
2.056: [GC (Allocation Failure)  354540K->31468K(1034752K), 0.0043647 secs]
2.060: Total time for which application threads were stopped: 0.0045326 seconds, Stopping threads took: 0.0000202 seconds
2.130: [GC (Allocation Failure)  354028K->38990K(1035264K), 0.0035977 secs]
2.133: Total time for which application threads were stopped: 0.0037561 seconds, Stopping threads took: 0.0000194 seconds
2.201: [GC (Allocation Failure)  361550K->38958K(1035264K), 0.0037652 secs]
2.205: Total time for which application threads were stopped: 0.0039305 seconds, Stopping threads took: 0.0000215 seconds
2.273: [GC (Allocation Failure)  361518K->39214K(1022464K), 0.0045902 secs]
2.277: Total time for which application threads were stopped: 0.0047810 seconds, Stopping threads took: 0.0000205 seconds
2.348: [GC (Allocation Failure)  361774K->47025K(1034752K), 0.0037409 secs]
2.351: Total time for which application threads were stopped: 0.0039042 seconds, Stopping threads took: 0.0000188 seconds
2.419: [GC (Allocation Failure)  368561K->46993K(1034752K), 0.0036630 secs]
2.422: Total time for which application threads were stopped: 0.0038302 seconds, Stopping threads took: 0.0000201 seconds
2.488: [GC (Allocation Failure)  368529K->47017K(1034240K), 0.0044111 secs]
2.492: Total time for which application threads were stopped: 0.0045702 seconds, Stopping threads took: 0.0000195 seconds
2.561: [GC (Allocation Failure)  368553K->55019K(1034752K), 0.0039483 secs]
2.565: Total time for which application threads were stopped: 0.0041048 seconds, Stopping threads took: 0.0000191 seconds
2.633: [GC (Allocation Failure)  376555K->55019K(1034752K), 0.0037305 secs]
2.636: Total time for which application threads were stopped: 0.0038894 seconds, Stopping threads took: 0.0000195 seconds
2.701: [GC (Allocation Failure)  376555K->55147K(1021440K), 0.0045211 secs]
2.706: Total time for which application threads were stopped: 0.0046871 seconds, Stopping threads took: 0.0000198 seconds
2.773: [GC (Allocation Failure)  376683K->63085K(1034240K), 0.0039427 secs]
2.777: Total time for which application threads were stopped: 0.0041376 seconds, Stopping threads took: 0.0000205 seconds
2.845: [GC (Allocation Failure)  383597K->63053K(1034240K), 0.0039574 secs]
2.849: Total time for which application threads were stopped: 0.0041139 seconds, Stopping threads took: 0.0000194 seconds
2.916: [GC (Allocation Failure)  383565K->63397K(1034240K), 0.0045411 secs]
2.920: Total time for which application threads were stopped: 0.0047002 seconds, Stopping threads took: 0.0000202 seconds
2.989: [GC (Allocation Failure)  383909K->71111K(1034240K), 0.0038706 secs]
2.992: Total time for which application threads were stopped: 0.0040329 seconds, Stopping threads took: 0.0000262 seconds
3.061: [GC (Allocation Failure)  391623K->71079K(1034240K), 0.0036695 secs]
3.065: Total time for which application threads were stopped: 0.0038338 seconds, Stopping threads took: 0.0000200 seconds
3.132: [GC (Allocation Failure)  391591K->71623K(1020928K), 0.0045774 secs]
3.137: Total time for which application threads were stopped: 0.0047435 seconds, Stopping threads took: 0.0000201 seconds
3.205: [GC (Allocation Failure)  392135K->79146K(1033728K), 0.0037151 secs]
3.209: Total time for which application threads were stopped: 0.0038982 seconds, Stopping threads took: 0.0000212 seconds
3.275: [GC (Allocation Failure)  398634K->79114K(1033728K), 0.0037752 secs]
3.279: Total time for which application threads were stopped: 0.0039667 seconds, Stopping threads took: 0.0000196 seconds
3.345: [GC (Allocation Failure)  398602K->79338K(1033728K), 0.0047111 secs]
3.350: Total time for which application threads were stopped: 0.0048873 seconds, Stopping threads took: 0.0000194 seconds
3.417: [GC (Allocation Failure)  398826K->87180K(1033728K), 0.0039153 secs]
3.421: Total time for which application threads were stopped: 0.0040803 seconds, Stopping threads took: 0.0000185 seconds
3.489: [GC (Allocation Failure)  406668K->87148K(1033728K), 0.0035641 secs]
3.492: Total time for which application threads were stopped: 0.0037232 seconds, Stopping threads took: 0.0000256 seconds
3.559: [GC (Allocation Failure)  406636K->87308K(1033728K), 0.0045891 secs]
3.564: Total time for which application threads were stopped: 0.0047523 seconds, Stopping threads took: 0.0000190 seconds
3.631: [GC (Allocation Failure)  406796K->95182K(1033728K), 0.0038920 secs]
3.635: Total time for which application threads were stopped: 0.0040589 seconds, Stopping threads took: 0.0000199 seconds
3.702: [GC (Allocation Failure)  414670K->95214K(1033728K), 0.0036354 secs]
3.706: Total time for which application threads were stopped: 0.0038020 seconds, Stopping threads took: 0.0000202 seconds
3.770: [GC (Allocation Failure)  414702K->95310K(1032704K), 0.0045643 secs]
3.775: Total time for which application threads were stopped: 0.0047231 seconds, Stopping threads took: 0.0000198 seconds
3.842: [GC (Allocation Failure)  413774K->103217K(1033216K), 0.0038501 secs]
3.846: Total time for which application threads were stopped: 0.0040160 seconds, Stopping threads took: 0.0000200 seconds
3.913: [GC (Allocation Failure)  421681K->103217K(1033216K), 0.0036761 secs]
3.917: Total time for which application threads were stopped: 0.0038301 seconds, Stopping threads took: 0.0000196 seconds
3.984: [GC (Allocation Failure)  421681K->103273K(1033216K), 0.0047434 secs]
3.989: Total time for which application threads were stopped: 0.0049115 seconds, Stopping threads took: 0.0000259 seconds
4.056: [GC (Allocation Failure)  421737K->111243K(1033216K), 0.0036591 secs]
4.059: Total time for which application threads were stopped: 0.0038286 seconds, Stopping threads took: 0.0000201 seconds
4.060: Total time for which application threads were stopped: 0.0001220 seconds, Stopping threads took: 0.0000518 seconds
4.125: [GC (Allocation Failure)  429707K->105129K(1033216K), 0.0015210 secs]
4.126: Total time for which application threads were stopped: 0.0016595 seconds, Stopping threads took: 0.0000187 seconds
4.195: [GC (Allocation Failure)  423593K->111483K(1034240K), 0.0041719 secs]
4.199: Total time for which application threads were stopped: 0.0043575 seconds, Stopping threads took: 0.0000269 seconds
4.268: [GC (Allocation Failure)  431483K->115427K(1033728K), 0.0043003 secs]
4.272: Total time for which application threads were stopped: 0.0044641 seconds, Stopping threads took: 0.0000199 seconds
4.337: [GC (Allocation Failure)  435427K->120801K(1029632K), 0.0061769 secs]
4.343: Total time for which application threads were stopped: 0.0063295 seconds, Stopping threads took: 0.0000194 seconds
4.410: [GC (Allocation Failure)  436193K->115523K(1031680K), 0.0037439 secs]
4.414: Total time for which application threads were stopped: 0.0039333 seconds, Stopping threads took: 0.0000197 seconds
4.482: [GC (Allocation Failure)  430915K->115395K(1032704K), 0.0037321 secs]
4.486: Total time for which application threads were stopped: 0.0038952 seconds, Stopping threads took: 0.0000274 seconds
4.552: [GC (Allocation Failure)  432323K->117259K(1032192K), 0.0047522 secs]
4.557: Total time for which application threads were stopped: 0.0049079 seconds, Stopping threads took: 0.0000192 seconds
4.626: [GC (Allocation Failure)  434187K->123533K(1032704K), 0.0039934 secs]
4.630: Total time for which application threads were stopped: 0.0041882 seconds, Stopping threads took: 0.0000200 seconds
4.696: [GC (Allocation Failure)  440973K->123437K(1032704K), 0.0038685 secs]
4.700: Total time for which application threads were stopped: 0.0040352 seconds, Stopping threads took: 0.0000197 seconds
4.768: [GC (Allocation Failure)  440877K->125997K(1033216K), 0.0046439 secs]
4.773: Total time for which application threads were stopped: 0.0048362 seconds, Stopping threads took: 0.0000201 seconds
4.842: [GC (Allocation Failure)  444461K->131503K(1033216K), 0.0040748 secs]
4.846: Total time for which application threads were stopped: 0.0042327 seconds, Stopping threads took: 0.0000171 seconds
4.913: [GC (Allocation Failure)  449967K->131471K(1033728K), 0.0040409 secs]
4.917: Total time for which application threads were stopped: 0.0042063 seconds, Stopping threads took: 0.0000190 seconds
4.984: [GC (Allocation Failure)  450959K->135247K(1033728K), 0.0050032 secs]
4.989: Total time for which application threads were stopped: 0.0051722 seconds, Stopping threads took: 0.0000190 seconds
5.058: [GC (Allocation Failure)  454735K->139506K(1034240K), 0.0039342 secs]
5.062: Total time for which application threads were stopped: 0.0040949 seconds, Stopping threads took: 0.0000249 seconds
5.133: [GC (Allocation Failure)  460018K->139474K(1034240K), 0.0037606 secs]
5.136: Total time for which application threads were stopped: 0.0039281 seconds, Stopping threads took: 0.0000196 seconds
5.204: [GC (Allocation Failure)  459986K->140426K(1034240K), 0.0047590 secs]
5.208: Total time for which application threads were stopped: 0.0049556 seconds, Stopping threads took: 0.0000196 seconds
5.278: [GC (Allocation Failure)  460938K->147596K(1034240K), 0.0039158 secs]
5.282: Total time for which application threads were stopped: 0.0040805 seconds, Stopping threads took: 0.0000202 seconds
5.350: [GC (Allocation Failure)  468108K->147532K(1034240K), 0.0037211 secs]
5.354: Total time for which application threads were stopped: 0.0039079 seconds, Stopping threads took: 0.0000188 seconds
5.422: [GC (Allocation Failure)  468044K->150700K(1034240K), 0.0050612 secs]
5.427: Total time for which application threads were stopped: 0.0052054 seconds, Stopping threads took: 0.0000164 seconds
5.496: [GC (Allocation Failure)  471212K->155566K(1034752K), 0.0038309 secs]
5.500: Total time for which application threads were stopped: 0.0040060 seconds, Stopping threads took: 0.0000197 seconds
5.567: [GC (Allocation Failure)  477102K->155566K(1034752K), 0.0039996 secs]
5.571: Total time for which application threads were stopped: 0.0041624 seconds, Stopping threads took: 0.0000193 seconds
5.636: [GC (Allocation Failure)  477102K->158894K(1034752K), 0.0050847 secs]
5.641: Total time for which application threads were stopped: 0.0052409 seconds, Stopping threads took: 0.0000192 seconds
5.707: [GC (Allocation Failure)  480430K->163664K(1034752K), 0.0040382 secs]
5.711: Total time for which application threads were stopped: 0.0042042 seconds, Stopping threads took: 0.0000194 seconds
5.777: [GC (Allocation Failure)  485200K->163600K(1034752K), 0.0040423 secs]
5.781: Total time for which application threads were stopped: 0.0041973 seconds, Stopping threads took: 0.0000200 seconds
5.849: [GC (Allocation Failure)  485136K->164104K(1034752K), 0.0048014 secs]
5.854: Total time for which application threads were stopped: 0.0049976 seconds, Stopping threads took: 0.0000193 seconds
5.922: [GC (Allocation Failure)  485640K->171659K(1034752K), 0.0041560 secs]
5.927: Total time for which application threads were stopped: 0.0043157 seconds, Stopping threads took: 0.0000201 seconds
5.995: [GC (Allocation Failure)  493195K->171659K(1034752K), 0.0040167 secs]
5.999: Total time for which application threads were stopped: 0.0041725 seconds, Stopping threads took: 0.0000252 seconds
6.064: [GC (Allocation Failure)  493195K->173355K(1034752K), 0.0047621 secs]
6.069: Total time for which application threads were stopped: 0.0049252 seconds, Stopping threads took: 0.0000186 seconds
6.138: [GC (Allocation Failure)  494891K->179693K(1034752K), 0.0041468 secs]
6.142: Total time for which application threads were stopped: 0.0043387 seconds, Stopping threads took: 0.0000199 seconds
6.211: [GC (Allocation Failure)  501229K->179661K(1034752K), 0.0040782 secs]
6.215: Total time for which application threads were stopped: 0.0042246 seconds, Stopping threads took: 0.0000163 seconds
6.282: [GC (Allocation Failure)  501197K->182605K(1034752K), 0.0049266 secs]
6.287: Total time for which application threads were stopped: 0.0051356 seconds, Stopping threads took: 0.0000380 seconds
6.357: [GC (Allocation Failure)  504141K->187727K(1034752K), 0.0048258 secs]
6.362: Total time for which application threads were stopped: 0.0050214 seconds, Stopping threads took: 0.0000163 seconds
6.428: [GC (Allocation Failure)  509263K->187695K(1034752K), 0.0040347 secs]
6.433: Total time for which application threads were stopped: 0.0041802 seconds, Stopping threads took: 0.0000164 seconds
6.500: [GC (Allocation Failure)  509231K->187759K(1033728K), 0.0055091 secs]
6.506: Total time for which application threads were stopped: 0.0057081 seconds, Stopping threads took: 0.0000261 seconds
6.575: [GC (Allocation Failure)  508271K->195857K(1034240K), 0.0039552 secs]
6.579: Total time for which application threads were stopped: 0.0041219 seconds, Stopping threads took: 0.0000200 seconds
6.647: [GC (Allocation Failure)  516369K->195729K(1034240K), 0.0041862 secs]
6.651: Total time for which application threads were stopped: 0.0043459 seconds, Stopping threads took: 0.0000203 seconds
6.718: [GC (Allocation Failure)  516241K->198057K(1034240K), 0.0050863 secs]
6.724: Total time for which application threads were stopped: 0.0052790 seconds, Stopping threads took: 0.0000277 seconds
6.792: [GC (Allocation Failure)  518569K->203820K(1034240K), 0.0039256 secs]
6.796: Total time for which application threads were stopped: 0.0041173 seconds, Stopping threads took: 0.0000201 seconds
6.865: [GC (Allocation Failure)  524332K->203756K(1034240K), 0.0040663 secs]
6.869: Total time for which application threads were stopped: 0.0042264 seconds, Stopping threads took: 0.0000269 seconds
6.937: [GC (Allocation Failure)  524268K->204236K(1034240K), 0.0048169 secs]
6.942: Total time for which application threads were stopped: 0.0049656 seconds, Stopping threads took: 0.0000174 seconds
7.012: [GC (Allocation Failure)  524748K->211790K(1034240K), 0.0039763 secs]
7.016: Total time for which application threads were stopped: 0.0041310 seconds, Stopping threads took: 0.0000252 seconds
7.084: [GC (Allocation Failure)  532302K->211758K(1034240K), 0.0038547 secs]
7.088: Total time for which application threads were stopped: 0.0040459 seconds, Stopping threads took: 0.0000247 seconds
7.157: [GC (Allocation Failure)  532270K->214510K(1034240K), 0.0050761 secs]
7.162: Total time for which application threads were stopped: 0.0052477 seconds, Stopping threads took: 0.0000196 seconds
7.232: [GC (Allocation Failure)  535022K->219888K(1034240K), 0.0040755 secs]
7.236: Total time for which application threads were stopped: 0.0042562 seconds, Stopping threads took: 0.0000219 seconds
7.305: [GC (Allocation Failure)  540400K->219792K(1034240K), 0.0042326 secs]
7.309: Total time for which application threads were stopped: 0.0043862 seconds, Stopping threads took: 0.0000193 seconds
7.378: [GC (Allocation Failure)  540304K->220720K(1034240K), 0.0058612 secs]
7.384: Total time for which application threads were stopped: 0.0060160 seconds, Stopping threads took: 0.0000184 seconds
7.452: [GC (Allocation Failure)  541232K->227891K(1034240K), 0.0041035 secs]
7.457: Total time for which application threads were stopped: 0.0042922 seconds, Stopping threads took: 0.0000192 seconds
7.526: [GC (Allocation Failure)  548403K->227891K(1034240K), 0.0042101 secs]
7.530: Total time for which application threads were stopped: 0.0043717 seconds, Stopping threads took: 0.0000167 seconds
7.597: [GC (Allocation Failure)  548403K->230995K(1034240K), 0.0049297 secs]
7.602: Total time for which application threads were stopped: 0.0050949 seconds, Stopping threads took: 0.0000272 seconds
7.671: [GC (Allocation Failure)  551507K->235989K(1033728K), 0.0042175 secs]
7.675: Total time for which application threads were stopped: 0.0043891 seconds, Stopping threads took: 0.0000205 seconds
7.743: [GC (Allocation Failure)  556501K->235893K(1034240K), 0.0043038 secs]
7.747: Total time for which application threads were stopped: 0.0044728 seconds, Stopping threads took: 0.0000196 seconds
7.815: [GC (Allocation Failure)  556405K->237197K(1033728K), 0.0050968 secs]
7.820: Total time for which application threads were stopped: 0.0052627 seconds, Stopping threads took: 0.0000196 seconds
7.890: [GC (Allocation Failure)  557709K->243951K(1034240K), 0.0039995 secs]
7.894: Total time for which application threads were stopped: 0.0041749 seconds, Stopping threads took: 0.0000195 seconds
7.963: [GC (Allocation Failure)  564463K->243919K(1034240K), 0.0040447 secs]
7.967: Total time for which application threads were stopped: 0.0042011 seconds, Stopping threads took: 0.0000195 seconds
8.035: [GC (Allocation Failure)  564431K->244367K(1034240K), 0.0047666 secs]
8.039: Total time for which application threads were stopped: 0.0049485 seconds, Stopping threads took: 0.0000275 seconds
8.109: [GC (Allocation Failure)  564879K->251953K(1034240K), 0.0041776 secs]
8.114: Total time for which application threads were stopped: 0.0043579 seconds, Stopping threads took: 0.0000189 seconds
8.182: [GC (Allocation Failure)  572465K->251985K(1034240K), 0.0041017 secs]
8.187: Total time for which application threads were stopped: 0.0042772 seconds, Stopping threads took: 0.0000291 seconds
8.254: [GC (Allocation Failure)  572497K->253641K(1034240K), 0.0050587 secs]
8.259: Total time for which application threads were stopped: 0.0052297 seconds, Stopping threads took: 0.0000196 seconds
8.327: [GC (Allocation Failure)  574153K->259980K(1034240K), 0.0045266 secs]
8.332: Total time for which application threads were stopped: 0.0046884 seconds, Stopping threads took: 0.0000201 seconds
8.400: [GC (Allocation Failure)  580492K->259980K(1034240K), 0.0042553 secs]
8.405: Total time for which application threads were stopped: 0.0044158 seconds, Stopping threads took: 0.0000199 seconds
8.472: [GC (Allocation Failure)  580492K->260044K(1034240K), 0.0054807 secs]
8.477: Total time for which application threads were stopped: 0.0056455 seconds, Stopping threads took: 0.0000201 seconds
8.548: [GC (Allocation Failure)  580556K->268046K(1033216K), 0.0043957 secs]
8.552: Total time for which application threads were stopped: 0.0045846 seconds, Stopping threads took: 0.0000193 seconds
8.620: [GC (Allocation Failure)  587534K->267982K(1033728K), 0.0040674 secs]
8.624: Total time for which application threads were stopped: 0.0042267 seconds, Stopping threads took: 0.0000204 seconds
8.690: [GC (Allocation Failure)  587470K->268078K(1033728K), 0.0051424 secs]
8.696: Total time for which application threads were stopped: 0.0053007 seconds, Stopping threads took: 0.0000203 seconds
8.763: [GC (Allocation Failure)  587566K->276048K(1033728K), 0.0041005 secs]
8.767: Total time for which application threads were stopped: 0.0042651 seconds, Stopping threads took: 0.0000185 seconds
8.833: [GC (Allocation Failure)  595536K->276048K(1033728K), 0.0042189 secs]
8.838: Total time for which application threads were stopped: 0.0043768 seconds, Stopping threads took: 0.0000196 seconds
8.905: [GC (Allocation Failure)  595536K->276296K(1033728K), 0.0050819 secs]
8.910: Total time for which application threads were stopped: 0.0052455 seconds, Stopping threads took: 0.0000208 seconds
8.978: [GC (Allocation Failure)  595784K->284106K(1033728K), 0.0041149 secs]
8.983: Total time for which application threads were stopped: 0.0042849 seconds, Stopping threads took: 0.0000200 seconds
9.050: [GC (Allocation Failure)  603594K->284074K(1033728K), 0.0042467 secs]
9.054: Total time for which application threads were stopped: 0.0044359 seconds, Stopping threads took: 0.0000196 seconds
9.122: [GC (Allocation Failure)  603562K->284522K(1033728K), 0.0050165 secs]
9.127: Total time for which application threads were stopped: 0.0051997 seconds, Stopping threads took: 0.0000273 seconds
9.196: [GC (Allocation Failure)  604010K->292141K(1027072K), 0.0041514 secs]
9.200: Total time for which application threads were stopped: 0.0042996 seconds, Stopping threads took: 0.0000171 seconds
9.269: [GC (Allocation Failure)  611629K->292109K(1033728K), 0.0042544 secs]
9.273: Total time for which application threads were stopped: 0.0044188 seconds, Stopping threads took: 0.0000274 seconds
9.338: [GC (Allocation Failure)  611085K->293261K(1033216K), 0.0050216 secs]
9.344: Total time for which application threads were stopped: 0.0051802 seconds, Stopping threads took: 0.0000195 seconds
9.412: [GC (Allocation Failure)  612237K->300175K(1033728K), 0.0043120 secs]
9.417: Total time for which application threads were stopped: 0.0045019 seconds, Stopping threads took: 0.0000190 seconds
9.485: [GC (Allocation Failure)  619663K->300143K(1033728K), 0.0041030 secs]
9.489: Total time for which application threads were stopped: 0.0042568 seconds, Stopping threads took: 0.0000252 seconds
9.557: [GC (Allocation Failure)  619631K->300207K(1032704K), 0.0051090 secs]
9.562: Total time for which application threads were stopped: 0.0052755 seconds, Stopping threads took: 0.0000192 seconds
9.630: [GC (Allocation Failure)  618671K->308209K(1033216K), 0.0041473 secs]
9.635: Total time for which application threads were stopped: 0.0043184 seconds, Stopping threads took: 0.0000195 seconds
9.701: [GC (Allocation Failure)  626673K->308177K(1033216K), 0.0042369 secs]
9.705: Total time for which application threads were stopped: 0.0043963 seconds, Stopping threads took: 0.0000190 seconds
9.770: [GC (Allocation Failure)  626641K->309225K(1033216K), 0.0051255 secs]
9.775: Total time for which application threads were stopped: 0.0052785 seconds, Stopping threads took: 0.0000187 seconds
9.842: [GC (Allocation Failure)  627689K->316235K(1032704K), 0.0044164 secs]
9.847: Total time for which application threads were stopped: 0.0045728 seconds, Stopping threads took: 0.0000190 seconds
9.915: [GC (Allocation Failure)  634699K->316203K(1033216K), 0.0041060 secs]
9.919: Total time for which application threads were stopped: 0.0042571 seconds, Stopping threads took: 0.0000259 seconds
9.985: [GC (Allocation Failure)  634667K->316459K(1033216K), 0.0051955 secs]
9.991: Total time for which application threads were stopped: 0.0053568 seconds, Stopping threads took: 0.0000263 seconds
10.058: [GC (Allocation Failure)  634923K->324270K(1033216K), 0.0044179 secs]
10.062: Total time for which application threads were stopped: 0.0045829 seconds, Stopping threads took: 0.0000192 seconds
10.127: [GC (Allocation Failure)  642734K->324238K(1033216K), 0.0042951 secs]
10.132: Total time for which application threads were stopped: 0.0044540 seconds, Stopping threads took: 0.0000200 seconds
10.198: [GC (Allocation Failure)  642702K->324678K(1033216K), 0.0052397 secs]
10.204: Total time for which application threads were stopped: 0.0054062 seconds, Stopping threads took: 0.0000194 seconds
10.271: [GC (Allocation Failure)  643142K->332296K(1033216K), 0.0043219 secs]
10.276: Total time for which application threads were stopped: 0.0044874 seconds, Stopping threads took: 0.0000200 seconds
10.341: [GC (Allocation Failure)  650760K->332264K(1033216K), 0.0043411 secs]
10.346: Total time for which application threads were stopped: 0.0045035 seconds, Stopping threads took: 0.0000165 seconds
10.411: [GC (Allocation Failure)  650728K->332904K(1033216K), 0.0051213 secs]
10.416: Total time for which application threads were stopped: 0.0053365 seconds, Stopping threads took: 0.0000198 seconds
10.485: [GC (Allocation Failure)  651368K->340298K(1033216K), 0.0041859 secs]
10.490: Total time for which application threads were stopped: 0.0043349 seconds, Stopping threads took: 0.0000169 seconds
10.558: [GC (Allocation Failure)  658762K->340298K(1033216K), 0.0043048 secs]
10.563: Total time for which application threads were stopped: 0.0044523 seconds, Stopping threads took: 0.0000170 seconds
10.629: [GC (Allocation Failure)  658762K->340362K(1033216K), 0.0052775 secs]
10.634: Total time for which application threads were stopped: 0.0054338 seconds, Stopping threads took: 0.0000198 seconds
10.701: [GC (Allocation Failure)  658826K->348365K(1033216K), 0.0043418 secs]
10.705: Total time for which application threads were stopped: 0.0044968 seconds, Stopping threads took: 0.0000188 seconds
10.771: [GC (Allocation Failure)  666829K->348365K(1033216K), 0.0043322 secs]
10.775: Total time for which application threads were stopped: 0.0044906 seconds, Stopping threads took: 0.0000198 seconds
10.841: [GC (Allocation Failure)  666829K->348397K(1033216K), 0.0053734 secs]
10.847: Total time for which application threads were stopped: 0.0055374 seconds, Stopping threads took: 0.0000194 seconds
10.914: [GC (Allocation Failure)  666861K->356367K(1033216K), 0.0044035 secs]
10.918: Total time for which application threads were stopped: 0.0045684 seconds, Stopping threads took: 0.0000195 seconds
10.984: [GC (Allocation Failure)  674831K->356367K(1033216K), 0.0043048 secs]
10.988: Total time for which application threads were stopped: 0.0044765 seconds, Stopping threads took: 0.0000269 seconds
11.052: [GC (Allocation Failure)  674831K->356591K(1033216K), 0.0051809 secs]
11.058: Total time for which application threads were stopped: 0.0053367 seconds, Stopping threads took: 0.0000196 seconds
11.125: [GC (Allocation Failure)  675055K->364401K(1033216K), 0.0065786 secs]
11.131: Total time for which application threads were stopped: 0.0067426 seconds, Stopping threads took: 0.0000190 seconds
11.198: [GC (Allocation Failure)  682865K->364401K(1033216K), 0.0044096 secs]
11.202: Total time for which application threads were stopped: 0.0045653 seconds, Stopping threads took: 0.0000188 seconds
11.267: [GC (Allocation Failure)  682865K->364841K(1033216K), 0.0050625 secs]
11.272: Total time for which application threads were stopped: 0.0052424 seconds, Stopping threads took: 0.0000194 seconds
11.338: [GC (Allocation Failure)  683305K->372427K(1033216K), 0.0064981 secs]
11.345: Total time for which application threads were stopped: 0.0066680 seconds, Stopping threads took: 0.0000196 seconds
11.412: [GC (Allocation Failure)  690891K->372459K(1033216K), 0.0045506 secs]
11.417: Total time for which application threads were stopped: 0.0047283 seconds, Stopping threads took: 0.0000214 seconds
11.482: [GC (Allocation Failure)  690923K->372491K(1033216K), 0.0051275 secs]
11.487: Total time for which application threads were stopped: 0.0052851 seconds, Stopping threads took: 0.0000254 seconds
11.553: [GC (Allocation Failure)  690955K->380462K(1033216K), 0.0044654 secs]
11.557: Total time for which application threads were stopped: 0.0046385 seconds, Stopping threads took: 0.0000203 seconds
11.622: [GC (Allocation Failure)  698926K->376555K(1033216K), 0.0032337 secs]
11.625: Total time for which application threads were stopped: 0.0034064 seconds, Stopping threads took: 0.0000198 seconds
11.692: [GC (Allocation Failure)  695019K->380622K(1034240K), 0.0048170 secs]
11.697: Total time for which application threads were stopped: 0.0049863 seconds, Stopping threads took: 0.0000218 seconds
11.764: [GC (Allocation Failure)  700622K->384622K(1033728K), 0.0044567 secs]
11.768: Total time for which application threads were stopped: 0.0046257 seconds, Stopping threads took: 0.0000198 seconds
11.835: [GC (Allocation Failure)  704622K->392115K(1028096K), 0.0100407 secs]
11.845: Total time for which application threads were stopped: 0.0102301 seconds, Stopping threads took: 0.0000196 seconds
11.912: [GC (Allocation Failure)  706483K->385878K(1031168K), 0.0046103 secs]
11.917: Total time for which application threads were stopped: 0.0047686 seconds, Stopping threads took: 0.0000198 seconds
11.985: [GC (Allocation Failure)  700246K->385878K(1032192K), 0.0041676 secs]
11.989: Total time for which application threads were stopped: 0.0043153 seconds, Stopping threads took: 0.0000172 seconds
12.057: [GC (Allocation Failure)  701782K->386830K(1031680K), 0.0051109 secs]
12.062: Total time for which application threads were stopped: 0.0053046 seconds, Stopping threads took: 0.0000260 seconds
12.130: [GC (Allocation Failure)  702734K->393872K(1032704K), 0.0065210 secs]
12.137: Total time for which application threads were stopped: 0.0066963 seconds, Stopping threads took: 0.0000193 seconds
12.204: [GC (Allocation Failure)  710800K->393904K(1032192K), 0.0043810 secs]
12.208: Total time for which application threads were stopped: 0.0045589 seconds, Stopping threads took: 0.0000187 seconds
12.276: [GC (Allocation Failure)  710832K->397584K(1033216K), 0.0055805 secs]
12.281: Total time for which application threads were stopped: 0.0057695 seconds, Stopping threads took: 0.0000191 seconds
12.350: [GC (Allocation Failure)  715536K->401970K(1032704K), 0.0044580 secs]
12.355: Total time for which application threads were stopped: 0.0046088 seconds, Stopping threads took: 0.0000173 seconds
12.424: [GC (Allocation Failure)  719922K->401906K(1033728K), 0.0045672 secs]
12.428: Total time for which application threads were stopped: 0.0047244 seconds, Stopping threads took: 0.0000190 seconds
12.497: [GC (Allocation Failure)  721394K->405842K(1033728K), 0.0101231 secs]
12.507: Total time for which application threads were stopped: 0.0102737 seconds, Stopping threads took: 0.0000247 seconds
12.575: [GC (Allocation Failure)  725330K->410036K(1034240K), 0.0043395 secs]
12.579: Total time for which application threads were stopped: 0.0045059 seconds, Stopping threads took: 0.0000196 seconds
12.649: [GC (Allocation Failure)  730548K->409940K(1034240K), 0.0045552 secs]
12.654: Total time for which application threads were stopped: 0.0047225 seconds, Stopping threads took: 0.0000169 seconds
12.719: [GC (Allocation Failure)  730452K->410956K(1034240K), 0.0053563 secs]
12.725: Total time for which application threads were stopped: 0.0055167 seconds, Stopping threads took: 0.0000196 seconds
12.793: [GC (Allocation Failure)  731468K->417999K(1034240K), 0.0042317 secs]
12.797: Total time for which application threads were stopped: 0.0044009 seconds, Stopping threads took: 0.0000206 seconds
12.864: [GC (Allocation Failure)  738511K->417967K(1034240K), 0.0043415 secs]
12.869: Total time for which application threads were stopped: 0.0045141 seconds, Stopping threads took: 0.0000206 seconds
12.935: [GC (Allocation Failure)  738479K->421263K(1034240K), 0.0055402 secs]
12.941: Total time for which application threads were stopped: 0.0057101 seconds, Stopping threads took: 0.0000200 seconds
13.011: [GC (Allocation Failure)  741775K->426001K(1034752K), 0.0042855 secs]
13.015: Total time for which application threads were stopped: 0.0044444 seconds, Stopping threads took: 0.0000266 seconds
13.082: [GC (Allocation Failure)  747537K->426001K(1034752K), 0.0045223 secs]
13.087: Total time for which application threads were stopped: 0.0046885 seconds, Stopping threads took: 0.0000192 seconds
13.152: [GC (Allocation Failure)  747537K->429481K(1034752K), 0.0054219 secs]
13.157: Total time for which application threads were stopped: 0.0056155 seconds, Stopping threads took: 0.0000194 seconds
13.227: [GC (Allocation Failure)  751017K->434059K(1034752K), 0.0046143 secs]
13.232: Total time for which application threads were stopped: 0.0047704 seconds, Stopping threads took: 0.0000170 seconds
13.299: [GC (Allocation Failure)  755595K->434027K(1035264K), 0.0044930 secs]
13.303: Total time for which application threads were stopped: 0.0046850 seconds, Stopping threads took: 0.0000195 seconds
13.371: [GC (Allocation Failure)  756075K->435179K(1034752K), 0.0053665 secs]
13.377: Total time for which application threads were stopped: 0.0055572 seconds, Stopping threads took: 0.0000199 seconds
13.446: [GC (Allocation Failure)  757227K->442093K(1034752K), 0.0045329 secs]
13.451: Total time for which application threads were stopped: 0.0046906 seconds, Stopping threads took: 0.0000187 seconds
13.517: [GC (Allocation Failure)  763629K->442029K(1034752K), 0.0087032 secs]
13.526: Total time for which application threads were stopped: 0.0088527 seconds, Stopping threads took: 0.0000255 seconds
13.591: [GC (Allocation Failure)  763565K->444933K(1034752K), 0.0054555 secs]
13.597: Total time for which application threads were stopped: 0.0056252 seconds, Stopping threads took: 0.0000187 seconds
13.663: [GC (Allocation Failure)  766469K->450216K(1034752K), 0.0045025 secs]
13.667: Total time for which application threads were stopped: 0.0046545 seconds, Stopping threads took: 0.0000191 seconds
13.733: [GC (Allocation Failure)  771752K->450056K(1034752K), 0.0046198 secs]
13.738: Total time for which application threads were stopped: 0.0048113 seconds, Stopping threads took: 0.0000187 seconds
13.805: [GC (Allocation Failure)  771592K->454216K(1034752K), 0.0057141 secs]
13.811: Total time for which application threads were stopped: 0.0059012 seconds, Stopping threads took: 0.0000169 seconds
13.879: [GC (Allocation Failure)  775752K->458154K(1035264K), 0.0047410 secs]
13.883: Total time for which application threads were stopped: 0.0049141 seconds, Stopping threads took: 0.0000198 seconds
13.952: [GC (Allocation Failure)  780714K->458122K(1035264K), 0.0043858 secs]
13.956: Total time for which application threads were stopped: 0.0045574 seconds, Stopping threads took: 0.0000199 seconds
14.025: [GC (Allocation Failure)  780682K->461418K(1035264K), 0.0053905 secs]
14.031: Total time for which application threads were stopped: 0.0055519 seconds, Stopping threads took: 0.0000259 seconds
14.100: [GC (Allocation Failure)  783978K->466156K(1035264K), 0.0045400 secs]
14.105: Total time for which application threads were stopped: 0.0047087 seconds, Stopping threads took: 0.0000247 seconds
14.172: [GC (Allocation Failure)  788716K->466156K(1035264K), 0.0046529 secs]
14.176: Total time for which application threads were stopped: 0.0048119 seconds, Stopping threads took: 0.0000189 seconds
14.244: [GC (Allocation Failure)  788716K->469612K(1035264K), 0.0055273 secs]
14.250: Total time for which application threads were stopped: 0.0056974 seconds, Stopping threads took: 0.0000204 seconds
14.318: [GC (Allocation Failure)  792172K->474190K(1035776K), 0.0047225 secs]
14.323: Total time for which application threads were stopped: 0.0048802 seconds, Stopping threads took: 0.0000194 seconds
14.391: [GC (Allocation Failure)  797774K->474158K(1035776K), 0.0046175 secs]
14.396: Total time for which application threads were stopped: 0.0047778 seconds, Stopping threads took: 0.0000191 seconds
14.464: [GC (Allocation Failure)  797742K->475854K(1034752K), 0.0054866 secs]
14.470: Total time for which application threads were stopped: 0.0056571 seconds, Stopping threads took: 0.0000200 seconds
14.539: [GC (Allocation Failure)  798414K->482225K(1035264K), 0.0047881 secs]
14.544: Total time for which application threads were stopped: 0.0049549 seconds, Stopping threads took: 0.0000193 seconds
14.612: [GC (Allocation Failure)  804785K->482225K(1035264K), 0.0044933 secs]
14.616: Total time for which application threads were stopped: 0.0046752 seconds, Stopping threads took: 0.0000199 seconds
14.684: [GC (Allocation Failure)  804785K->484073K(1035264K), 0.0054193 secs]
14.689: Total time for which application threads were stopped: 0.0055742 seconds, Stopping threads took: 0.0000190 seconds
14.757: [GC (Allocation Failure)  806633K->490347K(1035264K), 0.0045056 secs]
14.762: Total time for which application threads were stopped: 0.0046787 seconds, Stopping threads took: 0.0000215 seconds
14.831: [GC (Allocation Failure)  812907K->490251K(1035264K), 0.0045106 secs]
14.835: Total time for which application threads were stopped: 0.0046690 seconds, Stopping threads took: 0.0000196 seconds
14.902: [GC (Allocation Failure)  812811K->492299K(1035264K), 0.0055028 secs]
14.908: Total time for which application threads were stopped: 0.0056715 seconds, Stopping threads took: 0.0000197 seconds
14.976: [GC (Allocation Failure)  814859K->498317K(1035264K), 0.0045939 secs]
14.981: Total time for which application threads were stopped: 0.0047877 seconds, Stopping threads took: 0.0000196 seconds
15.050: [GC (Allocation Failure)  820877K->498317K(1035264K), 0.0046497 secs]
15.055: Total time for which application threads were stopped: 0.0048210 seconds, Stopping threads took: 0.0000195 seconds
15.124: [GC (Allocation Failure)  820877K->492491K(1035264K), 0.0044701 secs]
15.129: Total time for which application threads were stopped: 0.0046347 seconds, Stopping threads took: 0.0000265 seconds
15.196: [GC (Allocation Failure)  815051K->498509K(1034240K), 0.0046548 secs]
15.201: Total time for which application threads were stopped: 0.0048185 seconds, Stopping threads took: 0.0000196 seconds
15.269: [GC (Allocation Failure)  820045K->498253K(1034752K), 0.0068116 secs]
15.276: Total time for which application threads were stopped: 0.0069742 seconds, Stopping threads took: 0.0000193 seconds
15.342: [GC (Allocation Failure)  819789K->494763K(1035264K), 0.0032446 secs]
15.345: Total time for which application threads were stopped: 0.0034110 seconds, Stopping threads took: 0.0000192 seconds
15.413: [GC (Allocation Failure)  816811K->498477K(1034752K), 0.0046814 secs]
15.418: Total time for which application threads were stopped: 0.0048584 seconds, Stopping threads took: 0.0000270 seconds
15.486: [GC (Allocation Failure)  820525K->498285K(1035264K), 0.0052217 secs]
15.491: Total time for which application threads were stopped: 0.0053842 seconds, Stopping threads took: 0.0000277 seconds
15.559: [GC (Allocation Failure)  820845K->497995K(1035264K), 0.0046155 secs]
15.564: Total time for which application threads were stopped: 0.0049140 seconds, Stopping threads took: 0.0000193 seconds
15.631: [GC (Allocation Failure)  820555K->498413K(1035776K), 0.0045211 secs]
15.636: Total time for which application threads were stopped: 0.0046750 seconds, Stopping threads took: 0.0000190 seconds
15.704: [GC (Allocation Failure)  821485K->498317K(1035264K), 0.0046242 secs]
15.708: Total time for which application threads were stopped: 0.0047818 seconds, Stopping threads took: 0.0000198 seconds
15.776: [GC (Allocation Failure)  821389K->503299K(1032704K), 0.0070452 secs]
15.783: Total time for which application threads were stopped: 0.0072117 seconds, Stopping threads took: 0.0000189 seconds
15.851: [GC (Allocation Failure)  823811K->498629K(1034240K), 0.0045867 secs]
15.855: Total time for which application threads were stopped: 0.0047444 seconds, Stopping threads took: 0.0000190 seconds
15.925: [GC (Allocation Failure)  819141K->498565K(1034752K), 0.0046825 secs]
15.930: Total time for which application threads were stopped: 0.0048537 seconds, Stopping threads took: 0.0000197 seconds
15.998: [GC (Allocation Failure)  819589K->502275K(1034240K), 0.0059307 secs]
16.004: Total time for which application threads were stopped: 0.0060840 seconds, Stopping threads took: 0.0000188 seconds
16.072: [GC (Allocation Failure)  823299K->498597K(1034752K), 0.0047145 secs]
16.077: Total time for which application threads were stopped: 0.0048713 seconds, Stopping threads took: 0.0000247 seconds
16.145: [GC (Allocation Failure)  819621K->498597K(1034240K), 0.0046187 secs]
16.150: Total time for which application threads were stopped: 0.0047992 seconds, Stopping threads took: 0.0000200 seconds
16.218: [GC (Allocation Failure)  819621K->501987K(1033216K), 0.0059383 secs]
16.224: Total time for which application threads were stopped: 0.0061095 seconds, Stopping threads took: 0.0000197 seconds
16.292: [GC (Allocation Failure)  822499K->498821K(1034240K), 0.0048186 secs]
16.297: Total time for which application threads were stopped: 0.0051245 seconds, Stopping threads took: 0.0000202 seconds
16.366: [GC (Allocation Failure)  819333K->498597K(1035264K), 0.0044070 secs]
16.370: Total time for which application threads were stopped: 0.0045685 seconds, Stopping threads took: 0.0000185 seconds
16.438: [GC (Allocation Failure)  820645K->501635K(1034752K), 0.0058679 secs]
16.444: Total time for which application threads were stopped: 0.0060403 seconds, Stopping threads took: 0.0000195 seconds
16.514: [GC (Allocation Failure)  823683K->498757K(1035264K), 0.0046550 secs]
16.519: Total time for which application threads were stopped: 0.0048022 seconds, Stopping threads took: 0.0000162 seconds
16.587: [GC (Allocation Failure)  820805K->498597K(1034752K), 0.0045330 secs]
16.592: Total time for which application threads were stopped: 0.0047132 seconds, Stopping threads took: 0.0000204 seconds
16.661: [GC (Allocation Failure)  820645K->504395K(1032704K), 0.0072871 secs]
16.668: Total time for which application threads were stopped: 0.0074504 seconds, Stopping threads took: 0.0000253 seconds
16.736: [GC (Allocation Failure)  824907K->499821K(1034240K), 0.0044666 secs]
16.741: Total time for which application threads were stopped: 0.0046506 seconds, Stopping threads took: 0.0000197 seconds
16.810: [GC (Allocation Failure)  820333K->499629K(1034752K), 0.0046653 secs]
16.815: Total time for which application threads were stopped: 0.0048093 seconds, Stopping threads took: 0.0000169 seconds
16.882: [GC (Allocation Failure)  820653K->504203K(1033216K), 0.0063903 secs]
16.889: Total time for which application threads were stopped: 0.0065540 seconds, Stopping threads took: 0.0000193 seconds
16.956: [GC (Allocation Failure)  825227K->499725K(1034240K), 0.0048492 secs]
16.961: Total time for which application threads were stopped: 0.0050143 seconds, Stopping threads took: 0.0000193 seconds
17.031: [GC (Allocation Failure)  819725K->499661K(1033728K), 0.0045910 secs]
17.035: Total time for which application threads were stopped: 0.0047563 seconds, Stopping threads took: 0.0000265 seconds
17.101: [GC (Allocation Failure)  819661K->501835K(1034752K), 0.0093357 secs]
17.110: Total time for which application threads were stopped: 0.0094852 seconds, Stopping threads took: 0.0000194 seconds
17.180: [GC (Allocation Failure)  822859K->499661K(1034240K), 0.0047832 secs]
17.185: Total time for which application threads were stopped: 0.0049518 seconds, Stopping threads took: 0.0000199 seconds
17.253: [GC (Allocation Failure)  820685K->499693K(1035264K), 0.0047252 secs]
17.258: Total time for which application threads were stopped: 0.0049071 seconds, Stopping threads took: 0.0000201 seconds
17.325: [GC (Allocation Failure)  821741K->502571K(1034752K), 0.0056028 secs]
17.330: Total time for which application threads were stopped: 0.0057779 seconds, Stopping threads took: 0.0000191 seconds
17.400: [GC (Allocation Failure)  824619K->499885K(1035264K), 0.0045547 secs]
17.404: Total time for which application threads were stopped: 0.0047152 seconds, Stopping threads took: 0.0000194 seconds
17.473: [GC (Allocation Failure)  821933K->499629K(1034752K), 0.0044852 secs]
17.477: Total time for which application threads were stopped: 0.0046586 seconds, Stopping threads took: 0.0000194 seconds
17.547: [GC (Allocation Failure)  821677K->505259K(1032192K), 0.0070842 secs]
17.554: Total time for which application threads were stopped: 0.0072504 seconds, Stopping threads took: 0.0000191 seconds
17.621: [GC (Allocation Failure)  824747K->500173K(1033728K), 0.0047833 secs]
17.626: Total time for which application threads were stopped: 0.0049782 seconds, Stopping threads took: 0.0000196 seconds
17.695: [GC (Allocation Failure)  819661K->499981K(1034752K), 0.0044758 secs]
17.699: Total time for which application threads were stopped: 0.0046541 seconds, Stopping threads took: 0.0000200 seconds
17.766: [GC (Allocation Failure)  821005K->502283K(1034240K), 0.0056992 secs]
17.771: Total time for which application threads were stopped: 0.0058798 seconds, Stopping threads took: 0.0000197 seconds
17.841: [GC (Allocation Failure)  823307K->500109K(1034752K), 0.0044464 secs]
17.845: Total time for which application threads were stopped: 0.0046312 seconds, Stopping threads took: 0.0000200 seconds
17.913: [GC (Allocation Failure)  821645K->500013K(1034752K), 0.0045363 secs]
17.918: Total time for which application threads were stopped: 0.0046984 seconds, Stopping threads took: 0.0000214 seconds
17.983: [GC (Allocation Failure)  821549K->502987K(1034240K), 0.0061585 secs]
17.989: Total time for which application threads were stopped: 0.0063293 seconds, Stopping threads took: 0.0000264 seconds
18.057: [GC (Allocation Failure)  824523K->500077K(1034752K), 0.0047078 secs]
18.062: Total time for which application threads were stopped: 0.0048832 seconds, Stopping threads took: 0.0000193 seconds
18.128: [GC (Allocation Failure)  821613K->500013K(1035264K), 0.0047092 secs]
18.133: Total time for which application threads were stopped: 0.0048693 seconds, Stopping threads took: 0.0000203 seconds
18.200: [GC (Allocation Failure)  822061K->504715K(1034240K), 0.0063911 secs]
18.206: Total time for which application threads were stopped: 0.0065441 seconds, Stopping threads took: 0.0000185 seconds
18.274: [GC (Allocation Failure)  826763K->500013K(1034240K), 0.0052394 secs]
18.280: Total time for which application threads were stopped: 0.0054100 seconds, Stopping threads took: 0.0000204 seconds
18.349: [GC (Allocation Failure)  820525K->500013K(1034240K), 0.0047666 secs]
18.353: Total time for which application threads were stopped: 0.0049268 seconds, Stopping threads took: 0.0000193 seconds
18.420: [GC (Allocation Failure)  820525K->504395K(1032704K), 0.0063565 secs]
18.427: Total time for which application threads were stopped: 0.0065461 seconds, Stopping threads took: 0.0000187 seconds
18.495: [GC (Allocation Failure)  823883K->500237K(1033728K), 0.0043947 secs]
18.499: Total time for which application threads were stopped: 0.0045527 seconds, Stopping threads took: 0.0000260 seconds
18.567: [GC (Allocation Failure)  819725K->500045K(1034240K), 0.0047492 secs]
18.572: Total time for which application threads were stopped: 0.0049163 seconds, Stopping threads took: 0.0000191 seconds
18.637: [GC (Allocation Failure)  820557K->500491K(1034240K), 0.0050077 secs]
18.642: Total time for which application threads were stopped: 0.0051840 seconds, Stopping threads took: 0.0000266 seconds
18.709: [GC (Allocation Failure)  821003K->500173K(1035264K), 0.0048695 secs]
18.714: Total time for which application threads were stopped: 0.0050419 seconds, Stopping threads took: 0.0000200 seconds
18.782: [GC (Allocation Failure)  822221K->500045K(1034752K), 0.0043900 secs]
18.787: Total time for which application threads were stopped: 0.0045735 seconds, Stopping threads took: 0.0000215 seconds
18.854: [GC (Allocation Failure)  822093K->501771K(1035264K), 0.0052065 secs]
18.859: Total time for which application threads were stopped: 0.0053752 seconds, Stopping threads took: 0.0000198 seconds
18.926: [GC (Allocation Failure)  824331K->500109K(1035264K), 0.0047407 secs]
18.931: Total time for which application threads were stopped: 0.0049337 seconds, Stopping threads took: 0.0000194 seconds
18.999: [GC (Allocation Failure)  822669K->500045K(1035776K), 0.0044474 secs]
19.004: Total time for which application threads were stopped: 0.0046211 seconds, Stopping threads took: 0.0000267 seconds
19.070: [GC (Allocation Failure)  823629K->507043K(1035776K), 0.0082018 secs]
19.078: Total time for which application threads were stopped: 0.0083790 seconds, Stopping threads took: 0.0000279 seconds
19.146: [GC (Allocation Failure)  830627K->502341K(1032704K), 0.0047840 secs]
19.151: Total time for which application threads were stopped: 0.0049535 seconds, Stopping threads took: 0.0000191 seconds
19.220: [GC (Allocation Failure)  822853K->502341K(1034240K), 0.0047055 secs]
19.225: Total time for which application threads were stopped: 0.0048627 seconds, Stopping threads took: 0.0000197 seconds
19.293: [GC (Allocation Failure)  822853K->510571K(1030144K), 0.0084731 secs]
19.301: Total time for which application threads were stopped: 0.0086401 seconds, Stopping threads took: 0.0000269 seconds
19.367: [GC (Allocation Failure)  826987K->504525K(1032192K), 0.0056178 secs]
19.373: Total time for which application threads were stopped: 0.0057737 seconds, Stopping threads took: 0.0000189 seconds
19.440: [GC (Allocation Failure)  820941K->504301K(1032704K), 0.0044105 secs]
19.445: Total time for which application threads were stopped: 0.0045866 seconds, Stopping threads took: 0.0000272 seconds
19.510: [GC (Allocation Failure)  821741K->499467K(1020416K), 0.0028137 secs]
19.513: Total time for which application threads were stopped: 0.0029859 seconds, Stopping threads took: 0.0000270 seconds
19.580: [GC (Allocation Failure)  816907K->504461K(1033216K), 0.0048616 secs]
19.585: Total time for which application threads were stopped: 0.0050279 seconds, Stopping threads took: 0.0000191 seconds
19.652: [GC (Allocation Failure)  821901K->504301K(1032192K), 0.0048975 secs]
19.657: Total time for which application threads were stopped: 0.0050661 seconds, Stopping threads took: 0.0000204 seconds
19.723: [GC (Allocation Failure)  821741K->504645K(1031680K), 0.0054597 secs]
19.729: Total time for which application threads were stopped: 0.0056548 seconds, Stopping threads took: 0.0000204 seconds
19.797: [GC (Allocation Failure)  822085K->512296K(1032704K), 0.0045317 secs]
19.802: Total time for which application threads were stopped: 0.0046883 seconds, Stopping threads took: 0.0000177 seconds
19.869: [GC (Allocation Failure)  829736K->512328K(1034240K), 0.0047288 secs]
19.874: Total time for which application threads were stopped: 0.0048958 seconds, Stopping threads took: 0.0000191 seconds
19.941: [GC (Allocation Failure)  831816K->515976K(1033216K), 0.0056868 secs]
19.947: Total time for which application threads were stopped: 0.0058500 seconds, Stopping threads took: 0.0000252 seconds
20.014: [GC (Allocation Failure)  835464K->520426K(1034240K), 0.0043364 secs]
20.019: Total time for which application threads were stopped: 0.0045044 seconds, Stopping threads took: 0.0000201 seconds
20.087: [GC (Allocation Failure)  840426K->520362K(1033728K), 0.0046552 secs]
20.092: Total time for which application threads were stopped: 0.0048266 seconds, Stopping threads took: 0.0000255 seconds
20.157: [GC (Allocation Failure)  840362K->524170K(1034752K), 0.0074108 secs]
20.164: Total time for which application threads were stopped: 0.0075840 seconds, Stopping threads took: 0.0000203 seconds
20.234: [GC (Allocation Failure)  845706K->528428K(1034752K), 0.0045414 secs]
20.238: Total time for which application threads were stopped: 0.0047359 seconds, Stopping threads took: 0.0000205 seconds
20.306: [GC (Allocation Failure)  849964K->528396K(1035264K), 0.0048214 secs]
20.311: Total time for which application threads were stopped: 0.0050134 seconds, Stopping threads took: 0.0000193 seconds
20.380: [GC (Allocation Failure)  850956K->530380K(1035264K), 0.0055965 secs]
20.385: Total time for which application threads were stopped: 0.0057660 seconds, Stopping threads took: 0.0000198 seconds
20.453: [GC (Allocation Failure)  852940K->536430K(1035264K), 0.0047376 secs]
20.458: Total time for which application threads were stopped: 0.0048851 seconds, Stopping threads took: 0.0000174 seconds
20.528: [GC (Allocation Failure)  858990K->536430K(1035264K), 0.0044972 secs]
20.532: Total time for which application threads were stopped: 0.0046775 seconds, Stopping threads took: 0.0000144 seconds
20.600: [GC (Allocation Failure)  858990K->538606K(1035264K), 0.0055466 secs]
20.605: Total time for which application threads were stopped: 0.0057100 seconds, Stopping threads took: 0.0000251 seconds
20.674: [GC (Allocation Failure)  861166K->544529K(1035264K), 0.0047448 secs]
20.678: Total time for which application threads were stopped: 0.0049303 seconds, Stopping threads took: 0.0000368 seconds
20.745: [GC (Allocation Failure)  867089K->544465K(1035264K), 0.0049031 secs]
20.750: Total time for which application threads were stopped: 0.0050963 seconds, Stopping threads took: 0.0000208 seconds
20.819: [GC (Allocation Failure)  867025K->546825K(1035264K), 0.0054735 secs]
20.825: Total time for which application threads were stopped: 0.0056434 seconds, Stopping threads took: 0.0000195 seconds
20.894: [GC (Allocation Failure)  869385K->552651K(1035264K), 0.0049391 secs]
20.899: Total time for which application threads were stopped: 0.0051182 seconds, Stopping threads took: 0.0000196 seconds
20.967: [GC (Allocation Failure)  875211K->552491K(1035264K), 0.0047486 secs]
20.972: Total time for which application threads were stopped: 0.0049265 seconds, Stopping threads took: 0.0000207 seconds
21.039: [GC (Allocation Failure)  875051K->555051K(1035264K), 0.0054831 secs]
21.045: Total time for which application threads were stopped: 0.0056488 seconds, Stopping threads took: 0.0000256 seconds
21.113: [GC (Allocation Failure)  877611K->560557K(1035264K), 0.0046195 secs]
21.118: Total time for which application threads were stopped: 0.0047870 seconds, Stopping threads took: 0.0000196 seconds
21.186: [GC (Allocation Failure)  883117K->560525K(1035264K), 0.0064824 secs]
21.192: Total time for which application threads were stopped: 0.0066540 seconds, Stopping threads took: 0.0000198 seconds
21.260: [GC (Allocation Failure)  883085K->563309K(1035264K), 0.0077158 secs]
21.268: Total time for which application threads were stopped: 0.0078879 seconds, Stopping threads took: 0.0000197 seconds
21.334: [GC (Allocation Failure)  885869K->568591K(1035264K), 0.0047909 secs]
21.339: Total time for which application threads were stopped: 0.0049786 seconds, Stopping threads took: 0.0000213 seconds
21.408: [GC (Allocation Failure)  891151K->568591K(1035264K), 0.0044441 secs]
21.412: Total time for which application threads were stopped: 0.0046164 seconds, Stopping threads took: 0.0000205 seconds
21.478: [GC (Allocation Failure)  891151K->563469K(1035264K), 0.0028443 secs]
21.481: Total time for which application threads were stopped: 0.0030087 seconds, Stopping threads took: 0.0000193 seconds
21.551: [GC (Allocation Failure)  886029K->568783K(1035264K), 0.0046998 secs]
21.556: Total time for which application threads were stopped: 0.0048687 seconds, Stopping threads took: 0.0000198 seconds
21.623: [GC (Allocation Failure)  891343K->568591K(1035264K), 0.0047053 secs]
21.628: Total time for which application threads were stopped: 0.0048738 seconds, Stopping threads took: 0.0000199 seconds
21.696: [GC (Allocation Failure)  891151K->567789K(1035264K), 0.0046016 secs]
21.700: Total time for which application threads were stopped: 0.0047818 seconds, Stopping threads took: 0.0000193 seconds
21.768: [GC (Allocation Failure)  890349K->568719K(1035776K), 0.0047751 secs]
21.773: Total time for which application threads were stopped: 0.0049445 seconds, Stopping threads took: 0.0000197 seconds
21.840: [GC (Allocation Failure)  892303K->568591K(1035776K), 0.0048671 secs]
21.845: Total time for which application threads were stopped: 0.0050272 seconds, Stopping threads took: 0.0000199 seconds
21.913: [GC (Allocation Failure)  892175K->574093K(1032704K), 0.0074740 secs]
21.920: Total time for which application threads were stopped: 0.0076419 seconds, Stopping threads took: 0.0000260 seconds
21.988: [GC (Allocation Failure)  894605K->569487K(1034240K), 0.0046818 secs]
21.992: Total time for which application threads were stopped: 0.0048426 seconds, Stopping threads took: 0.0000197 seconds
22.060: [GC (Allocation Failure)  889999K->569391K(1034752K), 0.0047462 secs]
22.065: Total time for which application threads were stopped: 0.0049213 seconds, Stopping threads took: 0.0000194 seconds
22.132: [GC (Allocation Failure)  890415K->573613K(1033216K), 0.0064913 secs]
22.139: Total time for which application threads were stopped: 0.0066499 seconds, Stopping threads took: 0.0000192 seconds
22.207: [GC (Allocation Failure)  894637K->569423K(1034240K), 0.0048897 secs]
22.212: Total time for which application threads were stopped: 0.0050479 seconds, Stopping threads took: 0.0000193 seconds
22.280: [GC (Allocation Failure)  889423K->569327K(1033728K), 0.0047543 secs]
22.285: Total time for which application threads were stopped: 0.0049375 seconds, Stopping threads took: 0.0000194 seconds
22.350: [GC (Allocation Failure)  889327K->571245K(1034752K), 0.0057295 secs]
22.356: Total time for which application threads were stopped: 0.0059073 seconds, Stopping threads took: 0.0000198 seconds
22.426: [GC (Allocation Failure)  892781K->569583K(1034752K), 0.0049131 secs]
22.431: Total time for which application threads were stopped: 0.0050592 seconds, Stopping threads took: 0.0000162 seconds
22.500: [GC (Allocation Failure)  891119K->569359K(1035776K), 0.0069286 secs]
22.508: Total time for which application threads were stopped: 0.0071315 seconds, Stopping threads took: 0.0000261 seconds
22.575: [GC (Allocation Failure)  892431K->573997K(1035264K), 0.0067498 secs]
22.582: Total time for which application threads were stopped: 0.0069233 seconds, Stopping threads took: 0.0000189 seconds
22.649: [GC (Allocation Failure)  897069K->569583K(1034240K), 0.0048139 secs]
22.654: Total time for which application threads were stopped: 0.0049811 seconds, Stopping threads took: 0.0000274 seconds
22.721: [GC (Allocation Failure)  891119K->569359K(1034752K), 0.0045677 secs]
22.726: Total time for which application threads were stopped: 0.0047552 seconds, Stopping threads took: 0.0000187 seconds
22.793: [GC (Allocation Failure)  890895K->576749K(1031168K), 0.0081824 secs]
22.801: Total time for which application threads were stopped: 0.0083193 seconds, Stopping threads took: 0.0000169 seconds
22.868: [GC (Allocation Failure)  895213K->571631K(1033216K), 0.0048533 secs]
22.873: Total time for which application threads were stopped: 0.0050214 seconds, Stopping threads took: 0.0000196 seconds
22.940: [GC (Allocation Failure)  890095K->571535K(1033728K), 0.0102706 secs]
22.950: Total time for which application threads were stopped: 0.0104419 seconds, Stopping threads took: 0.0000200 seconds
23.019: [GC (Allocation Failure)  891023K->571949K(1033728K), 0.0049259 secs]
23.024: Total time for which application threads were stopped: 0.0050787 seconds, Stopping threads took: 0.0000259 seconds
23.093: [GC (Allocation Failure)  891437K->571599K(1034752K), 0.0046475 secs]
23.098: Total time for which application threads were stopped: 0.0048276 seconds, Stopping threads took: 0.0000163 seconds
23.165: [GC (Allocation Failure)  892623K->571503K(1034240K), 0.0047403 secs]
23.170: Total time for which application threads were stopped: 0.0049230 seconds, Stopping threads took: 0.0000168 seconds
23.237: [GC (Allocation Failure)  892527K->570061K(1035264K), 0.0043272 secs]
23.241: Total time for which application threads were stopped: 0.0045098 seconds, Stopping threads took: 0.0000211 seconds
23.310: [GC (Allocation Failure)  892621K->571503K(1035264K), 0.0048109 secs]
23.315: Total time for which application threads were stopped: 0.0049929 seconds, Stopping threads took: 0.0000194 seconds
23.385: [GC (Allocation Failure)  894063K->571503K(1035776K), 0.0045544 secs]
23.389: Total time for which application threads were stopped: 0.0047536 seconds, Stopping threads took: 0.0000217 seconds
23.459: [GC (Allocation Failure)  894575K->574893K(1035264K), 0.0060273 secs]
23.465: Total time for which application threads were stopped: 0.0061849 seconds, Stopping threads took: 0.0000182 seconds
23.536: [GC (Allocation Failure)  897965K->571727K(1035264K), 0.0048361 secs]
23.541: Total time for which application threads were stopped: 0.0049946 seconds, Stopping threads took: 0.0000189 seconds
23.611: [GC (Allocation Failure)  894287K->571471K(1035264K), 0.0047587 secs]
23.616: Total time for which application threads were stopped: 0.0049195 seconds, Stopping threads took: 0.0000201 seconds
23.685: [GC (Allocation Failure)  894031K->579661K(1030656K), 0.0087489 secs]
23.694: Total time for which application threads were stopped: 0.0089204 seconds, Stopping threads took: 0.0000193 seconds
23.762: [GC (Allocation Failure)  898125K->575087K(1033216K), 0.0046058 secs]
23.767: Total time for which application threads were stopped: 0.0047978 seconds, Stopping threads took: 0.0000199 seconds
23.836: [GC (Allocation Failure)  893551K->574959K(1034240K), 0.0047974 secs]
23.840: Total time for which application threads were stopped: 0.0049543 seconds, Stopping threads took: 0.0000193 seconds
23.906: [GC (Allocation Failure)  894959K->576653K(1033728K), 0.0054454 secs]
23.911: Total time for which application threads were stopped: 0.0056226 seconds, Stopping threads took: 0.0000192 seconds
23.979: [GC (Allocation Failure)  896653K->575023K(1034752K), 0.0045810 secs]
23.984: Total time for which application threads were stopped: 0.0047416 seconds, Stopping threads took: 0.0000197 seconds
24.051: [GC (Allocation Failure)  896047K->574927K(1034240K), 0.0046945 secs]
24.056: Total time for which application threads were stopped: 0.0048793 seconds, Stopping threads took: 0.0000279 seconds
24.123: [GC (Allocation Failure)  895951K->575341K(1035264K), 0.0050869 secs]
24.128: Total time for which application threads were stopped: 0.0052579 seconds, Stopping threads took: 0.0000187 seconds
24.197: [GC (Allocation Failure)  897389K->574959K(1034752K), 0.0046576 secs]
24.202: Total time for which application threads were stopped: 0.0048228 seconds, Stopping threads took: 0.0000195 seconds
24.270: [GC (Allocation Failure)  897007K->574959K(1035776K), 0.0048450 secs]
24.275: Total time for which application threads were stopped: 0.0050036 seconds, Stopping threads took: 0.0000186 seconds
24.341: [GC (Allocation Failure)  898031K->579117K(1034752K), 0.0064314 secs]
24.348: Total time for which application threads were stopped: 0.0066003 seconds, Stopping threads took: 0.0000192 seconds
24.415: [GC (Allocation Failure)  902189K->575151K(1035264K), 0.0047022 secs]
24.420: Total time for which application threads were stopped: 0.0048960 seconds, Stopping threads took: 0.0000188 seconds
24.489: [GC (Allocation Failure)  897199K->574927K(1034752K), 0.0046330 secs]
24.494: Total time for which application threads were stopped: 0.0048156 seconds, Stopping threads took: 0.0000196 seconds
24.565: [GC (Allocation Failure)  896975K->582861K(1031168K), 0.0084078 secs]
24.573: Total time for which application threads were stopped: 0.0086016 seconds, Stopping threads took: 0.0000196 seconds
24.642: [GC (Allocation Failure)  901325K->577807K(1033216K), 0.0048123 secs]
24.646: Total time for which application threads were stopped: 0.0049725 seconds, Stopping threads took: 0.0000194 seconds
24.714: [GC (Allocation Failure)  896271K->577615K(1033728K), 0.0048232 secs]
24.719: Total time for which application threads were stopped: 0.0049907 seconds, Stopping threads took: 0.0000200 seconds
24.787: [GC (Allocation Failure)  896591K->578125K(1033216K), 0.0050533 secs]
24.792: Total time for which application threads were stopped: 0.0052366 seconds, Stopping threads took: 0.0000273 seconds
24.860: [GC (Allocation Failure)  897101K->577743K(1034240K), 0.0044830 secs]
24.865: Total time for which application threads were stopped: 0.0046525 seconds, Stopping threads took: 0.0000201 seconds
24.933: [GC (Allocation Failure)  898255K->577647K(1034240K), 0.0046393 secs]
24.938: Total time for which application threads were stopped: 0.0047985 seconds, Stopping threads took: 0.0000200 seconds
25.006: [GC (Allocation Failure)  898159K->574733K(1034752K), 0.0035045 secs]
25.010: Total time for which application threads were stopped: 0.0036781 seconds, Stopping threads took: 0.0000271 seconds
25.078: [GC (Allocation Failure)  896269K->577711K(1034752K), 0.0047284 secs]
25.082: Total time for which application threads were stopped: 0.0049276 seconds, Stopping threads took: 0.0000190 seconds
25.148: [GC (Allocation Failure)  899247K->577583K(1035264K), 0.0083274 secs]
25.157: Total time for which application threads were stopped: 0.0084935 seconds, Stopping threads took: 0.0000195 seconds
25.225: [GC (Allocation Failure)  899631K->576493K(1034752K), 0.0042335 secs]
25.230: Total time for which application threads were stopped: 0.0044212 seconds, Stopping threads took: 0.0000207 seconds
25.300: [GC (Allocation Failure)  898541K->577647K(1035776K), 0.0046105 secs]
25.304: Total time for which application threads were stopped: 0.0047654 seconds, Stopping threads took: 0.0000166 seconds
25.372: [GC (Allocation Failure)  900719K->577615K(1035264K), 0.0047642 secs]
25.377: Total time for which application threads were stopped: 0.0049320 seconds, Stopping threads took: 0.0000194 seconds
25.444: [GC (Allocation Failure)  900687K->581293K(1034240K), 0.0062328 secs]
25.451: Total time for which application threads were stopped: 0.0064260 seconds, Stopping threads took: 0.0000198 seconds
25.521: [GC (Allocation Failure)  903853K->577839K(1035264K), 0.0064946 secs]
25.527: Total time for which application threads were stopped: 0.0066574 seconds, Stopping threads took: 0.0000248 seconds
25.595: [GC (Allocation Failure)  900399K->577615K(1035776K), 0.0045548 secs]
25.600: Total time for which application threads were stopped: 0.0047142 seconds, Stopping threads took: 0.0000192 seconds
25.668: [GC (Allocation Failure)  901199K->570157K(1024000K), 0.0018165 secs]
25.670: Total time for which application threads were stopped: 0.0019573 seconds, Stopping threads took: 0.0000190 seconds
25.738: [GC (Allocation Failure)  893741K->577815K(1035776K), 0.0048489 secs]
25.743: Total time for which application threads were stopped: 0.0050126 seconds, Stopping threads took: 0.0000203 seconds
25.812: [GC (Allocation Failure)  900375K->581807K(1034752K), 0.0061548 secs]
25.819: Total time for which application threads were stopped: 0.0063288 seconds, Stopping threads took: 0.0000200 seconds
25.886: [GC (Allocation Failure)  904367K->577869K(1035776K), 0.0036132 secs]
25.889: Total time for which application threads were stopped: 0.0038018 seconds, Stopping threads took: 0.0000196 seconds
25.959: [GC (Allocation Failure)  901453K->581935K(1035776K), 0.0050459 secs]
25.965: Total time for which application threads were stopped: 0.0052032 seconds, Stopping threads took: 0.0000189 seconds
26.032: [GC (Allocation Failure)  905519K->585871K(1035776K), 0.0047272 secs]
26.037: Total time for which application threads were stopped: 0.0049079 seconds, Stopping threads took: 0.0000274 seconds
26.105: [GC (Allocation Failure)  909455K->585903K(1035776K), 0.0047535 secs]
26.110: Total time for which application threads were stopped: 0.0049337 seconds, Stopping threads took: 0.0000152 seconds
26.175: [GC (Allocation Failure)  909487K->585967K(1034240K), 0.0054848 secs]
26.181: Total time for which application threads were stopped: 0.0056568 seconds, Stopping threads took: 0.0000214 seconds
26.248: [GC (Allocation Failure)  908527K->593970K(1035264K), 0.0048963 secs]
26.253: Total time for which application threads were stopped: 0.0050606 seconds, Stopping threads took: 0.0000191 seconds
26.319: [GC (Allocation Failure)  916530K->593938K(1035776K), 0.0045712 secs]
26.324: Total time for which application threads were stopped: 0.0047313 seconds, Stopping threads took: 0.0000197 seconds
26.389: [GC (Allocation Failure)  917010K->594474K(1035264K), 0.0093608 secs]
26.399: Total time for which application threads were stopped: 0.0095464 seconds, Stopping threads took: 0.0000200 seconds
26.468: [GC (Allocation Failure)  917546K->601964K(1035264K), 0.0101666 secs]
26.478: Total time for which application threads were stopped: 0.0103277 seconds, Stopping threads took: 0.0000168 seconds
26.549: [GC (Allocation Failure)  924524K->601964K(1035264K), 0.0047841 secs]
26.554: Total time for which application threads were stopped: 0.0049426 seconds, Stopping threads took: 0.0000199 seconds
26.621: [GC (Allocation Failure)  924524K->602220K(1034240K), 0.0056605 secs]
26.627: Total time for which application threads were stopped: 0.0058265 seconds, Stopping threads took: 0.0000197 seconds
26.694: [GC (Allocation Failure)  923756K->609998K(1034752K), 0.0046983 secs]
26.699: Total time for which application threads were stopped: 0.0048686 seconds, Stopping threads took: 0.0000200 seconds
26.766: [GC (Allocation Failure)  931534K->609998K(1034752K), 0.0049491 secs]
26.771: Total time for which application threads were stopped: 0.0051413 seconds, Stopping threads took: 0.0000201 seconds
26.838: [GC (Allocation Failure)  931534K->610446K(1034752K), 0.0056801 secs]
26.844: Total time for which application threads were stopped: 0.0058357 seconds, Stopping threads took: 0.0000250 seconds
26.912: [GC (Allocation Failure)  931982K->618032K(1033728K), 0.0045010 secs]
26.917: Total time for which application threads were stopped: 0.0046865 seconds, Stopping threads took: 0.0000257 seconds
26.984: [GC (Allocation Failure)  938544K->618032K(1034240K), 0.0047673 secs]
26.989: Total time for which application threads were stopped: 0.0049430 seconds, Stopping threads took: 0.0000196 seconds
27.057: [GC (Allocation Failure)  938544K->618184K(1034240K), 0.0055399 secs]
27.063: Total time for which application threads were stopped: 0.0057066 seconds, Stopping threads took: 0.0000264 seconds
27.131: [GC (Allocation Failure)  938696K->626059K(1034240K), 0.0065203 secs]
27.138: Total time for which application threads were stopped: 0.0066991 seconds, Stopping threads took: 0.0000205 seconds
27.206: [GC (Allocation Failure)  946571K->626091K(1034240K), 0.0047925 secs]
27.211: Total time for which application threads were stopped: 0.0049520 seconds, Stopping threads took: 0.0000195 seconds
27.276: [GC (Allocation Failure)  946603K->626123K(1020416K), 0.0056056 secs]
27.281: Total time for which application threads were stopped: 0.0057652 seconds, Stopping threads took: 0.0000193 seconds
27.351: [GC (Allocation Failure)  946635K->634125K(1033728K), 0.0049091 secs]
27.356: Total time for which application threads were stopped: 0.0050768 seconds, Stopping threads took: 0.0000191 seconds
27.422: [GC (Allocation Failure)  953613K->634093K(1033728K), 0.0049928 secs]
27.427: Total time for which application threads were stopped: 0.0051542 seconds, Stopping threads took: 0.0000198 seconds
27.492: [GC (Allocation Failure)  953581K->634157K(1033728K), 0.0057955 secs]
27.498: Total time for which application threads were stopped: 0.0059649 seconds, Stopping threads took: 0.0000195 seconds
27.567: [GC (Allocation Failure)  953645K->642127K(1033728K), 0.0048867 secs]
27.571: Total time for which application threads were stopped: 0.0050468 seconds, Stopping threads took: 0.0000199 seconds
27.638: [GC (Allocation Failure)  961615K->642127K(1033728K), 0.0050041 secs]
27.643: Total time for which application threads were stopped: 0.0051907 seconds, Stopping threads took: 0.0000382 seconds
27.710: [GC (Allocation Failure)  961615K->642351K(1033728K), 0.0056387 secs]
27.716: Total time for which application threads were stopped: 0.0058079 seconds, Stopping threads took: 0.0000193 seconds
27.783: [GC (Allocation Failure)  961839K->650162K(1033728K), 0.0049984 secs]
27.788: Total time for which application threads were stopped: 0.0051600 seconds, Stopping threads took: 0.0000202 seconds
27.855: [GC (Allocation Failure)  969650K->650130K(1033728K), 0.0048408 secs]
27.860: Total time for which application threads were stopped: 0.0050079 seconds, Stopping threads took: 0.0000197 seconds
27.928: [GC (Allocation Failure)  969618K->650314K(1032704K), 0.0056698 secs]
27.934: Total time for which application threads were stopped: 0.0058583 seconds, Stopping threads took: 0.0000194 seconds
28.003: [GC (Allocation Failure)  968778K->658188K(1033216K), 0.0048599 secs]
28.008: Total time for which application threads were stopped: 0.0050315 seconds, Stopping threads took: 0.0000194 seconds
28.075: [GC (Allocation Failure)  976652K->653226K(1033728K), 0.0033394 secs]
28.078: Total time for which application threads were stopped: 0.0034988 seconds, Stopping threads took: 0.0000155 seconds
28.144: [GC (Allocation Failure)  972202K->658284K(1033216K), 0.0065581 secs]
28.151: Total time for which application threads were stopped: 0.0067245 seconds, Stopping threads took: 0.0000222 seconds
28.219: [GC (Allocation Failure)  977260K->662372K(1034752K), 0.0047260 secs]
28.224: Total time for which application threads were stopped: 0.0048835 seconds, Stopping threads took: 0.0000193 seconds
28.291: [GC (Allocation Failure)  983908K->669834K(1034752K), 0.0082538 secs]
28.299: Total time for which application threads were stopped: 0.0084122 seconds, Stopping threads took: 0.0000180 seconds
28.367: [GC (Allocation Failure)  991370K->664076K(1029632K), 0.0050002 secs]
28.372: Total time for which application threads were stopped: 0.0051624 seconds, Stopping threads took: 0.0000192 seconds
28.439: [GC (Allocation Failure)  980492K->664044K(1032192K), 0.0049663 secs]
28.444: Total time for which application threads were stopped: 0.0051445 seconds, Stopping threads took: 0.0000196 seconds
28.509: [GC (Allocation Failure)  980460K->662570K(1033216K), 0.0083186 secs]
28.517: Total time for which application threads were stopped: 0.0085002 seconds, Stopping threads took: 0.0000181 seconds
28.583: [GC (Allocation Failure)  980522K->664268K(1032704K), 0.0048953 secs]
28.588: Total time for which application threads were stopped: 0.0050547 seconds, Stopping threads took: 0.0000197 seconds
28.654: [GC (Allocation Failure)  982220K->664108K(1034240K), 0.0051888 secs]
28.659: Total time for which application threads were stopped: 0.0053612 seconds, Stopping threads took: 0.0000191 seconds
28.726: [GC (Allocation Failure)  984108K->667244K(1033728K), 0.0057944 secs]
28.732: Total time for which application threads were stopped: 0.0059635 seconds, Stopping threads took: 0.0000216 seconds
28.797: [GC (Allocation Failure)  987244K->672270K(1034240K), 0.0049802 secs]
28.802: Total time for which application threads were stopped: 0.0051407 seconds, Stopping threads took: 0.0000205 seconds
28.869: [GC (Allocation Failure)  992782K->672110K(1034240K), 0.0050668 secs]
28.875: Total time for which application threads were stopped: 0.0052259 seconds, Stopping threads took: 0.0000197 seconds
28.942: [GC (Allocation Failure)  992622K->672942K(1033728K), 0.0059341 secs]
28.948: Total time for which application threads were stopped: 0.0060934 seconds, Stopping threads took: 0.0000193 seconds
29.015: [GC (Allocation Failure)  993454K->680240K(1034240K), 0.0049519 secs]
29.020: Total time for which application threads were stopped: 0.0051203 seconds, Stopping threads took: 0.0000285 seconds
29.088: [GC (Allocation Failure)  1000752K->680144K(1034240K), 0.0048260 secs]
29.093: Total time for which application threads were stopped: 0.0050140 seconds, Stopping threads took: 0.0000285 seconds
29.163: [GC (Allocation Failure)  1000656K->683208K(1034240K), 0.0058867 secs]
29.169: Total time for which application threads were stopped: 0.0060546 seconds, Stopping threads took: 0.0000197 seconds
29.238: [GC (Allocation Failure)  1003720K->688235K(1034752K), 0.0048730 secs]
29.243: Total time for which application threads were stopped: 0.0050357 seconds, Stopping threads took: 0.0000199 seconds
29.313: [GC (Allocation Failure)  1009771K->688171K(1034752K), 0.0048695 secs]
29.318: Total time for which application threads were stopped: 0.0050500 seconds, Stopping threads took: 0.0000195 seconds
29.385: [GC (Allocation Failure)  1009707K->691435K(1034752K), 0.0060474 secs]
29.391: [Full GC (Ergonomics)  691435K->11735K(1034752K), 0.0211141 secs]
29.412: Total time for which application threads were stopped: 0.0274081 seconds, Stopping threads took: 0.0000203 seconds
29.481: [GC (Allocation Failure)  333271K->20665K(1034752K), 0.0040279 secs]
29.485: Total time for which application threads were stopped: 0.0041832 seconds, Stopping threads took: 0.0000171 seconds
29.554: [GC (Allocation Failure)  342201K->20689K(1034752K), 0.0037774 secs]
29.557: Total time for which application threads were stopped: 0.0039698 seconds, Stopping threads took: 0.0000203 seconds
29.624: [GC (Allocation Failure)  342225K->21097K(1021440K), 0.0038169 secs]
29.628: Total time for which application threads were stopped: 0.0039722 seconds, Stopping threads took: 0.0000168 seconds
29.696: [GC (Allocation Failure)  342633K->28779K(1034240K), 0.0038620 secs]
29.700: Total time for which application threads were stopped: 0.0040180 seconds, Stopping threads took: 0.0000193 seconds
29.768: [GC (Allocation Failure)  349291K->28683K(1034240K), 0.0037865 secs]
29.772: Total time for which application threads were stopped: 0.0039529 seconds, Stopping threads took: 0.0000193 seconds
29.840: [GC (Allocation Failure)  349195K->32395K(1034752K), 0.0044664 secs]
29.844: Total time for which application threads were stopped: 0.0046304 seconds, Stopping threads took: 0.0000204 seconds
29.913: [GC (Allocation Failure)  353931K->36750K(1034752K), 0.0038265 secs]
29.917: Total time for which application threads were stopped: 0.0039922 seconds, Stopping threads took: 0.0000269 seconds
29.984: [GC (Allocation Failure)  358286K->36782K(1034752K), 0.0036455 secs]
29.988: Total time for which application threads were stopped: 0.0038416 seconds, Stopping threads took: 0.0000211 seconds
30.056: [GC (Allocation Failure)  358318K->37550K(1034752K), 0.0037453 secs]
30.060: Total time for which application threads were stopped: 0.0038929 seconds, Stopping threads took: 0.0000162 seconds
30.129: [GC (Allocation Failure)  359086K->44880K(1034752K), 0.0038661 secs]
30.133: Total time for which application threads were stopped: 0.0040414 seconds, Stopping threads took: 0.0000196 seconds
30.200: [GC (Allocation Failure)  366416K->44816K(1034752K), 0.0036199 secs]
30.204: Total time for which application threads were stopped: 0.0037883 seconds, Stopping threads took: 0.0000202 seconds
30.270: [GC (Allocation Failure)  366352K->46792K(1034752K), 0.0040216 secs]
30.274: Total time for which application threads were stopped: 0.0041953 seconds, Stopping threads took: 0.0000195 seconds
30.342: [GC (Allocation Failure)  368328K->52842K(1034752K), 0.0038667 secs]
30.346: Total time for which application threads were stopped: 0.0040393 seconds, Stopping threads took: 0.0000212 seconds
30.416: [GC (Allocation Failure)  374378K->52842K(1034752K), 0.0038548 secs]
30.420: Total time for which application threads were stopped: 0.0040237 seconds, Stopping threads took: 0.0000205 seconds
30.487: [GC (Allocation Failure)  374378K->56042K(1034752K), 0.0044769 secs]
30.491: Total time for which application threads were stopped: 0.0046586 seconds, Stopping threads took: 0.0000199 seconds
30.559: [GC (Allocation Failure)  377578K->61069K(1034752K), 0.0038896 secs]
30.563: Total time for which application threads were stopped: 0.0040589 seconds, Stopping threads took: 0.0000194 seconds
30.629: [GC (Allocation Failure)  382605K->60877K(1034752K), 0.0037309 secs]
30.633: Total time for which application threads were stopped: 0.0039012 seconds, Stopping threads took: 0.0000197 seconds
30.701: [GC (Allocation Failure)  382413K->53130K(1034752K), 0.0007464 secs]
30.701: Total time for which application threads were stopped: 0.0008622 seconds, Stopping threads took: 0.0000189 seconds
30.767: [GC (Allocation Failure)  374666K->61005K(1029632K), 0.0039032 secs]
30.771: Total time for which application threads were stopped: 0.0040588 seconds, Stopping threads took: 0.0000195 seconds
30.837: [GC (Allocation Failure)  382541K->60845K(1034240K), 0.0038950 secs]
30.841: Total time for which application threads were stopped: 0.0040541 seconds, Stopping threads took: 0.0000193 seconds
30.908: [GC (Allocation Failure)  381357K->53386K(1034240K), 0.0008676 secs]
30.909: Total time for which application threads were stopped: 0.0009983 seconds, Stopping threads took: 0.0000190 seconds
30.977: [GC (Allocation Failure)  373898K->60973K(1034240K), 0.0038608 secs]
30.981: Total time for which application threads were stopped: 0.0040217 seconds, Stopping threads took: 0.0000189 seconds
31.050: [GC (Allocation Failure)  381485K->60845K(1034240K), 0.0037729 secs]
31.054: Total time for which application threads were stopped: 0.0039477 seconds, Stopping threads took: 0.0000274 seconds
31.121: [GC (Allocation Failure)  381357K->63661K(1034240K), 0.0052896 secs]
31.127: Total time for which application threads were stopped: 0.0054505 seconds, Stopping threads took: 0.0000203 seconds
31.194: [GC (Allocation Failure)  384173K->68943K(1034240K), 0.0037880 secs]
31.198: Total time for which application threads were stopped: 0.0039702 seconds, Stopping threads took: 0.0000199 seconds
31.266: [GC (Allocation Failure)  389455K->68879K(1034240K), 0.0046508 secs]
31.271: Total time for which application threads were stopped: 0.0048050 seconds, Stopping threads took: 0.0000192 seconds
31.340: [GC (Allocation Failure)  389391K->69863K(1034240K), 0.0039222 secs]
31.344: Total time for which application threads were stopped: 0.0040819 seconds, Stopping threads took: 0.0000193 seconds
31.411: [GC (Allocation Failure)  390375K->76905K(1034240K), 0.0038291 secs]
31.415: Total time for which application threads were stopped: 0.0039992 seconds, Stopping threads took: 0.0000208 seconds
31.483: [GC (Allocation Failure)  397417K->76937K(1034240K), 0.0038664 secs]
31.487: Total time for which application threads were stopped: 0.0040568 seconds, Stopping threads took: 0.0000203 seconds
31.557: [GC (Allocation Failure)  397449K->80137K(1034752K), 0.0043820 secs]
31.562: Total time for which application threads were stopped: 0.0045494 seconds, Stopping threads took: 0.0000165 seconds
31.630: [GC (Allocation Failure)  401161K->84939K(1034240K), 0.0038599 secs]
31.634: Total time for which application threads were stopped: 0.0040559 seconds, Stopping threads took: 0.0000204 seconds
31.701: [GC (Allocation Failure)  405963K->84939K(1034752K), 0.0036697 secs]
31.704: Total time for which application threads were stopped: 0.0038463 seconds, Stopping threads took: 0.0000193 seconds
31.771: [GC (Allocation Failure)  406475K->88331K(1034752K), 0.0045356 secs]
31.776: Total time for which application threads were stopped: 0.0046987 seconds, Stopping threads took: 0.0000199 seconds
31.843: [GC (Allocation Failure)  409867K->93070K(1034752K), 0.0038969 secs]
31.847: Total time for which application threads were stopped: 0.0040550 seconds, Stopping threads took: 0.0000196 seconds
31.914: [GC (Allocation Failure)  414606K->93006K(1034752K), 0.0038562 secs]
31.918: Total time for which application threads were stopped: 0.0040290 seconds, Stopping threads took: 0.0000191 seconds
31.985: [GC (Allocation Failure)  414542K->93478K(1034752K), 0.0039558 secs]
31.989: Total time for which application threads were stopped: 0.0041226 seconds, Stopping threads took: 0.0000193 seconds
32.056: [GC (Allocation Failure)  415014K->101064K(1034752K), 0.0039034 secs]
32.060: Total time for which application threads were stopped: 0.0040735 seconds, Stopping threads took: 0.0000193 seconds
32.128: [GC (Allocation Failure)  422600K->101000K(1034752K), 0.0038341 secs]
32.132: Total time for which application threads were stopped: 0.0039996 seconds, Stopping threads took: 0.0000196 seconds
32.199: [GC (Allocation Failure)  422536K->102760K(1034752K), 0.0039718 secs]
32.203: Total time for which application threads were stopped: 0.0041393 seconds, Stopping threads took: 0.0000198 seconds
32.270: [GC (Allocation Failure)  424296K->109290K(1033728K), 0.0073771 secs]
32.278: Total time for which application threads were stopped: 0.0075433 seconds, Stopping threads took: 0.0000199 seconds
32.346: [GC (Allocation Failure)  429802K->109066K(1034240K), 0.0040054 secs]
32.350: Total time for which application threads were stopped: 0.0041750 seconds, Stopping threads took: 0.0000195 seconds
32.417: [GC (Allocation Failure)  429578K->109962K(1034240K), 0.0038275 secs]
32.421: Total time for which application threads were stopped: 0.0039821 seconds, Stopping threads took: 0.0000193 seconds
32.488: [GC (Allocation Failure)  430474K->117068K(1034240K), 0.0038533 secs]
32.492: Total time for which application threads were stopped: 0.0040112 seconds, Stopping threads took: 0.0000197 seconds
32.563: [GC (Allocation Failure)  437580K->117068K(1034240K), 0.0038975 secs]
32.567: Total time for which application threads were stopped: 0.0040578 seconds, Stopping threads took: 0.0000260 seconds
32.634: [GC (Allocation Failure)  437580K->120260K(1034240K), 0.0046183 secs]
32.638: Total time for which application threads were stopped: 0.0047851 seconds, Stopping threads took: 0.0000195 seconds
32.706: [GC (Allocation Failure)  440772K->125127K(1034752K), 0.0037139 secs]
32.710: Total time for which application threads were stopped: 0.0038921 seconds, Stopping threads took: 0.0000207 seconds
32.776: [GC (Allocation Failure)  446663K->125095K(1034752K), 0.0038037 secs]
32.780: Total time for which application threads were stopped: 0.0039713 seconds, Stopping threads took: 0.0000221 seconds
32.846: [GC (Allocation Failure)  446631K->128391K(1034752K), 0.0044774 secs]
32.851: Total time for which application threads were stopped: 0.0046472 seconds, Stopping threads took: 0.0000194 seconds
32.920: [GC (Allocation Failure)  449927K->133161K(1034752K), 0.0038493 secs]
32.924: Total time for which application threads were stopped: 0.0040091 seconds, Stopping threads took: 0.0000199 seconds
32.991: [GC (Allocation Failure)  454697K->133161K(1034752K), 0.0038930 secs]
32.995: Total time for which application threads were stopped: 0.0040571 seconds, Stopping threads took: 0.0000191 seconds
33.062: [GC (Allocation Failure)  454697K->133537K(1034752K), 0.0041888 secs]
33.066: Total time for which application threads were stopped: 0.0043801 seconds, Stopping threads took: 0.0000189 seconds
33.135: [GC (Allocation Failure)  455073K->141155K(1033728K), 0.0038764 secs]
33.139: Total time for which application threads were stopped: 0.0040307 seconds, Stopping threads took: 0.0000167 seconds
33.206: [GC (Allocation Failure)  461667K->141155K(1034240K), 0.0064322 secs]
33.213: Total time for which application threads were stopped: 0.0065995 seconds, Stopping threads took: 0.0000203 seconds
33.279: [GC (Allocation Failure)  461667K->144843K(1034752K), 0.0047338 secs]
33.284: Total time for which application threads were stopped: 0.0049134 seconds, Stopping threads took: 0.0000215 seconds
33.351: [GC (Allocation Failure)  466379K->149261K(1034752K), 0.0040824 secs]
33.356: Total time for which application threads were stopped: 0.0042459 seconds, Stopping threads took: 0.0000197 seconds
33.423: [GC (Allocation Failure)  470797K->149229K(1034752K), 0.0038874 secs]
33.427: Total time for which application threads were stopped: 0.0040441 seconds, Stopping threads took: 0.0000194 seconds
33.495: [GC (Allocation Failure)  470765K->150029K(1034752K), 0.0039452 secs]
33.499: Total time for which application threads were stopped: 0.0041022 seconds, Stopping threads took: 0.0000164 seconds
33.568: [GC (Allocation Failure)  471565K->157296K(1034752K), 0.0039500 secs]
33.572: Total time for which application threads were stopped: 0.0041491 seconds, Stopping threads took: 0.0000524 seconds
33.639: [GC (Allocation Failure)  478832K->157232K(1034752K), 0.0040831 secs]
33.644: Total time for which application threads were stopped: 0.0042444 seconds, Stopping threads took: 0.0000203 seconds
33.711: [GC (Allocation Failure)  478768K->159280K(1034752K), 0.0042548 secs]
33.715: Total time for which application threads were stopped: 0.0044454 seconds, Stopping threads took: 0.0000190 seconds
33.784: [GC (Allocation Failure)  480816K->165298K(1034752K), 0.0040049 secs]
33.788: Total time for which application threads were stopped: 0.0041722 seconds, Stopping threads took: 0.0000188 seconds
33.855: [GC (Allocation Failure)  486834K->165298K(1034752K), 0.0039654 secs]
33.859: Total time for which application threads were stopped: 0.0041553 seconds, Stopping threads took: 0.0000196 seconds
33.926: [GC (Allocation Failure)  486834K->168522K(1034752K), 0.0046520 secs]
33.931: Total time for which application threads were stopped: 0.0048176 seconds, Stopping threads took: 0.0000165 seconds
33.999: [GC (Allocation Failure)  490058K->173516K(1034752K), 0.0038791 secs]
34.003: Total time for which application threads were stopped: 0.0040470 seconds, Stopping threads took: 0.0000259 seconds
34.069: [GC (Allocation Failure)  495052K->173292K(1034752K), 0.0039945 secs]
34.073: Total time for which application threads were stopped: 0.0041721 seconds, Stopping threads took: 0.0000289 seconds
34.139: [GC (Allocation Failure)  494828K->165642K(1033728K), 0.0008663 secs]
34.140: Total time for which application threads were stopped: 0.0010113 seconds, Stopping threads took: 0.0000211 seconds
34.210: [GC (Allocation Failure)  486154K->173452K(1034240K), 0.0040818 secs]
34.214: Total time for which application threads were stopped: 0.0042289 seconds, Stopping threads took: 0.0000172 seconds
34.282: [GC (Allocation Failure)  493964K->173260K(1034240K), 0.0040648 secs]
34.287: Total time for which application threads were stopped: 0.0042226 seconds, Stopping threads took: 0.0000193 seconds
34.354: [GC (Allocation Failure)  493772K->175908K(1034240K), 0.0044705 secs]
34.359: Total time for which application threads were stopped: 0.0046385 seconds, Stopping threads took: 0.0000191 seconds
34.428: [GC (Allocation Failure)  496420K->181447K(1034752K), 0.0040732 secs]
34.432: Total time for which application threads were stopped: 0.0042396 seconds, Stopping threads took: 0.0000191 seconds
34.500: [GC (Allocation Failure)  502983K->181351K(1034752K), 0.0050531 secs]
34.505: Total time for which application threads were stopped: 0.0052052 seconds, Stopping threads took: 0.0000201 seconds
34.571: [GC (Allocation Failure)  502887K->184167K(1034752K), 0.0047493 secs]
34.576: Total time for which application threads were stopped: 0.0049103 seconds, Stopping threads took: 0.0000193 seconds
34.644: [GC (Allocation Failure)  505703K->189449K(1034752K), 0.0045613 secs]
34.649: Total time for which application threads were stopped: 0.0047272 seconds, Stopping threads took: 0.0000189 seconds
34.715: [GC (Allocation Failure)  510985K->189353K(1034752K), 0.0039288 secs]
34.719: Total time for which application threads were stopped: 0.0040819 seconds, Stopping threads took: 0.0000186 seconds
34.786: [GC (Allocation Failure)  510889K->193449K(1034752K), 0.0048871 secs]
34.791: Total time for which application threads were stopped: 0.0050459 seconds, Stopping threads took: 0.0000195 seconds
34.857: [GC (Allocation Failure)  514985K->197355K(1035264K), 0.0040606 secs]
34.861: Total time for which application threads were stopped: 0.0042189 seconds, Stopping threads took: 0.0000189 seconds
34.929: [GC (Allocation Failure)  519915K->197419K(1035264K), 0.0039107 secs]
34.933: Total time for which application threads were stopped: 0.0040697 seconds, Stopping threads took: 0.0000197 seconds
35.002: [GC (Allocation Failure)  519979K->192617K(1035264K), 0.0020525 secs]
35.004: Total time for which application threads were stopped: 0.0022037 seconds, Stopping threads took: 0.0000191 seconds
35.072: [GC (Allocation Failure)  515177K->197611K(1035264K), 0.0039969 secs]
35.076: Total time for which application threads were stopped: 0.0041676 seconds, Stopping threads took: 0.0000204 seconds
35.142: [GC (Allocation Failure)  520171K->197387K(1035264K), 0.0041102 secs]
35.146: Total time for which application threads were stopped: 0.0042727 seconds, Stopping threads took: 0.0000207 seconds
35.214: [GC (Allocation Failure)  519947K->196873K(1035264K), 0.0037426 secs]
35.218: Total time for which application threads were stopped: 0.0039384 seconds, Stopping threads took: 0.0000282 seconds
35.283: [GC (Allocation Failure)  519433K->197547K(1035776K), 0.0064651 secs]
35.290: Total time for which application threads were stopped: 0.0066320 seconds, Stopping threads took: 0.0000196 seconds
35.359: [GC (Allocation Failure)  520619K->197387K(1035264K), 0.0039716 secs]
35.363: Total time for which application threads were stopped: 0.0041548 seconds, Stopping threads took: 0.0000219 seconds
35.428: [GC (Allocation Failure)  520459K->202161K(1032704K), 0.0060879 secs]
35.434: Total time for which application threads were stopped: 0.0062501 seconds, Stopping threads took: 0.0000203 seconds
35.501: [GC (Allocation Failure)  522673K->197555K(1034240K), 0.0046225 secs]
35.506: Total time for which application threads were stopped: 0.0047828 seconds, Stopping threads took: 0.0000264 seconds
35.574: [GC (Allocation Failure)  518067K->197459K(1034752K), 0.0039866 secs]
35.578: Total time for which application threads were stopped: 0.0041528 seconds, Stopping threads took: 0.0000196 seconds
35.645: [GC (Allocation Failure)  518483K->200913K(1034240K), 0.0055059 secs]
35.650: Total time for which application threads were stopped: 0.0056855 seconds, Stopping threads took: 0.0000195 seconds
35.719: [GC (Allocation Failure)  521937K->197491K(1034752K), 0.0040317 secs]
35.724: Total time for which application threads were stopped: 0.0041874 seconds, Stopping threads took: 0.0000190 seconds
35.791: [GC (Allocation Failure)  518515K->197427K(1034240K), 0.0039338 secs]
35.795: Total time for which application threads were stopped: 0.0041009 seconds, Stopping threads took: 0.0000195 seconds
35.862: [GC (Allocation Failure)  518451K->200593K(1034240K), 0.0053924 secs]
35.868: Total time for which application threads were stopped: 0.0055650 seconds, Stopping threads took: 0.0000267 seconds
35.936: [GC (Allocation Failure)  522129K->197459K(1034752K), 0.0040027 secs]
35.940: Total time for which application threads were stopped: 0.0041695 seconds, Stopping threads took: 0.0000185 seconds
36.007: [GC (Allocation Failure)  518995K->197427K(1035264K), 0.0044080 secs]
36.012: Total time for which application threads were stopped: 0.0045777 seconds, Stopping threads took: 0.0000208 seconds
36.079: [GC (Allocation Failure)  519987K->202825K(1035264K), 0.0063810 secs]
36.085: Total time for which application threads were stopped: 0.0065547 seconds, Stopping threads took: 0.0000203 seconds
36.152: [GC (Allocation Failure)  525385K->197795K(1033216K), 0.0103290 secs]
36.163: Total time for which application threads were stopped: 0.0104915 seconds, Stopping threads took: 0.0000198 seconds
36.231: [GC (Allocation Failure)  518307K->197635K(1034240K), 0.0040143 secs]
36.235: Total time for which application threads were stopped: 0.0041958 seconds, Stopping threads took: 0.0000203 seconds
36.302: [GC (Allocation Failure)  518147K->203201K(1032704K), 0.0064016 secs]
36.309: Total time for which application threads were stopped: 0.0065969 seconds, Stopping threads took: 0.0000214 seconds
36.376: [GC (Allocation Failure)  522689K->197763K(1033728K), 0.0040603 secs]
36.380: Total time for which application threads were stopped: 0.0042102 seconds, Stopping threads took: 0.0000169 seconds
36.447: [GC (Allocation Failure)  517251K->197603K(1034240K), 0.0066467 secs]
36.454: Total time for which application threads were stopped: 0.0068217 seconds, Stopping threads took: 0.0000195 seconds
36.522: [GC (Allocation Failure)  517603K->198817K(1033728K), 0.0064475 secs]
36.529: Total time for which application threads were stopped: 0.0066144 seconds, Stopping threads took: 0.0000251 seconds
36.597: [GC (Allocation Failure)  518817K->197699K(1034752K), 0.0041052 secs]
36.601: Total time for which application threads were stopped: 0.0042785 seconds, Stopping threads took: 0.0000258 seconds
36.670: [GC (Allocation Failure)  519235K->197603K(1034752K), 0.0042045 secs]
36.674: Total time for which application threads were stopped: 0.0043626 seconds, Stopping threads took: 0.0000170 seconds
36.740: [GC (Allocation Failure)  519139K->198497K(1035776K), 0.0045448 secs]
36.744: Total time for which application threads were stopped: 0.0047460 seconds, Stopping threads took: 0.0000213 seconds
36.815: [GC (Allocation Failure)  521569K->197635K(1035264K), 0.0040719 secs]
36.819: Total time for which application threads were stopped: 0.0042500 seconds, Stopping threads took: 0.0000157 seconds
36.886: [GC (Allocation Failure)  520707K->197603K(1036288K), 0.0040800 secs]
36.890: Total time for which application threads were stopped: 0.0042360 seconds, Stopping threads took: 0.0000192 seconds
36.958: [GC (Allocation Failure)  521699K->205353K(1035776K), 0.0076085 secs]
36.966: Total time for which application threads were stopped: 0.0078000 seconds, Stopping threads took: 0.0000190 seconds
37.036: [GC (Allocation Failure)  529449K->201387K(1032704K), 0.0041194 secs]
37.040: Total time for which application threads were stopped: 0.0042739 seconds, Stopping threads took: 0.0000162 seconds
37.107: [GC (Allocation Failure)  521899K->201131K(1034240K), 0.0040511 secs]
37.111: Total time for which application threads were stopped: 0.0042272 seconds, Stopping threads took: 0.0000200 seconds
37.178: [GC (Allocation Failure)  521643K->194281K(1033216K), 0.0013280 secs]
37.179: Total time for which application threads were stopped: 0.0014566 seconds, Stopping threads took: 0.0000199 seconds
37.249: [GC (Allocation Failure)  513769K->201387K(1033728K), 0.0040317 secs]
37.253: Total time for which application threads were stopped: 0.0042050 seconds, Stopping threads took: 0.0000199 seconds
37.322: [GC (Allocation Failure)  520875K->205275K(1034752K), 0.0050941 secs]
37.328: Total time for which application threads were stopped: 0.0052639 seconds, Stopping threads took: 0.0000195 seconds
37.395: [GC (Allocation Failure)  526299K->211369K(1034240K), 0.0065232 secs]
37.401: Total time for which application threads were stopped: 0.0066924 seconds, Stopping threads took: 0.0000195 seconds
37.469: [GC (Allocation Failure)  532393K->205707K(1032192K), 0.0042888 secs]
37.474: Total time for which application threads were stopped: 0.0044471 seconds, Stopping threads took: 0.0000195 seconds
37.542: [GC (Allocation Failure)  524171K->205579K(1033216K), 0.0039151 secs]
37.546: Total time for which application threads were stopped: 0.0040861 seconds, Stopping threads took: 0.0000203 seconds
37.613: [GC (Allocation Failure)  524043K->206249K(1034752K), 0.0043964 secs]
37.617: Total time for which application threads were stopped: 0.0045609 seconds, Stopping threads took: 0.0000198 seconds
37.686: [GC (Allocation Failure)  526761K->205643K(1033728K), 0.0041336 secs]
37.690: Total time for which application threads were stopped: 0.0042980 seconds, Stopping threads took: 0.0000207 seconds
37.758: [GC (Allocation Failure)  526155K->205579K(1035264K), 0.0039391 secs]
37.762: Total time for which application threads were stopped: 0.0041504 seconds, Stopping threads took: 0.0000389 seconds
37.831: [GC (Allocation Failure)  527627K->205897K(1034752K), 0.0041545 secs]
37.835: Total time for which application threads were stopped: 0.0043247 seconds, Stopping threads took: 0.0000265 seconds
37.903: [GC (Allocation Failure)  527945K->205803K(1036288K), 0.0042531 secs]
37.908: Total time for which application threads were stopped: 0.0044215 seconds, Stopping threads took: 0.0000195 seconds
37.978: [GC (Allocation Failure)  529899K->205611K(1035776K), 0.0041770 secs]
37.982: Total time for which application threads were stopped: 0.0043485 seconds, Stopping threads took: 0.0000204 seconds
38.051: [GC (Allocation Failure)  529707K->212713K(1032192K), 0.0073608 secs]
38.058: Total time for which application threads were stopped: 0.0075369 seconds, Stopping threads took: 0.0000258 seconds
38.127: [GC (Allocation Failure)  533225K->208619K(1034240K), 0.0040799 secs]
38.131: Total time for which application threads were stopped: 0.0042582 seconds, Stopping threads took: 0.0000196 seconds
38.200: [GC (Allocation Failure)  529131K->208491K(1034752K), 0.0039930 secs]
38.204: Total time for which application threads were stopped: 0.0041834 seconds, Stopping threads took: 0.0000196 seconds
38.271: [GC (Allocation Failure)  530027K->214761K(1034752K), 0.0066986 secs]
38.278: Total time for which application threads were stopped: 0.0068517 seconds, Stopping threads took: 0.0000192 seconds
38.345: [GC (Allocation Failure)  536297K->209067K(1032704K), 0.0071335 secs]
38.353: Total time for which application threads were stopped: 0.0073013 seconds, Stopping threads took: 0.0000200 seconds
38.421: [GC (Allocation Failure)  528555K->209003K(1033728K), 0.0042144 secs]
38.426: Total time for which application threads were stopped: 0.0044039 seconds, Stopping threads took: 0.0000232 seconds
38.491: [GC (Allocation Failure)  528491K->212457K(1033728K), 0.0056166 secs]
38.497: Total time for which application threads were stopped: 0.0058200 seconds, Stopping threads took: 0.0000223 seconds
38.567: [GC (Allocation Failure)  531945K->209035K(1033728K), 0.0040255 secs]
38.571: Total time for which application threads were stopped: 0.0042165 seconds, Stopping threads took: 0.0000185 seconds
38.640: [GC (Allocation Failure)  528523K->209003K(1034240K), 0.0042044 secs]
38.644: Total time for which application threads were stopped: 0.0043630 seconds, Stopping threads took: 0.0000195 seconds
38.711: [GC (Allocation Failure)  529003K->208009K(1033728K), 0.0036035 secs]
38.715: Total time for which application threads were stopped: 0.0037715 seconds, Stopping threads took: 0.0000190 seconds
38.780: [GC (Allocation Failure)  528009K->209195K(1034752K), 0.0039748 secs]
38.784: Total time for which application threads were stopped: 0.0041446 seconds, Stopping threads took: 0.0000204 seconds
38.852: [GC (Allocation Failure)  530219K->209035K(1034240K), 0.0038918 secs]
38.856: Total time for which application threads were stopped: 0.0040528 seconds, Stopping threads took: 0.0000202 seconds
38.923: [GC (Allocation Failure)  530059K->206697K(1034240K), 0.0031142 secs]
38.926: Total time for which application threads were stopped: 0.0032724 seconds, Stopping threads took: 0.0000188 seconds
38.994: [GC (Allocation Failure)  528233K->209163K(1034752K), 0.0041596 secs]
38.998: Total time for which application threads were stopped: 0.0043436 seconds, Stopping threads took: 0.0000197 seconds
39.064: [GC (Allocation Failure)  530699K->209003K(1035776K), 0.0041234 secs]
39.068: Total time for which application threads were stopped: 0.0042918 seconds, Stopping threads took: 0.0000189 seconds
39.134: [GC (Allocation Failure)  532075K->209513K(1035264K), 0.0043855 secs]
39.138: Total time for which application threads were stopped: 0.0045430 seconds, Stopping threads took: 0.0000189 seconds
39.207: [GC (Allocation Failure)  532585K->209131K(1036288K), 0.0039143 secs]
39.211: Total time for which application threads were stopped: 0.0040758 seconds, Stopping threads took: 0.0000193 seconds
39.277: [GC (Allocation Failure)  533739K->208971K(1036288K), 0.0041542 secs]
39.281: Total time for which application threads were stopped: 0.0043253 seconds, Stopping threads took: 0.0000202 seconds
39.347: [GC (Allocation Failure)  533579K->201961K(1034752K), 0.0013187 secs]
39.349: Total time for which application threads were stopped: 0.0014442 seconds, Stopping threads took: 0.0000195 seconds
39.416: [GC (Allocation Failure)  525545K->209107K(1035776K), 0.0040493 secs]
39.420: Total time for which application threads were stopped: 0.0042292 seconds, Stopping threads took: 0.0000197 seconds
39.488: [GC (Allocation Failure)  532691K->213115K(1036288K), 0.0050375 secs]
39.493: Total time for which application threads were stopped: 0.0051993 seconds, Stopping threads took: 0.0000199 seconds
39.563: [GC (Allocation Failure)  537723K->213147K(1036288K), 0.0037808 secs]
39.567: Total time for which application threads were stopped: 0.0039320 seconds, Stopping threads took: 0.0000182 seconds
39.632: [GC (Allocation Failure)  537755K->213467K(1034752K), 0.0041634 secs]
39.637: Total time for which application threads were stopped: 0.0043555 seconds, Stopping threads took: 0.0000192 seconds
39.707: [GC (Allocation Failure)  537051K->221181K(1035776K), 0.0040090 secs]
39.711: Total time for which application threads were stopped: 0.0041891 seconds, Stopping threads took: 0.0000173 seconds
39.781: [GC (Allocation Failure)  544765K->221213K(1036288K), 0.0043076 secs]
39.786: Total time for which application threads were stopped: 0.0044795 seconds, Stopping threads took: 0.0000195 seconds
39.854: [GC (Allocation Failure)  545821K->221245K(1024512K), 0.0042129 secs]
39.858: Total time for which application threads were stopped: 0.0043963 seconds, Stopping threads took: 0.0000206 seconds
39.927: [GC (Allocation Failure)  545853K->229216K(1035264K), 0.0041970 secs]
39.931: Total time for which application threads were stopped: 0.0043796 seconds, Stopping threads took: 0.0000187 seconds
40.001: [GC (Allocation Failure)  551776K->229216K(1035264K), 0.0039510 secs]
40.005: Total time for which application threads were stopped: 0.0041061 seconds, Stopping threads took: 0.0000190 seconds
40.073: [GC (Allocation Failure)  551776K->229416K(1034752K), 0.0040688 secs]
40.077: Total time for which application threads were stopped: 0.0042385 seconds, Stopping threads took: 0.0000284 seconds
40.147: [GC (Allocation Failure)  551976K->237258K(1035264K), 0.0042302 secs]
40.151: Total time for which application threads were stopped: 0.0043989 seconds, Stopping threads took: 0.0000200 seconds
40.218: [GC (Allocation Failure)  559818K->237258K(1035264K), 0.0041481 secs]
40.222: Total time for which application threads were stopped: 0.0043074 seconds, Stopping threads took: 0.0000202 seconds
40.289: [GC (Allocation Failure)  559818K->237674K(1022464K), 0.0040176 secs]
40.293: Total time for which application threads were stopped: 0.0042076 seconds, Stopping threads took: 0.0000193 seconds
40.363: [GC (Allocation Failure)  560234K->245324K(1034752K), 0.0039546 secs]
40.367: Total time for which application threads were stopped: 0.0041097 seconds, Stopping threads took: 0.0000164 seconds
40.434: [GC (Allocation Failure)  566860K->245292K(1034752K), 0.0042189 secs]
40.439: Total time for which application threads were stopped: 0.0043926 seconds, Stopping threads took: 0.0000200 seconds
40.506: [GC (Allocation Failure)  566828K->245348K(1033728K), 0.0041132 secs]
40.510: Total time for which application threads were stopped: 0.0042567 seconds, Stopping threads took: 0.0000140 seconds
40.578: [GC (Allocation Failure)  565860K->253350K(1034240K), 0.0039888 secs]
40.582: Total time for which application threads were stopped: 0.0041736 seconds, Stopping threads took: 0.0000173 seconds
40.651: [GC (Allocation Failure)  573862K->253318K(1034240K), 0.0040838 secs]
40.656: Total time for which application threads were stopped: 0.0042712 seconds, Stopping threads took: 0.0000193 seconds
40.724: [GC (Allocation Failure)  573830K->253606K(1034240K), 0.0040269 secs]
40.728: Total time for which application threads were stopped: 0.0042153 seconds, Stopping threads took: 0.0000194 seconds
40.797: [GC (Allocation Failure)  574118K->261385K(1034240K), 0.0043027 secs]
40.801: Total time for which application threads were stopped: 0.0044944 seconds, Stopping threads took: 0.0000207 seconds
40.871: [GC (Allocation Failure)  581897K->261353K(1034240K), 0.0042954 secs]
40.875: Total time for which application threads were stopped: 0.0044514 seconds, Stopping threads took: 0.0000170 seconds
40.942: [GC (Allocation Failure)  581865K->261417K(1033216K), 0.0042792 secs]
40.946: Total time for which application threads were stopped: 0.0044498 seconds, Stopping threads took: 0.0000202 seconds
41.014: [GC (Allocation Failure)  580905K->269419K(1033728K), 0.0041976 secs]
41.019: Total time for which application threads were stopped: 0.0043507 seconds, Stopping threads took: 0.0000165 seconds
41.085: [GC (Allocation Failure)  588907K->269387K(1033728K), 0.0040229 secs]
41.090: Total time for which application threads were stopped: 0.0041923 seconds, Stopping threads took: 0.0000186 seconds
41.156: [GC (Allocation Failure)  588875K->269547K(1033728K), 0.0042540 secs]
41.160: Total time for which application threads were stopped: 0.0044410 seconds, Stopping threads took: 0.0000197 seconds
41.228: [GC (Allocation Failure)  589035K->277453K(1033728K), 0.0042832 secs]
41.233: Total time for which application threads were stopped: 0.0044476 seconds, Stopping threads took: 0.0000200 seconds
41.300: [GC (Allocation Failure)  596941K->277421K(1033728K), 0.0054617 secs]
41.306: Total time for which application threads were stopped: 0.0056393 seconds, Stopping threads took: 0.0000198 seconds
41.373: [GC (Allocation Failure)  596909K->277805K(1033728K), 0.0043273 secs]
41.378: Total time for which application threads were stopped: 0.0045042 seconds, Stopping threads took: 0.0000200 seconds
41.444: [GC (Allocation Failure)  597293K->285487K(1033728K), 0.0042769 secs]
41.448: Total time for which application threads were stopped: 0.0044419 seconds, Stopping threads took: 0.0000207 seconds
41.516: [GC (Allocation Failure)  604975K->285423K(1033728K), 0.0046882 secs]
41.521: Total time for which application threads were stopped: 0.0048455 seconds, Stopping threads took: 0.0000258 seconds
41.587: [GC (Allocation Failure)  604911K->285511K(1019392K), 0.0042290 secs]
41.591: Total time for which application threads were stopped: 0.0043972 seconds, Stopping threads took: 0.0000196 seconds
41.660: [GC (Allocation Failure)  604999K->293514K(1033216K), 0.0043812 secs]
41.664: Total time for which application threads were stopped: 0.0045413 seconds, Stopping threads took: 0.0000189 seconds
41.733: [GC (Allocation Failure)  611978K->293514K(1033216K), 0.0043955 secs]
41.738: Total time for which application threads were stopped: 0.0045591 seconds, Stopping threads took: 0.0000188 seconds
41.802: [GC (Allocation Failure)  611978K->293738K(1033216K), 0.0043161 secs]
41.807: Total time for which application threads were stopped: 0.0044813 seconds, Stopping threads took: 0.0000192 seconds
41.873: [GC (Allocation Failure)  612202K->301516K(1033216K), 0.0044314 secs]
41.877: Total time for which application threads were stopped: 0.0045898 seconds, Stopping threads took: 0.0000196 seconds
41.942: [GC (Allocation Failure)  619980K->296938K(1033728K), 0.0027011 secs]
41.945: Total time for which application threads were stopped: 0.0028709 seconds, Stopping threads took: 0.0000247 seconds
42.011: [GC (Allocation Failure)  615914K->301716K(1033216K), 0.0044443 secs]
42.016: Total time for which application threads were stopped: 0.0046160 seconds, Stopping threads took: 0.0000196 seconds
42.083: [GC (Allocation Failure)  620692K->305660K(1034752K), 0.0044577 secs]
42.088: Total time for which application threads were stopped: 0.0046374 seconds, Stopping threads took: 0.0000201 seconds
42.155: [GC (Allocation Failure)  627196K->313546K(1034752K), 0.0112764 secs]
42.166: Total time for which application threads were stopped: 0.0114439 seconds, Stopping threads took: 0.0000195 seconds
42.236: [GC (Allocation Failure)  635082K->307884K(1028608K), 0.0040863 secs]
42.241: Total time for which application threads were stopped: 0.0042635 seconds, Stopping threads took: 0.0000205 seconds
42.309: [GC (Allocation Failure)  623276K->307788K(1031680K), 0.0041013 secs]
42.313: Total time for which application threads were stopped: 0.0042643 seconds, Stopping threads took: 0.0000166 seconds
42.378: [GC (Allocation Failure)  623180K->304618K(1033216K), 0.0030301 secs]
42.381: Total time for which application threads were stopped: 0.0031882 seconds, Stopping threads took: 0.0000188 seconds
42.450: [GC (Allocation Failure)  622058K->307820K(1032192K), 0.0042492 secs]
42.454: Total time for which application threads were stopped: 0.0044296 seconds, Stopping threads took: 0.0000404 seconds
42.523: [GC (Allocation Failure)  625260K->307756K(1033728K), 0.0070348 secs]
42.530: Total time for which application threads were stopped: 0.0072095 seconds, Stopping threads took: 0.0000255 seconds
42.598: [GC (Allocation Failure)  626732K->311340K(1033216K), 0.0050582 secs]
42.603: Total time for which application threads were stopped: 0.0052339 seconds, Stopping threads took: 0.0000187 seconds
42.671: [GC (Allocation Failure)  630316K->315854K(1034240K), 0.0043136 secs]
42.676: Total time for which application threads were stopped: 0.0044785 seconds, Stopping threads took: 0.0000208 seconds
42.742: [GC (Allocation Failure)  635854K->315822K(1033728K), 0.0044490 secs]
42.746: Total time for which application threads were stopped: 0.0046203 seconds, Stopping threads took: 0.0000202 seconds
42.813: [GC (Allocation Failure)  635822K->319046K(1034240K), 0.0049258 secs]
42.818: Total time for which application threads were stopped: 0.0050958 seconds, Stopping threads took: 0.0000199 seconds
42.886: [GC (Allocation Failure)  639558K->323849K(1034240K), 0.0044075 secs]
42.890: Total time for which application threads were stopped: 0.0045992 seconds, Stopping threads took: 0.0000208 seconds
42.958: [GC (Allocation Failure)  644361K->323881K(1034752K), 0.0042136 secs]
42.962: Total time for which application threads were stopped: 0.0044213 seconds, Stopping threads took: 0.0000340 seconds
43.030: [GC (Allocation Failure)  645417K->326249K(1034752K), 0.0045139 secs]
43.034: Total time for which application threads were stopped: 0.0047028 seconds, Stopping threads took: 0.0000258 seconds
43.103: [GC (Allocation Failure)  647785K->331915K(1034752K), 0.0042436 secs]
43.107: Total time for which application threads were stopped: 0.0044194 seconds, Stopping threads took: 0.0000202 seconds
43.176: [GC (Allocation Failure)  653451K->331915K(1034752K), 0.0043804 secs]
43.181: Total time for which application threads were stopped: 0.0045279 seconds, Stopping threads took: 0.0000164 seconds
43.246: [GC (Allocation Failure)  653451K->335499K(1035264K), 0.0051941 secs]
43.252: Total time for which application threads were stopped: 0.0053671 seconds, Stopping threads took: 0.0000207 seconds
43.319: [GC (Allocation Failure)  657547K->340045K(1034752K), 0.0042912 secs]
43.323: Total time for which application threads were stopped: 0.0044717 seconds, Stopping threads took: 0.0000204 seconds
43.393: [GC (Allocation Failure)  662093K->339949K(1035264K), 0.0044573 secs]
43.398: Total time for which application threads were stopped: 0.0046326 seconds, Stopping threads took: 0.0000198 seconds
43.464: [GC (Allocation Failure)  662509K->342733K(1035264K), 0.0048667 secs]
43.469: Total time for which application threads were stopped: 0.0050457 seconds, Stopping threads took: 0.0000292 seconds
43.537: [GC (Allocation Failure)  665293K->347983K(1035264K), 0.0042940 secs]
43.542: Total time for which application threads were stopped: 0.0044557 seconds, Stopping threads took: 0.0000202 seconds
43.610: [GC (Allocation Failure)  670543K->347983K(1035264K), 0.0045419 secs]
43.614: Total time for which application threads were stopped: 0.0047164 seconds, Stopping threads took: 0.0000202 seconds
43.681: [GC (Allocation Failure)  670543K->350983K(1035264K), 0.0048226 secs]
43.686: Total time for which application threads were stopped: 0.0049913 seconds, Stopping threads took: 0.0000274 seconds
43.754: [GC (Allocation Failure)  673543K->356202K(1035264K), 0.0043522 secs]
43.758: Total time for which application threads were stopped: 0.0045159 seconds, Stopping threads took: 0.0000205 seconds
43.826: [GC (Allocation Failure)  678762K->356010K(1035264K), 0.0043781 secs]
43.831: Total time for which application threads were stopped: 0.0045445 seconds, Stopping threads took: 0.0000213 seconds
43.899: [GC (Allocation Failure)  678570K->351143K(1035264K), 0.0024938 secs]
43.902: Total time for which application threads were stopped: 0.0026428 seconds, Stopping threads took: 0.0000186 seconds
43.972: [GC (Allocation Failure)  673703K->356138K(1035264K), 0.0044319 secs]
43.976: Total time for which application threads were stopped: 0.0046015 seconds, Stopping threads took: 0.0000207 seconds
44.045: [GC (Allocation Failure)  678698K->355978K(1035264K), 0.0044548 secs]
44.049: Total time for which application threads were stopped: 0.0046182 seconds, Stopping threads took: 0.0000259 seconds
44.117: [GC (Allocation Failure)  678538K->355431K(1035776K), 0.0072828 secs]
44.125: Total time for which application threads were stopped: 0.0074529 seconds, Stopping threads took: 0.0000200 seconds
44.194: [GC (Allocation Failure)  678503K->356138K(1035264K), 0.0044812 secs]
44.199: Total time for which application threads were stopped: 0.0046637 seconds, Stopping threads took: 0.0000194 seconds
44.268: [GC (Allocation Failure)  679210K->355978K(1035776K), 0.0045655 secs]
44.272: Total time for which application threads were stopped: 0.0047422 seconds, Stopping threads took: 0.0000218 seconds
44.340: [GC (Allocation Failure)  679562K->361767K(1035776K), 0.0069528 secs]
44.347: Total time for which application threads were stopped: 0.0071234 seconds, Stopping threads took: 0.0000197 seconds
44.415: [GC (Allocation Failure)  685351K->357130K(1032704K), 0.0046063 secs]
44.420: Total time for which application threads were stopped: 0.0047791 seconds, Stopping threads took: 0.0000201 seconds
44.487: [GC (Allocation Failure)  677642K->357066K(1034240K), 0.0041184 secs]
44.492: Total time for which application threads were stopped: 0.0042931 seconds, Stopping threads took: 0.0000199 seconds
44.560: [GC (Allocation Failure)  677578K->364039K(1030656K), 0.0072440 secs]
44.567: Total time for which application threads were stopped: 0.0074034 seconds, Stopping threads took: 0.0000198 seconds
44.634: [GC (Allocation Failure)  681479K->358314K(1032704K), 0.0043642 secs]
44.638: Total time for which application threads were stopped: 0.0045562 seconds, Stopping threads took: 0.0000193 seconds
44.708: [GC (Allocation Failure)  675754K->358282K(1033728K), 0.0043455 secs]
44.712: Total time for which application threads were stopped: 0.0045170 seconds, Stopping threads took: 0.0000195 seconds
44.781: [GC (Allocation Failure)  677258K->355783K(1033216K), 0.0034392 secs]
44.784: Total time for which application threads were stopped: 0.0036127 seconds, Stopping threads took: 0.0000202 seconds
44.852: [GC (Allocation Failure)  674759K->358538K(1034752K), 0.0044890 secs]
44.856: Total time for which application threads were stopped: 0.0046597 seconds, Stopping threads took: 0.0000203 seconds
44.924: [GC (Allocation Failure)  679562K->358314K(1034240K), 0.0042721 secs]
44.928: Total time for which application threads were stopped: 0.0044345 seconds, Stopping threads took: 0.0000198 seconds
44.995: [GC (Allocation Failure)  679338K->353447K(1034240K), 0.0025814 secs]
44.998: Total time for which application threads were stopped: 0.0027392 seconds, Stopping threads took: 0.0000198 seconds
45.066: [GC (Allocation Failure)  674983K->358474K(1034752K), 0.0042632 secs]
45.071: Total time for which application threads were stopped: 0.0044386 seconds, Stopping threads took: 0.0000263 seconds
45.140: [GC (Allocation Failure)  680010K->358314K(1035776K), 0.0043860 secs]
45.144: Total time for which application threads were stopped: 0.0045471 seconds, Stopping threads took: 0.0000201 seconds
45.209: [GC (Allocation Failure)  681386K->356199K(1035264K), 0.0036117 secs]
45.213: Total time for which application threads were stopped: 0.0037713 seconds, Stopping threads took: 0.0000195 seconds
45.281: [GC (Allocation Failure)  679271K->358378K(1036288K), 0.0044717 secs]
45.286: Total time for which application threads were stopped: 0.0046519 seconds, Stopping threads took: 0.0000183 seconds
45.354: [GC (Allocation Failure)  682474K->358314K(1035776K), 0.0043490 secs]
45.358: Total time for which application threads were stopped: 0.0045094 seconds, Stopping threads took: 0.0000199 seconds
45.426: [GC (Allocation Failure)  682410K->364039K(1033216K), 0.0070348 secs]
45.433: Total time for which application threads were stopped: 0.0072033 seconds, Stopping threads took: 0.0000193 seconds
45.501: [GC (Allocation Failure)  685575K->359882K(1034752K), 0.0050970 secs]
45.506: Total time for which application threads were stopped: 0.0052530 seconds, Stopping threads took: 0.0000204 seconds
45.574: [GC (Allocation Failure)  681418K->359818K(1035264K), 0.0045518 secs]
45.579: Total time for which application threads were stopped: 0.0047206 seconds, Stopping threads took: 0.0000202 seconds
45.646: [GC (Allocation Failure)  682378K->367847K(1035264K), 0.0080495 secs]
45.654: Total time for which application threads were stopped: 0.0083709 seconds, Stopping threads took: 0.0000185 seconds
45.722: [GC (Allocation Failure)  690407K->362602K(1032192K), 0.0042841 secs]
45.726: Total time for which application threads were stopped: 0.0044809 seconds, Stopping threads took: 0.0000197 seconds
45.795: [GC (Allocation Failure)  682090K->362570K(1033728K), 0.0044720 secs]
45.799: Total time for which application threads were stopped: 0.0046210 seconds, Stopping threads took: 0.0000168 seconds
45.865: [GC (Allocation Failure)  682058K->368775K(1031680K), 0.0068807 secs]
45.872: Total time for which application threads were stopped: 0.0070410 seconds, Stopping threads took: 0.0000197 seconds
45.938: [GC (Allocation Failure)  686215K->362762K(1032704K), 0.0042462 secs]
45.942: Total time for which application threads were stopped: 0.0044659 seconds, Stopping threads took: 0.0000200 seconds
46.012: [GC (Allocation Failure)  680202K->362602K(1033216K), 0.0043389 secs]
46.016: Total time for which application threads were stopped: 0.0045047 seconds, Stopping threads took: 0.0000172 seconds
46.082: [GC (Allocation Failure)  680554K->358183K(1032704K), 0.0026556 secs]
46.085: Total time for which application threads were stopped: 0.0028214 seconds, Stopping threads took: 0.0000184 seconds
46.151: [GC (Allocation Failure)  676135K->362730K(1033728K), 0.0044502 secs]
46.156: Total time for which application threads were stopped: 0.0046106 seconds, Stopping threads took: 0.0000204 seconds
46.222: [GC (Allocation Failure)  681706K->362602K(1033216K), 0.0043688 secs]
46.226: Total time for which application threads were stopped: 0.0045302 seconds, Stopping threads took: 0.0000204 seconds
46.291: [GC (Allocation Failure)  681578K->362858K(1032192K), 0.0043505 secs]
46.295: Total time for which application threads were stopped: 0.0045228 seconds, Stopping threads took: 0.0000195 seconds
46.362: [GC (Allocation Failure)  681322K->370636K(1033216K), 0.0042998 secs]
46.367: Total time for which application threads were stopped: 0.0044699 seconds, Stopping threads took: 0.0000190 seconds
46.436: [GC (Allocation Failure)  689100K->370668K(1034240K), 0.0057298 secs]
46.442: Total time for which application threads were stopped: 0.0058978 seconds, Stopping threads took: 0.0000189 seconds
46.510: [GC (Allocation Failure)  690668K->372644K(1033728K), 0.0059047 secs]
46.516: Total time for which application threads were stopped: 0.0060697 seconds, Stopping threads took: 0.0000185 seconds
46.584: [GC (Allocation Failure)  692644K->378662K(1034240K), 0.0046732 secs]
46.589: Total time for which application threads were stopped: 0.0048401 seconds, Stopping threads took: 0.0000196 seconds
46.657: [GC (Allocation Failure)  699174K->378662K(1034240K), 0.0043014 secs]
46.661: Total time for which application threads were stopped: 0.0044731 seconds, Stopping threads took: 0.0000201 seconds
46.729: [GC (Allocation Failure)  699174K->382374K(1034752K), 0.0054351 secs]
46.734: Total time for which application threads were stopped: 0.0056064 seconds, Stopping threads took: 0.0000197 seconds
46.802: [GC (Allocation Failure)  703910K->386760K(1034752K), 0.0043779 secs]
46.806: Total time for which application threads were stopped: 0.0045773 seconds, Stopping threads took: 0.0000198 seconds
46.872: [GC (Allocation Failure)  708296K->386696K(1035264K), 0.0045757 secs]
46.877: Total time for which application threads were stopped: 0.0047477 seconds, Stopping threads took: 0.0000203 seconds
46.945: [GC (Allocation Failure)  709256K->388552K(1024000K), 0.0049359 secs]
46.950: Total time for which application threads were stopped: 0.0051271 seconds, Stopping threads took: 0.0000248 seconds
47.018: [GC (Allocation Failure)  711112K->394827K(1035264K), 0.0047746 secs]
47.023: Total time for which application threads were stopped: 0.0049440 seconds, Stopping threads took: 0.0000205 seconds
47.090: [GC (Allocation Failure)  716875K->394731K(1034752K), 0.0043366 secs]
47.095: Total time for which application threads were stopped: 0.0045277 seconds, Stopping threads took: 0.0000201 seconds
47.165: [GC (Allocation Failure)  716779K->395755K(1034240K), 0.0045207 secs]
47.169: Total time for which application threads were stopped: 0.0046697 seconds, Stopping threads took: 0.0000170 seconds
47.236: [GC (Allocation Failure)  717291K->402797K(1034752K), 0.0045485 secs]
47.240: Total time for which application threads were stopped: 0.0047114 seconds, Stopping threads took: 0.0000200 seconds
47.307: [GC (Allocation Failure)  724333K->402765K(1035264K), 0.0045569 secs]
47.311: Total time for which application threads were stopped: 0.0047550 seconds, Stopping threads took: 0.0000199 seconds
47.380: [GC (Allocation Failure)  724813K->405541K(1034752K), 0.0048958 secs]
47.385: Total time for which application threads were stopped: 0.0050532 seconds, Stopping threads took: 0.0000200 seconds
47.455: [GC (Allocation Failure)  727589K->410823K(1035264K), 0.0043918 secs]
47.459: Total time for which application threads were stopped: 0.0045708 seconds, Stopping threads took: 0.0000203 seconds
47.529: [GC (Allocation Failure)  733383K->410823K(1035264K), 0.0042967 secs]
47.534: Total time for which application threads were stopped: 0.0044750 seconds, Stopping threads took: 0.0000265 seconds
47.601: [GC (Allocation Failure)  733383K->413255K(1035264K), 0.0048230 secs]
47.606: Total time for which application threads were stopped: 0.0049895 seconds, Stopping threads took: 0.0000164 seconds
47.676: [GC (Allocation Failure)  735815K->419049K(1035264K), 0.0044054 secs]
47.680: Total time for which application threads were stopped: 0.0045750 seconds, Stopping threads took: 0.0000198 seconds
47.748: [GC (Allocation Failure)  741609K->418825K(1035264K), 0.0044144 secs]
47.753: Total time for which application threads were stopped: 0.0045951 seconds, Stopping threads took: 0.0000198 seconds
47.821: [GC (Allocation Failure)  741385K->413415K(1035264K), 0.0022966 secs]
47.823: Total time for which application threads were stopped: 0.0024593 seconds, Stopping threads took: 0.0000192 seconds
47.892: [GC (Allocation Failure)  735975K->419017K(1035264K), 0.0103157 secs]
47.902: Total time for which application threads were stopped: 0.0104837 seconds, Stopping threads took: 0.0000219 seconds
47.971: [GC (Allocation Failure)  741577K->418793K(1035264K), 0.0044132 secs]
47.976: Total time for which application threads were stopped: 0.0045814 seconds, Stopping threads took: 0.0000196 seconds
48.045: [GC (Allocation Failure)  741353K->417735K(1035776K), 0.0041141 secs]
48.049: Total time for which application threads were stopped: 0.0042794 seconds, Stopping threads took: 0.0000258 seconds
48.117: [GC (Allocation Failure)  740807K->418921K(1035264K), 0.0045146 secs]
48.122: Total time for which application threads were stopped: 0.0046944 seconds, Stopping threads took: 0.0000276 seconds
48.189: [GC (Allocation Failure)  741993K->418825K(1035776K), 0.0045872 secs]
48.194: Total time for which application threads were stopped: 0.0047872 seconds, Stopping threads took: 0.0000272 seconds
48.261: [GC (Allocation Failure)  742409K->424063K(1035776K), 0.0086702 secs]
48.270: Total time for which application threads were stopped: 0.0088391 seconds, Stopping threads took: 0.0000182 seconds
48.338: [GC (Allocation Failure)  747647K->419393K(1032704K), 0.0046114 secs]
48.343: Total time for which application threads were stopped: 0.0047685 seconds, Stopping threads took: 0.0000187 seconds
48.410: [GC (Allocation Failure)  739905K->419329K(1034240K), 0.0043118 secs]
48.414: Total time for which application threads were stopped: 0.0044822 seconds, Stopping threads took: 0.0000195 seconds
48.481: [GC (Allocation Failure)  739841K->425799K(1030656K), 0.0072813 secs]
48.489: Total time for which application threads were stopped: 0.0074659 seconds, Stopping threads took: 0.0000250 seconds
48.557: [GC (Allocation Failure)  743239K->420009K(1032704K), 0.0045048 secs]
48.561: Total time for which application threads were stopped: 0.0046677 seconds, Stopping threads took: 0.0000197 seconds
48.628: [GC (Allocation Failure)  737449K->420073K(1034240K), 0.0045771 secs]
48.633: Total time for which application threads were stopped: 0.0047371 seconds, Stopping threads took: 0.0000168 seconds
48.700: [GC (Allocation Failure)  740073K->418055K(1033728K), 0.0037106 secs]
48.704: Total time for which application threads were stopped: 0.0038792 seconds, Stopping threads took: 0.0000193 seconds
48.769: [GC (Allocation Failure)  738055K->420265K(1034752K), 0.0045551 secs]
48.774: Total time for which application threads were stopped: 0.0047197 seconds, Stopping threads took: 0.0000201 seconds
48.842: [GC (Allocation Failure)  741289K->420009K(1034240K), 0.0046244 secs]
48.847: Total time for which application threads were stopped: 0.0047999 seconds, Stopping threads took: 0.0000215 seconds
48.914: [GC (Allocation Failure)  741033K->416679K(1035264K), 0.0032351 secs]
48.918: Total time for which application threads were stopped: 0.0034283 seconds, Stopping threads took: 0.0000200 seconds
48.987: [GC (Allocation Failure)  739239K->420201K(1035264K), 0.0045253 secs]
48.992: Total time for which application threads were stopped: 0.0046800 seconds, Stopping threads took: 0.0000246 seconds
49.059: [GC (Allocation Failure)  742761K->420041K(1036288K), 0.0046492 secs]
49.063: Total time for which application threads were stopped: 0.0048166 seconds, Stopping threads took: 0.0000201 seconds
49.132: [GC (Allocation Failure)  744137K->422535K(1034240K), 0.0054718 secs]
49.137: Total time for which application threads were stopped: 0.0056450 seconds, Stopping threads took: 0.0000210 seconds
49.206: [GC (Allocation Failure)  746631K->420137K(1035776K), 0.0044907 secs]
49.210: Total time for which application threads were stopped: 0.0046604 seconds, Stopping threads took: 0.0000199 seconds
49.280: [GC (Allocation Failure)  743209K->420009K(1035264K), 0.0084316 secs]
49.289: Total time for which application threads were stopped: 0.0086075 seconds, Stopping threads took: 0.0000207 seconds
49.355: [GC (Allocation Failure)  743081K->412967K(1035264K), 0.0016893 secs]
49.357: Total time for which application threads were stopped: 0.0018364 seconds, Stopping threads took: 0.0000219 seconds
49.427: [GC (Allocation Failure)  736551K->420105K(1035776K), 0.0044969 secs]
49.432: Total time for which application threads were stopped: 0.0046576 seconds, Stopping threads took: 0.0000189 seconds
49.500: [GC (Allocation Failure)  743689K->424209K(1036288K), 0.0056006 secs]
49.506: Total time for which application threads were stopped: 0.0058019 seconds, Stopping threads took: 0.0000197 seconds
49.576: [GC (Allocation Failure)  748817K->424209K(1036288K), 0.0044626 secs]
49.581: Total time for which application threads were stopped: 0.0046348 seconds, Stopping threads took: 0.0000196 seconds
49.647: [GC (Allocation Failure)  748817K->424489K(1035264K), 0.0044083 secs]
49.651: Total time for which application threads were stopped: 0.0045715 seconds, Stopping threads took: 0.0000196 seconds
49.721: [GC (Allocation Failure)  748073K->432236K(1035776K), 0.0046544 secs]
49.726: Total time for which application threads were stopped: 0.0048213 seconds, Stopping threads took: 0.0000191 seconds
49.794: [GC (Allocation Failure)  755820K->432236K(1035776K), 0.0044307 secs]
49.799: Total time for which application threads were stopped: 0.0045987 seconds, Stopping threads took: 0.0000197 seconds
49.866: [GC (Allocation Failure)  755820K->432236K(1023488K), 0.0045880 secs]
49.871: Total time for which application threads were stopped: 0.0047583 seconds, Stopping threads took: 0.0000203 seconds
49.939: [GC (Allocation Failure)  755820K->440206K(1035264K), 0.0044450 secs]
49.944: Total time for which application threads were stopped: 0.0046037 seconds, Stopping threads took: 0.0000195 seconds
50.011: [GC (Allocation Failure)  762766K->440238K(1035264K), 0.0045375 secs]
50.016: Total time for which application threads were stopped: 0.0047124 seconds, Stopping threads took: 0.0000201 seconds
50.083: [GC (Allocation Failure)  762798K->440390K(1034240K), 0.0044988 secs]
50.088: Total time for which application threads were stopped: 0.0046677 seconds, Stopping threads took: 0.0000274 seconds
50.158: [GC (Allocation Failure)  761926K->448296K(1034752K), 0.0046357 secs]
50.163: Total time for which application threads were stopped: 0.0048063 seconds, Stopping threads took: 0.0000169 seconds
50.230: [GC (Allocation Failure)  769832K->448264K(1034752K), 0.0045411 secs]
50.234: Total time for which application threads were stopped: 0.0047129 seconds, Stopping threads took: 0.0000203 seconds
50.301: [GC (Allocation Failure)  769800K->448616K(1034752K), 0.0044734 secs]
50.306: Total time for which application threads were stopped: 0.0046413 seconds, Stopping threads took: 0.0000202 seconds
50.373: [GC (Allocation Failure)  770152K->456299K(1034752K), 0.0044999 secs]
50.378: Total time for which application threads were stopped: 0.0046916 seconds, Stopping threads took: 0.0000186 seconds
50.444: [GC (Allocation Failure)  777835K->456331K(1034752K), 0.0046844 secs]
50.449: Total time for which application threads were stopped: 0.0048633 seconds, Stopping threads took: 0.0000234 seconds
50.515: [GC (Allocation Failure)  777867K->456323K(1033728K), 0.0053188 secs]
50.520: Total time for which application threads were stopped: 0.0054799 seconds, Stopping threads took: 0.0000201 seconds
50.589: [GC (Allocation Failure)  776835K->464357K(1034240K), 0.0046947 secs]
50.593: Total time for which application threads were stopped: 0.0048665 seconds, Stopping threads took: 0.0000264 seconds
50.661: [GC (Allocation Failure)  784869K->464325K(1034240K), 0.0045287 secs]
50.666: Total time for which application threads were stopped: 0.0047017 seconds, Stopping threads took: 0.0000198 seconds
50.734: [GC (Allocation Failure)  784837K->464589K(1034240K), 0.0053197 secs]
50.739: Total time for which application threads were stopped: 0.0054989 seconds, Stopping threads took: 0.0000216 seconds
50.808: [GC (Allocation Failure)  785101K->472367K(1033216K), 0.0045122 secs]
50.813: Total time for which application threads were stopped: 0.0046769 seconds, Stopping threads took: 0.0000188 seconds
50.880: [GC (Allocation Failure)  791855K->472399K(1033728K), 0.0045847 secs]
50.885: Total time for which application threads were stopped: 0.0047520 seconds, Stopping threads took: 0.0000200 seconds
50.951: [GC (Allocation Failure)  791887K->472423K(1033728K), 0.0046540 secs]
50.956: Total time for which application threads were stopped: 0.0048252 seconds, Stopping threads took: 0.0000200 seconds
51.023: [GC (Allocation Failure)  791911K->480361K(1033728K), 0.0048134 secs]
51.027: Total time for which application threads were stopped: 0.0049902 seconds, Stopping threads took: 0.0000203 seconds
51.095: [GC (Allocation Failure)  799849K->480393K(1033728K), 0.0044370 secs]
51.099: Total time for which application threads were stopped: 0.0045977 seconds, Stopping threads took: 0.0000201 seconds
51.167: [GC (Allocation Failure)  799881K->480553K(1033728K), 0.0046129 secs]
51.171: Total time for which application threads were stopped: 0.0047955 seconds, Stopping threads took: 0.0000220 seconds
51.240: [GC (Allocation Failure)  800041K->488428K(1033728K), 0.0043830 secs]
51.245: Total time for which application threads were stopped: 0.0045466 seconds, Stopping threads took: 0.0000188 seconds
51.312: [GC (Allocation Failure)  807916K->488428K(1033728K), 0.0048353 secs]
51.317: Total time for which application threads were stopped: 0.0050057 seconds, Stopping threads took: 0.0000201 seconds
51.384: [GC (Allocation Failure)  807916K->488548K(1033728K), 0.0083671 secs]
51.392: Total time for which application threads were stopped: 0.0085368 seconds, Stopping threads took: 0.0000195 seconds
51.460: [GC (Allocation Failure)  808036K->496454K(1027072K), 0.0047683 secs]
51.465: Total time for which application threads were stopped: 0.0049432 seconds, Stopping threads took: 0.0000202 seconds
51.535: [GC (Allocation Failure)  815942K->496454K(1033216K), 0.0043727 secs]
51.539: Total time for which application threads were stopped: 0.0045286 seconds, Stopping threads took: 0.0000249 seconds
51.607: [GC (Allocation Failure)  814918K->496526K(1033216K), 0.0045739 secs]
51.612: Total time for which application threads were stopped: 0.0047627 seconds, Stopping threads took: 0.0000195 seconds
51.680: [GC (Allocation Failure)  814990K->504496K(1033216K), 0.0048346 secs]
51.685: Total time for which application threads were stopped: 0.0050002 seconds, Stopping threads took: 0.0000199 seconds
51.749: [GC (Allocation Failure)  822960K->497646K(1033216K), 0.0019857 secs]
51.751: Total time for which application threads were stopped: 0.0021393 seconds, Stopping threads took: 0.0000200 seconds
51.821: [GC (Allocation Failure)  816110K->504744K(1033728K), 0.0045992 secs]
51.826: Total time for which application threads were stopped: 0.0047601 seconds, Stopping threads took: 0.0000199 seconds
51.893: [GC (Allocation Failure)  824232K->508680K(1033728K), 0.0054126 secs]
51.899: Total time for which application threads were stopped: 0.0055907 seconds, Stopping threads took: 0.0000195 seconds
51.966: [GC (Allocation Failure)  828168K->512230K(1030656K), 0.0060367 secs]
51.973: Total time for which application threads were stopped: 0.0062299 seconds, Stopping threads took: 0.0000192 seconds
52.041: [GC (Allocation Failure)  828646K->508808K(1032192K), 0.0046074 secs]
52.046: Total time for which application threads were stopped: 0.0047899 seconds, Stopping threads took: 0.0000253 seconds
52.112: [GC (Allocation Failure)  825224K->508648K(1032704K), 0.0045151 secs]
52.116: Total time for which application threads were stopped: 0.0046946 seconds, Stopping threads took: 0.0000278 seconds
52.182: [GC (Allocation Failure)  826088K->511272K(1032704K), 0.0050582 secs]
52.187: Total time for which application threads were stopped: 0.0052268 seconds, Stopping threads took: 0.0000279 seconds
52.253: [GC (Allocation Failure)  828712K->516778K(1033216K), 0.0046123 secs]
52.258: Total time for which application threads were stopped: 0.0047915 seconds, Stopping threads took: 0.0000197 seconds
52.323: [GC (Allocation Failure)  835242K->516714K(1033216K), 0.0066957 secs]
52.330: Total time for which application threads were stopped: 0.0068628 seconds, Stopping threads took: 0.0000193 seconds
52.395: [GC (Allocation Failure)  835178K->518466K(1033728K), 0.0050291 secs]
52.400: Total time for which application threads were stopped: 0.0051990 seconds, Stopping threads took: 0.0000188 seconds
52.466: [GC (Allocation Failure)  837442K->524773K(1033216K), 0.0046667 secs]
52.471: Total time for which application threads were stopped: 0.0048282 seconds, Stopping threads took: 0.0000207 seconds
52.539: [GC (Allocation Failure)  843749K->524741K(1033728K), 0.0046395 secs]
52.544: Total time for which application threads were stopped: 0.0048056 seconds, Stopping threads took: 0.0000190 seconds
52.610: [GC (Allocation Failure)  844229K->528781K(1033728K), 0.0056471 secs]
52.615: Total time for which application threads were stopped: 0.0058352 seconds, Stopping threads took: 0.0000259 seconds
52.682: [GC (Allocation Failure)  848269K->532783K(1034240K), 0.0046462 secs]
52.687: Total time for which application threads were stopped: 0.0048041 seconds, Stopping threads took: 0.0000193 seconds
52.753: [GC (Allocation Failure)  853295K->532751K(1034240K), 0.0048591 secs]
52.758: Total time for which application threads were stopped: 0.0050289 seconds, Stopping threads took: 0.0000191 seconds
52.824: [GC (Allocation Failure)  853263K->533927K(1034240K), 0.0048390 secs]
52.829: Total time for which application threads were stopped: 0.0050116 seconds, Stopping threads took: 0.0000201 seconds
52.897: [GC (Allocation Failure)  854439K->540809K(1034240K), 0.0045343 secs]
52.901: Total time for which application threads were stopped: 0.0046929 seconds, Stopping threads took: 0.0000194 seconds
52.969: [GC (Allocation Failure)  861321K->540777K(1034240K), 0.0048427 secs]
52.974: Total time for which application threads were stopped: 0.0050320 seconds, Stopping threads took: 0.0000192 seconds
53.041: [GC (Allocation Failure)  861289K->544233K(1034240K), 0.0052147 secs]
53.046: Total time for which application threads were stopped: 0.0053939 seconds, Stopping threads took: 0.0000287 seconds
53.113: [GC (Allocation Failure)  864745K->548843K(1034752K), 0.0049123 secs]
53.118: Total time for which application threads were stopped: 0.0050914 seconds, Stopping threads took: 0.0000200 seconds
53.187: [GC (Allocation Failure)  870379K->548811K(1034752K), 0.0044947 secs]
53.192: Total time for which application threads were stopped: 0.0046911 seconds, Stopping threads took: 0.0000201 seconds
53.259: [GC (Allocation Failure)  870347K->552427K(1034752K), 0.0054325 secs]
53.264: Total time for which application threads were stopped: 0.0055812 seconds, Stopping threads took: 0.0000166 seconds
53.333: [GC (Allocation Failure)  873963K->556942K(1034752K), 0.0069481 secs]
53.340: Total time for which application threads were stopped: 0.0071204 seconds, Stopping threads took: 0.0000194 seconds
53.407: [GC (Allocation Failure)  878478K->556878K(1035264K), 0.0060989 secs]
53.413: Total time for which application threads were stopped: 0.0062661 seconds, Stopping threads took: 0.0000193 seconds
53.480: [GC (Allocation Failure)  878926K->558118K(1034752K), 0.0049699 secs]
53.485: Total time for which application threads were stopped: 0.0051462 seconds, Stopping threads took: 0.0000198 seconds
53.555: [GC (Allocation Failure)  880166K->564904K(1034752K), 0.0046876 secs]
53.560: Total time for which application threads were stopped: 0.0048613 seconds, Stopping threads took: 0.0000262 seconds
53.626: [GC (Allocation Failure)  886440K->564904K(1034752K), 0.0049721 secs]
53.631: Total time for which application threads were stopped: 0.0051317 seconds, Stopping threads took: 0.0000195 seconds
53.698: [GC (Allocation Failure)  886440K->567880K(1034752K), 0.0053314 secs]
53.703: Total time for which application threads were stopped: 0.0055249 seconds, Stopping threads took: 0.0000198 seconds
53.773: [GC (Allocation Failure)  889416K->572906K(1034752K), 0.0048298 secs]
53.778: Total time for which application threads were stopped: 0.0049818 seconds, Stopping threads took: 0.0000171 seconds
53.844: [GC (Allocation Failure)  894442K->572938K(1035264K), 0.0048508 secs]
53.849: Total time for which application threads were stopped: 0.0050116 seconds, Stopping threads took: 0.0000191 seconds
53.916: [GC (Allocation Failure)  894986K->573546K(1034752K), 0.0049370 secs]
53.921: Total time for which application threads were stopped: 0.0050985 seconds, Stopping threads took: 0.0000200 seconds
53.989: [GC (Allocation Failure)  895594K->581036K(1034752K), 0.0044546 secs]
53.994: Total time for which application threads were stopped: 0.0046508 seconds, Stopping threads took: 0.0000198 seconds
54.063: [GC (Allocation Failure)  902572K->580972K(1034752K), 0.0047437 secs]
54.068: Total time for which application threads were stopped: 0.0049069 seconds, Stopping threads took: 0.0000248 seconds
54.134: [GC (Allocation Failure)  902508K->583332K(1034752K), 0.0051854 secs]
54.139: Total time for which application threads were stopped: 0.0053544 seconds, Stopping threads took: 0.0000194 seconds
54.205: [GC (Allocation Failure)  904868K->589095K(1034752K), 0.0048982 secs]
54.210: Total time for which application threads were stopped: 0.0050706 seconds, Stopping threads took: 0.0000199 seconds
54.278: [GC (Allocation Failure)  910631K->588967K(1034752K), 0.0048774 secs]
54.283: Total time for which application threads were stopped: 0.0050492 seconds, Stopping threads took: 0.0000195 seconds
54.350: [GC (Allocation Failure)  910503K->592583K(1034752K), 0.0056641 secs]
54.355: Total time for which application threads were stopped: 0.0058203 seconds, Stopping threads took: 0.0000183 seconds
54.421: [GC (Allocation Failure)  914119K->597065K(1034752K), 0.0049775 secs]
54.427: Total time for which application threads were stopped: 0.0051698 seconds, Stopping threads took: 0.0000199 seconds
54.493: [GC (Allocation Failure)  918601K->597033K(1034752K), 0.0064872 secs]
54.500: Total time for which application threads were stopped: 0.0066460 seconds, Stopping threads took: 0.0000186 seconds
54.568: [GC (Allocation Failure)  918569K->597737K(1034752K), 0.0048258 secs]
54.573: Total time for which application threads were stopped: 0.0049838 seconds, Stopping threads took: 0.0000192 seconds
54.643: [GC (Allocation Failure)  919273K->605131K(1034752K), 0.0048618 secs]
54.648: Total time for which application threads were stopped: 0.0050248 seconds, Stopping threads took: 0.0000163 seconds
54.715: [GC (Allocation Failure)  926667K->605067K(1034752K), 0.0047271 secs]
54.720: Total time for which application threads were stopped: 0.0048966 seconds, Stopping threads took: 0.0000202 seconds
54.788: [GC (Allocation Failure)  926603K->606923K(1034752K), 0.0050369 secs]
54.793: Total time for which application threads were stopped: 0.0052063 seconds, Stopping threads took: 0.0000195 seconds
54.861: [GC (Allocation Failure)  928459K->613102K(1034752K), 0.0048854 secs]
54.866: Total time for which application threads were stopped: 0.0050560 seconds, Stopping threads took: 0.0000205 seconds
54.936: [GC (Allocation Failure)  934638K->613070K(1034752K), 0.0047616 secs]
54.941: Total time for which application threads were stopped: 0.0049326 seconds, Stopping threads took: 0.0000199 seconds
55.007: [GC (Allocation Failure)  934606K->616174K(1034752K), 0.0055265 secs]
55.013: Total time for which application threads were stopped: 0.0056886 seconds, Stopping threads took: 0.0000197 seconds
55.082: [GC (Allocation Failure)  937710K->621200K(1034752K), 0.0051065 secs]
55.087: Total time for which application threads were stopped: 0.0052648 seconds, Stopping threads took: 0.0000196 seconds
55.154: [GC (Allocation Failure)  942736K->621104K(1034752K), 0.0049033 secs]
55.159: Total time for which application threads were stopped: 0.0050646 seconds, Stopping threads took: 0.0000192 seconds
55.226: [GC (Allocation Failure)  942640K->621360K(1034752K), 0.0064438 secs]
55.233: Total time for which application threads were stopped: 0.0066219 seconds, Stopping threads took: 0.0000186 seconds
55.300: [GC (Allocation Failure)  942896K->629170K(1033728K), 0.0049048 secs]
55.305: Total time for which application threads were stopped: 0.0050712 seconds, Stopping threads took: 0.0000201 seconds
55.372: [GC (Allocation Failure)  949682K->629170K(1034240K), 0.0048679 secs]
55.377: Total time for which application threads were stopped: 0.0050547 seconds, Stopping threads took: 0.0000190 seconds
55.444: [GC (Allocation Failure)  949682K->632682K(1034752K), 0.0055004 secs]
55.450: Total time for which application threads were stopped: 0.0056708 seconds, Stopping threads took: 0.0000219 seconds
55.517: [GC (Allocation Failure)  953706K->637132K(1034240K), 0.0059160 secs]
55.523: Total time for which application threads were stopped: 0.0061063 seconds, Stopping threads took: 0.0000175 seconds
55.591: [GC (Allocation Failure)  958156K->637164K(1034752K), 0.0046567 secs]
55.596: Total time for which application threads were stopped: 0.0048572 seconds, Stopping threads took: 0.0000201 seconds
55.665: [GC (Allocation Failure)  958700K->640900K(1034752K), 0.0055961 secs]
55.671: Total time for which application threads were stopped: 0.0057787 seconds, Stopping threads took: 0.0000169 seconds
55.740: [GC (Allocation Failure)  962436K->645255K(1035264K), 0.0050325 secs]
55.745: Total time for which application threads were stopped: 0.0051803 seconds, Stopping threads took: 0.0000168 seconds
55.813: [GC (Allocation Failure)  967815K->645191K(1035264K), 0.0049967 secs]
55.818: Total time for which application threads were stopped: 0.0051582 seconds, Stopping threads took: 0.0000201 seconds
55.885: [GC (Allocation Failure)  967751K->648103K(1035264K), 0.0053202 secs]
55.891: Total time for which application threads were stopped: 0.0054950 seconds, Stopping threads took: 0.0000201 seconds
55.958: [GC (Allocation Failure)  970663K->653385K(1035264K), 0.0049966 secs]
55.963: Total time for which application threads were stopped: 0.0051624 seconds, Stopping threads took: 0.0000209 seconds
56.032: [GC (Allocation Failure)  975945K->653225K(1035264K), 0.0064286 secs]
56.039: Total time for which application threads were stopped: 0.0065987 seconds, Stopping threads took: 0.0000176 seconds
56.106: [GC (Allocation Failure)  975785K->656329K(1035264K), 0.0054028 secs]
56.111: Total time for which application threads were stopped: 0.0055949 seconds, Stopping threads took: 0.0000192 seconds
56.181: [GC (Allocation Failure)  978889K->661355K(1035264K), 0.0049272 secs]
56.186: Total time for which application threads were stopped: 0.0050936 seconds, Stopping threads took: 0.0000187 seconds
56.254: [GC (Allocation Failure)  983915K->661291K(1035264K), 0.0049020 secs]
56.259: Total time for which application threads were stopped: 0.0050688 seconds, Stopping threads took: 0.0000192 seconds
56.325: [GC (Allocation Failure)  983851K->656521K(1035264K), 0.0031075 secs]
56.328: Total time for which application threads were stopped: 0.0032677 seconds, Stopping threads took: 0.0000200 seconds
56.396: [GC (Allocation Failure)  979081K->661259K(1035264K), 0.0067418 secs]
56.403: Total time for which application threads were stopped: 0.0068992 seconds, Stopping threads took: 0.0000192 seconds
56.471: [GC (Allocation Failure)  983819K->661259K(1035264K), 0.0050901 secs]
56.476: Total time for which application threads were stopped: 0.0052506 seconds, Stopping threads took: 0.0000191 seconds
56.545: [GC (Allocation Failure)  983819K->660809K(1035264K), 0.0047367 secs]
56.550: Total time for which application threads were stopped: 0.0049228 seconds, Stopping threads took: 0.0000273 seconds
56.618: [GC (Allocation Failure)  983369K->661483K(1035776K), 0.0047236 secs]
56.623: Total time for which application threads were stopped: 0.0048730 seconds, Stopping threads took: 0.0000165 seconds
56.690: [GC (Allocation Failure)  985067K->661259K(1035776K), 0.0051085 secs]
56.695: Total time for which application threads were stopped: 0.0052795 seconds, Stopping threads took: 0.0000203 seconds
56.764: [GC (Allocation Failure)  984843K->667137K(1031680K), 0.0074963 secs]
56.771: Total time for which application threads were stopped: 0.0077004 seconds, Stopping threads took: 0.0000246 seconds
56.838: [GC (Allocation Failure)  986625K->662563K(1033728K), 0.0049183 secs]
56.843: Total time for which application threads were stopped: 0.0050805 seconds, Stopping threads took: 0.0000190 seconds
56.910: [GC (Allocation Failure)  982051K->662371K(1034752K), 0.0049333 secs]
56.915: Total time for which application threads were stopped: 0.0051143 seconds, Stopping threads took: 0.0000201 seconds
56.982: [GC (Allocation Failure)  983395K->664929K(1034240K), 0.0059442 secs]
56.988: Total time for which application threads were stopped: 0.0061373 seconds, Stopping threads took: 0.0000192 seconds
57.058: [GC (Allocation Failure)  985953K->662563K(1034752K), 0.0048545 secs]
57.063: Total time for which application threads were stopped: 0.0050504 seconds, Stopping threads took: 0.0000258 seconds
57.131: [GC (Allocation Failure)  983587K->662435K(1034240K), 0.0049204 secs]
57.136: Total time for which application threads were stopped: 0.0051163 seconds, Stopping threads took: 0.0000207 seconds
57.205: [GC (Allocation Failure)  983459K->664609K(1034240K), 0.0057744 secs]
57.211: Total time for which application threads were stopped: 0.0059460 seconds, Stopping threads took: 0.0000194 seconds
57.279: [GC (Allocation Failure)  986145K->662467K(1034752K), 0.0049860 secs]
57.284: Total time for which application threads were stopped: 0.0051685 seconds, Stopping threads took: 0.0000201 seconds
57.351: [GC (Allocation Failure)  984003K->662403K(1035776K), 0.0050039 secs]
57.356: Total time for which application threads were stopped: 0.0051818 seconds, Stopping threads took: 0.0000197 seconds
57.424: [GC (Allocation Failure)  985475K->667337K(1035264K), 0.0071224 secs]
57.431: Total time for which application threads were stopped: 0.0072723 seconds, Stopping threads took: 0.0000163 seconds
57.498: [GC (Allocation Failure)  990409K->662635K(1034240K), 0.0092313 secs]
57.507: Total time for which application threads were stopped: 0.0093975 seconds, Stopping threads took: 0.0000203 seconds
57.576: [GC (Allocation Failure)  984171K->662603K(1034752K), 0.0048015 secs]
57.580: Total time for which application threads were stopped: 0.0049786 seconds, Stopping threads took: 0.0000278 seconds
57.646: [GC (Allocation Failure)  984139K->670305K(1031168K), 0.0110015 secs]
57.657: Total time for which application threads were stopped: 0.0111819 seconds, Stopping threads took: 0.0000279 seconds
57.725: [GC (Allocation Failure)  988769K->665251K(1033216K), 0.0048890 secs]
57.730: Total time for which application threads were stopped: 0.0050636 seconds, Stopping threads took: 0.0000206 seconds
57.795: [GC (Allocation Failure)  983715K->665059K(1033728K), 0.0049919 secs]
57.800: Total time for which application threads were stopped: 0.0051879 seconds, Stopping threads took: 0.0000202 seconds
57.868: [GC (Allocation Failure)  984547K->665857K(1033728K), 0.0053263 secs]
57.873: Total time for which application threads were stopped: 0.0054887 seconds, Stopping threads took: 0.0000197 seconds
57.941: [GC (Allocation Failure)  985345K->665251K(1034752K), 0.0050212 secs]
57.946: Total time for which application threads were stopped: 0.0051992 seconds, Stopping threads took: 0.0000195 seconds
58.014: [GC (Allocation Failure)  986275K->665091K(1034240K), 0.0050025 secs]
58.019: Total time for which application threads were stopped: 0.0051626 seconds, Stopping threads took: 0.0000206 seconds
58.086: [GC (Allocation Failure)  986115K->663969K(1035264K), 0.0045377 secs]
58.091: Total time for which application threads were stopped: 0.0047047 seconds, Stopping threads took: 0.0000193 seconds
58.158: [GC (Allocation Failure)  986529K->665123K(1035264K), 0.0048652 secs]
58.163: Total time for which application threads were stopped: 0.0050406 seconds, Stopping threads took: 0.0000194 seconds
58.233: [GC (Allocation Failure)  987683K->665059K(1035776K), 0.0049790 secs]
58.238: Total time for which application threads were stopped: 0.0051478 seconds, Stopping threads took: 0.0000201 seconds
58.306: [GC (Allocation Failure)  988131K->668801K(1035264K), 0.0065277 secs]
58.313: Total time for which application threads were stopped: 0.0067109 seconds, Stopping threads took: 0.0000286 seconds
58.379: [GC (Allocation Failure)  991873K->665091K(1035264K), 0.0051082 secs]
58.384: Total time for which application threads were stopped: 0.0052799 seconds, Stopping threads took: 0.0000201 seconds
58.453: [GC (Allocation Failure)  987651K->665091K(1035264K), 0.0049678 secs]
58.458: Total time for which application threads were stopped: 0.0051305 seconds, Stopping threads took: 0.0000208 seconds
58.527: [GC (Allocation Failure)  987651K->657185K(1033728K), 0.0018383 secs]
58.529: Total time for which application threads were stopped: 0.0019463 seconds, Stopping threads took: 0.0000150 seconds
58.598: [GC (Allocation Failure)  978721K->665323K(1034752K), 0.0051183 secs]
58.604: Total time for which application threads were stopped: 0.0052765 seconds, Stopping threads took: 0.0000168 seconds
58.671: [GC (Allocation Failure)  986859K->669203K(1035776K), 0.0065297 secs]
58.677: Total time for which application threads were stopped: 0.0067000 seconds, Stopping threads took: 0.0000202 seconds
58.743: [GC (Allocation Failure)  992275K->664081K(1035264K), 0.0031886 secs]
58.746: Total time for which application threads were stopped: 0.0033462 seconds, Stopping threads took: 0.0000204 seconds
58.815: [GC (Allocation Failure)  987153K->669451K(1035264K), 0.0049937 secs]
58.820: Total time for which application threads were stopped: 0.0051622 seconds, Stopping threads took: 0.0000197 seconds
58.888: [GC (Allocation Failure)  992011K->673307K(1035264K), 0.0051499 secs]
58.893: Total time for which application threads were stopped: 0.0053282 seconds, Stopping threads took: 0.0000199 seconds
58.960: [GC (Allocation Failure)  995867K->669401K(1035776K), 0.0040257 secs]
58.964: Total time for which application threads were stopped: 0.0041822 seconds, Stopping threads took: 0.0000197 seconds
59.033: [GC (Allocation Failure)  992985K->673467K(1035776K), 0.0051488 secs]
59.038: Total time for which application threads were stopped: 0.0053167 seconds, Stopping threads took: 0.0000195 seconds
59.106: [GC (Allocation Failure)  997051K->677467K(1035776K), 0.0047887 secs]
59.111: Total time for which application threads were stopped: 0.0049500 seconds, Stopping threads took: 0.0000199 seconds
59.180: [GC (Allocation Failure)  1001051K->677467K(1035776K), 0.0049304 secs]
59.185: Total time for which application threads were stopped: 0.0051139 seconds, Stopping threads took: 0.0000197 seconds
59.250: [GC (Allocation Failure)  1001051K->677531K(1034752K), 0.0051642 secs]
59.256: Total time for which application threads were stopped: 0.0053345 seconds, Stopping threads took: 0.0000205 seconds
59.323: [GC (Allocation Failure)  1000091K->685501K(1035264K), 0.0050707 secs]
59.328: Total time for which application threads were stopped: 0.0052676 seconds, Stopping threads took: 0.0000200 seconds
59.396: [GC (Allocation Failure)  1008061K->685533K(1035264K), 0.0048770 secs]
59.401: Total time for which application threads were stopped: 0.0050293 seconds, Stopping threads took: 0.0000171 seconds
59.468: [GC (Allocation Failure)  1008093K->685565K(1022464K), 0.0049664 secs]
59.473: Total time for which application threads were stopped: 0.0051447 seconds, Stopping threads took: 0.0000201 seconds
59.543: [GC (Allocation Failure)  1008125K->693504K(1034752K), 0.0048244 secs]
59.548: Total time for which application threads were stopped: 0.0049826 seconds, Stopping threads took: 0.0000261 seconds
59.616: [GC (Allocation Failure)  1015040K->693536K(1034752K), 0.0048536 secs]
59.621: Total time for which application threads were stopped: 0.0050329 seconds, Stopping threads took: 0.0000283 seconds
59.688: [GC (Allocation Failure)  1015072K->693800K(1034752K), 0.0052625 secs]
59.694: [Full GC (Ergonomics)  693800K->8706K(1034752K), 0.0128212 secs]
59.707: Total time for which application threads were stopped: 0.0183828 seconds, Stopping threads took: 0.0000199 seconds
59.774: [GC (Allocation Failure)  330242K->17636K(1030144K), 0.0038122 secs]
59.778: Total time for which application threads were stopped: 0.0039618 seconds, Stopping threads took: 0.0000167 seconds
59.845: [GC (Allocation Failure)  339172K->17652K(1034240K), 0.0036820 secs]
59.849: Total time for which application threads were stopped: 0.0038610 seconds, Stopping threads took: 0.0000217 seconds
59.916: [GC (Allocation Failure)  338164K->18060K(1034240K), 0.0035355 secs]
59.920: Total time for which application threads were stopped: 0.0037240 seconds, Stopping threads took: 0.0000287 seconds
59.986: [GC (Allocation Failure)  338572K->25646K(1034240K), 0.0038339 secs]
59.990: Total time for which application threads were stopped: 0.0039927 seconds, Stopping threads took: 0.0000192 seconds
60.058: [GC (Allocation Failure)  346158K->25646K(1034240K), 0.0036480 secs]
60.061: Total time for which application threads were stopped: 0.0038592 seconds, Stopping threads took: 0.0000536 seconds
60.128: [GC (Allocation Failure)  346158K->25766K(1033216K), 0.0037207 secs]
60.132: Total time for which application threads were stopped: 0.0038797 seconds, Stopping threads took: 0.0000193 seconds
60.201: [GC (Allocation Failure)  345254K->33704K(1033728K), 0.0037919 secs]
60.205: Total time for which application threads were stopped: 0.0039524 seconds, Stopping threads took: 0.0000193 seconds
60.272: [GC (Allocation Failure)  353192K->33704K(1033728K), 0.0037955 secs]
60.276: Total time for which application threads were stopped: 0.0039632 seconds, Stopping threads took: 0.0000197 seconds
60.341: [GC (Allocation Failure)  353192K->33736K(1033728K), 0.0037862 secs]
60.345: Total time for which application threads were stopped: 0.0039644 seconds, Stopping threads took: 0.0000198 seconds
60.413: [GC (Allocation Failure)  353224K->41707K(1033728K), 0.0039662 secs]
60.417: Total time for which application threads were stopped: 0.0041334 seconds, Stopping threads took: 0.0000191 seconds
60.483: [GC (Allocation Failure)  361195K->41739K(1033728K), 0.0035772 secs]
60.487: Total time for which application threads were stopped: 0.0037458 seconds, Stopping threads took: 0.0000219 seconds
60.553: [GC (Allocation Failure)  361227K->41963K(1033728K), 0.0036330 secs]
60.557: Total time for which application threads were stopped: 0.0038013 seconds, Stopping threads took: 0.0000168 seconds
60.625: [GC (Allocation Failure)  361451K->49773K(1033728K), 0.0038832 secs]
60.629: Total time for which application threads were stopped: 0.0040536 seconds, Stopping threads took: 0.0000191 seconds
60.694: [GC (Allocation Failure)  369260K->45803K(1034240K), 0.0030894 secs]
60.697: Total time for which application threads were stopped: 0.0032505 seconds, Stopping threads took: 0.0000199 seconds
60.765: [GC (Allocation Failure)  365803K->49901K(1033728K), 0.0037999 secs]
60.769: Total time for which application threads were stopped: 0.0039763 seconds, Stopping threads took: 0.0000208 seconds
60.837: [GC (Allocation Failure)  369901K->53869K(1034752K), 0.0038292 secs]
60.841: Total time for which application threads were stopped: 0.0039860 seconds, Stopping threads took: 0.0000196 seconds
60.909: [GC (Allocation Failure)  375405K->48139K(1034752K), 0.0015517 secs]
60.911: Total time for which application threads were stopped: 0.0016840 seconds, Stopping threads took: 0.0000189 seconds
60.978: [GC (Allocation Failure)  369675K->53941K(1035264K), 0.0037125 secs]
60.981: Total time for which application threads were stopped: 0.0038963 seconds, Stopping threads took: 0.0000332 seconds
61.050: [GC (Allocation Failure)  375989K->58021K(1034752K), 0.0040062 secs]
61.054: Total time for which application threads were stopped: 0.0041823 seconds, Stopping threads took: 0.0000260 seconds
61.121: [GC (Allocation Failure)  379807K->54115K(1035776K), 0.0025118 secs]
61.124: Total time for which application threads were stopped: 0.0026772 seconds, Stopping threads took: 0.0000205 seconds
61.191: [GC (Allocation Failure)  377187K->58181K(1035264K), 0.0040949 secs]
61.195: Total time for which application threads were stopped: 0.0042576 seconds, Stopping threads took: 0.0000201 seconds
61.262: [GC (Allocation Failure)  381253K->62181K(1035264K), 0.0038248 secs]
61.266: Total time for which application threads were stopped: 0.0039942 seconds, Stopping threads took: 0.0000204 seconds
61.334: [GC (Allocation Failure)  385765K->62149K(1035776K), 0.0035842 secs]
61.338: Total time for which application threads were stopped: 0.0037591 seconds, Stopping threads took: 0.0000220 seconds
61.405: [GC (Allocation Failure)  385733K->62221K(1034752K), 0.0037084 secs]
61.409: Total time for which application threads were stopped: 0.0039077 seconds, Stopping threads took: 0.0000192 seconds
61.476: [GC (Allocation Failure)  384781K->70191K(1035264K), 0.0051185 secs]
61.482: Total time for which application threads were stopped: 0.0052882 seconds, Stopping threads took: 0.0000196 seconds
61.550: [GC (Allocation Failure)  392751K->70223K(1034240K), 0.0036658 secs]
61.553: Total time for which application threads were stopped: 0.0038211 seconds, Stopping threads took: 0.0000256 seconds
61.620: [GC (Allocation Failure)  391759K->70247K(1034752K), 0.0037630 secs]
61.624: Total time for which application threads were stopped: 0.0039244 seconds, Stopping threads took: 0.0000193 seconds
61.690: [GC (Allocation Failure)  391783K->78217K(1033728K), 0.0038403 secs]
61.694: Total time for which application threads were stopped: 0.0040095 seconds, Stopping threads took: 0.0000188 seconds
61.761: [GC (Allocation Failure)  398729K->78249K(1034240K), 0.0044712 secs]
61.766: Total time for which application threads were stopped: 0.0046312 seconds, Stopping threads took: 0.0000192 seconds
61.832: [GC (Allocation Failure)  398761K->78473K(1034240K), 0.0037403 secs]
61.836: Total time for which application threads were stopped: 0.0039203 seconds, Stopping threads took: 0.0000200 seconds
61.901: [GC (Allocation Failure)  398985K->86220K(1034240K), 0.0038169 secs]
61.905: Total time for which application threads were stopped: 0.0040092 seconds, Stopping threads took: 0.0000201 seconds
61.973: [GC (Allocation Failure)  406732K->86284K(1034240K), 0.0038264 secs]
61.977: Total time for which application threads were stopped: 0.0040083 seconds, Stopping threads took: 0.0000286 seconds
62.045: [GC (Allocation Failure)  406796K->86668K(1020416K), 0.0037002 secs]
62.048: Total time for which application threads were stopped: 0.0038602 seconds, Stopping threads took: 0.0000193 seconds
62.116: [GC (Allocation Failure)  407180K->94286K(1033728K), 0.0038391 secs]
62.120: Total time for which application threads were stopped: 0.0040193 seconds, Stopping threads took: 0.0000199 seconds
62.187: [GC (Allocation Failure)  413774K->94254K(1033728K), 0.0065635 secs]
62.193: Total time for which application threads were stopped: 0.0067253 seconds, Stopping threads took: 0.0000204 seconds
62.259: [GC (Allocation Failure)  413742K->94414K(1033728K), 0.0040310 secs]
62.263: Total time for which application threads were stopped: 0.0042111 seconds, Stopping threads took: 0.0000191 seconds
62.331: [GC (Allocation Failure)  413902K->102352K(1033728K), 0.0037379 secs]
62.335: Total time for which application threads were stopped: 0.0039106 seconds, Stopping threads took: 0.0000214 seconds
62.401: [GC (Allocation Failure)  421839K->98446K(1034240K), 0.0026143 secs]
62.404: Total time for which application threads were stopped: 0.0027769 seconds, Stopping threads took: 0.0000194 seconds
62.471: [GC (Allocation Failure)  418446K->102480K(1033728K), 0.0041784 secs]
62.475: Total time for which application threads were stopped: 0.0043402 seconds, Stopping threads took: 0.0000196 seconds
62.542: [GC (Allocation Failure)  422480K->106480K(1034752K), 0.0038216 secs]
62.546: Total time for which application threads were stopped: 0.0039712 seconds, Stopping threads took: 0.0000170 seconds
62.613: [GC (Allocation Failure)  428016K->100718K(1034752K), 0.0015535 secs]
62.615: Total time for which application threads were stopped: 0.0016985 seconds, Stopping threads took: 0.0000242 seconds
62.684: [GC (Allocation Failure)  422254K->106520K(1035776K), 0.0038515 secs]
62.688: Total time for which application threads were stopped: 0.0040067 seconds, Stopping threads took: 0.0000187 seconds
62.757: [GC (Allocation Failure)  429080K->110632K(1034752K), 0.0042972 secs]
62.762: Total time for which application threads were stopped: 0.0044871 seconds, Stopping threads took: 0.0000196 seconds
62.830: [GC (Allocation Failure)  432930K->106662K(1035776K), 0.0026831 secs]
62.833: Total time for which application threads were stopped: 0.0028337 seconds, Stopping threads took: 0.0000197 seconds
62.902: [GC (Allocation Failure)  429734K->110760K(1035264K), 0.0040860 secs]
62.906: Total time for which application threads were stopped: 0.0042499 seconds, Stopping threads took: 0.0000201 seconds
62.974: [GC (Allocation Failure)  433832K->114760K(1035264K), 0.0040537 secs]
62.978: Total time for which application threads were stopped: 0.0042388 seconds, Stopping threads took: 0.0000207 seconds
63.046: [GC (Allocation Failure)  438344K->114728K(1035776K), 0.0035215 secs]
63.050: Total time for which application threads were stopped: 0.0036968 seconds, Stopping threads took: 0.0000260 seconds
63.117: [GC (Allocation Failure)  438312K->114792K(1034752K), 0.0039126 secs]
63.121: Total time for which application threads were stopped: 0.0040858 seconds, Stopping threads took: 0.0000244 seconds
63.189: [GC (Allocation Failure)  437352K->122731K(1035264K), 0.0039793 secs]
63.193: Total time for which application threads were stopped: 0.0041431 seconds, Stopping threads took: 0.0000201 seconds
63.262: [GC (Allocation Failure)  445291K->122763K(1034240K), 0.0037736 secs]
63.265: Total time for which application threads were stopped: 0.0039703 seconds, Stopping threads took: 0.0000220 seconds
63.334: [GC (Allocation Failure)  444299K->122827K(1034752K), 0.0039648 secs]
63.338: Total time for which application threads were stopped: 0.0041478 seconds, Stopping threads took: 0.0000222 seconds
63.404: [GC (Allocation Failure)  444363K->130797K(1034752K), 0.0039701 secs]
63.408: Total time for which application threads were stopped: 0.0041411 seconds, Stopping threads took: 0.0000221 seconds
63.476: [GC (Allocation Failure)  452333K->130829K(1029120K), 0.0036712 secs]
63.479: Total time for which application threads were stopped: 0.0038465 seconds, Stopping threads took: 0.0000201 seconds
63.548: [GC (Allocation Failure)  452365K->131053K(1034240K), 0.0038653 secs]
63.552: Total time for which application threads were stopped: 0.0040219 seconds, Stopping threads took: 0.0000256 seconds
63.620: [GC (Allocation Failure)  451565K->138863K(1034240K), 0.0039976 secs]
63.624: Total time for which application threads were stopped: 0.0041769 seconds, Stopping threads took: 0.0000248 seconds
63.693: [GC (Allocation Failure)  459375K->138863K(1034240K), 0.0038009 secs]
63.697: Total time for which application threads were stopped: 0.0039704 seconds, Stopping threads took: 0.0000201 seconds
63.764: [GC (Allocation Failure)  459375K->139239K(1020416K), 0.0039193 secs]
63.768: Total time for which application threads were stopped: 0.0040792 seconds, Stopping threads took: 0.0000204 seconds
63.833: [GC (Allocation Failure)  459751K->146857K(1033728K), 0.0040001 secs]
63.837: Total time for which application threads were stopped: 0.0041733 seconds, Stopping threads took: 0.0000202 seconds
63.904: [GC (Allocation Failure)  466345K->146857K(1033728K), 0.0040333 secs]
63.908: Total time for which application threads were stopped: 0.0042110 seconds, Stopping threads took: 0.0000199 seconds
63.974: [GC (Allocation Failure)  466345K->146985K(1033728K), 0.0040129 secs]
63.978: Total time for which application threads were stopped: 0.0041767 seconds, Stopping threads took: 0.0000197 seconds
64.046: [GC (Allocation Failure)  466473K->154892K(1033728K), 0.0039262 secs]
64.050: Total time for which application threads were stopped: 0.0041136 seconds, Stopping threads took: 0.0000262 seconds
64.118: [GC (Allocation Failure)  474380K->154924K(1033728K), 0.0038743 secs]
64.122: Total time for which application threads were stopped: 0.0040399 seconds, Stopping threads took: 0.0000192 seconds
64.188: [GC (Allocation Failure)  474412K->154956K(1033728K), 0.0040286 secs]
64.192: Total time for which application threads were stopped: 0.0041992 seconds, Stopping threads took: 0.0000198 seconds
64.260: [GC (Allocation Failure)  474444K->162926K(1032704K), 0.0040537 secs]
64.264: Total time for which application threads were stopped: 0.0042106 seconds, Stopping threads took: 0.0000190 seconds
64.332: [GC (Allocation Failure)  481390K->157388K(1033216K), 0.0018041 secs]
64.334: Total time for which application threads were stopped: 0.0019690 seconds, Stopping threads took: 0.0000517 seconds
64.403: [GC (Allocation Failure)  475852K->163182K(1034752K), 0.0039595 secs]
64.407: Total time for which application threads were stopped: 0.0041198 seconds, Stopping threads took: 0.0000200 seconds
64.475: [GC (Allocation Failure)  483694K->167070K(1033728K), 0.0039778 secs]
64.479: Total time for which application threads were stopped: 0.0041442 seconds, Stopping threads took: 0.0000274 seconds
64.548: [GC (Allocation Failure)  487582K->173964K(1029120K), 0.0067690 secs]
64.554: Total time for which application threads were stopped: 0.0069287 seconds, Stopping threads took: 0.0000261 seconds
64.622: [GC (Allocation Failure)  489356K->167886K(1031680K), 0.0039817 secs]
64.626: Total time for which application threads were stopped: 0.0041640 seconds, Stopping threads took: 0.0000200 seconds
64.693: [GC (Allocation Failure)  483278K->167726K(1032704K), 0.0040783 secs]
64.697: Total time for which application threads were stopped: 0.0042723 seconds, Stopping threads took: 0.0000198 seconds
64.764: [GC (Allocation Failure)  484654K->171078K(1032192K), 0.0049371 secs]
64.769: Total time for which application threads were stopped: 0.0051048 seconds, Stopping threads took: 0.0000189 seconds
64.835: [GC (Allocation Failure)  488006K->175816K(1033216K), 0.0040546 secs]
64.840: Total time for which application threads were stopped: 0.0042338 seconds, Stopping threads took: 0.0000199 seconds
64.907: [GC (Allocation Failure)  493768K->175720K(1032704K), 0.0038576 secs]
64.911: Total time for which application threads were stopped: 0.0040513 seconds, Stopping threads took: 0.0000200 seconds
64.979: [GC (Allocation Failure)  493672K->176744K(1033216K), 0.0041082 secs]
64.983: Total time for which application threads were stopped: 0.0042575 seconds, Stopping threads took: 0.0000173 seconds
65.050: [GC (Allocation Failure)  495208K->183786K(1033216K), 0.0039067 secs]
65.054: Total time for which application threads were stopped: 0.0040649 seconds, Stopping threads took: 0.0000264 seconds
65.121: [GC (Allocation Failure)  502250K->183754K(1033728K), 0.0041247 secs]
65.126: Total time for which application threads were stopped: 0.0043087 seconds, Stopping threads took: 0.0000197 seconds
65.194: [GC (Allocation Failure)  502730K->185418K(1033216K), 0.0042380 secs]
65.199: Total time for which application threads were stopped: 0.0044102 seconds, Stopping threads took: 0.0000166 seconds
65.268: [GC (Allocation Failure)  504394K->191853K(1033728K), 0.0040121 secs]
65.272: Total time for which application threads were stopped: 0.0041826 seconds, Stopping threads took: 0.0000283 seconds
65.339: [GC (Allocation Failure)  511341K->191789K(1033728K), 0.0040906 secs]
65.343: Total time for which application threads were stopped: 0.0042558 seconds, Stopping threads took: 0.0000201 seconds
65.409: [GC (Allocation Failure)  511277K->192141K(1033728K), 0.0042436 secs]
65.413: Total time for which application threads were stopped: 0.0044303 seconds, Stopping threads took: 0.0000199 seconds
65.481: [GC (Allocation Failure)  511629K->199855K(1033728K), 0.0040459 secs]
65.486: Total time for which application threads were stopped: 0.0042260 seconds, Stopping threads took: 0.0000208 seconds
65.554: [GC (Allocation Failure)  519343K->199823K(1033728K), 0.0037894 secs]
65.558: Total time for which application threads were stopped: 0.0039542 seconds, Stopping threads took: 0.0000262 seconds
65.623: [GC (Allocation Failure)  519311K->203463K(1033728K), 0.0047095 secs]
65.628: Total time for which application threads were stopped: 0.0049034 seconds, Stopping threads took: 0.0000194 seconds
65.697: [GC (Allocation Failure)  522951K->207945K(1034240K), 0.0042231 secs]
65.702: Total time for which application threads were stopped: 0.0043784 seconds, Stopping threads took: 0.0000171 seconds
65.768: [GC (Allocation Failure)  528457K->207881K(1034240K), 0.0041511 secs]
65.773: Total time for which application threads were stopped: 0.0043152 seconds, Stopping threads took: 0.0000197 seconds
65.839: [GC (Allocation Failure)  528393K->208585K(1034240K), 0.0041992 secs]
65.843: Total time for which application threads were stopped: 0.0043680 seconds, Stopping threads took: 0.0000197 seconds
65.911: [GC (Allocation Failure)  529097K->215883K(1034240K), 0.0039825 secs]
65.915: Total time for which application threads were stopped: 0.0041556 seconds, Stopping threads took: 0.0000205 seconds
65.982: [GC (Allocation Failure)  536395K->215851K(1034240K), 0.0040956 secs]
65.986: Total time for which application threads were stopped: 0.0042759 seconds, Stopping threads took: 0.0000196 seconds
66.055: [GC (Allocation Failure)  536363K->216843K(1034240K), 0.0040763 secs]
66.059: Total time for which application threads were stopped: 0.0042367 seconds, Stopping threads took: 0.0000199 seconds
66.128: [GC (Allocation Failure)  537355K->223918K(1034240K), 0.0041781 secs]
66.132: Total time for which application threads were stopped: 0.0043457 seconds, Stopping threads took: 0.0000194 seconds
66.199: [GC (Allocation Failure)  544430K->223918K(1034240K), 0.0051608 secs]
66.205: Total time for which application threads were stopped: 0.0053328 seconds, Stopping threads took: 0.0000199 seconds
66.272: [GC (Allocation Failure)  544430K->225070K(1034240K), 0.0042493 secs]
66.277: Total time for which application threads were stopped: 0.0044181 seconds, Stopping threads took: 0.0000202 seconds
66.345: [GC (Allocation Failure)  545582K->231984K(1034240K), 0.0044906 secs]
66.349: Total time for which application threads were stopped: 0.0046608 seconds, Stopping threads took: 0.0000201 seconds
66.417: [GC (Allocation Failure)  552496K->231952K(1034240K), 0.0040468 secs]
66.421: Total time for which application threads were stopped: 0.0042120 seconds, Stopping threads took: 0.0000189 seconds
66.488: [GC (Allocation Failure)  552464K->232264K(1020416K), 0.0041900 secs]
66.492: Total time for which application threads were stopped: 0.0043569 seconds, Stopping threads took: 0.0000202 seconds
66.562: [GC (Allocation Failure)  552776K->240010K(1033728K), 0.0043171 secs]
66.566: Total time for which application threads were stopped: 0.0045260 seconds, Stopping threads took: 0.0000406 seconds
66.633: [GC (Allocation Failure)  559498K->239978K(1033728K), 0.0041480 secs]
66.637: Total time for which application threads were stopped: 0.0043348 seconds, Stopping threads took: 0.0000225 seconds
66.703: [GC (Allocation Failure)  559466K->240522K(1033728K), 0.0040310 secs]
66.708: Total time for which application threads were stopped: 0.0041937 seconds, Stopping threads took: 0.0000202 seconds
66.775: [GC (Allocation Failure)  560010K->248077K(1033728K), 0.0043463 secs]
66.779: Total time for which application threads were stopped: 0.0045174 seconds, Stopping threads took: 0.0000201 seconds
66.846: [GC (Allocation Failure)  567565K->248013K(1033728K), 0.0041341 secs]
66.851: Total time for which application threads were stopped: 0.0042929 seconds, Stopping threads took: 0.0000194 seconds
66.917: [GC (Allocation Failure)  567501K->248749K(1033728K), 0.0042009 secs]
66.921: Total time for which application threads were stopped: 0.0043624 seconds, Stopping threads took: 0.0000203 seconds
66.989: [GC (Allocation Failure)  568237K->256015K(1033728K), 0.0046759 secs]
66.994: Total time for which application threads were stopped: 0.0048341 seconds, Stopping threads took: 0.0000190 seconds
67.063: [GC (Allocation Failure)  575503K->256047K(1033728K), 0.0041000 secs]
67.067: Total time for which application threads were stopped: 0.0042701 seconds, Stopping threads took: 0.0000196 seconds
67.135: [GC (Allocation Failure)  575535K->258055K(1033728K), 0.0044607 secs]
67.139: Total time for which application threads were stopped: 0.0046296 seconds, Stopping threads took: 0.0000197 seconds
67.207: [GC (Allocation Failure)  577543K->264073K(1033728K), 0.0039962 secs]
67.211: Total time for which application threads were stopped: 0.0041588 seconds, Stopping threads took: 0.0000200 seconds
67.278: [GC (Allocation Failure)  583561K->264073K(1033728K), 0.0040475 secs]
67.282: Total time for which application threads were stopped: 0.0042409 seconds, Stopping threads took: 0.0000203 seconds
67.350: [GC (Allocation Failure)  583561K->265225K(1033728K), 0.0042946 secs]
67.354: Total time for which application threads were stopped: 0.0044531 seconds, Stopping threads took: 0.0000198 seconds
67.424: [GC (Allocation Failure)  584713K->272139K(1033728K), 0.0042625 secs]
67.428: Total time for which application threads were stopped: 0.0044191 seconds, Stopping threads took: 0.0000189 seconds
67.495: [GC (Allocation Failure)  591627K->272139K(1033728K), 0.0041170 secs]
67.500: Total time for which application threads were stopped: 0.0042834 seconds, Stopping threads took: 0.0000194 seconds
67.567: [GC (Allocation Failure)  591627K->272419K(1033728K), 0.0042650 secs]
67.572: Total time for which application threads were stopped: 0.0044235 seconds, Stopping threads took: 0.0000177 seconds
67.640: [GC (Allocation Failure)  591907K->280166K(1033728K), 0.0043053 secs]
67.645: Total time for which application threads were stopped: 0.0044684 seconds, Stopping threads took: 0.0000197 seconds
67.711: [GC (Allocation Failure)  599654K->280134K(1033728K), 0.0041113 secs]
67.715: Total time for which application threads were stopped: 0.0042786 seconds, Stopping threads took: 0.0000193 seconds
67.781: [GC (Allocation Failure)  599622K->280678K(1033728K), 0.0042380 secs]
67.786: Total time for which application threads were stopped: 0.0043970 seconds, Stopping threads took: 0.0000192 seconds
67.855: [GC (Allocation Failure)  600166K->288200K(1033728K), 0.0043323 secs]
67.860: Total time for which application threads were stopped: 0.0044933 seconds, Stopping threads took: 0.0000192 seconds
67.927: [GC (Allocation Failure)  607688K->288168K(1033728K), 0.0044434 secs]
67.931: Total time for which application threads were stopped: 0.0046082 seconds, Stopping threads took: 0.0000191 seconds
67.998: [GC (Allocation Failure)  607656K->288904K(1033728K), 0.0042688 secs]
68.002: Total time for which application threads were stopped: 0.0044401 seconds, Stopping threads took: 0.0000187 seconds
68.070: [GC (Allocation Failure)  608392K->296202K(1033728K), 0.0040680 secs]
68.074: Total time for which application threads were stopped: 0.0042282 seconds, Stopping threads took: 0.0000198 seconds
68.141: [GC (Allocation Failure)  615690K->296234K(1033728K), 0.0042807 secs]
68.146: Total time for which application threads were stopped: 0.0044501 seconds, Stopping threads took: 0.0000222 seconds
68.212: [GC (Allocation Failure)  615722K->297130K(1033728K), 0.0043841 secs]
68.216: Total time for which application threads were stopped: 0.0045571 seconds, Stopping threads took: 0.0000220 seconds
68.284: [GC (Allocation Failure)  616618K->304268K(1033728K), 0.0042169 secs]
68.288: Total time for which application threads were stopped: 0.0043868 seconds, Stopping threads took: 0.0000195 seconds
68.355: [GC (Allocation Failure)  623756K->304204K(1033728K), 0.0042852 secs]
68.359: Total time for which application threads were stopped: 0.0044541 seconds, Stopping threads took: 0.0000196 seconds
68.426: [GC (Allocation Failure)  623692K->304364K(1033728K), 0.0043131 secs]
68.430: Total time for which application threads were stopped: 0.0044825 seconds, Stopping threads took: 0.0000193 seconds
68.498: [GC (Allocation Failure)  623852K->312271K(1027072K), 0.0088077 secs]
68.507: Total time for which application threads were stopped: 0.0089551 seconds, Stopping threads took: 0.0000203 seconds
68.575: [GC (Allocation Failure)  631759K->312271K(1033216K), 0.0042391 secs]
68.579: Total time for which application threads were stopped: 0.0043958 seconds, Stopping threads took: 0.0000250 seconds
68.646: [GC (Allocation Failure)  630735K->312591K(1033216K), 0.0044996 secs]
68.651: Total time for which application threads were stopped: 0.0046609 seconds, Stopping threads took: 0.0000194 seconds
68.720: [GC (Allocation Failure)  631055K->320337K(1033216K), 0.0042776 secs]
68.724: Total time for which application threads were stopped: 0.0044477 seconds, Stopping threads took: 0.0000208 seconds
68.790: [GC (Allocation Failure)  638801K->320337K(1033216K), 0.0043866 secs]
68.794: Total time for which application threads were stopped: 0.0045491 seconds, Stopping threads took: 0.0000200 seconds
68.861: [GC (Allocation Failure)  638801K->320809K(1033216K), 0.0043982 secs]
68.866: Total time for which application threads were stopped: 0.0045754 seconds, Stopping threads took: 0.0000197 seconds
68.931: [GC (Allocation Failure)  639273K->328299K(1033216K), 0.0043960 secs]
68.936: Total time for which application threads were stopped: 0.0045555 seconds, Stopping threads took: 0.0000200 seconds
69.004: [GC (Allocation Failure)  646763K->328331K(1033216K), 0.0042884 secs]
69.009: Total time for which application threads were stopped: 0.0044573 seconds, Stopping threads took: 0.0000197 seconds
69.075: [GC (Allocation Failure)  646795K->328555K(1033216K), 0.0044755 secs]
69.080: Total time for which application threads were stopped: 0.0046549 seconds, Stopping threads took: 0.0000261 seconds
69.147: [GC (Allocation Failure)  647019K->336397K(1033216K), 0.0043979 secs]
69.151: Total time for which application threads were stopped: 0.0045626 seconds, Stopping threads took: 0.0000206 seconds
69.217: [GC (Allocation Failure)  654861K->336397K(1033216K), 0.0043425 secs]
69.221: Total time for which application threads were stopped: 0.0045285 seconds, Stopping threads took: 0.0000286 seconds
69.288: [GC (Allocation Failure)  654861K->336517K(1033216K), 0.0044845 secs]
69.292: Total time for which application threads were stopped: 0.0046539 seconds, Stopping threads took: 0.0000195 seconds
69.359: [GC (Allocation Failure)  654981K->344424K(1033216K), 0.0044607 secs]
69.363: Total time for which application threads were stopped: 0.0046305 seconds, Stopping threads took: 0.0000200 seconds
69.429: [GC (Allocation Failure)  662888K->344392K(1033216K), 0.0043738 secs]
69.433: Total time for which application threads were stopped: 0.0045440 seconds, Stopping threads took: 0.0000200 seconds
69.498: [GC (Allocation Failure)  662856K->344456K(1033216K), 0.0101508 secs]
69.508: Total time for which application threads were stopped: 0.0103005 seconds, Stopping threads took: 0.0000261 seconds
69.576: [GC (Allocation Failure)  662920K->352426K(1033216K), 0.0043649 secs]
69.581: Total time for which application threads were stopped: 0.0045225 seconds, Stopping threads took: 0.0000248 seconds
69.647: [GC (Allocation Failure)  670890K->352426K(1033216K), 0.0042921 secs]
69.652: Total time for which application threads were stopped: 0.0044536 seconds, Stopping threads took: 0.0000203 seconds
69.718: [GC (Allocation Failure)  670890K->352746K(1033216K), 0.0044617 secs]
69.722: Total time for which application threads were stopped: 0.0046440 seconds, Stopping threads took: 0.0000204 seconds
69.787: [GC (Allocation Failure)  671210K->360492K(1033216K), 0.0043472 secs]
69.792: Total time for which application threads were stopped: 0.0045403 seconds, Stopping threads took: 0.0000198 seconds
69.861: [GC (Allocation Failure)  678956K->360492K(1033216K), 0.0042906 secs]
69.865: Total time for which application threads were stopped: 0.0044692 seconds, Stopping threads took: 0.0000280 seconds
69.932: [GC (Allocation Failure)  678956K->360716K(1033216K), 0.0042703 secs]
69.937: Total time for which application threads were stopped: 0.0044323 seconds, Stopping threads took: 0.0000194 seconds
70.002: [GC (Allocation Failure)  679180K->368495K(1033216K), 0.0044442 secs]
70.007: Total time for which application threads were stopped: 0.0046123 seconds, Stopping threads took: 0.0000199 seconds
70.072: [GC (Allocation Failure)  686959K->364588K(1033216K), 0.0032526 secs]
70.076: Total time for which application threads were stopped: 0.0034216 seconds, Stopping threads took: 0.0000261 seconds
70.143: [GC (Allocation Failure)  683052K->368655K(1034752K), 0.0043470 secs]
70.147: Total time for which application threads were stopped: 0.0045140 seconds, Stopping threads took: 0.0000191 seconds
70.215: [GC (Allocation Failure)  689167K->372623K(1033728K), 0.0042239 secs]
70.220: Total time for which application threads were stopped: 0.0043982 seconds, Stopping threads took: 0.0000198 seconds
70.288: [GC (Allocation Failure)  693135K->364780K(1034240K), 0.0013733 secs]
70.290: Total time for which application threads were stopped: 0.0015011 seconds, Stopping threads took: 0.0000204 seconds
70.357: [GC (Allocation Failure)  685292K->372687K(1034240K), 0.0042816 secs]
70.361: Total time for which application threads were stopped: 0.0044703 seconds, Stopping threads took: 0.0000197 seconds
70.428: [GC (Allocation Failure)  693199K->376735K(1033216K), 0.0060215 secs]
70.434: Total time for which application threads were stopped: 0.0062059 seconds, Stopping threads took: 0.0000219 seconds
70.502: [GC (Allocation Failure)  696223K->382460K(1032704K), 0.0093974 secs]
70.512: Total time for which application threads were stopped: 0.0095463 seconds, Stopping threads took: 0.0000138 seconds
70.580: [GC (Allocation Failure)  701948K->377055K(1031680K), 0.0041729 secs]
70.584: Total time for which application threads were stopped: 0.0043158 seconds, Stopping threads took: 0.0000176 seconds
70.651: [GC (Allocation Failure)  693471K->376767K(1032192K), 0.0042869 secs]
70.655: Total time for which application threads were stopped: 0.0044511 seconds, Stopping threads took: 0.0000205 seconds
70.720: [GC (Allocation Failure)  693183K->371420K(1032704K), 0.0023007 secs]
70.722: Total time for which application threads were stopped: 0.0024740 seconds, Stopping threads took: 0.0000196 seconds
70.792: [GC (Allocation Failure)  688860K->376959K(1032704K), 0.0043251 secs]
70.796: Total time for which application threads were stopped: 0.0044731 seconds, Stopping threads took: 0.0000168 seconds
70.864: [GC (Allocation Failure)  694399K->376767K(1033216K), 0.0046129 secs]
70.869: Total time for which application threads were stopped: 0.0047897 seconds, Stopping threads took: 0.0000204 seconds
70.935: [GC (Allocation Failure)  694719K->377127K(1032704K), 0.0045377 secs]
70.939: Total time for which application threads were stopped: 0.0047084 seconds, Stopping threads took: 0.0000195 seconds
71.005: [GC (Allocation Failure)  695079K->384777K(1033216K), 0.0043862 secs]
71.010: Total time for which application threads were stopped: 0.0045536 seconds, Stopping threads took: 0.0000205 seconds
71.077: [GC (Allocation Failure)  703241K->384809K(1033216K), 0.0044883 secs]
71.082: Total time for which application threads were stopped: 0.0046475 seconds, Stopping threads took: 0.0000191 seconds
71.149: [GC (Allocation Failure)  703273K->388937K(1033728K), 0.0055171 secs]
71.155: Total time for which application threads were stopped: 0.0056956 seconds, Stopping threads took: 0.0000273 seconds
71.222: [GC (Allocation Failure)  707913K->392907K(1033216K), 0.0041044 secs]
71.226: Total time for which application threads were stopped: 0.0042655 seconds, Stopping threads took: 0.0000204 seconds
71.294: [GC (Allocation Failure)  711883K->392843K(1034240K), 0.0043142 secs]
71.298: Total time for which application threads were stopped: 0.0044934 seconds, Stopping threads took: 0.0000192 seconds
71.367: [GC (Allocation Failure)  713355K->396131K(1034240K), 0.0054482 secs]
71.372: Total time for which application threads were stopped: 0.0056204 seconds, Stopping threads took: 0.0000210 seconds
71.440: [GC (Allocation Failure)  716643K->400869K(1034240K), 0.0043645 secs]
71.444: Total time for which application threads were stopped: 0.0045608 seconds, Stopping threads took: 0.0000202 seconds
71.515: [GC (Allocation Failure)  721381K->400869K(1034240K), 0.0059711 secs]
71.521: Total time for which application threads were stopped: 0.0061732 seconds, Stopping threads took: 0.0000280 seconds
71.589: [GC (Allocation Failure)  721381K->402349K(1033728K), 0.0044919 secs]
71.594: Total time for which application threads were stopped: 0.0046885 seconds, Stopping threads took: 0.0000175 seconds
71.663: [GC (Allocation Failure)  722861K->408944K(1034240K), 0.0044009 secs]
71.668: Total time for which application threads were stopped: 0.0045920 seconds, Stopping threads took: 0.0000192 seconds
71.737: [GC (Allocation Failure)  729456K->408944K(1034752K), 0.0043709 secs]
71.741: Total time for which application threads were stopped: 0.0045198 seconds, Stopping threads took: 0.0000165 seconds
71.807: [GC (Allocation Failure)  729968K->409032K(1034240K), 0.0044137 secs]
71.812: Total time for which application threads were stopped: 0.0045765 seconds, Stopping threads took: 0.0000203 seconds
71.881: [GC (Allocation Failure)  730056K->417002K(1034240K), 0.0044652 secs]
71.885: Total time for which application threads were stopped: 0.0046250 seconds, Stopping threads took: 0.0000201 seconds
71.951: [GC (Allocation Failure)  737514K->416938K(1034240K), 0.0044499 secs]
71.956: Total time for which application threads were stopped: 0.0046136 seconds, Stopping threads took: 0.0000200 seconds
72.024: [GC (Allocation Failure)  737450K->419850K(1034240K), 0.0050649 secs]
72.029: Total time for which application threads were stopped: 0.0052279 seconds, Stopping threads took: 0.0000197 seconds
72.098: [GC (Allocation Failure)  740362K->425100K(1034240K), 0.0044141 secs]
72.103: Total time for which application threads were stopped: 0.0045812 seconds, Stopping threads took: 0.0000281 seconds
72.172: [GC (Allocation Failure)  745612K->424972K(1034752K), 0.0046474 secs]
72.177: Total time for which application threads were stopped: 0.0048209 seconds, Stopping threads took: 0.0000198 seconds
72.243: [GC (Allocation Failure)  745996K->426532K(1034240K), 0.0048442 secs]
72.248: Total time for which application threads were stopped: 0.0050281 seconds, Stopping threads took: 0.0000188 seconds
72.316: [GC (Allocation Failure)  747556K->433062K(1034240K), 0.0044630 secs]
72.321: Total time for which application threads were stopped: 0.0046202 seconds, Stopping threads took: 0.0000191 seconds
72.387: [GC (Allocation Failure)  753574K->433030K(1034240K), 0.0046049 secs]
72.392: Total time for which application threads were stopped: 0.0047642 seconds, Stopping threads took: 0.0000192 seconds
72.458: [GC (Allocation Failure)  753542K->433222K(1034240K), 0.0065231 secs]
72.465: Total time for which application threads were stopped: 0.0066920 seconds, Stopping threads took: 0.0000196 seconds
72.534: [GC (Allocation Failure)  753734K->441065K(1034240K), 0.0045230 secs]
72.539: Total time for which application threads were stopped: 0.0046829 seconds, Stopping threads took: 0.0000200 seconds
72.607: [GC (Allocation Failure)  761577K->441033K(1034240K), 0.0043419 secs]
72.611: Total time for which application threads were stopped: 0.0045125 seconds, Stopping threads took: 0.0000286 seconds
72.678: [GC (Allocation Failure)  761545K->443497K(1034240K), 0.0050202 secs]
72.683: Total time for which application threads were stopped: 0.0052157 seconds, Stopping threads took: 0.0000246 seconds
72.752: [GC (Allocation Failure)  764009K->449099K(1034240K), 0.0045876 secs]
72.757: Total time for which application threads were stopped: 0.0047484 seconds, Stopping threads took: 0.0000201 seconds
72.826: [GC (Allocation Failure)  769611K->449099K(1034240K), 0.0045091 secs]
72.830: Total time for which application threads were stopped: 0.0046715 seconds, Stopping threads took: 0.0000197 seconds
72.897: [GC (Allocation Failure)  769611K->449707K(1034240K), 0.0046107 secs]
72.902: Total time for which application threads were stopped: 0.0047766 seconds, Stopping threads took: 0.0000210 seconds
72.970: [GC (Allocation Failure)  770219K->457101K(1034240K), 0.0045599 secs]
72.974: Total time for which application threads were stopped: 0.0047266 seconds, Stopping threads took: 0.0000194 seconds
73.042: [GC (Allocation Failure)  777613K->457133K(1034240K), 0.0045000 secs]
73.046: Total time for which application threads were stopped: 0.0046665 seconds, Stopping threads took: 0.0000256 seconds
73.114: [GC (Allocation Failure)  777645K->457925K(1034240K), 0.0046367 secs]
73.118: Total time for which application threads were stopped: 0.0048065 seconds, Stopping threads took: 0.0000203 seconds
73.186: [GC (Allocation Failure)  778437K->465223K(1033216K), 0.0046929 secs]
73.191: Total time for which application threads were stopped: 0.0048552 seconds, Stopping threads took: 0.0000202 seconds
73.257: [GC (Allocation Failure)  784711K->465159K(1033728K), 0.0047085 secs]
73.262: Total time for which application threads were stopped: 0.0048755 seconds, Stopping threads took: 0.0000198 seconds
73.328: [GC (Allocation Failure)  784647K->466151K(1033216K), 0.0047027 secs]
73.333: Total time for which application threads were stopped: 0.0048706 seconds, Stopping threads took: 0.0000192 seconds
73.399: [GC (Allocation Failure)  785639K->473226K(1033728K), 0.0045359 secs]
73.404: Total time for which application threads were stopped: 0.0047132 seconds, Stopping threads took: 0.0000186 seconds
73.472: [GC (Allocation Failure)  792714K->473162K(1033728K), 0.0061002 secs]
73.479: Total time for which application threads were stopped: 0.0062744 seconds, Stopping threads took: 0.0000199 seconds
73.548: [GC (Allocation Failure)  792650K->473386K(1033728K), 0.0044997 secs]
73.552: Total time for which application threads were stopped: 0.0046984 seconds, Stopping threads took: 0.0000220 seconds
73.621: [GC (Allocation Failure)  792874K->481228K(1033728K), 0.0043595 secs]
73.625: Total time for which application threads were stopped: 0.0045304 seconds, Stopping threads took: 0.0000251 seconds
73.693: [GC (Allocation Failure)  800716K->481196K(1033728K), 0.0047697 secs]
73.698: Total time for which application threads were stopped: 0.0049406 seconds, Stopping threads took: 0.0000199 seconds
73.764: [GC (Allocation Failure)  800684K->482636K(1033728K), 0.0048078 secs]
73.769: Total time for which application threads were stopped: 0.0049976 seconds, Stopping threads took: 0.0000187 seconds
73.837: [GC (Allocation Failure)  802124K->489262K(1033728K), 0.0045145 secs]
73.842: Total time for which application threads were stopped: 0.0046710 seconds, Stopping threads took: 0.0000156 seconds
73.909: [GC (Allocation Failure)  808750K->489230K(1033728K), 0.0044605 secs]
73.913: Total time for which application threads were stopped: 0.0046600 seconds, Stopping threads took: 0.0000262 seconds
73.979: [GC (Allocation Failure)  808718K->489838K(1033728K), 0.0046060 secs]
73.984: Total time for which application threads were stopped: 0.0047543 seconds, Stopping threads took: 0.0000196 seconds
74.053: [GC (Allocation Failure)  809326K->497360K(1033728K), 0.0046024 secs]
74.057: Total time for which application threads were stopped: 0.0047604 seconds, Stopping threads took: 0.0000171 seconds
74.125: [GC (Allocation Failure)  816848K->497296K(1033728K), 0.0046351 secs]
74.129: Total time for which application threads were stopped: 0.0047944 seconds, Stopping threads took: 0.0000198 seconds
74.196: [GC (Allocation Failure)  816784K->497320K(1033728K), 0.0044348 secs]
74.201: Total time for which application threads were stopped: 0.0045969 seconds, Stopping threads took: 0.0000194 seconds
74.268: [GC (Allocation Failure)  816808K->505259K(1033728K), 0.0044818 secs]
74.273: Total time for which application threads were stopped: 0.0046404 seconds, Stopping threads took: 0.0000189 seconds
74.340: [GC (Allocation Failure)  824747K->505291K(1033728K), 0.0045995 secs]
74.345: Total time for which application threads were stopped: 0.0047670 seconds, Stopping threads took: 0.0000197 seconds
74.411: [GC (Allocation Failure)  824779K->506275K(1033728K), 0.0050681 secs]
74.417: Total time for which application threads were stopped: 0.0052305 seconds, Stopping threads took: 0.0000207 seconds
74.484: [GC (Allocation Failure)  825763K->513413K(1033728K), 0.0047258 secs]
74.489: Total time for which application threads were stopped: 0.0048952 seconds, Stopping threads took: 0.0000200 seconds
74.558: [GC (Allocation Failure)  832901K->513285K(1033728K), 0.0045478 secs]
74.563: Total time for which application threads were stopped: 0.0047069 seconds, Stopping threads took: 0.0000195 seconds
74.630: [GC (Allocation Failure)  832773K->513405K(1032704K), 0.0064316 secs]
74.636: Total time for which application threads were stopped: 0.0065913 seconds, Stopping threads took: 0.0000197 seconds
74.706: [GC (Allocation Failure)  831869K->521343K(1033216K), 0.0046774 secs]
74.710: Total time for which application threads were stopped: 0.0049265 seconds, Stopping threads took: 0.0000889 seconds
74.777: [GC (Allocation Failure)  839807K->521343K(1033216K), 0.0045938 secs]
74.782: Total time for which application threads were stopped: 0.0047558 seconds, Stopping threads took: 0.0000193 seconds
74.848: [GC (Allocation Failure)  839807K->521671K(1033216K), 0.0047048 secs]
74.853: Total time for which application threads were stopped: 0.0048664 seconds, Stopping threads took: 0.0000200 seconds
74.918: [GC (Allocation Failure)  840135K->529418K(1033216K), 0.0047425 secs]
74.923: Total time for which application threads were stopped: 0.0049320 seconds, Stopping threads took: 0.0000195 seconds
74.992: [GC (Allocation Failure)  847882K->529386K(1033216K), 0.0045998 secs]
74.997: Total time for which application threads were stopped: 0.0047687 seconds, Stopping threads took: 0.0000196 seconds
75.063: [GC (Allocation Failure)  847850K->529898K(1033216K), 0.0045810 secs]
75.068: Total time for which application threads were stopped: 0.0047501 seconds, Stopping threads took: 0.0000252 seconds
75.135: [GC (Allocation Failure)  848362K->537420K(1033216K), 0.0045539 secs]
75.140: Total time for which application threads were stopped: 0.0047327 seconds, Stopping threads took: 0.0000197 seconds
75.206: [GC (Allocation Failure)  855884K->537420K(1033216K), 0.0047099 secs]
75.211: Total time for which application threads were stopped: 0.0048653 seconds, Stopping threads took: 0.0000194 seconds
75.277: [GC (Allocation Failure)  855884K->538156K(1033216K), 0.0048816 secs]
75.282: Total time for which application threads were stopped: 0.0050525 seconds, Stopping threads took: 0.0000199 seconds
75.350: [GC (Allocation Failure)  856620K->545486K(1033216K), 0.0047689 secs]
75.355: Total time for which application threads were stopped: 0.0049285 seconds, Stopping threads took: 0.0000197 seconds
75.420: [GC (Allocation Failure)  863950K->545486K(1033216K), 0.0048301 secs]
75.425: Total time for which application threads were stopped: 0.0049866 seconds, Stopping threads took: 0.0000191 seconds
75.489: [GC (Allocation Failure)  863950K->545614K(1033216K), 0.0047149 secs]
75.494: Total time for which application threads were stopped: 0.0048948 seconds, Stopping threads took: 0.0000198 seconds
75.564: [GC (Allocation Failure)  864078K->553488K(1033216K), 0.0046812 secs]
75.569: Total time for which application threads were stopped: 0.0048422 seconds, Stopping threads took: 0.0000258 seconds
75.636: [GC (Allocation Failure)  871952K->553488K(1033216K), 0.0047304 secs]
75.641: Total time for which application threads were stopped: 0.0049242 seconds, Stopping threads took: 0.0000244 seconds
75.708: [GC (Allocation Failure)  871952K->553544K(1033216K), 0.0046855 secs]
75.713: Total time for which application threads were stopped: 0.0048439 seconds, Stopping threads took: 0.0000257 seconds
75.778: [GC (Allocation Failure)  872008K->561515K(1033216K), 0.0048531 secs]
75.783: Total time for which application threads were stopped: 0.0050224 seconds, Stopping threads took: 0.0000281 seconds
75.851: [GC (Allocation Failure)  879979K->561515K(1033216K), 0.0045614 secs]
75.855: Total time for which application threads were stopped: 0.0047314 seconds, Stopping threads took: 0.0000205 seconds
75.922: [GC (Allocation Failure)  879979K->561835K(1033216K), 0.0048065 secs]
75.927: Total time for which application threads were stopped: 0.0050122 seconds, Stopping threads took: 0.0000453 seconds
75.992: [GC (Allocation Failure)  880299K->569549K(1033216K), 0.0048489 secs]
75.997: Total time for which application threads were stopped: 0.0050397 seconds, Stopping threads took: 0.0000193 seconds
76.064: [GC (Allocation Failure)  888013K->569549K(1033216K), 0.0046809 secs]
76.069: Total time for which application threads were stopped: 0.0048384 seconds, Stopping threads took: 0.0000255 seconds
76.134: [GC (Allocation Failure)  888013K->570053K(1033216K), 0.0046783 secs]
76.139: Total time for which application threads were stopped: 0.0048381 seconds, Stopping threads took: 0.0000194 seconds
76.206: [GC (Allocation Failure)  888517K->577575K(1033216K), 0.0048362 secs]
76.211: Total time for which application threads were stopped: 0.0050318 seconds, Stopping threads took: 0.0000204 seconds
76.278: [GC (Allocation Failure)  896039K->577607K(1033216K), 0.0048590 secs]
76.283: Total time for which application threads were stopped: 0.0050317 seconds, Stopping threads took: 0.0000170 seconds
76.347: [GC (Allocation Failure)  896071K->577799K(1033216K), 0.0046065 secs]
76.352: Total time for which application threads were stopped: 0.0047663 seconds, Stopping threads took: 0.0000199 seconds
76.418: [GC (Allocation Failure)  896263K->585641K(1033216K), 0.0047263 secs]
76.423: Total time for which application threads were stopped: 0.0049162 seconds, Stopping threads took: 0.0000204 seconds
76.491: [GC (Allocation Failure)  904105K->581703K(1033728K), 0.0037378 secs]
76.494: Total time for which application threads were stopped: 0.0038932 seconds, Stopping threads took: 0.0000164 seconds
76.562: [GC (Allocation Failure)  900679K->585769K(1033216K), 0.0047490 secs]
76.567: Total time for which application threads were stopped: 0.0049146 seconds, Stopping threads took: 0.0000264 seconds
76.633: [GC (Allocation Failure)  904745K->589769K(1033728K), 0.0047370 secs]
76.638: Total time for which application threads were stopped: 0.0049038 seconds, Stopping threads took: 0.0000251 seconds
76.705: [GC (Allocation Failure)  910281K->597263K(1034240K), 0.0082969 secs]
76.713: Total time for which application threads were stopped: 0.0084745 seconds, Stopping threads took: 0.0000193 seconds
76.783: [GC (Allocation Failure)  917775K->591025K(1029120K), 0.0049508 secs]
76.788: Total time for which application threads were stopped: 0.0051422 seconds, Stopping threads took: 0.0000193 seconds
76.855: [GC (Allocation Failure)  906417K->590993K(1031680K), 0.0047576 secs]
76.860: Total time for which application threads were stopped: 0.0049174 seconds, Stopping threads took: 0.0000192 seconds
76.924: [GC (Allocation Failure)  906385K->586479K(1032704K), 0.0031038 secs]
76.927: Total time for which application threads were stopped: 0.0032730 seconds, Stopping threads took: 0.0000185 seconds
76.996: [GC (Allocation Failure)  903407K->591249K(1032192K), 0.0045636 secs]
77.001: Total time for which application threads were stopped: 0.0047212 seconds, Stopping threads took: 0.0000189 seconds
77.068: [GC (Allocation Failure)  908177K->591025K(1033216K), 0.0048429 secs]
77.073: Total time for which application threads were stopped: 0.0050070 seconds, Stopping threads took: 0.0000272 seconds
77.139: [GC (Allocation Failure)  909489K->591625K(1033216K), 0.0048825 secs]
77.144: Total time for which application threads were stopped: 0.0050426 seconds, Stopping threads took: 0.0000197 seconds
77.211: [GC (Allocation Failure)  910089K->599084K(1033216K), 0.0049694 secs]
77.216: Total time for which application threads were stopped: 0.0051258 seconds, Stopping threads took: 0.0000194 seconds
77.282: [GC (Allocation Failure)  917548K->598988K(1033216K), 0.0047992 secs]
77.287: Total time for which application threads were stopped: 0.0049815 seconds, Stopping threads took: 0.0000200 seconds
77.353: [GC (Allocation Failure)  917452K->599876K(1032704K), 0.0051790 secs]
77.358: Total time for which application threads were stopped: 0.0053544 seconds, Stopping threads took: 0.0000202 seconds
77.428: [GC (Allocation Failure)  918340K->607206K(1033216K), 0.0050930 secs]
77.433: Total time for which application threads were stopped: 0.0052769 seconds, Stopping threads took: 0.0000219 seconds
77.500: [GC (Allocation Failure)  925670K->607078K(1033728K), 0.0056656 secs]
77.506: Total time for which application threads were stopped: 0.0058316 seconds, Stopping threads took: 0.0000197 seconds
77.574: [GC (Allocation Failure)  926054K->608614K(1033216K), 0.0049819 secs]
77.580: Total time for which application threads were stopped: 0.0051441 seconds, Stopping threads took: 0.0000267 seconds
77.648: [GC (Allocation Failure)  927590K->615144K(1033728K), 0.0046294 secs]
77.653: Total time for which application threads were stopped: 0.0047990 seconds, Stopping threads took: 0.0000193 seconds
77.720: [GC (Allocation Failure)  934632K->615080K(1033728K), 0.0049189 secs]
77.725: Total time for which application threads were stopped: 0.0050877 seconds, Stopping threads took: 0.0000192 seconds
77.792: [GC (Allocation Failure)  934568K->615304K(1033728K), 0.0049528 secs]
77.797: Total time for which application threads were stopped: 0.0051230 seconds, Stopping threads took: 0.0000196 seconds
77.863: [GC (Allocation Failure)  934792K->623146K(1033728K), 0.0048083 secs]
77.868: Total time for which application threads were stopped: 0.0049664 seconds, Stopping threads took: 0.0000198 seconds
77.933: [GC (Allocation Failure)  942634K->623082K(1033728K), 0.0049136 secs]
77.938: Total time for which application threads were stopped: 0.0050779 seconds, Stopping threads took: 0.0000190 seconds
78.003: [GC (Allocation Failure)  942570K->623562K(1033728K), 0.0049090 secs]
78.008: Total time for which application threads were stopped: 0.0050705 seconds, Stopping threads took: 0.0000204 seconds
78.076: [GC (Allocation Failure)  943050K->631149K(1033728K), 0.0048100 secs]
78.081: Total time for which application threads were stopped: 0.0049761 seconds, Stopping threads took: 0.0000193 seconds
78.147: [GC (Allocation Failure)  950637K->631181K(1033728K), 0.0048453 secs]
78.152: Total time for which application threads were stopped: 0.0050018 seconds, Stopping threads took: 0.0000185 seconds
78.218: [GC (Allocation Failure)  950669K->631789K(1033728K), 0.0051019 secs]
78.223: Total time for which application threads were stopped: 0.0052672 seconds, Stopping threads took: 0.0000194 seconds
78.289: [GC (Allocation Failure)  951277K->639215K(1033728K), 0.0050520 secs]
78.294: Total time for which application threads were stopped: 0.0052454 seconds, Stopping threads took: 0.0000187 seconds
78.360: [GC (Allocation Failure)  958703K->639215K(1033728K), 0.0065271 secs]
78.366: Total time for which application threads were stopped: 0.0066853 seconds, Stopping threads took: 0.0000185 seconds
78.434: [GC (Allocation Failure)  958703K->641063K(1033728K), 0.0052091 secs]
78.439: Total time for which application threads were stopped: 0.0053693 seconds, Stopping threads took: 0.0000198 seconds
78.508: [GC (Allocation Failure)  960551K->647241K(1033728K), 0.0071034 secs]
78.515: Total time for which application threads were stopped: 0.0072915 seconds, Stopping threads took: 0.0000159 seconds
78.581: [GC (Allocation Failure)  966729K->647241K(1033728K), 0.0047891 secs]
78.586: Total time for which application threads were stopped: 0.0049549 seconds, Stopping threads took: 0.0000274 seconds
78.653: [GC (Allocation Failure)  966729K->648233K(1033728K), 0.0049623 secs]
78.658: Total time for which application threads were stopped: 0.0051235 seconds, Stopping threads took: 0.0000194 seconds
78.727: [GC (Allocation Failure)  967721K->655308K(1033728K), 0.0051234 secs]
78.733: Total time for which application threads were stopped: 0.0053118 seconds, Stopping threads took: 0.0000191 seconds
78.799: [GC (Allocation Failure)  974796K->655244K(1033728K), 0.0051612 secs]
78.805: Total time for which application threads were stopped: 0.0053184 seconds, Stopping threads took: 0.0000166 seconds
78.871: [GC (Allocation Failure)  974732K->655460K(1033728K), 0.0050767 secs]
78.877: Total time for which application threads were stopped: 0.0052468 seconds, Stopping threads took: 0.0000170 seconds
78.944: [GC (Allocation Failure)  974948K->663302K(1033728K), 0.0049108 secs]
78.949: Total time for which application threads were stopped: 0.0051028 seconds, Stopping threads took: 0.0000194 seconds
79.017: [GC (Allocation Failure)  982790K->663270K(1033728K), 0.0047643 secs]
79.021: Total time for which application threads were stopped: 0.0049330 seconds, Stopping threads took: 0.0000191 seconds
79.089: [GC (Allocation Failure)  982758K->663726K(1033728K), 0.0051156 secs]
79.094: Total time for which application threads were stopped: 0.0052923 seconds, Stopping threads took: 0.0000255 seconds
79.160: [GC (Allocation Failure)  983214K->671344K(1033728K), 0.0050717 secs]
79.165: Total time for which application threads were stopped: 0.0052457 seconds, Stopping threads took: 0.0000197 seconds
79.231: [GC (Allocation Failure)  990832K->671280K(1033728K), 0.0050812 secs]
79.236: Total time for which application threads were stopped: 0.0052764 seconds, Stopping threads took: 0.0000200 seconds
79.305: [GC (Allocation Failure)  990768K->671944K(1033728K), 0.0048490 secs]
79.310: Total time for which application threads were stopped: 0.0050238 seconds, Stopping threads took: 0.0000192 seconds
79.377: [GC (Allocation Failure)  991432K->679402K(1033728K), 0.0049981 secs]
79.382: Total time for which application threads were stopped: 0.0051894 seconds, Stopping threads took: 0.0000201 seconds
79.448: [GC (Allocation Failure)  998890K->679338K(1033728K), 0.0048664 secs]
79.453: Total time for which application threads were stopped: 0.0050375 seconds, Stopping threads took: 0.0000222 seconds
79.520: [GC (Allocation Failure)  998826K->680098K(1033728K), 0.0066534 secs]
79.527: Total time for which application threads were stopped: 0.0068093 seconds, Stopping threads took: 0.0000249 seconds
79.594: [GC (Allocation Failure)  999586K->687365K(1033728K), 0.0051576 secs]
79.600: Total time for which application threads were stopped: 0.0053225 seconds, Stopping threads took: 0.0000262 seconds
79.665: [GC (Allocation Failure)  1006853K->687333K(1033728K), 0.0051496 secs]
79.670: Total time for which application threads were stopped: 0.0053158 seconds, Stopping threads took: 0.0000210 seconds
79.737: [GC (Allocation Failure)  1006821K->688397K(1033728K), 0.0051277 secs]
79.742: [Full GC (Ergonomics)  688397K->9453K(1033728K), 0.0145223 secs]
79.757: Total time for which application threads were stopped: 0.0199732 seconds, Stopping threads took: 0.0000204 seconds
79.825: [GC (Allocation Failure)  328941K->17616K(1033728K), 0.0037072 secs]
79.828: Total time for which application threads were stopped: 0.0038686 seconds, Stopping threads took: 0.0000170 seconds
79.896: [GC (Allocation Failure)  337104K->17584K(1033728K), 0.0036958 secs]
79.900: Total time for which application threads were stopped: 0.0038633 seconds, Stopping threads took: 0.0000197 seconds
79.968: [GC (Allocation Failure)  337072K->17768K(1032704K), 0.0037910 secs]
79.972: Total time for which application threads were stopped: 0.0039603 seconds, Stopping threads took: 0.0000188 seconds
80.040: [GC (Allocation Failure)  336232K->25610K(1033216K), 0.0038154 secs]
80.044: Total time for which application threads were stopped: 0.0040022 seconds, Stopping threads took: 0.0000198 seconds
80.112: [GC (Allocation Failure)  344074K->25578K(1033216K), 0.0036410 secs]
80.116: Total time for which application threads were stopped: 0.0038158 seconds, Stopping threads took: 0.0000260 seconds
80.181: [GC (Allocation Failure)  344042K->25994K(1033216K), 0.0038203 secs]
80.184: Total time for which application threads were stopped: 0.0039992 seconds, Stopping threads took: 0.0000199 seconds
80.251: [GC (Allocation Failure)  344458K->33644K(1033216K), 0.0036910 secs]
80.255: Total time for which application threads were stopped: 0.0038506 seconds, Stopping threads took: 0.0000203 seconds
80.322: [GC (Allocation Failure)  352108K->33676K(1033216K), 0.0036766 secs]
80.326: Total time for which application threads were stopped: 0.0038688 seconds, Stopping threads took: 0.0000191 seconds
80.392: [GC (Allocation Failure)  352140K->34252K(1033216K), 0.0039512 secs]
80.396: Total time for which application threads were stopped: 0.0041075 seconds, Stopping threads took: 0.0000170 seconds
80.464: [GC (Allocation Failure)  352716K->41710K(1033216K), 0.0038800 secs]
80.468: Total time for which application threads were stopped: 0.0040480 seconds, Stopping threads took: 0.0000197 seconds
80.536: [GC (Allocation Failure)  360174K->41678K(1033216K), 0.0037523 secs]
80.540: Total time for which application threads were stopped: 0.0039120 seconds, Stopping threads took: 0.0000198 seconds
80.608: [GC (Allocation Failure)  360142K->41926K(1033216K), 0.0036544 secs]
80.611: Total time for which application threads were stopped: 0.0038296 seconds, Stopping threads took: 0.0000258 seconds
80.678: [GC (Allocation Failure)  360390K->49705K(1033216K), 0.0037806 secs]
80.682: Total time for which application threads were stopped: 0.0039539 seconds, Stopping threads took: 0.0000252 seconds
80.748: [GC (Allocation Failure)  368169K->49705K(1033216K), 0.0038419 secs]
80.752: Total time for which application threads were stopped: 0.0040124 seconds, Stopping threads took: 0.0000201 seconds
80.816: [GC (Allocation Failure)  368169K->49801K(1033216K), 0.0037577 secs]
80.820: Total time for which application threads were stopped: 0.0039352 seconds, Stopping threads took: 0.0000201 seconds
80.887: [GC (Allocation Failure)  368265K->57739K(1033216K), 0.0037680 secs]
80.891: Total time for which application threads were stopped: 0.0039217 seconds, Stopping threads took: 0.0000164 seconds
80.956: [GC (Allocation Failure)  376203K->57739K(1033216K), 0.0037527 secs]
80.960: Total time for which application threads were stopped: 0.0039233 seconds, Stopping threads took: 0.0000203 seconds
81.024: [GC (Allocation Failure)  376203K->57899K(1033216K), 0.0037603 secs]
81.028: Total time for which application threads were stopped: 0.0039205 seconds, Stopping threads took: 0.0000202 seconds
81.095: [GC (Allocation Failure)  376363K->65773K(1033216K), 0.0037757 secs]
81.099: Total time for which application threads were stopped: 0.0039417 seconds, Stopping threads took: 0.0000263 seconds
81.166: [GC (Allocation Failure)  384237K->65805K(1033216K), 0.0037687 secs]
81.170: Total time for which application threads were stopped: 0.0039255 seconds, Stopping threads took: 0.0000191 seconds
81.235: [GC (Allocation Failure)  384269K->66157K(1033216K), 0.0040332 secs]
81.239: Total time for which application threads were stopped: 0.0042001 seconds, Stopping threads took: 0.0000193 seconds
81.305: [GC (Allocation Failure)  384621K->73808K(1033216K), 0.0045294 secs]
81.310: Total time for which application threads were stopped: 0.0046978 seconds, Stopping threads took: 0.0000288 seconds
81.375: [GC (Allocation Failure)  392272K->73840K(1033216K), 0.0036853 secs]
81.379: Total time for which application threads were stopped: 0.0038456 seconds, Stopping threads took: 0.0000194 seconds
81.445: [GC (Allocation Failure)  392304K->73864K(1033216K), 0.0037035 secs]
81.449: Total time for which application threads were stopped: 0.0038635 seconds, Stopping threads took: 0.0000195 seconds
81.515: [GC (Allocation Failure)  392328K->81802K(1033216K), 0.0066191 secs]
81.522: Total time for which application threads were stopped: 0.0068399 seconds, Stopping threads took: 0.0000201 seconds
81.587: [GC (Allocation Failure)  400266K->77928K(1033216K), 0.0025007 secs]
81.589: Total time for which application threads were stopped: 0.0026819 seconds, Stopping threads took: 0.0000265 seconds
81.658: [GC (Allocation Failure)  396392K->81962K(1034752K), 0.0037150 secs]
81.662: Total time for which application threads were stopped: 0.0038979 seconds, Stopping threads took: 0.0000167 seconds
81.731: [GC (Allocation Failure)  402474K->85994K(1033728K), 0.0038976 secs]
81.735: Total time for which application threads were stopped: 0.0040530 seconds, Stopping threads took: 0.0000194 seconds
81.804: [GC (Allocation Failure)  406506K->78152K(1034240K), 0.0007656 secs]
81.804: Total time for which application threads were stopped: 0.0008876 seconds, Stopping threads took: 0.0000191 seconds
81.871: [GC (Allocation Failure)  398664K->86034K(1034240K), 0.0041480 secs]
81.875: Total time for which application threads were stopped: 0.0043329 seconds, Stopping threads took: 0.0000225 seconds
81.942: [GC (Allocation Failure)  406546K->90146K(1033216K), 0.0051649 secs]
81.947: Total time for which application threads were stopped: 0.0053325 seconds, Stopping threads took: 0.0000226 seconds
82.015: [GC (Allocation Failure)  409634K->95872K(1032704K), 0.0060415 secs]
82.021: Total time for which application threads were stopped: 0.0062133 seconds, Stopping threads took: 0.0000195 seconds
82.090: [GC (Allocation Failure)  415360K->90402K(1031680K), 0.0039340 secs]
82.094: Total time for which application threads were stopped: 0.0041468 seconds, Stopping threads took: 0.0000265 seconds
82.162: [GC (Allocation Failure)  406818K->90114K(1032192K), 0.0039027 secs]
82.166: Total time for which application threads were stopped: 0.0040522 seconds, Stopping threads took: 0.0000166 seconds
82.234: [GC (Allocation Failure)  406530K->84768K(1032704K), 0.0017700 secs]
82.236: Total time for which application threads were stopped: 0.0019306 seconds, Stopping threads took: 0.0000198 seconds
82.303: [GC (Allocation Failure)  402208K->90306K(1032704K), 0.0040356 secs]
82.307: Total time for which application threads were stopped: 0.0041978 seconds, Stopping threads took: 0.0000196 seconds
82.376: [GC (Allocation Failure)  407746K->90114K(1033216K), 0.0038680 secs]
82.380: Total time for which application threads were stopped: 0.0040313 seconds, Stopping threads took: 0.0000196 seconds
82.447: [GC (Allocation Failure)  408066K->90474K(1032704K), 0.0040063 secs]
82.451: Total time for which application threads were stopped: 0.0041876 seconds, Stopping threads took: 0.0000205 seconds
82.520: [GC (Allocation Failure)  408426K->98284K(1033216K), 0.0044394 secs]
82.524: Total time for which application threads were stopped: 0.0045962 seconds, Stopping threads took: 0.0000253 seconds
82.591: [GC (Allocation Failure)  416748K->98156K(1033216K), 0.0035730 secs]
82.595: Total time for which application threads were stopped: 0.0037141 seconds, Stopping threads took: 0.0000175 seconds
82.661: [GC (Allocation Failure)  416620K->102316K(1033728K), 0.0046758 secs]
82.666: Total time for which application threads were stopped: 0.0048643 seconds, Stopping threads took: 0.0000254 seconds
82.733: [GC (Allocation Failure)  421292K->106254K(1033216K), 0.0037793 secs]
82.737: Total time for which application threads were stopped: 0.0039635 seconds, Stopping threads took: 0.0000227 seconds
82.804: [GC (Allocation Failure)  425230K->106190K(1034240K), 0.0039110 secs]
82.808: Total time for which application threads were stopped: 0.0040768 seconds, Stopping threads took: 0.0000193 seconds
82.875: [GC (Allocation Failure)  426190K->108998K(1033728K), 0.0045017 secs]
82.880: Total time for which application threads were stopped: 0.0046627 seconds, Stopping threads took: 0.0000204 seconds
82.947: [GC (Allocation Failure)  428998K->114249K(1034240K), 0.0038679 secs]
82.951: Total time for which application threads were stopped: 0.0040303 seconds, Stopping threads took: 0.0000197 seconds
83.020: [GC (Allocation Failure)  434761K->114249K(1034240K), 0.0037022 secs]
83.023: Total time for which application threads were stopped: 0.0038725 seconds, Stopping threads took: 0.0000192 seconds
83.093: [GC (Allocation Failure)  434761K->114665K(1034240K), 0.0038225 secs]
83.097: Total time for which application threads were stopped: 0.0039824 seconds, Stopping threads took: 0.0000196 seconds
83.165: [GC (Allocation Failure)  435177K->122283K(1034240K), 0.0039853 secs]
83.169: Total time for which application threads were stopped: 0.0041621 seconds, Stopping threads took: 0.0000263 seconds
83.237: [GC (Allocation Failure)  442795K->122251K(1034240K), 0.0038729 secs]
83.241: Total time for which application threads were stopped: 0.0040443 seconds, Stopping threads took: 0.0000196 seconds
83.310: [GC (Allocation Failure)  442763K->124939K(1034240K), 0.0042432 secs]
83.315: Total time for which application threads were stopped: 0.0044060 seconds, Stopping threads took: 0.0000204 seconds
83.383: [GC (Allocation Failure)  445451K->130317K(1034240K), 0.0038543 secs]
83.387: Total time for which application threads were stopped: 0.0040167 seconds, Stopping threads took: 0.0000204 seconds
83.455: [GC (Allocation Failure)  450829K->130285K(1034240K), 0.0040170 secs]
83.459: Total time for which application threads were stopped: 0.0041966 seconds, Stopping threads took: 0.0000199 seconds
83.529: [GC (Allocation Failure)  450797K->131117K(1033728K), 0.0039209 secs]
83.533: Total time for which application threads were stopped: 0.0041062 seconds, Stopping threads took: 0.0000171 seconds
83.603: [GC (Allocation Failure)  451629K->138447K(1034240K), 0.0037953 secs]
83.607: Total time for which application threads were stopped: 0.0039535 seconds, Stopping threads took: 0.0000267 seconds
83.675: [GC (Allocation Failure)  458959K->138319K(1034240K), 0.0039386 secs]
83.679: Total time for which application threads were stopped: 0.0041309 seconds, Stopping threads took: 0.0000203 seconds
83.747: [GC (Allocation Failure)  458831K->141383K(1034240K), 0.0045524 secs]
83.751: Total time for which application threads were stopped: 0.0047151 seconds, Stopping threads took: 0.0000186 seconds
83.819: [GC (Allocation Failure)  461895K->146442K(1034752K), 0.0038786 secs]
83.823: Total time for which application threads were stopped: 0.0040481 seconds, Stopping threads took: 0.0000196 seconds
83.891: [GC (Allocation Failure)  467978K->146346K(1034752K), 0.0038231 secs]
83.894: Total time for which application threads were stopped: 0.0039947 seconds, Stopping threads took: 0.0000189 seconds
83.961: [GC (Allocation Failure)  467882K->149642K(1034752K), 0.0045785 secs]
83.966: Total time for which application threads were stopped: 0.0047666 seconds, Stopping threads took: 0.0000186 seconds
84.034: [GC (Allocation Failure)  471178K->154380K(1034752K), 0.0041945 secs]
84.038: Total time for which application threads were stopped: 0.0043702 seconds, Stopping threads took: 0.0000199 seconds
84.106: [GC (Allocation Failure)  475916K->154380K(1034752K), 0.0039770 secs]
84.110: Total time for which application threads were stopped: 0.0041526 seconds, Stopping threads took: 0.0000268 seconds
84.175: [GC (Allocation Failure)  475916K->154796K(1034752K), 0.0066991 secs]
84.182: Total time for which application threads were stopped: 0.0068759 seconds, Stopping threads took: 0.0000218 seconds
84.251: [GC (Allocation Failure)  476332K->162446K(1034752K), 0.0040829 secs]
84.255: Total time for which application threads were stopped: 0.0042498 seconds, Stopping threads took: 0.0000189 seconds
84.324: [GC (Allocation Failure)  483982K->162414K(1034752K), 0.0040866 secs]
84.328: Total time for which application threads were stopped: 0.0042652 seconds, Stopping threads took: 0.0000183 seconds
84.395: [GC (Allocation Failure)  483950K->164078K(1034752K), 0.0040882 secs]
84.399: Total time for which application threads were stopped: 0.0042729 seconds, Stopping threads took: 0.0000259 seconds
84.467: [GC (Allocation Failure)  485614K->170512K(1029120K), 0.0040065 secs]
84.472: Total time for which application threads were stopped: 0.0042016 seconds, Stopping threads took: 0.0000205 seconds
84.541: [GC (Allocation Failure)  492048K->170448K(1034240K), 0.0040000 secs]
84.545: Total time for which application threads were stopped: 0.0041703 seconds, Stopping threads took: 0.0000203 seconds
84.612: [GC (Allocation Failure)  490960K->172296K(1034240K), 0.0039829 secs]
84.616: Total time for which application threads were stopped: 0.0041578 seconds, Stopping threads took: 0.0000262 seconds
84.685: [GC (Allocation Failure)  492808K->178571K(1033728K), 0.0039657 secs]
84.689: Total time for which application threads were stopped: 0.0041315 seconds, Stopping threads took: 0.0000204 seconds
84.758: [GC (Allocation Failure)  499083K->178507K(1034240K), 0.0038383 secs]
84.761: Total time for which application threads were stopped: 0.0039996 seconds, Stopping threads took: 0.0000199 seconds
84.830: [GC (Allocation Failure)  499019K->182571K(1034752K), 0.0049973 secs]
84.835: Total time for which application threads were stopped: 0.0051538 seconds, Stopping threads took: 0.0000168 seconds
84.902: [GC (Allocation Failure)  503595K->186573K(1034240K), 0.0039205 secs]
84.906: Total time for which application threads were stopped: 0.0040792 seconds, Stopping threads took: 0.0000195 seconds
84.973: [GC (Allocation Failure)  507597K->186541K(1034752K), 0.0040405 secs]
84.977: Total time for which application threads were stopped: 0.0042183 seconds, Stopping threads took: 0.0000199 seconds
85.044: [GC (Allocation Failure)  508077K->186701K(1034752K), 0.0047700 secs]
85.049: Total time for which application threads were stopped: 0.0049410 seconds, Stopping threads took: 0.0000195 seconds
85.119: [GC (Allocation Failure)  508237K->194543K(1033728K), 0.0042373 secs]
85.124: Total time for which application threads were stopped: 0.0044093 seconds, Stopping threads took: 0.0000205 seconds
85.193: [GC (Allocation Failure)  515055K->194543K(1034240K), 0.0040570 secs]
85.197: Total time for which application threads were stopped: 0.0042058 seconds, Stopping threads took: 0.0000165 seconds
85.265: [GC (Allocation Failure)  515055K->198023K(1034752K), 0.0047668 secs]
85.270: Total time for which application threads were stopped: 0.0049285 seconds, Stopping threads took: 0.0000169 seconds
85.339: [GC (Allocation Failure)  519559K->202666K(1034752K), 0.0040331 secs]
85.343: Total time for which application threads were stopped: 0.0042017 seconds, Stopping threads took: 0.0000213 seconds
85.410: [GC (Allocation Failure)  524202K->202570K(1034752K), 0.0040833 secs]
85.414: Total time for which application threads were stopped: 0.0042565 seconds, Stopping threads took: 0.0000203 seconds
85.481: [GC (Allocation Failure)  524106K->203178K(1034752K), 0.0041842 secs]
85.485: Total time for which application threads were stopped: 0.0043657 seconds, Stopping threads took: 0.0000193 seconds
85.554: [GC (Allocation Failure)  524714K->210604K(1033728K), 0.0042071 secs]
85.558: Total time for which application threads were stopped: 0.0043586 seconds, Stopping threads took: 0.0000174 seconds
85.626: [GC (Allocation Failure)  531116K->210636K(1034240K), 0.0039498 secs]
85.630: Total time for which application threads were stopped: 0.0041210 seconds, Stopping threads took: 0.0000264 seconds
85.698: [GC (Allocation Failure)  531148K->214500K(1034752K), 0.0050517 secs]
85.704: Total time for which application threads were stopped: 0.0052263 seconds, Stopping threads took: 0.0000247 seconds
85.772: [GC (Allocation Failure)  536036K->218726K(1034752K), 0.0039484 secs]
85.776: Total time for which application threads were stopped: 0.0041102 seconds, Stopping threads took: 0.0000200 seconds
85.842: [GC (Allocation Failure)  540262K->218662K(1034752K), 0.0040930 secs]
85.847: Total time for which application threads were stopped: 0.0042574 seconds, Stopping threads took: 0.0000203 seconds
85.912: [GC (Allocation Failure)  540198K->219654K(1034752K), 0.0042541 secs]
85.916: Total time for which application threads were stopped: 0.0044493 seconds, Stopping threads took: 0.0000203 seconds
85.986: [GC (Allocation Failure)  541190K->226696K(1034752K), 0.0039635 secs]
85.990: Total time for which application threads were stopped: 0.0041211 seconds, Stopping threads took: 0.0000178 seconds
86.057: [GC (Allocation Failure)  548232K->226696K(1034752K), 0.0042713 secs]
86.061: Total time for which application threads were stopped: 0.0044406 seconds, Stopping threads took: 0.0000195 seconds
86.127: [GC (Allocation Failure)  548232K->228904K(1034752K), 0.0044068 secs]
86.131: Total time for which application threads were stopped: 0.0046045 seconds, Stopping threads took: 0.0000254 seconds
86.199: [GC (Allocation Failure)  550440K->234699K(1034752K), 0.0041003 secs]
86.203: Total time for which application threads were stopped: 0.0042812 seconds, Stopping threads took: 0.0000167 seconds
86.271: [GC (Allocation Failure)  556235K->234699K(1034752K), 0.0040406 secs]
86.275: Total time for which application threads were stopped: 0.0042189 seconds, Stopping threads took: 0.0000280 seconds
86.340: [GC (Allocation Failure)  556235K->238155K(1034752K), 0.0050295 secs]
86.345: Total time for which application threads were stopped: 0.0051882 seconds, Stopping threads took: 0.0000195 seconds
86.411: [GC (Allocation Failure)  559691K->242797K(1034752K), 0.0043361 secs]
86.415: Total time for which application threads were stopped: 0.0045077 seconds, Stopping threads took: 0.0000206 seconds
86.481: [GC (Allocation Failure)  564333K->242765K(1034752K), 0.0042415 secs]
86.485: Total time for which application threads were stopped: 0.0044104 seconds, Stopping threads took: 0.0000204 seconds
86.551: [GC (Allocation Failure)  564301K->243341K(1034752K), 0.0040783 secs]
86.556: Total time for which application threads were stopped: 0.0042868 seconds, Stopping threads took: 0.0000239 seconds
86.626: [GC (Allocation Failure)  564877K->250863K(1034752K), 0.0042094 secs]
86.631: Total time for which application threads were stopped: 0.0043821 seconds, Stopping threads took: 0.0000258 seconds
86.698: [GC (Allocation Failure)  572399K->250767K(1034752K), 0.0041633 secs]
86.702: Total time for which application threads were stopped: 0.0043363 seconds, Stopping threads took: 0.0000265 seconds
86.767: [GC (Allocation Failure)  572303K->252583K(1034752K), 0.0042362 secs]
86.772: Total time for which application threads were stopped: 0.0044313 seconds, Stopping threads took: 0.0000209 seconds
86.842: [GC (Allocation Failure)  574119K->258857K(1034752K), 0.0041993 secs]
86.847: Total time for which application threads were stopped: 0.0043772 seconds, Stopping threads took: 0.0000194 seconds
86.914: [GC (Allocation Failure)  580393K->258793K(1034752K), 0.0041424 secs]
86.918: Total time for which application threads were stopped: 0.0043526 seconds, Stopping threads took: 0.0000203 seconds
86.985: [GC (Allocation Failure)  580329K->261865K(1034752K), 0.0048281 secs]
86.990: Total time for which application threads were stopped: 0.0049875 seconds, Stopping threads took: 0.0000192 seconds
87.060: [GC (Allocation Failure)  583401K->266860K(1034752K), 0.0042063 secs]
87.065: Total time for which application threads were stopped: 0.0043617 seconds, Stopping threads took: 0.0000193 seconds
87.133: [GC (Allocation Failure)  588396K->266860K(1034752K), 0.0042549 secs]
87.137: Total time for which application threads were stopped: 0.0044234 seconds, Stopping threads took: 0.0000273 seconds
87.202: [GC (Allocation Failure)  588396K->266988K(1021440K), 0.0042968 secs]
87.206: Total time for which application threads were stopped: 0.0044619 seconds, Stopping threads took: 0.0000187 seconds
87.272: [GC (Allocation Failure)  588524K->274862K(1034240K), 0.0043167 secs]
87.277: Total time for which application threads were stopped: 0.0045083 seconds, Stopping threads took: 0.0000192 seconds
87.345: [GC (Allocation Failure)  595374K->274862K(1034240K), 0.0039584 secs]
87.349: Total time for which application threads were stopped: 0.0041147 seconds, Stopping threads took: 0.0000165 seconds
87.416: [GC (Allocation Failure)  595374K->278342K(1034752K), 0.0049437 secs]
87.421: Total time for which application threads were stopped: 0.0051223 seconds, Stopping threads took: 0.0000276 seconds
87.488: [GC (Allocation Failure)  599366K->282952K(1034240K), 0.0042502 secs]
87.492: Total time for which application threads were stopped: 0.0044428 seconds, Stopping threads took: 0.0000200 seconds
87.562: [GC (Allocation Failure)  603976K->282888K(1034752K), 0.0044031 secs]
87.566: Total time for which application threads were stopped: 0.0045769 seconds, Stopping threads took: 0.0000200 seconds
87.635: [GC (Allocation Failure)  604424K->286536K(1034752K), 0.0048738 secs]
87.639: Total time for which application threads were stopped: 0.0050535 seconds, Stopping threads took: 0.0000262 seconds
87.708: [GC (Allocation Failure)  608072K->291018K(1034752K), 0.0042738 secs]
87.712: Total time for which application threads were stopped: 0.0044640 seconds, Stopping threads took: 0.0000207 seconds
87.779: [GC (Allocation Failure)  612554K->290922K(1034752K), 0.0044157 secs]
87.783: Total time for which application threads were stopped: 0.0045869 seconds, Stopping threads took: 0.0000202 seconds
87.848: [GC (Allocation Failure)  612458K->291722K(1034752K), 0.0043007 secs]
87.853: Total time for which application threads were stopped: 0.0044652 seconds, Stopping threads took: 0.0000194 seconds
87.919: [GC (Allocation Failure)  613258K->299021K(1034752K), 0.0041461 secs]
87.923: Total time for which application threads were stopped: 0.0043164 seconds, Stopping threads took: 0.0000199 seconds
87.991: [GC (Allocation Failure)  620557K->298957K(1034752K), 0.0044046 secs]
87.995: Total time for which application threads were stopped: 0.0045722 seconds, Stopping threads took: 0.0000194 seconds
88.060: [GC (Allocation Failure)  620493K->300933K(1034752K), 0.0066227 secs]
88.067: Total time for which application threads were stopped: 0.0067916 seconds, Stopping threads took: 0.0000191 seconds
88.134: [GC (Allocation Failure)  622469K->307015K(1034752K), 0.0042531 secs]
88.138: Total time for which application threads were stopped: 0.0044207 seconds, Stopping threads took: 0.0000280 seconds
88.208: [GC (Allocation Failure)  628551K->306983K(1034752K), 0.0043287 secs]
88.212: Total time for which application threads were stopped: 0.0044968 seconds, Stopping threads took: 0.0000189 seconds
88.279: [GC (Allocation Failure)  628519K->310215K(1034752K), 0.0049095 secs]
88.284: Total time for which application threads were stopped: 0.0050763 seconds, Stopping threads took: 0.0000274 seconds
88.351: [GC (Allocation Failure)  631751K->315017K(1034752K), 0.0040762 secs]
88.356: Total time for which application threads were stopped: 0.0042553 seconds, Stopping threads took: 0.0000200 seconds
88.424: [GC (Allocation Failure)  636553K->315049K(1034752K), 0.0042394 secs]
88.428: Total time for which application threads were stopped: 0.0044076 seconds, Stopping threads took: 0.0000200 seconds
88.493: [GC (Allocation Failure)  636585K->315369K(1034752K), 0.0044320 secs]
88.498: Total time for which application threads were stopped: 0.0045999 seconds, Stopping threads took: 0.0000193 seconds
88.567: [GC (Allocation Failure)  636905K->323083K(1034752K), 0.0041097 secs]
88.571: Total time for which application threads were stopped: 0.0042726 seconds, Stopping threads took: 0.0000197 seconds
88.638: [GC (Allocation Failure)  644619K->323051K(1034752K), 0.0041991 secs]
88.643: Total time for which application threads were stopped: 0.0043601 seconds, Stopping threads took: 0.0000195 seconds
88.708: [GC (Allocation Failure)  644587K->324651K(1034752K), 0.0045794 secs]
88.712: Total time for which application threads were stopped: 0.0047432 seconds, Stopping threads took: 0.0000187 seconds
88.780: [GC (Allocation Failure)  646187K->331182K(1029120K), 0.0041789 secs]
88.785: Total time for which application threads were stopped: 0.0043759 seconds, Stopping threads took: 0.0000198 seconds
88.853: [GC (Allocation Failure)  652718K->331086K(1034240K), 0.0041974 secs]
88.858: Total time for which application threads were stopped: 0.0043701 seconds, Stopping threads took: 0.0000199 seconds
88.925: [GC (Allocation Failure)  651598K->332878K(1034240K), 0.0044890 secs]
88.930: Total time for which application threads were stopped: 0.0046598 seconds, Stopping threads took: 0.0000203 seconds
88.997: [GC (Allocation Failure)  653390K->339120K(1034240K), 0.0045251 secs]
89.002: Total time for which application threads were stopped: 0.0047242 seconds, Stopping threads took: 0.0000221 seconds
89.069: [GC (Allocation Failure)  659632K->339088K(1034240K), 0.0055446 secs]
89.075: Total time for which application threads were stopped: 0.0057103 seconds, Stopping threads took: 0.0000213 seconds
89.142: [GC (Allocation Failure)  659600K->343144K(1034752K), 0.0053367 secs]
89.147: Total time for which application threads were stopped: 0.0055053 seconds, Stopping threads took: 0.0000199 seconds
89.214: [GC (Allocation Failure)  664168K->347146K(1034240K), 0.0041548 secs]
89.218: Total time for which application threads were stopped: 0.0043316 seconds, Stopping threads took: 0.0000201 seconds
89.285: [GC (Allocation Failure)  668170K->347146K(1034752K), 0.0044057 secs]
89.290: Total time for which application threads were stopped: 0.0045671 seconds, Stopping threads took: 0.0000186 seconds
89.357: [GC (Allocation Failure)  668682K->347274K(1034752K), 0.0042908 secs]
89.361: Total time for which application threads were stopped: 0.0044469 seconds, Stopping threads took: 0.0000188 seconds
89.430: [GC (Allocation Failure)  668810K->355245K(1033728K), 0.0041234 secs]
89.435: Total time for which application threads were stopped: 0.0042819 seconds, Stopping threads took: 0.0000168 seconds
89.504: [GC (Allocation Failure)  675757K->355181K(1034240K), 0.0051597 secs]
89.509: Total time for which application threads were stopped: 0.0053128 seconds, Stopping threads took: 0.0000227 seconds
89.578: [GC (Allocation Failure)  675693K->358605K(1034752K), 0.0050364 secs]
89.583: Total time for which application threads were stopped: 0.0052018 seconds, Stopping threads took: 0.0000264 seconds
89.651: [GC (Allocation Failure)  679629K->363343K(1034240K), 0.0043666 secs]
89.655: Total time for which application threads were stopped: 0.0045353 seconds, Stopping threads took: 0.0000207 seconds
89.722: [GC (Allocation Failure)  684367K->363247K(1034752K), 0.0049131 secs]
89.727: Total time for which application threads were stopped: 0.0050733 seconds, Stopping threads took: 0.0000196 seconds
89.795: [GC (Allocation Failure)  684783K->366823K(1034752K), 0.0053026 secs]
89.800: Total time for which application threads were stopped: 0.0054940 seconds, Stopping threads took: 0.0000189 seconds
89.870: [GC (Allocation Failure)  688359K->371305K(1034752K), 0.0043577 secs]
89.874: Total time for which application threads were stopped: 0.0045184 seconds, Stopping threads took: 0.0000192 seconds
89.942: [GC (Allocation Failure)  692841K->371241K(1034752K), 0.0045781 secs]
89.946: Total time for which application threads were stopped: 0.0047556 seconds, Stopping threads took: 0.0000196 seconds
90.011: [GC (Allocation Failure)  692777K->371977K(1034240K), 0.0043599 secs]
90.016: Total time for which application threads were stopped: 0.0045376 seconds, Stopping threads took: 0.0000199 seconds
90.086: [GC (Allocation Failure)  693513K->379275K(1034752K), 0.0043592 secs]
90.090: Total time for which application threads were stopped: 0.0045398 seconds, Stopping threads took: 0.0000195 seconds
90.157: [GC (Allocation Failure)  700811K->379275K(1034752K), 0.0044044 secs]
90.162: Total time for which application threads were stopped: 0.0045827 seconds, Stopping threads took: 0.0000198 seconds
90.227: [GC (Allocation Failure)  700811K->381251K(1034752K), 0.0047076 secs]
90.231: Total time for which application threads were stopped: 0.0048719 seconds, Stopping threads took: 0.0000198 seconds
90.300: [GC (Allocation Failure)  702787K->387334K(1034752K), 0.0051632 secs]
90.305: Total time for which application threads were stopped: 0.0053241 seconds, Stopping threads took: 0.0000198 seconds
90.371: [GC (Allocation Failure)  708870K->387302K(1034752K), 0.0044281 secs]
90.375: Total time for which application threads were stopped: 0.0045897 seconds, Stopping threads took: 0.0000197 seconds
90.440: [GC (Allocation Failure)  708838K->390510K(1034752K), 0.0049539 secs]
90.445: Total time for which application threads were stopped: 0.0051133 seconds, Stopping threads took: 0.0000193 seconds
90.512: [GC (Allocation Failure)  712046K->395344K(1034752K), 0.0070622 secs]
90.519: Total time for which application threads were stopped: 0.0072669 seconds, Stopping threads took: 0.0000275 seconds
90.585: [GC (Allocation Failure)  716880K->395376K(1034752K), 0.0042197 secs]
90.589: Total time for which application threads were stopped: 0.0043872 seconds, Stopping threads took: 0.0000264 seconds
90.654: [GC (Allocation Failure)  716912K->395656K(1034752K), 0.0043348 secs]
90.659: Total time for which application threads were stopped: 0.0045027 seconds, Stopping threads took: 0.0000213 seconds
90.725: [GC (Allocation Failure)  717192K->403498K(1033728K), 0.0045266 secs]
90.729: Total time for which application threads were stopped: 0.0046953 seconds, Stopping threads took: 0.0000194 seconds
90.796: [GC (Allocation Failure)  724010K->403370K(1034240K), 0.0043872 secs]
90.801: Total time for which application threads were stopped: 0.0045654 seconds, Stopping threads took: 0.0000200 seconds
90.867: [GC (Allocation Failure)  723882K->406954K(1034752K), 0.0052465 secs]
90.873: Total time for which application threads were stopped: 0.0054184 seconds, Stopping threads took: 0.0000196 seconds
90.941: [GC (Allocation Failure)  728490K->411500K(1034752K), 0.0043451 secs]
90.945: Total time for which application threads were stopped: 0.0045037 seconds, Stopping threads took: 0.0000195 seconds
91.012: [GC (Allocation Failure)  733036K->411404K(1034752K), 0.0042778 secs]
91.017: Total time for which application threads were stopped: 0.0044360 seconds, Stopping threads took: 0.0000195 seconds
91.084: [GC (Allocation Failure)  732940K->412132K(1034752K), 0.0045698 secs]
91.089: Total time for which application threads were stopped: 0.0047345 seconds, Stopping threads took: 0.0000260 seconds
91.157: [GC (Allocation Failure)  733668K->419495K(1034752K), 0.0043389 secs]
91.161: Total time for which application threads were stopped: 0.0044863 seconds, Stopping threads took: 0.0000194 seconds
91.230: [GC (Allocation Failure)  741031K->419431K(1034752K), 0.0042884 secs]
91.234: Total time for which application threads were stopped: 0.0045123 seconds, Stopping threads took: 0.0000480 seconds
91.303: [GC (Allocation Failure)  740967K->421319K(1034752K), 0.0046382 secs]
91.308: Total time for which application threads were stopped: 0.0048386 seconds, Stopping threads took: 0.0000201 seconds
91.378: [GC (Allocation Failure)  742855K->427497K(1034752K), 0.0044539 secs]
91.383: Total time for which application threads were stopped: 0.0046181 seconds, Stopping threads took: 0.0000206 seconds
91.452: [GC (Allocation Failure)  749033K->427497K(1034752K), 0.0042981 secs]
91.456: Total time for which application threads were stopped: 0.0044685 seconds, Stopping threads took: 0.0000200 seconds
91.524: [GC (Allocation Failure)  749033K->430569K(1034752K), 0.0068532 secs]
91.531: Total time for which application threads were stopped: 0.0070298 seconds, Stopping threads took: 0.0000139 seconds
91.599: [GC (Allocation Failure)  752105K->435595K(1034752K), 0.0044015 secs]
91.603: Total time for which application threads were stopped: 0.0045595 seconds, Stopping threads took: 0.0000258 seconds
91.671: [GC (Allocation Failure)  757131K->435499K(1034752K), 0.0045020 secs]
91.676: Total time for which application threads were stopped: 0.0046749 seconds, Stopping threads took: 0.0000194 seconds
91.742: [GC (Allocation Failure)  757035K->435755K(1033728K), 0.0046052 secs]
91.747: Total time for which application threads were stopped: 0.0047663 seconds, Stopping threads took: 0.0000202 seconds
91.815: [GC (Allocation Failure)  756267K->443565K(1034240K), 0.0046664 secs]
91.820: Total time for which application threads were stopped: 0.0048328 seconds, Stopping threads took: 0.0000195 seconds
91.887: [GC (Allocation Failure)  764077K->443565K(1034240K), 0.0042511 secs]
91.892: Total time for which application threads were stopped: 0.0044176 seconds, Stopping threads took: 0.0000193 seconds
91.960: [GC (Allocation Failure)  764077K->446021K(1034240K), 0.0049734 secs]
91.965: Total time for which application threads were stopped: 0.0051310 seconds, Stopping threads took: 0.0000189 seconds
92.034: [GC (Allocation Failure)  766533K->451592K(1033728K), 0.0043460 secs]
92.038: Total time for which application threads were stopped: 0.0045141 seconds, Stopping threads took: 0.0000193 seconds
92.106: [GC (Allocation Failure)  772104K->451560K(1034240K), 0.0063909 secs]
92.113: Total time for which application threads were stopped: 0.0065457 seconds, Stopping threads took: 0.0000256 seconds
92.182: [GC (Allocation Failure)  772072K->452200K(1033728K), 0.0046057 secs]
92.186: Total time for which application threads were stopped: 0.0047834 seconds, Stopping threads took: 0.0000203 seconds
92.254: [GC (Allocation Failure)  772712K->459626K(1034240K), 0.0045200 secs]
92.259: Total time for which application threads were stopped: 0.0046832 seconds, Stopping threads took: 0.0000200 seconds
92.327: [GC (Allocation Failure)  780138K->459594K(1034240K), 0.0044124 secs]
92.332: Total time for which application threads were stopped: 0.0046053 seconds, Stopping threads took: 0.0000195 seconds
92.400: [GC (Allocation Failure)  780106K->462474K(1034240K), 0.0051548 secs]
92.405: Total time for which application threads were stopped: 0.0053181 seconds, Stopping threads took: 0.0000185 seconds
92.472: [GC (Allocation Failure)  782986K->467756K(1033728K), 0.0043947 secs]
92.477: Total time for which application threads were stopped: 0.0045634 seconds, Stopping threads took: 0.0000202 seconds
92.545: [GC (Allocation Failure)  788268K->467628K(1034240K), 0.0044260 secs]
92.550: Total time for which application threads were stopped: 0.0045850 seconds, Stopping threads took: 0.0000197 seconds
92.618: [GC (Allocation Failure)  788140K->468644K(1034240K), 0.0046192 secs]
92.623: Total time for which application threads were stopped: 0.0047915 seconds, Stopping threads took: 0.0000283 seconds
92.691: [GC (Allocation Failure)  789156K->475719K(1034240K), 0.0044135 secs]
92.695: Total time for which application threads were stopped: 0.0045784 seconds, Stopping threads took: 0.0000257 seconds
92.763: [GC (Allocation Failure)  796231K->475655K(1034240K), 0.0046520 secs]
92.768: Total time for which application threads were stopped: 0.0048173 seconds, Stopping threads took: 0.0000197 seconds
92.834: [GC (Allocation Failure)  796167K->478951K(1034240K), 0.0051662 secs]
92.840: Total time for which application threads were stopped: 0.0053358 seconds, Stopping threads took: 0.0000202 seconds
92.907: [GC (Allocation Failure)  799463K->483689K(1034752K), 0.0044932 secs]
92.912: Total time for which application threads were stopped: 0.0046581 seconds, Stopping threads took: 0.0000205 seconds
92.979: [GC (Allocation Failure)  805225K->483721K(1034752K), 0.0044390 secs]
92.984: Total time for which application threads were stopped: 0.0046082 seconds, Stopping threads took: 0.0000194 seconds
93.051: [GC (Allocation Failure)  805257K->487177K(1034752K), 0.0052707 secs]
93.057: Total time for which application threads were stopped: 0.0054663 seconds, Stopping threads took: 0.0000195 seconds
93.126: [GC (Allocation Failure)  808713K->491723K(1034752K), 0.0044058 secs]
93.130: Total time for which application threads were stopped: 0.0046016 seconds, Stopping threads took: 0.0000451 seconds
93.197: [GC (Allocation Failure)  813259K->491723K(1034752K), 0.0045697 secs]
93.202: Total time for which application threads were stopped: 0.0047405 seconds, Stopping threads took: 0.0000195 seconds
93.269: [GC (Allocation Failure)  813259K->492363K(1034752K), 0.0050828 secs]
93.274: Total time for which application threads were stopped: 0.0052571 seconds, Stopping threads took: 0.0000191 seconds
93.345: [GC (Allocation Failure)  813899K->499757K(1034752K), 0.0046102 secs]
93.349: Total time for which application threads were stopped: 0.0047808 seconds, Stopping threads took: 0.0000201 seconds
93.417: [GC (Allocation Failure)  821293K->499757K(1034752K), 0.0044765 secs]
93.421: Total time for which application threads were stopped: 0.0046606 seconds, Stopping threads took: 0.0000206 seconds
93.488: [GC (Allocation Failure)  821293K->501613K(1034752K), 0.0048431 secs]
93.492: Total time for which application threads were stopped: 0.0050064 seconds, Stopping threads took: 0.0000201 seconds
93.561: [GC (Allocation Failure)  823149K->507888K(1034752K), 0.0046516 secs]
93.566: Total time for which application threads were stopped: 0.0048096 seconds, Stopping threads took: 0.0000173 seconds
93.634: [GC (Allocation Failure)  829424K->507824K(1034752K), 0.0045632 secs]
93.638: Total time for which application threads were stopped: 0.0047623 seconds, Stopping threads took: 0.0000256 seconds
93.705: [GC (Allocation Failure)  829360K->510856K(1034752K), 0.0050839 secs]
93.710: Total time for which application threads were stopped: 0.0052326 seconds, Stopping threads took: 0.0000166 seconds
93.776: [GC (Allocation Failure)  832392K->515850K(1034752K), 0.0047132 secs]
93.781: Total time for which application threads were stopped: 0.0048817 seconds, Stopping threads took: 0.0000195 seconds
93.847: [GC (Allocation Failure)  837386K->515850K(1034752K), 0.0047007 secs]
93.852: Total time for which application threads were stopped: 0.0048706 seconds, Stopping threads took: 0.0000196 seconds
93.917: [GC (Allocation Failure)  837386K->516042K(1033728K), 0.0048257 secs]
93.922: Total time for which application threads were stopped: 0.0049951 seconds, Stopping threads took: 0.0000196 seconds
93.991: [GC (Allocation Failure)  836554K->523852K(1034240K), 0.0046174 secs]
93.996: Total time for which application threads were stopped: 0.0047883 seconds, Stopping threads took: 0.0000200 seconds
94.064: [GC (Allocation Failure)  844364K->523852K(1034240K), 0.0044999 secs]
94.069: Total time for which application threads were stopped: 0.0046953 seconds, Stopping threads took: 0.0000198 seconds
94.137: [GC (Allocation Failure)  844364K->526308K(1034240K), 0.0048941 secs]
94.142: Total time for which application threads were stopped: 0.0050761 seconds, Stopping threads took: 0.0000256 seconds
94.212: [GC (Allocation Failure)  846820K->531942K(1034752K), 0.0047560 secs]
94.217: Total time for which application threads were stopped: 0.0049517 seconds, Stopping threads took: 0.0000207 seconds
94.285: [GC (Allocation Failure)  853478K->531878K(1034752K), 0.0046747 secs]
94.290: Total time for which application threads were stopped: 0.0048355 seconds, Stopping threads took: 0.0000191 seconds
94.355: [GC (Allocation Failure)  853414K->534534K(1034752K), 0.0050261 secs]
94.360: Total time for which application threads were stopped: 0.0051949 seconds, Stopping threads took: 0.0000193 seconds
94.426: [GC (Allocation Failure)  856070K->539913K(1034752K), 0.0047491 secs]
94.431: Total time for which application threads were stopped: 0.0049439 seconds, Stopping threads took: 0.0000187 seconds
94.496: [GC (Allocation Failure)  861449K->539913K(1034752K), 0.0104783 secs]
94.507: Total time for which application threads were stopped: 0.0106553 seconds, Stopping threads took: 0.0000191 seconds
94.572: [GC (Allocation Failure)  861449K->543817K(1034752K), 0.0056299 secs]
94.578: Total time for which application threads were stopped: 0.0058220 seconds, Stopping threads took: 0.0000193 seconds
94.645: [GC (Allocation Failure)  865353K->548043K(1034240K), 0.0048626 secs]
94.650: Total time for which application threads were stopped: 0.0050372 seconds, Stopping threads took: 0.0000263 seconds
94.715: [GC (Allocation Failure)  869579K->547947K(1034752K), 0.0046979 secs]
94.720: Total time for which application threads were stopped: 0.0048942 seconds, Stopping threads took: 0.0000191 seconds
94.787: [GC (Allocation Failure)  869483K->548971K(1034240K), 0.0047541 secs]
94.792: Total time for which application threads were stopped: 0.0049166 seconds, Stopping threads took: 0.0000195 seconds
94.860: [GC (Allocation Failure)  870507K->555981K(1034752K), 0.0048020 secs]
94.865: Total time for which application threads were stopped: 0.0049513 seconds, Stopping threads took: 0.0000203 seconds
94.934: [GC (Allocation Failure)  877517K->555981K(1034752K), 0.0046823 secs]
94.938: Total time for which application threads were stopped: 0.0048378 seconds, Stopping threads took: 0.0000168 seconds
95.004: [GC (Allocation Failure)  877517K->558221K(1034752K), 0.0049835 secs]
95.009: Total time for which application threads were stopped: 0.0051567 seconds, Stopping threads took: 0.0000195 seconds
95.079: [GC (Allocation Failure)  879757K->564015K(1034752K), 0.0049437 secs]
95.084: Total time for which application threads were stopped: 0.0051096 seconds, Stopping threads took: 0.0000198 seconds
95.150: [GC (Allocation Failure)  885551K->564047K(1034752K), 0.0048780 secs]
95.155: Total time for which application threads were stopped: 0.0050363 seconds, Stopping threads took: 0.0000203 seconds
95.222: [GC (Allocation Failure)  885583K->567463K(1035264K), 0.0055813 secs]
95.228: Total time for which application threads were stopped: 0.0057467 seconds, Stopping threads took: 0.0000189 seconds
95.296: [GC (Allocation Failure)  889511K->572074K(1034752K), 0.0047428 secs]
95.301: Total time for which application threads were stopped: 0.0049157 seconds, Stopping threads took: 0.0000202 seconds
95.369: [GC (Allocation Failure)  894122K->572042K(1035264K), 0.0047865 secs]
95.373: Total time for which application threads were stopped: 0.0049457 seconds, Stopping threads took: 0.0000197 seconds
95.441: [GC (Allocation Failure)  894090K->574154K(1034752K), 0.0049410 secs]
95.446: Total time for which application threads were stopped: 0.0051010 seconds, Stopping threads took: 0.0000192 seconds
95.514: [GC (Allocation Failure)  896202K->580204K(1034752K), 0.0064162 secs]
95.520: Total time for which application threads were stopped: 0.0066065 seconds, Stopping threads took: 0.0000260 seconds
95.588: [GC (Allocation Failure)  901740K->580076K(1034752K), 0.0045320 secs]
95.593: Total time for which application threads were stopped: 0.0046901 seconds, Stopping threads took: 0.0000262 seconds
95.658: [GC (Allocation Failure)  901612K->583940K(1035264K), 0.0070063 secs]
95.665: Total time for which application threads were stopped: 0.0071780 seconds, Stopping threads took: 0.0000200 seconds
95.734: [GC (Allocation Failure)  905988K->588166K(1034752K), 0.0046333 secs]
95.739: Total time for which application threads were stopped: 0.0048035 seconds, Stopping threads took: 0.0000203 seconds
95.808: [GC (Allocation Failure)  910214K->588102K(1035264K), 0.0048429 secs]
95.813: Total time for which application threads were stopped: 0.0050068 seconds, Stopping threads took: 0.0000213 seconds
95.880: [GC (Allocation Failure)  910662K->591142K(1035264K), 0.0053709 secs]
95.885: Total time for which application threads were stopped: 0.0055477 seconds, Stopping threads took: 0.0000270 seconds
95.952: [GC (Allocation Failure)  913702K->596137K(1035264K), 0.0047152 secs]
95.957: Total time for which application threads were stopped: 0.0049109 seconds, Stopping threads took: 0.0000201 seconds
96.026: [GC (Allocation Failure)  918697K->596169K(1035264K), 0.0048003 secs]
96.031: Total time for which application threads were stopped: 0.0049509 seconds, Stopping threads took: 0.0000171 seconds
96.100: [GC (Allocation Failure)  918729K->591366K(1035264K), 0.0028114 secs]
96.103: Total time for which application threads were stopped: 0.0029705 seconds, Stopping threads took: 0.0000191 seconds
96.172: [GC (Allocation Failure)  913926K->596361K(1035264K), 0.0046811 secs]
96.177: Total time for which application threads were stopped: 0.0048709 seconds, Stopping threads took: 0.0000193 seconds
96.246: [GC (Allocation Failure)  918921K->596137K(1035264K), 0.0047511 secs]
96.251: Total time for which application threads were stopped: 0.0049160 seconds, Stopping threads took: 0.0000197 seconds
96.318: [GC (Allocation Failure)  918697K->595654K(1035264K), 0.0044227 secs]
96.322: Total time for which application threads were stopped: 0.0046122 seconds, Stopping threads took: 0.0000186 seconds
96.391: [GC (Allocation Failure)  918214K->596297K(1035776K), 0.0048249 secs]
96.396: Total time for which application threads were stopped: 0.0049720 seconds, Stopping threads took: 0.0000166 seconds
96.466: [GC (Allocation Failure)  919881K->596105K(1035776K), 0.0048986 secs]
96.471: Total time for which application threads were stopped: 0.0050563 seconds, Stopping threads took: 0.0000194 seconds
96.539: [GC (Allocation Failure)  919689K->601950K(1031680K), 0.0073767 secs]
96.547: Total time for which application threads were stopped: 0.0075435 seconds, Stopping threads took: 0.0000197 seconds
96.614: [GC (Allocation Failure)  921438K->597345K(1033728K), 0.0045294 secs]
96.619: Total time for which application threads were stopped: 0.0046925 seconds, Stopping threads took: 0.0000262 seconds
96.685: [GC (Allocation Failure)  916833K->597217K(1034752K), 0.0049284 secs]
96.691: Total time for which application threads were stopped: 0.0051006 seconds, Stopping threads took: 0.0000208 seconds
96.757: [GC (Allocation Failure)  918241K->599678K(1034240K), 0.0058790 secs]
96.763: Total time for which application threads were stopped: 0.0060585 seconds, Stopping threads took: 0.0000203 seconds
96.833: [GC (Allocation Failure)  920702K->597249K(1034752K), 0.0048368 secs]
96.838: Total time for which application threads were stopped: 0.0050291 seconds, Stopping threads took: 0.0000196 seconds
96.906: [GC (Allocation Failure)  918273K->597217K(1034240K), 0.0046639 secs]
96.911: Total time for which application threads were stopped: 0.0048191 seconds, Stopping threads took: 0.0000278 seconds
96.979: [GC (Allocation Failure)  918241K->599358K(1035264K), 0.0056576 secs]
96.985: Total time for which application threads were stopped: 0.0058251 seconds, Stopping threads took: 0.0000165 seconds
97.053: [GC (Allocation Failure)  921918K->597217K(1035264K), 0.0055609 secs]
97.059: Total time for which application threads were stopped: 0.0057196 seconds, Stopping threads took: 0.0000193 seconds
97.129: [GC (Allocation Failure)  919777K->597249K(1035776K), 0.0045658 secs]
97.134: Total time for which application threads were stopped: 0.0047462 seconds, Stopping threads took: 0.0000195 seconds
97.200: [GC (Allocation Failure)  920833K->604654K(1035776K), 0.0083813 secs]
97.208: Total time for which application threads were stopped: 0.0085411 seconds, Stopping threads took: 0.0000192 seconds
97.278: [GC (Allocation Failure)  928238K->600113K(1032704K), 0.0047950 secs]
97.283: Total time for which application threads were stopped: 0.0049774 seconds, Stopping threads took: 0.0000186 seconds
97.352: [GC (Allocation Failure)  920625K->599921K(1034240K), 0.0047872 secs]
97.356: Total time for which application threads were stopped: 0.0049460 seconds, Stopping threads took: 0.0000198 seconds
97.425: [GC (Allocation Failure)  920433K->592206K(1032704K), 0.0018375 secs]
97.427: Total time for which application threads were stopped: 0.0019560 seconds, Stopping threads took: 0.0000167 seconds
97.494: [GC (Allocation Failure)  911694K->600105K(1033728K), 0.0049441 secs]
97.499: Total time for which application threads were stopped: 0.0051235 seconds, Stopping threads took: 0.0000261 seconds
97.567: [GC (Allocation Failure)  919593K->604073K(1034752K), 0.0060794 secs]
97.573: Total time for which application threads were stopped: 0.0062461 seconds, Stopping threads took: 0.0000198 seconds
97.640: [GC (Allocation Failure)  925097K->609382K(1034240K), 0.0070795 secs]
97.647: Total time for which application threads were stopped: 0.0072481 seconds, Stopping threads took: 0.0000261 seconds
97.715: [GC (Allocation Failure)  930406K->604201K(1034240K), 0.0046897 secs]
97.720: Total time for which application threads were stopped: 0.0048729 seconds, Stopping threads took: 0.0000203 seconds
97.786: [GC (Allocation Failure)  924713K->604073K(1034240K), 0.0048948 secs]
97.791: Total time for which application threads were stopped: 0.0050661 seconds, Stopping threads took: 0.0000203 seconds
97.859: [GC (Allocation Failure)  924585K->608070K(1032704K), 0.0062997 secs]
97.865: Total time for which application threads were stopped: 0.0064955 seconds, Stopping threads took: 0.0000198 seconds
97.933: [GC (Allocation Failure)  927558K->604137K(1033728K), 0.0046414 secs]
97.938: Total time for which application threads were stopped: 0.0048342 seconds, Stopping threads took: 0.0000191 seconds
98.005: [GC (Allocation Failure)  923625K->604105K(1034752K), 0.0048483 secs]
98.010: Total time for which application threads were stopped: 0.0050035 seconds, Stopping threads took: 0.0000168 seconds
98.077: [GC (Allocation Failure)  925129K->604678K(1034240K), 0.0049639 secs]
98.082: Total time for which application threads were stopped: 0.0051316 seconds, Stopping threads took: 0.0000202 seconds
98.150: [GC (Allocation Failure)  925702K->604329K(1035264K), 0.0047254 secs]
98.155: Total time for which application threads were stopped: 0.0049056 seconds, Stopping threads took: 0.0000265 seconds
98.223: [GC (Allocation Failure)  926889K->604073K(1035264K), 0.0046741 secs]
98.228: Total time for which application threads were stopped: 0.0048340 seconds, Stopping threads took: 0.0000195 seconds
98.295: [GC (Allocation Failure)  926633K->607430K(1034752K), 0.0086394 secs]
98.303: Total time for which application threads were stopped: 0.0087978 seconds, Stopping threads took: 0.0000191 seconds
98.371: [GC (Allocation Failure)  929990K->604265K(1035264K), 0.0047043 secs]
98.376: Total time for which application threads were stopped: 0.0048732 seconds, Stopping threads took: 0.0000195 seconds
98.444: [GC (Allocation Failure)  926825K->604073K(1035776K), 0.0046691 secs]
98.449: Total time for which application threads were stopped: 0.0049725 seconds, Stopping threads took: 0.0001479 seconds
98.518: [GC (Allocation Failure)  927145K->612222K(1035264K), 0.0116453 secs]
98.529: Total time for which application threads were stopped: 0.0118188 seconds, Stopping threads took: 0.0000188 seconds
98.598: [GC (Allocation Failure)  935294K->607649K(1032192K), 0.0048204 secs]
98.603: Total time for which application threads were stopped: 0.0049895 seconds, Stopping threads took: 0.0000197 seconds
98.671: [GC (Allocation Failure)  927137K->607489K(1033728K), 0.0048024 secs]
98.676: Total time for which application threads were stopped: 0.0049673 seconds, Stopping threads took: 0.0000261 seconds
98.743: [GC (Allocation Failure)  926977K->614286K(1030144K), 0.0075681 secs]
98.751: Total time for which application threads were stopped: 0.0077613 seconds, Stopping threads took: 0.0000190 seconds
98.819: [GC (Allocation Failure)  930702K->608145K(1032192K), 0.0047709 secs]
98.824: Total time for which application threads were stopped: 0.0049196 seconds, Stopping threads took: 0.0000168 seconds
98.889: [GC (Allocation Failure)  924561K->608017K(1033216K), 0.0048566 secs]
98.894: Total time for which application threads were stopped: 0.0050283 seconds, Stopping threads took: 0.0000196 seconds
98.960: [GC (Allocation Failure)  925969K->602254K(1032704K), 0.0026007 secs]
98.963: Total time for which application threads were stopped: 0.0027660 seconds, Stopping threads took: 0.0000191 seconds
99.030: [GC (Allocation Failure)  920206K->608049K(1033216K), 0.0047447 secs]
99.035: Total time for which application threads were stopped: 0.0049408 seconds, Stopping threads took: 0.0000195 seconds
99.103: [GC (Allocation Failure)  926001K->608049K(1032704K), 0.0048822 secs]
99.108: Total time for which application threads were stopped: 0.0050752 seconds, Stopping threads took: 0.0000198 seconds
99.175: [GC (Allocation Failure)  926001K->608937K(1031680K), 0.0049444 secs]
99.180: Total time for which application threads were stopped: 0.0051035 seconds, Stopping threads took: 0.0000165 seconds
99.246: [GC (Allocation Failure)  926377K->616043K(1032704K), 0.0046589 secs]
99.251: Total time for which application threads were stopped: 0.0048213 seconds, Stopping threads took: 0.0000205 seconds
99.317: [GC (Allocation Failure)  933483K->616043K(1034240K), 0.0049446 secs]
99.322: Total time for which application threads were stopped: 0.0051155 seconds, Stopping threads took: 0.0000199 seconds
99.388: [GC (Allocation Failure)  936043K->616683K(1033728K), 0.0064405 secs]
99.394: Total time for which application threads were stopped: 0.0066031 seconds, Stopping threads took: 0.0000193 seconds
99.463: [GC (Allocation Failure)  936683K->624141K(1034240K), 0.0047874 secs]
99.467: Total time for which application threads were stopped: 0.0049636 seconds, Stopping threads took: 0.0000203 seconds
99.537: [GC (Allocation Failure)  944141K->624109K(1033728K), 0.0045820 secs]
99.541: Total time for which application threads were stopped: 0.0047328 seconds, Stopping threads took: 0.0000166 seconds
99.607: [GC (Allocation Failure)  944109K->625453K(1034240K), 0.0048850 secs]
99.612: Total time for which application threads were stopped: 0.0050510 seconds, Stopping threads took: 0.0000252 seconds
99.680: [GC (Allocation Failure)  945965K->632239K(1034240K), 0.0046859 secs]
99.684: Total time for which application threads were stopped: 0.0048787 seconds, Stopping threads took: 0.0000260 seconds
99.754: [GC (Allocation Failure)  952751K->632111K(1034752K), 0.0046258 secs]
99.759: Total time for which application threads were stopped: 0.0048146 seconds, Stopping threads took: 0.0000187 seconds
99.826: [GC (Allocation Failure)  953135K->636263K(1034240K), 0.0055636 secs]
99.832: Total time for which application threads were stopped: 0.0057461 seconds, Stopping threads took: 0.0000164 seconds
99.900: [GC (Allocation Failure)  957287K->640202K(1034752K), 0.0048354 secs]
99.905: Total time for which application threads were stopped: 0.0050112 seconds, Stopping threads took: 0.0000197 seconds
99.974: [GC (Allocation Failure)  961738K->640106K(1034752K), 0.0048618 secs]
99.979: Total time for which application threads were stopped: 0.0050360 seconds, Stopping threads took: 0.0000197 seconds
100.045: [GC (Allocation Failure)  961642K->640874K(1034240K), 0.0048607 secs]
100.050: Total time for which application threads were stopped: 0.0050428 seconds, Stopping threads took: 0.0000167 seconds
100.118: [GC (Allocation Failure)  962410K->648172K(1034752K), 0.0047453 secs]
100.123: Total time for which application threads were stopped: 0.0049061 seconds, Stopping threads took: 0.0000189 seconds
100.189: [GC (Allocation Failure)  969708K->648172K(1034752K), 0.0048725 secs]
100.194: Total time for which application threads were stopped: 0.0050344 seconds, Stopping threads took: 0.0000196 seconds
100.259: [GC (Allocation Failure)  969708K->650116K(1034752K), 0.0053442 secs]
100.264: Total time for which application threads were stopped: 0.0055160 seconds, Stopping threads took: 0.0000197 seconds
100.330: [GC (Allocation Failure)  971652K->656230K(1034752K), 0.0046965 secs]
100.335: Total time for which application threads were stopped: 0.0048896 seconds, Stopping threads took: 0.0000199 seconds
100.403: [GC (Allocation Failure)  977766K->656198K(1034752K), 0.0048925 secs]
100.408: Total time for which application threads were stopped: 0.0050414 seconds, Stopping threads took: 0.0000169 seconds
100.473: [GC (Allocation Failure)  977734K->659438K(1035264K), 0.0056189 secs]
100.479: Total time for which application threads were stopped: 0.0058128 seconds, Stopping threads took: 0.0000195 seconds
100.548: [GC (Allocation Failure)  981486K->664240K(1034752K), 0.0046125 secs]
100.553: Total time for which application threads were stopped: 0.0047868 seconds, Stopping threads took: 0.0000203 seconds
100.622: [GC (Allocation Failure)  986288K->664240K(1035264K), 0.0045944 secs]
100.627: Total time for which application threads were stopped: 0.0047620 seconds, Stopping threads took: 0.0000260 seconds
100.695: [GC (Allocation Failure)  986800K->666600K(1035264K), 0.0050609 secs]
100.701: Total time for which application threads were stopped: 0.0052398 seconds, Stopping threads took: 0.0000202 seconds
100.769: [GC (Allocation Failure)  989160K->672363K(1035264K), 0.0049726 secs]
100.774: Total time for which application threads were stopped: 0.0051341 seconds, Stopping threads took: 0.0000197 seconds
100.842: [GC (Allocation Failure)  994923K->672267K(1035264K), 0.0046377 secs]
100.847: Total time for which application threads were stopped: 0.0047976 seconds, Stopping threads took: 0.0000192 seconds
100.913: [GC (Allocation Failure)  994827K->674859K(1035264K), 0.0052665 secs]
100.919: Total time for which application threads were stopped: 0.0054229 seconds, Stopping threads took: 0.0000188 seconds
100.986: [GC (Allocation Failure)  997419K->680365K(1035264K), 0.0047172 secs]
100.991: Total time for which application threads were stopped: 0.0048784 seconds, Stopping threads took: 0.0000202 seconds
101.059: [GC (Allocation Failure)  1002925K->680301K(1035264K), 0.0055706 secs]
101.065: Total time for which application threads were stopped: 0.0057417 seconds, Stopping threads took: 0.0000186 seconds
101.132: [GC (Allocation Failure)  1002861K->683045K(1035264K), 0.0053640 secs]
101.137: Total time for which application threads were stopped: 0.0055320 seconds, Stopping threads took: 0.0000193 seconds
101.205: [GC (Allocation Failure)  1005605K->688327K(1035264K), 0.0050088 secs]
101.210: Total time for which application threads were stopped: 0.0051783 seconds, Stopping threads took: 0.0000200 seconds
101.278: [GC (Allocation Failure)  1010887K->688327K(1035264K), 0.0049670 secs]
101.283: Total time for which application threads were stopped: 0.0051430 seconds, Stopping threads took: 0.0000279 seconds
101.350: [GC (Allocation Failure)  1010887K->691303K(1035264K), 0.0054218 secs]
101.355: [Full GC (Ergonomics)  691303K->11439K(1035264K), 0.0170432 secs]
101.372: Total time for which application threads were stopped: 0.0227366 seconds, Stopping threads took: 0.0000282 seconds
101.440: [GC (Allocation Failure)  333999K->20882K(1031680K), 0.0038937 secs]
101.444: Total time for which application threads were stopped: 0.0040522 seconds, Stopping threads took: 0.0000178 seconds
101.512: [GC (Allocation Failure)  343442K->20658K(1034752K), 0.0044943 secs]
101.517: Total time for which application threads were stopped: 0.0046397 seconds, Stopping threads took: 0.0000191 seconds
101.584: [GC (Allocation Failure)  342194K->14767K(1034752K), 0.0013076 secs]
101.585: Total time for which application threads were stopped: 0.0014551 seconds, Stopping threads took: 0.0000194 seconds
101.654: [GC (Allocation Failure)  336303K->20850K(1034752K), 0.0036923 secs]
101.658: Total time for which application threads were stopped: 0.0038441 seconds, Stopping threads took: 0.0000164 seconds
101.727: [GC (Allocation Failure)  342386K->20690K(1034752K), 0.0037967 secs]
101.731: Total time for which application threads were stopped: 0.0039634 seconds, Stopping threads took: 0.0000195 seconds
101.796: [GC (Allocation Failure)  342226K->16047K(1035264K), 0.0018919 secs]
101.798: Total time for which application threads were stopped: 0.0020433 seconds, Stopping threads took: 0.0000200 seconds
101.868: [GC (Allocation Failure)  338095K->20786K(1034752K), 0.0036876 secs]
101.872: Total time for which application threads were stopped: 0.0038551 seconds, Stopping threads took: 0.0000194 seconds
101.941: [GC (Allocation Failure)  342834K->20722K(1035264K), 0.0038060 secs]
101.945: Total time for which application threads were stopped: 0.0039656 seconds, Stopping threads took: 0.0000190 seconds
102.012: [GC (Allocation Failure)  343282K->19279K(1035264K), 0.0031952 secs]
102.016: Total time for which application threads were stopped: 0.0033578 seconds, Stopping threads took: 0.0000185 seconds
102.083: [GC (Allocation Failure)  341839K->20722K(1035776K), 0.0037787 secs]
102.087: Total time for which application threads were stopped: 0.0039426 seconds, Stopping threads took: 0.0000194 seconds
102.156: [GC (Allocation Failure)  344306K->20690K(1035776K), 0.0037716 secs]
102.160: Total time for which application threads were stopped: 0.0039432 seconds, Stopping threads took: 0.0000285 seconds
102.226: [GC (Allocation Failure)  344274K->25599K(1032704K), 0.0076060 secs]
102.234: Total time for which application threads were stopped: 0.0077666 seconds, Stopping threads took: 0.0000194 seconds
102.303: [GC (Allocation Failure)  346111K->21122K(1034240K), 0.0037706 secs]
102.306: Total time for which application threads were stopped: 0.0039387 seconds, Stopping threads took: 0.0000190 seconds
102.374: [GC (Allocation Failure)  341634K->20866K(1034752K), 0.0035714 secs]
102.378: Total time for which application threads were stopped: 0.0037485 seconds, Stopping threads took: 0.0000200 seconds
102.443: [GC (Allocation Failure)  342402K->24991K(1033216K), 0.0055370 secs]
102.449: Total time for which application threads were stopped: 0.0057068 seconds, Stopping threads took: 0.0000195 seconds
102.515: [GC (Allocation Failure)  346527K->21026K(1034240K), 0.0058951 secs]
102.521: Total time for which application threads were stopped: 0.0060501 seconds, Stopping threads took: 0.0000177 seconds
102.588: [GC (Allocation Failure)  341026K->20866K(1033728K), 0.0039262 secs]
102.592: Total time for which application threads were stopped: 0.0040955 seconds, Stopping threads took: 0.0000202 seconds
102.658: [GC (Allocation Failure)  340866K->23167K(1034240K), 0.0047280 secs]
102.663: Total time for which application threads were stopped: 0.0049044 seconds, Stopping threads took: 0.0000194 seconds
102.731: [GC (Allocation Failure)  344703K->21026K(1034752K), 0.0037270 secs]
102.735: Total time for which application threads were stopped: 0.0038951 seconds, Stopping threads took: 0.0000193 seconds
102.802: [GC (Allocation Failure)  342562K->20834K(1035776K), 0.0037345 secs]
102.806: Total time for which application threads were stopped: 0.0038949 seconds, Stopping threads took: 0.0000202 seconds
102.874: [GC (Allocation Failure)  343906K->25863K(1035264K), 0.0059668 secs]
102.880: Total time for which application threads were stopped: 0.0061280 seconds, Stopping threads took: 0.0000196 seconds
102.948: [GC (Allocation Failure)  348935K->21226K(1034240K), 0.0037568 secs]
102.952: Total time for which application threads were stopped: 0.0039280 seconds, Stopping threads took: 0.0000199 seconds
103.019: [GC (Allocation Failure)  342762K->21130K(1034752K), 0.0038442 secs]
103.023: Total time for which application threads were stopped: 0.0040005 seconds, Stopping threads took: 0.0000195 seconds
103.090: [GC (Allocation Failure)  342666K->28903K(1030144K), 0.0071421 secs]
103.097: Total time for which application threads were stopped: 0.0073194 seconds, Stopping threads took: 0.0000163 seconds
103.164: [GC (Allocation Failure)  346343K->23690K(1032704K), 0.0037409 secs]
103.168: Total time for which application threads were stopped: 0.0039251 seconds, Stopping threads took: 0.0000192 seconds
103.235: [GC (Allocation Failure)  341130K->23626K(1033728K), 0.0036916 secs]
103.238: Total time for which application threads were stopped: 0.0038515 seconds, Stopping threads took: 0.0000202 seconds
103.305: [GC (Allocation Failure)  342602K->21927K(1033216K), 0.0030735 secs]
103.308: Total time for which application threads were stopped: 0.0032713 seconds, Stopping threads took: 0.0000198 seconds
103.378: [GC (Allocation Failure)  340903K->23882K(1034240K), 0.0036382 secs]
103.382: Total time for which application threads were stopped: 0.0038067 seconds, Stopping threads took: 0.0000198 seconds
103.449: [GC (Allocation Failure)  343882K->23690K(1033728K), 0.0038718 secs]
103.453: Total time for which application threads were stopped: 0.0040318 seconds, Stopping threads took: 0.0000200 seconds
103.519: [GC (Allocation Failure)  343690K->17479K(1033728K), 0.0065111 secs]
103.525: Total time for which application threads were stopped: 0.0066551 seconds, Stopping threads took: 0.0000253 seconds
103.593: [GC (Allocation Failure)  337991K->23786K(1034240K), 0.0034640 secs]
103.596: Total time for which application threads were stopped: 0.0036411 seconds, Stopping threads took: 0.0000260 seconds
103.665: [GC (Allocation Failure)  344298K->23690K(1035264K), 0.0037683 secs]
103.669: Total time for which application threads were stopped: 0.0039404 seconds, Stopping threads took: 0.0000205 seconds
103.736: [GC (Allocation Failure)  345738K->17223K(1034752K), 0.0011116 secs]
103.738: Total time for which application threads were stopped: 0.0012511 seconds, Stopping threads took: 0.0000197 seconds
103.806: [GC (Allocation Failure)  339271K->23754K(1034752K), 0.0036359 secs]
103.809: Total time for which application threads were stopped: 0.0038204 seconds, Stopping threads took: 0.0000203 seconds
103.878: [GC (Allocation Failure)  345290K->23690K(1034752K), 0.0035915 secs]
103.881: Total time for which application threads were stopped: 0.0037677 seconds, Stopping threads took: 0.0000207 seconds
103.947: [GC (Allocation Failure)  345226K->18951K(1035264K), 0.0017672 secs]
103.949: Total time for which application threads were stopped: 0.0019140 seconds, Stopping threads took: 0.0000189 seconds
104.017: [GC (Allocation Failure)  341511K->23722K(1035264K), 0.0036405 secs]
104.021: Total time for which application threads were stopped: 0.0038164 seconds, Stopping threads took: 0.0000196 seconds
104.090: [GC (Allocation Failure)  346282K->23690K(1035776K), 0.0037822 secs]
104.094: Total time for which application threads were stopped: 0.0039535 seconds, Stopping threads took: 0.0000201 seconds
104.161: [GC (Allocation Failure)  346762K->23783K(1035264K), 0.0038092 secs]
104.165: Total time for which application threads were stopped: 0.0039888 seconds, Stopping threads took: 0.0000255 seconds
104.235: [GC (Allocation Failure)  346855K->23690K(1036288K), 0.0035728 secs]
104.239: Total time for which application threads were stopped: 0.0037375 seconds, Stopping threads took: 0.0000188 seconds
104.308: [GC (Allocation Failure)  347786K->23690K(1035776K), 0.0035078 secs]
104.311: Total time for which application threads were stopped: 0.0037005 seconds, Stopping threads took: 0.0000201 seconds
104.381: [GC (Allocation Failure)  347786K->31623K(1031168K), 0.0074752 secs]
104.388: Total time for which application threads were stopped: 0.0076341 seconds, Stopping threads took: 0.0000273 seconds
104.458: [GC (Allocation Failure)  351111K->27626K(1033728K), 0.0038342 secs]
104.462: Total time for which application threads were stopped: 0.0039999 seconds, Stopping threads took: 0.0000191 seconds
104.528: [GC (Allocation Failure)  347114K->27370K(1034752K), 0.0038105 secs]
104.532: Total time for which application threads were stopped: 0.0039745 seconds, Stopping threads took: 0.0000194 seconds
104.600: [GC (Allocation Failure)  348394K->32007K(1033216K), 0.0053750 secs]
104.605: Total time for which application threads were stopped: 0.0055389 seconds, Stopping threads took: 0.0000249 seconds
104.673: [GC (Allocation Failure)  353031K->27530K(1034240K), 0.0039092 secs]
104.677: Total time for which application threads were stopped: 0.0040867 seconds, Stopping threads took: 0.0000211 seconds
104.745: [GC (Allocation Failure)  347530K->27402K(1033728K), 0.0037391 secs]
104.749: Total time for which application threads were stopped: 0.0039103 seconds, Stopping threads took: 0.0000203 seconds
104.814: [GC (Allocation Failure)  347402K->29639K(1033728K), 0.0045955 secs]
104.819: Total time for which application threads were stopped: 0.0047589 seconds, Stopping threads took: 0.0000197 seconds
104.886: [GC (Allocation Failure)  350151K->27530K(1034240K), 0.0037128 secs]
104.890: Total time for which application threads were stopped: 0.0038935 seconds, Stopping threads took: 0.0000197 seconds
104.960: [GC (Allocation Failure)  348042K->27402K(1035264K), 0.0039309 secs]
104.964: Total time for which application threads were stopped: 0.0041065 seconds, Stopping threads took: 0.0000223 seconds
105.032: [GC (Allocation Failure)  349450K->29351K(1034752K), 0.0043477 secs]
105.036: Total time for which application threads were stopped: 0.0045116 seconds, Stopping threads took: 0.0000255 seconds
105.104: [GC (Allocation Failure)  351399K->27434K(1035264K), 0.0034148 secs]
105.108: Total time for which application threads were stopped: 0.0035835 seconds, Stopping threads took: 0.0000197 seconds
105.176: [GC (Allocation Failure)  349994K->27402K(1035264K), 0.0037792 secs]
105.180: Total time for which application threads were stopped: 0.0039488 seconds, Stopping threads took: 0.0000203 seconds
105.247: [GC (Allocation Failure)  349962K->33095K(1032704K), 0.0062465 secs]
105.253: Total time for which application threads were stopped: 0.0064083 seconds, Stopping threads took: 0.0000186 seconds
105.319: [GC (Allocation Failure)  353607K->28618K(1034240K), 0.0039465 secs]
105.323: Total time for which application threads were stopped: 0.0041168 seconds, Stopping threads took: 0.0000200 seconds
105.391: [GC (Allocation Failure)  349130K->28362K(1034752K), 0.0038226 secs]
105.395: Total time for which application threads were stopped: 0.0040015 seconds, Stopping threads took: 0.0000199 seconds
105.464: [GC (Allocation Failure)  349898K->33287K(1034240K), 0.0059328 secs]
105.470: Total time for which application threads were stopped: 0.0060892 seconds, Stopping threads took: 0.0000195 seconds
105.538: [GC (Allocation Failure)  354823K->28554K(1034240K), 0.0039011 secs]
105.542: Total time for which application threads were stopped: 0.0040682 seconds, Stopping threads took: 0.0000192 seconds
105.610: [GC (Allocation Failure)  349066K->28362K(1034240K), 0.0035762 secs]
105.614: Total time for which application threads were stopped: 0.0037344 seconds, Stopping threads took: 0.0000260 seconds
105.681: [GC (Allocation Failure)  348874K->32455K(1033216K), 0.0053768 secs]
105.687: Total time for which application threads were stopped: 0.0055531 seconds, Stopping threads took: 0.0000277 seconds
105.754: [GC (Allocation Failure)  351943K->28490K(1033728K), 0.0043938 secs]
105.759: Total time for which application threads were stopped: 0.0045874 seconds, Stopping threads took: 0.0000201 seconds
105.827: [GC (Allocation Failure)  347978K->28394K(1034240K), 0.0035426 secs]
105.831: Total time for which application threads were stopped: 0.0037471 seconds, Stopping threads took: 0.0000228 seconds
105.899: [GC (Allocation Failure)  348906K->28519K(1034240K), 0.0036480 secs]
105.903: Total time for which application threads were stopped: 0.0037970 seconds, Stopping threads took: 0.0000166 seconds
105.971: [GC (Allocation Failure)  349031K->28458K(1034752K), 0.0038157 secs]
105.974: Total time for which application threads were stopped: 0.0040105 seconds, Stopping threads took: 0.0000199 seconds
106.044: [GC (Allocation Failure)  349994K->28362K(1034752K), 0.0036137 secs]
106.047: Total time for which application threads were stopped: 0.0037739 seconds, Stopping threads took: 0.0000165 seconds
106.114: [GC (Allocation Failure)  349898K->28743K(1035776K), 0.0038894 secs]
106.118: Total time for which application threads were stopped: 0.0040588 seconds, Stopping threads took: 0.0000193 seconds
106.187: [GC (Allocation Failure)  351815K->28394K(1035264K), 0.0038048 secs]
106.191: Total time for which application threads were stopped: 0.0039751 seconds, Stopping threads took: 0.0000196 seconds
106.259: [GC (Allocation Failure)  351466K->28394K(1036288K), 0.0037242 secs]
106.263: Total time for which application threads were stopped: 0.0039028 seconds, Stopping threads took: 0.0000199 seconds
106.331: [GC (Allocation Failure)  352490K->35575K(1035776K), 0.0070553 secs]
106.338: Total time for which application threads were stopped: 0.0072180 seconds, Stopping threads took: 0.0000202 seconds
106.407: [GC (Allocation Failure)  359671K->31578K(1032704K), 0.0038524 secs]
106.411: Total time for which application threads were stopped: 0.0040250 seconds, Stopping threads took: 0.0000203 seconds
106.479: [GC (Allocation Failure)  352090K->31354K(1034240K), 0.0038467 secs]
106.483: Total time for which application threads were stopped: 0.0040066 seconds, Stopping threads took: 0.0000204 seconds
106.551: [GC (Allocation Failure)  351866K->23927K(1032704K), 0.0008067 secs]
106.552: Total time for which application threads were stopped: 0.0009291 seconds, Stopping threads took: 0.0000197 seconds
106.619: [GC (Allocation Failure)  343415K->31562K(1033728K), 0.0036819 secs]
106.623: Total time for which application threads were stopped: 0.0038527 seconds, Stopping threads took: 0.0000275 seconds
106.690: [GC (Allocation Failure)  351050K->35506K(1034752K), 0.0046909 secs]
106.695: Total time for which application threads were stopped: 0.0048566 seconds, Stopping threads took: 0.0000275 seconds
106.762: [GC (Allocation Failure)  356530K->41135K(1034240K), 0.0076829 secs]
106.770: Total time for which application threads were stopped: 0.0078640 seconds, Stopping threads took: 0.0000194 seconds
106.835: [GC (Allocation Failure)  362159K->35634K(1033216K), 0.0043116 secs]
106.840: Total time for which application threads were stopped: 0.0044834 seconds, Stopping threads took: 0.0000212 seconds
106.905: [GC (Allocation Failure)  355122K->35506K(1033728K), 0.0046536 secs]
106.910: Total time for which application threads were stopped: 0.0048274 seconds, Stopping threads took: 0.0000276 seconds
106.976: [GC (Allocation Failure)  354994K->37711K(1034240K), 0.0046554 secs]
106.981: Total time for which application threads were stopped: 0.0048288 seconds, Stopping threads took: 0.0000207 seconds
107.048: [GC (Allocation Failure)  358223K->35570K(1034240K), 0.0038240 secs]
107.052: Total time for which application threads were stopped: 0.0040056 seconds, Stopping threads took: 0.0000203 seconds
107.121: [GC (Allocation Failure)  356082K->35506K(1034752K), 0.0034654 secs]
107.125: Total time for which application threads were stopped: 0.0036145 seconds, Stopping threads took: 0.0000165 seconds
107.191: [GC (Allocation Failure)  357042K->36879K(1034752K), 0.0044035 secs]
107.195: Total time for which application threads were stopped: 0.0045611 seconds, Stopping threads took: 0.0000188 seconds
107.265: [GC (Allocation Failure)  358415K->35538K(1035264K), 0.0039011 secs]
107.269: Total time for which application threads were stopped: 0.0040776 seconds, Stopping threads took: 0.0000202 seconds
107.338: [GC (Allocation Failure)  358098K->35474K(1035264K), 0.0037278 secs]
107.342: Total time for which application threads were stopped: 0.0038943 seconds, Stopping threads took: 0.0000199 seconds
107.410: [GC (Allocation Failure)  358034K->40175K(1033728K), 0.0054633 secs]
107.415: Total time for which application threads were stopped: 0.0056247 seconds, Stopping threads took: 0.0000200 seconds
107.483: [GC (Allocation Failure)  361711K->35730K(1034752K), 0.0037910 secs]
107.487: Total time for which application threads were stopped: 0.0039800 seconds, Stopping threads took: 0.0000194 seconds
107.555: [GC (Allocation Failure)  357266K->35506K(1035264K), 0.0038763 secs]
107.559: Total time for which application threads were stopped: 0.0040439 seconds, Stopping threads took: 0.0000195 seconds
107.626: [GC (Allocation Failure)  357554K->41863K(1034752K), 0.0064212 secs]
107.633: Total time for which application threads were stopped: 0.0065945 seconds, Stopping threads took: 0.0000265 seconds
107.701: [GC (Allocation Failure)  363911K->36778K(1032704K), 0.0038821 secs]
107.705: Total time for which application threads were stopped: 0.0040758 seconds, Stopping threads took: 0.0000196 seconds
107.773: [GC (Allocation Failure)  356266K->36650K(1033728K), 0.0035949 secs]
107.777: Total time for which application threads were stopped: 0.0037788 seconds, Stopping threads took: 0.0000175 seconds
107.845: [GC (Allocation Failure)  356138K->40679K(1033216K), 0.0053341 secs]
107.851: Total time for which application threads were stopped: 0.0055041 seconds, Stopping threads took: 0.0000273 seconds
107.917: [GC (Allocation Failure)  360167K->36746K(1033728K), 0.0038678 secs]
107.921: Total time for which application threads were stopped: 0.0040537 seconds, Stopping threads took: 0.0000202 seconds
107.991: [GC (Allocation Failure)  356234K->36618K(1034240K), 0.0039052 secs]
107.995: Total time for which application threads were stopped: 0.0040840 seconds, Stopping threads took: 0.0000202 seconds
108.063: [GC (Allocation Failure)  356618K->36263K(1033728K), 0.0036393 secs]
108.067: Total time for which application threads were stopped: 0.0037982 seconds, Stopping threads took: 0.0000201 seconds
108.133: [GC (Allocation Failure)  356263K->36682K(1034752K), 0.0038793 secs]
108.137: Total time for which application threads were stopped: 0.0040550 seconds, Stopping threads took: 0.0000272 seconds
108.205: [GC (Allocation Failure)  357706K->36650K(1034240K), 0.0038128 secs]
108.209: Total time for which application threads were stopped: 0.0039801 seconds, Stopping threads took: 0.0000191 seconds
108.276: [GC (Allocation Failure)  357674K->34919K(1035264K), 0.0030266 secs]
108.279: Total time for which application threads were stopped: 0.0031857 seconds, Stopping threads took: 0.0000188 seconds
108.346: [GC (Allocation Failure)  357479K->36874K(1035264K), 0.0037705 secs]
108.350: Total time for which application threads were stopped: 0.0039409 seconds, Stopping threads took: 0.0000199 seconds
108.421: [GC (Allocation Failure)  359434K->36650K(1035776K), 0.0036778 secs]
108.424: Total time for which application threads were stopped: 0.0038458 seconds, Stopping threads took: 0.0000195 seconds
108.492: [GC (Allocation Failure)  359722K->39719K(1035264K), 0.0048918 secs]
108.497: Total time for which application threads were stopped: 0.0050792 seconds, Stopping threads took: 0.0000180 seconds
108.567: [GC (Allocation Failure)  362791K->36810K(1035776K), 0.0038080 secs]
108.571: Total time for which application threads were stopped: 0.0039840 seconds, Stopping threads took: 0.0000196 seconds
108.641: [GC (Allocation Failure)  359882K->36618K(1035264K), 0.0038022 secs]
108.645: Total time for which application threads were stopped: 0.0039591 seconds, Stopping threads took: 0.0000167 seconds
108.712: [GC (Allocation Failure)  359690K->29159K(1033728K), 0.0008087 secs]
108.713: Total time for which application threads were stopped: 0.0009456 seconds, Stopping threads took: 0.0000196 seconds
108.781: [GC (Allocation Failure)  350695K->36786K(1034752K), 0.0038173 secs]
108.785: Total time for which application threads were stopped: 0.0040026 seconds, Stopping threads took: 0.0000212 seconds
108.853: [GC (Allocation Failure)  358322K->40770K(1035776K), 0.0048173 secs]
108.858: Total time for which application threads were stopped: 0.0049843 seconds, Stopping threads took: 0.0000218 seconds
108.925: [GC (Allocation Failure)  363842K->36095K(1035264K), 0.0020817 secs]
108.927: Total time for which application threads were stopped: 0.0022440 seconds, Stopping threads took: 0.0000198 seconds
108.996: [GC (Allocation Failure)  359167K->40882K(1035776K), 0.0039487 secs]
109.000: Total time for which application threads were stopped: 0.0041141 seconds, Stopping threads took: 0.0000186 seconds
109.067: [GC (Allocation Failure)  364466K->44914K(1035776K), 0.0037207 secs]
109.071: Total time for which application threads were stopped: 0.0038776 seconds, Stopping threads took: 0.0000187 seconds
109.141: [GC (Allocation Failure)  368498K->44914K(1036288K), 0.0041654 secs]
109.145: Total time for which application threads were stopped: 0.0043592 seconds, Stopping threads took: 0.0000248 seconds
109.212: [GC (Allocation Failure)  369010K->44970K(1024000K), 0.0038516 secs]
109.216: Total time for which application threads were stopped: 0.0040125 seconds, Stopping threads took: 0.0000195 seconds
109.284: [GC (Allocation Failure)  369066K->52972K(1035264K), 0.0038629 secs]
109.288: Total time for which application threads were stopped: 0.0040508 seconds, Stopping threads took: 0.0000223 seconds
109.357: [GC (Allocation Failure)  375532K->52940K(1035264K), 0.0036755 secs]
109.361: Total time for which application threads were stopped: 0.0038383 seconds, Stopping threads took: 0.0000199 seconds
109.427: [GC (Allocation Failure)  375500K->53196K(1034752K), 0.0038281 secs]
109.431: Total time for which application threads were stopped: 0.0039967 seconds, Stopping threads took: 0.0000192 seconds
109.500: [GC (Allocation Failure)  375756K->61006K(1035264K), 0.0074246 secs]
109.507: Total time for which application threads were stopped: 0.0076155 seconds, Stopping threads took: 0.0000195 seconds
109.576: [GC (Allocation Failure)  383566K->60942K(1035264K), 0.0039491 secs]
109.580: Total time for which application threads were stopped: 0.0041179 seconds, Stopping threads took: 0.0000204 seconds
109.648: [GC (Allocation Failure)  383502K->61038K(1022464K), 0.0037787 secs]
109.652: Total time for which application threads were stopped: 0.0039454 seconds, Stopping threads took: 0.0000276 seconds
109.720: [GC (Allocation Failure)  383598K->69008K(1034752K), 0.0037253 secs]
109.724: Total time for which application threads were stopped: 0.0038912 seconds, Stopping threads took: 0.0000203 seconds
109.793: [GC (Allocation Failure)  390544K->69008K(1034752K), 0.0037646 secs]
109.797: Total time for which application threads were stopped: 0.0039205 seconds, Stopping threads took: 0.0000190 seconds
109.862: [GC (Allocation Failure)  390544K->69160K(1033728K), 0.0038481 secs]
109.866: Total time for which application threads were stopped: 0.0040443 seconds, Stopping threads took: 0.0000204 seconds
109.936: [GC (Allocation Failure)  389672K->77035K(1034240K), 0.0038056 secs]
109.940: Total time for which application threads were stopped: 0.0039765 seconds, Stopping threads took: 0.0000199 seconds
110.008: [GC (Allocation Failure)  397547K->77035K(1034240K), 0.0038153 secs]
110.012: Total time for which application threads were stopped: 0.0039858 seconds, Stopping threads took: 0.0000203 seconds
110.079: [GC (Allocation Failure)  397547K->77387K(1034240K), 0.0040304 secs]
110.083: Total time for which application threads were stopped: 0.0042015 seconds, Stopping threads took: 0.0000197 seconds
110.152: [GC (Allocation Failure)  397899K->85069K(1034240K), 0.0039063 secs]
110.156: Total time for which application threads were stopped: 0.0040801 seconds, Stopping threads took: 0.0000255 seconds
110.223: [GC (Allocation Failure)  405581K->85069K(1034240K), 0.0038828 secs]
110.227: Total time for which application threads were stopped: 0.0040542 seconds, Stopping threads took: 0.0000203 seconds
110.293: [GC (Allocation Failure)  405581K->85581K(1034240K), 0.0040751 secs]
110.297: Total time for which application threads were stopped: 0.0042458 seconds, Stopping threads took: 0.0000205 seconds
110.365: [GC (Allocation Failure)  406093K->93135K(1028096K), 0.0038463 secs]
110.369: Total time for which application threads were stopped: 0.0040248 seconds, Stopping threads took: 0.0000224 seconds
110.436: [GC (Allocation Failure)  413647K->93071K(1033728K), 0.0038873 secs]
110.440: Total time for which application threads were stopped: 0.0040497 seconds, Stopping threads took: 0.0000198 seconds
110.506: [GC (Allocation Failure)  412559K->93351K(1033728K), 0.0043929 secs]
110.511: Total time for which application threads were stopped: 0.0046026 seconds, Stopping threads took: 0.0000252 seconds
110.579: [GC (Allocation Failure)  412839K->101161K(1033728K), 0.0038057 secs]
110.583: Total time for which application threads were stopped: 0.0040093 seconds, Stopping threads took: 0.0000196 seconds
110.650: [GC (Allocation Failure)  420649K->101129K(1033728K), 0.0038248 secs]
110.654: Total time for which application threads were stopped: 0.0040011 seconds, Stopping threads took: 0.0000266 seconds
110.722: [GC (Allocation Failure)  420617K->101289K(1033728K), 0.0039663 secs]
110.726: Total time for which application threads were stopped: 0.0041797 seconds, Stopping threads took: 0.0000199 seconds
110.793: [GC (Allocation Failure)  420777K->109196K(1033728K), 0.0039595 secs]
110.797: Total time for which application threads were stopped: 0.0041413 seconds, Stopping threads took: 0.0000205 seconds
110.864: [GC (Allocation Failure)  428684K->109164K(1033728K), 0.0038125 secs]
110.868: Total time for which application threads were stopped: 0.0039788 seconds, Stopping threads took: 0.0000196 seconds
110.934: [GC (Allocation Failure)  428652K->109284K(1033728K), 0.0037632 secs]
110.938: Total time for which application threads were stopped: 0.0039390 seconds, Stopping threads took: 0.0000189 seconds
111.003: [GC (Allocation Failure)  428772K->117190K(1032704K), 0.0039810 secs]
111.007: Total time for which application threads were stopped: 0.0041392 seconds, Stopping threads took: 0.0000195 seconds
111.074: [GC (Allocation Failure)  435654K->113252K(1033216K), 0.0026958 secs]
111.076: Total time for which application threads were stopped: 0.0028698 seconds, Stopping threads took: 0.0000198 seconds
111.144: [GC (Allocation Failure)  431716K->117358K(1034752K), 0.0041269 secs]
111.148: Total time for which application threads were stopped: 0.0043138 seconds, Stopping threads took: 0.0000277 seconds
111.218: [GC (Allocation Failure)  438382K->121326K(1034240K), 0.0038136 secs]
111.221: Total time for which application threads were stopped: 0.0039842 seconds, Stopping threads took: 0.0000197 seconds
111.289: [GC (Allocation Failure)  442350K->114572K(1034752K), 0.0011895 secs]
111.290: Total time for which application threads were stopped: 0.0013163 seconds, Stopping threads took: 0.0000191 seconds
111.359: [GC (Allocation Failure)  436108K->121390K(1034752K), 0.0040405 secs]
111.363: Total time for which application threads were stopped: 0.0042106 seconds, Stopping threads took: 0.0000204 seconds
111.429: [GC (Allocation Failure)  442926K->125502K(1034752K), 0.0047618 secs]
111.434: Total time for which application threads were stopped: 0.0049337 seconds, Stopping threads took: 0.0000200 seconds
111.499: [GC (Allocation Failure)  447038K->119932K(1034752K), 0.0018527 secs]
111.501: Total time for which application threads were stopped: 0.0019962 seconds, Stopping threads took: 0.0000194 seconds
111.568: [GC (Allocation Failure)  441468K->125774K(1035264K), 0.0040760 secs]
111.573: Total time for which application threads were stopped: 0.0042530 seconds, Stopping threads took: 0.0000197 seconds
111.641: [GC (Allocation Failure)  447822K->129614K(1034752K), 0.0041287 secs]
111.645: Total time for which application threads were stopped: 0.0042841 seconds, Stopping threads took: 0.0000259 seconds
111.713: [GC (Allocation Failure)  451590K->125708K(1035776K), 0.0026565 secs]
111.715: Total time for which application threads were stopped: 0.0028152 seconds, Stopping threads took: 0.0000207 seconds
111.783: [GC (Allocation Failure)  448780K->129774K(1035264K), 0.0041568 secs]
111.788: Total time for which application threads were stopped: 0.0043266 seconds, Stopping threads took: 0.0000198 seconds
111.856: [GC (Allocation Failure)  452846K->133774K(1035264K), 0.0041297 secs]
111.860: Total time for which application threads were stopped: 0.0043100 seconds, Stopping threads took: 0.0000201 seconds
111.928: [GC (Allocation Failure)  457358K->133742K(1035776K), 0.0044087 secs]
111.933: Total time for which application threads were stopped: 0.0045756 seconds, Stopping threads took: 0.0000281 seconds
111.999: [GC (Allocation Failure)  457326K->133798K(1034752K), 0.0041325 secs]
112.004: Total time for which application threads were stopped: 0.0042935 seconds, Stopping threads took: 0.0000191 seconds
112.071: [GC (Allocation Failure)  456358K->141768K(1035264K), 0.0047239 secs]
112.076: Total time for which application threads were stopped: 0.0048955 seconds, Stopping threads took: 0.0000200 seconds
112.145: [GC (Allocation Failure)  464328K->141736K(1034240K), 0.0050923 secs]
112.150: Total time for which application threads were stopped: 0.0052603 seconds, Stopping threads took: 0.0000277 seconds
112.215: [GC (Allocation Failure)  463272K->141800K(1034752K), 0.0041018 secs]
112.220: Total time for which application threads were stopped: 0.0042762 seconds, Stopping threads took: 0.0000193 seconds
112.287: [GC (Allocation Failure)  463336K->149834K(1034752K), 0.0039249 secs]
112.291: Total time for which application threads were stopped: 0.0040874 seconds, Stopping threads took: 0.0000202 seconds
112.359: [GC (Allocation Failure)  471370K->149834K(1029120K), 0.0037868 secs]
112.363: Total time for which application threads were stopped: 0.0039641 seconds, Stopping threads took: 0.0000199 seconds
112.429: [GC (Allocation Failure)  471370K->150050K(1034240K), 0.0042989 secs]
112.434: Total time for which application threads were stopped: 0.0044755 seconds, Stopping threads took: 0.0000255 seconds
112.501: [GC (Allocation Failure)  470562K->157829K(1034240K), 0.0067129 secs]
112.507: Total time for which application threads were stopped: 0.0069246 seconds, Stopping threads took: 0.0000202 seconds
112.577: [GC (Allocation Failure)  478341K->157829K(1034240K), 0.0039300 secs]
112.581: Total time for which application threads were stopped: 0.0040998 seconds, Stopping threads took: 0.0000194 seconds
112.649: [GC (Allocation Failure)  478341K->158277K(1020416K), 0.0040305 secs]
112.653: Total time for which application threads were stopped: 0.0041975 seconds, Stopping threads took: 0.0000267 seconds
112.721: [GC (Allocation Failure)  478789K->165863K(1033728K), 0.0039415 secs]
112.725: Total time for which application threads were stopped: 0.0041174 seconds, Stopping threads took: 0.0000203 seconds
112.794: [GC (Allocation Failure)  485351K->165863K(1033728K), 0.0038080 secs]
112.798: Total time for which application threads were stopped: 0.0039789 seconds, Stopping threads took: 0.0000202 seconds
112.863: [GC (Allocation Failure)  485351K->165991K(1033728K), 0.0040896 secs]
112.867: Total time for which application threads were stopped: 0.0042631 seconds, Stopping threads took: 0.0000204 seconds
112.934: [GC (Allocation Failure)  485479K->173929K(1033728K), 0.0039422 secs]
112.938: Total time for which application threads were stopped: 0.0041014 seconds, Stopping threads took: 0.0000197 seconds
113.006: [GC (Allocation Failure)  493417K->173929K(1033728K), 0.0038231 secs]
113.010: Total time for which application threads were stopped: 0.0040042 seconds, Stopping threads took: 0.0000199 seconds
113.075: [GC (Allocation Failure)  493417K->173961K(1033728K), 0.0040558 secs]
113.080: Total time for which application threads were stopped: 0.0042309 seconds, Stopping threads took: 0.0000211 seconds
113.147: [GC (Allocation Failure)  493449K->181963K(1032704K), 0.0038181 secs]
113.150: Total time for which application threads were stopped: 0.0039741 seconds, Stopping threads took: 0.0000250 seconds
113.217: [GC (Allocation Failure)  500427K->176361K(1033216K), 0.0017436 secs]
113.219: Total time for which application threads were stopped: 0.0018855 seconds, Stopping threads took: 0.0000198 seconds
113.286: [GC (Allocation Failure)  494825K->182219K(1034240K), 0.0041058 secs]
113.290: Total time for which application threads were stopped: 0.0042771 seconds, Stopping threads took: 0.0000202 seconds
113.359: [GC (Allocation Failure)  502219K->186083K(1033728K), 0.0043660 secs]
113.364: Total time for which application threads were stopped: 0.0045331 seconds, Stopping threads took: 0.0000208 seconds
113.431: [GC (Allocation Failure)  506083K->192033K(1030144K), 0.0064618 secs]
113.437: Total time for which application threads were stopped: 0.0066391 seconds, Stopping threads took: 0.0000277 seconds
113.504: [GC (Allocation Failure)  508449K->186243K(1032192K), 0.0044570 secs]
113.509: Total time for which application threads were stopped: 0.0046147 seconds, Stopping threads took: 0.0000232 seconds
113.575: [GC (Allocation Failure)  502659K->186083K(1032704K), 0.0041076 secs]
113.579: Total time for which application threads were stopped: 0.0042639 seconds, Stopping threads took: 0.0000186 seconds
113.647: [GC (Allocation Failure)  503011K->178369K(1032192K), 0.0009090 secs]
113.647: Total time for which application threads were stopped: 0.0010642 seconds, Stopping threads took: 0.0000270 seconds
113.716: [GC (Allocation Failure)  495297K->186179K(1032704K), 0.0039911 secs]
113.720: Total time for which application threads were stopped: 0.0041528 seconds, Stopping threads took: 0.0000207 seconds
113.788: [GC (Allocation Failure)  503619K->186115K(1032704K), 0.0038765 secs]
113.792: Total time for which application threads were stopped: 0.0040448 seconds, Stopping threads took: 0.0000192 seconds
113.858: [GC (Allocation Failure)  503555K->187107K(1032192K), 0.0041841 secs]
113.862: Total time for which application threads were stopped: 0.0043507 seconds, Stopping threads took: 0.0000199 seconds
113.929: [GC (Allocation Failure)  504547K->194182K(1032704K), 0.0039296 secs]
113.933: Total time for which application threads were stopped: 0.0040988 seconds, Stopping threads took: 0.0000198 seconds
114.000: [GC (Allocation Failure)  511622K->194118K(1033216K), 0.0041315 secs]
114.004: Total time for which application threads were stopped: 0.0043030 seconds, Stopping threads took: 0.0000198 seconds
114.069: [GC (Allocation Failure)  512582K->197382K(1033216K), 0.0048083 secs]
114.074: Total time for which application threads were stopped: 0.0049733 seconds, Stopping threads took: 0.0000205 seconds
114.142: [GC (Allocation Failure)  515846K->202152K(1033728K), 0.0040322 secs]
114.146: Total time for which application threads were stopped: 0.0042321 seconds, Stopping threads took: 0.0000282 seconds
114.213: [GC (Allocation Failure)  521640K->202152K(1033728K), 0.0066179 secs]
114.220: Total time for which application threads were stopped: 0.0067912 seconds, Stopping threads took: 0.0000195 seconds
114.288: [GC (Allocation Failure)  521640K->203624K(1033728K), 0.0042440 secs]
114.292: Total time for which application threads were stopped: 0.0044322 seconds, Stopping threads took: 0.0000217 seconds
114.362: [GC (Allocation Failure)  523112K->210186K(1033728K), 0.0065337 secs]
114.369: Total time for which application threads were stopped: 0.0067223 seconds, Stopping threads took: 0.0000223 seconds
114.437: [GC (Allocation Failure)  529674K->210186K(1034240K), 0.0040051 secs]
114.441: Total time for which application threads were stopped: 0.0041705 seconds, Stopping threads took: 0.0000193 seconds
114.509: [GC (Allocation Failure)  530186K->211338K(1033728K), 0.0042034 secs]
114.513: Total time for which application threads were stopped: 0.0043701 seconds, Stopping threads took: 0.0000195 seconds
114.580: [GC (Allocation Failure)  531338K->218253K(1033728K), 0.0042453 secs]
114.584: Total time for which application threads were stopped: 0.0044149 seconds, Stopping threads took: 0.0000203 seconds
114.652: [GC (Allocation Failure)  537741K->218221K(1033728K), 0.0040563 secs]
114.656: Total time for which application threads were stopped: 0.0042540 seconds, Stopping threads took: 0.0000251 seconds
114.721: [GC (Allocation Failure)  537709K->219013K(1033216K), 0.0043186 secs]
114.726: Total time for which application threads were stopped: 0.0044861 seconds, Stopping threads took: 0.0000192 seconds
114.793: [GC (Allocation Failure)  538501K->226311K(1033728K), 0.0041770 secs]
114.798: Total time for which application threads were stopped: 0.0043435 seconds, Stopping threads took: 0.0000199 seconds
114.863: [GC (Allocation Failure)  545799K->226247K(1033728K), 0.0041164 secs]
114.867: Total time for which application threads were stopped: 0.0042932 seconds, Stopping threads took: 0.0000201 seconds
114.933: [GC (Allocation Failure)  545735K->226311K(1033728K), 0.0039593 secs]
114.937: Total time for which application threads were stopped: 0.0041140 seconds, Stopping threads took: 0.0000168 seconds
115.007: [GC (Allocation Failure)  545799K->234313K(1033728K), 0.0041572 secs]
115.011: Total time for which application threads were stopped: 0.0043070 seconds, Stopping threads took: 0.0000165 seconds
115.077: [GC (Allocation Failure)  553801K->234313K(1033728K), 0.0043162 secs]
115.081: Total time for which application threads were stopped: 0.0044758 seconds, Stopping threads took: 0.0000171 seconds
115.148: [GC (Allocation Failure)  553801K->234473K(1033728K), 0.0039921 secs]
115.152: Total time for which application threads were stopped: 0.0041619 seconds, Stopping threads took: 0.0000261 seconds
115.219: [GC (Allocation Failure)  553961K->242347K(1033728K), 0.0040510 secs]
115.224: Total time for which application threads were stopped: 0.0042453 seconds, Stopping threads took: 0.0000257 seconds
115.290: [GC (Allocation Failure)  561835K->242347K(1033728K), 0.0043371 secs]
115.294: Total time for which application threads were stopped: 0.0045157 seconds, Stopping threads took: 0.0000201 seconds
115.361: [GC (Allocation Failure)  561835K->242699K(1033728K), 0.0040453 secs]
115.365: Total time for which application threads were stopped: 0.0042161 seconds, Stopping threads took: 0.0000203 seconds
115.432: [GC (Allocation Failure)  562187K->250350K(1033728K), 0.0041830 secs]
115.436: Total time for which application threads were stopped: 0.0043397 seconds, Stopping threads took: 0.0000196 seconds
115.503: [GC (Allocation Failure)  569838K->250350K(1033728K), 0.0046441 secs]
115.507: Total time for which application threads were stopped: 0.0048049 seconds, Stopping threads took: 0.0000248 seconds
115.573: [GC (Allocation Failure)  569838K->251950K(1033728K), 0.0045177 secs]
115.577: Total time for which application threads were stopped: 0.0046975 seconds, Stopping threads took: 0.0000205 seconds
115.647: [GC (Allocation Failure)  571438K->258416K(1033728K), 0.0043431 secs]
115.651: Total time for which application threads were stopped: 0.0045104 seconds, Stopping threads took: 0.0000197 seconds
115.717: [GC (Allocation Failure)  577904K->258384K(1033728K), 0.0041992 secs]
115.721: Total time for which application threads were stopped: 0.0043603 seconds, Stopping threads took: 0.0000195 seconds
115.786: [GC (Allocation Failure)  577872K->259176K(1033728K), 0.0042558 secs]
115.791: Total time for which application threads were stopped: 0.0044182 seconds, Stopping threads took: 0.0000203 seconds
115.858: [GC (Allocation Failure)  578664K->266442K(1033728K), 0.0042312 secs]
115.863: Total time for which application threads were stopped: 0.0044093 seconds, Stopping threads took: 0.0000189 seconds
115.928: [GC (Allocation Failure)  585930K->266442K(1033728K), 0.0047895 secs]
115.933: Total time for which application threads were stopped: 0.0049491 seconds, Stopping threads took: 0.0000193 seconds
115.998: [GC (Allocation Failure)  585930K->267402K(1033728K), 0.0043167 secs]
116.003: Total time for which application threads were stopped: 0.0044806 seconds, Stopping threads took: 0.0000197 seconds
116.070: [GC (Allocation Failure)  586890K->274508K(1033728K), 0.0065138 secs]
116.077: Total time for which application threads were stopped: 0.0068387 seconds, Stopping threads took: 0.0000193 seconds
116.144: [GC (Allocation Failure)  593996K->274444K(1033728K), 0.0042104 secs]
116.148: Total time for which application threads were stopped: 0.0043784 seconds, Stopping threads took: 0.0000279 seconds
116.214: [GC (Allocation Failure)  593932K->274596K(1033728K), 0.0042377 secs]
116.218: Total time for which application threads were stopped: 0.0044030 seconds, Stopping threads took: 0.0000184 seconds
116.285: [GC (Allocation Failure)  594084K->282471K(1032704K), 0.0041571 secs]
116.290: Total time for which application threads were stopped: 0.0043398 seconds, Stopping threads took: 0.0000198 seconds
116.357: [GC (Allocation Failure)  600935K->282471K(1033216K), 0.0054243 secs]
116.363: Total time for which application threads were stopped: 0.0055959 seconds, Stopping threads took: 0.0000244 seconds
116.429: [GC (Allocation Failure)  600935K->282823K(1032704K), 0.0050827 secs]
116.435: Total time for which application threads were stopped: 0.0052558 seconds, Stopping threads took: 0.0000194 seconds
116.500: [GC (Allocation Failure)  601287K->290473K(1033216K), 0.0083807 secs]
116.509: Total time for which application threads were stopped: 0.0085604 seconds, Stopping threads took: 0.0000196 seconds
116.576: [GC (Allocation Failure)  608937K->290505K(1033216K), 0.0042302 secs]
116.580: Total time for which application threads were stopped: 0.0044182 seconds, Stopping threads took: 0.0000183 seconds
116.646: [GC (Allocation Failure)  608969K->291081K(1033216K), 0.0041759 secs]
116.650: Total time for which application threads were stopped: 0.0043417 seconds, Stopping threads took: 0.0000193 seconds
116.717: [GC (Allocation Failure)  609545K->298539K(1033216K), 0.0044622 secs]
116.722: Total time for which application threads were stopped: 0.0046289 seconds, Stopping threads took: 0.0000199 seconds
116.787: [GC (Allocation Failure)  617003K->298507K(1033216K), 0.0044146 secs]
116.792: Total time for which application threads were stopped: 0.0046069 seconds, Stopping threads took: 0.0000195 seconds
116.857: [GC (Allocation Failure)  616971K->299307K(1033216K), 0.0042849 secs]
116.861: Total time for which application threads were stopped: 0.0044418 seconds, Stopping threads took: 0.0000165 seconds
116.928: [GC (Allocation Failure)  617771K->306605K(1033216K), 0.0043071 secs]
116.933: Total time for which application threads were stopped: 0.0045007 seconds, Stopping threads took: 0.0000196 seconds
117.001: [GC (Allocation Failure)  625069K->306573K(1033216K), 0.0042909 secs]
117.006: Total time for which application threads were stopped: 0.0044764 seconds, Stopping threads took: 0.0000165 seconds
117.072: [GC (Allocation Failure)  625037K->306637K(1033216K), 0.0042983 secs]
117.077: Total time for which application threads were stopped: 0.0045903 seconds, Stopping threads took: 0.0000168 seconds
117.144: [GC (Allocation Failure)  625101K->314608K(1033216K), 0.0042477 secs]
117.148: Total time for which application threads were stopped: 0.0044259 seconds, Stopping threads took: 0.0000202 seconds
117.214: [GC (Allocation Failure)  633072K->314640K(1033216K), 0.0044131 secs]
117.218: Total time for which application threads were stopped: 0.0045821 seconds, Stopping threads took: 0.0000199 seconds
117.285: [GC (Allocation Failure)  633104K->314760K(1033216K), 0.0042402 secs]
117.289: Total time for which application threads were stopped: 0.0044006 seconds, Stopping threads took: 0.0000202 seconds
117.356: [GC (Allocation Failure)  633224K->322666K(1033216K), 0.0045214 secs]
117.361: Total time for which application threads were stopped: 0.0046985 seconds, Stopping threads took: 0.0000214 seconds
117.426: [GC (Allocation Failure)  641130K->322634K(1033216K), 0.0043778 secs]
117.430: Total time for which application threads were stopped: 0.0045585 seconds, Stopping threads took: 0.0000203 seconds
117.496: [GC (Allocation Failure)  641098K->322986K(1033216K), 0.0044154 secs]
117.500: Total time for which application threads were stopped: 0.0045886 seconds, Stopping threads took: 0.0000207 seconds
117.568: [GC (Allocation Failure)  641450K->330700K(1033216K), 0.0041456 secs]
117.572: Total time for which application threads were stopped: 0.0043035 seconds, Stopping threads took: 0.0000197 seconds
117.640: [GC (Allocation Failure)  649164K->330700K(1033216K), 0.0042725 secs]
117.645: Total time for which application threads were stopped: 0.0044465 seconds, Stopping threads took: 0.0000265 seconds
117.709: [GC (Allocation Failure)  649164K->331204K(1033216K), 0.0045369 secs]
117.714: Total time for which application threads were stopped: 0.0047275 seconds, Stopping threads took: 0.0000197 seconds
117.782: [GC (Allocation Failure)  649668K->338727K(1033216K), 0.0044383 secs]
117.787: Total time for which application threads were stopped: 0.0045939 seconds, Stopping threads took: 0.0000169 seconds
117.855: [GC (Allocation Failure)  657191K->338727K(1033216K), 0.0045429 secs]
117.859: Total time for which application threads were stopped: 0.0047078 seconds, Stopping threads took: 0.0000205 seconds
117.924: [GC (Allocation Failure)  657191K->338959K(1033216K), 0.0045293 secs]
117.929: Total time for which application threads were stopped: 0.0046907 seconds, Stopping threads took: 0.0000202 seconds
117.996: [GC (Allocation Failure)  657423K->346737K(1033216K), 0.0045114 secs]
118.001: Total time for which application threads were stopped: 0.0046704 seconds, Stopping threads took: 0.0000198 seconds
118.065: [GC (Allocation Failure)  665201K->342799K(1033216K), 0.0031912 secs]
118.068: Total time for which application threads were stopped: 0.0033610 seconds, Stopping threads took: 0.0000196 seconds
118.136: [GC (Allocation Failure)  661263K->346889K(1034752K), 0.0042609 secs]
118.140: Total time for which application threads were stopped: 0.0044624 seconds, Stopping threads took: 0.0000215 seconds
118.209: [GC (Allocation Failure)  667401K->350857K(1033728K), 0.0042564 secs]
118.213: Total time for which application threads were stopped: 0.0044059 seconds, Stopping threads took: 0.0000172 seconds
118.281: [GC (Allocation Failure)  671369K->343015K(1034240K), 0.0013245 secs]
118.282: Total time for which application threads were stopped: 0.0014483 seconds, Stopping threads took: 0.0000191 seconds
118.349: [GC (Allocation Failure)  663527K->350929K(1034240K), 0.0045555 secs]
118.354: Total time for which application threads were stopped: 0.0047268 seconds, Stopping threads took: 0.0000203 seconds
118.421: [GC (Allocation Failure)  671441K->354977K(1034240K), 0.0089191 secs]
118.430: Total time for which application threads were stopped: 0.0090882 seconds, Stopping threads took: 0.0000196 seconds
118.498: [GC (Allocation Failure)  675489K->361711K(1034240K), 0.0086483 secs]
118.507: Total time for which application threads were stopped: 0.0088061 seconds, Stopping threads took: 0.0000267 seconds
118.575: [GC (Allocation Failure)  682223K->355665K(1029120K), 0.0045517 secs]
118.580: Total time for which application threads were stopped: 0.0047208 seconds, Stopping threads took: 0.0000193 seconds
118.646: [GC (Allocation Failure)  671057K->355441K(1031680K), 0.0043150 secs]
118.651: Total time for which application threads were stopped: 0.0045007 seconds, Stopping threads took: 0.0000194 seconds
118.717: [GC (Allocation Failure)  670833K->350127K(1032704K), 0.0023365 secs]
118.719: Total time for which application threads were stopped: 0.0024916 seconds, Stopping threads took: 0.0000191 seconds
118.786: [GC (Allocation Failure)  667055K->355665K(1032192K), 0.0043840 secs]
118.790: Total time for which application threads were stopped: 0.0045595 seconds, Stopping threads took: 0.0000212 seconds
118.856: [GC (Allocation Failure)  672593K->355473K(1033216K), 0.0044223 secs]
118.861: Total time for which application threads were stopped: 0.0046210 seconds, Stopping threads took: 0.0000217 seconds
118.927: [GC (Allocation Failure)  673425K->358857K(1032704K), 0.0050476 secs]
118.932: Total time for which application threads were stopped: 0.0051959 seconds, Stopping threads took: 0.0000169 seconds
119.000: [GC (Allocation Failure)  676809K->363595K(1033728K), 0.0045207 secs]
119.004: Total time for which application threads were stopped: 0.0047147 seconds, Stopping threads took: 0.0000202 seconds
119.073: [GC (Allocation Failure)  682571K->363467K(1033216K), 0.0046285 secs]
119.077: Total time for which application threads were stopped: 0.0047894 seconds, Stopping threads took: 0.0000193 seconds
119.142: [GC (Allocation Failure)  682443K->367587K(1034240K), 0.0054646 secs]
119.148: Total time for which application threads were stopped: 0.0056321 seconds, Stopping threads took: 0.0000197 seconds
119.215: [GC (Allocation Failure)  687587K->371557K(1033728K), 0.0044438 secs]
119.219: Total time for which application threads were stopped: 0.0046264 seconds, Stopping threads took: 0.0000198 seconds
119.286: [GC (Allocation Failure)  691557K->371525K(1034752K), 0.0044017 secs]
119.291: Total time for which application threads were stopped: 0.0045612 seconds, Stopping threads took: 0.0000195 seconds
119.357: [GC (Allocation Failure)  692549K->373261K(1034240K), 0.0046607 secs]
119.361: Total time for which application threads were stopped: 0.0048290 seconds, Stopping threads took: 0.0000199 seconds
119.427: [GC (Allocation Failure)  694285K->379568K(1034240K), 0.0043846 secs]
119.432: Total time for which application threads were stopped: 0.0045568 seconds, Stopping threads took: 0.0000201 seconds
119.499: [GC (Allocation Failure)  700080K->379568K(1034240K), 0.0050333 secs]
119.504: Total time for which application threads were stopped: 0.0052271 seconds, Stopping threads took: 0.0000196 seconds
119.572: [GC (Allocation Failure)  700080K->379976K(1033728K), 0.0044999 secs]
119.576: Total time for which application threads were stopped: 0.0046614 seconds, Stopping threads took: 0.0000194 seconds
119.644: [GC (Allocation Failure)  700488K->387594K(1034240K), 0.0042841 secs]
119.649: Total time for which application threads were stopped: 0.0044534 seconds, Stopping threads took: 0.0000281 seconds
119.716: [GC (Allocation Failure)  708106K->387562K(1034240K), 0.0042856 secs]
119.721: Total time for which application threads were stopped: 0.0044628 seconds, Stopping threads took: 0.0000275 seconds
119.787: [GC (Allocation Failure)  708074K->390250K(1034240K), 0.0047782 secs]
119.792: Total time for which application threads were stopped: 0.0049502 seconds, Stopping threads took: 0.0000199 seconds
119.860: [GC (Allocation Failure)  710762K->395628K(1034752K), 0.0045716 secs]
119.865: Total time for which application threads were stopped: 0.0047422 seconds, Stopping threads took: 0.0000205 seconds
119.933: [GC (Allocation Failure)  717164K->395628K(1034752K), 0.0044203 secs]
119.937: Total time for which application threads were stopped: 0.0046016 seconds, Stopping threads took: 0.0000214 seconds
120.004: [GC (Allocation Failure)  717164K->398476K(1034752K), 0.0049423 secs]
120.009: Total time for which application threads were stopped: 0.0051003 seconds, Stopping threads took: 0.0000199 seconds
120.079: [GC (Allocation Failure)  720012K->403758K(1034752K), 0.0043472 secs]
120.083: Total time for which application threads were stopped: 0.0045291 seconds, Stopping threads took: 0.0000165 seconds
120.153: [GC (Allocation Failure)  725294K->403662K(1034752K), 0.0043301 secs]
120.157: Total time for which application threads were stopped: 0.0044882 seconds, Stopping threads took: 0.0000170 seconds
120.223: [GC (Allocation Failure)  725198K->407718K(1034752K), 0.0055352 secs]
120.229: Total time for which application threads were stopped: 0.0056990 seconds, Stopping threads took: 0.0000249 seconds
120.295: [GC (Allocation Failure)  729254K->411721K(1035264K), 0.0043781 secs]
120.299: Total time for which application threads were stopped: 0.0045590 seconds, Stopping threads took: 0.0000204 seconds
120.368: [GC (Allocation Failure)  734281K->411657K(1035264K), 0.0043568 secs]
120.372: Total time for which application threads were stopped: 0.0045288 seconds, Stopping threads took: 0.0000197 seconds
120.440: [GC (Allocation Failure)  734217K->414953K(1035264K), 0.0052740 secs]
120.445: Total time for which application threads were stopped: 0.0054583 seconds, Stopping threads took: 0.0000217 seconds
120.514: [GC (Allocation Failure)  737513K->419659K(1035264K), 0.0050413 secs]
120.519: Total time for which application threads were stopped: 0.0052401 seconds, Stopping threads took: 0.0000259 seconds
120.587: [GC (Allocation Failure)  742219K->419691K(1035264K), 0.0045366 secs]
120.592: Total time for which application threads were stopped: 0.0047159 seconds, Stopping threads took: 0.0000199 seconds
120.661: [GC (Allocation Failure)  742251K->423171K(1035264K), 0.0064190 secs]
120.667: Total time for which application threads were stopped: 0.0065885 seconds, Stopping threads took: 0.0000262 seconds
120.734: [GC (Allocation Failure)  745731K->427717K(1035264K), 0.0044108 secs]
120.738: Total time for which application threads were stopped: 0.0045905 seconds, Stopping threads took: 0.0000197 seconds
120.807: [GC (Allocation Failure)  750277K->427749K(1035264K), 0.0043420 secs]
120.811: Total time for which application threads were stopped: 0.0045202 seconds, Stopping threads took: 0.0000205 seconds
120.877: [GC (Allocation Failure)  750309K->431397K(1035776K), 0.0052582 secs]
120.882: Total time for which application threads were stopped: 0.0054232 seconds, Stopping threads took: 0.0000203 seconds
120.951: [GC (Allocation Failure)  754469K->435751K(1035264K), 0.0044659 secs]
120.955: Total time for which application threads were stopped: 0.0046384 seconds, Stopping threads took: 0.0000207 seconds
121.023: [GC (Allocation Failure)  758823K->435751K(1035776K), 0.0046651 secs]
121.028: Total time for which application threads were stopped: 0.0048359 seconds, Stopping threads took: 0.0000204 seconds
121.095: [GC (Allocation Failure)  759335K->437607K(1025024K), 0.0046372 secs]
121.100: Total time for which application threads were stopped: 0.0048093 seconds, Stopping threads took: 0.0000202 seconds
121.168: [GC (Allocation Failure)  761191K->443882K(1035264K), 0.0045800 secs]
121.173: Total time for which application threads were stopped: 0.0047422 seconds, Stopping threads took: 0.0000203 seconds
121.240: [GC (Allocation Failure)  766442K->443786K(1035264K), 0.0044423 secs]
121.245: Total time for which application threads were stopped: 0.0046091 seconds, Stopping threads took: 0.0000193 seconds
121.312: [GC (Allocation Failure)  766346K->438791K(1035264K), 0.0027273 secs]
121.314: Total time for which application threads were stopped: 0.0028933 seconds, Stopping threads took: 0.0000193 seconds
121.382: [GC (Allocation Failure)  761351K->443850K(1035264K), 0.0045307 secs]
121.386: Total time for which application threads were stopped: 0.0047021 seconds, Stopping threads took: 0.0000204 seconds
121.456: [GC (Allocation Failure)  766410K->443786K(1035264K), 0.0044457 secs]
121.460: Total time for which application threads were stopped: 0.0046174 seconds, Stopping threads took: 0.0000198 seconds
121.529: [GC (Allocation Failure)  766346K->443111K(1035264K), 0.0043759 secs]
121.533: Total time for which application threads were stopped: 0.0045324 seconds, Stopping threads took: 0.0000174 seconds
121.600: [GC (Allocation Failure)  765671K->444042K(1035776K), 0.0045193 secs]
121.605: Total time for which application threads were stopped: 0.0046919 seconds, Stopping threads took: 0.0000195 seconds
121.674: [GC (Allocation Failure)  767626K->443786K(1035776K), 0.0046162 secs]
121.679: Total time for which application threads were stopped: 0.0047925 seconds, Stopping threads took: 0.0000279 seconds
121.745: [GC (Allocation Failure)  767370K->449415K(1031680K), 0.0071220 secs]
121.752: Total time for which application threads were stopped: 0.0072812 seconds, Stopping threads took: 0.0000183 seconds
121.819: [GC (Allocation Failure)  768903K->444842K(1033728K), 0.0045140 secs]
121.824: Total time for which application threads were stopped: 0.0046738 seconds, Stopping threads took: 0.0000191 seconds
121.891: [GC (Allocation Failure)  764330K->444650K(1034752K), 0.0053431 secs]
121.896: Total time for which application threads were stopped: 0.0055203 seconds, Stopping threads took: 0.0000213 seconds
121.964: [GC (Allocation Failure)  765674K->446951K(1034240K), 0.0054693 secs]
121.969: Total time for which application threads were stopped: 0.0056621 seconds, Stopping threads took: 0.0000182 seconds
122.039: [GC (Allocation Failure)  767975K->444810K(1034752K), 0.0045918 secs]
122.043: Total time for which application threads were stopped: 0.0047444 seconds, Stopping threads took: 0.0000166 seconds
122.110: [GC (Allocation Failure)  765834K->444714K(1034240K), 0.0044924 secs]
122.115: Total time for which application threads were stopped: 0.0046621 seconds, Stopping threads took: 0.0000202 seconds
122.182: [GC (Allocation Failure)  765738K->446663K(1035264K), 0.0054497 secs]
122.188: Total time for which application threads were stopped: 0.0056291 seconds, Stopping threads took: 0.0000197 seconds
122.257: [GC (Allocation Failure)  769223K->444778K(1035264K), 0.0044716 secs]
122.261: Total time for which application threads were stopped: 0.0046333 seconds, Stopping threads took: 0.0000197 seconds
122.330: [GC (Allocation Failure)  767338K->444682K(1036288K), 0.0045371 secs]
122.334: Total time for which application threads were stopped: 0.0047046 seconds, Stopping threads took: 0.0000200 seconds
122.403: [GC (Allocation Failure)  768778K->452455K(1035776K), 0.0082135 secs]
122.411: Total time for which application threads were stopped: 0.0083943 seconds, Stopping threads took: 0.0000195 seconds
122.479: [GC (Allocation Failure)  776551K->448234K(1032704K), 0.0043653 secs]
122.484: Total time for which application threads were stopped: 0.0045623 seconds, Stopping threads took: 0.0000196 seconds
122.552: [GC (Allocation Failure)  768746K->448234K(1034240K), 0.0044786 secs]
122.556: Total time for which application threads were stopped: 0.0046294 seconds, Stopping threads took: 0.0000177 seconds
122.624: [GC (Allocation Failure)  768746K->441415K(1033216K), 0.0017368 secs]
122.625: Total time for which application threads were stopped: 0.0018876 seconds, Stopping threads took: 0.0000275 seconds
122.694: [GC (Allocation Failure)  760903K->448490K(1033728K), 0.0044820 secs]
122.699: Total time for which application threads were stopped: 0.0046414 seconds, Stopping threads took: 0.0000252 seconds
122.766: [GC (Allocation Failure)  767978K->452410K(1034752K), 0.0053221 secs]
122.771: Total time for which application threads were stopped: 0.0055057 seconds, Stopping threads took: 0.0000257 seconds
122.838: [GC (Allocation Failure)  773434K->458503K(1034240K), 0.0072291 secs]
122.845: Total time for which application threads were stopped: 0.0073892 seconds, Stopping threads took: 0.0000198 seconds
122.915: [GC (Allocation Failure)  779527K->452938K(1033216K), 0.0044730 secs]
122.919: Total time for which application threads were stopped: 0.0046229 seconds, Stopping threads took: 0.0000167 seconds
122.986: [GC (Allocation Failure)  772426K->452714K(1033728K), 0.0045431 secs]
122.991: Total time for which application threads were stopped: 0.0047245 seconds, Stopping threads took: 0.0000203 seconds
123.058: [GC (Allocation Failure)  772202K->455527K(1033216K), 0.0056999 secs]
123.063: Total time for which application threads were stopped: 0.0058660 seconds, Stopping threads took: 0.0000201 seconds
123.131: [GC (Allocation Failure)  775015K->452874K(1033728K), 0.0071958 secs]
123.138: Total time for which application threads were stopped: 0.0073805 seconds, Stopping threads took: 0.0000264 seconds
123.206: [GC (Allocation Failure)  772362K->452778K(1034752K), 0.0045160 secs]
123.211: Total time for which application threads were stopped: 0.0046949 seconds, Stopping threads took: 0.0000222 seconds
123.277: [GC (Allocation Failure)  773802K->452167K(1034240K), 0.0042656 secs]
123.282: Total time for which application threads were stopped: 0.0044420 seconds, Stopping threads took: 0.0000283 seconds
123.349: [GC (Allocation Failure)  773191K->452842K(1035264K), 0.0043054 secs]
123.354: Total time for which application threads were stopped: 0.0044545 seconds, Stopping threads took: 0.0000169 seconds
123.423: [GC (Allocation Failure)  775402K->452746K(1035264K), 0.0045192 secs]
123.428: Total time for which application threads were stopped: 0.0047046 seconds, Stopping threads took: 0.0000274 seconds
123.496: [GC (Allocation Failure)  775306K->454919K(1035776K), 0.0104240 secs]
123.507: Total time for which application threads were stopped: 0.0105681 seconds, Stopping threads took: 0.0000190 seconds
123.576: [GC (Allocation Failure)  778503K->452778K(1035776K), 0.0047236 secs]
123.581: Total time for which application threads were stopped: 0.0048862 seconds, Stopping threads took: 0.0000191 seconds
123.648: [GC (Allocation Failure)  776362K->452714K(1036288K), 0.0045053 secs]
123.652: Total time for which application threads were stopped: 0.0046734 seconds, Stopping threads took: 0.0000196 seconds
123.720: [GC (Allocation Failure)  776810K->446407K(1025536K), 0.0020970 secs]
123.722: Total time for which application threads were stopped: 0.0022637 seconds, Stopping threads took: 0.0000195 seconds
123.790: [GC (Allocation Failure)  770503K->452962K(1035776K), 0.0050663 secs]
123.795: Total time for which application threads were stopped: 0.0052419 seconds, Stopping threads took: 0.0000200 seconds
123.863: [GC (Allocation Failure)  776034K->456890K(1035264K), 0.0053572 secs]
123.869: Total time for which application threads were stopped: 0.0055268 seconds, Stopping threads took: 0.0000225 seconds
123.935: [GC (Allocation Failure)  779962K->456922K(1036288K), 0.0044720 secs]
123.940: Total time for which application threads were stopped: 0.0046649 seconds, Stopping threads took: 0.0000199 seconds
124.008: [GC (Allocation Failure)  781530K->457114K(1024512K), 0.0046085 secs]
124.013: Total time for which application threads were stopped: 0.0047648 seconds, Stopping threads took: 0.0000163 seconds
124.081: [GC (Allocation Failure)  781722K->464924K(1035776K), 0.0047263 secs]
124.086: Total time for which application threads were stopped: 0.0049231 seconds, Stopping threads took: 0.0000195 seconds
124.156: [GC (Allocation Failure)  788508K->464924K(1035776K), 0.0044826 secs]
124.160: Total time for which application threads were stopped: 0.0046445 seconds, Stopping threads took: 0.0000267 seconds
124.228: [GC (Allocation Failure)  788508K->465084K(1034752K), 0.0044834 secs]
124.233: Total time for which application threads were stopped: 0.0046484 seconds, Stopping threads took: 0.0000263 seconds
124.301: [GC (Allocation Failure)  787644K->472926K(1035264K), 0.0046317 secs]
124.305: Total time for which application threads were stopped: 0.0048286 seconds, Stopping threads took: 0.0000198 seconds
124.374: [GC (Allocation Failure)  795486K->472958K(1035264K), 0.0048647 secs]
124.379: Total time for which application threads were stopped: 0.0050259 seconds, Stopping threads took: 0.0000194 seconds
124.446: [GC (Allocation Failure)  795518K->473310K(1022464K), 0.0048334 secs]
124.451: Total time for which application threads were stopped: 0.0049934 seconds, Stopping threads took: 0.0000198 seconds
124.519: [GC (Allocation Failure)  795870K->480993K(1034752K), 0.0087103 secs]
124.528: Total time for which application threads were stopped: 0.0088671 seconds, Stopping threads took: 0.0000250 seconds
124.596: [GC (Allocation Failure)  802529K->481025K(1034752K), 0.0045066 secs]
124.600: Total time for which application threads were stopped: 0.0046476 seconds, Stopping threads took: 0.0000164 seconds
124.668: [GC (Allocation Failure)  802561K->481025K(1034240K), 0.0054167 secs]
124.673: Total time for which application threads were stopped: 0.0055900 seconds, Stopping threads took: 0.0000254 seconds
124.741: [GC (Allocation Failure)  802561K->489027K(1034752K), 0.0046346 secs]
124.746: Total time for which application threads were stopped: 0.0048150 seconds, Stopping threads took: 0.0000201 seconds
124.813: [GC (Allocation Failure)  810563K->488995K(1034752K), 0.0045372 secs]
124.818: Total time for which application threads were stopped: 0.0047042 seconds, Stopping threads took: 0.0000207 seconds
124.883: [GC (Allocation Failure)  810531K->489291K(1021440K), 0.0047617 secs]
124.888: Total time for which application threads were stopped: 0.0049245 seconds, Stopping threads took: 0.0000200 seconds
124.955: [GC (Allocation Failure)  810827K->497069K(1034240K), 0.0045257 secs]
124.959: Total time for which application threads were stopped: 0.0046982 seconds, Stopping threads took: 0.0000199 seconds
125.026: [GC (Allocation Failure)  817581K->497037K(1034240K), 0.0047266 secs]
125.031: Total time for which application threads were stopped: 0.0048977 seconds, Stopping threads took: 0.0000202 seconds
125.099: [GC (Allocation Failure)  817549K->497125K(1034240K), 0.0046286 secs]
125.103: Total time for which application threads were stopped: 0.0047991 seconds, Stopping threads took: 0.0000198 seconds
125.173: [GC (Allocation Failure)  817637K->505095K(1034240K), 0.0044886 secs]
125.177: Total time for which application threads were stopped: 0.0046697 seconds, Stopping threads took: 0.0000191 seconds
125.245: [GC (Allocation Failure)  825607K->505095K(1034240K), 0.0073240 secs]
125.253: Total time for which application threads were stopped: 0.0075099 seconds, Stopping threads took: 0.0000252 seconds
125.322: [GC (Allocation Failure)  825607K->505255K(1020416K), 0.0046467 secs]
125.326: Total time for which application threads were stopped: 0.0048572 seconds, Stopping threads took: 0.0000204 seconds
125.396: [GC (Allocation Failure)  825767K->513130K(1033728K), 0.0045249 secs]
125.400: Total time for which application threads were stopped: 0.0047179 seconds, Stopping threads took: 0.0000189 seconds
125.469: [GC (Allocation Failure)  832618K->513162K(1033728K), 0.0044711 secs]
125.474: Total time for which application threads were stopped: 0.0046277 seconds, Stopping threads took: 0.0000257 seconds
125.541: [GC (Allocation Failure)  832650K->513482K(1033728K), 0.0048052 secs]
125.545: Total time for which application threads were stopped: 0.0049814 seconds, Stopping threads took: 0.0000218 seconds
125.612: [GC (Allocation Failure)  832970K->521196K(1033728K), 0.0048056 secs]
125.617: Total time for which application threads were stopped: 0.0049930 seconds, Stopping threads took: 0.0000206 seconds
125.685: [GC (Allocation Failure)  840684K->521196K(1033728K), 0.0045810 secs]
125.689: Total time for which application threads were stopped: 0.0047376 seconds, Stopping threads took: 0.0000260 seconds
125.755: [GC (Allocation Failure)  840684K->521708K(1033728K), 0.0047250 secs]
125.760: Total time for which application threads were stopped: 0.0048875 seconds, Stopping threads took: 0.0000195 seconds
125.827: [GC (Allocation Failure)  841196K->529230K(1033728K), 0.0047387 secs]
125.832: Total time for which application threads were stopped: 0.0049133 seconds, Stopping threads took: 0.0000191 seconds
125.899: [GC (Allocation Failure)  848718K->529230K(1033728K), 0.0044639 secs]
125.904: Total time for which application threads were stopped: 0.0046679 seconds, Stopping threads took: 0.0000284 seconds
125.971: [GC (Allocation Failure)  848718K->529446K(1032704K), 0.0046925 secs]
125.976: Total time for which application threads were stopped: 0.0048409 seconds, Stopping threads took: 0.0000163 seconds
126.043: [GC (Allocation Failure)  847910K->537224K(1033216K), 0.0044873 secs]
126.048: Total time for which application threads were stopped: 0.0046729 seconds, Stopping threads took: 0.0000354 seconds
126.113: [GC (Allocation Failure)  855688K->533318K(1034240K), 0.0037107 secs]
126.116: Total time for which application threads were stopped: 0.0039034 seconds, Stopping threads took: 0.0000196 seconds
126.187: [GC (Allocation Failure)  852806K->537384K(1033216K), 0.0047519 secs]
126.192: Total time for which application threads were stopped: 0.0049091 seconds, Stopping threads took: 0.0000162 seconds
126.259: [GC (Allocation Failure)  856872K->541384K(1034752K), 0.0047208 secs]
126.264: Total time for which application threads were stopped: 0.0048914 seconds, Stopping threads took: 0.0000199 seconds
126.331: [GC (Allocation Failure)  862920K->534566K(1034752K), 0.0021915 secs]
126.333: Total time for which application threads were stopped: 0.0023390 seconds, Stopping threads took: 0.0000197 seconds
126.402: [GC (Allocation Failure)  856102K->541424K(1034752K), 0.0046151 secs]
126.407: Total time for which application threads were stopped: 0.0047846 seconds, Stopping threads took: 0.0000196 seconds
126.474: [GC (Allocation Failure)  862960K->545504K(1034752K), 0.0056325 secs]
126.480: Total time for which application threads were stopped: 0.0058211 seconds, Stopping threads took: 0.0000203 seconds
126.548: [GC (Allocation Failure)  867040K->539966K(1034752K), 0.0027271 secs]
126.551: Total time for which application threads were stopped: 0.0029341 seconds, Stopping threads took: 0.0000171 seconds
126.620: [GC (Allocation Failure)  861502K->545776K(1034752K), 0.0047123 secs]
126.625: Total time for which application threads were stopped: 0.0048687 seconds, Stopping threads took: 0.0000248 seconds
126.691: [GC (Allocation Failure)  867312K->549648K(1034752K), 0.0049929 secs]
126.697: Total time for which application threads were stopped: 0.0051551 seconds, Stopping threads took: 0.0000199 seconds
126.763: [GC (Allocation Failure)  872137K->545774K(1035264K), 0.0035774 secs]
126.767: Total time for which application threads were stopped: 0.0037700 seconds, Stopping threads took: 0.0000198 seconds
126.836: [GC (Allocation Failure)  868334K->549800K(1036288K), 0.0046846 secs]
126.841: Total time for which application threads were stopped: 0.0048352 seconds, Stopping threads took: 0.0000164 seconds
126.908: [GC (Allocation Failure)  873896K->553768K(1035776K), 0.0048101 secs]
126.913: Total time for which application threads were stopped: 0.0049819 seconds, Stopping threads took: 0.0000192 seconds
126.982: [GC (Allocation Failure)  877864K->553768K(1035776K), 0.0046738 secs]
126.987: Total time for which application threads were stopped: 0.0048284 seconds, Stopping threads took: 0.0000195 seconds
127.054: [GC (Allocation Failure)  877352K->553832K(1023488K), 0.0046016 secs]
127.058: Total time for which application threads were stopped: 0.0047624 seconds, Stopping threads took: 0.0000196 seconds
127.125: [GC (Allocation Failure)  877416K->561803K(1035264K), 0.0048194 secs]
127.130: Total time for which application threads were stopped: 0.0049853 seconds, Stopping threads took: 0.0000252 seconds
127.197: [GC (Allocation Failure)  884363K->561803K(1030144K), 0.0047051 secs]
127.202: Total time for which application threads were stopped: 0.0048719 seconds, Stopping threads took: 0.0000198 seconds
127.271: [GC (Allocation Failure)  884363K->561859K(1034752K), 0.0047965 secs]
127.276: Total time for which application threads were stopped: 0.0049550 seconds, Stopping threads took: 0.0000171 seconds
127.343: [GC (Allocation Failure)  883395K->569829K(1034752K), 0.0048571 secs]
127.348: Total time for which application threads were stopped: 0.0050254 seconds, Stopping threads took: 0.0000202 seconds
127.416: [GC (Allocation Failure)  891365K->569829K(1033728K), 0.0046708 secs]
127.421: Total time for which application threads were stopped: 0.0048369 seconds, Stopping threads took: 0.0000186 seconds
127.487: [GC (Allocation Failure)  890341K->570093K(1034240K), 0.0046499 secs]
127.492: Total time for which application threads were stopped: 0.0048211 seconds, Stopping threads took: 0.0000203 seconds
127.560: [GC (Allocation Failure)  890605K->577871K(1034240K), 0.0045686 secs]
127.565: Total time for which application threads were stopped: 0.0047284 seconds, Stopping threads took: 0.0000201 seconds
127.635: [GC (Allocation Failure)  898383K->577871K(1034240K), 0.0047594 secs]
127.640: Total time for which application threads were stopped: 0.0049155 seconds, Stopping threads took: 0.0000252 seconds
127.707: [GC (Allocation Failure)  898383K->578311K(1034240K), 0.0048475 secs]
127.712: Total time for which application threads were stopped: 0.0050143 seconds, Stopping threads took: 0.0000270 seconds
127.781: [GC (Allocation Failure)  898823K->585897K(1028096K), 0.0047956 secs]
127.785: Total time for which application threads were stopped: 0.0049569 seconds, Stopping threads took: 0.0000200 seconds
127.852: [GC (Allocation Failure)  906409K->585897K(1033728K), 0.0048570 secs]
127.857: Total time for which application threads were stopped: 0.0050313 seconds, Stopping threads took: 0.0000190 seconds
127.922: [GC (Allocation Failure)  905385K->586057K(1033728K), 0.0048899 secs]
127.927: Total time for which application threads were stopped: 0.0050572 seconds, Stopping threads took: 0.0000192 seconds
127.996: [GC (Allocation Failure)  905545K->593964K(1033728K), 0.0046308 secs]
128.001: Total time for which application threads were stopped: 0.0048093 seconds, Stopping threads took: 0.0000185 seconds
128.069: [GC (Allocation Failure)  913452K->593932K(1033728K), 0.0048121 secs]
128.074: Total time for which application threads were stopped: 0.0049790 seconds, Stopping threads took: 0.0000188 seconds
128.140: [GC (Allocation Failure)  913420K->593996K(1033728K), 0.0047881 secs]
128.145: Total time for which application threads were stopped: 0.0049700 seconds, Stopping threads took: 0.0000270 seconds
128.213: [GC (Allocation Failure)  913484K->601934K(1027072K), 0.0048007 secs]
128.218: Total time for which application threads were stopped: 0.0049626 seconds, Stopping threads took: 0.0000189 seconds
128.283: [GC (Allocation Failure)  921422K->598092K(1034240K), 0.0039026 secs]
128.287: Total time for which application threads were stopped: 0.0040931 seconds, Stopping threads took: 0.0000187 seconds
128.356: [GC (Allocation Failure)  917580K->602126K(1033216K), 0.0049800 secs]
128.361: Total time for which application threads were stopped: 0.0051589 seconds, Stopping threads took: 0.0000170 seconds
128.430: [GC (Allocation Failure)  921614K->606126K(1034752K), 0.0046718 secs]
128.435: Total time for which application threads were stopped: 0.0048280 seconds, Stopping threads took: 0.0000192 seconds
128.501: [GC (Allocation Failure)  927662K->599308K(1034752K), 0.0060770 secs]
128.507: Total time for which application threads were stopped: 0.0062879 seconds, Stopping threads took: 0.0000277 seconds
128.576: [GC (Allocation Failure)  920844K->606166K(1034752K), 0.0048211 secs]
128.580: Total time for which application threads were stopped: 0.0049925 seconds, Stopping threads took: 0.0000191 seconds
128.648: [GC (Allocation Failure)  927702K->610278K(1034752K), 0.0056900 secs]
128.654: Total time for which application threads were stopped: 0.0058888 seconds, Stopping threads took: 0.0000173 seconds
128.719: [GC (Allocation Failure)  931814K->604708K(1034752K), 0.0028835 secs]
128.722: Total time for which application threads were stopped: 0.0030506 seconds, Stopping threads took: 0.0000207 seconds
128.790: [GC (Allocation Failure)  926244K->610518K(1034752K), 0.0049138 secs]
128.795: Total time for which application threads were stopped: 0.0050870 seconds, Stopping threads took: 0.0000199 seconds
128.862: [GC (Allocation Failure)  932054K->614390K(1034752K), 0.0051141 secs]
128.867: Total time for which application threads were stopped: 0.0052866 seconds, Stopping threads took: 0.0000203 seconds
128.934: [GC (Allocation Failure)  936878K->610484K(1035264K), 0.0037981 secs]
128.938: Total time for which application threads were stopped: 0.0039801 seconds, Stopping threads took: 0.0000201 seconds
129.007: [GC (Allocation Failure)  933044K->614542K(1036288K), 0.0048487 secs]
129.012: Total time for which application threads were stopped: 0.0050163 seconds, Stopping threads took: 0.0000214 seconds
129.079: [GC (Allocation Failure)  938638K->618542K(1035776K), 0.0048992 secs]
129.084: Total time for which application threads were stopped: 0.0050790 seconds, Stopping threads took: 0.0000201 seconds
129.155: [GC (Allocation Failure)  942638K->618542K(1035776K), 0.0049481 secs]
129.160: Total time for which application threads were stopped: 0.0051218 seconds, Stopping threads took: 0.0000258 seconds
129.227: [GC (Allocation Failure)  942126K->618574K(1023488K), 0.0050244 secs]
129.232: Total time for which application threads were stopped: 0.0052106 seconds, Stopping threads took: 0.0000253 seconds
129.298: [GC (Allocation Failure)  942158K->626576K(1035264K), 0.0049970 secs]
129.303: Total time for which application threads were stopped: 0.0051677 seconds, Stopping threads took: 0.0000199 seconds
129.371: [GC (Allocation Failure)  949136K->626544K(1030144K), 0.0048421 secs]
129.376: Total time for which application threads were stopped: 0.0050276 seconds, Stopping threads took: 0.0000200 seconds
129.444: [GC (Allocation Failure)  949104K->626600K(1034752K), 0.0047519 secs]
129.448: Total time for which application threads were stopped: 0.0049221 seconds, Stopping threads took: 0.0000198 seconds
129.518: [GC (Allocation Failure)  948136K->634539K(1034752K), 0.0063464 secs]
129.524: Total time for which application threads were stopped: 0.0065144 seconds, Stopping threads took: 0.0000254 seconds
129.593: [GC (Allocation Failure)  956075K->634603K(1033728K), 0.0048459 secs]
129.598: Total time for which application threads were stopped: 0.0050030 seconds, Stopping threads took: 0.0000169 seconds
129.665: [GC (Allocation Failure)  955115K->634827K(1034240K), 0.0048782 secs]
129.670: Total time for which application threads were stopped: 0.0050720 seconds, Stopping threads took: 0.0000194 seconds
129.740: [GC (Allocation Failure)  955339K->642637K(1034240K), 0.0046629 secs]
129.744: Total time for which application threads were stopped: 0.0048501 seconds, Stopping threads took: 0.0000166 seconds
129.814: [GC (Allocation Failure)  963149K->642637K(1034240K), 0.0049526 secs]
129.819: Total time for which application threads were stopped: 0.0051125 seconds, Stopping threads took: 0.0000197 seconds
129.886: [GC (Allocation Failure)  963149K->643045K(1033216K), 0.0050728 secs]
129.892: Total time for which application threads were stopped: 0.0052631 seconds, Stopping threads took: 0.0000196 seconds
129.961: [GC (Allocation Failure)  962533K->650631K(1033728K), 0.0050106 secs]
129.966: Total time for which application threads were stopped: 0.0051766 seconds, Stopping threads took: 0.0000189 seconds
130.033: [GC (Allocation Failure)  970119K->650631K(1033728K), 0.0048994 secs]
130.038: Total time for which application threads were stopped: 0.0050597 seconds, Stopping threads took: 0.0000193 seconds
130.103: [GC (Allocation Failure)  970119K->650759K(1033728K), 0.0047504 secs]
130.108: Total time for which application threads were stopped: 0.0049491 seconds, Stopping threads took: 0.0000204 seconds
130.177: [GC (Allocation Failure)  970247K->658665K(1033728K), 0.0048123 secs]
130.182: Total time for which application threads were stopped: 0.0049622 seconds, Stopping threads took: 0.0000162 seconds
130.249: [GC (Allocation Failure)  978153K->658665K(1033728K), 0.0049438 secs]
130.254: Total time for which application threads were stopped: 0.0051372 seconds, Stopping threads took: 0.0000195 seconds
130.322: [GC (Allocation Failure)  978153K->658729K(1033728K), 0.0049701 secs]
130.327: Total time for which application threads were stopped: 0.0051402 seconds, Stopping threads took: 0.0000198 seconds
130.394: [GC (Allocation Failure)  978217K->666700K(1027072K), 0.0051466 secs]
130.399: Total time for which application threads were stopped: 0.0053253 seconds, Stopping threads took: 0.0000207 seconds
130.465: [GC (Allocation Failure)  986187K->662793K(1034240K), 0.0040439 secs]
130.469: Total time for which application threads were stopped: 0.0042232 seconds, Stopping threads took: 0.0000271 seconds
130.538: [GC (Allocation Failure)  982281K->666860K(1033216K), 0.0050870 secs]
130.543: Total time for which application threads were stopped: 0.0052624 seconds, Stopping threads took: 0.0000166 seconds
130.611: [GC (Allocation Failure)  986348K->670796K(1034752K), 0.0050587 secs]
130.616: Total time for which application threads were stopped: 0.0052278 seconds, Stopping threads took: 0.0000200 seconds
130.684: [GC (Allocation Failure)  992332K->664073K(1034752K), 0.0023185 secs]
130.686: Total time for which application threads were stopped: 0.0024812 seconds, Stopping threads took: 0.0000284 seconds
130.754: [GC (Allocation Failure)  985609K->670900K(1034752K), 0.0048694 secs]
130.759: Total time for which application threads were stopped: 0.0050423 seconds, Stopping threads took: 0.0000200 seconds
130.826: [GC (Allocation Failure)  992436K->675012K(1034752K), 0.0059565 secs]
130.832: Total time for which application threads were stopped: 0.0061309 seconds, Stopping threads took: 0.0000209 seconds
130.899: [GC (Allocation Failure)  996548K->669441K(1034752K), 0.0029645 secs]
130.902: Total time for which application threads were stopped: 0.0031319 seconds, Stopping threads took: 0.0000195 seconds
130.969: [GC (Allocation Failure)  990977K->675252K(1034752K), 0.0051790 secs]
130.975: Total time for which application threads were stopped: 0.0053623 seconds, Stopping threads took: 0.0000214 seconds
131.042: [GC (Allocation Failure)  996788K->679124K(1034752K), 0.0054604 secs]
131.048: Total time for which application threads were stopped: 0.0056444 seconds, Stopping threads took: 0.0000205 seconds
131.116: [GC (Allocation Failure)  1001612K->675217K(1035264K), 0.0064627 secs]
131.122: Total time for which application threads were stopped: 0.0066242 seconds, Stopping threads took: 0.0000201 seconds
131.192: [GC (Allocation Failure)  997777K->679244K(1036288K), 0.0048876 secs]
131.197: Total time for which application threads were stopped: 0.0050940 seconds, Stopping threads took: 0.0000283 seconds
131.265: [GC (Allocation Failure)  1003340K->683244K(1035776K), 0.0049790 secs]
131.270: Total time for which application threads were stopped: 0.0051723 seconds, Stopping threads took: 0.0000197 seconds
131.340: [GC (Allocation Failure)  1007340K->683244K(1035776K), 0.0049659 secs]
131.345: Total time for which application threads were stopped: 0.0051204 seconds, Stopping threads took: 0.0000193 seconds
131.415: [GC (Allocation Failure)  1006828K->683308K(1023488K), 0.0048295 secs]
131.419: Total time for which application threads were stopped: 0.0050016 seconds, Stopping threads took: 0.0000203 seconds
131.486: [GC (Allocation Failure)  1006892K->691310K(1035264K), 0.0051235 secs]
131.491: Total time for which application threads were stopped: 0.0052848 seconds, Stopping threads took: 0.0000195 seconds
131.560: [GC (Allocation Failure)  1013870K->691310K(1030144K), 0.0048789 secs]
131.565: Total time for which application threads were stopped: 0.0050508 seconds, Stopping threads took: 0.0000203 seconds
131.633: [GC (Allocation Failure)  1013870K->691342K(1034752K), 0.0048831 secs]
131.638: [Full GC (Ergonomics)  691342K->8520K(1034752K), 0.0135648 secs]
131.652: Total time for which application threads were stopped: 0.0187093 seconds, Stopping threads took: 0.0000279 seconds
131.719: [GC (Allocation Failure)  330056K->16586K(1029120K), 0.0037907 secs]
131.723: Total time for which application threads were stopped: 0.0039589 seconds, Stopping threads took: 0.0000192 seconds
131.791: [GC (Allocation Failure)  338122K->16602K(1034240K), 0.0036594 secs]
131.794: Total time for which application threads were stopped: 0.0038253 seconds, Stopping threads took: 0.0000187 seconds
131.863: [GC (Allocation Failure)  337114K->16850K(1034240K), 0.0038384 secs]
131.867: Total time for which application threads were stopped: 0.0040013 seconds, Stopping threads took: 0.0000193 seconds
131.934: [GC (Allocation Failure)  337362K->24628K(1034240K), 0.0037526 secs]
131.938: Total time for which application threads were stopped: 0.0039230 seconds, Stopping threads took: 0.0000200 seconds
132.006: [GC (Allocation Failure)  345140K->24660K(1034240K), 0.0036740 secs]
132.010: Total time for which application threads were stopped: 0.0038892 seconds, Stopping threads took: 0.0000193 seconds
132.079: [GC (Allocation Failure)  345172K->25084K(1033216K), 0.0038823 secs]
132.083: Total time for which application threads were stopped: 0.0040406 seconds, Stopping threads took: 0.0000167 seconds
132.152: [GC (Allocation Failure)  344572K->32671K(1033728K), 0.0036269 secs]
132.156: Total time for which application threads were stopped: 0.0038268 seconds, Stopping threads took: 0.0000258 seconds
132.225: [GC (Allocation Failure)  352159K->32671K(1033728K), 0.0036172 secs]
132.229: Total time for which application threads were stopped: 0.0037730 seconds, Stopping threads took: 0.0000166 seconds
132.294: [GC (Allocation Failure)  352159K->32807K(1033728K), 0.0036473 secs]
132.298: Total time for which application threads were stopped: 0.0038448 seconds, Stopping threads took: 0.0000205 seconds
132.367: [GC (Allocation Failure)  352295K->40745K(1033728K), 0.0037646 secs]
132.371: Total time for which application threads were stopped: 0.0039317 seconds, Stopping threads took: 0.0000185 seconds
132.437: [GC (Allocation Failure)  360233K->40745K(1033728K), 0.0038381 secs]
132.441: Total time for which application threads were stopped: 0.0040071 seconds, Stopping threads took: 0.0000193 seconds
132.508: [GC (Allocation Failure)  360233K->40737K(1033728K), 0.0045693 secs]
132.513: Total time for which application threads were stopped: 0.0047348 seconds, Stopping threads took: 0.0000258 seconds
132.580: [GC (Allocation Failure)  360225K->48707K(1027072K), 0.0038339 secs]
132.584: Total time for which application threads were stopped: 0.0040283 seconds, Stopping threads took: 0.0000193 seconds
132.650: [GC (Allocation Failure)  368195K->44833K(1034240K), 0.0025188 secs]
132.653: Total time for which application threads were stopped: 0.0026797 seconds, Stopping threads took: 0.0000260 seconds
132.723: [GC (Allocation Failure)  364321K->48907K(1033216K), 0.0037787 secs]
132.727: Total time for which application threads were stopped: 0.0039529 seconds, Stopping threads took: 0.0000184 seconds
132.794: [GC (Allocation Failure)  368395K->52907K(1034752K), 0.0038483 secs]
132.798: Total time for which application threads were stopped: 0.0040109 seconds, Stopping threads took: 0.0000207 seconds
132.865: [GC (Allocation Failure)  374443K->46089K(1034752K), 0.0011676 secs]
132.866: Total time for which application threads were stopped: 0.0012881 seconds, Stopping threads took: 0.0000203 seconds
132.936: [GC (Allocation Failure)  367625K->52947K(1034752K), 0.0037718 secs]
132.940: Total time for which application threads were stopped: 0.0039391 seconds, Stopping threads took: 0.0000195 seconds
133.006: [GC (Allocation Failure)  374483K->57059K(1034752K), 0.0047123 secs]
133.011: Total time for which application threads were stopped: 0.0048741 seconds, Stopping threads took: 0.0000200 seconds
133.077: [GC (Allocation Failure)  378595K->51489K(1034752K), 0.0015101 secs]
133.078: Total time for which application threads were stopped: 0.0016739 seconds, Stopping threads took: 0.0000332 seconds
133.149: [GC (Allocation Failure)  373025K->57323K(1034752K), 0.0038911 secs]
133.153: Total time for which application threads were stopped: 0.0040677 seconds, Stopping threads took: 0.0000274 seconds
133.219: [GC (Allocation Failure)  378859K->61195K(1035264K), 0.0040024 secs]
133.223: Total time for which application threads were stopped: 0.0041718 seconds, Stopping threads took: 0.0000195 seconds
133.290: [GC (Allocation Failure)  383683K->57225K(1035264K), 0.0023826 secs]
133.292: Total time for which application threads were stopped: 0.0025475 seconds, Stopping threads took: 0.0000192 seconds
133.362: [GC (Allocation Failure)  379785K->61323K(1036288K), 0.0039776 secs]
133.366: Total time for which application threads were stopped: 0.0041410 seconds, Stopping threads took: 0.0000189 seconds
133.437: [GC (Allocation Failure)  385419K->65291K(1035776K), 0.0037868 secs]
133.441: Total time for which application threads were stopped: 0.0039519 seconds, Stopping threads took: 0.0000201 seconds
133.510: [GC (Allocation Failure)  389387K->65259K(1035776K), 0.0045072 secs]
133.515: Total time for which application threads were stopped: 0.0047175 seconds, Stopping threads took: 0.0000214 seconds
133.583: [GC (Allocation Failure)  388843K->65347K(1023488K), 0.0040710 secs]
133.588: Total time for which application threads were stopped: 0.0042334 seconds, Stopping threads took: 0.0000196 seconds
133.655: [GC (Allocation Failure)  388931K->73317K(1035264K), 0.0037216 secs]
133.659: Total time for which application threads were stopped: 0.0038994 seconds, Stopping threads took: 0.0000259 seconds
133.727: [GC (Allocation Failure)  395877K->73349K(1030144K), 0.0036937 secs]
133.731: Total time for which application threads were stopped: 0.0038720 seconds, Stopping threads took: 0.0000286 seconds
133.798: [GC (Allocation Failure)  395909K->73389K(1034752K), 0.0038573 secs]
133.802: Total time for which application threads were stopped: 0.0040374 seconds, Stopping threads took: 0.0000200 seconds
133.870: [GC (Allocation Failure)  394925K->81392K(1029120K), 0.0039570 secs]
133.874: Total time for which application threads were stopped: 0.0041452 seconds, Stopping threads took: 0.0000198 seconds
133.943: [GC (Allocation Failure)  402928K->81360K(1034240K), 0.0036292 secs]
133.947: Total time for which application threads were stopped: 0.0038048 seconds, Stopping threads took: 0.0000200 seconds
134.014: [GC (Allocation Failure)  401872K->81608K(1034240K), 0.0037623 secs]
134.018: Total time for which application threads were stopped: 0.0039456 seconds, Stopping threads took: 0.0000203 seconds
134.085: [GC (Allocation Failure)  402120K->89386K(1034240K), 0.0037090 secs]
134.089: Total time for which application threads were stopped: 0.0038844 seconds, Stopping threads took: 0.0000192 seconds
134.158: [GC (Allocation Failure)  409898K->89386K(1034240K), 0.0038563 secs]
134.162: Total time for which application threads were stopped: 0.0040324 seconds, Stopping threads took: 0.0000277 seconds
134.229: [GC (Allocation Failure)  409898K->89834K(1033216K), 0.0038370 secs]
134.233: Total time for which application threads were stopped: 0.0039941 seconds, Stopping threads took: 0.0000190 seconds
134.300: [GC (Allocation Failure)  409322K->97420K(1033728K), 0.0037493 secs]
134.304: Total time for which application threads were stopped: 0.0039156 seconds, Stopping threads took: 0.0000193 seconds
134.372: [GC (Allocation Failure)  416908K->97420K(1033728K), 0.0037407 secs]
134.376: Total time for which application threads were stopped: 0.0039092 seconds, Stopping threads took: 0.0000197 seconds
134.441: [GC (Allocation Failure)  416908K->97580K(1033728K), 0.0039658 secs]
134.445: Total time for which application threads were stopped: 0.0041278 seconds, Stopping threads took: 0.0000187 seconds
134.513: [GC (Allocation Failure)  417068K->105454K(1033728K), 0.0091138 secs]
134.522: Total time for which application threads were stopped: 0.0092584 seconds, Stopping threads took: 0.0000193 seconds
134.592: [GC (Allocation Failure)  424942K->105454K(1033728K), 0.0038583 secs]
134.596: Total time for which application threads were stopped: 0.0040195 seconds, Stopping threads took: 0.0000203 seconds
134.663: [GC (Allocation Failure)  424942K->105510K(1033728K), 0.0038218 secs]
134.667: Total time for which application threads were stopped: 0.0039839 seconds, Stopping threads took: 0.0000255 seconds
134.734: [GC (Allocation Failure)  424998K->113481K(1027072K), 0.0040102 secs]
134.738: Total time for which application threads were stopped: 0.0041727 seconds, Stopping threads took: 0.0000204 seconds
134.804: [GC (Allocation Failure)  432968K->109574K(1034240K), 0.0026458 secs]
134.807: Total time for which application threads were stopped: 0.0028006 seconds, Stopping threads took: 0.0000207 seconds
134.874: [GC (Allocation Failure)  429062K->113641K(1033216K), 0.0039394 secs]
134.878: Total time for which application threads were stopped: 0.0041079 seconds, Stopping threads took: 0.0000189 seconds
134.947: [GC (Allocation Failure)  433129K->117609K(1034752K), 0.0038629 secs]
134.951: Total time for which application threads were stopped: 0.0040282 seconds, Stopping threads took: 0.0000193 seconds
135.018: [GC (Allocation Failure)  439145K->110822K(1034752K), 0.0012918 secs]
135.019: Total time for which application threads were stopped: 0.0014404 seconds, Stopping threads took: 0.0000198 seconds
135.089: [GC (Allocation Failure)  432358K->117681K(1034752K), 0.0040377 secs]
135.093: Total time for which application threads were stopped: 0.0042151 seconds, Stopping threads took: 0.0000196 seconds
135.160: [GC (Allocation Failure)  439217K->121761K(1034752K), 0.0048160 secs]
135.165: Total time for which application threads were stopped: 0.0049919 seconds, Stopping threads took: 0.0000200 seconds
135.231: [GC (Allocation Failure)  443297K->116222K(1034752K), 0.0016721 secs]
135.233: Total time for which application threads were stopped: 0.0018259 seconds, Stopping threads took: 0.0000186 seconds
135.303: [GC (Allocation Failure)  437758K->122033K(1034752K), 0.0038805 secs]
135.307: Total time for which application threads were stopped: 0.0040552 seconds, Stopping threads took: 0.0000194 seconds
135.375: [GC (Allocation Failure)  443569K->125945K(1034752K), 0.0042328 secs]
135.379: Total time for which application threads were stopped: 0.0043878 seconds, Stopping threads took: 0.0000170 seconds
135.446: [GC (Allocation Failure)  448433K->122006K(1035264K), 0.0026172 secs]
135.449: Total time for which application threads were stopped: 0.0027808 seconds, Stopping threads took: 0.0000192 seconds
135.518: [GC (Allocation Failure)  444566K->126033K(1036288K), 0.0066096 secs]
135.525: Total time for which application threads were stopped: 0.0067710 seconds, Stopping threads took: 0.0000258 seconds
135.593: [GC (Allocation Failure)  450129K->130033K(1035776K), 0.0037995 secs]
135.597: Total time for which application threads were stopped: 0.0039706 seconds, Stopping threads took: 0.0000193 seconds
135.666: [GC (Allocation Failure)  454129K->130065K(1035776K), 0.0037188 secs]
135.670: Total time for which application threads were stopped: 0.0038891 seconds, Stopping threads took: 0.0000286 seconds
135.738: [GC (Allocation Failure)  453649K->130121K(1023488K), 0.0037874 secs]
135.742: Total time for which application threads were stopped: 0.0039479 seconds, Stopping threads took: 0.0000196 seconds
135.809: [GC (Allocation Failure)  453705K->138091K(1035264K), 0.0038173 secs]
135.813: Total time for which application threads were stopped: 0.0040148 seconds, Stopping threads took: 0.0000195 seconds
135.882: [GC (Allocation Failure)  460651K->138027K(1030144K), 0.0036124 secs]
135.886: Total time for which application threads were stopped: 0.0038222 seconds, Stopping threads took: 0.0000191 seconds
135.954: [GC (Allocation Failure)  460587K->138123K(1034752K), 0.0039044 secs]
135.958: Total time for which application threads were stopped: 0.0040540 seconds, Stopping threads took: 0.0000166 seconds
136.025: [GC (Allocation Failure)  459659K->146093K(1034752K), 0.0042399 secs]
136.029: Total time for which application threads were stopped: 0.0044239 seconds, Stopping threads took: 0.0000213 seconds
136.097: [GC (Allocation Failure)  467629K->146125K(1033728K), 0.0038384 secs]
136.101: Total time for which application threads were stopped: 0.0040379 seconds, Stopping threads took: 0.0000215 seconds
136.171: [GC (Allocation Failure)  466637K->146317K(1034240K), 0.0039295 secs]
136.175: Total time for which application threads were stopped: 0.0041001 seconds, Stopping threads took: 0.0000278 seconds
136.243: [GC (Allocation Failure)  466829K->154159K(1034240K), 0.0038833 secs]
136.247: Total time for which application threads were stopped: 0.0040522 seconds, Stopping threads took: 0.0000204 seconds
136.315: [GC (Allocation Failure)  474671K->154095K(1034240K), 0.0046041 secs]
136.319: Total time for which application threads were stopped: 0.0047833 seconds, Stopping threads took: 0.0000205 seconds
136.386: [GC (Allocation Failure)  474607K->154567K(1033216K), 0.0039575 secs]
136.391: Total time for which application threads were stopped: 0.0041269 seconds, Stopping threads took: 0.0000224 seconds
136.458: [GC (Allocation Failure)  474055K->162154K(1033728K), 0.0042399 secs]
136.462: Total time for which application threads were stopped: 0.0044033 seconds, Stopping threads took: 0.0000192 seconds
136.531: [GC (Allocation Failure)  481642K->162154K(1033728K), 0.0037594 secs]
136.535: Total time for which application threads were stopped: 0.0039189 seconds, Stopping threads took: 0.0000195 seconds
136.600: [GC (Allocation Failure)  481642K->162314K(1033728K), 0.0041569 secs]
136.604: Total time for which application threads were stopped: 0.0043320 seconds, Stopping threads took: 0.0000196 seconds
136.674: [GC (Allocation Failure)  481802K->170220K(1033728K), 0.0038438 secs]
136.678: Total time for which application threads were stopped: 0.0040141 seconds, Stopping threads took: 0.0000262 seconds
136.747: [GC (Allocation Failure)  489708K->170188K(1033728K), 0.0039004 secs]
136.751: Total time for which application threads were stopped: 0.0041173 seconds, Stopping threads took: 0.0000191 seconds
136.819: [GC (Allocation Failure)  489676K->170244K(1033728K), 0.0040564 secs]
136.823: Total time for which application threads were stopped: 0.0042063 seconds, Stopping threads took: 0.0000162 seconds
136.890: [GC (Allocation Failure)  489732K->178214K(1027072K), 0.0040258 secs]
136.894: Total time for which application threads were stopped: 0.0042275 seconds, Stopping threads took: 0.0000398 seconds
136.959: [GC (Allocation Failure)  497702K->174308K(1034240K), 0.0027809 secs]
136.961: Total time for which application threads were stopped: 0.0029412 seconds, Stopping threads took: 0.0000225 seconds
137.029: [GC (Allocation Failure)  493796K->178382K(1033216K), 0.0040772 secs]
137.033: Total time for which application threads were stopped: 0.0042456 seconds, Stopping threads took: 0.0000201 seconds
137.100: [GC (Allocation Failure)  497870K->182350K(1034752K), 0.0039526 secs]
137.104: Total time for which application threads were stopped: 0.0041228 seconds, Stopping threads took: 0.0000197 seconds
137.171: [GC (Allocation Failure)  503886K->175564K(1034752K), 0.0016298 secs]
137.172: Total time for which application threads were stopped: 0.0017543 seconds, Stopping threads took: 0.0000193 seconds
137.242: [GC (Allocation Failure)  497100K->182382K(1034752K), 0.0038633 secs]
137.246: Total time for which application threads were stopped: 0.0040191 seconds, Stopping threads took: 0.0000190 seconds
137.312: [GC (Allocation Failure)  503918K->186494K(1034752K), 0.0049888 secs]
137.317: Total time for which application threads were stopped: 0.0051483 seconds, Stopping threads took: 0.0000197 seconds
137.383: [GC (Allocation Failure)  508030K->180956K(1034752K), 0.0020680 secs]
137.385: Total time for which application threads were stopped: 0.0022118 seconds, Stopping threads took: 0.0000202 seconds
137.453: [GC (Allocation Failure)  502492K->186766K(1034752K), 0.0039382 secs]
137.457: Total time for which application threads were stopped: 0.0041133 seconds, Stopping threads took: 0.0000326 seconds
137.525: [GC (Allocation Failure)  508302K->190638K(1034752K), 0.0042523 secs]
137.530: Total time for which application threads were stopped: 0.0044316 seconds, Stopping threads took: 0.0000171 seconds
137.596: [GC (Allocation Failure)  513127K->186732K(1035264K), 0.0025906 secs]
137.599: Total time for which application threads were stopped: 0.0027468 seconds, Stopping threads took: 0.0000193 seconds
137.667: [GC (Allocation Failure)  509292K->190790K(1036288K), 0.0043809 secs]
137.672: Total time for which application threads were stopped: 0.0045462 seconds, Stopping threads took: 0.0000251 seconds
137.741: [GC (Allocation Failure)  514886K->194790K(1035776K), 0.0040290 secs]
137.745: Total time for which application threads were stopped: 0.0042158 seconds, Stopping threads took: 0.0000189 seconds
137.815: [GC (Allocation Failure)  518886K->194790K(1035776K), 0.0039101 secs]
137.819: Total time for which application threads were stopped: 0.0040800 seconds, Stopping threads took: 0.0000204 seconds
137.887: [GC (Allocation Failure)  518374K->194830K(1023488K), 0.0041734 secs]
137.891: Total time for which application threads were stopped: 0.0043452 seconds, Stopping threads took: 0.0000196 seconds
137.957: [GC (Allocation Failure)  518414K->202833K(1035264K), 0.0042179 secs]
137.961: Total time for which application threads were stopped: 0.0043930 seconds, Stopping threads took: 0.0000202 seconds
138.029: [GC (Allocation Failure)  525393K->202769K(1030144K), 0.0037990 secs]
138.033: Total time for which application threads were stopped: 0.0039703 seconds, Stopping threads took: 0.0000207 seconds
138.100: [GC (Allocation Failure)  525329K->202857K(1034752K), 0.0040267 secs]
138.104: Total time for which application threads were stopped: 0.0041840 seconds, Stopping threads took: 0.0000193 seconds
138.171: [GC (Allocation Failure)  524393K->210859K(1029120K), 0.0042687 secs]
138.176: Total time for which application threads were stopped: 0.0044817 seconds, Stopping threads took: 0.0000260 seconds
138.243: [GC (Allocation Failure)  532395K->210859K(1034240K), 0.0038994 secs]
138.247: Total time for which application threads were stopped: 0.0040882 seconds, Stopping threads took: 0.0000196 seconds
138.316: [GC (Allocation Failure)  531371K->211075K(1034240K), 0.0043687 secs]
138.320: Total time for which application threads were stopped: 0.0045444 seconds, Stopping threads took: 0.0000198 seconds
138.388: [GC (Allocation Failure)  531587K->218853K(1034240K), 0.0038361 secs]
138.392: Total time for which application threads were stopped: 0.0040074 seconds, Stopping threads took: 0.0000206 seconds
138.460: [GC (Allocation Failure)  539365K->218885K(1034240K), 0.0041868 secs]
138.465: Total time for which application threads were stopped: 0.0043571 seconds, Stopping threads took: 0.0000206 seconds
138.533: [GC (Allocation Failure)  539397K->219301K(1033216K), 0.0042549 secs]
138.537: Total time for which application threads were stopped: 0.0044175 seconds, Stopping threads took: 0.0000194 seconds
138.605: [GC (Allocation Failure)  538789K->226887K(1033728K), 0.0041981 secs]
138.609: Total time for which application threads were stopped: 0.0043674 seconds, Stopping threads took: 0.0000192 seconds
138.678: [GC (Allocation Failure)  546375K->226887K(1033728K), 0.0038575 secs]
138.682: Total time for which application threads were stopped: 0.0040331 seconds, Stopping threads took: 0.0000273 seconds
138.748: [GC (Allocation Failure)  546375K->227047K(1033728K), 0.0039199 secs]
138.752: Total time for which application threads were stopped: 0.0040863 seconds, Stopping threads took: 0.0000243 seconds
138.819: [GC (Allocation Failure)  546535K->234954K(1033728K), 0.0040663 secs]
138.823: Total time for which application threads were stopped: 0.0042451 seconds, Stopping threads took: 0.0000191 seconds
138.892: [GC (Allocation Failure)  554442K->234954K(1033728K), 0.0040555 secs]
138.896: Total time for which application threads were stopped: 0.0042516 seconds, Stopping threads took: 0.0000204 seconds
138.964: [GC (Allocation Failure)  554442K->234986K(1033728K), 0.0041706 secs]
138.968: Total time for which application threads were stopped: 0.0043409 seconds, Stopping threads took: 0.0000196 seconds
139.035: [GC (Allocation Failure)  554474K->242956K(1027072K), 0.0042572 secs]
139.040: Total time for which application threads were stopped: 0.0044282 seconds, Stopping threads took: 0.0000201 seconds
139.106: [GC (Allocation Failure)  562443K->239050K(1034240K), 0.0029243 secs]
139.109: Total time for which application threads were stopped: 0.0030782 seconds, Stopping threads took: 0.0000198 seconds
139.176: [GC (Allocation Failure)  558538K->243116K(1033216K), 0.0040419 secs]
139.180: Total time for which application threads were stopped: 0.0042231 seconds, Stopping threads took: 0.0000209 seconds
139.248: [GC (Allocation Failure)  562604K->247084K(1034752K), 0.0041199 secs]
139.252: Total time for which application threads were stopped: 0.0042802 seconds, Stopping threads took: 0.0000200 seconds
139.318: [GC (Allocation Failure)  568620K->240298K(1034752K), 0.0015326 secs]
139.320: Total time for which application threads were stopped: 0.0016567 seconds, Stopping threads took: 0.0000193 seconds
139.389: [GC (Allocation Failure)  561834K->247148K(1034752K), 0.0041103 secs]
139.393: Total time for which application threads were stopped: 0.0042586 seconds, Stopping threads took: 0.0000173 seconds
139.460: [GC (Allocation Failure)  568684K->251260K(1034752K), 0.0049233 secs]
139.465: Total time for which application threads were stopped: 0.0050919 seconds, Stopping threads took: 0.0000278 seconds
139.532: [GC (Allocation Failure)  572796K->245690K(1034752K), 0.0020523 secs]
139.534: Total time for which application threads were stopped: 0.0021760 seconds, Stopping threads took: 0.0000165 seconds
139.601: [GC (Allocation Failure)  567226K->251524K(1034752K), 0.0043050 secs]
139.606: Total time for which application threads were stopped: 0.0044918 seconds, Stopping threads took: 0.0000194 seconds
139.673: [GC (Allocation Failure)  573060K->255364K(1035264K), 0.0043746 secs]
139.678: Total time for which application threads were stopped: 0.0045360 seconds, Stopping threads took: 0.0000266 seconds
139.744: [GC (Allocation Failure)  577852K->251458K(1035264K), 0.0029408 secs]
139.747: Total time for which application threads were stopped: 0.0031105 seconds, Stopping threads took: 0.0000196 seconds
139.815: [GC (Allocation Failure)  574018K->255532K(1036288K), 0.0043560 secs]
139.820: Total time for which application threads were stopped: 0.0045302 seconds, Stopping threads took: 0.0000209 seconds
139.887: [GC (Allocation Failure)  579628K->259500K(1035776K), 0.0043165 secs]
139.891: Total time for which application threads were stopped: 0.0044805 seconds, Stopping threads took: 0.0000202 seconds
139.960: [GC (Allocation Failure)  583596K->259500K(1035776K), 0.0040524 secs]
139.965: Total time for which application threads were stopped: 0.0042432 seconds, Stopping threads took: 0.0000195 seconds
140.034: [GC (Allocation Failure)  583084K->259564K(1023488K), 0.0039935 secs]
140.038: Total time for which application threads were stopped: 0.0041632 seconds, Stopping threads took: 0.0000168 seconds
140.104: [GC (Allocation Failure)  583148K->267534K(1035264K), 0.0041865 secs]
140.108: Total time for which application threads were stopped: 0.0043442 seconds, Stopping threads took: 0.0000187 seconds
140.178: [GC (Allocation Failure)  590094K->267534K(1030144K), 0.0038696 secs]
140.182: Total time for which application threads were stopped: 0.0040302 seconds, Stopping threads took: 0.0000197 seconds
140.249: [GC (Allocation Failure)  590094K->267598K(1034752K), 0.0041881 secs]
140.253: Total time for which application threads were stopped: 0.0043446 seconds, Stopping threads took: 0.0000194 seconds
140.320: [GC (Allocation Failure)  589134K->275568K(1034752K), 0.0043226 secs]
140.325: Total time for which application threads were stopped: 0.0044937 seconds, Stopping threads took: 0.0000188 seconds
140.394: [GC (Allocation Failure)  597104K->275568K(1033728K), 0.0040153 secs]
140.399: Total time for which application threads were stopped: 0.0041655 seconds, Stopping threads took: 0.0000173 seconds
140.466: [GC (Allocation Failure)  596080K->275816K(1034240K), 0.0041373 secs]
140.470: Total time for which application threads were stopped: 0.0043462 seconds, Stopping threads took: 0.0000355 seconds
140.541: [GC (Allocation Failure)  596328K->283627K(1034240K), 0.0040391 secs]
140.545: Total time for which application threads were stopped: 0.0042337 seconds, Stopping threads took: 0.0000193 seconds
140.615: [GC (Allocation Failure)  604139K->283595K(1034240K), 0.0042729 secs]
140.619: Total time for which application threads were stopped: 0.0044327 seconds, Stopping threads took: 0.0000198 seconds
140.686: [GC (Allocation Failure)  604107K->284019K(1033216K), 0.0040843 secs]
140.690: Total time for which application threads were stopped: 0.0042700 seconds, Stopping threads took: 0.0000277 seconds
140.757: [GC (Allocation Failure)  603507K->291637K(1033728K), 0.0044481 secs]
140.762: Total time for which application threads were stopped: 0.0046253 seconds, Stopping threads took: 0.0000254 seconds
140.829: [GC (Allocation Failure)  611125K->291669K(1033728K), 0.0040314 secs]
140.833: Total time for which application threads were stopped: 0.0041947 seconds, Stopping threads took: 0.0000208 seconds
140.898: [GC (Allocation Failure)  611157K->291765K(1033728K), 0.0042095 secs]
140.902: Total time for which application threads were stopped: 0.0043754 seconds, Stopping threads took: 0.0000186 seconds
140.971: [GC (Allocation Failure)  611253K->299703K(1033728K), 0.0040031 secs]
140.975: Total time for which application threads were stopped: 0.0041721 seconds, Stopping threads took: 0.0000200 seconds
141.042: [GC (Allocation Failure)  619191K->299671K(1033728K), 0.0040895 secs]
141.046: Total time for which application threads were stopped: 0.0043003 seconds, Stopping threads took: 0.0000206 seconds
141.114: [GC (Allocation Failure)  619159K->299735K(1033728K), 0.0045553 secs]
141.119: Total time for which application threads were stopped: 0.0047126 seconds, Stopping threads took: 0.0000168 seconds
141.186: [GC (Allocation Failure)  619223K->307705K(1027072K), 0.0042061 secs]
141.191: Total time for which application threads were stopped: 0.0043914 seconds, Stopping threads took: 0.0000257 seconds
141.256: [GC (Allocation Failure)  627193K->303799K(1034240K), 0.0031778 secs]
141.259: Total time for which application threads were stopped: 0.0033344 seconds, Stopping threads took: 0.0000251 seconds
141.328: [GC (Allocation Failure)  623287K->307873K(1033216K), 0.0041985 secs]
141.332: Total time for which application threads were stopped: 0.0043462 seconds, Stopping threads took: 0.0000168 seconds
141.399: [GC (Allocation Failure)  627361K->311841K(1034752K), 0.0042239 secs]
141.404: Total time for which application threads were stopped: 0.0043859 seconds, Stopping threads took: 0.0000193 seconds
141.471: [GC (Allocation Failure)  633377K->305055K(1034752K), 0.0020286 secs]
141.473: Total time for which application threads were stopped: 0.0021605 seconds, Stopping threads took: 0.0000199 seconds
141.540: [GC (Allocation Failure)  626591K->311913K(1034752K), 0.0040888 secs]
141.545: Total time for which application threads were stopped: 0.0042656 seconds, Stopping threads took: 0.0000195 seconds
141.610: [GC (Allocation Failure)  633449K->315993K(1034752K), 0.0052358 secs]
141.615: Total time for which application threads were stopped: 0.0053995 seconds, Stopping threads took: 0.0000186 seconds
141.681: [GC (Allocation Failure)  637529K->310423K(1034752K), 0.0022183 secs]
141.684: Total time for which application threads were stopped: 0.0023748 seconds, Stopping threads took: 0.0000273 seconds
141.750: [GC (Allocation Failure)  631959K->316297K(1034752K), 0.0043419 secs]
141.755: Total time for which application threads were stopped: 0.0045112 seconds, Stopping threads took: 0.0000190 seconds
141.822: [GC (Allocation Failure)  637833K->320105K(1035264K), 0.0046875 secs]
141.827: Total time for which application threads were stopped: 0.0048585 seconds, Stopping threads took: 0.0000193 seconds
141.895: [GC (Allocation Failure)  642594K->316199K(1035264K), 0.0031270 secs]
141.899: Total time for which application threads were stopped: 0.0032892 seconds, Stopping threads took: 0.0000200 seconds
141.967: [GC (Allocation Failure)  638759K->320297K(1036288K), 0.0044404 secs]
141.972: Total time for which application threads were stopped: 0.0046121 seconds, Stopping threads took: 0.0000198 seconds
142.039: [GC (Allocation Failure)  644393K->324265K(1035776K), 0.0042463 secs]
142.044: Total time for which application threads were stopped: 0.0044222 seconds, Stopping threads took: 0.0000210 seconds
142.113: [GC (Allocation Failure)  648361K->324265K(1035776K), 0.0057548 secs]
142.118: Total time for which application threads were stopped: 0.0059289 seconds, Stopping threads took: 0.0000204 seconds
142.188: [GC (Allocation Failure)  647849K->324329K(1023488K), 0.0041651 secs]
142.193: Total time for which application threads were stopped: 0.0043475 seconds, Stopping threads took: 0.0000254 seconds
142.259: [GC (Allocation Failure)  647913K->332268K(1035264K), 0.0066135 secs]
142.266: Total time for which application threads were stopped: 0.0067857 seconds, Stopping threads took: 0.0000192 seconds
142.335: [GC (Allocation Failure)  654828K->332332K(1030144K), 0.0065079 secs]
142.342: Total time for which application threads were stopped: 0.0066768 seconds, Stopping threads took: 0.0000216 seconds
142.410: [GC (Allocation Failure)  654892K->332364K(1034752K), 0.0043665 secs]
142.415: Total time for which application threads were stopped: 0.0045535 seconds, Stopping threads took: 0.0000215 seconds
142.482: [GC (Allocation Failure)  653900K->340334K(1034752K), 0.0044453 secs]
142.487: Total time for which application threads were stopped: 0.0046194 seconds, Stopping threads took: 0.0000259 seconds
142.557: [GC (Allocation Failure)  661870K->340302K(1033728K), 0.0040585 secs]
142.561: Total time for which application threads were stopped: 0.0042204 seconds, Stopping threads took: 0.0000193 seconds
142.628: [GC (Allocation Failure)  660814K->340518K(1034240K), 0.0050026 secs]
142.633: Total time for which application threads were stopped: 0.0051757 seconds, Stopping threads took: 0.0000199 seconds
142.702: [GC (Allocation Failure)  661030K->348392K(1034240K), 0.0043369 secs]
142.707: Total time for which application threads were stopped: 0.0045024 seconds, Stopping threads took: 0.0000194 seconds
142.774: [GC (Allocation Failure)  668904K->348392K(1034240K), 0.0043923 secs]
142.779: Total time for which application threads were stopped: 0.0045756 seconds, Stopping threads took: 0.0000197 seconds
142.846: [GC (Allocation Failure)  668904K->348808K(1033216K), 0.0044469 secs]
142.850: Total time for which application threads were stopped: 0.0046465 seconds, Stopping threads took: 0.0000199 seconds
142.920: [GC (Allocation Failure)  668296K->356395K(1033728K), 0.0044830 secs]
142.924: Total time for which application threads were stopped: 0.0046559 seconds, Stopping threads took: 0.0000200 seconds
142.994: [GC (Allocation Failure)  675883K->356395K(1033728K), 0.0043633 secs]
142.998: Total time for which application threads were stopped: 0.0045320 seconds, Stopping threads took: 0.0000199 seconds
143.063: [GC (Allocation Failure)  675883K->356523K(1033728K), 0.0042843 secs]
143.068: Total time for which application threads were stopped: 0.0044514 seconds, Stopping threads took: 0.0000204 seconds
143.135: [GC (Allocation Failure)  676011K->364461K(1033728K), 0.0044387 secs]
143.140: Total time for which application threads were stopped: 0.0046153 seconds, Stopping threads took: 0.0000190 seconds
143.208: [GC (Allocation Failure)  683949K->364429K(1033728K), 0.0043975 secs]
143.212: Total time for which application threads were stopped: 0.0045614 seconds, Stopping threads took: 0.0000199 seconds
143.279: [GC (Allocation Failure)  683917K->364485K(1033728K), 0.0044845 secs]
143.284: Total time for which application threads were stopped: 0.0046478 seconds, Stopping threads took: 0.0000196 seconds
143.351: [GC (Allocation Failure)  683973K->372423K(1027072K), 0.0064654 secs]
143.358: Total time for which application threads were stopped: 0.0066245 seconds, Stopping threads took: 0.0000197 seconds
143.424: [GC (Allocation Failure)  691911K->368549K(1034240K), 0.0032929 secs]
143.427: Total time for which application threads were stopped: 0.0034724 seconds, Stopping threads took: 0.0000203 seconds
143.497: [GC (Allocation Failure)  688037K->372615K(1033216K), 0.0098140 secs]
143.507: Total time for which application threads were stopped: 0.0099673 seconds, Stopping threads took: 0.0000276 seconds
143.575: [GC (Allocation Failure)  692103K->376583K(1034752K), 0.0042377 secs]
143.579: Total time for which application threads were stopped: 0.0044064 seconds, Stopping threads took: 0.0000193 seconds
143.648: [GC (Allocation Failure)  698119K->369797K(1034752K), 0.0016965 secs]
143.649: Total time for which application threads were stopped: 0.0018399 seconds, Stopping threads took: 0.0000256 seconds
143.717: [GC (Allocation Failure)  691333K->376687K(1034752K), 0.0043962 secs]
143.721: Total time for which application threads were stopped: 0.0045553 seconds, Stopping threads took: 0.0000195 seconds
143.787: [GC (Allocation Failure)  698223K->380735K(1034752K), 0.0053740 secs]
143.793: Total time for which application threads were stopped: 0.0055387 seconds, Stopping threads took: 0.0000204 seconds
143.858: [GC (Allocation Failure)  702271K->375197K(1034752K), 0.0023606 secs]
143.861: Total time for which application threads were stopped: 0.0025246 seconds, Stopping threads took: 0.0000201 seconds
143.930: [GC (Allocation Failure)  696733K->381039K(1034752K), 0.0043175 secs]
143.934: Total time for which application threads were stopped: 0.0044927 seconds, Stopping threads took: 0.0000197 seconds
144.001: [GC (Allocation Failure)  702575K->384871K(1035264K), 0.0066075 secs]
144.008: Total time for which application threads were stopped: 0.0067662 seconds, Stopping threads took: 0.0000195 seconds
144.075: [GC (Allocation Failure)  707359K->380997K(1035264K), 0.0031096 secs]
144.078: Total time for which application threads were stopped: 0.0032704 seconds, Stopping threads took: 0.0000197 seconds
144.147: [GC (Allocation Failure)  703557K->385031K(1036288K), 0.0045228 secs]
144.152: Total time for which application threads were stopped: 0.0046939 seconds, Stopping threads took: 0.0000264 seconds
144.221: [GC (Allocation Failure)  709127K->389031K(1035776K), 0.0057005 secs]
144.227: Total time for which application threads were stopped: 0.0058512 seconds, Stopping threads took: 0.0000257 seconds
144.296: [GC (Allocation Failure)  713127K->388999K(1035776K), 0.0043180 secs]
144.301: Total time for which application threads were stopped: 0.0044792 seconds, Stopping threads took: 0.0000195 seconds
144.368: [GC (Allocation Failure)  712583K->389063K(1023488K), 0.0042752 secs]
144.372: Total time for which application threads were stopped: 0.0044422 seconds, Stopping threads took: 0.0000192 seconds
144.438: [GC (Allocation Failure)  712647K->397065K(1035264K), 0.0044884 secs]
144.443: Total time for which application threads were stopped: 0.0046613 seconds, Stopping threads took: 0.0000191 seconds
144.511: [GC (Allocation Failure)  719625K->397001K(1030144K), 0.0048276 secs]
144.516: Total time for which application threads were stopped: 0.0049692 seconds, Stopping threads took: 0.0000180 seconds
144.583: [GC (Allocation Failure)  719561K->397097K(1034752K), 0.0046093 secs]
144.588: Total time for which application threads were stopped: 0.0047779 seconds, Stopping threads took: 0.0000196 seconds
144.656: [GC (Allocation Failure)  718633K->405100K(1029120K), 0.0045341 secs]
144.660: Total time for which application threads were stopped: 0.0047352 seconds, Stopping threads took: 0.0000256 seconds
144.730: [GC (Allocation Failure)  726636K->405068K(1034240K), 0.0043405 secs]
144.734: Total time for which application threads were stopped: 0.0045301 seconds, Stopping threads took: 0.0000193 seconds
144.803: [GC (Allocation Failure)  725580K->405324K(1034240K), 0.0043892 secs]
144.807: Total time for which application threads were stopped: 0.0045577 seconds, Stopping threads took: 0.0000195 seconds
144.875: [GC (Allocation Failure)  725836K->413102K(1034240K), 0.0042491 secs]
144.879: Total time for which application threads were stopped: 0.0044099 seconds, Stopping threads took: 0.0000196 seconds
144.949: [GC (Allocation Failure)  733614K->413134K(1034240K), 0.0044335 secs]
144.953: Total time for which application threads were stopped: 0.0045923 seconds, Stopping threads took: 0.0000193 seconds
145.022: [GC (Allocation Failure)  733646K->413550K(1033216K), 0.0044317 secs]
145.026: Total time for which application threads were stopped: 0.0046292 seconds, Stopping threads took: 0.0000195 seconds
145.096: [GC (Allocation Failure)  733038K->421168K(1033728K), 0.0044901 secs]
145.100: Total time for which application threads were stopped: 0.0046750 seconds, Stopping threads took: 0.0000198 seconds
145.170: [GC (Allocation Failure)  740656K->421136K(1033728K), 0.0043934 secs]
145.174: Total time for which application threads were stopped: 0.0045848 seconds, Stopping threads took: 0.0000421 seconds
145.239: [GC (Allocation Failure)  740624K->421256K(1033728K), 0.0044029 secs]
145.244: Total time for which application threads were stopped: 0.0045664 seconds, Stopping threads took: 0.0000257 seconds
145.311: [GC (Allocation Failure)  740744K->429162K(1033728K), 0.0043903 secs]
145.316: Total time for which application threads were stopped: 0.0045550 seconds, Stopping threads took: 0.0000204 seconds
145.383: [GC (Allocation Failure)  748650K->429162K(1033728K), 0.0045794 secs]
145.388: Total time for which application threads were stopped: 0.0047601 seconds, Stopping threads took: 0.0000202 seconds
145.456: [GC (Allocation Failure)  748650K->429226K(1033728K), 0.0045987 secs]
145.460: Total time for which application threads were stopped: 0.0047897 seconds, Stopping threads took: 0.0000195 seconds
145.528: [GC (Allocation Failure)  748714K->437197K(1027072K), 0.0044699 secs]
145.533: Total time for which application threads were stopped: 0.0046426 seconds, Stopping threads took: 0.0000195 seconds
145.598: [GC (Allocation Failure)  756684K->433290K(1034240K), 0.0033858 secs]
145.601: Total time for which application threads were stopped: 0.0035389 seconds, Stopping threads took: 0.0000193 seconds
145.671: [GC (Allocation Failure)  752778K->437357K(1033216K), 0.0043753 secs]
145.675: Total time for which application threads were stopped: 0.0045299 seconds, Stopping threads took: 0.0000242 seconds
145.742: [GC (Allocation Failure)  756845K->441357K(1034752K), 0.0046413 secs]
145.747: Total time for which application threads were stopped: 0.0048040 seconds, Stopping threads took: 0.0000200 seconds
145.814: [GC (Allocation Failure)  762893K->434570K(1034752K), 0.0018739 secs]
145.816: Total time for which application threads were stopped: 0.0020260 seconds, Stopping threads took: 0.0000187 seconds
145.882: [GC (Allocation Failure)  756106K->441421K(1034752K), 0.0049764 secs]
145.887: Total time for which application threads were stopped: 0.0051567 seconds, Stopping threads took: 0.0000195 seconds
145.955: [GC (Allocation Failure)  762957K->445469K(1034752K), 0.0053351 secs]
145.960: Total time for which application threads were stopped: 0.0054924 seconds, Stopping threads took: 0.0000191 seconds
146.025: [GC (Allocation Failure)  767005K->439898K(1034752K), 0.0026159 secs]
146.028: Total time for which application threads were stopped: 0.0027801 seconds, Stopping threads took: 0.0000189 seconds
146.095: [GC (Allocation Failure)  761434K->445773K(1034752K), 0.0045742 secs]
146.100: Total time for which application threads were stopped: 0.0047675 seconds, Stopping threads took: 0.0000196 seconds
146.168: [GC (Allocation Failure)  767309K->449613K(1035264K), 0.0047608 secs]
146.173: Total time for which application threads were stopped: 0.0049313 seconds, Stopping threads took: 0.0000258 seconds
146.242: [GC (Allocation Failure)  772101K->445706K(1035264K), 0.0033642 secs]
146.245: Total time for which application threads were stopped: 0.0035276 seconds, Stopping threads took: 0.0000256 seconds
146.314: [GC (Allocation Failure)  768266K->449765K(1036288K), 0.0045896 secs]
146.318: Total time for which application threads were stopped: 0.0047574 seconds, Stopping threads took: 0.0000191 seconds
146.386: [GC (Allocation Failure)  773861K->453733K(1035776K), 0.0044056 secs]
146.391: Total time for which application threads were stopped: 0.0046018 seconds, Stopping threads took: 0.0000208 seconds
146.461: [GC (Allocation Failure)  777829K->453765K(1035776K), 0.0045894 secs]
146.465: Total time for which application threads were stopped: 0.0047476 seconds, Stopping threads took: 0.0000197 seconds
146.534: [GC (Allocation Failure)  777349K->453797K(1023488K), 0.0046843 secs]
146.538: Total time for which application threads were stopped: 0.0048765 seconds, Stopping threads took: 0.0000194 seconds
146.606: [GC (Allocation Failure)  777381K->461799K(1035264K), 0.0045063 secs]
146.611: Total time for which application threads were stopped: 0.0046935 seconds, Stopping threads took: 0.0000160 seconds
146.681: [GC (Allocation Failure)  784359K->461767K(1030144K), 0.0042022 secs]
146.685: Total time for which application threads were stopped: 0.0043563 seconds, Stopping threads took: 0.0000247 seconds
146.753: [GC (Allocation Failure)  784327K->461823K(1034752K), 0.0047441 secs]
146.757: Total time for which application threads were stopped: 0.0049161 seconds, Stopping threads took: 0.0000199 seconds
146.826: [GC (Allocation Failure)  783359K->469793K(1029120K), 0.0047602 secs]
146.831: Total time for which application threads were stopped: 0.0049291 seconds, Stopping threads took: 0.0000198 seconds
146.900: [GC (Allocation Failure)  791329K->469793K(1034240K), 0.0044880 secs]
146.904: Total time for which application threads were stopped: 0.0046586 seconds, Stopping threads took: 0.0000201 seconds
146.972: [GC (Allocation Failure)  790305K->470041K(1034240K), 0.0047898 secs]
146.977: Total time for which application threads were stopped: 0.0049581 seconds, Stopping threads took: 0.0000193 seconds
147.044: [GC (Allocation Failure)  790553K->477851K(1034240K), 0.0043649 secs]
147.049: Total time for which application threads were stopped: 0.0045360 seconds, Stopping threads took: 0.0000203 seconds
147.117: [GC (Allocation Failure)  798363K->477819K(1034240K), 0.0047200 secs]
147.122: Total time for which application threads were stopped: 0.0049022 seconds, Stopping threads took: 0.0000203 seconds
147.192: [GC (Allocation Failure)  798331K->478235K(1033216K), 0.0046120 secs]
147.196: Total time for which application threads were stopped: 0.0047748 seconds, Stopping threads took: 0.0000199 seconds
147.263: [GC (Allocation Failure)  797723K->485886K(1033728K), 0.0046331 secs]
147.268: Total time for which application threads were stopped: 0.0048138 seconds, Stopping threads took: 0.0000196 seconds
147.338: [GC (Allocation Failure)  805374K->485854K(1033728K), 0.0052801 secs]
147.343: Total time for which application threads were stopped: 0.0054739 seconds, Stopping threads took: 0.0000276 seconds
147.408: [GC (Allocation Failure)  805342K->485990K(1033728K), 0.0047792 secs]
147.413: Total time for which application threads were stopped: 0.0049514 seconds, Stopping threads took: 0.0000195 seconds
147.481: [GC (Allocation Failure)  805478K->493928K(1033728K), 0.0044687 secs]
147.485: Total time for which application threads were stopped: 0.0046939 seconds, Stopping threads took: 0.0000348 seconds
147.554: [GC (Allocation Failure)  813416K->493928K(1033728K), 0.0046468 secs]
147.559: Total time for which application threads were stopped: 0.0048145 seconds, Stopping threads took: 0.0000193 seconds
147.626: [GC (Allocation Failure)  813416K->493960K(1032704K), 0.0047678 secs]
147.631: Total time for which application threads were stopped: 0.0049730 seconds, Stopping threads took: 0.0000198 seconds
147.697: [GC (Allocation Failure)  812424K->501962K(1033216K), 0.0045907 secs]
147.702: Total time for which application threads were stopped: 0.0047566 seconds, Stopping threads took: 0.0000288 seconds
147.771: [GC (Allocation Failure)  820426K->496392K(1033728K), 0.0024281 secs]
147.774: Total time for which application threads were stopped: 0.0026059 seconds, Stopping threads took: 0.0000201 seconds
147.842: [GC (Allocation Failure)  815368K->502178K(1033216K), 0.0046055 secs]
147.847: Total time for which application threads were stopped: 0.0047896 seconds, Stopping threads took: 0.0000166 seconds
147.916: [GC (Allocation Failure)  821154K->506098K(1034240K), 0.0048723 secs]
147.921: Total time for which application threads were stopped: 0.0050317 seconds, Stopping threads took: 0.0000195 seconds
147.988: [GC (Allocation Failure)  826610K->511984K(1034240K), 0.0069699 secs]
147.995: Total time for which application threads were stopped: 0.0071385 seconds, Stopping threads took: 0.0000193 seconds
148.062: [GC (Allocation Failure)  832496K->506226K(1030144K), 0.0046731 secs]
148.067: Total time for which application threads were stopped: 0.0048470 seconds, Stopping threads took: 0.0000186 seconds
148.135: [GC (Allocation Failure)  822642K->506066K(1032192K), 0.0065300 secs]
148.142: Total time for which application threads were stopped: 0.0066983 seconds, Stopping threads took: 0.0000187 seconds
148.209: [GC (Allocation Failure)  822482K->501936K(1033216K), 0.0030238 secs]
148.212: Total time for which application threads were stopped: 0.0032068 seconds, Stopping threads took: 0.0000196 seconds
148.282: [GC (Allocation Failure)  819888K->506130K(1032704K), 0.0047071 secs]
148.287: Total time for which application threads were stopped: 0.0048828 seconds, Stopping threads took: 0.0000201 seconds
148.352: [GC (Allocation Failure)  824082K->506066K(1033728K), 0.0045509 secs]
148.357: Total time for which application threads were stopped: 0.0047314 seconds, Stopping threads took: 0.0000201 seconds
148.423: [GC (Allocation Failure)  825042K->509674K(1033216K), 0.0055861 secs]
148.428: Total time for which application threads were stopped: 0.0057577 seconds, Stopping threads took: 0.0000198 seconds
148.495: [GC (Allocation Failure)  828650K->514157K(1034240K), 0.0045652 secs]
148.500: Total time for which application threads were stopped: 0.0047235 seconds, Stopping threads took: 0.0000203 seconds
148.567: [GC (Allocation Failure)  834157K->514093K(1033728K), 0.0047480 secs]
148.571: Total time for which application threads were stopped: 0.0049145 seconds, Stopping threads took: 0.0000187 seconds
148.636: [GC (Allocation Failure)  834093K->517389K(1034240K), 0.0055215 secs]
148.642: Total time for which application threads were stopped: 0.0056914 seconds, Stopping threads took: 0.0000189 seconds
148.710: [GC (Allocation Failure)  837901K->522159K(1034240K), 0.0045621 secs]
148.715: Total time for which application threads were stopped: 0.0047622 seconds, Stopping threads took: 0.0000280 seconds
148.784: [GC (Allocation Failure)  842671K->522159K(1034752K), 0.0045610 secs]
148.788: Total time for which application threads were stopped: 0.0047535 seconds, Stopping threads took: 0.0000199 seconds
148.856: [GC (Allocation Failure)  843695K->524583K(1034752K), 0.0050997 secs]
148.861: Total time for which application threads were stopped: 0.0052573 seconds, Stopping threads took: 0.0000164 seconds
148.930: [GC (Allocation Failure)  846119K->530153K(1034752K), 0.0046256 secs]
148.934: Total time for which application threads were stopped: 0.0048018 seconds, Stopping threads took: 0.0000196 seconds
149.003: [GC (Allocation Failure)  851689K->530153K(1034752K), 0.0046279 secs]
149.008: Total time for which application threads were stopped: 0.0047827 seconds, Stopping threads took: 0.0000191 seconds
149.074: [GC (Allocation Failure)  851689K->533865K(1035264K), 0.0054636 secs]
149.080: Total time for which application threads were stopped: 0.0056359 seconds, Stopping threads took: 0.0000203 seconds
149.147: [GC (Allocation Failure)  855913K->538187K(1034752K), 0.0047234 secs]
149.152: Total time for which application threads were stopped: 0.0049000 seconds, Stopping threads took: 0.0000302 seconds
149.220: [GC (Allocation Failure)  860235K->538219K(1035264K), 0.0046654 secs]
149.224: Total time for which application threads were stopped: 0.0048340 seconds, Stopping threads took: 0.0000194 seconds
149.291: [GC (Allocation Failure)  860779K->541035K(1035264K), 0.0052380 secs]
149.296: Total time for which application threads were stopped: 0.0054093 seconds, Stopping threads took: 0.0000195 seconds
149.363: [GC (Allocation Failure)  863595K->546286K(1035264K), 0.0044852 secs]
149.368: Total time for which application threads were stopped: 0.0046771 seconds, Stopping threads took: 0.0000198 seconds
149.437: [GC (Allocation Failure)  868846K->546190K(1035264K), 0.0078119 secs]
149.445: Total time for which application threads were stopped: 0.0079948 seconds, Stopping threads took: 0.0000170 seconds
149.514: [GC (Allocation Failure)  868750K->549254K(1035264K), 0.0074846 secs]
149.522: Total time for which application threads were stopped: 0.0076846 seconds, Stopping threads took: 0.0000199 seconds
149.591: [GC (Allocation Failure)  871814K->554312K(1035264K), 0.0046447 secs]
149.596: Total time for which application threads were stopped: 0.0048340 seconds, Stopping threads took: 0.0000167 seconds
149.666: [GC (Allocation Failure)  876872K->554248K(1035264K), 0.0045710 secs]
149.670: Total time for which application threads were stopped: 0.0047547 seconds, Stopping threads took: 0.0000254 seconds
149.737: [GC (Allocation Failure)  876808K->549478K(1035264K), 0.0028140 secs]
149.740: Total time for which application threads were stopped: 0.0030013 seconds, Stopping threads took: 0.0000275 seconds
149.808: [GC (Allocation Failure)  872038K->554504K(1035264K), 0.0045767 secs]
149.812: Total time for which application threads were stopped: 0.0047556 seconds, Stopping threads took: 0.0000196 seconds
149.881: [GC (Allocation Failure)  877064K->554248K(1035264K), 0.0045690 secs]
149.886: Total time for which application threads were stopped: 0.0047325 seconds, Stopping threads took: 0.0000190 seconds
149.954: [GC (Allocation Failure)  876808K->553766K(1035776K), 0.0047640 secs]
149.959: Total time for which application threads were stopped: 0.0049299 seconds, Stopping threads took: 0.0000188 seconds
150.027: [GC (Allocation Failure)  876838K->554440K(1035264K), 0.0045145 secs]
150.032: Total time for which application threads were stopped: 0.0046746 seconds, Stopping threads took: 0.0000199 seconds
150.100: [GC (Allocation Failure)  877512K->554248K(1035776K), 0.0047842 secs]
150.105: Total time for which application threads were stopped: 0.0049536 seconds, Stopping threads took: 0.0000206 seconds
150.173: [GC (Allocation Failure)  877832K->560102K(1035776K), 0.0072736 secs]
150.180: Total time for which application threads were stopped: 0.0074501 seconds, Stopping threads took: 0.0000273 seconds
150.249: [GC (Allocation Failure)  883686K->555496K(1032704K), 0.0045335 secs]
150.253: Total time for which application threads were stopped: 0.0046955 seconds, Stopping threads took: 0.0000196 seconds
150.321: [GC (Allocation Failure)  876008K->555400K(1034240K), 0.0049943 secs]
150.326: Total time for which application threads were stopped: 0.0051645 seconds, Stopping threads took: 0.0000193 seconds
150.393: [GC (Allocation Failure)  875912K->562446K(1030656K), 0.0079153 secs]
150.401: Total time for which application threads were stopped: 0.0080708 seconds, Stopping threads took: 0.0000187 seconds
150.468: [GC (Allocation Failure)  879886K->556752K(1032704K), 0.0047613 secs]
150.473: Total time for which application threads were stopped: 0.0049216 seconds, Stopping threads took: 0.0000195 seconds
150.541: [GC (Allocation Failure)  874192K->556688K(1033728K), 0.0053175 secs]
150.547: Total time for which application threads were stopped: 0.0054892 seconds, Stopping threads took: 0.0000199 seconds
150.614: [GC (Allocation Failure)  875664K->554254K(1033216K), 0.0038894 secs]
150.618: Total time for which application threads were stopped: 0.0040928 seconds, Stopping threads took: 0.0000299 seconds
150.685: [GC (Allocation Failure)  873230K->556720K(1034752K), 0.0046775 secs]
150.690: Total time for which application threads were stopped: 0.0048403 seconds, Stopping threads took: 0.0000198 seconds
150.759: [GC (Allocation Failure)  877744K->556720K(1034240K), 0.0045399 secs]
150.764: Total time for which application threads were stopped: 0.0047111 seconds, Stopping threads took: 0.0000209 seconds
150.830: [GC (Allocation Failure)  877744K->551886K(1034240K), 0.0028246 secs]
150.833: Total time for which application threads were stopped: 0.0030019 seconds, Stopping threads took: 0.0000195 seconds
150.903: [GC (Allocation Failure)  873422K->556944K(1034752K), 0.0047247 secs]
150.908: Total time for which application threads were stopped: 0.0048939 seconds, Stopping threads took: 0.0000202 seconds
150.975: [GC (Allocation Failure)  878480K->556688K(1035776K), 0.0048037 secs]
150.979: Total time for which application threads were stopped: 0.0049972 seconds, Stopping threads took: 0.0000193 seconds
151.046: [GC (Allocation Failure)  879760K->554670K(1035264K), 0.0039929 secs]
151.050: Total time for which application threads were stopped: 0.0041421 seconds, Stopping threads took: 0.0000164 seconds
151.116: [GC (Allocation Failure)  877742K->556880K(1036288K), 0.0047208 secs]
151.121: Total time for which application threads were stopped: 0.0048915 seconds, Stopping threads took: 0.0000199 seconds
151.190: [GC (Allocation Failure)  880976K->556688K(1035776K), 0.0044504 secs]
151.195: Total time for which application threads were stopped: 0.0046272 seconds, Stopping threads took: 0.0000272 seconds
151.262: [GC (Allocation Failure)  880784K->562510K(1032192K), 0.0074516 secs]
151.270: Total time for which application threads were stopped: 0.0076023 seconds, Stopping threads took: 0.0000194 seconds
151.337: [GC (Allocation Failure)  883022K->558384K(1034240K), 0.0049483 secs]
151.342: Total time for which application threads were stopped: 0.0051549 seconds, Stopping threads took: 0.0000501 seconds
151.409: [GC (Allocation Failure)  878896K->558288K(1035264K), 0.0047104 secs]
151.414: Total time for which application threads were stopped: 0.0048853 seconds, Stopping threads took: 0.0000207 seconds
151.481: [GC (Allocation Failure)  880848K->564302K(1035264K), 0.0072141 secs]
151.488: Total time for which application threads were stopped: 0.0074034 seconds, Stopping threads took: 0.0000189 seconds
151.558: [GC (Allocation Failure)  886862K->559120K(1033216K), 0.0045962 secs]
151.563: Total time for which application threads were stopped: 0.0047786 seconds, Stopping threads took: 0.0000199 seconds
151.630: [GC (Allocation Failure)  879632K->559024K(1034240K), 0.0046846 secs]
151.635: Total time for which application threads were stopped: 0.0048442 seconds, Stopping threads took: 0.0000204 seconds
151.704: [GC (Allocation Failure)  879536K->565254K(1031680K), 0.0073301 secs]
151.711: Total time for which application threads were stopped: 0.0075011 seconds, Stopping threads took: 0.0000269 seconds
151.779: [GC (Allocation Failure)  883718K->559720K(1033216K), 0.0048039 secs]
151.784: Total time for which application threads were stopped: 0.0049674 seconds, Stopping threads took: 0.0000199 seconds
151.850: [GC (Allocation Failure)  878184K->559496K(1033728K), 0.0046825 secs]
151.855: Total time for which application threads were stopped: 0.0048403 seconds, Stopping threads took: 0.0000195 seconds
151.920: [GC (Allocation Failure)  878984K->558758K(1033728K), 0.0045966 secs]
151.924: Total time for which application threads were stopped: 0.0047884 seconds, Stopping threads took: 0.0000192 seconds
151.993: [GC (Allocation Failure)  878246K->559720K(1034752K), 0.0046505 secs]
151.998: Total time for which application threads were stopped: 0.0047984 seconds, Stopping threads took: 0.0000163 seconds
152.064: [GC (Allocation Failure)  880744K->559528K(1034240K), 0.0047346 secs]
152.069: Total time for which application threads were stopped: 0.0049003 seconds, Stopping threads took: 0.0000192 seconds
152.135: [GC (Allocation Failure)  880552K->556934K(1034752K), 0.0064100 secs]
152.141: Total time for which application threads were stopped: 0.0065765 seconds, Stopping threads took: 0.0000193 seconds
152.210: [GC (Allocation Failure)  878470K->559656K(1034752K), 0.0046122 secs]
152.215: Total time for which application threads were stopped: 0.0047801 seconds, Stopping threads took: 0.0000194 seconds
152.282: [GC (Allocation Failure)  881192K->559528K(1035776K), 0.0048290 secs]
152.287: Total time for which application threads were stopped: 0.0050023 seconds, Stopping threads took: 0.0000278 seconds
152.353: [GC (Allocation Failure)  882600K->559686K(1035264K), 0.0047846 secs]
152.358: Total time for which application threads were stopped: 0.0049328 seconds, Stopping threads took: 0.0000200 seconds
152.428: [GC (Allocation Failure)  882758K->559592K(1036288K), 0.0048138 secs]
152.433: Total time for which application threads were stopped: 0.0050041 seconds, Stopping threads took: 0.0000188 seconds
152.501: [GC (Allocation Failure)  884200K->559496K(1036288K), 0.0059936 secs]
152.507: Total time for which application threads were stopped: 0.0061539 seconds, Stopping threads took: 0.0000265 seconds
152.574: [GC (Allocation Failure)  884104K->552166K(1034752K), 0.0017984 secs]
152.575: Total time for which application threads were stopped: 0.0019211 seconds, Stopping threads took: 0.0000165 seconds
152.643: [GC (Allocation Failure)  875750K->559520K(1035776K), 0.0046207 secs]
152.647: Total time for which application threads were stopped: 0.0048129 seconds, Stopping threads took: 0.0000190 seconds
152.717: [GC (Allocation Failure)  883104K->563648K(1036288K), 0.0058588 secs]
152.723: Total time for which application threads were stopped: 0.0060192 seconds, Stopping threads took: 0.0000257 seconds
152.792: [GC (Allocation Failure)  888256K->563648K(1036288K), 0.0047563 secs]
152.797: Total time for which application threads were stopped: 0.0049221 seconds, Stopping threads took: 0.0000212 seconds
152.863: [GC (Allocation Failure)  888256K->563912K(1034752K), 0.0047958 secs]
152.868: Total time for which application threads were stopped: 0.0049979 seconds, Stopping threads took: 0.0000210 seconds
152.937: [GC (Allocation Failure)  887496K->571690K(1035776K), 0.0047685 secs]
152.942: Total time for which application threads were stopped: 0.0049617 seconds, Stopping threads took: 0.0000191 seconds
153.013: [GC (Allocation Failure)  895274K->571658K(1036288K), 0.0047129 secs]
153.018: Total time for which application threads were stopped: 0.0048865 seconds, Stopping threads took: 0.0000172 seconds
153.086: [GC (Allocation Failure)  896266K->571954K(1024512K), 0.0064438 secs]
153.092: Total time for which application threads were stopped: 0.0066209 seconds, Stopping threads took: 0.0000219 seconds
153.159: [GC (Allocation Failure)  896562K->579764K(1035776K), 0.0085033 secs]
153.168: Total time for which application threads were stopped: 0.0086720 seconds, Stopping threads took: 0.0000259 seconds
153.236: [GC (Allocation Failure)  903348K->579764K(1035776K), 0.0047634 secs]
153.241: Total time for which application threads were stopped: 0.0049392 seconds, Stopping threads took: 0.0000165 seconds
153.309: [GC (Allocation Failure)  903348K->579884K(1034752K), 0.0047626 secs]
153.314: Total time for which application threads were stopped: 0.0049291 seconds, Stopping threads took: 0.0000211 seconds
153.382: [GC (Allocation Failure)  902444K->587759K(1035264K), 0.0047877 secs]
153.387: Total time for which application threads were stopped: 0.0049485 seconds, Stopping threads took: 0.0000203 seconds
153.455: [GC (Allocation Failure)  910319K->587759K(1035264K), 0.0047634 secs]
153.459: Total time for which application threads were stopped: 0.0049232 seconds, Stopping threads took: 0.0000201 seconds
153.530: [GC (Allocation Failure)  910319K->587879K(1022464K), 0.0047053 secs]
153.534: Total time for which application threads were stopped: 0.0048765 seconds, Stopping threads took: 0.0000259 seconds
153.602: [GC (Allocation Failure)  910439K->595817K(1034752K), 0.0049522 secs]
153.607: Total time for which application threads were stopped: 0.0051082 seconds, Stopping threads took: 0.0000184 seconds
153.676: [GC (Allocation Failure)  917353K->595785K(1034752K), 0.0066680 secs]
153.682: Total time for which application threads were stopped: 0.0068356 seconds, Stopping threads took: 0.0000271 seconds
153.748: [GC (Allocation Failure)  917321K->596105K(1033728K), 0.0046977 secs]
153.753: Total time for which application threads were stopped: 0.0048668 seconds, Stopping threads took: 0.0000196 seconds
153.821: [GC (Allocation Failure)  916617K->603819K(1034240K), 0.0048767 secs]
153.826: Total time for which application threads were stopped: 0.0050364 seconds, Stopping threads took: 0.0000197 seconds
153.894: [GC (Allocation Failure)  924331K->603819K(1034240K), 0.0049538 secs]
153.899: Total time for which application threads were stopped: 0.0051163 seconds, Stopping threads took: 0.0000190 seconds
153.966: [GC (Allocation Failure)  924331K->604331K(1034240K), 0.0048435 secs]
153.971: Total time for which application threads were stopped: 0.0050025 seconds, Stopping threads took: 0.0000192 seconds
154.041: [GC (Allocation Failure)  924843K->611885K(1034240K), 0.0047889 secs]
154.046: Total time for which application threads were stopped: 0.0049571 seconds, Stopping threads took: 0.0000189 seconds
154.114: [GC (Allocation Failure)  932397K->611853K(1034240K), 0.0049428 secs]
154.119: Total time for which application threads were stopped: 0.0051067 seconds, Stopping threads took: 0.0000191 seconds
154.187: [GC (Allocation Failure)  932365K->612069K(1033216K), 0.0047492 secs]
154.192: Total time for which application threads were stopped: 0.0049158 seconds, Stopping threads took: 0.0000258 seconds
154.259: [GC (Allocation Failure)  931557K->619880K(1033728K), 0.0055998 secs]
154.265: Total time for which application threads were stopped: 0.0057788 seconds, Stopping threads took: 0.0000184 seconds
154.332: [GC (Allocation Failure)  939368K->619880K(1033728K), 0.0047521 secs]
154.337: Total time for which application threads were stopped: 0.0049217 seconds, Stopping threads took: 0.0000195 seconds
154.404: [GC (Allocation Failure)  939368K->620040K(1033728K), 0.0048768 secs]
154.409: Total time for which application threads were stopped: 0.0050693 seconds, Stopping threads took: 0.0000205 seconds
154.476: [GC (Allocation Failure)  939528K->627914K(1033728K), 0.0047493 secs]
154.481: Total time for which application threads were stopped: 0.0049196 seconds, Stopping threads took: 0.0000196 seconds
154.549: [GC (Allocation Failure)  947402K->627914K(1033728K), 0.0049268 secs]
154.554: Total time for which application threads were stopped: 0.0050858 seconds, Stopping threads took: 0.0000193 seconds
154.620: [GC (Allocation Failure)  947402K->627978K(1033728K), 0.0048755 secs]
154.625: Total time for which application threads were stopped: 0.0050401 seconds, Stopping threads took: 0.0000253 seconds
154.692: [GC (Allocation Failure)  947466K->635980K(1033728K), 0.0047585 secs]
154.697: Total time for which application threads were stopped: 0.0049252 seconds, Stopping threads took: 0.0000268 seconds
154.765: [GC (Allocation Failure)  955468K->635948K(1033728K), 0.0056828 secs]
154.771: Total time for which application threads were stopped: 0.0058511 seconds, Stopping threads took: 0.0000190 seconds
154.836: [GC (Allocation Failure)  955436K->636268K(1019392K), 0.0048821 secs]
154.841: Total time for which application threads were stopped: 0.0050445 seconds, Stopping threads took: 0.0000200 seconds
154.910: [GC (Allocation Failure)  955756K->644015K(1033216K), 0.0048066 secs]
154.915: Total time for which application threads were stopped: 0.0049767 seconds, Stopping threads took: 0.0000202 seconds
154.983: [GC (Allocation Failure)  962479K->643983K(1033216K), 0.0048440 secs]
154.988: Total time for which application threads were stopped: 0.0049989 seconds, Stopping threads took: 0.0000192 seconds
155.052: [GC (Allocation Failure)  962447K->644231K(1033216K), 0.0050782 secs]
155.058: Total time for which application threads were stopped: 0.0052771 seconds, Stopping threads took: 0.0000201 seconds
155.123: [GC (Allocation Failure)  962695K->651977K(1033216K), 0.0048554 secs]
155.128: Total time for which application threads were stopped: 0.0050174 seconds, Stopping threads took: 0.0000194 seconds
155.194: [GC (Allocation Failure)  970441K->648071K(1034240K), 0.0037388 secs]
155.198: Total time for which application threads were stopped: 0.0038971 seconds, Stopping threads took: 0.0000198 seconds
155.266: [GC (Allocation Failure)  967559K->652177K(1033216K), 0.0050214 secs]
155.271: Total time for which application threads were stopped: 0.0051980 seconds, Stopping threads took: 0.0000214 seconds
155.339: [GC (Allocation Failure)  971665K->656177K(1033728K), 0.0048254 secs]
155.344: Total time for which application threads were stopped: 0.0049834 seconds, Stopping threads took: 0.0000195 seconds
155.410: [GC (Allocation Failure)  976689K->648303K(1034240K), 0.0020202 secs]
155.412: Total time for which application threads were stopped: 0.0021921 seconds, Stopping threads took: 0.0000198 seconds
155.481: [GC (Allocation Failure)  968815K->656241K(1034240K), 0.0050033 secs]
155.486: Total time for which application threads were stopped: 0.0051826 seconds, Stopping threads took: 0.0000220 seconds
155.554: [GC (Allocation Failure)  976753K->660289K(1034240K), 0.0061741 secs]
155.560: Total time for which application threads were stopped: 0.0063344 seconds, Stopping threads took: 0.0000203 seconds
155.629: [GC (Allocation Failure)  980801K->666983K(1029120K), 0.0078111 secs]
155.637: Total time for which application threads were stopped: 0.0079664 seconds, Stopping threads took: 0.0000268 seconds
155.704: [GC (Allocation Failure)  982375K->660969K(1031680K), 0.0052628 secs]
155.710: Total time for which application threads were stopped: 0.0054373 seconds, Stopping threads took: 0.0000259 seconds
155.776: [GC (Allocation Failure)  976361K->660745K(1032192K), 0.0051488 secs]
155.781: Total time for which application threads were stopped: 0.0053380 seconds, Stopping threads took: 0.0000194 seconds
155.849: [GC (Allocation Failure)  976649K->662921K(1031680K), 0.0052465 secs]
155.854: Total time for which application threads were stopped: 0.0054168 seconds, Stopping threads took: 0.0000201 seconds
155.921: [GC (Allocation Failure)  978825K->668811K(1032704K), 0.0049205 secs]
155.926: Total time for which application threads were stopped: 0.0050832 seconds, Stopping threads took: 0.0000200 seconds
155.993: [GC (Allocation Failure)  986251K->668747K(1032704K), 0.0050244 secs]
155.998: Total time for which application threads were stopped: 0.0051936 seconds, Stopping threads took: 0.0000199 seconds
156.064: [GC (Allocation Failure)  986187K->670635K(1033216K), 0.0051556 secs]
156.070: Total time for which application threads were stopped: 0.0053385 seconds, Stopping threads took: 0.0000244 seconds
156.138: [GC (Allocation Failure)  989099K->676909K(1033216K), 0.0048986 secs]
156.143: Total time for which application threads were stopped: 0.0050690 seconds, Stopping threads took: 0.0000203 seconds
156.211: [GC (Allocation Failure)  995373K->676813K(1033728K), 0.0048634 secs]
156.216: Total time for which application threads were stopped: 0.0050242 seconds, Stopping threads took: 0.0000196 seconds
156.283: [GC (Allocation Failure)  995789K->679373K(1033216K), 0.0055273 secs]
156.288: Total time for which application threads were stopped: 0.0056907 seconds, Stopping threads took: 0.0000198 seconds
156.355: [GC (Allocation Failure)  998349K->684912K(1033728K), 0.0047226 secs]
156.360: Total time for which application threads were stopped: 0.0048986 seconds, Stopping threads took: 0.0000207 seconds
156.427: [GC (Allocation Failure)  1004400K->684816K(1033728K), 0.0049593 secs]
156.432: Total time for which application threads were stopped: 0.0051478 seconds, Stopping threads took: 0.0000195 seconds
156.500: [GC (Allocation Failure)  1004304K->686056K(1033216K), 0.0090516 secs]
156.509: [Full GC (Ergonomics)  686056K->9720K(1033216K), 0.0171771 secs]
156.527: Total time for which application threads were stopped: 0.0264621 seconds, Stopping threads took: 0.0000166 seconds
156.594: [GC (Allocation Failure)  329208K->18682K(1033728K), 0.0038595 secs]
156.598: Total time for which application threads were stopped: 0.0040086 seconds, Stopping threads took: 0.0000173 seconds
156.665: [GC (Allocation Failure)  338170K->18674K(1033728K), 0.0039692 secs]
156.669: Total time for which application threads were stopped: 0.0041352 seconds, Stopping threads took: 0.0000256 seconds
156.734: [GC (Allocation Failure)  338162K->19082K(1033728K), 0.0037434 secs]
156.738: Total time for which application threads were stopped: 0.0039159 seconds, Stopping threads took: 0.0000227 seconds
156.804: [GC (Allocation Failure)  338570K->26668K(1033728K), 0.0043614 secs]
156.809: Total time for which application threads were stopped: 0.0045484 seconds, Stopping threads took: 0.0000198 seconds
156.875: [GC (Allocation Failure)  346156K->26636K(1033728K), 0.0043198 secs]
156.880: Total time for which application threads were stopped: 0.0045031 seconds, Stopping threads took: 0.0000218 seconds
156.947: [GC (Allocation Failure)  346124K->26788K(1033728K), 0.0038792 secs]
156.951: Total time for which application threads were stopped: 0.0040396 seconds, Stopping threads took: 0.0000196 seconds
157.017: [GC (Allocation Failure)  346276K->34695K(1033728K), 0.0040185 secs]
157.021: Total time for which application threads were stopped: 0.0041800 seconds, Stopping threads took: 0.0000193 seconds
157.088: [GC (Allocation Failure)  354183K->34695K(1033728K), 0.0038809 secs]
157.092: Total time for which application threads were stopped: 0.0040511 seconds, Stopping threads took: 0.0000197 seconds
157.159: [GC (Allocation Failure)  354183K->35527K(1033728K), 0.0038131 secs]
157.163: Total time for which application threads were stopped: 0.0040241 seconds, Stopping threads took: 0.0000281 seconds
157.232: [GC (Allocation Failure)  355015K->42793K(1033728K), 0.0037381 secs]
157.236: Total time for which application threads were stopped: 0.0039293 seconds, Stopping threads took: 0.0000192 seconds
157.303: [GC (Allocation Failure)  362281K->42729K(1033728K), 0.0037666 secs]
157.307: Total time for which application threads were stopped: 0.0039573 seconds, Stopping threads took: 0.0000189 seconds
157.375: [GC (Allocation Failure)  362217K->44809K(1033728K), 0.0040105 secs]
157.379: Total time for which application threads were stopped: 0.0041939 seconds, Stopping threads took: 0.0000169 seconds
157.448: [GC (Allocation Failure)  364297K->50795K(1033728K), 0.0039090 secs]
157.452: Total time for which application threads were stopped: 0.0040906 seconds, Stopping threads took: 0.0000164 seconds
157.522: [GC (Allocation Failure)  370283K->50763K(1033728K), 0.0037494 secs]
157.525: Total time for which application threads were stopped: 0.0039159 seconds, Stopping threads took: 0.0000258 seconds
157.593: [GC (Allocation Failure)  370251K->51979K(1033728K), 0.0037887 secs]
157.597: Total time for which application threads were stopped: 0.0039804 seconds, Stopping threads took: 0.0000199 seconds
157.665: [GC (Allocation Failure)  371467K->58861K(1033728K), 0.0036753 secs]
157.668: Total time for which application threads were stopped: 0.0038534 seconds, Stopping threads took: 0.0000255 seconds
157.737: [GC (Allocation Failure)  378349K->58765K(1033728K), 0.0037288 secs]
157.740: Total time for which application threads were stopped: 0.0038771 seconds, Stopping threads took: 0.0000165 seconds
157.807: [GC (Allocation Failure)  378253K->59245K(1033728K), 0.0038407 secs]
157.811: Total time for which application threads were stopped: 0.0040284 seconds, Stopping threads took: 0.0000202 seconds
157.877: [GC (Allocation Failure)  378733K->66864K(1033728K), 0.0039930 secs]
157.881: Total time for which application threads were stopped: 0.0041643 seconds, Stopping threads took: 0.0000191 seconds
157.947: [GC (Allocation Failure)  386352K->66800K(1033728K), 0.0038032 secs]
157.951: Total time for which application threads were stopped: 0.0039735 seconds, Stopping threads took: 0.0000202 seconds
158.017: [GC (Allocation Failure)  386288K->66920K(1033728K), 0.0044030 secs]
158.022: Total time for which application threads were stopped: 0.0045709 seconds, Stopping threads took: 0.0000207 seconds
158.089: [GC (Allocation Failure)  386408K->74890K(1033728K), 0.0039752 secs]
158.093: Total time for which application threads were stopped: 0.0041445 seconds, Stopping threads took: 0.0000196 seconds
158.159: [GC (Allocation Failure)  394378K->74858K(1033728K), 0.0037973 secs]
158.163: Total time for which application threads were stopped: 0.0039710 seconds, Stopping threads took: 0.0000185 seconds
158.231: [GC (Allocation Failure)  394346K->75658K(1033728K), 0.0039725 secs]
158.235: Total time for which application threads were stopped: 0.0041333 seconds, Stopping threads took: 0.0000192 seconds
158.302: [GC (Allocation Failure)  395146K->82924K(1033728K), 0.0039504 secs]
158.307: Total time for which application threads were stopped: 0.0041279 seconds, Stopping threads took: 0.0000196 seconds
158.372: [GC (Allocation Failure)  402412K->82892K(1033728K), 0.0037925 secs]
158.376: Total time for which application threads were stopped: 0.0039527 seconds, Stopping threads took: 0.0000194 seconds
158.443: [GC (Allocation Failure)  402380K->83916K(1033728K), 0.0038964 secs]
158.447: Total time for which application threads were stopped: 0.0040648 seconds, Stopping threads took: 0.0000186 seconds
158.515: [GC (Allocation Failure)  403404K->90926K(1033728K), 0.0043963 secs]
158.519: Total time for which application threads were stopped: 0.0045413 seconds, Stopping threads took: 0.0000250 seconds
158.586: [GC (Allocation Failure)  410414K->90926K(1033728K), 0.0038340 secs]
158.590: Total time for which application threads were stopped: 0.0039965 seconds, Stopping threads took: 0.0000193 seconds
158.659: [GC (Allocation Failure)  410414K->91110K(1033728K), 0.0037680 secs]
158.663: Total time for which application threads were stopped: 0.0039291 seconds, Stopping threads took: 0.0000249 seconds
158.729: [GC (Allocation Failure)  410598K->98953K(1033728K), 0.0039316 secs]
158.733: Total time for which application threads were stopped: 0.0040916 seconds, Stopping threads took: 0.0000197 seconds
158.799: [GC (Allocation Failure)  418441K->98953K(1033728K), 0.0038250 secs]
158.803: Total time for which application threads were stopped: 0.0040175 seconds, Stopping threads took: 0.0000196 seconds
158.871: [GC (Allocation Failure)  418441K->99337K(1019392K), 0.0039231 secs]
158.875: Total time for which application threads were stopped: 0.0040839 seconds, Stopping threads took: 0.0000191 seconds
158.945: [GC (Allocation Failure)  418825K->106987K(1033216K), 0.0039190 secs]
158.949: Total time for which application threads were stopped: 0.0040874 seconds, Stopping threads took: 0.0000200 seconds
159.017: [GC (Allocation Failure)  425451K->106987K(1033216K), 0.0037752 secs]
159.021: Total time for which application threads were stopped: 0.0039682 seconds, Stopping threads took: 0.0000200 seconds
159.088: [GC (Allocation Failure)  425451K->107595K(1033216K), 0.0058106 secs]
159.094: Total time for which application threads were stopped: 0.0059997 seconds, Stopping threads took: 0.0000196 seconds
159.162: [GC (Allocation Failure)  426059K->115021K(1033216K), 0.0038724 secs]
159.166: Total time for which application threads were stopped: 0.0040356 seconds, Stopping threads took: 0.0000265 seconds
159.232: [GC (Allocation Failure)  433485K->115021K(1033216K), 0.0041607 secs]
159.236: Total time for which application threads were stopped: 0.0043358 seconds, Stopping threads took: 0.0000256 seconds
159.301: [GC (Allocation Failure)  433485K->115821K(1033216K), 0.0041031 secs]
159.305: Total time for which application threads were stopped: 0.0042849 seconds, Stopping threads took: 0.0000205 seconds
159.371: [GC (Allocation Failure)  434285K->123056K(1033216K), 0.0038213 secs]
159.375: Total time for which application threads were stopped: 0.0040163 seconds, Stopping threads took: 0.0000202 seconds
159.444: [GC (Allocation Failure)  441520K->123056K(1033216K), 0.0038054 secs]
159.448: Total time for which application threads were stopped: 0.0039685 seconds, Stopping threads took: 0.0000252 seconds
159.515: [GC (Allocation Failure)  441520K->123120K(1033216K), 0.0064606 secs]
159.521: Total time for which application threads were stopped: 0.0066683 seconds, Stopping threads took: 0.0000266 seconds
159.589: [GC (Allocation Failure)  441584K->131122K(1033216K), 0.0041163 secs]
159.593: Total time for which application threads were stopped: 0.0042765 seconds, Stopping threads took: 0.0000204 seconds
159.660: [GC (Allocation Failure)  449586K->131058K(1033216K), 0.0043899 secs]
159.665: Total time for which application threads were stopped: 0.0045508 seconds, Stopping threads took: 0.0000257 seconds
159.732: [GC (Allocation Failure)  449522K->131242K(1033216K), 0.0039570 secs]
159.736: Total time for which application threads were stopped: 0.0041188 seconds, Stopping threads took: 0.0000199 seconds
159.804: [GC (Allocation Failure)  449706K->139148K(1033216K), 0.0040260 secs]
159.809: Total time for which application threads were stopped: 0.0041866 seconds, Stopping threads took: 0.0000197 seconds
159.874: [GC (Allocation Failure)  457612K->139116K(1033216K), 0.0039723 secs]
159.878: Total time for which application threads were stopped: 0.0041505 seconds, Stopping threads took: 0.0000203 seconds
159.945: [GC (Allocation Failure)  457580K->139460K(1033216K), 0.0041133 secs]
159.949: Total time for which application threads were stopped: 0.0042818 seconds, Stopping threads took: 0.0000200 seconds
160.015: [GC (Allocation Failure)  457924K->147174K(1033216K), 0.0041665 secs]
160.019: Total time for which application threads were stopped: 0.0043409 seconds, Stopping threads took: 0.0000202 seconds
160.087: [GC (Allocation Failure)  465638K->147110K(1033216K), 0.0037408 secs]
160.091: Total time for which application threads were stopped: 0.0039111 seconds, Stopping threads took: 0.0000225 seconds
160.155: [GC (Allocation Failure)  465574K->147214K(1033216K), 0.0039873 secs]
160.159: Total time for which application threads were stopped: 0.0041441 seconds, Stopping threads took: 0.0000190 seconds
160.227: [GC (Allocation Failure)  465678K->155153K(1033216K), 0.0039731 secs]
160.231: Total time for which application threads were stopped: 0.0041521 seconds, Stopping threads took: 0.0000199 seconds
160.297: [GC (Allocation Failure)  473617K->155185K(1033216K), 0.0038226 secs]
160.301: Total time for which application threads were stopped: 0.0039881 seconds, Stopping threads took: 0.0000194 seconds
160.367: [GC (Allocation Failure)  473649K->155433K(1033216K), 0.0039114 secs]
160.371: Total time for which application threads were stopped: 0.0040716 seconds, Stopping threads took: 0.0000185 seconds
160.438: [GC (Allocation Failure)  473897K->163179K(1033216K), 0.0045879 secs]
160.443: Total time for which application threads were stopped: 0.0047520 seconds, Stopping threads took: 0.0000193 seconds
160.508: [GC (Allocation Failure)  481643K->157545K(1033728K), 0.0029598 secs]
160.511: Total time for which application threads were stopped: 0.0031164 seconds, Stopping threads took: 0.0000263 seconds
160.578: [GC (Allocation Failure)  476521K->163427K(1033216K), 0.0040803 secs]
160.583: Total time for which application threads were stopped: 0.0042483 seconds, Stopping threads took: 0.0000193 seconds
160.650: [GC (Allocation Failure)  482403K->167363K(1034240K), 0.0039655 secs]
160.654: Total time for which application threads were stopped: 0.0041493 seconds, Stopping threads took: 0.0000208 seconds
160.724: [GC (Allocation Failure)  487875K->173185K(1034240K), 0.0064306 secs]
160.730: Total time for which application threads were stopped: 0.0066063 seconds, Stopping threads took: 0.0000210 seconds
160.799: [GC (Allocation Failure)  493697K->167459K(1030144K), 0.0039963 secs]
160.803: Total time for which application threads were stopped: 0.0041581 seconds, Stopping threads took: 0.0000197 seconds
160.872: [GC (Allocation Failure)  483875K->167395K(1032192K), 0.0039672 secs]
160.876: Total time for which application threads were stopped: 0.0041271 seconds, Stopping threads took: 0.0000203 seconds
160.944: [GC (Allocation Failure)  483811K->163169K(1033216K), 0.0022862 secs]
160.946: Total time for which application threads were stopped: 0.0024343 seconds, Stopping threads took: 0.0000187 seconds
161.015: [GC (Allocation Failure)  481121K->167395K(1032704K), 0.0041089 secs]
161.019: Total time for which application threads were stopped: 0.0042775 seconds, Stopping threads took: 0.0000193 seconds
161.084: [GC (Allocation Failure)  485347K->167363K(1033728K), 0.0040490 secs]
161.089: Total time for which application threads were stopped: 0.0042260 seconds, Stopping threads took: 0.0000197 seconds
161.154: [GC (Allocation Failure)  486339K->170891K(1033216K), 0.0048525 secs]
161.159: Total time for which application threads were stopped: 0.0050335 seconds, Stopping threads took: 0.0000245 seconds
161.227: [GC (Allocation Failure)  489867K->175405K(1034240K), 0.0041174 secs]
161.231: Total time for which application threads were stopped: 0.0042945 seconds, Stopping threads took: 0.0000269 seconds
161.298: [GC (Allocation Failure)  495405K->175437K(1033728K), 0.0040543 secs]
161.303: Total time for which application threads were stopped: 0.0042225 seconds, Stopping threads took: 0.0000199 seconds
161.368: [GC (Allocation Failure)  495437K->178629K(1034240K), 0.0058864 secs]
161.374: Total time for which application threads were stopped: 0.0060466 seconds, Stopping threads took: 0.0000185 seconds
161.442: [GC (Allocation Failure)  499141K->183495K(1034240K), 0.0042059 secs]
161.446: Total time for which application threads were stopped: 0.0043732 seconds, Stopping threads took: 0.0000192 seconds
161.515: [GC (Allocation Failure)  504007K->183399K(1034752K), 0.0065223 secs]
161.521: Total time for which application threads were stopped: 0.0067190 seconds, Stopping threads took: 0.0000250 seconds
161.587: [GC (Allocation Failure)  504935K->185831K(1034752K), 0.0042907 secs]
161.592: Total time for which application threads were stopped: 0.0044720 seconds, Stopping threads took: 0.0000191 seconds
161.660: [GC (Allocation Failure)  507367K->191498K(1034752K), 0.0041383 secs]
161.664: Total time for which application threads were stopped: 0.0042978 seconds, Stopping threads took: 0.0000175 seconds
161.732: [GC (Allocation Failure)  513034K->191498K(1034752K), 0.0041627 secs]
161.736: Total time for which application threads were stopped: 0.0043341 seconds, Stopping threads took: 0.0000202 seconds
161.803: [GC (Allocation Failure)  513034K->195074K(1034752K), 0.0049524 secs]
161.808: Total time for which application threads were stopped: 0.0051161 seconds, Stopping threads took: 0.0000201 seconds
161.878: [GC (Allocation Failure)  516610K->199556K(1034752K), 0.0040594 secs]
161.882: Total time for which application threads were stopped: 0.0042248 seconds, Stopping threads took: 0.0000200 seconds
161.950: [GC (Allocation Failure)  521092K->199524K(1035264K), 0.0043287 secs]
161.954: Total time for which application threads were stopped: 0.0045243 seconds, Stopping threads took: 0.0000201 seconds
162.022: [GC (Allocation Failure)  522084K->201252K(1024000K), 0.0042573 secs]
162.026: Total time for which application threads were stopped: 0.0044635 seconds, Stopping threads took: 0.0000203 seconds
162.096: [GC (Allocation Failure)  523812K->207558K(1034752K), 0.0039336 secs]
162.100: Total time for which application threads were stopped: 0.0041256 seconds, Stopping threads took: 0.0000189 seconds
162.169: [GC (Allocation Failure)  529094K->207526K(1034752K), 0.0039279 secs]
162.173: Total time for which application threads were stopped: 0.0041002 seconds, Stopping threads took: 0.0000275 seconds
162.241: [GC (Allocation Failure)  529062K->211526K(1035264K), 0.0050186 secs]
162.246: Total time for which application threads were stopped: 0.0051722 seconds, Stopping threads took: 0.0000166 seconds
162.314: [GC (Allocation Failure)  534086K->215816K(1035264K), 0.0039927 secs]
162.318: Total time for which application threads were stopped: 0.0041878 seconds, Stopping threads took: 0.0000200 seconds
162.389: [GC (Allocation Failure)  538376K->215560K(1035264K), 0.0041448 secs]
162.393: Total time for which application threads were stopped: 0.0043192 seconds, Stopping threads took: 0.0000199 seconds
162.461: [GC (Allocation Failure)  538120K->207590K(1022464K), 0.0009849 secs]
162.462: Total time for which application threads were stopped: 0.0011222 seconds, Stopping threads took: 0.0000284 seconds
162.530: [GC (Allocation Failure)  530150K->215720K(1034752K), 0.0040588 secs]
162.534: Total time for which application threads were stopped: 0.0042451 seconds, Stopping threads took: 0.0000190 seconds
162.604: [GC (Allocation Failure)  537256K->215560K(1034752K), 0.0041141 secs]
162.608: Total time for which application threads were stopped: 0.0042849 seconds, Stopping threads took: 0.0000203 seconds
162.673: [GC (Allocation Failure)  537096K->209894K(1034752K), 0.0017269 secs]
162.675: Total time for which application threads were stopped: 0.0018908 seconds, Stopping threads took: 0.0000279 seconds
162.744: [GC (Allocation Failure)  531430K->215688K(1034752K), 0.0043712 secs]
162.749: Total time for which application threads were stopped: 0.0045452 seconds, Stopping threads took: 0.0000208 seconds
162.816: [GC (Allocation Failure)  537224K->215592K(1034752K), 0.0042050 secs]
162.820: Total time for which application threads were stopped: 0.0044191 seconds, Stopping threads took: 0.0000201 seconds
162.887: [GC (Allocation Failure)  537128K->211078K(1034752K), 0.0021741 secs]
162.889: Total time for which application threads were stopped: 0.0023426 seconds, Stopping threads took: 0.0000186 seconds
162.959: [GC (Allocation Failure)  532614K->215624K(1034240K), 0.0041886 secs]
162.963: Total time for which application threads were stopped: 0.0044072 seconds, Stopping threads took: 0.0000195 seconds
163.033: [GC (Allocation Failure)  537160K->215560K(1034752K), 0.0041295 secs]
163.037: Total time for which application threads were stopped: 0.0042763 seconds, Stopping threads took: 0.0000168 seconds
163.103: [GC (Allocation Failure)  537096K->212326K(1035264K), 0.0027646 secs]
163.105: Total time for which application threads were stopped: 0.0029319 seconds, Stopping threads took: 0.0000190 seconds
163.175: [GC (Allocation Failure)  534886K->215592K(1035264K), 0.0040571 secs]
163.179: Total time for which application threads were stopped: 0.0042181 seconds, Stopping threads took: 0.0000261 seconds
163.248: [GC (Allocation Failure)  538152K->215592K(1035264K), 0.0040340 secs]
163.252: Total time for which application threads were stopped: 0.0042068 seconds, Stopping threads took: 0.0000286 seconds
163.319: [GC (Allocation Failure)  538152K->216614K(1035264K), 0.0044473 secs]
163.324: Total time for which application threads were stopped: 0.0046081 seconds, Stopping threads took: 0.0000198 seconds
163.393: [GC (Allocation Failure)  539174K->215752K(1035264K), 0.0042348 secs]
163.397: Total time for which application threads were stopped: 0.0043944 seconds, Stopping threads took: 0.0000199 seconds
163.467: [GC (Allocation Failure)  538312K->215560K(1035264K), 0.0041008 secs]
163.471: Total time for which application threads were stopped: 0.0042598 seconds, Stopping threads took: 0.0000196 seconds
163.538: [GC (Allocation Failure)  538120K->220894K(1031680K), 0.0063427 secs]
163.544: Total time for which application threads were stopped: 0.0065017 seconds, Stopping threads took: 0.0000173 seconds
163.609: [GC (Allocation Failure)  540382K->216288K(1033728K), 0.0040319 secs]
163.613: Total time for which application threads were stopped: 0.0042116 seconds, Stopping threads took: 0.0000319 seconds
163.681: [GC (Allocation Failure)  535776K->216192K(1034752K), 0.0038223 secs]
163.685: Total time for which application threads were stopped: 0.0039877 seconds, Stopping threads took: 0.0000263 seconds
163.750: [GC (Allocation Failure)  537216K->218142K(1034240K), 0.0050708 secs]
163.755: Total time for which application threads were stopped: 0.0052353 seconds, Stopping threads took: 0.0000189 seconds
163.822: [GC (Allocation Failure)  539166K->216256K(1035264K), 0.0040679 secs]
163.827: Total time for which application threads were stopped: 0.0042399 seconds, Stopping threads took: 0.0000199 seconds
163.896: [GC (Allocation Failure)  538304K->216128K(1034752K), 0.0040832 secs]
163.900: Total time for which application threads were stopped: 0.0042445 seconds, Stopping threads took: 0.0000194 seconds
163.968: [GC (Allocation Failure)  538176K->219870K(1033728K), 0.0055480 secs]
163.973: Total time for which application threads were stopped: 0.0057239 seconds, Stopping threads took: 0.0000194 seconds
164.039: [GC (Allocation Failure)  541406K->216192K(1034752K), 0.0040921 secs]
164.043: Total time for which application threads were stopped: 0.0042521 seconds, Stopping threads took: 0.0000190 seconds
164.110: [GC (Allocation Failure)  537728K->216160K(1035776K), 0.0039887 secs]
164.114: Total time for which application threads were stopped: 0.0041742 seconds, Stopping threads took: 0.0000361 seconds
164.181: [GC (Allocation Failure)  539232K->222606K(1035264K), 0.0070354 secs]
164.189: Total time for which application threads were stopped: 0.0072052 seconds, Stopping threads took: 0.0000193 seconds
164.257: [GC (Allocation Failure)  545678K->218096K(1033216K), 0.0043389 secs]
164.261: Total time for which application threads were stopped: 0.0045149 seconds, Stopping threads took: 0.0000261 seconds
164.328: [GC (Allocation Failure)  538608K->217904K(1034240K), 0.0039988 secs]
164.332: Total time for which application threads were stopped: 0.0041698 seconds, Stopping threads took: 0.0000203 seconds
164.399: [GC (Allocation Failure)  538416K->225038K(1030656K), 0.0071392 secs]
164.406: Total time for which application threads were stopped: 0.0073575 seconds, Stopping threads took: 0.0000198 seconds
164.473: [GC (Allocation Failure)  542478K->219472K(1032704K), 0.0042060 secs]
164.477: Total time for which application threads were stopped: 0.0043796 seconds, Stopping threads took: 0.0000207 seconds
164.547: [GC (Allocation Failure)  536912K->219280K(1033728K), 0.0039719 secs]
164.551: Total time for which application threads were stopped: 0.0041280 seconds, Stopping threads took: 0.0000195 seconds
164.619: [GC (Allocation Failure)  538256K->216974K(1033216K), 0.0035649 secs]
164.623: Total time for which application threads were stopped: 0.0037439 seconds, Stopping threads took: 0.0000194 seconds
164.692: [GC (Allocation Failure)  535950K->219408K(1033728K), 0.0040635 secs]
164.696: Total time for which application threads were stopped: 0.0042335 seconds, Stopping threads took: 0.0000283 seconds
164.764: [GC (Allocation Failure)  538384K->219280K(1033216K), 0.0040100 secs]
164.768: Total time for which application threads were stopped: 0.0041804 seconds, Stopping threads took: 0.0000195 seconds
164.835: [GC (Allocation Failure)  538256K->222664K(1033216K), 0.0047620 secs]
164.840: Total time for which application threads were stopped: 0.0049326 seconds, Stopping threads took: 0.0000202 seconds
164.907: [GC (Allocation Failure)  542152K->227403K(1033728K), 0.0040650 secs]
164.911: Total time for which application threads were stopped: 0.0042596 seconds, Stopping threads took: 0.0000203 seconds
164.979: [GC (Allocation Failure)  546891K->227339K(1035264K), 0.0043141 secs]
164.983: Total time for which application threads were stopped: 0.0044696 seconds, Stopping threads took: 0.0000173 seconds
165.049: [GC (Allocation Failure)  549387K->228331K(1022976K), 0.0042553 secs]
165.053: Total time for which application threads were stopped: 0.0044172 seconds, Stopping threads took: 0.0000195 seconds
165.122: [GC (Allocation Failure)  550379K->235373K(1034752K), 0.0040386 secs]
165.126: Total time for which application threads were stopped: 0.0042397 seconds, Stopping threads took: 0.0000203 seconds
165.194: [GC (Allocation Failure)  556397K->235341K(1034240K), 0.0042222 secs]
165.198: Total time for which application threads were stopped: 0.0043817 seconds, Stopping threads took: 0.0000193 seconds
165.265: [GC (Allocation Failure)  556365K->237029K(1034240K), 0.0043885 secs]
165.269: Total time for which application threads were stopped: 0.0045721 seconds, Stopping threads took: 0.0000255 seconds
165.338: [GC (Allocation Failure)  558565K->243591K(1034752K), 0.0041109 secs]
165.342: Total time for which application threads were stopped: 0.0042761 seconds, Stopping threads took: 0.0000203 seconds
165.409: [GC (Allocation Failure)  565127K->243399K(1035264K), 0.0041777 secs]
165.414: Total time for which application threads were stopped: 0.0043355 seconds, Stopping threads took: 0.0000195 seconds
165.481: [GC (Allocation Failure)  565447K->246823K(1034752K), 0.0047937 secs]
165.485: Total time for which application threads were stopped: 0.0049510 seconds, Stopping threads took: 0.0000193 seconds
165.554: [GC (Allocation Failure)  568871K->251594K(1035264K), 0.0041705 secs]
165.558: Total time for which application threads were stopped: 0.0043269 seconds, Stopping threads took: 0.0000192 seconds
165.626: [GC (Allocation Failure)  574154K->251434K(1035264K), 0.0041471 secs]
165.630: Total time for which application threads were stopped: 0.0043191 seconds, Stopping threads took: 0.0000342 seconds
165.699: [GC (Allocation Failure)  573994K->246503K(1035264K), 0.0021624 secs]
165.701: Total time for which application threads were stopped: 0.0023197 seconds, Stopping threads took: 0.0000253 seconds
165.769: [GC (Allocation Failure)  569063K->251498K(1035264K), 0.0041022 secs]
165.773: Total time for which application threads were stopped: 0.0042715 seconds, Stopping threads took: 0.0000197 seconds
165.841: [GC (Allocation Failure)  574058K->251402K(1035776K), 0.0040884 secs]
165.845: Total time for which application threads were stopped: 0.0042638 seconds, Stopping threads took: 0.0000198 seconds
165.912: [GC (Allocation Failure)  574474K->251303K(1035264K), 0.0040212 secs]
165.916: Total time for which application threads were stopped: 0.0041858 seconds, Stopping threads took: 0.0000260 seconds
165.985: [GC (Allocation Failure)  574375K->251498K(1035776K), 0.0041831 secs]
165.989: Total time for which application threads were stopped: 0.0043440 seconds, Stopping threads took: 0.0000189 seconds
166.057: [GC (Allocation Failure)  575082K->251434K(1035776K), 0.0040729 secs]
166.061: Total time for which application threads were stopped: 0.0042536 seconds, Stopping threads took: 0.0000206 seconds
166.129: [GC (Allocation Failure)  575018K->258151K(1031168K), 0.0072485 secs]
166.136: Total time for which application threads were stopped: 0.0074365 seconds, Stopping threads took: 0.0000219 seconds
166.205: [GC (Allocation Failure)  577639K->253962K(1033728K), 0.0040572 secs]
166.209: Total time for which application threads were stopped: 0.0042269 seconds, Stopping threads took: 0.0000256 seconds
166.276: [GC (Allocation Failure)  573450K->253930K(1035264K), 0.0041459 secs]
166.280: Total time for which application threads were stopped: 0.0043420 seconds, Stopping threads took: 0.0000211 seconds
166.349: [GC (Allocation Failure)  575466K->257831K(1034240K), 0.0056622 secs]
166.354: Total time for which application threads were stopped: 0.0058399 seconds, Stopping threads took: 0.0000269 seconds
166.421: [GC (Allocation Failure)  579367K->254154K(1034752K), 0.0042374 secs]
166.425: Total time for which application threads were stopped: 0.0044104 seconds, Stopping threads took: 0.0000212 seconds
166.493: [GC (Allocation Failure)  575178K->253962K(1034240K), 0.0041589 secs]
166.497: Total time for which application threads were stopped: 0.0043374 seconds, Stopping threads took: 0.0000202 seconds
166.566: [GC (Allocation Failure)  574986K->257991K(1033216K), 0.0058507 secs]
166.572: Total time for which application threads were stopped: 0.0060106 seconds, Stopping threads took: 0.0000199 seconds
166.639: [GC (Allocation Failure)  578503K->254090K(1034240K), 0.0043340 secs]
166.644: Total time for which application threads were stopped: 0.0044956 seconds, Stopping threads took: 0.0000195 seconds
166.712: [GC (Allocation Failure)  574602K->253930K(1035264K), 0.0039455 secs]
166.717: Total time for which application threads were stopped: 0.0041235 seconds, Stopping threads took: 0.0000279 seconds
166.785: [GC (Allocation Failure)  575978K->257735K(1033728K), 0.0058323 secs]
166.790: Total time for which application threads were stopped: 0.0060203 seconds, Stopping threads took: 0.0000215 seconds
166.859: [GC (Allocation Failure)  579783K->254058K(1034752K), 0.0039290 secs]
166.863: Total time for which application threads were stopped: 0.0041026 seconds, Stopping threads took: 0.0000230 seconds
166.930: [GC (Allocation Failure)  575082K->253898K(1034240K), 0.0042183 secs]
166.934: Total time for which application threads were stopped: 0.0043831 seconds, Stopping threads took: 0.0000205 seconds
167.001: [GC (Allocation Failure)  574922K->258439K(1033216K), 0.0076143 secs]
167.009: Total time for which application threads were stopped: 0.0077901 seconds, Stopping threads took: 0.0000205 seconds
167.075: [GC (Allocation Failure)  578951K->254026K(1034240K), 0.0042768 secs]
167.079: Total time for which application threads were stopped: 0.0044610 seconds, Stopping threads took: 0.0000218 seconds
167.147: [GC (Allocation Failure)  574538K->253962K(1034752K), 0.0039551 secs]
167.151: Total time for which application threads were stopped: 0.0041195 seconds, Stopping threads took: 0.0000203 seconds
167.219: [GC (Allocation Failure)  574986K->257095K(1034240K), 0.0054185 secs]
167.224: Total time for which application threads were stopped: 0.0055907 seconds, Stopping threads took: 0.0000186 seconds
167.292: [GC (Allocation Failure)  578119K->254186K(1034752K), 0.0041658 secs]
167.296: Total time for which application threads were stopped: 0.0043287 seconds, Stopping threads took: 0.0000194 seconds
167.364: [GC (Allocation Failure)  575210K->253930K(1034240K), 0.0042130 secs]
167.368: Total time for which application threads were stopped: 0.0043958 seconds, Stopping threads took: 0.0000201 seconds
167.435: [GC (Allocation Failure)  574954K->256807K(1034752K), 0.0066163 secs]
167.442: Total time for which application threads were stopped: 0.0067912 seconds, Stopping threads took: 0.0000202 seconds
167.510: [GC (Allocation Failure)  578343K->254122K(1034752K), 0.0074565 secs]
167.518: Total time for which application threads were stopped: 0.0076220 seconds, Stopping threads took: 0.0000200 seconds
167.586: [GC (Allocation Failure)  575658K->253930K(1035264K), 0.0041334 secs]
167.590: Total time for which application threads were stopped: 0.0042818 seconds, Stopping threads took: 0.0000164 seconds
167.658: [GC (Allocation Failure)  575978K->258535K(1034240K), 0.0060316 secs]
167.664: Total time for which application threads were stopped: 0.0062264 seconds, Stopping threads took: 0.0000294 seconds
167.733: [GC (Allocation Failure)  580583K->254090K(1034752K), 0.0041039 secs]
167.737: Total time for which application threads were stopped: 0.0042605 seconds, Stopping threads took: 0.0000183 seconds
167.804: [GC (Allocation Failure)  575114K->253898K(1034240K), 0.0040836 secs]
167.809: Total time for which application threads were stopped: 0.0042541 seconds, Stopping threads took: 0.0000202 seconds
167.877: [GC (Allocation Failure)  574922K->259207K(1032704K), 0.0064230 secs]
167.883: Total time for which application threads were stopped: 0.0065911 seconds, Stopping threads took: 0.0000195 seconds
167.950: [GC (Allocation Failure)  578695K->253994K(1033728K), 0.0041564 secs]
167.954: Total time for which application threads were stopped: 0.0043265 seconds, Stopping threads took: 0.0000200 seconds
168.021: [GC (Allocation Failure)  573482K->253930K(1034240K), 0.0042221 secs]
168.026: Total time for which application threads were stopped: 0.0044071 seconds, Stopping threads took: 0.0000204 seconds
168.095: [GC (Allocation Failure)  573930K->254855K(1033728K), 0.0045893 secs]
168.099: Total time for which application threads were stopped: 0.0047515 seconds, Stopping threads took: 0.0000191 seconds
168.168: [GC (Allocation Failure)  574855K->253994K(1034752K), 0.0042245 secs]
168.173: Total time for which application threads were stopped: 0.0043868 seconds, Stopping threads took: 0.0000197 seconds
168.240: [GC (Allocation Failure)  575530K->253962K(1034752K), 0.0055917 secs]
168.246: Total time for which application threads were stopped: 0.0057615 seconds, Stopping threads took: 0.0000202 seconds
168.312: [GC (Allocation Failure)  575498K->254535K(1035264K), 0.0045136 secs]
168.316: Total time for which application threads were stopped: 0.0046757 seconds, Stopping threads took: 0.0000191 seconds
168.385: [GC (Allocation Failure)  577095K->254154K(1035264K), 0.0042695 secs]
168.389: Total time for which application threads were stopped: 0.0044453 seconds, Stopping threads took: 0.0000197 seconds
168.458: [GC (Allocation Failure)  576714K->253930K(1035776K), 0.0042538 secs]
168.462: Total time for which application threads were stopped: 0.0044307 seconds, Stopping threads took: 0.0000206 seconds
168.531: [GC (Allocation Failure)  577514K->259815K(1035776K), 0.0066704 secs]
168.537: Total time for which application threads were stopped: 0.0068443 seconds, Stopping threads took: 0.0000183 seconds
168.607: [GC (Allocation Failure)  583399K->255242K(1033728K), 0.0044483 secs]
168.611: Total time for which application threads were stopped: 0.0046181 seconds, Stopping threads took: 0.0000204 seconds
168.678: [GC (Allocation Failure)  576778K->255114K(1034752K), 0.0039332 secs]
168.682: Total time for which application threads were stopped: 0.0040935 seconds, Stopping threads took: 0.0000272 seconds
168.748: [GC (Allocation Failure)  576650K->247879K(1032704K), 0.0012607 secs]
168.749: Total time for which application threads were stopped: 0.0013903 seconds, Stopping threads took: 0.0000207 seconds
168.818: [GC (Allocation Failure)  567367K->255242K(1033728K), 0.0040351 secs]
168.822: Total time for which application threads were stopped: 0.0041968 seconds, Stopping threads took: 0.0000189 seconds
168.889: [GC (Allocation Failure)  574730K->259226K(1034752K), 0.0052038 secs]
168.895: Total time for which application threads were stopped: 0.0053641 seconds, Stopping threads took: 0.0000199 seconds
168.962: [GC (Allocation Failure)  580250K->265015K(1034240K), 0.0065861 secs]
168.969: Total time for which application threads were stopped: 0.0067479 seconds, Stopping threads took: 0.0000197 seconds
169.037: [GC (Allocation Failure)  586039K->259370K(1033216K), 0.0044263 secs]
169.041: Total time for which application threads were stopped: 0.0045902 seconds, Stopping threads took: 0.0000195 seconds
169.107: [GC (Allocation Failure)  578858K->259274K(1033728K), 0.0043227 secs]
169.112: Total time for which application threads were stopped: 0.0045030 seconds, Stopping threads took: 0.0000203 seconds
169.177: [GC (Allocation Failure)  578762K->261703K(1034240K), 0.0051239 secs]
169.183: Total time for which application threads were stopped: 0.0052856 seconds, Stopping threads took: 0.0000258 seconds
169.251: [GC (Allocation Failure)  582215K->259274K(1034240K), 0.0064795 secs]
169.257: Total time for which application threads were stopped: 0.0066576 seconds, Stopping threads took: 0.0000206 seconds
169.327: [GC (Allocation Failure)  579786K->259274K(1034752K), 0.0041139 secs]
169.331: Total time for which application threads were stopped: 0.0042944 seconds, Stopping threads took: 0.0000221 seconds
169.397: [GC (Allocation Failure)  580810K->260903K(1034752K), 0.0047858 secs]
169.402: Total time for which application threads were stopped: 0.0049927 seconds, Stopping threads took: 0.0000284 seconds
169.472: [GC (Allocation Failure)  582439K->259498K(1035264K), 0.0040769 secs]
169.476: Total time for which application threads were stopped: 0.0042374 seconds, Stopping threads took: 0.0000191 seconds
169.545: [GC (Allocation Failure)  582058K->259306K(1035264K), 0.0041007 secs]
169.549: Total time for which application threads were stopped: 0.0042722 seconds, Stopping threads took: 0.0000203 seconds
169.616: [GC (Allocation Failure)  581866K->264103K(1033728K), 0.0060425 secs]
169.623: Total time for which application threads were stopped: 0.0062106 seconds, Stopping threads took: 0.0000195 seconds
169.691: [GC (Allocation Failure)  585639K->259530K(1034752K), 0.0043630 secs]
169.695: Total time for which application threads were stopped: 0.0045502 seconds, Stopping threads took: 0.0000256 seconds
169.761: [GC (Allocation Failure)  581066K->259402K(1035264K), 0.0042606 secs]
169.765: Total time for which application threads were stopped: 0.0044266 seconds, Stopping threads took: 0.0000193 seconds
169.832: [GC (Allocation Failure)  581450K->265959K(1034752K), 0.0069993 secs]
169.839: Total time for which application threads were stopped: 0.0071746 seconds, Stopping threads took: 0.0000268 seconds
169.909: [GC (Allocation Failure)  588007K->260810K(1032704K), 0.0055321 secs]
169.914: Total time for which application threads were stopped: 0.0057053 seconds, Stopping threads took: 0.0000210 seconds
169.982: [GC (Allocation Failure)  580298K->260714K(1033728K), 0.0041436 secs]
169.986: Total time for which application threads were stopped: 0.0043371 seconds, Stopping threads took: 0.0000200 seconds
170.054: [GC (Allocation Failure)  580202K->264967K(1032192K), 0.0059600 secs]
170.060: Total time for which application threads were stopped: 0.0061352 seconds, Stopping threads took: 0.0000206 seconds
170.129: [GC (Allocation Failure)  583431K->260778K(1033216K), 0.0041658 secs]
170.133: Total time for which application threads were stopped: 0.0043318 seconds, Stopping threads took: 0.0000207 seconds
170.200: [GC (Allocation Failure)  579242K->260714K(1034240K), 0.0042107 secs]
170.205: Total time for which application threads were stopped: 0.0043845 seconds, Stopping threads took: 0.0000278 seconds
170.270: [GC (Allocation Failure)  580714K->258503K(1033728K), 0.0033667 secs]
170.274: Total time for which application threads were stopped: 0.0035559 seconds, Stopping threads took: 0.0000199 seconds
170.341: [GC (Allocation Failure)  578503K->260714K(1034240K), 0.0044886 secs]
170.345: Total time for which application threads were stopped: 0.0046574 seconds, Stopping threads took: 0.0000210 seconds
170.412: [GC (Allocation Failure)  580714K->260714K(1033728K), 0.0041645 secs]
170.416: Total time for which application threads were stopped: 0.0043205 seconds, Stopping threads took: 0.0000193 seconds
170.483: [GC (Allocation Failure)  580714K->255143K(1033728K), 0.0018504 secs]
170.485: Total time for which application threads were stopped: 0.0019968 seconds, Stopping threads took: 0.0000193 seconds
170.555: [GC (Allocation Failure)  575655K->260938K(1034240K), 0.0043695 secs]
170.560: Total time for which application threads were stopped: 0.0045379 seconds, Stopping threads took: 0.0000197 seconds
170.629: [GC (Allocation Failure)  581450K->260714K(1035264K), 0.0039316 secs]
170.633: Total time for which application threads were stopped: 0.0041235 seconds, Stopping threads took: 0.0000191 seconds
170.701: [GC (Allocation Failure)  582762K->254791K(1034752K), 0.0017519 secs]
170.703: Total time for which application threads were stopped: 0.0019016 seconds, Stopping threads took: 0.0000252 seconds
170.771: [GC (Allocation Failure)  576839K->260874K(1035264K), 0.0040635 secs]
170.775: Total time for which application threads were stopped: 0.0042259 seconds, Stopping threads took: 0.0000258 seconds
170.843: [GC (Allocation Failure)  582922K->260714K(1034752K), 0.0043081 secs]
170.848: Total time for which application threads were stopped: 0.0044719 seconds, Stopping threads took: 0.0000193 seconds
170.915: [GC (Allocation Failure)  582762K->257575K(1035264K), 0.0028790 secs]
170.918: Total time for which application threads were stopped: 0.0030483 seconds, Stopping threads took: 0.0000196 seconds
170.988: [GC (Allocation Failure)  580135K->260842K(1035264K), 0.0042941 secs]
170.992: Total time for which application threads were stopped: 0.0044559 seconds, Stopping threads took: 0.0000202 seconds
171.061: [GC (Allocation Failure)  583402K->260714K(1036288K), 0.0041354 secs]
171.065: Total time for which application threads were stopped: 0.0042987 seconds, Stopping threads took: 0.0000207 seconds
171.133: [GC (Allocation Failure)  584810K->263431K(1034752K), 0.0052894 secs]
171.139: Total time for which application threads were stopped: 0.0054506 seconds, Stopping threads took: 0.0000192 seconds
171.207: [GC (Allocation Failure)  587527K->260778K(1035776K), 0.0041180 secs]
171.212: Total time for which application threads were stopped: 0.0042953 seconds, Stopping threads took: 0.0000285 seconds
171.280: [GC (Allocation Failure)  583850K->260714K(1035264K), 0.0040935 secs]
171.284: Total time for which application threads were stopped: 0.0042773 seconds, Stopping threads took: 0.0000257 seconds
171.350: [GC (Allocation Failure)  583786K->253895K(1034240K), 0.0014302 secs]
171.352: Total time for which application threads were stopped: 0.0015660 seconds, Stopping threads took: 0.0000193 seconds
171.419: [GC (Allocation Failure)  576455K->261018K(1035264K), 0.0043580 secs]
171.424: Total time for which application threads were stopped: 0.0045362 seconds, Stopping threads took: 0.0000212 seconds
171.491: [GC (Allocation Failure)  583578K->264858K(1036288K), 0.0051978 secs]
171.497: Total time for which application threads were stopped: 0.0053945 seconds, Stopping threads took: 0.0000203 seconds
171.566: [GC (Allocation Failure)  588954K->260951K(1035776K), 0.0031201 secs]
171.569: Total time for which application threads were stopped: 0.0032781 seconds, Stopping threads took: 0.0000193 seconds
171.637: [GC (Allocation Failure)  585047K->265018K(1036288K), 0.0044535 secs]
171.641: Total time for which application threads were stopped: 0.0046412 seconds, Stopping threads took: 0.0000219 seconds
171.711: [GC (Allocation Failure)  589626K->268986K(1036288K), 0.0041650 secs]
171.716: Total time for which application threads were stopped: 0.0043704 seconds, Stopping threads took: 0.0000200 seconds
171.786: [GC (Allocation Failure)  593594K->268986K(1036288K), 0.0041115 secs]
171.790: Total time for which application threads were stopped: 0.0043234 seconds, Stopping threads took: 0.0000209 seconds
171.857: [GC (Allocation Failure)  593594K->269338K(1024512K), 0.0042831 secs]
171.862: Total time for which application threads were stopped: 0.0044632 seconds, Stopping threads took: 0.0000172 seconds
171.929: [GC (Allocation Failure)  593946K->277052K(1035776K), 0.0043596 secs]
171.934: Total time for which application threads were stopped: 0.0045335 seconds, Stopping threads took: 0.0000204 seconds
172.002: [GC (Allocation Failure)  600636K->277052K(1035776K), 0.0042187 secs]
172.006: Total time for which application threads were stopped: 0.0043957 seconds, Stopping threads took: 0.0000221 seconds
172.073: [GC (Allocation Failure)  600636K->277564K(1034752K), 0.0041918 secs]
172.077: Total time for which application threads were stopped: 0.0043831 seconds, Stopping threads took: 0.0000202 seconds
172.147: [GC (Allocation Failure)  600124K->285054K(1035264K), 0.0040590 secs]
172.151: Total time for which application threads were stopped: 0.0042261 seconds, Stopping threads took: 0.0000194 seconds
172.219: [GC (Allocation Failure)  607614K->285054K(1035264K), 0.0043107 secs]
172.224: Total time for which application threads were stopped: 0.0044800 seconds, Stopping threads took: 0.0000280 seconds
172.291: [GC (Allocation Failure)  607614K->285278K(1022464K), 0.0049441 secs]
172.296: Total time for which application threads were stopped: 0.0051133 seconds, Stopping threads took: 0.0000196 seconds
172.365: [GC (Allocation Failure)  607838K->293120K(1034752K), 0.0041670 secs]
172.370: Total time for which application threads were stopped: 0.0043260 seconds, Stopping threads took: 0.0000193 seconds
172.439: [GC (Allocation Failure)  614656K->293120K(1034752K), 0.0041666 secs]
172.443: Total time for which application threads were stopped: 0.0043381 seconds, Stopping threads took: 0.0000207 seconds
172.510: [GC (Allocation Failure)  614656K->293152K(1033728K), 0.0050302 secs]
172.515: Total time for which application threads were stopped: 0.0052041 seconds, Stopping threads took: 0.0000275 seconds
172.582: [GC (Allocation Failure)  613664K->301155K(1034240K), 0.0044192 secs]
172.587: Total time for which application threads were stopped: 0.0045777 seconds, Stopping threads took: 0.0000194 seconds
172.655: [GC (Allocation Failure)  621667K->301123K(1034240K), 0.0044168 secs]
172.660: Total time for which application threads were stopped: 0.0045841 seconds, Stopping threads took: 0.0000191 seconds
172.727: [GC (Allocation Failure)  621635K->301291K(1034240K), 0.0043298 secs]
172.731: Total time for which application threads were stopped: 0.0045010 seconds, Stopping threads took: 0.0000202 seconds
172.798: [GC (Allocation Failure)  621803K->309197K(1034240K), 0.0044120 secs]
172.802: Total time for which application threads were stopped: 0.0045722 seconds, Stopping threads took: 0.0000207 seconds
172.870: [GC (Allocation Failure)  629709K->309165K(1034240K), 0.0042846 secs]
172.875: Total time for which application threads were stopped: 0.0044434 seconds, Stopping threads took: 0.0000200 seconds
172.942: [GC (Allocation Failure)  629677K->309517K(1033216K), 0.0044306 secs]
172.946: Total time for which application threads were stopped: 0.0046317 seconds, Stopping threads took: 0.0000288 seconds
173.013: [GC (Allocation Failure)  629005K->317199K(1033728K), 0.0042212 secs]
173.018: Total time for which application threads were stopped: 0.0044054 seconds, Stopping threads took: 0.0000198 seconds
173.084: [GC (Allocation Failure)  636687K->317199K(1033728K), 0.0044763 secs]
173.088: Total time for which application threads were stopped: 0.0046450 seconds, Stopping threads took: 0.0000218 seconds
173.154: [GC (Allocation Failure)  636687K->317703K(1033728K), 0.0042860 secs]
173.158: Total time for which application threads were stopped: 0.0044530 seconds, Stopping threads took: 0.0000190 seconds
173.224: [GC (Allocation Failure)  637191K->325193K(1033728K), 0.0042652 secs]
173.229: Total time for which application threads were stopped: 0.0044367 seconds, Stopping threads took: 0.0000283 seconds
173.297: [GC (Allocation Failure)  644681K->325193K(1033728K), 0.0049555 secs]
173.302: Total time for which application threads were stopped: 0.0051498 seconds, Stopping threads took: 0.0000192 seconds
173.368: [GC (Allocation Failure)  644681K->325449K(1033728K), 0.0042976 secs]
173.372: Total time for which application threads were stopped: 0.0044723 seconds, Stopping threads took: 0.0000217 seconds
173.439: [GC (Allocation Failure)  644937K->333260K(1033728K), 0.0042032 secs]
173.443: Total time for which application threads were stopped: 0.0043729 seconds, Stopping threads took: 0.0000199 seconds
173.511: [GC (Allocation Failure)  652748K->333228K(1033728K), 0.0050884 secs]
173.516: Total time for which application threads were stopped: 0.0052640 seconds, Stopping threads took: 0.0000199 seconds
173.582: [GC (Allocation Failure)  652716K->333412K(1033728K), 0.0045702 secs]
173.587: Total time for which application threads were stopped: 0.0047392 seconds, Stopping threads took: 0.0000195 seconds
173.654: [GC (Allocation Failure)  652900K->341318K(1032704K), 0.0043349 secs]
173.658: Total time for which application threads were stopped: 0.0044964 seconds, Stopping threads took: 0.0000197 seconds
173.727: [GC (Allocation Failure)  659782K->341318K(1033216K), 0.0041827 secs]
173.731: Total time for which application threads were stopped: 0.0043441 seconds, Stopping threads took: 0.0000199 seconds
173.796: [GC (Allocation Failure)  659782K->341390K(1033216K), 0.0045545 secs]
173.800: Total time for which application threads were stopped: 0.0047256 seconds, Stopping threads took: 0.0000199 seconds
173.868: [GC (Allocation Failure)  659854K->349360K(1033216K), 0.0043122 secs]
173.872: Total time for which application threads were stopped: 0.0045070 seconds, Stopping threads took: 0.0000208 seconds
173.939: [GC (Allocation Failure)  667824K->343054K(1033728K), 0.0019935 secs]
173.941: Total time for which application threads were stopped: 0.0021356 seconds, Stopping threads took: 0.0000169 seconds
174.009: [GC (Allocation Failure)  662030K->349336K(1033216K), 0.0042552 secs]
174.014: Total time for which application threads were stopped: 0.0044526 seconds, Stopping threads took: 0.0000219 seconds
174.081: [GC (Allocation Failure)  668312K->353480K(1033216K), 0.0050877 secs]
174.086: Total time for which application threads were stopped: 0.0052580 seconds, Stopping threads took: 0.0000218 seconds
174.152: [GC (Allocation Failure)  672968K->357670K(1031168K), 0.0059152 secs]
174.158: Total time for which application threads were stopped: 0.0061151 seconds, Stopping threads took: 0.0000216 seconds
174.226: [GC (Allocation Failure)  677158K->353704K(1032704K), 0.0043254 secs]
174.230: Total time for which application threads were stopped: 0.0044917 seconds, Stopping threads took: 0.0000252 seconds
174.297: [GC (Allocation Failure)  670632K->353512K(1032192K), 0.0042877 secs]
174.301: Total time for which application threads were stopped: 0.0044620 seconds, Stopping threads took: 0.0000211 seconds
174.366: [GC (Allocation Failure)  670440K->347590K(1033216K), 0.0021621 secs]
174.368: Total time for which application threads were stopped: 0.0023385 seconds, Stopping threads took: 0.0000195 seconds
174.435: [GC (Allocation Failure)  665542K->353608K(1032704K), 0.0043893 secs]
174.439: Total time for which application threads were stopped: 0.0045743 seconds, Stopping threads took: 0.0000215 seconds
174.509: [GC (Allocation Failure)  671560K->353480K(1033216K), 0.0043194 secs]
174.513: Total time for which application threads were stopped: 0.0045268 seconds, Stopping threads took: 0.0000265 seconds
174.581: [GC (Allocation Failure)  671944K->354824K(1033216K), 0.0045069 secs]
174.585: Total time for which application threads were stopped: 0.0046993 seconds, Stopping threads took: 0.0000201 seconds
174.651: [GC (Allocation Failure)  673288K->361610K(1033728K), 0.0042936 secs]
174.655: Total time for which application threads were stopped: 0.0044696 seconds, Stopping threads took: 0.0000215 seconds
174.723: [GC (Allocation Failure)  680586K->361482K(1033216K), 0.0044211 secs]
174.727: Total time for which application threads were stopped: 0.0045891 seconds, Stopping threads took: 0.0000261 seconds
174.794: [GC (Allocation Failure)  680458K->364066K(1033728K), 0.0049124 secs]
174.799: Total time for which application threads were stopped: 0.0050830 seconds, Stopping threads took: 0.0000197 seconds
174.866: [GC (Allocation Failure)  683554K->369573K(1033728K), 0.0044394 secs]
174.871: Total time for which application threads were stopped: 0.0046036 seconds, Stopping threads took: 0.0000194 seconds
174.938: [GC (Allocation Failure)  689061K->369573K(1034240K), 0.0044777 secs]
174.942: Total time for which application threads were stopped: 0.0046738 seconds, Stopping threads took: 0.0000198 seconds
175.009: [GC (Allocation Failure)  689573K->371813K(1033728K), 0.0047030 secs]
175.014: Total time for which application threads were stopped: 0.0048768 seconds, Stopping threads took: 0.0000213 seconds
175.080: [GC (Allocation Failure)  691813K->377575K(1034240K), 0.0045159 secs]
175.085: Total time for which application threads were stopped: 0.0046839 seconds, Stopping threads took: 0.0000195 seconds
175.152: [GC (Allocation Failure)  698087K->377575K(1034240K), 0.0042908 secs]
175.157: Total time for which application threads were stopped: 0.0044596 seconds, Stopping threads took: 0.0000276 seconds
175.224: [GC (Allocation Failure)  698087K->381535K(1034752K), 0.0070811 secs]
175.231: Total time for which application threads were stopped: 0.0072595 seconds, Stopping threads took: 0.0000187 seconds
175.299: [GC (Allocation Failure)  702559K->385665K(1034240K), 0.0064708 secs]
175.305: Total time for which application threads were stopped: 0.0066368 seconds, Stopping threads took: 0.0000199 seconds
175.373: [GC (Allocation Failure)  706689K->385569K(1034752K), 0.0042080 secs]
175.377: Total time for which application threads were stopped: 0.0043996 seconds, Stopping threads took: 0.0000195 seconds
175.446: [GC (Allocation Failure)  707105K->385673K(1021440K), 0.0045172 secs]
175.451: Total time for which application threads were stopped: 0.0046816 seconds, Stopping threads took: 0.0000195 seconds
175.518: [GC (Allocation Failure)  707209K->393643K(1034240K), 0.0073024 secs]
175.525: Total time for which application threads were stopped: 0.0074743 seconds, Stopping threads took: 0.0000259 seconds
175.594: [GC (Allocation Failure)  714155K->393643K(1034240K), 0.0044237 secs]
175.598: Total time for which application threads were stopped: 0.0045902 seconds, Stopping threads took: 0.0000194 seconds
175.665: [GC (Allocation Failure)  714155K->397003K(1034752K), 0.0049333 secs]
175.670: Total time for which application threads were stopped: 0.0050915 seconds, Stopping threads took: 0.0000190 seconds
175.737: [GC (Allocation Failure)  718027K->401742K(1034240K), 0.0044354 secs]
175.742: Total time for which application threads were stopped: 0.0046248 seconds, Stopping threads took: 0.0000199 seconds
175.811: [GC (Allocation Failure)  722766K->401710K(1034752K), 0.0043440 secs]
175.815: Total time for which application threads were stopped: 0.0044943 seconds, Stopping threads took: 0.0000165 seconds
175.882: [GC (Allocation Failure)  723246K->405262K(1034752K), 0.0052202 secs]
175.887: Total time for which application threads were stopped: 0.0053843 seconds, Stopping threads took: 0.0000205 seconds
175.955: [GC (Allocation Failure)  726798K->409712K(1034752K), 0.0051726 secs]
175.961: Total time for which application threads were stopped: 0.0053530 seconds, Stopping threads took: 0.0000196 seconds
176.028: [GC (Allocation Failure)  731248K->409680K(1034752K), 0.0043996 secs]
176.032: Total time for which application threads were stopped: 0.0045599 seconds, Stopping threads took: 0.0000193 seconds
176.098: [GC (Allocation Failure)  731216K->410408K(1034240K), 0.0044989 secs]
176.103: Total time for which application threads were stopped: 0.0046682 seconds, Stopping threads took: 0.0000194 seconds
176.169: [GC (Allocation Failure)  731944K->417738K(1034752K), 0.0044251 secs]
176.173: Total time for which application threads were stopped: 0.0045862 seconds, Stopping threads took: 0.0000197 seconds
176.239: [GC (Allocation Failure)  739274K->417770K(1034752K), 0.0044522 secs]
176.244: Total time for which application threads were stopped: 0.0046208 seconds, Stopping threads took: 0.0000271 seconds
176.309: [GC (Allocation Failure)  739306K->419682K(1034752K), 0.0049837 secs]
176.314: Total time for which application threads were stopped: 0.0051459 seconds, Stopping threads took: 0.0000196 seconds
176.380: [GC (Allocation Failure)  741218K->425797K(1034752K), 0.0046177 secs]
176.384: Total time for which application threads were stopped: 0.0048114 seconds, Stopping threads took: 0.0000198 seconds
176.453: [GC (Allocation Failure)  747333K->425765K(1034752K), 0.0044506 secs]
176.457: Total time for which application threads were stopped: 0.0046142 seconds, Stopping threads took: 0.0000167 seconds
176.525: [GC (Allocation Failure)  747301K->428893K(1034752K), 0.0070034 secs]
176.532: Total time for which application threads were stopped: 0.0071726 seconds, Stopping threads took: 0.0000146 seconds
176.600: [GC (Allocation Failure)  750429K->433887K(1034752K), 0.0044852 secs]
176.605: Total time for which application threads were stopped: 0.0046412 seconds, Stopping threads took: 0.0000171 seconds
176.672: [GC (Allocation Failure)  755423K->433823K(1034752K), 0.0045386 secs]
176.677: Total time for which application threads were stopped: 0.0047082 seconds, Stopping threads took: 0.0000196 seconds
176.743: [GC (Allocation Failure)  755359K->434055K(1034752K), 0.0045313 secs]
176.748: Total time for which application threads were stopped: 0.0046974 seconds, Stopping threads took: 0.0000264 seconds
176.817: [GC (Allocation Failure)  755591K->441929K(1033728K), 0.0046645 secs]
176.822: Total time for which application threads were stopped: 0.0048562 seconds, Stopping threads took: 0.0000202 seconds
176.891: [GC (Allocation Failure)  762441K->441865K(1034240K), 0.0046995 secs]
176.896: Total time for which application threads were stopped: 0.0048664 seconds, Stopping threads took: 0.0000170 seconds
176.963: [GC (Allocation Failure)  762377K->445385K(1034752K), 0.0052879 secs]
176.968: Total time for which application threads were stopped: 0.0054604 seconds, Stopping threads took: 0.0000195 seconds
177.035: [GC (Allocation Failure)  766409K->449867K(1034240K), 0.0044068 secs]
177.040: Total time for which application threads were stopped: 0.0045892 seconds, Stopping threads took: 0.0000198 seconds
177.109: [GC (Allocation Failure)  770891K->449899K(1034752K), 0.0045854 secs]
177.114: Total time for which application threads were stopped: 0.0047798 seconds, Stopping threads took: 0.0000243 seconds
177.183: [GC (Allocation Failure)  771435K->453611K(1034752K), 0.0053574 secs]
177.188: Total time for which application threads were stopped: 0.0055322 seconds, Stopping threads took: 0.0000254 seconds
177.256: [GC (Allocation Failure)  775147K->457934K(1035264K), 0.0045828 secs]
177.261: Total time for which application threads were stopped: 0.0047458 seconds, Stopping threads took: 0.0000207 seconds
177.328: [GC (Allocation Failure)  780494K->457934K(1035264K), 0.0045890 secs]
177.333: Total time for which application threads were stopped: 0.0047445 seconds, Stopping threads took: 0.0000191 seconds
177.400: [GC (Allocation Failure)  780494K->460846K(1035264K), 0.0050833 secs]
177.405: Total time for which application threads were stopped: 0.0052543 seconds, Stopping threads took: 0.0000190 seconds
177.472: [GC (Allocation Failure)  783406K->466000K(1035264K), 0.0045872 secs]
177.477: Total time for which application threads were stopped: 0.0047625 seconds, Stopping threads took: 0.0000202 seconds
177.548: [GC (Allocation Failure)  788560K->465968K(1035264K), 0.0046076 secs]
177.552: Total time for which application threads were stopped: 0.0047589 seconds, Stopping threads took: 0.0000173 seconds
177.620: [GC (Allocation Failure)  788528K->469104K(1035264K), 0.0051959 secs]
177.625: Total time for which application threads were stopped: 0.0053583 seconds, Stopping threads took: 0.0000200 seconds
177.694: [GC (Allocation Failure)  791664K->474098K(1035264K), 0.0044265 secs]
177.698: Total time for which application threads were stopped: 0.0046138 seconds, Stopping threads took: 0.0000198 seconds
177.766: [GC (Allocation Failure)  796658K->473970K(1035264K), 0.0050550 secs]
177.772: Total time for which application threads were stopped: 0.0052025 seconds, Stopping threads took: 0.0000190 seconds
177.839: [GC (Allocation Failure)  796530K->477290K(1035264K), 0.0051793 secs]
177.845: Total time for which application threads were stopped: 0.0053416 seconds, Stopping threads took: 0.0000193 seconds
177.912: [GC (Allocation Failure)  799850K->482028K(1035264K), 0.0047090 secs]
177.917: Total time for which application threads were stopped: 0.0048702 seconds, Stopping threads took: 0.0000190 seconds
177.985: [GC (Allocation Failure)  804588K->481996K(1035264K), 0.0047281 secs]
177.989: Total time for which application threads were stopped: 0.0048882 seconds, Stopping threads took: 0.0000203 seconds
178.057: [GC (Allocation Failure)  804556K->485548K(1035264K), 0.0054109 secs]
178.062: Total time for which application threads were stopped: 0.0055788 seconds, Stopping threads took: 0.0000196 seconds
178.129: [GC (Allocation Failure)  808108K->490063K(1035264K), 0.0044074 secs]
178.134: Total time for which application threads were stopped: 0.0045714 seconds, Stopping threads took: 0.0000207 seconds
178.202: [GC (Allocation Failure)  812623K->490063K(1035264K), 0.0045671 secs]
178.207: Total time for which application threads were stopped: 0.0047319 seconds, Stopping threads took: 0.0000258 seconds
178.273: [GC (Allocation Failure)  812623K->485708K(1035776K), 0.0030920 secs]
178.277: Total time for which application threads were stopped: 0.0032647 seconds, Stopping threads took: 0.0000203 seconds
178.345: [GC (Allocation Failure)  809292K->490191K(1035776K), 0.0052781 secs]
178.350: Total time for which application threads were stopped: 0.0054518 seconds, Stopping threads took: 0.0000218 seconds
178.417: [GC (Allocation Failure)  813775K->490031K(1035776K), 0.0045981 secs]
178.421: Total time for which application threads were stopped: 0.0047652 seconds, Stopping threads took: 0.0000192 seconds
178.489: [GC (Allocation Failure)  813615K->493100K(1034240K), 0.0059178 secs]
178.495: Total time for which application threads were stopped: 0.0060963 seconds, Stopping threads took: 0.0000261 seconds
178.564: [GC (Allocation Failure)  816684K->490223K(1034752K), 0.0045555 secs]
178.568: Total time for which application threads were stopped: 0.0047099 seconds, Stopping threads took: 0.0000184 seconds
178.636: [GC (Allocation Failure)  811759K->490063K(1034752K), 0.0053041 secs]
178.642: Total time for which application threads were stopped: 0.0056509 seconds, Stopping threads took: 0.0000203 seconds
178.707: [GC (Allocation Failure)  811599K->496332K(1031168K), 0.0075734 secs]
178.715: Total time for which application threads were stopped: 0.0077311 seconds, Stopping threads took: 0.0000195 seconds
178.783: [GC (Allocation Failure)  814796K->491183K(1033216K), 0.0047946 secs]
178.788: Total time for which application threads were stopped: 0.0049632 seconds, Stopping threads took: 0.0000194 seconds
178.855: [GC (Allocation Failure)  809647K->491119K(1034240K), 0.0046517 secs]
178.859: Total time for which application threads were stopped: 0.0048221 seconds, Stopping threads took: 0.0000196 seconds
178.925: [GC (Allocation Failure)  811119K->490988K(1033728K), 0.0047724 secs]
178.930: Total time for which application threads were stopped: 0.0049560 seconds, Stopping threads took: 0.0000282 seconds
179.000: [GC (Allocation Failure)  810988K->491119K(1035264K), 0.0045820 secs]
179.004: Total time for which application threads were stopped: 0.0047444 seconds, Stopping threads took: 0.0000203 seconds
179.072: [GC (Allocation Failure)  813167K->491119K(1034752K), 0.0046002 secs]
179.077: Total time for which application threads were stopped: 0.0047624 seconds, Stopping threads took: 0.0000198 seconds
179.145: [GC (Allocation Failure)  813167K->491692K(1036288K), 0.0077308 secs]
179.152: Total time for which application threads were stopped: 0.0078833 seconds, Stopping threads took: 0.0000192 seconds
179.223: [GC (Allocation Failure)  815788K->491343K(1035776K), 0.0044247 secs]
179.228: Total time for which application threads were stopped: 0.0046270 seconds, Stopping threads took: 0.0000265 seconds
179.297: [GC (Allocation Failure)  815439K->491119K(1036800K), 0.0044155 secs]
179.301: Total time for which application threads were stopped: 0.0045824 seconds, Stopping threads took: 0.0000200 seconds
179.367: [GC (Allocation Failure)  816239K->485228K(1036288K), 0.0024975 secs]
179.370: Total time for which application threads were stopped: 0.0026473 seconds, Stopping threads took: 0.0000198 seconds
179.436: [GC (Allocation Failure)  810348K->491311K(1036288K), 0.0049254 secs]
179.441: Total time for which application threads were stopped: 0.0050972 seconds, Stopping threads took: 0.0000190 seconds
179.512: [GC (Allocation Failure)  815919K->495239K(1036288K), 0.0070666 secs]
179.519: Total time for which application threads were stopped: 0.0072864 seconds, Stopping threads took: 0.0000280 seconds
179.588: [GC (Allocation Failure)  819847K->495239K(1036800K), 0.0045730 secs]
179.592: Total time for which application threads were stopped: 0.0047357 seconds, Stopping threads took: 0.0000198 seconds
179.660: [GC (Allocation Failure)  820871K->495687K(1025536K), 0.0045512 secs]
179.665: Total time for which application threads were stopped: 0.0047273 seconds, Stopping threads took: 0.0000197 seconds
179.735: [GC (Allocation Failure)  821319K->503241K(1036288K), 0.0047416 secs]
179.740: Total time for which application threads were stopped: 0.0049101 seconds, Stopping threads took: 0.0000192 seconds
179.809: [GC (Allocation Failure)  827337K->503273K(1035776K), 0.0045026 secs]
179.813: Total time for which application threads were stopped: 0.0046959 seconds, Stopping threads took: 0.0000204 seconds
179.882: [GC (Allocation Failure)  827369K->503401K(1035264K), 0.0044739 secs]
179.887: Total time for which application threads were stopped: 0.0046249 seconds, Stopping threads took: 0.0000173 seconds
179.955: [GC (Allocation Failure)  826985K->511371K(1035776K), 0.0047113 secs]
179.959: Total time for which application threads were stopped: 0.0048725 seconds, Stopping threads took: 0.0000190 seconds
180.027: [GC (Allocation Failure)  834955K->511339K(1035776K), 0.0045107 secs]
180.032: Total time for which application threads were stopped: 0.0046809 seconds, Stopping threads took: 0.0000199 seconds
180.099: [GC (Allocation Failure)  834923K->511379K(1023488K), 0.0064674 secs]
180.106: Total time for which application threads were stopped: 0.0066389 seconds, Stopping threads took: 0.0000201 seconds
180.176: [GC (Allocation Failure)  834963K->519381K(1035264K), 0.0046213 secs]
180.181: Total time for which application threads were stopped: 0.0047901 seconds, Stopping threads took: 0.0000192 seconds
180.249: [GC (Allocation Failure)  841941K->519349K(1035264K), 0.0047622 secs]
180.253: Total time for which application threads were stopped: 0.0049291 seconds, Stopping threads took: 0.0000257 seconds
180.320: [GC (Allocation Failure)  841909K->519413K(1034240K), 0.0045829 secs]
180.325: Total time for which application threads were stopped: 0.0047491 seconds, Stopping threads took: 0.0000193 seconds
180.394: [GC (Allocation Failure)  840949K->527416K(1034752K), 0.0046342 secs]
180.398: Total time for which application threads were stopped: 0.0048392 seconds, Stopping threads took: 0.0000198 seconds
180.464: [GC (Allocation Failure)  848952K->527384K(1034752K), 0.0055942 secs]
180.470: Total time for which application threads were stopped: 0.0057950 seconds, Stopping threads took: 0.0000201 seconds
180.537: [GC (Allocation Failure)  848920K->527608K(1021440K), 0.0047268 secs]
180.542: Total time for which application threads were stopped: 0.0049094 seconds, Stopping threads took: 0.0000198 seconds
180.608: [GC (Allocation Failure)  849144K->535450K(1034240K), 0.0048261 secs]
180.613: Total time for which application threads were stopped: 0.0050096 seconds, Stopping threads took: 0.0000196 seconds
180.680: [GC (Allocation Failure)  855962K->535450K(1034240K), 0.0046275 secs]
180.685: Total time for which application threads were stopped: 0.0047918 seconds, Stopping threads took: 0.0000220 seconds
180.754: [GC (Allocation Failure)  855962K->535858K(1034240K), 0.0046572 secs]
180.758: Total time for which application threads were stopped: 0.0048314 seconds, Stopping threads took: 0.0000464 seconds
180.828: [GC (Allocation Failure)  856370K->543476K(1034240K), 0.0047580 secs]
180.833: Total time for which application threads were stopped: 0.0049291 seconds, Stopping threads took: 0.0000198 seconds
180.902: [GC (Allocation Failure)  863988K->543444K(1034240K), 0.0047375 secs]
180.907: Total time for which application threads were stopped: 0.0048995 seconds, Stopping threads took: 0.0000201 seconds
180.975: [GC (Allocation Failure)  863956K->543564K(1020416K), 0.0045661 secs]
180.980: Total time for which application threads were stopped: 0.0047371 seconds, Stopping threads took: 0.0000206 seconds
181.047: [GC (Allocation Failure)  864076K->551471K(1033728K), 0.0049011 secs]
181.052: Total time for which application threads were stopped: 0.0050709 seconds, Stopping threads took: 0.0000198 seconds
181.121: [GC (Allocation Failure)  870959K->551471K(1033728K), 0.0048999 secs]
181.126: Total time for which application threads were stopped: 0.0050661 seconds, Stopping threads took: 0.0000194 seconds
181.192: [GC (Allocation Failure)  870959K->551527K(1033728K), 0.0046416 secs]
181.197: Total time for which application threads were stopped: 0.0048081 seconds, Stopping threads took: 0.0000271 seconds
181.264: [GC (Allocation Failure)  871015K->559497K(1033728K), 0.0048174 secs]
181.269: Total time for which application threads were stopped: 0.0049964 seconds, Stopping threads took: 0.0000183 seconds
181.338: [GC (Allocation Failure)  878985K->559529K(1033728K), 0.0046330 secs]
181.343: Total time for which application threads were stopped: 0.0048002 seconds, Stopping threads took: 0.0000209 seconds
181.409: [GC (Allocation Failure)  879017K->559561K(1033728K), 0.0047405 secs]
181.414: Total time for which application threads were stopped: 0.0049041 seconds, Stopping threads took: 0.0000205 seconds
181.482: [GC (Allocation Failure)  879049K->567531K(1032704K), 0.0045970 secs]
181.487: Total time for which application threads were stopped: 0.0047670 seconds, Stopping threads took: 0.0000200 seconds
181.554: [GC (Allocation Failure)  885995K->567531K(1033216K), 0.0045605 secs]
181.558: Total time for which application threads were stopped: 0.0047075 seconds, Stopping threads took: 0.0000166 seconds
181.626: [GC (Allocation Failure)  885995K->567755K(1033216K), 0.0048022 secs]
181.631: Total time for which application threads were stopped: 0.0049769 seconds, Stopping threads took: 0.0000207 seconds
181.698: [GC (Allocation Failure)  886219K->575597K(1033216K), 0.0046724 secs]
181.703: Total time for which application threads were stopped: 0.0048365 seconds, Stopping threads took: 0.0000257 seconds
181.771: [GC (Allocation Failure)  894061K->575565K(1033216K), 0.0048028 secs]
181.775: Total time for which application threads were stopped: 0.0049657 seconds, Stopping threads took: 0.0000206 seconds
181.841: [GC (Allocation Failure)  894029K->575981K(1033216K), 0.0048030 secs]
181.846: Total time for which application threads were stopped: 0.0049504 seconds, Stopping threads took: 0.0000200 seconds
181.915: [GC (Allocation Failure)  894445K->583632K(1033216K), 0.0045956 secs]
181.920: Total time for which application threads were stopped: 0.0047447 seconds, Stopping threads took: 0.0000170 seconds
181.988: [GC (Allocation Failure)  902096K->583568K(1033216K), 0.0049334 secs]
181.993: Total time for which application threads were stopped: 0.0050953 seconds, Stopping threads took: 0.0000199 seconds
182.057: [GC (Allocation Failure)  902032K->583656K(1033216K), 0.0047852 secs]
182.062: Total time for which application threads were stopped: 0.0049563 seconds, Stopping threads took: 0.0000197 seconds
182.130: [GC (Allocation Failure)  902120K->591626K(1033216K), 0.0048360 secs]
182.135: Total time for which application threads were stopped: 0.0049984 seconds, Stopping threads took: 0.0000199 seconds
182.200: [GC (Allocation Failure)  910090K->585832K(1033728K), 0.0028164 secs]
182.203: Total time for which application threads were stopped: 0.0029720 seconds, Stopping threads took: 0.0000251 seconds
182.269: [GC (Allocation Failure)  904808K->591938K(1033216K), 0.0048978 secs]
182.274: Total time for which application threads were stopped: 0.0050694 seconds, Stopping threads took: 0.0000196 seconds
182.341: [GC (Allocation Failure)  910914K->595778K(1034240K), 0.0049405 secs]
182.346: Total time for which application threads were stopped: 0.0051128 seconds, Stopping threads took: 0.0000198 seconds
182.413: [GC (Allocation Failure)  916290K->601408K(1033728K), 0.0072357 secs]
182.421: Total time for which application threads were stopped: 0.0074029 seconds, Stopping threads took: 0.0000190 seconds
182.488: [GC (Allocation Failure)  921920K->595938K(1030656K), 0.0048275 secs]
182.493: Total time for which application threads were stopped: 0.0050080 seconds, Stopping threads took: 0.0000199 seconds
182.562: [GC (Allocation Failure)  912354K->595810K(1032192K), 0.0046808 secs]
182.567: Total time for which application threads were stopped: 0.0048409 seconds, Stopping threads took: 0.0000203 seconds
182.634: [GC (Allocation Failure)  912226K->591392K(1033216K), 0.0031874 secs]
182.637: Total time for which application threads were stopped: 0.0033555 seconds, Stopping threads took: 0.0000192 seconds
182.705: [GC (Allocation Failure)  909344K->595938K(1032704K), 0.0048574 secs]
182.710: Total time for which application threads were stopped: 0.0050315 seconds, Stopping threads took: 0.0000261 seconds
182.777: [GC (Allocation Failure)  913890K->595810K(1033728K), 0.0048311 secs]
182.782: Total time for which application threads were stopped: 0.0050205 seconds, Stopping threads took: 0.0000191 seconds
182.850: [GC (Allocation Failure)  914786K->599146K(1033216K), 0.0052961 secs]
182.855: Total time for which application threads were stopped: 0.0054911 seconds, Stopping threads took: 0.0000194 seconds
182.925: [GC (Allocation Failure)  918122K->603884K(1033728K), 0.0046995 secs]
182.930: Total time for which application threads were stopped: 0.0048943 seconds, Stopping threads took: 0.0000272 seconds
182.999: [GC (Allocation Failure)  923372K->603820K(1033728K), 0.0047642 secs]
183.003: Total time for which application threads were stopped: 0.0049328 seconds, Stopping threads took: 0.0000195 seconds
183.070: [GC (Allocation Failure)  923308K->605868K(1034240K), 0.0051727 secs]
183.075: Total time for which application threads were stopped: 0.0053385 seconds, Stopping threads took: 0.0000187 seconds
183.143: [GC (Allocation Failure)  926380K->611886K(1034240K), 0.0062433 secs]
183.150: Total time for which application threads were stopped: 0.0064069 seconds, Stopping threads took: 0.0000205 seconds
183.218: [GC (Allocation Failure)  932398K->611886K(1034240K), 0.0048563 secs]
183.223: Total time for which application threads were stopped: 0.0050417 seconds, Stopping threads took: 0.0000259 seconds
183.292: [GC (Allocation Failure)  932398K->612006K(1034240K), 0.0048226 secs]
183.297: Total time for which application threads were stopped: 0.0049975 seconds, Stopping threads took: 0.0000204 seconds
183.366: [GC (Allocation Failure)  932518K->619913K(1034240K), 0.0050114 secs]
183.371: Total time for which application threads were stopped: 0.0051885 seconds, Stopping threads took: 0.0000174 seconds
183.441: [GC (Allocation Failure)  940425K->619881K(1034240K), 0.0046235 secs]
183.445: Total time for which application threads were stopped: 0.0048125 seconds, Stopping threads took: 0.0000279 seconds
183.513: [GC (Allocation Failure)  940393K->622305K(1034240K), 0.0065382 secs]
183.520: Total time for which application threads were stopped: 0.0067178 seconds, Stopping threads took: 0.0000282 seconds
183.588: [GC (Allocation Failure)  942817K->627971K(1034240K), 0.0050008 secs]
183.593: Total time for which application threads were stopped: 0.0051724 seconds, Stopping threads took: 0.0000196 seconds
183.661: [GC (Allocation Failure)  948483K->627907K(1034240K), 0.0050663 secs]
183.666: Total time for which application threads were stopped: 0.0052470 seconds, Stopping threads took: 0.0000199 seconds
183.734: [GC (Allocation Failure)  948419K->628523K(1034240K), 0.0050007 secs]
183.739: Total time for which application threads were stopped: 0.0052046 seconds, Stopping threads took: 0.0000358 seconds
183.807: [GC (Allocation Failure)  949035K->636045K(1034240K), 0.0054055 secs]
183.813: Total time for which application threads were stopped: 0.0055782 seconds, Stopping threads took: 0.0000202 seconds
183.881: [GC (Allocation Failure)  956557K->635949K(1034240K), 0.0048017 secs]
183.886: Total time for which application threads were stopped: 0.0049622 seconds, Stopping threads took: 0.0000193 seconds
183.953: [GC (Allocation Failure)  956461K->638797K(1034240K), 0.0054397 secs]
183.958: Total time for which application threads were stopped: 0.0056335 seconds, Stopping threads took: 0.0000191 seconds
184.028: [GC (Allocation Failure)  959309K->644079K(1034240K), 0.0047895 secs]
184.033: Total time for which application threads were stopped: 0.0049470 seconds, Stopping threads took: 0.0000170 seconds
184.100: [GC (Allocation Failure)  964591K->644015K(1034240K), 0.0047768 secs]
184.105: Total time for which application threads were stopped: 0.0049368 seconds, Stopping threads took: 0.0000203 seconds
184.173: [GC (Allocation Failure)  964527K->644967K(1034240K), 0.0050273 secs]
184.178: Total time for which application threads were stopped: 0.0051963 seconds, Stopping threads took: 0.0000190 seconds
184.247: [GC (Allocation Failure)  965479K->652010K(1034240K), 0.0047350 secs]
184.251: Total time for which application threads were stopped: 0.0049119 seconds, Stopping threads took: 0.0000276 seconds
184.319: [GC (Allocation Failure)  972522K->652010K(1034240K), 0.0064838 secs]
184.325: Total time for which application threads were stopped: 0.0066545 seconds, Stopping threads took: 0.0000200 seconds
184.393: [GC (Allocation Failure)  972522K->655242K(1034752K), 0.0056425 secs]
184.399: Total time for which application threads were stopped: 0.0058164 seconds, Stopping threads took: 0.0000201 seconds
184.467: [GC (Allocation Failure)  976266K->660076K(1034240K), 0.0049830 secs]
184.472: Total time for which application threads were stopped: 0.0051539 seconds, Stopping threads took: 0.0000290 seconds
184.540: [GC (Allocation Failure)  981100K->660076K(1034752K), 0.0048389 secs]
184.545: Total time for which application threads were stopped: 0.0050076 seconds, Stopping threads took: 0.0000192 seconds
184.613: [GC (Allocation Failure)  981612K->663500K(1034752K), 0.0055060 secs]
184.618: Total time for which application threads were stopped: 0.0056589 seconds, Stopping threads took: 0.0000189 seconds
184.687: [GC (Allocation Failure)  985036K->668078K(1034752K), 0.0051873 secs]
184.692: Total time for which application threads were stopped: 0.0053676 seconds, Stopping threads took: 0.0000278 seconds
184.758: [GC (Allocation Failure)  989614K->668046K(1034752K), 0.0049685 secs]
184.763: Total time for which application threads were stopped: 0.0052564 seconds, Stopping threads took: 0.0000188 seconds
184.828: [GC (Allocation Failure)  989582K->668678K(1034752K), 0.0050744 secs]
184.833: Total time for which application threads were stopped: 0.0052328 seconds, Stopping threads took: 0.0000194 seconds
184.899: [GC (Allocation Failure)  990214K->676233K(1034752K), 0.0050800 secs]
184.904: Total time for which application threads were stopped: 0.0052488 seconds, Stopping threads took: 0.0000199 seconds
184.970: [GC (Allocation Failure)  997769K->676137K(1034752K), 0.0049061 secs]
184.975: Total time for which application threads were stopped: 0.0050951 seconds, Stopping threads took: 0.0000190 seconds
185.042: [GC (Allocation Failure)  997673K->677897K(1034752K), 0.0051154 secs]
185.047: Total time for which application threads were stopped: 0.0052634 seconds, Stopping threads took: 0.0000163 seconds
185.114: [GC (Allocation Failure)  999433K->684171K(1034752K), 0.0049734 secs]
185.119: Total time for which application threads were stopped: 0.0051324 seconds, Stopping threads took: 0.0000193 seconds
185.188: [GC (Allocation Failure)  1005707K->684139K(1034752K), 0.0049561 secs]
185.193: Total time for which application threads were stopped: 0.0051281 seconds, Stopping threads took: 0.0000202 seconds
185.258: [GC (Allocation Failure)  1005675K->687147K(1034752K), 0.0055498 secs]
185.264: [Full GC (Ergonomics)  687147K->11491K(1034752K), 0.0168483 secs]
185.281: Total time for which application threads were stopped: 0.0226738 seconds, Stopping threads took: 0.0000273 seconds
185.350: [GC (Allocation Failure)  333027K->20710K(1030656K), 0.0039187 secs]
185.354: Total time for which application threads were stopped: 0.0040853 seconds, Stopping threads took: 0.0000195 seconds
185.422: [GC (Allocation Failure)  342246K->20662K(1034240K), 0.0039443 secs]
185.426: Total time for which application threads were stopped: 0.0041129 seconds, Stopping threads took: 0.0000196 seconds
185.492: [GC (Allocation Failure)  341174K->23958K(1034240K), 0.0044377 secs]
185.497: Total time for which application threads were stopped: 0.0045966 seconds, Stopping threads took: 0.0000190 seconds
185.565: [GC (Allocation Failure)  344470K->28696K(1034752K), 0.0045077 secs]
185.570: Total time for which application threads were stopped: 0.0046697 seconds, Stopping threads took: 0.0000200 seconds
185.637: [GC (Allocation Failure)  350232K->28728K(1034752K), 0.0039012 secs]
185.641: Total time for which application threads were stopped: 0.0040632 seconds, Stopping threads took: 0.0000201 seconds
185.706: [GC (Allocation Failure)  350264K->32160K(1034752K), 0.0044254 secs]
185.711: Total time for which application threads were stopped: 0.0045965 seconds, Stopping threads took: 0.0000198 seconds
185.779: [GC (Allocation Failure)  353696K->36770K(1034752K), 0.0038080 secs]
185.783: Total time for which application threads were stopped: 0.0039677 seconds, Stopping threads took: 0.0000191 seconds
185.850: [GC (Allocation Failure)  358306K->36802K(1035264K), 0.0038778 secs]
185.854: Total time for which application threads were stopped: 0.0040625 seconds, Stopping threads took: 0.0000205 seconds
185.922: [GC (Allocation Failure)  358850K->37866K(1034752K), 0.0038153 secs]
185.926: Total time for which application threads were stopped: 0.0039708 seconds, Stopping threads took: 0.0000199 seconds
185.994: [GC (Allocation Failure)  359914K->44940K(1034752K), 0.0037310 secs]
185.998: Total time for which application threads were stopped: 0.0038935 seconds, Stopping threads took: 0.0000204 seconds
186.065: [GC (Allocation Failure)  366476K->44812K(1034752K), 0.0036639 secs]
186.069: Total time for which application threads were stopped: 0.0038602 seconds, Stopping threads took: 0.0000201 seconds
186.137: [GC (Allocation Failure)  366348K->47596K(1034752K), 0.0042367 secs]
186.141: Total time for which application threads were stopped: 0.0044209 seconds, Stopping threads took: 0.0000169 seconds
186.208: [GC (Allocation Failure)  369132K->52879K(1034752K), 0.0038739 secs]
186.212: Total time for which application threads were stopped: 0.0040480 seconds, Stopping threads took: 0.0000273 seconds
186.278: [GC (Allocation Failure)  374415K->52879K(1034752K), 0.0036814 secs]
186.282: Total time for which application threads were stopped: 0.0038426 seconds, Stopping threads took: 0.0000196 seconds
186.347: [GC (Allocation Failure)  374415K->56871K(1034752K), 0.0049230 secs]
186.352: Total time for which application threads were stopped: 0.0051004 seconds, Stopping threads took: 0.0000204 seconds
186.418: [GC (Allocation Failure)  378407K->60905K(1035264K), 0.0039760 secs]
186.422: Total time for which application threads were stopped: 0.0041913 seconds, Stopping threads took: 0.0000205 seconds
186.492: [GC (Allocation Failure)  383465K->60873K(1035264K), 0.0038016 secs]
186.495: Total time for which application threads were stopped: 0.0039579 seconds, Stopping threads took: 0.0000167 seconds
186.563: [GC (Allocation Failure)  383433K->64073K(1035264K), 0.0043231 secs]
186.568: Total time for which application threads were stopped: 0.0045176 seconds, Stopping threads took: 0.0000198 seconds
186.638: [GC (Allocation Failure)  386633K->68971K(1035264K), 0.0038084 secs]
186.641: Total time for which application threads were stopped: 0.0039660 seconds, Stopping threads took: 0.0000170 seconds
186.708: [GC (Allocation Failure)  391531K->68907K(1035264K), 0.0036953 secs]
186.712: Total time for which application threads were stopped: 0.0038938 seconds, Stopping threads took: 0.0000191 seconds
186.781: [GC (Allocation Failure)  391467K->72331K(1035264K), 0.0046118 secs]
186.786: Total time for which application threads were stopped: 0.0047615 seconds, Stopping threads took: 0.0000163 seconds
186.856: [GC (Allocation Failure)  394891K->77101K(1035264K), 0.0040013 secs]
186.860: Total time for which application threads were stopped: 0.0041710 seconds, Stopping threads took: 0.0000194 seconds
186.928: [GC (Allocation Failure)  399661K->76941K(1035264K), 0.0038042 secs]
186.932: Total time for which application threads were stopped: 0.0039826 seconds, Stopping threads took: 0.0000196 seconds
187.000: [GC (Allocation Failure)  399501K->80557K(1035776K), 0.0047314 secs]
187.005: Total time for which application threads were stopped: 0.0049126 seconds, Stopping threads took: 0.0000198 seconds
187.074: [GC (Allocation Failure)  403629K->85072K(1035264K), 0.0037799 secs]
187.078: Total time for which application threads were stopped: 0.0039580 seconds, Stopping threads took: 0.0000196 seconds
187.146: [GC (Allocation Failure)  408144K->85008K(1035776K), 0.0039868 secs]
187.151: Total time for which application threads were stopped: 0.0041605 seconds, Stopping threads took: 0.0000205 seconds
187.218: [GC (Allocation Failure)  408592K->82797K(1035776K), 0.0029115 secs]
187.221: Total time for which application threads were stopped: 0.0030805 seconds, Stopping threads took: 0.0000278 seconds
187.289: [GC (Allocation Failure)  406381K->85008K(1036288K), 0.0037847 secs]
187.293: Total time for which application threads were stopped: 0.0039473 seconds, Stopping threads took: 0.0000246 seconds
187.362: [GC (Allocation Failure)  409616K->84976K(1036288K), 0.0037334 secs]
187.366: Total time for which application threads were stopped: 0.0039040 seconds, Stopping threads took: 0.0000218 seconds
187.431: [GC (Allocation Failure)  409584K->92173K(1031168K), 0.0073281 secs]
187.439: Total time for which application threads were stopped: 0.0075003 seconds, Stopping threads took: 0.0000195 seconds
187.506: [GC (Allocation Failure)  411661K->88176K(1033728K), 0.0047715 secs]
187.511: Total time for which application threads were stopped: 0.0049296 seconds, Stopping threads took: 0.0000234 seconds
187.577: [GC (Allocation Failure)  407664K->87952K(1034752K), 0.0038980 secs]
187.581: Total time for which application threads were stopped: 0.0040930 seconds, Stopping threads took: 0.0000199 seconds
187.650: [GC (Allocation Failure)  408976K->91821K(1032704K), 0.0052089 secs]
187.655: Total time for which application threads were stopped: 0.0053791 seconds, Stopping threads took: 0.0000163 seconds
187.723: [GC (Allocation Failure)  412845K->88112K(1034240K), 0.0037893 secs]
187.727: Total time for which application threads were stopped: 0.0039581 seconds, Stopping threads took: 0.0000268 seconds
187.796: [GC (Allocation Failure)  408112K->87984K(1033728K), 0.0036525 secs]
187.800: Total time for which application threads were stopped: 0.0038297 seconds, Stopping threads took: 0.0000277 seconds
187.865: [GC (Allocation Failure)  407984K->89453K(1034752K), 0.0046151 secs]
187.870: Total time for which application threads were stopped: 0.0047909 seconds, Stopping threads took: 0.0000196 seconds
187.938: [GC (Allocation Failure)  410989K->88080K(1034752K), 0.0038940 secs]
187.942: Total time for which application threads were stopped: 0.0040636 seconds, Stopping threads took: 0.0000191 seconds
188.009: [GC (Allocation Failure)  409616K->87984K(1035776K), 0.0040773 secs]
188.013: Total time for which application threads were stopped: 0.0042419 seconds, Stopping threads took: 0.0000211 seconds
188.081: [GC (Allocation Failure)  411056K->92205K(1035264K), 0.0056109 secs]
188.087: Total time for which application threads were stopped: 0.0057683 seconds, Stopping threads took: 0.0000164 seconds
188.153: [GC (Allocation Failure)  415277K->88016K(1035264K), 0.0037906 secs]
188.157: Total time for which application threads were stopped: 0.0039595 seconds, Stopping threads took: 0.0000207 seconds
188.226: [GC (Allocation Failure)  410576K->87984K(1035264K), 0.0035860 secs]
188.229: Total time for which application threads were stopped: 0.0037568 seconds, Stopping threads took: 0.0000263 seconds
188.299: [GC (Allocation Failure)  410544K->80621K(1034240K), 0.0009579 secs]
188.300: Total time for which application threads were stopped: 0.0010785 seconds, Stopping threads took: 0.0000167 seconds
188.368: [GC (Allocation Failure)  402157K->88232K(1034752K), 0.0039368 secs]
188.372: Total time for which application threads were stopped: 0.0041103 seconds, Stopping threads took: 0.0000201 seconds
188.439: [GC (Allocation Failure)  409768K->92120K(1035776K), 0.0051028 secs]
188.444: Total time for which application threads were stopped: 0.0052761 seconds, Stopping threads took: 0.0000201 seconds
188.512: [GC (Allocation Failure)  415192K->87509K(1035264K), 0.0031466 secs]
188.515: Total time for which application threads were stopped: 0.0033551 seconds, Stopping threads took: 0.0000284 seconds
188.582: [GC (Allocation Failure)  410581K->92320K(1035264K), 0.0039861 secs]
188.586: Total time for which application threads were stopped: 0.0041620 seconds, Stopping threads took: 0.0000196 seconds
188.653: [GC (Allocation Failure)  414880K->96232K(1035264K), 0.0041172 secs]
188.658: Total time for which application threads were stopped: 0.0043100 seconds, Stopping threads took: 0.0000202 seconds
188.726: [GC (Allocation Failure)  418792K->96264K(1035776K), 0.0036074 secs]
188.730: Total time for which application threads were stopped: 0.0037867 seconds, Stopping threads took: 0.0000202 seconds
188.797: [GC (Allocation Failure)  419848K->96392K(1023488K), 0.0039178 secs]
188.801: Total time for which application threads were stopped: 0.0041010 seconds, Stopping threads took: 0.0000276 seconds
188.869: [GC (Allocation Failure)  419976K->104266K(1035264K), 0.0039533 secs]
188.874: Total time for which application threads were stopped: 0.0041238 seconds, Stopping threads took: 0.0000198 seconds
188.941: [GC (Allocation Failure)  426826K->104266K(1035264K), 0.0037192 secs]
188.945: Total time for which application threads were stopped: 0.0038958 seconds, Stopping threads took: 0.0000208 seconds
189.013: [GC (Allocation Failure)  426826K->104426K(1034240K), 0.0038675 secs]
189.017: Total time for which application threads were stopped: 0.0040393 seconds, Stopping threads took: 0.0000200 seconds
189.085: [GC (Allocation Failure)  425962K->112300K(1034752K), 0.0038225 secs]
189.089: Total time for which application threads were stopped: 0.0039911 seconds, Stopping threads took: 0.0000201 seconds
189.155: [GC (Allocation Failure)  433836K->112300K(1035264K), 0.0038526 secs]
189.159: Total time for which application threads were stopped: 0.0040271 seconds, Stopping threads took: 0.0000194 seconds
189.227: [GC (Allocation Failure)  434348K->112364K(1034752K), 0.0064257 secs]
189.234: Total time for which application threads were stopped: 0.0066135 seconds, Stopping threads took: 0.0000259 seconds
189.303: [GC (Allocation Failure)  434412K->120366K(1034752K), 0.0039950 secs]
189.307: Total time for which application threads were stopped: 0.0041549 seconds, Stopping threads took: 0.0000194 seconds
189.373: [GC (Allocation Failure)  441902K->120334K(1034752K), 0.0041301 secs]
189.377: Total time for which application threads were stopped: 0.0042995 seconds, Stopping threads took: 0.0000192 seconds
189.442: [GC (Allocation Failure)  441870K->120614K(1033728K), 0.0038891 secs]
189.446: Total time for which application threads were stopped: 0.0040461 seconds, Stopping threads took: 0.0000192 seconds
189.516: [GC (Allocation Failure)  441126K->128393K(1034240K), 0.0043401 secs]
189.520: Total time for which application threads were stopped: 0.0045387 seconds, Stopping threads took: 0.0000254 seconds
189.588: [GC (Allocation Failure)  448905K->128393K(1034240K), 0.0040516 secs]
189.592: Total time for which application threads were stopped: 0.0042199 seconds, Stopping threads took: 0.0000199 seconds
189.659: [GC (Allocation Failure)  448905K->128873K(1034240K), 0.0039483 secs]
189.663: Total time for which application threads were stopped: 0.0041484 seconds, Stopping threads took: 0.0000202 seconds
189.733: [GC (Allocation Failure)  449385K->136427K(1034240K), 0.0037595 secs]
189.737: Total time for which application threads were stopped: 0.0039321 seconds, Stopping threads took: 0.0000283 seconds
189.805: [GC (Allocation Failure)  456939K->136427K(1034240K), 0.0040041 secs]
189.809: Total time for which application threads were stopped: 0.0042009 seconds, Stopping threads took: 0.0000264 seconds
189.878: [GC (Allocation Failure)  456939K->136587K(1033216K), 0.0039357 secs]
189.882: Total time for which application threads were stopped: 0.0041087 seconds, Stopping threads took: 0.0000205 seconds
189.949: [GC (Allocation Failure)  456075K->144429K(1033728K), 0.0039517 secs]
189.953: Total time for which application threads were stopped: 0.0041199 seconds, Stopping threads took: 0.0000191 seconds
190.021: [GC (Allocation Failure)  463917K->144429K(1033728K), 0.0038425 secs]
190.025: Total time for which application threads were stopped: 0.0040247 seconds, Stopping threads took: 0.0000221 seconds
190.091: [GC (Allocation Failure)  463917K->144549K(1033728K), 0.0040374 secs]
190.095: Total time for which application threads were stopped: 0.0042024 seconds, Stopping threads took: 0.0000204 seconds
190.162: [GC (Allocation Failure)  464037K->152488K(1033728K), 0.0038482 secs]
190.166: Total time for which application threads were stopped: 0.0040184 seconds, Stopping threads took: 0.0000199 seconds
190.233: [GC (Allocation Failure)  471976K->148581K(1033728K), 0.0024919 secs]
190.236: Total time for which application threads were stopped: 0.0026550 seconds, Stopping threads took: 0.0000260 seconds
190.303: [GC (Allocation Failure)  468069K->152616K(1034752K), 0.0039857 secs]
190.307: Total time for which application threads were stopped: 0.0041569 seconds, Stopping threads took: 0.0000197 seconds
190.373: [GC (Allocation Failure)  473640K->156584K(1034240K), 0.0039674 secs]
190.377: Total time for which application threads were stopped: 0.0041327 seconds, Stopping threads took: 0.0000201 seconds
190.443: [GC (Allocation Failure)  477608K->150821K(1034752K), 0.0018911 secs]
190.445: Total time for which application threads were stopped: 0.0020503 seconds, Stopping threads took: 0.0000200 seconds
190.514: [GC (Allocation Failure)  472357K->156648K(1034752K), 0.0044267 secs]
190.519: Total time for which application threads were stopped: 0.0046341 seconds, Stopping threads took: 0.0000259 seconds
190.586: [GC (Allocation Failure)  478184K->160720K(1034752K), 0.0042721 secs]
190.591: Total time for which application threads were stopped: 0.0044474 seconds, Stopping threads took: 0.0000192 seconds
190.658: [GC (Allocation Failure)  483018K->156781K(1035264K), 0.0027682 secs]
190.661: Total time for which application threads were stopped: 0.0029269 seconds, Stopping threads took: 0.0000184 seconds
190.728: [GC (Allocation Failure)  479341K->160880K(1036288K), 0.0040179 secs]
190.733: Total time for which application threads were stopped: 0.0041903 seconds, Stopping threads took: 0.0000276 seconds
190.802: [GC (Allocation Failure)  484976K->164816K(1035776K), 0.0039963 secs]
190.806: Total time for which application threads were stopped: 0.0041470 seconds, Stopping threads took: 0.0000172 seconds
190.873: [GC (Allocation Failure)  488912K->164880K(1035776K), 0.0041186 secs]
190.877: Total time for which application threads were stopped: 0.0042876 seconds, Stopping threads took: 0.0000195 seconds
190.944: [GC (Allocation Failure)  488464K->164904K(1023488K), 0.0039583 secs]
190.948: Total time for which application threads were stopped: 0.0041302 seconds, Stopping threads took: 0.0000196 seconds
191.016: [GC (Allocation Failure)  488488K->172906K(1035264K), 0.0041136 secs]
191.020: Total time for which application threads were stopped: 0.0042776 seconds, Stopping threads took: 0.0000216 seconds
191.090: [GC (Allocation Failure)  495466K->172906K(1030144K), 0.0037177 secs]
191.094: Total time for which application threads were stopped: 0.0038890 seconds, Stopping threads took: 0.0000286 seconds
191.162: [GC (Allocation Failure)  495466K->172938K(1034752K), 0.0038754 secs]
191.166: Total time for which application threads were stopped: 0.0040626 seconds, Stopping threads took: 0.0000206 seconds
191.236: [GC (Allocation Failure)  494474K->180940K(1029120K), 0.0039587 secs]
191.240: Total time for which application threads were stopped: 0.0041190 seconds, Stopping threads took: 0.0000244 seconds
191.307: [GC (Allocation Failure)  502476K->180940K(1034240K), 0.0040409 secs]
191.311: Total time for which application threads were stopped: 0.0042094 seconds, Stopping threads took: 0.0000195 seconds
191.379: [GC (Allocation Failure)  501452K->181156K(1034240K), 0.0041865 secs]
191.383: Total time for which application threads were stopped: 0.0043561 seconds, Stopping threads took: 0.0000200 seconds
191.450: [GC (Allocation Failure)  501668K->188934K(1034240K), 0.0040980 secs]
191.455: Total time for which application threads were stopped: 0.0042687 seconds, Stopping threads took: 0.0000200 seconds
191.524: [GC (Allocation Failure)  509446K->188966K(1034240K), 0.0049204 secs]
191.529: Total time for which application threads were stopped: 0.0050744 seconds, Stopping threads took: 0.0000257 seconds
191.596: [GC (Allocation Failure)  509478K->189390K(1033216K), 0.0042475 secs]
191.600: Total time for which application threads were stopped: 0.0044133 seconds, Stopping threads took: 0.0000210 seconds
191.667: [GC (Allocation Failure)  508878K->197009K(1033728K), 0.0040499 secs]
191.671: Total time for which application threads were stopped: 0.0042140 seconds, Stopping threads took: 0.0000195 seconds
191.740: [GC (Allocation Failure)  516497K->196977K(1033728K), 0.0039881 secs]
191.744: Total time for which application threads were stopped: 0.0041568 seconds, Stopping threads took: 0.0000268 seconds
191.809: [GC (Allocation Failure)  516465K->197129K(1033728K), 0.0041412 secs]
191.813: Total time for which application threads were stopped: 0.0043118 seconds, Stopping threads took: 0.0000246 seconds
191.881: [GC (Allocation Failure)  516617K->205003K(1033728K), 0.0040545 secs]
191.886: Total time for which application threads were stopped: 0.0042240 seconds, Stopping threads took: 0.0000196 seconds
191.954: [GC (Allocation Failure)  524491K->205035K(1033728K), 0.0038569 secs]
191.958: Total time for which application threads were stopped: 0.0040756 seconds, Stopping threads took: 0.0000215 seconds
192.024: [GC (Allocation Failure)  524523K->205067K(1033728K), 0.0039997 secs]
192.028: Total time for which application threads were stopped: 0.0041709 seconds, Stopping threads took: 0.0000195 seconds
192.095: [GC (Allocation Failure)  524555K->213037K(1027072K), 0.0042200 secs]
192.099: Total time for which application threads were stopped: 0.0043915 seconds, Stopping threads took: 0.0000198 seconds
192.165: [GC (Allocation Failure)  532525K->209163K(1034240K), 0.0030468 secs]
192.168: Total time for which application threads were stopped: 0.0032171 seconds, Stopping threads took: 0.0000215 seconds
192.236: [GC (Allocation Failure)  528651K->213197K(1033216K), 0.0040273 secs]
192.240: Total time for which application threads were stopped: 0.0041948 seconds, Stopping threads took: 0.0000253 seconds
192.308: [GC (Allocation Failure)  532685K->217165K(1034752K), 0.0040353 secs]
192.312: Total time for which application threads were stopped: 0.0041974 seconds, Stopping threads took: 0.0000197 seconds
192.380: [GC (Allocation Failure)  538701K->210411K(1034752K), 0.0013422 secs]
192.382: Total time for which application threads were stopped: 0.0014909 seconds, Stopping threads took: 0.0000199 seconds
192.452: [GC (Allocation Failure)  531947K->217237K(1034752K), 0.0041209 secs]
192.456: Total time for which application threads were stopped: 0.0042909 seconds, Stopping threads took: 0.0000213 seconds
192.523: [GC (Allocation Failure)  538773K->221309K(1034752K), 0.0062013 secs]
192.529: Total time for which application threads were stopped: 0.0063761 seconds, Stopping threads took: 0.0000257 seconds
192.598: [GC (Allocation Failure)  542845K->215739K(1034752K), 0.0019557 secs]
192.600: Total time for which application threads were stopped: 0.0021344 seconds, Stopping threads took: 0.0000275 seconds
192.669: [GC (Allocation Failure)  537275K->221573K(1034752K), 0.0039916 secs]
192.673: Total time for which application threads were stopped: 0.0041856 seconds, Stopping threads took: 0.0000195 seconds
192.743: [GC (Allocation Failure)  543109K->225445K(1034752K), 0.0042941 secs]
192.747: Total time for which application threads were stopped: 0.0044809 seconds, Stopping threads took: 0.0000262 seconds
192.816: [GC (Allocation Failure)  547933K->221539K(1035264K), 0.0027399 secs]
192.819: Total time for which application threads were stopped: 0.0028937 seconds, Stopping threads took: 0.0000195 seconds
192.888: [GC (Allocation Failure)  544099K->225613K(1036288K), 0.0042727 secs]
192.893: Total time for which application threads were stopped: 0.0044374 seconds, Stopping threads took: 0.0000189 seconds
192.960: [GC (Allocation Failure)  549709K->229549K(1035776K), 0.0039581 secs]
192.964: Total time for which application threads were stopped: 0.0041145 seconds, Stopping threads took: 0.0000195 seconds
193.032: [GC (Allocation Failure)  553645K->229549K(1035776K), 0.0039247 secs]
193.036: Total time for which application threads were stopped: 0.0040852 seconds, Stopping threads took: 0.0000193 seconds
193.104: [GC (Allocation Failure)  553133K->229645K(1023488K), 0.0042581 secs]
193.108: Total time for which application threads were stopped: 0.0044223 seconds, Stopping threads took: 0.0000272 seconds
193.177: [GC (Allocation Failure)  553229K->237647K(1035264K), 0.0055584 secs]
193.182: Total time for which application threads were stopped: 0.0057346 seconds, Stopping threads took: 0.0000183 seconds
193.252: [GC (Allocation Failure)  560207K->237615K(1030144K), 0.0038525 secs]
193.256: Total time for which application threads were stopped: 0.0040366 seconds, Stopping threads took: 0.0000171 seconds
193.324: [GC (Allocation Failure)  560175K->237671K(1034752K), 0.0040983 secs]
193.328: Total time for which application threads were stopped: 0.0042606 seconds, Stopping threads took: 0.0000198 seconds
193.396: [GC (Allocation Failure)  559207K->245674K(1034752K), 0.0043396 secs]
193.400: Total time for which application threads were stopped: 0.0045089 seconds, Stopping threads took: 0.0000197 seconds
193.468: [GC (Allocation Failure)  567210K->245642K(1033728K), 0.0039647 secs]
193.472: Total time for which application threads were stopped: 0.0041557 seconds, Stopping threads took: 0.0000207 seconds
193.541: [GC (Allocation Failure)  566154K->245898K(1034240K), 0.0041633 secs]
193.546: Total time for which application threads were stopped: 0.0043233 seconds, Stopping threads took: 0.0000197 seconds
193.613: [GC (Allocation Failure)  566410K->253708K(1034240K), 0.0042557 secs]
193.617: Total time for which application threads were stopped: 0.0044147 seconds, Stopping threads took: 0.0000196 seconds
193.685: [GC (Allocation Failure)  574220K->253708K(1034240K), 0.0040513 secs]
193.689: Total time for which application threads were stopped: 0.0042117 seconds, Stopping threads took: 0.0000194 seconds
193.757: [GC (Allocation Failure)  574220K->254124K(1033216K), 0.0040199 secs]
193.761: Total time for which application threads were stopped: 0.0042103 seconds, Stopping threads took: 0.0000274 seconds
193.829: [GC (Allocation Failure)  573612K->261742K(1033728K), 0.0042161 secs]
193.833: Total time for which application threads were stopped: 0.0043813 seconds, Stopping threads took: 0.0000199 seconds
193.901: [GC (Allocation Failure)  581230K->261710K(1033728K), 0.0041755 secs]
193.906: Total time for which application threads were stopped: 0.0043548 seconds, Stopping threads took: 0.0000201 seconds
193.970: [GC (Allocation Failure)  581198K->261830K(1033728K), 0.0041085 secs]
193.974: Total time for which application threads were stopped: 0.0042723 seconds, Stopping threads took: 0.0000194 seconds
194.041: [GC (Allocation Failure)  581318K->269736K(1033728K), 0.0039215 secs]
194.046: Total time for which application threads were stopped: 0.0041164 seconds, Stopping threads took: 0.0000195 seconds
194.114: [GC (Allocation Failure)  589224K->269704K(1033728K), 0.0041357 secs]
194.119: Total time for which application threads were stopped: 0.0042945 seconds, Stopping threads took: 0.0000252 seconds
194.186: [GC (Allocation Failure)  589192K->269800K(1033728K), 0.0041542 secs]
194.190: Total time for which application threads were stopped: 0.0043201 seconds, Stopping threads took: 0.0000204 seconds
194.257: [GC (Allocation Failure)  589288K->277771K(1027072K), 0.0042131 secs]
194.262: Total time for which application threads were stopped: 0.0043947 seconds, Stopping threads took: 0.0000271 seconds
194.327: [GC (Allocation Failure)  597258K->273864K(1034240K), 0.0031457 secs]
194.330: Total time for which application threads were stopped: 0.0033210 seconds, Stopping threads took: 0.0000210 seconds
194.399: [GC (Allocation Failure)  593352K->277931K(1033216K), 0.0041507 secs]
194.404: Total time for which application threads were stopped: 0.0043211 seconds, Stopping threads took: 0.0000215 seconds
194.471: [GC (Allocation Failure)  597419K->281931K(1034752K), 0.0040801 secs]
194.475: Total time for which application threads were stopped: 0.0042688 seconds, Stopping threads took: 0.0000276 seconds
194.544: [GC (Allocation Failure)  603467K->275112K(1034752K), 0.0016422 secs]
194.546: Total time for which application threads were stopped: 0.0017835 seconds, Stopping threads took: 0.0000197 seconds
194.616: [GC (Allocation Failure)  596648K->281963K(1034752K), 0.0041355 secs]
194.620: Total time for which application threads were stopped: 0.0043304 seconds, Stopping threads took: 0.0000198 seconds
194.688: [GC (Allocation Failure)  603499K->286075K(1034752K), 0.0052835 secs]
194.694: Total time for which application threads were stopped: 0.0054617 seconds, Stopping threads took: 0.0000199 seconds
194.761: [GC (Allocation Failure)  607611K->280504K(1034752K), 0.0020269 secs]
194.763: Total time for which application threads were stopped: 0.0022045 seconds, Stopping threads took: 0.0000259 seconds
194.832: [GC (Allocation Failure)  602040K->286347K(1034752K), 0.0043563 secs]
194.836: Total time for which application threads were stopped: 0.0045239 seconds, Stopping threads took: 0.0000192 seconds
194.903: [GC (Allocation Failure)  607883K->290187K(1035264K), 0.0046237 secs]
194.908: Total time for which application threads were stopped: 0.0049330 seconds, Stopping threads took: 0.0000197 seconds
194.974: [GC (Allocation Failure)  612675K->286248K(1035264K), 0.0029666 secs]
194.977: Total time for which application threads were stopped: 0.0032848 seconds, Stopping threads took: 0.0000194 seconds
195.047: [GC (Allocation Failure)  608808K->290347K(1036288K), 0.0042547 secs]
195.051: Total time for which application threads were stopped: 0.0044031 seconds, Stopping threads took: 0.0000165 seconds
195.118: [GC (Allocation Failure)  614443K->294315K(1035776K), 0.0041714 secs]
195.122: Total time for which application threads were stopped: 0.0043357 seconds, Stopping threads took: 0.0000203 seconds
195.191: [GC (Allocation Failure)  618411K->294315K(1035776K), 0.0039858 secs]
195.195: Total time for which application threads were stopped: 0.0041547 seconds, Stopping threads took: 0.0000194 seconds
195.265: [GC (Allocation Failure)  617899K->294379K(1023488K), 0.0041467 secs]
195.269: Total time for which application threads were stopped: 0.0043130 seconds, Stopping threads took: 0.0000260 seconds
195.336: [GC (Allocation Failure)  617963K->302381K(1035264K), 0.0043693 secs]
195.340: Total time for which application threads were stopped: 0.0045485 seconds, Stopping threads took: 0.0000264 seconds
195.408: [GC (Allocation Failure)  624941K->302381K(1030144K), 0.0042082 secs]
195.412: Total time for which application threads were stopped: 0.0043793 seconds, Stopping threads took: 0.0000202 seconds
195.480: [GC (Allocation Failure)  624941K->302413K(1034752K), 0.0057061 secs]
195.486: Total time for which application threads were stopped: 0.0058765 seconds, Stopping threads took: 0.0000204 seconds
195.555: [GC (Allocation Failure)  623949K->310383K(1029120K), 0.0044411 secs]
195.559: Total time for which application threads were stopped: 0.0046066 seconds, Stopping threads took: 0.0000187 seconds
195.628: [GC (Allocation Failure)  631919K->310383K(1034240K), 0.0038729 secs]
195.632: Total time for which application threads were stopped: 0.0040655 seconds, Stopping threads took: 0.0000203 seconds
195.700: [GC (Allocation Failure)  630895K->310631K(1034240K), 0.0042255 secs]
195.705: Total time for which application threads were stopped: 0.0044140 seconds, Stopping threads took: 0.0000193 seconds
195.773: [GC (Allocation Failure)  631143K->318442K(1034240K), 0.0042466 secs]
195.778: Total time for which application threads were stopped: 0.0044474 seconds, Stopping threads took: 0.0000196 seconds
195.845: [GC (Allocation Failure)  638954K->318410K(1034240K), 0.0041937 secs]
195.850: Total time for which application threads were stopped: 0.0043711 seconds, Stopping threads took: 0.0000201 seconds
195.918: [GC (Allocation Failure)  638922K->318826K(1033216K), 0.0042778 secs]
195.923: Total time for which application threads were stopped: 0.0044384 seconds, Stopping threads took: 0.0000194 seconds
195.990: [GC (Allocation Failure)  638314K->326444K(1033728K), 0.0043498 secs]
195.994: Total time for which application threads were stopped: 0.0045112 seconds, Stopping threads took: 0.0000195 seconds
196.062: [GC (Allocation Failure)  645932K->326476K(1033728K), 0.0043468 secs]
196.066: Total time for which application threads were stopped: 0.0045093 seconds, Stopping threads took: 0.0000264 seconds
196.133: [GC (Allocation Failure)  645964K->326572K(1033728K), 0.0043635 secs]
196.137: Total time for which application threads were stopped: 0.0045311 seconds, Stopping threads took: 0.0000191 seconds
196.205: [GC (Allocation Failure)  646060K->334478K(1033728K), 0.0041064 secs]
196.209: Total time for which application threads were stopped: 0.0042683 seconds, Stopping threads took: 0.0000193 seconds
196.277: [GC (Allocation Failure)  653966K->334478K(1033728K), 0.0041910 secs]
196.281: Total time for which application threads were stopped: 0.0043612 seconds, Stopping threads took: 0.0000194 seconds
196.348: [GC (Allocation Failure)  653966K->334534K(1033728K), 0.0042699 secs]
196.352: Total time for which application threads were stopped: 0.0044334 seconds, Stopping threads took: 0.0000189 seconds
196.419: [GC (Allocation Failure)  654022K->342504K(1027072K), 0.0044774 secs]
196.424: Total time for which application threads were stopped: 0.0046445 seconds, Stopping threads took: 0.0000207 seconds
196.489: [GC (Allocation Failure)  661992K->338566K(1034240K), 0.0033755 secs]
196.492: Total time for which application threads were stopped: 0.0035386 seconds, Stopping threads took: 0.0000198 seconds
196.561: [GC (Allocation Failure)  658054K->342664K(1033216K), 0.0044962 secs]
196.565: Total time for which application threads were stopped: 0.0046558 seconds, Stopping threads took: 0.0000190 seconds
196.633: [GC (Allocation Failure)  662152K->346664K(1034752K), 0.0041629 secs]
196.637: Total time for which application threads were stopped: 0.0043478 seconds, Stopping threads took: 0.0000201 seconds
196.704: [GC (Allocation Failure)  668200K->339846K(1034752K), 0.0018640 secs]
196.706: Total time for which application threads were stopped: 0.0020282 seconds, Stopping threads took: 0.0000199 seconds
196.773: [GC (Allocation Failure)  661382K->346664K(1034752K), 0.0048955 secs]
196.778: Total time for which application threads were stopped: 0.0050861 seconds, Stopping threads took: 0.0000215 seconds
196.846: [GC (Allocation Failure)  668200K->350768K(1034752K), 0.0053212 secs]
196.851: Total time for which application threads were stopped: 0.0055057 seconds, Stopping threads took: 0.0000223 seconds
196.917: [GC (Allocation Failure)  672304K->345198K(1034752K), 0.0022062 secs]
196.919: Total time for which application threads were stopped: 0.0023570 seconds, Stopping threads took: 0.0000194 seconds
196.987: [GC (Allocation Failure)  666734K->351040K(1034752K), 0.0044307 secs]
196.991: Total time for which application threads were stopped: 0.0045932 seconds, Stopping threads took: 0.0000198 seconds
197.058: [GC (Allocation Failure)  672576K->354880K(1034752K), 0.0046804 secs]
197.063: Total time for which application threads were stopped: 0.0048633 seconds, Stopping threads took: 0.0000198 seconds
197.130: [GC (Allocation Failure)  677369K->350974K(1035264K), 0.0033511 secs]
197.134: Total time for which application threads were stopped: 0.0035271 seconds, Stopping threads took: 0.0000203 seconds
197.204: [GC (Allocation Failure)  673534K->355080K(1036288K), 0.0049590 secs]
197.209: Total time for which application threads were stopped: 0.0051476 seconds, Stopping threads took: 0.0000225 seconds
197.276: [GC (Allocation Failure)  679176K->359080K(1035776K), 0.0043275 secs]
197.281: Total time for which application threads were stopped: 0.0045221 seconds, Stopping threads took: 0.0000203 seconds
197.351: [GC (Allocation Failure)  683176K->359080K(1035776K), 0.0042194 secs]
197.355: Total time for which application threads were stopped: 0.0043691 seconds, Stopping threads took: 0.0000170 seconds
197.423: [GC (Allocation Failure)  682664K->359112K(1023488K), 0.0044003 secs]
197.427: Total time for which application threads were stopped: 0.0045725 seconds, Stopping threads took: 0.0000203 seconds
197.494: [GC (Allocation Failure)  682696K->367115K(1035264K), 0.0044619 secs]
197.498: Total time for which application threads were stopped: 0.0046446 seconds, Stopping threads took: 0.0000203 seconds
197.568: [GC (Allocation Failure)  689675K->367083K(1030144K), 0.0042395 secs]
197.573: Total time for which application threads were stopped: 0.0043996 seconds, Stopping threads took: 0.0000197 seconds
197.640: [GC (Allocation Failure)  689643K->367107K(1034752K), 0.0043238 secs]
197.645: Total time for which application threads were stopped: 0.0045196 seconds, Stopping threads took: 0.0000204 seconds
197.713: [GC (Allocation Failure)  688643K->375109K(1029120K), 0.0044599 secs]
197.718: Total time for which application threads were stopped: 0.0046247 seconds, Stopping threads took: 0.0000258 seconds
197.786: [GC (Allocation Failure)  696645K->375109K(1034240K), 0.0041792 secs]
197.790: Total time for which application threads were stopped: 0.0043467 seconds, Stopping threads took: 0.0000276 seconds
197.857: [GC (Allocation Failure)  695621K->375373K(1034240K), 0.0044196 secs]
197.862: Total time for which application threads were stopped: 0.0045903 seconds, Stopping threads took: 0.0000194 seconds
197.929: [GC (Allocation Failure)  695885K->383151K(1034240K), 0.0042789 secs]
197.934: Total time for which application threads were stopped: 0.0045162 seconds, Stopping threads took: 0.0000193 seconds
198.001: [GC (Allocation Failure)  703663K->383151K(1034240K), 0.0044602 secs]
198.006: Total time for which application threads were stopped: 0.0046269 seconds, Stopping threads took: 0.0000195 seconds
198.073: [GC (Allocation Failure)  703663K->383559K(1033216K), 0.0045787 secs]
198.077: Total time for which application threads were stopped: 0.0047566 seconds, Stopping threads took: 0.0000217 seconds
198.144: [GC (Allocation Failure)  703047K->391209K(1033728K), 0.0044917 secs]
198.149: Total time for which application threads were stopped: 0.0046792 seconds, Stopping threads took: 0.0000276 seconds
198.219: [GC (Allocation Failure)  710697K->391145K(1033728K), 0.0042850 secs]
198.223: Total time for which application threads were stopped: 0.0044595 seconds, Stopping threads took: 0.0000262 seconds
198.288: [GC (Allocation Failure)  710633K->391305K(1033728K), 0.0045518 secs]
198.293: Total time for which application threads were stopped: 0.0047122 seconds, Stopping threads took: 0.0000185 seconds
198.361: [GC (Allocation Failure)  710793K->399244K(1033728K), 0.0043543 secs]
198.365: Total time for which application threads were stopped: 0.0045159 seconds, Stopping threads took: 0.0000197 seconds
198.432: [GC (Allocation Failure)  718732K->399180K(1033728K), 0.0050561 secs]
198.438: Total time for which application threads were stopped: 0.0052401 seconds, Stopping threads took: 0.0000196 seconds
198.505: [GC (Allocation Failure)  718668K->399244K(1033728K), 0.0069501 secs]
198.512: Total time for which application threads were stopped: 0.0071023 seconds, Stopping threads took: 0.0000252 seconds
198.580: [GC (Allocation Failure)  718732K->407246K(1027072K), 0.0044034 secs]
198.584: Total time for which application threads were stopped: 0.0045763 seconds, Stopping threads took: 0.0000203 seconds
198.650: [GC (Allocation Failure)  726733K->403340K(1034240K), 0.0034132 secs]
198.653: Total time for which application threads were stopped: 0.0035913 seconds, Stopping threads took: 0.0000200 seconds
198.721: [GC (Allocation Failure)  722828K->407406K(1033216K), 0.0043763 secs]
198.726: Total time for which application threads were stopped: 0.0045532 seconds, Stopping threads took: 0.0000262 seconds
198.794: [GC (Allocation Failure)  726894K->411342K(1034752K), 0.0044588 secs]
198.798: Total time for which application threads were stopped: 0.0046283 seconds, Stopping threads took: 0.0000199 seconds
198.865: [GC (Allocation Failure)  732878K->404588K(1034752K), 0.0017662 secs]
198.867: Total time for which application threads were stopped: 0.0019081 seconds, Stopping threads took: 0.0000202 seconds
198.934: [GC (Allocation Failure)  726124K->411446K(1034752K), 0.0042765 secs]
198.939: Total time for which application threads were stopped: 0.0044493 seconds, Stopping threads took: 0.0000201 seconds
199.006: [GC (Allocation Failure)  732982K->415558K(1034752K), 0.0054138 secs]
199.012: Total time for which application threads were stopped: 0.0055929 seconds, Stopping threads took: 0.0000208 seconds
199.077: [GC (Allocation Failure)  737094K->409988K(1034752K), 0.0024737 secs]
199.080: Total time for which application threads were stopped: 0.0026468 seconds, Stopping threads took: 0.0000184 seconds
199.148: [GC (Allocation Failure)  731524K->415830K(1034752K), 0.0045323 secs]
199.153: Total time for which application threads were stopped: 0.0047010 seconds, Stopping threads took: 0.0000191 seconds
199.220: [GC (Allocation Failure)  737366K->419678K(1035264K), 0.0063670 secs]
199.226: Total time for which application threads were stopped: 0.0065576 seconds, Stopping threads took: 0.0000269 seconds
199.294: [GC (Allocation Failure)  742166K->415772K(1035264K), 0.0032195 secs]
199.298: Total time for which application threads were stopped: 0.0033997 seconds, Stopping threads took: 0.0000175 seconds
199.368: [GC (Allocation Failure)  738332K->419830K(1036288K), 0.0044285 secs]
199.372: Total time for which application threads were stopped: 0.0045909 seconds, Stopping threads took: 0.0000190 seconds
199.440: [GC (Allocation Failure)  743926K->423830K(1035776K), 0.0045841 secs]
199.445: Total time for which application threads were stopped: 0.0047547 seconds, Stopping threads took: 0.0000205 seconds
199.514: [GC (Allocation Failure)  747926K->423798K(1035776K), 0.0050551 secs]
199.519: Total time for which application threads were stopped: 0.0052054 seconds, Stopping threads took: 0.0000259 seconds
199.588: [GC (Allocation Failure)  747382K->423854K(1023488K), 0.0045685 secs]
199.592: Total time for which application threads were stopped: 0.0047366 seconds, Stopping threads took: 0.0000194 seconds
199.659: [GC (Allocation Failure)  747438K->431856K(1035264K), 0.0046121 secs]
199.663: Total time for which application threads were stopped: 0.0047936 seconds, Stopping threads took: 0.0000193 seconds
199.732: [GC (Allocation Failure)  754416K->431824K(1030144K), 0.0041467 secs]
199.736: Total time for which application threads were stopped: 0.0043208 seconds, Stopping threads took: 0.0000277 seconds
199.805: [GC (Allocation Failure)  754384K->431880K(1034752K), 0.0044262 secs]
199.809: Total time for which application threads were stopped: 0.0046044 seconds, Stopping threads took: 0.0000194 seconds
199.876: [GC (Allocation Failure)  753416K->439850K(1029120K), 0.0044853 secs]
199.881: Total time for which application threads were stopped: 0.0046465 seconds, Stopping threads took: 0.0000192 seconds
199.949: [GC (Allocation Failure)  761386K->439850K(1034240K), 0.0042058 secs]
199.953: Total time for which application threads were stopped: 0.0043735 seconds, Stopping threads took: 0.0000191 seconds
200.020: [GC (Allocation Failure)  760362K->440106K(1034240K), 0.0044146 secs]
200.025: Total time for which application threads were stopped: 0.0045872 seconds, Stopping threads took: 0.0000193 seconds
200.092: [GC (Allocation Failure)  760618K->447885K(1034240K), 0.0042904 secs]
200.096: Total time for which application threads were stopped: 0.0044577 seconds, Stopping threads took: 0.0000195 seconds
200.164: [GC (Allocation Failure)  768397K->447885K(1034240K), 0.0045680 secs]
200.169: Total time for which application threads were stopped: 0.0047363 seconds, Stopping threads took: 0.0000276 seconds
200.236: [GC (Allocation Failure)  768397K->448293K(1033216K), 0.0052292 secs]
200.241: Total time for which application threads were stopped: 0.0053968 seconds, Stopping threads took: 0.0000277 seconds
200.308: [GC (Allocation Failure)  767781K->455943K(1033728K), 0.0046325 secs]
200.313: Total time for which application threads were stopped: 0.0048105 seconds, Stopping threads took: 0.0000215 seconds
200.380: [GC (Allocation Failure)  775431K->455879K(1033728K), 0.0045578 secs]
200.385: Total time for which application threads were stopped: 0.0047190 seconds, Stopping threads took: 0.0000200 seconds
200.449: [GC (Allocation Failure)  775367K->456039K(1033728K), 0.0045574 secs]
200.454: Total time for which application threads were stopped: 0.0047494 seconds, Stopping threads took: 0.0000239 seconds
200.522: [GC (Allocation Failure)  775527K->463977K(1033728K), 0.0052511 secs]
200.527: Total time for which application threads were stopped: 0.0053939 seconds, Stopping threads took: 0.0000171 seconds
200.595: [GC (Allocation Failure)  783465K->463945K(1033728K), 0.0045246 secs]
200.600: Total time for which application threads were stopped: 0.0046961 seconds, Stopping threads took: 0.0000197 seconds
200.667: [GC (Allocation Failure)  783433K->464009K(1033728K), 0.0044056 secs]
200.671: Total time for which application threads were stopped: 0.0045757 seconds, Stopping threads took: 0.0000191 seconds
200.739: [GC (Allocation Failure)  783497K->471980K(1027072K), 0.0044974 secs]
200.743: Total time for which application threads were stopped: 0.0046550 seconds, Stopping threads took: 0.0000265 seconds
200.809: [GC (Allocation Failure)  791467K->468073K(1034240K), 0.0037511 secs]
200.813: Total time for which application threads were stopped: 0.0039183 seconds, Stopping threads took: 0.0000197 seconds
200.880: [GC (Allocation Failure)  787561K->472140K(1033216K), 0.0044764 secs]
200.885: Total time for which application threads were stopped: 0.0046334 seconds, Stopping threads took: 0.0000192 seconds
200.954: [GC (Allocation Failure)  791628K->476108K(1034752K), 0.0045820 secs]
200.958: Total time for which application threads were stopped: 0.0047486 seconds, Stopping threads took: 0.0000194 seconds
201.025: [GC (Allocation Failure)  797644K->469321K(1034752K), 0.0019979 secs]
201.027: Total time for which application threads were stopped: 0.0021484 seconds, Stopping threads took: 0.0000190 seconds
201.095: [GC (Allocation Failure)  790857K->476172K(1034752K), 0.0044385 secs]
201.100: Total time for which application threads were stopped: 0.0045977 seconds, Stopping threads took: 0.0000172 seconds
201.166: [GC (Allocation Failure)  797708K->480252K(1034752K), 0.0055120 secs]
201.171: Total time for which application threads were stopped: 0.0057291 seconds, Stopping threads took: 0.0000202 seconds
201.239: [GC (Allocation Failure)  801788K->474713K(1034752K), 0.0025965 secs]
201.241: Total time for which application threads were stopped: 0.0027512 seconds, Stopping threads took: 0.0000256 seconds
201.309: [GC (Allocation Failure)  796249K->480524K(1034752K), 0.0046681 secs]
201.313: Total time for which application threads were stopped: 0.0048423 seconds, Stopping threads took: 0.0000254 seconds
201.381: [GC (Allocation Failure)  802060K->484420K(1034752K), 0.0048095 secs]
201.385: Total time for which application threads were stopped: 0.0049822 seconds, Stopping threads took: 0.0000203 seconds
201.453: [GC (Allocation Failure)  806908K->480449K(1035264K), 0.0065057 secs]
201.459: Total time for which application threads were stopped: 0.0066826 seconds, Stopping threads took: 0.0000205 seconds
201.529: [GC (Allocation Failure)  803009K->484556K(1036288K), 0.0048781 secs]
201.534: Total time for which application threads were stopped: 0.0050523 seconds, Stopping threads took: 0.0000171 seconds
201.602: [GC (Allocation Failure)  808652K->488556K(1035776K), 0.0044706 secs]
201.607: Total time for which application threads were stopped: 0.0046373 seconds, Stopping threads took: 0.0000197 seconds
201.675: [GC (Allocation Failure)  812652K->488524K(1035776K), 0.0045290 secs]
201.680: Total time for which application threads were stopped: 0.0047084 seconds, Stopping threads took: 0.0000196 seconds
201.750: [GC (Allocation Failure)  812108K->488588K(1023488K), 0.0044314 secs]
201.754: Total time for which application threads were stopped: 0.0046358 seconds, Stopping threads took: 0.0000267 seconds
201.823: [GC (Allocation Failure)  812172K->496590K(1035264K), 0.0046732 secs]
201.828: Total time for which application threads were stopped: 0.0048553 seconds, Stopping threads took: 0.0000165 seconds
201.897: [GC (Allocation Failure)  819150K->496558K(1030144K), 0.0043186 secs]
201.901: Total time for which application threads were stopped: 0.0045108 seconds, Stopping threads took: 0.0000194 seconds
201.970: [GC (Allocation Failure)  819118K->496622K(1034752K), 0.0044981 secs]
201.974: Total time for which application threads were stopped: 0.0046535 seconds, Stopping threads took: 0.0000167 seconds
202.041: [GC (Allocation Failure)  818158K->504592K(1029120K), 0.0048020 secs]
202.046: Total time for which application threads were stopped: 0.0049657 seconds, Stopping threads took: 0.0000205 seconds
202.114: [GC (Allocation Failure)  826128K->504592K(1034240K), 0.0046071 secs]
202.119: Total time for which application threads were stopped: 0.0047748 seconds, Stopping threads took: 0.0000187 seconds
202.186: [GC (Allocation Failure)  825104K->504840K(1034240K), 0.0046960 secs]
202.190: Total time for which application threads were stopped: 0.0048699 seconds, Stopping threads took: 0.0000197 seconds
202.258: [GC (Allocation Failure)  825352K->512618K(1034240K), 0.0044852 secs]
202.263: Total time for which application threads were stopped: 0.0046537 seconds, Stopping threads took: 0.0000189 seconds
202.331: [GC (Allocation Failure)  833130K->512618K(1034240K), 0.0045254 secs]
202.335: Total time for which application threads were stopped: 0.0047086 seconds, Stopping threads took: 0.0000254 seconds
202.402: [GC (Allocation Failure)  833130K->513026K(1033216K), 0.0087569 secs]
202.411: Total time for which application threads were stopped: 0.0089304 seconds, Stopping threads took: 0.0000250 seconds
202.478: [GC (Allocation Failure)  832514K->520645K(1033728K), 0.0047751 secs]
202.483: Total time for which application threads were stopped: 0.0049561 seconds, Stopping threads took: 0.0000211 seconds
202.551: [GC (Allocation Failure)  840133K->520645K(1033728K), 0.0046018 secs]
202.556: Total time for which application threads were stopped: 0.0047516 seconds, Stopping threads took: 0.0000169 seconds
202.621: [GC (Allocation Failure)  840133K->520781K(1033728K), 0.0047765 secs]
202.625: Total time for which application threads were stopped: 0.0049353 seconds, Stopping threads took: 0.0000190 seconds
202.695: [GC (Allocation Failure)  840269K->528687K(1033728K), 0.0045715 secs]
202.700: Total time for which application threads were stopped: 0.0047387 seconds, Stopping threads took: 0.0000192 seconds
202.768: [GC (Allocation Failure)  848175K->528687K(1033728K), 0.0046633 secs]
202.773: Total time for which application threads were stopped: 0.0048396 seconds, Stopping threads took: 0.0000270 seconds
202.840: [GC (Allocation Failure)  848175K->528743K(1033728K), 0.0046841 secs]
202.844: Total time for which application threads were stopped: 0.0048488 seconds, Stopping threads took: 0.0000207 seconds
202.911: [GC (Allocation Failure)  848231K->536713K(1027072K), 0.0047588 secs]
202.916: Total time for which application threads were stopped: 0.0049310 seconds, Stopping threads took: 0.0000203 seconds
202.982: [GC (Allocation Failure)  856201K->532839K(1034240K), 0.0037481 secs]
202.986: Total time for which application threads were stopped: 0.0039567 seconds, Stopping threads took: 0.0000381 seconds
203.055: [GC (Allocation Failure)  852327K->536873K(1033216K), 0.0047774 secs]
203.060: Total time for which application threads were stopped: 0.0049361 seconds, Stopping threads took: 0.0000165 seconds
203.127: [GC (Allocation Failure)  856361K->540841K(1034752K), 0.0046043 secs]
203.131: Total time for which application threads were stopped: 0.0047747 seconds, Stopping threads took: 0.0000207 seconds
203.198: [GC (Allocation Failure)  862377K->534055K(1034752K), 0.0020276 secs]
203.200: Total time for which application threads were stopped: 0.0021833 seconds, Stopping threads took: 0.0000207 seconds
203.267: [GC (Allocation Failure)  855591K->540905K(1034752K), 0.0060007 secs]
203.274: Total time for which application threads were stopped: 0.0061696 seconds, Stopping threads took: 0.0000262 seconds
203.340: [GC (Allocation Failure)  862441K->545017K(1034752K), 0.0057205 secs]
203.345: Total time for which application threads were stopped: 0.0058904 seconds, Stopping threads took: 0.0000218 seconds
203.411: [GC (Allocation Failure)  866553K->539415K(1034752K), 0.0027866 secs]
203.413: Total time for which application threads were stopped: 0.0029656 seconds, Stopping threads took: 0.0000198 seconds
203.480: [GC (Allocation Failure)  860951K->545249K(1034752K), 0.0065024 secs]
203.487: Total time for which application threads were stopped: 0.0066859 seconds, Stopping threads took: 0.0000201 seconds
203.555: [GC (Allocation Failure)  866785K->549153K(1034752K), 0.0051222 secs]
203.561: Total time for which application threads were stopped: 0.0052695 seconds, Stopping threads took: 0.0000170 seconds
203.629: [GC (Allocation Failure)  871641K->545215K(1035264K), 0.0035938 secs]
203.633: Total time for which application threads were stopped: 0.0037540 seconds, Stopping threads took: 0.0000194 seconds
203.701: [GC (Allocation Failure)  867775K->549289K(1036288K), 0.0047154 secs]
203.706: Total time for which application threads were stopped: 0.0049360 seconds, Stopping threads took: 0.0000196 seconds
203.776: [GC (Allocation Failure)  873385K->553225K(1035776K), 0.0048016 secs]
203.781: Total time for which application threads were stopped: 0.0049814 seconds, Stopping threads took: 0.0000196 seconds
203.849: [GC (Allocation Failure)  877321K->553289K(1035776K), 0.0046879 secs]
203.854: Total time for which application threads were stopped: 0.0048640 seconds, Stopping threads took: 0.0000206 seconds
203.922: [GC (Allocation Failure)  876873K->553321K(1023488K), 0.0046807 secs]
203.927: Total time for which application threads were stopped: 0.0048604 seconds, Stopping threads took: 0.0000201 seconds
203.995: [GC (Allocation Failure)  876905K->561291K(1035264K), 0.0046487 secs]
203.999: Total time for which application threads were stopped: 0.0048108 seconds, Stopping threads took: 0.0000192 seconds
204.067: [GC (Allocation Failure)  883851K->561323K(1030144K), 0.0046193 secs]
204.072: Total time for which application threads were stopped: 0.0047819 seconds, Stopping threads took: 0.0000202 seconds
204.141: [GC (Allocation Failure)  883883K->561355K(1034752K), 0.0047426 secs]
204.145: Total time for which application threads were stopped: 0.0049049 seconds, Stopping threads took: 0.0000203 seconds
204.213: [GC (Allocation Failure)  882891K->569326K(1029120K), 0.0050062 secs]
204.218: Total time for which application threads were stopped: 0.0052036 seconds, Stopping threads took: 0.0000200 seconds
204.285: [GC (Allocation Failure)  890862K->569294K(1034240K), 0.0046540 secs]
204.290: Total time for which application threads were stopped: 0.0048157 seconds, Stopping threads took: 0.0000197 seconds
204.359: [GC (Allocation Failure)  889806K->569574K(1034240K), 0.0047229 secs]
204.364: Total time for which application threads were stopped: 0.0048959 seconds, Stopping threads took: 0.0000220 seconds
204.432: [GC (Allocation Failure)  890086K->577352K(1034240K), 0.0047848 secs]
204.437: Total time for which application threads were stopped: 0.0049558 seconds, Stopping threads took: 0.0000201 seconds
204.505: [GC (Allocation Failure)  897864K->577352K(1034240K), 0.0063076 secs]
204.512: Total time for which application threads were stopped: 0.0065083 seconds, Stopping threads took: 0.0000240 seconds
204.580: [GC (Allocation Failure)  897864K->577800K(1033216K), 0.0048031 secs]
204.585: Total time for which application threads were stopped: 0.0049754 seconds, Stopping threads took: 0.0000203 seconds
204.653: [GC (Allocation Failure)  897288K->585386K(1033728K), 0.0049008 secs]
204.658: Total time for which application threads were stopped: 0.0050814 seconds, Stopping threads took: 0.0000195 seconds
204.726: [GC (Allocation Failure)  904874K->585354K(1033728K), 0.0045856 secs]
204.731: Total time for which application threads were stopped: 0.0047523 seconds, Stopping threads took: 0.0000257 seconds
204.796: [GC (Allocation Failure)  904842K->585514K(1033728K), 0.0046889 secs]
204.801: Total time for which application threads were stopped: 0.0048606 seconds, Stopping threads took: 0.0000199 seconds
204.868: [GC (Allocation Failure)  905002K->593452K(1033728K), 0.0045671 secs]
204.873: Total time for which application threads were stopped: 0.0047364 seconds, Stopping threads took: 0.0000200 seconds
204.940: [GC (Allocation Failure)  912940K->593452K(1033728K), 0.0049221 secs]
204.945: Total time for which application threads were stopped: 0.0050941 seconds, Stopping threads took: 0.0000196 seconds
205.012: [GC (Allocation Failure)  912940K->593484K(1033728K), 0.0047628 secs]
205.017: Total time for which application threads were stopped: 0.0049221 seconds, Stopping threads took: 0.0000190 seconds
205.084: [GC (Allocation Failure)  912972K->601487K(1027072K), 0.0049623 secs]
205.089: Total time for which application threads were stopped: 0.0051293 seconds, Stopping threads took: 0.0000197 seconds
205.155: [GC (Allocation Failure)  920974K->597548K(1034240K), 0.0066837 secs]
205.161: Total time for which application threads were stopped: 0.0068416 seconds, Stopping threads took: 0.0000190 seconds
205.230: [GC (Allocation Failure)  917036K->601607K(1033216K), 0.0048063 secs]
205.235: Total time for which application threads were stopped: 0.0050189 seconds, Stopping threads took: 0.0000274 seconds
205.304: [GC (Allocation Failure)  921095K->605607K(1034752K), 0.0046177 secs]
205.309: Total time for which application threads were stopped: 0.0047778 seconds, Stopping threads took: 0.0000198 seconds
205.377: [GC (Allocation Failure)  927143K->598788K(1034752K), 0.0022699 secs]
205.380: Total time for which application threads were stopped: 0.0024061 seconds, Stopping threads took: 0.0000198 seconds
205.449: [GC (Allocation Failure)  920324K->605679K(1034752K), 0.0045468 secs]
205.453: Total time for which application threads were stopped: 0.0047168 seconds, Stopping threads took: 0.0000164 seconds
205.520: [GC (Allocation Failure)  927215K->609767K(1034752K), 0.0083212 secs]
205.528: Total time for which application threads were stopped: 0.0084657 seconds, Stopping threads took: 0.0000260 seconds
205.595: [GC (Allocation Failure)  931303K->604164K(1034752K), 0.0027348 secs]
205.598: Total time for which application threads were stopped: 0.0029217 seconds, Stopping threads took: 0.0000185 seconds
205.667: [GC (Allocation Failure)  925700K->610015K(1034752K), 0.0049180 secs]
205.672: Total time for which application threads were stopped: 0.0050775 seconds, Stopping threads took: 0.0000166 seconds
205.741: [GC (Allocation Failure)  931551K->613919K(1035264K), 0.0052884 secs]
205.746: Total time for which application threads were stopped: 0.0054675 seconds, Stopping threads took: 0.0000283 seconds
205.814: [GC (Allocation Failure)  936407K->609980K(1035264K), 0.0037277 secs]
205.818: Total time for which application threads were stopped: 0.0039029 seconds, Stopping threads took: 0.0000195 seconds
205.887: [GC (Allocation Failure)  932540K->614047K(1036288K), 0.0049282 secs]
205.892: Total time for which application threads were stopped: 0.0050879 seconds, Stopping threads took: 0.0000187 seconds
205.962: [GC (Allocation Failure)  938143K->618047K(1035776K), 0.0048466 secs]
205.967: Total time for which application threads were stopped: 0.0050135 seconds, Stopping threads took: 0.0000198 seconds
206.036: [GC (Allocation Failure)  942143K->618047K(1035776K), 0.0049529 secs]
206.041: Total time for which application threads were stopped: 0.0051323 seconds, Stopping threads took: 0.0000192 seconds
206.109: [GC (Allocation Failure)  941631K->618087K(1023488K), 0.0050510 secs]
206.114: Total time for which application threads were stopped: 0.0052174 seconds, Stopping threads took: 0.0000192 seconds
206.180: [GC (Allocation Failure)  941671K->626089K(1035264K), 0.0049383 secs]
206.185: Total time for which application threads were stopped: 0.0051057 seconds, Stopping threads took: 0.0000197 seconds
206.254: [GC (Allocation Failure)  948649K->626057K(1030144K), 0.0046206 secs]
206.258: Total time for which application threads were stopped: 0.0048118 seconds, Stopping threads took: 0.0000443 seconds
206.326: [GC (Allocation Failure)  948617K->626121K(1034752K), 0.0048800 secs]
206.331: Total time for which application threads were stopped: 0.0050501 seconds, Stopping threads took: 0.0000193 seconds
206.398: [GC (Allocation Failure)  947657K->634091K(1029120K), 0.0050305 secs]
206.403: Total time for which application threads were stopped: 0.0052008 seconds, Stopping threads took: 0.0000196 seconds
206.472: [GC (Allocation Failure)  955627K->634059K(1034240K), 0.0054867 secs]
206.477: Total time for which application threads were stopped: 0.0056596 seconds, Stopping threads took: 0.0000195 seconds
206.545: [GC (Allocation Failure)  954571K->634347K(1034240K), 0.0049257 secs]
206.550: Total time for which application threads were stopped: 0.0050799 seconds, Stopping threads took: 0.0000183 seconds
206.618: [GC (Allocation Failure)  954859K->642126K(1034240K), 0.0047768 secs]
206.623: Total time for which application threads were stopped: 0.0049521 seconds, Stopping threads took: 0.0000203 seconds
206.691: [GC (Allocation Failure)  962638K->642158K(1034240K), 0.0047617 secs]
206.696: Total time for which application threads were stopped: 0.0049643 seconds, Stopping threads took: 0.0000195 seconds
206.763: [GC (Allocation Failure)  962670K->642574K(1033216K), 0.0048613 secs]
206.768: Total time for which application threads were stopped: 0.0050312 seconds, Stopping threads took: 0.0000201 seconds
206.836: [GC (Allocation Failure)  962062K->650192K(1033728K), 0.0047983 secs]
206.841: Total time for which application threads were stopped: 0.0049708 seconds, Stopping threads took: 0.0000195 seconds
206.908: [GC (Allocation Failure)  969680K->650160K(1033728K), 0.0049476 secs]
206.913: Total time for which application threads were stopped: 0.0051277 seconds, Stopping threads took: 0.0000207 seconds
206.978: [GC (Allocation Failure)  969648K->650256K(1033728K), 0.0056943 secs]
206.984: Total time for which application threads were stopped: 0.0058543 seconds, Stopping threads took: 0.0000192 seconds
207.052: [GC (Allocation Failure)  969744K->658194K(1033728K), 0.0047921 secs]
207.057: Total time for which application threads were stopped: 0.0049587 seconds, Stopping threads took: 0.0000198 seconds
207.124: [GC (Allocation Failure)  977682K->658162K(1033728K), 0.0066404 secs]
207.130: Total time for which application threads were stopped: 0.0068008 seconds, Stopping threads took: 0.0000185 seconds
207.198: [GC (Allocation Failure)  977650K->658258K(1033728K), 0.0051268 secs]
207.203: Total time for which application threads were stopped: 0.0053021 seconds, Stopping threads took: 0.0000197 seconds
207.271: [GC (Allocation Failure)  977746K->666228K(1027072K), 0.0048975 secs]
207.276: Total time for which application threads were stopped: 0.0050560 seconds, Stopping threads took: 0.0000265 seconds
207.341: [GC (Allocation Failure)  985716K->662322K(1034240K), 0.0040626 secs]
207.345: Total time for which application threads were stopped: 0.0042406 seconds, Stopping threads took: 0.0000249 seconds
207.413: [GC (Allocation Failure)  981810K->666380K(1033216K), 0.0048629 secs]
207.418: Total time for which application threads were stopped: 0.0050306 seconds, Stopping threads took: 0.0000192 seconds
207.485: [GC (Allocation Failure)  985868K->670348K(1034752K), 0.0048921 secs]
207.490: Total time for which application threads were stopped: 0.0050649 seconds, Stopping threads took: 0.0000205 seconds
207.558: [GC (Allocation Failure)  991884K->663562K(1034752K), 0.0023529 secs]
207.561: Total time for which application threads were stopped: 0.0025246 seconds, Stopping threads took: 0.0000203 seconds
207.629: [GC (Allocation Failure)  985098K->670412K(1034752K), 0.0048850 secs]
207.634: Total time for which application threads were stopped: 0.0050529 seconds, Stopping threads took: 0.0000204 seconds
207.700: [GC (Allocation Failure)  991948K->674492K(1034752K), 0.0059338 secs]
207.706: Total time for which application threads were stopped: 0.0061224 seconds, Stopping threads took: 0.0000204 seconds
207.773: [GC (Allocation Failure)  996028K->668922K(1034752K), 0.0030780 secs]
207.776: Total time for which application threads were stopped: 0.0032438 seconds, Stopping threads took: 0.0000258 seconds
207.843: [GC (Allocation Failure)  990458K->674796K(1034752K), 0.0049097 secs]
207.848: Total time for which application threads were stopped: 0.0050820 seconds, Stopping threads took: 0.0000253 seconds
207.916: [GC (Allocation Failure)  996332K->678636K(1035264K), 0.0051485 secs]
207.921: Total time for which application threads were stopped: 0.0052971 seconds, Stopping threads took: 0.0000169 seconds
207.989: [GC (Allocation Failure)  1001125K->674762K(1035264K), 0.0037738 secs]
207.993: Total time for which application threads were stopped: 0.0039376 seconds, Stopping threads took: 0.0000194 seconds
208.061: [GC (Allocation Failure)  997322K->678796K(1036288K), 0.0048739 secs]
208.066: Total time for which application threads were stopped: 0.0050320 seconds, Stopping threads took: 0.0000203 seconds
208.134: [GC (Allocation Failure)  1002892K->682764K(1035776K), 0.0047766 secs]
208.138: Total time for which application threads were stopped: 0.0049701 seconds, Stopping threads took: 0.0000196 seconds
208.209: [GC (Allocation Failure)  1006860K->682796K(1035776K), 0.0049199 secs]
208.214: Total time for which application threads were stopped: 0.0050895 seconds, Stopping threads took: 0.0000193 seconds
208.282: [GC (Allocation Failure)  1006380K->682828K(1023488K), 0.0047998 secs]
208.287: Total time for which application threads were stopped: 0.0049695 seconds, Stopping threads took: 0.0000277 seconds
208.353: [GC (Allocation Failure)  1006412K->690831K(1035264K), 0.0050521 secs]
208.358: Total time for which application threads were stopped: 0.0052118 seconds, Stopping threads took: 0.0000193 seconds
208.427: [GC (Allocation Failure)  1013391K->690767K(1030144K), 0.0048735 secs]
208.432: Total time for which application threads were stopped: 0.0050424 seconds, Stopping threads took: 0.0000200 seconds
208.500: [GC (Allocation Failure)  1013327K->690823K(1034752K), 0.0079891 secs]
208.508: [Full GC (Ergonomics)  690823K->8520K(1034752K), 0.0166017 secs]
208.524: Total time for which application threads were stopped: 0.0248848 seconds, Stopping threads took: 0.0000197 seconds
208.592: [GC (Allocation Failure)  330056K->16618K(1029120K), 0.0037623 secs]
208.596: Total time for which application threads were stopped: 0.0039199 seconds, Stopping threads took: 0.0000194 seconds
208.664: [GC (Allocation Failure)  338154K->16610K(1034240K), 0.0034001 secs]
208.668: Total time for which application threads were stopped: 0.0035680 seconds, Stopping threads took: 0.0000194 seconds
208.735: [GC (Allocation Failure)  337122K->16842K(1034240K), 0.0035373 secs]
208.739: Total time for which application threads were stopped: 0.0037122 seconds, Stopping threads took: 0.0000278 seconds
208.807: [GC (Allocation Failure)  337354K->24684K(1034240K), 0.0036712 secs]
208.810: Total time for which application threads were stopped: 0.0038393 seconds, Stopping threads took: 0.0000190 seconds
208.878: [GC (Allocation Failure)  345196K->24620K(1034240K), 0.0038124 secs]
208.882: Total time for which application threads were stopped: 0.0039792 seconds, Stopping threads took: 0.0000191 seconds
208.952: [GC (Allocation Failure)  345132K->25068K(1033216K), 0.0039004 secs]
208.956: Total time for which application threads were stopped: 0.0040756 seconds, Stopping threads took: 0.0000212 seconds
209.024: [GC (Allocation Failure)  344556K->32719K(1033728K), 0.0037562 secs]
209.028: Total time for which application threads were stopped: 0.0039568 seconds, Stopping threads took: 0.0000212 seconds
209.097: [GC (Allocation Failure)  352207K->32687K(1033728K), 0.0034702 secs]
209.101: Total time for which application threads were stopped: 0.0036184 seconds, Stopping threads took: 0.0000164 seconds
209.166: [GC (Allocation Failure)  352175K->32839K(1033728K), 0.0038102 secs]
209.170: Total time for which application threads were stopped: 0.0039720 seconds, Stopping threads took: 0.0000189 seconds
209.238: [GC (Allocation Failure)  352327K->40713K(1033728K), 0.0035164 secs]
209.241: Total time for which application threads were stopped: 0.0037060 seconds, Stopping threads took: 0.0000275 seconds
209.309: [GC (Allocation Failure)  360201K->40713K(1033728K), 0.0060439 secs]
209.316: Total time for which application threads were stopped: 0.0062338 seconds, Stopping threads took: 0.0000283 seconds
209.383: [GC (Allocation Failure)  360201K->40777K(1033728K), 0.0038460 secs]
209.387: Total time for which application threads were stopped: 0.0040273 seconds, Stopping threads took: 0.0000191 seconds
209.454: [GC (Allocation Failure)  360265K->48779K(1027072K), 0.0039294 secs]
209.458: Total time for which application threads were stopped: 0.0041005 seconds, Stopping threads took: 0.0000206 seconds
209.524: [GC (Allocation Failure)  368267K->44841K(1034240K), 0.0026081 secs]
209.527: Total time for which application threads were stopped: 0.0027403 seconds, Stopping threads took: 0.0000139 seconds
209.594: [GC (Allocation Failure)  364329K->48907K(1033216K), 0.0038462 secs]
209.598: Total time for which application threads were stopped: 0.0040175 seconds, Stopping threads took: 0.0000198 seconds
209.666: [GC (Allocation Failure)  368395K->52875K(1034752K), 0.0037880 secs]
209.670: Total time for which application threads were stopped: 0.0039547 seconds, Stopping threads took: 0.0000215 seconds
209.737: [GC (Allocation Failure)  374411K->46089K(1034752K), 0.0012014 secs]
209.738: Total time for which application threads were stopped: 0.0013207 seconds, Stopping threads took: 0.0000271 seconds
209.806: [GC (Allocation Failure)  367625K->52947K(1034752K), 0.0036525 secs]
209.809: Total time for which application threads were stopped: 0.0038369 seconds, Stopping threads took: 0.0000199 seconds
209.877: [GC (Allocation Failure)  374483K->56995K(1034752K), 0.0047135 secs]
209.882: Total time for which application threads were stopped: 0.0049051 seconds, Stopping threads took: 0.0000203 seconds
209.950: [GC (Allocation Failure)  378531K->51457K(1034752K), 0.0015677 secs]
209.952: Total time for which application threads were stopped: 0.0016911 seconds, Stopping threads took: 0.0000193 seconds
210.020: [GC (Allocation Failure)  372993K->57299K(1034752K), 0.0038258 secs]
210.024: Total time for which application threads were stopped: 0.0039953 seconds, Stopping threads took: 0.0000196 seconds
210.093: [GC (Allocation Failure)  378835K->61203K(1034752K), 0.0041868 secs]
210.097: Total time for which application threads were stopped: 0.0043544 seconds, Stopping threads took: 0.0000214 seconds
210.164: [GC (Allocation Failure)  383691K->57265K(1035264K), 0.0031297 secs]
210.167: Total time for which application threads were stopped: 0.0033042 seconds, Stopping threads took: 0.0000280 seconds
210.235: [GC (Allocation Failure)  379825K->61291K(1036288K), 0.0038562 secs]
210.239: Total time for which application threads were stopped: 0.0040184 seconds, Stopping threads took: 0.0000268 seconds
210.306: [GC (Allocation Failure)  385387K->65291K(1035776K), 0.0038642 secs]
210.310: Total time for which application threads were stopped: 0.0040292 seconds, Stopping threads took: 0.0000204 seconds
210.378: [GC (Allocation Failure)  389387K->65291K(1035776K), 0.0035963 secs]
210.382: Total time for which application threads were stopped: 0.0037563 seconds, Stopping threads took: 0.0000199 seconds
210.449: [GC (Allocation Failure)  388875K->65355K(1023488K), 0.0036884 secs]
210.453: Total time for which application threads were stopped: 0.0038689 seconds, Stopping threads took: 0.0000213 seconds
210.521: [GC (Allocation Failure)  388939K->73325K(1035264K), 0.0046458 secs]
210.525: Total time for which application threads were stopped: 0.0048318 seconds, Stopping threads took: 0.0000202 seconds
210.594: [GC (Allocation Failure)  395885K->73325K(1030144K), 0.0036347 secs]
210.598: Total time for which application threads were stopped: 0.0038152 seconds, Stopping threads took: 0.0000209 seconds
210.667: [GC (Allocation Failure)  395885K->73389K(1034752K), 0.0039084 secs]
210.671: Total time for which application threads were stopped: 0.0040869 seconds, Stopping threads took: 0.0000207 seconds
210.738: [GC (Allocation Failure)  394925K->81360K(1034752K), 0.0039753 secs]
210.742: Total time for which application threads were stopped: 0.0041589 seconds, Stopping threads took: 0.0000256 seconds
210.810: [GC (Allocation Failure)  402896K->81360K(1033728K), 0.0037444 secs]
210.814: Total time for which application threads were stopped: 0.0039617 seconds, Stopping threads took: 0.0000220 seconds
210.880: [GC (Allocation Failure)  401872K->81584K(1034240K), 0.0043731 secs]
210.885: Total time for which application threads were stopped: 0.0045322 seconds, Stopping threads took: 0.0000199 seconds
210.955: [GC (Allocation Failure)  402096K->89426K(1034240K), 0.0038026 secs]
210.958: Total time for which application threads were stopped: 0.0039745 seconds, Stopping threads took: 0.0000201 seconds
211.027: [GC (Allocation Failure)  409938K->89426K(1034240K), 0.0038392 secs]
211.031: Total time for which application threads were stopped: 0.0040185 seconds, Stopping threads took: 0.0000201 seconds
211.098: [GC (Allocation Failure)  409938K->89802K(1033216K), 0.0038718 secs]
211.102: Total time for which application threads were stopped: 0.0040640 seconds, Stopping threads took: 0.0000207 seconds
211.171: [GC (Allocation Failure)  409290K->97420K(1033728K), 0.0039050 secs]
211.175: Total time for which application threads were stopped: 0.0040639 seconds, Stopping threads took: 0.0000187 seconds
211.243: [GC (Allocation Failure)  416908K->97452K(1033728K), 0.0035722 secs]
211.246: Total time for which application threads were stopped: 0.0037776 seconds, Stopping threads took: 0.0000192 seconds
211.313: [GC (Allocation Failure)  416940K->97580K(1033728K), 0.0037774 secs]
211.317: Total time for which application threads were stopped: 0.0039334 seconds, Stopping threads took: 0.0000159 seconds
211.384: [GC (Allocation Failure)  417068K->105454K(1033728K), 0.0036741 secs]
211.388: Total time for which application threads were stopped: 0.0038445 seconds, Stopping threads took: 0.0000192 seconds
211.454: [GC (Allocation Failure)  424942K->105454K(1033728K), 0.0038610 secs]
211.458: Total time for which application threads were stopped: 0.0040394 seconds, Stopping threads took: 0.0000197 seconds
211.526: [GC (Allocation Failure)  424942K->105510K(1033728K), 0.0036869 secs]
211.530: Total time for which application threads were stopped: 0.0038217 seconds, Stopping threads took: 0.0000142 seconds
211.596: [GC (Allocation Failure)  424998K->113481K(1027072K), 0.0038724 secs]
211.600: Total time for which application threads were stopped: 0.0040426 seconds, Stopping threads took: 0.0000197 seconds
211.665: [GC (Allocation Failure)  432968K->109574K(1034240K), 0.0026980 secs]
211.668: Total time for which application threads were stopped: 0.0028498 seconds, Stopping threads took: 0.0000201 seconds
211.735: [GC (Allocation Failure)  429062K->113641K(1033216K), 0.0039393 secs]
211.739: Total time for which application threads were stopped: 0.0041102 seconds, Stopping threads took: 0.0000256 seconds
211.809: [GC (Allocation Failure)  433129K->117641K(1034752K), 0.0038245 secs]
211.813: Total time for which application threads were stopped: 0.0040185 seconds, Stopping threads took: 0.0000196 seconds
211.880: [GC (Allocation Failure)  439177K->110822K(1034752K), 0.0012626 secs]
211.882: Total time for which application threads were stopped: 0.0013810 seconds, Stopping threads took: 0.0000191 seconds
211.949: [GC (Allocation Failure)  432358K->117673K(1034752K), 0.0038135 secs]
211.953: Total time for which application threads were stopped: 0.0039838 seconds, Stopping threads took: 0.0000192 seconds
212.018: [GC (Allocation Failure)  439209K->121785K(1034752K), 0.0048254 secs]
212.023: Total time for which application threads were stopped: 0.0050150 seconds, Stopping threads took: 0.0000187 seconds
212.090: [GC (Allocation Failure)  443321K->116182K(1034752K), 0.0017140 secs]
212.092: Total time for which application threads were stopped: 0.0018482 seconds, Stopping threads took: 0.0000166 seconds
212.159: [GC (Allocation Failure)  437718K->121993K(1034752K), 0.0037686 secs]
212.163: Total time for which application threads were stopped: 0.0039296 seconds, Stopping threads took: 0.0000194 seconds
212.230: [GC (Allocation Failure)  443529K->125929K(1035264K), 0.0041027 secs]
212.234: Total time for which application threads were stopped: 0.0042697 seconds, Stopping threads took: 0.0000264 seconds
212.301: [GC (Allocation Failure)  448417K->121990K(1035264K), 0.0026628 secs]
212.304: Total time for which application threads were stopped: 0.0028321 seconds, Stopping threads took: 0.0000213 seconds
212.374: [GC (Allocation Failure)  444550K->126057K(1036288K), 0.0038670 secs]
212.378: Total time for which application threads were stopped: 0.0040332 seconds, Stopping threads took: 0.0000193 seconds
212.446: [GC (Allocation Failure)  450153K->130025K(1035776K), 0.0037363 secs]
212.450: Total time for which application threads were stopped: 0.0039065 seconds, Stopping threads took: 0.0000204 seconds
212.520: [GC (Allocation Failure)  454121K->129993K(1035776K), 0.0045981 secs]
212.524: Total time for which application threads were stopped: 0.0047926 seconds, Stopping threads took: 0.0000264 seconds
212.592: [GC (Allocation Failure)  453577K->130089K(1023488K), 0.0040048 secs]
212.596: Total time for which application threads were stopped: 0.0041915 seconds, Stopping threads took: 0.0000197 seconds
212.663: [GC (Allocation Failure)  453673K->138091K(1035264K), 0.0038634 secs]
212.667: Total time for which application threads were stopped: 0.0040275 seconds, Stopping threads took: 0.0000195 seconds
212.735: [GC (Allocation Failure)  460651K->138059K(1030144K), 0.0036497 secs]
212.739: Total time for which application threads were stopped: 0.0038246 seconds, Stopping threads took: 0.0000264 seconds
212.807: [GC (Allocation Failure)  460619K->138123K(1034752K), 0.0039791 secs]
212.811: Total time for which application threads were stopped: 0.0041407 seconds, Stopping threads took: 0.0000200 seconds
212.880: [GC (Allocation Failure)  459659K->146093K(1034752K), 0.0041960 secs]
212.884: Total time for which application threads were stopped: 0.0043755 seconds, Stopping threads took: 0.0000209 seconds
212.952: [GC (Allocation Failure)  467629K->146093K(1033728K), 0.0036133 secs]
212.956: Total time for which application threads were stopped: 0.0037799 seconds, Stopping threads took: 0.0000198 seconds
213.022: [GC (Allocation Failure)  466605K->146309K(1034240K), 0.0038305 secs]
213.026: Total time for which application threads were stopped: 0.0039885 seconds, Stopping threads took: 0.0000196 seconds
213.094: [GC (Allocation Failure)  466821K->154119K(1034240K), 0.0037390 secs]
213.098: Total time for which application threads were stopped: 0.0039322 seconds, Stopping threads took: 0.0000194 seconds
213.168: [GC (Allocation Failure)  474631K->154119K(1034240K), 0.0038616 secs]
213.172: Total time for which application threads were stopped: 0.0040309 seconds, Stopping threads took: 0.0000202 seconds
213.239: [GC (Allocation Failure)  474631K->154567K(1033216K), 0.0037730 secs]
213.243: Total time for which application threads were stopped: 0.0039404 seconds, Stopping threads took: 0.0000258 seconds
213.310: [GC (Allocation Failure)  474055K->162154K(1033728K), 0.0040438 secs]
213.314: Total time for which application threads were stopped: 0.0042227 seconds, Stopping threads took: 0.0000199 seconds
213.382: [GC (Allocation Failure)  481642K->162122K(1033728K), 0.0037652 secs]
213.386: Total time for which application threads were stopped: 0.0039391 seconds, Stopping threads took: 0.0000206 seconds
213.451: [GC (Allocation Failure)  481610K->162314K(1033728K), 0.0039033 secs]
213.455: Total time for which application threads were stopped: 0.0040789 seconds, Stopping threads took: 0.0000208 seconds
213.524: [GC (Allocation Failure)  481802K->170188K(1033728K), 0.0111055 secs]
213.535: Total time for which application threads were stopped: 0.0112895 seconds, Stopping threads took: 0.0000140 seconds
213.604: [GC (Allocation Failure)  489676K->170188K(1033728K), 0.0040170 secs]
213.608: Total time for which application threads were stopped: 0.0041863 seconds, Stopping threads took: 0.0000196 seconds
213.675: [GC (Allocation Failure)  489676K->170252K(1033728K), 0.0041120 secs]
213.679: Total time for which application threads were stopped: 0.0043087 seconds, Stopping threads took: 0.0000243 seconds
213.746: [GC (Allocation Failure)  489740K->178222K(1027072K), 0.0052355 secs]
213.752: Total time for which application threads were stopped: 0.0053981 seconds, Stopping threads took: 0.0000271 seconds
213.817: [GC (Allocation Failure)  497710K->174316K(1034240K), 0.0036297 secs]
213.820: Total time for which application threads were stopped: 0.0037830 seconds, Stopping threads took: 0.0000202 seconds
213.888: [GC (Allocation Failure)  493804K->178382K(1033216K), 0.0041489 secs]
213.892: Total time for which application threads were stopped: 0.0043181 seconds, Stopping threads took: 0.0000192 seconds
213.960: [GC (Allocation Failure)  497870K->182350K(1034752K), 0.0040238 secs]
213.964: Total time for which application threads were stopped: 0.0042017 seconds, Stopping threads took: 0.0000204 seconds
214.033: [GC (Allocation Failure)  503886K->175564K(1034752K), 0.0013343 secs]
214.034: Total time for which application threads were stopped: 0.0014572 seconds, Stopping threads took: 0.0000202 seconds
214.103: [GC (Allocation Failure)  497100K->182390K(1034752K), 0.0040272 secs]
214.107: Total time for which application threads were stopped: 0.0041941 seconds, Stopping threads took: 0.0000190 seconds
214.173: [GC (Allocation Failure)  503926K->186534K(1034752K), 0.0049731 secs]
214.178: Total time for which application threads were stopped: 0.0051596 seconds, Stopping threads took: 0.0000193 seconds
214.244: [GC (Allocation Failure)  508070K->180964K(1034752K), 0.0019032 secs]
214.246: Total time for which application threads were stopped: 0.0020490 seconds, Stopping threads took: 0.0000257 seconds
214.313: [GC (Allocation Failure)  502500K->186766K(1034752K), 0.0040729 secs]
214.317: Total time for which application threads were stopped: 0.0042319 seconds, Stopping threads took: 0.0000190 seconds
214.384: [GC (Allocation Failure)  508302K->190638K(1034752K), 0.0042580 secs]
214.389: Total time for which application threads were stopped: 0.0044260 seconds, Stopping threads took: 0.0000199 seconds
214.455: [GC (Allocation Failure)  513127K->186732K(1035264K), 0.0028392 secs]
214.458: Total time for which application threads were stopped: 0.0030036 seconds, Stopping threads took: 0.0000272 seconds
214.527: [GC (Allocation Failure)  509292K->190798K(1036288K), 0.0039525 secs]
214.531: Total time for which application threads were stopped: 0.0041160 seconds, Stopping threads took: 0.0000172 seconds
214.599: [GC (Allocation Failure)  514894K->194766K(1035776K), 0.0039992 secs]
214.603: Total time for which application threads were stopped: 0.0041755 seconds, Stopping threads took: 0.0000281 seconds
214.671: [GC (Allocation Failure)  518862K->194798K(1035776K), 0.0037942 secs]
214.675: Total time for which application threads were stopped: 0.0039633 seconds, Stopping threads took: 0.0000198 seconds
214.743: [GC (Allocation Failure)  518382K->194822K(1023488K), 0.0041323 secs]
214.747: Total time for which application threads were stopped: 0.0042912 seconds, Stopping threads took: 0.0000259 seconds
214.813: [GC (Allocation Failure)  518406K->202793K(1035264K), 0.0039516 secs]
214.817: Total time for which application threads were stopped: 0.0041122 seconds, Stopping threads took: 0.0000198 seconds
214.885: [GC (Allocation Failure)  525353K->202793K(1030144K), 0.0040098 secs]
214.889: Total time for which application threads were stopped: 0.0041785 seconds, Stopping threads took: 0.0000198 seconds
214.956: [GC (Allocation Failure)  525353K->202857K(1034752K), 0.0040972 secs]
214.960: Total time for which application threads were stopped: 0.0042717 seconds, Stopping threads took: 0.0000207 seconds
215.028: [GC (Allocation Failure)  524393K->210827K(1034752K), 0.0042098 secs]
215.032: Total time for which application threads were stopped: 0.0043802 seconds, Stopping threads took: 0.0000204 seconds
215.100: [GC (Allocation Failure)  532363K->210859K(1033728K), 0.0037543 secs]
215.104: Total time for which application threads were stopped: 0.0039330 seconds, Stopping threads took: 0.0000197 seconds
215.170: [GC (Allocation Failure)  531371K->211083K(1034240K), 0.0039911 secs]
215.175: Total time for which application threads were stopped: 0.0041493 seconds, Stopping threads took: 0.0000200 seconds
215.244: [GC (Allocation Failure)  531595K->218861K(1034240K), 0.0037945 secs]
215.248: Total time for which application threads were stopped: 0.0039600 seconds, Stopping threads took: 0.0000257 seconds
215.317: [GC (Allocation Failure)  539373K->218893K(1034240K), 0.0041572 secs]
215.321: Total time for which application threads were stopped: 0.0043314 seconds, Stopping threads took: 0.0000277 seconds
215.388: [GC (Allocation Failure)  539405K->219309K(1033216K), 0.0040295 secs]
215.392: Total time for which application threads were stopped: 0.0042390 seconds, Stopping threads took: 0.0000191 seconds
215.461: [GC (Allocation Failure)  538797K->226895K(1033728K), 0.0041369 secs]
215.465: Total time for which application threads were stopped: 0.0042968 seconds, Stopping threads took: 0.0000193 seconds
215.533: [GC (Allocation Failure)  546383K->226863K(1033728K), 0.0040650 secs]
215.537: Total time for which application threads were stopped: 0.0042358 seconds, Stopping threads took: 0.0000186 seconds
215.604: [GC (Allocation Failure)  546351K->227015K(1033728K), 0.0042772 secs]
215.608: Total time for which application threads were stopped: 0.0044712 seconds, Stopping threads took: 0.0000195 seconds
215.677: [GC (Allocation Failure)  546503K->234954K(1033728K), 0.0040000 secs]
215.681: Total time for which application threads were stopped: 0.0041660 seconds, Stopping threads took: 0.0000165 seconds
215.751: [GC (Allocation Failure)  554442K->234890K(1033728K), 0.0039105 secs]
215.755: Total time for which application threads were stopped: 0.0040818 seconds, Stopping threads took: 0.0000277 seconds
215.822: [GC (Allocation Failure)  554378K->234986K(1033728K), 0.0040282 secs]
215.826: Total time for which application threads were stopped: 0.0042269 seconds, Stopping threads took: 0.0000258 seconds
215.894: [GC (Allocation Failure)  554474K->242956K(1027072K), 0.0042700 secs]
215.899: Total time for which application threads were stopped: 0.0044289 seconds, Stopping threads took: 0.0000190 seconds
215.964: [GC (Allocation Failure)  562443K->239050K(1034240K), 0.0029292 secs]
215.967: Total time for which application threads were stopped: 0.0030904 seconds, Stopping threads took: 0.0000193 seconds
216.036: [GC (Allocation Failure)  558538K->243116K(1033216K), 0.0042613 secs]
216.040: Total time for which application threads were stopped: 0.0044302 seconds, Stopping threads took: 0.0000193 seconds
216.108: [GC (Allocation Failure)  562604K->247084K(1034752K), 0.0041770 secs]
216.112: Total time for which application threads were stopped: 0.0043462 seconds, Stopping threads took: 0.0000199 seconds
216.178: [GC (Allocation Failure)  568620K->240330K(1034752K), 0.0015362 secs]
216.180: Total time for which application threads were stopped: 0.0016647 seconds, Stopping threads took: 0.0000196 seconds
216.249: [GC (Allocation Failure)  561866K->247156K(1034752K), 0.0039437 secs]
216.253: Total time for which application threads were stopped: 0.0041022 seconds, Stopping threads took: 0.0000261 seconds
216.319: [GC (Allocation Failure)  568692K->251268K(1034752K), 0.0049650 secs]
216.324: Total time for which application threads were stopped: 0.0051268 seconds, Stopping threads took: 0.0000195 seconds
216.389: [GC (Allocation Failure)  572804K->245698K(1034752K), 0.0020304 secs]
216.392: Total time for which application threads were stopped: 0.0022025 seconds, Stopping threads took: 0.0000202 seconds
216.460: [GC (Allocation Failure)  567234K->251532K(1034752K), 0.0041967 secs]
216.465: Total time for which application threads were stopped: 0.0043783 seconds, Stopping threads took: 0.0000208 seconds
216.534: [GC (Allocation Failure)  573068K->255372K(1034752K), 0.0045477 secs]
216.539: Total time for which application threads were stopped: 0.0047081 seconds, Stopping threads took: 0.0000198 seconds
216.607: [GC (Allocation Failure)  577860K->251466K(1035264K), 0.0028322 secs]
216.610: Total time for which application threads were stopped: 0.0029896 seconds, Stopping threads took: 0.0000198 seconds
216.678: [GC (Allocation Failure)  574026K->255532K(1036288K), 0.0042565 secs]
216.683: Total time for which application threads were stopped: 0.0044373 seconds, Stopping threads took: 0.0000205 seconds
216.751: [GC (Allocation Failure)  579628K->259532K(1035776K), 0.0040356 secs]
216.755: Total time for which application threads were stopped: 0.0041993 seconds, Stopping threads took: 0.0000205 seconds
216.824: [GC (Allocation Failure)  583628K->259500K(1035776K), 0.0038733 secs]
216.828: Total time for which application threads were stopped: 0.0040331 seconds, Stopping threads took: 0.0000203 seconds
216.897: [GC (Allocation Failure)  583084K->259556K(1023488K), 0.0044656 secs]
216.901: Total time for which application threads were stopped: 0.0046256 seconds, Stopping threads took: 0.0000197 seconds
216.967: [GC (Allocation Failure)  583140K->267526K(1035264K), 0.0042666 secs]
216.972: Total time for which application threads were stopped: 0.0044698 seconds, Stopping threads took: 0.0000199 seconds
217.039: [GC (Allocation Failure)  590086K->267526K(1030144K), 0.0040763 secs]
217.043: Total time for which application threads were stopped: 0.0042429 seconds, Stopping threads took: 0.0000191 seconds
217.110: [GC (Allocation Failure)  590086K->267590K(1034752K), 0.0042169 secs]
217.115: Total time for which application threads were stopped: 0.0044056 seconds, Stopping threads took: 0.0000191 seconds
217.184: [GC (Allocation Failure)  589126K->275592K(1029120K), 0.0041710 secs]
217.188: Total time for which application threads were stopped: 0.0043298 seconds, Stopping threads took: 0.0000160 seconds
217.256: [GC (Allocation Failure)  597128K->275560K(1034240K), 0.0052168 secs]
217.261: Total time for which application threads were stopped: 0.0053798 seconds, Stopping threads took: 0.0000259 seconds
217.329: [GC (Allocation Failure)  596072K->275816K(1034240K), 0.0041714 secs]
217.333: Total time for which application threads were stopped: 0.0043408 seconds, Stopping threads took: 0.0000278 seconds
217.400: [GC (Allocation Failure)  596328K->283595K(1034240K), 0.0039637 secs]
217.404: Total time for which application threads were stopped: 0.0041351 seconds, Stopping threads took: 0.0000280 seconds
217.472: [GC (Allocation Failure)  604107K->283595K(1034240K), 0.0042075 secs]
217.476: Total time for which application threads were stopped: 0.0043704 seconds, Stopping threads took: 0.0000198 seconds
217.544: [GC (Allocation Failure)  604107K->284011K(1033216K), 0.0041222 secs]
217.548: Total time for which application threads were stopped: 0.0043007 seconds, Stopping threads took: 0.0000203 seconds
217.615: [GC (Allocation Failure)  603499K->291661K(1033728K), 0.0042857 secs]
217.620: Total time for which application threads were stopped: 0.0044600 seconds, Stopping threads took: 0.0000205 seconds
217.687: [GC (Allocation Failure)  611149K->291661K(1033728K), 0.0040664 secs]
217.691: Total time for which application threads were stopped: 0.0042392 seconds, Stopping threads took: 0.0000211 seconds
217.756: [GC (Allocation Failure)  611149K->291757K(1033728K), 0.0041882 secs]
217.760: Total time for which application threads were stopped: 0.0043684 seconds, Stopping threads took: 0.0000258 seconds
217.827: [GC (Allocation Failure)  611245K->299663K(1033728K), 0.0041320 secs]
217.832: Total time for which application threads were stopped: 0.0043045 seconds, Stopping threads took: 0.0000243 seconds
217.899: [GC (Allocation Failure)  619151K->299663K(1033728K), 0.0042216 secs]
217.903: Total time for which application threads were stopped: 0.0043930 seconds, Stopping threads took: 0.0000199 seconds
217.970: [GC (Allocation Failure)  619151K->299727K(1033728K), 0.0042919 secs]
217.974: Total time for which application threads were stopped: 0.0045003 seconds, Stopping threads took: 0.0000193 seconds
218.044: [GC (Allocation Failure)  619215K->307729K(1027072K), 0.0043822 secs]
218.048: Total time for which application threads were stopped: 0.0045741 seconds, Stopping threads took: 0.0000200 seconds
218.115: [GC (Allocation Failure)  627217K->303791K(1034240K), 0.0032330 secs]
218.118: Total time for which application threads were stopped: 0.0033969 seconds, Stopping threads took: 0.0000202 seconds
218.187: [GC (Allocation Failure)  623279K->307849K(1033216K), 0.0044407 secs]
218.192: Total time for which application threads were stopped: 0.0046112 seconds, Stopping threads took: 0.0000195 seconds
218.259: [GC (Allocation Failure)  627337K->311785K(1034752K), 0.0040727 secs]
218.263: Total time for which application threads were stopped: 0.0042471 seconds, Stopping threads took: 0.0000282 seconds
218.329: [GC (Allocation Failure)  633321K->305031K(1034752K), 0.0016897 secs]
218.331: Total time for which application threads were stopped: 0.0018324 seconds, Stopping threads took: 0.0000195 seconds
218.400: [GC (Allocation Failure)  626567K->311921K(1034752K), 0.0043209 secs]
218.404: Total time for which application threads were stopped: 0.0044982 seconds, Stopping threads took: 0.0000203 seconds
218.470: [GC (Allocation Failure)  633457K->315969K(1034752K), 0.0051722 secs]
218.475: Total time for which application threads were stopped: 0.0053320 seconds, Stopping threads took: 0.0000201 seconds
218.543: [GC (Allocation Failure)  637505K->310431K(1034752K), 0.0022255 secs]
218.546: Total time for which application threads were stopped: 0.0023731 seconds, Stopping threads took: 0.0000192 seconds
218.613: [GC (Allocation Failure)  631967K->316233K(1034752K), 0.0043774 secs]
218.617: Total time for which application threads were stopped: 0.0045385 seconds, Stopping threads took: 0.0000189 seconds
218.685: [GC (Allocation Failure)  637769K->320105K(1034752K), 0.0044952 secs]
218.689: Total time for which application threads were stopped: 0.0046681 seconds, Stopping threads took: 0.0000203 seconds
218.757: [GC (Allocation Failure)  642594K->316231K(1035264K), 0.0030046 secs]
218.760: Total time for which application threads were stopped: 0.0031746 seconds, Stopping threads took: 0.0000271 seconds
218.830: [GC (Allocation Failure)  638791K->320265K(1036288K), 0.0043094 secs]
218.834: Total time for which application threads were stopped: 0.0044587 seconds, Stopping threads took: 0.0000170 seconds
218.902: [GC (Allocation Failure)  644361K->324265K(1035776K), 0.0042089 secs]
218.906: Total time for which application threads were stopped: 0.0043737 seconds, Stopping threads took: 0.0000212 seconds
218.975: [GC (Allocation Failure)  648361K->324265K(1035776K), 0.0041343 secs]
218.980: Total time for which application threads were stopped: 0.0043027 seconds, Stopping threads took: 0.0000197 seconds
219.048: [GC (Allocation Failure)  647849K->324297K(1023488K), 0.0041939 secs]
219.052: Total time for which application threads were stopped: 0.0043657 seconds, Stopping threads took: 0.0000203 seconds
219.119: [GC (Allocation Failure)  647881K->332268K(1035264K), 0.0043994 secs]
219.123: Total time for which application threads were stopped: 0.0045721 seconds, Stopping threads took: 0.0000199 seconds
219.191: [GC (Allocation Failure)  654828K->332268K(1030144K), 0.0041271 secs]
219.196: Total time for which application threads were stopped: 0.0043203 seconds, Stopping threads took: 0.0000200 seconds
219.265: [GC (Allocation Failure)  654828K->332324K(1034752K), 0.0044177 secs]
219.269: Total time for which application threads were stopped: 0.0045861 seconds, Stopping threads took: 0.0000272 seconds
219.337: [GC (Allocation Failure)  653860K->340294K(1034752K), 0.0043430 secs]
219.341: Total time for which application threads were stopped: 0.0045364 seconds, Stopping threads took: 0.0000195 seconds
219.411: [GC (Allocation Failure)  661830K->340294K(1033728K), 0.0041633 secs]
219.415: Total time for which application threads were stopped: 0.0043203 seconds, Stopping threads took: 0.0000165 seconds
219.482: [GC (Allocation Failure)  660806K->340550K(1034240K), 0.0042880 secs]
219.486: Total time for which application threads were stopped: 0.0044638 seconds, Stopping threads took: 0.0000193 seconds
219.556: [GC (Allocation Failure)  661062K->348360K(1034240K), 0.0040954 secs]
219.560: Total time for which application threads were stopped: 0.0042432 seconds, Stopping threads took: 0.0000164 seconds
219.629: [GC (Allocation Failure)  668872K->348296K(1034240K), 0.0043365 secs]
219.634: Total time for which application threads were stopped: 0.0045123 seconds, Stopping threads took: 0.0000204 seconds
219.701: [GC (Allocation Failure)  668808K->348776K(1033216K), 0.0042875 secs]
219.705: Total time for which application threads were stopped: 0.0044585 seconds, Stopping threads took: 0.0000203 seconds
219.773: [GC (Allocation Failure)  668264K->356395K(1033728K), 0.0044585 secs]
219.777: Total time for which application threads were stopped: 0.0046432 seconds, Stopping threads took: 0.0000297 seconds
219.845: [GC (Allocation Failure)  675883K->356363K(1033728K), 0.0044759 secs]
219.849: Total time for which application threads were stopped: 0.0046447 seconds, Stopping threads took: 0.0000196 seconds
219.914: [GC (Allocation Failure)  675851K->356459K(1033728K), 0.0049203 secs]
219.919: Total time for which application threads were stopped: 0.0050755 seconds, Stopping threads took: 0.0000299 seconds
219.987: [GC (Allocation Failure)  675947K->364429K(1033728K), 0.0043192 secs]
219.991: Total time for which application threads were stopped: 0.0044848 seconds, Stopping threads took: 0.0000189 seconds
220.059: [GC (Allocation Failure)  683917K->364397K(1033728K), 0.0042285 secs]
220.063: Total time for which application threads were stopped: 0.0044293 seconds, Stopping threads took: 0.0000268 seconds
220.130: [GC (Allocation Failure)  683885K->364461K(1033728K), 0.0043715 secs]
220.134: Total time for which application threads were stopped: 0.0045439 seconds, Stopping threads took: 0.0000190 seconds
220.201: [GC (Allocation Failure)  683949K->372431K(1027072K), 0.0045844 secs]
220.205: Total time for which application threads were stopped: 0.0047525 seconds, Stopping threads took: 0.0000198 seconds
220.271: [GC (Allocation Failure)  691919K->368525K(1034240K), 0.0032781 secs]
220.274: Total time for which application threads were stopped: 0.0034356 seconds, Stopping threads took: 0.0000256 seconds
220.341: [GC (Allocation Failure)  688013K->372583K(1033216K), 0.0046707 secs]
220.346: Total time for which application threads were stopped: 0.0048246 seconds, Stopping threads took: 0.0000186 seconds
220.413: [GC (Allocation Failure)  692071K->376551K(1034752K), 0.0043445 secs]
220.417: Total time for which application threads were stopped: 0.0045037 seconds, Stopping threads took: 0.0000205 seconds
220.486: [GC (Allocation Failure)  698087K->369765K(1034752K), 0.0016773 secs]
220.487: Total time for which application threads were stopped: 0.0018318 seconds, Stopping threads took: 0.0000196 seconds
220.555: [GC (Allocation Failure)  691301K->376647K(1034752K), 0.0042040 secs]
220.559: Total time for which application threads were stopped: 0.0043736 seconds, Stopping threads took: 0.0000195 seconds
220.625: [GC (Allocation Failure)  698183K->380695K(1034752K), 0.0054341 secs]
220.631: Total time for which application threads were stopped: 0.0055919 seconds, Stopping threads took: 0.0000197 seconds
220.696: [GC (Allocation Failure)  702231K->375157K(1034752K), 0.0022674 secs]
220.698: Total time for which application threads were stopped: 0.0024127 seconds, Stopping threads took: 0.0000186 seconds
220.765: [GC (Allocation Failure)  696693K->380967K(1034752K), 0.0044637 secs]
220.770: Total time for which application threads were stopped: 0.0046410 seconds, Stopping threads took: 0.0000274 seconds
220.837: [GC (Allocation Failure)  702503K->384871K(1034752K), 0.0049108 secs]
220.842: Total time for which application threads were stopped: 0.0050773 seconds, Stopping threads took: 0.0000189 seconds
220.909: [GC (Allocation Failure)  707359K->380901K(1035264K), 0.0033646 secs]
220.912: Total time for which application threads were stopped: 0.0035203 seconds, Stopping threads took: 0.0000183 seconds
220.980: [GC (Allocation Failure)  703461K->385007K(1036288K), 0.0044394 secs]
220.984: Total time for which application threads were stopped: 0.0046005 seconds, Stopping threads took: 0.0000196 seconds
221.052: [GC (Allocation Failure)  709103K->388975K(1035776K), 0.0044408 secs]
221.056: Total time for which application threads were stopped: 0.0046078 seconds, Stopping threads took: 0.0000196 seconds
221.125: [GC (Allocation Failure)  713071K->388943K(1035776K), 0.0066061 secs]
221.132: Total time for which application threads were stopped: 0.0067725 seconds, Stopping threads took: 0.0000199 seconds
221.200: [GC (Allocation Failure)  712527K->389031K(1023488K), 0.0044647 secs]
221.204: Total time for which application threads were stopped: 0.0046538 seconds, Stopping threads took: 0.0000196 seconds
221.273: [GC (Allocation Failure)  712615K->397033K(1035264K), 0.0044902 secs]
221.278: Total time for which application threads were stopped: 0.0046612 seconds, Stopping threads took: 0.0000159 seconds
221.345: [GC (Allocation Failure)  719593K->397001K(1030144K), 0.0042086 secs]
221.350: Total time for which application threads were stopped: 0.0043869 seconds, Stopping threads took: 0.0000197 seconds
221.417: [GC (Allocation Failure)  719561K->397025K(1034752K), 0.0078299 secs]
221.425: Total time for which application threads were stopped: 0.0080189 seconds, Stopping threads took: 0.0000216 seconds
221.495: [GC (Allocation Failure)  718561K->405028K(1029120K), 0.0047443 secs]
221.500: Total time for which application threads were stopped: 0.0049343 seconds, Stopping threads took: 0.0000226 seconds
221.569: [GC (Allocation Failure)  726564K->405028K(1034240K), 0.0043852 secs]
221.574: Total time for which application threads were stopped: 0.0045433 seconds, Stopping threads took: 0.0000198 seconds
221.642: [GC (Allocation Failure)  725540K->405292K(1034240K), 0.0045253 secs]
221.647: Total time for which application threads were stopped: 0.0046955 seconds, Stopping threads took: 0.0000201 seconds
221.714: [GC (Allocation Failure)  725804K->413070K(1034240K), 0.0044190 secs]
221.719: Total time for which application threads were stopped: 0.0045892 seconds, Stopping threads took: 0.0000199 seconds
221.787: [GC (Allocation Failure)  733582K->413102K(1034240K), 0.0045496 secs]
221.792: Total time for which application threads were stopped: 0.0047270 seconds, Stopping threads took: 0.0000192 seconds
221.859: [GC (Allocation Failure)  733614K->413510K(1033216K), 0.0051063 secs]
221.864: Total time for which application threads were stopped: 0.0052739 seconds, Stopping threads took: 0.0000192 seconds
221.935: [GC (Allocation Failure)  732998K->421128K(1033728K), 0.0045311 secs]
221.939: Total time for which application threads were stopped: 0.0046871 seconds, Stopping threads took: 0.0000190 seconds
222.008: [GC (Allocation Failure)  740616K->421096K(1033728K), 0.0044641 secs]
222.013: Total time for which application threads were stopped: 0.0046449 seconds, Stopping threads took: 0.0000172 seconds
222.080: [GC (Allocation Failure)  740584K->421224K(1033728K), 0.0045001 secs]
222.084: Total time for which application threads were stopped: 0.0046891 seconds, Stopping threads took: 0.0000273 seconds
222.152: [GC (Allocation Failure)  740712K->429162K(1033728K), 0.0044518 secs]
222.157: Total time for which application threads were stopped: 0.0046235 seconds, Stopping threads took: 0.0000200 seconds
222.224: [GC (Allocation Failure)  748650K->429098K(1033728K), 0.0045909 secs]
222.229: Total time for which application threads were stopped: 0.0047553 seconds, Stopping threads took: 0.0000201 seconds
222.296: [GC (Allocation Failure)  748586K->429194K(1033728K), 0.0045023 secs]
222.301: Total time for which application threads were stopped: 0.0046683 seconds, Stopping threads took: 0.0000256 seconds
222.368: [GC (Allocation Failure)  748682K->437165K(1027072K), 0.0046988 secs]
222.372: Total time for which application threads were stopped: 0.0048655 seconds, Stopping threads took: 0.0000191 seconds
222.438: [GC (Allocation Failure)  756652K->433258K(1034240K), 0.0034814 secs]
222.441: Total time for which application threads were stopped: 0.0036354 seconds, Stopping threads took: 0.0000191 seconds
222.512: [GC (Allocation Failure)  752746K->437253K(1033216K), 0.0079243 secs]
222.520: Total time for which application threads were stopped: 0.0080959 seconds, Stopping threads took: 0.0000257 seconds
222.588: [GC (Allocation Failure)  756741K->441317K(1034752K), 0.0044857 secs]
222.593: Total time for which application threads were stopped: 0.0046778 seconds, Stopping threads took: 0.0000193 seconds
222.660: [GC (Allocation Failure)  762853K->434498K(1034752K), 0.0018589 secs]
222.662: Total time for which application threads were stopped: 0.0019963 seconds, Stopping threads took: 0.0000164 seconds
222.729: [GC (Allocation Failure)  756034K->441389K(1034752K), 0.0043583 secs]
222.734: Total time for which application threads were stopped: 0.0045272 seconds, Stopping threads took: 0.0000192 seconds
222.800: [GC (Allocation Failure)  762925K->445405K(1034752K), 0.0053265 secs]
222.805: Total time for which application threads were stopped: 0.0054951 seconds, Stopping threads took: 0.0000254 seconds
222.872: [GC (Allocation Failure)  766941K->439866K(1034752K), 0.0025452 secs]
222.874: Total time for which application threads were stopped: 0.0027087 seconds, Stopping threads took: 0.0000164 seconds
222.943: [GC (Allocation Failure)  761402K->445709K(1034752K), 0.0046332 secs]
222.948: Total time for which application threads were stopped: 0.0048051 seconds, Stopping threads took: 0.0000204 seconds
223.014: [GC (Allocation Failure)  767245K->449581K(1035264K), 0.0047633 secs]
223.019: Total time for which application threads were stopped: 0.0049387 seconds, Stopping threads took: 0.0000199 seconds
223.086: [GC (Allocation Failure)  772069K->445642K(1035264K), 0.0033245 secs]
223.089: Total time for which application threads were stopped: 0.0034832 seconds, Stopping threads took: 0.0000185 seconds
223.157: [GC (Allocation Failure)  768202K->449741K(1036288K), 0.0047125 secs]
223.162: Total time for which application threads were stopped: 0.0048834 seconds, Stopping threads took: 0.0000196 seconds
223.229: [GC (Allocation Failure)  773837K->453741K(1035776K), 0.0045236 secs]
223.234: Total time for which application threads were stopped: 0.0046965 seconds, Stopping threads took: 0.0000205 seconds
223.303: [GC (Allocation Failure)  777837K->453709K(1035776K), 0.0043269 secs]
223.307: Total time for which application threads were stopped: 0.0044870 seconds, Stopping threads took: 0.0000259 seconds
223.375: [GC (Allocation Failure)  777293K->453773K(1023488K), 0.0044088 secs]
223.379: Total time for which application threads were stopped: 0.0045794 seconds, Stopping threads took: 0.0000204 seconds
223.445: [GC (Allocation Failure)  777357K->461775K(1035264K), 0.0046422 secs]
223.450: Total time for which application threads were stopped: 0.0048169 seconds, Stopping threads took: 0.0000194 seconds
223.520: [GC (Allocation Failure)  784335K->461743K(1030144K), 0.0064091 secs]
223.527: Total time for which application threads were stopped: 0.0065749 seconds, Stopping threads took: 0.0000204 seconds
223.594: [GC (Allocation Failure)  784303K->461799K(1034752K), 0.0044731 secs]
223.599: Total time for which application threads were stopped: 0.0046375 seconds, Stopping threads took: 0.0000207 seconds
223.666: [GC (Allocation Failure)  783335K->469801K(1029120K), 0.0046982 secs]
223.671: Total time for which application threads were stopped: 0.0048626 seconds, Stopping threads took: 0.0000199 seconds
223.739: [GC (Allocation Failure)  791337K->469769K(1034240K), 0.0050009 secs]
223.744: Total time for which application threads were stopped: 0.0051557 seconds, Stopping threads took: 0.0000256 seconds
223.812: [GC (Allocation Failure)  790281K->469993K(1034240K), 0.0046060 secs]
223.816: Total time for which application threads were stopped: 0.0047818 seconds, Stopping threads took: 0.0000215 seconds
223.884: [GC (Allocation Failure)  790505K->477803K(1034240K), 0.0044915 secs]
223.889: Total time for which application threads were stopped: 0.0046617 seconds, Stopping threads took: 0.0000198 seconds
223.957: [GC (Allocation Failure)  798315K->477803K(1034240K), 0.0046669 secs]
223.962: Total time for which application threads were stopped: 0.0048635 seconds, Stopping threads took: 0.0000202 seconds
224.029: [GC (Allocation Failure)  798315K->478251K(1033216K), 0.0045763 secs]
224.033: Total time for which application threads were stopped: 0.0047363 seconds, Stopping threads took: 0.0000170 seconds
224.101: [GC (Allocation Failure)  797739K->485870K(1033728K), 0.0044957 secs]
224.106: Total time for which application threads were stopped: 0.0047153 seconds, Stopping threads took: 0.0000192 seconds
224.175: [GC (Allocation Failure)  805358K->485838K(1033728K), 0.0046476 secs]
224.180: Total time for which application threads were stopped: 0.0048120 seconds, Stopping threads took: 0.0000185 seconds
224.245: [GC (Allocation Failure)  805326K->485966K(1033728K), 0.0045100 secs]
224.250: Total time for which application threads were stopped: 0.0046808 seconds, Stopping threads took: 0.0000276 seconds
224.318: [GC (Allocation Failure)  805454K->493904K(1033728K), 0.0045784 secs]
224.322: Total time for which application threads were stopped: 0.0047586 seconds, Stopping threads took: 0.0000214 seconds
224.390: [GC (Allocation Failure)  813392K->493904K(1033728K), 0.0047214 secs]
224.395: Total time for which application threads were stopped: 0.0049040 seconds, Stopping threads took: 0.0000202 seconds
224.462: [GC (Allocation Failure)  813392K->493896K(1032704K), 0.0052311 secs]
224.467: Total time for which application threads were stopped: 0.0053914 seconds, Stopping threads took: 0.0000196 seconds
224.537: [GC (Allocation Failure)  812360K->501898K(1033216K), 0.0045736 secs]
224.541: Total time for which application threads were stopped: 0.0047339 seconds, Stopping threads took: 0.0000197 seconds
224.608: [GC (Allocation Failure)  820362K->496328K(1033728K), 0.0025676 secs]
224.610: Total time for which application threads were stopped: 0.0027210 seconds, Stopping threads took: 0.0000204 seconds
224.677: [GC (Allocation Failure)  815304K->502186K(1033216K), 0.0046996 secs]
224.682: Total time for which application threads were stopped: 0.0048848 seconds, Stopping threads took: 0.0000212 seconds
224.749: [GC (Allocation Failure)  821162K->506050K(1034240K), 0.0048512 secs]
224.754: Total time for which application threads were stopped: 0.0050180 seconds, Stopping threads took: 0.0000266 seconds
224.821: [GC (Allocation Failure)  826562K->511936K(1034240K), 0.0090899 secs]
224.830: Total time for which application threads were stopped: 0.0092790 seconds, Stopping threads took: 0.0000278 seconds
224.899: [GC (Allocation Failure)  832448K->506210K(1030144K), 0.0048412 secs]
224.904: Total time for which application threads were stopped: 0.0050006 seconds, Stopping threads took: 0.0000193 seconds
224.970: [GC (Allocation Failure)  822626K->506050K(1032192K), 0.0046988 secs]
224.975: Total time for which application threads were stopped: 0.0048677 seconds, Stopping threads took: 0.0000197 seconds
225.042: [GC (Allocation Failure)  822466K->501920K(1033216K), 0.0030174 secs]
225.045: Total time for which application threads were stopped: 0.0031862 seconds, Stopping threads took: 0.0000196 seconds
225.112: [GC (Allocation Failure)  819872K->506146K(1032704K), 0.0065925 secs]
225.119: Total time for which application threads were stopped: 0.0067636 seconds, Stopping threads took: 0.0000200 seconds
225.186: [GC (Allocation Failure)  824098K->506050K(1033728K), 0.0047606 secs]
225.191: Total time for which application threads were stopped: 0.0049394 seconds, Stopping threads took: 0.0000196 seconds
225.259: [GC (Allocation Failure)  825026K->509642K(1033216K), 0.0053216 secs]
225.264: Total time for which application threads were stopped: 0.0054846 seconds, Stopping threads took: 0.0000253 seconds
225.332: [GC (Allocation Failure)  828618K->514125K(1034240K), 0.0045795 secs]
225.336: Total time for which application threads were stopped: 0.0047288 seconds, Stopping threads took: 0.0000172 seconds
225.402: [GC (Allocation Failure)  834125K->514061K(1033728K), 0.0047102 secs]
225.407: Total time for which application threads were stopped: 0.0048742 seconds, Stopping threads took: 0.0000202 seconds
225.471: [GC (Allocation Failure)  834061K->517421K(1034240K), 0.0054659 secs]
225.477: Total time for which application threads were stopped: 0.0056519 seconds, Stopping threads took: 0.0000208 seconds
225.547: [GC (Allocation Failure)  837933K->522127K(1034240K), 0.0045265 secs]
225.552: Total time for which application threads were stopped: 0.0047077 seconds, Stopping threads took: 0.0000197 seconds
225.620: [GC (Allocation Failure)  842639K->522127K(1034752K), 0.0044984 secs]
225.624: Total time for which application threads were stopped: 0.0046613 seconds, Stopping threads took: 0.0000198 seconds
225.690: [GC (Allocation Failure)  843663K->524583K(1034752K), 0.0051109 secs]
225.695: Total time for which application threads were stopped: 0.0052729 seconds, Stopping threads took: 0.0000187 seconds
225.764: [GC (Allocation Failure)  846119K->530153K(1034752K), 0.0053706 secs]
225.769: Total time for which application threads were stopped: 0.0055599 seconds, Stopping threads took: 0.0000262 seconds
225.836: [GC (Allocation Failure)  851689K->530153K(1034752K), 0.0046970 secs]
225.841: Total time for which application threads were stopped: 0.0048881 seconds, Stopping threads took: 0.0000219 seconds
225.908: [GC (Allocation Failure)  851689K->533833K(1035264K), 0.0055500 secs]
225.914: Total time for which application threads were stopped: 0.0057188 seconds, Stopping threads took: 0.0000182 seconds
225.981: [GC (Allocation Failure)  855881K->538219K(1034752K), 0.0048206 secs]
225.986: Total time for which application threads were stopped: 0.0049933 seconds, Stopping threads took: 0.0000199 seconds
226.056: [GC (Allocation Failure)  860267K->538187K(1035264K), 0.0046013 secs]
226.061: Total time for which application threads were stopped: 0.0047507 seconds, Stopping threads took: 0.0000168 seconds
226.128: [GC (Allocation Failure)  860747K->541067K(1035264K), 0.0052289 secs]
226.133: Total time for which application threads were stopped: 0.0053889 seconds, Stopping threads took: 0.0000192 seconds
226.201: [GC (Allocation Failure)  863627K->546350K(1035264K), 0.0046248 secs]
226.206: Total time for which application threads were stopped: 0.0048059 seconds, Stopping threads took: 0.0000196 seconds
226.274: [GC (Allocation Failure)  868910K->546254K(1035264K), 0.0052871 secs]
226.280: Total time for which application threads were stopped: 0.0054523 seconds, Stopping threads took: 0.0000197 seconds
226.347: [GC (Allocation Failure)  868814K->549294K(1035264K), 0.0053295 secs]
226.352: Total time for which application threads were stopped: 0.0055053 seconds, Stopping threads took: 0.0000279 seconds
226.420: [GC (Allocation Failure)  871854K->554288K(1035264K), 0.0046052 secs]
226.425: Total time for which application threads were stopped: 0.0047706 seconds, Stopping threads took: 0.0000198 seconds
226.494: [GC (Allocation Failure)  876848K->554256K(1035264K), 0.0047602 secs]
226.498: Total time for which application threads were stopped: 0.0049543 seconds, Stopping threads took: 0.0000205 seconds
226.568: [GC (Allocation Failure)  876816K->549486K(1035264K), 0.0028534 secs]
226.571: Total time for which application threads were stopped: 0.0030254 seconds, Stopping threads took: 0.0000206 seconds
226.639: [GC (Allocation Failure)  872046K->554480K(1035264K), 0.0046636 secs]
226.644: Total time for which application threads were stopped: 0.0048348 seconds, Stopping threads took: 0.0000203 seconds
226.711: [GC (Allocation Failure)  877040K->554256K(1035264K), 0.0046738 secs]
226.716: Total time for which application threads were stopped: 0.0048534 seconds, Stopping threads took: 0.0000203 seconds
226.786: [GC (Allocation Failure)  876816K->553774K(1035776K), 0.0045010 secs]
226.791: Total time for which application threads were stopped: 0.0046574 seconds, Stopping threads took: 0.0000277 seconds
226.860: [GC (Allocation Failure)  876846K->554480K(1035264K), 0.0047098 secs]
226.865: Total time for which application threads were stopped: 0.0048607 seconds, Stopping threads took: 0.0000163 seconds
226.933: [GC (Allocation Failure)  877552K->554256K(1035776K), 0.0046084 secs]
226.937: Total time for which application threads were stopped: 0.0047768 seconds, Stopping threads took: 0.0000202 seconds
227.005: [GC (Allocation Failure)  877840K->560094K(1035776K), 0.0073022 secs]
227.012: Total time for which application threads were stopped: 0.0074951 seconds, Stopping threads took: 0.0000186 seconds
227.082: [GC (Allocation Failure)  883678K->555520K(1032704K), 0.0048026 secs]
227.086: Total time for which application threads were stopped: 0.0049848 seconds, Stopping threads took: 0.0000195 seconds
227.154: [GC (Allocation Failure)  876032K->555360K(1034240K), 0.0047599 secs]
227.159: Total time for which application threads were stopped: 0.0049760 seconds, Stopping threads took: 0.0000361 seconds
227.229: [GC (Allocation Failure)  875872K->562422K(1030656K), 0.0077340 secs]
227.237: Total time for which application threads were stopped: 0.0079243 seconds, Stopping threads took: 0.0000184 seconds
227.305: [GC (Allocation Failure)  879862K->556760K(1032704K), 0.0047179 secs]
227.310: Total time for which application threads were stopped: 0.0049104 seconds, Stopping threads took: 0.0000194 seconds
227.378: [GC (Allocation Failure)  874200K->556696K(1033728K), 0.0045960 secs]
227.383: Total time for which application threads were stopped: 0.0047696 seconds, Stopping threads took: 0.0000203 seconds
227.450: [GC (Allocation Failure)  875672K->554262K(1033216K), 0.0038303 secs]
227.454: Total time for which application threads were stopped: 0.0040276 seconds, Stopping threads took: 0.0000209 seconds
227.524: [GC (Allocation Failure)  873238K->556664K(1034752K), 0.0045861 secs]
227.528: Total time for which application threads were stopped: 0.0047361 seconds, Stopping threads took: 0.0000145 seconds
227.596: [GC (Allocation Failure)  877688K->556664K(1034240K), 0.0047092 secs]
227.601: Total time for which application threads were stopped: 0.0048790 seconds, Stopping threads took: 0.0000205 seconds
227.667: [GC (Allocation Failure)  877688K->551894K(1034240K), 0.0028012 secs]
227.670: Total time for which application threads were stopped: 0.0029937 seconds, Stopping threads took: 0.0000203 seconds
227.740: [GC (Allocation Failure)  873430K->556888K(1034752K), 0.0048132 secs]
227.745: Total time for which application threads were stopped: 0.0049683 seconds, Stopping threads took: 0.0000170 seconds
227.813: [GC (Allocation Failure)  878424K->556632K(1035776K), 0.0046901 secs]
227.817: Total time for which application threads were stopped: 0.0048593 seconds, Stopping threads took: 0.0000200 seconds
227.883: [GC (Allocation Failure)  879704K->554614K(1035264K), 0.0038702 secs]
227.887: Total time for which application threads were stopped: 0.0040322 seconds, Stopping threads took: 0.0000195 seconds
227.955: [GC (Allocation Failure)  877686K->556824K(1036288K), 0.0048107 secs]
227.960: Total time for which application threads were stopped: 0.0050058 seconds, Stopping threads took: 0.0000194 seconds
228.030: [GC (Allocation Failure)  880920K->556664K(1035776K), 0.0044871 secs]
228.035: Total time for which application threads were stopped: 0.0046617 seconds, Stopping threads took: 0.0000203 seconds
228.103: [GC (Allocation Failure)  880760K->562502K(1033216K), 0.0074859 secs]
228.111: Total time for which application threads were stopped: 0.0076556 seconds, Stopping threads took: 0.0000196 seconds
228.179: [GC (Allocation Failure)  884038K->558408K(1034752K), 0.0048974 secs]
228.184: Total time for which application threads were stopped: 0.0050662 seconds, Stopping threads took: 0.0000192 seconds
228.253: [GC (Allocation Failure)  879944K->558280K(1035264K), 0.0045130 secs]
228.257: Total time for which application threads were stopped: 0.0046712 seconds, Stopping threads took: 0.0000255 seconds
228.325: [GC (Allocation Failure)  880840K->566366K(1035264K), 0.0084523 secs]
228.333: Total time for which application threads were stopped: 0.0086273 seconds, Stopping threads took: 0.0000185 seconds
228.402: [GC (Allocation Failure)  888926K->561216K(1032192K), 0.0047513 secs]
228.407: Total time for which application threads were stopped: 0.0049127 seconds, Stopping threads took: 0.0000191 seconds
228.474: [GC (Allocation Failure)  880704K->561120K(1033728K), 0.0047310 secs]
228.479: Total time for which application threads were stopped: 0.0049084 seconds, Stopping threads took: 0.0000197 seconds
228.546: [GC (Allocation Failure)  880608K->567422K(1031680K), 0.0073442 secs]
228.553: Total time for which application threads were stopped: 0.0074935 seconds, Stopping threads took: 0.0000163 seconds
228.620: [GC (Allocation Failure)  884862K->561152K(1032704K), 0.0047901 secs]
228.625: Total time for which application threads were stopped: 0.0049539 seconds, Stopping threads took: 0.0000197 seconds
228.692: [GC (Allocation Failure)  878592K->561152K(1033216K), 0.0047569 secs]
228.697: Total time for which application threads were stopped: 0.0049345 seconds, Stopping threads took: 0.0000201 seconds
228.765: [GC (Allocation Failure)  879104K->556830K(1032704K), 0.0029717 secs]
228.768: Total time for which application threads were stopped: 0.0031318 seconds, Stopping threads took: 0.0000167 seconds
228.836: [GC (Allocation Failure)  874782K->561312K(1033728K), 0.0049416 secs]
228.841: Total time for which application threads were stopped: 0.0051200 seconds, Stopping threads took: 0.0000191 seconds
228.909: [GC (Allocation Failure)  879776K->561120K(1032704K), 0.0046116 secs]
228.913: Total time for which application threads were stopped: 0.0048030 seconds, Stopping threads took: 0.0000194 seconds
228.979: [GC (Allocation Failure)  879584K->564616K(1033216K), 0.0054789 secs]
228.985: Total time for which application threads were stopped: 0.0056530 seconds, Stopping threads took: 0.0000203 seconds
229.052: [GC (Allocation Failure)  884104K->569194K(1033728K), 0.0046332 secs]
229.057: Total time for which application threads were stopped: 0.0047950 seconds, Stopping threads took: 0.0000206 seconds
229.124: [GC (Allocation Failure)  888682K->569162K(1034752K), 0.0048330 secs]
229.129: Total time for which application threads were stopped: 0.0050035 seconds, Stopping threads took: 0.0000199 seconds
229.196: [GC (Allocation Failure)  890186K->569226K(1034240K), 0.0048045 secs]
229.201: Total time for which application threads were stopped: 0.0049797 seconds, Stopping threads took: 0.0000201 seconds
229.269: [GC (Allocation Failure)  890250K->577324K(1034752K), 0.0072040 secs]
229.276: Total time for which application threads were stopped: 0.0073637 seconds, Stopping threads took: 0.0000202 seconds
229.345: [GC (Allocation Failure)  898348K->577196K(1034240K), 0.0055685 secs]
229.351: Total time for which application threads were stopped: 0.0057334 seconds, Stopping threads took: 0.0000199 seconds
229.416: [GC (Allocation Failure)  898220K->581036K(1034752K), 0.0057347 secs]
229.422: Total time for which application threads were stopped: 0.0059028 seconds, Stopping threads took: 0.0000215 seconds
229.490: [GC (Allocation Failure)  902572K->585295K(1034752K), 0.0049117 secs]
229.495: Total time for which application threads were stopped: 0.0050810 seconds, Stopping threads took: 0.0000278 seconds
229.562: [GC (Allocation Failure)  906831K->585231K(1035264K), 0.0048309 secs]
229.567: Total time for which application threads were stopped: 0.0050235 seconds, Stopping threads took: 0.0000193 seconds
229.636: [GC (Allocation Failure)  907791K->587215K(1035264K), 0.0048861 secs]
229.641: Total time for which application threads were stopped: 0.0050680 seconds, Stopping threads took: 0.0000168 seconds
229.711: [GC (Allocation Failure)  909775K->593297K(1035264K), 0.0045885 secs]
229.716: Total time for which application threads were stopped: 0.0047379 seconds, Stopping threads took: 0.0000167 seconds
229.785: [GC (Allocation Failure)  915857K->593233K(1035264K), 0.0047297 secs]
229.789: Total time for which application threads were stopped: 0.0048943 seconds, Stopping threads took: 0.0000263 seconds
229.855: [GC (Allocation Failure)  915793K->595465K(1035264K), 0.0051772 secs]
229.861: Total time for which application threads were stopped: 0.0053496 seconds, Stopping threads took: 0.0000198 seconds
229.929: [GC (Allocation Failure)  918025K->601483K(1035264K), 0.0046689 secs]
229.934: Total time for which application threads were stopped: 0.0048301 seconds, Stopping threads took: 0.0000203 seconds
230.001: [GC (Allocation Failure)  924043K->601291K(1035264K), 0.0050453 secs]
230.006: Total time for which application threads were stopped: 0.0052140 seconds, Stopping threads took: 0.0000192 seconds
230.074: [GC (Allocation Failure)  923851K->595625K(1035264K), 0.0024908 secs]
230.076: Total time for which application threads were stopped: 0.0026819 seconds, Stopping threads took: 0.0000197 seconds
230.146: [GC (Allocation Failure)  918185K->601419K(1035264K), 0.0049726 secs]
230.152: Total time for which application threads were stopped: 0.0051663 seconds, Stopping threads took: 0.0000198 seconds
230.221: [GC (Allocation Failure)  923979K->601291K(1035264K), 0.0046705 secs]
230.226: Total time for which application threads were stopped: 0.0048340 seconds, Stopping threads took: 0.0000200 seconds
230.294: [GC (Allocation Failure)  923851K->599945K(1035776K), 0.0044672 secs]
230.298: Total time for which application threads were stopped: 0.0046770 seconds, Stopping threads took: 0.0000197 seconds
230.368: [GC (Allocation Failure)  923017K->601355K(1035264K), 0.0048204 secs]
230.373: Total time for which application threads were stopped: 0.0049903 seconds, Stopping threads took: 0.0000196 seconds
230.440: [GC (Allocation Failure)  924427K->601355K(1036288K), 0.0049514 secs]
230.445: Total time for which application threads were stopped: 0.0051222 seconds, Stopping threads took: 0.0000193 seconds
230.513: [GC (Allocation Failure)  925451K->606769K(1035776K), 0.0153851 secs]
230.529: Total time for which application threads were stopped: 0.0155655 seconds, Stopping threads took: 0.0000285 seconds
230.598: [GC (Allocation Failure)  930865K->602579K(1033728K), 0.0047942 secs]
230.602: Total time for which application threads were stopped: 0.0049650 seconds, Stopping threads took: 0.0000194 seconds
230.672: [GC (Allocation Failure)  924115K->602579K(1034752K), 0.0045767 secs]
230.676: Total time for which application threads were stopped: 0.0047569 seconds, Stopping threads took: 0.0000194 seconds
230.741: [GC (Allocation Failure)  924115K->595473K(1033216K), 0.0019716 secs]
230.744: Total time for which application threads were stopped: 0.0021226 seconds, Stopping threads took: 0.0000190 seconds
230.812: [GC (Allocation Failure)  915985K->602811K(1034240K), 0.0048319 secs]
230.817: Total time for which application threads were stopped: 0.0050152 seconds, Stopping threads took: 0.0000168 seconds
230.886: [GC (Allocation Failure)  923323K->606723K(1035264K), 0.0057769 secs]
230.892: Total time for which application threads were stopped: 0.0059372 seconds, Stopping threads took: 0.0000255 seconds
230.959: [GC (Allocation Failure)  929283K->599809K(1023488K), 0.0022697 secs]
230.961: Total time for which application threads were stopped: 0.0024281 seconds, Stopping threads took: 0.0000191 seconds
231.032: [GC (Allocation Failure)  922369K->606907K(1035264K), 0.0046367 secs]
231.036: Total time for which application threads were stopped: 0.0048018 seconds, Stopping threads took: 0.0000199 seconds
231.103: [GC (Allocation Failure)  928955K->610875K(1034752K), 0.0058008 secs]
231.108: Total time for which application threads were stopped: 0.0059730 seconds, Stopping threads took: 0.0000197 seconds
231.176: [GC (Allocation Failure)  932923K->606969K(1035776K), 0.0038628 secs]
231.180: Total time for which application threads were stopped: 0.0040307 seconds, Stopping threads took: 0.0000195 seconds
231.248: [GC (Allocation Failure)  930041K->611003K(1035264K), 0.0047495 secs]
231.253: Total time for which application threads were stopped: 0.0049171 seconds, Stopping threads took: 0.0000252 seconds
231.321: [GC (Allocation Failure)  934075K->614971K(1035776K), 0.0048381 secs]
231.326: Total time for which application threads were stopped: 0.0050001 seconds, Stopping threads took: 0.0000197 seconds
231.394: [GC (Allocation Failure)  938555K->614939K(1035776K), 0.0047674 secs]
231.398: Total time for which application threads were stopped: 0.0049544 seconds, Stopping threads took: 0.0000191 seconds
231.465: [GC (Allocation Failure)  938523K->615035K(1034752K), 0.0048048 secs]
231.470: Total time for which application threads were stopped: 0.0049769 seconds, Stopping threads took: 0.0000161 seconds
231.539: [GC (Allocation Failure)  937595K->623005K(1035264K), 0.0047816 secs]
231.543: Total time for which application threads were stopped: 0.0049475 seconds, Stopping threads took: 0.0000212 seconds
231.610: [GC (Allocation Failure)  945565K->623005K(1035264K), 0.0049144 secs]
231.615: Total time for which application threads were stopped: 0.0050824 seconds, Stopping threads took: 0.0000287 seconds
231.683: [GC (Allocation Failure)  945565K->623077K(1022464K), 0.0050199 secs]
231.688: Total time for which application threads were stopped: 0.0051871 seconds, Stopping threads took: 0.0000190 seconds
231.757: [GC (Allocation Failure)  945637K->631048K(1034752K), 0.0045397 secs]
231.761: Total time for which application threads were stopped: 0.0047014 seconds, Stopping threads took: 0.0000193 seconds
231.831: [GC (Allocation Failure)  952584K->631080K(1034752K), 0.0048006 secs]
231.835: Total time for which application threads were stopped: 0.0049670 seconds, Stopping threads took: 0.0000260 seconds
231.903: [GC (Allocation Failure)  952616K->631272K(1033728K), 0.0048704 secs]
231.908: Total time for which application threads were stopped: 0.0050196 seconds, Stopping threads took: 0.0000203 seconds
231.976: [GC (Allocation Failure)  951784K->639114K(1034240K), 0.0049872 secs]
231.982: Total time for which application threads were stopped: 0.0051664 seconds, Stopping threads took: 0.0000170 seconds
232.048: [GC (Allocation Failure)  959626K->639114K(1034240K), 0.0048828 secs]
232.053: Total time for which application threads were stopped: 0.0050540 seconds, Stopping threads took: 0.0000203 seconds
232.120: [GC (Allocation Failure)  959626K->639530K(1034240K), 0.0049826 secs]
232.125: Total time for which application threads were stopped: 0.0051434 seconds, Stopping threads took: 0.0000202 seconds
232.193: [GC (Allocation Failure)  960042K->647148K(1034240K), 0.0049190 secs]
232.198: Total time for which application threads were stopped: 0.0051140 seconds, Stopping threads took: 0.0000193 seconds
232.265: [GC (Allocation Failure)  967660K->647148K(1034240K), 0.0047144 secs]
232.270: Total time for which application threads were stopped: 0.0048867 seconds, Stopping threads took: 0.0000248 seconds
232.337: [GC (Allocation Failure)  967660K->647236K(1033216K), 0.0051205 secs]
232.342: Total time for which application threads were stopped: 0.0053125 seconds, Stopping threads took: 0.0000195 seconds
232.410: [GC (Allocation Failure)  966724K->655143K(1033728K), 0.0049407 secs]
232.415: Total time for which application threads were stopped: 0.0051118 seconds, Stopping threads took: 0.0000197 seconds
232.482: [GC (Allocation Failure)  974631K->655143K(1033728K), 0.0050742 secs]
232.488: Total time for which application threads were stopped: 0.0052457 seconds, Stopping threads took: 0.0000199 seconds
232.554: [GC (Allocation Failure)  974631K->655207K(1033728K), 0.0049658 secs]
232.559: Total time for which application threads were stopped: 0.0051635 seconds, Stopping threads took: 0.0000201 seconds
232.626: [GC (Allocation Failure)  974695K->663177K(1033728K), 0.0047025 secs]
232.631: Total time for which application threads were stopped: 0.0048855 seconds, Stopping threads took: 0.0000169 seconds
232.697: [GC (Allocation Failure)  982664K->659271K(1033728K), 0.0039324 secs]
232.701: Total time for which application threads were stopped: 0.0041023 seconds, Stopping threads took: 0.0000200 seconds
232.769: [GC (Allocation Failure)  978759K->663345K(1034752K), 0.0049968 secs]
232.774: Total time for which application threads were stopped: 0.0051559 seconds, Stopping threads took: 0.0000256 seconds
232.842: [GC (Allocation Failure)  984369K->667313K(1034240K), 0.0048491 secs]
232.847: Total time for which application threads were stopped: 0.0050196 seconds, Stopping threads took: 0.0000203 seconds
232.915: [GC (Allocation Failure)  988337K->661583K(1034752K), 0.0028586 secs]
232.918: Total time for which application threads were stopped: 0.0030509 seconds, Stopping threads took: 0.0000196 seconds
232.985: [GC (Allocation Failure)  983119K->667377K(1034752K), 0.0050136 secs]
232.991: Total time for which application threads were stopped: 0.0052126 seconds, Stopping threads took: 0.0000220 seconds
233.058: [GC (Allocation Failure)  988913K->671481K(1034752K), 0.0054283 secs]
233.063: Total time for which application threads were stopped: 0.0055936 seconds, Stopping threads took: 0.0000192 seconds
233.131: [GC (Allocation Failure)  993779K->667575K(1035264K), 0.0036279 secs]
233.134: Total time for which application threads were stopped: 0.0037914 seconds, Stopping threads took: 0.0000192 seconds
233.201: [GC (Allocation Failure)  990135K->671609K(1036288K), 0.0049961 secs]
233.207: Total time for which application threads were stopped: 0.0051625 seconds, Stopping threads took: 0.0000202 seconds
233.276: [GC (Allocation Failure)  995705K->675609K(1035776K), 0.0050149 secs]
233.282: Total time for which application threads were stopped: 0.0051854 seconds, Stopping threads took: 0.0000203 seconds
233.349: [GC (Allocation Failure)  999705K->675545K(1035776K), 0.0049956 secs]
233.354: Total time for which application threads were stopped: 0.0051846 seconds, Stopping threads took: 0.0000194 seconds
233.423: [GC (Allocation Failure)  999129K->675641K(1023488K), 0.0049654 secs]
233.428: Total time for which application threads were stopped: 0.0051348 seconds, Stopping threads took: 0.0000214 seconds
233.496: [GC (Allocation Failure)  999225K->683643K(1035264K), 0.0106149 secs]
233.507: Total time for which application threads were stopped: 0.0107807 seconds, Stopping threads took: 0.0000199 seconds
233.576: [GC (Allocation Failure)  1006203K->683643K(1030144K), 0.0049385 secs]
233.581: Total time for which application threads were stopped: 0.0051441 seconds, Stopping threads took: 0.0000193 seconds
233.649: [GC (Allocation Failure)  1006203K->683675K(1034752K), 0.0050363 secs]
233.654: Total time for which application threads were stopped: 0.0052339 seconds, Stopping threads took: 0.0000203 seconds
233.723: [GC (Allocation Failure)  1005211K->691677K(1029120K), 0.0050302 secs]
233.728: Total time for which application threads were stopped: 0.0052102 seconds, Stopping threads took: 0.0000223 seconds
233.796: [GC (Allocation Failure)  1013213K->691677K(1034240K), 0.0048841 secs]
233.801: Total time for which application threads were stopped: 0.0050451 seconds, Stopping threads took: 0.0000263 seconds
233.868: [GC (Allocation Failure)  1012189K->691901K(1034240K), 0.0051096 secs]
233.873: [Full GC (Ergonomics)  691901K->8705K(1034240K), 0.0129121 secs]
233.886: Total time for which application threads were stopped: 0.0183159 seconds, Stopping threads took: 0.0000250 seconds
233.953: [GC (Allocation Failure)  329217K->17635K(1033216K), 0.0041197 secs]
233.958: Total time for which application threads were stopped: 0.0042896 seconds, Stopping threads took: 0.0000197 seconds
234.025: [GC (Allocation Failure)  337123K->17651K(1033728K), 0.0039755 secs]
234.029: Total time for which application threads were stopped: 0.0041576 seconds, Stopping threads took: 0.0000215 seconds
234.096: [GC (Allocation Failure)  337139K->18075K(1033728K), 0.0036887 secs]
234.099: Total time for which application threads were stopped: 0.0038629 seconds, Stopping threads took: 0.0000218 seconds
234.167: [GC (Allocation Failure)  337563K->25693K(1033728K), 0.0037926 secs]
234.171: Total time for which application threads were stopped: 0.0039619 seconds, Stopping threads took: 0.0000197 seconds
234.239: [GC (Allocation Failure)  345181K->25661K(1033728K), 0.0037577 secs]
234.243: Total time for which application threads were stopped: 0.0039196 seconds, Stopping threads took: 0.0000198 seconds
234.308: [GC (Allocation Failure)  345149K->25797K(1033728K), 0.0038418 secs]
234.312: Total time for which application threads were stopped: 0.0040128 seconds, Stopping threads took: 0.0000194 seconds
234.380: [GC (Allocation Failure)  345285K->33736K(1032704K), 0.0037603 secs]
234.384: Total time for which application threads were stopped: 0.0039677 seconds, Stopping threads took: 0.0000205 seconds
234.448: [GC (Allocation Failure)  352198K->29797K(1033216K), 0.0031598 secs]
234.452: Total time for which application threads were stopped: 0.0033334 seconds, Stopping threads took: 0.0000258 seconds
234.521: [GC (Allocation Failure)  348261K->33832K(1034752K), 0.0050394 secs]
234.526: Total time for which application threads were stopped: 0.0051954 seconds, Stopping threads took: 0.0000253 seconds
234.594: [GC (Allocation Failure)  354856K->37864K(1034240K), 0.0035429 secs]
234.598: Total time for which application threads were stopped: 0.0037252 seconds, Stopping threads took: 0.0000202 seconds
234.665: [GC (Allocation Failure)  358888K->31045K(1034752K), 0.0010778 secs]
234.666: Total time for which application threads were stopped: 0.0012092 seconds, Stopping threads took: 0.0000192 seconds
234.733: [GC (Allocation Failure)  352581K->37928K(1034752K), 0.0036144 secs]
234.736: Total time for which application threads were stopped: 0.0037786 seconds, Stopping threads took: 0.0000203 seconds
234.802: [GC (Allocation Failure)  359464K->41976K(1034752K), 0.0048187 secs]
234.807: Total time for which application threads were stopped: 0.0049872 seconds, Stopping threads took: 0.0000193 seconds
234.872: [GC (Allocation Failure)  363512K->36437K(1034752K), 0.0015750 secs]
234.874: Total time for which application threads were stopped: 0.0017154 seconds, Stopping threads took: 0.0000197 seconds
234.943: [GC (Allocation Failure)  357973K->42216K(1035776K), 0.0037894 secs]
234.947: Total time for which application threads were stopped: 0.0039501 seconds, Stopping threads took: 0.0000193 seconds
235.014: [GC (Allocation Failure)  364776K->46152K(1034752K), 0.0041072 secs]
235.019: Total time for which application threads were stopped: 0.0042661 seconds, Stopping threads took: 0.0000199 seconds
235.087: [GC (Allocation Failure)  368640K->42245K(1035776K), 0.0023848 secs]
235.089: Total time for which application threads were stopped: 0.0025509 seconds, Stopping threads took: 0.0000205 seconds
235.158: [GC (Allocation Failure)  365317K->46248K(1035264K), 0.0038886 secs]
235.162: Total time for which application threads were stopped: 0.0040567 seconds, Stopping threads took: 0.0000217 seconds
235.230: [GC (Allocation Failure)  369320K->50280K(1035264K), 0.0039638 secs]
235.234: Total time for which application threads were stopped: 0.0041254 seconds, Stopping threads took: 0.0000197 seconds
235.303: [GC (Allocation Failure)  373864K->50248K(1035776K), 0.0035182 secs]
235.306: Total time for which application threads were stopped: 0.0036868 seconds, Stopping threads took: 0.0000279 seconds
235.373: [GC (Allocation Failure)  373832K->50312K(1034752K), 0.0036798 secs]
235.377: Total time for which application threads were stopped: 0.0038555 seconds, Stopping threads took: 0.0000202 seconds
235.445: [GC (Allocation Failure)  372872K->58314K(1035264K), 0.0037126 secs]
235.449: Total time for which application threads were stopped: 0.0038737 seconds, Stopping threads took: 0.0000200 seconds
235.517: [GC (Allocation Failure)  380874K->58250K(1034240K), 0.0042344 secs]
235.522: Total time for which application threads were stopped: 0.0043897 seconds, Stopping threads took: 0.0000252 seconds
235.588: [GC (Allocation Failure)  379786K->58314K(1034752K), 0.0035775 secs]
235.592: Total time for which application threads were stopped: 0.0037425 seconds, Stopping threads took: 0.0000173 seconds
235.662: [GC (Allocation Failure)  379850K->66316K(1034752K), 0.0037013 secs]
235.665: Total time for which application threads were stopped: 0.0038578 seconds, Stopping threads took: 0.0000168 seconds
235.734: [GC (Allocation Failure)  387852K->66284K(1029120K), 0.0034955 secs]
235.737: Total time for which application threads were stopped: 0.0036776 seconds, Stopping threads took: 0.0000197 seconds
235.806: [GC (Allocation Failure)  387820K->66564K(1034240K), 0.0036761 secs]
235.810: Total time for which application threads were stopped: 0.0038336 seconds, Stopping threads took: 0.0000256 seconds
235.878: [GC (Allocation Failure)  387076K->74375K(1034240K), 0.0038285 secs]
235.881: Total time for which application threads were stopped: 0.0040031 seconds, Stopping threads took: 0.0000200 seconds
235.951: [GC (Allocation Failure)  394887K->74343K(1034240K), 0.0037489 secs]
235.955: Total time for which application threads were stopped: 0.0039186 seconds, Stopping threads took: 0.0000279 seconds
236.021: [GC (Allocation Failure)  394855K->74759K(1020416K), 0.0045211 secs]
236.026: Total time for which application threads were stopped: 0.0046925 seconds, Stopping threads took: 0.0000196 seconds
236.093: [GC (Allocation Failure)  395271K->82345K(1033728K), 0.0037800 secs]
236.097: Total time for which application threads were stopped: 0.0039435 seconds, Stopping threads took: 0.0000189 seconds
236.164: [GC (Allocation Failure)  401833K->82409K(1033728K), 0.0037592 secs]
236.168: Total time for which application threads were stopped: 0.0039266 seconds, Stopping threads took: 0.0000195 seconds
236.233: [GC (Allocation Failure)  401897K->82537K(1033728K), 0.0037274 secs]
236.236: Total time for which application threads were stopped: 0.0038954 seconds, Stopping threads took: 0.0000184 seconds
236.306: [GC (Allocation Failure)  402025K->90443K(1033728K), 0.0036388 secs]
236.310: Total time for which application threads were stopped: 0.0039641 seconds, Stopping threads took: 0.0000276 seconds
236.378: [GC (Allocation Failure)  409931K->90411K(1033728K), 0.0035916 secs]
236.381: Total time for which application threads were stopped: 0.0037649 seconds, Stopping threads took: 0.0000193 seconds
236.450: [GC (Allocation Failure)  409899K->90467K(1033728K), 0.0041064 secs]
236.454: Total time for which application threads were stopped: 0.0042789 seconds, Stopping threads took: 0.0000194 seconds
236.522: [GC (Allocation Failure)  409955K->98469K(1032704K), 0.0047396 secs]
236.527: Total time for which application threads were stopped: 0.0049008 seconds, Stopping threads took: 0.0000258 seconds
236.594: [GC (Allocation Failure)  416933K->92867K(1033216K), 0.0015524 secs]
236.595: Total time for which application threads were stopped: 0.0016941 seconds, Stopping threads took: 0.0000195 seconds
236.663: [GC (Allocation Failure)  411331K->98669K(1034752K), 0.0038516 secs]
236.667: Total time for which application threads were stopped: 0.0040232 seconds, Stopping threads took: 0.0000206 seconds
236.735: [GC (Allocation Failure)  419181K->102581K(1033728K), 0.0042735 secs]
236.739: Total time for which application threads were stopped: 0.0044352 seconds, Stopping threads took: 0.0000202 seconds
236.807: [GC (Allocation Failure)  423093K->109483K(1029120K), 0.0067521 secs]
236.814: Total time for which application threads were stopped: 0.0069270 seconds, Stopping threads took: 0.0000262 seconds
236.882: [GC (Allocation Failure)  424875K->103405K(1031680K), 0.0041699 secs]
236.886: Total time for which application threads were stopped: 0.0043555 seconds, Stopping threads took: 0.0000193 seconds
236.951: [GC (Allocation Failure)  418797K->103213K(1032704K), 0.0038931 secs]
236.955: Total time for which application threads were stopped: 0.0040694 seconds, Stopping threads took: 0.0000253 seconds
237.021: [GC (Allocation Failure)  420141K->106573K(1032192K), 0.0047189 secs]
237.025: Total time for which application threads were stopped: 0.0048919 seconds, Stopping threads took: 0.0000198 seconds
237.094: [GC (Allocation Failure)  423501K->111376K(1033216K), 0.0039535 secs]
237.098: Total time for which application threads were stopped: 0.0041411 seconds, Stopping threads took: 0.0000222 seconds
237.169: [GC (Allocation Failure)  429328K->111216K(1032704K), 0.0056576 secs]
237.174: Total time for which application threads were stopped: 0.0058073 seconds, Stopping threads took: 0.0000199 seconds
237.242: [GC (Allocation Failure)  429168K->112264K(1033216K), 0.0040320 secs]
237.246: Total time for which application threads were stopped: 0.0042043 seconds, Stopping threads took: 0.0000174 seconds
237.313: [GC (Allocation Failure)  430728K->119306K(1033216K), 0.0040184 secs]
237.317: Total time for which application threads were stopped: 0.0042148 seconds, Stopping threads took: 0.0000209 seconds
237.386: [GC (Allocation Failure)  437770K->119274K(1033728K), 0.0039008 secs]
237.390: Total time for which application threads were stopped: 0.0040933 seconds, Stopping threads took: 0.0000197 seconds
237.459: [GC (Allocation Failure)  438250K->120970K(1033216K), 0.0045109 secs]
237.463: Total time for which application threads were stopped: 0.0046693 seconds, Stopping threads took: 0.0000168 seconds
237.532: [GC (Allocation Failure)  439946K->127404K(1033728K), 0.0037000 secs]
237.536: Total time for which application threads were stopped: 0.0038622 seconds, Stopping threads took: 0.0000204 seconds
237.603: [GC (Allocation Failure)  446892K->127308K(1033728K), 0.0039647 secs]
237.607: Total time for which application threads were stopped: 0.0041266 seconds, Stopping threads took: 0.0000194 seconds
237.673: [GC (Allocation Failure)  446796K->127660K(1033728K), 0.0039421 secs]
237.677: Total time for which application threads were stopped: 0.0041218 seconds, Stopping threads took: 0.0000195 seconds
237.744: [GC (Allocation Failure)  447148K->135374K(1033728K), 0.0039360 secs]
237.748: Total time for which application threads were stopped: 0.0041071 seconds, Stopping threads took: 0.0000211 seconds
237.816: [GC (Allocation Failure)  454862K->135342K(1033728K), 0.0038129 secs]
237.820: Total time for which application threads were stopped: 0.0039835 seconds, Stopping threads took: 0.0000192 seconds
237.888: [GC (Allocation Failure)  454830K->138958K(1033728K), 0.0048295 secs]
237.893: Total time for which application threads were stopped: 0.0049878 seconds, Stopping threads took: 0.0000194 seconds
237.960: [GC (Allocation Failure)  458446K->143473K(1034240K), 0.0040742 secs]
237.964: Total time for which application threads were stopped: 0.0042356 seconds, Stopping threads took: 0.0000203 seconds
238.031: [GC (Allocation Failure)  463985K->143377K(1034240K), 0.0037856 secs]
238.035: Total time for which application threads were stopped: 0.0039463 seconds, Stopping threads took: 0.0000204 seconds
238.101: [GC (Allocation Failure)  463889K->144105K(1034240K), 0.0041699 secs]
238.105: Total time for which application threads were stopped: 0.0043411 seconds, Stopping threads took: 0.0000195 seconds
238.173: [GC (Allocation Failure)  464617K->151403K(1034240K), 0.0040769 secs]
238.177: Total time for which application threads were stopped: 0.0042463 seconds, Stopping threads took: 0.0000200 seconds
238.246: [GC (Allocation Failure)  471915K->151435K(1034240K), 0.0039011 secs]
238.250: Total time for which application threads were stopped: 0.0040595 seconds, Stopping threads took: 0.0000189 seconds
238.319: [GC (Allocation Failure)  471947K->152363K(1034240K), 0.0041936 secs]
238.323: Total time for which application threads were stopped: 0.0043523 seconds, Stopping threads took: 0.0000192 seconds
238.391: [GC (Allocation Failure)  472875K->159437K(1034240K), 0.0039240 secs]
238.395: Total time for which application threads were stopped: 0.0040959 seconds, Stopping threads took: 0.0000199 seconds
238.464: [GC (Allocation Failure)  479949K->159469K(1034240K), 0.0040064 secs]
238.468: Total time for which application threads were stopped: 0.0041701 seconds, Stopping threads took: 0.0000200 seconds
238.536: [GC (Allocation Failure)  479981K->160589K(1034240K), 0.0041258 secs]
238.540: Total time for which application threads were stopped: 0.0042867 seconds, Stopping threads took: 0.0000199 seconds
238.608: [GC (Allocation Failure)  481101K->167503K(1034240K), 0.0041677 secs]
238.612: Total time for which application threads were stopped: 0.0043280 seconds, Stopping threads took: 0.0000206 seconds
238.679: [GC (Allocation Failure)  488015K->167503K(1034240K), 0.0040536 secs]
238.684: Total time for which application threads were stopped: 0.0042209 seconds, Stopping threads took: 0.0000196 seconds
238.750: [GC (Allocation Failure)  488015K->167815K(1020416K), 0.0039674 secs]
238.754: Total time for which application threads were stopped: 0.0041606 seconds, Stopping threads took: 0.0000200 seconds
238.824: [GC (Allocation Failure)  488327K->175562K(1033728K), 0.0041960 secs]
238.828: Total time for which application threads were stopped: 0.0043473 seconds, Stopping threads took: 0.0000168 seconds
238.894: [GC (Allocation Failure)  495050K->175498K(1033728K), 0.0040052 secs]
238.898: Total time for which application threads were stopped: 0.0041767 seconds, Stopping threads took: 0.0000205 seconds
238.967: [GC (Allocation Failure)  494986K->176042K(1033728K), 0.0041719 secs]
238.971: Total time for which application threads were stopped: 0.0043379 seconds, Stopping threads took: 0.0000209 seconds
239.038: [GC (Allocation Failure)  495530K->183596K(1033728K), 0.0042935 secs]
239.042: Total time for which application threads were stopped: 0.0044636 seconds, Stopping threads took: 0.0000192 seconds
239.110: [GC (Allocation Failure)  503084K->183532K(1033728K), 0.0040175 secs]
239.114: Total time for which application threads were stopped: 0.0041917 seconds, Stopping threads took: 0.0000198 seconds
239.180: [GC (Allocation Failure)  503020K->184268K(1033728K), 0.0041875 secs]
239.185: Total time for which application threads were stopped: 0.0043719 seconds, Stopping threads took: 0.0000219 seconds
239.252: [GC (Allocation Failure)  503756K->191566K(1033728K), 0.0040681 secs]
239.257: Total time for which application threads were stopped: 0.0042314 seconds, Stopping threads took: 0.0000202 seconds
239.325: [GC (Allocation Failure)  511054K->191598K(1033728K), 0.0039900 secs]
239.329: Total time for which application threads were stopped: 0.0041459 seconds, Stopping threads took: 0.0000278 seconds
239.395: [GC (Allocation Failure)  511086K->193582K(1033728K), 0.0057827 secs]
239.401: Total time for which application threads were stopped: 0.0059474 seconds, Stopping threads took: 0.0000209 seconds
239.469: [GC (Allocation Failure)  513070K->199601K(1033728K), 0.0046607 secs]
239.474: Total time for which application threads were stopped: 0.0048491 seconds, Stopping threads took: 0.0000190 seconds
239.544: [GC (Allocation Failure)  519089K->199601K(1033728K), 0.0039029 secs]
239.548: Total time for which application threads were stopped: 0.0040532 seconds, Stopping threads took: 0.0000174 seconds
239.614: [GC (Allocation Failure)  519089K->200745K(1033728K), 0.0039985 secs]
239.618: Total time for which application threads were stopped: 0.0041712 seconds, Stopping threads took: 0.0000202 seconds
239.685: [GC (Allocation Failure)  520233K->207659K(1033728K), 0.0041825 secs]
239.690: Total time for which application threads were stopped: 0.0043676 seconds, Stopping threads took: 0.0000201 seconds
239.756: [GC (Allocation Failure)  527147K->207659K(1033728K), 0.0040679 secs]
239.761: Total time for which application threads were stopped: 0.0042584 seconds, Stopping threads took: 0.0000225 seconds
239.828: [GC (Allocation Failure)  527147K->207947K(1033728K), 0.0041348 secs]
239.832: Total time for which application threads were stopped: 0.0043094 seconds, Stopping threads took: 0.0000195 seconds
239.900: [GC (Allocation Failure)  527435K->215725K(1033728K), 0.0039590 secs]
239.904: Total time for which application threads were stopped: 0.0041310 seconds, Stopping threads took: 0.0000218 seconds
239.972: [GC (Allocation Failure)  535213K->215661K(1033728K), 0.0041329 secs]
239.976: Total time for which application threads were stopped: 0.0043244 seconds, Stopping threads took: 0.0000197 seconds
240.043: [GC (Allocation Failure)  535149K->216197K(1033728K), 0.0042746 secs]
240.048: Total time for which application threads were stopped: 0.0044639 seconds, Stopping threads took: 0.0000189 seconds
240.117: [GC (Allocation Failure)  535685K->223719K(1033728K), 0.0041200 secs]
240.121: Total time for which application threads were stopped: 0.0042706 seconds, Stopping threads took: 0.0000165 seconds
240.188: [GC (Allocation Failure)  543207K->223655K(1033728K), 0.0043548 secs]
240.192: Total time for which application threads were stopped: 0.0045034 seconds, Stopping threads took: 0.0000170 seconds
240.258: [GC (Allocation Failure)  543143K->224423K(1033728K), 0.0039510 secs]
240.262: Total time for which application threads were stopped: 0.0041086 seconds, Stopping threads took: 0.0000256 seconds
240.330: [GC (Allocation Failure)  543911K->231754K(1033728K), 0.0039369 secs]
240.334: Total time for which application threads were stopped: 0.0041155 seconds, Stopping threads took: 0.0000201 seconds
240.403: [GC (Allocation Failure)  551242K->231690K(1033728K), 0.0041974 secs]
240.407: Total time for which application threads were stopped: 0.0043663 seconds, Stopping threads took: 0.0000190 seconds
240.474: [GC (Allocation Failure)  551178K->232650K(1033728K), 0.0040446 secs]
240.478: Total time for which application threads were stopped: 0.0042460 seconds, Stopping threads took: 0.0000267 seconds
240.548: [GC (Allocation Failure)  552138K->239788K(1033728K), 0.0041777 secs]
240.552: Total time for which application threads were stopped: 0.0043461 seconds, Stopping threads took: 0.0000201 seconds
240.619: [GC (Allocation Failure)  559276K->239788K(1033728K), 0.0042484 secs]
240.623: Total time for which application threads were stopped: 0.0044154 seconds, Stopping threads took: 0.0000183 seconds
240.689: [GC (Allocation Failure)  559276K->239852K(1033728K), 0.0042514 secs]
240.693: Total time for which application threads were stopped: 0.0044215 seconds, Stopping threads took: 0.0000189 seconds
240.761: [GC (Allocation Failure)  559340K->247790K(1027072K), 0.0039139 secs]
240.765: Total time for which application threads were stopped: 0.0040748 seconds, Stopping threads took: 0.0000258 seconds
240.833: [GC (Allocation Failure)  567278K->247822K(1033216K), 0.0043059 secs]
240.837: Total time for which application threads were stopped: 0.0044602 seconds, Stopping threads took: 0.0000162 seconds
240.903: [GC (Allocation Failure)  566286K->248102K(1033216K), 0.0042344 secs]
240.908: Total time for which application threads were stopped: 0.0044038 seconds, Stopping threads took: 0.0000199 seconds
240.975: [GC (Allocation Failure)  566566K->255816K(1033216K), 0.0041528 secs]
240.979: Total time for which application threads were stopped: 0.0043480 seconds, Stopping threads took: 0.0000205 seconds
241.047: [GC (Allocation Failure)  574280K->255848K(1033216K), 0.0042158 secs]
241.051: Total time for which application threads were stopped: 0.0043639 seconds, Stopping threads took: 0.0000160 seconds
241.116: [GC (Allocation Failure)  574312K->256328K(1033216K), 0.0104381 secs]
241.127: Total time for which application threads were stopped: 0.0106243 seconds, Stopping threads took: 0.0000202 seconds
241.194: [GC (Allocation Failure)  574792K->263851K(1033216K), 0.0043158 secs]
241.198: Total time for which application threads were stopped: 0.0044887 seconds, Stopping threads took: 0.0000211 seconds
241.266: [GC (Allocation Failure)  582315K->263851K(1033216K), 0.0039330 secs]
241.270: Total time for which application threads were stopped: 0.0040954 seconds, Stopping threads took: 0.0000266 seconds
241.335: [GC (Allocation Failure)  582315K->264075K(1033216K), 0.0065536 secs]
241.341: Total time for which application threads were stopped: 0.0067244 seconds, Stopping threads took: 0.0000255 seconds
241.407: [GC (Allocation Failure)  582539K->271885K(1033216K), 0.0044199 secs]
241.412: Total time for which application threads were stopped: 0.0046138 seconds, Stopping threads took: 0.0000225 seconds
241.478: [GC (Allocation Failure)  590349K->271917K(1033216K), 0.0040238 secs]
241.482: Total time for which application threads were stopped: 0.0042217 seconds, Stopping threads took: 0.0000205 seconds
241.551: [GC (Allocation Failure)  590381K->272045K(1033216K), 0.0040440 secs]
241.556: Total time for which application threads were stopped: 0.0042148 seconds, Stopping threads took: 0.0000199 seconds
241.622: [GC (Allocation Failure)  590509K->279919K(1033216K), 0.0044222 secs]
241.627: Total time for which application threads were stopped: 0.0046392 seconds, Stopping threads took: 0.0000203 seconds
241.692: [GC (Allocation Failure)  598383K->279887K(1033216K), 0.0041388 secs]
241.696: Total time for which application threads were stopped: 0.0042959 seconds, Stopping threads took: 0.0000192 seconds
241.761: [GC (Allocation Failure)  598351K->279975K(1033216K), 0.0040832 secs]
241.765: Total time for which application threads were stopped: 0.0042586 seconds, Stopping threads took: 0.0000275 seconds
241.832: [GC (Allocation Failure)  598439K->287977K(1033216K), 0.0043600 secs]
241.836: Total time for which application threads were stopped: 0.0045201 seconds, Stopping threads took: 0.0000193 seconds
241.902: [GC (Allocation Failure)  606441K->287977K(1033216K), 0.0043926 secs]
241.906: Total time for which application threads were stopped: 0.0045557 seconds, Stopping threads took: 0.0000199 seconds
241.971: [GC (Allocation Failure)  606441K->288265K(1033216K), 0.0041438 secs]
241.975: Total time for which application threads were stopped: 0.0043027 seconds, Stopping threads took: 0.0000193 seconds
242.040: [GC (Allocation Failure)  606729K->295980K(1033216K), 0.0040945 secs]
242.044: Total time for which application threads were stopped: 0.0042593 seconds, Stopping threads took: 0.0000204 seconds
242.112: [GC (Allocation Failure)  614444K->295980K(1033216K), 0.0065016 secs]
242.118: Total time for which application threads were stopped: 0.0066710 seconds, Stopping threads took: 0.0000204 seconds
242.183: [GC (Allocation Failure)  614444K->296228K(1033216K), 0.0045215 secs]
242.188: Total time for which application threads were stopped: 0.0047241 seconds, Stopping threads took: 0.0000224 seconds
242.255: [GC (Allocation Failure)  614692K->304006K(1033216K), 0.0043447 secs]
242.260: Total time for which application threads were stopped: 0.0045389 seconds, Stopping threads took: 0.0000202 seconds
242.326: [GC (Allocation Failure)  622470K->300100K(1033216K), 0.0032435 secs]
242.330: Total time for which application threads were stopped: 0.0034132 seconds, Stopping threads took: 0.0000273 seconds
242.396: [GC (Allocation Failure)  618564K->304166K(1034752K), 0.0045400 secs]
242.401: Total time for which application threads were stopped: 0.0047261 seconds, Stopping threads took: 0.0000257 seconds
242.470: [GC (Allocation Failure)  624678K->308166K(1033728K), 0.0041663 secs]
242.474: Total time for which application threads were stopped: 0.0043462 seconds, Stopping threads took: 0.0000206 seconds
242.542: [GC (Allocation Failure)  628678K->300324K(1034240K), 0.0011065 secs]
242.543: Total time for which application threads were stopped: 0.0012306 seconds, Stopping threads took: 0.0000200 seconds
242.612: [GC (Allocation Failure)  620836K->308198K(1034240K), 0.0042367 secs]
242.616: Total time for which application threads were stopped: 0.0043972 seconds, Stopping threads took: 0.0000195 seconds
242.683: [GC (Allocation Failure)  628710K->312310K(1033216K), 0.0058241 secs]
242.689: Total time for which application threads were stopped: 0.0059833 seconds, Stopping threads took: 0.0000198 seconds
242.756: [GC (Allocation Failure)  631798K->318004K(1032704K), 0.0068772 secs]
242.763: Total time for which application threads were stopped: 0.0070533 seconds, Stopping threads took: 0.0000200 seconds
242.829: [GC (Allocation Failure)  637492K->312502K(1031680K), 0.0042847 secs]
242.834: Total time for which application threads were stopped: 0.0044506 seconds, Stopping threads took: 0.0000187 seconds
242.900: [GC (Allocation Failure)  628918K->312310K(1032192K), 0.0041541 secs]
242.905: Total time for which application threads were stopped: 0.0042991 seconds, Stopping threads took: 0.0000189 seconds
242.971: [GC (Allocation Failure)  628726K->306900K(1032704K), 0.0021009 secs]
242.973: Total time for which application threads were stopped: 0.0022553 seconds, Stopping threads took: 0.0000200 seconds
243.039: [GC (Allocation Failure)  624340K->312470K(1032704K), 0.0041242 secs]
243.043: Total time for which application threads were stopped: 0.0042907 seconds, Stopping threads took: 0.0000203 seconds
243.110: [GC (Allocation Failure)  629910K->312278K(1033216K), 0.0044512 secs]
243.115: Total time for which application threads were stopped: 0.0046312 seconds, Stopping threads took: 0.0000202 seconds
243.181: [GC (Allocation Failure)  630230K->312630K(1032704K), 0.0060972 secs]
243.187: Total time for which application threads were stopped: 0.0062700 seconds, Stopping threads took: 0.0000204 seconds
243.255: [GC (Allocation Failure)  630582K->320344K(1033216K), 0.0041731 secs]
243.260: Total time for which application threads were stopped: 0.0043473 seconds, Stopping threads took: 0.0000194 seconds
243.328: [GC (Allocation Failure)  638808K->320312K(1033216K), 0.0041223 secs]
243.332: Total time for which application threads were stopped: 0.0042914 seconds, Stopping threads took: 0.0000260 seconds
243.397: [GC (Allocation Failure)  638776K->324440K(1033728K), 0.0053316 secs]
243.402: Total time for which application threads were stopped: 0.0055031 seconds, Stopping threads took: 0.0000203 seconds
243.470: [GC (Allocation Failure)  643416K->328442K(1033216K), 0.0040789 secs]
243.474: Total time for which application threads were stopped: 0.0042323 seconds, Stopping threads took: 0.0000202 seconds
243.543: [GC (Allocation Failure)  647418K->328346K(1034240K), 0.0043032 secs]
243.547: Total time for which application threads were stopped: 0.0044820 seconds, Stopping threads took: 0.0000197 seconds
243.613: [GC (Allocation Failure)  648346K->331130K(1033728K), 0.0048231 secs]
243.617: Total time for which application threads were stopped: 0.0049854 seconds, Stopping threads took: 0.0000202 seconds
243.686: [GC (Allocation Failure)  651130K->336445K(1034240K), 0.0045312 secs]
243.690: Total time for which application threads were stopped: 0.0046949 seconds, Stopping threads took: 0.0000196 seconds
243.760: [GC (Allocation Failure)  656957K->336381K(1034240K), 0.0042933 secs]
243.764: Total time for which application threads were stopped: 0.0044643 seconds, Stopping threads took: 0.0000201 seconds
243.833: [GC (Allocation Failure)  656893K->336837K(1034240K), 0.0045037 secs]
243.838: Total time for which application threads were stopped: 0.0046867 seconds, Stopping threads took: 0.0000209 seconds
243.906: [GC (Allocation Failure)  657349K->344455K(1034240K), 0.0045007 secs]
243.910: Total time for which application threads were stopped: 0.0046748 seconds, Stopping threads took: 0.0000168 seconds
243.978: [GC (Allocation Failure)  664967K->344423K(1034240K), 0.0042735 secs]
243.983: Total time for which application threads were stopped: 0.0044330 seconds, Stopping threads took: 0.0000192 seconds
244.050: [GC (Allocation Failure)  664935K->347111K(1034240K), 0.0048138 secs]
244.055: Total time for which application threads were stopped: 0.0049891 seconds, Stopping threads took: 0.0000197 seconds
244.123: [GC (Allocation Failure)  667623K->352457K(1034240K), 0.0066111 secs]
244.130: Total time for which application threads were stopped: 0.0068051 seconds, Stopping threads took: 0.0000200 seconds
244.198: [GC (Allocation Failure)  672969K->352457K(1034240K), 0.0044052 secs]
244.203: Total time for which application threads were stopped: 0.0045730 seconds, Stopping threads took: 0.0000196 seconds
244.271: [GC (Allocation Failure)  672969K->353321K(1033728K), 0.0044651 secs]
244.276: Total time for which application threads were stopped: 0.0046319 seconds, Stopping threads took: 0.0000196 seconds
244.346: [GC (Allocation Failure)  673833K->360620K(1034240K), 0.0043625 secs]
244.350: Total time for which application threads were stopped: 0.0045345 seconds, Stopping threads took: 0.0000286 seconds
244.418: [GC (Allocation Failure)  681132K->360492K(1034240K), 0.0044624 secs]
244.422: Total time for which application threads were stopped: 0.0046245 seconds, Stopping threads took: 0.0000187 seconds
244.490: [GC (Allocation Failure)  681004K->363596K(1034240K), 0.0048220 secs]
244.495: Total time for which application threads were stopped: 0.0049902 seconds, Stopping threads took: 0.0000192 seconds
244.564: [GC (Allocation Failure)  684108K->368558K(1034752K), 0.0043287 secs]
244.568: Total time for which application threads were stopped: 0.0044927 seconds, Stopping threads took: 0.0000202 seconds
244.636: [GC (Allocation Failure)  690094K->368526K(1034752K), 0.0042519 secs]
244.640: Total time for which application threads were stopped: 0.0044130 seconds, Stopping threads took: 0.0000201 seconds
244.706: [GC (Allocation Failure)  690062K->371822K(1034752K), 0.0051707 secs]
244.711: Total time for which application threads were stopped: 0.0053412 seconds, Stopping threads took: 0.0000196 seconds
244.781: [GC (Allocation Failure)  693358K->376592K(1034752K), 0.0044962 secs]
244.786: Total time for which application threads were stopped: 0.0046646 seconds, Stopping threads took: 0.0000263 seconds
244.852: [GC (Allocation Failure)  698128K->376528K(1034752K), 0.0044229 secs]
244.857: Total time for which application threads were stopped: 0.0045933 seconds, Stopping threads took: 0.0000198 seconds
244.922: [GC (Allocation Failure)  698064K->376968K(1034752K), 0.0043175 secs]
244.926: Total time for which application threads were stopped: 0.0044792 seconds, Stopping threads took: 0.0000203 seconds
244.994: [GC (Allocation Failure)  698504K->384618K(1034752K), 0.0043042 secs]
244.999: Total time for which application threads were stopped: 0.0045079 seconds, Stopping threads took: 0.0000280 seconds
245.068: [GC (Allocation Failure)  706154K->384586K(1034752K), 0.0045095 secs]
245.072: Total time for which application threads were stopped: 0.0046680 seconds, Stopping threads took: 0.0000170 seconds
245.139: [GC (Allocation Failure)  706122K->386242K(1034752K), 0.0064891 secs]
245.146: Total time for which application threads were stopped: 0.0066491 seconds, Stopping threads took: 0.0000198 seconds
245.215: [GC (Allocation Failure)  707778K->392613K(1034752K), 0.0043737 secs]
245.220: Total time for which application threads were stopped: 0.0045540 seconds, Stopping threads took: 0.0000221 seconds
245.286: [GC (Allocation Failure)  714149K->392645K(1034752K), 0.0044708 secs]
245.290: Total time for which application threads were stopped: 0.0046562 seconds, Stopping threads took: 0.0000278 seconds
245.355: [GC (Allocation Failure)  714181K->395493K(1034752K), 0.0051062 secs]
245.360: Total time for which application threads were stopped: 0.0052767 seconds, Stopping threads took: 0.0000213 seconds
245.426: [GC (Allocation Failure)  717029K->400775K(1034752K), 0.0043095 secs]
245.430: Total time for which application threads were stopped: 0.0044906 seconds, Stopping threads took: 0.0000201 seconds
245.498: [GC (Allocation Failure)  722311K->400679K(1034752K), 0.0079303 secs]
245.506: Total time for which application threads were stopped: 0.0081021 seconds, Stopping threads took: 0.0000195 seconds
245.574: [GC (Allocation Failure)  722215K->404743K(1035264K), 0.0055015 secs]
245.579: Total time for which application threads were stopped: 0.0056987 seconds, Stopping threads took: 0.0000200 seconds
245.647: [GC (Allocation Failure)  726791K->408713K(1034752K), 0.0044364 secs]
245.651: Total time for which application threads were stopped: 0.0046271 seconds, Stopping threads took: 0.0000201 seconds
245.721: [GC (Allocation Failure)  730761K->408681K(1035264K), 0.0046091 secs]
245.726: Total time for which application threads were stopped: 0.0047783 seconds, Stopping threads took: 0.0000194 seconds
245.795: [GC (Allocation Failure)  730729K->411433K(1034752K), 0.0048013 secs]
245.800: Total time for which application threads were stopped: 0.0049590 seconds, Stopping threads took: 0.0000255 seconds
245.869: [GC (Allocation Failure)  733481K->416683K(1035264K), 0.0044505 secs]
245.873: Total time for which application threads were stopped: 0.0046197 seconds, Stopping threads took: 0.0000196 seconds
245.942: [GC (Allocation Failure)  739243K->416715K(1035264K), 0.0045965 secs]
245.946: Total time for which application threads were stopped: 0.0047668 seconds, Stopping threads took: 0.0000203 seconds
246.013: [GC (Allocation Failure)  739275K->419147K(1035264K), 0.0048868 secs]
246.018: Total time for which application threads were stopped: 0.0050449 seconds, Stopping threads took: 0.0000190 seconds
246.086: [GC (Allocation Failure)  741707K->424814K(1035264K), 0.0041417 secs]
246.090: Total time for which application threads were stopped: 0.0043344 seconds, Stopping threads took: 0.0000194 seconds
246.159: [GC (Allocation Failure)  747374K->424750K(1035264K), 0.0043945 secs]
246.164: Total time for which application threads were stopped: 0.0045773 seconds, Stopping threads took: 0.0000163 seconds
246.233: [GC (Allocation Failure)  747310K->427398K(1035264K), 0.0050057 secs]
246.238: Total time for which application threads were stopped: 0.0051647 seconds, Stopping threads took: 0.0000164 seconds
246.307: [GC (Allocation Failure)  749958K->432808K(1035264K), 0.0044707 secs]
246.311: Total time for which application threads were stopped: 0.0046476 seconds, Stopping threads took: 0.0000284 seconds
246.380: [GC (Allocation Failure)  755368K->432776K(1035264K), 0.0042377 secs]
246.384: Total time for which application threads were stopped: 0.0044303 seconds, Stopping threads took: 0.0000193 seconds
246.452: [GC (Allocation Failure)  755336K->435656K(1035264K), 0.0050296 secs]
246.457: Total time for which application threads were stopped: 0.0052071 seconds, Stopping threads took: 0.0000268 seconds
246.526: [GC (Allocation Failure)  758216K->440874K(1035264K), 0.0046545 secs]
246.530: Total time for which application threads were stopped: 0.0048139 seconds, Stopping threads took: 0.0000182 seconds
246.598: [GC (Allocation Failure)  763434K->440778K(1035264K), 0.0044879 secs]
246.603: Total time for which application threads were stopped: 0.0046483 seconds, Stopping threads took: 0.0000189 seconds
246.669: [GC (Allocation Failure)  763338K->443882K(1035264K), 0.0051267 secs]
246.674: Total time for which application threads were stopped: 0.0053175 seconds, Stopping threads took: 0.0000192 seconds
246.744: [GC (Allocation Failure)  766442K->448876K(1035264K), 0.0044819 secs]
246.749: Total time for which application threads were stopped: 0.0046466 seconds, Stopping threads took: 0.0000166 seconds
246.817: [GC (Allocation Failure)  771436K->448844K(1035264K), 0.0045011 secs]
246.821: Total time for which application threads were stopped: 0.0046701 seconds, Stopping threads took: 0.0000265 seconds
246.888: [GC (Allocation Failure)  771404K->452140K(1035264K), 0.0051822 secs]
246.894: Total time for which application threads were stopped: 0.0053802 seconds, Stopping threads took: 0.0000250 seconds
246.963: [GC (Allocation Failure)  774700K->457103K(1035264K), 0.0046795 secs]
246.968: Total time for which application threads were stopped: 0.0048751 seconds, Stopping threads took: 0.0000201 seconds
247.039: [GC (Allocation Failure)  779663K->456879K(1035264K), 0.0044353 secs]
247.044: Total time for which application threads were stopped: 0.0045839 seconds, Stopping threads took: 0.0000170 seconds
247.111: [GC (Allocation Failure)  779439K->452300K(1035264K), 0.0027520 secs]
247.114: Total time for which application threads were stopped: 0.0029183 seconds, Stopping threads took: 0.0000199 seconds
247.182: [GC (Allocation Failure)  774860K->457071K(1035264K), 0.0042959 secs]
247.186: Total time for which application threads were stopped: 0.0044707 seconds, Stopping threads took: 0.0000248 seconds
247.255: [GC (Allocation Failure)  779631K->456879K(1035264K), 0.0045696 secs]
247.260: Total time for which application threads were stopped: 0.0047373 seconds, Stopping threads took: 0.0000196 seconds
247.328: [GC (Allocation Failure)  779439K->456620K(1035776K), 0.0064415 secs]
247.334: Total time for which application threads were stopped: 0.0066377 seconds, Stopping threads took: 0.0000251 seconds
247.403: [GC (Allocation Failure)  779692K->457039K(1035264K), 0.0043787 secs]
247.408: Total time for which application threads were stopped: 0.0045519 seconds, Stopping threads took: 0.0000189 seconds
247.475: [GC (Allocation Failure)  780111K->456879K(1035776K), 0.0046656 secs]
247.479: Total time for which application threads were stopped: 0.0048220 seconds, Stopping threads took: 0.0000192 seconds
247.548: [GC (Allocation Failure)  780463K->462916K(1035776K), 0.0072337 secs]
247.555: Total time for which application threads were stopped: 0.0074278 seconds, Stopping threads took: 0.0000197 seconds
247.624: [GC (Allocation Failure)  786500K->458215K(1032704K), 0.0044939 secs]
247.629: Total time for which application threads were stopped: 0.0046437 seconds, Stopping threads took: 0.0000164 seconds
247.696: [GC (Allocation Failure)  778727K->458151K(1034240K), 0.0044687 secs]
247.701: Total time for which application threads were stopped: 0.0046471 seconds, Stopping threads took: 0.0000200 seconds
247.767: [GC (Allocation Failure)  778663K->465380K(1030656K), 0.0075363 secs]
247.775: Total time for which application threads were stopped: 0.0077069 seconds, Stopping threads took: 0.0000318 seconds
247.842: [GC (Allocation Failure)  782820K->459847K(1032704K), 0.0043863 secs]
247.846: Total time for which application threads were stopped: 0.0045556 seconds, Stopping threads took: 0.0000255 seconds
247.912: [GC (Allocation Failure)  777287K->459623K(1033728K), 0.0045331 secs]
247.917: Total time for which application threads were stopped: 0.0047103 seconds, Stopping threads took: 0.0000207 seconds
247.984: [GC (Allocation Failure)  778599K->457348K(1033216K), 0.0035968 secs]
247.987: Total time for which application threads were stopped: 0.0037534 seconds, Stopping threads took: 0.0000185 seconds
248.054: [GC (Allocation Failure)  776324K->459783K(1034752K), 0.0047411 secs]
248.059: Total time for which application threads were stopped: 0.0049340 seconds, Stopping threads took: 0.0000200 seconds
248.128: [GC (Allocation Failure)  780807K->459655K(1034240K), 0.0043922 secs]
248.133: Total time for which application threads were stopped: 0.0045510 seconds, Stopping threads took: 0.0000173 seconds
248.198: [GC (Allocation Failure)  780679K->454980K(1034240K), 0.0028109 secs]
248.201: Total time for which application threads were stopped: 0.0029801 seconds, Stopping threads took: 0.0000202 seconds
248.272: [GC (Allocation Failure)  776516K->459751K(1034752K), 0.0044503 secs]
248.276: Total time for which application threads were stopped: 0.0046223 seconds, Stopping threads took: 0.0000253 seconds
248.344: [GC (Allocation Failure)  781287K->459655K(1035776K), 0.0046580 secs]
248.349: Total time for which application threads were stopped: 0.0048196 seconds, Stopping threads took: 0.0000200 seconds
248.416: [GC (Allocation Failure)  782727K->457732K(1035264K), 0.0036724 secs]
248.420: Total time for which application threads were stopped: 0.0038669 seconds, Stopping threads took: 0.0000193 seconds
248.487: [GC (Allocation Failure)  780804K->459655K(1036288K), 0.0046901 secs]
248.492: Total time for which application threads were stopped: 0.0048425 seconds, Stopping threads took: 0.0000166 seconds
248.561: [GC (Allocation Failure)  783751K->459623K(1035776K), 0.0044209 secs]
248.566: Total time for which application threads were stopped: 0.0045931 seconds, Stopping threads took: 0.0000201 seconds
248.636: [GC (Allocation Failure)  783719K->465580K(1033216K), 0.0073886 secs]
248.643: Total time for which application threads were stopped: 0.0075672 seconds, Stopping threads took: 0.0000210 seconds
248.712: [GC (Allocation Failure)  787116K->461359K(1034752K), 0.0047105 secs]
248.716: Total time for which application threads were stopped: 0.0048736 seconds, Stopping threads took: 0.0000200 seconds
248.784: [GC (Allocation Failure)  782895K->461391K(1035264K), 0.0044579 secs]
248.788: Total time for which application threads were stopped: 0.0046259 seconds, Stopping threads took: 0.0000195 seconds
248.856: [GC (Allocation Failure)  783951K->469580K(1035264K), 0.0084161 secs]
248.865: Total time for which application threads were stopped: 0.0085789 seconds, Stopping threads took: 0.0000200 seconds
248.933: [GC (Allocation Failure)  792140K->464527K(1032192K), 0.0047432 secs]
248.938: Total time for which application threads were stopped: 0.0049053 seconds, Stopping threads took: 0.0000190 seconds
249.005: [GC (Allocation Failure)  784015K->464335K(1033728K), 0.0043882 secs]
249.010: Total time for which application threads were stopped: 0.0045479 seconds, Stopping threads took: 0.0000174 seconds
249.075: [GC (Allocation Failure)  783823K->470764K(1030656K), 0.0071923 secs]
249.082: Total time for which application threads were stopped: 0.0073554 seconds, Stopping threads took: 0.0000198 seconds
249.150: [GC (Allocation Failure)  787180K->464495K(1032192K), 0.0048512 secs]
249.155: Total time for which application threads were stopped: 0.0050412 seconds, Stopping threads took: 0.0000201 seconds
249.220: [GC (Allocation Failure)  780911K->464367K(1033216K), 0.0045721 secs]
249.225: Total time for which application threads were stopped: 0.0047537 seconds, Stopping threads took: 0.0000197 seconds
249.293: [GC (Allocation Failure)  782319K->458124K(1032704K), 0.0069678 secs]
249.300: Total time for which application threads were stopped: 0.0071180 seconds, Stopping threads took: 0.0000278 seconds
249.369: [GC (Allocation Failure)  776076K->464431K(1033216K), 0.0046644 secs]
249.373: Total time for which application threads were stopped: 0.0048345 seconds, Stopping threads took: 0.0000204 seconds
249.442: [GC (Allocation Failure)  782383K->464335K(1032704K), 0.0044030 secs]
249.446: Total time for which application threads were stopped: 0.0045588 seconds, Stopping threads took: 0.0000196 seconds
249.515: [GC (Allocation Failure)  782287K->464807K(1032704K), 0.0072933 secs]
249.522: Total time for which application threads were stopped: 0.0074532 seconds, Stopping threads took: 0.0000256 seconds
249.589: [GC (Allocation Failure)  783271K->472425K(1033216K), 0.0044616 secs]
249.594: Total time for which application threads were stopped: 0.0046614 seconds, Stopping threads took: 0.0000201 seconds
249.661: [GC (Allocation Failure)  790889K->472361K(1034240K), 0.0044350 secs]
249.665: Total time for which application threads were stopped: 0.0046037 seconds, Stopping threads took: 0.0000196 seconds
249.730: [GC (Allocation Failure)  792361K->474601K(1033728K), 0.0048043 secs]
249.735: Total time for which application threads were stopped: 0.0049717 seconds, Stopping threads took: 0.0000215 seconds
249.803: [GC (Allocation Failure)  794601K->480395K(1034240K), 0.0046344 secs]
249.807: Total time for which application threads were stopped: 0.0048086 seconds, Stopping threads took: 0.0000263 seconds
249.874: [GC (Allocation Failure)  800395K->480395K(1033728K), 0.0045255 secs]
249.879: Total time for which application threads were stopped: 0.0047195 seconds, Stopping threads took: 0.0000197 seconds
249.945: [GC (Allocation Failure)  800395K->483363K(1034752K), 0.0053435 secs]
249.951: Total time for which application threads were stopped: 0.0055043 seconds, Stopping threads took: 0.0000192 seconds
250.019: [GC (Allocation Failure)  804899K->488454K(1034752K), 0.0046191 secs]
250.024: Total time for which application threads were stopped: 0.0048144 seconds, Stopping threads took: 0.0000199 seconds
250.093: [GC (Allocation Failure)  809990K->488422K(1035264K), 0.0045729 secs]
250.097: Total time for which application threads were stopped: 0.0047219 seconds, Stopping threads took: 0.0000168 seconds
250.164: [GC (Allocation Failure)  810470K->489030K(1034752K), 0.0047579 secs]
250.169: Total time for which application threads were stopped: 0.0049282 seconds, Stopping threads took: 0.0000209 seconds
250.238: [GC (Allocation Failure)  811078K->496456K(1034752K), 0.0045300 secs]
250.243: Total time for which application threads were stopped: 0.0047040 seconds, Stopping threads took: 0.0000205 seconds
250.311: [GC (Allocation Failure)  817992K->496488K(1034752K), 0.0053811 secs]
250.316: Total time for which application threads were stopped: 0.0055560 seconds, Stopping threads took: 0.0000201 seconds
250.382: [GC (Allocation Failure)  818024K->498792K(1034752K), 0.0049235 secs]
250.387: Total time for which application threads were stopped: 0.0051317 seconds, Stopping threads took: 0.0000209 seconds
250.453: [GC (Allocation Failure)  820328K->504554K(1034752K), 0.0046516 secs]
250.458: Total time for which application threads were stopped: 0.0048163 seconds, Stopping threads took: 0.0000198 seconds
250.526: [GC (Allocation Failure)  826090K->504490K(1034752K), 0.0046083 secs]
250.531: Total time for which application threads were stopped: 0.0047676 seconds, Stopping threads took: 0.0000170 seconds
250.596: [GC (Allocation Failure)  826026K->508074K(1034752K), 0.0054764 secs]
250.601: Total time for which application threads were stopped: 0.0056466 seconds, Stopping threads took: 0.0000198 seconds
250.667: [GC (Allocation Failure)  829610K->512556K(1035264K), 0.0045423 secs]
250.672: Total time for which application threads were stopped: 0.0047137 seconds, Stopping threads took: 0.0000200 seconds
250.740: [GC (Allocation Failure)  835116K->512556K(1035264K), 0.0045558 secs]
250.744: Total time for which application threads were stopped: 0.0047289 seconds, Stopping threads took: 0.0000202 seconds
250.812: [GC (Allocation Failure)  835116K->515212K(1035264K), 0.0051327 secs]
250.817: Total time for which application threads were stopped: 0.0053060 seconds, Stopping threads took: 0.0000262 seconds
250.884: [GC (Allocation Failure)  837772K->520623K(1035264K), 0.0047202 secs]
250.889: Total time for which application threads were stopped: 0.0048927 seconds, Stopping threads took: 0.0000200 seconds
250.958: [GC (Allocation Failure)  843183K->520559K(1035264K), 0.0045145 secs]
250.963: Total time for which application threads were stopped: 0.0046736 seconds, Stopping threads took: 0.0000196 seconds
251.032: [GC (Allocation Failure)  843119K->523463K(1035264K), 0.0052368 secs]
251.037: Total time for which application threads were stopped: 0.0053949 seconds, Stopping threads took: 0.0000163 seconds
251.104: [GC (Allocation Failure)  846023K->528585K(1035264K), 0.0046409 secs]
251.108: Total time for which application threads were stopped: 0.0048118 seconds, Stopping threads took: 0.0000203 seconds
251.176: [GC (Allocation Failure)  851145K->528585K(1035264K), 0.0048192 secs]
251.181: Total time for which application threads were stopped: 0.0049791 seconds, Stopping threads took: 0.0000207 seconds
251.247: [GC (Allocation Failure)  851145K->531689K(1035264K), 0.0053647 secs]
251.252: Total time for which application threads were stopped: 0.0055347 seconds, Stopping threads took: 0.0000276 seconds
251.321: [GC (Allocation Failure)  854249K->536683K(1035264K), 0.0047333 secs]
251.325: Total time for which application threads were stopped: 0.0048956 seconds, Stopping threads took: 0.0000192 seconds
251.391: [GC (Allocation Failure)  859243K->536619K(1035264K), 0.0048592 secs]
251.396: Total time for which application threads were stopped: 0.0050335 seconds, Stopping threads took: 0.0000210 seconds
251.464: [GC (Allocation Failure)  859179K->531881K(1035264K), 0.0027329 secs]
251.467: Total time for which application threads were stopped: 0.0029276 seconds, Stopping threads took: 0.0000200 seconds
251.538: [GC (Allocation Failure)  854441K->536651K(1035264K), 0.0048066 secs]
251.543: Total time for which application threads were stopped: 0.0049856 seconds, Stopping threads took: 0.0000192 seconds
251.612: [GC (Allocation Failure)  859211K->536619K(1035264K), 0.0047118 secs]
251.617: Total time for which application threads were stopped: 0.0048843 seconds, Stopping threads took: 0.0000200 seconds
251.683: [GC (Allocation Failure)  859179K->536169K(1035776K), 0.0045768 secs]
251.688: Total time for which application threads were stopped: 0.0047433 seconds, Stopping threads took: 0.0000205 seconds
251.757: [GC (Allocation Failure)  859753K->536843K(1035776K), 0.0047210 secs]
251.762: Total time for which application threads were stopped: 0.0048884 seconds, Stopping threads took: 0.0000192 seconds
251.829: [GC (Allocation Failure)  860427K->536587K(1035776K), 0.0045228 secs]
251.834: Total time for which application threads were stopped: 0.0046961 seconds, Stopping threads took: 0.0000283 seconds
251.901: [GC (Allocation Failure)  860171K->543497K(1035776K), 0.0079609 secs]
251.909: Total time for which application threads were stopped: 0.0081378 seconds, Stopping threads took: 0.0000186 seconds
251.978: [GC (Allocation Failure)  867081K->538923K(1032704K), 0.0048815 secs]
251.983: Total time for which application threads were stopped: 0.0050586 seconds, Stopping threads took: 0.0000199 seconds
252.049: [GC (Allocation Failure)  859435K->538763K(1034240K), 0.0046250 secs]
252.054: Total time for which application threads were stopped: 0.0047955 seconds, Stopping threads took: 0.0000197 seconds
252.119: [GC (Allocation Failure)  859275K->546857K(1029632K), 0.0084748 secs]
252.128: Total time for which application threads were stopped: 0.0086362 seconds, Stopping threads took: 0.0000195 seconds
252.194: [GC (Allocation Failure)  863273K->541227K(1032192K), 0.0048827 secs]
252.199: Total time for which application threads were stopped: 0.0050456 seconds, Stopping threads took: 0.0000190 seconds
252.265: [GC (Allocation Failure)  857643K->541067K(1033216K), 0.0046766 secs]
252.270: Total time for which application threads were stopped: 0.0048553 seconds, Stopping threads took: 0.0000191 seconds
252.335: [GC (Allocation Failure)  859019K->536617K(1032704K), 0.0028734 secs]
252.338: Total time for which application threads were stopped: 0.0030486 seconds, Stopping threads took: 0.0000193 seconds
252.405: [GC (Allocation Failure)  854569K->541163K(1033728K), 0.0045522 secs]
252.410: Total time for which application threads were stopped: 0.0047179 seconds, Stopping threads took: 0.0000204 seconds
252.476: [GC (Allocation Failure)  860139K->541067K(1033216K), 0.0047007 secs]
252.481: Total time for which application threads were stopped: 0.0048763 seconds, Stopping threads took: 0.0000201 seconds
252.550: [GC (Allocation Failure)  860043K->541323K(1033216K), 0.0047216 secs]
252.555: Total time for which application threads were stopped: 0.0048934 seconds, Stopping threads took: 0.0000204 seconds
252.622: [GC (Allocation Failure)  860811K->549133K(1033728K), 0.0044861 secs]
252.627: Total time for which application threads were stopped: 0.0046600 seconds, Stopping threads took: 0.0000196 seconds
252.694: [GC (Allocation Failure)  868621K->549133K(1034752K), 0.0047738 secs]
252.699: Total time for which application threads were stopped: 0.0049290 seconds, Stopping threads took: 0.0000187 seconds
252.767: [GC (Allocation Failure)  870157K->550029K(1034240K), 0.0048514 secs]
252.772: Total time for which application threads were stopped: 0.0050185 seconds, Stopping threads took: 0.0000196 seconds
252.840: [GC (Allocation Failure)  871053K->557200K(1034240K), 0.0047181 secs]
252.845: Total time for which application threads were stopped: 0.0048997 seconds, Stopping threads took: 0.0000275 seconds
252.912: [GC (Allocation Failure)  877712K->557168K(1034240K), 0.0047514 secs]
252.916: Total time for which application threads were stopped: 0.0049161 seconds, Stopping threads took: 0.0000190 seconds
252.983: [GC (Allocation Failure)  877680K->560840K(1034752K), 0.0054689 secs]
252.989: Total time for which application threads were stopped: 0.0056369 seconds, Stopping threads took: 0.0000190 seconds
253.056: [GC (Allocation Failure)  882376K->565194K(1034752K), 0.0045187 secs]
253.061: Total time for which application threads were stopped: 0.0046762 seconds, Stopping threads took: 0.0000193 seconds
253.128: [GC (Allocation Failure)  886730K->565226K(1035264K), 0.0060668 secs]
253.134: Total time for which application threads were stopped: 0.0062283 seconds, Stopping threads took: 0.0000192 seconds
253.201: [GC (Allocation Failure)  887274K->566506K(1034752K), 0.0049509 secs]
253.207: Total time for which application threads were stopped: 0.0051105 seconds, Stopping threads took: 0.0000195 seconds
253.274: [GC (Allocation Failure)  888554K->573324K(1034752K), 0.0045621 secs]
253.279: Total time for which application threads were stopped: 0.0047330 seconds, Stopping threads took: 0.0000279 seconds
253.345: [GC (Allocation Failure)  894860K->573228K(1034752K), 0.0048836 secs]
253.350: Total time for which application threads were stopped: 0.0050420 seconds, Stopping threads took: 0.0000200 seconds
253.415: [GC (Allocation Failure)  894764K->576300K(1035264K), 0.0054468 secs]
253.421: Total time for which application threads were stopped: 0.0056303 seconds, Stopping threads took: 0.0000197 seconds
253.488: [GC (Allocation Failure)  898348K->581262K(1034752K), 0.0065528 secs]
253.495: Total time for which application threads were stopped: 0.0067450 seconds, Stopping threads took: 0.0000196 seconds
253.565: [GC (Allocation Failure)  903310K->581294K(1035264K), 0.0046147 secs]
253.570: Total time for which application threads were stopped: 0.0047844 seconds, Stopping threads took: 0.0000195 seconds
253.637: [GC (Allocation Failure)  903854K->583470K(1035264K), 0.0051877 secs]
253.642: Total time for which application threads were stopped: 0.0053650 seconds, Stopping threads took: 0.0000212 seconds
253.710: [GC (Allocation Failure)  906030K->589521K(1035264K), 0.0049497 secs]
253.715: Total time for which application threads were stopped: 0.0051691 seconds, Stopping threads took: 0.0000546 seconds
253.783: [GC (Allocation Failure)  912081K->589329K(1035264K), 0.0045687 secs]
253.788: Total time for which application threads were stopped: 0.0047262 seconds, Stopping threads took: 0.0000256 seconds
253.855: [GC (Allocation Failure)  911889K->583662K(1035264K), 0.0025929 secs]
253.858: Total time for which application threads were stopped: 0.0027810 seconds, Stopping threads took: 0.0000200 seconds
253.928: [GC (Allocation Failure)  906222K->589457K(1030656K), 0.0046827 secs]
253.933: Total time for which application threads were stopped: 0.0048450 seconds, Stopping threads took: 0.0000195 seconds
254.001: [GC (Allocation Failure)  912017K->589297K(1035264K), 0.0048221 secs]
254.006: Total time for which application threads were stopped: 0.0049842 seconds, Stopping threads took: 0.0000200 seconds
254.073: [GC (Allocation Failure)  911345K->587470K(1034752K), 0.0042953 secs]
254.078: Total time for which application threads were stopped: 0.0044805 seconds, Stopping threads took: 0.0000280 seconds
254.146: [GC (Allocation Failure)  909518K->589425K(1035776K), 0.0048563 secs]
254.150: Total time for which application threads were stopped: 0.0050179 seconds, Stopping threads took: 0.0000186 seconds
254.221: [GC (Allocation Failure)  913009K->589297K(1035776K), 0.0049725 secs]
254.226: Total time for which application threads were stopped: 0.0051572 seconds, Stopping threads took: 0.0000199 seconds
254.295: [GC (Allocation Failure)  912881K->593326K(1032704K), 0.0062562 secs]
254.301: Total time for which application threads were stopped: 0.0064199 seconds, Stopping threads took: 0.0000244 seconds
254.369: [GC (Allocation Failure)  913838K->589361K(1034240K), 0.0050495 secs]
254.374: Total time for which application threads were stopped: 0.0052112 seconds, Stopping threads took: 0.0000195 seconds
254.444: [GC (Allocation Failure)  909873K->589297K(1035264K), 0.0047118 secs]
254.449: Total time for which application threads were stopped: 0.0048798 seconds, Stopping threads took: 0.0000200 seconds
254.517: [GC (Allocation Failure)  911345K->592974K(1033216K), 0.0087333 secs]
254.526: Total time for which application threads were stopped: 0.0089081 seconds, Stopping threads took: 0.0000279 seconds
254.594: [GC (Allocation Failure)  915022K->589329K(1034752K), 0.0046612 secs]
254.599: Total time for which application threads were stopped: 0.0048239 seconds, Stopping threads took: 0.0000198 seconds
254.666: [GC (Allocation Failure)  910353K->589297K(1034240K), 0.0047315 secs]
254.671: Total time for which application threads were stopped: 0.0048963 seconds, Stopping threads took: 0.0000205 seconds
254.737: [GC (Allocation Failure)  910321K->593742K(1033216K), 0.0064105 secs]
254.744: Total time for which application threads were stopped: 0.0066072 seconds, Stopping threads took: 0.0000196 seconds
254.812: [GC (Allocation Failure)  914254K->589521K(1034240K), 0.0047413 secs]
254.817: Total time for which application threads were stopped: 0.0048969 seconds, Stopping threads took: 0.0000172 seconds
254.885: [GC (Allocation Failure)  910033K->589297K(1035264K), 0.0046460 secs]
254.889: Total time for which application threads were stopped: 0.0048178 seconds, Stopping threads took: 0.0000205 seconds
254.957: [GC (Allocation Failure)  911345K->593390K(1033728K), 0.0064867 secs]
254.964: Total time for which application threads were stopped: 0.0066589 seconds, Stopping threads took: 0.0000195 seconds
255.032: [GC (Allocation Failure)  915438K->589457K(1034752K), 0.0047250 secs]
255.037: Total time for which application threads were stopped: 0.0048998 seconds, Stopping threads took: 0.0000218 seconds
255.104: [GC (Allocation Failure)  910481K->589265K(1034240K), 0.0047038 secs]
255.109: Total time for which application threads were stopped: 0.0048819 seconds, Stopping threads took: 0.0000198 seconds
255.177: [GC (Allocation Failure)  910289K->594126K(1032192K), 0.0068356 secs]
255.184: Total time for which application threads were stopped: 0.0070164 seconds, Stopping threads took: 0.0000198 seconds
255.252: [GC (Allocation Failure)  913614K->589425K(1033728K), 0.0046264 secs]
255.256: Total time for which application threads were stopped: 0.0047899 seconds, Stopping threads took: 0.0000198 seconds
255.324: [GC (Allocation Failure)  908913K->589297K(1034752K), 0.0047221 secs]
255.328: Total time for which application threads were stopped: 0.0048928 seconds, Stopping threads took: 0.0000285 seconds
255.396: [GC (Allocation Failure)  910321K->590734K(1034240K), 0.0053126 secs]
255.401: Total time for which application threads were stopped: 0.0054785 seconds, Stopping threads took: 0.0000190 seconds
255.469: [GC (Allocation Failure)  911758K->589393K(1035264K), 0.0053911 secs]
255.474: Total time for which application threads were stopped: 0.0055586 seconds, Stopping threads took: 0.0000199 seconds
255.543: [GC (Allocation Failure)  911441K->589297K(1034752K), 0.0049133 secs]
255.548: Total time for which application threads were stopped: 0.0050716 seconds, Stopping threads took: 0.0000198 seconds
255.615: [GC (Allocation Failure)  911345K->592494K(1034240K), 0.0060723 secs]
255.621: Total time for which application threads were stopped: 0.0062530 seconds, Stopping threads took: 0.0000189 seconds
255.691: [GC (Allocation Failure)  914030K->589297K(1034752K), 0.0049556 secs]
255.696: Total time for which application threads were stopped: 0.0051287 seconds, Stopping threads took: 0.0000199 seconds
255.764: [GC (Allocation Failure)  910833K->589297K(1035264K), 0.0049345 secs]
255.769: Total time for which application threads were stopped: 0.0050944 seconds, Stopping threads took: 0.0000203 seconds
255.838: [GC (Allocation Failure)  911857K->594694K(1035264K), 0.0070398 secs]
255.845: Total time for which application threads were stopped: 0.0072148 seconds, Stopping threads took: 0.0000256 seconds
255.914: [GC (Allocation Failure)  917254K->589673K(1034240K), 0.0049327 secs]
255.919: Total time for which application threads were stopped: 0.0051050 seconds, Stopping threads took: 0.0000195 seconds
255.986: [GC (Allocation Failure)  911209K->589481K(1034752K), 0.0044327 secs]
255.991: Total time for which application threads were stopped: 0.0045971 seconds, Stopping threads took: 0.0000203 seconds
256.056: [GC (Allocation Failure)  911017K->597094K(1030656K), 0.0084994 secs]
256.065: Total time for which application threads were stopped: 0.0086794 seconds, Stopping threads took: 0.0000198 seconds
256.131: [GC (Allocation Failure)  914534K->591529K(1032704K), 0.0049751 secs]
256.136: Total time for which application threads were stopped: 0.0051390 seconds, Stopping threads took: 0.0000203 seconds
256.203: [GC (Allocation Failure)  908969K->591337K(1033216K), 0.0065276 secs]
256.209: Total time for which application threads were stopped: 0.0066889 seconds, Stopping threads took: 0.0000200 seconds
256.275: [GC (Allocation Failure)  909801K->588966K(1033216K), 0.0040917 secs]
256.279: Total time for which application threads were stopped: 0.0042787 seconds, Stopping threads took: 0.0000184 seconds
256.344: [GC (Allocation Failure)  907430K->591433K(1033728K), 0.0048606 secs]
256.349: Total time for which application threads were stopped: 0.0050268 seconds, Stopping threads took: 0.0000249 seconds
256.416: [GC (Allocation Failure)  910409K->591337K(1033216K), 0.0048513 secs]
256.421: Total time for which application threads were stopped: 0.0050231 seconds, Stopping threads took: 0.0000197 seconds
256.489: [GC (Allocation Failure)  910313K->594153K(1033216K), 0.0053320 secs]
256.494: Total time for which application threads were stopped: 0.0055144 seconds, Stopping threads took: 0.0000201 seconds
256.562: [GC (Allocation Failure)  913641K->599435K(1033728K), 0.0046965 secs]
256.566: Total time for which application threads were stopped: 0.0048687 seconds, Stopping threads took: 0.0000169 seconds
256.633: [GC (Allocation Failure)  918923K->599403K(1034752K), 0.0047126 secs]
256.638: Total time for which application threads were stopped: 0.0048815 seconds, Stopping threads took: 0.0000199 seconds
256.704: [GC (Allocation Failure)  920427K->602923K(1034240K), 0.0055972 secs]
256.710: Total time for which application threads were stopped: 0.0057771 seconds, Stopping threads took: 0.0000202 seconds
256.777: [GC (Allocation Failure)  923947K->607437K(1035264K), 0.0049841 secs]
256.782: Total time for which application threads were stopped: 0.0051781 seconds, Stopping threads took: 0.0000202 seconds
256.851: [GC (Allocation Failure)  929485K->607437K(1034752K), 0.0047620 secs]
256.856: Total time for which application threads were stopped: 0.0049290 seconds, Stopping threads took: 0.0000254 seconds
256.923: [GC (Allocation Failure)  929485K->608589K(1034240K), 0.0048930 secs]
256.928: Total time for which application threads were stopped: 0.0050720 seconds, Stopping threads took: 0.0000199 seconds
256.997: [GC (Allocation Failure)  930125K->615632K(1034752K), 0.0046432 secs]
257.002: Total time for which application threads were stopped: 0.0048253 seconds, Stopping threads took: 0.0000328 seconds
257.069: [GC (Allocation Failure)  937168K->615440K(1035264K), 0.0050122 secs]
257.074: Total time for which application threads were stopped: 0.0052046 seconds, Stopping threads took: 0.0000210 seconds
257.143: [GC (Allocation Failure)  938000K->618856K(1035264K), 0.0056173 secs]
257.149: Total time for which application threads were stopped: 0.0057851 seconds, Stopping threads took: 0.0000277 seconds
257.219: [GC (Allocation Failure)  941416K->623594K(1035264K), 0.0046927 secs]
257.223: Total time for which application threads were stopped: 0.0048533 seconds, Stopping threads took: 0.0000196 seconds
257.292: [GC (Allocation Failure)  946154K->623466K(1035264K), 0.0045562 secs]
257.297: Total time for which application threads were stopped: 0.0047298 seconds, Stopping threads took: 0.0000258 seconds
257.363: [GC (Allocation Failure)  946026K->619048K(1035776K), 0.0031606 secs]
257.366: Total time for which application threads were stopped: 0.0033230 seconds, Stopping threads took: 0.0000194 seconds
257.434: [GC (Allocation Failure)  942632K->623530K(1035776K), 0.0049070 secs]
257.439: Total time for which application threads were stopped: 0.0051233 seconds, Stopping threads took: 0.0000225 seconds
257.507: [GC (Allocation Failure)  947114K->623466K(1035776K), 0.0050694 secs]
257.513: Total time for which application threads were stopped: 0.0052794 seconds, Stopping threads took: 0.0000292 seconds
257.582: [GC (Allocation Failure)  947050K->626408K(1034240K), 0.0059753 secs]
257.588: Total time for which application threads were stopped: 0.0061440 seconds, Stopping threads took: 0.0000186 seconds
257.656: [GC (Allocation Failure)  949992K->623530K(1035264K), 0.0047721 secs]
257.661: Total time for which application threads were stopped: 0.0049315 seconds, Stopping threads took: 0.0000193 seconds
257.729: [GC (Allocation Failure)  945578K->623466K(1034752K), 0.0068593 secs]
257.736: Total time for which application threads were stopped: 0.0070722 seconds, Stopping threads took: 0.0000205 seconds
257.805: [GC (Allocation Failure)  945514K->630680K(1030656K), 0.0080366 secs]
257.813: Total time for which application threads were stopped: 0.0082001 seconds, Stopping threads took: 0.0000261 seconds
257.880: [GC (Allocation Failure)  949144K->626202K(1033216K), 0.0048976 secs]
257.885: Total time for which application threads were stopped: 0.0050684 seconds, Stopping threads took: 0.0000191 seconds
257.952: [GC (Allocation Failure)  944666K->625914K(1034752K), 0.0050065 secs]
257.957: Total time for which application threads were stopped: 0.0052002 seconds, Stopping threads took: 0.0000204 seconds
258.024: [GC (Allocation Failure)  946426K->627256K(1033728K), 0.0052823 secs]
258.029: Total time for which application threads were stopped: 0.0054498 seconds, Stopping threads took: 0.0000190 seconds
258.096: [GC (Allocation Failure)  947768K->626106K(1035264K), 0.0048915 secs]
258.101: Total time for which application threads were stopped: 0.0050612 seconds, Stopping threads took: 0.0000199 seconds
258.169: [GC (Allocation Failure)  948154K->625978K(1034752K), 0.0047672 secs]
258.174: Total time for which application threads were stopped: 0.0049373 seconds, Stopping threads took: 0.0000193 seconds
258.241: [GC (Allocation Failure)  948026K->628472K(1034752K), 0.0060038 secs]
258.247: Total time for which application threads were stopped: 0.0061715 seconds, Stopping threads took: 0.0000262 seconds
258.316: [GC (Allocation Failure)  951032K->626074K(1035264K), 0.0049354 secs]
258.321: Total time for which application threads were stopped: 0.0050984 seconds, Stopping threads took: 0.0000196 seconds
258.389: [GC (Allocation Failure)  948634K->625914K(1035776K), 0.0047112 secs]
258.394: Total time for which application threads were stopped: 0.0048826 seconds, Stopping threads took: 0.0000202 seconds
258.460: [GC (Allocation Failure)  949498K->633768K(1035776K), 0.0086464 secs]
258.468: Total time for which application threads were stopped: 0.0088115 seconds, Stopping threads took: 0.0000195 seconds
258.538: [GC (Allocation Failure)  957352K->629130K(1031680K), 0.0049520 secs]
258.543: Total time for which application threads were stopped: 0.0051121 seconds, Stopping threads took: 0.0000192 seconds
258.609: [GC (Allocation Failure)  948618K->629066K(1033728K), 0.0047888 secs]
258.614: Total time for which application threads were stopped: 0.0049648 seconds, Stopping threads took: 0.0000207 seconds
258.680: [GC (Allocation Failure)  948554K->636032K(1031168K), 0.0077626 secs]
258.688: Total time for which application threads were stopped: 0.0079230 seconds, Stopping threads took: 0.0000195 seconds
258.755: [GC (Allocation Failure)  953472K->629762K(1032704K), 0.0058619 secs]
258.761: Total time for which application threads were stopped: 0.0060346 seconds, Stopping threads took: 0.0000201 seconds
258.828: [GC (Allocation Failure)  947202K->629762K(1033216K), 0.0045462 secs]
258.833: Total time for which application threads were stopped: 0.0047397 seconds, Stopping threads took: 0.0000275 seconds
258.900: [GC (Allocation Failure)  947714K->626240K(1032704K), 0.0034602 secs]
258.904: Total time for which application threads were stopped: 0.0036079 seconds, Stopping threads took: 0.0000163 seconds
258.970: [GC (Allocation Failure)  944192K->629986K(1033728K), 0.0050829 secs]
258.975: Total time for which application threads were stopped: 0.0052457 seconds, Stopping threads took: 0.0000196 seconds
259.041: [GC (Allocation Failure)  948962K->629762K(1033216K), 0.0049489 secs]
259.046: Total time for which application threads were stopped: 0.0051189 seconds, Stopping threads took: 0.0000199 seconds
259.113: [GC (Allocation Failure)  948738K->630890K(1032192K), 0.0048645 secs]
259.118: Total time for which application threads were stopped: 0.0050566 seconds, Stopping threads took: 0.0000199 seconds
259.188: [GC (Allocation Failure)  949354K->637836K(1033216K), 0.0048628 secs]
259.194: Total time for which application threads were stopped: 0.0050799 seconds, Stopping threads took: 0.0000197 seconds
259.260: [GC (Allocation Failure)  956300K->637804K(1034752K), 0.0049368 secs]
259.265: Total time for which application threads were stopped: 0.0050929 seconds, Stopping threads took: 0.0000191 seconds
259.334: [GC (Allocation Failure)  958316K->641228K(1033728K), 0.0056335 secs]
259.340: Total time for which application threads were stopped: 0.0058048 seconds, Stopping threads took: 0.0000276 seconds
259.409: [GC (Allocation Failure)  961740K->645934K(1034752K), 0.0048845 secs]
259.414: Total time for which application threads were stopped: 0.0050415 seconds, Stopping threads took: 0.0000199 seconds
259.481: [GC (Allocation Failure)  966958K->645838K(1034240K), 0.0051066 secs]
259.486: Total time for which application threads were stopped: 0.0052758 seconds, Stopping threads took: 0.0000191 seconds
259.553: [GC (Allocation Failure)  966862K->648390K(1034240K), 0.0052490 secs]
259.558: Total time for which application threads were stopped: 0.0054303 seconds, Stopping threads took: 0.0000169 seconds
259.627: [GC (Allocation Failure)  969926K->653929K(1034752K), 0.0048232 secs]
259.632: Total time for which application threads were stopped: 0.0050014 seconds, Stopping threads took: 0.0000201 seconds
259.701: [GC (Allocation Failure)  975465K->653865K(1035264K), 0.0048430 secs]
259.706: Total time for which application threads were stopped: 0.0050007 seconds, Stopping threads took: 0.0000246 seconds
259.772: [GC (Allocation Failure)  976425K->654601K(1022976K), 0.0050392 secs]
259.778: Total time for which application threads were stopped: 0.0052234 seconds, Stopping threads took: 0.0000193 seconds
259.847: [GC (Allocation Failure)  977161K->661899K(1035264K), 0.0049669 secs]
259.852: Total time for which application threads were stopped: 0.0051431 seconds, Stopping threads took: 0.0000261 seconds
259.919: [GC (Allocation Failure)  983947K->661931K(1034752K), 0.0048749 secs]
259.924: Total time for which application threads were stopped: 0.0050504 seconds, Stopping threads took: 0.0000261 seconds
259.992: [GC (Allocation Failure)  983979K->665891K(1035264K), 0.0060205 secs]
259.998: Total time for which application threads were stopped: 0.0061818 seconds, Stopping threads took: 0.0000199 seconds
260.066: [GC (Allocation Failure)  988451K->670149K(1035264K), 0.0048044 secs]
260.070: Total time for which application threads were stopped: 0.0049933 seconds, Stopping threads took: 0.0000191 seconds
260.139: [GC (Allocation Failure)  992709K->669925K(1035264K), 0.0049720 secs]
260.144: Total time for which application threads were stopped: 0.0051275 seconds, Stopping threads took: 0.0000163 seconds
260.211: [GC (Allocation Failure)  992485K->661955K(1022464K), 0.0018013 secs]
260.213: Total time for which application threads were stopped: 0.0019608 seconds, Stopping threads took: 0.0000278 seconds
260.280: [GC (Allocation Failure)  984515K->670085K(1034752K), 0.0054022 secs]
260.285: Total time for which application threads were stopped: 0.0055680 seconds, Stopping threads took: 0.0000221 seconds
260.356: [GC (Allocation Failure)  991621K->669925K(1034752K), 0.0047498 secs]
260.360: Total time for which application threads were stopped: 0.0049051 seconds, Stopping threads took: 0.0000167 seconds
260.427: [GC (Allocation Failure)  991461K->664227K(1034240K), 0.0026322 secs]
260.429: Total time for which application threads were stopped: 0.0028063 seconds, Stopping threads took: 0.0000195 seconds
260.498: [GC (Allocation Failure)  985763K->669989K(1034752K), 0.0091006 secs]
260.507: Total time for which application threads were stopped: 0.0092620 seconds, Stopping threads took: 0.0000194 seconds
260.575: [GC (Allocation Failure)  991525K->669925K(1035264K), 0.0051708 secs]
260.580: Total time for which application threads were stopped: 0.0053320 seconds, Stopping threads took: 0.0000199 seconds
260.648: [GC (Allocation Failure)  991973K->665923K(1034752K), 0.0043605 secs]
260.653: Total time for which application threads were stopped: 0.0045266 seconds, Stopping threads took: 0.0000192 seconds
260.721: [GC (Allocation Failure)  987971K->669957K(1035264K), 0.0047761 secs]
260.726: Total time for which application threads were stopped: 0.0049517 seconds, Stopping threads took: 0.0000208 seconds
260.794: [GC (Allocation Failure)  992517K->669957K(1035264K), 0.0047829 secs]
260.799: Total time for which application threads were stopped: 0.0049455 seconds, Stopping threads took: 0.0000195 seconds
260.866: [GC (Allocation Failure)  992517K->669731K(1035776K), 0.0062277 secs]
260.872: Total time for which application threads were stopped: 0.0064008 seconds, Stopping threads took: 0.0000253 seconds
260.942: [GC (Allocation Failure)  992803K->670213K(1035264K), 0.0050117 secs]
260.947: Total time for which application threads were stopped: 0.0051803 seconds, Stopping threads took: 0.0000216 seconds
261.015: [GC (Allocation Failure)  993285K->669957K(1035776K), 0.0049084 secs]
261.020: Total time for which application threads were stopped: 0.0050728 seconds, Stopping threads took: 0.0000199 seconds
261.088: [GC (Allocation Failure)  993541K->676075K(1035776K), 0.0075787 secs]
261.096: Total time for which application threads were stopped: 0.0077723 seconds, Stopping threads took: 0.0000193 seconds
261.165: [GC (Allocation Failure)  999659K->671565K(1032704K), 0.0048934 secs]
261.170: Total time for which application threads were stopped: 0.0050414 seconds, Stopping threads took: 0.0000164 seconds
261.239: [GC (Allocation Failure)  992077K->671341K(1034240K), 0.0045906 secs]
261.244: Total time for which application threads were stopped: 0.0047576 seconds, Stopping threads took: 0.0000195 seconds
261.312: [GC (Allocation Failure)  991853K->678723K(1029632K), 0.0081453 secs]
261.320: Total time for which application threads were stopped: 0.0083464 seconds, Stopping threads took: 0.0000253 seconds
261.388: [GC (Allocation Failure)  995139K->673093K(1032192K), 0.0049087 secs]
261.393: Total time for which application threads were stopped: 0.0050596 seconds, Stopping threads took: 0.0000167 seconds
261.460: [GC (Allocation Failure)  989509K->672965K(1033728K), 0.0060271 secs]
261.466: Total time for which application threads were stopped: 0.0061972 seconds, Stopping threads took: 0.0000199 seconds
261.534: [GC (Allocation Failure)  991941K->668835K(1033216K), 0.0032478 secs]
261.537: Total time for which application threads were stopped: 0.0034039 seconds, Stopping threads took: 0.0000166 seconds
261.604: [GC (Allocation Failure)  987811K->673061K(1034240K), 0.0049126 secs]
261.609: Total time for which application threads were stopped: 0.0051075 seconds, Stopping threads took: 0.0000212 seconds
261.677: [GC (Allocation Failure)  993061K->672997K(1033728K), 0.0051220 secs]
261.682: Total time for which application threads were stopped: 0.0052920 seconds, Stopping threads took: 0.0000200 seconds
261.747: [GC (Allocation Failure)  992997K->676525K(1034752K), 0.0059162 secs]
261.753: Total time for which application threads were stopped: 0.0060880 seconds, Stopping threads took: 0.0000199 seconds
261.820: [GC (Allocation Failure)  998061K->681039K(1034752K), 0.0048332 secs]
261.825: Total time for which application threads were stopped: 0.0050081 seconds, Stopping threads took: 0.0000265 seconds
261.891: [GC (Allocation Failure)  1002575K->681007K(1035264K), 0.0050690 secs]
261.897: Total time for which application threads were stopped: 0.0052644 seconds, Stopping threads took: 0.0000263 seconds
261.964: [GC (Allocation Failure)  1003055K->674189K(1034752K), 0.0022286 secs]
261.967: Total time for which application threads were stopped: 0.0023750 seconds, Stopping threads took: 0.0000191 seconds
262.034: [GC (Allocation Failure)  996237K->681263K(1034752K), 0.0049510 secs]
262.039: Total time for which application threads were stopped: 0.0051174 seconds, Stopping threads took: 0.0000200 seconds
262.107: [GC (Allocation Failure)  1002799K->681007K(1034752K), 0.0048095 secs]
262.112: Total time for which application threads were stopped: 0.0049651 seconds, Stopping threads took: 0.0000191 seconds
262.178: [GC (Allocation Failure)  1002543K->675885K(1035264K), 0.0030863 secs]
262.181: Total time for which application threads were stopped: 0.0032437 seconds, Stopping threads took: 0.0000192 seconds
262.249: [GC (Allocation Failure)  998445K->681199K(1035264K), 0.0051983 secs]
262.255: Total time for which application threads were stopped: 0.0053666 seconds, Stopping threads took: 0.0000185 seconds
262.323: [GC (Allocation Failure)  1003759K->681007K(1035264K), 0.0049516 secs]
262.328: Total time for which application threads were stopped: 0.0051255 seconds, Stopping threads took: 0.0000197 seconds
262.394: [GC (Allocation Failure)  1003567K->680205K(1035264K), 0.0046782 secs]
262.399: Total time for which application threads were stopped: 0.0048432 seconds, Stopping threads took: 0.0000268 seconds
262.466: [GC (Allocation Failure)  1002765K->681103K(1036288K), 0.0049277 secs]
262.471: Total time for which application threads were stopped: 0.0050892 seconds, Stopping threads took: 0.0000188 seconds
262.540: [GC (Allocation Failure)  1005199K->681039K(1035776K), 0.0050247 secs]
262.546: Total time for which application threads were stopped: 0.0052014 seconds, Stopping threads took: 0.0000202 seconds
262.613: [GC (Allocation Failure)  1005135K->687525K(1032192K), 0.0080985 secs]
262.621: Total time for which application threads were stopped: 0.0082785 seconds, Stopping threads took: 0.0000183 seconds
262.689: [GC (Allocation Failure)  1008037K->683367K(1034240K), 0.0049054 secs]
262.694: Total time for which application threads were stopped: 0.0050934 seconds, Stopping threads took: 0.0000209 seconds
262.763: [GC (Allocation Failure)  1003879K->683271K(1035264K), 0.0050391 secs]
262.768: Total time for which application threads were stopped: 0.0052048 seconds, Stopping threads took: 0.0000192 seconds
262.837: [GC (Allocation Failure)  1005319K->689517K(1034752K), 0.0076100 secs]
262.844: Total time for which application threads were stopped: 0.0077862 seconds, Stopping threads took: 0.0000276 seconds
262.911: [GC (Allocation Failure)  1011565K->684303K(1032704K), 0.0051376 secs]
262.917: Total time for which application threads were stopped: 0.0053107 seconds, Stopping threads took: 0.0000209 seconds
262.983: [GC (Allocation Failure)  1003791K->684271K(1033728K), 0.0049843 secs]
262.988: Total time for which application threads were stopped: 0.0051440 seconds, Stopping threads took: 0.0000196 seconds
263.054: [GC (Allocation Failure)  1003759K->688173K(1033216K), 0.0065866 secs]
263.061: Total time for which application threads were stopped: 0.0067471 seconds, Stopping threads took: 0.0000193 seconds
263.128: [GC (Allocation Failure)  1007661K->684463K(1033728K), 0.0049981 secs]
263.133: Total time for which application threads were stopped: 0.0051826 seconds, Stopping threads took: 0.0000191 seconds
263.201: [GC (Allocation Failure)  1003951K->684303K(1034752K), 0.0049394 secs]
263.206: Total time for which application threads were stopped: 0.0050966 seconds, Stopping threads took: 0.0000171 seconds
263.273: [GC (Allocation Failure)  1005327K->684781K(1034240K), 0.0051957 secs]
263.278: Total time for which application threads were stopped: 0.0053643 seconds, Stopping threads took: 0.0000196 seconds
263.345: [GC (Allocation Failure)  1005805K->684431K(1035264K), 0.0048498 secs]
263.350: Total time for which application threads were stopped: 0.0050185 seconds, Stopping threads took: 0.0000262 seconds
263.418: [GC (Allocation Failure)  1006991K->684271K(1035264K), 0.0048726 secs]
263.423: Total time for which application threads were stopped: 0.0050340 seconds, Stopping threads took: 0.0000199 seconds
263.493: [GC (Allocation Failure)  1006831K->687565K(1034752K), 0.0063297 secs]
263.499: Total time for which application threads were stopped: 0.0065252 seconds, Stopping threads took: 0.0000197 seconds
263.568: [GC (Allocation Failure)  1010125K->684399K(1035264K), 0.0048303 secs]
263.573: Total time for which application threads were stopped: 0.0050003 seconds, Stopping threads took: 0.0000196 seconds
263.642: [GC (Allocation Failure)  1006959K->684271K(1035776K), 0.0048762 secs]
263.647: Total time for which application threads were stopped: 0.0050577 seconds, Stopping threads took: 0.0000199 seconds
263.716: [GC (Allocation Failure)  1007343K->692325K(1035264K), 0.0089102 secs]
263.725: Total time for which application threads were stopped: 0.0090817 seconds, Stopping threads took: 0.0000195 seconds
263.795: [GC (Allocation Failure)  1015397K->687655K(1032192K), 0.0047526 secs]
263.800: Total time for which application threads were stopped: 0.0049114 seconds, Stopping threads took: 0.0000258 seconds
263.867: [GC (Allocation Failure)  1007143K->687623K(1033728K), 0.0049498 secs]
263.872: Total time for which application threads were stopped: 0.0051132 seconds, Stopping threads took: 0.0000197 seconds
263.940: [GC (Allocation Failure)  1007111K->694317K(1030144K), 0.0079214 secs]
263.948: Total time for which application threads were stopped: 0.0081135 seconds, Stopping threads took: 0.0000195 seconds
264.016: [GC (Allocation Failure)  1010733K->688271K(1032192K), 0.0049649 secs]
264.021: Total time for which application threads were stopped: 0.0051368 seconds, Stopping threads took: 0.0000190 seconds
264.088: [GC (Allocation Failure)  1004687K->688079K(1033216K), 0.0052360 secs]
264.093: Total time for which application threads were stopped: 0.0054053 seconds, Stopping threads took: 0.0000198 seconds
264.158: [GC (Allocation Failure)  1006031K->682189K(1032704K), 0.0027313 secs]
264.161: Total time for which application threads were stopped: 0.0028944 seconds, Stopping threads took: 0.0000187 seconds
264.231: [GC (Allocation Failure)  1000141K->688239K(1033216K), 0.0065508 secs]
264.237: Total time for which application threads were stopped: 0.0067225 seconds, Stopping threads took: 0.0000199 seconds
264.305: [GC (Allocation Failure)  1006191K->688047K(1032704K), 0.0048505 secs]
264.309: Total time for which application threads were stopped: 0.0050071 seconds, Stopping threads took: 0.0000249 seconds
264.374: [GC (Allocation Failure)  1005999K->688871K(1031680K), 0.0049506 secs]
264.379: [Full GC (Ergonomics)  688871K->9327K(1031680K), 0.0142549 secs]
264.394: Total time for which application threads were stopped: 0.0194615 seconds, Stopping threads took: 0.0000169 seconds
264.461: [GC (Allocation Failure)  326767K->18641K(1032704K), 0.0037592 secs]
264.465: Total time for which application threads were stopped: 0.0039200 seconds, Stopping threads took: 0.0000200 seconds
264.533: [GC (Allocation Failure)  336081K->18641K(1033728K), 0.0037056 secs]
264.537: Total time for which application threads were stopped: 0.0038573 seconds, Stopping threads took: 0.0000169 seconds
264.603: [GC (Allocation Failure)  337617K->22249K(1033216K), 0.0044930 secs]
264.608: Total time for which application threads were stopped: 0.0046637 seconds, Stopping threads took: 0.0000200 seconds
264.675: [GC (Allocation Failure)  341225K->26731K(1034240K), 0.0036620 secs]
264.679: Total time for which application threads were stopped: 0.0038321 seconds, Stopping threads took: 0.0000203 seconds
264.744: [GC (Allocation Failure)  346731K->26699K(1033728K), 0.0038575 secs]
264.748: Total time for which application threads were stopped: 0.0040314 seconds, Stopping threads took: 0.0000200 seconds
264.813: [GC (Allocation Failure)  346699K->29995K(1034752K), 0.0043767 secs]
264.818: Total time for which application threads were stopped: 0.0045411 seconds, Stopping threads took: 0.0000249 seconds
264.886: [GC (Allocation Failure)  351531K->34734K(1034752K), 0.0038600 secs]
264.890: Total time for which application threads were stopped: 0.0040235 seconds, Stopping threads took: 0.0000207 seconds
264.958: [GC (Allocation Failure)  356270K->34734K(1035264K), 0.0036723 secs]
264.962: Total time for which application threads were stopped: 0.0038628 seconds, Stopping threads took: 0.0000287 seconds
265.029: [GC (Allocation Failure)  356782K->35654K(1034752K), 0.0038059 secs]
265.033: Total time for which application threads were stopped: 0.0039787 seconds, Stopping threads took: 0.0000200 seconds
265.101: [GC (Allocation Failure)  357702K->42696K(1034752K), 0.0036994 secs]
265.105: Total time for which application threads were stopped: 0.0038780 seconds, Stopping threads took: 0.0000216 seconds
265.171: [GC (Allocation Failure)  364232K->42760K(1034752K), 0.0038084 secs]
265.174: Total time for which application threads were stopped: 0.0039693 seconds, Stopping threads took: 0.0000196 seconds
265.239: [GC (Allocation Failure)  364296K->45448K(1035264K), 0.0044260 secs]
265.244: Total time for which application threads were stopped: 0.0045987 seconds, Stopping threads took: 0.0000195 seconds
265.312: [GC (Allocation Failure)  368008K->50794K(1035264K), 0.0036567 secs]
265.316: Total time for which application threads were stopped: 0.0038245 seconds, Stopping threads took: 0.0000281 seconds
265.384: [GC (Allocation Failure)  373354K->50762K(1035264K), 0.0044431 secs]
265.389: Total time for which application threads were stopped: 0.0047463 seconds, Stopping threads took: 0.0000188 seconds
265.456: [GC (Allocation Failure)  373322K->53674K(1035264K), 0.0041894 secs]
265.460: Total time for which application threads were stopped: 0.0043492 seconds, Stopping threads took: 0.0000193 seconds
265.529: [GC (Allocation Failure)  376234K->58924K(1035264K), 0.0037241 secs]
265.533: Total time for which application threads were stopped: 0.0038830 seconds, Stopping threads took: 0.0000200 seconds
265.601: [GC (Allocation Failure)  381484K->58828K(1035264K), 0.0038366 secs]
265.605: Total time for which application threads were stopped: 0.0040033 seconds, Stopping threads took: 0.0000193 seconds
265.671: [GC (Allocation Failure)  381388K->61892K(1035264K), 0.0046105 secs]
265.675: Total time for which application threads were stopped: 0.0047799 seconds, Stopping threads took: 0.0000196 seconds
265.743: [GC (Allocation Failure)  384452K->66887K(1035264K), 0.0039376 secs]
265.748: Total time for which application threads were stopped: 0.0041114 seconds, Stopping threads took: 0.0000202 seconds
265.816: [GC (Allocation Failure)  389447K->66823K(1035264K), 0.0036973 secs]
265.820: Total time for which application threads were stopped: 0.0038637 seconds, Stopping threads took: 0.0000197 seconds
265.887: [GC (Allocation Failure)  389383K->70119K(1035264K), 0.0045644 secs]
265.892: Total time for which application threads were stopped: 0.0047620 seconds, Stopping threads took: 0.0000200 seconds
265.961: [GC (Allocation Failure)  392679K->74889K(1035264K), 0.0037909 secs]
265.965: Total time for which application threads were stopped: 0.0039558 seconds, Stopping threads took: 0.0000202 seconds
266.033: [GC (Allocation Failure)  397449K->74857K(1035264K), 0.0040626 secs]
266.037: Total time for which application threads were stopped: 0.0042400 seconds, Stopping threads took: 0.0000202 seconds
266.103: [GC (Allocation Failure)  397417K->78385K(1035776K), 0.0066320 secs]
266.110: Total time for which application threads were stopped: 0.0068060 seconds, Stopping threads took: 0.0000217 seconds
266.178: [GC (Allocation Failure)  401969K->83123K(1035776K), 0.0039964 secs]
266.182: Total time for which application threads were stopped: 0.0041686 seconds, Stopping threads took: 0.0000224 seconds
266.252: [GC (Allocation Failure)  406707K->82899K(1035776K), 0.0037476 secs]
266.256: Total time for which application threads were stopped: 0.0039263 seconds, Stopping threads took: 0.0000207 seconds
266.325: [GC (Allocation Failure)  406483K->81649K(1035776K), 0.0033523 secs]
266.328: Total time for which application threads were stopped: 0.0035243 seconds, Stopping threads took: 0.0000254 seconds
266.396: [GC (Allocation Failure)  405233K->83059K(1036288K), 0.0039076 secs]
266.400: Total time for which application threads were stopped: 0.0040790 seconds, Stopping threads took: 0.0000195 seconds
266.469: [GC (Allocation Failure)  407667K->82931K(1036288K), 0.0038739 secs]
266.473: Total time for which application threads were stopped: 0.0040441 seconds, Stopping threads took: 0.0000195 seconds
266.541: [GC (Allocation Failure)  407539K->91017K(1030144K), 0.0078288 secs]
266.549: Total time for which application threads were stopped: 0.0079968 seconds, Stopping threads took: 0.0000188 seconds
266.616: [GC (Allocation Failure)  409481K->86891K(1033216K), 0.0037537 secs]
266.620: Total time for which application threads were stopped: 0.0039154 seconds, Stopping threads took: 0.0000194 seconds
266.686: [GC (Allocation Failure)  405355K->86795K(1034752K), 0.0037474 secs]
266.689: Total time for which application threads were stopped: 0.0039316 seconds, Stopping threads took: 0.0000408 seconds
266.757: [GC (Allocation Failure)  407819K->89513K(1034240K), 0.0049866 secs]
266.762: Total time for which application threads were stopped: 0.0051572 seconds, Stopping threads took: 0.0000199 seconds
266.830: [GC (Allocation Failure)  410537K->86859K(1034752K), 0.0036396 secs]
266.834: Total time for which application threads were stopped: 0.0038395 seconds, Stopping threads took: 0.0000259 seconds
266.903: [GC (Allocation Failure)  407883K->86827K(1034240K), 0.0038202 secs]
266.907: Total time for which application threads were stopped: 0.0039665 seconds, Stopping threads took: 0.0000168 seconds
266.975: [GC (Allocation Failure)  407851K->89193K(1034240K), 0.0048190 secs]
266.979: Total time for which application threads were stopped: 0.0049789 seconds, Stopping threads took: 0.0000191 seconds
267.048: [GC (Allocation Failure)  410729K->87051K(1034752K), 0.0039070 secs]
267.052: Total time for which application threads were stopped: 0.0040853 seconds, Stopping threads took: 0.0000283 seconds
267.119: [GC (Allocation Failure)  408587K->86827K(1035776K), 0.0038224 secs]
267.123: Total time for which application threads were stopped: 0.0039819 seconds, Stopping threads took: 0.0000194 seconds
267.190: [GC (Allocation Failure)  409899K->91913K(1035264K), 0.0077378 secs]
267.198: Total time for which application threads were stopped: 0.0079067 seconds, Stopping threads took: 0.0000199 seconds
267.264: [GC (Allocation Failure)  414985K->87339K(1034240K), 0.0044775 secs]
267.269: Total time for which application threads were stopped: 0.0046388 seconds, Stopping threads took: 0.0000192 seconds
267.337: [GC (Allocation Failure)  408875K->87211K(1034752K), 0.0039894 secs]
267.341: Total time for which application threads were stopped: 0.0041553 seconds, Stopping threads took: 0.0000200 seconds
267.407: [GC (Allocation Failure)  408747K->95073K(1030144K), 0.0075142 secs]
267.414: Total time for which application threads were stopped: 0.0076797 seconds, Stopping threads took: 0.0000265 seconds
267.480: [GC (Allocation Failure)  412513K->89955K(1032704K), 0.0039462 secs]
267.484: Total time for which application threads were stopped: 0.0041066 seconds, Stopping threads took: 0.0000192 seconds
267.555: [GC (Allocation Failure)  407395K->89859K(1033728K), 0.0038295 secs]
267.559: Total time for which application threads were stopped: 0.0039999 seconds, Stopping threads took: 0.0000197 seconds
267.626: [GC (Allocation Failure)  408835K->88225K(1033216K), 0.0033297 secs]
267.629: Total time for which application threads were stopped: 0.0035061 seconds, Stopping threads took: 0.0000198 seconds
267.697: [GC (Allocation Failure)  407201K->89923K(1034240K), 0.0039126 secs]
267.701: Total time for which application threads were stopped: 0.0040845 seconds, Stopping threads took: 0.0000200 seconds
267.768: [GC (Allocation Failure)  409923K->89827K(1033728K), 0.0036468 secs]
267.772: Total time for which application threads were stopped: 0.0038117 seconds, Stopping threads took: 0.0000197 seconds
267.840: [GC (Allocation Failure)  409827K->83809K(1032704K), 0.0013722 secs]
267.841: Total time for which application threads were stopped: 0.0015157 seconds, Stopping threads took: 0.0000256 seconds
267.908: [GC (Allocation Failure)  403297K->89859K(1033728K), 0.0039556 secs]
267.912: Total time for which application threads were stopped: 0.0041447 seconds, Stopping threads took: 0.0000192 seconds
267.981: [GC (Allocation Failure)  409347K->89827K(1035264K), 0.0040781 secs]
267.985: Total time for which application threads were stopped: 0.0042330 seconds, Stopping threads took: 0.0000193 seconds
268.052: [GC (Allocation Failure)  411875K->93611K(1034752K), 0.0057387 secs]
268.058: Total time for which application threads were stopped: 0.0059440 seconds, Stopping threads took: 0.0000277 seconds
268.127: [GC (Allocation Failure)  415659K->98094K(1035264K), 0.0043388 secs]
268.131: Total time for which application threads were stopped: 0.0045278 seconds, Stopping threads took: 0.0000172 seconds
268.200: [GC (Allocation Failure)  420142K->97838K(1034752K), 0.0042705 secs]
268.205: Total time for which application threads were stopped: 0.0044434 seconds, Stopping threads took: 0.0000247 seconds
268.272: [GC (Allocation Failure)  419886K->92235K(1034752K), 0.0054565 secs]
268.278: Total time for which application threads were stopped: 0.0055932 seconds, Stopping threads took: 0.0000248 seconds
268.345: [GC (Allocation Failure)  414795K->98062K(1035264K), 0.0039803 secs]
268.349: Total time for which application threads were stopped: 0.0041426 seconds, Stopping threads took: 0.0000191 seconds
268.416: [GC (Allocation Failure)  420622K->97902K(1035776K), 0.0039172 secs]
268.420: Total time for which application threads were stopped: 0.0040828 seconds, Stopping threads took: 0.0000201 seconds
268.488: [GC (Allocation Failure)  420974K->97067K(1035264K), 0.0036084 secs]
268.492: Total time for which application threads were stopped: 0.0037717 seconds, Stopping threads took: 0.0000189 seconds
268.559: [GC (Allocation Failure)  420139K->97998K(1036288K), 0.0039151 secs]
268.563: Total time for which application threads were stopped: 0.0040948 seconds, Stopping threads took: 0.0000192 seconds
268.632: [GC (Allocation Failure)  422606K->97902K(1036288K), 0.0039601 secs]
268.636: Total time for which application threads were stopped: 0.0041362 seconds, Stopping threads took: 0.0000203 seconds
268.703: [GC (Allocation Failure)  422510K->105963K(1030656K), 0.0076412 secs]
268.711: Total time for which application threads were stopped: 0.0078146 seconds, Stopping threads took: 0.0000189 seconds
268.779: [GC (Allocation Failure)  425451K->102318K(1033728K), 0.0040988 secs]
268.783: Total time for which application threads were stopped: 0.0042592 seconds, Stopping threads took: 0.0000183 seconds
268.851: [GC (Allocation Failure)  421806K->102286K(1034752K), 0.0038781 secs]
268.855: Total time for which application threads were stopped: 0.0040523 seconds, Stopping threads took: 0.0000205 seconds
268.920: [GC (Allocation Failure)  423310K->106987K(1033216K), 0.0057413 secs]
268.926: Total time for which application threads were stopped: 0.0059120 seconds, Stopping threads took: 0.0000195 seconds
268.993: [GC (Allocation Failure)  428011K->102254K(1034240K), 0.0040114 secs]
268.997: Total time for which application threads were stopped: 0.0041969 seconds, Stopping threads took: 0.0000214 seconds
269.067: [GC (Allocation Failure)  422254K->102286K(1033728K), 0.0036754 secs]
269.071: Total time for which application threads were stopped: 0.0038313 seconds, Stopping threads took: 0.0000172 seconds
269.138: [GC (Allocation Failure)  422286K->104619K(1033728K), 0.0048221 secs]
269.143: Total time for which application threads were stopped: 0.0049931 seconds, Stopping threads took: 0.0000200 seconds
269.212: [GC (Allocation Failure)  425131K->102446K(1034240K), 0.0035516 secs]
269.215: Total time for which application threads were stopped: 0.0037026 seconds, Stopping threads took: 0.0000169 seconds
269.283: [GC (Allocation Failure)  422958K->102286K(1035264K), 0.0037356 secs]
269.287: Total time for which application threads were stopped: 0.0039049 seconds, Stopping threads took: 0.0000200 seconds
269.356: [GC (Allocation Failure)  424334K->104331K(1034752K), 0.0045448 secs]
269.360: Total time for which application threads were stopped: 0.0047137 seconds, Stopping threads took: 0.0000271 seconds
269.430: [GC (Allocation Failure)  426379K->102414K(1035264K), 0.0035622 secs]
269.433: Total time for which application threads were stopped: 0.0037949 seconds, Stopping threads took: 0.0000199 seconds
269.503: [GC (Allocation Failure)  424974K->102222K(1035264K), 0.0045903 secs]
269.507: Total time for which application threads were stopped: 0.0047481 seconds, Stopping threads took: 0.0000240 seconds
269.575: [GC (Allocation Failure)  424782K->108059K(1032704K), 0.0064372 secs]
269.581: Total time for which application threads were stopped: 0.0065930 seconds, Stopping threads took: 0.0000187 seconds
269.647: [GC (Allocation Failure)  428571K->103454K(1034240K), 0.0039870 secs]
269.651: Total time for which application threads were stopped: 0.0041485 seconds, Stopping threads took: 0.0000195 seconds
269.720: [GC (Allocation Failure)  423966K->103326K(1034752K), 0.0039257 secs]
269.724: Total time for which application threads were stopped: 0.0040913 seconds, Stopping threads took: 0.0000197 seconds
269.792: [GC (Allocation Failure)  424862K->108379K(1034240K), 0.0061579 secs]
269.798: Total time for which application threads were stopped: 0.0063243 seconds, Stopping threads took: 0.0000191 seconds
269.864: [GC (Allocation Failure)  429915K->103390K(1034240K), 0.0040025 secs]
269.869: Total time for which application threads were stopped: 0.0041653 seconds, Stopping threads took: 0.0000200 seconds
269.937: [GC (Allocation Failure)  423902K->103358K(1034240K), 0.0038625 secs]
269.941: Total time for which application threads were stopped: 0.0040288 seconds, Stopping threads took: 0.0000215 seconds
270.008: [GC (Allocation Failure)  423870K->107483K(1033216K), 0.0055572 secs]
270.014: Total time for which application threads were stopped: 0.0057573 seconds, Stopping threads took: 0.0000213 seconds
270.083: [GC (Allocation Failure)  426971K->103582K(1033728K), 0.0037879 secs]
270.087: Total time for which application threads were stopped: 0.0039407 seconds, Stopping threads took: 0.0000164 seconds
270.154: [GC (Allocation Failure)  423070K->103358K(1034240K), 0.0037355 secs]
270.158: Total time for which application threads were stopped: 0.0039002 seconds, Stopping threads took: 0.0000206 seconds
270.229: [GC (Allocation Failure)  423870K->103611K(1034240K), 0.0039970 secs]
270.233: Total time for which application threads were stopped: 0.0041776 seconds, Stopping threads took: 0.0000204 seconds
270.303: [GC (Allocation Failure)  424123K->103486K(1034752K), 0.0037972 secs]
270.307: Total time for which application threads were stopped: 0.0039756 seconds, Stopping threads took: 0.0000261 seconds
270.376: [GC (Allocation Failure)  425022K->103326K(1034752K), 0.0037569 secs]
270.380: Total time for which application threads were stopped: 0.0039051 seconds, Stopping threads took: 0.0000165 seconds
270.446: [GC (Allocation Failure)  424862K->103835K(1035776K), 0.0041372 secs]
270.450: Total time for which application threads were stopped: 0.0042975 seconds, Stopping threads took: 0.0000190 seconds
270.520: [GC (Allocation Failure)  426907K->103486K(1035264K), 0.0050408 secs]
270.525: Total time for which application threads were stopped: 0.0051977 seconds, Stopping threads took: 0.0000254 seconds
270.594: [GC (Allocation Failure)  426558K->103358K(1036288K), 0.0039415 secs]
270.598: Total time for which application threads were stopped: 0.0041717 seconds, Stopping threads took: 0.0000194 seconds
270.668: [GC (Allocation Failure)  427454K->110667K(1035776K), 0.0073456 secs]
270.675: Total time for which application threads were stopped: 0.0075040 seconds, Stopping threads took: 0.0000165 seconds
270.744: [GC (Allocation Failure)  434763K->106574K(1032704K), 0.0038602 secs]
270.748: Total time for which application threads were stopped: 0.0040298 seconds, Stopping threads took: 0.0000193 seconds
270.815: [GC (Allocation Failure)  427086K->106446K(1034240K), 0.0037633 secs]
270.819: Total time for which application threads were stopped: 0.0039226 seconds, Stopping threads took: 0.0000274 seconds
270.886: [GC (Allocation Failure)  426958K->99115K(1033216K), 0.0009829 secs]
270.887: Total time for which application threads were stopped: 0.0011024 seconds, Stopping threads took: 0.0000199 seconds
270.958: [GC (Allocation Failure)  418603K->106518K(1033728K), 0.0038301 secs]
270.962: Total time for which application threads were stopped: 0.0040220 seconds, Stopping threads took: 0.0000189 seconds
271.031: [GC (Allocation Failure)  426006K->110598K(1034752K), 0.0049479 secs]
271.036: Total time for which application threads were stopped: 0.0051139 seconds, Stopping threads took: 0.0000197 seconds
271.103: [GC (Allocation Failure)  431622K->116323K(1034240K), 0.0062621 secs]
271.109: Total time for which application threads were stopped: 0.0064344 seconds, Stopping threads took: 0.0000194 seconds
271.177: [GC (Allocation Failure)  437347K->110854K(1033216K), 0.0039028 secs]
271.181: Total time for which application threads were stopped: 0.0040732 seconds, Stopping threads took: 0.0000190 seconds
271.246: [GC (Allocation Failure)  430342K->110598K(1033728K), 0.0038849 secs]
271.250: Total time for which application threads were stopped: 0.0040445 seconds, Stopping threads took: 0.0000196 seconds
271.320: [GC (Allocation Failure)  430086K->112931K(1034240K), 0.0047966 secs]
271.325: Total time for which application threads were stopped: 0.0049716 seconds, Stopping threads took: 0.0000276 seconds
271.392: [GC (Allocation Failure)  433443K->110790K(1034240K), 0.0038668 secs]
271.396: Total time for which application threads were stopped: 0.0040302 seconds, Stopping threads took: 0.0000201 seconds
271.464: [GC (Allocation Failure)  431302K->110598K(1034752K), 0.0038714 secs]
271.468: Total time for which application threads were stopped: 0.0040412 seconds, Stopping threads took: 0.0000206 seconds
271.536: [GC (Allocation Failure)  431622K->111587K(1034240K), 0.0043110 secs]
271.540: Total time for which application threads were stopped: 0.0044725 seconds, Stopping threads took: 0.0000195 seconds
271.608: [GC (Allocation Failure)  432611K->110726K(1035776K), 0.0045428 secs]
271.612: Total time for which application threads were stopped: 0.0047068 seconds, Stopping threads took: 0.0000195 seconds
271.681: [GC (Allocation Failure)  433798K->110598K(1035264K), 0.0039322 secs]
271.685: Total time for which application threads were stopped: 0.0041081 seconds, Stopping threads took: 0.0000217 seconds
271.751: [GC (Allocation Failure)  433670K->115355K(1033728K), 0.0059735 secs]
271.757: Total time for which application threads were stopped: 0.0061435 seconds, Stopping threads took: 0.0000199 seconds
271.824: [GC (Allocation Failure)  436891K->110702K(1034752K), 0.0039891 secs]
271.828: Total time for which application threads were stopped: 0.0041690 seconds, Stopping threads took: 0.0000189 seconds
271.894: [GC (Allocation Failure)  432238K->110638K(1035264K), 0.0038697 secs]
271.898: Total time for which application threads were stopped: 0.0040404 seconds, Stopping threads took: 0.0000204 seconds
271.966: [GC (Allocation Failure)  432686K->117131K(1034752K), 0.0067772 secs]
271.973: Total time for which application threads were stopped: 0.0069469 seconds, Stopping threads took: 0.0000203 seconds
272.041: [GC (Allocation Failure)  439179K->111918K(1032704K), 0.0037145 secs]
272.045: Total time for which application threads were stopped: 0.0038976 seconds, Stopping threads took: 0.0000202 seconds
272.112: [GC (Allocation Failure)  431406K->111854K(1033728K), 0.0036906 secs]
272.116: Total time for which application threads were stopped: 0.0038851 seconds, Stopping threads took: 0.0000200 seconds
272.184: [GC (Allocation Failure)  431342K->116075K(1033216K), 0.0055795 secs]
272.189: Total time for which application threads were stopped: 0.0057404 seconds, Stopping threads took: 0.0000195 seconds
272.256: [GC (Allocation Failure)  435563K->112110K(1033728K), 0.0039376 secs]
272.260: Total time for which application threads were stopped: 0.0040946 seconds, Stopping threads took: 0.0000191 seconds
272.329: [GC (Allocation Failure)  431598K->111918K(1034240K), 0.0038548 secs]
272.333: Total time for which application threads were stopped: 0.0040463 seconds, Stopping threads took: 0.0000196 seconds
272.402: [GC (Allocation Failure)  431918K->111627K(1033728K), 0.0039333 secs]
272.406: Total time for which application threads were stopped: 0.0040897 seconds, Stopping threads took: 0.0000163 seconds
272.474: [GC (Allocation Failure)  431627K->111982K(1034752K), 0.0040031 secs]
272.478: Total time for which application threads were stopped: 0.0042129 seconds, Stopping threads took: 0.0000198 seconds
272.547: [GC (Allocation Failure)  433006K->111886K(1034240K), 0.0039002 secs]
272.551: Total time for which application threads were stopped: 0.0040494 seconds, Stopping threads took: 0.0000176 seconds
272.617: [GC (Allocation Failure)  432910K->110251K(1035264K), 0.0032432 secs]
272.620: Total time for which application threads were stopped: 0.0034205 seconds, Stopping threads took: 0.0000200 seconds
272.687: [GC (Allocation Failure)  432811K->111918K(1035264K), 0.0038857 secs]
272.691: Total time for which application threads were stopped: 0.0040568 seconds, Stopping threads took: 0.0000202 seconds
272.759: [GC (Allocation Failure)  434478K->111854K(1035776K), 0.0039628 secs]
272.763: Total time for which application threads were stopped: 0.0041206 seconds, Stopping threads took: 0.0000200 seconds
272.830: [GC (Allocation Failure)  434926K->115051K(1035264K), 0.0051832 secs]
272.836: Total time for which application threads were stopped: 0.0053520 seconds, Stopping threads took: 0.0000267 seconds
272.904: [GC (Allocation Failure)  438123K->112110K(1035264K), 0.0039080 secs]
272.908: Total time for which application threads were stopped: 0.0040744 seconds, Stopping threads took: 0.0000188 seconds
272.974: [GC (Allocation Failure)  434670K->111886K(1035264K), 0.0038499 secs]
272.978: Total time for which application threads were stopped: 0.0040248 seconds, Stopping threads took: 0.0000363 seconds
273.047: [GC (Allocation Failure)  434446K->119819K(1030656K), 0.0076544 secs]
273.054: Total time for which application threads were stopped: 0.0078225 seconds, Stopping threads took: 0.0000188 seconds
273.121: [GC (Allocation Failure)  438283K->115278K(1033216K), 0.0038235 secs]
273.125: Total time for which application threads were stopped: 0.0039890 seconds, Stopping threads took: 0.0000206 seconds
273.192: [GC (Allocation Failure)  433742K->115086K(1034240K), 0.0038402 secs]
273.196: Total time for which application threads were stopped: 0.0040372 seconds, Stopping threads took: 0.0000208 seconds
273.264: [GC (Allocation Failure)  435086K->116587K(1033728K), 0.0045683 secs]
273.268: Total time for which application threads were stopped: 0.0047388 seconds, Stopping threads took: 0.0000200 seconds
273.337: [GC (Allocation Failure)  436587K->115246K(1034752K), 0.0040361 secs]
273.341: Total time for which application threads were stopped: 0.0042151 seconds, Stopping threads took: 0.0000257 seconds
273.411: [GC (Allocation Failure)  436270K->115086K(1034240K), 0.0039940 secs]
273.415: Total time for which application threads were stopped: 0.0041723 seconds, Stopping threads took: 0.0000220 seconds
273.482: [GC (Allocation Failure)  436110K->115243K(1035264K), 0.0038458 secs]
273.486: Total time for which application threads were stopped: 0.0040173 seconds, Stopping threads took: 0.0000191 seconds
273.555: [GC (Allocation Failure)  437803K->115182K(1035264K), 0.0040036 secs]
273.559: Total time for which application threads were stopped: 0.0041723 seconds, Stopping threads took: 0.0000198 seconds
273.627: [GC (Allocation Failure)  437742K->115086K(1035776K), 0.0040385 secs]
273.631: Total time for which application threads were stopped: 0.0042073 seconds, Stopping threads took: 0.0000196 seconds
273.698: [GC (Allocation Failure)  438670K->120555K(1035776K), 0.0062933 secs]
273.705: Total time for which application threads were stopped: 0.0064897 seconds, Stopping threads took: 0.0000197 seconds
273.775: [GC (Allocation Failure)  444139K->115886K(1033728K), 0.0037750 secs]
273.779: Total time for which application threads were stopped: 0.0039461 seconds, Stopping threads took: 0.0000195 seconds
273.847: [GC (Allocation Failure)  437422K->115854K(1034752K), 0.0039091 secs]
273.851: Total time for which application threads were stopped: 0.0041033 seconds, Stopping threads took: 0.0000266 seconds
273.917: [GC (Allocation Failure)  437390K->108235K(1032704K), 0.0008117 secs]
273.918: Total time for which application threads were stopped: 0.0009323 seconds, Stopping threads took: 0.0000190 seconds
273.989: [GC (Allocation Failure)  427723K->116078K(1033728K), 0.0041350 secs]
273.993: Total time for which application threads were stopped: 0.0042991 seconds, Stopping threads took: 0.0000187 seconds
274.060: [GC (Allocation Failure)  435566K->119974K(1035264K), 0.0051429 secs]
274.065: Total time for which application threads were stopped: 0.0053292 seconds, Stopping threads took: 0.0000200 seconds
274.132: [GC (Allocation Failure)  442022K->126347K(1034752K), 0.0065724 secs]
274.139: Total time for which application threads were stopped: 0.0067424 seconds, Stopping threads took: 0.0000196 seconds
274.207: [GC (Allocation Failure)  448395K->121262K(1032704K), 0.0038656 secs]
274.211: Total time for which application threads were stopped: 0.0040547 seconds, Stopping threads took: 0.0000278 seconds
274.279: [GC (Allocation Failure)  440750K->121102K(1033728K), 0.0036907 secs]
274.283: Total time for which application threads were stopped: 0.0038407 seconds, Stopping threads took: 0.0000169 seconds
274.352: [GC (Allocation Failure)  440590K->125163K(1033216K), 0.0054630 secs]
274.358: Total time for which application threads were stopped: 0.0056438 seconds, Stopping threads took: 0.0000276 seconds
274.424: [GC (Allocation Failure)  444651K->121198K(1033728K), 0.0040438 secs]
274.428: Total time for which application threads were stopped: 0.0042249 seconds, Stopping threads took: 0.0000168 seconds
274.498: [GC (Allocation Failure)  440686K->121102K(1034240K), 0.0093905 secs]
274.507: Total time for which application threads were stopped: 0.0095553 seconds, Stopping threads took: 0.0000200 seconds
274.575: [GC (Allocation Failure)  441102K->120747K(1033728K), 0.0037099 secs]
274.579: Total time for which application threads were stopped: 0.0038597 seconds, Stopping threads took: 0.0000166 seconds
274.645: [GC (Allocation Failure)  440747K->121198K(1035264K), 0.0040007 secs]
274.649: Total time for which application threads were stopped: 0.0041818 seconds, Stopping threads took: 0.0000195 seconds
274.717: [GC (Allocation Failure)  443246K->121134K(1034752K), 0.0038788 secs]
274.721: Total time for which application threads were stopped: 0.0040493 seconds, Stopping threads took: 0.0000205 seconds
274.789: [GC (Allocation Failure)  443182K->121451K(1035776K), 0.0039086 secs]
274.793: Total time for which application threads were stopped: 0.0040820 seconds, Stopping threads took: 0.0000193 seconds
274.861: [GC (Allocation Failure)  444523K->121134K(1035264K), 0.0040540 secs]
274.866: Total time for which application threads were stopped: 0.0042282 seconds, Stopping threads took: 0.0000257 seconds
274.933: [GC (Allocation Failure)  444206K->121102K(1036288K), 0.0038248 secs]
274.937: Total time for which application threads were stopped: 0.0039857 seconds, Stopping threads took: 0.0000203 seconds
275.005: [GC (Allocation Failure)  445710K->128811K(1036288K), 0.0077100 secs]
275.013: Total time for which application threads were stopped: 0.0078711 seconds, Stopping threads took: 0.0000195 seconds
275.082: [GC (Allocation Failure)  453419K->124814K(1032192K), 0.0038267 secs]
275.086: Total time for which application threads were stopped: 0.0039956 seconds, Stopping threads took: 0.0000197 seconds
275.153: [GC (Allocation Failure)  445326K->124558K(1034240K), 0.0039331 secs]
275.157: Total time for which application threads were stopped: 0.0041249 seconds, Stopping threads took: 0.0000204 seconds
275.226: [GC (Allocation Failure)  445070K->118187K(1032704K), 0.0013301 secs]
275.227: Total time for which application threads were stopped: 0.0014644 seconds, Stopping threads took: 0.0000271 seconds
275.294: [GC (Allocation Failure)  437675K->124774K(1033728K), 0.0040458 secs]
275.298: Total time for which application threads were stopped: 0.0042145 seconds, Stopping threads took: 0.0000193 seconds
275.365: [GC (Allocation Failure)  444262K->128710K(1034752K), 0.0044157 secs]
275.369: Total time for which application threads were stopped: 0.0045829 seconds, Stopping threads took: 0.0000201 seconds
275.436: [GC (Allocation Failure)  449734K->135307K(1034240K), 0.0066419 secs]
275.442: Total time for which application threads were stopped: 0.0068171 seconds, Stopping threads took: 0.0000193 seconds
275.510: [GC (Allocation Failure)  456331K->129646K(1033216K), 0.0044954 secs]
275.514: Total time for which application threads were stopped: 0.0046819 seconds, Stopping threads took: 0.0000183 seconds
275.581: [GC (Allocation Failure)  449134K->129550K(1033728K), 0.0038253 secs]
275.585: Total time for which application threads were stopped: 0.0039838 seconds, Stopping threads took: 0.0000202 seconds
275.653: [GC (Allocation Failure)  449038K->132779K(1033216K), 0.0052361 secs]
275.659: Total time for which application threads were stopped: 0.0054038 seconds, Stopping threads took: 0.0000191 seconds
275.725: [GC (Allocation Failure)  452267K->129614K(1033728K), 0.0040351 secs]
275.729: Total time for which application threads were stopped: 0.0042073 seconds, Stopping threads took: 0.0000198 seconds
275.799: [GC (Allocation Failure)  449102K->129518K(1034240K), 0.0038521 secs]
275.803: Total time for which application threads were stopped: 0.0040193 seconds, Stopping threads took: 0.0000200 seconds
275.869: [GC (Allocation Failure)  450030K->128875K(1034240K), 0.0038480 secs]
275.872: Total time for which application threads were stopped: 0.0040089 seconds, Stopping threads took: 0.0000195 seconds
275.940: [GC (Allocation Failure)  449387K->129806K(1035264K), 0.0037844 secs]
275.944: Total time for which application threads were stopped: 0.0039452 seconds, Stopping threads took: 0.0000194 seconds
276.013: [GC (Allocation Failure)  451854K->129582K(1034752K), 0.0038215 secs]
276.016: Total time for which application threads were stopped: 0.0039981 seconds, Stopping threads took: 0.0000274 seconds
276.084: [GC (Allocation Failure)  451630K->130091K(1035776K), 0.0040773 secs]
276.088: Total time for which application threads were stopped: 0.0042412 seconds, Stopping threads took: 0.0000250 seconds
276.157: [GC (Allocation Failure)  453675K->129742K(1035776K), 0.0039391 secs]
276.161: Total time for which application threads were stopped: 0.0041094 seconds, Stopping threads took: 0.0000200 seconds
276.230: [GC (Allocation Failure)  453326K->129518K(1036800K), 0.0038506 secs]
276.234: Total time for which application threads were stopped: 0.0040172 seconds, Stopping threads took: 0.0000207 seconds
276.303: [GC (Allocation Failure)  454638K->122603K(1026048K), 0.0010522 secs]
276.304: Total time for which application threads were stopped: 0.0011787 seconds, Stopping threads took: 0.0000196 seconds
276.374: [GC (Allocation Failure)  447723K->129742K(1036288K), 0.0039265 secs]
276.378: Total time for which application threads were stopped: 0.0040974 seconds, Stopping threads took: 0.0000194 seconds
276.446: [GC (Allocation Failure)  453838K->133678K(1035776K), 0.0063614 secs]
276.452: Total time for which application threads were stopped: 0.0065117 seconds, Stopping threads took: 0.0000175 seconds
276.521: [GC (Allocation Failure)  457774K->133646K(1036800K), 0.0055915 secs]
276.527: Total time for which application threads were stopped: 0.0057633 seconds, Stopping threads took: 0.0000263 seconds
276.593: [GC (Allocation Failure)  458766K->133798K(1025024K), 0.0041025 secs]
276.598: Total time for which application threads were stopped: 0.0042941 seconds, Stopping threads took: 0.0000196 seconds
276.664: [GC (Allocation Failure)  458918K->141704K(1035776K), 0.0039871 secs]
276.669: Total time for which application threads were stopped: 0.0041469 seconds, Stopping threads took: 0.0000191 seconds
276.737: [GC (Allocation Failure)  465288K->141736K(1035776K), 0.0038935 secs]
276.741: Total time for which application threads were stopped: 0.0041054 seconds, Stopping threads took: 0.0000192 seconds
276.811: [GC (Allocation Failure)  465320K->141768K(1034240K), 0.0040221 secs]
276.815: Total time for which application threads were stopped: 0.0042053 seconds, Stopping threads took: 0.0000293 seconds
276.884: [GC (Allocation Failure)  464328K->149738K(1035264K), 0.0040149 secs]
276.888: Total time for which application threads were stopped: 0.0041759 seconds, Stopping threads took: 0.0000197 seconds
276.956: [GC (Allocation Failure)  472298K->149770K(1035776K), 0.0038951 secs]
276.960: Total time for which application threads were stopped: 0.0040591 seconds, Stopping threads took: 0.0000205 seconds
277.028: [GC (Allocation Failure)  472842K->150026K(1035264K), 0.0039708 secs]
277.032: Total time for which application threads were stopped: 0.0041271 seconds, Stopping threads took: 0.0000193 seconds
277.098: [GC (Allocation Failure)  473098K->157772K(1035264K), 0.0038238 secs]
277.102: Total time for which application threads were stopped: 0.0039947 seconds, Stopping threads took: 0.0000198 seconds
277.170: [GC (Allocation Failure)  480332K->157772K(1035264K), 0.0040987 secs]
277.174: Total time for which application threads were stopped: 0.0042822 seconds, Stopping threads took: 0.0000339 seconds
277.241: [GC (Allocation Failure)  480332K->157828K(1034240K), 0.0054908 secs]
277.246: Total time for which application threads were stopped: 0.0056486 seconds, Stopping threads took: 0.0000194 seconds
277.315: [GC (Allocation Failure)  479364K->165831K(1034752K), 0.0039272 secs]
277.319: Total time for which application threads were stopped: 0.0040990 seconds, Stopping threads took: 0.0000258 seconds
277.385: [GC (Allocation Failure)  487367K->165831K(1034752K), 0.0039288 secs]
277.390: Total time for which application threads were stopped: 0.0041053 seconds, Stopping threads took: 0.0000198 seconds
277.456: [GC (Allocation Failure)  487367K->165959K(1021440K), 0.0056837 secs]
277.462: Total time for which application threads were stopped: 0.0058512 seconds, Stopping threads took: 0.0000192 seconds
277.529: [GC (Allocation Failure)  487495K->173865K(1034240K), 0.0040725 secs]
277.534: Total time for which application threads were stopped: 0.0042666 seconds, Stopping threads took: 0.0000183 seconds
277.600: [GC (Allocation Failure)  494377K->173865K(1034240K), 0.0039164 secs]
277.604: Total time for which application threads were stopped: 0.0040667 seconds, Stopping threads took: 0.0000166 seconds
277.673: [GC (Allocation Failure)  494377K->174185K(1034240K), 0.0040331 secs]
277.677: Total time for which application threads were stopped: 0.0042052 seconds, Stopping threads took: 0.0000207 seconds
277.745: [GC (Allocation Failure)  494697K->181867K(1034240K), 0.0039379 secs]
277.749: Total time for which application threads were stopped: 0.0041112 seconds, Stopping threads took: 0.0000203 seconds
277.817: [GC (Allocation Failure)  502379K->181867K(1034240K), 0.0037701 secs]
277.821: Total time for which application threads were stopped: 0.0039305 seconds, Stopping threads took: 0.0000256 seconds
277.888: [GC (Allocation Failure)  502379K->181931K(1020416K), 0.0041007 secs]
277.892: Total time for which application threads were stopped: 0.0042966 seconds, Stopping threads took: 0.0000275 seconds
277.960: [GC (Allocation Failure)  502443K->189901K(1033728K), 0.0040441 secs]
277.964: Total time for which application threads were stopped: 0.0042358 seconds, Stopping threads took: 0.0000198 seconds
278.033: [GC (Allocation Failure)  509389K->189901K(1033728K), 0.0041544 secs]
278.037: Total time for which application threads were stopped: 0.0043042 seconds, Stopping threads took: 0.0000165 seconds
278.104: [GC (Allocation Failure)  509389K->190149K(1033728K), 0.0041211 secs]
278.108: Total time for which application threads were stopped: 0.0042838 seconds, Stopping threads took: 0.0000205 seconds
278.175: [GC (Allocation Failure)  509637K->197960K(1033728K), 0.0039645 secs]
278.179: Total time for which application threads were stopped: 0.0041316 seconds, Stopping threads took: 0.0000189 seconds
278.247: [GC (Allocation Failure)  517448K->197896K(1033728K), 0.0042084 secs]
278.251: Total time for which application threads were stopped: 0.0043689 seconds, Stopping threads took: 0.0000191 seconds
278.319: [GC (Allocation Failure)  517384K->197992K(1033728K), 0.0039971 secs]
278.323: Total time for which application threads were stopped: 0.0041672 seconds, Stopping threads took: 0.0000267 seconds
278.391: [GC (Allocation Failure)  517480K->205962K(1032704K), 0.0037776 secs]
278.394: Total time for which application threads were stopped: 0.0039482 seconds, Stopping threads took: 0.0000194 seconds
278.462: [GC (Allocation Failure)  524426K->205962K(1033216K), 0.0038704 secs]
278.466: Total time for which application threads were stopped: 0.0040538 seconds, Stopping threads took: 0.0000170 seconds
278.534: [GC (Allocation Failure)  524426K->206122K(1033216K), 0.0040119 secs]
278.538: Total time for which application threads were stopped: 0.0041901 seconds, Stopping threads took: 0.0000250 seconds
278.603: [GC (Allocation Failure)  524586K->214028K(1033216K), 0.0040673 secs]
278.608: Total time for which application threads were stopped: 0.0042610 seconds, Stopping threads took: 0.0000204 seconds
278.674: [GC (Allocation Failure)  532492K->213964K(1033216K), 0.0038978 secs]
278.678: Total time for which application threads were stopped: 0.0040457 seconds, Stopping threads took: 0.0000167 seconds
278.743: [GC (Allocation Failure)  532428K->214060K(1033216K), 0.0040307 secs]
278.747: Total time for which application threads were stopped: 0.0041987 seconds, Stopping threads took: 0.0000199 seconds
278.815: [GC (Allocation Failure)  532524K->222062K(1033216K), 0.0038531 secs]
278.819: Total time for which application threads were stopped: 0.0040198 seconds, Stopping threads took: 0.0000260 seconds
278.884: [GC (Allocation Failure)  540526K->217004K(1033216K), 0.0021443 secs]
278.887: Total time for which application threads were stopped: 0.0022971 seconds, Stopping threads took: 0.0000242 seconds
278.952: [GC (Allocation Failure)  535468K->222070K(1034752K), 0.0051841 secs]
278.957: Total time for which application threads were stopped: 0.0053546 seconds, Stopping threads took: 0.0000198 seconds
279.025: [GC (Allocation Failure)  542582K->226206K(1033728K), 0.0041093 secs]
279.029: Total time for which application threads were stopped: 0.0042803 seconds, Stopping threads took: 0.0000197 seconds
279.096: [GC (Allocation Failure)  546718K->233604K(1029120K), 0.0075176 secs]
279.104: Total time for which application threads were stopped: 0.0076922 seconds, Stopping threads took: 0.0000197 seconds
279.172: [GC (Allocation Failure)  548996K->227526K(1031680K), 0.0043264 secs]
279.176: Total time for which application threads were stopped: 0.0045091 seconds, Stopping threads took: 0.0000290 seconds
279.242: [GC (Allocation Failure)  542918K->227334K(1032192K), 0.0040583 secs]
279.246: Total time for which application threads were stopped: 0.0042307 seconds, Stopping threads took: 0.0000201 seconds
279.312: [GC (Allocation Failure)  543750K->230758K(1032192K), 0.0047760 secs]
279.317: Total time for which application threads were stopped: 0.0049544 seconds, Stopping threads took: 0.0000278 seconds
279.382: [GC (Allocation Failure)  547174K->235401K(1033216K), 0.0041842 secs]
279.386: Total time for which application threads were stopped: 0.0043454 seconds, Stopping threads took: 0.0000190 seconds
279.453: [GC (Allocation Failure)  553353K->235337K(1032704K), 0.0041957 secs]
279.457: Total time for which application threads were stopped: 0.0043570 seconds, Stopping threads took: 0.0000198 seconds
279.522: [GC (Allocation Failure)  553289K->235905K(1033216K), 0.0054185 secs]
279.528: Total time for which application threads were stopped: 0.0055858 seconds, Stopping threads took: 0.0000196 seconds
279.595: [GC (Allocation Failure)  554369K->243523K(1033216K), 0.0039775 secs]
279.599: Total time for which application threads were stopped: 0.0041370 seconds, Stopping threads took: 0.0000200 seconds
279.666: [GC (Allocation Failure)  561987K->243395K(1033728K), 0.0038895 secs]
279.670: Total time for which application threads were stopped: 0.0040825 seconds, Stopping threads took: 0.0000195 seconds
279.738: [GC (Allocation Failure)  562371K->244683K(1033216K), 0.0042707 secs]
279.742: Total time for which application threads were stopped: 0.0044256 seconds, Stopping threads took: 0.0000164 seconds
279.809: [GC (Allocation Failure)  563659K->251501K(1033728K), 0.0040775 secs]
279.814: Total time for which application threads were stopped: 0.0042721 seconds, Stopping threads took: 0.0000213 seconds
279.882: [GC (Allocation Failure)  570989K->251437K(1033728K), 0.0040157 secs]
279.886: Total time for which application threads were stopped: 0.0041865 seconds, Stopping threads took: 0.0000200 seconds
279.953: [GC (Allocation Failure)  570925K->255469K(1034240K), 0.0049757 secs]
279.958: Total time for which application threads were stopped: 0.0051542 seconds, Stopping threads took: 0.0000278 seconds
280.026: [GC (Allocation Failure)  575469K->259504K(1033728K), 0.0040988 secs]
280.030: Total time for which application threads were stopped: 0.0042632 seconds, Stopping threads took: 0.0000199 seconds
280.096: [GC (Allocation Failure)  579504K->259472K(1034240K), 0.0040818 secs]
280.100: Total time for which application threads were stopped: 0.0042465 seconds, Stopping threads took: 0.0000193 seconds
280.167: [GC (Allocation Failure)  579984K->260648K(1034240K), 0.0043032 secs]
280.172: Total time for which application threads were stopped: 0.0044664 seconds, Stopping threads took: 0.0000194 seconds
280.240: [GC (Allocation Failure)  581160K->267562K(1034240K), 0.0041518 secs]
280.244: Total time for which application threads were stopped: 0.0043342 seconds, Stopping threads took: 0.0000201 seconds
280.314: [GC (Allocation Failure)  588074K->267498K(1034240K), 0.0040786 secs]
280.318: Total time for which application threads were stopped: 0.0042575 seconds, Stopping threads took: 0.0000248 seconds
280.386: [GC (Allocation Failure)  588010K->270922K(1034752K), 0.0048319 secs]
280.391: Total time for which application threads were stopped: 0.0050014 seconds, Stopping threads took: 0.0000196 seconds
280.460: [GC (Allocation Failure)  591946K->275564K(1034240K), 0.0040993 secs]
280.465: Total time for which application threads were stopped: 0.0042740 seconds, Stopping threads took: 0.0000191 seconds
280.535: [GC (Allocation Failure)  596588K->275532K(1034752K), 0.0040403 secs]
280.539: Total time for which application threads were stopped: 0.0041858 seconds, Stopping threads took: 0.0000265 seconds
280.607: [GC (Allocation Failure)  597068K->279148K(1034752K), 0.0049616 secs]
280.612: Total time for which application threads were stopped: 0.0051306 seconds, Stopping threads took: 0.0000194 seconds
280.680: [GC (Allocation Failure)  600684K->283662K(1034752K), 0.0042181 secs]
280.684: Total time for which application threads were stopped: 0.0043890 seconds, Stopping threads took: 0.0000201 seconds
280.752: [GC (Allocation Failure)  605198K->283566K(1034752K), 0.0042349 secs]
280.756: Total time for which application threads were stopped: 0.0044107 seconds, Stopping threads took: 0.0000200 seconds
280.823: [GC (Allocation Failure)  605102K->284302K(1034240K), 0.0043975 secs]
280.827: Total time for which application threads were stopped: 0.0045665 seconds, Stopping threads took: 0.0000273 seconds
280.895: [GC (Allocation Failure)  605838K->291633K(1034752K), 0.0042038 secs]
280.899: Total time for which application threads were stopped: 0.0043806 seconds, Stopping threads took: 0.0000192 seconds
280.966: [GC (Allocation Failure)  613169K->291601K(1034752K), 0.0049120 secs]
280.971: Total time for which application threads were stopped: 0.0050833 seconds, Stopping threads took: 0.0000199 seconds
281.036: [GC (Allocation Failure)  613137K->293577K(1034752K), 0.0044546 secs]
281.040: Total time for which application threads were stopped: 0.0046190 seconds, Stopping threads took: 0.0000202 seconds
281.106: [GC (Allocation Failure)  615113K->299659K(1034752K), 0.0041742 secs]
281.111: Total time for which application threads were stopped: 0.0043393 seconds, Stopping threads took: 0.0000195 seconds
281.176: [GC (Allocation Failure)  621195K->299627K(1034752K), 0.0043128 secs]
281.181: Total time for which application threads were stopped: 0.0044831 seconds, Stopping threads took: 0.0000200 seconds
281.246: [GC (Allocation Failure)  621163K->302867K(1034752K), 0.0065818 secs]
281.252: Total time for which application threads were stopped: 0.0067545 seconds, Stopping threads took: 0.0000195 seconds
281.320: [GC (Allocation Failure)  624403K->307701K(1034752K), 0.0042815 secs]
281.324: Total time for which application threads were stopped: 0.0044535 seconds, Stopping threads took: 0.0000171 seconds
281.390: [GC (Allocation Failure)  629237K->307669K(1034752K), 0.0042197 secs]
281.394: Total time for which application threads were stopped: 0.0043793 seconds, Stopping threads took: 0.0000190 seconds
281.459: [GC (Allocation Failure)  629205K->307989K(1034752K), 0.0043736 secs]
281.464: Total time for which application threads were stopped: 0.0045335 seconds, Stopping threads took: 0.0000194 seconds
281.533: [GC (Allocation Failure)  629525K->315799K(1034752K), 0.0043937 secs]
281.537: Total time for which application threads were stopped: 0.0045562 seconds, Stopping threads took: 0.0000202 seconds
281.604: [GC (Allocation Failure)  637335K->315703K(1034752K), 0.0044670 secs]
281.609: Total time for which application threads were stopped: 0.0046647 seconds, Stopping threads took: 0.0000197 seconds
281.675: [GC (Allocation Failure)  637239K->317279K(1034752K), 0.0044391 secs]
281.680: Total time for which application threads were stopped: 0.0046110 seconds, Stopping threads took: 0.0000198 seconds
281.748: [GC (Allocation Failure)  638815K->323810K(1029120K), 0.0043694 secs]
281.753: Total time for which application threads were stopped: 0.0045735 seconds, Stopping threads took: 0.0000285 seconds
281.822: [GC (Allocation Failure)  645346K->323778K(1034240K), 0.0042443 secs]
281.826: Total time for which application threads were stopped: 0.0044059 seconds, Stopping threads took: 0.0000263 seconds
281.893: [GC (Allocation Failure)  644290K->325514K(1034240K), 0.0043361 secs]
281.898: Total time for which application threads were stopped: 0.0045081 seconds, Stopping threads took: 0.0000248 seconds
281.966: [GC (Allocation Failure)  646026K->331788K(1034240K), 0.0040744 secs]
281.970: Total time for which application threads were stopped: 0.0042469 seconds, Stopping threads took: 0.0000204 seconds
282.038: [GC (Allocation Failure)  652300K->331820K(1034240K), 0.0043755 secs]
282.043: Total time for which application threads were stopped: 0.0045445 seconds, Stopping threads took: 0.0000198 seconds
282.110: [GC (Allocation Failure)  652332K->335820K(1034752K), 0.0052499 secs]
282.115: Total time for which application threads were stopped: 0.0054227 seconds, Stopping threads took: 0.0000203 seconds
282.184: [GC (Allocation Failure)  656844K->339822K(1034240K), 0.0045373 secs]
282.189: Total time for which application threads were stopped: 0.0046958 seconds, Stopping threads took: 0.0000202 seconds
282.257: [GC (Allocation Failure)  660846K->339790K(1034752K), 0.0068116 secs]
282.264: Total time for which application threads were stopped: 0.0069887 seconds, Stopping threads took: 0.0000191 seconds
282.332: [GC (Allocation Failure)  661326K->339942K(1034752K), 0.0042055 secs]
282.337: Total time for which application threads were stopped: 0.0043783 seconds, Stopping threads took: 0.0000252 seconds
282.405: [GC (Allocation Failure)  661478K->347880K(1033728K), 0.0044273 secs]
282.409: Total time for which application threads were stopped: 0.0046005 seconds, Stopping threads took: 0.0000262 seconds
282.478: [GC (Allocation Failure)  668392K->347848K(1034240K), 0.0041604 secs]
282.482: Total time for which application threads were stopped: 0.0043302 seconds, Stopping threads took: 0.0000206 seconds
282.549: [GC (Allocation Failure)  668360K->351208K(1034752K), 0.0052524 secs]
282.554: Total time for which application threads were stopped: 0.0054346 seconds, Stopping threads took: 0.0000273 seconds
282.622: [GC (Allocation Failure)  672744K->355947K(1034752K), 0.0043656 secs]
282.626: Total time for which application threads were stopped: 0.0045431 seconds, Stopping threads took: 0.0000196 seconds
282.695: [GC (Allocation Failure)  677483K->355883K(1034752K), 0.0043062 secs]
282.699: Total time for which application threads were stopped: 0.0044721 seconds, Stopping threads took: 0.0000194 seconds
282.767: [GC (Allocation Failure)  677419K->356395K(1034752K), 0.0047174 secs]
282.771: Total time for which application threads were stopped: 0.0048842 seconds, Stopping threads took: 0.0000190 seconds
282.840: [GC (Allocation Failure)  677931K->363949K(1033728K), 0.0043751 secs]
282.844: Total time for which application threads were stopped: 0.0045614 seconds, Stopping threads took: 0.0000275 seconds
282.911: [GC (Allocation Failure)  684461K->363949K(1034240K), 0.0044909 secs]
282.916: Total time for which application threads were stopped: 0.0046819 seconds, Stopping threads took: 0.0000196 seconds
282.985: [GC (Allocation Failure)  684461K->367685K(1034752K), 0.0053330 secs]
282.990: Total time for which application threads were stopped: 0.0055012 seconds, Stopping threads took: 0.0000258 seconds
283.056: [GC (Allocation Failure)  688709K->371975K(1034240K), 0.0042017 secs]
283.061: Total time for which application threads were stopped: 0.0043982 seconds, Stopping threads took: 0.0000205 seconds
283.128: [GC (Allocation Failure)  692999K->371975K(1034752K), 0.0044858 secs]
283.132: Total time for which application threads were stopped: 0.0046468 seconds, Stopping threads took: 0.0000206 seconds
283.201: [GC (Allocation Failure)  693511K->375879K(1034752K), 0.0050991 secs]
283.206: Total time for which application threads were stopped: 0.0052917 seconds, Stopping threads took: 0.0000191 seconds
283.275: [GC (Allocation Failure)  697415K->380010K(1035264K), 0.0065107 secs]
283.281: Total time for which application threads were stopped: 0.0066740 seconds, Stopping threads took: 0.0000204 seconds
283.351: [GC (Allocation Failure)  702570K->379978K(1035264K), 0.0045148 secs]
283.356: Total time for which application threads were stopped: 0.0046986 seconds, Stopping threads took: 0.0000276 seconds
283.424: [GC (Allocation Failure)  702538K->383114K(1035264K), 0.0048957 secs]
283.429: Total time for which application threads were stopped: 0.0050809 seconds, Stopping threads took: 0.0000172 seconds
283.499: [GC (Allocation Failure)  705674K->388140K(1035264K), 0.0044535 secs]
283.504: Total time for which application threads were stopped: 0.0046565 seconds, Stopping threads took: 0.0000203 seconds
283.571: [GC (Allocation Failure)  710700K->388012K(1035264K), 0.0042984 secs]
283.576: Total time for which application threads were stopped: 0.0044914 seconds, Stopping threads took: 0.0000194 seconds
283.643: [GC (Allocation Failure)  710572K->391332K(1035264K), 0.0050777 secs]
283.648: Total time for which application threads were stopped: 0.0052741 seconds, Stopping threads took: 0.0000203 seconds
283.717: [GC (Allocation Failure)  713892K->396102K(1035264K), 0.0043891 secs]
283.722: Total time for which application threads were stopped: 0.0045823 seconds, Stopping threads took: 0.0000191 seconds
283.790: [GC (Allocation Failure)  718662K->396038K(1035264K), 0.0043455 secs]
283.794: Total time for which application threads were stopped: 0.0045274 seconds, Stopping threads took: 0.0000165 seconds
283.862: [GC (Allocation Failure)  718598K->399566K(1035264K), 0.0051954 secs]
283.868: Total time for which application threads were stopped: 0.0053447 seconds, Stopping threads took: 0.0000167 seconds
283.936: [GC (Allocation Failure)  722126K->404080K(1035264K), 0.0043253 secs]
283.940: Total time for which application threads were stopped: 0.0044941 seconds, Stopping threads took: 0.0000195 seconds
284.008: [GC (Allocation Failure)  726640K->404112K(1035264K), 0.0044562 secs]
284.012: Total time for which application threads were stopped: 0.0046360 seconds, Stopping threads took: 0.0000197 seconds
284.081: [GC (Allocation Failure)  726672K->407816K(1035264K), 0.0051120 secs]
284.086: Total time for which application threads were stopped: 0.0052736 seconds, Stopping threads took: 0.0000193 seconds
284.154: [GC (Allocation Failure)  730376K->412107K(1035776K), 0.0044272 secs]
284.159: Total time for which application threads were stopped: 0.0045972 seconds, Stopping threads took: 0.0000195 seconds
284.229: [GC (Allocation Failure)  735691K->412107K(1035776K), 0.0045879 secs]
284.233: Total time for which application threads were stopped: 0.0047593 seconds, Stopping threads took: 0.0000204 seconds
284.301: [GC (Allocation Failure)  735691K->413995K(1034752K), 0.0047255 secs]
284.306: Total time for which application threads were stopped: 0.0048873 seconds, Stopping threads took: 0.0000190 seconds
284.374: [GC (Allocation Failure)  736555K->420269K(1035264K), 0.0043876 secs]
284.379: Total time for which application threads were stopped: 0.0045653 seconds, Stopping threads took: 0.0000263 seconds
284.447: [GC (Allocation Failure)  742829K->420141K(1035264K), 0.0044707 secs]
284.451: Total time for which application threads were stopped: 0.0046374 seconds, Stopping threads took: 0.0000199 seconds
284.519: [GC (Allocation Failure)  742701K->414187K(1035264K), 0.0070444 secs]
284.526: Total time for which application threads were stopped: 0.0071937 seconds, Stopping threads took: 0.0000252 seconds
284.595: [GC (Allocation Failure)  736747K->420237K(1035264K), 0.0045176 secs]
284.600: Total time for which application threads were stopped: 0.0046780 seconds, Stopping threads took: 0.0000190 seconds
284.668: [GC (Allocation Failure)  742797K->420173K(1035264K), 0.0043483 secs]
284.672: Total time for which application threads were stopped: 0.0045123 seconds, Stopping threads took: 0.0000198 seconds
284.739: [GC (Allocation Failure)  742733K->418507K(1035776K), 0.0040617 secs]
284.743: Total time for which application threads were stopped: 0.0042320 seconds, Stopping threads took: 0.0000199 seconds
284.811: [GC (Allocation Failure)  741579K->420205K(1035264K), 0.0047507 secs]
284.815: Total time for which application threads were stopped: 0.0049281 seconds, Stopping threads took: 0.0000199 seconds
284.884: [GC (Allocation Failure)  743277K->420141K(1035776K), 0.0046663 secs]
284.889: Total time for which application threads were stopped: 0.0048419 seconds, Stopping threads took: 0.0000191 seconds
284.957: [GC (Allocation Failure)  743725K->424811K(1035776K), 0.0063461 secs]
284.963: Total time for which application threads were stopped: 0.0065039 seconds, Stopping threads took: 0.0000190 seconds
285.031: [GC (Allocation Failure)  748395K->420397K(1033728K), 0.0045172 secs]
285.036: Total time for which application threads were stopped: 0.0046983 seconds, Stopping threads took: 0.0000198 seconds
285.102: [GC (Allocation Failure)  741933K->420173K(1034752K), 0.0045704 secs]
285.107: Total time for which application threads were stopped: 0.0047438 seconds, Stopping threads took: 0.0000202 seconds
285.172: [GC (Allocation Failure)  741709K->428075K(1030144K), 0.0082106 secs]
285.181: Total time for which application threads were stopped: 0.0083702 seconds, Stopping threads took: 0.0000189 seconds
285.247: [GC (Allocation Failure)  745515K->423021K(1032704K), 0.0045204 secs]
285.251: Total time for which application threads were stopped: 0.0046881 seconds, Stopping threads took: 0.0000191 seconds
285.318: [GC (Allocation Failure)  740461K->422861K(1033728K), 0.0043595 secs]
285.323: Total time for which application threads were stopped: 0.0045200 seconds, Stopping threads took: 0.0000193 seconds
285.390: [GC (Allocation Failure)  741837K->421259K(1033216K), 0.0039588 secs]
285.394: Total time for which application threads were stopped: 0.0041253 seconds, Stopping threads took: 0.0000191 seconds
285.461: [GC (Allocation Failure)  740235K->422989K(1034752K), 0.0041878 secs]
285.465: Total time for which application threads were stopped: 0.0043895 seconds, Stopping threads took: 0.0000191 seconds
285.534: [GC (Allocation Failure)  744013K->422797K(1034240K), 0.0042319 secs]
285.539: Total time for which application threads were stopped: 0.0044235 seconds, Stopping threads took: 0.0000197 seconds
285.607: [GC (Allocation Failure)  743821K->418955K(1035264K), 0.0029029 secs]
285.610: Total time for which application threads were stopped: 0.0030635 seconds, Stopping threads took: 0.0000162 seconds
285.680: [GC (Allocation Failure)  741515K->422925K(1035264K), 0.0045000 secs]
285.684: Total time for which application threads were stopped: 0.0046910 seconds, Stopping threads took: 0.0000200 seconds
285.755: [GC (Allocation Failure)  745485K->422861K(1035776K), 0.0045976 secs]
285.760: Total time for which application threads were stopped: 0.0047615 seconds, Stopping threads took: 0.0000189 seconds
285.827: [GC (Allocation Failure)  745933K->423723K(1035264K), 0.0048176 secs]
285.832: Total time for which application threads were stopped: 0.0049889 seconds, Stopping threads took: 0.0000253 seconds
285.901: [GC (Allocation Failure)  746795K->422829K(1036288K), 0.0045183 secs]
285.905: Total time for which application threads were stopped: 0.0046921 seconds, Stopping threads took: 0.0000194 seconds
285.973: [GC (Allocation Failure)  746925K->422861K(1035776K), 0.0044495 secs]
285.977: Total time for which application threads were stopped: 0.0046060 seconds, Stopping threads took: 0.0000193 seconds
286.044: [GC (Allocation Failure)  746957K->415243K(1034752K), 0.0014572 secs]
286.046: Total time for which application threads were stopped: 0.0015936 seconds, Stopping threads took: 0.0000192 seconds
286.118: [GC (Allocation Failure)  738827K->423093K(1035776K), 0.0043343 secs]
286.122: Total time for which application threads were stopped: 0.0045341 seconds, Stopping threads took: 0.0000210 seconds
286.190: [GC (Allocation Failure)  746677K->426981K(1036288K), 0.0059175 secs]
286.196: Total time for which application threads were stopped: 0.0061106 seconds, Stopping threads took: 0.0000188 seconds
286.265: [GC (Allocation Failure)  751077K->426981K(1035776K), 0.0043474 secs]
286.270: Total time for which application threads were stopped: 0.0045282 seconds, Stopping threads took: 0.0000203 seconds
286.337: [GC (Allocation Failure)  751077K->427205K(1035264K), 0.0046188 secs]
286.342: Total time for which application threads were stopped: 0.0047845 seconds, Stopping threads took: 0.0000256 seconds
286.409: [GC (Allocation Failure)  750789K->435015K(1035776K), 0.0044757 secs]
286.414: Total time for which application threads were stopped: 0.0046323 seconds, Stopping threads took: 0.0000189 seconds
286.480: [GC (Allocation Failure)  758599K->435015K(1035776K), 0.0052677 secs]
286.486: Total time for which application threads were stopped: 0.0054502 seconds, Stopping threads took: 0.0000277 seconds
286.554: [GC (Allocation Failure)  758599K->435463K(1023488K), 0.0045241 secs]
286.559: Total time for which application threads were stopped: 0.0046948 seconds, Stopping threads took: 0.0000194 seconds
286.627: [GC (Allocation Failure)  759047K->443049K(1035264K), 0.0045200 secs]
286.632: Total time for which application threads were stopped: 0.0046862 seconds, Stopping threads took: 0.0000193 seconds
286.699: [GC (Allocation Failure)  765609K->443049K(1035264K), 0.0044484 secs]
286.703: Total time for which application threads were stopped: 0.0046161 seconds, Stopping threads took: 0.0000194 seconds
286.770: [GC (Allocation Failure)  765609K->443177K(1034240K), 0.0044530 secs]
286.775: Total time for which application threads were stopped: 0.0046211 seconds, Stopping threads took: 0.0000195 seconds
286.843: [GC (Allocation Failure)  764713K->451084K(1034752K), 0.0042789 secs]
286.847: Total time for which application threads were stopped: 0.0044505 seconds, Stopping threads took: 0.0000276 seconds
286.915: [GC (Allocation Failure)  772620K->451116K(1034752K), 0.0043011 secs]
286.920: Total time for which application threads were stopped: 0.0044648 seconds, Stopping threads took: 0.0000166 seconds
286.987: [GC (Allocation Failure)  772652K->451148K(1034752K), 0.0046225 secs]
286.992: Total time for which application threads were stopped: 0.0047986 seconds, Stopping threads took: 0.0000196 seconds
287.059: [GC (Allocation Failure)  772684K->459150K(1034752K), 0.0043851 secs]
287.064: Total time for which application threads were stopped: 0.0045440 seconds, Stopping threads took: 0.0000190 seconds
287.130: [GC (Allocation Failure)  780686K->459150K(1034752K), 0.0045422 secs]
287.135: Total time for which application threads were stopped: 0.0047112 seconds, Stopping threads took: 0.0000194 seconds
287.201: [GC (Allocation Failure)  780686K->459182K(1033728K), 0.0044105 secs]
287.206: Total time for which application threads were stopped: 0.0046050 seconds, Stopping threads took: 0.0000201 seconds
287.273: [GC (Allocation Failure)  779694K->467184K(1034240K), 0.0043933 secs]
287.278: Total time for which application threads were stopped: 0.0045533 seconds, Stopping threads took: 0.0000194 seconds
287.346: [GC (Allocation Failure)  787696K->467152K(1034240K), 0.0043687 secs]
287.350: Total time for which application threads were stopped: 0.0045382 seconds, Stopping threads took: 0.0000276 seconds
287.417: [GC (Allocation Failure)  787664K->467376K(1020416K), 0.0045459 secs]
287.422: Total time for which application threads were stopped: 0.0047423 seconds, Stopping threads took: 0.0000193 seconds
287.491: [GC (Allocation Failure)  787888K->475186K(1033728K), 0.0044455 secs]
287.496: Total time for which application threads were stopped: 0.0046284 seconds, Stopping threads took: 0.0000162 seconds
287.565: [GC (Allocation Failure)  794674K->475186K(1033728K), 0.0046622 secs]
287.570: Total time for which application threads were stopped: 0.0048414 seconds, Stopping threads took: 0.0000201 seconds
287.636: [GC (Allocation Failure)  794674K->475602K(1033728K), 0.0049043 secs]
287.641: Total time for which application threads were stopped: 0.0050663 seconds, Stopping threads took: 0.0000201 seconds
287.708: [GC (Allocation Failure)  795090K->483221K(1033728K), 0.0045048 secs]
287.713: Total time for which application threads were stopped: 0.0046729 seconds, Stopping threads took: 0.0000186 seconds
287.780: [GC (Allocation Failure)  802709K->483221K(1033728K), 0.0044646 secs]
287.784: Total time for which application threads were stopped: 0.0046217 seconds, Stopping threads took: 0.0000189 seconds
287.853: [GC (Allocation Failure)  802709K->483277K(1033728K), 0.0046942 secs]
287.857: Total time for which application threads were stopped: 0.0048602 seconds, Stopping threads took: 0.0000252 seconds
287.925: [GC (Allocation Failure)  802765K->491279K(1033728K), 0.0045660 secs]
287.929: Total time for which application threads were stopped: 0.0047245 seconds, Stopping threads took: 0.0000190 seconds
287.996: [GC (Allocation Failure)  810767K->491247K(1033728K), 0.0047359 secs]
288.001: Total time for which application threads were stopped: 0.0048987 seconds, Stopping threads took: 0.0000205 seconds
288.067: [GC (Allocation Failure)  810735K->491319K(1032704K), 0.0045575 secs]
288.071: Total time for which application threads were stopped: 0.0047396 seconds, Stopping threads took: 0.0000199 seconds
288.138: [GC (Allocation Failure)  809783K->499257K(1033216K), 0.0054267 secs]
288.144: Total time for which application threads were stopped: 0.0056084 seconds, Stopping threads took: 0.0000214 seconds
288.210: [GC (Allocation Failure)  817721K->495415K(1034240K), 0.0035802 secs]
288.213: Total time for which application threads were stopped: 0.0037386 seconds, Stopping threads took: 0.0000197 seconds
288.281: [GC (Allocation Failure)  814903K->499449K(1033216K), 0.0047165 secs]
288.286: Total time for which application threads were stopped: 0.0048799 seconds, Stopping threads took: 0.0000196 seconds
288.353: [GC (Allocation Failure)  818937K->503417K(1034752K), 0.0044772 secs]
288.358: Total time for which application threads were stopped: 0.0046438 seconds, Stopping threads took: 0.0000270 seconds
288.425: [GC (Allocation Failure)  824953K->496631K(1034752K), 0.0069730 secs]
288.432: Total time for which application threads were stopped: 0.0071290 seconds, Stopping threads took: 0.0000189 seconds
288.499: [GC (Allocation Failure)  818167K->503481K(1034752K), 0.0051579 secs]
288.504: Total time for which application threads were stopped: 0.0053160 seconds, Stopping threads took: 0.0000196 seconds
288.573: [GC (Allocation Failure)  825017K->507561K(1034752K), 0.0055431 secs]
288.578: Total time for which application threads were stopped: 0.0057121 seconds, Stopping threads took: 0.0000200 seconds
288.644: [GC (Allocation Failure)  829097K->501991K(1034752K), 0.0026302 secs]
288.647: Total time for which application threads were stopped: 0.0027850 seconds, Stopping threads took: 0.0000195 seconds
288.713: [GC (Allocation Failure)  823527K->507825K(1034752K), 0.0046680 secs]
288.718: Total time for which application threads were stopped: 0.0048713 seconds, Stopping threads took: 0.0000192 seconds
288.787: [GC (Allocation Failure)  829361K->511697K(1034752K), 0.0051048 secs]
288.792: Total time for which application threads were stopped: 0.0052538 seconds, Stopping threads took: 0.0000172 seconds
288.859: [GC (Allocation Failure)  834186K->507791K(1035264K), 0.0034762 secs]
288.863: Total time for which application threads were stopped: 0.0036498 seconds, Stopping threads took: 0.0000260 seconds
288.931: [GC (Allocation Failure)  830351K->511849K(1036288K), 0.0047853 secs]
288.935: Total time for which application threads were stopped: 0.0049489 seconds, Stopping threads took: 0.0000199 seconds
289.003: [GC (Allocation Failure)  835945K->515849K(1035776K), 0.0045542 secs]
289.007: Total time for which application threads were stopped: 0.0047266 seconds, Stopping threads took: 0.0000203 seconds
289.076: [GC (Allocation Failure)  839945K->515849K(1035776K), 0.0046371 secs]
289.081: Total time for which application threads were stopped: 0.0048071 seconds, Stopping threads took: 0.0000194 seconds
289.148: [GC (Allocation Failure)  839433K->515881K(1023488K), 0.0046548 secs]
289.153: Total time for which application threads were stopped: 0.0048274 seconds, Stopping threads took: 0.0000196 seconds
289.219: [GC (Allocation Failure)  839465K->523884K(1035264K), 0.0064600 secs]
289.225: Total time for which application threads were stopped: 0.0066339 seconds, Stopping threads took: 0.0000195 seconds
289.294: [GC (Allocation Failure)  846444K->523820K(1030144K), 0.0065115 secs]
289.301: Total time for which application threads were stopped: 0.0066920 seconds, Stopping threads took: 0.0000204 seconds
289.370: [GC (Allocation Failure)  846380K->523916K(1034752K), 0.0046125 secs]
289.374: Total time for which application threads were stopped: 0.0048274 seconds, Stopping threads took: 0.0000493 seconds
289.442: [GC (Allocation Failure)  845452K->531918K(1034752K), 0.0048872 secs]
289.447: Total time for which application threads were stopped: 0.0050593 seconds, Stopping threads took: 0.0000198 seconds
289.516: [GC (Allocation Failure)  853454K->531886K(1033728K), 0.0051800 secs]
289.521: Total time for which application threads were stopped: 0.0053301 seconds, Stopping threads took: 0.0000198 seconds
289.588: [GC (Allocation Failure)  852398K->532142K(1034240K), 0.0047397 secs]
289.593: Total time for which application threads were stopped: 0.0049346 seconds, Stopping threads took: 0.0000204 seconds
289.662: [GC (Allocation Failure)  852654K->539952K(1034240K), 0.0045520 secs]
289.667: Total time for which application threads were stopped: 0.0047342 seconds, Stopping threads took: 0.0000164 seconds
289.736: [GC (Allocation Failure)  860464K->539920K(1034240K), 0.0048430 secs]
289.741: Total time for which application threads were stopped: 0.0050157 seconds, Stopping threads took: 0.0000191 seconds
289.808: [GC (Allocation Failure)  860432K->540360K(1033216K), 0.0047782 secs]
289.813: Total time for which application threads were stopped: 0.0049564 seconds, Stopping threads took: 0.0000197 seconds
289.880: [GC (Allocation Failure)  859848K->547978K(1033728K), 0.0047417 secs]
289.885: Total time for which application threads were stopped: 0.0049119 seconds, Stopping threads took: 0.0000195 seconds
289.956: [GC (Allocation Failure)  867466K->547946K(1033728K), 0.0046844 secs]
289.960: Total time for which application threads were stopped: 0.0048443 seconds, Stopping threads took: 0.0000189 seconds
290.025: [GC (Allocation Failure)  867434K->548074K(1033728K), 0.0046013 secs]
290.030: Total time for which application threads were stopped: 0.0047687 seconds, Stopping threads took: 0.0000192 seconds
290.098: [GC (Allocation Failure)  867562K->555981K(1033728K), 0.0046730 secs]
290.102: Total time for which application threads were stopped: 0.0048508 seconds, Stopping threads took: 0.0000278 seconds
290.170: [GC (Allocation Failure)  875469K->556013K(1033728K), 0.0047313 secs]
290.175: Total time for which application threads were stopped: 0.0049271 seconds, Stopping threads took: 0.0000209 seconds
290.243: [GC (Allocation Failure)  875501K->556045K(1033728K), 0.0046651 secs]
290.248: Total time for which application threads were stopped: 0.0048313 seconds, Stopping threads took: 0.0000158 seconds
290.316: [GC (Allocation Failure)  875533K->564015K(1027072K), 0.0051237 secs]
290.321: Total time for which application threads were stopped: 0.0052944 seconds, Stopping threads took: 0.0000198 seconds
290.388: [GC (Allocation Failure)  883502K->560109K(1034240K), 0.0037243 secs]
290.392: Total time for which application threads were stopped: 0.0039259 seconds, Stopping threads took: 0.0000293 seconds
290.462: [GC (Allocation Failure)  879597K->564167K(1033216K), 0.0048524 secs]
290.467: Total time for which application threads were stopped: 0.0050097 seconds, Stopping threads took: 0.0000251 seconds
290.536: [GC (Allocation Failure)  883655K->568103K(1034752K), 0.0046375 secs]
290.541: Total time for which application threads were stopped: 0.0048056 seconds, Stopping threads took: 0.0000198 seconds
290.608: [GC (Allocation Failure)  889639K->561349K(1034752K), 0.0021096 secs]
290.610: Total time for which application threads were stopped: 0.0022539 seconds, Stopping threads took: 0.0000186 seconds
290.677: [GC (Allocation Failure)  882885K->568167K(1034752K), 0.0046867 secs]
290.682: Total time for which application threads were stopped: 0.0048456 seconds, Stopping threads took: 0.0000193 seconds
290.747: [GC (Allocation Failure)  889703K->572311K(1034752K), 0.0057148 secs]
290.753: Total time for which application threads were stopped: 0.0058912 seconds, Stopping threads took: 0.0000193 seconds
290.818: [GC (Allocation Failure)  893847K->566741K(1034752K), 0.0029681 secs]
290.821: Total time for which application threads were stopped: 0.0031236 seconds, Stopping threads took: 0.0000191 seconds
290.888: [GC (Allocation Failure)  888277K->572551K(1034752K), 0.0048681 secs]
290.893: Total time for which application threads were stopped: 0.0050483 seconds, Stopping threads took: 0.0000221 seconds
290.960: [GC (Allocation Failure)  894087K->576423K(1034752K), 0.0052341 secs]
290.966: Total time for which application threads were stopped: 0.0054169 seconds, Stopping threads took: 0.0000207 seconds
291.032: [GC (Allocation Failure)  898911K->572517K(1035264K), 0.0036274 secs]
291.036: Total time for which application threads were stopped: 0.0038162 seconds, Stopping threads took: 0.0000201 seconds
291.104: [GC (Allocation Failure)  895077K->576583K(1036288K), 0.0049008 secs]
291.109: Total time for which application threads were stopped: 0.0050818 seconds, Stopping threads took: 0.0000195 seconds
291.178: [GC (Allocation Failure)  900679K->580551K(1035776K), 0.0046789 secs]
291.183: Total time for which application threads were stopped: 0.0048432 seconds, Stopping threads took: 0.0000209 seconds
291.252: [GC (Allocation Failure)  904647K->580551K(1035776K), 0.0045840 secs]
291.256: Total time for which application threads were stopped: 0.0047463 seconds, Stopping threads took: 0.0000195 seconds
291.324: [GC (Allocation Failure)  904135K->580615K(1023488K), 0.0046722 secs]
291.329: Total time for which application threads were stopped: 0.0048325 seconds, Stopping threads took: 0.0000259 seconds
291.396: [GC (Allocation Failure)  904199K->588585K(1035264K), 0.0048582 secs]
291.401: Total time for which application threads were stopped: 0.0050330 seconds, Stopping threads took: 0.0000201 seconds
291.468: [GC (Allocation Failure)  911145K->588585K(1030144K), 0.0046796 secs]
291.473: Total time for which application threads were stopped: 0.0048604 seconds, Stopping threads took: 0.0000205 seconds
291.542: [GC (Allocation Failure)  911145K->588649K(1034752K), 0.0047442 secs]
291.546: Total time for which application threads were stopped: 0.0049201 seconds, Stopping threads took: 0.0000197 seconds
291.614: [GC (Allocation Failure)  910185K->596619K(1034752K), 0.0049918 secs]
291.619: Total time for which application threads were stopped: 0.0051615 seconds, Stopping threads took: 0.0000195 seconds
291.687: [GC (Allocation Failure)  918155K->596619K(1033728K), 0.0044930 secs]
291.692: Total time for which application threads were stopped: 0.0046896 seconds, Stopping threads took: 0.0000198 seconds
291.761: [GC (Allocation Failure)  917131K->596867K(1034240K), 0.0050539 secs]
291.766: Total time for which application threads were stopped: 0.0052501 seconds, Stopping threads took: 0.0000211 seconds
291.835: [GC (Allocation Failure)  917379K->604678K(1034240K), 0.0047288 secs]
291.839: Total time for which application threads were stopped: 0.0048895 seconds, Stopping threads took: 0.0000192 seconds
291.907: [GC (Allocation Failure)  925190K->604646K(1034240K), 0.0047744 secs]
291.912: Total time for which application threads were stopped: 0.0049638 seconds, Stopping threads took: 0.0000190 seconds
291.980: [GC (Allocation Failure)  925158K->605070K(1033216K), 0.0047877 secs]
291.985: Total time for which application threads were stopped: 0.0049365 seconds, Stopping threads took: 0.0000163 seconds
292.052: [GC (Allocation Failure)  924558K->612688K(1033728K), 0.0047834 secs]
292.057: Total time for which application threads were stopped: 0.0049503 seconds, Stopping threads took: 0.0000198 seconds
292.125: [GC (Allocation Failure)  932176K->612688K(1033728K), 0.0046879 secs]
292.129: Total time for which application threads were stopped: 0.0048500 seconds, Stopping threads took: 0.0000249 seconds
292.194: [GC (Allocation Failure)  932176K->612808K(1033728K), 0.0048460 secs]
292.199: Total time for which application threads were stopped: 0.0050032 seconds, Stopping threads took: 0.0000184 seconds
292.266: [GC (Allocation Failure)  932296K->620714K(1033728K), 0.0048875 secs]
292.271: Total time for which application threads were stopped: 0.0050454 seconds, Stopping threads took: 0.0000185 seconds
292.339: [GC (Allocation Failure)  940202K->620682K(1033728K), 0.0047346 secs]
292.343: Total time for which application threads were stopped: 0.0048912 seconds, Stopping threads took: 0.0000259 seconds
292.410: [GC (Allocation Failure)  940170K->620786K(1033728K), 0.0055108 secs]
292.416: Total time for which application threads were stopped: 0.0056710 seconds, Stopping threads took: 0.0000189 seconds
292.482: [GC (Allocation Failure)  940274K->628756K(1027072K), 0.0058697 secs]
292.488: Total time for which application threads were stopped: 0.0060491 seconds, Stopping threads took: 0.0000187 seconds
292.554: [GC (Allocation Failure)  948244K->624882K(1034240K), 0.0038950 secs]
292.558: Total time for which application threads were stopped: 0.0040514 seconds, Stopping threads took: 0.0000263 seconds
292.626: [GC (Allocation Failure)  944370K->628908K(1033216K), 0.0047609 secs]
292.630: Total time for which application threads were stopped: 0.0049306 seconds, Stopping threads took: 0.0000164 seconds
292.698: [GC (Allocation Failure)  948396K->632844K(1034752K), 0.0048836 secs]
292.703: Total time for which application threads were stopped: 0.0050523 seconds, Stopping threads took: 0.0000198 seconds
292.769: [GC (Allocation Failure)  954380K->626122K(1034752K), 0.0024015 secs]
292.772: Total time for which application threads were stopped: 0.0025928 seconds, Stopping threads took: 0.0000200 seconds
292.841: [GC (Allocation Failure)  947658K->632980K(1034752K), 0.0046681 secs]
292.846: Total time for which application threads were stopped: 0.0048363 seconds, Stopping threads took: 0.0000281 seconds
292.912: [GC (Allocation Failure)  954516K->637028K(1034752K), 0.0057961 secs]
292.918: Total time for which application threads were stopped: 0.0059753 seconds, Stopping threads took: 0.0000194 seconds
292.983: [GC (Allocation Failure)  958564K->631458K(1034752K), 0.0028346 secs]
292.986: Total time for which application threads were stopped: 0.0030015 seconds, Stopping threads took: 0.0000203 seconds
293.054: [GC (Allocation Failure)  952994K->637332K(1034752K), 0.0050828 secs]
293.059: Total time for which application threads were stopped: 0.0052557 seconds, Stopping threads took: 0.0000195 seconds
293.126: [GC (Allocation Failure)  958868K->641172K(1034752K), 0.0051115 secs]
293.132: Total time for which application threads were stopped: 0.0052896 seconds, Stopping threads took: 0.0000197 seconds
293.200: [GC (Allocation Failure)  963661K->637266K(1035264K), 0.0036474 secs]
293.203: Total time for which application threads were stopped: 0.0038087 seconds, Stopping threads took: 0.0000201 seconds
293.272: [GC (Allocation Failure)  959826K->641324K(1036288K), 0.0047787 secs]
293.277: Total time for which application threads were stopped: 0.0049729 seconds, Stopping threads took: 0.0000196 seconds
293.346: [GC (Allocation Failure)  965420K->645324K(1035776K), 0.0047704 secs]
293.350: Total time for which application threads were stopped: 0.0049572 seconds, Stopping threads took: 0.0000280 seconds
293.419: [GC (Allocation Failure)  969420K->645260K(1035776K), 0.0046818 secs]
293.424: Total time for which application threads were stopped: 0.0048637 seconds, Stopping threads took: 0.0000163 seconds
293.491: [GC (Allocation Failure)  968844K->645348K(1023488K), 0.0050412 secs]
293.496: Total time for which application threads were stopped: 0.0052158 seconds, Stopping threads took: 0.0000206 seconds
293.563: [GC (Allocation Failure)  968932K->653319K(1035264K), 0.0049658 secs]
293.568: Total time for which application threads were stopped: 0.0051382 seconds, Stopping threads took: 0.0000196 seconds
293.635: [GC (Allocation Failure)  975879K->653287K(1030144K), 0.0046125 secs]
293.640: Total time for which application threads were stopped: 0.0048045 seconds, Stopping threads took: 0.0000192 seconds
293.709: [GC (Allocation Failure)  975847K->653383K(1034752K), 0.0048844 secs]
293.714: Total time for which application threads were stopped: 0.0050526 seconds, Stopping threads took: 0.0000196 seconds
293.781: [GC (Allocation Failure)  974919K->661353K(1034752K), 0.0050585 secs]
293.786: Total time for which application threads were stopped: 0.0052282 seconds, Stopping threads took: 0.0000196 seconds
293.854: [GC (Allocation Failure)  982889K->661321K(1033728K), 0.0046992 secs]
293.859: Total time for which application threads were stopped: 0.0049206 seconds, Stopping threads took: 0.0000281 seconds
293.928: [GC (Allocation Failure)  981833K->661609K(1034240K), 0.0047857 secs]
293.932: Total time for which application threads were stopped: 0.0049421 seconds, Stopping threads took: 0.0000169 seconds
294.000: [GC (Allocation Failure)  982121K->669387K(1034240K), 0.0048533 secs]
294.005: Total time for which application threads were stopped: 0.0050209 seconds, Stopping threads took: 0.0000193 seconds
294.073: [GC (Allocation Failure)  989899K->669419K(1034240K), 0.0049654 secs]
294.078: Total time for which application threads were stopped: 0.0051215 seconds, Stopping threads took: 0.0000195 seconds
294.145: [GC (Allocation Failure)  989931K->669835K(1034240K), 0.0049813 secs]
294.150: Total time for which application threads were stopped: 0.0051435 seconds, Stopping threads took: 0.0000196 seconds
294.218: [GC (Allocation Failure)  990347K->677453K(1028096K), 0.0056816 secs]
294.223: Total time for which application threads were stopped: 0.0059114 seconds, Stopping threads took: 0.0000195 seconds
294.291: [GC (Allocation Failure)  997965K->677421K(1033728K), 0.0050021 secs]
294.296: Total time for which application threads were stopped: 0.0051795 seconds, Stopping threads took: 0.0000188 seconds
294.361: [GC (Allocation Failure)  996909K->677581K(1033728K), 0.0048433 secs]
294.366: Total time for which application threads were stopped: 0.0050122 seconds, Stopping threads took: 0.0000262 seconds
294.433: [GC (Allocation Failure)  997069K->685456K(1033728K), 0.0048864 secs]
294.438: Total time for which application threads were stopped: 0.0050796 seconds, Stopping threads took: 0.0000195 seconds
294.508: [GC (Allocation Failure)  1004944K->685456K(1033728K), 0.0073638 secs]
294.515: Total time for which application threads were stopped: 0.0075697 seconds, Stopping threads took: 0.0000274 seconds
294.583: [GC (Allocation Failure)  1004944K->685512K(1033728K), 0.0048449 secs]
294.588: [Full GC (Ergonomics)  685512K->8539K(1033728K), 0.0130223 secs]
294.601: Total time for which application threads were stopped: 0.0181217 seconds, Stopping threads took: 0.0000163 seconds
294.667: [GC (Allocation Failure)  328027K->16702K(1027072K), 0.0036785 secs]
294.671: Total time for which application threads were stopped: 0.0038452 seconds, Stopping threads took: 0.0000195 seconds
294.736: [GC (Allocation Failure)  336189K->12803K(1034240K), 0.0025846 secs]
294.738: Total time for which application threads were stopped: 0.0027464 seconds, Stopping threads took: 0.0000195 seconds
294.807: [GC (Allocation Failure)  332291K->16870K(1033216K), 0.0038869 secs]
294.811: Total time for which application threads were stopped: 0.0040607 seconds, Stopping threads took: 0.0000201 seconds
294.879: [GC (Allocation Failure)  336358K->20838K(1034752K), 0.0037594 secs]
294.882: Total time for which application threads were stopped: 0.0039311 seconds, Stopping threads took: 0.0000255 seconds
294.949: [GC (Allocation Failure)  342374K->14051K(1034752K), 0.0009906 secs]
294.950: Total time for which application threads were stopped: 0.0011276 seconds, Stopping threads took: 0.0000205 seconds
295.020: [GC (Allocation Failure)  335587K->20902K(1034752K), 0.0035824 secs]
295.024: Total time for which application threads were stopped: 0.0037571 seconds, Stopping threads took: 0.0000214 seconds
295.089: [GC (Allocation Failure)  342438K->24950K(1034752K), 0.0045340 secs]
295.094: Total time for which application threads were stopped: 0.0047115 seconds, Stopping threads took: 0.0000224 seconds
295.159: [GC (Allocation Failure)  346486K->19443K(1034752K), 0.0015869 secs]
295.161: Total time for which application threads were stopped: 0.0017415 seconds, Stopping threads took: 0.0000203 seconds
295.228: [GC (Allocation Failure)  340979K->25294K(1034752K), 0.0036297 secs]
295.232: Total time for which application threads were stopped: 0.0037950 seconds, Stopping threads took: 0.0000203 seconds
295.299: [GC (Allocation Failure)  346830K->29134K(1035264K), 0.0039416 secs]
295.303: Total time for which application threads were stopped: 0.0041098 seconds, Stopping threads took: 0.0000192 seconds
295.370: [GC (Allocation Failure)  351622K->25227K(1035264K), 0.0022507 secs]
295.372: Total time for which application threads were stopped: 0.0024213 seconds, Stopping threads took: 0.0000276 seconds
295.440: [GC (Allocation Failure)  347787K->29294K(1036288K), 0.0039755 secs]
295.444: Total time for which application threads were stopped: 0.0041597 seconds, Stopping threads took: 0.0000211 seconds
295.512: [GC (Allocation Failure)  353390K->33262K(1035776K), 0.0043467 secs]
295.517: Total time for which application threads were stopped: 0.0045655 seconds, Stopping threads took: 0.0000282 seconds
295.586: [GC (Allocation Failure)  357358K->33230K(1035776K), 0.0033801 secs]
295.590: Total time for which application threads were stopped: 0.0035505 seconds, Stopping threads took: 0.0000165 seconds
295.659: [GC (Allocation Failure)  356814K->33318K(1023488K), 0.0038689 secs]
295.663: Total time for which application threads were stopped: 0.0040463 seconds, Stopping threads took: 0.0000200 seconds
295.729: [GC (Allocation Failure)  356902K->41320K(1035264K), 0.0036989 secs]
295.732: Total time for which application threads were stopped: 0.0038894 seconds, Stopping threads took: 0.0000196 seconds
295.802: [GC (Allocation Failure)  363880K->41288K(1030144K), 0.0034857 secs]
295.806: Total time for which application threads were stopped: 0.0036756 seconds, Stopping threads took: 0.0000172 seconds
295.876: [GC (Allocation Failure)  363848K->41352K(1034752K), 0.0036212 secs]
295.879: Total time for which application threads were stopped: 0.0037873 seconds, Stopping threads took: 0.0000246 seconds
295.947: [GC (Allocation Failure)  362888K->49354K(1029120K), 0.0038923 secs]
295.951: Total time for which application threads were stopped: 0.0040547 seconds, Stopping threads took: 0.0000193 seconds
296.019: [GC (Allocation Failure)  370890K->49322K(1034240K), 0.0034566 secs]
296.023: Total time for which application threads were stopped: 0.0036509 seconds, Stopping threads took: 0.0000200 seconds
296.092: [GC (Allocation Failure)  369834K->49578K(1034240K), 0.0038100 secs]
296.095: Total time for which application threads were stopped: 0.0039576 seconds, Stopping threads took: 0.0000172 seconds
296.163: [GC (Allocation Failure)  370090K->57356K(1034240K), 0.0035759 secs]
296.167: Total time for which application threads were stopped: 0.0037373 seconds, Stopping threads took: 0.0000194 seconds
296.235: [GC (Allocation Failure)  377868K->57324K(1034240K), 0.0036937 secs]
296.239: Total time for which application threads were stopped: 0.0038575 seconds, Stopping threads took: 0.0000193 seconds
296.306: [GC (Allocation Failure)  377836K->57764K(1033216K), 0.0043774 secs]
296.311: Total time for which application threads were stopped: 0.0045411 seconds, Stopping threads took: 0.0000198 seconds
296.379: [GC (Allocation Failure)  377252K->65383K(1033728K), 0.0038307 secs]
296.382: Total time for which application threads were stopped: 0.0039929 seconds, Stopping threads took: 0.0000198 seconds
296.451: [GC (Allocation Failure)  384871K->65383K(1033728K), 0.0035754 secs]
296.454: Total time for which application threads were stopped: 0.0037444 seconds, Stopping threads took: 0.0000205 seconds
296.520: [GC (Allocation Failure)  384871K->65471K(1033728K), 0.0066017 secs]
296.527: Total time for which application threads were stopped: 0.0067603 seconds, Stopping threads took: 0.0000251 seconds
296.595: [GC (Allocation Failure)  384959K->73409K(1033728K), 0.0037619 secs]
296.598: Total time for which application threads were stopped: 0.0039546 seconds, Stopping threads took: 0.0000192 seconds
296.666: [GC (Allocation Failure)  392897K->73377K(1033728K), 0.0037682 secs]
296.670: Total time for which application threads were stopped: 0.0039460 seconds, Stopping threads took: 0.0000246 seconds
296.737: [GC (Allocation Failure)  392865K->73481K(1033728K), 0.0039767 secs]
296.741: Total time for which application threads were stopped: 0.0041400 seconds, Stopping threads took: 0.0000193 seconds
296.808: [GC (Allocation Failure)  392969K->81419K(1027072K), 0.0045379 secs]
296.813: Total time for which application threads were stopped: 0.0046985 seconds, Stopping threads took: 0.0000203 seconds
296.879: [GC (Allocation Failure)  400907K->77577K(1034240K), 0.0025539 secs]
296.882: Total time for which application threads were stopped: 0.0026992 seconds, Stopping threads took: 0.0000261 seconds
296.951: [GC (Allocation Failure)  397065K->81611K(1033216K), 0.0039441 secs]
296.955: Total time for which application threads were stopped: 0.0041022 seconds, Stopping threads took: 0.0000190 seconds
297.022: [GC (Allocation Failure)  401099K->85579K(1034752K), 0.0035983 secs]
297.026: Total time for which application threads were stopped: 0.0037723 seconds, Stopping threads took: 0.0000198 seconds
297.092: [GC (Allocation Failure)  407115K->78825K(1034752K), 0.0011161 secs]
297.093: Total time for which application threads were stopped: 0.0012264 seconds, Stopping threads took: 0.0000188 seconds
297.164: [GC (Allocation Failure)  400361K->85643K(1034752K), 0.0037205 secs]
297.168: Total time for which application threads were stopped: 0.0038702 seconds, Stopping threads took: 0.0000163 seconds
297.236: [GC (Allocation Failure)  407179K->89723K(1034752K), 0.0047902 secs]
297.241: Total time for which application threads were stopped: 0.0049687 seconds, Stopping threads took: 0.0000195 seconds
297.306: [GC (Allocation Failure)  411259K->84185K(1034752K), 0.0017427 secs]
297.308: Total time for which application threads were stopped: 0.0018889 seconds, Stopping threads took: 0.0000197 seconds
297.378: [GC (Allocation Failure)  405721K->89995K(1034752K), 0.0037536 secs]
297.381: Total time for which application threads were stopped: 0.0039226 seconds, Stopping threads took: 0.0000196 seconds
297.448: [GC (Allocation Failure)  411531K->93867K(1034752K), 0.0042519 secs]
297.453: Total time for which application threads were stopped: 0.0044351 seconds, Stopping threads took: 0.0000214 seconds
297.521: [GC (Allocation Failure)  416356K->89961K(1035264K), 0.0036167 secs]
297.525: Total time for which application threads were stopped: 0.0037765 seconds, Stopping threads took: 0.0000256 seconds
297.593: [GC (Allocation Failure)  412521K->94027K(1036288K), 0.0038042 secs]
297.597: Total time for which application threads were stopped: 0.0039681 seconds, Stopping threads took: 0.0000189 seconds
297.664: [GC (Allocation Failure)  418123K->98027K(1035776K), 0.0038387 secs]
297.668: Total time for which application threads were stopped: 0.0040080 seconds, Stopping threads took: 0.0000195 seconds
297.738: [GC (Allocation Failure)  422123K->98027K(1035776K), 0.0037358 secs]
297.742: Total time for which application threads were stopped: 0.0038914 seconds, Stopping threads took: 0.0000185 seconds
297.811: [GC (Allocation Failure)  421611K->98059K(1023488K), 0.0037593 secs]
297.815: Total time for which application threads were stopped: 0.0039204 seconds, Stopping threads took: 0.0000192 seconds
297.881: [GC (Allocation Failure)  421643K->106062K(1035264K), 0.0038185 secs]
297.885: Total time for which application threads were stopped: 0.0039973 seconds, Stopping threads took: 0.0000199 seconds
297.953: [GC (Allocation Failure)  428622K->106030K(1030144K), 0.0036286 secs]
297.956: Total time for which application threads were stopped: 0.0038050 seconds, Stopping threads took: 0.0000191 seconds
298.025: [GC (Allocation Failure)  428590K->106094K(1034752K), 0.0038454 secs]
298.029: Total time for which application threads were stopped: 0.0040122 seconds, Stopping threads took: 0.0000193 seconds
298.097: [GC (Allocation Failure)  427630K->114096K(1029120K), 0.0040550 secs]
298.101: Total time for which application threads were stopped: 0.0042151 seconds, Stopping threads took: 0.0000192 seconds
298.169: [GC (Allocation Failure)  435632K->114096K(1034240K), 0.0037567 secs]
298.173: Total time for which application threads were stopped: 0.0039240 seconds, Stopping threads took: 0.0000199 seconds
298.242: [GC (Allocation Failure)  434608K->114312K(1034240K), 0.0038695 secs]
298.246: Total time for which application threads were stopped: 0.0040646 seconds, Stopping threads took: 0.0000195 seconds
298.313: [GC (Allocation Failure)  434824K->122122K(1034240K), 0.0038906 secs]
298.317: Total time for which application threads were stopped: 0.0040603 seconds, Stopping threads took: 0.0000221 seconds
298.387: [GC (Allocation Failure)  442634K->122122K(1034240K), 0.0039918 secs]
298.392: Total time for which application threads were stopped: 0.0042985 seconds, Stopping threads took: 0.0000273 seconds
298.459: [GC (Allocation Failure)  442634K->122538K(1033216K), 0.0064155 secs]
298.465: Total time for which application threads were stopped: 0.0065716 seconds, Stopping threads took: 0.0000190 seconds
298.535: [GC (Allocation Failure)  442026K->130124K(1033728K), 0.0040780 secs]
298.539: Total time for which application threads were stopped: 0.0042451 seconds, Stopping threads took: 0.0000193 seconds
298.606: [GC (Allocation Failure)  449612K->130156K(1033728K), 0.0039167 secs]
298.610: Total time for which application threads were stopped: 0.0040729 seconds, Stopping threads took: 0.0000193 seconds
298.675: [GC (Allocation Failure)  449644K->130252K(1033728K), 0.0041925 secs]
298.679: Total time for which application threads were stopped: 0.0043721 seconds, Stopping threads took: 0.0000241 seconds
298.747: [GC (Allocation Failure)  449740K->138191K(1033728K), 0.0038556 secs]
298.751: Total time for which application threads were stopped: 0.0040250 seconds, Stopping threads took: 0.0000193 seconds
298.818: [GC (Allocation Failure)  457679K->138127K(1033728K), 0.0037701 secs]
298.822: Total time for which application threads were stopped: 0.0039283 seconds, Stopping threads took: 0.0000188 seconds
298.889: [GC (Allocation Failure)  457615K->138215K(1033728K), 0.0039091 secs]
298.893: Total time for which application threads were stopped: 0.0040686 seconds, Stopping threads took: 0.0000260 seconds
298.960: [GC (Allocation Failure)  457703K->146185K(1027072K), 0.0040930 secs]
298.965: Total time for which application threads were stopped: 0.0042663 seconds, Stopping threads took: 0.0000198 seconds
299.030: [GC (Allocation Failure)  465672K->142311K(1034240K), 0.0028332 secs]
299.033: Total time for which application threads were stopped: 0.0029844 seconds, Stopping threads took: 0.0000196 seconds
299.100: [GC (Allocation Failure)  461799K->146353K(1033216K), 0.0040860 secs]
299.105: Total time for which application threads were stopped: 0.0042901 seconds, Stopping threads took: 0.0000200 seconds
299.174: [GC (Allocation Failure)  465841K->150321K(1034752K), 0.0039076 secs]
299.178: Total time for which application threads were stopped: 0.0040570 seconds, Stopping threads took: 0.0000168 seconds
299.245: [GC (Allocation Failure)  471857K->143567K(1034752K), 0.0011982 secs]
299.247: Total time for which application threads were stopped: 0.0013217 seconds, Stopping threads took: 0.0000194 seconds
299.316: [GC (Allocation Failure)  465103K->150353K(1034752K), 0.0038899 secs]
299.320: Total time for which application threads were stopped: 0.0040495 seconds, Stopping threads took: 0.0000190 seconds
299.387: [GC (Allocation Failure)  471889K->154497K(1034752K), 0.0049071 secs]
299.392: Total time for which application threads were stopped: 0.0050680 seconds, Stopping threads took: 0.0000199 seconds
299.457: [GC (Allocation Failure)  476033K->148895K(1034752K), 0.0017327 secs]
299.459: Total time for which application threads were stopped: 0.0018745 seconds, Stopping threads took: 0.0000192 seconds
299.527: [GC (Allocation Failure)  470431K->154769K(1034752K), 0.0040659 secs]
299.532: Total time for which application threads were stopped: 0.0042221 seconds, Stopping threads took: 0.0000165 seconds
299.599: [GC (Allocation Failure)  476305K->158609K(1035264K), 0.0041373 secs]
299.603: Total time for which application threads were stopped: 0.0042961 seconds, Stopping threads took: 0.0000199 seconds
299.670: [GC (Allocation Failure)  481097K->154735K(1035264K), 0.0026580 secs]
299.673: Total time for which application threads were stopped: 0.0028474 seconds, Stopping threads took: 0.0000206 seconds
299.743: [GC (Allocation Failure)  477295K->158769K(1036288K), 0.0040331 secs]
299.747: Total time for which application threads were stopped: 0.0041898 seconds, Stopping threads took: 0.0000164 seconds
299.815: [GC (Allocation Failure)  482865K->162737K(1035776K), 0.0038374 secs]
299.819: Total time for which application threads were stopped: 0.0040069 seconds, Stopping threads took: 0.0000194 seconds
299.890: [GC (Allocation Failure)  486833K->162737K(1035776K), 0.0037555 secs]
299.894: Total time for which application threads were stopped: 0.0039570 seconds, Stopping threads took: 0.0000256 seconds
299.962: [GC (Allocation Failure)  486321K->162793K(1023488K), 0.0039509 secs]
299.966: Total time for which application threads were stopped: 0.0041102 seconds, Stopping threads took: 0.0000193 seconds
300.032: [GC (Allocation Failure)  486377K->170795K(1035264K), 0.0041004 secs]
300.036: Total time for which application threads were stopped: 0.0042618 seconds, Stopping threads took: 0.0000194 seconds
300.104: [GC (Allocation Failure)  493355K->170731K(1030144K), 0.0038793 secs]
300.108: Total time for which application threads were stopped: 0.0040480 seconds, Stopping threads took: 0.0000196 seconds
300.175: [GC (Allocation Failure)  493291K->170819K(1034752K), 0.0041669 secs]
300.179: Total time for which application threads were stopped: 0.0043364 seconds, Stopping threads took: 0.0000191 seconds
300.246: [GC (Allocation Failure)  492355K->178789K(1034752K), 0.0041942 secs]
300.250: Total time for which application threads were stopped: 0.0043647 seconds, Stopping threads took: 0.0000197 seconds
300.318: [GC (Allocation Failure)  500325K->178789K(1033728K), 0.0039364 secs]
300.322: Total time for which application threads were stopped: 0.0041420 seconds, Stopping threads took: 0.0000205 seconds
300.392: [GC (Allocation Failure)  499301K->179053K(1034240K), 0.0039329 secs]
300.396: Total time for which application threads were stopped: 0.0041162 seconds, Stopping threads took: 0.0000263 seconds
300.465: [GC (Allocation Failure)  499565K->186864K(1034240K), 0.0038109 secs]
300.469: Total time for which application threads were stopped: 0.0039819 seconds, Stopping threads took: 0.0000200 seconds
300.537: [GC (Allocation Failure)  507376K->186832K(1034240K), 0.0040278 secs]
300.542: Total time for which application threads were stopped: 0.0041933 seconds, Stopping threads took: 0.0000258 seconds
300.608: [GC (Allocation Failure)  507344K->187272K(1033216K), 0.0039690 secs]
300.612: Total time for which application threads were stopped: 0.0041701 seconds, Stopping threads took: 0.0000219 seconds
300.682: [GC (Allocation Failure)  506760K->194890K(1033728K), 0.0038982 secs]
300.686: Total time for which application threads were stopped: 0.0040761 seconds, Stopping threads took: 0.0000165 seconds
300.754: [GC (Allocation Failure)  514378K->194890K(1033728K), 0.0039795 secs]
300.758: Total time for which application threads were stopped: 0.0041743 seconds, Stopping threads took: 0.0000205 seconds
300.824: [GC (Allocation Failure)  514378K->194954K(1033728K), 0.0047712 secs]
300.829: Total time for which application threads were stopped: 0.0049340 seconds, Stopping threads took: 0.0000198 seconds
300.897: [GC (Allocation Failure)  514442K->202892K(1033728K), 0.0037474 secs]
300.901: Total time for which application threads were stopped: 0.0039144 seconds, Stopping threads took: 0.0000200 seconds
300.970: [GC (Allocation Failure)  522380K->202860K(1033728K), 0.0039946 secs]
300.974: Total time for which application threads were stopped: 0.0041542 seconds, Stopping threads took: 0.0000166 seconds
301.040: [GC (Allocation Failure)  522348K->202948K(1033728K), 0.0042883 secs]
301.045: Total time for which application threads were stopped: 0.0044577 seconds, Stopping threads took: 0.0000193 seconds
301.111: [GC (Allocation Failure)  522436K->210950K(1027072K), 0.0041315 secs]
301.116: Total time for which application threads were stopped: 0.0042931 seconds, Stopping threads took: 0.0000201 seconds
301.180: [GC (Allocation Failure)  530438K->207012K(1034240K), 0.0030197 secs]
301.184: Total time for which application threads were stopped: 0.0031701 seconds, Stopping threads took: 0.0000197 seconds
301.251: [GC (Allocation Failure)  526500K->211086K(1033216K), 0.0040027 secs]
301.255: Total time for which application threads were stopped: 0.0041960 seconds, Stopping threads took: 0.0000191 seconds
301.324: [GC (Allocation Failure)  530574K->215054K(1034752K), 0.0039813 secs]
301.328: Total time for which application threads were stopped: 0.0041404 seconds, Stopping threads took: 0.0000168 seconds
301.396: [GC (Allocation Failure)  536590K->208268K(1034752K), 0.0014453 secs]
301.397: Total time for which application threads were stopped: 0.0015705 seconds, Stopping threads took: 0.0000188 seconds
301.464: [GC (Allocation Failure)  529804K->215150K(1034752K), 0.0038542 secs]
301.468: Total time for which application threads were stopped: 0.0040450 seconds, Stopping threads took: 0.0000189 seconds
301.538: [GC (Allocation Failure)  536686K->219198K(1034752K), 0.0050008 secs]
301.543: Total time for which application threads were stopped: 0.0051709 seconds, Stopping threads took: 0.0000203 seconds
301.609: [GC (Allocation Failure)  540734K->213628K(1034752K), 0.0019413 secs]
301.611: Total time for which application threads were stopped: 0.0021168 seconds, Stopping threads took: 0.0000199 seconds
301.679: [GC (Allocation Failure)  535164K->219502K(1034752K), 0.0040804 secs]
301.683: Total time for which application threads were stopped: 0.0042500 seconds, Stopping threads took: 0.0000214 seconds
301.750: [GC (Allocation Failure)  541038K->223374K(1035264K), 0.0044951 secs]
301.755: Total time for which application threads were stopped: 0.0046566 seconds, Stopping threads took: 0.0000202 seconds
301.823: [GC (Allocation Failure)  545863K->219404K(1035264K), 0.0028286 secs]
301.826: Total time for which application threads were stopped: 0.0030213 seconds, Stopping threads took: 0.0000201 seconds
301.896: [GC (Allocation Failure)  541964K->223494K(1036288K), 0.0042927 secs]
301.901: Total time for which application threads were stopped: 0.0044705 seconds, Stopping threads took: 0.0000274 seconds
301.970: [GC (Allocation Failure)  547590K->227494K(1035776K), 0.0041145 secs]
301.974: Total time for which application threads were stopped: 0.0042840 seconds, Stopping threads took: 0.0000198 seconds
302.042: [GC (Allocation Failure)  551590K->227462K(1035776K), 0.0038377 secs]
302.046: Total time for which application threads were stopped: 0.0039946 seconds, Stopping threads took: 0.0000198 seconds
302.113: [GC (Allocation Failure)  551046K->227526K(1023488K), 0.0041963 secs]
302.118: Total time for which application threads were stopped: 0.0043561 seconds, Stopping threads took: 0.0000201 seconds
302.186: [GC (Allocation Failure)  551110K->235529K(1035264K), 0.0042499 secs]
302.191: Total time for which application threads were stopped: 0.0044364 seconds, Stopping threads took: 0.0000216 seconds
302.259: [GC (Allocation Failure)  558089K->235465K(1030144K), 0.0040196 secs]
302.263: Total time for which application threads were stopped: 0.0041808 seconds, Stopping threads took: 0.0000198 seconds
302.331: [GC (Allocation Failure)  558025K->235561K(1034752K), 0.0043159 secs]
302.335: Total time for which application threads were stopped: 0.0044826 seconds, Stopping threads took: 0.0000198 seconds
302.403: [GC (Allocation Failure)  557097K->243563K(1029120K), 0.0041376 secs]
302.407: Total time for which application threads were stopped: 0.0043100 seconds, Stopping threads took: 0.0000199 seconds
302.475: [GC (Allocation Failure)  565099K->243531K(1034240K), 0.0040737 secs]
302.479: Total time for which application threads were stopped: 0.0042499 seconds, Stopping threads took: 0.0000201 seconds
302.549: [GC (Allocation Failure)  564043K->243787K(1034240K), 0.0040853 secs]
302.553: Total time for which application threads were stopped: 0.0042441 seconds, Stopping threads took: 0.0000172 seconds
302.620: [GC (Allocation Failure)  564299K->251629K(1034240K), 0.0041572 secs]
302.624: Total time for which application threads were stopped: 0.0043277 seconds, Stopping threads took: 0.0000203 seconds
302.692: [GC (Allocation Failure)  572141K->251597K(1028096K), 0.0042495 secs]
302.696: Total time for which application threads were stopped: 0.0044210 seconds, Stopping threads took: 0.0000200 seconds
302.763: [GC (Allocation Failure)  572109K->252013K(1033728K), 0.0041121 secs]
302.768: Total time for which application threads were stopped: 0.0042774 seconds, Stopping threads took: 0.0000203 seconds
302.835: [GC (Allocation Failure)  571501K->259600K(1033728K), 0.0040311 secs]
302.839: Total time for which application threads were stopped: 0.0041959 seconds, Stopping threads took: 0.0000184 seconds
302.906: [GC (Allocation Failure)  579088K->259600K(1033728K), 0.0039955 secs]
302.911: Total time for which application threads were stopped: 0.0042049 seconds, Stopping threads took: 0.0000192 seconds
302.975: [GC (Allocation Failure)  579088K->259720K(1033728K), 0.0041414 secs]
302.979: Total time for which application threads were stopped: 0.0043049 seconds, Stopping threads took: 0.0000196 seconds
303.047: [GC (Allocation Failure)  579208K->267594K(1033728K), 0.0041775 secs]
303.051: Total time for which application threads were stopped: 0.0043575 seconds, Stopping threads took: 0.0000192 seconds
303.118: [GC (Allocation Failure)  587082K->267626K(1033728K), 0.0041721 secs]
303.122: Total time for which application threads were stopped: 0.0043543 seconds, Stopping threads took: 0.0000204 seconds
303.190: [GC (Allocation Failure)  587114K->267690K(1033728K), 0.0041272 secs]
303.194: Total time for which application threads were stopped: 0.0043038 seconds, Stopping threads took: 0.0000210 seconds
303.261: [GC (Allocation Failure)  587178K->275660K(1027072K), 0.0041646 secs]
303.265: Total time for which application threads were stopped: 0.0043415 seconds, Stopping threads took: 0.0000196 seconds
303.330: [GC (Allocation Failure)  595148K->271786K(1034240K), 0.0030608 secs]
303.333: Total time for which application threads were stopped: 0.0032130 seconds, Stopping threads took: 0.0000194 seconds
303.401: [GC (Allocation Failure)  591274K->275812K(1033216K), 0.0058909 secs]
303.407: Total time for which application threads were stopped: 0.0060589 seconds, Stopping threads took: 0.0000274 seconds
303.475: [GC (Allocation Failure)  595300K->279780K(1034752K), 0.0039823 secs]
303.479: Total time for which application threads were stopped: 0.0041748 seconds, Stopping threads took: 0.0000194 seconds
303.549: [GC (Allocation Failure)  601316K->272994K(1034752K), 0.0014044 secs]
303.550: Total time for which application threads were stopped: 0.0015279 seconds, Stopping threads took: 0.0000175 seconds
303.620: [GC (Allocation Failure)  594530K->279844K(1034752K), 0.0040758 secs]
303.624: Total time for which application threads were stopped: 0.0042402 seconds, Stopping threads took: 0.0000170 seconds
303.691: [GC (Allocation Failure)  601380K->283948K(1034752K), 0.0051239 secs]
303.696: Total time for which application threads were stopped: 0.0052906 seconds, Stopping threads took: 0.0000190 seconds
303.762: [GC (Allocation Failure)  605484K->278346K(1034752K), 0.0021526 secs]
303.764: Total time for which application threads were stopped: 0.0022964 seconds, Stopping threads took: 0.0000201 seconds
303.833: [GC (Allocation Failure)  599882K->284212K(1034752K), 0.0043899 secs]
303.838: Total time for which application threads were stopped: 0.0045543 seconds, Stopping threads took: 0.0000167 seconds
303.907: [GC (Allocation Failure)  605748K->288084K(1035264K), 0.0044484 secs]
303.911: Total time for which application threads were stopped: 0.0046151 seconds, Stopping threads took: 0.0000194 seconds
303.978: [GC (Allocation Failure)  610572K->284146K(1035264K), 0.0029233 secs]
303.981: Total time for which application threads were stopped: 0.0030854 seconds, Stopping threads took: 0.0000200 seconds
304.051: [GC (Allocation Failure)  606706K->288204K(1036288K), 0.0043854 secs]
304.056: Total time for which application threads were stopped: 0.0045505 seconds, Stopping threads took: 0.0000195 seconds
304.123: [GC (Allocation Failure)  612300K->292140K(1035776K), 0.0042219 secs]
304.127: Total time for which application threads were stopped: 0.0043826 seconds, Stopping threads took: 0.0000198 seconds
304.196: [GC (Allocation Failure)  616236K->292172K(1035776K), 0.0039806 secs]
304.200: Total time for which application threads were stopped: 0.0041397 seconds, Stopping threads took: 0.0000193 seconds
304.267: [GC (Allocation Failure)  615756K->292236K(1023488K), 0.0043759 secs]
304.272: Total time for which application threads were stopped: 0.0045684 seconds, Stopping threads took: 0.0000193 seconds
304.340: [GC (Allocation Failure)  615820K->300238K(1035264K), 0.0041715 secs]
304.344: Total time for which application threads were stopped: 0.0043219 seconds, Stopping threads took: 0.0000166 seconds
304.413: [GC (Allocation Failure)  622798K->300206K(1030144K), 0.0041650 secs]
304.417: Total time for which application threads were stopped: 0.0043375 seconds, Stopping threads took: 0.0000258 seconds
304.485: [GC (Allocation Failure)  622766K->300262K(1034752K), 0.0042389 secs]
304.489: Total time for which application threads were stopped: 0.0044106 seconds, Stopping threads took: 0.0000200 seconds
304.557: [GC (Allocation Failure)  621798K->308233K(1034752K), 0.0050756 secs]
304.563: Total time for which application threads were stopped: 0.0052326 seconds, Stopping threads took: 0.0000166 seconds
304.632: [GC (Allocation Failure)  629769K->308265K(1033728K), 0.0040573 secs]
304.636: Total time for which application threads were stopped: 0.0042389 seconds, Stopping threads took: 0.0000283 seconds
304.704: [GC (Allocation Failure)  628777K->308489K(1034240K), 0.0043449 secs]
304.708: Total time for which application threads were stopped: 0.0045070 seconds, Stopping threads took: 0.0000202 seconds
304.777: [GC (Allocation Failure)  629001K->316299K(1034240K), 0.0041551 secs]
304.781: Total time for which application threads were stopped: 0.0043215 seconds, Stopping threads took: 0.0000200 seconds
304.849: [GC (Allocation Failure)  636811K->316267K(1034240K), 0.0040899 secs]
304.854: Total time for which application threads were stopped: 0.0042527 seconds, Stopping threads took: 0.0000199 seconds
304.921: [GC (Allocation Failure)  636779K->316715K(1033216K), 0.0042385 secs]
304.926: Total time for which application threads were stopped: 0.0044578 seconds, Stopping threads took: 0.0000484 seconds
304.993: [GC (Allocation Failure)  636203K->324301K(1033728K), 0.0043525 secs]
304.998: Total time for which application threads were stopped: 0.0045512 seconds, Stopping threads took: 0.0000193 seconds
305.066: [GC (Allocation Failure)  643789K->324301K(1033728K), 0.0041522 secs]
305.070: Total time for which application threads were stopped: 0.0043493 seconds, Stopping threads took: 0.0000508 seconds
305.135: [GC (Allocation Failure)  643789K->324421K(1033728K), 0.0043080 secs]
305.139: Total time for which application threads were stopped: 0.0044829 seconds, Stopping threads took: 0.0000208 seconds
305.207: [GC (Allocation Failure)  643909K->332327K(1033728K), 0.0040738 secs]
305.211: Total time for which application threads were stopped: 0.0042452 seconds, Stopping threads took: 0.0000200 seconds
305.280: [GC (Allocation Failure)  651815K->332359K(1033728K), 0.0043374 secs]
305.284: Total time for which application threads were stopped: 0.0045053 seconds, Stopping threads took: 0.0000196 seconds
305.351: [GC (Allocation Failure)  651847K->332391K(1033728K), 0.0041483 secs]
305.355: Total time for which application threads were stopped: 0.0043118 seconds, Stopping threads took: 0.0000281 seconds
305.422: [GC (Allocation Failure)  651879K->340362K(1027072K), 0.0043712 secs]
305.426: Total time for which application threads were stopped: 0.0045505 seconds, Stopping threads took: 0.0000199 seconds
305.491: [GC (Allocation Failure)  659849K->336423K(1034240K), 0.0031779 secs]
305.495: Total time for which application threads were stopped: 0.0033466 seconds, Stopping threads took: 0.0000291 seconds
305.563: [GC (Allocation Failure)  655911K->340490K(1033216K), 0.0042423 secs]
305.567: Total time for which application threads were stopped: 0.0044030 seconds, Stopping threads took: 0.0000193 seconds
305.634: [GC (Allocation Failure)  659978K->344490K(1034752K), 0.0041895 secs]
305.638: Total time for which application threads were stopped: 0.0043674 seconds, Stopping threads took: 0.0000207 seconds
305.707: [GC (Allocation Failure)  666026K->337703K(1034752K), 0.0015690 secs]
305.709: Total time for which application threads were stopped: 0.0017040 seconds, Stopping threads took: 0.0000198 seconds
305.778: [GC (Allocation Failure)  659239K->344586K(1034752K), 0.0042351 secs]
305.782: Total time for which application threads were stopped: 0.0043954 seconds, Stopping threads took: 0.0000187 seconds
305.848: [GC (Allocation Failure)  666122K->348634K(1034752K), 0.0051678 secs]
305.853: Total time for which application threads were stopped: 0.0053338 seconds, Stopping threads took: 0.0000261 seconds
305.919: [GC (Allocation Failure)  670170K->343095K(1034752K), 0.0021751 secs]
305.921: Total time for which application threads were stopped: 0.0023373 seconds, Stopping threads took: 0.0000190 seconds
305.990: [GC (Allocation Failure)  664631K->348898K(1034752K), 0.0044230 secs]
305.995: Total time for which application threads were stopped: 0.0045997 seconds, Stopping threads took: 0.0000191 seconds
306.063: [GC (Allocation Failure)  670434K->352770K(1035264K), 0.0046783 secs]
306.068: Total time for which application threads were stopped: 0.0048458 seconds, Stopping threads took: 0.0000194 seconds
306.137: [GC (Allocation Failure)  675258K->348863K(1035264K), 0.0031596 secs]
306.140: Total time for which application threads were stopped: 0.0033378 seconds, Stopping threads took: 0.0000272 seconds
306.208: [GC (Allocation Failure)  671423K->352938K(1036288K), 0.0045543 secs]
306.213: Total time for which application threads were stopped: 0.0047317 seconds, Stopping threads took: 0.0000195 seconds
306.281: [GC (Allocation Failure)  677034K->356938K(1035776K), 0.0042054 secs]
306.285: Total time for which application threads were stopped: 0.0043802 seconds, Stopping threads took: 0.0000203 seconds
306.356: [GC (Allocation Failure)  681034K->356906K(1035776K), 0.0040547 secs]
306.360: Total time for which application threads were stopped: 0.0042040 seconds, Stopping threads took: 0.0000250 seconds
306.428: [GC (Allocation Failure)  680490K->356970K(1023488K), 0.0042935 secs]
306.432: Total time for which application threads were stopped: 0.0044639 seconds, Stopping threads took: 0.0000254 seconds
306.498: [GC (Allocation Failure)  680554K->364940K(1035264K), 0.0095339 secs]
306.508: Total time for which application threads were stopped: 0.0096942 seconds, Stopping threads took: 0.0000197 seconds
306.576: [GC (Allocation Failure)  687500K->364972K(1030144K), 0.0042607 secs]
306.580: Total time for which application threads were stopped: 0.0044270 seconds, Stopping threads took: 0.0000200 seconds
306.649: [GC (Allocation Failure)  687532K->364996K(1034752K), 0.0045586 secs]
306.654: Total time for which application threads were stopped: 0.0047406 seconds, Stopping threads took: 0.0000194 seconds
306.723: [GC (Allocation Failure)  686532K->372998K(1029120K), 0.0045810 secs]
306.728: Total time for which application threads were stopped: 0.0047626 seconds, Stopping threads took: 0.0000204 seconds
306.798: [GC (Allocation Failure)  694534K->372934K(1034240K), 0.0040752 secs]
306.802: Total time for which application threads were stopped: 0.0042475 seconds, Stopping threads took: 0.0000198 seconds
306.869: [GC (Allocation Failure)  693446K->373222K(1034240K), 0.0044446 secs]
306.873: Total time for which application threads were stopped: 0.0046260 seconds, Stopping threads took: 0.0000277 seconds
306.941: [GC (Allocation Failure)  693734K->381032K(1034240K), 0.0041264 secs]
306.945: Total time for which application threads were stopped: 0.0043181 seconds, Stopping threads took: 0.0000192 seconds
307.015: [GC (Allocation Failure)  701544K->381000K(1034240K), 0.0043468 secs]
307.019: Total time for which application threads were stopped: 0.0045084 seconds, Stopping threads took: 0.0000196 seconds
307.086: [GC (Allocation Failure)  701512K->381448K(1033216K), 0.0044508 secs]
307.091: Total time for which application threads were stopped: 0.0046111 seconds, Stopping threads took: 0.0000199 seconds
307.159: [GC (Allocation Failure)  700936K->389067K(1033728K), 0.0043306 secs]
307.163: Total time for which application threads were stopped: 0.0045021 seconds, Stopping threads took: 0.0000204 seconds
307.232: [GC (Allocation Failure)  708555K->389035K(1033728K), 0.0043013 secs]
307.236: Total time for which application threads were stopped: 0.0044782 seconds, Stopping threads took: 0.0000201 seconds
307.301: [GC (Allocation Failure)  708523K->389163K(1033728K), 0.0043261 secs]
307.306: Total time for which application threads were stopped: 0.0045318 seconds, Stopping threads took: 0.0000195 seconds
307.375: [GC (Allocation Failure)  708651K->397069K(1033728K), 0.0043304 secs]
307.379: Total time for which application threads were stopped: 0.0044918 seconds, Stopping threads took: 0.0000194 seconds
307.446: [GC (Allocation Failure)  716557K->397069K(1033728K), 0.0042822 secs]
307.450: Total time for which application threads were stopped: 0.0044464 seconds, Stopping threads took: 0.0000207 seconds
307.517: [GC (Allocation Failure)  716557K->397093K(1033728K), 0.0064346 secs]
307.524: Total time for which application threads were stopped: 0.0066309 seconds, Stopping threads took: 0.0000257 seconds
307.591: [GC (Allocation Failure)  716581K->405095K(1027072K), 0.0044283 secs]
307.596: Total time for which application threads were stopped: 0.0045850 seconds, Stopping threads took: 0.0000253 seconds
307.661: [GC (Allocation Failure)  724583K->401189K(1034240K), 0.0032971 secs]
307.664: Total time for which application threads were stopped: 0.0034506 seconds, Stopping threads took: 0.0000192 seconds
307.732: [GC (Allocation Failure)  720677K->405255K(1033216K), 0.0045730 secs]
307.736: Total time for which application threads were stopped: 0.0047351 seconds, Stopping threads took: 0.0000194 seconds
307.804: [GC (Allocation Failure)  724743K->409223K(1034752K), 0.0043250 secs]
307.808: Total time for which application threads were stopped: 0.0045064 seconds, Stopping threads took: 0.0000196 seconds
307.877: [GC (Allocation Failure)  730759K->402437K(1034752K), 0.0017064 secs]
307.878: Total time for which application threads were stopped: 0.0018504 seconds, Stopping threads took: 0.0000263 seconds
307.945: [GC (Allocation Failure)  723973K->409319K(1034752K), 0.0044108 secs]
307.950: Total time for which application threads were stopped: 0.0045787 seconds, Stopping threads took: 0.0000195 seconds
308.015: [GC (Allocation Failure)  730855K->413367K(1034752K), 0.0052578 secs]
308.021: Total time for which application threads were stopped: 0.0054111 seconds, Stopping threads took: 0.0000197 seconds
308.088: [GC (Allocation Failure)  734903K->407829K(1034752K), 0.0023376 secs]
308.090: Total time for which application threads were stopped: 0.0024748 seconds, Stopping threads took: 0.0000161 seconds
308.157: [GC (Allocation Failure)  729365K->413639K(1034752K), 0.0068512 secs]
308.164: Total time for which application threads were stopped: 0.0070048 seconds, Stopping threads took: 0.0000194 seconds
308.232: [GC (Allocation Failure)  735175K->417511K(1034752K), 0.0048066 secs]
308.237: Total time for which application threads were stopped: 0.0049959 seconds, Stopping threads took: 0.0000204 seconds
308.305: [GC (Allocation Failure)  740000K->413573K(1035264K), 0.0032814 secs]
308.309: Total time for which application threads were stopped: 0.0034606 seconds, Stopping threads took: 0.0000195 seconds
308.380: [GC (Allocation Failure)  736133K->417679K(1036288K), 0.0045249 secs]
308.384: Total time for which application threads were stopped: 0.0047239 seconds, Stopping threads took: 0.0000261 seconds
308.454: [GC (Allocation Failure)  741775K->421647K(1035776K), 0.0044029 secs]
308.458: Total time for which application threads were stopped: 0.0045630 seconds, Stopping threads took: 0.0000170 seconds
308.528: [GC (Allocation Failure)  745743K->421647K(1035776K), 0.0043691 secs]
308.533: Total time for which application threads were stopped: 0.0045612 seconds, Stopping threads took: 0.0000191 seconds
308.600: [GC (Allocation Failure)  745231K->421703K(1023488K), 0.0044877 secs]
308.605: Total time for which application threads were stopped: 0.0046556 seconds, Stopping threads took: 0.0000196 seconds
308.671: [GC (Allocation Failure)  745287K->429705K(1035264K), 0.0044733 secs]
308.676: Total time for which application threads were stopped: 0.0046444 seconds, Stopping threads took: 0.0000203 seconds
308.743: [GC (Allocation Failure)  752265K->429673K(1030144K), 0.0042509 secs]
308.747: Total time for which application threads were stopped: 0.0044248 seconds, Stopping threads took: 0.0000200 seconds
308.816: [GC (Allocation Failure)  752233K->429745K(1034752K), 0.0044042 secs]
308.821: Total time for which application threads were stopped: 0.0046020 seconds, Stopping threads took: 0.0000209 seconds
308.890: [GC (Allocation Failure)  751281K->437748K(1029120K), 0.0045710 secs]
308.895: Total time for which application threads were stopped: 0.0047312 seconds, Stopping threads took: 0.0000251 seconds
308.963: [GC (Allocation Failure)  759284K->437748K(1034240K), 0.0043610 secs]
308.967: Total time for which application threads were stopped: 0.0045318 seconds, Stopping threads took: 0.0000195 seconds
309.035: [GC (Allocation Failure)  758260K->437932K(1034240K), 0.0045084 secs]
309.039: Total time for which application threads were stopped: 0.0046812 seconds, Stopping threads took: 0.0000205 seconds
309.109: [GC (Allocation Failure)  758444K->445774K(1034240K), 0.0043484 secs]
309.113: Total time for which application threads were stopped: 0.0045222 seconds, Stopping threads took: 0.0000203 seconds
309.182: [GC (Allocation Failure)  766286K->445742K(1034240K), 0.0045361 secs]
309.187: Total time for which application threads were stopped: 0.0047224 seconds, Stopping threads took: 0.0000220 seconds
309.254: [GC (Allocation Failure)  766254K->446150K(1033216K), 0.0053358 secs]
309.259: Total time for which application threads were stopped: 0.0055122 seconds, Stopping threads took: 0.0000206 seconds
309.326: [GC (Allocation Failure)  765638K->453768K(1033728K), 0.0052431 secs]
309.331: Total time for which application threads were stopped: 0.0054252 seconds, Stopping threads took: 0.0000204 seconds
309.399: [GC (Allocation Failure)  773256K->453768K(1033728K), 0.0045395 secs]
309.404: Total time for which application threads were stopped: 0.0047270 seconds, Stopping threads took: 0.0000312 seconds
309.468: [GC (Allocation Failure)  773256K->453896K(1033728K), 0.0045299 secs]
309.473: Total time for which application threads were stopped: 0.0047027 seconds, Stopping threads took: 0.0000195 seconds
309.541: [GC (Allocation Failure)  773384K->461803K(1033728K), 0.0050700 secs]
309.546: Total time for which application threads were stopped: 0.0052281 seconds, Stopping threads took: 0.0000175 seconds
309.613: [GC (Allocation Failure)  781291K->461835K(1033728K), 0.0045915 secs]
309.618: Total time for which application threads were stopped: 0.0047510 seconds, Stopping threads took: 0.0000192 seconds
309.684: [GC (Allocation Failure)  781323K->461867K(1033728K), 0.0046244 secs]
309.689: Total time for which application threads were stopped: 0.0048188 seconds, Stopping threads took: 0.0000193 seconds
309.757: [GC (Allocation Failure)  781355K->469837K(1027072K), 0.0045559 secs]
309.762: Total time for which application threads were stopped: 0.0047250 seconds, Stopping threads took: 0.0000168 seconds
309.826: [GC (Allocation Failure)  789324K->465899K(1034240K), 0.0034559 secs]
309.830: Total time for which application threads were stopped: 0.0036236 seconds, Stopping threads took: 0.0000203 seconds
309.900: [GC (Allocation Failure)  785387K->469965K(1033216K), 0.0047568 secs]
309.905: Total time for which application threads were stopped: 0.0049453 seconds, Stopping threads took: 0.0000263 seconds
309.973: [GC (Allocation Failure)  789453K->473965K(1034752K), 0.0044809 secs]
309.978: Total time for which application threads were stopped: 0.0046593 seconds, Stopping threads took: 0.0000200 seconds
310.045: [GC (Allocation Failure)  795501K->467179K(1034752K), 0.0020639 secs]
310.047: Total time for which application threads were stopped: 0.0022358 seconds, Stopping threads took: 0.0000218 seconds
310.115: [GC (Allocation Failure)  788715K->474069K(1034752K), 0.0046566 secs]
310.120: Total time for which application threads were stopped: 0.0048424 seconds, Stopping threads took: 0.0000200 seconds
310.188: [GC (Allocation Failure)  795605K->478117K(1034752K), 0.0055026 secs]
310.193: Total time for which application threads were stopped: 0.0056898 seconds, Stopping threads took: 0.0000195 seconds
310.259: [GC (Allocation Failure)  799653K->472579K(1034752K), 0.0025079 secs]
310.262: Total time for which application threads were stopped: 0.0026630 seconds, Stopping threads took: 0.0000195 seconds
310.330: [GC (Allocation Failure)  794115K->478389K(1034752K), 0.0046854 secs]
310.334: Total time for which application threads were stopped: 0.0048600 seconds, Stopping threads took: 0.0000207 seconds
310.403: [GC (Allocation Failure)  799925K->482269K(1035264K), 0.0049015 secs]
310.408: Total time for which application threads were stopped: 0.0050761 seconds, Stopping threads took: 0.0000259 seconds
310.475: [GC (Allocation Failure)  804757K->478363K(1035264K), 0.0033768 secs]
310.478: Total time for which application threads were stopped: 0.0035694 seconds, Stopping threads took: 0.0000201 seconds
310.549: [GC (Allocation Failure)  800923K->482421K(1036288K), 0.0047023 secs]
310.553: Total time for which application threads were stopped: 0.0048728 seconds, Stopping threads took: 0.0000200 seconds
310.621: [GC (Allocation Failure)  806517K->486389K(1035776K), 0.0043731 secs]
310.625: Total time for which application threads were stopped: 0.0045334 seconds, Stopping threads took: 0.0000199 seconds
310.694: [GC (Allocation Failure)  810485K->486421K(1035776K), 0.0045917 secs]
310.698: Total time for which application threads were stopped: 0.0047601 seconds, Stopping threads took: 0.0000206 seconds
310.766: [GC (Allocation Failure)  810005K->486445K(1023488K), 0.0046083 secs]
310.770: Total time for which application threads were stopped: 0.0049046 seconds, Stopping threads took: 0.0000200 seconds
310.837: [GC (Allocation Failure)  810029K->494415K(1035264K), 0.0046548 secs]
310.841: Total time for which application threads were stopped: 0.0048273 seconds, Stopping threads took: 0.0000194 seconds
310.909: [GC (Allocation Failure)  816975K->494383K(1030144K), 0.0043833 secs]
310.914: Total time for which application threads were stopped: 0.0045493 seconds, Stopping threads took: 0.0000276 seconds
310.981: [GC (Allocation Failure)  816943K->494471K(1034752K), 0.0046571 secs]
310.986: Total time for which application threads were stopped: 0.0048380 seconds, Stopping threads took: 0.0000196 seconds
311.055: [GC (Allocation Failure)  816007K->502473K(1029120K), 0.0047811 secs]
311.060: Total time for which application threads were stopped: 0.0049477 seconds, Stopping threads took: 0.0000187 seconds
311.128: [GC (Allocation Failure)  824009K->502441K(1034240K), 0.0044521 secs]
311.132: Total time for which application threads were stopped: 0.0046236 seconds, Stopping threads took: 0.0000192 seconds
311.200: [GC (Allocation Failure)  822953K->502697K(1034240K), 0.0047401 secs]
311.205: Total time for which application threads were stopped: 0.0049081 seconds, Stopping threads took: 0.0000199 seconds
311.273: [GC (Allocation Failure)  823209K->510444K(1034240K), 0.0043664 secs]
311.277: Total time for which application threads were stopped: 0.0045367 seconds, Stopping threads took: 0.0000204 seconds
311.345: [GC (Allocation Failure)  830956K->510476K(1034240K), 0.0044908 secs]
311.349: Total time for which application threads were stopped: 0.0046542 seconds, Stopping threads took: 0.0000256 seconds
311.416: [GC (Allocation Failure)  830988K->510924K(1034240K), 0.0045856 secs]
311.421: Total time for which application threads were stopped: 0.0047538 seconds, Stopping threads took: 0.0000199 seconds
311.489: [GC (Allocation Failure)  831436K->518510K(1028096K), 0.0047459 secs]
311.494: Total time for which application threads were stopped: 0.0049157 seconds, Stopping threads took: 0.0000197 seconds
311.561: [GC (Allocation Failure)  839022K->518510K(1033728K), 0.0046817 secs]
311.565: Total time for which application threads were stopped: 0.0048497 seconds, Stopping threads took: 0.0000196 seconds
311.630: [GC (Allocation Failure)  837998K->518662K(1033728K), 0.0047625 secs]
311.635: Total time for which application threads were stopped: 0.0049758 seconds, Stopping threads took: 0.0000197 seconds
311.702: [GC (Allocation Failure)  838150K->526536K(1033728K), 0.0046366 secs]
311.707: Total time for which application threads were stopped: 0.0048081 seconds, Stopping threads took: 0.0000204 seconds
311.776: [GC (Allocation Failure)  846024K->526568K(1033728K), 0.0046289 secs]
311.780: Total time for which application threads were stopped: 0.0047893 seconds, Stopping threads took: 0.0000202 seconds
311.848: [GC (Allocation Failure)  846056K->526600K(1033728K), 0.0044455 secs]
311.852: Total time for which application threads were stopped: 0.0046039 seconds, Stopping threads took: 0.0000294 seconds
311.918: [GC (Allocation Failure)  846088K->534570K(1027072K), 0.0047490 secs]
311.923: Total time for which application threads were stopped: 0.0049189 seconds, Stopping threads took: 0.0000198 seconds
311.989: [GC (Allocation Failure)  854058K->530632K(1034240K), 0.0036421 secs]
311.993: Total time for which application threads were stopped: 0.0038145 seconds, Stopping threads took: 0.0000268 seconds
312.060: [GC (Allocation Failure)  850120K->534730K(1033216K), 0.0046075 secs]
312.065: Total time for which application threads were stopped: 0.0047662 seconds, Stopping threads took: 0.0000194 seconds
312.132: [GC (Allocation Failure)  854218K->538698K(1034752K), 0.0046567 secs]
312.137: Total time for which application threads were stopped: 0.0048298 seconds, Stopping threads took: 0.0000203 seconds
312.203: [GC (Allocation Failure)  860234K->531912K(1034752K), 0.0021813 secs]
312.206: Total time for which application threads were stopped: 0.0023450 seconds, Stopping threads took: 0.0000282 seconds
312.275: [GC (Allocation Failure)  853448K->538770K(1034752K), 0.0046033 secs]
312.280: Total time for which application threads were stopped: 0.0047588 seconds, Stopping threads took: 0.0000182 seconds
312.347: [GC (Allocation Failure)  860306K->542850K(1034752K), 0.0054172 secs]
312.352: Total time for which application threads were stopped: 0.0055802 seconds, Stopping threads took: 0.0000246 seconds
312.418: [GC (Allocation Failure)  864386K->537312K(1034752K), 0.0027311 secs]
312.421: Total time for which application threads were stopped: 0.0028851 seconds, Stopping threads took: 0.0000188 seconds
312.490: [GC (Allocation Failure)  858848K->543122K(1034752K), 0.0046177 secs]
312.495: Total time for which application threads were stopped: 0.0047909 seconds, Stopping threads took: 0.0000200 seconds
312.563: [GC (Allocation Failure)  864658K->546994K(1034752K), 0.0050958 secs]
312.568: Total time for which application threads were stopped: 0.0052578 seconds, Stopping threads took: 0.0000196 seconds
312.635: [GC (Allocation Failure)  869483K->543088K(1035264K), 0.0034381 secs]
312.639: Total time for which application threads were stopped: 0.0036003 seconds, Stopping threads took: 0.0000201 seconds
312.707: [GC (Allocation Failure)  865648K->547146K(1036288K), 0.0049148 secs]
312.712: Total time for which application threads were stopped: 0.0050881 seconds, Stopping threads took: 0.0000202 seconds
312.781: [GC (Allocation Failure)  871242K->551146K(1035776K), 0.0046561 secs]
312.786: Total time for which application threads were stopped: 0.0048173 seconds, Stopping threads took: 0.0000204 seconds
312.855: [GC (Allocation Failure)  875242K->551114K(1035776K), 0.0047151 secs]
312.860: Total time for which application threads were stopped: 0.0048758 seconds, Stopping threads took: 0.0000209 seconds
312.929: [GC (Allocation Failure)  874698K->551178K(1023488K), 0.0045859 secs]
312.933: Total time for which application threads were stopped: 0.0047475 seconds, Stopping threads took: 0.0000163 seconds
313.002: [GC (Allocation Failure)  874762K->559181K(1035264K), 0.0047731 secs]
313.007: Total time for which application threads were stopped: 0.0049484 seconds, Stopping threads took: 0.0000197 seconds
313.075: [GC (Allocation Failure)  881741K->559149K(1030144K), 0.0044660 secs]
313.079: Total time for which application threads were stopped: 0.0046378 seconds, Stopping threads took: 0.0000203 seconds
313.147: [GC (Allocation Failure)  881709K->559213K(1034752K), 0.0047361 secs]
313.152: Total time for which application threads were stopped: 0.0049197 seconds, Stopping threads took: 0.0000272 seconds
313.220: [GC (Allocation Failure)  880749K->567183K(1034752K), 0.0056650 secs]
313.226: Total time for which application threads were stopped: 0.0058366 seconds, Stopping threads took: 0.0000202 seconds
313.295: [GC (Allocation Failure)  888719K->567151K(1033728K), 0.0044486 secs]
313.299: Total time for which application threads were stopped: 0.0046298 seconds, Stopping threads took: 0.0000211 seconds
313.366: [GC (Allocation Failure)  887663K->567431K(1034240K), 0.0047399 secs]
313.371: Total time for which application threads were stopped: 0.0049028 seconds, Stopping threads took: 0.0000204 seconds
313.438: [GC (Allocation Failure)  887943K->575209K(1034240K), 0.0046460 secs]
313.443: Total time for which application threads were stopped: 0.0048024 seconds, Stopping threads took: 0.0000192 seconds
313.511: [GC (Allocation Failure)  895721K->575209K(1034240K), 0.0047376 secs]
313.516: Total time for which application threads were stopped: 0.0049035 seconds, Stopping threads took: 0.0000193 seconds
313.583: [GC (Allocation Failure)  895721K->575657K(1034240K), 0.0047172 secs]
313.588: Total time for which application threads were stopped: 0.0048785 seconds, Stopping threads took: 0.0000194 seconds
313.655: [GC (Allocation Failure)  896169K->583243K(1028096K), 0.0045804 secs]
313.659: Total time for which application threads were stopped: 0.0047457 seconds, Stopping threads took: 0.0000193 seconds
313.725: [GC (Allocation Failure)  903755K->583243K(1033728K), 0.0046097 secs]
313.730: Total time for which application threads were stopped: 0.0047687 seconds, Stopping threads took: 0.0000190 seconds
313.794: [GC (Allocation Failure)  902731K->583403K(1033728K), 0.0049109 secs]
313.799: Total time for which application threads were stopped: 0.0051050 seconds, Stopping threads took: 0.0000196 seconds
313.868: [GC (Allocation Failure)  902891K->591310K(1033728K), 0.0045878 secs]
313.873: Total time for which application threads were stopped: 0.0047383 seconds, Stopping threads took: 0.0000247 seconds
313.940: [GC (Allocation Failure)  910798K->591278K(1033728K), 0.0047118 secs]
313.945: Total time for which application threads were stopped: 0.0048821 seconds, Stopping threads took: 0.0000198 seconds
314.011: [GC (Allocation Failure)  910766K->591334K(1033728K), 0.0050241 secs]
314.016: Total time for which application threads were stopped: 0.0051935 seconds, Stopping threads took: 0.0000195 seconds
314.081: [GC (Allocation Failure)  910822K->599336K(1027072K), 0.0048681 secs]
314.086: Total time for which application threads were stopped: 0.0050639 seconds, Stopping threads took: 0.0000204 seconds
314.153: [GC (Allocation Failure)  918824K->595398K(1034240K), 0.0038545 secs]
314.157: Total time for which application threads were stopped: 0.0040191 seconds, Stopping threads took: 0.0000169 seconds
314.227: [GC (Allocation Failure)  914886K->599464K(1033216K), 0.0047588 secs]
314.231: Total time for which application threads were stopped: 0.0049259 seconds, Stopping threads took: 0.0000246 seconds
314.299: [GC (Allocation Failure)  918952K->603432K(1034752K), 0.0047190 secs]
314.304: Total time for which application threads were stopped: 0.0048904 seconds, Stopping threads took: 0.0000207 seconds
314.371: [GC (Allocation Failure)  924968K->596614K(1034752K), 0.0021726 secs]
314.373: Total time for which application threads were stopped: 0.0023179 seconds, Stopping threads took: 0.0000190 seconds
314.441: [GC (Allocation Failure)  918150K->603496K(1034752K), 0.0047793 secs]
314.446: Total time for which application threads were stopped: 0.0049482 seconds, Stopping threads took: 0.0000257 seconds
314.512: [GC (Allocation Failure)  925032K->607568K(1034752K), 0.0072224 secs]
314.520: Total time for which application threads were stopped: 0.0074432 seconds, Stopping threads took: 0.0000291 seconds
314.586: [GC (Allocation Failure)  929104K->602030K(1034752K), 0.0030110 secs]
314.589: Total time for which application threads were stopped: 0.0031998 seconds, Stopping threads took: 0.0000194 seconds
314.658: [GC (Allocation Failure)  923566K->607848K(1034752K), 0.0047156 secs]
314.663: Total time for which application threads were stopped: 0.0048789 seconds, Stopping threads took: 0.0000158 seconds
314.732: [GC (Allocation Failure)  929384K->611720K(1034752K), 0.0052990 secs]
314.737: Total time for which application threads were stopped: 0.0054588 seconds, Stopping threads took: 0.0000176 seconds
314.805: [GC (Allocation Failure)  934208K->607814K(1035264K), 0.0036743 secs]
314.808: Total time for which application threads were stopped: 0.0038315 seconds, Stopping threads took: 0.0000195 seconds
314.877: [GC (Allocation Failure)  930374K->611888K(1036288K), 0.0048493 secs]
314.882: Total time for which application threads were stopped: 0.0050214 seconds, Stopping threads took: 0.0000285 seconds
314.950: [GC (Allocation Failure)  935984K->615856K(1035776K), 0.0046546 secs]
314.955: Total time for which application threads were stopped: 0.0048165 seconds, Stopping threads took: 0.0000198 seconds
315.024: [GC (Allocation Failure)  939952K->615888K(1035776K), 0.0048306 secs]
315.029: Total time for which application threads were stopped: 0.0050103 seconds, Stopping threads took: 0.0000202 seconds
315.097: [GC (Allocation Failure)  939472K->615912K(1023488K), 0.0049400 secs]
315.102: Total time for which application threads were stopped: 0.0051109 seconds, Stopping threads took: 0.0000207 seconds
315.168: [GC (Allocation Failure)  939496K->623914K(1035264K), 0.0050721 secs]
315.173: Total time for which application threads were stopped: 0.0052420 seconds, Stopping threads took: 0.0000195 seconds
315.242: [GC (Allocation Failure)  946474K->623882K(1030144K), 0.0047080 secs]
315.246: Total time for which application threads were stopped: 0.0048793 seconds, Stopping threads took: 0.0000199 seconds
315.314: [GC (Allocation Failure)  946442K->623938K(1034752K), 0.0047968 secs]
315.319: Total time for which application threads were stopped: 0.0049665 seconds, Stopping threads took: 0.0000204 seconds
315.387: [GC (Allocation Failure)  945474K->631909K(1029120K), 0.0048377 secs]
315.392: Total time for which application threads were stopped: 0.0050018 seconds, Stopping threads took: 0.0000200 seconds
315.461: [GC (Allocation Failure)  953445K->631909K(1034240K), 0.0047271 secs]
315.465: Total time for which application threads were stopped: 0.0049136 seconds, Stopping threads took: 0.0000195 seconds
315.534: [GC (Allocation Failure)  952421K->632093K(1034240K), 0.0055916 secs]
315.539: Total time for which application threads were stopped: 0.0057747 seconds, Stopping threads took: 0.0000287 seconds
315.607: [GC (Allocation Failure)  952605K->639967K(1034240K), 0.0046360 secs]
315.612: Total time for which application threads were stopped: 0.0048165 seconds, Stopping threads took: 0.0000216 seconds
315.680: [GC (Allocation Failure)  960479K->639935K(1034240K), 0.0048829 secs]
315.685: Total time for which application threads were stopped: 0.0050563 seconds, Stopping threads took: 0.0000203 seconds
315.754: [GC (Allocation Failure)  960447K->640391K(1033216K), 0.0047833 secs]
315.759: Total time for which application threads were stopped: 0.0049721 seconds, Stopping threads took: 0.0000202 seconds
315.827: [GC (Allocation Failure)  959879K->648009K(1033728K), 0.0048613 secs]
315.832: Total time for which application threads were stopped: 0.0050530 seconds, Stopping threads took: 0.0000199 seconds
315.902: [GC (Allocation Failure)  967497K->647945K(1033728K), 0.0047015 secs]
315.907: Total time for which application threads were stopped: 0.0048752 seconds, Stopping threads took: 0.0000275 seconds
315.971: [GC (Allocation Failure)  967433K->648105K(1033728K), 0.0048692 secs]
315.976: Total time for which application threads were stopped: 0.0050260 seconds, Stopping threads took: 0.0000184 seconds
316.043: [GC (Allocation Failure)  967593K->656043K(1033728K), 0.0048623 secs]
316.048: Total time for which application threads were stopped: 0.0050214 seconds, Stopping threads took: 0.0000199 seconds
316.115: [GC (Allocation Failure)  975531K->655979K(1033728K), 0.0064749 secs]
316.121: Total time for which application threads were stopped: 0.0066408 seconds, Stopping threads took: 0.0000191 seconds
316.188: [GC (Allocation Failure)  975467K->656043K(1033728K), 0.0069436 secs]
316.195: Total time for which application threads were stopped: 0.0071076 seconds, Stopping threads took: 0.0000181 seconds
316.263: [GC (Allocation Failure)  975531K->664078K(1027072K), 0.0048827 secs]
316.268: Total time for which application threads were stopped: 0.0050455 seconds, Stopping threads took: 0.0000189 seconds
316.333: [GC (Allocation Failure)  983565K->660139K(1034240K), 0.0042427 secs]
316.337: Total time for which application threads were stopped: 0.0044161 seconds, Stopping threads took: 0.0000191 seconds
316.406: [GC (Allocation Failure)  979627K->664198K(1033216K), 0.0051578 secs]
316.411: Total time for which application threads were stopped: 0.0053459 seconds, Stopping threads took: 0.0000272 seconds
316.478: [GC (Allocation Failure)  983686K->668198K(1034752K), 0.0047788 secs]
316.483: Total time for which application threads were stopped: 0.0049464 seconds, Stopping threads took: 0.0000205 seconds
316.551: [GC (Allocation Failure)  989734K->661411K(1034752K), 0.0023769 secs]
316.553: Total time for which application threads were stopped: 0.0025387 seconds, Stopping threads took: 0.0000204 seconds
316.622: [GC (Allocation Failure)  982947K->668262K(1034752K), 0.0047399 secs]
316.627: Total time for which application threads were stopped: 0.0048971 seconds, Stopping threads took: 0.0000166 seconds
316.693: [GC (Allocation Failure)  989798K->672310K(1034752K), 0.0058815 secs]
316.699: Total time for which application threads were stopped: 0.0060680 seconds, Stopping threads took: 0.0000209 seconds
316.764: [GC (Allocation Failure)  993846K->666771K(1034752K), 0.0029047 secs]
316.767: Total time for which application threads were stopped: 0.0030626 seconds, Stopping threads took: 0.0000193 seconds
316.836: [GC (Allocation Failure)  988307K->672574K(1034752K), 0.0049736 secs]
316.841: Total time for which application threads were stopped: 0.0051695 seconds, Stopping threads took: 0.0000194 seconds
316.910: [GC (Allocation Failure)  994110K->676446K(1035264K), 0.0053450 secs]
316.915: Total time for which application threads were stopped: 0.0055146 seconds, Stopping threads took: 0.0000205 seconds
316.982: [GC (Allocation Failure)  998934K->672539K(1035264K), 0.0038539 secs]
316.986: Total time for which application threads were stopped: 0.0040244 seconds, Stopping threads took: 0.0000206 seconds
317.054: [GC (Allocation Failure)  995099K->676614K(1036288K), 0.0049705 secs]
317.059: Total time for which application threads were stopped: 0.0051671 seconds, Stopping threads took: 0.0000286 seconds
317.126: [GC (Allocation Failure)  1000710K->680550K(1035776K), 0.0048878 secs]
317.131: Total time for which application threads were stopped: 0.0050663 seconds, Stopping threads took: 0.0000226 seconds
317.200: [GC (Allocation Failure)  1004646K->680582K(1035776K), 0.0047587 secs]
317.204: Total time for which application threads were stopped: 0.0049546 seconds, Stopping threads took: 0.0000201 seconds
317.274: [GC (Allocation Failure)  1004166K->680646K(1023488K), 0.0050285 secs]
317.279: Total time for which application threads were stopped: 0.0051789 seconds, Stopping threads took: 0.0000173 seconds
317.345: [GC (Allocation Failure)  1004230K->688648K(1035264K), 0.0050921 secs]
317.350: Total time for which application threads were stopped: 0.0052555 seconds, Stopping threads took: 0.0000191 seconds
317.419: [GC (Allocation Failure)  1011208K->688584K(1030144K), 0.0046850 secs]
317.424: Total time for which application threads were stopped: 0.0048541 seconds, Stopping threads took: 0.0000269 seconds
317.492: [GC (Allocation Failure)  1011144K->688672K(1034752K), 0.0065243 secs]
317.498: [Full GC (Ergonomics)  688672K->8520K(1034752K), 0.0181890 secs]
317.516: Total time for which application threads were stopped: 0.0249746 seconds, Stopping threads took: 0.0000275 seconds
317.585: [GC (Allocation Failure)  330056K->16618K(1034752K), 0.0037565 secs]
317.589: Total time for which application threads were stopped: 0.0039123 seconds, Stopping threads took: 0.0000191 seconds
317.658: [GC (Allocation Failure)  338154K->16610K(1033728K), 0.0036323 secs]
317.661: Total time for which application threads were stopped: 0.0037912 seconds, Stopping threads took: 0.0000191 seconds
317.728: [GC (Allocation Failure)  337122K->16874K(1034240K), 0.0036085 secs]
317.732: Total time for which application threads were stopped: 0.0037758 seconds, Stopping threads took: 0.0000196 seconds
317.799: [GC (Allocation Failure)  337386K->24684K(1034240K), 0.0035349 secs]
317.803: Total time for which application threads were stopped: 0.0037034 seconds, Stopping threads took: 0.0000194 seconds
317.873: [GC (Allocation Failure)  345196K->24684K(1034240K), 0.0037002 secs]
317.876: Total time for which application threads were stopped: 0.0038660 seconds, Stopping threads took: 0.0000273 seconds
317.945: [GC (Allocation Failure)  345196K->25092K(1033216K), 0.0037657 secs]
317.948: Total time for which application threads were stopped: 0.0039577 seconds, Stopping threads took: 0.0000192 seconds
318.017: [GC (Allocation Failure)  344580K->32679K(1033728K), 0.0036936 secs]
318.021: Total time for which application threads were stopped: 0.0038433 seconds, Stopping threads took: 0.0000164 seconds
318.089: [GC (Allocation Failure)  352167K->32647K(1033728K), 0.0035384 secs]
318.092: Total time for which application threads were stopped: 0.0037088 seconds, Stopping threads took: 0.0000193 seconds
318.158: [GC (Allocation Failure)  352135K->32807K(1033728K), 0.0036924 secs]
318.162: Total time for which application threads were stopped: 0.0038570 seconds, Stopping threads took: 0.0000202 seconds
318.233: [GC (Allocation Failure)  352295K->40745K(1033728K), 0.0036791 secs]
318.237: Total time for which application threads were stopped: 0.0038389 seconds, Stopping threads took: 0.0000195 seconds
318.304: [GC (Allocation Failure)  360233K->40713K(1033728K), 0.0036004 secs]
318.308: Total time for which application threads were stopped: 0.0037682 seconds, Stopping threads took: 0.0000193 seconds
318.374: [GC (Allocation Failure)  360201K->40777K(1033728K), 0.0037380 secs]
318.378: Total time for which application threads were stopped: 0.0039118 seconds, Stopping threads took: 0.0000252 seconds
318.445: [GC (Allocation Failure)  360265K->48779K(1027072K), 0.0038792 secs]
318.449: Total time for which application threads were stopped: 0.0040562 seconds, Stopping threads took: 0.0000257 seconds
318.516: [GC (Allocation Failure)  368267K->44841K(1034240K), 0.0065341 secs]
318.522: Total time for which application threads were stopped: 0.0067027 seconds, Stopping threads took: 0.0000248 seconds
318.591: [GC (Allocation Failure)  364329K->48907K(1033216K), 0.0038752 secs]
318.595: Total time for which application threads were stopped: 0.0040256 seconds, Stopping threads took: 0.0000165 seconds
318.663: [GC (Allocation Failure)  368395K->52907K(1034752K), 0.0037218 secs]
318.667: Total time for which application threads were stopped: 0.0038855 seconds, Stopping threads took: 0.0000201 seconds
318.734: [GC (Allocation Failure)  374443K->46089K(1034752K), 0.0011727 secs]
318.735: Total time for which application threads were stopped: 0.0012966 seconds, Stopping threads took: 0.0000197 seconds
318.804: [GC (Allocation Failure)  367625K->52939K(1034752K), 0.0037819 secs]
318.807: Total time for which application threads were stopped: 0.0039721 seconds, Stopping threads took: 0.0000198 seconds
318.874: [GC (Allocation Failure)  374475K->57011K(1034752K), 0.0044255 secs]
318.878: Total time for which application threads were stopped: 0.0046072 seconds, Stopping threads took: 0.0000409 seconds
318.944: [GC (Allocation Failure)  378547K->51473K(1034752K), 0.0016864 secs]
318.945: Total time for which application threads were stopped: 0.0018304 seconds, Stopping threads took: 0.0000194 seconds
319.012: [GC (Allocation Failure)  373009K->57307K(1034752K), 0.0038333 secs]
319.016: Total time for which application threads were stopped: 0.0040046 seconds, Stopping threads took: 0.0000200 seconds
319.083: [GC (Allocation Failure)  378843K->61147K(1035264K), 0.0041604 secs]
319.087: Total time for which application threads were stopped: 0.0043290 seconds, Stopping threads took: 0.0000201 seconds
319.154: [GC (Allocation Failure)  383635K->57241K(1035264K), 0.0025943 secs]
319.157: Total time for which application threads were stopped: 0.0027593 seconds, Stopping threads took: 0.0000197 seconds
319.224: [GC (Allocation Failure)  379801K->61307K(1036288K), 0.0037228 secs]
319.228: Total time for which application threads were stopped: 0.0038945 seconds, Stopping threads took: 0.0000199 seconds
319.296: [GC (Allocation Failure)  385403K->65307K(1035776K), 0.0038189 secs]
319.299: Total time for which application threads were stopped: 0.0039906 seconds, Stopping threads took: 0.0000209 seconds
319.368: [GC (Allocation Failure)  389403K->65243K(1035776K), 0.0034866 secs]
319.372: Total time for which application threads were stopped: 0.0036487 seconds, Stopping threads took: 0.0000196 seconds
319.439: [GC (Allocation Failure)  388827K->65339K(1023488K), 0.0038537 secs]
319.443: Total time for which application threads were stopped: 0.0040210 seconds, Stopping threads took: 0.0000200 seconds
319.512: [GC (Allocation Failure)  388923K->73309K(1035264K), 0.0046134 secs]
319.517: Total time for which application threads were stopped: 0.0048232 seconds, Stopping threads took: 0.0000281 seconds
319.585: [GC (Allocation Failure)  395869K->73309K(1030144K), 0.0036064 secs]
319.589: Total time for which application threads were stopped: 0.0037972 seconds, Stopping threads took: 0.0000203 seconds
319.658: [GC (Allocation Failure)  395869K->73373K(1034752K), 0.0037642 secs]
319.662: Total time for which application threads were stopped: 0.0039387 seconds, Stopping threads took: 0.0000170 seconds
319.729: [GC (Allocation Failure)  394909K->81376K(1029120K), 0.0041399 secs]
319.733: Total time for which application threads were stopped: 0.0043248 seconds, Stopping threads took: 0.0000200 seconds
319.802: [GC (Allocation Failure)  402912K->81344K(1034240K), 0.0035202 secs]
319.806: Total time for which application threads were stopped: 0.0037268 seconds, Stopping threads took: 0.0000213 seconds
319.874: [GC (Allocation Failure)  401856K->81608K(1034240K), 0.0036891 secs]
319.878: Total time for which application threads were stopped: 0.0038524 seconds, Stopping threads took: 0.0000276 seconds
319.948: [GC (Allocation Failure)  402120K->89386K(1034240K), 0.0036170 secs]
319.952: Total time for which application threads were stopped: 0.0037955 seconds, Stopping threads took: 0.0000194 seconds
320.021: [GC (Allocation Failure)  409898K->89418K(1034240K), 0.0038050 secs]
320.025: Total time for which application threads were stopped: 0.0039974 seconds, Stopping threads took: 0.0000207 seconds
320.094: [GC (Allocation Failure)  409930K->89834K(1033216K), 0.0037442 secs]
320.098: Total time for which application threads were stopped: 0.0038938 seconds, Stopping threads took: 0.0000172 seconds
320.167: [GC (Allocation Failure)  409322K->97420K(1033728K), 0.0038107 secs]
320.171: Total time for which application threads were stopped: 0.0039859 seconds, Stopping threads took: 0.0000210 seconds
320.241: [GC (Allocation Failure)  416908K->97420K(1033728K), 0.0038007 secs]
320.245: Total time for which application threads were stopped: 0.0039735 seconds, Stopping threads took: 0.0000280 seconds
320.310: [GC (Allocation Failure)  416908K->97580K(1033728K), 0.0037200 secs]
320.314: Total time for which application threads were stopped: 0.0039172 seconds, Stopping threads took: 0.0000189 seconds
320.382: [GC (Allocation Failure)  417068K->105486K(1033728K), 0.0036394 secs]
320.386: Total time for which application threads were stopped: 0.0038592 seconds, Stopping threads took: 0.0000200 seconds
320.454: [GC (Allocation Failure)  424974K->105454K(1033728K), 0.0038573 secs]
320.458: Total time for which application threads were stopped: 0.0040128 seconds, Stopping threads took: 0.0000189 seconds
320.526: [GC (Allocation Failure)  424942K->105510K(1033728K), 0.0038283 secs]
320.530: Total time for which application threads were stopped: 0.0039898 seconds, Stopping threads took: 0.0000168 seconds
320.596: [GC (Allocation Failure)  424998K->113481K(1027072K), 0.0039150 secs]
320.600: Total time for which application threads were stopped: 0.0040731 seconds, Stopping threads took: 0.0000175 seconds
320.665: [GC (Allocation Failure)  432968K->109606K(1034240K), 0.0027808 secs]
320.668: Total time for which application threads were stopped: 0.0029391 seconds, Stopping threads took: 0.0000193 seconds
320.737: [GC (Allocation Failure)  429094K->113641K(1033216K), 0.0040289 secs]
320.741: Total time for which application threads were stopped: 0.0042181 seconds, Stopping threads took: 0.0000394 seconds
320.808: [GC (Allocation Failure)  433129K->117609K(1034752K), 0.0038339 secs]
320.812: Total time for which application threads were stopped: 0.0040088 seconds, Stopping threads took: 0.0000193 seconds
320.880: [GC (Allocation Failure)  439145K->110822K(1034752K), 0.0011316 secs]
320.881: Total time for which application threads were stopped: 0.0012560 seconds, Stopping threads took: 0.0000197 seconds
320.948: [GC (Allocation Failure)  432358K->117681K(1034752K), 0.0038857 secs]
320.952: Total time for which application threads were stopped: 0.0040456 seconds, Stopping threads took: 0.0000189 seconds
321.020: [GC (Allocation Failure)  439217K->121793K(1034752K), 0.0046635 secs]
321.024: Total time for which application threads were stopped: 0.0048303 seconds, Stopping threads took: 0.0000277 seconds
321.092: [GC (Allocation Failure)  443329K->116222K(1034752K), 0.0017477 secs]
321.094: Total time for which application threads were stopped: 0.0018938 seconds, Stopping threads took: 0.0000195 seconds
321.163: [GC (Allocation Failure)  437758K->122065K(1034752K), 0.0039976 secs]
321.167: Total time for which application threads were stopped: 0.0041748 seconds, Stopping threads took: 0.0000216 seconds
321.236: [GC (Allocation Failure)  443601K->125905K(1035264K), 0.0044066 secs]
321.241: Total time for which application threads were stopped: 0.0045766 seconds, Stopping threads took: 0.0000203 seconds
321.309: [GC (Allocation Failure)  448393K->121998K(1035264K), 0.0024972 secs]
321.312: Total time for which application threads were stopped: 0.0026523 seconds, Stopping threads took: 0.0000192 seconds
321.381: [GC (Allocation Failure)  444558K->126057K(1036288K), 0.0039170 secs]
321.385: Total time for which application threads were stopped: 0.0040956 seconds, Stopping threads took: 0.0000280 seconds
321.455: [GC (Allocation Failure)  450153K->130025K(1035776K), 0.0038881 secs]
321.459: Total time for which application threads were stopped: 0.0040648 seconds, Stopping threads took: 0.0000217 seconds
321.529: [GC (Allocation Failure)  454121K->130025K(1035776K), 0.0037610 secs]
321.533: Total time for which application threads were stopped: 0.0039211 seconds, Stopping threads took: 0.0000195 seconds
321.601: [GC (Allocation Failure)  453609K->130089K(1023488K), 0.0040694 secs]
321.605: Total time for which application threads were stopped: 0.0042461 seconds, Stopping threads took: 0.0000191 seconds
321.673: [GC (Allocation Failure)  453673K->138059K(1035264K), 0.0039171 secs]
321.677: Total time for which application threads were stopped: 0.0040891 seconds, Stopping threads took: 0.0000198 seconds
321.744: [GC (Allocation Failure)  460619K->138059K(1030144K), 0.0038161 secs]
321.748: Total time for which application threads were stopped: 0.0039765 seconds, Stopping threads took: 0.0000208 seconds
321.815: [GC (Allocation Failure)  460619K->138115K(1034752K), 0.0039852 secs]
321.820: Total time for which application threads were stopped: 0.0041648 seconds, Stopping threads took: 0.0000197 seconds
321.887: [GC (Allocation Failure)  459651K->146117K(1029120K), 0.0039614 secs]
321.891: Total time for which application threads were stopped: 0.0041415 seconds, Stopping threads took: 0.0000258 seconds
321.959: [GC (Allocation Failure)  467653K->146117K(1034240K), 0.0037508 secs]
321.963: Total time for which application threads were stopped: 0.0039185 seconds, Stopping threads took: 0.0000249 seconds
322.030: [GC (Allocation Failure)  466629K->146317K(1034240K), 0.0039441 secs]
322.034: Total time for which application threads were stopped: 0.0041159 seconds, Stopping threads took: 0.0000196 seconds
322.101: [GC (Allocation Failure)  466829K->154095K(1034240K), 0.0067685 secs]
322.108: Total time for which application threads were stopped: 0.0069679 seconds, Stopping threads took: 0.0000219 seconds
322.176: [GC (Allocation Failure)  474607K->154159K(1034240K), 0.0040160 secs]
322.181: Total time for which application threads were stopped: 0.0041968 seconds, Stopping threads took: 0.0000232 seconds
322.247: [GC (Allocation Failure)  474671K->154535K(1033216K), 0.0039565 secs]
322.251: Total time for which application threads were stopped: 0.0041281 seconds, Stopping threads took: 0.0000195 seconds
322.320: [GC (Allocation Failure)  474023K->162186K(1033728K), 0.0038966 secs]
322.324: Total time for which application threads were stopped: 0.0040829 seconds, Stopping threads took: 0.0000354 seconds
322.392: [GC (Allocation Failure)  481674K->162154K(1033728K), 0.0063929 secs]
322.398: Total time for which application threads were stopped: 0.0065496 seconds, Stopping threads took: 0.0000197 seconds
322.463: [GC (Allocation Failure)  481642K->162282K(1033728K), 0.0040586 secs]
322.468: Total time for which application threads were stopped: 0.0042176 seconds, Stopping threads took: 0.0000188 seconds
322.536: [GC (Allocation Failure)  481770K->170220K(1033728K), 0.0037753 secs]
322.540: Total time for which application threads were stopped: 0.0039349 seconds, Stopping threads took: 0.0000195 seconds
322.606: [GC (Allocation Failure)  489708K->170220K(1033728K), 0.0038679 secs]
322.610: Total time for which application threads were stopped: 0.0040585 seconds, Stopping threads took: 0.0000191 seconds
322.679: [GC (Allocation Failure)  489708K->170244K(1032704K), 0.0038869 secs]
322.683: Total time for which application threads were stopped: 0.0040702 seconds, Stopping threads took: 0.0000165 seconds
322.752: [GC (Allocation Failure)  488708K->178214K(1033216K), 0.0039907 secs]
322.756: Total time for which application threads were stopped: 0.0041512 seconds, Stopping threads took: 0.0000194 seconds
322.823: [GC (Allocation Failure)  496678K->172644K(1033728K), 0.0018564 secs]
322.825: Total time for which application threads were stopped: 0.0019988 seconds, Stopping threads took: 0.0000190 seconds
322.894: [GC (Allocation Failure)  491620K->178470K(1033216K), 0.0040299 secs]
322.898: Total time for which application threads were stopped: 0.0042087 seconds, Stopping threads took: 0.0000193 seconds
322.965: [GC (Allocation Failure)  497446K->182318K(1034240K), 0.0053730 secs]
322.971: Total time for which application threads were stopped: 0.0055472 seconds, Stopping threads took: 0.0000219 seconds
323.039: [GC (Allocation Failure)  502830K->188268K(1034240K), 0.0064200 secs]
323.045: Total time for which application threads were stopped: 0.0065890 seconds, Stopping threads took: 0.0000190 seconds
323.113: [GC (Allocation Failure)  508780K->182510K(1030144K), 0.0040805 secs]
323.117: Total time for which application threads were stopped: 0.0042398 seconds, Stopping threads took: 0.0000195 seconds
323.183: [GC (Allocation Failure)  498926K->182350K(1032192K), 0.0040922 secs]
323.188: Total time for which application threads were stopped: 0.0042670 seconds, Stopping threads took: 0.0000200 seconds
323.254: [GC (Allocation Failure)  498766K->178188K(1033216K), 0.0023958 secs]
323.256: Total time for which application threads were stopped: 0.0025479 seconds, Stopping threads took: 0.0000187 seconds
323.323: [GC (Allocation Failure)  496140K->182478K(1032704K), 0.0039589 secs]
323.327: Total time for which application threads were stopped: 0.0041360 seconds, Stopping threads took: 0.0000217 seconds
323.393: [GC (Allocation Failure)  500430K->182318K(1033728K), 0.0039108 secs]
323.397: Total time for which application threads were stopped: 0.0040729 seconds, Stopping threads took: 0.0000266 seconds
323.463: [GC (Allocation Failure)  501294K->185990K(1033216K), 0.0048412 secs]
323.468: Total time for which application threads were stopped: 0.0050102 seconds, Stopping threads took: 0.0000280 seconds
323.538: [GC (Allocation Failure)  504966K->190473K(1034240K), 0.0037339 secs]
323.542: Total time for which application threads were stopped: 0.0039171 seconds, Stopping threads took: 0.0000177 seconds
323.609: [GC (Allocation Failure)  510473K->190377K(1033728K), 0.0057165 secs]
323.615: Total time for which application threads were stopped: 0.0058863 seconds, Stopping threads took: 0.0000191 seconds
323.680: [GC (Allocation Failure)  510377K->193705K(1034240K), 0.0048528 secs]
323.685: Total time for which application threads were stopped: 0.0050168 seconds, Stopping threads took: 0.0000207 seconds
323.753: [GC (Allocation Failure)  514217K->198379K(1034240K), 0.0039554 secs]
323.757: Total time for which application threads were stopped: 0.0041332 seconds, Stopping threads took: 0.0000198 seconds
323.824: [GC (Allocation Failure)  518891K->198443K(1034752K), 0.0038960 secs]
323.828: Total time for which application threads were stopped: 0.0040761 seconds, Stopping threads took: 0.0000202 seconds
323.893: [GC (Allocation Failure)  519979K->200843K(1034752K), 0.0055110 secs]
323.899: Total time for which application threads were stopped: 0.0056974 seconds, Stopping threads took: 0.0000253 seconds
323.968: [GC (Allocation Failure)  522379K->206445K(1034752K), 0.0040896 secs]
323.972: Total time for which application threads were stopped: 0.0042772 seconds, Stopping threads took: 0.0000221 seconds
324.041: [GC (Allocation Failure)  527981K->206445K(1034752K), 0.0041675 secs]
324.045: Total time for which application threads were stopped: 0.0043398 seconds, Stopping threads took: 0.0000203 seconds
324.111: [GC (Allocation Failure)  527981K->210149K(1035264K), 0.0049312 secs]
324.116: Total time for which application threads were stopped: 0.0051017 seconds, Stopping threads took: 0.0000199 seconds
324.183: [GC (Allocation Failure)  532197K->214503K(1034752K), 0.0042214 secs]
324.188: Total time for which application threads were stopped: 0.0043903 seconds, Stopping threads took: 0.0000201 seconds
324.256: [GC (Allocation Failure)  536551K->214503K(1035264K), 0.0040874 secs]
324.260: Total time for which application threads were stopped: 0.0042599 seconds, Stopping threads took: 0.0000204 seconds
324.328: [GC (Allocation Failure)  537063K->217383K(1035264K), 0.0046039 secs]
324.332: Total time for which application threads were stopped: 0.0047668 seconds, Stopping threads took: 0.0000196 seconds
324.400: [GC (Allocation Failure)  539943K->222634K(1035264K), 0.0039091 secs]
324.404: Total time for which application threads were stopped: 0.0040799 seconds, Stopping threads took: 0.0000264 seconds
324.473: [GC (Allocation Failure)  545194K->222538K(1035264K), 0.0104010 secs]
324.483: Total time for which application threads were stopped: 0.0105597 seconds, Stopping threads took: 0.0000195 seconds
324.553: [GC (Allocation Failure)  545098K->225578K(1035264K), 0.0047941 secs]
324.558: Total time for which application threads were stopped: 0.0049777 seconds, Stopping threads took: 0.0000200 seconds
324.628: [GC (Allocation Failure)  548138K->230572K(1035264K), 0.0041745 secs]
324.632: Total time for which application threads were stopped: 0.0043496 seconds, Stopping threads took: 0.0000211 seconds
324.700: [GC (Allocation Failure)  553132K->230540K(1035264K), 0.0040701 secs]
324.704: Total time for which application threads were stopped: 0.0042421 seconds, Stopping threads took: 0.0000200 seconds
324.771: [GC (Allocation Failure)  553100K->225738K(1035264K), 0.0023033 secs]
324.773: Total time for which application threads were stopped: 0.0024527 seconds, Stopping threads took: 0.0000182 seconds
324.844: [GC (Allocation Failure)  548298K->230796K(1035264K), 0.0041075 secs]
324.848: Total time for which application threads were stopped: 0.0042756 seconds, Stopping threads took: 0.0000198 seconds
324.918: [GC (Allocation Failure)  553356K->230572K(1035264K), 0.0041197 secs]
324.922: Total time for which application threads were stopped: 0.0042777 seconds, Stopping threads took: 0.0000195 seconds
324.992: [GC (Allocation Failure)  553132K->230090K(1035776K), 0.0039651 secs]
324.996: Total time for which application threads were stopped: 0.0041372 seconds, Stopping threads took: 0.0000199 seconds
325.066: [GC (Allocation Failure)  553162K->230764K(1035264K), 0.0041315 secs]
325.070: Total time for which application threads were stopped: 0.0043193 seconds, Stopping threads took: 0.0000196 seconds
325.137: [GC (Allocation Failure)  553836K->230508K(1035776K), 0.0040726 secs]
325.141: Total time for which application threads were stopped: 0.0042512 seconds, Stopping threads took: 0.0000203 seconds
325.211: [GC (Allocation Failure)  554092K->236394K(1035776K), 0.0067392 secs]
325.218: Total time for which application threads were stopped: 0.0069068 seconds, Stopping threads took: 0.0000187 seconds
325.287: [GC (Allocation Failure)  559978K->231820K(1032704K), 0.0040016 secs]
325.291: Total time for which application threads were stopped: 0.0041987 seconds, Stopping threads took: 0.0000289 seconds
325.359: [GC (Allocation Failure)  552332K->231660K(1034240K), 0.0041630 secs]
325.364: Total time for which application threads were stopped: 0.0043281 seconds, Stopping threads took: 0.0000196 seconds
325.430: [GC (Allocation Failure)  552172K->238730K(1030656K), 0.0073787 secs]
325.438: Total time for which application threads were stopped: 0.0075466 seconds, Stopping threads took: 0.0000179 seconds
325.505: [GC (Allocation Failure)  556170K->233100K(1032704K), 0.0048835 secs]
325.510: Total time for which application threads were stopped: 0.0050451 seconds, Stopping threads took: 0.0000240 seconds
325.577: [GC (Allocation Failure)  550540K->232972K(1033728K), 0.0038411 secs]
325.581: Total time for which application threads were stopped: 0.0040185 seconds, Stopping threads took: 0.0000194 seconds
325.649: [GC (Allocation Failure)  551948K->230570K(1033216K), 0.0032786 secs]
325.652: Total time for which application threads were stopped: 0.0034466 seconds, Stopping threads took: 0.0000192 seconds
325.719: [GC (Allocation Failure)  549546K->233004K(1034752K), 0.0041211 secs]
325.724: Total time for which application threads were stopped: 0.0043011 seconds, Stopping threads took: 0.0000200 seconds
