Java HotSpot(TM) 64-Bit Server VM (25.171-b11) for linux-amd64 JRE (1.8.0_171-b11), built on Mar 28 2018 17:07:08 by "java_re" with gcc 4.3.0 20080428 (Red Hat 4.3.0-8)
Memory: 4k page, physical 32883000k(29337828k free), swap 8000508k(8000508k free)
CommandLine flags: -XX:InitialHeapSize=1073741824 -XX:MaxHeapSize=1073741824 -XX:+PrintGC -XX:+PrintGCApplicationStoppedTime -XX:+PrintGCTimeStamps -XX:+UseCompressedClassPointers -XX:+UseCompressedOops -XX:+UseParallelGC 
0.288: [GC (Allocation Failure)  262144K->10348K(1005056K), 0.0052961 secs]
0.294: Total time for which application threads were stopped: 0.0055014 seconds, Stopping threads took: 0.0000172 seconds
0.355: [GC (Allocation Failure)  272492K->8690K(1005056K), 0.0036142 secs]
0.359: Total time for which application threads were stopped: 0.0037756 seconds, Stopping threads took: 0.0000308 seconds
0.411: [GC (Allocation Failure)  270834K->8626K(1005056K), 0.0027507 secs]
0.413: Total time for which application threads were stopped: 0.0028957 seconds, Stopping threads took: 0.0000205 seconds
0.465: [GC (Allocation Failure)  270770K->8562K(1005056K), 0.0041849 secs]
0.470: Total time for which application threads were stopped: 0.0043306 seconds, Stopping threads took: 0.0000265 seconds
0.523: [GC (Allocation Failure)  270706K->8754K(1005056K), 0.0031435 secs]
0.526: Total time for which application threads were stopped: 0.0032784 seconds, Stopping threads took: 0.0000271 seconds
0.580: [GC (Allocation Failure)  270898K->8594K(1038336K), 0.0043168 secs]
0.584: Total time for which application threads were stopped: 0.0044483 seconds, Stopping threads took: 0.0000197 seconds
0.658: [GC (Allocation Failure)  336786K->8616K(1037824K), 0.0038632 secs]
0.662: Total time for which application threads were stopped: 0.0040033 seconds, Stopping threads took: 0.0000271 seconds
0.732: [GC (Allocation Failure)  336808K->8648K(1038336K), 0.0037910 secs]
0.736: Total time for which application threads were stopped: 0.0039566 seconds, Stopping threads took: 0.0000204 seconds
0.807: [GC (Allocation Failure)  337352K->8552K(1038336K), 0.0037540 secs]
0.811: Total time for which application threads were stopped: 0.0039070 seconds, Stopping threads took: 0.0000199 seconds
0.879: [GC (Allocation Failure)  337256K->10280K(1037312K), 0.0033742 secs]
0.883: Total time for which application threads were stopped: 0.0035308 seconds, Stopping threads took: 0.0000199 seconds
0.953: [GC (Allocation Failure)  337960K->8584K(1037824K), 0.0035455 secs]
0.956: Total time for which application threads were stopped: 0.0037156 seconds, Stopping threads took: 0.0000212 seconds
1.024: [GC (Allocation Failure)  336264K->8584K(1037824K), 0.0036561 secs]
1.027: Total time for which application threads were stopped: 0.0038372 seconds, Stopping threads took: 0.0000204 seconds
1.095: [GC (Allocation Failure)  336264K->9512K(1028096K), 0.0043068 secs]
1.099: Total time for which application threads were stopped: 0.0044880 seconds, Stopping threads took: 0.0000199 seconds
1.168: [GC (Allocation Failure)  337192K->16810K(1037312K), 0.0036166 secs]
1.172: Total time for which application threads were stopped: 0.0037730 seconds, Stopping threads took: 0.0000192 seconds
1.241: [GC (Allocation Failure)  342954K->16618K(1036800K), 0.0034786 secs]
1.245: Total time for which application threads were stopped: 0.0036107 seconds, Stopping threads took: 0.0000170 seconds
1.309: [GC (Allocation Failure)  342762K->21960K(1034240K), 0.0064708 secs]
1.315: Total time for which application threads were stopped: 0.0066266 seconds, Stopping threads took: 0.0000281 seconds
1.384: [GC (Allocation Failure)  345544K->18922K(1035776K), 0.0038135 secs]
1.388: Total time for which application threads were stopped: 0.0039827 seconds, Stopping threads took: 0.0000201 seconds
1.456: [GC (Allocation Failure)  342506K->18762K(1036288K), 0.0038091 secs]
1.460: Total time for which application threads were stopped: 0.0039758 seconds, Stopping threads took: 0.0000200 seconds
1.527: [GC (Allocation Failure)  342855K->14856K(1035776K), 0.0024350 secs]
1.530: Total time for which application threads were stopped: 0.0026168 seconds, Stopping threads took: 0.0000202 seconds
1.599: [GC (Allocation Failure)  338952K->18890K(1035776K), 0.0039944 secs]
1.603: Total time for which application threads were stopped: 0.0041627 seconds, Stopping threads took: 0.0000206 seconds
1.670: [GC (Allocation Failure)  342474K->22890K(1035776K), 0.0035899 secs]
1.674: Total time for which application threads were stopped: 0.0037484 seconds, Stopping threads took: 0.0000234 seconds
1.742: [GC (Allocation Failure)  346474K->22890K(1036288K), 0.0037892 secs]
1.745: Total time for which application threads were stopped: 0.0039543 seconds, Stopping threads took: 0.0000193 seconds
1.813: [GC (Allocation Failure)  347498K->23242K(1024512K), 0.0045024 secs]
1.817: Total time for which application threads were stopped: 0.0046699 seconds, Stopping threads took: 0.0000202 seconds
1.886: [GC (Allocation Failure)  347850K->30924K(1035776K), 0.0037646 secs]
1.889: Total time for which application threads were stopped: 0.0039327 seconds, Stopping threads took: 0.0000204 seconds
1.958: [GC (Allocation Failure)  354508K->30924K(1035776K), 0.0037325 secs]
1.962: Total time for which application threads were stopped: 0.0039231 seconds, Stopping threads took: 0.0000199 seconds
2.031: [GC (Allocation Failure)  354508K->31468K(1034752K), 0.0044514 secs]
2.036: Total time for which application threads were stopped: 0.0046166 seconds, Stopping threads took: 0.0000260 seconds
2.104: [GC (Allocation Failure)  354028K->39022K(1035264K), 0.0037278 secs]
2.108: Total time for which application threads were stopped: 0.0038995 seconds, Stopping threads took: 0.0000192 seconds
2.176: [GC (Allocation Failure)  361582K->38958K(1035264K), 0.0038563 secs]
2.180: Total time for which application threads were stopped: 0.0040288 seconds, Stopping threads took: 0.0000211 seconds
2.248: [GC (Allocation Failure)  361518K->39214K(1022464K), 0.0045563 secs]
2.253: Total time for which application threads were stopped: 0.0047486 seconds, Stopping threads took: 0.0000207 seconds
2.323: [GC (Allocation Failure)  361774K->46993K(1034752K), 0.0038709 secs]
2.327: Total time for which application threads were stopped: 0.0040430 seconds, Stopping threads took: 0.0000278 seconds
2.394: [GC (Allocation Failure)  368529K->46993K(1034752K), 0.0038095 secs]
2.398: Total time for which application threads were stopped: 0.0039870 seconds, Stopping threads took: 0.0000200 seconds
2.463: [GC (Allocation Failure)  368529K->47049K(1034240K), 0.0045617 secs]
2.468: Total time for which application threads were stopped: 0.0048768 seconds, Stopping threads took: 0.0000199 seconds
2.536: [GC (Allocation Failure)  368585K->55019K(1034752K), 0.0037420 secs]
2.540: Total time for which application threads were stopped: 0.0039303 seconds, Stopping threads took: 0.0000275 seconds
2.609: [GC (Allocation Failure)  376555K->55051K(1034752K), 0.0037103 secs]
2.613: Total time for which application threads were stopped: 0.0038877 seconds, Stopping threads took: 0.0000177 seconds
2.681: [GC (Allocation Failure)  376587K->55115K(1021440K), 0.0054919 secs]
2.686: Total time for which application threads were stopped: 0.0056863 seconds, Stopping threads took: 0.0000255 seconds
2.754: [GC (Allocation Failure)  376651K->63053K(1034240K), 0.0038020 secs]
2.758: Total time for which application threads were stopped: 0.0039668 seconds, Stopping threads took: 0.0000193 seconds
2.824: [GC (Allocation Failure)  383565K->63053K(1034240K), 0.0039753 secs]
2.828: Total time for which application threads were stopped: 0.0041310 seconds, Stopping threads took: 0.0000195 seconds
2.895: [GC (Allocation Failure)  383565K->63397K(1034240K), 0.0048289 secs]
2.900: Total time for which application threads were stopped: 0.0049960 seconds, Stopping threads took: 0.0000205 seconds
2.968: [GC (Allocation Failure)  383909K->71047K(1034240K), 0.0039609 secs]
2.972: Total time for which application threads were stopped: 0.0041750 seconds, Stopping threads took: 0.0000281 seconds
3.039: [GC (Allocation Failure)  391559K->71079K(1034240K), 0.0035362 secs]
3.043: Total time for which application threads were stopped: 0.0036851 seconds, Stopping threads took: 0.0000183 seconds
3.111: [GC (Allocation Failure)  391591K->71623K(1020928K), 0.0045122 secs]
3.115: Total time for which application threads were stopped: 0.0046671 seconds, Stopping threads took: 0.0000195 seconds
3.183: [GC (Allocation Failure)  392135K->79082K(1033728K), 0.0038110 secs]
3.187: Total time for which application threads were stopped: 0.0039712 seconds, Stopping threads took: 0.0000196 seconds
3.253: [GC (Allocation Failure)  398570K->79114K(1033728K), 0.0038879 secs]
3.257: Total time for which application threads were stopped: 0.0040591 seconds, Stopping threads took: 0.0000197 seconds
3.323: [GC (Allocation Failure)  398602K->79370K(1033728K), 0.0045521 secs]
3.328: Total time for which application threads were stopped: 0.0047063 seconds, Stopping threads took: 0.0000168 seconds
3.395: [GC (Allocation Failure)  398858K->87148K(1033728K), 0.0038296 secs]
3.399: Total time for which application threads were stopped: 0.0039869 seconds, Stopping threads took: 0.0000201 seconds
3.469: [GC (Allocation Failure)  406636K->87148K(1033728K), 0.0039197 secs]
3.473: Total time for which application threads were stopped: 0.0040898 seconds, Stopping threads took: 0.0000203 seconds
3.538: [GC (Allocation Failure)  406636K->87308K(1033728K), 0.0055354 secs]
3.544: Total time for which application threads were stopped: 0.0057082 seconds, Stopping threads took: 0.0000274 seconds
3.611: [GC (Allocation Failure)  406796K->95214K(1033728K), 0.0038817 secs]
3.615: Total time for which application threads were stopped: 0.0040424 seconds, Stopping threads took: 0.0000206 seconds
3.684: [GC (Allocation Failure)  414702K->95182K(1033728K), 0.0088709 secs]
3.693: Total time for which application threads were stopped: 0.0090279 seconds, Stopping threads took: 0.0000257 seconds
3.760: [GC (Allocation Failure)  414670K->95278K(1032704K), 0.0046936 secs]
3.765: Total time for which application threads were stopped: 0.0048826 seconds, Stopping threads took: 0.0000196 seconds
3.833: [GC (Allocation Failure)  413742K->103217K(1033216K), 0.0039245 secs]
3.837: Total time for which application threads were stopped: 0.0040826 seconds, Stopping threads took: 0.0000199 seconds
3.905: [GC (Allocation Failure)  421681K->103217K(1033216K), 0.0035250 secs]
3.908: Total time for which application threads were stopped: 0.0036774 seconds, Stopping threads took: 0.0000191 seconds
3.973: [GC (Allocation Failure)  421681K->103273K(1033216K), 0.0045288 secs]
3.977: Total time for which application threads were stopped: 0.0046851 seconds, Stopping threads took: 0.0000198 seconds
4.046: [GC (Allocation Failure)  421737K->111243K(1033216K), 0.0037648 secs]
4.050: Total time for which application threads were stopped: 0.0039493 seconds, Stopping threads took: 0.0000278 seconds
4.058: Total time for which application threads were stopped: 0.0001254 seconds, Stopping threads took: 0.0000565 seconds
4.116: [GC (Allocation Failure)  429707K->105161K(1033216K), 0.0013697 secs]
4.117: Total time for which application threads were stopped: 0.0015069 seconds, Stopping threads took: 0.0000197 seconds
4.184: [GC (Allocation Failure)  423625K->111451K(1034240K), 0.0039657 secs]
4.189: Total time for which application threads were stopped: 0.0041197 seconds, Stopping threads took: 0.0000167 seconds
4.255: [GC (Allocation Failure)  431451K->115395K(1033728K), 0.0043792 secs]
4.260: Total time for which application threads were stopped: 0.0045474 seconds, Stopping threads took: 0.0000210 seconds
4.325: [GC (Allocation Failure)  435395K->120801K(1030144K), 0.0061197 secs]
4.331: Total time for which application threads were stopped: 0.0062868 seconds, Stopping threads took: 0.0000200 seconds
4.399: [GC (Allocation Failure)  437217K->115523K(1032192K), 0.0038151 secs]
4.403: Total time for which application threads were stopped: 0.0039717 seconds, Stopping threads took: 0.0000190 seconds
4.469: [GC (Allocation Failure)  431939K->115395K(1032704K), 0.0040060 secs]
4.473: Total time for which application threads were stopped: 0.0041596 seconds, Stopping threads took: 0.0000193 seconds
4.539: [GC (Allocation Failure)  432323K->119275K(1032192K), 0.0050537 secs]
4.544: Total time for which application threads were stopped: 0.0052112 seconds, Stopping threads took: 0.0000194 seconds
4.612: [GC (Allocation Failure)  436203K->123501K(1033216K), 0.0039219 secs]
4.616: Total time for which application threads were stopped: 0.0040972 seconds, Stopping threads took: 0.0000196 seconds
4.684: [GC (Allocation Failure)  441965K->123405K(1033216K), 0.0048807 secs]
4.689: Total time for which application threads were stopped: 0.0051088 seconds, Stopping threads took: 0.0000523 seconds
4.753: [GC (Allocation Failure)  441869K->125997K(1033728K), 0.0048480 secs]
4.758: Total time for which application threads were stopped: 0.0050287 seconds, Stopping threads took: 0.0000196 seconds
4.826: [GC (Allocation Failure)  445485K->131535K(1033728K), 0.0037685 secs]
4.829: Total time for which application threads were stopped: 0.0039253 seconds, Stopping threads took: 0.0000199 seconds
4.900: [GC (Allocation Failure)  451023K->131471K(1034240K), 0.0040812 secs]
4.904: Total time for which application threads were stopped: 0.0042382 seconds, Stopping threads took: 0.0000197 seconds
4.971: [GC (Allocation Failure)  451471K->133711K(1033728K), 0.0046502 secs]
4.976: Total time for which application threads were stopped: 0.0048140 seconds, Stopping threads took: 0.0000197 seconds
5.044: [GC (Allocation Failure)  453711K->139538K(1034240K), 0.0037936 secs]
5.048: Total time for which application threads were stopped: 0.0039629 seconds, Stopping threads took: 0.0000269 seconds
5.116: [GC (Allocation Failure)  460050K->139474K(1034240K), 0.0039087 secs]
5.120: Total time for which application threads were stopped: 0.0040677 seconds, Stopping threads took: 0.0000202 seconds
5.187: [GC (Allocation Failure)  459986K->143466K(1034752K), 0.0052218 secs]
5.193: Total time for which application threads were stopped: 0.0053778 seconds, Stopping threads took: 0.0000208 seconds
5.262: [GC (Allocation Failure)  464490K->147596K(1034240K), 0.0041392 secs]
5.266: Total time for which application threads were stopped: 0.0042969 seconds, Stopping threads took: 0.0000200 seconds
5.335: [GC (Allocation Failure)  468620K->147564K(1034752K), 0.0039226 secs]
5.339: Total time for which application threads were stopped: 0.0040777 seconds, Stopping threads took: 0.0000189 seconds
5.406: [GC (Allocation Failure)  469100K->147596K(1021440K), 0.0046105 secs]
5.410: Total time for which application threads were stopped: 0.0047819 seconds, Stopping threads took: 0.0000188 seconds
5.481: [GC (Allocation Failure)  469132K->155566K(1034240K), 0.0041471 secs]
5.485: Total time for which application threads were stopped: 0.0043002 seconds, Stopping threads took: 0.0000169 seconds
5.553: [GC (Allocation Failure)  476078K->155566K(1034240K), 0.0037259 secs]
5.557: Total time for which application threads were stopped: 0.0038814 seconds, Stopping threads took: 0.0000261 seconds
5.624: [GC (Allocation Failure)  476078K->158926K(1034752K), 0.0050092 secs]
5.629: Total time for which application threads were stopped: 0.0051783 seconds, Stopping threads took: 0.0000265 seconds
5.698: [GC (Allocation Failure)  480462K->163664K(1034752K), 0.0038339 secs]
5.702: Total time for which application threads were stopped: 0.0040001 seconds, Stopping threads took: 0.0000202 seconds
5.769: [GC (Allocation Failure)  485200K->163600K(1034752K), 0.0039719 secs]
5.773: Total time for which application threads were stopped: 0.0041348 seconds, Stopping threads took: 0.0000192 seconds
5.838: [GC (Allocation Failure)  485136K->164080K(1034752K), 0.0053970 secs]
5.844: Total time for which application threads were stopped: 0.0055702 seconds, Stopping threads took: 0.0000204 seconds
5.912: [GC (Allocation Failure)  485616K->171667K(1033728K), 0.0040701 secs]
5.916: Total time for which application threads were stopped: 0.0042388 seconds, Stopping threads took: 0.0000199 seconds
5.985: [GC (Allocation Failure)  492179K->171635K(1034240K), 0.0041484 secs]
5.989: Total time for which application threads were stopped: 0.0043195 seconds, Stopping threads took: 0.0000202 seconds
6.057: [GC (Allocation Failure)  492147K->175379K(1034752K), 0.0050343 secs]
6.062: Total time for which application threads were stopped: 0.0052011 seconds, Stopping threads took: 0.0000285 seconds
6.131: [GC (Allocation Failure)  496915K->179701K(1034752K), 0.0042022 secs]
6.135: Total time for which application threads were stopped: 0.0043781 seconds, Stopping threads took: 0.0000204 seconds
6.204: [GC (Allocation Failure)  501237K->179669K(1034752K), 0.0041912 secs]
6.208: Total time for which application threads were stopped: 0.0043560 seconds, Stopping threads took: 0.0000200 seconds
6.273: [GC (Allocation Failure)  501205K->180589K(1034752K), 0.0049016 secs]
6.278: Total time for which application threads were stopped: 0.0050666 seconds, Stopping threads took: 0.0000193 seconds
6.347: [GC (Allocation Failure)  502125K->187727K(1034752K), 0.0042741 secs]
6.351: Total time for which application threads were stopped: 0.0044301 seconds, Stopping threads took: 0.0000201 seconds
6.418: [GC (Allocation Failure)  509263K->187663K(1034752K), 0.0049081 secs]
6.423: Total time for which application threads were stopped: 0.0050604 seconds, Stopping threads took: 0.0000191 seconds
6.490: [GC (Allocation Failure)  509199K->189839K(1034752K), 0.0049786 secs]
6.495: Total time for which application threads were stopped: 0.0051420 seconds, Stopping threads took: 0.0000198 seconds
6.564: [GC (Allocation Failure)  511375K->195889K(1034752K), 0.0041421 secs]
6.568: Total time for which application threads were stopped: 0.0043039 seconds, Stopping threads took: 0.0000260 seconds
6.634: [GC (Allocation Failure)  517425K->195729K(1034752K), 0.0041580 secs]
6.639: Total time for which application threads were stopped: 0.0043199 seconds, Stopping threads took: 0.0000194 seconds
6.705: [GC (Allocation Failure)  517265K->199081K(1034752K), 0.0051229 secs]
6.710: Total time for which application threads were stopped: 0.0052805 seconds, Stopping threads took: 0.0000200 seconds
6.779: [GC (Allocation Failure)  520617K->203820K(1034752K), 0.0040563 secs]
6.783: Total time for which application threads were stopped: 0.0042231 seconds, Stopping threads took: 0.0000204 seconds
6.849: [GC (Allocation Failure)  525356K->203724K(1034752K), 0.0041077 secs]
6.854: Total time for which application threads were stopped: 0.0042657 seconds, Stopping threads took: 0.0000194 seconds
6.919: [GC (Allocation Failure)  525260K->204196K(1034752K), 0.0048931 secs]
6.924: Total time for which application threads were stopped: 0.0050692 seconds, Stopping threads took: 0.0000280 seconds
6.991: [GC (Allocation Failure)  525732K->211782K(1034752K), 0.0040995 secs]
6.995: Total time for which application threads were stopped: 0.0042843 seconds, Stopping threads took: 0.0000204 seconds
7.064: [GC (Allocation Failure)  533318K->211814K(1034752K), 0.0040895 secs]
7.068: Total time for which application threads were stopped: 0.0042474 seconds, Stopping threads took: 0.0000205 seconds
7.134: [GC (Allocation Failure)  533350K->213478K(1034752K), 0.0049220 secs]
7.139: Total time for which application threads were stopped: 0.0050665 seconds, Stopping threads took: 0.0000198 seconds
7.209: [GC (Allocation Failure)  535014K->219848K(1033728K), 0.0039210 secs]
7.213: Total time for which application threads were stopped: 0.0040783 seconds, Stopping threads took: 0.0000177 seconds
7.280: [GC (Allocation Failure)  540360K->219816K(1034240K), 0.0040624 secs]
7.284: Total time for which application threads were stopped: 0.0042345 seconds, Stopping threads took: 0.0000209 seconds
7.351: [GC (Allocation Failure)  540328K->220712K(1033728K), 0.0047910 secs]
7.356: Total time for which application threads were stopped: 0.0049575 seconds, Stopping threads took: 0.0000197 seconds
7.426: [GC (Allocation Failure)  541224K->227915K(1034240K), 0.0043643 secs]
7.430: Total time for which application threads were stopped: 0.0045788 seconds, Stopping threads took: 0.0000208 seconds
7.498: [GC (Allocation Failure)  548427K->227851K(1034240K), 0.0041835 secs]
7.503: Total time for which application threads were stopped: 0.0043542 seconds, Stopping threads took: 0.0000193 seconds
7.572: [GC (Allocation Failure)  548363K->230987K(1034240K), 0.0050637 secs]
7.577: Total time for which application threads were stopped: 0.0052221 seconds, Stopping threads took: 0.0000199 seconds
7.645: [GC (Allocation Failure)  551499K->235981K(1034752K), 0.0038784 secs]
7.649: Total time for which application threads were stopped: 0.0040315 seconds, Stopping threads took: 0.0000197 seconds
7.719: [GC (Allocation Failure)  557517K->235885K(1034752K), 0.0039695 secs]
7.723: Total time for which application threads were stopped: 0.0041370 seconds, Stopping threads took: 0.0000198 seconds
7.789: [GC (Allocation Failure)  557421K->239213K(1034752K), 0.0052186 secs]
7.794: Total time for which application threads were stopped: 0.0053941 seconds, Stopping threads took: 0.0000199 seconds
7.862: [GC (Allocation Failure)  560749K->243983K(1034752K), 0.0040734 secs]
7.866: Total time for which application threads were stopped: 0.0042421 seconds, Stopping threads took: 0.0000207 seconds
7.933: [GC (Allocation Failure)  565519K->243951K(1034752K), 0.0042032 secs]
7.937: Total time for which application threads were stopped: 0.0043604 seconds, Stopping threads took: 0.0000185 seconds
8.003: [GC (Allocation Failure)  565487K->244367K(1034752K), 0.0048980 secs]
8.008: Total time for which application threads were stopped: 0.0050642 seconds, Stopping threads took: 0.0000193 seconds
8.078: [GC (Allocation Failure)  565903K->251953K(1033728K), 0.0040485 secs]
8.082: Total time for which application threads were stopped: 0.0042045 seconds, Stopping threads took: 0.0000261 seconds
8.149: [GC (Allocation Failure)  572465K->251953K(1034240K), 0.0042408 secs]
8.153: Total time for which application threads were stopped: 0.0044271 seconds, Stopping threads took: 0.0000194 seconds
8.221: [GC (Allocation Failure)  572465K->255657K(1034752K), 0.0051397 secs]
8.226: Total time for which application threads were stopped: 0.0052839 seconds, Stopping threads took: 0.0000169 seconds
8.292: [GC (Allocation Failure)  577193K->260076K(1034752K), 0.0042789 secs]
8.297: Total time for which application threads were stopped: 0.0044523 seconds, Stopping threads took: 0.0000213 seconds
8.363: [GC (Allocation Failure)  581612K->259948K(1034752K), 0.0040566 secs]
8.367: Total time for which application threads were stopped: 0.0042234 seconds, Stopping threads took: 0.0000197 seconds
8.432: [GC (Allocation Failure)  581484K->260844K(1034752K), 0.0051809 secs]
8.437: Total time for which application threads were stopped: 0.0053502 seconds, Stopping threads took: 0.0000203 seconds
8.507: [GC (Allocation Failure)  582380K->268014K(1034752K), 0.0040388 secs]
8.511: Total time for which application threads were stopped: 0.0042015 seconds, Stopping threads took: 0.0000204 seconds
8.582: [GC (Allocation Failure)  589550K->268046K(1034752K), 0.0040134 secs]
8.586: Total time for which application threads were stopped: 0.0042043 seconds, Stopping threads took: 0.0000297 seconds
8.653: [GC (Allocation Failure)  589582K->270094K(1034752K), 0.0053512 secs]
8.658: Total time for which application threads were stopped: 0.0055024 seconds, Stopping threads took: 0.0000172 seconds
8.728: [GC (Allocation Failure)  591630K->276144K(1034752K), 0.0042330 secs]
8.732: Total time for which application threads were stopped: 0.0044236 seconds, Stopping threads took: 0.0000199 seconds
8.801: [GC (Allocation Failure)  597680K->276016K(1034752K), 0.0040102 secs]
8.805: Total time for which application threads were stopped: 0.0042016 seconds, Stopping threads took: 0.0000196 seconds
8.872: [GC (Allocation Failure)  597552K->279368K(1034752K), 0.0051088 secs]
8.878: Total time for which application threads were stopped: 0.0052815 seconds, Stopping threads took: 0.0000224 seconds
8.946: [GC (Allocation Failure)  600904K->284106K(1034752K), 0.0043204 secs]
8.950: Total time for which application threads were stopped: 0.0044987 seconds, Stopping threads took: 0.0000221 seconds
9.017: [GC (Allocation Failure)  605642K->284074K(1034752K), 0.0041000 secs]
9.022: Total time for which application threads were stopped: 0.0042586 seconds, Stopping threads took: 0.0000200 seconds
9.087: [GC (Allocation Failure)  605610K->284522K(1034752K), 0.0051388 secs]
9.092: Total time for which application threads were stopped: 0.0053098 seconds, Stopping threads took: 0.0000262 seconds
9.161: [GC (Allocation Failure)  606058K->292109K(1034752K), 0.0041311 secs]
9.165: Total time for which application threads were stopped: 0.0042879 seconds, Stopping threads took: 0.0000197 seconds
9.231: [GC (Allocation Failure)  613645K->292109K(1034752K), 0.0043501 secs]
9.236: Total time for which application threads were stopped: 0.0045078 seconds, Stopping threads took: 0.0000193 seconds
9.301: [GC (Allocation Failure)  613645K->293805K(1034752K), 0.0050140 secs]
9.306: Total time for which application threads were stopped: 0.0052002 seconds, Stopping threads took: 0.0000284 seconds
9.374: [GC (Allocation Failure)  615341K->300175K(1033728K), 0.0043241 secs]
9.378: Total time for which application threads were stopped: 0.0044828 seconds, Stopping threads took: 0.0000209 seconds
9.445: [GC (Allocation Failure)  620687K->300143K(1034240K), 0.0041587 secs]
9.449: Total time for which application threads were stopped: 0.0043259 seconds, Stopping threads took: 0.0000285 seconds
9.516: [GC (Allocation Failure)  620655K->300975K(1034240K), 0.0052166 secs]
9.522: Total time for which application threads were stopped: 0.0053847 seconds, Stopping threads took: 0.0000283 seconds
9.590: [GC (Allocation Failure)  621487K->308305K(1034240K), 0.0041735 secs]
9.594: Total time for which application threads were stopped: 0.0043431 seconds, Stopping threads took: 0.0000292 seconds
9.662: [GC (Allocation Failure)  628817K->308177K(1034240K), 0.0089084 secs]
9.671: Total time for which application threads were stopped: 0.0090480 seconds, Stopping threads took: 0.0000209 seconds
9.739: [GC (Allocation Failure)  628689K->311241K(1034240K), 0.0050514 secs]
9.744: Total time for which application threads were stopped: 0.0052292 seconds, Stopping threads took: 0.0000197 seconds
9.812: [GC (Allocation Failure)  631753K->316267K(1033728K), 0.0042780 secs]
9.816: Total time for which application threads were stopped: 0.0044492 seconds, Stopping threads took: 0.0000211 seconds
9.884: [GC (Allocation Failure)  636779K->316235K(1034240K), 0.0043425 secs]
9.889: Total time for which application threads were stopped: 0.0045168 seconds, Stopping threads took: 0.0000285 seconds
9.956: [GC (Allocation Failure)  636747K->317451K(1033728K), 0.0052666 secs]
9.961: Total time for which application threads were stopped: 0.0054652 seconds, Stopping threads took: 0.0000210 seconds
10.031: [GC (Allocation Failure)  637963K->324238K(1034240K), 0.0045266 secs]
10.035: Total time for which application threads were stopped: 0.0046866 seconds, Stopping threads took: 0.0000200 seconds
10.104: [GC (Allocation Failure)  644750K->324238K(1034240K), 0.0045032 secs]
10.108: Total time for which application threads were stopped: 0.0046782 seconds, Stopping threads took: 0.0000265 seconds
10.176: [GC (Allocation Failure)  644750K->327750K(1034240K), 0.0053111 secs]
10.181: Total time for which application threads were stopped: 0.0054814 seconds, Stopping threads took: 0.0000202 seconds
10.250: [GC (Allocation Failure)  648262K->332264K(1034752K), 0.0043011 secs]
10.255: Total time for which application threads were stopped: 0.0044683 seconds, Stopping threads took: 0.0000201 seconds
10.323: [GC (Allocation Failure)  653800K->332296K(1034752K), 0.0041919 secs]
10.327: Total time for which application threads were stopped: 0.0043501 seconds, Stopping threads took: 0.0000189 seconds
10.392: [GC (Allocation Failure)  653832K->335976K(1035264K), 0.0054698 secs]
10.398: Total time for which application threads were stopped: 0.0056897 seconds, Stopping threads took: 0.0000198 seconds
10.467: [GC (Allocation Failure)  658024K->340330K(1034752K), 0.0046103 secs]
10.472: Total time for which application threads were stopped: 0.0047791 seconds, Stopping threads took: 0.0000177 seconds
10.540: [GC (Allocation Failure)  662378K->340330K(1035264K), 0.0042716 secs]
10.544: Total time for which application threads were stopped: 0.0044355 seconds, Stopping threads took: 0.0000261 seconds
10.612: [GC (Allocation Failure)  662378K->342666K(1034752K), 0.0053478 secs]
10.618: Total time for which application threads were stopped: 0.0055065 seconds, Stopping threads took: 0.0000198 seconds
10.687: [GC (Allocation Failure)  664714K->348397K(1034240K), 0.0060184 secs]
10.693: Total time for which application threads were stopped: 0.0061768 seconds, Stopping threads took: 0.0000256 seconds
10.761: [GC (Allocation Failure)  669933K->348333K(1034752K), 0.0045401 secs]
10.766: Total time for which application threads were stopped: 0.0047181 seconds, Stopping threads took: 0.0000194 seconds
10.831: [GC (Allocation Failure)  669869K->352429K(1035264K), 0.0055776 secs]
10.837: Total time for which application threads were stopped: 0.0057479 seconds, Stopping threads took: 0.0000206 seconds
10.905: [GC (Allocation Failure)  674989K->356399K(1035264K), 0.0043566 secs]
10.910: Total time for which application threads were stopped: 0.0045235 seconds, Stopping threads took: 0.0000200 seconds
10.978: [GC (Allocation Failure)  678959K->356367K(1035264K), 0.0043448 secs]
10.983: Total time for which application threads were stopped: 0.0045222 seconds, Stopping threads took: 0.0000193 seconds
11.050: [GC (Allocation Failure)  678927K->356559K(1022464K), 0.0059554 secs]
11.056: Total time for which application threads were stopped: 0.0061162 seconds, Stopping threads took: 0.0000202 seconds
11.125: [GC (Allocation Failure)  679119K->364657K(1034752K), 0.0052620 secs]
11.131: Total time for which application threads were stopped: 0.0054328 seconds, Stopping threads took: 0.0000196 seconds
11.199: [GC (Allocation Failure)  686193K->364401K(1034752K), 0.0044793 secs]
11.204: Total time for which application threads were stopped: 0.0046451 seconds, Stopping threads took: 0.0000192 seconds
11.270: [GC (Allocation Failure)  685937K->366857K(1034752K), 0.0050734 secs]
11.275: Total time for which application threads were stopped: 0.0052401 seconds, Stopping threads took: 0.0000201 seconds
11.343: [GC (Allocation Failure)  688393K->372619K(1034752K), 0.0042780 secs]
11.348: Total time for which application threads were stopped: 0.0044496 seconds, Stopping threads took: 0.0000198 seconds
11.416: [GC (Allocation Failure)  694155K->372427K(1034752K), 0.0042460 secs]
11.420: Total time for which application threads were stopped: 0.0044009 seconds, Stopping threads took: 0.0000177 seconds
11.486: [GC (Allocation Failure)  693963K->376107K(1034752K), 0.0057458 secs]
11.492: Total time for which application threads were stopped: 0.0059188 seconds, Stopping threads took: 0.0000199 seconds
11.559: [GC (Allocation Failure)  697643K->380590K(1035264K), 0.0043062 secs]
11.563: Total time for which application threads were stopped: 0.0044713 seconds, Stopping threads took: 0.0000268 seconds
11.632: [GC (Allocation Failure)  703150K->380494K(1035264K), 0.0045989 secs]
11.636: Total time for which application threads were stopped: 0.0047726 seconds, Stopping threads took: 0.0000272 seconds
11.705: [GC (Allocation Failure)  703054K->375275K(1035264K), 0.0022797 secs]
11.708: Total time for which application threads were stopped: 0.0024386 seconds, Stopping threads took: 0.0000274 seconds
11.776: [GC (Allocation Failure)  697835K->380526K(1035264K), 0.0043548 secs]
11.781: Total time for which application threads were stopped: 0.0045255 seconds, Stopping threads took: 0.0000204 seconds
11.848: [GC (Allocation Failure)  703086K->380494K(1035264K), 0.0044314 secs]
11.853: Total time for which application threads were stopped: 0.0046208 seconds, Stopping threads took: 0.0000203 seconds
11.922: [GC (Allocation Failure)  703054K->379595K(1035264K), 0.0040873 secs]
11.926: Total time for which application threads were stopped: 0.0042526 seconds, Stopping threads took: 0.0000192 seconds
11.992: [GC (Allocation Failure)  702155K->380526K(1035776K), 0.0042703 secs]
11.996: Total time for which application threads were stopped: 0.0044373 seconds, Stopping threads took: 0.0000197 seconds
12.064: [GC (Allocation Failure)  704110K->380462K(1035776K), 0.0044320 secs]
12.068: Total time for which application threads were stopped: 0.0045984 seconds, Stopping threads took: 0.0000263 seconds
12.136: [GC (Allocation Failure)  704046K->385883K(1031680K), 0.0069053 secs]
12.143: Total time for which application threads were stopped: 0.0070794 seconds, Stopping threads took: 0.0000195 seconds
12.210: [GC (Allocation Failure)  705371K->381374K(1033728K), 0.0044568 secs]
12.215: Total time for which application threads were stopped: 0.0046264 seconds, Stopping threads took: 0.0000199 seconds
12.282: [GC (Allocation Failure)  700862K->381182K(1034752K), 0.0042659 secs]
12.286: Total time for which application threads were stopped: 0.0044388 seconds, Stopping threads took: 0.0000205 seconds
12.354: [GC (Allocation Failure)  702206K->383227K(1034240K), 0.0051992 secs]
12.359: Total time for which application threads were stopped: 0.0053678 seconds, Stopping threads took: 0.0000200 seconds
12.427: [GC (Allocation Failure)  704251K->381310K(1034752K), 0.0043973 secs]
12.431: Total time for which application threads were stopped: 0.0045544 seconds, Stopping threads took: 0.0000193 seconds
12.499: [GC (Allocation Failure)  702334K->381118K(1034240K), 0.0050222 secs]
12.504: Total time for which application threads were stopped: 0.0051950 seconds, Stopping threads took: 0.0000204 seconds
12.571: [GC (Allocation Failure)  702142K->382907K(1035264K), 0.0052514 secs]
12.577: Total time for which application threads were stopped: 0.0054180 seconds, Stopping threads took: 0.0000274 seconds
12.646: [GC (Allocation Failure)  705467K->381278K(1035264K), 0.0043416 secs]
12.650: Total time for which application threads were stopped: 0.0045405 seconds, Stopping threads took: 0.0000270 seconds
12.720: [GC (Allocation Failure)  703838K->381150K(1036288K), 0.0042427 secs]
12.725: Total time for which application threads were stopped: 0.0044094 seconds, Stopping threads took: 0.0000196 seconds
12.793: [GC (Allocation Failure)  705246K->388715K(1035776K), 0.0083197 secs]
12.801: Total time for which application threads were stopped: 0.0085061 seconds, Stopping threads took: 0.0000188 seconds
12.871: [GC (Allocation Failure)  712811K->384590K(1032704K), 0.0042154 secs]
12.875: Total time for which application threads were stopped: 0.0043712 seconds, Stopping threads took: 0.0000155 seconds
12.942: [GC (Allocation Failure)  705102K->384526K(1034240K), 0.0043941 secs]
12.946: Total time for which application threads were stopped: 0.0045642 seconds, Stopping threads took: 0.0000207 seconds
13.014: [GC (Allocation Failure)  705038K->377419K(1032704K), 0.0015989 secs]
13.015: Total time for which application threads were stopped: 0.0017367 seconds, Stopping threads took: 0.0000212 seconds
13.083: [GC (Allocation Failure)  696907K->384542K(1033728K), 0.0045785 secs]
13.088: Total time for which application threads were stopped: 0.0047619 seconds, Stopping threads took: 0.0000201 seconds
13.155: [GC (Allocation Failure)  704030K->388678K(1034752K), 0.0056579 secs]
13.161: Total time for which application threads were stopped: 0.0058375 seconds, Stopping threads took: 0.0000202 seconds
13.228: [GC (Allocation Failure)  709702K->394555K(1034240K), 0.0090041 secs]
13.237: Total time for which application threads were stopped: 0.0091609 seconds, Stopping threads took: 0.0000199 seconds
13.304: [GC (Allocation Failure)  715579K->389022K(1033216K), 0.0043011 secs]
13.308: Total time for which application threads were stopped: 0.0044617 seconds, Stopping threads took: 0.0000192 seconds
13.376: [GC (Allocation Failure)  708510K->388830K(1033728K), 0.0044980 secs]
13.380: Total time for which application threads were stopped: 0.0046603 seconds, Stopping threads took: 0.0000206 seconds
13.448: [GC (Allocation Failure)  708318K->391387K(1034240K), 0.0056527 secs]
13.453: Total time for which application threads were stopped: 0.0058169 seconds, Stopping threads took: 0.0000193 seconds
13.521: [GC (Allocation Failure)  711899K->388958K(1034240K), 0.0045194 secs]
13.525: Total time for which application threads were stopped: 0.0046910 seconds, Stopping threads took: 0.0000200 seconds
13.595: [GC (Allocation Failure)  709470K->388798K(1034752K), 0.0042689 secs]
13.600: Total time for which application threads were stopped: 0.0044410 seconds, Stopping threads took: 0.0000265 seconds
13.665: [GC (Allocation Failure)  710334K->390523K(1034752K), 0.0097807 secs]
13.675: Total time for which application threads were stopped: 0.0099992 seconds, Stopping threads took: 0.0000279 seconds
13.744: [GC (Allocation Failure)  712059K->388926K(1035264K), 0.0045537 secs]
13.749: Total time for which application threads were stopped: 0.0047332 seconds, Stopping threads took: 0.0000201 seconds
13.817: [GC (Allocation Failure)  710974K->388766K(1034752K), 0.0045187 secs]
13.822: Total time for which application threads were stopped: 0.0046815 seconds, Stopping threads took: 0.0000208 seconds
13.890: [GC (Allocation Failure)  710814K->392795K(1033728K), 0.0061967 secs]
13.896: Total time for which application threads were stopped: 0.0063648 seconds, Stopping threads took: 0.0000194 seconds
13.962: [GC (Allocation Failure)  714331K->388862K(1034752K), 0.0043129 secs]
13.966: Total time for which application threads were stopped: 0.0045102 seconds, Stopping threads took: 0.0000207 seconds
14.035: [GC (Allocation Failure)  710398K->388862K(1035264K), 0.0045303 secs]
14.040: Total time for which application threads were stopped: 0.0046885 seconds, Stopping threads took: 0.0000174 seconds
14.108: [GC (Allocation Failure)  711422K->395003K(1035264K), 0.0073411 secs]
14.116: Total time for which application threads were stopped: 0.0075085 seconds, Stopping threads took: 0.0000278 seconds
14.184: [GC (Allocation Failure)  717563K->390014K(1033216K), 0.0046613 secs]
14.189: Total time for which application threads were stopped: 0.0048186 seconds, Stopping threads took: 0.0000189 seconds
14.256: [GC (Allocation Failure)  710526K->389758K(1034240K), 0.0041571 secs]
14.261: Total time for which application threads were stopped: 0.0043516 seconds, Stopping threads took: 0.0000209 seconds
14.329: [GC (Allocation Failure)  710270K->396163K(1031168K), 0.0072201 secs]
14.337: Total time for which application threads were stopped: 0.0073851 seconds, Stopping threads took: 0.0000191 seconds
14.403: [GC (Allocation Failure)  713603K->390054K(1032704K), 0.0044646 secs]
14.407: Total time for which application threads were stopped: 0.0046521 seconds, Stopping threads took: 0.0000191 seconds
14.476: [GC (Allocation Failure)  707494K->389894K(1033728K), 0.0043166 secs]
14.480: Total time for which application threads were stopped: 0.0044847 seconds, Stopping threads took: 0.0000200 seconds
14.547: [GC (Allocation Failure)  708870K->386819K(1033216K), 0.0030983 secs]
14.550: Total time for which application threads were stopped: 0.0032673 seconds, Stopping threads took: 0.0000201 seconds
14.618: [GC (Allocation Failure)  705795K->390022K(1033728K), 0.0042627 secs]
14.622: Total time for which application threads were stopped: 0.0044482 seconds, Stopping threads took: 0.0000205 seconds
14.692: [GC (Allocation Failure)  708998K->389926K(1033216K), 0.0043695 secs]
14.697: Total time for which application threads were stopped: 0.0045598 seconds, Stopping threads took: 0.0000194 seconds
14.765: [GC (Allocation Failure)  708902K->392494K(1033216K), 0.0072757 secs]
14.773: Total time for which application threads were stopped: 0.0074528 seconds, Stopping threads took: 0.0000197 seconds
14.840: [GC (Allocation Failure)  711982K->398064K(1033728K), 0.0042556 secs]
14.845: Total time for which application threads were stopped: 0.0044221 seconds, Stopping threads took: 0.0000200 seconds
14.912: [GC (Allocation Failure)  717552K->397936K(1034752K), 0.0046555 secs]
14.917: Total time for which application threads were stopped: 0.0048345 seconds, Stopping threads took: 0.0000222 seconds
14.984: [GC (Allocation Failure)  718960K->401256K(1034240K), 0.0054564 secs]
14.990: Total time for which application threads were stopped: 0.0056417 seconds, Stopping threads took: 0.0000188 seconds
15.059: [GC (Allocation Failure)  722280K->405994K(1035264K), 0.0043214 secs]
15.064: Total time for which application threads were stopped: 0.0044873 seconds, Stopping threads took: 0.0000255 seconds
15.131: [GC (Allocation Failure)  728042K->405962K(1034752K), 0.0044300 secs]
15.136: Total time for which application threads were stopped: 0.0046118 seconds, Stopping threads took: 0.0000174 seconds
15.205: [GC (Allocation Failure)  728010K->406922K(1033728K), 0.0055184 secs]
15.211: Total time for which application threads were stopped: 0.0056875 seconds, Stopping threads took: 0.0000199 seconds
15.279: [GC (Allocation Failure)  728458K->414252K(1034752K), 0.0044129 secs]
15.283: Total time for which application threads were stopped: 0.0045807 seconds, Stopping threads took: 0.0000201 seconds
15.352: [GC (Allocation Failure)  735788K->414028K(1035264K), 0.0042877 secs]
15.356: Total time for which application threads were stopped: 0.0044443 seconds, Stopping threads took: 0.0000197 seconds
15.425: [GC (Allocation Failure)  736588K->417196K(1035264K), 0.0053197 secs]
15.430: Total time for which application threads were stopped: 0.0055015 seconds, Stopping threads took: 0.0000173 seconds
15.501: [GC (Allocation Failure)  739756K->422191K(1035264K), 0.0046517 secs]
15.505: Total time for which application threads were stopped: 0.0048015 seconds, Stopping threads took: 0.0000168 seconds
15.575: [GC (Allocation Failure)  744751K->422031K(1035264K), 0.0043843 secs]
15.579: Total time for which application threads were stopped: 0.0045458 seconds, Stopping threads took: 0.0000266 seconds
15.648: [GC (Allocation Failure)  744591K->417324K(1034752K), 0.0027998 secs]
15.651: Total time for which application threads were stopped: 0.0029768 seconds, Stopping threads took: 0.0000189 seconds
15.720: [GC (Allocation Failure)  739884K->422063K(1035264K), 0.0043934 secs]
15.724: Total time for which application threads were stopped: 0.0045820 seconds, Stopping threads took: 0.0000196 seconds
15.794: [GC (Allocation Failure)  744623K->422031K(1035776K), 0.0044879 secs]
15.799: Total time for which application threads were stopped: 0.0046577 seconds, Stopping threads took: 0.0000210 seconds
15.866: [GC (Allocation Failure)  745615K->422636K(1035776K), 0.0050007 secs]
15.871: Total time for which application threads were stopped: 0.0052125 seconds, Stopping threads took: 0.0000201 seconds
15.942: [GC (Allocation Failure)  746220K->422287K(1035776K), 0.0045042 secs]
15.947: Total time for which application threads were stopped: 0.0046635 seconds, Stopping threads took: 0.0000170 seconds
16.015: [GC (Allocation Failure)  745871K->422063K(1035776K), 0.0044204 secs]
16.020: Total time for which application threads were stopped: 0.0045913 seconds, Stopping threads took: 0.0000202 seconds
16.087: [GC (Allocation Failure)  745647K->429964K(1030656K), 0.0085069 secs]
16.095: Total time for which application threads were stopped: 0.0086743 seconds, Stopping threads took: 0.0000270 seconds
16.163: [GC (Allocation Failure)  748428K->425423K(1033216K), 0.0045994 secs]
16.167: Total time for which application threads were stopped: 0.0047696 seconds, Stopping threads took: 0.0000205 seconds
16.235: [GC (Allocation Failure)  743887K->425263K(1034752K), 0.0045411 secs]
16.239: Total time for which application threads were stopped: 0.0047067 seconds, Stopping threads took: 0.0000202 seconds
16.305: [GC (Allocation Failure)  745775K->427244K(1033728K), 0.0054437 secs]
16.311: Total time for which application threads were stopped: 0.0056113 seconds, Stopping threads took: 0.0000193 seconds
16.378: [GC (Allocation Failure)  747756K->425359K(1034752K), 0.0044310 secs]
16.383: Total time for which application threads were stopped: 0.0045942 seconds, Stopping threads took: 0.0000204 seconds
16.450: [GC (Allocation Failure)  746383K->425231K(1034240K), 0.0045469 secs]
16.455: Total time for which application threads were stopped: 0.0047357 seconds, Stopping threads took: 0.0000389 seconds
16.520: [GC (Allocation Failure)  746255K->426444K(1035264K), 0.0073099 secs]
16.528: Total time for which application threads were stopped: 0.0074771 seconds, Stopping threads took: 0.0000195 seconds
16.598: [GC (Allocation Failure)  749004K->425327K(1035264K), 0.0044816 secs]
16.602: Total time for which application threads were stopped: 0.0046501 seconds, Stopping threads took: 0.0000268 seconds
16.671: [GC (Allocation Failure)  747887K->425263K(1036288K), 0.0060523 secs]
16.677: Total time for which application threads were stopped: 0.0061979 seconds, Stopping threads took: 0.0000272 seconds
16.746: [GC (Allocation Failure)  749359K->432236K(1035776K), 0.0080191 secs]
16.754: Total time for which application threads were stopped: 0.0081865 seconds, Stopping threads took: 0.0000193 seconds
16.823: [GC (Allocation Failure)  756332K->428015K(1032704K), 0.0043435 secs]
16.828: Total time for which application threads were stopped: 0.0045032 seconds, Stopping threads took: 0.0000198 seconds
16.895: [GC (Allocation Failure)  748527K->428015K(1034240K), 0.0044982 secs]
16.899: Total time for which application threads were stopped: 0.0046448 seconds, Stopping threads took: 0.0000197 seconds
16.967: [GC (Allocation Failure)  748527K->420428K(1032704K), 0.0014832 secs]
16.969: Total time for which application threads were stopped: 0.0016060 seconds, Stopping threads took: 0.0000196 seconds
17.037: [GC (Allocation Failure)  739916K->428263K(1033728K), 0.0044741 secs]
17.042: Total time for which application threads were stopped: 0.0046305 seconds, Stopping threads took: 0.0000194 seconds
17.110: [GC (Allocation Failure)  747751K->432167K(1035264K), 0.0057967 secs]
17.116: Total time for which application threads were stopped: 0.0059564 seconds, Stopping threads took: 0.0000195 seconds
17.184: [GC (Allocation Failure)  753703K->438028K(1034240K), 0.0073020 secs]
17.191: Total time for which application threads were stopped: 0.0074707 seconds, Stopping threads took: 0.0000186 seconds
17.258: [GC (Allocation Failure)  759564K->432943K(1033216K), 0.0045726 secs]
17.262: Total time for which application threads were stopped: 0.0047216 seconds, Stopping threads took: 0.0000167 seconds
17.330: [GC (Allocation Failure)  752431K->432783K(1033728K), 0.0045451 secs]
17.334: Total time for which application threads were stopped: 0.0047241 seconds, Stopping threads took: 0.0000195 seconds
17.403: [GC (Allocation Failure)  752271K->435788K(1034240K), 0.0057991 secs]
17.409: Total time for which application threads were stopped: 0.0059671 seconds, Stopping threads took: 0.0000268 seconds
17.476: [GC (Allocation Failure)  756300K->432879K(1034240K), 0.0043165 secs]
17.480: Total time for which application threads were stopped: 0.0044890 seconds, Stopping threads took: 0.0000194 seconds
17.548: [GC (Allocation Failure)  753391K->432783K(1034752K), 0.0045133 secs]
17.553: Total time for which application threads were stopped: 0.0046803 seconds, Stopping threads took: 0.0000283 seconds
17.620: [GC (Allocation Failure)  753807K->434508K(1034240K), 0.0052883 secs]
17.626: Total time for which application threads were stopped: 0.0054564 seconds, Stopping threads took: 0.0000196 seconds
17.695: [GC (Allocation Failure)  755532K->432847K(1035264K), 0.0044490 secs]
17.700: Total time for which application threads were stopped: 0.0046182 seconds, Stopping threads took: 0.0000199 seconds
17.767: [GC (Allocation Failure)  754895K->432783K(1034752K), 0.0044996 secs]
17.772: Total time for which application threads were stopped: 0.0046905 seconds, Stopping threads took: 0.0000206 seconds
17.841: [GC (Allocation Failure)  754831K->436236K(1033728K), 0.0057523 secs]
17.847: Total time for which application threads were stopped: 0.0059508 seconds, Stopping threads took: 0.0000170 seconds
17.915: [GC (Allocation Failure)  757772K->432783K(1034752K), 0.0046372 secs]
17.920: Total time for which application threads were stopped: 0.0048084 seconds, Stopping threads took: 0.0000208 seconds
17.986: [GC (Allocation Failure)  754319K->432847K(1035776K), 0.0046487 secs]
17.991: Total time for which application threads were stopped: 0.0048314 seconds, Stopping threads took: 0.0000213 seconds
18.057: [GC (Allocation Failure)  755919K->438956K(1035264K), 0.0073129 secs]
18.064: Total time for which application threads were stopped: 0.0074862 seconds, Stopping threads took: 0.0000262 seconds
18.133: [GC (Allocation Failure)  762028K->434447K(1033216K), 0.0045681 secs]
18.138: Total time for which application threads were stopped: 0.0047278 seconds, Stopping threads took: 0.0000192 seconds
18.205: [GC (Allocation Failure)  754959K->434223K(1034240K), 0.0042624 secs]
18.209: Total time for which application threads were stopped: 0.0044244 seconds, Stopping threads took: 0.0000201 seconds
18.277: [GC (Allocation Failure)  754735K->441092K(1030656K), 0.0091951 secs]
18.286: Total time for which application threads were stopped: 0.0093451 seconds, Stopping threads took: 0.0000206 seconds
18.358: [GC (Allocation Failure)  758532K->435495K(1032704K), 0.0045281 secs]
18.362: Total time for which application threads were stopped: 0.0047033 seconds, Stopping threads took: 0.0000200 seconds
18.429: [GC (Allocation Failure)  752935K->435335K(1033728K), 0.0044692 secs]
18.434: Total time for which application threads were stopped: 0.0046537 seconds, Stopping threads took: 0.0000212 seconds
18.501: [GC (Allocation Failure)  754311K->432708K(1033216K), 0.0035787 secs]
18.504: Total time for which application threads were stopped: 0.0037708 seconds, Stopping threads took: 0.0000193 seconds
18.574: [GC (Allocation Failure)  751684K->435431K(1033728K), 0.0043660 secs]
18.578: Total time for which application threads were stopped: 0.0045333 seconds, Stopping threads took: 0.0000273 seconds
18.646: [GC (Allocation Failure)  754407K->435367K(1033216K), 0.0044570 secs]
18.651: Total time for which application threads were stopped: 0.0046456 seconds, Stopping threads took: 0.0000202 seconds
18.721: [GC (Allocation Failure)  754343K->438407K(1033216K), 0.0054198 secs]
18.726: Total time for which application threads were stopped: 0.0056025 seconds, Stopping threads took: 0.0000175 seconds
18.794: [GC (Allocation Failure)  757895K->443401K(1033728K), 0.0047129 secs]
18.799: Total time for which application threads were stopped: 0.0048885 seconds, Stopping threads took: 0.0000277 seconds
18.866: [GC (Allocation Failure)  762889K->443337K(1034752K), 0.0046711 secs]
18.871: Total time for which application threads were stopped: 0.0048375 seconds, Stopping threads took: 0.0000195 seconds
18.937: [GC (Allocation Failure)  764361K->447177K(1034240K), 0.0085450 secs]
18.946: Total time for which application threads were stopped: 0.0087444 seconds, Stopping threads took: 0.0000269 seconds
19.014: [GC (Allocation Failure)  768201K->451403K(1035264K), 0.0046553 secs]
19.019: Total time for which application threads were stopped: 0.0048129 seconds, Stopping threads took: 0.0000174 seconds
19.087: [GC (Allocation Failure)  773451K->451403K(1034752K), 0.0044776 secs]
19.092: Total time for which application threads were stopped: 0.0046419 seconds, Stopping threads took: 0.0000261 seconds
19.159: [GC (Allocation Failure)  773451K->452843K(1034752K), 0.0053486 secs]
19.164: Total time for which application threads were stopped: 0.0055077 seconds, Stopping threads took: 0.0000193 seconds
19.232: [GC (Allocation Failure)  775403K->459629K(1035264K), 0.0046369 secs]
19.236: Total time for which application threads were stopped: 0.0047982 seconds, Stopping threads took: 0.0000197 seconds
19.304: [GC (Allocation Failure)  782189K->459437K(1035776K), 0.0044793 secs]
19.309: Total time for which application threads were stopped: 0.0046548 seconds, Stopping threads took: 0.0000200 seconds
19.378: [GC (Allocation Failure)  782509K->453547K(1035264K), 0.0023066 secs]
19.380: Total time for which application threads were stopped: 0.0024451 seconds, Stopping threads took: 0.0000167 seconds
19.448: [GC (Allocation Failure)  776619K->459629K(1035264K), 0.0046003 secs]
19.453: Total time for which application threads were stopped: 0.0047702 seconds, Stopping threads took: 0.0000196 seconds
19.523: [GC (Allocation Failure)  782189K->459469K(1035264K), 0.0047465 secs]
19.528: Total time for which application threads were stopped: 0.0049164 seconds, Stopping threads took: 0.0000206 seconds
19.595: [GC (Allocation Failure)  782029K->458347K(1036288K), 0.0040553 secs]
19.599: Total time for which application threads were stopped: 0.0042212 seconds, Stopping threads took: 0.0000285 seconds
19.668: [GC (Allocation Failure)  781931K->459501K(1035264K), 0.0049407 secs]
19.673: Total time for which application threads were stopped: 0.0050957 seconds, Stopping threads took: 0.0000176 seconds
19.741: [GC (Allocation Failure)  783085K->459437K(1036288K), 0.0045667 secs]
19.746: Total time for which application threads were stopped: 0.0047249 seconds, Stopping threads took: 0.0000201 seconds
19.815: [GC (Allocation Failure)  784045K->466715K(1036288K), 0.0082845 secs]
19.823: Total time for which application threads were stopped: 0.0084439 seconds, Stopping threads took: 0.0000201 seconds
19.893: [GC (Allocation Failure)  791323K->462525K(1032192K), 0.0047579 secs]
19.898: Total time for which application threads were stopped: 0.0049180 seconds, Stopping threads took: 0.0000195 seconds
19.965: [GC (Allocation Failure)  783037K->462461K(1034240K), 0.0046957 secs]
19.970: Total time for which application threads were stopped: 0.0048651 seconds, Stopping threads took: 0.0000205 seconds
20.037: [GC (Allocation Failure)  782973K->455675K(1033216K), 0.0019238 secs]
20.039: Total time for which application threads were stopped: 0.0020729 seconds, Stopping threads took: 0.0000190 seconds
20.108: [GC (Allocation Failure)  776187K->462757K(1034240K), 0.0046099 secs]
20.113: Total time for which application threads were stopped: 0.0047834 seconds, Stopping threads took: 0.0000263 seconds
20.181: [GC (Allocation Failure)  783269K->466637K(1035264K), 0.0056083 secs]
20.187: Total time for which application threads were stopped: 0.0057781 seconds, Stopping threads took: 0.0000204 seconds
20.255: [GC (Allocation Failure)  788685K->459499K(1034752K), 0.0017767 secs]
20.256: Total time for which application threads were stopped: 0.0019107 seconds, Stopping threads took: 0.0000207 seconds
20.325: [GC (Allocation Failure)  781547K->466845K(1035264K), 0.0095421 secs]
20.334: Total time for which application threads were stopped: 0.0097294 seconds, Stopping threads took: 0.0000205 seconds
20.404: [GC (Allocation Failure)  788893K->470813K(1034752K), 0.0058096 secs]
20.409: Total time for which application threads were stopped: 0.0060046 seconds, Stopping threads took: 0.0000227 seconds
20.477: [GC (Allocation Failure)  792861K->466363K(1035264K), 0.0031114 secs]
20.480: Total time for which application threads were stopped: 0.0032729 seconds, Stopping threads took: 0.0000202 seconds
20.548: [GC (Allocation Failure)  788923K->470909K(1035264K), 0.0051780 secs]
20.553: Total time for which application threads were stopped: 0.0053478 seconds, Stopping threads took: 0.0000200 seconds
20.621: [GC (Allocation Failure)  793469K->474917K(1035776K), 0.0108268 secs]
20.632: Total time for which application threads were stopped: 0.0109988 seconds, Stopping threads took: 0.0000204 seconds
20.700: [GC (Allocation Failure)  798501K->474917K(1035776K), 0.0044316 secs]
20.704: Total time for which application threads were stopped: 0.0046133 seconds, Stopping threads took: 0.0000198 seconds
20.772: [GC (Allocation Failure)  798501K->475077K(1034752K), 0.0055885 secs]
20.777: Total time for which application threads were stopped: 0.0057623 seconds, Stopping threads took: 0.0000210 seconds
20.845: [GC (Allocation Failure)  797637K->482920K(1035264K), 0.0045431 secs]
20.850: Total time for which application threads were stopped: 0.0047151 seconds, Stopping threads took: 0.0000203 seconds
20.918: [GC (Allocation Failure)  805480K->482920K(1035264K), 0.0045436 secs]
20.923: Total time for which application threads were stopped: 0.0047216 seconds, Stopping threads took: 0.0000200 seconds
20.991: [GC (Allocation Failure)  805480K->483016K(1022464K), 0.0053654 secs]
20.997: Total time for which application threads were stopped: 0.0055689 seconds, Stopping threads took: 0.0000202 seconds
21.066: [GC (Allocation Failure)  805576K->490986K(1034752K), 0.0053663 secs]
21.071: Total time for which application threads were stopped: 0.0055272 seconds, Stopping threads took: 0.0000262 seconds
21.142: [GC (Allocation Failure)  812522K->490986K(1034752K), 0.0045038 secs]
21.146: Total time for which application threads were stopped: 0.0046629 seconds, Stopping threads took: 0.0000193 seconds
21.212: [GC (Allocation Failure)  812522K->491242K(1033728K), 0.0054436 secs]
21.217: Total time for which application threads were stopped: 0.0056021 seconds, Stopping threads took: 0.0000192 seconds
21.286: [GC (Allocation Failure)  811754K->499052K(1034240K), 0.0046221 secs]
21.291: Total time for which application threads were stopped: 0.0047894 seconds, Stopping threads took: 0.0000197 seconds
21.360: [GC (Allocation Failure)  819564K->499020K(1034240K), 0.0046570 secs]
21.365: Total time for which application threads were stopped: 0.0048291 seconds, Stopping threads took: 0.0000206 seconds
21.432: [GC (Allocation Failure)  819532K->499084K(1034240K), 0.0055325 secs]
21.437: Total time for which application threads were stopped: 0.0057006 seconds, Stopping threads took: 0.0000206 seconds
21.505: [GC (Allocation Failure)  819596K->507054K(1034240K), 0.0047291 secs]
21.510: Total time for which application threads were stopped: 0.0049150 seconds, Stopping threads took: 0.0000203 seconds
21.579: [GC (Allocation Failure)  827566K->507054K(1034240K), 0.0046049 secs]
21.584: Total time for which application threads were stopped: 0.0047612 seconds, Stopping threads took: 0.0000257 seconds
21.651: [GC (Allocation Failure)  827566K->507214K(1033216K), 0.0056109 secs]
21.657: Total time for which application threads were stopped: 0.0057860 seconds, Stopping threads took: 0.0000206 seconds
21.724: [GC (Allocation Failure)  826702K->515089K(1033728K), 0.0045298 secs]
21.729: Total time for which application threads were stopped: 0.0046772 seconds, Stopping threads took: 0.0000173 seconds
21.796: [GC (Allocation Failure)  834577K->515121K(1033728K), 0.0061541 secs]
21.802: Total time for which application threads were stopped: 0.0063137 seconds, Stopping threads took: 0.0000200 seconds
21.869: [GC (Allocation Failure)  834609K->515177K(1033728K), 0.0053647 secs]
21.874: Total time for which application threads were stopped: 0.0055221 seconds, Stopping threads took: 0.0000196 seconds
21.941: [GC (Allocation Failure)  834665K->523115K(1033728K), 0.0046766 secs]
21.946: Total time for which application threads were stopped: 0.0048356 seconds, Stopping threads took: 0.0000193 seconds
22.014: [GC (Allocation Failure)  842603K->519241K(1033728K), 0.0033157 secs]
22.017: Total time for which application threads were stopped: 0.0034924 seconds, Stopping threads took: 0.0000201 seconds
22.084: [GC (Allocation Failure)  838729K->523275K(1034752K), 0.0047964 secs]
22.089: Total time for which application threads were stopped: 0.0049691 seconds, Stopping threads took: 0.0000201 seconds
22.157: [GC (Allocation Failure)  844299K->527243K(1034240K), 0.0046928 secs]
22.162: Total time for which application threads were stopped: 0.0048855 seconds, Stopping threads took: 0.0000207 seconds
22.230: [GC (Allocation Failure)  848267K->521513K(1034752K), 0.0025240 secs]
22.232: Total time for which application threads were stopped: 0.0026666 seconds, Stopping threads took: 0.0000174 seconds
22.300: [GC (Allocation Failure)  843049K->527307K(1034752K), 0.0048530 secs]
22.305: Total time for which application threads were stopped: 0.0050768 seconds, Stopping threads took: 0.0000210 seconds
22.374: [GC (Allocation Failure)  848843K->531419K(1034752K), 0.0049723 secs]
22.379: Total time for which application threads were stopped: 0.0051849 seconds, Stopping threads took: 0.0000682 seconds
22.446: [GC (Allocation Failure)  853717K->527481K(1035264K), 0.0037468 secs]
22.450: Total time for which application threads were stopped: 0.0040510 seconds, Stopping threads took: 0.0000195 seconds
22.517: [GC (Allocation Failure)  850041K->531547K(1036288K), 0.0050272 secs]
22.523: Total time for which application threads were stopped: 0.0051825 seconds, Stopping threads took: 0.0000189 seconds
22.591: [GC (Allocation Failure)  855643K->535515K(1035776K), 0.0045931 secs]
22.596: Total time for which application threads were stopped: 0.0047710 seconds, Stopping threads took: 0.0000202 seconds
22.662: [GC (Allocation Failure)  859611K->535547K(1035776K), 0.0097480 secs]
22.672: Total time for which application threads were stopped: 0.0098870 seconds, Stopping threads took: 0.0000196 seconds
22.741: [GC (Allocation Failure)  859131K->535579K(1023488K), 0.0056248 secs]
22.747: Total time for which application threads were stopped: 0.0057930 seconds, Stopping threads took: 0.0000196 seconds
22.817: [GC (Allocation Failure)  859163K->543581K(1035264K), 0.0049053 secs]
22.822: Total time for which application threads were stopped: 0.0050748 seconds, Stopping threads took: 0.0000200 seconds
22.892: [GC (Allocation Failure)  866141K->543549K(1030144K), 0.0044988 secs]
22.896: Total time for which application threads were stopped: 0.0046564 seconds, Stopping threads took: 0.0000196 seconds
22.964: [GC (Allocation Failure)  866109K->543621K(1034752K), 0.0054766 secs]
22.970: Total time for which application threads were stopped: 0.0056362 seconds, Stopping threads took: 0.0000204 seconds
23.037: [GC (Allocation Failure)  865157K->551592K(1034752K), 0.0048465 secs]
23.042: Total time for which application threads were stopped: 0.0050288 seconds, Stopping threads took: 0.0000198 seconds
23.110: [GC (Allocation Failure)  873128K->551624K(1033728K), 0.0045574 secs]
23.115: Total time for which application threads were stopped: 0.0047389 seconds, Stopping threads took: 0.0000277 seconds
23.182: [GC (Allocation Failure)  872136K->551816K(1034240K), 0.0054967 secs]
23.188: Total time for which application threads were stopped: 0.0056759 seconds, Stopping threads took: 0.0000271 seconds
23.256: [GC (Allocation Failure)  872328K->559626K(1034240K), 0.0045244 secs]
23.260: Total time for which application threads were stopped: 0.0047180 seconds, Stopping threads took: 0.0000201 seconds
23.330: [GC (Allocation Failure)  880138K->559626K(1034240K), 0.0046847 secs]
23.335: Total time for which application threads were stopped: 0.0048795 seconds, Stopping threads took: 0.0000280 seconds
23.403: [GC (Allocation Failure)  880138K->560074K(1033216K), 0.0056795 secs]
23.409: Total time for which application threads were stopped: 0.0058510 seconds, Stopping threads took: 0.0000209 seconds
23.476: [GC (Allocation Failure)  879562K->567692K(1033728K), 0.0048761 secs]
23.481: Total time for which application threads were stopped: 0.0050721 seconds, Stopping threads took: 0.0000203 seconds
23.550: [GC (Allocation Failure)  887180K->567660K(1033728K), 0.0050342 secs]
23.555: Total time for which application threads were stopped: 0.0052121 seconds, Stopping threads took: 0.0000179 seconds
23.622: [GC (Allocation Failure)  887148K->567820K(1033728K), 0.0054395 secs]
23.627: Total time for which application threads were stopped: 0.0056006 seconds, Stopping threads took: 0.0000201 seconds
23.696: [GC (Allocation Failure)  887308K->575694K(1033728K), 0.0048304 secs]
23.701: Total time for which application threads were stopped: 0.0049830 seconds, Stopping threads took: 0.0000169 seconds
23.769: [GC (Allocation Failure)  895182K->575662K(1033728K), 0.0046551 secs]
23.774: Total time for which application threads were stopped: 0.0048275 seconds, Stopping threads took: 0.0000210 seconds
23.840: [GC (Allocation Failure)  895150K->575758K(1033728K), 0.0055274 secs]
23.846: Total time for which application threads were stopped: 0.0056981 seconds, Stopping threads took: 0.0000201 seconds
23.913: [GC (Allocation Failure)  895246K->583729K(1027072K), 0.0048162 secs]
23.918: Total time for which application threads were stopped: 0.0050260 seconds, Stopping threads took: 0.0000204 seconds
23.984: [GC (Allocation Failure)  903216K->579854K(1034240K), 0.0037729 secs]
23.988: Total time for which application threads were stopped: 0.0039288 seconds, Stopping threads took: 0.0000197 seconds
24.055: [GC (Allocation Failure)  899342K->583849K(1033216K), 0.0069762 secs]
24.062: Total time for which application threads were stopped: 0.0071911 seconds, Stopping threads took: 0.0000261 seconds
24.131: [GC (Allocation Failure)  903337K->587849K(1034752K), 0.0047549 secs]
24.136: Total time for which application threads were stopped: 0.0049452 seconds, Stopping threads took: 0.0000203 seconds
24.204: [GC (Allocation Failure)  909385K->581094K(1034752K), 0.0020769 secs]
24.207: Total time for which application threads were stopped: 0.0022056 seconds, Stopping threads took: 0.0000194 seconds
24.276: [GC (Allocation Failure)  902630K->587945K(1034752K), 0.0047569 secs]
24.281: Total time for which application threads were stopped: 0.0049519 seconds, Stopping threads took: 0.0000207 seconds
24.348: [GC (Allocation Failure)  909481K->591993K(1034752K), 0.0059371 secs]
24.354: Total time for which application threads were stopped: 0.0061485 seconds, Stopping threads took: 0.0000197 seconds
24.421: [GC (Allocation Failure)  913529K->586422K(1034752K), 0.0028776 secs]
24.424: Total time for which application threads were stopped: 0.0030539 seconds, Stopping threads took: 0.0000174 seconds
24.493: [GC (Allocation Failure)  907958K->592265K(1034752K), 0.0049468 secs]
24.498: Total time for which application threads were stopped: 0.0051117 seconds, Stopping threads took: 0.0000192 seconds
24.566: [GC (Allocation Failure)  913801K->596169K(1034752K), 0.0052099 secs]
24.571: Total time for which application threads were stopped: 0.0053780 seconds, Stopping threads took: 0.0000260 seconds
24.638: [GC (Allocation Failure)  918657K->592230K(1035264K), 0.0035350 secs]
24.642: Total time for which application threads were stopped: 0.0036940 seconds, Stopping threads took: 0.0000201 seconds
24.711: [GC (Allocation Failure)  914790K->596265K(1036288K), 0.0052972 secs]
24.716: Total time for which application threads were stopped: 0.0054640 seconds, Stopping threads took: 0.0000198 seconds
24.784: [GC (Allocation Failure)  920361K->600265K(1035776K), 0.0048333 secs]
24.789: Total time for which application threads were stopped: 0.0050010 seconds, Stopping threads took: 0.0000198 seconds
24.858: [GC (Allocation Failure)  924361K->600265K(1035776K), 0.0047721 secs]
24.863: Total time for which application threads were stopped: 0.0049300 seconds, Stopping threads took: 0.0000198 seconds
24.931: [GC (Allocation Failure)  923849K->600321K(1023488K), 0.0064275 secs]
24.937: Total time for which application threads were stopped: 0.0066040 seconds, Stopping threads took: 0.0000205 seconds
25.006: [GC (Allocation Failure)  923905K->608355K(1035264K), 0.0049116 secs]
25.011: Total time for which application threads were stopped: 0.0050770 seconds, Stopping threads took: 0.0000221 seconds
25.081: [GC (Allocation Failure)  930915K->608291K(1030144K), 0.0047501 secs]
25.086: Total time for which application threads were stopped: 0.0049291 seconds, Stopping threads took: 0.0000278 seconds
25.153: [GC (Allocation Failure)  930851K->608363K(1034752K), 0.0056877 secs]
25.159: Total time for which application threads were stopped: 0.0058459 seconds, Stopping threads took: 0.0000199 seconds
25.228: [GC (Allocation Failure)  929899K->616333K(1029120K), 0.0049864 secs]
25.233: Total time for which application threads were stopped: 0.0051631 seconds, Stopping threads took: 0.0000197 seconds
25.303: [GC (Allocation Failure)  937869K->616333K(1034240K), 0.0045612 secs]
25.308: Total time for which application threads were stopped: 0.0047351 seconds, Stopping threads took: 0.0000195 seconds
25.375: [GC (Allocation Failure)  936845K->616581K(1034240K), 0.0057503 secs]
25.381: Total time for which application threads were stopped: 0.0059282 seconds, Stopping threads took: 0.0000206 seconds
25.449: [GC (Allocation Failure)  937093K->624391K(1034240K), 0.0048694 secs]
25.454: Total time for which application threads were stopped: 0.0050296 seconds, Stopping threads took: 0.0000203 seconds
25.522: [GC (Allocation Failure)  944903K->624391K(1034240K), 0.0049169 secs]
25.527: Total time for which application threads were stopped: 0.0050851 seconds, Stopping threads took: 0.0000215 seconds
25.595: [GC (Allocation Failure)  944903K->624807K(1033216K), 0.0055653 secs]
25.600: Total time for which application threads were stopped: 0.0057256 seconds, Stopping threads took: 0.0000275 seconds
25.668: [GC (Allocation Failure)  944295K->632426K(1033728K), 0.0059063 secs]
25.674: Total time for which application threads were stopped: 0.0060706 seconds, Stopping threads took: 0.0000266 seconds
25.742: [GC (Allocation Failure)  951914K->632394K(1033728K), 0.0048568 secs]
25.747: Total time for which application threads were stopped: 0.0050481 seconds, Stopping threads took: 0.0000197 seconds
25.813: [GC (Allocation Failure)  951882K->632554K(1033728K), 0.0055885 secs]
25.819: Total time for which application threads were stopped: 0.0057387 seconds, Stopping threads took: 0.0000182 seconds
25.887: [GC (Allocation Failure)  952042K->640460K(1033728K), 0.0048091 secs]
25.891: Total time for which application threads were stopped: 0.0049860 seconds, Stopping threads took: 0.0000199 seconds
25.961: [GC (Allocation Failure)  959948K->640428K(1033728K), 0.0050304 secs]
25.966: Total time for which application threads were stopped: 0.0051863 seconds, Stopping threads took: 0.0000170 seconds
26.033: [GC (Allocation Failure)  959916K->640484K(1033728K), 0.0059357 secs]
26.039: Total time for which application threads were stopped: 0.0061307 seconds, Stopping threads took: 0.0000203 seconds
26.108: [GC (Allocation Failure)  959972K->648454K(1027072K), 0.0049665 secs]
26.113: Total time for which application threads were stopped: 0.0051644 seconds, Stopping threads took: 0.0000258 seconds
26.180: [GC (Allocation Failure)  967942K->644580K(1034240K), 0.0040207 secs]
26.184: Total time for which application threads were stopped: 0.0041771 seconds, Stopping threads took: 0.0000190 seconds
26.251: [GC (Allocation Failure)  964068K->648622K(1033216K), 0.0052135 secs]
26.256: Total time for which application threads were stopped: 0.0053784 seconds, Stopping threads took: 0.0000192 seconds
26.325: [GC (Allocation Failure)  968110K->652590K(1034752K), 0.0047361 secs]
26.330: Total time for which application threads were stopped: 0.0048965 seconds, Stopping threads took: 0.0000201 seconds
26.397: [GC (Allocation Failure)  974126K->645772K(1034752K), 0.0022716 secs]
26.399: Total time for which application threads were stopped: 0.0024226 seconds, Stopping threads took: 0.0000192 seconds
26.466: [GC (Allocation Failure)  967308K->652662K(1034752K), 0.0048749 secs]
26.471: Total time for which application threads were stopped: 0.0050437 seconds, Stopping threads took: 0.0000191 seconds
26.538: [GC (Allocation Failure)  974198K->656742K(1034752K), 0.0060271 secs]
26.544: Total time for which application threads were stopped: 0.0061844 seconds, Stopping threads took: 0.0000199 seconds
26.610: [GC (Allocation Failure)  978278K->651204K(1034752K), 0.0029064 secs]
26.613: Total time for which application threads were stopped: 0.0030768 seconds, Stopping threads took: 0.0000274 seconds
26.681: [GC (Allocation Failure)  972740K->656974K(1034752K), 0.0080652 secs]
26.689: Total time for which application threads were stopped: 0.0082508 seconds, Stopping threads took: 0.0000252 seconds
26.757: [GC (Allocation Failure)  978510K->660878K(1034752K), 0.0053606 secs]
26.762: Total time for which application threads were stopped: 0.0055163 seconds, Stopping threads took: 0.0000200 seconds
26.829: [GC (Allocation Failure)  983367K->656940K(1035264K), 0.0058743 secs]
26.835: Total time for which application threads were stopped: 0.0060420 seconds, Stopping threads took: 0.0000198 seconds
26.903: [GC (Allocation Failure)  979500K->661038K(1036288K), 0.0054045 secs]
26.909: Total time for which application threads were stopped: 0.0055706 seconds, Stopping threads took: 0.0000198 seconds
26.977: [GC (Allocation Failure)  985134K->665006K(1035776K), 0.0047914 secs]
26.982: Total time for which application threads were stopped: 0.0049765 seconds, Stopping threads took: 0.0000216 seconds
27.051: [GC (Allocation Failure)  989102K->665006K(1035776K), 0.0048222 secs]
27.055: Total time for which application threads were stopped: 0.0049852 seconds, Stopping threads took: 0.0000197 seconds
27.124: [GC (Allocation Failure)  988590K->665070K(1023488K), 0.0058690 secs]
27.130: Total time for which application threads were stopped: 0.0060686 seconds, Stopping threads took: 0.0000270 seconds
27.199: [GC (Allocation Failure)  988654K->673040K(1035264K), 0.0051930 secs]
27.204: Total time for which application threads were stopped: 0.0053403 seconds, Stopping threads took: 0.0000170 seconds
27.272: [GC (Allocation Failure)  995600K->673072K(1030144K), 0.0047441 secs]
27.277: Total time for which application threads were stopped: 0.0049162 seconds, Stopping threads took: 0.0000207 seconds
27.345: [GC (Allocation Failure)  995632K->673096K(1034752K), 0.0057821 secs]
27.351: Total time for which application threads were stopped: 0.0059495 seconds, Stopping threads took: 0.0000200 seconds
27.420: [GC (Allocation Failure)  994632K->681067K(1034752K), 0.0052100 secs]
27.425: Total time for which application threads were stopped: 0.0053702 seconds, Stopping threads took: 0.0000195 seconds
27.493: [GC (Allocation Failure)  1002603K->681067K(1033728K), 0.0047652 secs]
27.498: Total time for which application threads were stopped: 0.0049430 seconds, Stopping threads took: 0.0000205 seconds
27.566: [GC (Allocation Failure)  1001579K->681323K(1034240K), 0.0056766 secs]
27.572: Total time for which application threads were stopped: 0.0058312 seconds, Stopping threads took: 0.0000264 seconds
27.641: [GC (Allocation Failure)  1001835K->689101K(1034240K), 0.0048115 secs]
27.646: Total time for which application threads were stopped: 0.0049771 seconds, Stopping threads took: 0.0000260 seconds
27.715: [GC (Allocation Failure)  1009613K->689101K(1034240K), 0.0049231 secs]
27.720: Total time for which application threads were stopped: 0.0050944 seconds, Stopping threads took: 0.0000201 seconds
27.788: [GC (Allocation Failure)  1009613K->689549K(1033216K), 0.0058781 secs]
27.794: [Full GC (Ergonomics)  689549K->8911K(1033216K), 0.0165975 secs]
27.810: Total time for which application threads were stopped: 0.0227542 seconds, Stopping threads took: 0.0000209 seconds
27.880: [GC (Allocation Failure)  328399K->17618K(1033728K), 0.0037445 secs]
27.883: Total time for which application threads were stopped: 0.0038975 seconds, Stopping threads took: 0.0000164 seconds
27.953: [GC (Allocation Failure)  337106K->17650K(1033728K), 0.0037041 secs]
27.957: Total time for which application threads were stopped: 0.0038620 seconds, Stopping threads took: 0.0000201 seconds
28.022: [GC (Allocation Failure)  337138K->17738K(1033728K), 0.0036080 secs]
28.026: Total time for which application threads were stopped: 0.0037793 seconds, Stopping threads took: 0.0000205 seconds
28.094: [GC (Allocation Failure)  337226K->25644K(1032704K), 0.0034667 secs]
28.098: Total time for which application threads were stopped: 0.0036437 seconds, Stopping threads took: 0.0000265 seconds
28.165: [GC (Allocation Failure)  344108K->25644K(1033216K), 0.0034843 secs]
28.169: Total time for which application threads were stopped: 0.0036297 seconds, Stopping threads took: 0.0000162 seconds
28.236: [GC (Allocation Failure)  344108K->25708K(1033216K), 0.0037926 secs]
28.240: Total time for which application threads were stopped: 0.0039620 seconds, Stopping threads took: 0.0000200 seconds
28.307: [GC (Allocation Failure)  344172K->33678K(1033216K), 0.0037848 secs]
28.311: Total time for which application threads were stopped: 0.0039542 seconds, Stopping threads took: 0.0000204 seconds
28.378: [GC (Allocation Failure)  352142K->26092K(1033216K), 0.0006822 secs]
28.379: Total time for which application threads were stopped: 0.0008169 seconds, Stopping threads took: 0.0000253 seconds
28.449: [GC (Allocation Failure)  344556K->33934K(1033216K), 0.0039002 secs]
28.453: Total time for which application threads were stopped: 0.0040751 seconds, Stopping threads took: 0.0000202 seconds
28.518: [GC (Allocation Failure)  352398K->37798K(1033216K), 0.0051485 secs]
28.524: Total time for which application threads were stopped: 0.0053189 seconds, Stopping threads took: 0.0000202 seconds
28.589: [GC (Allocation Failure)  356262K->38596K(1033216K), 0.0040941 secs]
28.593: Total time for which application threads were stopped: 0.0042603 seconds, Stopping threads took: 0.0000263 seconds
28.661: [GC (Allocation Failure)  357060K->38022K(1033216K), 0.0039131 secs]
28.665: Total time for which application threads were stopped: 0.0040695 seconds, Stopping threads took: 0.0000199 seconds
28.733: [GC (Allocation Failure)  356486K->37830K(1033216K), 0.0036023 secs]
28.737: Total time for which application threads were stopped: 0.0037716 seconds, Stopping threads took: 0.0000202 seconds
28.802: [GC (Allocation Failure)  356294K->30628K(1033216K), 0.0008806 secs]
28.803: Total time for which application threads were stopped: 0.0010001 seconds, Stopping threads took: 0.0000198 seconds
28.870: [GC (Allocation Failure)  349092K->37926K(1033216K), 0.0040064 secs]
28.874: Total time for which application threads were stopped: 0.0041555 seconds, Stopping threads took: 0.0000169 seconds
28.941: [GC (Allocation Failure)  356390K->37862K(1033216K), 0.0037731 secs]
28.945: Total time for which application threads were stopped: 0.0039407 seconds, Stopping threads took: 0.0000220 seconds
29.012: [GC (Allocation Failure)  356326K->38894K(1033216K), 0.0039814 secs]
29.016: Total time for which application threads were stopped: 0.0041560 seconds, Stopping threads took: 0.0000252 seconds
29.082: [GC (Allocation Failure)  357358K->45968K(1033216K), 0.0037298 secs]
29.085: Total time for which application threads were stopped: 0.0039146 seconds, Stopping threads took: 0.0000199 seconds
29.153: [GC (Allocation Failure)  364432K->45872K(1033216K), 0.0039648 secs]
29.157: Total time for which application threads were stopped: 0.0041260 seconds, Stopping threads took: 0.0000198 seconds
29.222: [GC (Allocation Failure)  364336K->47080K(1033728K), 0.0037862 secs]
29.225: Total time for which application threads were stopped: 0.0039544 seconds, Stopping threads took: 0.0000278 seconds
29.293: [GC (Allocation Failure)  366568K->53899K(1033728K), 0.0036754 secs]
29.297: Total time for which application threads were stopped: 0.0038277 seconds, Stopping threads took: 0.0000274 seconds
29.363: [GC (Allocation Failure)  373387K->53899K(1033728K), 0.0038328 secs]
29.367: Total time for which application threads were stopped: 0.0040058 seconds, Stopping threads took: 0.0000201 seconds
29.434: [GC (Allocation Failure)  373387K->54347K(1033728K), 0.0036999 secs]
29.437: Total time for which application threads were stopped: 0.0038738 seconds, Stopping threads took: 0.0000277 seconds
29.503: [GC (Allocation Failure)  373835K->61965K(1033728K), 0.0039814 secs]
29.507: Total time for which application threads were stopped: 0.0041477 seconds, Stopping threads took: 0.0000201 seconds
29.576: [GC (Allocation Failure)  381453K->61965K(1033728K), 0.0036920 secs]
29.579: Total time for which application threads were stopped: 0.0038514 seconds, Stopping threads took: 0.0000189 seconds
29.646: [GC (Allocation Failure)  381453K->65645K(1034240K), 0.0046660 secs]
29.651: Total time for which application threads were stopped: 0.0048406 seconds, Stopping threads took: 0.0000266 seconds
29.720: [GC (Allocation Failure)  385645K->69967K(1033728K), 0.0038556 secs]
29.724: Total time for which application threads were stopped: 0.0040236 seconds, Stopping threads took: 0.0000201 seconds
29.792: [GC (Allocation Failure)  389967K->69999K(1034240K), 0.0037223 secs]
29.796: Total time for which application threads were stopped: 0.0038859 seconds, Stopping threads took: 0.0000204 seconds
29.864: [GC (Allocation Failure)  390511K->70791K(1034240K), 0.0038332 secs]
29.867: Total time for which application threads were stopped: 0.0040028 seconds, Stopping threads took: 0.0000201 seconds
29.936: [GC (Allocation Failure)  391303K->78089K(1033216K), 0.0038562 secs]
29.940: Total time for which application threads were stopped: 0.0040484 seconds, Stopping threads took: 0.0000205 seconds
30.009: [GC (Allocation Failure)  397577K->77961K(1033728K), 0.0037977 secs]
30.013: Total time for which application threads were stopped: 0.0039934 seconds, Stopping threads took: 0.0000201 seconds
30.081: [GC (Allocation Failure)  397449K->79017K(1033216K), 0.0039918 secs]
30.085: Total time for which application threads were stopped: 0.0041626 seconds, Stopping threads took: 0.0000279 seconds
30.151: [GC (Allocation Failure)  398505K->86092K(1033728K), 0.0040743 secs]
30.155: Total time for which application threads were stopped: 0.0042453 seconds, Stopping threads took: 0.0000205 seconds
30.224: [GC (Allocation Failure)  405580K->86028K(1033728K), 0.0037723 secs]
30.228: Total time for which application threads were stopped: 0.0039441 seconds, Stopping threads took: 0.0000204 seconds
30.293: [GC (Allocation Failure)  405516K->86188K(1033728K), 0.0080768 secs]
30.301: Total time for which application threads were stopped: 0.0082406 seconds, Stopping threads took: 0.0000213 seconds
30.370: [GC (Allocation Failure)  405676K->94094K(1033728K), 0.0039521 secs]
30.374: Total time for which application threads were stopped: 0.0041442 seconds, Stopping threads took: 0.0000198 seconds
30.444: [GC (Allocation Failure)  413582K->94030K(1033728K), 0.0038654 secs]
30.448: Total time for which application threads were stopped: 0.0040252 seconds, Stopping threads took: 0.0000199 seconds
30.512: [GC (Allocation Failure)  413518K->94470K(1033728K), 0.0041043 secs]
30.517: Total time for which application threads were stopped: 0.0042822 seconds, Stopping threads took: 0.0000197 seconds
30.584: [GC (Allocation Failure)  413958K->102152K(1033728K), 0.0037057 secs]
30.588: Total time for which application threads were stopped: 0.0038827 seconds, Stopping threads took: 0.0000198 seconds
30.655: [GC (Allocation Failure)  421640K->102120K(1033728K), 0.0036746 secs]
30.659: Total time for which application threads were stopped: 0.0038353 seconds, Stopping threads took: 0.0000209 seconds
30.725: [GC (Allocation Failure)  421608K->102696K(1033728K), 0.0039830 secs]
30.729: Total time for which application threads were stopped: 0.0041734 seconds, Stopping threads took: 0.0000196 seconds
30.798: [GC (Allocation Failure)  422184K->110186K(1033728K), 0.0038568 secs]
30.802: Total time for which application threads were stopped: 0.0040132 seconds, Stopping threads took: 0.0000181 seconds
30.869: [GC (Allocation Failure)  429674K->110122K(1033728K), 0.0039893 secs]
30.873: Total time for which application threads were stopped: 0.0041591 seconds, Stopping threads took: 0.0000197 seconds
30.938: [GC (Allocation Failure)  429610K->111914K(1033728K), 0.0040997 secs]
30.942: Total time for which application threads were stopped: 0.0043013 seconds, Stopping threads took: 0.0000199 seconds
31.010: [GC (Allocation Failure)  431402K->118189K(1033728K), 0.0040320 secs]
31.015: Total time for which application threads were stopped: 0.0041833 seconds, Stopping threads took: 0.0000177 seconds
31.083: [GC (Allocation Failure)  437677K->118157K(1033728K), 0.0037775 secs]
31.087: Total time for which application threads were stopped: 0.0039595 seconds, Stopping threads took: 0.0000278 seconds
31.153: [GC (Allocation Failure)  437645K->119141K(1033728K), 0.0038955 secs]
31.157: Total time for which application threads were stopped: 0.0040735 seconds, Stopping threads took: 0.0000168 seconds
31.224: [GC (Allocation Failure)  438629K->126247K(1033728K), 0.0041745 secs]
31.229: Total time for which application threads were stopped: 0.0043357 seconds, Stopping threads took: 0.0000200 seconds
31.296: [GC (Allocation Failure)  445735K->126183K(1033728K), 0.0040677 secs]
31.300: Total time for which application threads were stopped: 0.0042287 seconds, Stopping threads took: 0.0000198 seconds
31.365: [GC (Allocation Failure)  445671K->126343K(1033728K), 0.0040284 secs]
31.369: Total time for which application threads were stopped: 0.0041946 seconds, Stopping threads took: 0.0000195 seconds
31.437: [GC (Allocation Failure)  445831K->134313K(1033728K), 0.0041771 secs]
31.441: Total time for which application threads were stopped: 0.0043394 seconds, Stopping threads took: 0.0000206 seconds
31.511: [GC (Allocation Failure)  453801K->134217K(1033728K), 0.0038526 secs]
31.515: Total time for which application threads were stopped: 0.0040290 seconds, Stopping threads took: 0.0000217 seconds
31.580: [GC (Allocation Failure)  453705K->134569K(1033728K), 0.0040426 secs]
31.584: Total time for which application threads were stopped: 0.0042096 seconds, Stopping threads took: 0.0000262 seconds
31.652: [GC (Allocation Failure)  454057K->142316K(1032704K), 0.0038661 secs]
31.656: Total time for which application threads were stopped: 0.0040377 seconds, Stopping threads took: 0.0000205 seconds
31.724: [GC (Allocation Failure)  460780K->142252K(1033216K), 0.0038566 secs]
31.728: Total time for which application threads were stopped: 0.0040094 seconds, Stopping threads took: 0.0000175 seconds
31.793: [GC (Allocation Failure)  460716K->142796K(1033216K), 0.0041224 secs]
31.797: Total time for which application threads were stopped: 0.0042913 seconds, Stopping threads took: 0.0000201 seconds
31.864: [GC (Allocation Failure)  461260K->150318K(1033216K), 0.0038545 secs]
31.868: Total time for which application threads were stopped: 0.0040146 seconds, Stopping threads took: 0.0000199 seconds
31.934: [GC (Allocation Failure)  468782K->150286K(1033216K), 0.0040784 secs]
31.938: Total time for which application threads were stopped: 0.0042344 seconds, Stopping threads took: 0.0000191 seconds
32.002: [GC (Allocation Failure)  468750K->151054K(1033216K), 0.0047287 secs]
32.007: Total time for which application threads were stopped: 0.0048892 seconds, Stopping threads took: 0.0000195 seconds
32.076: [GC (Allocation Failure)  469518K->158352K(1033216K), 0.0040538 secs]
32.080: Total time for which application threads were stopped: 0.0042123 seconds, Stopping threads took: 0.0000258 seconds
32.147: [GC (Allocation Failure)  476816K->158320K(1033216K), 0.0039859 secs]
32.151: Total time for which application threads were stopped: 0.0041447 seconds, Stopping threads took: 0.0000198 seconds
32.216: [GC (Allocation Failure)  476784K->159272K(1033728K), 0.0040513 secs]
32.220: Total time for which application threads were stopped: 0.0042098 seconds, Stopping threads took: 0.0000188 seconds
32.289: [GC (Allocation Failure)  478248K->166378K(1033216K), 0.0039626 secs]
32.293: Total time for which application threads were stopped: 0.0041199 seconds, Stopping threads took: 0.0000199 seconds
32.360: [GC (Allocation Failure)  485354K->166346K(1033216K), 0.0039324 secs]
32.364: Total time for which application threads were stopped: 0.0040908 seconds, Stopping threads took: 0.0000195 seconds
32.429: [GC (Allocation Failure)  484810K->166506K(1033216K), 0.0040114 secs]
32.433: Total time for which application threads were stopped: 0.0041708 seconds, Stopping threads took: 0.0000206 seconds
32.499: [GC (Allocation Failure)  484970K->174381K(1033216K), 0.0040746 secs]
32.503: Total time for which application threads were stopped: 0.0042692 seconds, Stopping threads took: 0.0000203 seconds
32.567: [GC (Allocation Failure)  492845K->174381K(1033216K), 0.0039500 secs]
32.571: Total time for which application threads were stopped: 0.0041145 seconds, Stopping threads took: 0.0000300 seconds
32.633: [GC (Allocation Failure)  492845K->174733K(1033216K), 0.0040193 secs]
32.638: Total time for which application threads were stopped: 0.0041553 seconds, Stopping threads took: 0.0000193 seconds
32.705: [GC (Allocation Failure)  493197K->182415K(1033216K), 0.0042130 secs]
32.710: Total time for which application threads were stopped: 0.0043830 seconds, Stopping threads took: 0.0000204 seconds
32.777: [GC (Allocation Failure)  500879K->182415K(1033216K), 0.0042783 secs]
32.782: Total time for which application threads were stopped: 0.0044571 seconds, Stopping threads took: 0.0000206 seconds
32.847: [GC (Allocation Failure)  500879K->182951K(1033216K), 0.0041250 secs]
32.851: Total time for which application threads were stopped: 0.0042870 seconds, Stopping threads took: 0.0000199 seconds
32.918: [GC (Allocation Failure)  501415K->190473K(1033216K), 0.0040658 secs]
32.922: Total time for which application threads were stopped: 0.0042319 seconds, Stopping threads took: 0.0000203 seconds
32.989: [GC (Allocation Failure)  508937K->190441K(1033216K), 0.0041364 secs]
32.993: Total time for which application threads were stopped: 0.0043242 seconds, Stopping threads took: 0.0000227 seconds
33.060: [GC (Allocation Failure)  508905K->190697K(1033216K), 0.0040713 secs]
33.064: Total time for which application threads were stopped: 0.0042607 seconds, Stopping threads took: 0.0000202 seconds
33.131: [GC (Allocation Failure)  509161K->198475K(1033216K), 0.0042385 secs]
33.135: Total time for which application threads were stopped: 0.0044060 seconds, Stopping threads took: 0.0000197 seconds
33.201: [GC (Allocation Failure)  516939K->198475K(1033216K), 0.0040381 secs]
33.205: Total time for which application threads were stopped: 0.0041974 seconds, Stopping threads took: 0.0000200 seconds
33.271: [GC (Allocation Failure)  516939K->198539K(1033216K), 0.0040926 secs]
33.275: Total time for which application threads were stopped: 0.0042642 seconds, Stopping threads took: 0.0000199 seconds
33.344: [GC (Allocation Failure)  517003K->206542K(1033216K), 0.0041342 secs]
33.349: Total time for which application threads were stopped: 0.0043113 seconds, Stopping threads took: 0.0000202 seconds
33.414: [GC (Allocation Failure)  525006K->206510K(1033216K), 0.0041575 secs]
33.418: Total time for which application threads were stopped: 0.0043327 seconds, Stopping threads took: 0.0000360 seconds
33.483: [GC (Allocation Failure)  524974K->206638K(1033216K), 0.0039515 secs]
33.487: Total time for which application threads were stopped: 0.0041437 seconds, Stopping threads took: 0.0000195 seconds
33.555: [GC (Allocation Failure)  525102K->214544K(1033216K), 0.0042916 secs]
33.560: Total time for which application threads were stopped: 0.0044484 seconds, Stopping threads took: 0.0000171 seconds
33.629: [GC (Allocation Failure)  533008K->209294K(1033728K), 0.0019709 secs]
33.631: Total time for which application threads were stopped: 0.0021300 seconds, Stopping threads took: 0.0000257 seconds
33.700: [GC (Allocation Failure)  528270K->214608K(1033216K), 0.0040950 secs]
33.704: Total time for which application threads were stopped: 0.0042457 seconds, Stopping threads took: 0.0000172 seconds
33.771: [GC (Allocation Failure)  533584K->218720K(1033728K), 0.0044054 secs]
33.776: Total time for which application threads were stopped: 0.0045868 seconds, Stopping threads took: 0.0000204 seconds
33.845: [GC (Allocation Failure)  539232K->224926K(1034240K), 0.0067077 secs]
33.852: Total time for which application threads were stopped: 0.0068698 seconds, Stopping threads took: 0.0000197 seconds
33.921: [GC (Allocation Failure)  545438K->218944K(1030144K), 0.0042910 secs]
33.925: Total time for which application threads were stopped: 0.0044870 seconds, Stopping threads took: 0.0000221 seconds
33.993: [GC (Allocation Failure)  535360K->218720K(1032192K), 0.0040988 secs]
33.998: Total time for which application threads were stopped: 0.0042645 seconds, Stopping threads took: 0.0000256 seconds
34.063: [GC (Allocation Failure)  535136K->214846K(1033216K), 0.0026569 secs]
34.066: Total time for which application threads were stopped: 0.0028719 seconds, Stopping threads took: 0.0000198 seconds
34.135: [GC (Allocation Failure)  532798K->218880K(1032704K), 0.0042085 secs]
34.139: Total time for which application threads were stopped: 0.0043794 seconds, Stopping threads took: 0.0000198 seconds
34.207: [GC (Allocation Failure)  536832K->218720K(1033728K), 0.0041026 secs]
34.211: Total time for which application threads were stopped: 0.0042719 seconds, Stopping threads took: 0.0000217 seconds
34.276: [GC (Allocation Failure)  537696K->222600K(1033216K), 0.0049156 secs]
34.281: Total time for which application threads were stopped: 0.0051074 seconds, Stopping threads took: 0.0000202 seconds
34.350: [GC (Allocation Failure)  541576K->226890K(1034240K), 0.0039671 secs]
34.354: Total time for which application threads were stopped: 0.0041410 seconds, Stopping threads took: 0.0000205 seconds
34.421: [GC (Allocation Failure)  546890K->226730K(1033728K), 0.0042327 secs]
34.426: Total time for which application threads were stopped: 0.0043893 seconds, Stopping threads took: 0.0000190 seconds
34.490: [GC (Allocation Failure)  546730K->230346K(1034240K), 0.0047762 secs]
34.495: Total time for which application threads were stopped: 0.0049328 seconds, Stopping threads took: 0.0000203 seconds
34.564: [GC (Allocation Failure)  550858K->234828K(1034240K), 0.0044257 secs]
34.569: Total time for which application threads were stopped: 0.0045815 seconds, Stopping threads took: 0.0000177 seconds
34.639: [GC (Allocation Failure)  555340K->234796K(1034752K), 0.0038043 secs]
34.642: Total time for which application threads were stopped: 0.0039687 seconds, Stopping threads took: 0.0000190 seconds
34.709: [GC (Allocation Failure)  556332K->237540K(1034752K), 0.0047831 secs]
34.714: Total time for which application threads were stopped: 0.0049417 seconds, Stopping threads took: 0.0000194 seconds
34.784: [GC (Allocation Failure)  559076K->242791K(1034752K), 0.0040496 secs]
34.788: Total time for which application threads were stopped: 0.0042119 seconds, Stopping threads took: 0.0000198 seconds
34.856: [GC (Allocation Failure)  564327K->242791K(1034752K), 0.0041810 secs]
34.860: Total time for which application threads were stopped: 0.0043550 seconds, Stopping threads took: 0.0000199 seconds
34.926: [GC (Allocation Failure)  564327K->246791K(1035264K), 0.0051286 secs]
34.931: Total time for which application threads were stopped: 0.0053013 seconds, Stopping threads took: 0.0000198 seconds
35.000: [GC (Allocation Failure)  569351K->250825K(1035264K), 0.0042808 secs]
35.004: Total time for which application threads were stopped: 0.0044766 seconds, Stopping threads took: 0.0000210 seconds
35.075: [GC (Allocation Failure)  573385K->250857K(1035264K), 0.0041608 secs]
35.079: Total time for which application threads were stopped: 0.0043015 seconds, Stopping threads took: 0.0000168 seconds
35.147: [GC (Allocation Failure)  573417K->250953K(1022464K), 0.0042690 secs]
35.151: Total time for which application threads were stopped: 0.0044365 seconds, Stopping threads took: 0.0000194 seconds
35.220: [GC (Allocation Failure)  573513K->259051K(1034752K), 0.0042205 secs]
35.224: Total time for which application threads were stopped: 0.0043778 seconds, Stopping threads took: 0.0000188 seconds
35.292: [GC (Allocation Failure)  580587K->258859K(1034752K), 0.0047619 secs]
35.297: Total time for which application threads were stopped: 0.0049191 seconds, Stopping threads took: 0.0000198 seconds
35.363: [GC (Allocation Failure)  580395K->261227K(1034752K), 0.0045859 secs]
35.368: Total time for which application threads were stopped: 0.0047560 seconds, Stopping threads took: 0.0000205 seconds
35.437: [GC (Allocation Failure)  582763K->266958K(1034752K), 0.0042628 secs]
35.441: Total time for which application threads were stopped: 0.0044757 seconds, Stopping threads took: 0.0000524 seconds
35.508: [GC (Allocation Failure)  588494K->266894K(1034752K), 0.0042544 secs]
35.513: Total time for which application threads were stopped: 0.0044310 seconds, Stopping threads took: 0.0000196 seconds
35.580: [GC (Allocation Failure)  588430K->270470K(1034752K), 0.0051142 secs]
35.585: Total time for which application threads were stopped: 0.0053102 seconds, Stopping threads took: 0.0000265 seconds
35.652: [GC (Allocation Failure)  592006K->274984K(1035264K), 0.0041272 secs]
35.656: Total time for which application threads were stopped: 0.0042846 seconds, Stopping threads took: 0.0000254 seconds
35.726: [GC (Allocation Failure)  597544K->274920K(1035264K), 0.0040201 secs]
35.730: Total time for which application threads were stopped: 0.0042152 seconds, Stopping threads took: 0.0000199 seconds
35.800: [GC (Allocation Failure)  597480K->269638K(1035264K), 0.0020073 secs]
35.802: Total time for which application threads were stopped: 0.0021601 seconds, Stopping threads took: 0.0000277 seconds
35.870: [GC (Allocation Failure)  592198K->275176K(1035264K), 0.0041382 secs]
35.875: Total time for which application threads were stopped: 0.0043150 seconds, Stopping threads took: 0.0000197 seconds
35.942: [GC (Allocation Failure)  597736K->274888K(1035264K), 0.0042989 secs]
35.947: Total time for which application threads were stopped: 0.0044656 seconds, Stopping threads took: 0.0000198 seconds
36.014: [GC (Allocation Failure)  597448K->273958K(1035264K), 0.0038849 secs]
36.018: Total time for which application threads were stopped: 0.0040506 seconds, Stopping threads took: 0.0000195 seconds
36.085: [GC (Allocation Failure)  596518K->275112K(1035776K), 0.0042896 secs]
36.089: Total time for which application threads were stopped: 0.0044570 seconds, Stopping threads took: 0.0000258 seconds
36.157: [GC (Allocation Failure)  598696K->274952K(1035776K), 0.0039691 secs]
36.161: Total time for which application threads were stopped: 0.0041177 seconds, Stopping threads took: 0.0000209 seconds
36.232: [GC (Allocation Failure)  598536K->280262K(1031680K), 0.0066332 secs]
36.239: Total time for which application threads were stopped: 0.0067917 seconds, Stopping threads took: 0.0000172 seconds
36.306: [GC (Allocation Failure)  599750K->275624K(1033728K), 0.0042136 secs]
36.311: Total time for which application threads were stopped: 0.0043848 seconds, Stopping threads took: 0.0000202 seconds
36.379: [GC (Allocation Failure)  595112K->275496K(1034752K), 0.0041252 secs]
36.383: Total time for which application threads were stopped: 0.0042998 seconds, Stopping threads took: 0.0000284 seconds
36.451: [GC (Allocation Failure)  596520K->277542K(1034240K), 0.0050683 secs]
36.456: Total time for which application threads were stopped: 0.0052261 seconds, Stopping threads took: 0.0000189 seconds
36.526: [GC (Allocation Failure)  598566K->275592K(1035264K), 0.0044313 secs]
36.530: Total time for which application threads were stopped: 0.0046025 seconds, Stopping threads took: 0.0000204 seconds
36.600: [GC (Allocation Failure)  597640K->275528K(1034752K), 0.0043104 secs]
36.604: Total time for which application threads were stopped: 0.0044760 seconds, Stopping threads took: 0.0000262 seconds
36.672: [GC (Allocation Failure)  597576K->279270K(1034240K), 0.0074271 secs]
36.680: Total time for which application threads were stopped: 0.0076242 seconds, Stopping threads took: 0.0000182 seconds
36.746: [GC (Allocation Failure)  600806K->275560K(1034752K), 0.0042939 secs]
36.751: Total time for which application threads were stopped: 0.0044506 seconds, Stopping threads took: 0.0000195 seconds
36.819: [GC (Allocation Failure)  597096K->275528K(1035776K), 0.0041927 secs]
36.823: Total time for which application threads were stopped: 0.0043542 seconds, Stopping threads took: 0.0000195 seconds
36.889: [GC (Allocation Failure)  598600K->281982K(1035264K), 0.0073620 secs]
36.896: Total time for which application threads were stopped: 0.0075170 seconds, Stopping threads took: 0.0000194 seconds
36.965: [GC (Allocation Failure)  605054K->277504K(1033216K), 0.0042426 secs]
36.969: Total time for which application threads were stopped: 0.0044114 seconds, Stopping threads took: 0.0000195 seconds
37.036: [GC (Allocation Failure)  598016K->277280K(1034240K), 0.0042470 secs]
37.040: Total time for which application threads were stopped: 0.0044029 seconds, Stopping threads took: 0.0000199 seconds
37.108: [GC (Allocation Failure)  597792K->284406K(1030656K), 0.0095062 secs]
37.117: Total time for which application threads were stopped: 0.0096759 seconds, Stopping threads took: 0.0000193 seconds
37.184: [GC (Allocation Failure)  601846K->278840K(1032704K), 0.0042530 secs]
37.188: Total time for which application threads were stopped: 0.0044208 seconds, Stopping threads took: 0.0000191 seconds
37.256: [GC (Allocation Failure)  596280K->278648K(1033216K), 0.0039309 secs]
37.260: Total time for which application threads were stopped: 0.0040904 seconds, Stopping threads took: 0.0000198 seconds
37.324: [GC (Allocation Failure)  597112K->275830K(1033216K), 0.0030653 secs]
37.327: Total time for which application threads were stopped: 0.0032331 seconds, Stopping threads took: 0.0000188 seconds
37.395: [GC (Allocation Failure)  594294K->278808K(1033728K), 0.0043039 secs]
37.400: Total time for which application threads were stopped: 0.0044777 seconds, Stopping threads took: 0.0000206 seconds
37.466: [GC (Allocation Failure)  597784K->278648K(1033216K), 0.0042910 secs]
37.471: Total time for which application threads were stopped: 0.0044713 seconds, Stopping threads took: 0.0000209 seconds
37.537: [GC (Allocation Failure)  597624K->280928K(1033216K), 0.0045512 secs]
37.542: Total time for which application threads were stopped: 0.0047119 seconds, Stopping threads took: 0.0000175 seconds
37.611: [GC (Allocation Failure)  600416K->286722K(1033728K), 0.0041474 secs]
37.615: Total time for which application threads were stopped: 0.0043232 seconds, Stopping threads took: 0.0000250 seconds
37.684: [GC (Allocation Failure)  606210K->286722K(1034752K), 0.0047605 secs]
37.689: Total time for which application threads were stopped: 0.0049002 seconds, Stopping threads took: 0.0000175 seconds
37.757: [GC (Allocation Failure)  607746K->289674K(1034240K), 0.0047732 secs]
37.762: Total time for which application threads were stopped: 0.0049434 seconds, Stopping threads took: 0.0000204 seconds
37.831: [GC (Allocation Failure)  610698K->294732K(1035264K), 0.0041109 secs]
37.835: Total time for which application threads were stopped: 0.0042743 seconds, Stopping threads took: 0.0000214 seconds
37.903: [GC (Allocation Failure)  616780K->294732K(1034752K), 0.0042270 secs]
37.907: Total time for which application threads were stopped: 0.0043835 seconds, Stopping threads took: 0.0000195 seconds
37.973: [GC (Allocation Failure)  616780K->295340K(1034240K), 0.0042864 secs]
37.978: Total time for which application threads were stopped: 0.0044547 seconds, Stopping threads took: 0.0000193 seconds
38.045: [GC (Allocation Failure)  616876K->302895K(1034752K), 0.0043067 secs]
38.049: Total time for which application threads were stopped: 0.0045000 seconds, Stopping threads took: 0.0000201 seconds
38.119: [GC (Allocation Failure)  624431K->302767K(1035264K), 0.0042645 secs]
38.124: Total time for which application threads were stopped: 0.0044320 seconds, Stopping threads took: 0.0000265 seconds
38.190: [GC (Allocation Failure)  624815K->305127K(1034752K), 0.0046923 secs]
38.195: Total time for which application threads were stopped: 0.0048647 seconds, Stopping threads took: 0.0000264 seconds
38.265: [GC (Allocation Failure)  627175K->310889K(1035264K), 0.0052397 secs]
38.271: Total time for which application threads were stopped: 0.0054135 seconds, Stopping threads took: 0.0000208 seconds
38.339: [GC (Allocation Failure)  633449K->310793K(1035264K), 0.0043319 secs]
38.343: Total time for which application threads were stopped: 0.0045224 seconds, Stopping threads took: 0.0000219 seconds
38.411: [GC (Allocation Failure)  633353K->304775K(1035264K), 0.0019156 secs]
38.413: Total time for which application threads were stopped: 0.0020612 seconds, Stopping threads took: 0.0000197 seconds
38.482: [GC (Allocation Failure)  627335K->310825K(1035264K), 0.0041772 secs]
38.486: Total time for which application threads were stopped: 0.0043841 seconds, Stopping threads took: 0.0000204 seconds
38.554: [GC (Allocation Failure)  633385K->310761K(1035264K), 0.0042680 secs]
38.559: Total time for which application threads were stopped: 0.0044310 seconds, Stopping threads took: 0.0000204 seconds
38.627: [GC (Allocation Failure)  633321K->309095K(1035264K), 0.0035666 secs]
38.631: Total time for which application threads were stopped: 0.0037361 seconds, Stopping threads took: 0.0000193 seconds
38.699: [GC (Allocation Failure)  631655K->311049K(1035776K), 0.0042633 secs]
38.704: Total time for which application threads were stopped: 0.0044153 seconds, Stopping threads took: 0.0000174 seconds
38.772: [GC (Allocation Failure)  634633K->310793K(1035776K), 0.0043579 secs]
38.776: Total time for which application threads were stopped: 0.0045203 seconds, Stopping threads took: 0.0000206 seconds
38.844: [GC (Allocation Failure)  634377K->315463K(1032704K), 0.0064301 secs]
38.850: Total time for which application threads were stopped: 0.0065978 seconds, Stopping threads took: 0.0000200 seconds
38.918: [GC (Allocation Failure)  635975K->310985K(1034240K), 0.0041776 secs]
38.922: Total time for which application threads were stopped: 0.0043856 seconds, Stopping threads took: 0.0000203 seconds
38.990: [GC (Allocation Failure)  631497K->310793K(1035264K), 0.0042288 secs]
38.994: Total time for which application threads were stopped: 0.0044332 seconds, Stopping threads took: 0.0000205 seconds
39.062: [GC (Allocation Failure)  632841K->315111K(1034240K), 0.0061302 secs]
39.068: Total time for which application threads were stopped: 0.0062926 seconds, Stopping threads took: 0.0000206 seconds
39.136: [GC (Allocation Failure)  637159K->310953K(1034752K), 0.0041467 secs]
39.140: Total time for which application threads were stopped: 0.0043255 seconds, Stopping threads took: 0.0000287 seconds
39.208: [GC (Allocation Failure)  631977K->310793K(1034240K), 0.0044034 secs]
39.212: Total time for which application threads were stopped: 0.0045667 seconds, Stopping threads took: 0.0000208 seconds
39.279: [GC (Allocation Failure)  631817K->315847K(1032192K), 0.0083810 secs]
39.287: Total time for which application threads were stopped: 0.0085407 seconds, Stopping threads took: 0.0000191 seconds
39.355: [GC (Allocation Failure)  635335K->310921K(1033728K), 0.0042431 secs]
39.359: Total time for which application threads were stopped: 0.0044123 seconds, Stopping threads took: 0.0000199 seconds
39.426: [GC (Allocation Failure)  630409K->310793K(1034752K), 0.0041897 secs]
39.430: Total time for which application threads were stopped: 0.0043513 seconds, Stopping threads took: 0.0000204 seconds
39.497: [GC (Allocation Failure)  631817K->312455K(1034240K), 0.0050420 secs]
39.503: Total time for which application threads were stopped: 0.0052049 seconds, Stopping threads took: 0.0000196 seconds
39.569: [GC (Allocation Failure)  633479K->310857K(1035264K), 0.0040484 secs]
39.574: Total time for which application threads were stopped: 0.0042206 seconds, Stopping threads took: 0.0000199 seconds
39.641: [GC (Allocation Failure)  632905K->310793K(1034752K), 0.0042535 secs]
39.645: Total time for which application threads were stopped: 0.0044250 seconds, Stopping threads took: 0.0000287 seconds
39.712: [GC (Allocation Failure)  632841K->314215K(1033728K), 0.0056511 secs]
39.718: Total time for which application threads were stopped: 0.0058113 seconds, Stopping threads took: 0.0000196 seconds
39.786: [GC (Allocation Failure)  635751K->311017K(1034752K), 0.0044611 secs]
39.790: Total time for which application threads were stopped: 0.0046408 seconds, Stopping threads took: 0.0000192 seconds
39.856: [GC (Allocation Failure)  632553K->310793K(1035776K), 0.0043284 secs]
39.861: Total time for which application threads were stopped: 0.0045110 seconds, Stopping threads took: 0.0000206 seconds
39.926: [GC (Allocation Failure)  633865K->316927K(1035264K), 0.0071377 secs]
39.934: Total time for which application threads were stopped: 0.0072961 seconds, Stopping threads took: 0.0000198 seconds
40.004: [GC (Allocation Failure)  639999K->312385K(1033216K), 0.0045489 secs]
40.009: Total time for which application threads were stopped: 0.0047151 seconds, Stopping threads took: 0.0000199 seconds
40.076: [GC (Allocation Failure)  632897K->312193K(1034240K), 0.0042601 secs]
40.080: Total time for which application threads were stopped: 0.0044373 seconds, Stopping threads took: 0.0000200 seconds
40.148: [GC (Allocation Failure)  632705K->319047K(1030656K), 0.0073426 secs]
40.155: Total time for which application threads were stopped: 0.0075158 seconds, Stopping threads took: 0.0000210 seconds
40.223: [GC (Allocation Failure)  636487K->313417K(1032704K), 0.0043937 secs]
40.227: Total time for which application threads were stopped: 0.0045627 seconds, Stopping threads took: 0.0000199 seconds
40.294: [GC (Allocation Failure)  630857K->313257K(1033728K), 0.0042106 secs]
40.299: Total time for which application threads were stopped: 0.0043902 seconds, Stopping threads took: 0.0000197 seconds
40.367: [GC (Allocation Failure)  632233K->310631K(1033216K), 0.0032390 secs]
40.370: Total time for which application threads were stopped: 0.0033989 seconds, Stopping threads took: 0.0000199 seconds
40.437: [GC (Allocation Failure)  629607K->313353K(1033728K), 0.0042337 secs]
40.442: Total time for which application threads were stopped: 0.0043971 seconds, Stopping threads took: 0.0000202 seconds
40.509: [GC (Allocation Failure)  632329K->313289K(1033216K), 0.0042456 secs]
40.513: Total time for which application threads were stopped: 0.0044132 seconds, Stopping threads took: 0.0000194 seconds
40.580: [GC (Allocation Failure)  632265K->316361K(1033216K), 0.0046749 secs]
40.585: Total time for which application threads were stopped: 0.0048359 seconds, Stopping threads took: 0.0000199 seconds
40.652: [GC (Allocation Failure)  635849K->321355K(1033728K), 0.0040619 secs]
40.656: Total time for which application threads were stopped: 0.0042445 seconds, Stopping threads took: 0.0000278 seconds
40.725: [GC (Allocation Failure)  640843K->321323K(1034752K), 0.0044001 secs]
40.730: Total time for which application threads were stopped: 0.0045835 seconds, Stopping threads took: 0.0000169 seconds
40.798: [GC (Allocation Failure)  642347K->325067K(1034240K), 0.0051798 secs]
40.803: Total time for which application threads were stopped: 0.0053503 seconds, Stopping threads took: 0.0000173 seconds
40.872: [GC (Allocation Failure)  646091K->329389K(1035264K), 0.0042403 secs]
40.877: Total time for which application threads were stopped: 0.0044058 seconds, Stopping threads took: 0.0000203 seconds
40.945: [GC (Allocation Failure)  651437K->329389K(1034752K), 0.0044753 secs]
40.949: Total time for which application threads were stopped: 0.0046452 seconds, Stopping threads took: 0.0000209 seconds
41.017: [GC (Allocation Failure)  651437K->330765K(1034752K), 0.0045301 secs]
41.022: Total time for which application threads were stopped: 0.0047189 seconds, Stopping threads took: 0.0000283 seconds
41.090: [GC (Allocation Failure)  653325K->337552K(1035264K), 0.0041728 secs]
41.094: Total time for which application threads were stopped: 0.0043439 seconds, Stopping threads took: 0.0000269 seconds
41.162: [GC (Allocation Failure)  660112K->337392K(1035776K), 0.0041655 secs]
41.166: Total time for which application threads were stopped: 0.0044884 seconds, Stopping threads took: 0.0000225 seconds
41.236: [GC (Allocation Failure)  660464K->331469K(1035264K), 0.0019449 secs]
41.238: Total time for which application threads were stopped: 0.0020867 seconds, Stopping threads took: 0.0000188 seconds
41.310: [GC (Allocation Failure)  654541K->337520K(1035264K), 0.0044745 secs]
41.315: Total time for which application threads were stopped: 0.0046357 seconds, Stopping threads took: 0.0000197 seconds
41.383: [GC (Allocation Failure)  660080K->337392K(1035264K), 0.0041253 secs]
41.387: Total time for which application threads were stopped: 0.0043116 seconds, Stopping threads took: 0.0000283 seconds
41.455: [GC (Allocation Failure)  659952K->336269K(1036288K), 0.0040690 secs]
41.459: Total time for which application threads were stopped: 0.0042474 seconds, Stopping threads took: 0.0000196 seconds
41.527: [GC (Allocation Failure)  659853K->337456K(1035264K), 0.0044251 secs]
41.532: Total time for which application threads were stopped: 0.0045847 seconds, Stopping threads took: 0.0000189 seconds
41.600: [GC (Allocation Failure)  661040K->337360K(1036288K), 0.0042983 secs]
41.604: Total time for which application threads were stopped: 0.0044652 seconds, Stopping threads took: 0.0000264 seconds
41.672: [GC (Allocation Failure)  661968K->344645K(1036288K), 0.0080075 secs]
41.681: Total time for which application threads were stopped: 0.0081550 seconds, Stopping threads took: 0.0000243 seconds
41.750: [GC (Allocation Failure)  669253K->340424K(1033216K), 0.0043250 secs]
41.754: Total time for which application threads were stopped: 0.0045192 seconds, Stopping threads took: 0.0000196 seconds
41.823: [GC (Allocation Failure)  661960K->340456K(1034752K), 0.0042501 secs]
41.827: Total time for which application threads were stopped: 0.0044154 seconds, Stopping threads took: 0.0000264 seconds
41.893: [GC (Allocation Failure)  661992K->335589K(1034240K), 0.0028068 secs]
41.896: Total time for which application threads were stopped: 0.0029565 seconds, Stopping threads took: 0.0000196 seconds
41.962: [GC (Allocation Failure)  657125K->340664K(1034752K), 0.0044466 secs]
41.966: Total time for which application threads were stopped: 0.0046178 seconds, Stopping threads took: 0.0000205 seconds
42.033: [GC (Allocation Failure)  662200K->344568K(1035264K), 0.0046217 secs]
42.037: Total time for which application threads were stopped: 0.0048173 seconds, Stopping threads took: 0.0000202 seconds
42.106: [GC (Allocation Failure)  666615K->340661K(1034752K), 0.0031064 secs]
42.109: Total time for which application threads were stopped: 0.0032913 seconds, Stopping threads took: 0.0000262 seconds
42.180: [GC (Allocation Failure)  662709K->344688K(1035264K), 0.0043876 secs]
42.184: Total time for which application threads were stopped: 0.0045551 seconds, Stopping threads took: 0.0000202 seconds
42.251: [GC (Allocation Failure)  667248K->348688K(1035264K), 0.0043335 secs]
42.256: Total time for which application threads were stopped: 0.0045059 seconds, Stopping threads took: 0.0000200 seconds
42.322: [GC (Allocation Failure)  670294K->344781K(1035776K), 0.0030803 secs]
42.325: Total time for which application threads were stopped: 0.0032514 seconds, Stopping threads took: 0.0000207 seconds
42.393: [GC (Allocation Failure)  667853K->348848K(1035264K), 0.0045360 secs]
42.398: Total time for which application threads were stopped: 0.0047140 seconds, Stopping threads took: 0.0000222 seconds
42.466: [GC (Allocation Failure)  671920K->352848K(1035776K), 0.0042625 secs]
42.470: Total time for which application threads were stopped: 0.0044242 seconds, Stopping threads took: 0.0000200 seconds
42.539: [GC (Allocation Failure)  676432K->352816K(1035776K), 0.0041227 secs]
42.543: Total time for which application threads were stopped: 0.0042930 seconds, Stopping threads took: 0.0000198 seconds
42.611: [GC (Allocation Failure)  676400K->352872K(1034752K), 0.0042125 secs]
42.615: Total time for which application threads were stopped: 0.0043826 seconds, Stopping threads took: 0.0000261 seconds
42.683: [GC (Allocation Failure)  675432K->360842K(1035264K), 0.0056779 secs]
42.689: Total time for which application threads were stopped: 0.0058390 seconds, Stopping threads took: 0.0000262 seconds
42.757: [GC (Allocation Failure)  683402K->360842K(1035264K), 0.0042047 secs]
42.761: Total time for which application threads were stopped: 0.0043650 seconds, Stopping threads took: 0.0000212 seconds
42.829: [GC (Allocation Failure)  683402K->360874K(1022464K), 0.0045313 secs]
42.834: Total time for which application threads were stopped: 0.0046886 seconds, Stopping threads took: 0.0000173 seconds
42.902: [GC (Allocation Failure)  683434K->368876K(1034752K), 0.0043002 secs]
42.906: Total time for which application threads were stopped: 0.0044952 seconds, Stopping threads took: 0.0000200 seconds
42.976: [GC (Allocation Failure)  690412K->368876K(1034752K), 0.0043974 secs]
42.980: Total time for which application threads were stopped: 0.0045764 seconds, Stopping threads took: 0.0000203 seconds
43.048: [GC (Allocation Failure)  690412K->369124K(1033728K), 0.0047553 secs]
43.053: Total time for which application threads were stopped: 0.0049353 seconds, Stopping threads took: 0.0000228 seconds
43.120: [GC (Allocation Failure)  689636K->376902K(1034240K), 0.0043398 secs]
43.125: Total time for which application threads were stopped: 0.0045082 seconds, Stopping threads took: 0.0000269 seconds
43.193: [GC (Allocation Failure)  697414K->376902K(1034240K), 0.0042833 secs]
43.197: Total time for which application threads were stopped: 0.0044471 seconds, Stopping threads took: 0.0000210 seconds
43.265: [GC (Allocation Failure)  697414K->377350K(1034240K), 0.0061742 secs]
43.271: Total time for which application threads were stopped: 0.0063322 seconds, Stopping threads took: 0.0000193 seconds
43.340: [GC (Allocation Failure)  697862K->384969K(1034240K), 0.0043340 secs]
43.344: Total time for which application threads were stopped: 0.0044951 seconds, Stopping threads took: 0.0000198 seconds
43.414: [GC (Allocation Failure)  705481K->384937K(1034240K), 0.0044232 secs]
43.419: Total time for which application threads were stopped: 0.0046045 seconds, Stopping threads took: 0.0000199 seconds
43.486: [GC (Allocation Failure)  705449K->385065K(1033216K), 0.0044363 secs]
43.490: Total time for which application threads were stopped: 0.0046304 seconds, Stopping threads took: 0.0000204 seconds
43.560: [GC (Allocation Failure)  704553K->392971K(1033728K), 0.0043118 secs]
43.564: Total time for which application threads were stopped: 0.0044635 seconds, Stopping threads took: 0.0000169 seconds
43.633: [GC (Allocation Failure)  712459K->392971K(1033728K), 0.0044073 secs]
43.637: Total time for which application threads were stopped: 0.0045813 seconds, Stopping threads took: 0.0000261 seconds
43.705: [GC (Allocation Failure)  712459K->393035K(1033728K), 0.0045555 secs]
43.710: Total time for which application threads were stopped: 0.0047153 seconds, Stopping threads took: 0.0000200 seconds
43.777: [GC (Allocation Failure)  712523K->401005K(1033728K), 0.0045111 secs]
43.781: Total time for which application threads were stopped: 0.0046798 seconds, Stopping threads took: 0.0000195 seconds
43.845: [GC (Allocation Failure)  720493K->397099K(1033728K), 0.0035170 secs]
43.849: Total time for which application threads were stopped: 0.0036763 seconds, Stopping threads took: 0.0000203 seconds
43.916: [GC (Allocation Failure)  716587K->401165K(1034752K), 0.0045638 secs]
43.921: Total time for which application threads were stopped: 0.0047537 seconds, Stopping threads took: 0.0000207 seconds
43.989: [GC (Allocation Failure)  722189K->405133K(1034240K), 0.0042029 secs]
43.993: Total time for which application threads were stopped: 0.0043725 seconds, Stopping threads took: 0.0000206 seconds
44.060: [GC (Allocation Failure)  726157K->399403K(1034752K), 0.0022301 secs]
44.062: Total time for which application threads were stopped: 0.0023991 seconds, Stopping threads took: 0.0000191 seconds
44.132: [GC (Allocation Failure)  720939K->405205K(1034752K), 0.0045993 secs]
44.137: Total time for which application threads were stopped: 0.0047658 seconds, Stopping threads took: 0.0000196 seconds
44.203: [GC (Allocation Failure)  726741K->409277K(1034752K), 0.0048977 secs]
44.208: Total time for which application threads were stopped: 0.0050670 seconds, Stopping threads took: 0.0000200 seconds
44.276: [GC (Allocation Failure)  731575K->405371K(1035264K), 0.0031864 secs]
44.279: Total time for which application threads were stopped: 0.0033415 seconds, Stopping threads took: 0.0000197 seconds
44.347: [GC (Allocation Failure)  727931K->409437K(1036288K), 0.0046580 secs]
44.351: Total time for which application threads were stopped: 0.0048180 seconds, Stopping threads took: 0.0000195 seconds
44.420: [GC (Allocation Failure)  733533K->413405K(1035776K), 0.0045833 secs]
44.424: Total time for which application threads were stopped: 0.0047588 seconds, Stopping threads took: 0.0000283 seconds
44.491: [GC (Allocation Failure)  737501K->413405K(1035776K), 0.0041854 secs]
44.496: Total time for which application threads were stopped: 0.0043767 seconds, Stopping threads took: 0.0000198 seconds
44.565: [GC (Allocation Failure)  736989K->413477K(1023488K), 0.0045977 secs]
44.570: Total time for which application threads were stopped: 0.0047459 seconds, Stopping threads took: 0.0000170 seconds
44.638: [GC (Allocation Failure)  737061K->421480K(1035264K), 0.0043709 secs]
44.643: Total time for which application threads were stopped: 0.0045548 seconds, Stopping threads took: 0.0000283 seconds
44.714: [GC (Allocation Failure)  744040K->421448K(1030144K), 0.0045536 secs]
44.718: Total time for which application threads were stopped: 0.0047233 seconds, Stopping threads took: 0.0000200 seconds
44.786: [GC (Allocation Failure)  744008K->421512K(1034752K), 0.0044345 secs]
44.790: Total time for which application threads were stopped: 0.0045929 seconds, Stopping threads took: 0.0000199 seconds
44.857: [GC (Allocation Failure)  743048K->429482K(1034752K), 0.0044909 secs]
44.862: Total time for which application threads were stopped: 0.0046532 seconds, Stopping threads took: 0.0000199 seconds
44.934: [GC (Allocation Failure)  751018K->429482K(1033728K), 0.0046742 secs]
44.938: Total time for which application threads were stopped: 0.0048548 seconds, Stopping threads took: 0.0000291 seconds
45.006: [GC (Allocation Failure)  749994K->429738K(1034240K), 0.0046282 secs]
45.011: Total time for which application threads were stopped: 0.0047997 seconds, Stopping threads took: 0.0000207 seconds
45.078: [GC (Allocation Failure)  750250K->437516K(1034240K), 0.0046903 secs]
45.083: Total time for which application threads were stopped: 0.0048854 seconds, Stopping threads took: 0.0000363 seconds
45.152: [GC (Allocation Failure)  758028K->437516K(1034240K), 0.0041895 secs]
45.156: Total time for which application threads were stopped: 0.0043544 seconds, Stopping threads took: 0.0000204 seconds
45.223: [GC (Allocation Failure)  758028K->437964K(1034240K), 0.0046138 secs]
45.228: Total time for which application threads were stopped: 0.0048035 seconds, Stopping threads took: 0.0000195 seconds
45.296: [GC (Allocation Failure)  758476K->445582K(1028096K), 0.0045638 secs]
45.301: Total time for which application threads were stopped: 0.0047327 seconds, Stopping threads took: 0.0000199 seconds
45.367: [GC (Allocation Failure)  766094K->445550K(1033728K), 0.0044445 secs]
45.372: Total time for which application threads were stopped: 0.0045924 seconds, Stopping threads took: 0.0000172 seconds
45.438: [GC (Allocation Failure)  765038K->445670K(1033728K), 0.0045943 secs]
45.443: Total time for which application threads were stopped: 0.0047601 seconds, Stopping threads took: 0.0000213 seconds
45.511: [GC (Allocation Failure)  765158K->453577K(1033728K), 0.0052062 secs]
45.516: Total time for which application threads were stopped: 0.0053661 seconds, Stopping threads took: 0.0000194 seconds
45.585: [GC (Allocation Failure)  773065K->453577K(1033728K), 0.0044577 secs]
45.590: Total time for which application threads were stopped: 0.0046169 seconds, Stopping threads took: 0.0000198 seconds
45.657: [GC (Allocation Failure)  773065K->453641K(1033728K), 0.0045219 secs]
45.662: Total time for which application threads were stopped: 0.0046972 seconds, Stopping threads took: 0.0000273 seconds
45.728: [GC (Allocation Failure)  773129K->461611K(1027072K), 0.0045934 secs]
45.733: Total time for which application threads were stopped: 0.0047666 seconds, Stopping threads took: 0.0000205 seconds
45.798: [GC (Allocation Failure)  781098K->457705K(1034240K), 0.0035174 secs]
45.801: Total time for which application threads were stopped: 0.0036829 seconds, Stopping threads took: 0.0000213 seconds
45.869: [GC (Allocation Failure)  777193K->461771K(1033216K), 0.0046567 secs]
45.874: Total time for which application threads were stopped: 0.0048690 seconds, Stopping threads took: 0.0000210 seconds
45.942: [GC (Allocation Failure)  781259K->465771K(1034752K), 0.0045435 secs]
45.946: Total time for which application threads were stopped: 0.0047093 seconds, Stopping threads took: 0.0000209 seconds
46.013: [GC (Allocation Failure)  787307K->458985K(1034752K), 0.0018432 secs]
46.015: Total time for which application threads were stopped: 0.0019813 seconds, Stopping threads took: 0.0000204 seconds
46.085: [GC (Allocation Failure)  780521K->465779K(1034752K), 0.0043804 secs]
46.089: Total time for which application threads were stopped: 0.0045501 seconds, Stopping threads took: 0.0000294 seconds
46.155: [GC (Allocation Failure)  787315K->469883K(1034752K), 0.0053778 secs]
46.161: Total time for which application threads were stopped: 0.0055559 seconds, Stopping threads took: 0.0000275 seconds
46.227: [GC (Allocation Failure)  791419K->464345K(1034752K), 0.0025917 secs]
46.230: Total time for which application threads were stopped: 0.0027596 seconds, Stopping threads took: 0.0000200 seconds
46.297: [GC (Allocation Failure)  785881K->470179K(1034752K), 0.0052451 secs]
46.302: Total time for which application threads were stopped: 0.0054318 seconds, Stopping threads took: 0.0000222 seconds
46.370: [GC (Allocation Failure)  791715K->473987K(1034752K), 0.0049853 secs]
46.375: Total time for which application threads were stopped: 0.0051671 seconds, Stopping threads took: 0.0000232 seconds
46.443: [GC (Allocation Failure)  796475K->470113K(1035264K), 0.0034532 secs]
46.447: Total time for which application threads were stopped: 0.0036192 seconds, Stopping threads took: 0.0000202 seconds
46.515: [GC (Allocation Failure)  792673K->474155K(1036288K), 0.0047720 secs]
46.520: Total time for which application threads were stopped: 0.0049431 seconds, Stopping threads took: 0.0000205 seconds
46.588: [GC (Allocation Failure)  798251K->478155K(1035776K), 0.0043997 secs]
46.593: Total time for which application threads were stopped: 0.0045833 seconds, Stopping threads took: 0.0000269 seconds
46.662: [GC (Allocation Failure)  802251K->478187K(1035776K), 0.0097068 secs]
46.671: Total time for which application threads were stopped: 0.0098673 seconds, Stopping threads took: 0.0000264 seconds
46.740: [GC (Allocation Failure)  801771K->478219K(1023488K), 0.0046613 secs]
46.745: Total time for which application threads were stopped: 0.0048317 seconds, Stopping threads took: 0.0000204 seconds
46.812: [GC (Allocation Failure)  801803K->486189K(1035264K), 0.0045450 secs]
46.816: Total time for which application threads were stopped: 0.0047137 seconds, Stopping threads took: 0.0000196 seconds
46.885: [GC (Allocation Failure)  808749K->486189K(1030144K), 0.0044332 secs]
46.889: Total time for which application threads were stopped: 0.0046047 seconds, Stopping threads took: 0.0000195 seconds
46.957: [GC (Allocation Failure)  808749K->486253K(1034752K), 0.0046958 secs]
46.962: Total time for which application threads were stopped: 0.0048659 seconds, Stopping threads took: 0.0000204 seconds
47.029: [GC (Allocation Failure)  807789K->494255K(1029120K), 0.0048102 secs]
47.034: Total time for which application threads were stopped: 0.0049798 seconds, Stopping threads took: 0.0000204 seconds
47.102: [GC (Allocation Failure)  815791K->494223K(1034240K), 0.0043834 secs]
47.107: Total time for which application threads were stopped: 0.0045470 seconds, Stopping threads took: 0.0000265 seconds
47.174: [GC (Allocation Failure)  814735K->494471K(1034240K), 0.0045188 secs]
47.178: Total time for which application threads were stopped: 0.0047117 seconds, Stopping threads took: 0.0000200 seconds
47.248: [GC (Allocation Failure)  814983K->502250K(1034240K), 0.0045114 secs]
47.252: Total time for which application threads were stopped: 0.0046666 seconds, Stopping threads took: 0.0000179 seconds
47.321: [GC (Allocation Failure)  822762K->502218K(1034240K), 0.0047829 secs]
47.326: Total time for which application threads were stopped: 0.0049749 seconds, Stopping threads took: 0.0000201 seconds
47.395: [GC (Allocation Failure)  822730K->502666K(1033216K), 0.0047842 secs]
47.400: Total time for which application threads were stopped: 0.0049655 seconds, Stopping threads took: 0.0000170 seconds
47.470: [GC (Allocation Failure)  822154K->510284K(1033728K), 0.0045533 secs]
47.474: Total time for which application threads were stopped: 0.0047292 seconds, Stopping threads took: 0.0000200 seconds
47.542: [GC (Allocation Failure)  829772K->510316K(1033728K), 0.0044691 secs]
47.546: Total time for which application threads were stopped: 0.0046469 seconds, Stopping threads took: 0.0000200 seconds
47.611: [GC (Allocation Failure)  829804K->510404K(1033728K), 0.0048015 secs]
47.616: Total time for which application threads were stopped: 0.0049745 seconds, Stopping threads took: 0.0000288 seconds
47.684: [GC (Allocation Failure)  829892K->518310K(1033728K), 0.0062602 secs]
47.690: Total time for which application threads were stopped: 0.0064125 seconds, Stopping threads took: 0.0000255 seconds
47.757: [GC (Allocation Failure)  837798K->518342K(1033728K), 0.0045660 secs]
47.762: Total time for which application threads were stopped: 0.0047335 seconds, Stopping threads took: 0.0000193 seconds
47.828: [GC (Allocation Failure)  837830K->518382K(1033728K), 0.0048101 secs]
47.833: Total time for which application threads were stopped: 0.0049809 seconds, Stopping threads took: 0.0000194 seconds
47.902: [GC (Allocation Failure)  837870K->526320K(1027072K), 0.0046082 secs]
47.906: Total time for which application threads were stopped: 0.0047682 seconds, Stopping threads took: 0.0000170 seconds
47.972: [GC (Allocation Failure)  845808K->522478K(1034240K), 0.0037734 secs]
47.975: Total time for which application threads were stopped: 0.0039428 seconds, Stopping threads took: 0.0000203 seconds
48.044: [GC (Allocation Failure)  841966K->526480K(1033216K), 0.0047246 secs]
48.049: Total time for which application threads were stopped: 0.0049093 seconds, Stopping threads took: 0.0000203 seconds
48.119: [GC (Allocation Failure)  845968K->530480K(1034752K), 0.0044968 secs]
48.124: Total time for which application threads were stopped: 0.0046641 seconds, Stopping threads took: 0.0000260 seconds
48.193: [GC (Allocation Failure)  852016K->523694K(1034752K), 0.0020573 secs]
48.195: Total time for which application threads were stopped: 0.0022047 seconds, Stopping threads took: 0.0000278 seconds
48.263: [GC (Allocation Failure)  845230K->530552K(1034752K), 0.0045868 secs]
48.267: Total time for which application threads were stopped: 0.0047552 seconds, Stopping threads took: 0.0000200 seconds
48.333: [GC (Allocation Failure)  852088K->534632K(1034752K), 0.0055482 secs]
48.339: Total time for which application threads were stopped: 0.0057089 seconds, Stopping threads took: 0.0000204 seconds
48.404: [GC (Allocation Failure)  856168K->529094K(1034752K), 0.0026834 secs]
48.407: Total time for which application threads were stopped: 0.0028407 seconds, Stopping threads took: 0.0000192 seconds
48.474: [GC (Allocation Failure)  850630K->534864K(1034752K), 0.0048006 secs]
48.479: Total time for which application threads were stopped: 0.0049697 seconds, Stopping threads took: 0.0000196 seconds
48.546: [GC (Allocation Failure)  856400K->538760K(1034752K), 0.0082723 secs]
48.554: Total time for which application threads were stopped: 0.0084409 seconds, Stopping threads took: 0.0000198 seconds
48.623: [GC (Allocation Failure)  861249K->534854K(1035264K), 0.0033736 secs]
48.626: Total time for which application threads were stopped: 0.0035393 seconds, Stopping threads took: 0.0000284 seconds
48.695: [GC (Allocation Failure)  857414K->538912K(1036288K), 0.0047590 secs]
48.700: Total time for which application threads were stopped: 0.0049490 seconds, Stopping threads took: 0.0000191 seconds
48.768: [GC (Allocation Failure)  863008K->542880K(1035776K), 0.0045093 secs]
48.773: Total time for which application threads were stopped: 0.0046694 seconds, Stopping threads took: 0.0000202 seconds
48.841: [GC (Allocation Failure)  866976K->542912K(1035776K), 0.0048491 secs]
48.846: Total time for which application threads were stopped: 0.0050312 seconds, Stopping threads took: 0.0000198 seconds
48.914: [GC (Allocation Failure)  866496K->542952K(1023488K), 0.0046001 secs]
48.918: Total time for which application threads were stopped: 0.0047687 seconds, Stopping threads took: 0.0000199 seconds
48.985: [GC (Allocation Failure)  866536K->550955K(1035264K), 0.0047660 secs]
48.989: Total time for which application threads were stopped: 0.0049308 seconds, Stopping threads took: 0.0000193 seconds
49.057: [GC (Allocation Failure)  873515K->550923K(1030144K), 0.0046386 secs]
49.062: Total time for which application threads were stopped: 0.0048077 seconds, Stopping threads took: 0.0000197 seconds
49.129: [GC (Allocation Failure)  873483K->550987K(1034752K), 0.0047762 secs]
49.134: Total time for which application threads were stopped: 0.0049618 seconds, Stopping threads took: 0.0000210 seconds
49.201: [GC (Allocation Failure)  872523K->558957K(1034752K), 0.0055776 secs]
49.207: Total time for which application threads were stopped: 0.0057360 seconds, Stopping threads took: 0.0000200 seconds
49.275: [GC (Allocation Failure)  880493K->558925K(1033728K), 0.0045482 secs]
49.280: Total time for which application threads were stopped: 0.0047126 seconds, Stopping threads took: 0.0000198 seconds
49.347: [GC (Allocation Failure)  879437K->559213K(1034240K), 0.0047947 secs]
49.351: Total time for which application threads were stopped: 0.0049593 seconds, Stopping threads took: 0.0000206 seconds
49.419: [GC (Allocation Failure)  879725K->567023K(1034240K), 0.0045509 secs]
49.424: Total time for which application threads were stopped: 0.0047012 seconds, Stopping threads took: 0.0000173 seconds
49.494: [GC (Allocation Failure)  887535K->567023K(1034240K), 0.0047864 secs]
49.499: Total time for which application threads were stopped: 0.0049483 seconds, Stopping threads took: 0.0000200 seconds
49.566: [GC (Allocation Failure)  887535K->567431K(1033216K), 0.0047014 secs]
49.571: Total time for which application threads were stopped: 0.0048866 seconds, Stopping threads took: 0.0000283 seconds
49.639: [GC (Allocation Failure)  886919K->575050K(1033728K), 0.0047023 secs]
49.644: Total time for which application threads were stopped: 0.0048714 seconds, Stopping threads took: 0.0000198 seconds
49.713: [GC (Allocation Failure)  894538K->575018K(1033728K), 0.0048400 secs]
49.718: Total time for which application threads were stopped: 0.0050095 seconds, Stopping threads took: 0.0000204 seconds
49.785: [GC (Allocation Failure)  894506K->575146K(1033728K), 0.0048183 secs]
49.789: Total time for which application threads were stopped: 0.0049786 seconds, Stopping threads took: 0.0000199 seconds
49.858: [GC (Allocation Failure)  894634K->583084K(1033728K), 0.0045403 secs]
49.863: Total time for which application threads were stopped: 0.0047018 seconds, Stopping threads took: 0.0000198 seconds
49.930: [GC (Allocation Failure)  902572K->583052K(1033728K), 0.0049424 secs]
49.935: Total time for which application threads were stopped: 0.0051164 seconds, Stopping threads took: 0.0000211 seconds
50.001: [GC (Allocation Failure)  902540K->583116K(1033728K), 0.0048236 secs]
50.006: Total time for which application threads were stopped: 0.0050162 seconds, Stopping threads took: 0.0000203 seconds
50.075: [GC (Allocation Failure)  902604K->591054K(1027072K), 0.0047206 secs]
50.080: Total time for which application threads were stopped: 0.0048816 seconds, Stopping threads took: 0.0000172 seconds
50.146: [GC (Allocation Failure)  910542K->587180K(1034240K), 0.0039451 secs]
50.150: Total time for which application threads were stopped: 0.0041121 seconds, Stopping threads took: 0.0000265 seconds
50.218: [GC (Allocation Failure)  906668K->591238K(1033216K), 0.0050294 secs]
50.223: Total time for which application threads were stopped: 0.0051908 seconds, Stopping threads took: 0.0000201 seconds
50.290: [GC (Allocation Failure)  910726K->595238K(1034752K), 0.0052317 secs]
50.296: Total time for which application threads were stopped: 0.0054353 seconds, Stopping threads took: 0.0000252 seconds
50.363: [GC (Allocation Failure)  916774K->588388K(1034752K), 0.0021132 secs]
50.365: Total time for which application threads were stopped: 0.0022582 seconds, Stopping threads took: 0.0000196 seconds
50.432: [GC (Allocation Failure)  909924K->595310K(1034752K), 0.0048116 secs]
50.437: Total time for which application threads were stopped: 0.0049814 seconds, Stopping threads took: 0.0000200 seconds
50.503: [GC (Allocation Failure)  916846K->599358K(1034752K), 0.0057116 secs]
50.509: Total time for which application threads were stopped: 0.0058780 seconds, Stopping threads took: 0.0000200 seconds
50.575: [GC (Allocation Failure)  920894K->593820K(1034752K), 0.0028594 secs]
50.578: Total time for which application threads were stopped: 0.0030314 seconds, Stopping threads took: 0.0000201 seconds
50.646: [GC (Allocation Failure)  915356K->599622K(1034752K), 0.0066461 secs]
50.653: Total time for which application threads were stopped: 0.0068145 seconds, Stopping threads took: 0.0000283 seconds
50.721: [GC (Allocation Failure)  921158K->603494K(1035264K), 0.0051607 secs]
50.726: Total time for which application threads were stopped: 0.0053292 seconds, Stopping threads took: 0.0000199 seconds
50.794: [GC (Allocation Failure)  925982K->599588K(1035264K), 0.0037249 secs]
50.797: Total time for which application threads were stopped: 0.0038995 seconds, Stopping threads took: 0.0000199 seconds
50.867: [GC (Allocation Failure)  922148K->603662K(1036288K), 0.0049470 secs]
50.872: Total time for which application threads were stopped: 0.0051195 seconds, Stopping threads took: 0.0000205 seconds
50.940: [GC (Allocation Failure)  927758K->607630K(1035776K), 0.0048127 secs]
50.945: Total time for which application threads were stopped: 0.0049765 seconds, Stopping threads took: 0.0000202 seconds
51.014: [GC (Allocation Failure)  931726K->607630K(1035776K), 0.0048701 secs]
51.019: Total time for which application threads were stopped: 0.0050418 seconds, Stopping threads took: 0.0000209 seconds
51.087: [GC (Allocation Failure)  931214K->607694K(1023488K), 0.0050752 secs]
51.092: Total time for which application threads were stopped: 0.0052467 seconds, Stopping threads took: 0.0000205 seconds
51.159: [GC (Allocation Failure)  931278K->615696K(1035264K), 0.0049084 secs]
51.164: Total time for which application threads were stopped: 0.0050729 seconds, Stopping threads took: 0.0000205 seconds
51.232: [GC (Allocation Failure)  938256K->615664K(1030144K), 0.0047227 secs]
51.237: Total time for which application threads were stopped: 0.0049068 seconds, Stopping threads took: 0.0000263 seconds
51.305: [GC (Allocation Failure)  938224K->615696K(1034752K), 0.0056029 secs]
51.311: Total time for which application threads were stopped: 0.0057657 seconds, Stopping threads took: 0.0000206 seconds
51.379: [GC (Allocation Failure)  937232K->623699K(1029120K), 0.0051436 secs]
51.384: Total time for which application threads were stopped: 0.0053137 seconds, Stopping threads took: 0.0000203 seconds
51.452: [GC (Allocation Failure)  945235K->623699K(1034240K), 0.0047277 secs]
51.457: Total time for which application threads were stopped: 0.0049057 seconds, Stopping threads took: 0.0000204 seconds
51.524: [GC (Allocation Failure)  944211K->623947K(1034240K), 0.0046976 secs]
51.529: Total time for which application threads were stopped: 0.0048685 seconds, Stopping threads took: 0.0000204 seconds
51.597: [GC (Allocation Failure)  944459K->631693K(1034240K), 0.0045902 secs]
51.601: Total time for which application threads were stopped: 0.0047508 seconds, Stopping threads took: 0.0000260 seconds
51.671: [GC (Allocation Failure)  952205K->631725K(1034240K), 0.0050663 secs]
51.677: Total time for which application threads were stopped: 0.0052590 seconds, Stopping threads took: 0.0000236 seconds
51.744: [GC (Allocation Failure)  952237K->632173K(1033216K), 0.0049211 secs]
51.749: Total time for which application threads were stopped: 0.0052390 seconds, Stopping threads took: 0.0000198 seconds
51.817: [GC (Allocation Failure)  951661K->639759K(1033728K), 0.0049480 secs]
51.822: Total time for which application threads were stopped: 0.0051399 seconds, Stopping threads took: 0.0000191 seconds
51.891: [GC (Allocation Failure)  959247K->639759K(1033728K), 0.0048664 secs]
51.896: Total time for which application threads were stopped: 0.0050169 seconds, Stopping threads took: 0.0000171 seconds
51.961: [GC (Allocation Failure)  959247K->639879K(1033728K), 0.0046951 secs]
51.966: Total time for which application threads were stopped: 0.0048903 seconds, Stopping threads took: 0.0000208 seconds
52.034: [GC (Allocation Failure)  959367K->647817K(1033728K), 0.0049101 secs]
52.039: Total time for which application threads were stopped: 0.0050802 seconds, Stopping threads took: 0.0000203 seconds
52.108: [GC (Allocation Failure)  967305K->647785K(1033728K), 0.0048798 secs]
52.113: Total time for which application threads were stopped: 0.0050429 seconds, Stopping threads took: 0.0000261 seconds
52.180: [GC (Allocation Failure)  967273K->647849K(1033728K), 0.0049484 secs]
52.185: Total time for which application threads were stopped: 0.0051174 seconds, Stopping threads took: 0.0000279 seconds
52.252: [GC (Allocation Failure)  967337K->655820K(1027072K), 0.0051741 secs]
52.257: Total time for which application threads were stopped: 0.0053369 seconds, Stopping threads took: 0.0000206 seconds
52.322: [GC (Allocation Failure)  975307K->651913K(1034240K), 0.0039399 secs]
52.326: Total time for which application threads were stopped: 0.0041073 seconds, Stopping threads took: 0.0000195 seconds
52.393: [GC (Allocation Failure)  971401K->655980K(1033216K), 0.0048787 secs]
52.398: Total time for which application threads were stopped: 0.0050639 seconds, Stopping threads took: 0.0000204 seconds
52.467: [GC (Allocation Failure)  975468K->659948K(1034752K), 0.0048441 secs]
52.472: Total time for which application threads were stopped: 0.0050040 seconds, Stopping threads took: 0.0000197 seconds
52.539: [GC (Allocation Failure)  981484K->653161K(1034752K), 0.0025496 secs]
52.541: Total time for which application threads were stopped: 0.0027025 seconds, Stopping threads took: 0.0000200 seconds
52.609: [GC (Allocation Failure)  974697K->660012K(1034752K), 0.0065733 secs]
52.616: Total time for which application threads were stopped: 0.0067625 seconds, Stopping threads took: 0.0000286 seconds
52.683: [GC (Allocation Failure)  981548K->664124K(1034752K), 0.0076765 secs]
52.691: Total time for which application threads were stopped: 0.0078624 seconds, Stopping threads took: 0.0000318 seconds
52.758: [GC (Allocation Failure)  985660K->658521K(1034752K), 0.0029177 secs]
52.761: Total time for which application threads were stopped: 0.0030818 seconds, Stopping threads took: 0.0000200 seconds
52.828: [GC (Allocation Failure)  980057K->664396K(1034752K), 0.0048865 secs]
52.833: Total time for which application threads were stopped: 0.0050558 seconds, Stopping threads took: 0.0000199 seconds
52.901: [GC (Allocation Failure)  985932K->668228K(1035264K), 0.0052927 secs]
52.906: Total time for which application threads were stopped: 0.0054677 seconds, Stopping threads took: 0.0000211 seconds
52.973: [GC (Allocation Failure)  990716K->664321K(1035264K), 0.0037628 secs]
52.977: Total time for which application threads were stopped: 0.0039379 seconds, Stopping threads took: 0.0000194 seconds
53.047: [GC (Allocation Failure)  986881K->668396K(1036288K), 0.0048422 secs]
53.051: Total time for which application threads were stopped: 0.0050348 seconds, Stopping threads took: 0.0000195 seconds
53.120: [GC (Allocation Failure)  992492K->672364K(1035776K), 0.0047096 secs]
53.125: Total time for which application threads were stopped: 0.0049106 seconds, Stopping threads took: 0.0000264 seconds
53.195: [GC (Allocation Failure)  996460K->672364K(1035776K), 0.0047196 secs]
53.200: Total time for which application threads were stopped: 0.0048713 seconds, Stopping threads took: 0.0000174 seconds
53.268: [GC (Allocation Failure)  995948K->672420K(1023488K), 0.0052383 secs]
53.273: Total time for which application threads were stopped: 0.0054090 seconds, Stopping threads took: 0.0000207 seconds
53.340: [GC (Allocation Failure)  996004K->680390K(1035264K), 0.0050757 secs]
53.345: Total time for which application threads were stopped: 0.0052376 seconds, Stopping threads took: 0.0000193 seconds
53.413: [GC (Allocation Failure)  1002950K->680390K(1030144K), 0.0048071 secs]
53.418: Total time for which application threads were stopped: 0.0050090 seconds, Stopping threads took: 0.0000205 seconds
53.486: [GC (Allocation Failure)  1002950K->680422K(1034752K), 0.0057759 secs]
53.492: Total time for which application threads were stopped: 0.0059799 seconds, Stopping threads took: 0.0000165 seconds
53.559: [GC (Allocation Failure)  1001958K->688424K(1034752K), 0.0049355 secs]
53.564: Total time for which application threads were stopped: 0.0050859 seconds, Stopping threads took: 0.0000199 seconds
53.630: [GC (Allocation Failure)  1009960K->688424K(1033728K), 0.0047539 secs]
53.635: Total time for which application threads were stopped: 0.0049285 seconds, Stopping threads took: 0.0000280 seconds
53.703: [GC (Allocation Failure)  1008936K->688680K(1034240K), 0.0049771 secs]
53.708: [Full GC (Ergonomics)  688680K->8710K(1034240K), 0.0126559 secs]
53.721: Total time for which application threads were stopped: 0.0179152 seconds, Stopping threads took: 0.0000201 seconds
53.789: [GC (Allocation Failure)  329222K->17640K(1033216K), 0.0035551 secs]
53.793: Total time for which application threads were stopped: 0.0037036 seconds, Stopping threads took: 0.0000172 seconds
53.860: [GC (Allocation Failure)  337128K->17624K(1033728K), 0.0038250 secs]
53.864: Total time for which application threads were stopped: 0.0040037 seconds, Stopping threads took: 0.0000199 seconds
53.931: [GC (Allocation Failure)  337112K->18072K(1033728K), 0.0038587 secs]
53.934: Total time for which application threads were stopped: 0.0040351 seconds, Stopping threads took: 0.0000205 seconds
54.002: [GC (Allocation Failure)  337560K->25658K(1033728K), 0.0036555 secs]
54.006: Total time for which application threads were stopped: 0.0038235 seconds, Stopping threads took: 0.0000172 seconds
54.074: [GC (Allocation Failure)  345146K->25658K(1033728K), 0.0056370 secs]
54.079: Total time for which application threads were stopped: 0.0058061 seconds, Stopping threads took: 0.0000206 seconds
54.145: [GC (Allocation Failure)  345146K->25794K(1033728K), 0.0038923 secs]
54.149: Total time for which application threads were stopped: 0.0040557 seconds, Stopping threads took: 0.0000199 seconds
54.217: [GC (Allocation Failure)  345282K->33733K(1032704K), 0.0038097 secs]
54.220: Total time for which application threads were stopped: 0.0039665 seconds, Stopping threads took: 0.0000194 seconds
54.285: [GC (Allocation Failure)  352195K->29794K(1033216K), 0.0025444 secs]
54.288: Total time for which application threads were stopped: 0.0026960 seconds, Stopping threads took: 0.0000201 seconds
54.355: [GC (Allocation Failure)  348258K->33829K(1034752K), 0.0046123 secs]
54.359: Total time for which application threads were stopped: 0.0047722 seconds, Stopping threads took: 0.0000202 seconds
54.428: [GC (Allocation Failure)  354853K->37829K(1034240K), 0.0035138 secs]
54.432: Total time for which application threads were stopped: 0.0037054 seconds, Stopping threads took: 0.0000202 seconds
54.501: [GC (Allocation Failure)  358853K->31042K(1034752K), 0.0009686 secs]
54.502: Total time for which application threads were stopped: 0.0011124 seconds, Stopping threads took: 0.0000204 seconds
54.572: [GC (Allocation Failure)  352578K->37925K(1034752K), 0.0064761 secs]
54.579: Total time for which application threads were stopped: 0.0066643 seconds, Stopping threads took: 0.0000222 seconds
54.646: [GC (Allocation Failure)  359461K->41973K(1034752K), 0.0046400 secs]
54.651: Total time for which application threads were stopped: 0.0048215 seconds, Stopping threads took: 0.0000408 seconds
54.717: [GC (Allocation Failure)  363509K->36370K(1034752K), 0.0016423 secs]
54.719: Total time for which application threads were stopped: 0.0017776 seconds, Stopping threads took: 0.0000198 seconds
54.788: [GC (Allocation Failure)  357906K->42245K(1035776K), 0.0038402 secs]
54.792: Total time for which application threads were stopped: 0.0040058 seconds, Stopping threads took: 0.0000187 seconds
54.860: [GC (Allocation Failure)  364805K->46117K(1034752K), 0.0041918 secs]
54.864: Total time for which application threads were stopped: 0.0043619 seconds, Stopping threads took: 0.0000201 seconds
54.930: [GC (Allocation Failure)  368605K->42178K(1035776K), 0.0026350 secs]
54.933: Total time for which application threads were stopped: 0.0027890 seconds, Stopping threads took: 0.0000201 seconds
55.002: [GC (Allocation Failure)  365250K->46285K(1035264K), 0.0038724 secs]
55.006: Total time for which application threads were stopped: 0.0040444 seconds, Stopping threads took: 0.0000198 seconds
55.074: [GC (Allocation Failure)  369357K->50253K(1035264K), 0.0039851 secs]
55.078: Total time for which application threads were stopped: 0.0041889 seconds, Stopping threads took: 0.0000228 seconds
55.149: [GC (Allocation Failure)  373837K->50253K(1035776K), 0.0035761 secs]
55.153: Total time for which application threads were stopped: 0.0037420 seconds, Stopping threads took: 0.0000258 seconds
55.220: [GC (Allocation Failure)  373837K->50309K(1034752K), 0.0039739 secs]
55.224: Total time for which application threads were stopped: 0.0041481 seconds, Stopping threads took: 0.0000203 seconds
55.295: [GC (Allocation Failure)  372869K->58311K(1035264K), 0.0036215 secs]
55.299: Total time for which application threads were stopped: 0.0038379 seconds, Stopping threads took: 0.0000260 seconds
55.367: [GC (Allocation Failure)  380871K->58279K(1034240K), 0.0035998 secs]
55.371: Total time for which application threads were stopped: 0.0037716 seconds, Stopping threads took: 0.0000228 seconds
55.438: [GC (Allocation Failure)  379815K->58311K(1034752K), 0.0037811 secs]
55.442: Total time for which application threads were stopped: 0.0039518 seconds, Stopping threads took: 0.0000201 seconds
55.510: [GC (Allocation Failure)  379847K->66345K(1033728K), 0.0037792 secs]
55.514: Total time for which application threads were stopped: 0.0039562 seconds, Stopping threads took: 0.0000221 seconds
55.580: [GC (Allocation Failure)  386857K->66313K(1034240K), 0.0038537 secs]
55.584: Total time for which application threads were stopped: 0.0040235 seconds, Stopping threads took: 0.0000209 seconds
55.653: [GC (Allocation Failure)  386825K->66569K(1034240K), 0.0037188 secs]
55.656: Total time for which application threads were stopped: 0.0038743 seconds, Stopping threads took: 0.0000252 seconds
55.726: [GC (Allocation Failure)  387081K->74316K(1034240K), 0.0037805 secs]
55.730: Total time for which application threads were stopped: 0.0039405 seconds, Stopping threads took: 0.0000200 seconds
55.798: [GC (Allocation Failure)  394828K->74348K(1034240K), 0.0036762 secs]
55.802: Total time for which application threads were stopped: 0.0038472 seconds, Stopping threads took: 0.0000287 seconds
55.869: [GC (Allocation Failure)  394860K->74796K(1020416K), 0.0038633 secs]
55.873: Total time for which application threads were stopped: 0.0040260 seconds, Stopping threads took: 0.0000210 seconds
55.942: [GC (Allocation Failure)  395308K->82382K(1033728K), 0.0037194 secs]
55.946: Total time for which application threads were stopped: 0.0038856 seconds, Stopping threads took: 0.0000212 seconds
56.014: [GC (Allocation Failure)  401870K->82382K(1033728K), 0.0038563 secs]
56.018: Total time for which application threads were stopped: 0.0040122 seconds, Stopping threads took: 0.0000195 seconds
56.083: [GC (Allocation Failure)  401870K->82502K(1033728K), 0.0038132 secs]
56.087: Total time for which application threads were stopped: 0.0039903 seconds, Stopping threads took: 0.0000210 seconds
56.156: [GC (Allocation Failure)  401990K->90376K(1033728K), 0.0036842 secs]
56.160: Total time for which application threads were stopped: 0.0038449 seconds, Stopping threads took: 0.0000201 seconds
56.227: [GC (Allocation Failure)  409862K->86502K(1034240K), 0.0026632 secs]
56.230: Total time for which application threads were stopped: 0.0028366 seconds, Stopping threads took: 0.0000197 seconds
56.299: [GC (Allocation Failure)  406502K->90568K(1033728K), 0.0040579 secs]
56.304: Total time for which application threads were stopped: 0.0042367 seconds, Stopping threads took: 0.0000226 seconds
56.370: [GC (Allocation Failure)  410568K->94536K(1034752K), 0.0038268 secs]
56.373: Total time for which application threads were stopped: 0.0039865 seconds, Stopping threads took: 0.0000201 seconds
56.441: [GC (Allocation Failure)  416072K->88774K(1034752K), 0.0014680 secs]
56.443: Total time for which application threads were stopped: 0.0016038 seconds, Stopping threads took: 0.0000202 seconds
56.511: [GC (Allocation Failure)  410310K->94608K(1035776K), 0.0037827 secs]
56.515: Total time for which application threads were stopped: 0.0039399 seconds, Stopping threads took: 0.0000195 seconds
56.584: [GC (Allocation Failure)  417168K->98720K(1034752K), 0.0042735 secs]
56.589: Total time for which application threads were stopped: 0.0044435 seconds, Stopping threads took: 0.0000203 seconds
56.656: [GC (Allocation Failure)  421018K->94782K(1035776K), 0.0025593 secs]
56.658: Total time for which application threads were stopped: 0.0027542 seconds, Stopping threads took: 0.0000281 seconds
56.729: [GC (Allocation Failure)  417854K->98816K(1035264K), 0.0041196 secs]
56.733: Total time for which application threads were stopped: 0.0042885 seconds, Stopping threads took: 0.0000168 seconds
56.802: [GC (Allocation Failure)  421888K->102816K(1035264K), 0.0036984 secs]
56.806: Total time for which application threads were stopped: 0.0038665 seconds, Stopping threads took: 0.0000276 seconds
56.873: [GC (Allocation Failure)  426400K->102784K(1035776K), 0.0036637 secs]
56.877: Total time for which application threads were stopped: 0.0038259 seconds, Stopping threads took: 0.0000201 seconds
56.943: [GC (Allocation Failure)  426368K->102880K(1034752K), 0.0039715 secs]
56.947: Total time for which application threads were stopped: 0.0041517 seconds, Stopping threads took: 0.0000227 seconds
57.017: [GC (Allocation Failure)  425440K->110818K(1035264K), 0.0039190 secs]
57.021: Total time for which application threads were stopped: 0.0040783 seconds, Stopping threads took: 0.0000199 seconds
57.090: [GC (Allocation Failure)  433378K->110850K(1034240K), 0.0039132 secs]
57.094: Total time for which application threads were stopped: 0.0040732 seconds, Stopping threads took: 0.0000200 seconds
57.162: [GC (Allocation Failure)  432386K->110922K(1034752K), 0.0040074 secs]
57.166: Total time for which application threads were stopped: 0.0041880 seconds, Stopping threads took: 0.0000270 seconds
57.232: [GC (Allocation Failure)  432458K->118893K(1034752K), 0.0038666 secs]
57.236: Total time for which application threads were stopped: 0.0040411 seconds, Stopping threads took: 0.0000214 seconds
57.303: [GC (Allocation Failure)  440429K->118893K(1029120K), 0.0036382 secs]
57.307: Total time for which application threads were stopped: 0.0038116 seconds, Stopping threads took: 0.0000204 seconds
57.372: [GC (Allocation Failure)  440429K->119149K(1034240K), 0.0039066 secs]
57.376: Total time for which application threads were stopped: 0.0041047 seconds, Stopping threads took: 0.0000209 seconds
57.445: [GC (Allocation Failure)  439661K->126927K(1034240K), 0.0038933 secs]
57.449: Total time for which application threads were stopped: 0.0040360 seconds, Stopping threads took: 0.0000175 seconds
57.519: [GC (Allocation Failure)  447439K->126927K(1034240K), 0.0037757 secs]
57.523: Total time for which application threads were stopped: 0.0039442 seconds, Stopping threads took: 0.0000198 seconds
57.591: [GC (Allocation Failure)  447439K->127375K(1034240K), 0.0040223 secs]
57.595: Total time for which application threads were stopped: 0.0042073 seconds, Stopping threads took: 0.0000221 seconds
57.662: [GC (Allocation Failure)  447887K->134993K(1033216K), 0.0098046 secs]
57.671: Total time for which application threads were stopped: 0.0099617 seconds, Stopping threads took: 0.0000209 seconds
57.739: [GC (Allocation Failure)  454481K->134993K(1033728K), 0.0040112 secs]
57.743: Total time for which application threads were stopped: 0.0041683 seconds, Stopping threads took: 0.0000196 seconds
57.810: [GC (Allocation Failure)  454481K->135081K(1033728K), 0.0039662 secs]
57.814: Total time for which application threads were stopped: 0.0041278 seconds, Stopping threads took: 0.0000199 seconds
57.881: [GC (Allocation Failure)  454569K->142987K(1033728K), 0.0038976 secs]
57.885: Total time for which application threads were stopped: 0.0040615 seconds, Stopping threads took: 0.0000203 seconds
57.953: [GC (Allocation Failure)  462475K->142987K(1033728K), 0.0036605 secs]
57.957: Total time for which application threads were stopped: 0.0038273 seconds, Stopping threads took: 0.0000200 seconds
58.023: [GC (Allocation Failure)  462475K->143051K(1033728K), 0.0039941 secs]
58.027: Total time for which application threads were stopped: 0.0041550 seconds, Stopping threads took: 0.0000207 seconds
58.094: [GC (Allocation Failure)  462539K->150990K(1032704K), 0.0043267 secs]
58.099: Total time for which application threads were stopped: 0.0044929 seconds, Stopping threads took: 0.0000202 seconds
58.166: [GC (Allocation Failure)  469454K->145451K(1033216K), 0.0019524 secs]
58.168: Total time for which application threads were stopped: 0.0021004 seconds, Stopping threads took: 0.0000197 seconds
58.237: [GC (Allocation Failure)  463915K->151278K(1034752K), 0.0039639 secs]
58.241: Total time for which application threads were stopped: 0.0041294 seconds, Stopping threads took: 0.0000193 seconds
58.308: [GC (Allocation Failure)  471790K->155198K(1033728K), 0.0050038 secs]
58.313: Total time for which application threads were stopped: 0.0051816 seconds, Stopping threads took: 0.0000199 seconds
58.382: [GC (Allocation Failure)  475710K->162059K(1029120K), 0.0070987 secs]
58.389: Total time for which application threads were stopped: 0.0072812 seconds, Stopping threads took: 0.0000196 seconds
58.456: [GC (Allocation Failure)  477451K->155950K(1031680K), 0.0039798 secs]
58.460: Total time for which application threads were stopped: 0.0041496 seconds, Stopping threads took: 0.0000202 seconds
58.527: [GC (Allocation Failure)  471342K->155822K(1032704K), 0.0040248 secs]
58.531: Total time for which application threads were stopped: 0.0041921 seconds, Stopping threads took: 0.0000199 seconds
58.595: [GC (Allocation Failure)  472750K->159214K(1032192K), 0.0050525 secs]
58.600: Total time for which application threads were stopped: 0.0052241 seconds, Stopping threads took: 0.0000192 seconds
58.669: [GC (Allocation Failure)  476142K->163952K(1033216K), 0.0039399 secs]
58.673: Total time for which application threads were stopped: 0.0041439 seconds, Stopping threads took: 0.0000226 seconds
58.741: [GC (Allocation Failure)  481904K->163824K(1032704K), 0.0038955 secs]
58.745: Total time for which application threads were stopped: 0.0040663 seconds, Stopping threads took: 0.0000195 seconds
58.813: [GC (Allocation Failure)  481776K->164840K(1033216K), 0.0041154 secs]
58.818: Total time for which application threads were stopped: 0.0042959 seconds, Stopping threads took: 0.0000198 seconds
58.887: [GC (Allocation Failure)  483304K->171850K(1033216K), 0.0038487 secs]
58.891: Total time for which application threads were stopped: 0.0040050 seconds, Stopping threads took: 0.0000192 seconds
58.958: [GC (Allocation Failure)  490314K->171850K(1033728K), 0.0038850 secs]
58.962: Total time for which application threads were stopped: 0.0040430 seconds, Stopping threads took: 0.0000195 seconds
59.030: [GC (Allocation Failure)  490826K->173514K(1033216K), 0.0041112 secs]
59.035: Total time for which application threads were stopped: 0.0042610 seconds, Stopping threads took: 0.0000172 seconds
59.102: [GC (Allocation Failure)  492490K->179948K(1033728K), 0.0038512 secs]
59.106: Total time for which application threads were stopped: 0.0040164 seconds, Stopping threads took: 0.0000199 seconds
59.172: [GC (Allocation Failure)  499436K->179884K(1033728K), 0.0042174 secs]
59.177: Total time for which application threads were stopped: 0.0043864 seconds, Stopping threads took: 0.0000196 seconds
59.243: [GC (Allocation Failure)  499372K->180236K(1033728K), 0.0041093 secs]
59.247: Total time for which application threads were stopped: 0.0042925 seconds, Stopping threads took: 0.0000203 seconds
59.314: [GC (Allocation Failure)  499724K->187919K(1033728K), 0.0067502 secs]
59.321: Total time for which application threads were stopped: 0.0069277 seconds, Stopping threads took: 0.0000203 seconds
59.389: [GC (Allocation Failure)  507407K->187919K(1033728K), 0.0038583 secs]
59.393: Total time for which application threads were stopped: 0.0040429 seconds, Stopping threads took: 0.0000223 seconds
59.459: [GC (Allocation Failure)  507407K->191567K(1033728K), 0.0050026 secs]
59.464: Total time for which application threads were stopped: 0.0052091 seconds, Stopping threads took: 0.0000246 seconds
59.532: [GC (Allocation Failure)  511055K->196049K(1034240K), 0.0040177 secs]
59.536: Total time for which application threads were stopped: 0.0042033 seconds, Stopping threads took: 0.0000204 seconds
59.603: [GC (Allocation Failure)  516561K->195953K(1034240K), 0.0038988 secs]
59.607: Total time for which application threads were stopped: 0.0040670 seconds, Stopping threads took: 0.0000269 seconds
59.674: [GC (Allocation Failure)  516465K->196681K(1034240K), 0.0064023 secs]
59.680: Total time for which application threads were stopped: 0.0065683 seconds, Stopping threads took: 0.0000277 seconds
59.749: [GC (Allocation Failure)  517193K->203979K(1034240K), 0.0041770 secs]
59.753: Total time for which application threads were stopped: 0.0043445 seconds, Stopping threads took: 0.0000199 seconds
59.822: [GC (Allocation Failure)  524491K->203979K(1034240K), 0.0039780 secs]
59.826: Total time for which application threads were stopped: 0.0041453 seconds, Stopping threads took: 0.0000203 seconds
59.893: [GC (Allocation Failure)  524491K->204939K(1034240K), 0.0040443 secs]
59.897: Total time for which application threads were stopped: 0.0042168 seconds, Stopping threads took: 0.0000208 seconds
59.966: [GC (Allocation Failure)  525451K->212046K(1034240K), 0.0042499 secs]
59.970: Total time for which application threads were stopped: 0.0044423 seconds, Stopping threads took: 0.0000204 seconds
60.040: [GC (Allocation Failure)  532558K->212014K(1034240K), 0.0039963 secs]
60.044: Total time for which application threads were stopped: 0.0041630 seconds, Stopping threads took: 0.0000178 seconds
60.112: [GC (Allocation Failure)  532526K->213166K(1034240K), 0.0040870 secs]
60.117: Total time for which application threads were stopped: 0.0042767 seconds, Stopping threads took: 0.0000287 seconds
60.184: [GC (Allocation Failure)  533678K->220048K(1034240K), 0.0042510 secs]
60.189: Total time for which application threads were stopped: 0.0044394 seconds, Stopping threads took: 0.0000193 seconds
60.258: [GC (Allocation Failure)  540560K->220048K(1034240K), 0.0040296 secs]
60.262: Total time for which application threads were stopped: 0.0042086 seconds, Stopping threads took: 0.0000226 seconds
60.331: [GC (Allocation Failure)  540560K->220360K(1020416K), 0.0039794 secs]
60.335: Total time for which application threads were stopped: 0.0041402 seconds, Stopping threads took: 0.0000207 seconds
60.405: [GC (Allocation Failure)  540872K->228138K(1033728K), 0.0042067 secs]
60.409: Total time for which application threads were stopped: 0.0043845 seconds, Stopping threads took: 0.0000201 seconds
60.478: [GC (Allocation Failure)  547626K->228106K(1033728K), 0.0042117 secs]
60.482: Total time for which application threads were stopped: 0.0043797 seconds, Stopping threads took: 0.0000204 seconds
60.548: [GC (Allocation Failure)  547594K->228618K(1033728K), 0.0041792 secs]
60.553: Total time for which application threads were stopped: 0.0043626 seconds, Stopping threads took: 0.0000204 seconds
60.622: [GC (Allocation Failure)  548106K->236172K(1033728K), 0.0040725 secs]
60.626: Total time for which application threads were stopped: 0.0042301 seconds, Stopping threads took: 0.0000255 seconds
60.696: [GC (Allocation Failure)  555660K->236108K(1033728K), 0.0041213 secs]
60.701: Total time for which application threads were stopped: 0.0042817 seconds, Stopping threads took: 0.0000196 seconds
60.768: [GC (Allocation Failure)  555596K->236836K(1033728K), 0.0043448 secs]
60.773: Total time for which application threads were stopped: 0.0045224 seconds, Stopping threads took: 0.0000219 seconds
60.842: [GC (Allocation Failure)  556324K->244135K(1033728K), 0.0040993 secs]
60.846: Total time for which application threads were stopped: 0.0042977 seconds, Stopping threads took: 0.0000169 seconds
60.915: [GC (Allocation Failure)  563623K->244135K(1033728K), 0.0042167 secs]
60.920: Total time for which application threads were stopped: 0.0043736 seconds, Stopping threads took: 0.0000181 seconds
60.986: [GC (Allocation Failure)  563623K->246151K(1033728K), 0.0044539 secs]
60.991: Total time for which application threads were stopped: 0.0046173 seconds, Stopping threads took: 0.0000210 seconds
61.060: [GC (Allocation Failure)  565639K->252201K(1033728K), 0.0042095 secs]
61.064: Total time for which application threads were stopped: 0.0043828 seconds, Stopping threads took: 0.0000205 seconds
61.132: [GC (Allocation Failure)  571689K->252201K(1033728K), 0.0040169 secs]
61.136: Total time for which application threads were stopped: 0.0041837 seconds, Stopping threads took: 0.0000199 seconds
61.202: [GC (Allocation Failure)  571689K->253289K(1033728K), 0.0043203 secs]
61.206: Total time for which application threads were stopped: 0.0045230 seconds, Stopping threads took: 0.0000207 seconds
61.274: [GC (Allocation Failure)  572777K->260203K(1033728K), 0.0042956 secs]
61.278: Total time for which application threads were stopped: 0.0044598 seconds, Stopping threads took: 0.0000210 seconds
61.345: [GC (Allocation Failure)  579691K->260235K(1033728K), 0.0040573 secs]
61.349: Total time for which application threads were stopped: 0.0042482 seconds, Stopping threads took: 0.0000200 seconds
61.417: [GC (Allocation Failure)  579723K->260523K(1033728K), 0.0042364 secs]
61.421: Total time for which application threads were stopped: 0.0043947 seconds, Stopping threads took: 0.0000180 seconds
61.489: [GC (Allocation Failure)  580011K->268237K(1033728K), 0.0041365 secs]
61.493: Total time for which application threads were stopped: 0.0043088 seconds, Stopping threads took: 0.0000203 seconds
61.561: [GC (Allocation Failure)  587725K->268237K(1033728K), 0.0044099 secs]
61.565: Total time for which application threads were stopped: 0.0045793 seconds, Stopping threads took: 0.0000197 seconds
61.634: [GC (Allocation Failure)  587725K->268773K(1033728K), 0.0042130 secs]
61.638: Total time for which application threads were stopped: 0.0043740 seconds, Stopping threads took: 0.0000253 seconds
61.707: [GC (Allocation Failure)  588261K->276296K(1033728K), 0.0042529 secs]
61.711: Total time for which application threads were stopped: 0.0044155 seconds, Stopping threads took: 0.0000204 seconds
61.779: [GC (Allocation Failure)  595784K->276264K(1033728K), 0.0044795 secs]
61.783: Total time for which application threads were stopped: 0.0046648 seconds, Stopping threads took: 0.0000214 seconds
61.851: [GC (Allocation Failure)  595752K->277000K(1033728K), 0.0042911 secs]
61.855: Total time for which application threads were stopped: 0.0044686 seconds, Stopping threads took: 0.0000220 seconds
61.924: [GC (Allocation Failure)  596488K->284298K(1033728K), 0.0041553 secs]
61.929: Total time for which application threads were stopped: 0.0043171 seconds, Stopping threads took: 0.0000208 seconds
61.995: [GC (Allocation Failure)  603786K->284298K(1033728K), 0.0042941 secs]
62.000: Total time for which application threads were stopped: 0.0044744 seconds, Stopping threads took: 0.0000276 seconds
62.066: [GC (Allocation Failure)  603786K->285226K(1033728K), 0.0044067 secs]
62.070: Total time for which application threads were stopped: 0.0046267 seconds, Stopping threads took: 0.0000277 seconds
62.140: [GC (Allocation Failure)  604714K->292332K(1033728K), 0.0042661 secs]
62.144: Total time for which application threads were stopped: 0.0044360 seconds, Stopping threads took: 0.0000270 seconds
62.211: [GC (Allocation Failure)  611820K->292300K(1033728K), 0.0040831 secs]
62.215: Total time for which application threads were stopped: 0.0042527 seconds, Stopping threads took: 0.0000289 seconds
62.281: [GC (Allocation Failure)  611788K->292452K(1033728K), 0.0060013 secs]
62.287: Total time for which application threads were stopped: 0.0061841 seconds, Stopping threads took: 0.0000196 seconds
62.356: [GC (Allocation Failure)  611940K->300358K(1027072K), 0.0041939 secs]
62.361: Total time for which application threads were stopped: 0.0043642 seconds, Stopping threads took: 0.0000197 seconds
62.428: [GC (Allocation Failure)  619846K->300358K(1033728K), 0.0043596 secs]
62.432: Total time for which application threads were stopped: 0.0045225 seconds, Stopping threads took: 0.0000194 seconds
62.497: [GC (Allocation Failure)  619334K->301198K(1033216K), 0.0044993 secs]
62.502: Total time for which application threads were stopped: 0.0046740 seconds, Stopping threads took: 0.0000206 seconds
62.570: [GC (Allocation Failure)  620174K->308401K(1032704K), 0.0045791 secs]
62.574: Total time for which application threads were stopped: 0.0047583 seconds, Stopping threads took: 0.0000269 seconds
62.641: [GC (Allocation Failure)  626865K->308401K(1033216K), 0.0042358 secs]
62.645: Total time for which application threads were stopped: 0.0044101 seconds, Stopping threads took: 0.0000285 seconds
62.711: [GC (Allocation Failure)  626865K->308905K(1033728K), 0.0041559 secs]
62.715: Total time for which application threads were stopped: 0.0043511 seconds, Stopping threads took: 0.0000211 seconds
62.785: [GC (Allocation Failure)  628393K->316459K(1027072K), 0.0040927 secs]
62.789: Total time for which application threads were stopped: 0.0042657 seconds, Stopping threads took: 0.0000199 seconds
62.858: [GC (Allocation Failure)  635947K->316459K(1033216K), 0.0040897 secs]
62.862: Total time for which application threads were stopped: 0.0042576 seconds, Stopping threads took: 0.0000199 seconds
62.928: [GC (Allocation Failure)  634923K->316659K(1033216K), 0.0043096 secs]
62.933: Total time for which application threads were stopped: 0.0044655 seconds, Stopping threads took: 0.0000192 seconds
63.000: [GC (Allocation Failure)  635123K->324501K(1033216K), 0.0044480 secs]
63.004: Total time for which application threads were stopped: 0.0046186 seconds, Stopping threads took: 0.0000194 seconds
63.073: [GC (Allocation Failure)  642965K->324469K(1033216K), 0.0041403 secs]
63.077: Total time for which application threads were stopped: 0.0043359 seconds, Stopping threads took: 0.0000197 seconds
63.143: [GC (Allocation Failure)  642933K->324621K(1033216K), 0.0042841 secs]
63.147: Total time for which application threads were stopped: 0.0044534 seconds, Stopping threads took: 0.0000265 seconds
63.213: [GC (Allocation Failure)  643085K->332528K(1033216K), 0.0044418 secs]
63.217: Total time for which application threads were stopped: 0.0046156 seconds, Stopping threads took: 0.0000208 seconds
63.283: [GC (Allocation Failure)  650992K->332528K(1033216K), 0.0043337 secs]
63.287: Total time for which application threads were stopped: 0.0045114 seconds, Stopping threads took: 0.0000204 seconds
63.356: [GC (Allocation Failure)  650992K->332552K(1033216K), 0.0041997 secs]
63.360: Total time for which application threads were stopped: 0.0043737 seconds, Stopping threads took: 0.0000198 seconds
63.426: [GC (Allocation Failure)  651016K->340522K(1033216K), 0.0075651 secs]
63.434: Total time for which application threads were stopped: 0.0077519 seconds, Stopping threads took: 0.0000208 seconds
63.500: [GC (Allocation Failure)  658986K->340554K(1033216K), 0.0044771 secs]
63.505: Total time for which application threads were stopped: 0.0046336 seconds, Stopping threads took: 0.0000196 seconds
63.570: [GC (Allocation Failure)  659018K->340842K(1033216K), 0.0043646 secs]
63.574: Total time for which application threads were stopped: 0.0045253 seconds, Stopping threads took: 0.0000202 seconds
63.642: [GC (Allocation Failure)  659306K->348556K(1033216K), 0.0042967 secs]
63.647: Total time for which application threads were stopped: 0.0044699 seconds, Stopping threads took: 0.0000286 seconds
63.716: [GC (Allocation Failure)  667020K->348556K(1033216K), 0.0042514 secs]
63.720: Total time for which application threads were stopped: 0.0044207 seconds, Stopping threads took: 0.0000201 seconds
63.785: [GC (Allocation Failure)  667020K->348780K(1033216K), 0.0045664 secs]
63.790: Total time for which application threads were stopped: 0.0047590 seconds, Stopping threads took: 0.0000203 seconds
63.858: [GC (Allocation Failure)  667244K->356622K(1033216K), 0.0043793 secs]
63.862: Total time for which application threads were stopped: 0.0045494 seconds, Stopping threads took: 0.0000197 seconds
63.930: [GC (Allocation Failure)  675086K->352684K(1033216K), 0.0032672 secs]
63.934: Total time for which application threads were stopped: 0.0034334 seconds, Stopping threads took: 0.0000207 seconds
64.001: [GC (Allocation Failure)  671148K->356750K(1034752K), 0.0044107 secs]
64.006: Total time for which application threads were stopped: 0.0045691 seconds, Stopping threads took: 0.0000195 seconds
64.073: [GC (Allocation Failure)  677262K->360718K(1033728K), 0.0059746 secs]
64.079: Total time for which application threads were stopped: 0.0061268 seconds, Stopping threads took: 0.0000201 seconds
64.148: [GC (Allocation Failure)  681230K->352940K(1034240K), 0.0013840 secs]
64.150: Total time for which application threads were stopped: 0.0015150 seconds, Stopping threads took: 0.0000277 seconds
64.218: [GC (Allocation Failure)  673452K->360782K(1034240K), 0.0044833 secs]
64.223: Total time for which application threads were stopped: 0.0046513 seconds, Stopping threads took: 0.0000201 seconds
64.292: [GC (Allocation Failure)  681294K->364862K(1033216K), 0.0057515 secs]
64.297: Total time for which application threads were stopped: 0.0059210 seconds, Stopping threads took: 0.0000207 seconds
64.364: [GC (Allocation Failure)  684350K->370588K(1032704K), 0.0068617 secs]
64.371: Total time for which application threads were stopped: 0.0070220 seconds, Stopping threads took: 0.0000192 seconds
64.438: [GC (Allocation Failure)  690076K->365086K(1031680K), 0.0046553 secs]
64.443: Total time for which application threads were stopped: 0.0048251 seconds, Stopping threads took: 0.0000203 seconds
64.508: [GC (Allocation Failure)  681502K->364830K(1032192K), 0.0043353 secs]
64.513: Total time for which application threads were stopped: 0.0045168 seconds, Stopping threads took: 0.0000211 seconds
64.579: [GC (Allocation Failure)  681246K->359484K(1032704K), 0.0028364 secs]
64.582: Total time for which application threads were stopped: 0.0029889 seconds, Stopping threads took: 0.0000197 seconds
64.649: [GC (Allocation Failure)  676924K->365054K(1032704K), 0.0043826 secs]
64.654: Total time for which application threads were stopped: 0.0045528 seconds, Stopping threads took: 0.0000267 seconds
64.722: [GC (Allocation Failure)  682494K->364894K(1033216K), 0.0043739 secs]
64.726: Total time for which application threads were stopped: 0.0045445 seconds, Stopping threads took: 0.0000199 seconds
64.792: [GC (Allocation Failure)  683358K->365686K(1033216K), 0.0045840 secs]
64.797: Total time for which application threads were stopped: 0.0047555 seconds, Stopping threads took: 0.0000200 seconds
64.866: [GC (Allocation Failure)  684150K->373017K(1033216K), 0.0045124 secs]
64.870: Total time for which application threads were stopped: 0.0046992 seconds, Stopping threads took: 0.0000357 seconds
64.938: [GC (Allocation Failure)  691481K->372889K(1033216K), 0.0044012 secs]
64.943: Total time for which application threads were stopped: 0.0045894 seconds, Stopping threads took: 0.0000278 seconds
65.009: [GC (Allocation Failure)  691353K->373913K(1032704K), 0.0045855 secs]
65.014: Total time for which application threads were stopped: 0.0047524 seconds, Stopping threads took: 0.0000211 seconds
65.082: [GC (Allocation Failure)  692377K->380987K(1033216K), 0.0044915 secs]
65.087: Total time for which application threads were stopped: 0.0046708 seconds, Stopping threads took: 0.0000205 seconds
65.156: [GC (Allocation Failure)  699451K->380923K(1033728K), 0.0043677 secs]
65.161: Total time for which application threads were stopped: 0.0045454 seconds, Stopping threads took: 0.0000277 seconds
65.227: [GC (Allocation Failure)  700411K->383203K(1033728K), 0.0047211 secs]
65.232: Total time for which application threads were stopped: 0.0048874 seconds, Stopping threads took: 0.0000190 seconds
65.300: [GC (Allocation Failure)  702691K->388965K(1033728K), 0.0042342 secs]
65.305: Total time for which application threads were stopped: 0.0044017 seconds, Stopping threads took: 0.0000199 seconds
65.371: [GC (Allocation Failure)  708453K->388965K(1033728K), 0.0044510 secs]
65.375: Total time for which application threads were stopped: 0.0046298 seconds, Stopping threads took: 0.0000200 seconds
65.445: [GC (Allocation Failure)  708453K->390445K(1033728K), 0.0048072 secs]
65.450: Total time for which application threads were stopped: 0.0049736 seconds, Stopping threads took: 0.0000207 seconds
65.518: [GC (Allocation Failure)  709933K->397039K(1033728K), 0.0045307 secs]
65.522: Total time for which application threads were stopped: 0.0047067 seconds, Stopping threads took: 0.0000203 seconds
65.590: [GC (Allocation Failure)  716527K->397007K(1034240K), 0.0044998 secs]
65.595: Total time for which application threads were stopped: 0.0046939 seconds, Stopping threads took: 0.0000203 seconds
65.664: [GC (Allocation Failure)  717007K->398119K(1033728K), 0.0077470 secs]
65.672: Total time for which application threads were stopped: 0.0079038 seconds, Stopping threads took: 0.0000199 seconds
65.739: [GC (Allocation Failure)  718119K->405066K(1034240K), 0.0044234 secs]
65.744: Total time for which application threads were stopped: 0.0045810 seconds, Stopping threads took: 0.0000194 seconds
65.811: [GC (Allocation Failure)  725578K->405034K(1034240K), 0.0046181 secs]
65.816: Total time for which application threads were stopped: 0.0047827 seconds, Stopping threads took: 0.0000203 seconds
65.883: [GC (Allocation Failure)  725546K->405858K(1033216K), 0.0052277 secs]
65.889: Total time for which application threads were stopped: 0.0053991 seconds, Stopping threads took: 0.0000205 seconds
65.956: [GC (Allocation Failure)  725346K->413156K(1033728K), 0.0043858 secs]
65.960: Total time for which application threads were stopped: 0.0045592 seconds, Stopping threads took: 0.0000209 seconds
66.028: [GC (Allocation Failure)  732644K->413060K(1033728K), 0.0045091 secs]
66.032: Total time for which application threads were stopped: 0.0046798 seconds, Stopping threads took: 0.0000211 seconds
66.100: [GC (Allocation Failure)  732548K->415180K(1033728K), 0.0049145 secs]
66.105: Total time for which application threads were stopped: 0.0050867 seconds, Stopping threads took: 0.0000209 seconds
66.173: [GC (Allocation Failure)  734668K->421166K(1034240K), 0.0047106 secs]
66.177: Total time for which application threads were stopped: 0.0048850 seconds, Stopping threads took: 0.0000263 seconds
66.244: [GC (Allocation Failure)  741678K->421134K(1034240K), 0.0045129 secs]
66.248: Total time for which application threads were stopped: 0.0046827 seconds, Stopping threads took: 0.0000201 seconds
66.315: [GC (Allocation Failure)  741646K->421326K(1033216K), 0.0045847 secs]
66.320: Total time for which application threads were stopped: 0.0047476 seconds, Stopping threads took: 0.0000210 seconds
66.389: [GC (Allocation Failure)  740814K->429200K(1033728K), 0.0043697 secs]
66.393: Total time for which application threads were stopped: 0.0045635 seconds, Stopping threads took: 0.0000201 seconds
66.462: [GC (Allocation Failure)  748688K->429168K(1033728K), 0.0044885 secs]
66.466: Total time for which application threads were stopped: 0.0046931 seconds, Stopping threads took: 0.0000263 seconds
66.533: [GC (Allocation Failure)  748656K->429544K(1033728K), 0.0045613 secs]
66.537: Total time for which application threads were stopped: 0.0047424 seconds, Stopping threads took: 0.0000203 seconds
66.605: [GC (Allocation Failure)  749032K->437163K(1033728K), 0.0045977 secs]
66.610: Total time for which application threads were stopped: 0.0047756 seconds, Stopping threads took: 0.0000209 seconds
66.679: [GC (Allocation Failure)  756651K->437131K(1033728K), 0.0059268 secs]
66.685: Total time for which application threads were stopped: 0.0061366 seconds, Stopping threads took: 0.0000276 seconds
66.751: [GC (Allocation Failure)  756619K->438827K(1033728K), 0.0045210 secs]
66.755: Total time for which application threads were stopped: 0.0047111 seconds, Stopping threads took: 0.0000198 seconds
66.825: [GC (Allocation Failure)  758315K->445197K(1033728K), 0.0044042 secs]
66.830: Total time for which application threads were stopped: 0.0045623 seconds, Stopping threads took: 0.0000168 seconds
66.897: [GC (Allocation Failure)  764685K->445197K(1033728K), 0.0046201 secs]
66.902: Total time for which application threads were stopped: 0.0047842 seconds, Stopping threads took: 0.0000257 seconds
66.968: [GC (Allocation Failure)  764685K->446029K(1033728K), 0.0044147 secs]
66.973: Total time for which application threads were stopped: 0.0045712 seconds, Stopping threads took: 0.0000193 seconds
67.041: [GC (Allocation Failure)  765517K->453263K(1033728K), 0.0044740 secs]
67.046: Total time for which application threads were stopped: 0.0046350 seconds, Stopping threads took: 0.0000197 seconds
67.113: [GC (Allocation Failure)  772751K->453231K(1033728K), 0.0044067 secs]
67.118: Total time for which application threads were stopped: 0.0045737 seconds, Stopping threads took: 0.0000264 seconds
67.184: [GC (Allocation Failure)  772719K->453287K(1033728K), 0.0046593 secs]
67.189: Total time for which application threads were stopped: 0.0048286 seconds, Stopping threads took: 0.0000203 seconds
67.256: [GC (Allocation Failure)  772775K->461290K(1033728K), 0.0065617 secs]
67.262: Total time for which application threads were stopped: 0.0067247 seconds, Stopping threads took: 0.0000208 seconds
67.330: [GC (Allocation Failure)  780778K->461226K(1033728K), 0.0045832 secs]
67.334: Total time for which application threads were stopped: 0.0047606 seconds, Stopping threads took: 0.0000263 seconds
67.401: [GC (Allocation Failure)  780714K->461482K(1033728K), 0.0044399 secs]
67.405: Total time for which application threads were stopped: 0.0046092 seconds, Stopping threads took: 0.0000214 seconds
67.472: [GC (Allocation Failure)  780970K->469356K(1032704K), 0.0042695 secs]
67.477: Total time for which application threads were stopped: 0.0044342 seconds, Stopping threads took: 0.0000208 seconds
67.544: [GC (Allocation Failure)  787820K->469292K(1033216K), 0.0045802 secs]
67.549: Total time for which application threads were stopped: 0.0047365 seconds, Stopping threads took: 0.0000202 seconds
67.614: [GC (Allocation Failure)  787756K->469700K(1032704K), 0.0046804 secs]
67.618: Total time for which application threads were stopped: 0.0048595 seconds, Stopping threads took: 0.0000258 seconds
67.688: [GC (Allocation Failure)  788164K->477318K(1033216K), 0.0053570 secs]
67.694: Total time for which application threads were stopped: 0.0055165 seconds, Stopping threads took: 0.0000231 seconds
67.759: [GC (Allocation Failure)  795782K->477350K(1033216K), 0.0045632 secs]
67.764: Total time for which application threads were stopped: 0.0047293 seconds, Stopping threads took: 0.0000206 seconds
67.829: [GC (Allocation Failure)  795814K->477934K(1033216K), 0.0047592 secs]
67.834: Total time for which application threads were stopped: 0.0049542 seconds, Stopping threads took: 0.0000202 seconds
67.903: [GC (Allocation Failure)  796398K->485360K(1033216K), 0.0045969 secs]
67.907: Total time for which application threads were stopped: 0.0047482 seconds, Stopping threads took: 0.0000175 seconds
67.975: [GC (Allocation Failure)  803824K->485360K(1033216K), 0.0047217 secs]
67.980: Total time for which application threads were stopped: 0.0048928 seconds, Stopping threads took: 0.0000279 seconds
68.045: [GC (Allocation Failure)  803824K->486088K(1033216K), 0.0047072 secs]
68.050: Total time for which application threads were stopped: 0.0048870 seconds, Stopping threads took: 0.0000195 seconds
68.118: [GC (Allocation Failure)  804552K->493419K(1033216K), 0.0043302 secs]
68.122: Total time for which application threads were stopped: 0.0045044 seconds, Stopping threads took: 0.0000265 seconds
68.190: [GC (Allocation Failure)  811883K->493387K(1033216K), 0.0045889 secs]
68.194: Total time for which application threads were stopped: 0.0047827 seconds, Stopping threads took: 0.0000215 seconds
68.261: [GC (Allocation Failure)  811851K->494315K(1033216K), 0.0046192 secs]
68.266: Total time for which application threads were stopped: 0.0047922 seconds, Stopping threads took: 0.0000199 seconds
68.334: [GC (Allocation Failure)  812779K->501453K(1033216K), 0.0047077 secs]
68.339: Total time for which application threads were stopped: 0.0049005 seconds, Stopping threads took: 0.0000198 seconds
68.408: [GC (Allocation Failure)  819917K->501421K(1033216K), 0.0045321 secs]
68.412: Total time for which application threads were stopped: 0.0046901 seconds, Stopping threads took: 0.0000169 seconds
68.479: [GC (Allocation Failure)  819885K->501549K(1033216K), 0.0046753 secs]
68.484: Total time for which application threads were stopped: 0.0048573 seconds, Stopping threads took: 0.0000207 seconds
68.552: [GC (Allocation Failure)  820013K->509423K(1033216K), 0.0042894 secs]
68.556: Total time for which application threads were stopped: 0.0044874 seconds, Stopping threads took: 0.0000257 seconds
68.623: [GC (Allocation Failure)  827887K->509487K(1033216K), 0.0044174 secs]
68.628: Total time for which application threads were stopped: 0.0045963 seconds, Stopping threads took: 0.0000287 seconds
68.696: [GC (Allocation Failure)  827951K->509767K(1033216K), 0.0047198 secs]
68.701: Total time for which application threads were stopped: 0.0048907 seconds, Stopping threads took: 0.0000202 seconds
68.768: [GC (Allocation Failure)  828231K->517513K(1033216K), 0.0048191 secs]
68.773: Total time for which application threads were stopped: 0.0049976 seconds, Stopping threads took: 0.0000199 seconds
68.839: [GC (Allocation Failure)  835977K->517513K(1033216K), 0.0046133 secs]
68.844: Total time for which application threads were stopped: 0.0048226 seconds, Stopping threads took: 0.0000261 seconds
68.911: [GC (Allocation Failure)  835977K->518025K(1033216K), 0.0046400 secs]
68.915: Total time for which application threads were stopped: 0.0048377 seconds, Stopping threads took: 0.0000250 seconds
68.981: [GC (Allocation Failure)  836489K->525516K(1033216K), 0.0045862 secs]
68.986: Total time for which application threads were stopped: 0.0047587 seconds, Stopping threads took: 0.0000202 seconds
69.054: [GC (Allocation Failure)  843980K->525516K(1033216K), 0.0045325 secs]
69.058: Total time for which application threads were stopped: 0.0046890 seconds, Stopping threads took: 0.0000200 seconds
69.125: [GC (Allocation Failure)  843980K->525740K(1033216K), 0.0047257 secs]
69.130: Total time for which application threads were stopped: 0.0049052 seconds, Stopping threads took: 0.0000288 seconds
69.200: [GC (Allocation Failure)  844204K->533550K(1033216K), 0.0046822 secs]
69.205: Total time for which application threads were stopped: 0.0048486 seconds, Stopping threads took: 0.0000209 seconds
69.271: [GC (Allocation Failure)  852014K->533550K(1033216K), 0.0047755 secs]
69.275: Total time for which application threads were stopped: 0.0049455 seconds, Stopping threads took: 0.0000205 seconds
69.342: [GC (Allocation Failure)  852014K->533702K(1033216K), 0.0047509 secs]
69.347: Total time for which application threads were stopped: 0.0049440 seconds, Stopping threads took: 0.0000186 seconds
69.414: [GC (Allocation Failure)  852166K->541576K(1033216K), 0.0047628 secs]
69.419: Total time for which application threads were stopped: 0.0049445 seconds, Stopping threads took: 0.0000207 seconds
69.484: [GC (Allocation Failure)  860040K->535078K(1033216K), 0.0021712 secs]
69.486: Total time for which application threads were stopped: 0.0023446 seconds, Stopping threads took: 0.0000216 seconds
69.555: [GC (Allocation Failure)  853542K->541648K(1033216K), 0.0048726 secs]
69.560: Total time for which application threads were stopped: 0.0050469 seconds, Stopping threads took: 0.0000207 seconds
69.628: [GC (Allocation Failure)  860112K->545720K(1033728K), 0.0055327 secs]
69.634: Total time for which application threads were stopped: 0.0056937 seconds, Stopping threads took: 0.0000202 seconds
69.703: [GC (Allocation Failure)  865208K->548598K(1030144K), 0.0058464 secs]
69.709: Total time for which application threads were stopped: 0.0060166 seconds, Stopping threads took: 0.0000196 seconds
69.776: [GC (Allocation Failure)  868086K->545976K(1032704K), 0.0047765 secs]
69.781: Total time for which application threads were stopped: 0.0049505 seconds, Stopping threads took: 0.0000204 seconds
69.848: [GC (Allocation Failure)  863416K->545720K(1032704K), 0.0046998 secs]
69.853: Total time for which application threads were stopped: 0.0048944 seconds, Stopping threads took: 0.0000204 seconds
69.920: [GC (Allocation Failure)  863160K->539638K(1033216K), 0.0022399 secs]
69.922: Total time for which application threads were stopped: 0.0024122 seconds, Stopping threads took: 0.0000193 seconds
69.990: [GC (Allocation Failure)  858102K->545912K(1033216K), 0.0045966 secs]
69.994: Total time for which application threads were stopped: 0.0047883 seconds, Stopping threads took: 0.0000194 seconds
70.062: [GC (Allocation Failure)  864376K->545752K(1033216K), 0.0048964 secs]
70.067: Total time for which application threads were stopped: 0.0050530 seconds, Stopping threads took: 0.0000177 seconds
70.132: [GC (Allocation Failure)  864216K->547888K(1033216K), 0.0049667 secs]
70.137: Total time for which application threads were stopped: 0.0051363 seconds, Stopping threads took: 0.0000189 seconds
70.203: [GC (Allocation Failure)  866352K->553778K(1033728K), 0.0048402 secs]
70.208: Total time for which application threads were stopped: 0.0050118 seconds, Stopping threads took: 0.0000254 seconds
70.277: [GC (Allocation Failure)  873266K->553714K(1033728K), 0.0048786 secs]
70.282: Total time for which application threads were stopped: 0.0050408 seconds, Stopping threads took: 0.0000209 seconds
70.350: [GC (Allocation Failure)  873202K->554058K(1033728K), 0.0047863 secs]
70.355: Total time for which application threads were stopped: 0.0050097 seconds, Stopping threads took: 0.0000480 seconds
70.423: [GC (Allocation Failure)  873546K->561837K(1033728K), 0.0046167 secs]
70.428: Total time for which application threads were stopped: 0.0047750 seconds, Stopping threads took: 0.0000173 seconds
70.495: [GC (Allocation Failure)  881325K->561741K(1033728K), 0.0048331 secs]
70.499: Total time for which application threads were stopped: 0.0050061 seconds, Stopping threads took: 0.0000203 seconds
70.566: [GC (Allocation Failure)  881229K->565317K(1033728K), 0.0067531 secs]
70.573: Total time for which application threads were stopped: 0.0069290 seconds, Stopping threads took: 0.0000208 seconds
70.643: [GC (Allocation Failure)  884805K->569863K(1034240K), 0.0048667 secs]
70.647: Total time for which application threads were stopped: 0.0050404 seconds, Stopping threads took: 0.0000274 seconds
70.715: [GC (Allocation Failure)  890375K->569799K(1034240K), 0.0048679 secs]
70.720: Total time for which application threads were stopped: 0.0050473 seconds, Stopping threads took: 0.0000194 seconds
70.787: [GC (Allocation Failure)  890311K->570503K(1034240K), 0.0047341 secs]
70.792: Total time for which application threads were stopped: 0.0049016 seconds, Stopping threads took: 0.0000199 seconds
70.860: [GC (Allocation Failure)  891015K->577833K(1034240K), 0.0046972 secs]
70.864: Total time for which application threads were stopped: 0.0048537 seconds, Stopping threads took: 0.0000195 seconds
70.932: [GC (Allocation Failure)  898345K->577833K(1034240K), 0.0048561 secs]
70.937: Total time for which application threads were stopped: 0.0051356 seconds, Stopping threads took: 0.0000196 seconds
71.004: [GC (Allocation Failure)  898345K->580777K(1034240K), 0.0053414 secs]
71.009: Total time for which application threads were stopped: 0.0055036 seconds, Stopping threads took: 0.0000213 seconds
71.077: [GC (Allocation Failure)  901289K->585899K(1034240K), 0.0045649 secs]
71.081: Total time for which application threads were stopped: 0.0047273 seconds, Stopping threads took: 0.0000203 seconds
71.149: [GC (Allocation Failure)  906411K->585835K(1034240K), 0.0046744 secs]
71.154: Total time for which application threads were stopped: 0.0048448 seconds, Stopping threads took: 0.0000206 seconds
71.221: [GC (Allocation Failure)  906347K->586987K(1034240K), 0.0049419 secs]
71.226: Total time for which application threads were stopped: 0.0051148 seconds, Stopping threads took: 0.0000279 seconds
71.294: [GC (Allocation Failure)  907499K->594030K(1034240K), 0.0046034 secs]
71.298: Total time for which application threads were stopped: 0.0047767 seconds, Stopping threads took: 0.0000200 seconds
71.366: [GC (Allocation Failure)  914542K->593934K(1034240K), 0.0049287 secs]
71.371: Total time for which application threads were stopped: 0.0050946 seconds, Stopping threads took: 0.0000196 seconds
71.438: [GC (Allocation Failure)  914446K->597222K(1034240K), 0.0055216 secs]
71.443: Total time for which application threads were stopped: 0.0056892 seconds, Stopping threads took: 0.0000278 seconds
71.511: [GC (Allocation Failure)  917734K->601992K(1034752K), 0.0049469 secs]
71.516: Total time for which application threads were stopped: 0.0051153 seconds, Stopping threads took: 0.0000198 seconds
71.584: [GC (Allocation Failure)  923528K->601928K(1034752K), 0.0065072 secs]
71.590: Total time for which application threads were stopped: 0.0066739 seconds, Stopping threads took: 0.0000201 seconds
71.657: [GC (Allocation Failure)  923464K->605480K(1034752K), 0.0068761 secs]
71.664: Total time for which application threads were stopped: 0.0070742 seconds, Stopping threads took: 0.0000264 seconds
71.731: [GC (Allocation Failure)  927016K->609962K(1034752K), 0.0048265 secs]
71.735: Total time for which application threads were stopped: 0.0049842 seconds, Stopping threads took: 0.0000201 seconds
71.803: [GC (Allocation Failure)  931498K->609962K(1034752K), 0.0046347 secs]
71.808: Total time for which application threads were stopped: 0.0047904 seconds, Stopping threads took: 0.0000186 seconds
71.874: [GC (Allocation Failure)  931498K->610658K(1034752K), 0.0052372 secs]
71.879: Total time for which application threads were stopped: 0.0054055 seconds, Stopping threads took: 0.0000194 seconds
71.948: [GC (Allocation Failure)  932194K->617989K(1034752K), 0.0047558 secs]
71.952: Total time for which application threads were stopped: 0.0049145 seconds, Stopping threads took: 0.0000199 seconds
72.020: [GC (Allocation Failure)  939525K->617957K(1034752K), 0.0049118 secs]
72.025: Total time for which application threads were stopped: 0.0050776 seconds, Stopping threads took: 0.0000195 seconds
72.090: [GC (Allocation Failure)  939493K->619885K(1034752K), 0.0051468 secs]
72.095: Total time for which application threads were stopped: 0.0053155 seconds, Stopping threads took: 0.0000194 seconds
72.164: [GC (Allocation Failure)  941421K->626063K(1034752K), 0.0047868 secs]
72.169: Total time for which application threads were stopped: 0.0049641 seconds, Stopping threads took: 0.0000285 seconds
72.236: [GC (Allocation Failure)  947599K->626031K(1034752K), 0.0067762 secs]
72.243: Total time for which application threads were stopped: 0.0069275 seconds, Stopping threads took: 0.0000188 seconds
72.308: [GC (Allocation Failure)  947567K->629159K(1034752K), 0.0078651 secs]
72.316: Total time for which application threads were stopped: 0.0080297 seconds, Stopping threads took: 0.0000203 seconds
72.386: [GC (Allocation Failure)  950695K->634185K(1034752K), 0.0047924 secs]
72.391: Total time for which application threads were stopped: 0.0049881 seconds, Stopping threads took: 0.0000211 seconds
72.460: [GC (Allocation Failure)  955721K->634089K(1034752K), 0.0049649 secs]
72.465: Total time for which application threads were stopped: 0.0051298 seconds, Stopping threads took: 0.0000198 seconds
72.531: [GC (Allocation Failure)  955625K->634313K(1033728K), 0.0047403 secs]
72.535: Total time for which application threads were stopped: 0.0049337 seconds, Stopping threads took: 0.0000195 seconds
72.604: [GC (Allocation Failure)  954825K->642155K(1034240K), 0.0048765 secs]
72.609: Total time for which application threads were stopped: 0.0050434 seconds, Stopping threads took: 0.0000204 seconds
72.677: [GC (Allocation Failure)  962667K->642059K(1034240K), 0.0056597 secs]
72.683: Total time for which application threads were stopped: 0.0058049 seconds, Stopping threads took: 0.0000263 seconds
72.750: [GC (Allocation Failure)  962571K->644579K(1034240K), 0.0053713 secs]
72.756: Total time for which application threads were stopped: 0.0055333 seconds, Stopping threads took: 0.0000203 seconds
72.823: [GC (Allocation Failure)  965091K->650118K(1034752K), 0.0046563 secs]
72.828: Total time for which application threads were stopped: 0.0048220 seconds, Stopping threads took: 0.0000200 seconds
72.896: [GC (Allocation Failure)  971654K->650118K(1034752K), 0.0050843 secs]
72.901: Total time for which application threads were stopped: 0.0052592 seconds, Stopping threads took: 0.0000195 seconds
72.966: [GC (Allocation Failure)  971654K->652806K(1034752K), 0.0054791 secs]
72.972: Total time for which application threads were stopped: 0.0056502 seconds, Stopping threads took: 0.0000197 seconds
73.040: [GC (Allocation Failure)  974342K->658152K(1034752K), 0.0051102 secs]
73.045: Total time for which application threads were stopped: 0.0052772 seconds, Stopping threads took: 0.0000202 seconds
73.112: [GC (Allocation Failure)  979688K->658152K(1034752K), 0.0050769 secs]
73.117: Total time for which application threads were stopped: 0.0052493 seconds, Stopping threads took: 0.0000192 seconds
73.182: [GC (Allocation Failure)  979688K->662088K(1034752K), 0.0057223 secs]
73.188: Total time for which application threads were stopped: 0.0060164 seconds, Stopping threads took: 0.0001377 seconds
73.256: [GC (Allocation Failure)  983624K->666218K(1035264K), 0.0104842 secs]
73.267: Total time for which application threads were stopped: 0.0106491 seconds, Stopping threads took: 0.0000209 seconds
73.336: [GC (Allocation Failure)  988778K->666154K(1035264K), 0.0048995 secs]
73.341: Total time for which application threads were stopped: 0.0050611 seconds, Stopping threads took: 0.0000198 seconds
73.408: [GC (Allocation Failure)  988714K->669290K(1035264K), 0.0055615 secs]
73.414: Total time for which application threads were stopped: 0.0057263 seconds, Stopping threads took: 0.0000211 seconds
73.482: [GC (Allocation Failure)  991850K->674284K(1035264K), 0.0050837 secs]
73.487: Total time for which application threads were stopped: 0.0052545 seconds, Stopping threads took: 0.0000203 seconds
73.554: [GC (Allocation Failure)  996844K->674220K(1035264K), 0.0050724 secs]
73.559: Total time for which application threads were stopped: 0.0052552 seconds, Stopping threads took: 0.0000203 seconds
73.629: [GC (Allocation Failure)  996780K->677548K(1035264K), 0.0056684 secs]
73.634: Total time for which application threads were stopped: 0.0058398 seconds, Stopping threads took: 0.0000271 seconds
73.702: [GC (Allocation Failure)  1000108K->682255K(1035264K), 0.0050012 secs]
73.708: Total time for which application threads were stopped: 0.0051521 seconds, Stopping threads took: 0.0000172 seconds
73.776: [GC (Allocation Failure)  1004815K->682255K(1035264K), 0.0050102 secs]
73.781: Total time for which application threads were stopped: 0.0051708 seconds, Stopping threads took: 0.0000194 seconds
73.848: [GC (Allocation Failure)  1004815K->685767K(1035264K), 0.0058138 secs]
73.854: [Full GC (Ergonomics)  685767K->11954K(1035264K), 0.0198532 secs]
73.874: Total time for which application threads were stopped: 0.0259442 seconds, Stopping threads took: 0.0000188 seconds
73.942: [GC (Allocation Failure)  334514K->20660K(1035264K), 0.0039031 secs]
73.946: Total time for which application threads were stopped: 0.0040635 seconds, Stopping threads took: 0.0000202 seconds
74.012: [GC (Allocation Failure)  343220K->20700K(1035264K), 0.0039210 secs]
74.016: Total time for which application threads were stopped: 0.0040912 seconds, Stopping threads took: 0.0000207 seconds
74.083: [GC (Allocation Failure)  343260K->24380K(1035264K), 0.0045556 secs]
74.088: Total time for which application threads were stopped: 0.0047153 seconds, Stopping threads took: 0.0000284 seconds
74.158: [GC (Allocation Failure)  346940K->28862K(1035264K), 0.0035798 secs]
74.161: Total time for which application threads were stopped: 0.0037512 seconds, Stopping threads took: 0.0000266 seconds
74.230: [GC (Allocation Failure)  351422K->28734K(1035264K), 0.0039826 secs]
74.234: Total time for which application threads were stopped: 0.0041489 seconds, Stopping threads took: 0.0000192 seconds
74.300: [GC (Allocation Failure)  351294K->32646K(1035776K), 0.0046657 secs]
74.305: Total time for which application threads were stopped: 0.0048332 seconds, Stopping threads took: 0.0000194 seconds
74.373: [GC (Allocation Failure)  355718K->36872K(1035264K), 0.0037880 secs]
74.377: Total time for which application threads were stopped: 0.0039474 seconds, Stopping threads took: 0.0000199 seconds
74.445: [GC (Allocation Failure)  359944K->36744K(1035776K), 0.0038612 secs]
74.449: Total time for which application threads were stopped: 0.0040319 seconds, Stopping threads took: 0.0000283 seconds
74.517: [GC (Allocation Failure)  360328K->34886K(1035776K), 0.0030545 secs]
74.520: Total time for which application threads were stopped: 0.0032239 seconds, Stopping threads took: 0.0000195 seconds
74.588: [GC (Allocation Failure)  358470K->36808K(1036288K), 0.0038033 secs]
74.592: Total time for which application threads were stopped: 0.0039971 seconds, Stopping threads took: 0.0000196 seconds
74.664: [GC (Allocation Failure)  361416K->36744K(1036288K), 0.0074387 secs]
74.671: Total time for which application threads were stopped: 0.0075871 seconds, Stopping threads took: 0.0000175 seconds
74.739: [GC (Allocation Failure)  361352K->44262K(1031168K), 0.0075148 secs]
74.746: Total time for which application threads were stopped: 0.0076881 seconds, Stopping threads took: 0.0000269 seconds
74.814: [GC (Allocation Failure)  363750K->40072K(1033728K), 0.0035945 secs]
74.818: Total time for which application threads were stopped: 0.0037571 seconds, Stopping threads took: 0.0000200 seconds
74.883: [GC (Allocation Failure)  359560K->40072K(1034752K), 0.0038033 secs]
74.887: Total time for which application threads were stopped: 0.0039716 seconds, Stopping threads took: 0.0000222 seconds
74.955: [GC (Allocation Failure)  361096K->44198K(1032704K), 0.0055474 secs]
74.961: Total time for which application threads were stopped: 0.0057201 seconds, Stopping threads took: 0.0000205 seconds
75.027: [GC (Allocation Failure)  365222K->40264K(1034240K), 0.0038949 secs]
75.031: Total time for which application threads were stopped: 0.0040600 seconds, Stopping threads took: 0.0000206 seconds
75.099: [GC (Allocation Failure)  360264K->40040K(1033728K), 0.0038167 secs]
75.103: Total time for which application threads were stopped: 0.0040014 seconds, Stopping threads took: 0.0000216 seconds
75.169: [GC (Allocation Failure)  360040K->41830K(1034752K), 0.0043825 secs]
75.174: Total time for which application threads were stopped: 0.0045480 seconds, Stopping threads took: 0.0000268 seconds
75.242: [GC (Allocation Failure)  363366K->40200K(1034752K), 0.0037443 secs]
75.246: Total time for which application threads were stopped: 0.0039204 seconds, Stopping threads took: 0.0000187 seconds
75.314: [GC (Allocation Failure)  361736K->40072K(1035776K), 0.0037859 secs]
75.318: Total time for which application threads were stopped: 0.0039726 seconds, Stopping threads took: 0.0000204 seconds
75.384: [GC (Allocation Failure)  363144K->44614K(1035264K), 0.0056044 secs]
75.390: Total time for which application threads were stopped: 0.0058052 seconds, Stopping threads took: 0.0000212 seconds
75.457: [GC (Allocation Failure)  367686K->40136K(1034240K), 0.0037717 secs]
75.461: Total time for which application threads were stopped: 0.0039311 seconds, Stopping threads took: 0.0000188 seconds
75.528: [GC (Allocation Failure)  361672K->40040K(1034752K), 0.0037579 secs]
75.532: Total time for which application threads were stopped: 0.0039266 seconds, Stopping threads took: 0.0000203 seconds
75.597: [GC (Allocation Failure)  361576K->47334K(1031168K), 0.0071334 secs]
75.604: Total time for which application threads were stopped: 0.0073036 seconds, Stopping threads took: 0.0000199 seconds
75.673: [GC (Allocation Failure)  365798K->42152K(1033216K), 0.0046830 secs]
75.678: Total time for which application threads were stopped: 0.0048837 seconds, Stopping threads took: 0.0000278 seconds
75.746: [GC (Allocation Failure)  360616K->42056K(1033728K), 0.0036421 secs]
75.749: Total time for which application threads were stopped: 0.0037958 seconds, Stopping threads took: 0.0000189 seconds
75.817: [GC (Allocation Failure)  361544K->42470K(1033728K), 0.0039675 secs]
75.821: Total time for which application threads were stopped: 0.0041348 seconds, Stopping threads took: 0.0000217 seconds
75.888: [GC (Allocation Failure)  361958K->42344K(1034752K), 0.0038756 secs]
75.892: Total time for which application threads were stopped: 0.0040574 seconds, Stopping threads took: 0.0000199 seconds
75.959: [GC (Allocation Failure)  363368K->42088K(1034240K), 0.0037134 secs]
75.963: Total time for which application threads were stopped: 0.0038757 seconds, Stopping threads took: 0.0000210 seconds
76.030: [GC (Allocation Failure)  363112K->40582K(1035264K), 0.0032952 secs]
76.034: Total time for which application threads were stopped: 0.0035129 seconds, Stopping threads took: 0.0000224 seconds
76.102: [GC (Allocation Failure)  363142K->42280K(1035264K), 0.0037643 secs]
76.106: Total time for which application threads were stopped: 0.0039524 seconds, Stopping threads took: 0.0000205 seconds
76.175: [GC (Allocation Failure)  364840K->42088K(1035776K), 0.0044130 secs]
76.179: Total time for which application threads were stopped: 0.0045858 seconds, Stopping threads took: 0.0000268 seconds
76.249: [GC (Allocation Failure)  365160K->45414K(1035264K), 0.0052047 secs]
76.254: Total time for which application threads were stopped: 0.0053658 seconds, Stopping threads took: 0.0000186 seconds
76.322: [GC (Allocation Failure)  368486K->42216K(1035264K), 0.0038631 secs]
76.326: Total time for which application threads were stopped: 0.0040324 seconds, Stopping threads took: 0.0000191 seconds
76.394: [GC (Allocation Failure)  364776K->42088K(1035264K), 0.0039391 secs]
76.398: Total time for which application threads were stopped: 0.0041181 seconds, Stopping threads took: 0.0000384 seconds
76.468: [GC (Allocation Failure)  364648K->50182K(1030656K), 0.0075439 secs]
76.476: Total time for which application threads were stopped: 0.0077046 seconds, Stopping threads took: 0.0000196 seconds
76.543: [GC (Allocation Failure)  368646K->45544K(1033216K), 0.0038694 secs]
76.546: Total time for which application threads were stopped: 0.0040554 seconds, Stopping threads took: 0.0000269 seconds
76.614: [GC (Allocation Failure)  364008K->45448K(1034240K), 0.0038131 secs]
76.618: Total time for which application threads were stopped: 0.0039949 seconds, Stopping threads took: 0.0000199 seconds
76.687: [GC (Allocation Failure)  365448K->47110K(1033728K), 0.0060872 secs]
76.693: Total time for which application threads were stopped: 0.0062393 seconds, Stopping threads took: 0.0000254 seconds
76.761: [GC (Allocation Failure)  367110K->45448K(1034752K), 0.0036166 secs]
76.765: Total time for which application threads were stopped: 0.0037753 seconds, Stopping threads took: 0.0000185 seconds
76.833: [GC (Allocation Failure)  366472K->45480K(1034240K), 0.0037028 secs]
76.837: Total time for which application threads were stopped: 0.0038652 seconds, Stopping threads took: 0.0000200 seconds
76.905: [GC (Allocation Failure)  366504K->45766K(1035264K), 0.0039857 secs]
76.909: Total time for which application threads were stopped: 0.0041463 seconds, Stopping threads took: 0.0000196 seconds
76.976: [GC (Allocation Failure)  367814K->45672K(1034752K), 0.0038616 secs]
76.980: Total time for which application threads were stopped: 0.0040344 seconds, Stopping threads took: 0.0000290 seconds
77.049: [GC (Allocation Failure)  367720K->45448K(1035776K), 0.0036950 secs]
77.053: Total time for which application threads were stopped: 0.0038559 seconds, Stopping threads took: 0.0000203 seconds
77.121: [GC (Allocation Failure)  369032K->50054K(1035776K), 0.0070678 secs]
77.128: Total time for which application threads were stopped: 0.0072428 seconds, Stopping threads took: 0.0000190 seconds
77.198: [GC (Allocation Failure)  373638K->45608K(1033728K), 0.0038538 secs]
77.201: Total time for which application threads were stopped: 0.0040172 seconds, Stopping threads took: 0.0000262 seconds
77.269: [GC (Allocation Failure)  367144K->45448K(1034752K), 0.0037223 secs]
77.273: Total time for which application threads were stopped: 0.0038936 seconds, Stopping threads took: 0.0000205 seconds
77.339: [GC (Allocation Failure)  366984K->53318K(1031168K), 0.0074301 secs]
77.346: Total time for which application threads were stopped: 0.0076222 seconds, Stopping threads took: 0.0000202 seconds
77.415: [GC (Allocation Failure)  371782K->48200K(1033216K), 0.0038700 secs]
77.419: Total time for which application threads were stopped: 0.0040393 seconds, Stopping threads took: 0.0000192 seconds
77.484: [GC (Allocation Failure)  366664K->48072K(1033728K), 0.0037491 secs]
77.488: Total time for which application threads were stopped: 0.0039336 seconds, Stopping threads took: 0.0000222 seconds
77.554: [GC (Allocation Failure)  367048K->48518K(1033216K), 0.0038468 secs]
77.558: Total time for which application threads were stopped: 0.0040328 seconds, Stopping threads took: 0.0000195 seconds
77.625: [GC (Allocation Failure)  367494K->48136K(1034240K), 0.0037854 secs]
77.629: Total time for which application threads were stopped: 0.0039679 seconds, Stopping threads took: 0.0000263 seconds
77.700: [GC (Allocation Failure)  368648K->48040K(1034240K), 0.0037036 secs]
77.704: Total time for which application threads were stopped: 0.0038576 seconds, Stopping threads took: 0.0000172 seconds
77.771: [GC (Allocation Failure)  368552K->45094K(1033728K), 0.0026784 secs]
77.773: Total time for which application threads were stopped: 0.0028362 seconds, Stopping threads took: 0.0000201 seconds
77.841: [GC (Allocation Failure)  365606K->48104K(1034240K), 0.0038241 secs]
77.845: Total time for which application threads were stopped: 0.0039934 seconds, Stopping threads took: 0.0000198 seconds
77.913: [GC (Allocation Failure)  368616K->48072K(1035264K), 0.0037737 secs]
77.917: Total time for which application threads were stopped: 0.0039563 seconds, Stopping threads took: 0.0000270 seconds
77.986: [GC (Allocation Failure)  370120K->44806K(1034752K), 0.0025642 secs]
77.989: Total time for which application threads were stopped: 0.0027410 seconds, Stopping threads took: 0.0000283 seconds
78.057: [GC (Allocation Failure)  366854K->48296K(1035264K), 0.0036693 secs]
78.061: Total time for which application threads were stopped: 0.0038455 seconds, Stopping threads took: 0.0000207 seconds
78.129: [GC (Allocation Failure)  370856K->48072K(1035264K), 0.0038026 secs]
78.133: Total time for which application threads were stopped: 0.0039643 seconds, Stopping threads took: 0.0000257 seconds
78.201: [GC (Allocation Failure)  370632K->48582K(1036288K), 0.0038513 secs]
78.205: Total time for which application threads were stopped: 0.0040017 seconds, Stopping threads took: 0.0000164 seconds
78.274: [GC (Allocation Failure)  372678K->48232K(1035776K), 0.0037246 secs]
78.278: Total time for which application threads were stopped: 0.0039084 seconds, Stopping threads took: 0.0000200 seconds
78.347: [GC (Allocation Failure)  372328K->48040K(1036800K), 0.0036301 secs]
78.350: Total time for which application threads were stopped: 0.0038221 seconds, Stopping threads took: 0.0000200 seconds
78.420: [GC (Allocation Failure)  373672K->42630K(1028096K), 0.0015117 secs]
78.422: Total time for which application threads were stopped: 0.0016478 seconds, Stopping threads took: 0.0000199 seconds
78.490: [GC (Allocation Failure)  368262K->48200K(1036288K), 0.0036596 secs]
78.494: Total time for which application threads were stopped: 0.0038418 seconds, Stopping threads took: 0.0000200 seconds
78.562: [GC (Allocation Failure)  372808K->52232K(1036288K), 0.0038707 secs]
78.566: Total time for which application threads were stopped: 0.0040366 seconds, Stopping threads took: 0.0000211 seconds
78.633: [GC (Allocation Failure)  376840K->52168K(1036800K), 0.0050262 secs]
78.639: Total time for which application threads were stopped: 0.0052166 seconds, Stopping threads took: 0.0000280 seconds
78.707: [GC (Allocation Failure)  377800K->52552K(1025536K), 0.0039140 secs]
78.711: Total time for which application threads were stopped: 0.0040903 seconds, Stopping threads took: 0.0000203 seconds
78.779: [GC (Allocation Failure)  378184K->60235K(1036288K), 0.0039392 secs]
78.783: Total time for which application threads were stopped: 0.0041027 seconds, Stopping threads took: 0.0000203 seconds
78.851: [GC (Allocation Failure)  384331K->60203K(1035776K), 0.0037175 secs]
78.855: Total time for which application threads were stopped: 0.0039044 seconds, Stopping threads took: 0.0000200 seconds
78.922: [GC (Allocation Failure)  384299K->60299K(1035264K), 0.0038036 secs]
78.926: Total time for which application threads were stopped: 0.0039734 seconds, Stopping threads took: 0.0000204 seconds
78.994: [GC (Allocation Failure)  383883K->68269K(1035776K), 0.0036992 secs]
78.997: Total time for which application threads were stopped: 0.0038748 seconds, Stopping threads took: 0.0000190 seconds
79.065: [GC (Allocation Failure)  391853K->68269K(1035776K), 0.0039689 secs]
79.069: Total time for which application threads were stopped: 0.0041405 seconds, Stopping threads took: 0.0000201 seconds
79.137: [GC (Allocation Failure)  391853K->68517K(1023488K), 0.0037843 secs]
79.141: Total time for which application threads were stopped: 0.0039728 seconds, Stopping threads took: 0.0000285 seconds
79.209: [GC (Allocation Failure)  392101K->76327K(1035264K), 0.0038968 secs]
79.213: Total time for which application threads were stopped: 0.0040794 seconds, Stopping threads took: 0.0000264 seconds
79.280: [GC (Allocation Failure)  398887K->76295K(1035264K), 0.0050455 secs]
79.285: Total time for which application threads were stopped: 0.0052071 seconds, Stopping threads took: 0.0000202 seconds
79.352: [GC (Allocation Failure)  398855K->76359K(1034240K), 0.0038427 secs]
79.356: Total time for which application threads were stopped: 0.0040035 seconds, Stopping threads took: 0.0000199 seconds
79.424: [GC (Allocation Failure)  397895K->84330K(1034752K), 0.0037588 secs]
79.428: Total time for which application threads were stopped: 0.0039271 seconds, Stopping threads took: 0.0000199 seconds
79.494: [GC (Allocation Failure)  405866K->84362K(1034752K), 0.0039559 secs]
79.498: Total time for which application threads were stopped: 0.0041473 seconds, Stopping threads took: 0.0000197 seconds
79.565: [GC (Allocation Failure)  405898K->84490K(1021440K), 0.0037144 secs]
79.569: Total time for which application threads were stopped: 0.0038803 seconds, Stopping threads took: 0.0000260 seconds
79.637: [GC (Allocation Failure)  406026K->92364K(1034240K), 0.0038742 secs]
79.641: Total time for which application threads were stopped: 0.0040436 seconds, Stopping threads took: 0.0000260 seconds
79.710: [GC (Allocation Failure)  412876K->92332K(1034240K), 0.0038337 secs]
79.714: Total time for which application threads were stopped: 0.0040058 seconds, Stopping threads took: 0.0000204 seconds
79.781: [GC (Allocation Failure)  412844K->92716K(1034240K), 0.0040049 secs]
79.785: Total time for which application threads were stopped: 0.0041882 seconds, Stopping threads took: 0.0000202 seconds
79.853: [GC (Allocation Failure)  413228K->100430K(1034240K), 0.0038962 secs]
79.857: Total time for which application threads were stopped: 0.0040616 seconds, Stopping threads took: 0.0000209 seconds
79.925: [GC (Allocation Failure)  420942K->100398K(1034240K), 0.0040295 secs]
79.929: Total time for which application threads were stopped: 0.0042034 seconds, Stopping threads took: 0.0000209 seconds
79.998: [GC (Allocation Failure)  420910K->100934K(1020928K), 0.0041690 secs]
80.002: Total time for which application threads were stopped: 0.0043481 seconds, Stopping threads took: 0.0000234 seconds
80.070: [GC (Allocation Failure)  421446K->108424K(1033728K), 0.0039310 secs]
80.074: Total time for which application threads were stopped: 0.0041032 seconds, Stopping threads took: 0.0000212 seconds
80.141: [GC (Allocation Failure)  427912K->108424K(1033728K), 0.0038540 secs]
80.145: Total time for which application threads were stopped: 0.0040214 seconds, Stopping threads took: 0.0000264 seconds
80.210: [GC (Allocation Failure)  427912K->108680K(1033728K), 0.0039415 secs]
80.214: Total time for which application threads were stopped: 0.0041102 seconds, Stopping threads took: 0.0000199 seconds
80.281: [GC (Allocation Failure)  428168K->116491K(1033728K), 0.0040910 secs]
80.285: Total time for which application threads were stopped: 0.0042644 seconds, Stopping threads took: 0.0000205 seconds
80.352: [GC (Allocation Failure)  435979K->116459K(1033728K), 0.0036846 secs]
80.356: Total time for which application threads were stopped: 0.0038746 seconds, Stopping threads took: 0.0000199 seconds
80.422: [GC (Allocation Failure)  435947K->116523K(1033728K), 0.0039124 secs]
80.426: Total time for which application threads were stopped: 0.0040774 seconds, Stopping threads took: 0.0000205 seconds
80.499: [GC (Allocation Failure)  436011K->124493K(1033728K), 0.0038969 secs]
80.503: Total time for which application threads were stopped: 0.0040566 seconds, Stopping threads took: 0.0000196 seconds
80.570: [GC (Allocation Failure)  443981K->124525K(1033728K), 0.0040587 secs]
80.574: Total time for which application threads were stopped: 0.0042287 seconds, Stopping threads took: 0.0000207 seconds
80.641: [GC (Allocation Failure)  444013K->124653K(1032704K), 0.0038921 secs]
80.645: Total time for which application threads were stopped: 0.0040624 seconds, Stopping threads took: 0.0000271 seconds
80.714: [GC (Allocation Failure)  443117K->132527K(1033216K), 0.0040194 secs]
80.718: Total time for which application threads were stopped: 0.0041874 seconds, Stopping threads took: 0.0000199 seconds
80.783: [GC (Allocation Failure)  450991K->132527K(1033216K), 0.0039085 secs]
80.787: Total time for which application threads were stopped: 0.0040755 seconds, Stopping threads took: 0.0000202 seconds
80.852: [GC (Allocation Failure)  450991K->132871K(1033216K), 0.0039124 secs]
80.856: Total time for which application threads were stopped: 0.0040816 seconds, Stopping threads took: 0.0000196 seconds
80.925: [GC (Allocation Failure)  451335K->140553K(1033216K), 0.0038279 secs]
80.928: Total time for which application threads were stopped: 0.0040009 seconds, Stopping threads took: 0.0000201 seconds
80.994: [GC (Allocation Failure)  459017K->140585K(1033216K), 0.0070655 secs]
81.001: Total time for which application threads were stopped: 0.0072360 seconds, Stopping threads took: 0.0000207 seconds
81.067: [GC (Allocation Failure)  459049K->140809K(1033216K), 0.0044828 secs]
81.072: Total time for which application threads were stopped: 0.0046584 seconds, Stopping threads took: 0.0000199 seconds
81.140: [GC (Allocation Failure)  459273K->148556K(1033216K), 0.0039543 secs]
81.144: Total time for which application threads were stopped: 0.0041502 seconds, Stopping threads took: 0.0000265 seconds
81.210: [GC (Allocation Failure)  467020K->144681K(1033728K), 0.0027277 secs]
81.213: Total time for which application threads were stopped: 0.0028711 seconds, Stopping threads took: 0.0000168 seconds
81.280: [GC (Allocation Failure)  463657K->148748K(1033216K), 0.0040424 secs]
81.284: Total time for which application threads were stopped: 0.0042072 seconds, Stopping threads took: 0.0000250 seconds
81.351: [GC (Allocation Failure)  467724K->152716K(1033728K), 0.0039942 secs]
81.355: Total time for which application threads were stopped: 0.0041549 seconds, Stopping threads took: 0.0000200 seconds
81.423: [GC (Allocation Failure)  473228K->160233K(1034240K), 0.0073561 secs]
81.431: Total time for which application threads were stopped: 0.0075268 seconds, Stopping threads took: 0.0000203 seconds
81.500: [GC (Allocation Failure)  480745K->153996K(1030144K), 0.0040801 secs]
81.504: Total time for which application threads were stopped: 0.0042399 seconds, Stopping threads took: 0.0000197 seconds
81.569: [GC (Allocation Failure)  470412K->153964K(1032192K), 0.0039046 secs]
81.573: Total time for which application threads were stopped: 0.0040803 seconds, Stopping threads took: 0.0000198 seconds
81.639: [GC (Allocation Failure)  470380K->151497K(1033216K), 0.0029791 secs]
81.642: Total time for which application threads were stopped: 0.0031528 seconds, Stopping threads took: 0.0000264 seconds
81.710: [GC (Allocation Failure)  469449K->154220K(1032704K), 0.0038970 secs]
81.714: Total time for which application threads were stopped: 0.0040625 seconds, Stopping threads took: 0.0000269 seconds
81.783: [GC (Allocation Failure)  472172K->153964K(1033728K), 0.0038988 secs]
81.787: Total time for which application threads were stopped: 0.0040726 seconds, Stopping threads took: 0.0000196 seconds
81.855: [GC (Allocation Failure)  472940K->155116K(1033216K), 0.0043431 secs]
81.859: Total time for which application threads were stopped: 0.0045029 seconds, Stopping threads took: 0.0000204 seconds
81.927: [GC (Allocation Failure)  474092K->162062K(1033728K), 0.0040676 secs]
81.931: Total time for which application threads were stopped: 0.0042312 seconds, Stopping threads took: 0.0000197 seconds
81.996: [GC (Allocation Failure)  481550K->162030K(1033728K), 0.0041528 secs]
82.001: Total time for which application threads were stopped: 0.0043113 seconds, Stopping threads took: 0.0000195 seconds
82.067: [GC (Allocation Failure)  481518K->165894K(1034240K), 0.0049631 secs]
82.072: Total time for which application threads were stopped: 0.0051201 seconds, Stopping threads took: 0.0000196 seconds
82.140: [GC (Allocation Failure)  485894K->170152K(1033728K), 0.0039281 secs]
82.144: Total time for which application threads were stopped: 0.0040876 seconds, Stopping threads took: 0.0000269 seconds
82.211: [GC (Allocation Failure)  490152K->170024K(1034752K), 0.0040684 secs]
82.215: Total time for which application threads were stopped: 0.0042398 seconds, Stopping threads took: 0.0000192 seconds
82.282: [GC (Allocation Failure)  491048K->171592K(1034240K), 0.0042249 secs]
82.286: Total time for which application threads were stopped: 0.0044067 seconds, Stopping threads took: 0.0000171 seconds
82.357: [GC (Allocation Failure)  492616K->178122K(1034240K), 0.0040359 secs]
82.361: Total time for which application threads were stopped: 0.0042301 seconds, Stopping threads took: 0.0000210 seconds
82.429: [GC (Allocation Failure)  498634K->178090K(1034240K), 0.0041250 secs]
82.433: Total time for which application threads were stopped: 0.0043232 seconds, Stopping threads took: 0.0000219 seconds
82.501: [GC (Allocation Failure)  498602K->178282K(1033728K), 0.0039243 secs]
82.505: Total time for which application threads were stopped: 0.0040880 seconds, Stopping threads took: 0.0000199 seconds
82.572: [GC (Allocation Failure)  498794K->186125K(1034240K), 0.0040556 secs]
82.576: Total time for which application threads were stopped: 0.0042198 seconds, Stopping threads took: 0.0000211 seconds
82.644: [GC (Allocation Failure)  506637K->186093K(1034240K), 0.0038884 secs]
82.648: Total time for which application threads were stopped: 0.0040634 seconds, Stopping threads took: 0.0000262 seconds
82.718: [GC (Allocation Failure)  506605K->188581K(1034240K), 0.0045216 secs]
82.722: Total time for which application threads were stopped: 0.0047084 seconds, Stopping threads took: 0.0000179 seconds
82.791: [GC (Allocation Failure)  509093K->194151K(1034240K), 0.0039499 secs]
82.795: Total time for which application threads were stopped: 0.0041137 seconds, Stopping threads took: 0.0000210 seconds
82.863: [GC (Allocation Failure)  514663K->194119K(1034240K), 0.0042018 secs]
82.867: Total time for which application threads were stopped: 0.0043968 seconds, Stopping threads took: 0.0000209 seconds
82.936: [GC (Allocation Failure)  514631K->194759K(1033728K), 0.0041643 secs]
82.941: Total time for which application threads were stopped: 0.0043273 seconds, Stopping threads took: 0.0000201 seconds
83.009: [GC (Allocation Failure)  515271K->202185K(1034240K), 0.0039884 secs]
83.013: Total time for which application threads were stopped: 0.0041582 seconds, Stopping threads took: 0.0000202 seconds
83.081: [GC (Allocation Failure)  522697K->202185K(1034240K), 0.0039894 secs]
83.085: Total time for which application threads were stopped: 0.0041851 seconds, Stopping threads took: 0.0000207 seconds
83.154: [GC (Allocation Failure)  522697K->205065K(1034240K), 0.0043487 secs]
83.158: Total time for which application threads were stopped: 0.0045236 seconds, Stopping threads took: 0.0000285 seconds
83.226: [GC (Allocation Failure)  525577K->210283K(1033728K), 0.0038590 secs]
83.230: Total time for which application threads were stopped: 0.0040125 seconds, Stopping threads took: 0.0000185 seconds
83.297: [GC (Allocation Failure)  530795K->210187K(1034240K), 0.0040817 secs]
83.301: Total time for which application threads were stopped: 0.0042614 seconds, Stopping threads took: 0.0000200 seconds
83.368: [GC (Allocation Failure)  530699K->211203K(1033728K), 0.0043228 secs]
83.373: Total time for which application threads were stopped: 0.0045218 seconds, Stopping threads took: 0.0000204 seconds
83.442: [GC (Allocation Failure)  531715K->218278K(1034240K), 0.0041406 secs]
83.446: Total time for which application threads were stopped: 0.0043129 seconds, Stopping threads took: 0.0000321 seconds
83.514: [GC (Allocation Failure)  538790K->218214K(1034240K), 0.0039778 secs]
83.518: Total time for which application threads were stopped: 0.0041481 seconds, Stopping threads took: 0.0000197 seconds
83.587: [GC (Allocation Failure)  538726K->221518K(1034240K), 0.0047748 secs]
83.592: Total time for which application threads were stopped: 0.0049340 seconds, Stopping threads took: 0.0000167 seconds
83.662: [GC (Allocation Failure)  542030K->226256K(1034752K), 0.0097369 secs]
83.671: Total time for which application threads were stopped: 0.0098887 seconds, Stopping threads took: 0.0000263 seconds
83.740: [GC (Allocation Failure)  547792K->226256K(1034752K), 0.0040269 secs]
83.744: Total time for which application threads were stopped: 0.0041949 seconds, Stopping threads took: 0.0000199 seconds
83.811: [GC (Allocation Failure)  547792K->229768K(1034752K), 0.0047934 secs]
83.816: Total time for which application threads were stopped: 0.0049512 seconds, Stopping threads took: 0.0000190 seconds
83.886: [GC (Allocation Failure)  551304K->234282K(1034752K), 0.0041645 secs]
83.890: Total time for which application threads were stopped: 0.0043357 seconds, Stopping threads took: 0.0000210 seconds
83.957: [GC (Allocation Failure)  555818K->234314K(1034752K), 0.0040441 secs]
83.961: Total time for which application threads were stopped: 0.0042028 seconds, Stopping threads took: 0.0000198 seconds
84.026: [GC (Allocation Failure)  555850K->234882K(1034752K), 0.0045278 secs]
84.031: Total time for which application threads were stopped: 0.0046972 seconds, Stopping threads took: 0.0000192 seconds
84.100: [GC (Allocation Failure)  556418K->242341K(1034752K), 0.0040278 secs]
84.104: Total time for which application threads were stopped: 0.0042205 seconds, Stopping threads took: 0.0000200 seconds
84.172: [GC (Allocation Failure)  563877K->242309K(1034752K), 0.0041972 secs]
84.176: Total time for which application threads were stopped: 0.0043628 seconds, Stopping threads took: 0.0000277 seconds
84.241: [GC (Allocation Failure)  563845K->244173K(1034752K), 0.0043451 secs]
84.246: Total time for which application threads were stopped: 0.0045080 seconds, Stopping threads took: 0.0000195 seconds
84.312: [GC (Allocation Failure)  565709K->250447K(1034752K), 0.0041271 secs]
84.316: Total time for which application threads were stopped: 0.0042963 seconds, Stopping threads took: 0.0000205 seconds
84.383: [GC (Allocation Failure)  571983K->250383K(1034752K), 0.0043029 secs]
84.387: Total time for which application threads were stopped: 0.0044757 seconds, Stopping threads took: 0.0000202 seconds
84.454: [GC (Allocation Failure)  571919K->253351K(1034752K), 0.0046458 secs]
84.459: Total time for which application threads were stopped: 0.0048396 seconds, Stopping threads took: 0.0000196 seconds
84.528: [GC (Allocation Failure)  574887K->258377K(1034752K), 0.0042397 secs]
84.533: Total time for which application threads were stopped: 0.0043919 seconds, Stopping threads took: 0.0000182 seconds
84.600: [GC (Allocation Failure)  579913K->258377K(1034752K), 0.0042736 secs]
84.604: Total time for which application threads were stopped: 0.0044302 seconds, Stopping threads took: 0.0000191 seconds
84.673: [GC (Allocation Failure)  579913K->258505K(1033728K), 0.0041642 secs]
84.677: Total time for which application threads were stopped: 0.0043459 seconds, Stopping threads took: 0.0000241 seconds
84.745: [GC (Allocation Failure)  579017K->266411K(1034240K), 0.0041191 secs]
84.749: Total time for which application threads were stopped: 0.0042856 seconds, Stopping threads took: 0.0000195 seconds
84.817: [GC (Allocation Failure)  586923K->266411K(1034240K), 0.0038878 secs]
84.821: Total time for which application threads were stopped: 0.0040606 seconds, Stopping threads took: 0.0000201 seconds
84.890: [GC (Allocation Failure)  586923K->268843K(1034240K), 0.0045648 secs]
84.894: Total time for which application threads were stopped: 0.0047357 seconds, Stopping threads took: 0.0000199 seconds
84.962: [GC (Allocation Failure)  589355K->274510K(1034752K), 0.0040206 secs]
84.966: Total time for which application threads were stopped: 0.0042220 seconds, Stopping threads took: 0.0000231 seconds
85.036: [GC (Allocation Failure)  596046K->274478K(1034752K), 0.0042267 secs]
85.041: Total time for which application threads were stopped: 0.0044049 seconds, Stopping threads took: 0.0000167 seconds
85.109: [GC (Allocation Failure)  596014K->277070K(1034752K), 0.0045282 secs]
85.114: Total time for which application threads were stopped: 0.0046887 seconds, Stopping threads took: 0.0000198 seconds
85.184: [GC (Allocation Failure)  598606K->282576K(1034752K), 0.0039968 secs]
85.188: Total time for which application threads were stopped: 0.0041973 seconds, Stopping threads took: 0.0000200 seconds
85.257: [GC (Allocation Failure)  604112K->282480K(1034752K), 0.0040427 secs]
85.261: Total time for which application threads were stopped: 0.0042035 seconds, Stopping threads took: 0.0000165 seconds
85.329: [GC (Allocation Failure)  604016K->286312K(1034752K), 0.0050174 secs]
85.334: Total time for which application threads were stopped: 0.0052110 seconds, Stopping threads took: 0.0000174 seconds
85.403: [GC (Allocation Failure)  607848K->290570K(1034752K), 0.0040986 secs]
85.408: Total time for which application threads were stopped: 0.0042658 seconds, Stopping threads took: 0.0000199 seconds
85.474: [GC (Allocation Failure)  612106K->290506K(1034752K), 0.0042449 secs]
85.479: Total time for which application threads were stopped: 0.0044329 seconds, Stopping threads took: 0.0000200 seconds
85.546: [GC (Allocation Failure)  612042K->291466K(1034752K), 0.0043561 secs]
85.550: Total time for which application threads were stopped: 0.0045067 seconds, Stopping threads took: 0.0000176 seconds
85.618: [GC (Allocation Failure)  613002K->298540K(1034752K), 0.0040778 secs]
85.622: Total time for which application threads were stopped: 0.0043091 seconds, Stopping threads took: 0.0000206 seconds
85.693: [GC (Allocation Failure)  620076K->298540K(1034752K), 0.0041186 secs]
85.698: Total time for which application threads were stopped: 0.0042779 seconds, Stopping threads took: 0.0000147 seconds
85.764: [GC (Allocation Failure)  620076K->300708K(1034752K), 0.0047025 secs]
85.768: Total time for which application threads were stopped: 0.0048919 seconds, Stopping threads took: 0.0000195 seconds
85.839: [GC (Allocation Failure)  622244K->306663K(1034752K), 0.0041572 secs]
85.843: Total time for which application threads were stopped: 0.0043432 seconds, Stopping threads took: 0.0000174 seconds
85.911: [GC (Allocation Failure)  628199K->306567K(1034752K), 0.0043518 secs]
85.915: Total time for which application threads were stopped: 0.0045398 seconds, Stopping threads took: 0.0000188 seconds
85.982: [GC (Allocation Failure)  628103K->309991K(1034752K), 0.0049291 secs]
85.987: Total time for which application threads were stopped: 0.0050795 seconds, Stopping threads took: 0.0000163 seconds
86.053: [GC (Allocation Failure)  631527K->314633K(1034752K), 0.0044309 secs]
86.058: Total time for which application threads were stopped: 0.0045999 seconds, Stopping threads took: 0.0000201 seconds
86.124: [GC (Allocation Failure)  636169K->314633K(1034752K), 0.0043873 secs]
86.128: Total time for which application threads were stopped: 0.0045668 seconds, Stopping threads took: 0.0000206 seconds
86.194: [GC (Allocation Failure)  636169K->315137K(1034752K), 0.0050970 secs]
86.199: Total time for which application threads were stopped: 0.0052644 seconds, Stopping threads took: 0.0000279 seconds
86.265: [GC (Allocation Failure)  636673K->322691K(1034752K), 0.0044036 secs]
86.269: Total time for which application threads were stopped: 0.0047123 seconds, Stopping threads took: 0.0000204 seconds
86.339: [GC (Allocation Failure)  644227K->322595K(1034752K), 0.0042294 secs]
86.343: Total time for which application threads were stopped: 0.0043770 seconds, Stopping threads took: 0.0000164 seconds
86.409: [GC (Allocation Failure)  644131K->324387K(1034752K), 0.0045325 secs]
86.414: Total time for which application threads were stopped: 0.0047323 seconds, Stopping threads took: 0.0000278 seconds
86.483: [GC (Allocation Failure)  645923K->330693K(1034752K), 0.0044883 secs]
86.488: Total time for which application threads were stopped: 0.0046440 seconds, Stopping threads took: 0.0000194 seconds
86.557: [GC (Allocation Failure)  652229K->330629K(1034752K), 0.0107909 secs]
86.567: Total time for which application threads were stopped: 0.0109570 seconds, Stopping threads took: 0.0000190 seconds
86.634: [GC (Allocation Failure)  652165K->333669K(1034752K), 0.0049649 secs]
86.639: Total time for which application threads were stopped: 0.0051500 seconds, Stopping threads took: 0.0000188 seconds
86.709: [GC (Allocation Failure)  655205K->338728K(1034752K), 0.0043604 secs]
86.713: Total time for which application threads were stopped: 0.0045193 seconds, Stopping threads took: 0.0000172 seconds
86.780: [GC (Allocation Failure)  660264K->338696K(1034752K), 0.0045284 secs]
86.785: Total time for which application threads were stopped: 0.0046979 seconds, Stopping threads took: 0.0000201 seconds
86.850: [GC (Allocation Failure)  660232K->338824K(1033728K), 0.0041854 secs]
86.854: Total time for which application threads were stopped: 0.0043658 seconds, Stopping threads took: 0.0000206 seconds
86.921: [GC (Allocation Failure)  659336K->346794K(1034240K), 0.0043735 secs]
86.925: Total time for which application threads were stopped: 0.0045592 seconds, Stopping threads took: 0.0000220 seconds
86.995: [GC (Allocation Failure)  667306K->346762K(1034240K), 0.0043855 secs]
87.000: Total time for which application threads were stopped: 0.0045601 seconds, Stopping threads took: 0.0000207 seconds
87.068: [GC (Allocation Failure)  667274K->349098K(1034240K), 0.0045316 secs]
87.073: Total time for which application threads were stopped: 0.0047237 seconds, Stopping threads took: 0.0000196 seconds
87.142: [GC (Allocation Failure)  669610K->354860K(1033728K), 0.0042960 secs]
87.147: Total time for which application threads were stopped: 0.0044644 seconds, Stopping threads took: 0.0000282 seconds
87.215: [GC (Allocation Failure)  675372K->354764K(1034240K), 0.0044977 secs]
87.219: Total time for which application threads were stopped: 0.0046600 seconds, Stopping threads took: 0.0000204 seconds
87.288: [GC (Allocation Failure)  675276K->355268K(1034240K), 0.0044557 secs]
87.292: Total time for which application threads were stopped: 0.0046236 seconds, Stopping threads took: 0.0000217 seconds
87.362: [GC (Allocation Failure)  675780K->362887K(1034240K), 0.0046278 secs]
87.366: Total time for which application threads were stopped: 0.0048233 seconds, Stopping threads took: 0.0000204 seconds
87.436: [GC (Allocation Failure)  683399K->362791K(1034240K), 0.0042844 secs]
87.441: Total time for which application threads were stopped: 0.0044429 seconds, Stopping threads took: 0.0000172 seconds
87.508: [GC (Allocation Failure)  683303K->365575K(1034240K), 0.0049252 secs]
87.513: Total time for which application threads were stopped: 0.0050918 seconds, Stopping threads took: 0.0000213 seconds
87.581: [GC (Allocation Failure)  686087K->370825K(1034240K), 0.0045211 secs]
87.585: Total time for which application threads were stopped: 0.0047008 seconds, Stopping threads took: 0.0000206 seconds
87.654: [GC (Allocation Failure)  691337K->370857K(1034240K), 0.0042286 secs]
87.658: Total time for which application threads were stopped: 0.0044104 seconds, Stopping threads took: 0.0000198 seconds
87.726: [GC (Allocation Failure)  691369K->371753K(1034240K), 0.0045020 secs]
87.731: Total time for which application threads were stopped: 0.0046602 seconds, Stopping threads took: 0.0000195 seconds
87.799: [GC (Allocation Failure)  692265K->378859K(1034240K), 0.0042617 secs]
87.803: Total time for which application threads were stopped: 0.0044414 seconds, Stopping threads took: 0.0000204 seconds
87.871: [GC (Allocation Failure)  699371K->378859K(1034240K), 0.0043942 secs]
87.876: Total time for which application threads were stopped: 0.0045728 seconds, Stopping threads took: 0.0000203 seconds
87.943: [GC (Allocation Failure)  699371K->382059K(1034240K), 0.0048203 secs]
87.948: Total time for which application threads were stopped: 0.0050177 seconds, Stopping threads took: 0.0000209 seconds
88.017: [GC (Allocation Failure)  702571K->386925K(1034752K), 0.0040092 secs]
88.021: Total time for which application threads were stopped: 0.0041568 seconds, Stopping threads took: 0.0000183 seconds
88.089: [GC (Allocation Failure)  708461K->386893K(1034752K), 0.0043065 secs]
88.094: Total time for which application threads were stopped: 0.0044674 seconds, Stopping threads took: 0.0000198 seconds
88.160: [GC (Allocation Failure)  708429K->390285K(1034752K), 0.0050981 secs]
88.165: Total time for which application threads were stopped: 0.0052758 seconds, Stopping threads took: 0.0000196 seconds
88.234: [GC (Allocation Failure)  711821K->395024K(1034752K), 0.0046347 secs]
88.238: Total time for which application threads were stopped: 0.0047916 seconds, Stopping threads took: 0.0000211 seconds
88.306: [GC (Allocation Failure)  716560K->394960K(1034752K), 0.0045958 secs]
88.310: Total time for which application threads were stopped: 0.0047717 seconds, Stopping threads took: 0.0000201 seconds
88.376: [GC (Allocation Failure)  716496K->395432K(1034752K), 0.0043985 secs]
88.380: Total time for which application threads were stopped: 0.0045670 seconds, Stopping threads took: 0.0000197 seconds
88.449: [GC (Allocation Failure)  716968K->403018K(1033728K), 0.0044054 secs]
88.454: Total time for which application threads were stopped: 0.0045753 seconds, Stopping threads took: 0.0000206 seconds
88.521: [GC (Allocation Failure)  723530K->402954K(1034240K), 0.0045970 secs]
88.526: Total time for which application threads were stopped: 0.0047640 seconds, Stopping threads took: 0.0000205 seconds
88.593: [GC (Allocation Failure)  723466K->406762K(1034752K), 0.0054147 secs]
88.599: Total time for which application threads were stopped: 0.0055887 seconds, Stopping threads took: 0.0000205 seconds
88.669: [GC (Allocation Failure)  728298K->410988K(1034752K), 0.0050775 secs]
88.674: Total time for which application threads were stopped: 0.0052349 seconds, Stopping threads took: 0.0000231 seconds
88.742: [GC (Allocation Failure)  732524K->410988K(1034752K), 0.0042615 secs]
88.747: Total time for which application threads were stopped: 0.0044704 seconds, Stopping threads took: 0.0000201 seconds
88.812: [GC (Allocation Failure)  732524K->411916K(1034752K), 0.0046149 secs]
88.816: Total time for which application threads were stopped: 0.0047615 seconds, Stopping threads took: 0.0000168 seconds
88.886: [GC (Allocation Failure)  733452K->419054K(1034752K), 0.0044397 secs]
88.891: Total time for which application threads were stopped: 0.0046175 seconds, Stopping threads took: 0.0000204 seconds
88.960: [GC (Allocation Failure)  740590K->419054K(1034752K), 0.0045329 secs]
88.964: Total time for which application threads were stopped: 0.0047041 seconds, Stopping threads took: 0.0000204 seconds
89.029: [GC (Allocation Failure)  740590K->421158K(1034752K), 0.0048265 secs]
89.034: Total time for which application threads were stopped: 0.0049964 seconds, Stopping threads took: 0.0000208 seconds
89.103: [GC (Allocation Failure)  742694K->427081K(1034752K), 0.0044571 secs]
89.107: Total time for which application threads were stopped: 0.0046171 seconds, Stopping threads took: 0.0000203 seconds
89.174: [GC (Allocation Failure)  748617K->427017K(1034752K), 0.0045529 secs]
89.178: Total time for which application threads were stopped: 0.0047277 seconds, Stopping threads took: 0.0000258 seconds
89.243: [GC (Allocation Failure)  748553K->430409K(1034752K), 0.0053121 secs]
89.249: Total time for which application threads were stopped: 0.0054822 seconds, Stopping threads took: 0.0000202 seconds
89.315: [GC (Allocation Failure)  751945K->435179K(1034752K), 0.0064852 secs]
89.321: Total time for which application threads were stopped: 0.0066681 seconds, Stopping threads took: 0.0000285 seconds
89.388: [GC (Allocation Failure)  756715K->435115K(1034752K), 0.0045914 secs]
89.392: Total time for which application threads were stopped: 0.0047814 seconds, Stopping threads took: 0.0000202 seconds
89.459: [GC (Allocation Failure)  756651K->435595K(1034752K), 0.0055114 secs]
89.465: Total time for which application threads were stopped: 0.0056603 seconds, Stopping threads took: 0.0000175 seconds
89.532: [GC (Allocation Failure)  757131K->443149K(1034752K), 0.0046329 secs]
89.536: Total time for which application threads were stopped: 0.0048271 seconds, Stopping threads took: 0.0000207 seconds
89.605: [GC (Allocation Failure)  764685K->443117K(1034752K), 0.0046005 secs]
89.609: Total time for which application threads were stopped: 0.0047683 seconds, Stopping threads took: 0.0000197 seconds
89.675: [GC (Allocation Failure)  764653K->444845K(1034752K), 0.0057973 secs]
89.681: Total time for which application threads were stopped: 0.0059490 seconds, Stopping threads took: 0.0000259 seconds
89.749: [GC (Allocation Failure)  766381K->451183K(1033728K), 0.0044577 secs]
89.754: Total time for which application threads were stopped: 0.0046471 seconds, Stopping threads took: 0.0000199 seconds
89.823: [GC (Allocation Failure)  771695K->451151K(1034240K), 0.0045303 secs]
89.828: Total time for which application threads were stopped: 0.0046925 seconds, Stopping threads took: 0.0000207 seconds
89.894: [GC (Allocation Failure)  771663K->452039K(1033728K), 0.0046187 secs]
89.899: Total time for which application threads were stopped: 0.0047818 seconds, Stopping threads took: 0.0000205 seconds
89.967: [GC (Allocation Failure)  772551K->459242K(1034240K), 0.0045101 secs]
89.971: Total time for which application threads were stopped: 0.0046928 seconds, Stopping threads took: 0.0000214 seconds
90.039: [GC (Allocation Failure)  779754K->459178K(1034240K), 0.0042401 secs]
90.043: Total time for which application threads were stopped: 0.0044060 seconds, Stopping threads took: 0.0000210 seconds
90.110: [GC (Allocation Failure)  779690K->462346K(1034240K), 0.0052526 secs]
90.115: Total time for which application threads were stopped: 0.0054115 seconds, Stopping threads took: 0.0000193 seconds
90.183: [GC (Allocation Failure)  782858K->467340K(1034752K), 0.0044582 secs]
90.188: Total time for which application threads were stopped: 0.0046268 seconds, Stopping threads took: 0.0000205 seconds
90.256: [GC (Allocation Failure)  788876K->467212K(1034752K), 0.0045755 secs]
90.260: Total time for which application threads were stopped: 0.0047557 seconds, Stopping threads took: 0.0000255 seconds
90.328: [GC (Allocation Failure)  788748K->470572K(1034752K), 0.0052455 secs]
90.333: Total time for which application threads were stopped: 0.0054091 seconds, Stopping threads took: 0.0000251 seconds
90.399: [GC (Allocation Failure)  792108K->475342K(1034752K), 0.0064872 secs]
90.406: Total time for which application threads were stopped: 0.0066660 seconds, Stopping threads took: 0.0000196 seconds
90.473: [GC (Allocation Failure)  796878K->475246K(1034752K), 0.0045545 secs]
90.478: Total time for which application threads were stopped: 0.0047494 seconds, Stopping threads took: 0.0000201 seconds
90.543: [GC (Allocation Failure)  796782K->475686K(1034752K), 0.0065246 secs]
90.549: Total time for which application threads were stopped: 0.0067010 seconds, Stopping threads took: 0.0000219 seconds
90.616: [GC (Allocation Failure)  797222K->483305K(1033728K), 0.0047295 secs]
90.620: Total time for which application threads were stopped: 0.0049358 seconds, Stopping threads took: 0.0000228 seconds
90.691: [GC (Allocation Failure)  803817K->483273K(1034240K), 0.0045036 secs]
90.695: Total time for which application threads were stopped: 0.0046515 seconds, Stopping threads took: 0.0000144 seconds
90.763: [GC (Allocation Failure)  803785K->487017K(1034752K), 0.0054647 secs]
90.769: Total time for which application threads were stopped: 0.0056351 seconds, Stopping threads took: 0.0000204 seconds
90.836: [GC (Allocation Failure)  808553K->491339K(1034752K), 0.0047583 secs]
90.841: Total time for which application threads were stopped: 0.0049225 seconds, Stopping threads took: 0.0000208 seconds
90.907: [GC (Allocation Failure)  812875K->491339K(1034752K), 0.0047154 secs]
90.912: Total time for which application threads were stopped: 0.0048912 seconds, Stopping threads took: 0.0000194 seconds
90.979: [GC (Allocation Failure)  812875K->492195K(1034752K), 0.0048536 secs]
90.984: Total time for which application threads were stopped: 0.0050257 seconds, Stopping threads took: 0.0000206 seconds
91.052: [GC (Allocation Failure)  813731K->499333K(1034752K), 0.0047125 secs]
91.057: Total time for which application threads were stopped: 0.0048912 seconds, Stopping threads took: 0.0000202 seconds
91.126: [GC (Allocation Failure)  820869K->499365K(1034752K), 0.0048289 secs]
91.131: Total time for which application threads were stopped: 0.0049978 seconds, Stopping threads took: 0.0000206 seconds
91.197: [GC (Allocation Failure)  820901K->501445K(1034752K), 0.0049768 secs]
91.202: Total time for which application threads were stopped: 0.0051436 seconds, Stopping threads took: 0.0000270 seconds
91.271: [GC (Allocation Failure)  822981K->507463K(1034752K), 0.0064851 secs]
91.277: Total time for which application threads were stopped: 0.0066555 seconds, Stopping threads took: 0.0000207 seconds
91.345: [GC (Allocation Failure)  828999K->507367K(1034752K), 0.0047206 secs]
91.350: Total time for which application threads were stopped: 0.0048917 seconds, Stopping threads took: 0.0000187 seconds
91.417: [GC (Allocation Failure)  828903K->510695K(1034752K), 0.0052708 secs]
91.422: Total time for which application threads were stopped: 0.0054309 seconds, Stopping threads took: 0.0000197 seconds
91.492: [GC (Allocation Failure)  832231K->515466K(1034752K), 0.0047151 secs]
91.497: Total time for which application threads were stopped: 0.0049098 seconds, Stopping threads took: 0.0000206 seconds
91.566: [GC (Allocation Failure)  837002K->515402K(1034752K), 0.0048570 secs]
91.571: Total time for which application threads were stopped: 0.0050047 seconds, Stopping threads took: 0.0000163 seconds
91.636: [GC (Allocation Failure)  836938K->515850K(1034752K), 0.0048562 secs]
91.641: Total time for which application threads were stopped: 0.0050181 seconds, Stopping threads took: 0.0000193 seconds
91.711: [GC (Allocation Failure)  837386K->523436K(1034752K), 0.0047310 secs]
91.716: Total time for which application threads were stopped: 0.0048888 seconds, Stopping threads took: 0.0000197 seconds
91.783: [GC (Allocation Failure)  844972K->523436K(1034752K), 0.0046253 secs]
91.788: Total time for which application threads were stopped: 0.0047827 seconds, Stopping threads took: 0.0000206 seconds
91.853: [GC (Allocation Failure)  844972K->525132K(1034752K), 0.0048521 secs]
91.858: Total time for which application threads were stopped: 0.0050170 seconds, Stopping threads took: 0.0000193 seconds
91.924: [GC (Allocation Failure)  846668K->531502K(1033728K), 0.0047193 secs]
91.929: Total time for which application threads were stopped: 0.0048815 seconds, Stopping threads took: 0.0000203 seconds
91.996: [GC (Allocation Failure)  852014K->531502K(1034240K), 0.0048126 secs]
92.001: Total time for which application threads were stopped: 0.0049928 seconds, Stopping threads took: 0.0000205 seconds
92.068: [GC (Allocation Failure)  852014K->532326K(1034240K), 0.0047726 secs]
92.073: Total time for which application threads were stopped: 0.0049678 seconds, Stopping threads took: 0.0000196 seconds
92.142: [GC (Allocation Failure)  852838K->539528K(1034240K), 0.0046517 secs]
92.146: Total time for which application threads were stopped: 0.0048224 seconds, Stopping threads took: 0.0000262 seconds
92.214: [GC (Allocation Failure)  860040K->539528K(1034240K), 0.0044808 secs]
92.219: Total time for which application threads were stopped: 0.0046443 seconds, Stopping threads took: 0.0000205 seconds
92.286: [GC (Allocation Failure)  860040K->542632K(1034240K), 0.0053180 secs]
92.292: Total time for which application threads were stopped: 0.0055298 seconds, Stopping threads took: 0.0000209 seconds
92.361: [GC (Allocation Failure)  863144K->547595K(1034752K), 0.0047348 secs]
92.366: Total time for which application threads were stopped: 0.0049140 seconds, Stopping threads took: 0.0000174 seconds
92.435: [GC (Allocation Failure)  869131K->547531K(1034752K), 0.0046123 secs]
92.440: Total time for which application threads were stopped: 0.0047692 seconds, Stopping threads took: 0.0000194 seconds
92.505: [GC (Allocation Failure)  869067K->550859K(1034752K), 0.0054062 secs]
92.510: Total time for which application threads were stopped: 0.0056015 seconds, Stopping threads took: 0.0000199 seconds
92.580: [GC (Allocation Failure)  872395K->555597K(1034752K), 0.0047530 secs]
92.584: Total time for which application threads were stopped: 0.0049031 seconds, Stopping threads took: 0.0000171 seconds
92.652: [GC (Allocation Failure)  877133K->555597K(1034752K), 0.0045545 secs]
92.656: Total time for which application threads were stopped: 0.0047182 seconds, Stopping threads took: 0.0000263 seconds
92.723: [GC (Allocation Failure)  877133K->556005K(1034752K), 0.0048877 secs]
92.728: Total time for which application threads were stopped: 0.0050548 seconds, Stopping threads took: 0.0000248 seconds
92.798: [GC (Allocation Failure)  877541K->563623K(1033728K), 0.0058889 secs]
92.804: Total time for which application threads were stopped: 0.0060569 seconds, Stopping threads took: 0.0000288 seconds
92.872: [GC (Allocation Failure)  884135K->563591K(1034240K), 0.0047128 secs]
92.877: Total time for which application threads were stopped: 0.0048728 seconds, Stopping threads took: 0.0000199 seconds
92.945: [GC (Allocation Failure)  884103K->567303K(1034752K), 0.0054646 secs]
92.951: Total time for which application threads were stopped: 0.0056244 seconds, Stopping threads took: 0.0000198 seconds
93.018: [GC (Allocation Failure)  888327K->571689K(1034240K), 0.0046163 secs]
93.023: Total time for which application threads were stopped: 0.0047756 seconds, Stopping threads took: 0.0000204 seconds
93.090: [GC (Allocation Failure)  892713K->571625K(1034752K), 0.0044713 secs]
93.094: Total time for which application threads were stopped: 0.0046628 seconds, Stopping threads took: 0.0000196 seconds
93.163: [GC (Allocation Failure)  893161K->575561K(1034752K), 0.0055418 secs]
93.169: Total time for which application threads were stopped: 0.0057109 seconds, Stopping threads took: 0.0000284 seconds
93.238: [GC (Allocation Failure)  897097K->579660K(1035264K), 0.0048935 secs]
93.243: Total time for which application threads were stopped: 0.0050687 seconds, Stopping threads took: 0.0000267 seconds
93.311: [GC (Allocation Failure)  902220K->579660K(1035264K), 0.0049853 secs]
93.316: Total time for which application threads were stopped: 0.0051592 seconds, Stopping threads took: 0.0000208 seconds
93.385: [GC (Allocation Failure)  902220K->582732K(1035264K), 0.0053883 secs]
93.390: Total time for which application threads were stopped: 0.0055837 seconds, Stopping threads took: 0.0000210 seconds
93.459: [GC (Allocation Failure)  905292K->587758K(1035264K), 0.0047964 secs]
93.463: Total time for which application threads were stopped: 0.0049579 seconds, Stopping threads took: 0.0000197 seconds
93.532: [GC (Allocation Failure)  910318K->587694K(1035264K), 0.0049095 secs]
93.537: Total time for which application threads were stopped: 0.0050698 seconds, Stopping threads took: 0.0000204 seconds
93.603: [GC (Allocation Failure)  910254K->590982K(1035264K), 0.0054549 secs]
93.609: Total time for which application threads were stopped: 0.0056483 seconds, Stopping threads took: 0.0000197 seconds
93.679: [GC (Allocation Failure)  913542K->595752K(1035264K), 0.0060897 secs]
93.685: Total time for which application threads were stopped: 0.0062884 seconds, Stopping threads took: 0.0000257 seconds
93.754: [GC (Allocation Failure)  918312K->595752K(1035264K), 0.0047643 secs]
93.758: Total time for which application threads were stopped: 0.0049254 seconds, Stopping threads took: 0.0000204 seconds
93.828: [GC (Allocation Failure)  918312K->591174K(1035264K), 0.0031499 secs]
93.831: Total time for which application threads were stopped: 0.0033338 seconds, Stopping threads took: 0.0000275 seconds
93.901: [GC (Allocation Failure)  913734K->595944K(1035264K), 0.0045482 secs]
93.906: Total time for which application threads were stopped: 0.0047432 seconds, Stopping threads took: 0.0000205 seconds
93.975: [GC (Allocation Failure)  918504K->595720K(1035264K), 0.0045880 secs]
93.980: Total time for which application threads were stopped: 0.0047432 seconds, Stopping threads took: 0.0000201 seconds
94.049: [GC (Allocation Failure)  918280K->595462K(1035264K), 0.0048022 secs]
94.054: Total time for which application threads were stopped: 0.0049583 seconds, Stopping threads took: 0.0000191 seconds
94.121: [GC (Allocation Failure)  918022K->595880K(1035776K), 0.0048818 secs]
94.126: Total time for which application threads were stopped: 0.0050406 seconds, Stopping threads took: 0.0000188 seconds
94.194: [GC (Allocation Failure)  919464K->595720K(1035776K), 0.0046134 secs]
94.199: Total time for which application threads were stopped: 0.0047896 seconds, Stopping threads took: 0.0000278 seconds
94.265: [GC (Allocation Failure)  919304K->601798K(1031680K), 0.0078275 secs]
94.273: Total time for which application threads were stopped: 0.0079995 seconds, Stopping threads took: 0.0000259 seconds
94.339: [GC (Allocation Failure)  921286K->597160K(1033728K), 0.0049218 secs]
94.344: Total time for which application threads were stopped: 0.0050918 seconds, Stopping threads took: 0.0000203 seconds
94.412: [GC (Allocation Failure)  916648K->597064K(1034752K), 0.0048070 secs]
94.417: Total time for which application threads were stopped: 0.0049785 seconds, Stopping threads took: 0.0000199 seconds
94.483: [GC (Allocation Failure)  918088K->599782K(1034240K), 0.0060462 secs]
94.489: Total time for which application threads were stopped: 0.0062202 seconds, Stopping threads took: 0.0000198 seconds
94.556: [GC (Allocation Failure)  920806K->597128K(1034752K), 0.0046358 secs]
94.561: Total time for which application threads were stopped: 0.0048128 seconds, Stopping threads took: 0.0000200 seconds
94.631: [GC (Allocation Failure)  918152K->597064K(1034240K), 0.0047798 secs]
94.636: Total time for which application threads were stopped: 0.0049477 seconds, Stopping threads took: 0.0000223 seconds
94.704: [GC (Allocation Failure)  918088K->599462K(1034240K), 0.0059406 secs]
94.710: Total time for which application threads were stopped: 0.0061171 seconds, Stopping threads took: 0.0000269 seconds
94.778: [GC (Allocation Failure)  920998K->597352K(1034752K), 0.0045167 secs]
94.782: Total time for which application threads were stopped: 0.0047099 seconds, Stopping threads took: 0.0000202 seconds
94.852: [GC (Allocation Failure)  918888K->597064K(1035776K), 0.0046167 secs]
94.857: Total time for which application threads were stopped: 0.0047837 seconds, Stopping threads took: 0.0000197 seconds
94.922: [GC (Allocation Failure)  920136K->602190K(1035264K), 0.0072602 secs]
94.930: Total time for which application threads were stopped: 0.0074283 seconds, Stopping threads took: 0.0000197 seconds
94.997: [GC (Allocation Failure)  925262K->597648K(1034240K), 0.0046896 secs]
95.002: Total time for which application threads were stopped: 0.0048820 seconds, Stopping threads took: 0.0000194 seconds
95.071: [GC (Allocation Failure)  919184K->597488K(1034752K), 0.0047636 secs]
95.076: Total time for which application threads were stopped: 0.0049292 seconds, Stopping threads took: 0.0000195 seconds
95.142: [GC (Allocation Failure)  919024K->605350K(1031168K), 0.0111061 secs]
95.153: Total time for which application threads were stopped: 0.0112980 seconds, Stopping threads took: 0.0000190 seconds
95.222: [GC (Allocation Failure)  923814K->600232K(1033216K), 0.0051102 secs]
95.227: Total time for which application threads were stopped: 0.0052709 seconds, Stopping threads took: 0.0000190 seconds
95.293: [GC (Allocation Failure)  918696K->600104K(1033728K), 0.0048461 secs]
95.297: Total time for which application threads were stopped: 0.0050114 seconds, Stopping threads took: 0.0000214 seconds
95.365: [GC (Allocation Failure)  919080K->600550K(1033216K), 0.0051483 secs]
95.370: Total time for which application threads were stopped: 0.0053319 seconds, Stopping threads took: 0.0000200 seconds
95.437: [GC (Allocation Failure)  919526K->600232K(1034752K), 0.0044116 secs]
95.442: Total time for which application threads were stopped: 0.0045762 seconds, Stopping threads took: 0.0000210 seconds
95.509: [GC (Allocation Failure)  921256K->600104K(1034240K), 0.0048861 secs]
95.514: Total time for which application threads were stopped: 0.0050466 seconds, Stopping threads took: 0.0000204 seconds
95.580: [GC (Allocation Failure)  921128K->598182K(1034752K), 0.0043287 secs]
95.584: Total time for which application threads were stopped: 0.0044974 seconds, Stopping threads took: 0.0000199 seconds
95.652: [GC (Allocation Failure)  919718K->600136K(1034752K), 0.0045615 secs]
95.657: Total time for which application threads were stopped: 0.0047546 seconds, Stopping threads took: 0.0000273 seconds
95.725: [GC (Allocation Failure)  921672K->600104K(1035776K), 0.0046704 secs]
95.730: Total time for which application threads were stopped: 0.0048279 seconds, Stopping threads took: 0.0000174 seconds
95.796: [GC (Allocation Failure)  923176K->600966K(1035264K), 0.0051872 secs]
95.801: Total time for which application threads were stopped: 0.0053679 seconds, Stopping threads took: 0.0000168 seconds
95.872: [GC (Allocation Failure)  924038K->600360K(1036288K), 0.0048131 secs]
95.876: Total time for which application threads were stopped: 0.0049803 seconds, Stopping threads took: 0.0000200 seconds
95.945: [GC (Allocation Failure)  924456K->600104K(1035776K), 0.0047461 secs]
95.950: Total time for which application threads were stopped: 0.0049135 seconds, Stopping threads took: 0.0000196 seconds
96.018: [GC (Allocation Failure)  924200K->592422K(1034240K), 0.0017361 secs]
96.020: Total time for which application threads were stopped: 0.0018660 seconds, Stopping threads took: 0.0000200 seconds
96.088: [GC (Allocation Failure)  914982K->600288K(1035264K), 0.0048450 secs]
96.093: Total time for which application threads were stopped: 0.0050131 seconds, Stopping threads took: 0.0000194 seconds
96.160: [GC (Allocation Failure)  922848K->604256K(1036288K), 0.0060548 secs]
96.166: Total time for which application threads were stopped: 0.0062122 seconds, Stopping threads took: 0.0000264 seconds
96.234: [GC (Allocation Failure)  928352K->600350K(1035776K), 0.0037810 secs]
96.238: Total time for which application threads were stopped: 0.0039479 seconds, Stopping threads took: 0.0000254 seconds
96.306: [GC (Allocation Failure)  924446K->604392K(1035264K), 0.0051166 secs]
96.312: Total time for which application threads were stopped: 0.0052874 seconds, Stopping threads took: 0.0000198 seconds
96.381: [GC (Allocation Failure)  927976K->608424K(1035776K), 0.0049357 secs]
96.386: Total time for which application threads were stopped: 0.0051032 seconds, Stopping threads took: 0.0000198 seconds
96.455: [GC (Allocation Failure)  932008K->608424K(1036288K), 0.0048244 secs]
96.460: Total time for which application threads were stopped: 0.0049919 seconds, Stopping threads took: 0.0000220 seconds
96.526: [GC (Allocation Failure)  933032K->608744K(1024512K), 0.0048249 secs]
96.531: Total time for which application threads were stopped: 0.0049964 seconds, Stopping threads took: 0.0000205 seconds
96.601: [GC (Allocation Failure)  933352K->616427K(1035776K), 0.0046900 secs]
96.605: Total time for which application threads were stopped: 0.0048526 seconds, Stopping threads took: 0.0000204 seconds
96.674: [GC (Allocation Failure)  940011K->616427K(1035776K), 0.0056972 secs]
96.680: Total time for which application threads were stopped: 0.0058931 seconds, Stopping threads took: 0.0000198 seconds
96.747: [GC (Allocation Failure)  940011K->616971K(1034752K), 0.0049838 secs]
96.753: Total time for which application threads were stopped: 0.0051615 seconds, Stopping threads took: 0.0000199 seconds
96.823: [GC (Allocation Failure)  939531K->624493K(1035264K), 0.0048723 secs]
96.828: Total time for which application threads were stopped: 0.0050335 seconds, Stopping threads took: 0.0000204 seconds
96.895: [GC (Allocation Failure)  947053K->624493K(1035264K), 0.0049086 secs]
96.900: Total time for which application threads were stopped: 0.0050838 seconds, Stopping threads took: 0.0000191 seconds
96.969: [GC (Allocation Failure)  947053K->624717K(1022464K), 0.0048253 secs]
96.974: Total time for which application threads were stopped: 0.0049855 seconds, Stopping threads took: 0.0000198 seconds
97.042: [GC (Allocation Failure)  947277K->632495K(1034752K), 0.0048200 secs]
97.047: Total time for which application threads were stopped: 0.0049890 seconds, Stopping threads took: 0.0000197 seconds
97.114: [GC (Allocation Failure)  954031K->632495K(1034752K), 0.0047590 secs]
97.119: Total time for which application threads were stopped: 0.0049399 seconds, Stopping threads took: 0.0000204 seconds
97.185: [GC (Allocation Failure)  954031K->632551K(1034752K), 0.0048561 secs]
97.190: Total time for which application threads were stopped: 0.0050302 seconds, Stopping threads took: 0.0000282 seconds
97.257: [GC (Allocation Failure)  954087K->640585K(1029120K), 0.0047098 secs]
97.262: Total time for which application threads were stopped: 0.0048756 seconds, Stopping threads took: 0.0000198 seconds
97.330: [GC (Allocation Failure)  962121K->640521K(1034240K), 0.0045473 secs]
97.335: Total time for which application threads were stopped: 0.0047385 seconds, Stopping threads took: 0.0000196 seconds
97.403: [GC (Allocation Failure)  961033K->640681K(1034240K), 0.0048838 secs]
97.408: Total time for which application threads were stopped: 0.0050796 seconds, Stopping threads took: 0.0000204 seconds
97.477: [GC (Allocation Failure)  961193K->648620K(1034240K), 0.0050729 secs]
97.482: Total time for which application threads were stopped: 0.0052631 seconds, Stopping threads took: 0.0000209 seconds
97.548: [GC (Allocation Failure)  969132K->648524K(1034240K), 0.0050225 secs]
97.554: Total time for which application threads were stopped: 0.0052012 seconds, Stopping threads took: 0.0000204 seconds
97.622: [GC (Allocation Failure)  969036K->648876K(1033216K), 0.0050270 secs]
97.627: Total time for which application threads were stopped: 0.0052213 seconds, Stopping threads took: 0.0000209 seconds
97.697: [GC (Allocation Failure)  968364K->656622K(1033728K), 0.0050043 secs]
97.702: Total time for which application threads were stopped: 0.0051828 seconds, Stopping threads took: 0.0000199 seconds
97.768: [GC (Allocation Failure)  976110K->656622K(1033728K), 0.0046694 secs]
97.773: Total time for which application threads were stopped: 0.0048521 seconds, Stopping threads took: 0.0000170 seconds
97.838: [GC (Allocation Failure)  976110K->657134K(1033728K), 0.0048421 secs]
97.843: Total time for which application threads were stopped: 0.0050334 seconds, Stopping threads took: 0.0000194 seconds
97.910: [GC (Allocation Failure)  976622K->664656K(1033728K), 0.0050451 secs]
97.915: Total time for which application threads were stopped: 0.0052450 seconds, Stopping threads took: 0.0000510 seconds
97.985: [GC (Allocation Failure)  984144K->664656K(1033728K), 0.0047856 secs]
97.990: Total time for which application threads were stopped: 0.0049572 seconds, Stopping threads took: 0.0000207 seconds
98.056: [GC (Allocation Failure)  984144K->664840K(1033728K), 0.0049094 secs]
98.061: Total time for which application threads were stopped: 0.0050762 seconds, Stopping threads took: 0.0000204 seconds
98.127: [GC (Allocation Failure)  984328K->672650K(1033728K), 0.0050541 secs]
98.132: Total time for which application threads were stopped: 0.0052221 seconds, Stopping threads took: 0.0000279 seconds
98.201: [GC (Allocation Failure)  992138K->672650K(1033728K), 0.0047229 secs]
98.206: Total time for which application threads were stopped: 0.0049065 seconds, Stopping threads took: 0.0000263 seconds
98.271: [GC (Allocation Failure)  992138K->672810K(1033728K), 0.0049205 secs]
98.276: Total time for which application threads were stopped: 0.0050883 seconds, Stopping threads took: 0.0000292 seconds
98.345: [GC (Allocation Failure)  992298K->680685K(1032704K), 0.0047909 secs]
98.350: Total time for which application threads were stopped: 0.0049584 seconds, Stopping threads took: 0.0000253 seconds
98.418: [GC (Allocation Failure)  999149K->680685K(1033216K), 0.0049975 secs]
98.423: Total time for which application threads were stopped: 0.0051692 seconds, Stopping threads took: 0.0000202 seconds
98.490: [GC (Allocation Failure)  999149K->680773K(1033216K), 0.0052141 secs]
98.495: Total time for which application threads were stopped: 0.0053970 seconds, Stopping threads took: 0.0000200 seconds
98.562: [GC (Allocation Failure)  999237K->688711K(1033216K), 0.0049218 secs]
98.567: Total time for which application threads were stopped: 0.0050844 seconds, Stopping threads took: 0.0000205 seconds
98.633: [GC (Allocation Failure)  1007175K->682437K(1033728K), 0.0025324 secs]
98.635: Total time for which application threads were stopped: 0.0026858 seconds, Stopping threads took: 0.0000203 seconds
98.704: [GC (Allocation Failure)  1001413K->688743K(1033216K), 0.0050051 secs]
98.709: Total time for which application threads were stopped: 0.0051630 seconds, Stopping threads took: 0.0000179 seconds
98.776: [GC (Allocation Failure)  1007719K->692855K(1034240K), 0.0053235 secs]
98.782: Total time for which application threads were stopped: 0.0055096 seconds, Stopping threads took: 0.0000265 seconds
98.851: [GC (Allocation Failure)  1013367K->698037K(1033216K), 0.0070966 secs]
98.858: Total time for which application threads were stopped: 0.0072884 seconds, Stopping threads took: 0.0000190 seconds
98.927: [GC (Allocation Failure)  1018549K->693079K(1031168K), 0.0047591 secs]
98.931: Total time for which application threads were stopped: 0.0049551 seconds, Stopping threads took: 0.0000206 seconds
99.000: [GC (Allocation Failure)  1009495K->692855K(1032192K), 0.0047327 secs]
99.005: Total time for which application threads were stopped: 0.0048922 seconds, Stopping threads took: 0.0000198 seconds
99.072: [GC (Allocation Failure)  1009271K->687989K(1033216K), 0.0030876 secs]
99.075: Total time for which application threads were stopped: 0.0032609 seconds, Stopping threads took: 0.0000266 seconds
99.143: [GC (Allocation Failure)  1005941K->693015K(1032704K), 0.0051022 secs]
99.148: Total time for which application threads were stopped: 0.0052649 seconds, Stopping threads took: 0.0000204 seconds
99.214: [GC (Allocation Failure)  1010967K->692855K(1033728K), 0.0049378 secs]
99.219: Total time for which application threads were stopped: 0.0051008 seconds, Stopping threads took: 0.0000283 seconds
99.287: [GC (Allocation Failure)  1011831K->695727K(1033216K), 0.0056654 secs]
99.293: [Full GC (Ergonomics)  695727K->11337K(1033216K), 0.0169768 secs]
99.310: Total time for which application threads were stopped: 0.0228917 seconds, Stopping threads took: 0.0000169 seconds
99.377: [GC (Allocation Failure)  330313K->20779K(1032704K), 0.0036605 secs]
99.381: Total time for which application threads were stopped: 0.0039544 seconds, Stopping threads took: 0.0000195 seconds
99.447: [GC (Allocation Failure)  339243K->20691K(1033216K), 0.0039253 secs]
99.451: Total time for which application threads were stopped: 0.0040940 seconds, Stopping threads took: 0.0000191 seconds
99.516: [GC (Allocation Failure)  339155K->24299K(1033728K), 0.0046855 secs]
99.521: Total time for which application threads were stopped: 0.0048587 seconds, Stopping threads took: 0.0000201 seconds
99.588: [GC (Allocation Failure)  343787K->28749K(1033728K), 0.0039369 secs]
99.592: Total time for which application threads were stopped: 0.0041074 seconds, Stopping threads took: 0.0000203 seconds
99.662: [GC (Allocation Failure)  348237K->28717K(1034240K), 0.0036330 secs]
99.665: Total time for which application threads were stopped: 0.0037929 seconds, Stopping threads took: 0.0000262 seconds
99.734: [GC (Allocation Failure)  349229K->32525K(1034240K), 0.0046125 secs]
99.738: Total time for which application threads were stopped: 0.0047781 seconds, Stopping threads took: 0.0000197 seconds
99.806: [GC (Allocation Failure)  353037K->36720K(1034752K), 0.0038035 secs]
99.810: Total time for which application threads were stopped: 0.0039722 seconds, Stopping threads took: 0.0000198 seconds
99.877: [GC (Allocation Failure)  358256K->36784K(1034752K), 0.0037996 secs]
99.881: Total time for which application threads were stopped: 0.0039703 seconds, Stopping threads took: 0.0000202 seconds
99.946: [GC (Allocation Failure)  358320K->40744K(1035264K), 0.0047278 secs]
99.950: Total time for which application threads were stopped: 0.0048863 seconds, Stopping threads took: 0.0000191 seconds
100.018: [GC (Allocation Failure)  362792K->44810K(1034752K), 0.0038305 secs]
100.022: Total time for which application threads were stopped: 0.0039934 seconds, Stopping threads took: 0.0000209 seconds
100.090: [GC (Allocation Failure)  366858K->44810K(1035264K), 0.0038915 secs]
100.094: Total time for which application threads were stopped: 0.0040849 seconds, Stopping threads took: 0.0000205 seconds
100.162: [GC (Allocation Failure)  367370K->47946K(1035264K), 0.0044592 secs]
100.167: Total time for which application threads were stopped: 0.0046248 seconds, Stopping threads took: 0.0000264 seconds
100.234: [GC (Allocation Failure)  370506K->52844K(1035264K), 0.0035311 secs]
100.238: Total time for which application threads were stopped: 0.0037075 seconds, Stopping threads took: 0.0000303 seconds
100.306: [GC (Allocation Failure)  375404K->52812K(1035264K), 0.0037842 secs]
100.310: Total time for which application threads were stopped: 0.0039563 seconds, Stopping threads took: 0.0000202 seconds
100.379: [GC (Allocation Failure)  375372K->56172K(1035264K), 0.0044671 secs]
100.384: Total time for which application threads were stopped: 0.0046488 seconds, Stopping threads took: 0.0000201 seconds
100.453: [GC (Allocation Failure)  378732K->60942K(1035264K), 0.0039416 secs]
100.457: Total time for which application threads were stopped: 0.0041137 seconds, Stopping threads took: 0.0000199 seconds
100.526: [GC (Allocation Failure)  383502K->60878K(1035776K), 0.0036211 secs]
100.529: Total time for which application threads were stopped: 0.0037839 seconds, Stopping threads took: 0.0000206 seconds
100.597: [GC (Allocation Failure)  383950K->64934K(1035264K), 0.0048273 secs]
100.602: Total time for which application threads were stopped: 0.0050045 seconds, Stopping threads took: 0.0000217 seconds
100.672: [GC (Allocation Failure)  388006K->68873K(1035776K), 0.0045037 secs]
100.677: Total time for which application threads were stopped: 0.0047082 seconds, Stopping threads took: 0.0000214 seconds
100.746: [GC (Allocation Failure)  392457K->68873K(1035776K), 0.0037232 secs]
100.750: Total time for which application threads were stopped: 0.0038956 seconds, Stopping threads took: 0.0000203 seconds
100.817: [GC (Allocation Failure)  392457K->63558K(1035776K), 0.0015732 secs]
100.819: Total time for which application threads were stopped: 0.0017153 seconds, Stopping threads took: 0.0000201 seconds
100.889: [GC (Allocation Failure)  387142K->69097K(1035776K), 0.0035608 secs]
100.892: Total time for which application threads were stopped: 0.0037266 seconds, Stopping threads took: 0.0000170 seconds
100.963: [GC (Allocation Failure)  392681K->68873K(1035776K), 0.0037931 secs]
100.967: Total time for which application threads were stopped: 0.0039574 seconds, Stopping threads took: 0.0000208 seconds
101.035: [GC (Allocation Failure)  392457K->70950K(1033216K), 0.0045237 secs]
101.039: Total time for which application threads were stopped: 0.0047197 seconds, Stopping threads took: 0.0000196 seconds
101.109: [GC (Allocation Failure)  394534K->69033K(1035264K), 0.0037714 secs]
101.113: Total time for which application threads were stopped: 0.0039431 seconds, Stopping threads took: 0.0000198 seconds
101.182: [GC (Allocation Failure)  391081K->68873K(1034752K), 0.0035792 secs]
101.186: Total time for which application threads were stopped: 0.0037606 seconds, Stopping threads took: 0.0000258 seconds
101.254: [GC (Allocation Failure)  390921K->75206K(1031168K), 0.0063873 secs]
101.260: Total time for which application threads were stopped: 0.0065771 seconds, Stopping threads took: 0.0000261 seconds
101.329: [GC (Allocation Failure)  393670K->70089K(1033216K), 0.0039854 secs]
101.333: Total time for which application threads were stopped: 0.0041586 seconds, Stopping threads took: 0.0000195 seconds
101.400: [GC (Allocation Failure)  388553K->69961K(1034752K), 0.0038020 secs]
101.404: Total time for which application threads were stopped: 0.0039904 seconds, Stopping threads took: 0.0000288 seconds
101.473: [GC (Allocation Failure)  390985K->70886K(1034240K), 0.0042931 secs]
101.477: Total time for which application threads were stopped: 0.0044768 seconds, Stopping threads took: 0.0000201 seconds
101.545: [GC (Allocation Failure)  391910K->70025K(1035264K), 0.0038420 secs]
101.549: Total time for which application threads were stopped: 0.0040072 seconds, Stopping threads took: 0.0000207 seconds
101.617: [GC (Allocation Failure)  392073K->69961K(1034752K), 0.0036553 secs]
101.620: Total time for which application threads were stopped: 0.0038378 seconds, Stopping threads took: 0.0000211 seconds
101.691: [GC (Allocation Failure)  392009K->72646K(1034752K), 0.0049418 secs]
101.696: Total time for which application threads were stopped: 0.0051105 seconds, Stopping threads took: 0.0000170 seconds
101.765: [GC (Allocation Failure)  395206K->69993K(1035264K), 0.0039428 secs]
101.769: Total time for which application threads were stopped: 0.0041154 seconds, Stopping threads took: 0.0000205 seconds
101.836: [GC (Allocation Failure)  392553K->69993K(1036288K), 0.0037370 secs]
101.840: Total time for which application threads were stopped: 0.0039062 seconds, Stopping threads took: 0.0000211 seconds
101.908: [GC (Allocation Failure)  394089K->62118K(1024000K), 0.0005725 secs]
101.908: Total time for which application threads were stopped: 0.0006893 seconds, Stopping threads took: 0.0000197 seconds
101.980: [GC (Allocation Failure)  386214K->70201K(1035264K), 0.0041498 secs]
101.984: Total time for which application threads were stopped: 0.0042985 seconds, Stopping threads took: 0.0000166 seconds
102.051: [GC (Allocation Failure)  392761K->74105K(1035264K), 0.0053310 secs]
102.056: Total time for which application threads were stopped: 0.0055121 seconds, Stopping threads took: 0.0000203 seconds
102.126: [GC (Allocation Failure)  396665K->70198K(1035776K), 0.0026351 secs]
102.128: Total time for which application threads were stopped: 0.0028312 seconds, Stopping threads took: 0.0000281 seconds
102.198: [GC (Allocation Failure)  393782K->74257K(1035776K), 0.0039128 secs]
102.202: Total time for which application threads were stopped: 0.0041101 seconds, Stopping threads took: 0.0000257 seconds
102.272: [GC (Allocation Failure)  397841K->78257K(1035776K), 0.0038242 secs]
102.275: Total time for which application threads were stopped: 0.0040034 seconds, Stopping threads took: 0.0000194 seconds
102.343: [GC (Allocation Failure)  401841K->78225K(1035776K), 0.0037193 secs]
102.347: Total time for which application threads were stopped: 0.0038783 seconds, Stopping threads took: 0.0000191 seconds
102.412: [GC (Allocation Failure)  401809K->78281K(1034752K), 0.0038492 secs]
102.416: Total time for which application threads were stopped: 0.0040215 seconds, Stopping threads took: 0.0000208 seconds
102.484: [GC (Allocation Failure)  400841K->86251K(1035264K), 0.0037622 secs]
102.488: Total time for which application threads were stopped: 0.0039310 seconds, Stopping threads took: 0.0000198 seconds
102.554: [GC (Allocation Failure)  408811K->86283K(1035264K), 0.0037075 secs]
102.558: Total time for which application threads were stopped: 0.0038646 seconds, Stopping threads took: 0.0000192 seconds
102.624: [GC (Allocation Failure)  408843K->86315K(1022464K), 0.0038900 secs]
102.628: Total time for which application threads were stopped: 0.0040793 seconds, Stopping threads took: 0.0000201 seconds
102.699: [GC (Allocation Failure)  408875K->94317K(1034752K), 0.0039028 secs]
102.703: Total time for which application threads were stopped: 0.0040631 seconds, Stopping threads took: 0.0000197 seconds
102.771: [GC (Allocation Failure)  415853K->94285K(1034752K), 0.0037430 secs]
102.775: Total time for which application threads were stopped: 0.0039376 seconds, Stopping threads took: 0.0000201 seconds
102.844: [GC (Allocation Failure)  415821K->94541K(1034752K), 0.0040288 secs]
102.849: Total time for which application threads were stopped: 0.0041768 seconds, Stopping threads took: 0.0000170 seconds
102.916: [GC (Allocation Failure)  416077K->102352K(1034752K), 0.0037819 secs]
102.920: Total time for which application threads were stopped: 0.0039758 seconds, Stopping threads took: 0.0000200 seconds
102.989: [GC (Allocation Failure)  423888K->102320K(1034752K), 0.0038515 secs]
102.993: Total time for which application threads were stopped: 0.0040208 seconds, Stopping threads took: 0.0000196 seconds
103.058: [GC (Allocation Failure)  423856K->102760K(1021440K), 0.0037595 secs]
103.062: Total time for which application threads were stopped: 0.0039452 seconds, Stopping threads took: 0.0000298 seconds
103.130: [GC (Allocation Failure)  424296K->110378K(1034240K), 0.0038925 secs]
103.134: Total time for which application threads were stopped: 0.0040751 seconds, Stopping threads took: 0.0000219 seconds
103.203: [GC (Allocation Failure)  430890K->110346K(1034240K), 0.0037875 secs]
103.207: Total time for which application threads were stopped: 0.0039536 seconds, Stopping threads took: 0.0000268 seconds
103.274: [GC (Allocation Failure)  430858K->110474K(1034240K), 0.0039280 secs]
103.278: Total time for which application threads were stopped: 0.0041146 seconds, Stopping threads took: 0.0000206 seconds
103.346: [GC (Allocation Failure)  430986K->118380K(1034240K), 0.0038963 secs]
103.350: Total time for which application threads were stopped: 0.0041163 seconds, Stopping threads took: 0.0000205 seconds
103.418: [GC (Allocation Failure)  438892K->118380K(1034240K), 0.0044068 secs]
103.422: Total time for which application threads were stopped: 0.0045967 seconds, Stopping threads took: 0.0000204 seconds
103.489: [GC (Allocation Failure)  438892K->118444K(1020416K), 0.0039987 secs]
103.493: Total time for which application threads were stopped: 0.0041548 seconds, Stopping threads took: 0.0000170 seconds
103.561: [GC (Allocation Failure)  438956K->126446K(1033728K), 0.0038722 secs]
103.565: Total time for which application threads were stopped: 0.0040453 seconds, Stopping threads took: 0.0000205 seconds
103.630: [GC (Allocation Failure)  445934K->126414K(1033728K), 0.0039871 secs]
103.634: Total time for which application threads were stopped: 0.0041582 seconds, Stopping threads took: 0.0000205 seconds
103.700: [GC (Allocation Failure)  445902K->126470K(1033728K), 0.0037722 secs]
103.704: Total time for which application threads were stopped: 0.0039655 seconds, Stopping threads took: 0.0000201 seconds
103.773: [GC (Allocation Failure)  445958K->134473K(1033728K), 0.0040086 secs]
103.777: Total time for which application threads were stopped: 0.0041933 seconds, Stopping threads took: 0.0000172 seconds
103.846: [GC (Allocation Failure)  453961K->134441K(1033728K), 0.0038612 secs]
103.850: Total time for which application threads were stopped: 0.0040572 seconds, Stopping threads took: 0.0000205 seconds
103.918: [GC (Allocation Failure)  453929K->134665K(1033728K), 0.0040091 secs]
103.923: Total time for which application threads were stopped: 0.0041704 seconds, Stopping threads took: 0.0000197 seconds
103.988: [GC (Allocation Failure)  454153K->142507K(1032704K), 0.0039788 secs]
103.992: Total time for which application threads were stopped: 0.0041395 seconds, Stopping threads took: 0.0000195 seconds
104.058: [GC (Allocation Failure)  460971K->138569K(1033216K), 0.0026162 secs]
104.061: Total time for which application threads were stopped: 0.0027735 seconds, Stopping threads took: 0.0000197 seconds
104.131: [GC (Allocation Failure)  457033K->142635K(1034752K), 0.0039059 secs]
104.135: Total time for which application threads were stopped: 0.0040803 seconds, Stopping threads took: 0.0000193 seconds
104.203: [GC (Allocation Failure)  463659K->146603K(1034240K), 0.0038179 secs]
104.207: Total time for which application threads were stopped: 0.0040081 seconds, Stopping threads took: 0.0000286 seconds
104.274: [GC (Allocation Failure)  467627K->139817K(1034752K), 0.0011804 secs]
104.276: Total time for which application threads were stopped: 0.0013049 seconds, Stopping threads took: 0.0000203 seconds
104.346: [GC (Allocation Failure)  461353K->146667K(1034752K), 0.0042119 secs]
104.350: Total time for which application threads were stopped: 0.0043807 seconds, Stopping threads took: 0.0000194 seconds
104.417: [GC (Allocation Failure)  468203K->150747K(1034752K), 0.0048220 secs]
104.422: Total time for which application threads were stopped: 0.0050052 seconds, Stopping threads took: 0.0000208 seconds
104.488: [GC (Allocation Failure)  472283K->145209K(1034752K), 0.0018280 secs]
104.490: Total time for which application threads were stopped: 0.0019693 seconds, Stopping threads took: 0.0000195 seconds
104.558: [GC (Allocation Failure)  466745K->151019K(1035776K), 0.0039879 secs]
104.562: Total time for which application threads were stopped: 0.0041795 seconds, Stopping threads took: 0.0000194 seconds
104.632: [GC (Allocation Failure)  473579K->154883K(1034752K), 0.0040328 secs]
104.636: Total time for which application threads were stopped: 0.0041860 seconds, Stopping threads took: 0.0000171 seconds
104.705: [GC (Allocation Failure)  477371K->150977K(1035776K), 0.0027837 secs]
104.708: Total time for which application threads were stopped: 0.0029292 seconds, Stopping threads took: 0.0000172 seconds
104.778: [GC (Allocation Failure)  474049K->155019K(1035264K), 0.0042492 secs]
104.782: Total time for which application threads were stopped: 0.0044504 seconds, Stopping threads took: 0.0000197 seconds
104.853: [GC (Allocation Failure)  478091K->159051K(1035264K), 0.0042012 secs]
104.857: Total time for which application threads were stopped: 0.0043737 seconds, Stopping threads took: 0.0000204 seconds
104.926: [GC (Allocation Failure)  482635K->159019K(1035776K), 0.0036512 secs]
104.930: Total time for which application threads were stopped: 0.0038170 seconds, Stopping threads took: 0.0000200 seconds
104.997: [GC (Allocation Failure)  482603K->159115K(1034752K), 0.0040863 secs]
105.001: Total time for which application threads were stopped: 0.0042549 seconds, Stopping threads took: 0.0000219 seconds
105.071: [GC (Allocation Failure)  481675K->167085K(1035264K), 0.0038053 secs]
105.075: Total time for which application threads were stopped: 0.0039725 seconds, Stopping threads took: 0.0000198 seconds
105.143: [GC (Allocation Failure)  489645K->167053K(1034240K), 0.0036152 secs]
105.147: Total time for which application threads were stopped: 0.0037913 seconds, Stopping threads took: 0.0000208 seconds
105.214: [GC (Allocation Failure)  488589K->167077K(1034752K), 0.0041863 secs]
105.218: Total time for which application threads were stopped: 0.0043870 seconds, Stopping threads took: 0.0000260 seconds
105.288: [GC (Allocation Failure)  488613K->175111K(1034752K), 0.0039218 secs]
105.292: Total time for which application threads were stopped: 0.0040724 seconds, Stopping threads took: 0.0000178 seconds
105.360: [GC (Allocation Failure)  496647K->175079K(1029120K), 0.0038508 secs]
105.364: Total time for which application threads were stopped: 0.0040220 seconds, Stopping threads took: 0.0000207 seconds
105.431: [GC (Allocation Failure)  496615K->175303K(1034240K), 0.0040947 secs]
105.435: Total time for which application threads were stopped: 0.0042649 seconds, Stopping threads took: 0.0000203 seconds
105.503: [GC (Allocation Failure)  495815K->183114K(1034240K), 0.0038814 secs]
105.507: Total time for which application threads were stopped: 0.0040747 seconds, Stopping threads took: 0.0000195 seconds
105.577: [GC (Allocation Failure)  503626K->183114K(1034240K), 0.0040527 secs]
105.581: Total time for which application threads were stopped: 0.0042090 seconds, Stopping threads took: 0.0000177 seconds
105.649: [GC (Allocation Failure)  503626K->183562K(1020416K), 0.0041192 secs]
105.653: Total time for which application threads were stopped: 0.0042873 seconds, Stopping threads took: 0.0000199 seconds
105.722: [GC (Allocation Failure)  504074K->191116K(1033728K), 0.0038383 secs]
105.726: Total time for which application threads were stopped: 0.0039892 seconds, Stopping threads took: 0.0000178 seconds
105.793: [GC (Allocation Failure)  510604K->191180K(1033728K), 0.0039513 secs]
105.797: Total time for which application threads were stopped: 0.0041284 seconds, Stopping threads took: 0.0000197 seconds
105.862: [GC (Allocation Failure)  510668K->191276K(1033728K), 0.0039784 secs]
105.866: Total time for which application threads were stopped: 0.0041504 seconds, Stopping threads took: 0.0000205 seconds
105.935: [GC (Allocation Failure)  510764K->199182K(1033728K), 0.0040520 secs]
105.939: Total time for which application threads were stopped: 0.0042231 seconds, Stopping threads took: 0.0000204 seconds
106.007: [GC (Allocation Failure)  518670K->199182K(1033728K), 0.0037242 secs]
106.011: Total time for which application threads were stopped: 0.0039190 seconds, Stopping threads took: 0.0000210 seconds
106.078: [GC (Allocation Failure)  518670K->199238K(1033728K), 0.0041384 secs]
106.083: Total time for which application threads were stopped: 0.0043176 seconds, Stopping threads took: 0.0000172 seconds
106.151: [GC (Allocation Failure)  518726K->207240K(1032704K), 0.0041413 secs]
106.156: Total time for which application threads were stopped: 0.0043055 seconds, Stopping threads took: 0.0000195 seconds
106.222: [GC (Allocation Failure)  525704K->201670K(1033216K), 0.0018957 secs]
106.224: Total time for which application threads were stopped: 0.0020555 seconds, Stopping threads took: 0.0000204 seconds
106.293: [GC (Allocation Failure)  520134K->207456K(1034752K), 0.0041739 secs]
106.297: Total time for which application threads were stopped: 0.0043416 seconds, Stopping threads took: 0.0000195 seconds
106.365: [GC (Allocation Failure)  527968K->211352K(1033728K), 0.0042515 secs]
106.369: Total time for which application threads were stopped: 0.0044118 seconds, Stopping threads took: 0.0000203 seconds
106.436: [GC (Allocation Failure)  531864K->218246K(1029120K), 0.0070624 secs]
106.443: Total time for which application threads were stopped: 0.0072304 seconds, Stopping threads took: 0.0000196 seconds
106.512: [GC (Allocation Failure)  533638K->212136K(1031680K), 0.0043520 secs]
106.516: Total time for which application threads were stopped: 0.0045171 seconds, Stopping threads took: 0.0000205 seconds
106.583: [GC (Allocation Failure)  527528K->211944K(1032704K), 0.0042147 secs]
106.587: Total time for which application threads were stopped: 0.0043878 seconds, Stopping threads took: 0.0000202 seconds
106.652: [GC (Allocation Failure)  528872K->215400K(1032192K), 0.0050352 secs]
106.657: Total time for which application threads were stopped: 0.0052052 seconds, Stopping threads took: 0.0000201 seconds
106.726: [GC (Allocation Failure)  532328K->220107K(1033216K), 0.0041594 secs]
106.730: Total time for which application threads were stopped: 0.0043323 seconds, Stopping threads took: 0.0000214 seconds
106.798: [GC (Allocation Failure)  538059K->219979K(1032704K), 0.0041866 secs]
106.802: Total time for which application threads were stopped: 0.0043546 seconds, Stopping threads took: 0.0000285 seconds
106.869: [GC (Allocation Failure)  537931K->221035K(1033216K), 0.0041349 secs]
106.873: Total time for which application threads were stopped: 0.0043292 seconds, Stopping threads took: 0.0000201 seconds
106.941: [GC (Allocation Failure)  539499K->228077K(1033216K), 0.0042610 secs]
106.946: Total time for which application threads were stopped: 0.0044501 seconds, Stopping threads took: 0.0000201 seconds
107.014: [GC (Allocation Failure)  546541K->228013K(1033728K), 0.0042121 secs]
107.019: Total time for which application threads were stopped: 0.0043644 seconds, Stopping threads took: 0.0000168 seconds
107.087: [GC (Allocation Failure)  546989K->229733K(1033216K), 0.0043909 secs]
107.091: Total time for which application threads were stopped: 0.0045637 seconds, Stopping threads took: 0.0000203 seconds
107.159: [GC (Allocation Failure)  548709K->236135K(1033728K), 0.0041152 secs]
107.163: Total time for which application threads were stopped: 0.0042865 seconds, Stopping threads took: 0.0000285 seconds
107.230: [GC (Allocation Failure)  555623K->236071K(1033728K), 0.0043173 secs]
107.235: Total time for which application threads were stopped: 0.0045198 seconds, Stopping threads took: 0.0000289 seconds
107.303: [GC (Allocation Failure)  555559K->236423K(1033728K), 0.0042575 secs]
107.307: Total time for which application threads were stopped: 0.0044329 seconds, Stopping threads took: 0.0000262 seconds
107.377: [GC (Allocation Failure)  555911K->244106K(1033728K), 0.0043147 secs]
107.381: Total time for which application threads were stopped: 0.0044875 seconds, Stopping threads took: 0.0000202 seconds
107.450: [GC (Allocation Failure)  563594K->244106K(1033728K), 0.0041033 secs]
107.454: Total time for which application threads were stopped: 0.0042711 seconds, Stopping threads took: 0.0000199 seconds
107.520: [GC (Allocation Failure)  563594K->247722K(1033728K), 0.0048463 secs]
107.525: Total time for which application threads were stopped: 0.0050154 seconds, Stopping threads took: 0.0000217 seconds
107.593: [GC (Allocation Failure)  567210K->252236K(1034240K), 0.0043504 secs]
107.598: Total time for which application threads were stopped: 0.0045169 seconds, Stopping threads took: 0.0000199 seconds
107.665: [GC (Allocation Failure)  572748K->252108K(1034240K), 0.0047670 secs]
107.670: Total time for which application threads were stopped: 0.0049176 seconds, Stopping threads took: 0.0000264 seconds
107.738: [GC (Allocation Failure)  572620K->252876K(1034240K), 0.0042694 secs]
107.743: Total time for which application threads were stopped: 0.0044297 seconds, Stopping threads took: 0.0000200 seconds
107.810: [GC (Allocation Failure)  573388K->260206K(1034240K), 0.0040457 secs]
107.815: Total time for which application threads were stopped: 0.0042192 seconds, Stopping threads took: 0.0000204 seconds
107.884: [GC (Allocation Failure)  580718K->260174K(1034240K), 0.0041568 secs]
107.889: Total time for which application threads were stopped: 0.0043266 seconds, Stopping threads took: 0.0000197 seconds
107.956: [GC (Allocation Failure)  580686K->261126K(1034240K), 0.0043352 secs]
107.961: Total time for which application threads were stopped: 0.0045144 seconds, Stopping threads took: 0.0000200 seconds
108.029: [GC (Allocation Failure)  581638K->268232K(1034240K), 0.0044164 secs]
108.034: Total time for which application threads were stopped: 0.0045889 seconds, Stopping threads took: 0.0000208 seconds
108.101: [GC (Allocation Failure)  588744K->268200K(1034240K), 0.0042734 secs]
108.106: Total time for which application threads were stopped: 0.0044473 seconds, Stopping threads took: 0.0000210 seconds
108.173: [GC (Allocation Failure)  588712K->269352K(1034240K), 0.0041252 secs]
108.177: Total time for which application threads were stopped: 0.0042887 seconds, Stopping threads took: 0.0000202 seconds
108.245: [GC (Allocation Failure)  589864K->276267K(1034240K), 0.0042416 secs]
108.250: Total time for which application threads were stopped: 0.0044147 seconds, Stopping threads took: 0.0000201 seconds
108.319: [GC (Allocation Failure)  596779K->276235K(1034240K), 0.0042980 secs]
108.323: Total time for which application threads were stopped: 0.0044681 seconds, Stopping threads took: 0.0000200 seconds
108.391: [GC (Allocation Failure)  596747K->276547K(1020416K), 0.0043241 secs]
108.395: Total time for which application threads were stopped: 0.0044986 seconds, Stopping threads took: 0.0000209 seconds
108.464: [GC (Allocation Failure)  597059K->284325K(1033728K), 0.0045384 secs]
108.468: Total time for which application threads were stopped: 0.0047094 seconds, Stopping threads took: 0.0000209 seconds
108.535: [GC (Allocation Failure)  603813K->284261K(1033728K), 0.0042738 secs]
108.540: Total time for which application threads were stopped: 0.0044377 seconds, Stopping threads took: 0.0000202 seconds
108.606: [GC (Allocation Failure)  603749K->284805K(1033728K), 0.0043742 secs]
108.611: Total time for which application threads were stopped: 0.0045415 seconds, Stopping threads took: 0.0000206 seconds
108.679: [GC (Allocation Failure)  604293K->292359K(1033728K), 0.0054408 secs]
108.685: Total time for which application threads were stopped: 0.0056385 seconds, Stopping threads took: 0.0000264 seconds
108.752: [GC (Allocation Failure)  611847K->292295K(1033728K), 0.0043688 secs]
108.757: Total time for which application threads were stopped: 0.0045318 seconds, Stopping threads took: 0.0000204 seconds
108.823: [GC (Allocation Failure)  611783K->293031K(1033728K), 0.0042107 secs]
108.827: Total time for which application threads were stopped: 0.0043760 seconds, Stopping threads took: 0.0000209 seconds
108.895: [GC (Allocation Failure)  612519K->300329K(1033728K), 0.0041427 secs]
108.900: Total time for which application threads were stopped: 0.0043353 seconds, Stopping threads took: 0.0000196 seconds
108.967: [GC (Allocation Failure)  619817K->300361K(1033728K), 0.0043052 secs]
108.972: Total time for which application threads were stopped: 0.0044669 seconds, Stopping threads took: 0.0000201 seconds
109.038: [GC (Allocation Failure)  619849K->302345K(1033728K), 0.0044105 secs]
109.042: Total time for which application threads were stopped: 0.0046050 seconds, Stopping threads took: 0.0000201 seconds
109.111: [GC (Allocation Failure)  621833K->308364K(1033728K), 0.0043340 secs]
109.116: Total time for which application threads were stopped: 0.0045057 seconds, Stopping threads took: 0.0000198 seconds
109.183: [GC (Allocation Failure)  627852K->308364K(1033728K), 0.0040824 secs]
109.187: Total time for which application threads were stopped: 0.0042743 seconds, Stopping threads took: 0.0000261 seconds
109.255: [GC (Allocation Failure)  627852K->309508K(1033728K), 0.0045550 secs]
109.260: Total time for which application threads were stopped: 0.0047130 seconds, Stopping threads took: 0.0000175 seconds
109.328: [GC (Allocation Failure)  628996K->316422K(1033728K), 0.0045097 secs]
109.332: Total time for which application threads were stopped: 0.0046806 seconds, Stopping threads took: 0.0000197 seconds
109.399: [GC (Allocation Failure)  635910K->316390K(1033728K), 0.0042652 secs]
109.404: Total time for which application threads were stopped: 0.0044362 seconds, Stopping threads took: 0.0000207 seconds
109.470: [GC (Allocation Failure)  635878K->316710K(1033728K), 0.0042271 secs]
109.474: Total time for which application threads were stopped: 0.0044180 seconds, Stopping threads took: 0.0000211 seconds
109.542: [GC (Allocation Failure)  636198K->324456K(1033728K), 0.0041510 secs]
109.546: Total time for which application threads were stopped: 0.0043455 seconds, Stopping threads took: 0.0000211 seconds
109.614: [GC (Allocation Failure)  643944K->324456K(1033728K), 0.0042330 secs]
109.618: Total time for which application threads were stopped: 0.0043972 seconds, Stopping threads took: 0.0000206 seconds
109.686: [GC (Allocation Failure)  643944K->324936K(1033728K), 0.0052963 secs]
109.691: Total time for which application threads were stopped: 0.0054580 seconds, Stopping threads took: 0.0000250 seconds
109.760: [GC (Allocation Failure)  644424K->332458K(1033728K), 0.0044272 secs]
109.764: Total time for which application threads were stopped: 0.0045920 seconds, Stopping threads took: 0.0000202 seconds
109.832: [GC (Allocation Failure)  651946K->332458K(1033728K), 0.0044475 secs]
109.836: Total time for which application threads were stopped: 0.0046217 seconds, Stopping threads took: 0.0000206 seconds
109.903: [GC (Allocation Failure)  651946K->333194K(1033728K), 0.0044605 secs]
109.907: Total time for which application threads were stopped: 0.0046254 seconds, Stopping threads took: 0.0000206 seconds
109.975: [GC (Allocation Failure)  652682K->340525K(1033728K), 0.0041080 secs]
109.979: Total time for which application threads were stopped: 0.0042744 seconds, Stopping threads took: 0.0000195 seconds
110.047: [GC (Allocation Failure)  660013K->340493K(1033728K), 0.0042511 secs]
110.051: Total time for which application threads were stopped: 0.0044191 seconds, Stopping threads took: 0.0000195 seconds
110.118: [GC (Allocation Failure)  659981K->341421K(1033728K), 0.0044463 secs]
110.122: Total time for which application threads were stopped: 0.0046100 seconds, Stopping threads took: 0.0000206 seconds
110.191: [GC (Allocation Failure)  660909K->348559K(1033728K), 0.0042396 secs]
110.195: Total time for which application threads were stopped: 0.0044070 seconds, Stopping threads took: 0.0000273 seconds
110.262: [GC (Allocation Failure)  668047K->348527K(1033728K), 0.0043629 secs]
110.267: Total time for which application threads were stopped: 0.0045265 seconds, Stopping threads took: 0.0000259 seconds
110.333: [GC (Allocation Failure)  668015K->348647K(1033728K), 0.0044160 secs]
110.338: Total time for which application threads were stopped: 0.0045908 seconds, Stopping threads took: 0.0000203 seconds
110.407: [GC (Allocation Failure)  668135K->356585K(1027072K), 0.0042964 secs]
110.411: Total time for which application threads were stopped: 0.0044777 seconds, Stopping threads took: 0.0000222 seconds
110.478: [GC (Allocation Failure)  676073K->356585K(1033216K), 0.0045670 secs]
110.482: Total time for which application threads were stopped: 0.0047373 seconds, Stopping threads took: 0.0000204 seconds
110.549: [GC (Allocation Failure)  675049K->356873K(1033216K), 0.0045375 secs]
110.553: Total time for which application threads were stopped: 0.0046977 seconds, Stopping threads took: 0.0000198 seconds
110.621: [GC (Allocation Failure)  675337K->364619K(1033216K), 0.0043222 secs]
110.625: Total time for which application threads were stopped: 0.0045048 seconds, Stopping threads took: 0.0000285 seconds
110.694: [GC (Allocation Failure)  683083K->364587K(1033216K), 0.0044020 secs]
110.698: Total time for which application threads were stopped: 0.0045797 seconds, Stopping threads took: 0.0000179 seconds
110.765: [GC (Allocation Failure)  683051K->365131K(1033216K), 0.0044612 secs]
110.770: Total time for which application threads were stopped: 0.0046240 seconds, Stopping threads took: 0.0000194 seconds
110.836: [GC (Allocation Failure)  683595K->372622K(1033216K), 0.0045103 secs]
110.840: Total time for which application threads were stopped: 0.0046735 seconds, Stopping threads took: 0.0000203 seconds
110.908: [GC (Allocation Failure)  691086K->372622K(1033216K), 0.0043369 secs]
110.912: Total time for which application threads were stopped: 0.0045011 seconds, Stopping threads took: 0.0000201 seconds
110.977: [GC (Allocation Failure)  691086K->372846K(1033216K), 0.0044367 secs]
110.982: Total time for which application threads were stopped: 0.0046077 seconds, Stopping threads took: 0.0000204 seconds
111.048: [GC (Allocation Failure)  691310K->380656K(1033216K), 0.0044530 secs]
111.052: Total time for which application threads were stopped: 0.0046220 seconds, Stopping threads took: 0.0000195 seconds
111.118: [GC (Allocation Failure)  699120K->380688K(1033216K), 0.0043794 secs]
111.123: Total time for which application threads were stopped: 0.0045573 seconds, Stopping threads took: 0.0000265 seconds
111.190: [GC (Allocation Failure)  699152K->380808K(1033216K), 0.0042383 secs]
111.194: Total time for which application threads were stopped: 0.0044023 seconds, Stopping threads took: 0.0000205 seconds
111.262: [GC (Allocation Failure)  699272K->388650K(1033216K), 0.0045535 secs]
111.267: Total time for which application threads were stopped: 0.0047454 seconds, Stopping threads took: 0.0000200 seconds
111.333: [GC (Allocation Failure)  707114K->388682K(1033216K), 0.0060077 secs]
111.339: Total time for which application threads were stopped: 0.0061758 seconds, Stopping threads took: 0.0000215 seconds
111.404: [GC (Allocation Failure)  707146K->388746K(1033216K), 0.0045108 secs]
111.409: Total time for which application threads were stopped: 0.0047004 seconds, Stopping threads took: 0.0000228 seconds
111.476: [GC (Allocation Failure)  707210K->396717K(1033216K), 0.0045403 secs]
111.481: Total time for which application threads were stopped: 0.0047297 seconds, Stopping threads took: 0.0000198 seconds
111.548: [GC (Allocation Failure)  715181K->396717K(1033216K), 0.0044059 secs]
111.552: Total time for which application threads were stopped: 0.0045572 seconds, Stopping threads took: 0.0000172 seconds
111.617: [GC (Allocation Failure)  715181K->397005K(1033216K), 0.0044018 secs]
111.621: Total time for which application threads were stopped: 0.0045855 seconds, Stopping threads took: 0.0000200 seconds
111.688: [GC (Allocation Failure)  715469K->404751K(1033216K), 0.0065667 secs]
111.694: Total time for which application threads were stopped: 0.0067253 seconds, Stopping threads took: 0.0000259 seconds
111.762: [GC (Allocation Failure)  723215K->404719K(1033216K), 0.0043456 secs]
111.766: Total time for which application threads were stopped: 0.0045084 seconds, Stopping threads took: 0.0000200 seconds
111.831: [GC (Allocation Failure)  723183K->404999K(1033216K), 0.0045169 secs]
111.835: Total time for which application threads were stopped: 0.0047034 seconds, Stopping threads took: 0.0000285 seconds
111.901: [GC (Allocation Failure)  723463K->412809K(1033216K), 0.0044489 secs]
111.905: Total time for which application threads were stopped: 0.0046073 seconds, Stopping threads took: 0.0000180 seconds
111.970: [GC (Allocation Failure)  731273K->408903K(1033216K), 0.0033868 secs]
111.973: Total time for which application threads were stopped: 0.0035579 seconds, Stopping threads took: 0.0000204 seconds
112.040: [GC (Allocation Failure)  727367K->412937K(1034752K), 0.0047177 secs]
112.045: Total time for which application threads were stopped: 0.0049328 seconds, Stopping threads took: 0.0000203 seconds
112.112: [GC (Allocation Failure)  733449K->416905K(1033728K), 0.0043411 secs]
112.117: Total time for which application threads were stopped: 0.0045136 seconds, Stopping threads took: 0.0000204 seconds
112.184: [GC (Allocation Failure)  737417K->409063K(1034240K), 0.0013155 secs]
112.185: Total time for which application threads were stopped: 0.0014433 seconds, Stopping threads took: 0.0000255 seconds
112.255: [GC (Allocation Failure)  729575K->416969K(1034240K), 0.0044549 secs]
112.260: Total time for which application threads were stopped: 0.0046177 seconds, Stopping threads took: 0.0000202 seconds
112.327: [GC (Allocation Failure)  737481K->421081K(1033216K), 0.0059904 secs]
112.333: Total time for which application threads were stopped: 0.0061557 seconds, Stopping threads took: 0.0000216 seconds
112.400: [GC (Allocation Failure)  740569K->426743K(1032704K), 0.0088901 secs]
112.409: Total time for which application threads were stopped: 0.0090627 seconds, Stopping threads took: 0.0000205 seconds
112.476: [GC (Allocation Failure)  746231K->421305K(1031680K), 0.0044969 secs]
112.481: Total time for which application threads were stopped: 0.0046795 seconds, Stopping threads took: 0.0000219 seconds
112.550: [GC (Allocation Failure)  737721K->421049K(1032192K), 0.0044090 secs]
112.554: Total time for which application threads were stopped: 0.0045749 seconds, Stopping threads took: 0.0000214 seconds
112.619: [GC (Allocation Failure)  737465K->415671K(1032704K), 0.0022974 secs]
112.621: Total time for which application threads were stopped: 0.0024602 seconds, Stopping threads took: 0.0000196 seconds
112.689: [GC (Allocation Failure)  733111K->421241K(1032704K), 0.0043869 secs]
112.694: Total time for which application threads were stopped: 0.0045354 seconds, Stopping threads took: 0.0000142 seconds
112.760: [GC (Allocation Failure)  738681K->421049K(1033216K), 0.0047472 secs]
112.765: Total time for which application threads were stopped: 0.0049161 seconds, Stopping threads took: 0.0000194 seconds
112.830: [GC (Allocation Failure)  739001K->421401K(1032704K), 0.0046387 secs]
112.835: Total time for which application threads were stopped: 0.0048131 seconds, Stopping threads took: 0.0000207 seconds
112.901: [GC (Allocation Failure)  739353K->429115K(1033216K), 0.0045335 secs]
112.906: Total time for which application threads were stopped: 0.0047026 seconds, Stopping threads took: 0.0000196 seconds
112.973: [GC (Allocation Failure)  747579K->429083K(1033216K), 0.0043797 secs]
112.977: Total time for which application threads were stopped: 0.0045501 seconds, Stopping threads took: 0.0000191 seconds
113.044: [GC (Allocation Failure)  747547K->433211K(1033728K), 0.0054407 secs]
113.049: Total time for which application threads were stopped: 0.0056097 seconds, Stopping threads took: 0.0000204 seconds
113.117: [GC (Allocation Failure)  752187K->437214K(1033216K), 0.0043096 secs]
113.121: Total time for which application threads were stopped: 0.0044710 seconds, Stopping threads took: 0.0000199 seconds
113.189: [GC (Allocation Failure)  756190K->437150K(1034240K), 0.0043676 secs]
113.193: Total time for which application threads were stopped: 0.0045297 seconds, Stopping threads took: 0.0000270 seconds
113.258: [GC (Allocation Failure)  757150K->439934K(1033728K), 0.0051014 secs]
113.263: Total time for which application threads were stopped: 0.0052743 seconds, Stopping threads took: 0.0000209 seconds
113.331: [GC (Allocation Failure)  759934K->445184K(1034240K), 0.0047429 secs]
113.336: Total time for which application threads were stopped: 0.0049146 seconds, Stopping threads took: 0.0000200 seconds
113.403: [GC (Allocation Failure)  765696K->445120K(1034240K), 0.0044648 secs]
113.408: Total time for which application threads were stopped: 0.0046256 seconds, Stopping threads took: 0.0000195 seconds
113.475: [GC (Allocation Failure)  765632K->445608K(1034240K), 0.0046111 secs]
113.480: Total time for which application threads were stopped: 0.0047724 seconds, Stopping threads took: 0.0000201 seconds
113.549: [GC (Allocation Failure)  766120K->453226K(1034240K), 0.0045856 secs]
113.554: Total time for which application threads were stopped: 0.0047497 seconds, Stopping threads took: 0.0000214 seconds
113.621: [GC (Allocation Failure)  773738K->453194K(1034240K), 0.0045547 secs]
113.626: Total time for which application threads were stopped: 0.0047246 seconds, Stopping threads took: 0.0000201 seconds
113.694: [GC (Allocation Failure)  773706K->455874K(1034240K), 0.0048576 secs]
113.699: Total time for which application threads were stopped: 0.0050088 seconds, Stopping threads took: 0.0000179 seconds
113.766: [GC (Allocation Failure)  776386K->461284K(1034240K), 0.0045216 secs]
113.771: Total time for which application threads were stopped: 0.0046895 seconds, Stopping threads took: 0.0000203 seconds
113.838: [GC (Allocation Failure)  781796K->461220K(1034240K), 0.0046341 secs]
113.843: Total time for which application threads were stopped: 0.0048145 seconds, Stopping threads took: 0.0000202 seconds
113.912: [GC (Allocation Failure)  781732K->462052K(1033728K), 0.0046198 secs]
113.917: Total time for which application threads were stopped: 0.0047956 seconds, Stopping threads took: 0.0000213 seconds
113.986: [GC (Allocation Failure)  782564K->469383K(1034240K), 0.0044337 secs]
113.991: Total time for which application threads were stopped: 0.0046058 seconds, Stopping threads took: 0.0000207 seconds
114.058: [GC (Allocation Failure)  789895K->469255K(1034240K), 0.0047157 secs]
114.063: Total time for which application threads were stopped: 0.0049121 seconds, Stopping threads took: 0.0000203 seconds
114.132: [GC (Allocation Failure)  789767K->472359K(1034240K), 0.0051213 secs]
114.137: Total time for which application threads were stopped: 0.0052927 seconds, Stopping threads took: 0.0000199 seconds
114.206: [GC (Allocation Failure)  792871K->477385K(1034752K), 0.0043558 secs]
114.210: Total time for which application threads were stopped: 0.0045262 seconds, Stopping threads took: 0.0000274 seconds
114.278: [GC (Allocation Failure)  798921K->477257K(1034752K), 0.0046306 secs]
114.283: Total time for which application threads were stopped: 0.0048150 seconds, Stopping threads took: 0.0000197 seconds
114.350: [GC (Allocation Failure)  798793K->480585K(1034752K), 0.0053027 secs]
114.355: Total time for which application threads were stopped: 0.0055020 seconds, Stopping threads took: 0.0000212 seconds
114.425: [GC (Allocation Failure)  802121K->485355K(1034752K), 0.0046023 secs]
114.429: Total time for which application threads were stopped: 0.0047984 seconds, Stopping threads took: 0.0000204 seconds
114.497: [GC (Allocation Failure)  806891K->485323K(1034752K), 0.0047739 secs]
114.502: Total time for which application threads were stopped: 0.0049409 seconds, Stopping threads took: 0.0000194 seconds
114.567: [GC (Allocation Failure)  806859K->485739K(1034752K), 0.0045180 secs]
114.572: Total time for which application threads were stopped: 0.0046792 seconds, Stopping threads took: 0.0000199 seconds
114.640: [GC (Allocation Failure)  807275K->493357K(1034752K), 0.0049135 secs]
114.645: Total time for which application threads were stopped: 0.0050732 seconds, Stopping threads took: 0.0000198 seconds
114.715: [GC (Allocation Failure)  814893K->493389K(1034752K), 0.0045439 secs]
114.720: Total time for which application threads were stopped: 0.0047068 seconds, Stopping threads took: 0.0000188 seconds
114.785: [GC (Allocation Failure)  814925K->495021K(1034752K), 0.0047115 secs]
114.790: Total time for which application threads were stopped: 0.0048758 seconds, Stopping threads took: 0.0000193 seconds
114.858: [GC (Allocation Failure)  816557K->501424K(1029120K), 0.0047201 secs]
114.863: Total time for which application threads were stopped: 0.0048794 seconds, Stopping threads took: 0.0000205 seconds
114.931: [GC (Allocation Failure)  822960K->501392K(1034752K), 0.0046930 secs]
114.936: Total time for which application threads were stopped: 0.0048533 seconds, Stopping threads took: 0.0000194 seconds
115.002: [GC (Allocation Failure)  822416K->503752K(1034240K), 0.0050669 secs]
115.008: Total time for which application threads were stopped: 0.0052489 seconds, Stopping threads took: 0.0000208 seconds
115.077: [GC (Allocation Failure)  824776K->509514K(1034752K), 0.0047050 secs]
115.082: Total time for which application threads were stopped: 0.0048761 seconds, Stopping threads took: 0.0000206 seconds
115.150: [GC (Allocation Failure)  831050K->509418K(1034752K), 0.0045544 secs]
115.154: Total time for which application threads were stopped: 0.0047490 seconds, Stopping threads took: 0.0000198 seconds
115.222: [GC (Allocation Failure)  830954K->512490K(1034752K), 0.0052967 secs]
115.227: Total time for which application threads were stopped: 0.0054671 seconds, Stopping threads took: 0.0000263 seconds
115.293: [GC (Allocation Failure)  834026K->517516K(1034752K), 0.0059346 secs]
115.299: Total time for which application threads were stopped: 0.0061126 seconds, Stopping threads took: 0.0000219 seconds
115.366: [GC (Allocation Failure)  839052K->517484K(1034752K), 0.0046341 secs]
115.371: Total time for which application threads were stopped: 0.0048337 seconds, Stopping threads took: 0.0000217 seconds
115.438: [GC (Allocation Failure)  839020K->517676K(1021440K), 0.0047041 secs]
115.443: Total time for which application threads were stopped: 0.0048830 seconds, Stopping threads took: 0.0000198 seconds
115.512: [GC (Allocation Failure)  839212K->525519K(1034240K), 0.0046593 secs]
115.516: Total time for which application threads were stopped: 0.0048318 seconds, Stopping threads took: 0.0000211 seconds
115.584: [GC (Allocation Failure)  846031K->525519K(1034240K), 0.0065492 secs]
115.591: Total time for which application threads were stopped: 0.0067195 seconds, Stopping threads took: 0.0000200 seconds
115.657: [GC (Allocation Failure)  846031K->528879K(1034752K), 0.0053465 secs]
115.662: Total time for which application threads were stopped: 0.0055170 seconds, Stopping threads took: 0.0000199 seconds
115.731: [GC (Allocation Failure)  849903K->533649K(1034240K), 0.0048282 secs]
115.735: Total time for which application threads were stopped: 0.0050036 seconds, Stopping threads took: 0.0000210 seconds
115.804: [GC (Allocation Failure)  854673K->533521K(1034752K), 0.0046756 secs]
115.809: Total time for which application threads were stopped: 0.0048404 seconds, Stopping threads took: 0.0000188 seconds
115.876: [GC (Allocation Failure)  855057K->537129K(1034752K), 0.0054197 secs]
115.881: Total time for which application threads were stopped: 0.0055869 seconds, Stopping threads took: 0.0000201 seconds
115.949: [GC (Allocation Failure)  858665K->541611K(1034752K), 0.0046830 secs]
115.954: Total time for which application threads were stopped: 0.0048525 seconds, Stopping threads took: 0.0000199 seconds
116.022: [GC (Allocation Failure)  863147K->541547K(1034752K), 0.0043842 secs]
116.027: Total time for which application threads were stopped: 0.0045551 seconds, Stopping threads took: 0.0000205 seconds
116.093: [GC (Allocation Failure)  863083K->542251K(1034752K), 0.0049423 secs]
116.098: Total time for which application threads were stopped: 0.0051157 seconds, Stopping threads took: 0.0000194 seconds
116.165: [GC (Allocation Failure)  863787K->549613K(1034752K), 0.0049511 secs]
116.171: Total time for which application threads were stopped: 0.0051204 seconds, Stopping threads took: 0.0000203 seconds
116.238: [GC (Allocation Failure)  871149K->549613K(1034752K), 0.0047877 secs]
116.242: Total time for which application threads were stopped: 0.0049514 seconds, Stopping threads took: 0.0000191 seconds
116.307: [GC (Allocation Failure)  871149K->551525K(1034752K), 0.0049830 secs]
116.313: Total time for which application threads were stopped: 0.0051407 seconds, Stopping threads took: 0.0000184 seconds
116.380: [GC (Allocation Failure)  873061K->557640K(1034752K), 0.0047070 secs]
116.385: Total time for which application threads were stopped: 0.0048787 seconds, Stopping threads took: 0.0000209 seconds
116.452: [GC (Allocation Failure)  879176K->557608K(1034752K), 0.0045894 secs]
116.457: Total time for which application threads were stopped: 0.0047500 seconds, Stopping threads took: 0.0000198 seconds
116.524: [GC (Allocation Failure)  879144K->560768K(1034752K), 0.0066208 secs]
116.530: Total time for which application threads were stopped: 0.0067969 seconds, Stopping threads took: 0.0000200 seconds
116.598: [GC (Allocation Failure)  882304K->565794K(1034752K), 0.0047648 secs]
116.603: Total time for which application threads were stopped: 0.0049237 seconds, Stopping threads took: 0.0000196 seconds
116.670: [GC (Allocation Failure)  887330K->565666K(1034752K), 0.0057708 secs]
116.676: Total time for which application threads were stopped: 0.0059489 seconds, Stopping threads took: 0.0000313 seconds
116.742: [GC (Allocation Failure)  887202K->565930K(1021440K), 0.0047035 secs]
116.746: Total time for which application threads were stopped: 0.0048841 seconds, Stopping threads took: 0.0000196 seconds
116.813: [GC (Allocation Failure)  887466K->573740K(1034240K), 0.0057523 secs]
116.818: Total time for which application threads were stopped: 0.0059211 seconds, Stopping threads took: 0.0000206 seconds
116.885: [GC (Allocation Failure)  894252K->573676K(1034240K), 0.0047370 secs]
116.890: Total time for which application threads were stopped: 0.0049261 seconds, Stopping threads took: 0.0000193 seconds
116.957: [GC (Allocation Failure)  894188K->577220K(1034752K), 0.0055904 secs]
116.963: Total time for which application threads were stopped: 0.0057828 seconds, Stopping threads took: 0.0000204 seconds
117.031: [GC (Allocation Failure)  898244K->581766K(1034240K), 0.0049897 secs]
117.036: Total time for which application threads were stopped: 0.0051493 seconds, Stopping threads took: 0.0000176 seconds
117.104: [GC (Allocation Failure)  902790K->581702K(1034752K), 0.0047167 secs]
117.109: Total time for which application threads were stopped: 0.0048793 seconds, Stopping threads took: 0.0000201 seconds
117.176: [GC (Allocation Failure)  903238K->585478K(1034752K), 0.0054905 secs]
117.182: Total time for which application threads were stopped: 0.0056589 seconds, Stopping threads took: 0.0000264 seconds
117.251: [GC (Allocation Failure)  907014K->589737K(1035264K), 0.0048379 secs]
117.256: Total time for which application threads were stopped: 0.0050355 seconds, Stopping threads took: 0.0000264 seconds
117.325: [GC (Allocation Failure)  912297K->589737K(1035264K), 0.0046363 secs]
117.330: Total time for which application threads were stopped: 0.0047968 seconds, Stopping threads took: 0.0000170 seconds
117.397: [GC (Allocation Failure)  912297K->592649K(1035264K), 0.0052459 secs]
117.403: Total time for which application threads were stopped: 0.0054025 seconds, Stopping threads took: 0.0000287 seconds
117.472: [GC (Allocation Failure)  915209K->597803K(1035264K), 0.0047960 secs]
117.477: Total time for which application threads were stopped: 0.0049658 seconds, Stopping threads took: 0.0000193 seconds
117.545: [GC (Allocation Failure)  920363K->597771K(1035264K), 0.0047714 secs]
117.550: Total time for which application threads were stopped: 0.0049334 seconds, Stopping threads took: 0.0000203 seconds
117.616: [GC (Allocation Failure)  920331K->600907K(1035264K), 0.0055376 secs]
117.622: Total time for which application threads were stopped: 0.0057068 seconds, Stopping threads took: 0.0000191 seconds
117.691: [GC (Allocation Failure)  923467K->605933K(1035264K), 0.0049589 secs]
117.696: Total time for which application threads were stopped: 0.0051456 seconds, Stopping threads took: 0.0000261 seconds
117.764: [GC (Allocation Failure)  928493K->605805K(1035264K), 0.0049735 secs]
117.769: Total time for which application threads were stopped: 0.0051368 seconds, Stopping threads took: 0.0000269 seconds
117.835: [GC (Allocation Failure)  928365K->609125K(1035264K), 0.0055927 secs]
117.841: Total time for which application threads were stopped: 0.0057709 seconds, Stopping threads took: 0.0000189 seconds
117.909: [GC (Allocation Failure)  931685K->613895K(1035264K), 0.0049611 secs]
117.914: Total time for which application threads were stopped: 0.0051321 seconds, Stopping threads took: 0.0000204 seconds
117.982: [GC (Allocation Failure)  936455K->613863K(1035264K), 0.0048826 secs]
117.987: Total time for which application threads were stopped: 0.0050626 seconds, Stopping threads took: 0.0000168 seconds
118.056: [GC (Allocation Failure)  936423K->617351K(1035264K), 0.0054711 secs]
118.062: Total time for which application threads were stopped: 0.0056489 seconds, Stopping threads took: 0.0000207 seconds
118.130: [GC (Allocation Failure)  939911K->621898K(1035264K), 0.0048291 secs]
118.135: Total time for which application threads were stopped: 0.0050032 seconds, Stopping threads took: 0.0000203 seconds
118.203: [GC (Allocation Failure)  944458K->621866K(1035264K), 0.0047362 secs]
118.208: Total time for which application threads were stopped: 0.0049075 seconds, Stopping threads took: 0.0000263 seconds
118.275: [GC (Allocation Failure)  944426K->625642K(1035776K), 0.0057273 secs]
118.281: Total time for which application threads were stopped: 0.0059218 seconds, Stopping threads took: 0.0000205 seconds
118.349: [GC (Allocation Failure)  949226K->630092K(1035776K), 0.0048365 secs]
118.354: Total time for which application threads were stopped: 0.0050204 seconds, Stopping threads took: 0.0000167 seconds
118.424: [GC (Allocation Failure)  953676K->629932K(1035776K), 0.0050425 secs]
118.429: Total time for which application threads were stopped: 0.0052046 seconds, Stopping threads took: 0.0000206 seconds
118.496: [GC (Allocation Failure)  953516K->628874K(1035776K), 0.0046668 secs]
118.501: Total time for which application threads were stopped: 0.0048334 seconds, Stopping threads took: 0.0000198 seconds
118.569: [GC (Allocation Failure)  952458K->630060K(1036288K), 0.0045613 secs]
118.574: Total time for which application threads were stopped: 0.0047293 seconds, Stopping threads took: 0.0000196 seconds
118.642: [GC (Allocation Failure)  954668K->629932K(1036288K), 0.0047228 secs]
118.647: Total time for which application threads were stopped: 0.0048867 seconds, Stopping threads took: 0.0000206 seconds
118.714: [GC (Allocation Failure)  954540K->621866K(1034240K), 0.0028940 secs]
118.717: Total time for which application threads were stopped: 0.0030225 seconds, Stopping threads took: 0.0000264 seconds
118.786: [GC (Allocation Failure)  944426K->629996K(1035264K), 0.0050461 secs]
118.791: Total time for which application threads were stopped: 0.0052158 seconds, Stopping threads took: 0.0000199 seconds
118.859: [GC (Allocation Failure)  952556K->634076K(1035264K), 0.0064940 secs]
118.865: Total time for which application threads were stopped: 0.0066672 seconds, Stopping threads took: 0.0000211 seconds
118.933: [GC (Allocation Failure)  956636K->630138K(1035264K), 0.0037754 secs]
118.937: Total time for which application threads were stopped: 0.0039534 seconds, Stopping threads took: 0.0000215 seconds
119.007: [GC (Allocation Failure)  952698K->634204K(1035776K), 0.0050098 secs]
119.012: Total time for which application threads were stopped: 0.0051812 seconds, Stopping threads took: 0.0000198 seconds
119.080: [GC (Allocation Failure)  957788K->638172K(1035776K), 0.0046773 secs]
119.085: Total time for which application threads were stopped: 0.0048705 seconds, Stopping threads took: 0.0000209 seconds
119.154: [GC (Allocation Failure)  961756K->638204K(1035776K), 0.0047801 secs]
119.159: Total time for which application threads were stopped: 0.0049599 seconds, Stopping threads took: 0.0000393 seconds
119.225: [GC (Allocation Failure)  961788K->638236K(1023488K), 0.0047681 secs]
119.230: Total time for which application threads were stopped: 0.0049453 seconds, Stopping threads took: 0.0000278 seconds
119.297: [GC (Allocation Failure)  961820K->646174K(1035264K), 0.0074176 secs]
119.305: Total time for which application threads were stopped: 0.0075935 seconds, Stopping threads took: 0.0000194 seconds
119.375: [GC (Allocation Failure)  968734K->646238K(1035264K), 0.0049187 secs]
119.380: Total time for which application threads were stopped: 0.0050961 seconds, Stopping threads took: 0.0000221 seconds
119.446: [GC (Allocation Failure)  968798K->646262K(1034240K), 0.0051073 secs]
119.451: Total time for which application threads were stopped: 0.0052868 seconds, Stopping threads took: 0.0000215 seconds
119.518: [GC (Allocation Failure)  967798K->654297K(1034752K), 0.0051631 secs]
119.524: Total time for which application threads were stopped: 0.0053312 seconds, Stopping threads took: 0.0000200 seconds
119.591: [GC (Allocation Failure)  975833K->654233K(1034752K), 0.0049912 secs]
119.596: Total time for which application threads were stopped: 0.0051752 seconds, Stopping threads took: 0.0000210 seconds
119.664: [GC (Allocation Failure)  975769K->654449K(1021440K), 0.0100432 secs]
119.675: Total time for which application threads were stopped: 0.0102136 seconds, Stopping threads took: 0.0000212 seconds
119.743: [GC (Allocation Failure)  975985K->662227K(1034240K), 0.0051082 secs]
119.748: Total time for which application threads were stopped: 0.0052802 seconds, Stopping threads took: 0.0000196 seconds
119.816: [GC (Allocation Failure)  982739K->662259K(1034240K), 0.0045598 secs]
119.820: Total time for which application threads were stopped: 0.0047266 seconds, Stopping threads took: 0.0000198 seconds
119.887: [GC (Allocation Failure)  982771K->662699K(1034240K), 0.0047867 secs]
119.891: Total time for which application threads were stopped: 0.0049765 seconds, Stopping threads took: 0.0000199 seconds
119.960: [GC (Allocation Failure)  983211K->670317K(1034240K), 0.0047807 secs]
119.965: Total time for which application threads were stopped: 0.0049305 seconds, Stopping threads took: 0.0000170 seconds
120.032: [GC (Allocation Failure)  990829K->670285K(1034240K), 0.0048236 secs]
120.037: Total time for which application threads were stopped: 0.0049822 seconds, Stopping threads took: 0.0000203 seconds
120.104: [GC (Allocation Failure)  990797K->670437K(1020416K), 0.0051368 secs]
120.109: Total time for which application threads were stopped: 0.0052957 seconds, Stopping threads took: 0.0000194 seconds
120.176: [GC (Allocation Failure)  990949K->678279K(1033728K), 0.0047865 secs]
120.181: Total time for which application threads were stopped: 0.0049547 seconds, Stopping threads took: 0.0000263 seconds
120.248: [GC (Allocation Failure)  997767K->678311K(1033728K), 0.0057309 secs]
120.254: Total time for which application threads were stopped: 0.0059434 seconds, Stopping threads took: 0.0000278 seconds
120.319: [GC (Allocation Failure)  997799K->678375K(1033728K), 0.0048367 secs]
120.324: Total time for which application threads were stopped: 0.0050201 seconds, Stopping threads took: 0.0000199 seconds
120.393: [GC (Allocation Failure)  997863K->686346K(1033728K), 0.0049806 secs]
120.398: Total time for which application threads were stopped: 0.0051475 seconds, Stopping threads took: 0.0000210 seconds
120.464: [GC (Allocation Failure)  1005834K->686346K(1033728K), 0.0049810 secs]
120.469: Total time for which application threads were stopped: 0.0051713 seconds, Stopping threads took: 0.0000287 seconds
120.536: [GC (Allocation Failure)  1005834K->686602K(1033728K), 0.0048405 secs]
120.541: [Full GC (Ergonomics)  686602K->8746K(1033728K), 0.0128779 secs]
120.554: Total time for which application threads were stopped: 0.0180105 seconds, Stopping threads took: 0.0000205 seconds
120.621: [GC (Allocation Failure)  328234K->16844K(1032704K), 0.0038109 secs]
120.625: Total time for which application threads were stopped: 0.0039623 seconds, Stopping threads took: 0.0000186 seconds
120.693: [GC (Allocation Failure)  335308K->12522K(1033216K), 0.0022364 secs]
120.695: Total time for which application threads were stopped: 0.0023843 seconds, Stopping threads took: 0.0000179 seconds
120.764: [GC (Allocation Failure)  330986K->17084K(1034752K), 0.0037075 secs]
120.768: Total time for which application threads were stopped: 0.0038787 seconds, Stopping threads took: 0.0000199 seconds
120.836: [GC (Allocation Failure)  338108K->20980K(1034240K), 0.0038807 secs]
120.840: Total time for which application threads were stopped: 0.0040433 seconds, Stopping threads took: 0.0000213 seconds
120.907: [GC (Allocation Failure)  342004K->13778K(1034752K), 0.0007641 secs]
120.908: Total time for which application threads were stopped: 0.0008878 seconds, Stopping threads took: 0.0000205 seconds
120.976: [GC (Allocation Failure)  335314K->21132K(1034752K), 0.0037665 secs]
120.980: Total time for which application threads were stopped: 0.0039445 seconds, Stopping threads took: 0.0000208 seconds
121.048: [GC (Allocation Failure)  342668K->25092K(1033728K), 0.0049495 secs]
121.053: Total time for which application threads were stopped: 0.0051237 seconds, Stopping threads took: 0.0000224 seconds
121.119: [GC (Allocation Failure)  345604K->18146K(1034240K), 0.0009223 secs]
121.120: Total time for which application threads were stopped: 0.0010465 seconds, Stopping threads took: 0.0000203 seconds
121.189: [GC (Allocation Failure)  338658K->25180K(1034752K), 0.0035523 secs]
121.192: Total time for which application threads were stopped: 0.0037172 seconds, Stopping threads took: 0.0000282 seconds
121.261: [GC (Allocation Failure)  346716K->29268K(1034752K), 0.0045960 secs]
121.266: Total time for which application threads were stopped: 0.0047731 seconds, Stopping threads took: 0.0000278 seconds
121.331: [GC (Allocation Failure)  350804K->22450K(1034752K), 0.0010130 secs]
121.332: Total time for which application threads were stopped: 0.0011299 seconds, Stopping threads took: 0.0000189 seconds
121.401: [GC (Allocation Failure)  343986K->29308K(1034752K), 0.0037582 secs]
121.405: Total time for which application threads were stopped: 0.0039500 seconds, Stopping threads took: 0.0000197 seconds
121.472: [GC (Allocation Failure)  350844K->33412K(1034752K), 0.0046600 secs]
121.477: Total time for which application threads were stopped: 0.0048096 seconds, Stopping threads took: 0.0000171 seconds
121.543: [GC (Allocation Failure)  354948K->27810K(1034752K), 0.0015467 secs]
121.545: Total time for which application threads were stopped: 0.0016850 seconds, Stopping threads took: 0.0000201 seconds
121.611: [GC (Allocation Failure)  349346K->33692K(1035264K), 0.0039471 secs]
121.615: Total time for which application threads were stopped: 0.0041511 seconds, Stopping threads took: 0.0000227 seconds
121.685: [GC (Allocation Failure)  355740K->37556K(1034752K), 0.0052499 secs]
121.690: Total time for which application threads were stopped: 0.0054010 seconds, Stopping threads took: 0.0000263 seconds
121.758: [GC (Allocation Failure)  359604K->33650K(1035776K), 0.0024986 secs]
121.761: Total time for which application threads were stopped: 0.0026694 seconds, Stopping threads took: 0.0000196 seconds
121.829: [GC (Allocation Failure)  356722K->37708K(1035264K), 0.0038959 secs]
121.833: Total time for which application threads were stopped: 0.0040538 seconds, Stopping threads took: 0.0000196 seconds
121.902: [GC (Allocation Failure)  360780K->41708K(1035264K), 0.0037413 secs]
121.906: Total time for which application threads were stopped: 0.0039053 seconds, Stopping threads took: 0.0000210 seconds
121.974: [GC (Allocation Failure)  365292K->41708K(1035776K), 0.0034610 secs]
121.977: Total time for which application threads were stopped: 0.0036301 seconds, Stopping threads took: 0.0000220 seconds
122.044: [GC (Allocation Failure)  365292K->41740K(1034752K), 0.0037223 secs]
122.048: Total time for which application threads were stopped: 0.0039159 seconds, Stopping threads took: 0.0000195 seconds
122.117: [GC (Allocation Failure)  364300K->49710K(1035264K), 0.0039758 secs]
122.121: Total time for which application threads were stopped: 0.0041318 seconds, Stopping threads took: 0.0000192 seconds
122.187: [GC (Allocation Failure)  372270K->49710K(1034240K), 0.0037729 secs]
122.191: Total time for which application threads were stopped: 0.0039721 seconds, Stopping threads took: 0.0000261 seconds
122.259: [GC (Allocation Failure)  371246K->49774K(1034752K), 0.0038483 secs]
122.263: Total time for which application threads were stopped: 0.0040582 seconds, Stopping threads took: 0.0000173 seconds
122.332: [GC (Allocation Failure)  371310K->57744K(1034752K), 0.0038910 secs]
122.336: Total time for which application threads were stopped: 0.0040567 seconds, Stopping threads took: 0.0000168 seconds
122.404: [GC (Allocation Failure)  379280K->57776K(1029120K), 0.0036470 secs]
122.408: Total time for which application threads were stopped: 0.0038394 seconds, Stopping threads took: 0.0000198 seconds
122.476: [GC (Allocation Failure)  379312K->57992K(1034240K), 0.0037553 secs]
122.480: Total time for which application threads were stopped: 0.0039229 seconds, Stopping threads took: 0.0000198 seconds
122.548: [GC (Allocation Failure)  378504K->65771K(1034240K), 0.0036912 secs]
122.552: Total time for which application threads were stopped: 0.0038719 seconds, Stopping threads took: 0.0000202 seconds
122.620: [GC (Allocation Failure)  386283K->65771K(1034240K), 0.0036655 secs]
122.624: Total time for which application threads were stopped: 0.0038282 seconds, Stopping threads took: 0.0000209 seconds
122.692: [GC (Allocation Failure)  386283K->66219K(1020416K), 0.0037758 secs]
122.696: Total time for which application threads were stopped: 0.0039566 seconds, Stopping threads took: 0.0000154 seconds
122.763: [GC (Allocation Failure)  386731K->73837K(1033728K), 0.0040243 secs]
122.767: Total time for which application threads were stopped: 0.0041858 seconds, Stopping threads took: 0.0000175 seconds
122.833: [GC (Allocation Failure)  393325K->73805K(1033728K), 0.0037522 secs]
122.837: Total time for which application threads were stopped: 0.0039193 seconds, Stopping threads took: 0.0000201 seconds
122.904: [GC (Allocation Failure)  393293K->73933K(1033728K), 0.0038196 secs]
122.908: Total time for which application threads were stopped: 0.0039982 seconds, Stopping threads took: 0.0000202 seconds
122.976: [GC (Allocation Failure)  393421K->81871K(1033728K), 0.0036369 secs]
122.980: Total time for which application threads were stopped: 0.0038256 seconds, Stopping threads took: 0.0000200 seconds
123.047: [GC (Allocation Failure)  401359K->81839K(1033728K), 0.0037113 secs]
123.051: Total time for which application threads were stopped: 0.0038764 seconds, Stopping threads took: 0.0000207 seconds
123.119: [GC (Allocation Failure)  401327K->81895K(1033728K), 0.0038563 secs]
123.123: Total time for which application threads were stopped: 0.0040165 seconds, Stopping threads took: 0.0000201 seconds
123.190: [GC (Allocation Failure)  401383K->89865K(1032704K), 0.0038908 secs]
123.194: Total time for which application threads were stopped: 0.0040730 seconds, Stopping threads took: 0.0000200 seconds
123.263: [GC (Allocation Failure)  408329K->84295K(1033216K), 0.0017224 secs]
123.265: Total time for which application threads were stopped: 0.0018537 seconds, Stopping threads took: 0.0000172 seconds
123.334: [GC (Allocation Failure)  402759K->90129K(1034752K), 0.0039393 secs]
123.338: Total time for which application threads were stopped: 0.0040975 seconds, Stopping threads took: 0.0000199 seconds
123.406: [GC (Allocation Failure)  410641K->94017K(1033728K), 0.0037379 secs]
123.410: Total time for which application threads were stopped: 0.0039136 seconds, Stopping threads took: 0.0000341 seconds
123.477: [GC (Allocation Failure)  414529K->100911K(1029120K), 0.0069299 secs]
123.484: Total time for which application threads were stopped: 0.0070990 seconds, Stopping threads took: 0.0000195 seconds
123.552: [GC (Allocation Failure)  416303K->94801K(1031680K), 0.0038682 secs]
123.556: Total time for which application threads were stopped: 0.0040483 seconds, Stopping threads took: 0.0000202 seconds
123.621: [GC (Allocation Failure)  410193K->94641K(1032704K), 0.0039321 secs]
123.625: Total time for which application threads were stopped: 0.0040913 seconds, Stopping threads took: 0.0000204 seconds
123.690: [GC (Allocation Failure)  411569K->98025K(1032192K), 0.0045674 secs]
123.695: Total time for which application threads were stopped: 0.0047609 seconds, Stopping threads took: 0.0000168 seconds
123.762: [GC (Allocation Failure)  414953K->102796K(1033216K), 0.0039552 secs]
123.766: Total time for which application threads were stopped: 0.0041278 seconds, Stopping threads took: 0.0000179 seconds
123.835: [GC (Allocation Failure)  420748K->102668K(1032704K), 0.0038947 secs]
123.839: Total time for which application threads were stopped: 0.0040454 seconds, Stopping threads took: 0.0000169 seconds
123.906: [GC (Allocation Failure)  420620K->103692K(1033216K), 0.0040291 secs]
123.910: Total time for which application threads were stopped: 0.0042057 seconds, Stopping threads took: 0.0000209 seconds
123.978: [GC (Allocation Failure)  422156K->110702K(1033216K), 0.0036586 secs]
123.981: Total time for which application threads were stopped: 0.0038432 seconds, Stopping threads took: 0.0000178 seconds
124.049: [GC (Allocation Failure)  429166K->110670K(1033728K), 0.0039489 secs]
124.053: Total time for which application threads were stopped: 0.0041410 seconds, Stopping threads took: 0.0000198 seconds
124.121: [GC (Allocation Failure)  429646K->112390K(1033216K), 0.0042095 secs]
124.126: Total time for which application threads were stopped: 0.0043787 seconds, Stopping threads took: 0.0000196 seconds
124.193: [GC (Allocation Failure)  431366K->118824K(1033728K), 0.0037531 secs]
124.196: Total time for which application threads were stopped: 0.0039318 seconds, Stopping threads took: 0.0000268 seconds
124.264: [GC (Allocation Failure)  438312K->118760K(1033728K), 0.0039515 secs]
124.268: Total time for which application threads were stopped: 0.0041111 seconds, Stopping threads took: 0.0000197 seconds
124.333: [GC (Allocation Failure)  438248K->119080K(1033728K), 0.0039123 secs]
124.337: Total time for which application threads were stopped: 0.0040582 seconds, Stopping threads took: 0.0000194 seconds
124.402: [GC (Allocation Failure)  438568K->126762K(1033728K), 0.0040332 secs]
124.406: Total time for which application threads were stopped: 0.0041912 seconds, Stopping threads took: 0.0000195 seconds
124.473: [GC (Allocation Failure)  446250K->126762K(1033728K), 0.0038248 secs]
124.477: Total time for which application threads were stopped: 0.0040053 seconds, Stopping threads took: 0.0000222 seconds
124.543: [GC (Allocation Failure)  446250K->130410K(1033728K), 0.0046639 secs]
124.548: Total time for which application threads were stopped: 0.0048203 seconds, Stopping threads took: 0.0000175 seconds
124.614: [GC (Allocation Failure)  449898K->134861K(1034240K), 0.0042370 secs]
124.618: Total time for which application threads were stopped: 0.0043876 seconds, Stopping threads took: 0.0000203 seconds
124.685: [GC (Allocation Failure)  455373K->134829K(1034240K), 0.0044888 secs]
124.689: Total time for which application threads were stopped: 0.0046663 seconds, Stopping threads took: 0.0000260 seconds
124.755: [GC (Allocation Failure)  455341K->135525K(1034240K), 0.0040900 secs]
124.759: Total time for which application threads were stopped: 0.0042495 seconds, Stopping threads took: 0.0000199 seconds
124.827: [GC (Allocation Failure)  456037K->142855K(1034240K), 0.0038869 secs]
124.831: Total time for which application threads were stopped: 0.0040688 seconds, Stopping threads took: 0.0000204 seconds
124.899: [GC (Allocation Failure)  463367K->142855K(1034240K), 0.0037436 secs]
124.902: Total time for which application threads were stopped: 0.0039110 seconds, Stopping threads took: 0.0000195 seconds
124.969: [GC (Allocation Failure)  463367K->143783K(1034240K), 0.0042953 secs]
124.974: Total time for which application threads were stopped: 0.0044769 seconds, Stopping threads took: 0.0000201 seconds
125.041: [GC (Allocation Failure)  464295K->150857K(1034240K), 0.0050421 secs]
125.046: Total time for which application threads were stopped: 0.0052032 seconds, Stopping threads took: 0.0000196 seconds
125.113: [GC (Allocation Failure)  471369K->150857K(1034240K), 0.0040967 secs]
125.118: Total time for which application threads were stopped: 0.0042672 seconds, Stopping threads took: 0.0000203 seconds
125.183: [GC (Allocation Failure)  471369K->152001K(1034240K), 0.0041135 secs]
125.188: Total time for which application threads were stopped: 0.0042688 seconds, Stopping threads took: 0.0000266 seconds
125.255: [GC (Allocation Failure)  472513K->158916K(1034240K), 0.0041172 secs]
125.259: Total time for which application threads were stopped: 0.0042862 seconds, Stopping threads took: 0.0000204 seconds
125.324: [GC (Allocation Failure)  479428K->158916K(1034240K), 0.0040165 secs]
125.328: Total time for which application threads were stopped: 0.0042038 seconds, Stopping threads took: 0.0000207 seconds
125.393: [GC (Allocation Failure)  479428K->159228K(1020416K), 0.0041506 secs]
125.397: Total time for which application threads were stopped: 0.0042935 seconds, Stopping threads took: 0.0000207 seconds
125.463: [GC (Allocation Failure)  479740K->166974K(1033728K), 0.0041920 secs]
125.468: Total time for which application threads were stopped: 0.0043459 seconds, Stopping threads took: 0.0000195 seconds
125.532: [GC (Allocation Failure)  486462K->166910K(1033728K), 0.0039561 secs]
125.536: Total time for which application threads were stopped: 0.0041141 seconds, Stopping threads took: 0.0000193 seconds
125.599: [GC (Allocation Failure)  486398K->167454K(1033728K), 0.0041643 secs]
125.603: Total time for which application threads were stopped: 0.0043091 seconds, Stopping threads took: 0.0000197 seconds
125.667: [GC (Allocation Failure)  486942K->174976K(1033728K), 0.0046992 secs]
125.672: Total time for which application threads were stopped: 0.0048486 seconds, Stopping threads took: 0.0000246 seconds
125.739: [GC (Allocation Failure)  494464K->174976K(1033728K), 0.0039967 secs]
125.743: Total time for which application threads were stopped: 0.0041561 seconds, Stopping threads took: 0.0000199 seconds
125.809: [GC (Allocation Failure)  494464K->175688K(1033728K), 0.0040841 secs]
125.813: Total time for which application threads were stopped: 0.0042530 seconds, Stopping threads took: 0.0000198 seconds
125.881: [GC (Allocation Failure)  495176K->183018K(1033728K), 0.0039835 secs]
125.885: Total time for which application threads were stopped: 0.0041778 seconds, Stopping threads took: 0.0000201 seconds
125.953: [GC (Allocation Failure)  502506K->182954K(1033728K), 0.0041083 secs]
125.958: Total time for which application threads were stopped: 0.0042666 seconds, Stopping threads took: 0.0000174 seconds
126.024: [GC (Allocation Failure)  502442K->184970K(1033728K), 0.0041870 secs]
126.028: Total time for which application threads were stopped: 0.0043457 seconds, Stopping threads took: 0.0000195 seconds
126.097: [GC (Allocation Failure)  504458K->191053K(1033728K), 0.0043443 secs]
126.101: Total time for which application threads were stopped: 0.0045173 seconds, Stopping threads took: 0.0000205 seconds
126.170: [GC (Allocation Failure)  510541K->191021K(1033728K), 0.0040830 secs]
126.174: Total time for which application threads were stopped: 0.0042866 seconds, Stopping threads took: 0.0000205 seconds
126.242: [GC (Allocation Failure)  510509K->192133K(1033728K), 0.0041529 secs]
126.246: Total time for which application threads were stopped: 0.0043259 seconds, Stopping threads took: 0.0000287 seconds
126.314: [GC (Allocation Failure)  511621K->199111K(1033728K), 0.0039689 secs]
126.318: Total time for which application threads were stopped: 0.0041695 seconds, Stopping threads took: 0.0000210 seconds
126.387: [GC (Allocation Failure)  518599K->199079K(1033728K), 0.0039880 secs]
126.391: Total time for which application threads were stopped: 0.0041760 seconds, Stopping threads took: 0.0000197 seconds
126.458: [GC (Allocation Failure)  518567K->199367K(1033728K), 0.0041009 secs]
126.463: Total time for which application threads were stopped: 0.0042921 seconds, Stopping threads took: 0.0000207 seconds
126.532: [GC (Allocation Failure)  518855K->207081K(1033728K), 0.0040018 secs]
126.536: Total time for which application threads were stopped: 0.0041840 seconds, Stopping threads took: 0.0000175 seconds
126.604: [GC (Allocation Failure)  526569K->207049K(1033728K), 0.0040822 secs]
126.608: Total time for which application threads were stopped: 0.0042290 seconds, Stopping threads took: 0.0000175 seconds
126.676: [GC (Allocation Failure)  526537K->207593K(1033728K), 0.0049218 secs]
126.681: Total time for which application threads were stopped: 0.0051182 seconds, Stopping threads took: 0.0000190 seconds
126.749: [GC (Allocation Failure)  527081K->215147K(1033728K), 0.0042004 secs]
126.753: Total time for which application threads were stopped: 0.0043576 seconds, Stopping threads took: 0.0000191 seconds
126.820: [GC (Allocation Failure)  534635K->215147K(1033728K), 0.0042965 secs]
126.824: Total time for which application threads were stopped: 0.0044855 seconds, Stopping threads took: 0.0000199 seconds
126.892: [GC (Allocation Failure)  534635K->215843K(1033728K), 0.0042222 secs]
126.896: Total time for which application threads were stopped: 0.0043806 seconds, Stopping threads took: 0.0000166 seconds
126.963: [GC (Allocation Failure)  535331K->223174K(1033728K), 0.0039183 secs]
126.967: Total time for which application threads were stopped: 0.0040961 seconds, Stopping threads took: 0.0000201 seconds
127.031: [GC (Allocation Failure)  542662K->223142K(1033728K), 0.0039534 secs]
127.035: Total time for which application threads were stopped: 0.0040991 seconds, Stopping threads took: 0.0000215 seconds
127.099: [GC (Allocation Failure)  542630K->224078K(1033728K), 0.0041481 secs]
127.104: Total time for which application threads were stopped: 0.0042921 seconds, Stopping threads took: 0.0000280 seconds
127.169: [GC (Allocation Failure)  543566K->231216K(1033728K), 0.0040206 secs]
127.173: Total time for which application threads were stopped: 0.0041676 seconds, Stopping threads took: 0.0000199 seconds
127.238: [GC (Allocation Failure)  550704K->231216K(1033728K), 0.0038648 secs]
127.242: Total time for which application threads were stopped: 0.0039983 seconds, Stopping threads took: 0.0000191 seconds
127.304: [GC (Allocation Failure)  550704K->231272K(1032704K), 0.0038793 secs]
127.308: Total time for which application threads were stopped: 0.0040130 seconds, Stopping threads took: 0.0000194 seconds
127.371: [GC (Allocation Failure)  549736K->239242K(1033216K), 0.0064999 secs]
127.378: Total time for which application threads were stopped: 0.0066525 seconds, Stopping threads took: 0.0000188 seconds
127.442: [GC (Allocation Failure)  557706K->239210K(1033216K), 0.0042271 secs]
127.447: Total time for which application threads were stopped: 0.0043944 seconds, Stopping threads took: 0.0000273 seconds
127.511: [GC (Allocation Failure)  557674K->239530K(1033216K), 0.0040063 secs]
127.515: Total time for which application threads were stopped: 0.0041594 seconds, Stopping threads took: 0.0000295 seconds
127.579: [GC (Allocation Failure)  557994K->247244K(1033216K), 0.0040770 secs]
127.583: Total time for which application threads were stopped: 0.0042396 seconds, Stopping threads took: 0.0000447 seconds
127.646: [GC (Allocation Failure)  565708K->247244K(1033216K), 0.0040069 secs]
127.650: Total time for which application threads were stopped: 0.0041407 seconds, Stopping threads took: 0.0000189 seconds
127.713: [GC (Allocation Failure)  565708K->247788K(1033216K), 0.0042252 secs]
127.717: Total time for which application threads were stopped: 0.0043904 seconds, Stopping threads took: 0.0000192 seconds
127.784: [GC (Allocation Failure)  566252K->255247K(1033216K), 0.0039676 secs]
127.788: Total time for which application threads were stopped: 0.0041201 seconds, Stopping threads took: 0.0000210 seconds
127.849: [GC (Allocation Failure)  573711K->255247K(1033216K), 0.0040707 secs]
127.854: Total time for which application threads were stopped: 0.0042168 seconds, Stopping threads took: 0.0000200 seconds
127.916: [GC (Allocation Failure)  573711K->255463K(1033216K), 0.0040518 secs]
127.920: Total time for which application threads were stopped: 0.0041885 seconds, Stopping threads took: 0.0000202 seconds
127.983: [GC (Allocation Failure)  573927K->263305K(1033216K), 0.0042241 secs]
127.987: Total time for which application threads were stopped: 0.0043548 seconds, Stopping threads took: 0.0000191 seconds
128.050: [GC (Allocation Failure)  581769K->263337K(1033216K), 0.0042231 secs]
128.054: Total time for which application threads were stopped: 0.0043654 seconds, Stopping threads took: 0.0000197 seconds
128.114: [GC (Allocation Failure)  581801K->263465K(1033216K), 0.0041359 secs]
128.119: Total time for which application threads were stopped: 0.0042660 seconds, Stopping threads took: 0.0000183 seconds
128.181: [GC (Allocation Failure)  581929K->271339K(1033216K), 0.0038990 secs]
128.185: Total time for which application threads were stopped: 0.0040287 seconds, Stopping threads took: 0.0000260 seconds
128.246: [GC (Allocation Failure)  589803K->271339K(1033216K), 0.0042341 secs]
128.251: Total time for which application threads were stopped: 0.0043665 seconds, Stopping threads took: 0.0000234 seconds
128.315: [GC (Allocation Failure)  589803K->271403K(1033216K), 0.0041258 secs]
128.319: Total time for which application threads were stopped: 0.0042705 seconds, Stopping threads took: 0.0000236 seconds
128.382: [GC (Allocation Failure)  589867K->279374K(1033216K), 0.0040357 secs]
128.386: Total time for which application threads were stopped: 0.0041688 seconds, Stopping threads took: 0.0000177 seconds
128.450: [GC (Allocation Failure)  597838K->279374K(1033216K), 0.0039521 secs]
128.454: Total time for which application threads were stopped: 0.0040705 seconds, Stopping threads took: 0.0000161 seconds
128.515: [GC (Allocation Failure)  597838K->279662K(1033216K), 0.0040344 secs]
128.519: Total time for which application threads were stopped: 0.0041714 seconds, Stopping threads took: 0.0000245 seconds
128.582: [GC (Allocation Failure)  598126K->287408K(1033216K), 0.0039821 secs]
128.586: Total time for which application threads were stopped: 0.0041273 seconds, Stopping threads took: 0.0000245 seconds
128.650: [GC (Allocation Failure)  605872K->287408K(1033216K), 0.0066060 secs]
128.656: Total time for which application threads were stopped: 0.0067431 seconds, Stopping threads took: 0.0000269 seconds
128.722: [GC (Allocation Failure)  605872K->287656K(1033216K), 0.0042413 secs]
128.726: Total time for which application threads were stopped: 0.0044028 seconds, Stopping threads took: 0.0000195 seconds
128.795: [GC (Allocation Failure)  606120K->295434K(1033216K), 0.0043689 secs]
128.799: Total time for which application threads were stopped: 0.0045389 seconds, Stopping threads took: 0.0000286 seconds
128.864: [GC (Allocation Failure)  613898K->289576K(1033216K), 0.0020740 secs]
128.866: Total time for which application threads were stopped: 0.0022105 seconds, Stopping threads took: 0.0000267 seconds
128.930: [GC (Allocation Failure)  608040K->295602K(1034240K), 0.0041821 secs]
128.934: Total time for which application threads were stopped: 0.0043480 seconds, Stopping threads took: 0.0000283 seconds
129.001: [GC (Allocation Failure)  615602K->299618K(1033728K), 0.0047842 secs]
129.006: Total time for which application threads were stopped: 0.0049479 seconds, Stopping threads took: 0.0000220 seconds
129.069: [GC (Allocation Failure)  619618K->305152K(1029632K), 0.0067118 secs]
129.076: Total time for which application threads were stopped: 0.0068677 seconds, Stopping threads took: 0.0000284 seconds
129.141: [GC (Allocation Failure)  620544K->299650K(1031680K), 0.0044251 secs]
129.146: Total time for which application threads were stopped: 0.0045949 seconds, Stopping threads took: 0.0000205 seconds
129.215: [GC (Allocation Failure)  615042K->299586K(1032704K), 0.0040701 secs]
129.220: Total time for which application threads were stopped: 0.0042369 seconds, Stopping threads took: 0.0000262 seconds
129.284: [GC (Allocation Failure)  616514K->301610K(1032192K), 0.0046241 secs]
129.289: Total time for which application threads were stopped: 0.0047854 seconds, Stopping threads took: 0.0000206 seconds
129.358: [GC (Allocation Failure)  618538K->307660K(1032704K), 0.0041914 secs]
129.363: Total time for which application threads were stopped: 0.0043703 seconds, Stopping threads took: 0.0000202 seconds
129.428: [GC (Allocation Failure)  625100K->307660K(1032704K), 0.0044337 secs]
129.433: Total time for which application threads were stopped: 0.0045995 seconds, Stopping threads took: 0.0000212 seconds
129.500: [GC (Allocation Failure)  625100K->310380K(1033216K), 0.0046332 secs]
129.505: Total time for which application threads were stopped: 0.0047980 seconds, Stopping threads took: 0.0000191 seconds
129.570: [GC (Allocation Failure)  628844K->315695K(1033216K), 0.0043858 secs]
129.574: Total time for which application threads were stopped: 0.0045830 seconds, Stopping threads took: 0.0000206 seconds
129.643: [GC (Allocation Failure)  634159K->315663K(1033728K), 0.0043293 secs]
129.647: Total time for which application threads were stopped: 0.0044918 seconds, Stopping threads took: 0.0000250 seconds
129.713: [GC (Allocation Failure)  635151K->319591K(1033728K), 0.0053641 secs]
129.719: Total time for which application threads were stopped: 0.0056680 seconds, Stopping threads took: 0.0000195 seconds
129.787: [GC (Allocation Failure)  639079K->323817K(1034240K), 0.0042038 secs]
129.792: Total time for which application threads were stopped: 0.0043934 seconds, Stopping threads took: 0.0000197 seconds
129.861: [GC (Allocation Failure)  644329K->323689K(1034240K), 0.0043606 secs]
129.865: Total time for which application threads were stopped: 0.0045092 seconds, Stopping threads took: 0.0000170 seconds
129.931: [GC (Allocation Failure)  644201K->324745K(1034240K), 0.0042456 secs]
129.936: Total time for which application threads were stopped: 0.0044370 seconds, Stopping threads took: 0.0000197 seconds
130.006: [GC (Allocation Failure)  645257K->331787K(1034240K), 0.0041834 secs]
130.010: Total time for which application threads were stopped: 0.0043640 seconds, Stopping threads took: 0.0000172 seconds
130.079: [GC (Allocation Failure)  652299K->331723K(1034240K), 0.0042173 secs]
130.083: Total time for which application threads were stopped: 0.0043879 seconds, Stopping threads took: 0.0000207 seconds
130.148: [GC (Allocation Failure)  652235K->335019K(1034240K), 0.0051152 secs]
130.154: Total time for which application threads were stopped: 0.0052768 seconds, Stopping threads took: 0.0000193 seconds
130.222: [GC (Allocation Failure)  655531K->339757K(1034752K), 0.0042489 secs]
130.226: Total time for which application threads were stopped: 0.0044182 seconds, Stopping threads took: 0.0000289 seconds
130.293: [GC (Allocation Failure)  661293K->339789K(1034752K), 0.0043720 secs]
130.297: Total time for which application threads were stopped: 0.0045301 seconds, Stopping threads took: 0.0000196 seconds
130.362: [GC (Allocation Failure)  661325K->343277K(1034752K), 0.0053491 secs]
130.368: Total time for which application threads were stopped: 0.0055087 seconds, Stopping threads took: 0.0000196 seconds
130.434: [GC (Allocation Failure)  664813K->347792K(1034752K), 0.0043341 secs]
130.438: Total time for which application threads were stopped: 0.0044951 seconds, Stopping threads took: 0.0000197 seconds
130.504: [GC (Allocation Failure)  669328K->347760K(1035264K), 0.0042840 secs]
130.509: Total time for which application threads were stopped: 0.0044520 seconds, Stopping threads took: 0.0000193 seconds
130.576: [GC (Allocation Failure)  669808K->348936K(1034752K), 0.0045549 secs]
130.581: Total time for which application threads were stopped: 0.0047126 seconds, Stopping threads took: 0.0000195 seconds
130.649: [GC (Allocation Failure)  670984K->355850K(1034752K), 0.0042535 secs]
130.653: Total time for which application threads were stopped: 0.0044176 seconds, Stopping threads took: 0.0000203 seconds
130.721: [GC (Allocation Failure)  677386K->355850K(1034752K), 0.0044928 secs]
130.726: Total time for which application threads were stopped: 0.0046780 seconds, Stopping threads took: 0.0000254 seconds
130.791: [GC (Allocation Failure)  677386K->358698K(1034752K), 0.0050099 secs]
130.796: Total time for which application threads were stopped: 0.0052256 seconds, Stopping threads took: 0.0000199 seconds
130.866: [GC (Allocation Failure)  680234K->363980K(1034752K), 0.0043920 secs]
130.871: Total time for which application threads were stopped: 0.0045601 seconds, Stopping threads took: 0.0000204 seconds
130.938: [GC (Allocation Failure)  685516K->363852K(1034752K), 0.0046275 secs]
130.942: Total time for which application threads were stopped: 0.0047962 seconds, Stopping threads took: 0.0000197 seconds
131.008: [GC (Allocation Failure)  685388K->367980K(1034752K), 0.0054724 secs]
131.013: Total time for which application threads were stopped: 0.0056300 seconds, Stopping threads took: 0.0000195 seconds
131.080: [GC (Allocation Failure)  689516K->371950K(1035264K), 0.0045032 secs]
131.084: Total time for which application threads were stopped: 0.0046663 seconds, Stopping threads took: 0.0000211 seconds
131.153: [GC (Allocation Failure)  694510K->371854K(1035264K), 0.0044465 secs]
131.157: Total time for which application threads were stopped: 0.0046327 seconds, Stopping threads took: 0.0000203 seconds
131.228: [GC (Allocation Failure)  694414K->375142K(1035264K), 0.0049864 secs]
131.233: Total time for which application threads were stopped: 0.0051449 seconds, Stopping threads took: 0.0000167 seconds
131.301: [GC (Allocation Failure)  697702K->379913K(1035264K), 0.0042908 secs]
131.306: Total time for which application threads were stopped: 0.0044999 seconds, Stopping threads took: 0.0000201 seconds
131.373: [GC (Allocation Failure)  702473K->379913K(1035264K), 0.0043623 secs]
131.378: Total time for which application threads were stopped: 0.0045287 seconds, Stopping threads took: 0.0000205 seconds
131.446: [GC (Allocation Failure)  702473K->383361K(1035264K), 0.0063325 secs]
131.452: Total time for which application threads were stopped: 0.0065053 seconds, Stopping threads took: 0.0000202 seconds
131.519: [GC (Allocation Failure)  705921K->387939K(1034752K), 0.0044066 secs]
131.523: Total time for which application threads were stopped: 0.0045788 seconds, Stopping threads took: 0.0000209 seconds
131.592: [GC (Allocation Failure)  710499K->387939K(1035264K), 0.0043390 secs]
131.596: Total time for which application threads were stopped: 0.0045020 seconds, Stopping threads took: 0.0000203 seconds
131.662: [GC (Allocation Failure)  710499K->391619K(1035776K), 0.0091826 secs]
131.672: Total time for which application threads were stopped: 0.0093485 seconds, Stopping threads took: 0.0000203 seconds
131.740: [GC (Allocation Failure)  715203K->396005K(1035776K), 0.0044873 secs]
131.745: Total time for which application threads were stopped: 0.0046571 seconds, Stopping threads took: 0.0000201 seconds
131.814: [GC (Allocation Failure)  719589K->396005K(1035776K), 0.0043623 secs]
131.818: Total time for which application threads were stopped: 0.0045376 seconds, Stopping threads took: 0.0000208 seconds
131.886: [GC (Allocation Failure)  719589K->398829K(1035776K), 0.0048578 secs]
131.891: Total time for which application threads were stopped: 0.0050515 seconds, Stopping threads took: 0.0000196 seconds
131.961: [GC (Allocation Failure)  722413K->404080K(1035776K), 0.0044319 secs]
131.966: Total time for which application threads were stopped: 0.0045952 seconds, Stopping threads took: 0.0000203 seconds
132.034: [GC (Allocation Failure)  727664K->404016K(1035776K), 0.0044080 secs]
132.039: Total time for which application threads were stopped: 0.0045664 seconds, Stopping threads took: 0.0000201 seconds
132.106: [GC (Allocation Failure)  727600K->402093K(1036288K), 0.0036681 secs]
132.110: Total time for which application threads were stopped: 0.0038516 seconds, Stopping threads took: 0.0000347 seconds
132.177: [GC (Allocation Failure)  726189K->404080K(1035776K), 0.0043484 secs]
132.182: Total time for which application threads were stopped: 0.0045333 seconds, Stopping threads took: 0.0000225 seconds
132.252: [GC (Allocation Failure)  728176K->404048K(1036288K), 0.0042582 secs]
132.256: Total time for which application threads were stopped: 0.0044257 seconds, Stopping threads took: 0.0000257 seconds
132.324: [GC (Allocation Failure)  728656K->411501K(1036288K), 0.0079809 secs]
132.332: Total time for which application threads were stopped: 0.0081561 seconds, Stopping threads took: 0.0000263 seconds
132.401: [GC (Allocation Failure)  736109K->407504K(1032192K), 0.0045253 secs]
132.405: Total time for which application threads were stopped: 0.0047197 seconds, Stopping threads took: 0.0000202 seconds
132.475: [GC (Allocation Failure)  728016K->407248K(1034240K), 0.0046714 secs]
132.479: Total time for which application threads were stopped: 0.0048288 seconds, Stopping threads took: 0.0000172 seconds
132.547: [GC (Allocation Failure)  727760K->400653K(1033728K), 0.0018865 secs]
132.549: Total time for which application threads were stopped: 0.0020419 seconds, Stopping threads took: 0.0000201 seconds
132.617: [GC (Allocation Failure)  721165K->407496K(1034240K), 0.0044020 secs]
132.621: Total time for which application threads were stopped: 0.0045765 seconds, Stopping threads took: 0.0000204 seconds
132.690: [GC (Allocation Failure)  728008K->411424K(1035264K), 0.0049472 secs]
132.695: Total time for which application threads were stopped: 0.0051169 seconds, Stopping threads took: 0.0000190 seconds
132.763: [GC (Allocation Failure)  733472K->404509K(1034752K), 0.0016819 secs]
132.764: Total time for which application threads were stopped: 0.0018197 seconds, Stopping threads took: 0.0000194 seconds
132.832: [GC (Allocation Failure)  726557K->411584K(1035264K), 0.0042431 secs]
132.837: Total time for which application threads were stopped: 0.0044139 seconds, Stopping threads took: 0.0000199 seconds
132.905: [GC (Allocation Failure)  733632K->415576K(1034752K), 0.0052288 secs]
132.910: Total time for which application threads were stopped: 0.0054094 seconds, Stopping threads took: 0.0000199 seconds
132.978: [GC (Allocation Failure)  737624K->411381K(1035264K), 0.0031826 secs]
132.981: Total time for which application threads were stopped: 0.0033746 seconds, Stopping threads took: 0.0000207 seconds
133.050: [GC (Allocation Failure)  733941K->415712K(1035264K), 0.0045631 secs]
133.055: Total time for which application threads were stopped: 0.0047461 seconds, Stopping threads took: 0.0000172 seconds
133.124: [GC (Allocation Failure)  738272K->419744K(1035776K), 0.0045195 secs]
133.129: Total time for which application threads were stopped: 0.0046818 seconds, Stopping threads took: 0.0000201 seconds
133.195: [GC (Allocation Failure)  743328K->419680K(1035776K), 0.0043681 secs]
133.200: Total time for which application threads were stopped: 0.0045401 seconds, Stopping threads took: 0.0000279 seconds
133.267: [GC (Allocation Failure)  743264K->419784K(1034752K), 0.0045168 secs]
133.271: Total time for which application threads were stopped: 0.0046731 seconds, Stopping threads took: 0.0000168 seconds
133.339: [GC (Allocation Failure)  742344K->427786K(1035264K), 0.0046604 secs]
133.344: Total time for which application threads were stopped: 0.0048297 seconds, Stopping threads took: 0.0000198 seconds
133.411: [GC (Allocation Failure)  750346K->427754K(1035264K), 0.0044817 secs]
133.416: Total time for which application threads were stopped: 0.0046736 seconds, Stopping threads took: 0.0000251 seconds
133.483: [GC (Allocation Failure)  750314K->428010K(1022464K), 0.0046047 secs]
133.488: Total time for which application threads were stopped: 0.0047898 seconds, Stopping threads took: 0.0000216 seconds
133.557: [GC (Allocation Failure)  750570K->435820K(1034752K), 0.0047185 secs]
133.562: Total time for which application threads were stopped: 0.0048966 seconds, Stopping threads took: 0.0000205 seconds
133.630: [GC (Allocation Failure)  757356K->435788K(1034752K), 0.0046404 secs]
133.635: Total time for which application threads were stopped: 0.0048095 seconds, Stopping threads took: 0.0000203 seconds
133.702: [GC (Allocation Failure)  757324K->435852K(1033728K), 0.0045511 secs]
133.706: Total time for which application threads were stopped: 0.0047012 seconds, Stopping threads took: 0.0000176 seconds
133.774: [GC (Allocation Failure)  756364K->443854K(1034240K), 0.0043006 secs]
133.779: Total time for which application threads were stopped: 0.0044639 seconds, Stopping threads took: 0.0000199 seconds
133.847: [GC (Allocation Failure)  764366K->443790K(1034240K), 0.0046942 secs]
133.852: Total time for which application threads were stopped: 0.0048690 seconds, Stopping threads took: 0.0000259 seconds
133.920: [GC (Allocation Failure)  764302K->443982K(1034240K), 0.0046075 secs]
133.924: Total time for which application threads were stopped: 0.0047922 seconds, Stopping threads took: 0.0000209 seconds
133.992: [GC (Allocation Failure)  764494K->451889K(1034240K), 0.0044772 secs]
133.997: Total time for which application threads were stopped: 0.0046493 seconds, Stopping threads took: 0.0000211 seconds
134.065: [GC (Allocation Failure)  772401K->451857K(1034240K), 0.0044921 secs]
134.070: Total time for which application threads were stopped: 0.0046557 seconds, Stopping threads took: 0.0000206 seconds
134.138: [GC (Allocation Failure)  772369K->452201K(1033216K), 0.0044178 secs]
134.143: Total time for which application threads were stopped: 0.0045821 seconds, Stopping threads took: 0.0000204 seconds
134.210: [GC (Allocation Failure)  771689K->459915K(1033728K), 0.0045386 secs]
134.215: Total time for which application threads were stopped: 0.0047164 seconds, Stopping threads took: 0.0000262 seconds
134.281: [GC (Allocation Failure)  779403K->459883K(1033728K), 0.0047190 secs]
134.285: Total time for which application threads were stopped: 0.0049002 seconds, Stopping threads took: 0.0000210 seconds
134.350: [GC (Allocation Failure)  779371K->459947K(1033728K), 0.0044529 secs]
134.355: Total time for which application threads were stopped: 0.0046120 seconds, Stopping threads took: 0.0000195 seconds
134.420: [GC (Allocation Failure)  779435K->467917K(1033728K), 0.0046236 secs]
134.425: Total time for which application threads were stopped: 0.0048002 seconds, Stopping threads took: 0.0000204 seconds
134.492: [GC (Allocation Failure)  787405K->464011K(1033728K), 0.0033448 secs]
134.496: Total time for which application threads were stopped: 0.0035016 seconds, Stopping threads took: 0.0000196 seconds
134.565: [GC (Allocation Failure)  783499K->468077K(1034752K), 0.0044927 secs]
134.570: Total time for which application threads were stopped: 0.0046577 seconds, Stopping threads took: 0.0000195 seconds
134.638: [GC (Allocation Failure)  789101K->472013K(1034240K), 0.0045133 secs]
134.642: Total time for which application threads were stopped: 0.0046735 seconds, Stopping threads took: 0.0000196 seconds
134.711: [GC (Allocation Failure)  793037K->466315K(1034752K), 0.0025435 secs]
134.713: Total time for which application threads were stopped: 0.0027053 seconds, Stopping threads took: 0.0000204 seconds
134.783: [GC (Allocation Failure)  787851K->472117K(1034752K), 0.0047221 secs]
134.787: Total time for which application threads were stopped: 0.0048776 seconds, Stopping threads took: 0.0000168 seconds
134.853: [GC (Allocation Failure)  793653K->476189K(1034752K), 0.0049892 secs]
134.858: Total time for which application threads were stopped: 0.0051568 seconds, Stopping threads took: 0.0000201 seconds
134.926: [GC (Allocation Failure)  798487K->472283K(1035264K), 0.0033147 secs]
134.929: Total time for which application threads were stopped: 0.0034829 seconds, Stopping threads took: 0.0000208 seconds
134.996: [GC (Allocation Failure)  794843K->476349K(1036288K), 0.0046786 secs]
135.001: Total time for which application threads were stopped: 0.0048467 seconds, Stopping threads took: 0.0000214 seconds
135.069: [GC (Allocation Failure)  800445K->480349K(1035776K), 0.0046586 secs]
135.073: Total time for which application threads were stopped: 0.0048158 seconds, Stopping threads took: 0.0000204 seconds
135.141: [GC (Allocation Failure)  804445K->480317K(1035776K), 0.0043714 secs]
135.146: Total time for which application threads were stopped: 0.0045302 seconds, Stopping threads took: 0.0000172 seconds
135.215: [GC (Allocation Failure)  803901K->480389K(1023488K), 0.0046007 secs]
135.220: Total time for which application threads were stopped: 0.0047827 seconds, Stopping threads took: 0.0000293 seconds
135.289: [GC (Allocation Failure)  803973K->488359K(1035264K), 0.0066599 secs]
135.296: Total time for which application threads were stopped: 0.0068272 seconds, Stopping threads took: 0.0000178 seconds
135.365: [GC (Allocation Failure)  810919K->488391K(1030144K), 0.0044842 secs]
135.370: Total time for which application threads were stopped: 0.0046461 seconds, Stopping threads took: 0.0000203 seconds
135.439: [GC (Allocation Failure)  810951K->488423K(1034752K), 0.0046613 secs]
135.443: Total time for which application threads were stopped: 0.0048312 seconds, Stopping threads took: 0.0000208 seconds
135.511: [GC (Allocation Failure)  809959K->496394K(1034752K), 0.0045946 secs]
135.516: Total time for which application threads were stopped: 0.0047739 seconds, Stopping threads took: 0.0000209 seconds
135.584: [GC (Allocation Failure)  817930K->496426K(1033728K), 0.0046974 secs]
135.588: Total time for which application threads were stopped: 0.0048705 seconds, Stopping threads took: 0.0000198 seconds
135.656: [GC (Allocation Failure)  816938K->496650K(1034240K), 0.0046697 secs]
135.661: Total time for which application threads were stopped: 0.0048519 seconds, Stopping threads took: 0.0000217 seconds
135.730: [GC (Allocation Failure)  817162K->504428K(1034240K), 0.0046849 secs]
135.735: Total time for which application threads were stopped: 0.0048686 seconds, Stopping threads took: 0.0000322 seconds
135.804: [GC (Allocation Failure)  824940K->504460K(1034240K), 0.0043567 secs]
135.809: Total time for which application threads were stopped: 0.0045244 seconds, Stopping threads took: 0.0000201 seconds
135.875: [GC (Allocation Failure)  824972K->504884K(1033216K), 0.0047508 secs]
135.880: Total time for which application threads were stopped: 0.0049232 seconds, Stopping threads took: 0.0000205 seconds
135.949: [GC (Allocation Failure)  824372K->512470K(1033728K), 0.0046397 secs]
135.954: Total time for which application threads were stopped: 0.0047998 seconds, Stopping threads took: 0.0000199 seconds
136.022: [GC (Allocation Failure)  831958K->512438K(1033728K), 0.0046468 secs]
136.026: Total time for which application threads were stopped: 0.0048174 seconds, Stopping threads took: 0.0000225 seconds
136.092: [GC (Allocation Failure)  831926K->512590K(1033728K), 0.0047810 secs]
136.097: Total time for which application threads were stopped: 0.0049946 seconds, Stopping threads took: 0.0000205 seconds
136.166: [GC (Allocation Failure)  832078K->520496K(1033728K), 0.0047880 secs]
136.171: Total time for which application threads were stopped: 0.0049702 seconds, Stopping threads took: 0.0000197 seconds
136.238: [GC (Allocation Failure)  839984K->520496K(1033728K), 0.0045144 secs]
136.243: Total time for which application threads were stopped: 0.0047092 seconds, Stopping threads took: 0.0000285 seconds
136.309: [GC (Allocation Failure)  839984K->520552K(1033728K), 0.0045537 secs]
136.314: Total time for which application threads were stopped: 0.0047167 seconds, Stopping threads took: 0.0000207 seconds
136.380: [GC (Allocation Failure)  840040K->528523K(1027072K), 0.0047084 secs]
136.385: Total time for which application threads were stopped: 0.0048962 seconds, Stopping threads took: 0.0000195 seconds
136.451: [GC (Allocation Failure)  848010K->524616K(1034240K), 0.0036131 secs]
136.455: Total time for which application threads were stopped: 0.0038154 seconds, Stopping threads took: 0.0000250 seconds
136.522: [GC (Allocation Failure)  844104K->528683K(1033216K), 0.0047715 secs]
136.527: Total time for which application threads were stopped: 0.0049559 seconds, Stopping threads took: 0.0000322 seconds
136.597: [GC (Allocation Failure)  848171K->532651K(1034752K), 0.0046694 secs]
136.601: Total time for which application threads were stopped: 0.0048453 seconds, Stopping threads took: 0.0000216 seconds
136.670: [GC (Allocation Failure)  854187K->525864K(1034752K), 0.0040467 secs]
136.674: Total time for which application threads were stopped: 0.0041963 seconds, Stopping threads took: 0.0000252 seconds
136.743: [GC (Allocation Failure)  847400K->532747K(1034752K), 0.0044684 secs]
136.748: Total time for which application threads were stopped: 0.0046388 seconds, Stopping threads took: 0.0000199 seconds
136.814: [GC (Allocation Failure)  854283K->536827K(1034752K), 0.0056702 secs]
136.820: Total time for which application threads were stopped: 0.0058426 seconds, Stopping threads took: 0.0000207 seconds
136.886: [GC (Allocation Failure)  858363K->531224K(1034752K), 0.0027083 secs]
136.889: Total time for which application threads were stopped: 0.0028773 seconds, Stopping threads took: 0.0000203 seconds
136.956: [GC (Allocation Failure)  852760K->537059K(1034752K), 0.0053732 secs]
136.962: Total time for which application threads were stopped: 0.0055714 seconds, Stopping threads took: 0.0000211 seconds
137.029: [GC (Allocation Failure)  858595K->540931K(1035264K), 0.0052043 secs]
137.035: Total time for which application threads were stopped: 0.0053977 seconds, Stopping threads took: 0.0000236 seconds
137.102: [GC (Allocation Failure)  863419K->536992K(1035264K), 0.0049559 secs]
137.107: Total time for which application threads were stopped: 0.0051291 seconds, Stopping threads took: 0.0000362 seconds
137.177: [GC (Allocation Failure)  859552K->541099K(1036288K), 0.0046340 secs]
137.182: Total time for which application threads were stopped: 0.0048289 seconds, Stopping threads took: 0.0000193 seconds
137.252: [GC (Allocation Failure)  865195K->545067K(1035776K), 0.0045530 secs]
137.256: Total time for which application threads were stopped: 0.0047362 seconds, Stopping threads took: 0.0000169 seconds
137.327: [GC (Allocation Failure)  869163K->545099K(1035776K), 0.0046307 secs]
137.332: Total time for which application threads were stopped: 0.0047875 seconds, Stopping threads took: 0.0000257 seconds
137.400: [GC (Allocation Failure)  868683K->545131K(1023488K), 0.0047085 secs]
137.405: Total time for which application threads were stopped: 0.0048899 seconds, Stopping threads took: 0.0000201 seconds
137.472: [GC (Allocation Failure)  868715K->553133K(1035264K), 0.0046340 secs]
137.476: Total time for which application threads were stopped: 0.0047972 seconds, Stopping threads took: 0.0000199 seconds
137.545: [GC (Allocation Failure)  875693K->553101K(1030144K), 0.0046056 secs]
137.550: Total time for which application threads were stopped: 0.0047785 seconds, Stopping threads took: 0.0000204 seconds
137.617: [GC (Allocation Failure)  875661K->553165K(1034752K), 0.0047747 secs]
137.622: Total time for which application threads were stopped: 0.0049454 seconds, Stopping threads took: 0.0000200 seconds
137.690: [GC (Allocation Failure)  874701K->561135K(1029120K), 0.0047988 secs]
137.695: Total time for which application threads were stopped: 0.0049790 seconds, Stopping threads took: 0.0000320 seconds
137.763: [GC (Allocation Failure)  882671K->561135K(1034240K), 0.0045614 secs]
137.768: Total time for which application threads were stopped: 0.0047305 seconds, Stopping threads took: 0.0000290 seconds
137.837: [GC (Allocation Failure)  881647K->561351K(1034240K), 0.0048051 secs]
137.841: Total time for which application threads were stopped: 0.0050014 seconds, Stopping threads took: 0.0000211 seconds
137.910: [GC (Allocation Failure)  881863K->569161K(1034240K), 0.0045765 secs]
137.915: Total time for which application threads were stopped: 0.0047234 seconds, Stopping threads took: 0.0000171 seconds
137.985: [GC (Allocation Failure)  889673K->569161K(1034240K), 0.0046635 secs]
137.990: Total time for which application threads were stopped: 0.0048287 seconds, Stopping threads took: 0.0000196 seconds
138.057: [GC (Allocation Failure)  889673K->569609K(1033216K), 0.0048515 secs]
138.062: Total time for which application threads were stopped: 0.0050196 seconds, Stopping threads took: 0.0000198 seconds
138.129: [GC (Allocation Failure)  889097K->577228K(1033728K), 0.0046465 secs]
138.134: Total time for which application threads were stopped: 0.0048549 seconds, Stopping threads took: 0.0000180 seconds
138.203: [GC (Allocation Failure)  896716K->577196K(1033728K), 0.0045276 secs]
138.207: Total time for which application threads were stopped: 0.0046976 seconds, Stopping threads took: 0.0000203 seconds
138.273: [GC (Allocation Failure)  896684K->577324K(1033728K), 0.0046483 secs]
138.278: Total time for which application threads were stopped: 0.0048115 seconds, Stopping threads took: 0.0000247 seconds
138.345: [GC (Allocation Failure)  896812K->585230K(1033728K), 0.0047353 secs]
138.350: Total time for which application threads were stopped: 0.0049329 seconds, Stopping threads took: 0.0000195 seconds
138.418: [GC (Allocation Failure)  904718K->585230K(1033728K), 0.0047660 secs]
138.422: Total time for which application threads were stopped: 0.0049245 seconds, Stopping threads took: 0.0000193 seconds
138.489: [GC (Allocation Failure)  904718K->585254K(1033728K), 0.0055427 secs]
138.495: Total time for which application threads were stopped: 0.0057266 seconds, Stopping threads took: 0.0000206 seconds
138.563: [GC (Allocation Failure)  904742K->593256K(1027072K), 0.0047692 secs]
138.568: Total time for which application threads were stopped: 0.0049256 seconds, Stopping threads took: 0.0000194 seconds
138.633: [GC (Allocation Failure)  912744K->589350K(1034240K), 0.0037758 secs]
138.637: Total time for which application threads were stopped: 0.0039640 seconds, Stopping threads took: 0.0000197 seconds
138.708: [GC (Allocation Failure)  908838K->593416K(1033216K), 0.0049120 secs]
138.713: Total time for which application threads were stopped: 0.0050659 seconds, Stopping threads took: 0.0000189 seconds
138.780: [GC (Allocation Failure)  912904K->597384K(1034752K), 0.0047700 secs]
138.785: Total time for which application threads were stopped: 0.0049435 seconds, Stopping threads took: 0.0000269 seconds
138.852: [GC (Allocation Failure)  918920K->590566K(1034752K), 0.0022113 secs]
138.854: Total time for which application threads were stopped: 0.0023658 seconds, Stopping threads took: 0.0000197 seconds
138.921: [GC (Allocation Failure)  912102K->597448K(1034752K), 0.0046776 secs]
138.926: Total time for which application threads were stopped: 0.0048581 seconds, Stopping threads took: 0.0000225 seconds
138.991: [GC (Allocation Failure)  918984K->601520K(1034752K), 0.0057220 secs]
138.997: Total time for which application threads were stopped: 0.0058860 seconds, Stopping threads took: 0.0000208 seconds
139.063: [GC (Allocation Failure)  923056K->595982K(1034752K), 0.0028473 secs]
139.066: Total time for which application threads were stopped: 0.0030015 seconds, Stopping threads took: 0.0000198 seconds
139.133: [GC (Allocation Failure)  917518K->601792K(1034752K), 0.0048259 secs]
139.138: Total time for which application threads were stopped: 0.0050203 seconds, Stopping threads took: 0.0000204 seconds
139.207: [GC (Allocation Failure)  923328K->605664K(1034752K), 0.0049837 secs]
139.212: Total time for which application threads were stopped: 0.0051477 seconds, Stopping threads took: 0.0000255 seconds
139.279: [GC (Allocation Failure)  928153K->601758K(1035264K), 0.0036581 secs]
139.282: Total time for which application threads were stopped: 0.0038160 seconds, Stopping threads took: 0.0000267 seconds
139.353: [GC (Allocation Failure)  924318K->605800K(1036288K), 0.0050256 secs]
139.358: Total time for which application threads were stopped: 0.0051875 seconds, Stopping threads took: 0.0000259 seconds
139.428: [GC (Allocation Failure)  929896K->609832K(1035776K), 0.0046366 secs]
139.433: Total time for which application threads were stopped: 0.0048147 seconds, Stopping threads took: 0.0000288 seconds
139.501: [GC (Allocation Failure)  933928K->609768K(1035776K), 0.0045846 secs]
139.506: Total time for which application threads were stopped: 0.0047707 seconds, Stopping threads took: 0.0000204 seconds
139.575: [GC (Allocation Failure)  933352K->609864K(1023488K), 0.0049204 secs]
139.580: Total time for which application threads were stopped: 0.0050665 seconds, Stopping threads took: 0.0000173 seconds
139.648: [GC (Allocation Failure)  933448K->617867K(1035264K), 0.0076597 secs]
139.656: Total time for which application threads were stopped: 0.0078086 seconds, Stopping threads took: 0.0000170 seconds
139.726: [GC (Allocation Failure)  940427K->617835K(1030144K), 0.0046483 secs]
139.731: Total time for which application threads were stopped: 0.0048449 seconds, Stopping threads took: 0.0000253 seconds
139.800: [GC (Allocation Failure)  940395K->617899K(1034752K), 0.0046530 secs]
139.805: Total time for which application threads were stopped: 0.0048156 seconds, Stopping threads took: 0.0000171 seconds
139.874: [GC (Allocation Failure)  939435K->625869K(1034752K), 0.0049932 secs]
139.879: Total time for which application threads were stopped: 0.0051537 seconds, Stopping threads took: 0.0000197 seconds
139.947: [GC (Allocation Failure)  947405K->625869K(1033728K), 0.0048593 secs]
139.952: Total time for which application threads were stopped: 0.0050220 seconds, Stopping threads took: 0.0000195 seconds
140.020: [GC (Allocation Failure)  946381K->626125K(1034240K), 0.0050030 secs]
140.026: Total time for which application threads were stopped: 0.0051722 seconds, Stopping threads took: 0.0000205 seconds
140.093: [GC (Allocation Failure)  946637K->633903K(1034240K), 0.0048844 secs]
140.098: Total time for which application threads were stopped: 0.0050534 seconds, Stopping threads took: 0.0000197 seconds
140.167: [GC (Allocation Failure)  954415K->633903K(1034240K), 0.0047853 secs]
140.171: Total time for which application threads were stopped: 0.0049600 seconds, Stopping threads took: 0.0000260 seconds
140.239: [GC (Allocation Failure)  954415K->634343K(1033216K), 0.0048312 secs]
140.244: Total time for which application threads were stopped: 0.0050134 seconds, Stopping threads took: 0.0000203 seconds
140.312: [GC (Allocation Failure)  953831K->641929K(1033728K), 0.0049254 secs]
140.317: Total time for which application threads were stopped: 0.0050972 seconds, Stopping threads took: 0.0000205 seconds
140.386: [GC (Allocation Failure)  961417K->641929K(1033728K), 0.0048990 secs]
140.391: Total time for which application threads were stopped: 0.0050702 seconds, Stopping threads took: 0.0000202 seconds
140.456: [GC (Allocation Failure)  961417K->642057K(1033728K), 0.0047723 secs]
140.461: Total time for which application threads were stopped: 0.0049661 seconds, Stopping threads took: 0.0000197 seconds
140.530: [GC (Allocation Failure)  961545K->649964K(1033728K), 0.0047173 secs]
140.535: Total time for which application threads were stopped: 0.0048747 seconds, Stopping threads took: 0.0000172 seconds
140.602: [GC (Allocation Failure)  969452K->649964K(1033728K), 0.0048761 secs]
140.607: Total time for which application threads were stopped: 0.0050684 seconds, Stopping threads took: 0.0000199 seconds
140.676: [GC (Allocation Failure)  969452K->649988K(1033728K), 0.0058201 secs]
140.682: Total time for which application threads were stopped: 0.0060361 seconds, Stopping threads took: 0.0000281 seconds
140.750: [GC (Allocation Failure)  969476K->657990K(1027072K), 0.0050073 secs]
140.755: Total time for which application threads were stopped: 0.0051545 seconds, Stopping threads took: 0.0000168 seconds
140.820: [GC (Allocation Failure)  977477K->654084K(1034240K), 0.0039679 secs]
140.824: Total time for which application threads were stopped: 0.0041277 seconds, Stopping threads took: 0.0000192 seconds
140.893: [GC (Allocation Failure)  973572K->658158K(1033216K), 0.0050948 secs]
140.898: Total time for which application threads were stopped: 0.0052917 seconds, Stopping threads took: 0.0000191 seconds
140.966: [GC (Allocation Failure)  977646K->662126K(1034752K), 0.0049324 secs]
140.971: Total time for which application threads were stopped: 0.0050964 seconds, Stopping threads took: 0.0000199 seconds
141.038: [GC (Allocation Failure)  983662K->655340K(1034752K), 0.0023648 secs]
141.040: Total time for which application threads were stopped: 0.0025255 seconds, Stopping threads took: 0.0000201 seconds
141.109: [GC (Allocation Failure)  976876K->662190K(1034752K), 0.0049705 secs]
141.114: Total time for which application threads were stopped: 0.0051545 seconds, Stopping threads took: 0.0000221 seconds
141.181: [GC (Allocation Failure)  983726K->666262K(1034752K), 0.0058246 secs]
141.187: Total time for which application threads were stopped: 0.0060045 seconds, Stopping threads took: 0.0000229 seconds
141.253: [GC (Allocation Failure)  987798K->660724K(1034752K), 0.0029499 secs]
141.256: Total time for which application threads were stopped: 0.0031213 seconds, Stopping threads took: 0.0000259 seconds
141.324: [GC (Allocation Failure)  982260K->666574K(1034752K), 0.0049617 secs]
141.329: Total time for which application threads were stopped: 0.0051264 seconds, Stopping threads took: 0.0000201 seconds
141.397: [GC (Allocation Failure)  988110K->670414K(1034752K), 0.0053262 secs]
141.402: Total time for which application threads were stopped: 0.0054856 seconds, Stopping threads took: 0.0000200 seconds
141.470: [GC (Allocation Failure)  992902K->666540K(1035264K), 0.0037806 secs]
141.474: Total time for which application threads were stopped: 0.0039816 seconds, Stopping threads took: 0.0000216 seconds
141.544: [GC (Allocation Failure)  989100K->670534K(1036288K), 0.0051774 secs]
141.549: Total time for which application threads were stopped: 0.0053520 seconds, Stopping threads took: 0.0000199 seconds
141.616: [GC (Allocation Failure)  994630K->674502K(1035776K), 0.0049653 secs]
141.621: Total time for which application threads were stopped: 0.0051252 seconds, Stopping threads took: 0.0000200 seconds
141.691: [GC (Allocation Failure)  998598K->674534K(1035776K), 0.0048444 secs]
141.696: Total time for which application threads were stopped: 0.0050053 seconds, Stopping threads took: 0.0000202 seconds
141.764: [GC (Allocation Failure)  998118K->674598K(1023488K), 0.0048366 secs]
141.769: Total time for which application threads were stopped: 0.0050044 seconds, Stopping threads took: 0.0000194 seconds
141.835: [GC (Allocation Failure)  998182K->682568K(1035264K), 0.0048635 secs]
141.840: Total time for which application threads were stopped: 0.0050390 seconds, Stopping threads took: 0.0000274 seconds
141.908: [GC (Allocation Failure)  1005128K->682568K(1030144K), 0.0048781 secs]
141.913: Total time for which application threads were stopped: 0.0050427 seconds, Stopping threads took: 0.0000207 seconds
141.982: [GC (Allocation Failure)  1005128K->682632K(1034752K), 0.0050080 secs]
141.987: Total time for which application threads were stopped: 0.0051812 seconds, Stopping threads took: 0.0000202 seconds
142.055: [GC (Allocation Failure)  1004168K->690602K(1034752K), 0.0051126 secs]
142.060: Total time for which application threads were stopped: 0.0052795 seconds, Stopping threads took: 0.0000197 seconds
142.128: [GC (Allocation Failure)  1012138K->690634K(1033728K), 0.0048177 secs]
142.133: Total time for which application threads were stopped: 0.0049830 seconds, Stopping threads took: 0.0000213 seconds
142.201: [GC (Allocation Failure)  1011146K->690858K(1034240K), 0.0048817 secs]
142.206: [Full GC (Ergonomics)  690858K->8704K(1034240K), 0.0124723 secs]
142.218: Total time for which application threads were stopped: 0.0176054 seconds, Stopping threads took: 0.0000285 seconds
142.287: [GC (Allocation Failure)  329216K->17634K(1033216K), 0.0037548 secs]
142.291: Total time for which application threads were stopped: 0.0039152 seconds, Stopping threads took: 0.0000196 seconds
142.358: [GC (Allocation Failure)  337122K->17618K(1033728K), 0.0037363 secs]
142.362: Total time for which application threads were stopped: 0.0039111 seconds, Stopping threads took: 0.0000217 seconds
142.428: [GC (Allocation Failure)  337106K->18066K(1033728K), 0.0039160 secs]
142.432: Total time for which application threads were stopped: 0.0040852 seconds, Stopping threads took: 0.0000200 seconds
142.498: [GC (Allocation Failure)  337554K->25685K(1033728K), 0.0038290 secs]
142.502: Total time for which application threads were stopped: 0.0039927 seconds, Stopping threads took: 0.0000203 seconds
142.570: [GC (Allocation Failure)  345173K->25653K(1033728K), 0.0038155 secs]
142.574: Total time for which application threads were stopped: 0.0040046 seconds, Stopping threads took: 0.0000221 seconds
142.639: [GC (Allocation Failure)  345141K->25749K(1033728K), 0.0044167 secs]
142.644: Total time for which application threads were stopped: 0.0045789 seconds, Stopping threads took: 0.0000203 seconds
142.713: [GC (Allocation Failure)  345237K->33719K(1032704K), 0.0036390 secs]
142.716: Total time for which application threads were stopped: 0.0037950 seconds, Stopping threads took: 0.0000177 seconds
142.781: [GC (Allocation Failure)  352181K->29781K(1033216K), 0.0026262 secs]
142.784: Total time for which application threads were stopped: 0.0027762 seconds, Stopping threads took: 0.0000193 seconds
142.850: [GC (Allocation Failure)  348245K->33839K(1034752K), 0.0037023 secs]
142.854: Total time for which application threads were stopped: 0.0038604 seconds, Stopping threads took: 0.0000199 seconds
142.921: [GC (Allocation Failure)  354863K->37807K(1034240K), 0.0035326 secs]
142.925: Total time for which application threads were stopped: 0.0037259 seconds, Stopping threads took: 0.0000201 seconds
142.993: [GC (Allocation Failure)  358831K->30989K(1034752K), 0.0009496 secs]
142.994: Total time for which application threads were stopped: 0.0010625 seconds, Stopping threads took: 0.0000174 seconds
143.061: [GC (Allocation Failure)  352525K->37871K(1034752K), 0.0038518 secs]
143.065: Total time for which application threads were stopped: 0.0040132 seconds, Stopping threads took: 0.0000194 seconds
143.131: [GC (Allocation Failure)  359407K->41943K(1034752K), 0.0046350 secs]
143.136: Total time for which application threads were stopped: 0.0047974 seconds, Stopping threads took: 0.0000206 seconds
143.201: [GC (Allocation Failure)  363479K->36405K(1034752K), 0.0014565 secs]
143.203: Total time for which application threads were stopped: 0.0016244 seconds, Stopping threads took: 0.0000260 seconds
143.270: [GC (Allocation Failure)  357941K->42207K(1035776K), 0.0038337 secs]
143.274: Total time for which application threads were stopped: 0.0040063 seconds, Stopping threads took: 0.0000254 seconds
143.342: [GC (Allocation Failure)  364767K->46047K(1034752K), 0.0064953 secs]
143.348: Total time for which application threads were stopped: 0.0066640 seconds, Stopping threads took: 0.0000201 seconds
143.416: [GC (Allocation Failure)  368535K->42173K(1035776K), 0.0025227 secs]
143.419: Total time for which application threads were stopped: 0.0026764 seconds, Stopping threads took: 0.0000201 seconds
143.487: [GC (Allocation Failure)  365245K->46215K(1035264K), 0.0039292 secs]
143.491: Total time for which application threads were stopped: 0.0040997 seconds, Stopping threads took: 0.0000193 seconds
143.560: [GC (Allocation Failure)  369287K->50247K(1035264K), 0.0038561 secs]
143.563: Total time for which application threads were stopped: 0.0040172 seconds, Stopping threads took: 0.0000202 seconds
143.632: [GC (Allocation Failure)  373831K->50215K(1035776K), 0.0034543 secs]
143.635: Total time for which application threads were stopped: 0.0036125 seconds, Stopping threads took: 0.0000191 seconds
143.703: [GC (Allocation Failure)  373799K->50279K(1034752K), 0.0038190 secs]
143.707: Total time for which application threads were stopped: 0.0039848 seconds, Stopping threads took: 0.0000249 seconds
143.777: [GC (Allocation Failure)  372839K->58281K(1035264K), 0.0037158 secs]
143.781: Total time for which application threads were stopped: 0.0038794 seconds, Stopping threads took: 0.0000202 seconds
143.850: [GC (Allocation Failure)  380841K->58249K(1034240K), 0.0037140 secs]
143.853: Total time for which application threads were stopped: 0.0038908 seconds, Stopping threads took: 0.0000202 seconds
143.919: [GC (Allocation Failure)  379785K->58313K(1034752K), 0.0038152 secs]
143.923: Total time for which application threads were stopped: 0.0039924 seconds, Stopping threads took: 0.0000212 seconds
143.991: [GC (Allocation Failure)  379849K->66283K(1034752K), 0.0038351 secs]
143.995: Total time for which application threads were stopped: 0.0040065 seconds, Stopping threads took: 0.0000203 seconds
144.063: [GC (Allocation Failure)  387819K->66283K(1029120K), 0.0035852 secs]
144.067: Total time for which application threads were stopped: 0.0037795 seconds, Stopping threads took: 0.0000205 seconds
144.136: [GC (Allocation Failure)  387819K->66539K(1034240K), 0.0036508 secs]
144.139: Total time for which application threads were stopped: 0.0038110 seconds, Stopping threads took: 0.0000201 seconds
144.207: [GC (Allocation Failure)  387051K->74318K(1034240K), 0.0038958 secs]
144.211: Total time for which application threads were stopped: 0.0040725 seconds, Stopping threads took: 0.0000280 seconds
144.280: [GC (Allocation Failure)  394830K->74286K(1034240K), 0.0037997 secs]
144.284: Total time for which application threads were stopped: 0.0039756 seconds, Stopping threads took: 0.0000197 seconds
144.353: [GC (Allocation Failure)  394798K->74766K(1034240K), 0.0038620 secs]
144.357: Total time for which application threads were stopped: 0.0040211 seconds, Stopping threads took: 0.0000176 seconds
144.424: [GC (Allocation Failure)  395278K->82352K(1033216K), 0.0036396 secs]
144.428: Total time for which application threads were stopped: 0.0038132 seconds, Stopping threads took: 0.0000206 seconds
144.495: [GC (Allocation Failure)  401840K->82352K(1033728K), 0.0037223 secs]
144.498: Total time for which application threads were stopped: 0.0038966 seconds, Stopping threads took: 0.0000203 seconds
144.563: [GC (Allocation Failure)  401840K->82504K(1033728K), 0.0038977 secs]
144.567: Total time for which application threads were stopped: 0.0040726 seconds, Stopping threads took: 0.0000205 seconds
144.636: [GC (Allocation Failure)  401992K->90410K(1033728K), 0.0038332 secs]
144.640: Total time for which application threads were stopped: 0.0040056 seconds, Stopping threads took: 0.0000208 seconds
144.711: [GC (Allocation Failure)  409898K->90378K(1033728K), 0.0036156 secs]
144.715: Total time for which application threads were stopped: 0.0037940 seconds, Stopping threads took: 0.0000283 seconds
144.781: [GC (Allocation Failure)  409866K->90442K(1033728K), 0.0039246 secs]
144.785: Total time for which application threads were stopped: 0.0041016 seconds, Stopping threads took: 0.0000267 seconds
144.854: [GC (Allocation Failure)  409930K->98445K(1032704K), 0.0038329 secs]
144.858: Total time for which application threads were stopped: 0.0039995 seconds, Stopping threads took: 0.0000208 seconds
144.925: [GC (Allocation Failure)  416909K->92842K(1033216K), 0.0015806 secs]
144.927: Total time for which application threads were stopped: 0.0017299 seconds, Stopping threads took: 0.0000199 seconds
144.996: [GC (Allocation Failure)  411306K->98637K(1034752K), 0.0040145 secs]
145.000: Total time for which application threads were stopped: 0.0041960 seconds, Stopping threads took: 0.0000219 seconds
145.068: [GC (Allocation Failure)  419149K->102557K(1033728K), 0.0041555 secs]
145.072: Total time for which application threads were stopped: 0.0043155 seconds, Stopping threads took: 0.0000202 seconds
145.140: [GC (Allocation Failure)  423069K->109450K(1029120K), 0.0068311 secs]
145.147: Total time for which application threads were stopped: 0.0070010 seconds, Stopping threads took: 0.0000208 seconds
145.215: [GC (Allocation Failure)  424842K->103373K(1031680K), 0.0038927 secs]
145.218: Total time for which application threads were stopped: 0.0040540 seconds, Stopping threads took: 0.0000269 seconds
145.284: [GC (Allocation Failure)  418765K->103213K(1032704K), 0.0065903 secs]
145.290: Total time for which application threads were stopped: 0.0067589 seconds, Stopping threads took: 0.0000222 seconds
145.356: [GC (Allocation Failure)  420141K->106565K(1032192K), 0.0046839 secs]
145.361: Total time for which application threads were stopped: 0.0048860 seconds, Stopping threads took: 0.0000217 seconds
145.429: [GC (Allocation Failure)  423493K->111335K(1033216K), 0.0038989 secs]
145.433: Total time for which application threads were stopped: 0.0040498 seconds, Stopping threads took: 0.0000180 seconds
145.500: [GC (Allocation Failure)  429287K->111207K(1032704K), 0.0038006 secs]
145.504: Total time for which application threads were stopped: 0.0039751 seconds, Stopping threads took: 0.0000262 seconds
145.570: [GC (Allocation Failure)  429159K->112231K(1033216K), 0.0039348 secs]
145.574: Total time for which application threads were stopped: 0.0041058 seconds, Stopping threads took: 0.0000202 seconds
145.641: [GC (Allocation Failure)  430695K->119241K(1033216K), 0.0041389 secs]
145.645: Total time for which application threads were stopped: 0.0043113 seconds, Stopping threads took: 0.0000199 seconds
145.714: [GC (Allocation Failure)  437705K->119241K(1033728K), 0.0038839 secs]
145.718: Total time for which application threads were stopped: 0.0040715 seconds, Stopping threads took: 0.0000279 seconds
145.784: [GC (Allocation Failure)  438217K->120937K(1033216K), 0.0041052 secs]
145.789: Total time for which application threads were stopped: 0.0042998 seconds, Stopping threads took: 0.0000196 seconds
145.858: [GC (Allocation Failure)  439913K->127339K(1033728K), 0.0038231 secs]
145.862: Total time for which application threads were stopped: 0.0039735 seconds, Stopping threads took: 0.0000170 seconds
145.928: [GC (Allocation Failure)  446827K->127275K(1033728K), 0.0042052 secs]
145.933: Total time for which application threads were stopped: 0.0044031 seconds, Stopping threads took: 0.0000197 seconds
146.000: [GC (Allocation Failure)  446763K->127627K(1033728K), 0.0038589 secs]
146.004: Total time for which application threads were stopped: 0.0040354 seconds, Stopping threads took: 0.0000168 seconds
146.072: [GC (Allocation Failure)  447115K->135310K(1033728K), 0.0042060 secs]
146.077: Total time for which application threads were stopped: 0.0043681 seconds, Stopping threads took: 0.0000201 seconds
146.144: [GC (Allocation Failure)  454798K->135278K(1033728K), 0.0038433 secs]
146.148: Total time for which application threads were stopped: 0.0040043 seconds, Stopping threads took: 0.0000195 seconds
146.214: [GC (Allocation Failure)  454766K->138918K(1033728K), 0.0047706 secs]
146.219: Total time for which application threads were stopped: 0.0049596 seconds, Stopping threads took: 0.0000281 seconds
146.287: [GC (Allocation Failure)  458406K->143432K(1034240K), 0.0065707 secs]
146.293: Total time for which application threads were stopped: 0.0067322 seconds, Stopping threads took: 0.0000204 seconds
146.362: [GC (Allocation Failure)  463944K->143336K(1034240K), 0.0040231 secs]
146.366: Total time for which application threads were stopped: 0.0042449 seconds, Stopping threads took: 0.0000195 seconds
146.433: [GC (Allocation Failure)  463848K->144072K(1034240K), 0.0038445 secs]
146.437: Total time for which application threads were stopped: 0.0040022 seconds, Stopping threads took: 0.0000196 seconds
146.505: [GC (Allocation Failure)  464584K->151370K(1034240K), 0.0039307 secs]
146.509: Total time for which application threads were stopped: 0.0040940 seconds, Stopping threads took: 0.0000201 seconds
146.577: [GC (Allocation Failure)  471882K->151402K(1034240K), 0.0039149 secs]
146.581: Total time for which application threads were stopped: 0.0040834 seconds, Stopping threads took: 0.0000201 seconds
146.648: [GC (Allocation Failure)  471914K->152298K(1034240K), 0.0040507 secs]
146.652: Total time for which application threads were stopped: 0.0042154 seconds, Stopping threads took: 0.0000198 seconds
146.722: [GC (Allocation Failure)  472810K->159436K(1034240K), 0.0038516 secs]
146.726: Total time for which application threads were stopped: 0.0039997 seconds, Stopping threads took: 0.0000249 seconds
146.793: [GC (Allocation Failure)  479948K->159404K(1034240K), 0.0039708 secs]
146.797: Total time for which application threads were stopped: 0.0041393 seconds, Stopping threads took: 0.0000199 seconds
146.864: [GC (Allocation Failure)  479916K->160556K(1034240K), 0.0040945 secs]
146.869: Total time for which application threads were stopped: 0.0042660 seconds, Stopping threads took: 0.0000210 seconds
146.937: [GC (Allocation Failure)  481068K->167471K(1034240K), 0.0042098 secs]
146.941: Total time for which application threads were stopped: 0.0043812 seconds, Stopping threads took: 0.0000204 seconds
147.009: [GC (Allocation Failure)  487983K->167439K(1034240K), 0.0040760 secs]
147.013: Total time for which application threads were stopped: 0.0042555 seconds, Stopping threads took: 0.0000206 seconds
147.080: [GC (Allocation Failure)  487951K->167751K(1020416K), 0.0038811 secs]
147.084: Total time for which application threads were stopped: 0.0040512 seconds, Stopping threads took: 0.0000213 seconds
147.153: [GC (Allocation Failure)  488263K->175497K(1033728K), 0.0042504 secs]
147.157: Total time for which application threads were stopped: 0.0044204 seconds, Stopping threads took: 0.0000200 seconds
147.224: [GC (Allocation Failure)  494985K->175497K(1033728K), 0.0039641 secs]
147.228: Total time for which application threads were stopped: 0.0041308 seconds, Stopping threads took: 0.0000259 seconds
147.296: [GC (Allocation Failure)  494985K->176009K(1033728K), 0.0041379 secs]
147.300: Total time for which application threads were stopped: 0.0042972 seconds, Stopping threads took: 0.0000181 seconds
147.368: [GC (Allocation Failure)  495497K->183563K(1033728K), 0.0041504 secs]
147.372: Total time for which application threads were stopped: 0.0043388 seconds, Stopping threads took: 0.0000209 seconds
147.440: [GC (Allocation Failure)  503051K->183499K(1033728K), 0.0038655 secs]
147.444: Total time for which application threads were stopped: 0.0040419 seconds, Stopping threads took: 0.0000214 seconds
147.510: [GC (Allocation Failure)  502987K->184235K(1033728K), 0.0042129 secs]
147.515: Total time for which application threads were stopped: 0.0044238 seconds, Stopping threads took: 0.0000202 seconds
147.583: [GC (Allocation Failure)  503723K->191533K(1033728K), 0.0049420 secs]
147.588: Total time for which application threads were stopped: 0.0051045 seconds, Stopping threads took: 0.0000211 seconds
147.655: [GC (Allocation Failure)  511021K->191565K(1033728K), 0.0040478 secs]
147.659: Total time for which application threads were stopped: 0.0042212 seconds, Stopping threads took: 0.0000228 seconds
147.727: [GC (Allocation Failure)  511053K->193549K(1033728K), 0.0044018 secs]
147.731: Total time for which application threads were stopped: 0.0045798 seconds, Stopping threads took: 0.0000281 seconds
147.799: [GC (Allocation Failure)  513037K->199600K(1033728K), 0.0039896 secs]
147.803: Total time for which application threads were stopped: 0.0041819 seconds, Stopping threads took: 0.0000255 seconds
147.872: [GC (Allocation Failure)  519088K->199600K(1033728K), 0.0038932 secs]
147.876: Total time for which application threads were stopped: 0.0040591 seconds, Stopping threads took: 0.0000201 seconds
147.942: [GC (Allocation Failure)  519088K->200712K(1033728K), 0.0042457 secs]
147.946: Total time for which application threads were stopped: 0.0044167 seconds, Stopping threads took: 0.0000203 seconds
148.016: [GC (Allocation Failure)  520200K->207626K(1033728K), 0.0041188 secs]
148.020: Total time for which application threads were stopped: 0.0042699 seconds, Stopping threads took: 0.0000166 seconds
148.087: [GC (Allocation Failure)  527114K->207594K(1033728K), 0.0039987 secs]
148.092: Total time for which application threads were stopped: 0.0041924 seconds, Stopping threads took: 0.0000206 seconds
148.159: [GC (Allocation Failure)  527082K->207946K(1033728K), 0.0040607 secs]
148.163: Total time for which application threads were stopped: 0.0042337 seconds, Stopping threads took: 0.0000197 seconds
148.231: [GC (Allocation Failure)  527434K->215692K(1033728K), 0.0039473 secs]
148.235: Total time for which application threads were stopped: 0.0041140 seconds, Stopping threads took: 0.0000196 seconds
148.304: [GC (Allocation Failure)  535180K->215628K(1033728K), 0.0040842 secs]
148.308: Total time for which application threads were stopped: 0.0042923 seconds, Stopping threads took: 0.0000198 seconds
148.376: [GC (Allocation Failure)  535116K->216172K(1033728K), 0.0044098 secs]
148.380: Total time for which application threads were stopped: 0.0045699 seconds, Stopping threads took: 0.0000194 seconds
148.447: [GC (Allocation Failure)  535660K->223726K(1033728K), 0.0041063 secs]
148.451: Total time for which application threads were stopped: 0.0042714 seconds, Stopping threads took: 0.0000193 seconds
148.518: [GC (Allocation Failure)  543214K->223662K(1033728K), 0.0041031 secs]
148.522: Total time for which application threads were stopped: 0.0042611 seconds, Stopping threads took: 0.0000197 seconds
148.588: [GC (Allocation Failure)  543150K->224390K(1033728K), 0.0042718 secs]
148.593: Total time for which application threads were stopped: 0.0044428 seconds, Stopping threads took: 0.0000206 seconds
148.660: [GC (Allocation Failure)  543878K->231689K(1033728K), 0.0041826 secs]
148.664: Total time for which application threads were stopped: 0.0043440 seconds, Stopping threads took: 0.0000206 seconds
148.733: [GC (Allocation Failure)  551177K->231689K(1033728K), 0.0041145 secs]
148.737: Total time for which application threads were stopped: 0.0042748 seconds, Stopping threads took: 0.0000199 seconds
148.803: [GC (Allocation Failure)  551177K->232617K(1033728K), 0.0040682 secs]
148.807: Total time for which application threads were stopped: 0.0042307 seconds, Stopping threads took: 0.0000197 seconds
148.874: [GC (Allocation Failure)  552105K->239723K(1033728K), 0.0040303 secs]
148.879: Total time for which application threads were stopped: 0.0042053 seconds, Stopping threads took: 0.0000209 seconds
148.945: [GC (Allocation Failure)  559211K->239723K(1033728K), 0.0041407 secs]
148.949: Total time for which application threads were stopped: 0.0043126 seconds, Stopping threads took: 0.0000205 seconds
149.015: [GC (Allocation Failure)  559211K->239851K(1033728K), 0.0039631 secs]
149.020: Total time for which application threads were stopped: 0.0041222 seconds, Stopping threads took: 0.0000198 seconds
149.089: [GC (Allocation Failure)  559339K->247757K(1027072K), 0.0041794 secs]
149.093: Total time for which application threads were stopped: 0.0043626 seconds, Stopping threads took: 0.0000170 seconds
149.162: [GC (Allocation Failure)  567245K->247757K(1033216K), 0.0042867 secs]
149.167: Total time for which application threads were stopped: 0.0044555 seconds, Stopping threads took: 0.0000206 seconds
149.234: [GC (Allocation Failure)  566221K->248069K(1033216K), 0.0041559 secs]
149.238: Total time for which application threads were stopped: 0.0043259 seconds, Stopping threads took: 0.0000261 seconds
149.306: [GC (Allocation Failure)  566533K->255816K(1033216K), 0.0041489 secs]
149.310: Total time for which application threads were stopped: 0.0043137 seconds, Stopping threads took: 0.0000205 seconds
149.376: [GC (Allocation Failure)  574280K->255752K(1033216K), 0.0048788 secs]
149.381: Total time for which application threads were stopped: 0.0050879 seconds, Stopping threads took: 0.0000213 seconds
149.447: [GC (Allocation Failure)  574216K->256296K(1033216K), 0.0040501 secs]
149.451: Total time for which application threads were stopped: 0.0042160 seconds, Stopping threads took: 0.0000188 seconds
149.518: [GC (Allocation Failure)  574760K->263818K(1033216K), 0.0043743 secs]
149.523: Total time for which application threads were stopped: 0.0045344 seconds, Stopping threads took: 0.0000198 seconds
149.587: [GC (Allocation Failure)  582282K->263850K(1033216K), 0.0039945 secs]
149.592: Total time for which application threads were stopped: 0.0041623 seconds, Stopping threads took: 0.0000196 seconds
149.653: [GC (Allocation Failure)  582314K->264010K(1033216K), 0.0041383 secs]
149.658: Total time for which application threads were stopped: 0.0042940 seconds, Stopping threads took: 0.0000196 seconds
149.724: [GC (Allocation Failure)  582474K->271852K(1033216K), 0.0041600 secs]
149.728: Total time for which application threads were stopped: 0.0043387 seconds, Stopping threads took: 0.0000199 seconds
149.794: [GC (Allocation Failure)  590316K->271884K(1033216K), 0.0043210 secs]
149.798: Total time for which application threads were stopped: 0.0045071 seconds, Stopping threads took: 0.0000282 seconds
149.866: [GC (Allocation Failure)  590348K->272020K(1033216K), 0.0042296 secs]
149.871: Total time for which application threads were stopped: 0.0043991 seconds, Stopping threads took: 0.0000196 seconds
149.939: [GC (Allocation Failure)  590484K->279894K(1033216K), 0.0043578 secs]
149.944: Total time for which application threads were stopped: 0.0045243 seconds, Stopping threads took: 0.0000273 seconds
150.009: [GC (Allocation Failure)  598358K->279894K(1033216K), 0.0042906 secs]
150.013: Total time for which application threads were stopped: 0.0044620 seconds, Stopping threads took: 0.0000284 seconds
150.078: [GC (Allocation Failure)  598358K->279966K(1033216K), 0.0044164 secs]
150.082: Total time for which application threads were stopped: 0.0045871 seconds, Stopping threads took: 0.0000225 seconds
150.149: [GC (Allocation Failure)  598430K->287969K(1033216K), 0.0042478 secs]
150.154: Total time for which application threads were stopped: 0.0044228 seconds, Stopping threads took: 0.0000200 seconds
150.222: [GC (Allocation Failure)  606433K->287937K(1033216K), 0.0042447 secs]
150.226: Total time for which application threads were stopped: 0.0044193 seconds, Stopping threads took: 0.0000253 seconds
150.292: [GC (Allocation Failure)  606401K->288233K(1033216K), 0.0044327 secs]
150.296: Total time for which application threads were stopped: 0.0046085 seconds, Stopping threads took: 0.0000216 seconds
150.362: [GC (Allocation Failure)  606697K->295979K(1033216K), 0.0042602 secs]
150.366: Total time for which application threads were stopped: 0.0044475 seconds, Stopping threads took: 0.0000204 seconds
150.434: [GC (Allocation Failure)  614443K->295979K(1033216K), 0.0039832 secs]
150.438: Total time for which application threads were stopped: 0.0041557 seconds, Stopping threads took: 0.0000201 seconds
150.505: [GC (Allocation Failure)  614443K->296235K(1033216K), 0.0042643 secs]
150.509: Total time for which application threads were stopped: 0.0044159 seconds, Stopping threads took: 0.0000169 seconds
150.575: [GC (Allocation Failure)  614699K->304045K(1033216K), 0.0042924 secs]
150.579: Total time for which application threads were stopped: 0.0044855 seconds, Stopping threads took: 0.0000203 seconds
150.644: [GC (Allocation Failure)  622509K->300075K(1033216K), 0.0032469 secs]
150.648: Total time for which application threads were stopped: 0.0034244 seconds, Stopping threads took: 0.0000198 seconds
150.716: [GC (Allocation Failure)  618539K->304165K(1034240K), 0.0044137 secs]
150.720: Total time for which application threads were stopped: 0.0045731 seconds, Stopping threads took: 0.0000260 seconds
150.788: [GC (Allocation Failure)  624165K->308133K(1033728K), 0.0042369 secs]
150.793: Total time for which application threads were stopped: 0.0044292 seconds, Stopping threads took: 0.0000258 seconds
150.859: [GC (Allocation Failure)  628133K->315659K(1029120K), 0.0075810 secs]
150.867: Total time for which application threads were stopped: 0.0077477 seconds, Stopping threads took: 0.0000190 seconds
150.933: [GC (Allocation Failure)  631051K->309421K(1031680K), 0.0043706 secs]
150.937: Total time for which application threads were stopped: 0.0045321 seconds, Stopping threads took: 0.0000200 seconds
151.002: [GC (Allocation Failure)  624813K->309389K(1032192K), 0.0043298 secs]
151.006: Total time for which application threads were stopped: 0.0044965 seconds, Stopping threads took: 0.0000196 seconds
151.072: [GC (Allocation Failure)  625293K->312389K(1031680K), 0.0050169 secs]
151.077: Total time for which application threads were stopped: 0.0051863 seconds, Stopping threads took: 0.0000193 seconds
151.144: [GC (Allocation Failure)  628293K->317415K(1032704K), 0.0042664 secs]
151.148: Total time for which application threads were stopped: 0.0044559 seconds, Stopping threads took: 0.0000197 seconds
151.216: [GC (Allocation Failure)  634855K->317415K(1032704K), 0.0042451 secs]
151.220: Total time for which application threads were stopped: 0.0044097 seconds, Stopping threads took: 0.0000259 seconds
151.287: [GC (Allocation Failure)  634855K->320135K(1033216K), 0.0048019 secs]
151.291: Total time for which application threads were stopped: 0.0049742 seconds, Stopping threads took: 0.0000206 seconds
151.358: [GC (Allocation Failure)  638599K->325514K(1033216K), 0.0044614 secs]
151.363: Total time for which application threads were stopped: 0.0046247 seconds, Stopping threads took: 0.0000203 seconds
151.430: [GC (Allocation Failure)  643978K->325450K(1033728K), 0.0040543 secs]
151.434: Total time for which application threads were stopped: 0.0042152 seconds, Stopping threads took: 0.0000200 seconds
151.500: [GC (Allocation Failure)  644938K->329346K(1033728K), 0.0063796 secs]
151.506: Total time for which application threads were stopped: 0.0065395 seconds, Stopping threads took: 0.0000198 seconds
151.577: [GC (Allocation Failure)  648834K->333604K(1034240K), 0.0043910 secs]
151.581: Total time for which application threads were stopped: 0.0045527 seconds, Stopping threads took: 0.0000194 seconds
151.650: [GC (Allocation Failure)  654116K->333444K(1034240K), 0.0043568 secs]
151.654: Total time for which application threads were stopped: 0.0045284 seconds, Stopping threads took: 0.0000203 seconds
151.723: [GC (Allocation Failure)  653956K->334540K(1033728K), 0.0044083 secs]
151.727: Total time for which application threads were stopped: 0.0045756 seconds, Stopping threads took: 0.0000267 seconds
151.795: [GC (Allocation Failure)  655052K->341550K(1034240K), 0.0055235 secs]
151.801: Total time for which application threads were stopped: 0.0056942 seconds, Stopping threads took: 0.0000293 seconds
151.869: [GC (Allocation Failure)  662062K->341486K(1034240K), 0.0050454 secs]
151.874: Total time for which application threads were stopped: 0.0052441 seconds, Stopping threads took: 0.0000201 seconds
151.942: [GC (Allocation Failure)  661998K->344814K(1034240K), 0.0049461 secs]
151.947: Total time for which application threads were stopped: 0.0051167 seconds, Stopping threads took: 0.0000205 seconds
152.015: [GC (Allocation Failure)  665326K->349584K(1034752K), 0.0044027 secs]
152.019: Total time for which application threads were stopped: 0.0045782 seconds, Stopping threads took: 0.0000286 seconds
152.087: [GC (Allocation Failure)  671120K->349584K(1034752K), 0.0043885 secs]
152.092: Total time for which application threads were stopped: 0.0045603 seconds, Stopping threads took: 0.0000206 seconds
152.158: [GC (Allocation Failure)  671120K->353032K(1034752K), 0.0051309 secs]
152.164: Total time for which application threads were stopped: 0.0052970 seconds, Stopping threads took: 0.0000207 seconds
152.230: [GC (Allocation Failure)  674568K->357579K(1034752K), 0.0044771 secs]
152.234: Total time for which application threads were stopped: 0.0046516 seconds, Stopping threads took: 0.0000278 seconds
152.301: [GC (Allocation Failure)  679115K->357547K(1035264K), 0.0045710 secs]
152.305: Total time for which application threads were stopped: 0.0047567 seconds, Stopping threads took: 0.0000188 seconds
152.372: [GC (Allocation Failure)  680107K->359243K(1024000K), 0.0043657 secs]
152.377: Total time for which application threads were stopped: 0.0045412 seconds, Stopping threads took: 0.0000202 seconds
152.445: [GC (Allocation Failure)  681803K->365613K(1034752K), 0.0043490 secs]
152.450: Total time for which application threads were stopped: 0.0045170 seconds, Stopping threads took: 0.0000198 seconds
152.517: [GC (Allocation Failure)  687149K->365613K(1034752K), 0.0042676 secs]
152.522: Total time for which application threads were stopped: 0.0044578 seconds, Stopping threads took: 0.0000195 seconds
152.588: [GC (Allocation Failure)  687149K->369541K(1035264K), 0.0053967 secs]
152.594: Total time for which application threads were stopped: 0.0055486 seconds, Stopping threads took: 0.0000167 seconds
152.661: [GC (Allocation Failure)  691589K->373735K(1034752K), 0.0044341 secs]
152.665: Total time for which application threads were stopped: 0.0045965 seconds, Stopping threads took: 0.0000210 seconds
152.735: [GC (Allocation Failure)  695783K->373639K(1035264K), 0.0042633 secs]
152.739: Total time for which application threads were stopped: 0.0044287 seconds, Stopping threads took: 0.0000264 seconds
152.806: [GC (Allocation Failure)  696199K->376711K(1035264K), 0.0049372 secs]
152.811: Total time for which application threads were stopped: 0.0051102 seconds, Stopping threads took: 0.0000263 seconds
152.879: [GC (Allocation Failure)  699271K->381738K(1035264K), 0.0045963 secs]
152.883: Total time for which application threads were stopped: 0.0047833 seconds, Stopping threads took: 0.0000249 seconds
152.951: [GC (Allocation Failure)  704298K->381674K(1035264K), 0.0044449 secs]
152.956: Total time for which application threads were stopped: 0.0046112 seconds, Stopping threads took: 0.0000211 seconds
153.023: [GC (Allocation Failure)  704234K->384962K(1035264K), 0.0052816 secs]
153.028: Total time for which application threads were stopped: 0.0054625 seconds, Stopping threads took: 0.0000199 seconds
153.096: [GC (Allocation Failure)  707522K->389668K(1035264K), 0.0045177 secs]
153.101: Total time for which application threads were stopped: 0.0046802 seconds, Stopping threads took: 0.0000204 seconds
153.168: [GC (Allocation Failure)  712228K->389732K(1035264K), 0.0045755 secs]
153.173: Total time for which application threads were stopped: 0.0047494 seconds, Stopping threads took: 0.0000200 seconds
153.243: [GC (Allocation Failure)  712292K->393164K(1035264K), 0.0050555 secs]
153.248: Total time for which application threads were stopped: 0.0052064 seconds, Stopping threads took: 0.0000258 seconds
153.316: [GC (Allocation Failure)  715724K->397742K(1035776K), 0.0045580 secs]
153.321: Total time for which application threads were stopped: 0.0047390 seconds, Stopping threads took: 0.0000295 seconds
153.389: [GC (Allocation Failure)  721326K->397774K(1035776K), 0.0043229 secs]
153.393: Total time for which application threads were stopped: 0.0044922 seconds, Stopping threads took: 0.0000205 seconds
153.459: [GC (Allocation Failure)  721358K->399366K(1034752K), 0.0047455 secs]
153.463: Total time for which application threads were stopped: 0.0049249 seconds, Stopping threads took: 0.0000200 seconds
153.531: [GC (Allocation Failure)  721926K->405896K(1035264K), 0.0046023 secs]
153.535: Total time for which application threads were stopped: 0.0047712 seconds, Stopping threads took: 0.0000190 seconds
153.603: [GC (Allocation Failure)  728456K->405800K(1035264K), 0.0045684 secs]
153.607: Total time for which application threads were stopped: 0.0047388 seconds, Stopping threads took: 0.0000200 seconds
153.676: [GC (Allocation Failure)  728360K->399526K(1035264K), 0.0052728 secs]
153.681: Total time for which application threads were stopped: 0.0054286 seconds, Stopping threads took: 0.0000178 seconds
153.750: [GC (Allocation Failure)  722086K->405864K(1035264K), 0.0043474 secs]
153.755: Total time for which application threads were stopped: 0.0045088 seconds, Stopping threads took: 0.0000198 seconds
153.823: [GC (Allocation Failure)  728424K->405736K(1035264K), 0.0045260 secs]
153.828: Total time for which application threads were stopped: 0.0046873 seconds, Stopping threads took: 0.0000199 seconds
153.895: [GC (Allocation Failure)  728296K->403846K(1035776K), 0.0037525 secs]
153.899: Total time for which application threads were stopped: 0.0039224 seconds, Stopping threads took: 0.0000191 seconds
153.968: [GC (Allocation Failure)  726918K->405800K(1035264K), 0.0045041 secs]
153.972: Total time for which application threads were stopped: 0.0046722 seconds, Stopping threads took: 0.0000192 seconds
154.040: [GC (Allocation Failure)  728872K->405768K(1035776K), 0.0046213 secs]
154.045: Total time for which application threads were stopped: 0.0047908 seconds, Stopping threads took: 0.0000203 seconds
154.113: [GC (Allocation Failure)  729352K->410214K(1035776K), 0.0063246 secs]
154.120: Total time for which application threads were stopped: 0.0064858 seconds, Stopping threads took: 0.0000197 seconds
154.189: [GC (Allocation Failure)  733798K->406024K(1033728K), 0.0046191 secs]
154.194: Total time for which application threads were stopped: 0.0047790 seconds, Stopping threads took: 0.0000195 seconds
154.261: [GC (Allocation Failure)  727560K->405800K(1034752K), 0.0044544 secs]
154.265: Total time for which application threads were stopped: 0.0046372 seconds, Stopping threads took: 0.0000283 seconds
154.331: [GC (Allocation Failure)  727336K->413446K(1029632K), 0.0082082 secs]
154.339: Total time for which application threads were stopped: 0.0083950 seconds, Stopping threads took: 0.0000242 seconds
154.406: [GC (Allocation Failure)  729862K->407880K(1032192K), 0.0044965 secs]
154.411: Total time for which application threads were stopped: 0.0046595 seconds, Stopping threads took: 0.0000200 seconds
154.476: [GC (Allocation Failure)  724296K->407656K(1033728K), 0.0044416 secs]
154.481: Total time for which application threads were stopped: 0.0046113 seconds, Stopping threads took: 0.0000203 seconds
154.549: [GC (Allocation Failure)  726632K->403846K(1033216K), 0.0029660 secs]
154.552: Total time for which application threads were stopped: 0.0031334 seconds, Stopping threads took: 0.0000274 seconds
154.621: [GC (Allocation Failure)  722822K->407848K(1034240K), 0.0043683 secs]
154.625: Total time for which application threads were stopped: 0.0045302 seconds, Stopping threads took: 0.0000204 seconds
154.693: [GC (Allocation Failure)  727848K->407688K(1033728K), 0.0043719 secs]
154.697: Total time for which application threads were stopped: 0.0045408 seconds, Stopping threads took: 0.0000191 seconds
154.763: [GC (Allocation Failure)  727688K->411560K(1034752K), 0.0052881 secs]
154.768: Total time for which application threads were stopped: 0.0054480 seconds, Stopping threads took: 0.0000199 seconds
154.834: [GC (Allocation Failure)  733096K->415787K(1034752K), 0.0045779 secs]
154.839: Total time for which application threads were stopped: 0.0047466 seconds, Stopping threads took: 0.0000193 seconds
154.905: [GC (Allocation Failure)  737323K->415755K(1035264K), 0.0045519 secs]
154.909: Total time for which application threads were stopped: 0.0047187 seconds, Stopping threads took: 0.0000220 seconds
154.978: [GC (Allocation Failure)  738315K->409704K(1035264K), 0.0020998 secs]
154.980: Total time for which application threads were stopped: 0.0022488 seconds, Stopping threads took: 0.0000198 seconds
155.049: [GC (Allocation Failure)  732264K->415723K(1035264K), 0.0045637 secs]
155.054: Total time for which application threads were stopped: 0.0047272 seconds, Stopping threads took: 0.0000201 seconds
155.122: [GC (Allocation Failure)  738283K->415755K(1035264K), 0.0042881 secs]
155.127: Total time for which application threads were stopped: 0.0044689 seconds, Stopping threads took: 0.0000368 seconds
155.193: [GC (Allocation Failure)  738315K->413992K(1035776K), 0.0038894 secs]
155.197: Total time for which application threads were stopped: 0.0040505 seconds, Stopping threads took: 0.0000195 seconds
155.265: [GC (Allocation Failure)  737576K->415947K(1035776K), 0.0044375 secs]
155.270: Total time for which application threads were stopped: 0.0046051 seconds, Stopping threads took: 0.0000262 seconds
155.339: [GC (Allocation Failure)  739531K->415723K(1036288K), 0.0049474 secs]
155.344: Total time for which application threads were stopped: 0.0051490 seconds, Stopping threads took: 0.0000283 seconds
155.414: [GC (Allocation Failure)  740331K->422360K(1036288K), 0.0078297 secs]
155.422: Total time for which application threads were stopped: 0.0080038 seconds, Stopping threads took: 0.0000203 seconds
155.491: [GC (Allocation Failure)  746968K->418331K(1033216K), 0.0044290 secs]
155.496: Total time for which application threads were stopped: 0.0046474 seconds, Stopping threads took: 0.0000175 seconds
155.564: [GC (Allocation Failure)  739867K->418139K(1034752K), 0.0054272 secs]
155.569: Total time for which application threads were stopped: 0.0056254 seconds, Stopping threads took: 0.0000170 seconds
155.636: [GC (Allocation Failure)  739675K->412728K(1034240K), 0.0026448 secs]
155.638: Total time for which application threads were stopped: 0.0028039 seconds, Stopping threads took: 0.0000196 seconds
155.706: [GC (Allocation Failure)  734264K->418315K(1034752K), 0.0045068 secs]
155.710: Total time for which application threads were stopped: 0.0046570 seconds, Stopping threads took: 0.0000167 seconds
155.777: [GC (Allocation Failure)  739851K->422283K(1035264K), 0.0046417 secs]
155.781: Total time for which application threads were stopped: 0.0048017 seconds, Stopping threads took: 0.0000257 seconds
155.849: [GC (Allocation Failure)  744330K->418376K(1034752K), 0.0034933 secs]
155.852: Total time for which application threads were stopped: 0.0036619 seconds, Stopping threads took: 0.0000207 seconds
155.921: [GC (Allocation Failure)  740424K->422443K(1035264K), 0.0046751 secs]
155.926: Total time for which application threads were stopped: 0.0048495 seconds, Stopping threads took: 0.0000210 seconds
155.994: [GC (Allocation Failure)  745003K->426411K(1035264K), 0.0045113 secs]
155.998: Total time for which application threads were stopped: 0.0047077 seconds, Stopping threads took: 0.0000204 seconds
156.066: [GC (Allocation Failure)  748017K->422536K(1035776K), 0.0034025 secs]
156.069: Total time for which application threads were stopped: 0.0035567 seconds, Stopping threads took: 0.0000195 seconds
156.141: [GC (Allocation Failure)  746120K->426571K(1035776K), 0.0045508 secs]
156.145: Total time for which application threads were stopped: 0.0047202 seconds, Stopping threads took: 0.0000199 seconds
156.213: [GC (Allocation Failure)  750155K->430507K(1035776K), 0.0061663 secs]
156.220: Total time for which application threads were stopped: 0.0063544 seconds, Stopping threads took: 0.0000376 seconds
156.290: [GC (Allocation Failure)  754091K->430539K(1035776K), 0.0044842 secs]
156.294: Total time for which application threads were stopped: 0.0046437 seconds, Stopping threads took: 0.0000193 seconds
156.363: [GC (Allocation Failure)  754123K->430603K(1034752K), 0.0043294 secs]
156.368: Total time for which application threads were stopped: 0.0044914 seconds, Stopping threads took: 0.0000201 seconds
156.435: [GC (Allocation Failure)  753163K->438573K(1035264K), 0.0045647 secs]
156.440: Total time for which application threads were stopped: 0.0047318 seconds, Stopping threads took: 0.0000198 seconds
156.508: [GC (Allocation Failure)  761133K->438605K(1035264K), 0.0046682 secs]
156.513: Total time for which application threads were stopped: 0.0048358 seconds, Stopping threads took: 0.0000199 seconds
156.579: [GC (Allocation Failure)  761165K->438637K(1022464K), 0.0044916 secs]
156.584: Total time for which application threads were stopped: 0.0046497 seconds, Stopping threads took: 0.0000199 seconds
156.652: [GC (Allocation Failure)  761197K->446607K(1034752K), 0.0044187 secs]
156.657: Total time for which application threads were stopped: 0.0046121 seconds, Stopping threads took: 0.0000199 seconds
156.727: [GC (Allocation Failure)  768143K->446607K(1034752K), 0.0043630 secs]
156.731: Total time for which application threads were stopped: 0.0045040 seconds, Stopping threads took: 0.0000170 seconds
156.799: [GC (Allocation Failure)  768143K->446855K(1034752K), 0.0045738 secs]
156.804: Total time for which application threads were stopped: 0.0047565 seconds, Stopping threads took: 0.0000267 seconds
156.872: [GC (Allocation Failure)  768391K->454633K(1029120K), 0.0044945 secs]
156.876: Total time for which application threads were stopped: 0.0046610 seconds, Stopping threads took: 0.0000204 seconds
156.945: [GC (Allocation Failure)  776169K->454601K(1034240K), 0.0051511 secs]
156.950: Total time for which application threads were stopped: 0.0053212 seconds, Stopping threads took: 0.0000207 seconds
157.017: [GC (Allocation Failure)  775113K->455081K(1034240K), 0.0047111 secs]
157.022: Total time for which application threads were stopped: 0.0049047 seconds, Stopping threads took: 0.0000225 seconds
157.090: [GC (Allocation Failure)  775593K->462668K(1034240K), 0.0045984 secs]
157.095: Total time for which application threads were stopped: 0.0047752 seconds, Stopping threads took: 0.0000202 seconds
157.163: [GC (Allocation Failure)  783180K->462636K(1034240K), 0.0045859 secs]
157.168: Total time for which application threads were stopped: 0.0047564 seconds, Stopping threads took: 0.0000201 seconds
157.236: [GC (Allocation Failure)  783148K->462788K(1034240K), 0.0047351 secs]
157.241: Total time for which application threads were stopped: 0.0048975 seconds, Stopping threads took: 0.0000200 seconds
157.309: [GC (Allocation Failure)  783300K->470694K(1028096K), 0.0044020 secs]
157.314: Total time for which application threads were stopped: 0.0045801 seconds, Stopping threads took: 0.0000211 seconds
157.382: [GC (Allocation Failure)  791206K->470726K(1033728K), 0.0044808 secs]
157.386: Total time for which application threads were stopped: 0.0046360 seconds, Stopping threads took: 0.0000196 seconds
157.453: [GC (Allocation Failure)  790214K->470758K(1033728K), 0.0046250 secs]
157.458: Total time for which application threads were stopped: 0.0047957 seconds, Stopping threads took: 0.0000199 seconds
157.523: [GC (Allocation Failure)  790246K->478760K(1033728K), 0.0047856 secs]
157.528: Total time for which application threads were stopped: 0.0049520 seconds, Stopping threads took: 0.0000189 seconds
157.594: [GC (Allocation Failure)  798248K->478728K(1033728K), 0.0046819 secs]
157.598: Total time for which application threads were stopped: 0.0048522 seconds, Stopping threads took: 0.0000198 seconds
157.665: [GC (Allocation Failure)  798216K->478976K(1033728K), 0.0067389 secs]
157.672: Total time for which application threads were stopped: 0.0068987 seconds, Stopping threads took: 0.0000197 seconds
157.739: [GC (Allocation Failure)  798464K->486754K(1033728K), 0.0044439 secs]
157.743: Total time for which application threads were stopped: 0.0046048 seconds, Stopping threads took: 0.0000198 seconds
157.810: [GC (Allocation Failure)  806242K->482880K(1034240K), 0.0034538 secs]
157.813: Total time for which application threads were stopped: 0.0036272 seconds, Stopping threads took: 0.0000271 seconds
157.881: [GC (Allocation Failure)  802880K->486922K(1033728K), 0.0046541 secs]
157.886: Total time for which application threads were stopped: 0.0048554 seconds, Stopping threads took: 0.0000217 seconds
157.955: [GC (Allocation Failure)  806922K->490890K(1034752K), 0.0046473 secs]
157.960: Total time for which application threads were stopped: 0.0047994 seconds, Stopping threads took: 0.0000173 seconds
158.027: [GC (Allocation Failure)  812426K->485096K(1034752K), 0.0025455 secs]
158.029: Total time for which application threads were stopped: 0.0026948 seconds, Stopping threads took: 0.0000197 seconds
158.097: [GC (Allocation Failure)  806632K->490962K(1035264K), 0.0046356 secs]
158.102: Total time for which application threads were stopped: 0.0048013 seconds, Stopping threads took: 0.0000205 seconds
158.170: [GC (Allocation Failure)  813010K->495066K(1034752K), 0.0049210 secs]
158.175: Total time for which application threads were stopped: 0.0050834 seconds, Stopping threads took: 0.0000201 seconds
158.243: [GC (Allocation Failure)  816853K->491128K(1035776K), 0.0034790 secs]
158.247: Total time for which application threads were stopped: 0.0036586 seconds, Stopping threads took: 0.0000261 seconds
158.315: [GC (Allocation Failure)  814200K->495186K(1035264K), 0.0046907 secs]
158.320: Total time for which application threads were stopped: 0.0048819 seconds, Stopping threads took: 0.0000259 seconds
158.387: [GC (Allocation Failure)  818258K->499154K(1035264K), 0.0045070 secs]
158.392: Total time for which application threads were stopped: 0.0046999 seconds, Stopping threads took: 0.0000204 seconds
158.462: [GC (Allocation Failure)  822738K->499186K(1035776K), 0.0047317 secs]
158.467: Total time for which application threads were stopped: 0.0048931 seconds, Stopping threads took: 0.0000204 seconds
158.534: [GC (Allocation Failure)  822770K->499210K(1034752K), 0.0046597 secs]
158.539: Total time for which application threads were stopped: 0.0048447 seconds, Stopping threads took: 0.0000215 seconds
158.608: [GC (Allocation Failure)  821770K->507181K(1035264K), 0.0045470 secs]
158.613: Total time for which application threads were stopped: 0.0047206 seconds, Stopping threads took: 0.0000204 seconds
158.680: [GC (Allocation Failure)  829741K->507149K(1034240K), 0.0054231 secs]
158.685: Total time for which application threads were stopped: 0.0056223 seconds, Stopping threads took: 0.0000253 seconds
158.754: [GC (Allocation Failure)  828685K->507245K(1034752K), 0.0044385 secs]
158.759: Total time for which application threads were stopped: 0.0046176 seconds, Stopping threads took: 0.0000264 seconds
158.826: [GC (Allocation Failure)  828781K->515215K(1033728K), 0.0046659 secs]
158.830: Total time for which application threads were stopped: 0.0048357 seconds, Stopping threads took: 0.0000271 seconds
158.899: [GC (Allocation Failure)  835727K->515215K(1034240K), 0.0045972 secs]
158.903: Total time for which application threads were stopped: 0.0047804 seconds, Stopping threads took: 0.0000238 seconds
158.970: [GC (Allocation Failure)  835727K->515463K(1034240K), 0.0047845 secs]
158.975: Total time for which application threads were stopped: 0.0049585 seconds, Stopping threads took: 0.0000208 seconds
159.041: [GC (Allocation Failure)  835975K->523241K(1034240K), 0.0047819 secs]
159.046: Total time for which application threads were stopped: 0.0049611 seconds, Stopping threads took: 0.0000206 seconds
159.112: [GC (Allocation Failure)  843753K->523241K(1034240K), 0.0053556 secs]
159.118: Total time for which application threads were stopped: 0.0055168 seconds, Stopping threads took: 0.0000180 seconds
159.185: [GC (Allocation Failure)  843753K->523689K(1020416K), 0.0047643 secs]
159.190: Total time for which application threads were stopped: 0.0049486 seconds, Stopping threads took: 0.0000208 seconds
159.258: [GC (Allocation Failure)  844201K->531276K(1033728K), 0.0055223 secs]
159.264: Total time for which application threads were stopped: 0.0056925 seconds, Stopping threads took: 0.0000276 seconds
159.331: [GC (Allocation Failure)  850764K->531276K(1033728K), 0.0045896 secs]
159.336: Total time for which application threads were stopped: 0.0047707 seconds, Stopping threads took: 0.0000216 seconds
159.402: [GC (Allocation Failure)  850764K->531404K(1033728K), 0.0047253 secs]
159.407: Total time for which application threads were stopped: 0.0048838 seconds, Stopping threads took: 0.0000198 seconds
159.478: [GC (Allocation Failure)  850892K->539310K(1033728K), 0.0047659 secs]
159.482: Total time for which application threads were stopped: 0.0049627 seconds, Stopping threads took: 0.0000203 seconds
159.551: [GC (Allocation Failure)  858796K->535372K(1034240K), 0.0034852 secs]
159.554: Total time for which application threads were stopped: 0.0036487 seconds, Stopping threads took: 0.0000205 seconds
159.622: [GC (Allocation Failure)  855372K->539470K(1033728K), 0.0046066 secs]
159.626: Total time for which application threads were stopped: 0.0048096 seconds, Stopping threads took: 0.0000222 seconds
159.695: [GC (Allocation Failure)  859470K->543438K(1034752K), 0.0047157 secs]
159.700: Total time for which application threads were stopped: 0.0048750 seconds, Stopping threads took: 0.0000199 seconds
159.769: [GC (Allocation Failure)  864974K->537676K(1034752K), 0.0025411 secs]
159.771: Total time for which application threads were stopped: 0.0026935 seconds, Stopping threads took: 0.0000270 seconds
159.840: [GC (Allocation Failure)  859212K->543542K(1035776K), 0.0047408 secs]
159.844: Total time for which application threads were stopped: 0.0049348 seconds, Stopping threads took: 0.0000199 seconds
159.914: [GC (Allocation Failure)  866102K->547590K(1034752K), 0.0049174 secs]
159.919: Total time for which application threads were stopped: 0.0051069 seconds, Stopping threads took: 0.0000198 seconds
159.987: [GC (Allocation Failure)  869887K->543684K(1035776K), 0.0037114 secs]
159.991: Total time for which application threads were stopped: 0.0038581 seconds, Stopping threads took: 0.0000170 seconds
160.058: [GC (Allocation Failure)  866756K->547758K(1035264K), 0.0048992 secs]
160.063: Total time for which application threads were stopped: 0.0050706 seconds, Stopping threads took: 0.0000200 seconds
160.134: [GC (Allocation Failure)  870830K->551758K(1035264K), 0.0046444 secs]
160.139: Total time for which application threads were stopped: 0.0047943 seconds, Stopping threads took: 0.0000179 seconds
160.208: [GC (Allocation Failure)  875342K->551726K(1035776K), 0.0044931 secs]
160.213: Total time for which application threads were stopped: 0.0046575 seconds, Stopping threads took: 0.0000211 seconds
160.279: [GC (Allocation Failure)  875310K->551790K(1034752K), 0.0047905 secs]
160.284: Total time for which application threads were stopped: 0.0049728 seconds, Stopping threads took: 0.0000214 seconds
160.352: [GC (Allocation Failure)  874350K->559760K(1035264K), 0.0047478 secs]
160.357: Total time for which application threads were stopped: 0.0049217 seconds, Stopping threads took: 0.0000199 seconds
160.425: [GC (Allocation Failure)  882320K->559760K(1034240K), 0.0047645 secs]
160.430: Total time for which application threads were stopped: 0.0049260 seconds, Stopping threads took: 0.0000177 seconds
160.498: [GC (Allocation Failure)  881296K->559816K(1034752K), 0.0047466 secs]
160.503: Total time for which application threads were stopped: 0.0049111 seconds, Stopping threads took: 0.0000204 seconds
160.569: [GC (Allocation Failure)  881352K->567786K(1034752K), 0.0047690 secs]
160.574: Total time for which application threads were stopped: 0.0049412 seconds, Stopping threads took: 0.0000203 seconds
160.641: [GC (Allocation Failure)  889322K->567818K(1029120K), 0.0046332 secs]
160.646: Total time for which application threads were stopped: 0.0047958 seconds, Stopping threads took: 0.0000204 seconds
160.712: [GC (Allocation Failure)  889354K->568042K(1034240K), 0.0047689 secs]
160.717: Total time for which application threads were stopped: 0.0049271 seconds, Stopping threads took: 0.0000195 seconds
160.786: [GC (Allocation Failure)  888554K->575821K(1034240K), 0.0047070 secs]
160.791: Total time for which application threads were stopped: 0.0048767 seconds, Stopping threads took: 0.0000198 seconds
160.858: [GC (Allocation Failure)  896333K->575821K(1034240K), 0.0046891 secs]
160.863: Total time for which application threads were stopped: 0.0048584 seconds, Stopping threads took: 0.0000201 seconds
160.930: [GC (Allocation Failure)  896333K->576269K(1020416K), 0.0046205 secs]
160.935: Total time for which application threads were stopped: 0.0048090 seconds, Stopping threads took: 0.0000199 seconds
161.003: [GC (Allocation Failure)  896781K->583855K(1033728K), 0.0048207 secs]
161.008: Total time for which application threads were stopped: 0.0050092 seconds, Stopping threads took: 0.0000179 seconds
161.077: [GC (Allocation Failure)  903343K->583823K(1033728K), 0.0047617 secs]
161.081: Total time for which application threads were stopped: 0.0049351 seconds, Stopping threads took: 0.0000198 seconds
161.147: [GC (Allocation Failure)  903311K->583975K(1033728K), 0.0048174 secs]
161.152: Total time for which application threads were stopped: 0.0050122 seconds, Stopping threads took: 0.0000198 seconds
161.221: [GC (Allocation Failure)  903463K->591881K(1033728K), 0.0046759 secs]
161.225: Total time for which application threads were stopped: 0.0048602 seconds, Stopping threads took: 0.0000268 seconds
161.293: [GC (Allocation Failure)  911369K->591881K(1033728K), 0.0046466 secs]
161.298: Total time for which application threads were stopped: 0.0048154 seconds, Stopping threads took: 0.0000193 seconds
161.364: [GC (Allocation Failure)  911369K->591945K(1033728K), 0.0048557 secs]
161.369: Total time for which application threads were stopped: 0.0050246 seconds, Stopping threads took: 0.0000198 seconds
161.435: [GC (Allocation Failure)  911433K->599915K(1032704K), 0.0050459 secs]
161.440: Total time for which application threads were stopped: 0.0052365 seconds, Stopping threads took: 0.0000221 seconds
161.507: [GC (Allocation Failure)  918379K->594345K(1033216K), 0.0036835 secs]
161.511: Total time for which application threads were stopped: 0.0038405 seconds, Stopping threads took: 0.0000207 seconds
161.580: [GC (Allocation Failure)  912809K->600171K(1034752K), 0.0047184 secs]
161.585: Total time for which application threads were stopped: 0.0048768 seconds, Stopping threads took: 0.0000194 seconds
161.653: [GC (Allocation Failure)  920683K->604091K(1033728K), 0.0048960 secs]
161.658: Total time for which application threads were stopped: 0.0050560 seconds, Stopping threads took: 0.0000198 seconds
161.726: [GC (Allocation Failure)  924603K->610953K(1029120K), 0.0077585 secs]
161.734: Total time for which application threads were stopped: 0.0079329 seconds, Stopping threads took: 0.0000255 seconds
161.803: [GC (Allocation Failure)  926345K->604843K(1031680K), 0.0048565 secs]
161.808: Total time for which application threads were stopped: 0.0050282 seconds, Stopping threads took: 0.0000203 seconds
161.873: [GC (Allocation Failure)  920235K->604715K(1032704K), 0.0048666 secs]
161.878: Total time for which application threads were stopped: 0.0050623 seconds, Stopping threads took: 0.0000213 seconds
161.943: [GC (Allocation Failure)  921643K->608107K(1032192K), 0.0054374 secs]
161.949: Total time for which application threads were stopped: 0.0056326 seconds, Stopping threads took: 0.0000199 seconds
162.017: [GC (Allocation Failure)  925035K->612814K(1033216K), 0.0046362 secs]
162.022: Total time for which application threads were stopped: 0.0048050 seconds, Stopping threads took: 0.0000179 seconds
162.089: [GC (Allocation Failure)  930766K->612750K(1032704K), 0.0048173 secs]
162.094: Total time for which application threads were stopped: 0.0049968 seconds, Stopping threads took: 0.0000214 seconds
162.162: [GC (Allocation Failure)  930702K->613734K(1033216K), 0.0050442 secs]
162.167: Total time for which application threads were stopped: 0.0051959 seconds, Stopping threads took: 0.0000170 seconds
162.235: [GC (Allocation Failure)  932198K->620776K(1033216K), 0.0046101 secs]
162.239: Total time for which application threads were stopped: 0.0048021 seconds, Stopping threads took: 0.0000278 seconds
162.309: [GC (Allocation Failure)  939240K->620744K(1033728K), 0.0049977 secs]
162.314: Total time for which application threads were stopped: 0.0051845 seconds, Stopping threads took: 0.0000200 seconds
162.381: [GC (Allocation Failure)  939720K->622408K(1033216K), 0.0047967 secs]
162.386: Total time for which application threads were stopped: 0.0049547 seconds, Stopping threads took: 0.0000197 seconds
162.455: [GC (Allocation Failure)  941384K->628842K(1033728K), 0.0048717 secs]
162.460: Total time for which application threads were stopped: 0.0050295 seconds, Stopping threads took: 0.0000196 seconds
162.527: [GC (Allocation Failure)  948330K->628810K(1033728K), 0.0048522 secs]
162.532: Total time for which application threads were stopped: 0.0050250 seconds, Stopping threads took: 0.0000207 seconds
162.598: [GC (Allocation Failure)  948298K->629130K(1033728K), 0.0049336 secs]
162.603: Total time for which application threads were stopped: 0.0051102 seconds, Stopping threads took: 0.0000196 seconds
162.671: [GC (Allocation Failure)  948618K->636812K(1033728K), 0.0057991 secs]
162.677: Total time for which application threads were stopped: 0.0059545 seconds, Stopping threads took: 0.0000258 seconds
162.745: [GC (Allocation Failure)  956300K->636812K(1033728K), 0.0046831 secs]
162.750: Total time for which application threads were stopped: 0.0048862 seconds, Stopping threads took: 0.0000383 seconds
162.818: [GC (Allocation Failure)  956300K->640428K(1033728K), 0.0057013 secs]
162.823: Total time for which application threads were stopped: 0.0058629 seconds, Stopping threads took: 0.0000203 seconds
162.892: [GC (Allocation Failure)  959916K->644943K(1034240K), 0.0049828 secs]
162.897: Total time for which application threads were stopped: 0.0051396 seconds, Stopping threads took: 0.0000197 seconds
162.965: [GC (Allocation Failure)  965455K->644815K(1034240K), 0.0048985 secs]
162.970: Total time for which application threads were stopped: 0.0050865 seconds, Stopping threads took: 0.0000216 seconds
163.036: [GC (Allocation Failure)  965327K->645575K(1034240K), 0.0050516 secs]
163.042: Total time for which application threads were stopped: 0.0052406 seconds, Stopping threads took: 0.0000196 seconds
163.111: [GC (Allocation Failure)  966087K->652905K(1034240K), 0.0047186 secs]
163.116: Total time for which application threads were stopped: 0.0049152 seconds, Stopping threads took: 0.0000207 seconds
163.185: [GC (Allocation Failure)  973417K->652873K(1034240K), 0.0047272 secs]
163.190: Total time for which application threads were stopped: 0.0048852 seconds, Stopping threads took: 0.0000176 seconds
163.258: [GC (Allocation Failure)  973385K->653801K(1034240K), 0.0049944 secs]
163.263: Total time for which application threads were stopped: 0.0051556 seconds, Stopping threads took: 0.0000270 seconds
163.331: [GC (Allocation Failure)  974313K->660907K(1034240K), 0.0048920 secs]
163.336: Total time for which application threads were stopped: 0.0050660 seconds, Stopping threads took: 0.0000203 seconds
163.406: [GC (Allocation Failure)  981419K->660875K(1034240K), 0.0049371 secs]
163.411: Total time for which application threads were stopped: 0.0051379 seconds, Stopping threads took: 0.0000520 seconds
163.478: [GC (Allocation Failure)  981387K->662059K(1034240K), 0.0051879 secs]
163.483: Total time for which application threads were stopped: 0.0053632 seconds, Stopping threads took: 0.0000204 seconds
163.551: [GC (Allocation Failure)  982571K->668974K(1034240K), 0.0049067 secs]
163.556: Total time for which application threads were stopped: 0.0050856 seconds, Stopping threads took: 0.0000224 seconds
163.624: [GC (Allocation Failure)  989486K->668910K(1034240K), 0.0050526 secs]
163.629: Total time for which application threads were stopped: 0.0052307 seconds, Stopping threads took: 0.0000210 seconds
163.697: [GC (Allocation Failure)  989422K->669294K(1020416K), 0.0048521 secs]
163.702: Total time for which application threads were stopped: 0.0050477 seconds, Stopping threads took: 0.0000204 seconds
163.771: [GC (Allocation Failure)  989806K->677040K(1033728K), 0.0050442 secs]
163.776: Total time for which application threads were stopped: 0.0052442 seconds, Stopping threads took: 0.0000205 seconds
163.843: [GC (Allocation Failure)  996528K->676976K(1033728K), 0.0049028 secs]
163.848: Total time for which application threads were stopped: 0.0050814 seconds, Stopping threads took: 0.0000169 seconds
163.916: [GC (Allocation Failure)  996464K->677512K(1033728K), 0.0050309 secs]
163.921: Total time for which application threads were stopped: 0.0052062 seconds, Stopping threads took: 0.0000275 seconds
163.988: [GC (Allocation Failure)  997000K->685034K(1033728K), 0.0050024 secs]
163.993: Total time for which application threads were stopped: 0.0051642 seconds, Stopping threads took: 0.0000207 seconds
164.059: [GC (Allocation Failure)  1004522K->685002K(1033728K), 0.0049508 secs]
164.064: Total time for which application threads were stopped: 0.0051196 seconds, Stopping threads took: 0.0000195 seconds
164.131: [GC (Allocation Failure)  1004490K->685738K(1033728K), 0.0050780 secs]
164.136: [Full GC (Ergonomics)  685738K->9207K(1033728K), 0.0133155 secs]
164.149: Total time for which application threads were stopped: 0.0186557 seconds, Stopping threads took: 0.0000199 seconds
164.217: [GC (Allocation Failure)  328695K->18617K(1032704K), 0.0038841 secs]
164.221: Total time for which application threads were stopped: 0.0040512 seconds, Stopping threads took: 0.0000205 seconds
164.289: [GC (Allocation Failure)  337081K->18609K(1033216K), 0.0038381 secs]
164.293: Total time for which application threads were stopped: 0.0040144 seconds, Stopping threads took: 0.0000263 seconds
164.357: [GC (Allocation Failure)  337073K->18793K(1033216K), 0.0036896 secs]
164.361: Total time for which application threads were stopped: 0.0038607 seconds, Stopping threads took: 0.0000213 seconds
164.428: [GC (Allocation Failure)  337257K->26668K(1033216K), 0.0037414 secs]
164.432: Total time for which application threads were stopped: 0.0039006 seconds, Stopping threads took: 0.0000196 seconds
164.498: [GC (Allocation Failure)  345132K->26668K(1033216K), 0.0039489 secs]
164.502: Total time for which application threads were stopped: 0.0041219 seconds, Stopping threads took: 0.0000203 seconds
164.566: [GC (Allocation Failure)  345132K->26796K(1033216K), 0.0036174 secs]
164.570: Total time for which application threads were stopped: 0.0037779 seconds, Stopping threads took: 0.0000202 seconds
164.637: [GC (Allocation Failure)  345260K->34702K(1033216K), 0.0046062 secs]
164.642: Total time for which application threads were stopped: 0.0047757 seconds, Stopping threads took: 0.0000195 seconds
164.709: [GC (Allocation Failure)  353166K->34702K(1033216K), 0.0037673 secs]
164.713: Total time for which application threads were stopped: 0.0039336 seconds, Stopping threads took: 0.0000198 seconds
164.777: [GC (Allocation Failure)  353166K->35014K(1033216K), 0.0037492 secs]
164.781: Total time for which application threads were stopped: 0.0039092 seconds, Stopping threads took: 0.0000262 seconds
164.846: [GC (Allocation Failure)  353478K->42728K(1033216K), 0.0038108 secs]
164.850: Total time for which application threads were stopped: 0.0039828 seconds, Stopping threads took: 0.0000270 seconds
164.918: [GC (Allocation Failure)  361192K->42696K(1033216K), 0.0038811 secs]
164.922: Total time for which application threads were stopped: 0.0040762 seconds, Stopping threads took: 0.0000198 seconds
164.985: [GC (Allocation Failure)  361160K->43272K(1033216K), 0.0038000 secs]
164.989: Total time for which application threads were stopped: 0.0039742 seconds, Stopping threads took: 0.0000224 seconds
165.056: [GC (Allocation Failure)  361736K->50763K(1033216K), 0.0036762 secs]
165.059: Total time for which application threads were stopped: 0.0038405 seconds, Stopping threads took: 0.0000203 seconds
165.125: [GC (Allocation Failure)  369227K->50731K(1033216K), 0.0036897 secs]
165.129: Total time for which application threads were stopped: 0.0038586 seconds, Stopping threads took: 0.0000204 seconds
165.194: [GC (Allocation Failure)  369195K->51403K(1033216K), 0.0037022 secs]
165.198: Total time for which application threads were stopped: 0.0038960 seconds, Stopping threads took: 0.0000203 seconds
165.267: [GC (Allocation Failure)  369867K->58797K(1033216K), 0.0036336 secs]
165.271: Total time for which application threads were stopped: 0.0038009 seconds, Stopping threads took: 0.0000197 seconds
165.336: [GC (Allocation Failure)  377261K->58797K(1033216K), 0.0063733 secs]
165.343: Total time for which application threads were stopped: 0.0065595 seconds, Stopping threads took: 0.0000276 seconds
165.408: [GC (Allocation Failure)  377261K->59637K(1033216K), 0.0038309 secs]
165.412: Total time for which application threads were stopped: 0.0039934 seconds, Stopping threads took: 0.0000235 seconds
165.481: [GC (Allocation Failure)  378101K->66839K(1033216K), 0.0035794 secs]
165.485: Total time for which application threads were stopped: 0.0037443 seconds, Stopping threads took: 0.0000201 seconds
165.547: [GC (Allocation Failure)  385303K->66839K(1033216K), 0.0037559 secs]
165.551: Total time for which application threads were stopped: 0.0039103 seconds, Stopping threads took: 0.0000198 seconds
165.615: [GC (Allocation Failure)  385303K->66903K(1033216K), 0.0037060 secs]
165.619: Total time for which application threads were stopped: 0.0038439 seconds, Stopping threads took: 0.0000206 seconds
165.684: [GC (Allocation Failure)  385367K->74841K(1033216K), 0.0052014 secs]
165.690: Total time for which application threads were stopped: 0.0054038 seconds, Stopping threads took: 0.0000273 seconds
165.757: [GC (Allocation Failure)  393305K->74873K(1033216K), 0.0039044 secs]
165.761: Total time for which application threads were stopped: 0.0040941 seconds, Stopping threads took: 0.0000263 seconds
165.827: [GC (Allocation Failure)  393337K->75097K(1033216K), 0.0039148 secs]
165.831: Total time for which application threads were stopped: 0.0040848 seconds, Stopping threads took: 0.0000282 seconds
165.900: [GC (Allocation Failure)  393561K->82908K(1033216K), 0.0039597 secs]
165.904: Total time for which application threads were stopped: 0.0041405 seconds, Stopping threads took: 0.0000320 seconds
165.972: [GC (Allocation Failure)  401372K->82908K(1033216K), 0.0034965 secs]
165.975: Total time for which application threads were stopped: 0.0036629 seconds, Stopping threads took: 0.0000205 seconds
166.040: [GC (Allocation Failure)  401372K->83356K(1033216K), 0.0039664 secs]
166.044: Total time for which application threads were stopped: 0.0041268 seconds, Stopping threads took: 0.0000204 seconds
166.110: [GC (Allocation Failure)  401820K->90942K(1033216K), 0.0036924 secs]
166.114: Total time for which application threads were stopped: 0.0038991 seconds, Stopping threads took: 0.0000198 seconds
166.180: [GC (Allocation Failure)  409406K->90942K(1033216K), 0.0039116 secs]
166.184: Total time for which application threads were stopped: 0.0040719 seconds, Stopping threads took: 0.0000201 seconds
166.251: [GC (Allocation Failure)  409406K->91046K(1033216K), 0.0037433 secs]
166.255: Total time for which application threads were stopped: 0.0039045 seconds, Stopping threads took: 0.0000280 seconds
166.322: [GC (Allocation Failure)  409510K->99016K(1033216K), 0.0040294 secs]
166.326: Total time for which application threads were stopped: 0.0041807 seconds, Stopping threads took: 0.0000177 seconds
166.391: [GC (Allocation Failure)  417480K->98952K(1033216K), 0.0038803 secs]
166.394: Total time for which application threads were stopped: 0.0040457 seconds, Stopping threads took: 0.0000201 seconds
166.458: [GC (Allocation Failure)  417416K->99048K(1033216K), 0.0037277 secs]
166.461: Total time for which application threads were stopped: 0.0039121 seconds, Stopping threads took: 0.0000257 seconds
166.528: [GC (Allocation Failure)  417512K->107018K(1033216K), 0.0038271 secs]
166.532: Total time for which application threads were stopped: 0.0039850 seconds, Stopping threads took: 0.0000202 seconds
166.596: [GC (Allocation Failure)  425482K->103112K(1033728K), 0.0028146 secs]
166.599: Total time for which application threads were stopped: 0.0029661 seconds, Stopping threads took: 0.0000207 seconds
166.663: [GC (Allocation Failure)  422088K->107178K(1033216K), 0.0084370 secs]
166.672: Total time for which application threads were stopped: 0.0085860 seconds, Stopping threads took: 0.0000282 seconds
166.739: [GC (Allocation Failure)  426154K->111146K(1033728K), 0.0037773 secs]
166.743: Total time for which application threads were stopped: 0.0039379 seconds, Stopping threads took: 0.0000260 seconds
166.810: [GC (Allocation Failure)  431658K->118664K(1034240K), 0.0071726 secs]
166.817: Total time for which application threads were stopped: 0.0073333 seconds, Stopping threads took: 0.0000192 seconds
166.884: [GC (Allocation Failure)  439176K->112426K(1029120K), 0.0039956 secs]
166.888: Total time for which application threads were stopped: 0.0041608 seconds, Stopping threads took: 0.0000198 seconds
166.954: [GC (Allocation Failure)  427818K->112394K(1031680K), 0.0039116 secs]
166.958: Total time for which application threads were stopped: 0.0040689 seconds, Stopping threads took: 0.0000213 seconds
167.022: [GC (Allocation Failure)  427786K->107912K(1032704K), 0.0020200 secs]
167.024: Total time for which application threads were stopped: 0.0021913 seconds, Stopping threads took: 0.0000281 seconds
167.093: [GC (Allocation Failure)  424840K->112650K(1032192K), 0.0038893 secs]
167.097: Total time for which application threads were stopped: 0.0040505 seconds, Stopping threads took: 0.0000212 seconds
167.164: [GC (Allocation Failure)  429578K->112394K(1033216K), 0.0040636 secs]
167.168: Total time for which application threads were stopped: 0.0042315 seconds, Stopping threads took: 0.0000211 seconds
167.234: [GC (Allocation Failure)  430346K->112522K(1032704K), 0.0038611 secs]
167.238: Total time for which application threads were stopped: 0.0040259 seconds, Stopping threads took: 0.0000264 seconds
167.305: [GC (Allocation Failure)  430474K->120493K(1033216K), 0.0039636 secs]
167.309: Total time for which application threads were stopped: 0.0041337 seconds, Stopping threads took: 0.0000217 seconds
167.377: [GC (Allocation Failure)  438957K->120429K(1033216K), 0.0038218 secs]
167.381: Total time for which application threads were stopped: 0.0039806 seconds, Stopping threads took: 0.0000208 seconds
167.446: [GC (Allocation Failure)  438893K->124325K(1033728K), 0.0049158 secs]
167.451: Total time for which application threads were stopped: 0.0050799 seconds, Stopping threads took: 0.0000206 seconds
167.517: [GC (Allocation Failure)  443301K->128583K(1033216K), 0.0052460 secs]
167.522: Total time for which application threads were stopped: 0.0054257 seconds, Stopping threads took: 0.0000205 seconds
167.590: [GC (Allocation Failure)  447559K->128455K(1034240K), 0.0042051 secs]
167.594: Total time for which application threads were stopped: 0.0043777 seconds, Stopping threads took: 0.0000221 seconds
167.660: [GC (Allocation Failure)  448455K->131079K(1033728K), 0.0044422 secs]
167.664: Total time for which application threads were stopped: 0.0046088 seconds, Stopping threads took: 0.0000222 seconds
167.735: [GC (Allocation Failure)  451079K->136585K(1034240K), 0.0037674 secs]
167.739: Total time for which application threads were stopped: 0.0039294 seconds, Stopping threads took: 0.0000263 seconds
167.807: [GC (Allocation Failure)  457097K->136489K(1034240K), 0.0040142 secs]
167.811: Total time for which application threads were stopped: 0.0041759 seconds, Stopping threads took: 0.0000254 seconds
167.879: [GC (Allocation Failure)  457001K->136745K(1034240K), 0.0038528 secs]
167.883: Total time for which application threads were stopped: 0.0040438 seconds, Stopping threads took: 0.0000283 seconds
167.953: [GC (Allocation Failure)  457257K->144555K(1034240K), 0.0040177 secs]
167.957: Total time for which application threads were stopped: 0.0041918 seconds, Stopping threads took: 0.0000217 seconds
168.026: [GC (Allocation Failure)  465067K->144491K(1034240K), 0.0038011 secs]
168.030: Total time for which application threads were stopped: 0.0039598 seconds, Stopping threads took: 0.0000205 seconds
168.096: [GC (Allocation Failure)  465003K->147019K(1034240K), 0.0043309 secs]
168.100: Total time for which application threads were stopped: 0.0044978 seconds, Stopping threads took: 0.0000279 seconds
168.168: [GC (Allocation Failure)  467531K->152590K(1034240K), 0.0038054 secs]
168.172: Total time for which application threads were stopped: 0.0039688 seconds, Stopping threads took: 0.0000227 seconds
168.238: [GC (Allocation Failure)  473102K->152558K(1034240K), 0.0037348 secs]
168.242: Total time for which application threads were stopped: 0.0038835 seconds, Stopping threads took: 0.0000263 seconds
168.306: [GC (Allocation Failure)  473070K->153198K(1034240K), 0.0039839 secs]
168.311: Total time for which application threads were stopped: 0.0041275 seconds, Stopping threads took: 0.0000202 seconds
168.376: [GC (Allocation Failure)  473710K->160592K(1034240K), 0.0065286 secs]
168.383: Total time for which application threads were stopped: 0.0066785 seconds, Stopping threads took: 0.0000229 seconds
168.449: [GC (Allocation Failure)  481104K->160592K(1034240K), 0.0039685 secs]
168.453: Total time for which application threads were stopped: 0.0041018 seconds, Stopping threads took: 0.0000192 seconds
168.515: [GC (Allocation Failure)  481104K->163464K(1034240K), 0.0044014 secs]
168.520: Total time for which application threads were stopped: 0.0045473 seconds, Stopping threads took: 0.0000195 seconds
168.584: [GC (Allocation Failure)  483976K->168714K(1034240K), 0.0042476 secs]
168.589: Total time for which application threads were stopped: 0.0043905 seconds, Stopping threads took: 0.0000190 seconds
168.652: [GC (Allocation Failure)  489226K->168618K(1034240K), 0.0037652 secs]
168.656: Total time for which application threads were stopped: 0.0039185 seconds, Stopping threads took: 0.0000277 seconds
168.722: [GC (Allocation Failure)  489130K->169642K(1033728K), 0.0040456 secs]
168.726: Total time for which application threads were stopped: 0.0041960 seconds, Stopping threads took: 0.0000190 seconds
168.793: [GC (Allocation Failure)  490154K->176684K(1034240K), 0.0038627 secs]
168.797: Total time for which application threads were stopped: 0.0040055 seconds, Stopping threads took: 0.0000199 seconds
168.861: [GC (Allocation Failure)  497196K->176652K(1034240K), 0.0038039 secs]
168.865: Total time for which application threads were stopped: 0.0039576 seconds, Stopping threads took: 0.0000197 seconds
168.930: [GC (Allocation Failure)  497164K->176876K(1034240K), 0.0038660 secs]
168.934: Total time for which application threads were stopped: 0.0039972 seconds, Stopping threads took: 0.0000198 seconds
169.000: [GC (Allocation Failure)  497388K->184719K(1034240K), 0.0038485 secs]
169.004: Total time for which application threads were stopped: 0.0039932 seconds, Stopping threads took: 0.0000270 seconds
169.069: [GC (Allocation Failure)  505231K->184655K(1034240K), 0.0039427 secs]
169.073: Total time for which application threads were stopped: 0.0040953 seconds, Stopping threads took: 0.0000193 seconds
169.136: [GC (Allocation Failure)  505167K->186119K(1034240K), 0.0040872 secs]
169.140: Total time for which application threads were stopped: 0.0042210 seconds, Stopping threads took: 0.0000194 seconds
169.205: [GC (Allocation Failure)  506631K->192809K(1034240K), 0.0040148 secs]
169.209: Total time for which application threads were stopped: 0.0041677 seconds, Stopping threads took: 0.0000198 seconds
169.273: [GC (Allocation Failure)  513321K->192745K(1034240K), 0.0051032 secs]
169.278: Total time for which application threads were stopped: 0.0052579 seconds, Stopping threads took: 0.0000271 seconds
169.342: [GC (Allocation Failure)  513257K->192777K(1020416K), 0.0040554 secs]
169.346: Total time for which application threads were stopped: 0.0041876 seconds, Stopping threads took: 0.0000186 seconds
169.410: [GC (Allocation Failure)  513289K->200779K(1033728K), 0.0037848 secs]
169.414: Total time for which application threads were stopped: 0.0039567 seconds, Stopping threads took: 0.0000246 seconds
169.478: [GC (Allocation Failure)  520267K->200715K(1033728K), 0.0039398 secs]
169.482: Total time for which application threads were stopped: 0.0040571 seconds, Stopping threads took: 0.0000157 seconds
169.543: [GC (Allocation Failure)  520203K->201027K(1033728K), 0.0040366 secs]
169.547: Total time for which application threads were stopped: 0.0041833 seconds, Stopping threads took: 0.0000191 seconds
169.611: [GC (Allocation Failure)  520515K->208806K(1033728K), 0.0040724 secs]
169.615: Total time for which application threads were stopped: 0.0042276 seconds, Stopping threads took: 0.0000234 seconds
169.682: [GC (Allocation Failure)  528294K->208806K(1033728K), 0.0045113 secs]
169.687: Total time for which application threads were stopped: 0.0046633 seconds, Stopping threads took: 0.0000243 seconds
169.752: [GC (Allocation Failure)  528294K->209806K(1033728K), 0.0040022 secs]
169.756: Total time for which application threads were stopped: 0.0041443 seconds, Stopping threads took: 0.0000180 seconds
169.824: [GC (Allocation Failure)  529294K->216816K(1033728K), 0.0042697 secs]
169.829: Total time for which application threads were stopped: 0.0044378 seconds, Stopping threads took: 0.0000204 seconds
169.897: [GC (Allocation Failure)  536304K->216816K(1033728K), 0.0041540 secs]
169.902: Total time for which application threads were stopped: 0.0043145 seconds, Stopping threads took: 0.0000201 seconds
169.966: [GC (Allocation Failure)  536304K->217000K(1033728K), 0.0040661 secs]
169.970: Total time for which application threads were stopped: 0.0042550 seconds, Stopping threads took: 0.0000193 seconds
170.038: [GC (Allocation Failure)  536488K->224842K(1033728K), 0.0049944 secs]
170.043: Total time for which application threads were stopped: 0.0051689 seconds, Stopping threads took: 0.0000202 seconds
170.110: [GC (Allocation Failure)  544330K->224842K(1033728K), 0.0040590 secs]
170.115: Total time for which application threads were stopped: 0.0042141 seconds, Stopping threads took: 0.0000204 seconds
170.181: [GC (Allocation Failure)  544330K->226282K(1033728K), 0.0043004 secs]
170.186: Total time for which application threads were stopped: 0.0044615 seconds, Stopping threads took: 0.0000178 seconds
170.254: [GC (Allocation Failure)  545770K->232908K(1033728K), 0.0041654 secs]
170.258: Total time for which application threads were stopped: 0.0043464 seconds, Stopping threads took: 0.0000279 seconds
170.328: [GC (Allocation Failure)  552396K->232844K(1033728K), 0.0042681 secs]
170.332: Total time for which application threads were stopped: 0.0044165 seconds, Stopping threads took: 0.0000171 seconds
170.398: [GC (Allocation Failure)  552332K->233452K(1033728K), 0.0041793 secs]
170.402: Total time for which application threads were stopped: 0.0043579 seconds, Stopping threads took: 0.0000202 seconds
170.470: [GC (Allocation Failure)  552940K->240911K(1033728K), 0.0041174 secs]
170.474: Total time for which application threads were stopped: 0.0042792 seconds, Stopping threads took: 0.0000201 seconds
170.542: [GC (Allocation Failure)  560399K->240911K(1033728K), 0.0042289 secs]
170.547: Total time for which application threads were stopped: 0.0044071 seconds, Stopping threads took: 0.0000204 seconds
170.612: [GC (Allocation Failure)  560399K->241703K(1033728K), 0.0042159 secs]
170.616: Total time for which application threads were stopped: 0.0043899 seconds, Stopping threads took: 0.0000263 seconds
170.685: [GC (Allocation Failure)  561191K->248937K(1033728K), 0.0054719 secs]
170.690: Total time for which application threads were stopped: 0.0056316 seconds, Stopping threads took: 0.0000256 seconds
170.759: [GC (Allocation Failure)  568425K->248937K(1033728K), 0.0040232 secs]
170.763: Total time for which application threads were stopped: 0.0041884 seconds, Stopping threads took: 0.0000198 seconds
170.828: [GC (Allocation Failure)  568425K->249929K(1033728K), 0.0041403 secs]
170.832: Total time for which application threads were stopped: 0.0043466 seconds, Stopping threads took: 0.0000306 seconds
170.900: [GC (Allocation Failure)  569417K->256971K(1033728K), 0.0042099 secs]
170.904: Total time for which application threads were stopped: 0.0043781 seconds, Stopping threads took: 0.0000285 seconds
170.971: [GC (Allocation Failure)  576459K->256939K(1033728K), 0.0040195 secs]
170.975: Total time for which application threads were stopped: 0.0041789 seconds, Stopping threads took: 0.0000189 seconds
171.038: [GC (Allocation Failure)  576427K->257131K(1033728K), 0.0041542 secs]
171.042: Total time for which application threads were stopped: 0.0042997 seconds, Stopping threads took: 0.0000192 seconds
171.106: [GC (Allocation Failure)  576619K->265005K(1032704K), 0.0042646 secs]
171.110: Total time for which application threads were stopped: 0.0044181 seconds, Stopping threads took: 0.0000209 seconds
171.176: [GC (Allocation Failure)  583469K->265005K(1033216K), 0.0041836 secs]
171.181: Total time for which application threads were stopped: 0.0043386 seconds, Stopping threads took: 0.0000212 seconds
171.242: [GC (Allocation Failure)  583469K->265349K(1032704K), 0.0041579 secs]
171.247: Total time for which application threads were stopped: 0.0043010 seconds, Stopping threads took: 0.0000254 seconds
171.312: [GC (Allocation Failure)  583813K->273064K(1033216K), 0.0042995 secs]
171.317: Total time for which application threads were stopped: 0.0044471 seconds, Stopping threads took: 0.0000195 seconds
171.382: [GC (Allocation Failure)  591528K->273032K(1033216K), 0.0043449 secs]
171.386: Total time for which application threads were stopped: 0.0044984 seconds, Stopping threads took: 0.0000193 seconds
171.450: [GC (Allocation Failure)  591496K->273576K(1033216K), 0.0042668 secs]
171.454: Total time for which application threads were stopped: 0.0044384 seconds, Stopping threads took: 0.0000197 seconds
171.522: [GC (Allocation Failure)  592040K->281066K(1033216K), 0.0042906 secs]
171.527: Total time for which application threads were stopped: 0.0044707 seconds, Stopping threads took: 0.0000203 seconds
171.592: [GC (Allocation Failure)  599530K->281066K(1033216K), 0.0040347 secs]
171.596: Total time for which application threads were stopped: 0.0042041 seconds, Stopping threads took: 0.0000296 seconds
171.658: [GC (Allocation Failure)  599530K->281322K(1033216K), 0.0042180 secs]
171.663: Total time for which application threads were stopped: 0.0043624 seconds, Stopping threads took: 0.0000190 seconds
171.730: [GC (Allocation Failure)  599786K->289100K(1033216K), 0.0043014 secs]
171.735: Total time for which application threads were stopped: 0.0044552 seconds, Stopping threads took: 0.0000194 seconds
171.799: [GC (Allocation Failure)  607564K->289100K(1033216K), 0.0042814 secs]
171.803: Total time for which application threads were stopped: 0.0044429 seconds, Stopping threads took: 0.0000193 seconds
171.869: [GC (Allocation Failure)  607564K->289164K(1033216K), 0.0042063 secs]
171.873: Total time for which application threads were stopped: 0.0043901 seconds, Stopping threads took: 0.0000200 seconds
171.941: [GC (Allocation Failure)  607628K->297134K(1033216K), 0.0044001 secs]
171.945: Total time for which application threads were stopped: 0.0047164 seconds, Stopping threads took: 0.0000193 seconds
172.009: [GC (Allocation Failure)  615598K->297134K(1033216K), 0.0043394 secs]
172.013: Total time for which application threads were stopped: 0.0044943 seconds, Stopping threads took: 0.0000194 seconds
172.076: [GC (Allocation Failure)  615598K->297254K(1033216K), 0.0064616 secs]
172.083: Total time for which application threads were stopped: 0.0066340 seconds, Stopping threads took: 0.0000266 seconds
172.148: [GC (Allocation Failure)  615718K->305161K(1033216K), 0.0044049 secs]
172.153: Total time for which application threads were stopped: 0.0045628 seconds, Stopping threads took: 0.0000194 seconds
172.218: [GC (Allocation Failure)  623625K->305161K(1033216K), 0.0040675 secs]
172.222: Total time for which application threads were stopped: 0.0042202 seconds, Stopping threads took: 0.0000197 seconds
172.287: [GC (Allocation Failure)  623625K->305513K(1033216K), 0.0040568 secs]
172.292: Total time for which application threads were stopped: 0.0042021 seconds, Stopping threads took: 0.0000246 seconds
172.358: [GC (Allocation Failure)  623977K->313195K(1033216K), 0.0044223 secs]
172.363: Total time for which application threads were stopped: 0.0045804 seconds, Stopping threads took: 0.0000194 seconds
172.429: [GC (Allocation Failure)  631659K->313195K(1033216K), 0.0041793 secs]
172.433: Total time for which application threads were stopped: 0.0043593 seconds, Stopping threads took: 0.0000261 seconds
172.497: [GC (Allocation Failure)  631659K->313739K(1033216K), 0.0042565 secs]
172.502: Total time for which application threads were stopped: 0.0043984 seconds, Stopping threads took: 0.0000189 seconds
172.567: [GC (Allocation Failure)  632203K->321229K(1033216K), 0.0041687 secs]
172.571: Total time for which application threads were stopped: 0.0043234 seconds, Stopping threads took: 0.0000196 seconds
172.636: [GC (Allocation Failure)  639693K->321229K(1033216K), 0.0042641 secs]
172.640: Total time for which application threads were stopped: 0.0044152 seconds, Stopping threads took: 0.0000169 seconds
172.709: [GC (Allocation Failure)  639693K->321453K(1033216K), 0.0043300 secs]
172.713: Total time for which application threads were stopped: 0.0044931 seconds, Stopping threads took: 0.0000205 seconds
172.780: [GC (Allocation Failure)  639917K->329296K(1033216K), 0.0042568 secs]
172.785: Total time for which application threads were stopped: 0.0044300 seconds, Stopping threads took: 0.0000278 seconds
172.851: [GC (Allocation Failure)  647760K->321549K(1033216K), 0.0012439 secs]
172.852: Total time for which application threads were stopped: 0.0013688 seconds, Stopping threads took: 0.0000197 seconds
172.920: [GC (Allocation Failure)  640013K->329384K(1033216K), 0.0044149 secs]
172.925: Total time for which application threads were stopped: 0.0045920 seconds, Stopping threads took: 0.0000195 seconds
172.992: [GC (Allocation Failure)  647848K->333464K(1033216K), 0.0056864 secs]
172.998: Total time for which application threads were stopped: 0.0058718 seconds, Stopping threads took: 0.0000192 seconds
173.063: [GC (Allocation Failure)  651928K->334101K(1032192K), 0.0047643 secs]
173.068: Total time for which application threads were stopped: 0.0049398 seconds, Stopping threads took: 0.0000251 seconds
173.135: [GC (Allocation Failure)  651541K->333464K(1032704K), 0.0048116 secs]
173.139: Total time for which application threads were stopped: 0.0049802 seconds, Stopping threads took: 0.0000200 seconds
173.208: [GC (Allocation Failure)  650904K->333368K(1033216K), 0.0042511 secs]
173.213: Total time for which application threads were stopped: 0.0044472 seconds, Stopping threads took: 0.0000210 seconds
173.279: [GC (Allocation Failure)  651832K->336192K(1033216K), 0.0048168 secs]
173.284: Total time for which application threads were stopped: 0.0049894 seconds, Stopping threads took: 0.0000195 seconds
173.352: [GC (Allocation Failure)  654656K->341474K(1033728K), 0.0065230 secs]
173.359: Total time for which application threads were stopped: 0.0067054 seconds, Stopping threads took: 0.0000202 seconds
173.427: [GC (Allocation Failure)  660962K->341474K(1033728K), 0.0047320 secs]
173.432: Total time for which application threads were stopped: 0.0048992 seconds, Stopping threads took: 0.0000199 seconds
173.498: [GC (Allocation Failure)  660962K->342378K(1033728K), 0.0046073 secs]
173.503: Total time for which application threads were stopped: 0.0047975 seconds, Stopping threads took: 0.0000206 seconds
173.571: [GC (Allocation Failure)  661866K->349484K(1033728K), 0.0043917 secs]
173.575: Total time for which application threads were stopped: 0.0045868 seconds, Stopping threads took: 0.0000206 seconds
173.645: [GC (Allocation Failure)  668972K->349484K(1033728K), 0.0044384 secs]
173.649: Total time for which application threads were stopped: 0.0046226 seconds, Stopping threads took: 0.0000169 seconds
173.717: [GC (Allocation Failure)  668972K->349612K(1033728K), 0.0044247 secs]
173.722: Total time for which application threads were stopped: 0.0045932 seconds, Stopping threads took: 0.0000193 seconds
173.787: [GC (Allocation Failure)  669100K->357518K(1033728K), 0.0042999 secs]
173.792: Total time for which application threads were stopped: 0.0045015 seconds, Stopping threads took: 0.0000282 seconds
173.861: [GC (Allocation Failure)  677006K->357518K(1033728K), 0.0041992 secs]
173.865: Total time for which application threads were stopped: 0.0043565 seconds, Stopping threads took: 0.0000174 seconds
173.929: [GC (Allocation Failure)  677006K->360902K(1034240K), 0.0051524 secs]
173.935: Total time for which application threads were stopped: 0.0053471 seconds, Stopping threads took: 0.0000201 seconds
174.004: [GC (Allocation Failure)  680902K->365673K(1033728K), 0.0044303 secs]
174.008: Total time for which application threads were stopped: 0.0045806 seconds, Stopping threads took: 0.0000180 seconds
174.074: [GC (Allocation Failure)  685673K->365545K(1034240K), 0.0056236 secs]
174.080: Total time for which application threads were stopped: 0.0058247 seconds, Stopping threads took: 0.0000333 seconds
174.148: [GC (Allocation Failure)  686057K->366057K(1020928K), 0.0044858 secs]
174.153: Total time for which application threads were stopped: 0.0046456 seconds, Stopping threads took: 0.0000198 seconds
174.222: [GC (Allocation Failure)  686569K->373643K(1033728K), 0.0043546 secs]
174.227: Total time for which application threads were stopped: 0.0045243 seconds, Stopping threads took: 0.0000200 seconds
174.294: [GC (Allocation Failure)  693131K->373611K(1033728K), 0.0044861 secs]
174.299: Total time for which application threads were stopped: 0.0046778 seconds, Stopping threads took: 0.0000265 seconds
174.365: [GC (Allocation Failure)  693099K->374307K(1033728K), 0.0045889 secs]
174.369: Total time for which application threads were stopped: 0.0047501 seconds, Stopping threads took: 0.0000198 seconds
174.436: [GC (Allocation Failure)  693795K->381573K(1033728K), 0.0044102 secs]
174.441: Total time for which application threads were stopped: 0.0045864 seconds, Stopping threads took: 0.0000195 seconds
174.507: [GC (Allocation Failure)  701061K->381637K(1033728K), 0.0043166 secs]
174.512: Total time for which application threads were stopped: 0.0044820 seconds, Stopping threads took: 0.0000202 seconds
174.578: [GC (Allocation Failure)  701125K->385613K(1033728K), 0.0054363 secs]
174.583: Total time for which application threads were stopped: 0.0056120 seconds, Stopping threads took: 0.0000206 seconds
174.651: [GC (Allocation Failure)  705101K->389647K(1034240K), 0.0044916 secs]
174.656: Total time for which application threads were stopped: 0.0046734 seconds, Stopping threads took: 0.0000202 seconds
174.725: [GC (Allocation Failure)  710159K->389647K(1034240K), 0.0046389 secs]
174.730: Total time for which application threads were stopped: 0.0048010 seconds, Stopping threads took: 0.0000202 seconds
174.798: [GC (Allocation Failure)  710159K->390727K(1034240K), 0.0043484 secs]
174.802: Total time for which application threads were stopped: 0.0045117 seconds, Stopping threads took: 0.0000199 seconds
174.870: [GC (Allocation Failure)  711239K->397770K(1034240K), 0.0044614 secs]
174.874: Total time for which application threads were stopped: 0.0046723 seconds, Stopping threads took: 0.0000223 seconds
174.942: [GC (Allocation Failure)  718282K->397706K(1034240K), 0.0045050 secs]
174.947: Total time for which application threads were stopped: 0.0046779 seconds, Stopping threads took: 0.0000205 seconds
175.014: [GC (Allocation Failure)  718218K->397930K(1034240K), 0.0044758 secs]
175.018: Total time for which application threads were stopped: 0.0046379 seconds, Stopping threads took: 0.0000205 seconds
175.087: [GC (Allocation Failure)  718442K->405772K(1034240K), 0.0045400 secs]
175.091: Total time for which application threads were stopped: 0.0047090 seconds, Stopping threads took: 0.0000199 seconds
175.160: [GC (Allocation Failure)  726284K->405740K(1034240K), 0.0045540 secs]
175.165: Total time for which application threads were stopped: 0.0047319 seconds, Stopping threads took: 0.0000191 seconds
175.229: [GC (Allocation Failure)  726252K->407212K(1034240K), 0.0045680 secs]
175.234: Total time for which application threads were stopped: 0.0047286 seconds, Stopping threads took: 0.0000205 seconds
175.302: [GC (Allocation Failure)  727724K->413774K(1034240K), 0.0046172 secs]
175.307: Total time for which application threads were stopped: 0.0047953 seconds, Stopping threads took: 0.0000204 seconds
175.374: [GC (Allocation Failure)  734286K->413742K(1034240K), 0.0043804 secs]
175.379: Total time for which application threads were stopped: 0.0045555 seconds, Stopping threads took: 0.0000276 seconds
175.445: [GC (Allocation Failure)  734254K->413894K(1020416K), 0.0045666 secs]
175.450: Total time for which application threads were stopped: 0.0047336 seconds, Stopping threads took: 0.0000198 seconds
175.518: [GC (Allocation Failure)  734406K->421768K(1033728K), 0.0043301 secs]
175.522: Total time for which application threads were stopped: 0.0045089 seconds, Stopping threads took: 0.0000198 seconds
175.590: [GC (Allocation Failure)  741256K->421800K(1033728K), 0.0046107 secs]
175.595: Total time for which application threads were stopped: 0.0048054 seconds, Stopping threads took: 0.0000205 seconds
175.662: [GC (Allocation Failure)  741288K->421864K(1033728K), 0.0064941 secs]
175.668: Total time for which application threads were stopped: 0.0066265 seconds, Stopping threads took: 0.0000181 seconds
175.737: [GC (Allocation Failure)  741352K->429835K(1033728K), 0.0042570 secs]
175.742: Total time for which application threads were stopped: 0.0044275 seconds, Stopping threads took: 0.0000171 seconds
175.810: [GC (Allocation Failure)  749323K->429803K(1033728K), 0.0044773 secs]
175.814: Total time for which application threads were stopped: 0.0046263 seconds, Stopping threads took: 0.0000171 seconds
175.880: [GC (Allocation Failure)  749291K->430891K(1033728K), 0.0045633 secs]
175.884: Total time for which application threads were stopped: 0.0047346 seconds, Stopping threads took: 0.0000206 seconds
175.952: [GC (Allocation Failure)  750379K->437869K(1033728K), 0.0045175 secs]
175.957: Total time for which application threads were stopped: 0.0046816 seconds, Stopping threads took: 0.0000202 seconds
176.024: [GC (Allocation Failure)  757357K->437837K(1033728K), 0.0044543 secs]
176.029: Total time for which application threads were stopped: 0.0046171 seconds, Stopping threads took: 0.0000202 seconds
176.094: [GC (Allocation Failure)  757325K->438093K(1033728K), 0.0045351 secs]
176.099: Total time for which application threads were stopped: 0.0047330 seconds, Stopping threads took: 0.0000202 seconds
176.166: [GC (Allocation Failure)  757581K->445871K(1033728K), 0.0044168 secs]
176.170: Total time for which application threads were stopped: 0.0046011 seconds, Stopping threads took: 0.0000169 seconds
176.240: [GC (Allocation Failure)  765359K->445871K(1033728K), 0.0043626 secs]
176.244: Total time for which application threads were stopped: 0.0045195 seconds, Stopping threads took: 0.0000196 seconds
176.309: [GC (Allocation Failure)  765359K->447335K(1033728K), 0.0047528 secs]
176.314: Total time for which application threads were stopped: 0.0049333 seconds, Stopping threads took: 0.0000201 seconds
176.381: [GC (Allocation Failure)  766823K->453962K(1033728K), 0.0045483 secs]
176.386: Total time for which application threads were stopped: 0.0047117 seconds, Stopping threads took: 0.0000205 seconds
176.453: [GC (Allocation Failure)  773450K->453898K(1033728K), 0.0044992 secs]
176.458: Total time for which application threads were stopped: 0.0046696 seconds, Stopping threads took: 0.0000205 seconds
176.523: [GC (Allocation Failure)  773386K->454538K(1033728K), 0.0044545 secs]
176.527: Total time for which application threads were stopped: 0.0046321 seconds, Stopping threads took: 0.0000201 seconds
176.595: [GC (Allocation Failure)  774026K->461996K(1033728K), 0.0044568 secs]
176.599: Total time for which application threads were stopped: 0.0046309 seconds, Stopping threads took: 0.0000197 seconds
176.667: [GC (Allocation Failure)  781484K->461900K(1033728K), 0.0075068 secs]
176.674: Total time for which application threads were stopped: 0.0077036 seconds, Stopping threads took: 0.0000254 seconds
176.740: [GC (Allocation Failure)  781388K->462764K(1033728K), 0.0043761 secs]
176.745: Total time for which application threads were stopped: 0.0045414 seconds, Stopping threads took: 0.0000262 seconds
176.812: [GC (Allocation Failure)  782252K->469966K(1033728K), 0.0046825 secs]
176.817: Total time for which application threads were stopped: 0.0048450 seconds, Stopping threads took: 0.0000208 seconds
176.884: [GC (Allocation Failure)  789454K->469934K(1033728K), 0.0043544 secs]
176.889: Total time for which application threads were stopped: 0.0045212 seconds, Stopping threads took: 0.0000197 seconds
176.954: [GC (Allocation Failure)  789422K->471014K(1033728K), 0.0046865 secs]
176.958: Total time for which application threads were stopped: 0.0048643 seconds, Stopping threads took: 0.0000197 seconds
177.024: [GC (Allocation Failure)  790502K->478024K(1033728K), 0.0047817 secs]
177.029: Total time for which application threads were stopped: 0.0049630 seconds, Stopping threads took: 0.0000206 seconds
177.096: [GC (Allocation Failure)  797512K->477992K(1033728K), 0.0044845 secs]
177.101: Total time for which application threads were stopped: 0.0046624 seconds, Stopping threads took: 0.0000194 seconds
177.165: [GC (Allocation Failure)  797480K->478216K(1033728K), 0.0045216 secs]
177.170: Total time for which application threads were stopped: 0.0046919 seconds, Stopping threads took: 0.0000203 seconds
177.236: [GC (Allocation Failure)  797704K->486027K(1033728K), 0.0048467 secs]
177.241: Total time for which application threads were stopped: 0.0050134 seconds, Stopping threads took: 0.0000202 seconds
177.308: [GC (Allocation Failure)  805515K->486059K(1033728K), 0.0046415 secs]
177.313: Total time for which application threads were stopped: 0.0048047 seconds, Stopping threads took: 0.0000202 seconds
177.377: [GC (Allocation Failure)  805547K->486475K(1032704K), 0.0046605 secs]
177.382: Total time for which application threads were stopped: 0.0048578 seconds, Stopping threads took: 0.0000204 seconds
177.452: [GC (Allocation Failure)  804939K->494061K(1033216K), 0.0045224 secs]
177.456: Total time for which application threads were stopped: 0.0046812 seconds, Stopping threads took: 0.0000171 seconds
177.525: [GC (Allocation Failure)  812525K->494029K(1033216K), 0.0046121 secs]
177.530: Total time for which application threads were stopped: 0.0047775 seconds, Stopping threads took: 0.0000200 seconds
177.594: [GC (Allocation Failure)  812493K->494661K(1033216K), 0.0048323 secs]
177.599: Total time for which application threads were stopped: 0.0049960 seconds, Stopping threads took: 0.0000198 seconds
177.664: [GC (Allocation Failure)  813125K->502055K(1033216K), 0.0081900 secs]
177.673: Total time for which application threads were stopped: 0.0083497 seconds, Stopping threads took: 0.0000306 seconds
177.739: [GC (Allocation Failure)  820519K->502087K(1033216K), 0.0047116 secs]
177.744: Total time for which application threads were stopped: 0.0048741 seconds, Stopping threads took: 0.0000203 seconds
177.810: [GC (Allocation Failure)  820551K->502919K(1033728K), 0.0045810 secs]
177.815: Total time for which application threads were stopped: 0.0047759 seconds, Stopping threads took: 0.0000194 seconds
177.884: [GC (Allocation Failure)  821895K->510121K(1033216K), 0.0045149 secs]
177.888: Total time for which application threads were stopped: 0.0046656 seconds, Stopping threads took: 0.0000171 seconds
177.956: [GC (Allocation Failure)  829097K->510089K(1033216K), 0.0046512 secs]
177.961: Total time for which application threads were stopped: 0.0048234 seconds, Stopping threads took: 0.0000203 seconds
178.026: [GC (Allocation Failure)  828553K->510185K(1033216K), 0.0047349 secs]
178.030: Total time for which application threads were stopped: 0.0049080 seconds, Stopping threads took: 0.0000203 seconds
178.098: [GC (Allocation Failure)  828649K->518188K(1033216K), 0.0045888 secs]
178.102: Total time for which application threads were stopped: 0.0047649 seconds, Stopping threads took: 0.0000209 seconds
178.168: [GC (Allocation Failure)  836652K->518188K(1033216K), 0.0047728 secs]
178.173: Total time for which application threads were stopped: 0.0049450 seconds, Stopping threads took: 0.0000210 seconds
178.238: [GC (Allocation Failure)  836652K->518380K(1033216K), 0.0047896 secs]
178.243: Total time for which application threads were stopped: 0.0049693 seconds, Stopping threads took: 0.0000198 seconds
178.310: [GC (Allocation Failure)  836844K->526190K(1033216K), 0.0047868 secs]
178.315: Total time for which application threads were stopped: 0.0049643 seconds, Stopping threads took: 0.0000205 seconds
178.384: [GC (Allocation Failure)  844654K->526190K(1033216K), 0.0044344 secs]
178.388: Total time for which application threads were stopped: 0.0046370 seconds, Stopping threads took: 0.0000197 seconds
178.454: [GC (Allocation Failure)  844654K->526566K(1033216K), 0.0048193 secs]
178.459: Total time for which application threads were stopped: 0.0049965 seconds, Stopping threads took: 0.0000199 seconds
178.526: [GC (Allocation Failure)  845030K->534184K(1033216K), 0.0047412 secs]
178.531: Total time for which application threads were stopped: 0.0049228 seconds, Stopping threads took: 0.0000197 seconds
178.596: [GC (Allocation Failure)  852648K->534216K(1033216K), 0.0048463 secs]
178.601: Total time for which application threads were stopped: 0.0050013 seconds, Stopping threads took: 0.0000201 seconds
178.668: [GC (Allocation Failure)  852680K->534280K(1033216K), 0.0048951 secs]
178.673: Total time for which application threads were stopped: 0.0050617 seconds, Stopping threads took: 0.0000259 seconds
178.739: [GC (Allocation Failure)  852744K->542282K(1033216K), 0.0048676 secs]
178.744: Total time for which application threads were stopped: 0.0050366 seconds, Stopping threads took: 0.0000200 seconds
178.809: [GC (Allocation Failure)  860746K->542250K(1033216K), 0.0046845 secs]
178.814: Total time for which application threads were stopped: 0.0048542 seconds, Stopping threads took: 0.0000199 seconds
178.880: [GC (Allocation Failure)  860714K->542538K(1033216K), 0.0048145 secs]
178.885: Total time for which application threads were stopped: 0.0049746 seconds, Stopping threads took: 0.0000196 seconds
178.953: [GC (Allocation Failure)  861002K->550317K(1033216K), 0.0047865 secs]
178.957: Total time for which application threads were stopped: 0.0049472 seconds, Stopping threads took: 0.0000197 seconds
179.023: [GC (Allocation Failure)  868781K->545738K(1033216K), 0.0032377 secs]
179.026: Total time for which application threads were stopped: 0.0034082 seconds, Stopping threads took: 0.0000256 seconds
179.091: [GC (Allocation Failure)  864202K->550541K(1034752K), 0.0049852 secs]
179.097: Total time for which application threads were stopped: 0.0051566 seconds, Stopping threads took: 0.0000204 seconds
179.164: [GC (Allocation Failure)  871053K->554421K(1033728K), 0.0048239 secs]
179.169: Total time for which application threads were stopped: 0.0050049 seconds, Stopping threads took: 0.0000210 seconds
179.236: [GC (Allocation Failure)  874933K->562306K(1028096K), 0.0172142 secs]
179.253: Total time for which application threads were stopped: 0.0173835 seconds, Stopping threads took: 0.0000202 seconds
179.319: [GC (Allocation Failure)  876674K->556165K(1031168K), 0.0048873 secs]
179.324: Total time for which application threads were stopped: 0.0050513 seconds, Stopping threads took: 0.0000200 seconds
179.391: [GC (Allocation Failure)  870533K->556037K(1032192K), 0.0048485 secs]
179.396: Total time for which application threads were stopped: 0.0050135 seconds, Stopping threads took: 0.0000208 seconds
179.463: [GC (Allocation Failure)  871941K->557357K(1031680K), 0.0049330 secs]
179.468: Total time for which application threads were stopped: 0.0051085 seconds, Stopping threads took: 0.0000208 seconds
179.536: [GC (Allocation Failure)  873261K->564143K(1032704K), 0.0046999 secs]
179.540: Total time for which application threads were stopped: 0.0048634 seconds, Stopping threads took: 0.0000203 seconds
179.608: [GC (Allocation Failure)  881071K->564079K(1032192K), 0.0047801 secs]
179.613: Total time for which application threads were stopped: 0.0049424 seconds, Stopping threads took: 0.0000205 seconds
179.677: [GC (Allocation Failure)  881007K->568167K(1033216K), 0.0056578 secs]
179.683: Total time for which application threads were stopped: 0.0058149 seconds, Stopping threads took: 0.0000278 seconds
179.751: [GC (Allocation Failure)  886119K->572137K(1032704K), 0.0044801 secs]
179.755: Total time for which application threads were stopped: 0.0046674 seconds, Stopping threads took: 0.0000287 seconds
179.824: [GC (Allocation Failure)  890089K->572137K(1033728K), 0.0046219 secs]
179.829: Total time for which application threads were stopped: 0.0047792 seconds, Stopping threads took: 0.0000171 seconds
179.893: [GC (Allocation Failure)  891625K->572265K(1033728K), 0.0049311 secs]
179.898: Total time for which application threads were stopped: 0.0050995 seconds, Stopping threads took: 0.0000199 seconds
179.966: [GC (Allocation Failure)  891753K->580172K(1033728K), 0.0047167 secs]
179.971: Total time for which application threads were stopped: 0.0048866 seconds, Stopping threads took: 0.0000204 seconds
180.039: [GC (Allocation Failure)  899660K->580172K(1033728K), 0.0048787 secs]
180.044: Total time for which application threads were stopped: 0.0050556 seconds, Stopping threads took: 0.0000213 seconds
180.111: [GC (Allocation Failure)  899660K->583596K(1034240K), 0.0054643 secs]
180.117: Total time for which application threads were stopped: 0.0056574 seconds, Stopping threads took: 0.0000197 seconds
180.185: [GC (Allocation Failure)  903596K->588238K(1033728K), 0.0048829 secs]
180.190: Total time for which application threads were stopped: 0.0050342 seconds, Stopping threads took: 0.0000182 seconds
180.257: [GC (Allocation Failure)  908238K->588142K(1034240K), 0.0049761 secs]
180.262: Total time for which application threads were stopped: 0.0051518 seconds, Stopping threads took: 0.0000261 seconds
180.329: [GC (Allocation Failure)  908654K->588782K(1034240K), 0.0047226 secs]
180.334: Total time for which application threads were stopped: 0.0049001 seconds, Stopping threads took: 0.0000214 seconds
180.401: [GC (Allocation Failure)  909294K->596304K(1034240K), 0.0056144 secs]
180.407: Total time for which application threads were stopped: 0.0058087 seconds, Stopping threads took: 0.0000209 seconds
180.477: [GC (Allocation Failure)  916816K->596208K(1034240K), 0.0047731 secs]
180.482: Total time for which application threads were stopped: 0.0049525 seconds, Stopping threads took: 0.0000198 seconds
180.551: [GC (Allocation Failure)  916720K->596968K(1034240K), 0.0049147 secs]
180.556: Total time for which application threads were stopped: 0.0050868 seconds, Stopping threads took: 0.0000202 seconds
180.623: [GC (Allocation Failure)  917480K->604298K(1034240K), 0.0049118 secs]
180.628: Total time for which application threads were stopped: 0.0051001 seconds, Stopping threads took: 0.0000208 seconds
180.697: [GC (Allocation Failure)  924810K->604234K(1034240K), 0.0048658 secs]
180.702: Total time for which application threads were stopped: 0.0050246 seconds, Stopping threads took: 0.0000170 seconds
180.769: [GC (Allocation Failure)  924746K->605226K(1034240K), 0.0048388 secs]
180.774: Total time for which application threads were stopped: 0.0050042 seconds, Stopping threads took: 0.0000261 seconds
180.842: [GC (Allocation Failure)  925738K->612269K(1034240K), 0.0049254 secs]
180.847: Total time for which application threads were stopped: 0.0050871 seconds, Stopping threads took: 0.0000203 seconds
180.914: [GC (Allocation Failure)  932781K->612301K(1034240K), 0.0048574 secs]
180.919: Total time for which application threads were stopped: 0.0050163 seconds, Stopping threads took: 0.0000201 seconds
180.986: [GC (Allocation Failure)  932813K->612429K(1033216K), 0.0048725 secs]
180.991: Total time for which application threads were stopped: 0.0050624 seconds, Stopping threads took: 0.0000207 seconds
181.059: [GC (Allocation Failure)  931917K->620335K(1033728K), 0.0049526 secs]
181.064: Total time for which application threads were stopped: 0.0051271 seconds, Stopping threads took: 0.0000199 seconds
181.133: [GC (Allocation Failure)  939823K->620303K(1033728K), 0.0048232 secs]
181.138: Total time for which application threads were stopped: 0.0050131 seconds, Stopping threads took: 0.0000203 seconds
181.205: [GC (Allocation Failure)  939791K->620647K(1033728K), 0.0047134 secs]
181.210: Total time for which application threads were stopped: 0.0048780 seconds, Stopping threads took: 0.0000285 seconds
181.278: [GC (Allocation Failure)  940135K->628361K(1033728K), 0.0048523 secs]
181.283: Total time for which application threads were stopped: 0.0050102 seconds, Stopping threads took: 0.0000167 seconds
181.352: [GC (Allocation Failure)  947849K->628329K(1033728K), 0.0048884 secs]
181.357: Total time for which application threads were stopped: 0.0050524 seconds, Stopping threads took: 0.0000201 seconds
181.424: [GC (Allocation Failure)  947817K->629961K(1033728K), 0.0054203 secs]
181.429: Total time for which application threads were stopped: 0.0055825 seconds, Stopping threads took: 0.0000205 seconds
181.497: [GC (Allocation Failure)  949449K->636395K(1033728K), 0.0050706 secs]
181.502: Total time for which application threads were stopped: 0.0052414 seconds, Stopping threads took: 0.0000198 seconds
181.570: [GC (Allocation Failure)  955883K->636331K(1033728K), 0.0048259 secs]
181.575: Total time for which application threads were stopped: 0.0050157 seconds, Stopping threads took: 0.0000201 seconds
181.641: [GC (Allocation Failure)  955819K->637131K(1033728K), 0.0049546 secs]
181.646: Total time for which application threads were stopped: 0.0051494 seconds, Stopping threads took: 0.0000207 seconds
181.716: [GC (Allocation Failure)  956619K->644430K(1033728K), 0.0049544 secs]
181.721: Total time for which application threads were stopped: 0.0051053 seconds, Stopping threads took: 0.0000172 seconds
181.789: [GC (Allocation Failure)  963918K->644366K(1033728K), 0.0049142 secs]
181.794: Total time for which application threads were stopped: 0.0050945 seconds, Stopping threads took: 0.0000202 seconds
181.860: [GC (Allocation Failure)  963854K->644462K(1033728K), 0.0049643 secs]
181.865: Total time for which application threads were stopped: 0.0051276 seconds, Stopping threads took: 0.0000207 seconds
181.933: [GC (Allocation Failure)  963950K->652464K(1033728K), 0.0049612 secs]
181.939: Total time for which application threads were stopped: 0.0051229 seconds, Stopping threads took: 0.0000198 seconds
182.006: [GC (Allocation Failure)  971952K->652432K(1033728K), 0.0048936 secs]
182.011: Total time for which application threads were stopped: 0.0050674 seconds, Stopping threads took: 0.0000201 seconds
182.077: [GC (Allocation Failure)  971920K->652552K(1033728K), 0.0078341 secs]
182.085: Total time for which application threads were stopped: 0.0080136 seconds, Stopping threads took: 0.0000200 seconds
182.153: [GC (Allocation Failure)  972040K->660490K(1032704K), 0.0049511 secs]
182.158: Total time for which application threads were stopped: 0.0051188 seconds, Stopping threads took: 0.0000199 seconds
182.225: [GC (Allocation Failure)  978954K->660458K(1033216K), 0.0049444 secs]
182.230: Total time for which application threads were stopped: 0.0051220 seconds, Stopping threads took: 0.0000196 seconds
182.295: [GC (Allocation Failure)  978922K->660810K(1033216K), 0.0049074 secs]
182.300: Total time for which application threads were stopped: 0.0050932 seconds, Stopping threads took: 0.0000282 seconds
182.367: [GC (Allocation Failure)  979274K->668524K(1033216K), 0.0048542 secs]
182.372: Total time for which application threads were stopped: 0.0050494 seconds, Stopping threads took: 0.0000197 seconds
182.439: [GC (Allocation Failure)  986988K->668460K(1033216K), 0.0051192 secs]
182.444: Total time for which application threads were stopped: 0.0052782 seconds, Stopping threads took: 0.0000174 seconds
182.508: [GC (Allocation Failure)  986924K->669028K(1033216K), 0.0049837 secs]
182.513: Total time for which application threads were stopped: 0.0051256 seconds, Stopping threads took: 0.0000197 seconds
182.577: [GC (Allocation Failure)  987492K->676519K(1033216K), 0.0049710 secs]
182.582: Total time for which application threads were stopped: 0.0051415 seconds, Stopping threads took: 0.0000202 seconds
182.649: [GC (Allocation Failure)  994983K->676551K(1033216K), 0.0051958 secs]
182.654: Total time for which application threads were stopped: 0.0053575 seconds, Stopping threads took: 0.0000205 seconds
182.720: [GC (Allocation Failure)  995015K->677255K(1033216K), 0.0049936 secs]
182.725: Total time for which application threads were stopped: 0.0051686 seconds, Stopping threads took: 0.0000201 seconds
182.795: [GC (Allocation Failure)  995719K->684553K(1033216K), 0.0050020 secs]
182.800: Total time for which application threads were stopped: 0.0051989 seconds, Stopping threads took: 0.0000264 seconds
182.866: [GC (Allocation Failure)  1003017K->684553K(1033216K), 0.0051630 secs]
182.871: Total time for which application threads were stopped: 0.0053281 seconds, Stopping threads took: 0.0000204 seconds
182.938: [GC (Allocation Failure)  1003017K->685513K(1033216K), 0.0050973 secs]
182.943: [Full GC (Ergonomics)  685513K->9430K(1033216K), 0.0140016 secs]
182.957: Total time for which application threads were stopped: 0.0193524 seconds, Stopping threads took: 0.0000205 seconds
183.024: [GC (Allocation Failure)  327894K->17592K(1033216K), 0.0037821 secs]
183.028: Total time for which application threads were stopped: 0.0039343 seconds, Stopping threads took: 0.0000203 seconds
183.090: [GC (Allocation Failure)  336056K->17648K(1033216K), 0.0036512 secs]
183.094: Total time for which application threads were stopped: 0.0037955 seconds, Stopping threads took: 0.0000282 seconds
183.154: [GC (Allocation Failure)  336112K->17768K(1033216K), 0.0035968 secs]
183.158: Total time for which application threads were stopped: 0.0037364 seconds, Stopping threads took: 0.0000212 seconds
183.224: [GC (Allocation Failure)  336232K->25643K(1033216K), 0.0035692 secs]
183.227: Total time for which application threads were stopped: 0.0037114 seconds, Stopping threads took: 0.0000178 seconds
183.291: [GC (Allocation Failure)  344107K->25643K(1033216K), 0.0036404 secs]
183.295: Total time for which application threads were stopped: 0.0037611 seconds, Stopping threads took: 0.0000168 seconds
183.356: [GC (Allocation Failure)  344107K->25995K(1033216K), 0.0036676 secs]
183.360: Total time for which application threads were stopped: 0.0038075 seconds, Stopping threads took: 0.0000188 seconds
183.423: [GC (Allocation Failure)  344459K->33677K(1033216K), 0.0038370 secs]
183.427: Total time for which application threads were stopped: 0.0039728 seconds, Stopping threads took: 0.0000249 seconds
183.491: [GC (Allocation Failure)  352141K->33709K(1033216K), 0.0035389 secs]
183.495: Total time for which application threads were stopped: 0.0037026 seconds, Stopping threads took: 0.0000241 seconds
183.557: [GC (Allocation Failure)  352173K->34221K(1033216K), 0.0037994 secs]
183.561: Total time for which application threads were stopped: 0.0039590 seconds, Stopping threads took: 0.0000240 seconds
183.626: [GC (Allocation Failure)  352685K->41743K(1033216K), 0.0035647 secs]
183.630: Total time for which application threads were stopped: 0.0037102 seconds, Stopping threads took: 0.0000254 seconds
183.695: [GC (Allocation Failure)  360207K->41711K(1033216K), 0.0034022 secs]
183.699: Total time for which application threads were stopped: 0.0035381 seconds, Stopping threads took: 0.0000244 seconds
183.762: [GC (Allocation Failure)  360175K->41959K(1033216K), 0.0035649 secs]
183.765: Total time for which application threads were stopped: 0.0037007 seconds, Stopping threads took: 0.0000197 seconds
183.829: [GC (Allocation Failure)  360423K->49738K(1033216K), 0.0034955 secs]
183.832: Total time for which application threads were stopped: 0.0036364 seconds, Stopping threads took: 0.0000273 seconds
183.897: [GC (Allocation Failure)  368202K->49738K(1033216K), 0.0036732 secs]
183.900: Total time for which application threads were stopped: 0.0038152 seconds, Stopping threads took: 0.0000204 seconds
183.964: [GC (Allocation Failure)  368202K->49898K(1033216K), 0.0036924 secs]
183.967: Total time for which application threads were stopped: 0.0038468 seconds, Stopping threads took: 0.0000248 seconds
184.029: [GC (Allocation Failure)  368362K->57772K(1033216K), 0.0036645 secs]
184.033: Total time for which application threads were stopped: 0.0037987 seconds, Stopping threads took: 0.0000193 seconds
184.094: [GC (Allocation Failure)  376236K->53866K(1033728K), 0.0026578 secs]
184.097: Total time for which application threads were stopped: 0.0028035 seconds, Stopping threads took: 0.0000244 seconds
184.161: [GC (Allocation Failure)  372842K->57932K(1033216K), 0.0037251 secs]
184.165: Total time for which application threads were stopped: 0.0038820 seconds, Stopping threads took: 0.0000206 seconds
184.228: [GC (Allocation Failure)  376908K->61900K(1033728K), 0.0035285 secs]
184.231: Total time for which application threads were stopped: 0.0036711 seconds, Stopping threads took: 0.0000216 seconds
184.297: [GC (Allocation Failure)  382412K->69418K(1034240K), 0.0070039 secs]
184.304: Total time for which application threads were stopped: 0.0071745 seconds, Stopping threads took: 0.0000207 seconds
184.370: [GC (Allocation Failure)  389930K->63148K(1030144K), 0.0037622 secs]
184.373: Total time for which application threads were stopped: 0.0039372 seconds, Stopping threads took: 0.0000170 seconds
184.440: [GC (Allocation Failure)  379564K->63148K(1032192K), 0.0039163 secs]
184.444: Total time for which application threads were stopped: 0.0040827 seconds, Stopping threads took: 0.0000200 seconds
184.507: [GC (Allocation Failure)  379564K->60682K(1033216K), 0.0028584 secs]
184.510: Total time for which application threads were stopped: 0.0030179 seconds, Stopping threads took: 0.0000291 seconds
184.579: [GC (Allocation Failure)  378122K->63404K(1032192K), 0.0037314 secs]
184.583: Total time for which application threads were stopped: 0.0038871 seconds, Stopping threads took: 0.0000207 seconds
184.651: [GC (Allocation Failure)  380844K->63180K(1033728K), 0.0039213 secs]
184.655: Total time for which application threads were stopped: 0.0040891 seconds, Stopping threads took: 0.0000197 seconds
184.721: [GC (Allocation Failure)  382156K->63300K(1033216K), 0.0040622 secs]
184.725: Total time for which application threads were stopped: 0.0042229 seconds, Stopping threads took: 0.0000204 seconds
184.793: [GC (Allocation Failure)  382276K->71238K(1033728K), 0.0038703 secs]
184.797: Total time for which application threads were stopped: 0.0040330 seconds, Stopping threads took: 0.0000273 seconds
184.864: [GC (Allocation Failure)  390214K->71174K(1033216K), 0.0038561 secs]
184.868: Total time for which application threads were stopped: 0.0040350 seconds, Stopping threads took: 0.0000197 seconds
184.933: [GC (Allocation Failure)  390150K->73030K(1033728K), 0.0048552 secs]
184.938: Total time for which application threads were stopped: 0.0050235 seconds, Stopping threads took: 0.0000200 seconds
185.005: [GC (Allocation Failure)  392518K->79368K(1033728K), 0.0038234 secs]
185.009: Total time for which application threads were stopped: 0.0040006 seconds, Stopping threads took: 0.0000218 seconds
185.076: [GC (Allocation Failure)  398856K->79208K(1034240K), 0.0040663 secs]
185.080: Total time for which application threads were stopped: 0.0042377 seconds, Stopping threads took: 0.0000205 seconds
185.148: [GC (Allocation Failure)  399208K->80776K(1033728K), 0.0041657 secs]
185.153: Total time for which application threads were stopped: 0.0043350 seconds, Stopping threads took: 0.0000194 seconds
185.221: [GC (Allocation Failure)  400776K->87339K(1034240K), 0.0038047 secs]
185.225: Total time for which application threads were stopped: 0.0039768 seconds, Stopping threads took: 0.0000206 seconds
185.292: [GC (Allocation Failure)  407339K->87275K(1033728K), 0.0040247 secs]
185.297: Total time for which application threads were stopped: 0.0042022 seconds, Stopping threads took: 0.0000280 seconds
185.365: [GC (Allocation Failure)  407275K->89515K(1034240K), 0.0041837 secs]
185.369: Total time for which application threads were stopped: 0.0043571 seconds, Stopping threads took: 0.0000199 seconds
185.437: [GC (Allocation Failure)  410027K->95309K(1034240K), 0.0039012 secs]
185.441: Total time for which application threads were stopped: 0.0040708 seconds, Stopping threads took: 0.0000196 seconds
185.510: [GC (Allocation Failure)  415821K->95277K(1034240K), 0.0038828 secs]
185.514: Total time for which application threads were stopped: 0.0040451 seconds, Stopping threads took: 0.0000196 seconds
185.581: [GC (Allocation Failure)  415789K->95725K(1034240K), 0.0040547 secs]
185.585: Total time for which application threads were stopped: 0.0042560 seconds, Stopping threads took: 0.0000308 seconds
185.654: [GC (Allocation Failure)  416237K->103311K(1034240K), 0.0039083 secs]
185.658: Total time for which application threads were stopped: 0.0040847 seconds, Stopping threads took: 0.0000213 seconds
185.728: [GC (Allocation Failure)  423823K->103343K(1034240K), 0.0038802 secs]
185.732: Total time for which application threads were stopped: 0.0040382 seconds, Stopping threads took: 0.0000175 seconds
185.800: [GC (Allocation Failure)  423855K->105991K(1034240K), 0.0043937 secs]
185.804: Total time for which application threads were stopped: 0.0045809 seconds, Stopping threads took: 0.0000264 seconds
185.872: [GC (Allocation Failure)  426503K->111369K(1034240K), 0.0039636 secs]
185.876: Total time for which application threads were stopped: 0.0041269 seconds, Stopping threads took: 0.0000220 seconds
185.944: [GC (Allocation Failure)  431881K->111369K(1034240K), 0.0037813 secs]
185.948: Total time for which application threads were stopped: 0.0039557 seconds, Stopping threads took: 0.0000202 seconds
186.017: [GC (Allocation Failure)  431881K->112169K(1034240K), 0.0039699 secs]
186.021: Total time for which application threads were stopped: 0.0041301 seconds, Stopping threads took: 0.0000194 seconds
186.088: [GC (Allocation Failure)  432681K->119436K(1034240K), 0.0037980 secs]
186.092: Total time for which application threads were stopped: 0.0039684 seconds, Stopping threads took: 0.0000192 seconds
186.161: [GC (Allocation Failure)  439948K->119372K(1034240K), 0.0040712 secs]
186.166: Total time for which application threads were stopped: 0.0042295 seconds, Stopping threads took: 0.0000174 seconds
186.232: [GC (Allocation Failure)  439884K->122444K(1034752K), 0.0045812 secs]
186.237: Total time for which application threads were stopped: 0.0047748 seconds, Stopping threads took: 0.0000203 seconds
186.305: [GC (Allocation Failure)  443468K->127438K(1034240K), 0.0040132 secs]
186.310: Total time for which application threads were stopped: 0.0042010 seconds, Stopping threads took: 0.0000275 seconds
186.376: [GC (Allocation Failure)  448462K->127438K(1034752K), 0.0039956 secs]
186.380: Total time for which application threads were stopped: 0.0041724 seconds, Stopping threads took: 0.0000204 seconds
186.449: [GC (Allocation Failure)  448462K->130158K(1034240K), 0.0045651 secs]
186.454: Total time for which application threads were stopped: 0.0047208 seconds, Stopping threads took: 0.0000171 seconds
186.520: [GC (Allocation Failure)  451182K->135440K(1034752K), 0.0038895 secs]
186.524: Total time for which application threads were stopped: 0.0040507 seconds, Stopping threads took: 0.0000206 seconds
186.594: [GC (Allocation Failure)  456976K->135408K(1034752K), 0.0041082 secs]
186.598: Total time for which application threads were stopped: 0.0042841 seconds, Stopping threads took: 0.0000193 seconds
186.663: [GC (Allocation Failure)  456944K->138920K(1034752K), 0.0046123 secs]
186.668: Total time for which application threads were stopped: 0.0047850 seconds, Stopping threads took: 0.0000224 seconds
186.735: [GC (Allocation Failure)  460456K->143466K(1034752K), 0.0040032 secs]
186.739: Total time for which application threads were stopped: 0.0041729 seconds, Stopping threads took: 0.0000198 seconds
186.806: [GC (Allocation Failure)  465002K->143498K(1034752K), 0.0039348 secs]
186.810: Total time for which application threads were stopped: 0.0041098 seconds, Stopping threads took: 0.0000280 seconds
186.875: [GC (Allocation Failure)  465034K->144074K(1034752K), 0.0040043 secs]
186.879: Total time for which application threads were stopped: 0.0041819 seconds, Stopping threads took: 0.0000196 seconds
186.947: [GC (Allocation Failure)  465610K->151501K(1034752K), 0.0040594 secs]
186.951: Total time for which application threads were stopped: 0.0042189 seconds, Stopping threads took: 0.0000197 seconds
187.020: [GC (Allocation Failure)  473037K->151533K(1034752K), 0.0038406 secs]
187.024: Total time for which application threads were stopped: 0.0040053 seconds, Stopping threads took: 0.0000210 seconds
187.090: [GC (Allocation Failure)  473069K->153357K(1034752K), 0.0042037 secs]
187.094: Total time for which application threads were stopped: 0.0043753 seconds, Stopping threads took: 0.0000200 seconds
187.163: [GC (Allocation Failure)  474893K->159599K(1034752K), 0.0038786 secs]
187.167: Total time for which application threads were stopped: 0.0040550 seconds, Stopping threads took: 0.0000218 seconds
187.234: [GC (Allocation Failure)  481135K->159567K(1034752K), 0.0040273 secs]
187.238: Total time for which application threads were stopped: 0.0042016 seconds, Stopping threads took: 0.0000202 seconds
187.306: [GC (Allocation Failure)  481103K->162599K(1034752K), 0.0048150 secs]
187.311: Total time for which application threads were stopped: 0.0050037 seconds, Stopping threads took: 0.0000257 seconds
187.381: [GC (Allocation Failure)  484135K->167625K(1034752K), 0.0040256 secs]
187.385: Total time for which application threads were stopped: 0.0041983 seconds, Stopping threads took: 0.0000211 seconds
187.452: [GC (Allocation Failure)  489161K->167561K(1034752K), 0.0039045 secs]
187.456: Total time for which application threads were stopped: 0.0041006 seconds, Stopping threads took: 0.0000203 seconds
187.523: [GC (Allocation Failure)  489097K->167713K(1033728K), 0.0039902 secs]
187.527: Total time for which application threads were stopped: 0.0041483 seconds, Stopping threads took: 0.0000171 seconds
187.594: [GC (Allocation Failure)  488225K->175620K(1034240K), 0.0040494 secs]
187.599: Total time for which application threads were stopped: 0.0042191 seconds, Stopping threads took: 0.0000198 seconds
187.668: [GC (Allocation Failure)  496132K->175588K(1034240K), 0.0047637 secs]
187.673: Total time for which application threads were stopped: 0.0049247 seconds, Stopping threads took: 0.0000246 seconds
187.740: [GC (Allocation Failure)  496100K->178060K(1034240K), 0.0043963 secs]
187.745: Total time for which application threads were stopped: 0.0045934 seconds, Stopping threads took: 0.0000199 seconds
187.815: [GC (Allocation Failure)  498572K->183694K(1034752K), 0.0038260 secs]
187.819: Total time for which application threads were stopped: 0.0039868 seconds, Stopping threads took: 0.0000256 seconds
187.886: [GC (Allocation Failure)  505230K->183630K(1034752K), 0.0040818 secs]
187.891: Total time for which application threads were stopped: 0.0042538 seconds, Stopping threads took: 0.0000254 seconds
187.956: [GC (Allocation Failure)  505166K->186246K(1034752K), 0.0044887 secs]
187.960: Total time for which application threads were stopped: 0.0046647 seconds, Stopping threads took: 0.0000198 seconds
188.028: [GC (Allocation Failure)  507782K->191784K(1034752K), 0.0042280 secs]
188.033: Total time for which application threads were stopped: 0.0043995 seconds, Stopping threads took: 0.0000203 seconds
188.100: [GC (Allocation Failure)  513320K->191656K(1034752K), 0.0042658 secs]
188.104: Total time for which application threads were stopped: 0.0044386 seconds, Stopping threads took: 0.0000203 seconds
188.169: [GC (Allocation Failure)  513192K->195560K(1034752K), 0.0049684 secs]
188.174: Total time for which application threads were stopped: 0.0051322 seconds, Stopping threads took: 0.0000206 seconds
188.242: [GC (Allocation Failure)  517096K->199754K(1034752K), 0.0042808 secs]
188.247: Total time for which application threads were stopped: 0.0044514 seconds, Stopping threads took: 0.0000208 seconds
188.313: [GC (Allocation Failure)  521290K->199690K(1034752K), 0.0041294 secs]
188.318: Total time for which application threads were stopped: 0.0042977 seconds, Stopping threads took: 0.0000264 seconds
188.383: [GC (Allocation Failure)  521226K->200682K(1034752K), 0.0043338 secs]
188.387: Total time for which application threads were stopped: 0.0045105 seconds, Stopping threads took: 0.0000221 seconds
188.453: [GC (Allocation Failure)  522218K->207757K(1034752K), 0.0040310 secs]
188.458: Total time for which application threads were stopped: 0.0042275 seconds, Stopping threads took: 0.0000210 seconds
188.525: [GC (Allocation Failure)  529293K->207725K(1034752K), 0.0039830 secs]
188.529: Total time for which application threads were stopped: 0.0041423 seconds, Stopping threads took: 0.0000168 seconds
188.595: [GC (Allocation Failure)  529261K->209957K(1034752K), 0.0046168 secs]
188.600: Total time for which application threads were stopped: 0.0047874 seconds, Stopping threads took: 0.0000193 seconds
188.667: [GC (Allocation Failure)  531493K->215751K(1034752K), 0.0051492 secs]
188.673: Total time for which application threads were stopped: 0.0053178 seconds, Stopping threads took: 0.0000263 seconds
188.741: [GC (Allocation Failure)  537287K->215751K(1034752K), 0.0042072 secs]
188.745: Total time for which application threads were stopped: 0.0043658 seconds, Stopping threads took: 0.0000190 seconds
188.811: [GC (Allocation Failure)  537287K->219207K(1035264K), 0.0051162 secs]
188.816: Total time for which application threads were stopped: 0.0052842 seconds, Stopping threads took: 0.0000257 seconds
188.884: [GC (Allocation Failure)  541255K->223817K(1034752K), 0.0038935 secs]
188.888: Total time for which application threads were stopped: 0.0040592 seconds, Stopping threads took: 0.0000209 seconds
188.957: [GC (Allocation Failure)  545865K->223785K(1035264K), 0.0040573 secs]
188.961: Total time for which application threads were stopped: 0.0042176 seconds, Stopping threads took: 0.0000192 seconds
189.029: [GC (Allocation Failure)  545833K->225897K(1034752K), 0.0043509 secs]
189.033: Total time for which application threads were stopped: 0.0045193 seconds, Stopping threads took: 0.0000194 seconds
189.101: [GC (Allocation Failure)  547945K->231915K(1034752K), 0.0064585 secs]
189.108: Total time for which application threads were stopped: 0.0066234 seconds, Stopping threads took: 0.0000204 seconds
189.177: [GC (Allocation Failure)  553451K->231851K(1034752K), 0.0042561 secs]
189.182: Total time for which application threads were stopped: 0.0044328 seconds, Stopping threads took: 0.0000202 seconds
189.247: [GC (Allocation Failure)  553387K->235651K(1035264K), 0.0052247 secs]
189.253: Total time for which application threads were stopped: 0.0053961 seconds, Stopping threads took: 0.0000211 seconds
189.321: [GC (Allocation Failure)  557699K->239910K(1034752K), 0.0057757 secs]
189.326: Total time for which application threads were stopped: 0.0059421 seconds, Stopping threads took: 0.0000205 seconds
189.395: [GC (Allocation Failure)  561958K->239814K(1035264K), 0.0042069 secs]
189.400: Total time for which application threads were stopped: 0.0043982 seconds, Stopping threads took: 0.0000196 seconds
189.469: [GC (Allocation Failure)  562374K->242854K(1035264K), 0.0048441 secs]
189.473: Total time for which application threads were stopped: 0.0050133 seconds, Stopping threads took: 0.0000201 seconds
189.541: [GC (Allocation Failure)  565414K->247912K(1035264K), 0.0041419 secs]
189.546: Total time for which application threads were stopped: 0.0043360 seconds, Stopping threads took: 0.0000203 seconds
189.615: [GC (Allocation Failure)  570472K->247848K(1035264K), 0.0040910 secs]
189.619: Total time for which application threads were stopped: 0.0042477 seconds, Stopping threads took: 0.0000189 seconds
189.686: [GC (Allocation Failure)  570408K->251104K(1035264K), 0.0061551 secs]
189.693: Total time for which application threads were stopped: 0.0063952 seconds, Stopping threads took: 0.0000446 seconds
189.763: [GC (Allocation Failure)  573664K->255906K(1035264K), 0.0041332 secs]
189.767: Total time for which application threads were stopped: 0.0043012 seconds, Stopping threads took: 0.0000266 seconds
189.836: [GC (Allocation Failure)  578466K->255906K(1035264K), 0.0040467 secs]
189.840: Total time for which application threads were stopped: 0.0042428 seconds, Stopping threads took: 0.0000201 seconds
189.908: [GC (Allocation Failure)  578466K->259338K(1035264K), 0.0049720 secs]
189.913: Total time for which application threads were stopped: 0.0051222 seconds, Stopping threads took: 0.0000175 seconds
189.982: [GC (Allocation Failure)  581898K->264076K(1034752K), 0.0042578 secs]
189.986: Total time for which application threads were stopped: 0.0044546 seconds, Stopping threads took: 0.0000199 seconds
190.056: [GC (Allocation Failure)  586636K->263980K(1035264K), 0.0039658 secs]
190.060: Total time for which application threads were stopped: 0.0041338 seconds, Stopping threads took: 0.0000206 seconds
190.128: [GC (Allocation Failure)  586540K->259562K(1035776K), 0.0025088 secs]
190.130: Total time for which application threads were stopped: 0.0026994 seconds, Stopping threads took: 0.0000208 seconds
190.200: [GC (Allocation Failure)  582634K->264044K(1035264K), 0.0041648 secs]
190.205: Total time for which application threads were stopped: 0.0043237 seconds, Stopping threads took: 0.0000199 seconds
190.271: [GC (Allocation Failure)  587116K->263980K(1035776K), 0.0040364 secs]
190.275: Total time for which application threads were stopped: 0.0042033 seconds, Stopping threads took: 0.0000259 seconds
190.343: [GC (Allocation Failure)  587564K->265898K(1033216K), 0.0049843 secs]
190.348: Total time for which application threads were stopped: 0.0051613 seconds, Stopping threads took: 0.0000265 seconds
190.416: [GC (Allocation Failure)  589482K->263980K(1035264K), 0.0063971 secs]
190.422: Total time for which application threads were stopped: 0.0065761 seconds, Stopping threads took: 0.0000204 seconds
190.492: [GC (Allocation Failure)  586028K->263980K(1034752K), 0.0040748 secs]
190.496: Total time for which application threads were stopped: 0.0042440 seconds, Stopping threads took: 0.0000197 seconds
190.563: [GC (Allocation Failure)  586028K->270154K(1031168K), 0.0069575 secs]
190.570: Total time for which application threads were stopped: 0.0071134 seconds, Stopping threads took: 0.0000193 seconds
190.638: [GC (Allocation Failure)  588618K->265164K(1033216K), 0.0040649 secs]
190.642: Total time for which application threads were stopped: 0.0042289 seconds, Stopping threads took: 0.0000195 seconds
190.709: [GC (Allocation Failure)  583628K->264908K(1034752K), 0.0056620 secs]
190.715: Total time for which application threads were stopped: 0.0058224 seconds, Stopping threads took: 0.0000200 seconds
190.782: [GC (Allocation Failure)  585420K->265194K(1033728K), 0.0043443 secs]
190.787: Total time for which application threads were stopped: 0.0045080 seconds, Stopping threads took: 0.0000255 seconds
190.854: [GC (Allocation Failure)  585706K->265068K(1035264K), 0.0042649 secs]
190.859: Total time for which application threads were stopped: 0.0044345 seconds, Stopping threads took: 0.0000201 seconds
190.927: [GC (Allocation Failure)  587116K->264908K(1034752K), 0.0047470 secs]
190.932: Total time for which application threads were stopped: 0.0049154 seconds, Stopping threads took: 0.0000200 seconds
190.999: [GC (Allocation Failure)  586956K->266442K(1035776K), 0.0047283 secs]
191.004: Total time for which application threads were stopped: 0.0048978 seconds, Stopping threads took: 0.0000196 seconds
191.072: [GC (Allocation Failure)  590026K->265036K(1035776K), 0.0044229 secs]
191.076: Total time for which application threads were stopped: 0.0046024 seconds, Stopping threads took: 0.0000190 seconds
191.145: [GC (Allocation Failure)  588620K->264876K(1036800K), 0.0047902 secs]
191.149: Total time for which application threads were stopped: 0.0050614 seconds, Stopping threads took: 0.0000199 seconds
191.215: [GC (Allocation Failure)  589996K->258922K(1027072K), 0.0018013 secs]
191.217: Total time for which application threads were stopped: 0.0019467 seconds, Stopping threads took: 0.0000191 seconds
191.286: [GC (Allocation Failure)  584042K->265044K(1036288K), 0.0041210 secs]
191.290: Total time for which application threads were stopped: 0.0042991 seconds, Stopping threads took: 0.0000276 seconds
191.360: [GC (Allocation Failure)  589140K->269012K(1035776K), 0.0047473 secs]
191.365: Total time for which application threads were stopped: 0.0049142 seconds, Stopping threads took: 0.0000194 seconds
191.433: [GC (Allocation Failure)  593108K->269044K(1036800K), 0.0040084 secs]
191.437: Total time for which application threads were stopped: 0.0041750 seconds, Stopping threads took: 0.0000198 seconds
191.504: [GC (Allocation Failure)  594164K->269116K(1025024K), 0.0064570 secs]
191.510: Total time for which application threads were stopped: 0.0066271 seconds, Stopping threads took: 0.0000194 seconds
191.579: [GC (Allocation Failure)  594236K->277087K(1035776K), 0.0043753 secs]
191.583: Total time for which application threads were stopped: 0.0045323 seconds, Stopping threads took: 0.0000195 seconds
191.652: [GC (Allocation Failure)  600671K->277119K(1035776K), 0.0041161 secs]
191.656: Total time for which application threads were stopped: 0.0043267 seconds, Stopping threads took: 0.0000201 seconds
191.725: [GC (Allocation Failure)  600703K->277607K(1034752K), 0.0042925 secs]
191.730: Total time for which application threads were stopped: 0.0044538 seconds, Stopping threads took: 0.0000203 seconds
191.797: [GC (Allocation Failure)  600167K->285161K(1035264K), 0.0039802 secs]
191.802: Total time for which application threads were stopped: 0.0041761 seconds, Stopping threads took: 0.0000198 seconds
191.871: [GC (Allocation Failure)  607721K->285129K(1035264K), 0.0041270 secs]
191.876: Total time for which application threads were stopped: 0.0042963 seconds, Stopping threads took: 0.0000198 seconds
191.943: [GC (Allocation Failure)  607689K->285353K(1035264K), 0.0043544 secs]
191.948: Total time for which application threads were stopped: 0.0045441 seconds, Stopping threads took: 0.0000209 seconds
192.016: [GC (Allocation Failure)  607913K->293163K(1034240K), 0.0042977 secs]
192.020: Total time for which application threads were stopped: 0.0044692 seconds, Stopping threads took: 0.0000204 seconds
192.089: [GC (Allocation Failure)  614699K->293163K(1034752K), 0.0043000 secs]
192.094: Total time for which application threads were stopped: 0.0044707 seconds, Stopping threads took: 0.0000208 seconds
192.159: [GC (Allocation Failure)  614699K->293187K(1034240K), 0.0043615 secs]
192.163: Total time for which application threads were stopped: 0.0045251 seconds, Stopping threads took: 0.0000207 seconds
192.231: [GC (Allocation Failure)  614723K->301190K(1034752K), 0.0044004 secs]
192.235: Total time for which application threads were stopped: 0.0045925 seconds, Stopping threads took: 0.0000206 seconds
192.304: [GC (Allocation Failure)  622726K->301190K(1034752K), 0.0044523 secs]
192.309: Total time for which application threads were stopped: 0.0046262 seconds, Stopping threads took: 0.0000263 seconds
192.374: [GC (Allocation Failure)  622726K->301326K(1021440K), 0.0044310 secs]
192.379: Total time for which application threads were stopped: 0.0046248 seconds, Stopping threads took: 0.0000202 seconds
192.448: [GC (Allocation Failure)  622862K->309232K(1034240K), 0.0043928 secs]
192.453: Total time for which application threads were stopped: 0.0045809 seconds, Stopping threads took: 0.0000254 seconds
192.522: [GC (Allocation Failure)  629744K->309232K(1034240K), 0.0042705 secs]
192.526: Total time for which application threads were stopped: 0.0044174 seconds, Stopping threads took: 0.0000196 seconds
192.596: [GC (Allocation Failure)  629744K->309544K(1034240K), 0.0043431 secs]
192.600: Total time for which application threads were stopped: 0.0045155 seconds, Stopping threads took: 0.0000202 seconds
192.668: [GC (Allocation Failure)  630056K->317258K(1034240K), 0.0049456 secs]
192.673: Total time for which application threads were stopped: 0.0051081 seconds, Stopping threads took: 0.0000241 seconds
192.742: [GC (Allocation Failure)  637770K->317226K(1034240K), 0.0041208 secs]
192.746: Total time for which application threads were stopped: 0.0043077 seconds, Stopping threads took: 0.0000202 seconds
192.814: [GC (Allocation Failure)  637738K->317802K(1020928K), 0.0043927 secs]
192.819: Total time for which application threads were stopped: 0.0045881 seconds, Stopping threads took: 0.0000425 seconds
192.887: [GC (Allocation Failure)  638314K->325292K(1033728K), 0.0043657 secs]
192.891: Total time for which application threads were stopped: 0.0045281 seconds, Stopping threads took: 0.0000194 seconds
192.960: [GC (Allocation Failure)  644780K->325260K(1033728K), 0.0043253 secs]
192.965: Total time for which application threads were stopped: 0.0044873 seconds, Stopping threads took: 0.0000205 seconds
193.031: [GC (Allocation Failure)  644748K->325516K(1033728K), 0.0042970 secs]
193.036: Total time for which application threads were stopped: 0.0044682 seconds, Stopping threads took: 0.0000198 seconds
193.104: [GC (Allocation Failure)  645004K->333327K(1033728K), 0.0044747 secs]
193.109: Total time for which application threads were stopped: 0.0046446 seconds, Stopping threads took: 0.0000199 seconds
193.177: [GC (Allocation Failure)  652815K->333327K(1033728K), 0.0042602 secs]
193.181: Total time for which application threads were stopped: 0.0044268 seconds, Stopping threads took: 0.0000218 seconds
193.247: [GC (Allocation Failure)  652815K->333479K(1033728K), 0.0043675 secs]
193.251: Total time for which application threads were stopped: 0.0045324 seconds, Stopping threads took: 0.0000187 seconds
193.321: [GC (Allocation Failure)  652967K->341353K(1033728K), 0.0043288 secs]
193.325: Total time for which application threads were stopped: 0.0045084 seconds, Stopping threads took: 0.0000279 seconds
193.392: [GC (Allocation Failure)  660841K->341353K(1033728K), 0.0042417 secs]
193.396: Total time for which application threads were stopped: 0.0044012 seconds, Stopping threads took: 0.0000198 seconds
193.462: [GC (Allocation Failure)  660841K->341449K(1032704K), 0.0044042 secs]
193.467: Total time for which application threads were stopped: 0.0045708 seconds, Stopping threads took: 0.0000201 seconds
193.534: [GC (Allocation Failure)  659913K->349355K(1033216K), 0.0043659 secs]
193.538: Total time for which application threads were stopped: 0.0045250 seconds, Stopping threads took: 0.0000189 seconds
193.605: [GC (Allocation Failure)  667819K->349387K(1033216K), 0.0067564 secs]
193.612: Total time for which application threads were stopped: 0.0069258 seconds, Stopping threads took: 0.0000202 seconds
193.679: [GC (Allocation Failure)  667851K->349411K(1033216K), 0.0049760 secs]
193.684: Total time for which application threads were stopped: 0.0051265 seconds, Stopping threads took: 0.0000260 seconds
193.751: [GC (Allocation Failure)  667875K->357413K(1033216K), 0.0042260 secs]
193.756: Total time for which application threads were stopped: 0.0043901 seconds, Stopping threads took: 0.0000210 seconds
193.821: [GC (Allocation Failure)  675877K->352323K(1033216K), 0.0024627 secs]
193.823: Total time for which application threads were stopped: 0.0026295 seconds, Stopping threads took: 0.0000281 seconds
193.890: [GC (Allocation Failure)  670787K->357645K(1034752K), 0.0046686 secs]
193.895: Total time for which application threads were stopped: 0.0048395 seconds, Stopping threads took: 0.0000203 seconds
193.963: [GC (Allocation Failure)  678157K->361581K(1033728K), 0.0045420 secs]
193.968: Total time for which application threads were stopped: 0.0047035 seconds, Stopping threads took: 0.0000205 seconds
194.035: [GC (Allocation Failure)  682093K->368931K(1029120K), 0.0076162 secs]
194.043: Total time for which application threads were stopped: 0.0077836 seconds, Stopping threads took: 0.0000195 seconds
194.112: [GC (Allocation Failure)  684323K->362821K(1031680K), 0.0043786 secs]
194.116: Total time for which application threads were stopped: 0.0045493 seconds, Stopping threads took: 0.0000271 seconds
194.181: [GC (Allocation Failure)  678213K->362661K(1032704K), 0.0043744 secs]
194.186: Total time for which application threads were stopped: 0.0046029 seconds, Stopping threads took: 0.0000205 seconds
194.252: [GC (Allocation Failure)  679589K->366605K(1032192K), 0.0053221 secs]
194.258: Total time for which application threads were stopped: 0.0054785 seconds, Stopping threads took: 0.0000169 seconds
194.325: [GC (Allocation Failure)  683533K->370800K(1033216K), 0.0043923 secs]
194.329: Total time for which application threads were stopped: 0.0045626 seconds, Stopping threads took: 0.0000288 seconds
194.397: [GC (Allocation Failure)  688752K->370704K(1032704K), 0.0045701 secs]
194.402: Total time for which application threads were stopped: 0.0047402 seconds, Stopping threads took: 0.0000197 seconds
194.469: [GC (Allocation Failure)  688656K->372200K(1032704K), 0.0043647 secs]
194.474: Total time for which application threads were stopped: 0.0045441 seconds, Stopping threads took: 0.0000202 seconds
194.543: [GC (Allocation Failure)  690664K->378762K(1033216K), 0.0046431 secs]
194.548: Total time for which application threads were stopped: 0.0048132 seconds, Stopping threads took: 0.0000202 seconds
194.615: [GC (Allocation Failure)  697226K->378730K(1033728K), 0.0042682 secs]
194.620: Total time for which application threads were stopped: 0.0044384 seconds, Stopping threads took: 0.0000202 seconds
194.689: [GC (Allocation Failure)  698218K->381482K(1033728K), 0.0047814 secs]
194.694: Total time for which application threads were stopped: 0.0049276 seconds, Stopping threads took: 0.0000144 seconds
194.761: [GC (Allocation Failure)  700970K->386796K(1034240K), 0.0041050 secs]
194.765: Total time for which application threads were stopped: 0.0042717 seconds, Stopping threads took: 0.0000272 seconds
194.834: [GC (Allocation Failure)  706796K->386796K(1033728K), 0.0043708 secs]
194.838: Total time for which application threads were stopped: 0.0045335 seconds, Stopping threads took: 0.0000260 seconds
194.903: [GC (Allocation Failure)  706796K->389636K(1034240K), 0.0050783 secs]
194.908: Total time for which application threads were stopped: 0.0052438 seconds, Stopping threads took: 0.0000196 seconds
194.975: [GC (Allocation Failure)  710148K->394918K(1034240K), 0.0044746 secs]
194.980: Total time for which application threads were stopped: 0.0046365 seconds, Stopping threads took: 0.0000200 seconds
195.046: [GC (Allocation Failure)  715430K->394790K(1034752K), 0.0045838 secs]
195.051: Total time for which application threads were stopped: 0.0047408 seconds, Stopping threads took: 0.0000188 seconds
195.118: [GC (Allocation Failure)  715814K->396294K(1034240K), 0.0046143 secs]
195.123: Total time for which application threads were stopped: 0.0047820 seconds, Stopping threads took: 0.0000194 seconds
195.191: [GC (Allocation Failure)  717318K->402857K(1034240K), 0.0046500 secs]
195.195: Total time for which application threads were stopped: 0.0048093 seconds, Stopping threads took: 0.0000203 seconds
195.262: [GC (Allocation Failure)  723369K->402793K(1034240K), 0.0072185 secs]
195.269: Total time for which application threads were stopped: 0.0073992 seconds, Stopping threads took: 0.0000264 seconds
195.337: [GC (Allocation Failure)  723305K->403049K(1033728K), 0.0046112 secs]
195.342: Total time for which application threads were stopped: 0.0047734 seconds, Stopping threads took: 0.0000198 seconds
195.408: [GC (Allocation Failure)  723561K->410859K(1034240K), 0.0046241 secs]
195.412: Total time for which application threads were stopped: 0.0047957 seconds, Stopping threads took: 0.0000204 seconds
195.482: [GC (Allocation Failure)  731371K->410891K(1034240K), 0.0046240 secs]
195.486: Total time for which application threads were stopped: 0.0047946 seconds, Stopping threads took: 0.0000203 seconds
195.554: [GC (Allocation Failure)  731403K->413291K(1034240K), 0.0047552 secs]
195.558: Total time for which application threads were stopped: 0.0049388 seconds, Stopping threads took: 0.0000211 seconds
195.627: [GC (Allocation Failure)  733803K->418957K(1034240K), 0.0042513 secs]
195.631: Total time for which application threads were stopped: 0.0044449 seconds, Stopping threads took: 0.0000211 seconds
195.701: [GC (Allocation Failure)  739469K->418893K(1034240K), 0.0044287 secs]
195.706: Total time for which application threads were stopped: 0.0045856 seconds, Stopping threads took: 0.0000166 seconds
195.773: [GC (Allocation Failure)  739405K->419493K(1034240K), 0.0046688 secs]
195.778: Total time for which application threads were stopped: 0.0048613 seconds, Stopping threads took: 0.0000306 seconds
195.846: [GC (Allocation Failure)  740005K->427047K(1034240K), 0.0043865 secs]
195.851: Total time for which application threads were stopped: 0.0045629 seconds, Stopping threads took: 0.0000213 seconds
195.919: [GC (Allocation Failure)  747559K->426919K(1034240K), 0.0046776 secs]
195.924: Total time for which application threads were stopped: 0.0048430 seconds, Stopping threads took: 0.0000207 seconds
195.991: [GC (Allocation Failure)  747431K->429767K(1034240K), 0.0050496 secs]
195.996: Total time for which application threads were stopped: 0.0052113 seconds, Stopping threads took: 0.0000209 seconds
196.065: [GC (Allocation Failure)  750279K->435050K(1034240K), 0.0043243 secs]
196.069: Total time for which application threads were stopped: 0.0044992 seconds, Stopping threads took: 0.0000221 seconds
196.137: [GC (Allocation Failure)  755562K->434954K(1034240K), 0.0045985 secs]
196.142: Total time for which application threads were stopped: 0.0047798 seconds, Stopping threads took: 0.0000205 seconds
196.209: [GC (Allocation Failure)  755466K->435946K(1034240K), 0.0046275 secs]
196.214: Total time for which application threads were stopped: 0.0048261 seconds, Stopping threads took: 0.0000207 seconds
196.283: [GC (Allocation Failure)  756458K->442988K(1034240K), 0.0044901 secs]
196.288: Total time for which application threads were stopped: 0.0046649 seconds, Stopping threads took: 0.0000267 seconds
196.355: [GC (Allocation Failure)  763500K->442988K(1034240K), 0.0046329 secs]
196.360: Total time for which application threads were stopped: 0.0048110 seconds, Stopping threads took: 0.0000199 seconds
196.427: [GC (Allocation Failure)  763500K->443180K(1034240K), 0.0044320 secs]
196.431: Total time for which application threads were stopped: 0.0045915 seconds, Stopping threads took: 0.0000203 seconds
196.499: [GC (Allocation Failure)  763692K->451054K(1034240K), 0.0063871 secs]
196.506: Total time for which application threads were stopped: 0.0065447 seconds, Stopping threads took: 0.0000199 seconds
196.574: [GC (Allocation Failure)  771566K->451054K(1034240K), 0.0047217 secs]
196.578: Total time for which application threads were stopped: 0.0048918 seconds, Stopping threads took: 0.0000196 seconds
196.645: [GC (Allocation Failure)  771566K->452430K(1034240K), 0.0046640 secs]
196.650: Total time for which application threads were stopped: 0.0048539 seconds, Stopping threads took: 0.0000205 seconds
196.721: [GC (Allocation Failure)  772942K->459121K(1034240K), 0.0046496 secs]
196.726: Total time for which application threads were stopped: 0.0047987 seconds, Stopping threads took: 0.0000176 seconds
196.794: [GC (Allocation Failure)  779633K->459057K(1034240K), 0.0043108 secs]
196.798: Total time for which application threads were stopped: 0.0044873 seconds, Stopping threads took: 0.0000272 seconds
196.865: [GC (Allocation Failure)  779569K->459113K(1020416K), 0.0045588 secs]
196.870: Total time for which application threads were stopped: 0.0047410 seconds, Stopping threads took: 0.0000210 seconds
196.940: [GC (Allocation Failure)  779625K->467147K(1033728K), 0.0046178 secs]
196.944: Total time for which application threads were stopped: 0.0047898 seconds, Stopping threads took: 0.0000200 seconds
197.012: [GC (Allocation Failure)  786635K->467051K(1033728K), 0.0045907 secs]
197.016: Total time for which application threads were stopped: 0.0047833 seconds, Stopping threads took: 0.0000203 seconds
197.083: [GC (Allocation Failure)  786539K->467339K(1033728K), 0.0045667 secs]
197.088: Total time for which application threads were stopped: 0.0047635 seconds, Stopping threads took: 0.0000206 seconds
197.157: [GC (Allocation Failure)  786827K->475149K(1033728K), 0.0046496 secs]
197.162: Total time for which application threads were stopped: 0.0048364 seconds, Stopping threads took: 0.0000202 seconds
197.231: [GC (Allocation Failure)  794637K->475117K(1033728K), 0.0045079 secs]
197.236: Total time for which application threads were stopped: 0.0046883 seconds, Stopping threads took: 0.0000206 seconds
197.301: [GC (Allocation Failure)  794605K->476069K(1033728K), 0.0064911 secs]
197.307: Total time for which application threads were stopped: 0.0066631 seconds, Stopping threads took: 0.0000265 seconds
197.376: [GC (Allocation Failure)  795557K->483207K(1033728K), 0.0045453 secs]
197.381: Total time for which application threads were stopped: 0.0047080 seconds, Stopping threads took: 0.0000201 seconds
197.448: [GC (Allocation Failure)  802695K->483175K(1033728K), 0.0046137 secs]
197.453: Total time for which application threads were stopped: 0.0047812 seconds, Stopping threads took: 0.0000198 seconds
197.519: [GC (Allocation Failure)  802663K->483303K(1033728K), 0.0046676 secs]
197.523: Total time for which application threads were stopped: 0.0048288 seconds, Stopping threads took: 0.0000205 seconds
197.589: [GC (Allocation Failure)  802791K->491242K(1027072K), 0.0047339 secs]
197.594: Total time for which application threads were stopped: 0.0048978 seconds, Stopping threads took: 0.0000202 seconds
197.662: [GC (Allocation Failure)  810730K->491146K(1033216K), 0.0090516 secs]
197.671: Total time for which application threads were stopped: 0.0092272 seconds, Stopping threads took: 0.0000200 seconds
197.739: [GC (Allocation Failure)  809610K->491530K(1033216K), 0.0046824 secs]
197.744: Total time for which application threads were stopped: 0.0048660 seconds, Stopping threads took: 0.0000204 seconds
197.812: [GC (Allocation Failure)  809994K->499276K(1033216K), 0.0045720 secs]
197.817: Total time for which application threads were stopped: 0.0047442 seconds, Stopping threads took: 0.0000268 seconds
197.883: [GC (Allocation Failure)  817740K->499180K(1033216K), 0.0047328 secs]
197.888: Total time for which application threads were stopped: 0.0048959 seconds, Stopping threads took: 0.0000201 seconds
197.953: [GC (Allocation Failure)  817644K->499780K(1033216K), 0.0049228 secs]
197.958: Total time for which application threads were stopped: 0.0050966 seconds, Stopping threads took: 0.0000209 seconds
198.025: [GC (Allocation Failure)  818244K->507302K(1033216K), 0.0046009 secs]
198.030: Total time for which application threads were stopped: 0.0047775 seconds, Stopping threads took: 0.0000200 seconds
198.096: [GC (Allocation Failure)  825766K->507238K(1033216K), 0.0048246 secs]
198.101: Total time for which application threads were stopped: 0.0049971 seconds, Stopping threads took: 0.0000199 seconds
198.167: [GC (Allocation Failure)  825702K->507974K(1033216K), 0.0047883 secs]
198.172: Total time for which application threads were stopped: 0.0049586 seconds, Stopping threads took: 0.0000199 seconds
198.239: [GC (Allocation Failure)  826438K->515272K(1033216K), 0.0044713 secs]
198.243: Total time for which application threads were stopped: 0.0046377 seconds, Stopping threads took: 0.0000209 seconds
198.311: [GC (Allocation Failure)  833736K->515272K(1033216K), 0.0063500 secs]
198.317: Total time for which application threads were stopped: 0.0065093 seconds, Stopping threads took: 0.0000200 seconds
198.382: [GC (Allocation Failure)  833736K->516232K(1033216K), 0.0048149 secs]
198.387: Total time for which application threads were stopped: 0.0049960 seconds, Stopping threads took: 0.0000201 seconds
198.456: [GC (Allocation Failure)  834696K->523339K(1033216K), 0.0046677 secs]
198.461: Total time for which application threads were stopped: 0.0048548 seconds, Stopping threads took: 0.0000205 seconds
198.527: [GC (Allocation Failure)  841803K->523307K(1033216K), 0.0046162 secs]
198.532: Total time for which application threads were stopped: 0.0047647 seconds, Stopping threads took: 0.0000172 seconds
198.600: [GC (Allocation Failure)  841771K->523459K(1033216K), 0.0049207 secs]
198.605: Total time for which application threads were stopped: 0.0051152 seconds, Stopping threads took: 0.0000196 seconds
198.674: [GC (Allocation Failure)  841923K->531333K(1033216K), 0.0046519 secs]
198.678: Total time for which application threads were stopped: 0.0048112 seconds, Stopping threads took: 0.0000282 seconds
198.744: [GC (Allocation Failure)  849797K->531365K(1033216K), 0.0048589 secs]
198.749: Total time for which application threads were stopped: 0.0050387 seconds, Stopping threads took: 0.0000280 seconds
198.814: [GC (Allocation Failure)  849829K->531661K(1033216K), 0.0045510 secs]
198.819: Total time for which application threads were stopped: 0.0047331 seconds, Stopping threads took: 0.0000286 seconds
198.889: [GC (Allocation Failure)  850125K->539407K(1033216K), 0.0047011 secs]
198.893: Total time for which application threads were stopped: 0.0048806 seconds, Stopping threads took: 0.0000205 seconds
198.959: [GC (Allocation Failure)  857871K->539343K(1033216K), 0.0048767 secs]
198.964: Total time for which application threads were stopped: 0.0050491 seconds, Stopping threads took: 0.0000201 seconds
199.029: [GC (Allocation Failure)  857807K->539911K(1033216K), 0.0047919 secs]
199.034: Total time for which application threads were stopped: 0.0049646 seconds, Stopping threads took: 0.0000203 seconds
199.102: [GC (Allocation Failure)  858375K->547433K(1033216K), 0.0047221 secs]
199.107: Total time for which application threads were stopped: 0.0048969 seconds, Stopping threads took: 0.0000199 seconds
199.174: [GC (Allocation Failure)  865897K->547401K(1033216K), 0.0045366 secs]
199.179: Total time for which application threads were stopped: 0.0047006 seconds, Stopping threads took: 0.0000212 seconds
199.243: [GC (Allocation Failure)  865865K->547625K(1033216K), 0.0047813 secs]
199.248: Total time for which application threads were stopped: 0.0049590 seconds, Stopping threads took: 0.0000219 seconds
199.317: [GC (Allocation Failure)  866089K->555436K(1033216K), 0.0048858 secs]
199.322: Total time for which application threads were stopped: 0.0050702 seconds, Stopping threads took: 0.0000279 seconds
199.388: [GC (Allocation Failure)  873900K->555404K(1033216K), 0.0046981 secs]
199.392: Total time for which application threads were stopped: 0.0048809 seconds, Stopping threads took: 0.0000208 seconds
199.460: [GC (Allocation Failure)  873868K->555596K(1033216K), 0.0046321 secs]
199.465: Total time for which application threads were stopped: 0.0048234 seconds, Stopping threads took: 0.0000194 seconds
199.532: [GC (Allocation Failure)  874060K->563470K(1033216K), 0.0048515 secs]
199.537: Total time for which application threads were stopped: 0.0050228 seconds, Stopping threads took: 0.0000196 seconds
199.602: [GC (Allocation Failure)  881934K->563470K(1033216K), 0.0047565 secs]
199.607: Total time for which application threads were stopped: 0.0049211 seconds, Stopping threads took: 0.0000201 seconds
199.671: [GC (Allocation Failure)  881934K->563566K(1033216K), 0.0056049 secs]
199.676: Total time for which application threads were stopped: 0.0057678 seconds, Stopping threads took: 0.0000253 seconds
199.744: [GC (Allocation Failure)  882030K->571536K(1033216K), 0.0047721 secs]
199.749: Total time for which application threads were stopped: 0.0049638 seconds, Stopping threads took: 0.0000213 seconds
199.817: [GC (Allocation Failure)  890000K->571504K(1033216K), 0.0047639 secs]
199.822: Total time for which application threads were stopped: 0.0049298 seconds, Stopping threads took: 0.0000254 seconds
199.887: [GC (Allocation Failure)  889968K->571560K(1033216K), 0.0047862 secs]
199.891: Total time for which application threads were stopped: 0.0049496 seconds, Stopping threads took: 0.0000205 seconds
199.958: [GC (Allocation Failure)  890024K->579531K(1033216K), 0.0047038 secs]
199.963: Total time for which application threads were stopped: 0.0048752 seconds, Stopping threads took: 0.0000349 seconds
200.031: [GC (Allocation Failure)  897995K->573416K(1033216K), 0.0025438 secs]
200.034: Total time for which application threads were stopped: 0.0026948 seconds, Stopping threads took: 0.0000197 seconds
200.099: [GC (Allocation Failure)  891880K->579779K(1033728K), 0.0048091 secs]
200.104: Total time for which application threads were stopped: 0.0049775 seconds, Stopping threads took: 0.0000197 seconds
200.172: [GC (Allocation Failure)  898755K->583747K(1033216K), 0.0053571 secs]
200.177: Total time for which application threads were stopped: 0.0055283 seconds, Stopping threads took: 0.0000202 seconds
200.244: [GC (Allocation Failure)  902723K->587040K(1031680K), 0.0061567 secs]
200.250: Total time for which application threads were stopped: 0.0063233 seconds, Stopping threads took: 0.0000210 seconds
200.317: [GC (Allocation Failure)  904480K->583875K(1032704K), 0.0045160 secs]
200.322: Total time for which application threads were stopped: 0.0047094 seconds, Stopping threads took: 0.0000194 seconds
200.392: [GC (Allocation Failure)  901315K->583683K(1033216K), 0.0048033 secs]
200.397: Total time for which application threads were stopped: 0.0049865 seconds, Stopping threads took: 0.0000172 seconds
200.463: [GC (Allocation Failure)  901635K->576480K(1032704K), 0.0020026 secs]
200.465: Total time for which application threads were stopped: 0.0021542 seconds, Stopping threads took: 0.0000197 seconds
200.533: [GC (Allocation Failure)  894432K->583811K(1033216K), 0.0050338 secs]
200.539: Total time for which application threads were stopped: 0.0052107 seconds, Stopping threads took: 0.0000204 seconds
200.605: [GC (Allocation Failure)  901763K->583715K(1032704K), 0.0047527 secs]
200.610: Total time for which application threads were stopped: 0.0049299 seconds, Stopping threads took: 0.0000223 seconds
200.678: [GC (Allocation Failure)  901667K->587235K(1033728K), 0.0078857 secs]
200.686: Total time for which application threads were stopped: 0.0080647 seconds, Stopping threads took: 0.0000281 seconds
200.754: [GC (Allocation Failure)  906211K->591781K(1033216K), 0.0048364 secs]
200.758: Total time for which application threads were stopped: 0.0050090 seconds, Stopping threads took: 0.0000199 seconds
200.827: [GC (Allocation Failure)  910757K->591717K(1033728K), 0.0049215 secs]
200.832: Total time for which application threads were stopped: 0.0051013 seconds, Stopping threads took: 0.0000267 seconds
200.898: [GC (Allocation Failure)  911205K->593477K(1033728K), 0.0061687 secs]
200.904: Total time for which application threads were stopped: 0.0063491 seconds, Stopping threads took: 0.0000202 seconds
200.971: [GC (Allocation Failure)  912965K->599719K(1033728K), 0.0055479 secs]
200.976: Total time for which application threads were stopped: 0.0057096 seconds, Stopping threads took: 0.0000203 seconds
201.043: [GC (Allocation Failure)  919207K->599751K(1033728K), 0.0058957 secs]
201.049: Total time for which application threads were stopped: 0.0060777 seconds, Stopping threads took: 0.0000220 seconds
201.117: [GC (Allocation Failure)  919239K->600679K(1033216K), 0.0047404 secs]
201.122: Total time for which application threads were stopped: 0.0049002 seconds, Stopping threads took: 0.0000201 seconds
201.190: [GC (Allocation Failure)  920167K->607785K(1033728K), 0.0048765 secs]
201.195: Total time for which application threads were stopped: 0.0050380 seconds, Stopping threads took: 0.0000193 seconds
201.262: [GC (Allocation Failure)  927273K->607785K(1034240K), 0.0049138 secs]
201.267: Total time for which application threads were stopped: 0.0050931 seconds, Stopping threads took: 0.0000189 seconds
201.332: [GC (Allocation Failure)  928297K->608905K(1034240K), 0.0050587 secs]
201.337: Total time for which application threads were stopped: 0.0052390 seconds, Stopping threads took: 0.0000202 seconds
201.407: [GC (Allocation Failure)  929417K->615820K(1034240K), 0.0047075 secs]
201.412: Total time for which application threads were stopped: 0.0048714 seconds, Stopping threads took: 0.0000207 seconds
201.481: [GC (Allocation Failure)  936332K->615820K(1034240K), 0.0049146 secs]
201.486: Total time for which application threads were stopped: 0.0050823 seconds, Stopping threads took: 0.0000199 seconds
201.553: [GC (Allocation Failure)  936332K->619212K(1034240K), 0.0055310 secs]
201.559: Total time for which application threads were stopped: 0.0057012 seconds, Stopping threads took: 0.0000196 seconds
201.628: [GC (Allocation Failure)  939724K->623950K(1034240K), 0.0050143 secs]
201.633: Total time for which application threads were stopped: 0.0052098 seconds, Stopping threads took: 0.0000209 seconds
201.703: [GC (Allocation Failure)  944462K->623854K(1034240K), 0.0048646 secs]
201.708: Total time for which application threads were stopped: 0.0050249 seconds, Stopping threads took: 0.0000200 seconds
201.775: [GC (Allocation Failure)  944366K->625382K(1034240K), 0.0049007 secs]
201.780: Total time for which application threads were stopped: 0.0050697 seconds, Stopping threads took: 0.0000284 seconds
201.849: [GC (Allocation Failure)  945894K->631944K(1034240K), 0.0046571 secs]
201.854: Total time for which application threads were stopped: 0.0048525 seconds, Stopping threads took: 0.0000260 seconds
201.923: [GC (Allocation Failure)  952456K->631912K(1034240K), 0.0051602 secs]
201.928: Total time for which application threads were stopped: 0.0053204 seconds, Stopping threads took: 0.0000199 seconds
201.995: [GC (Allocation Failure)  952424K->635656K(1034752K), 0.0057212 secs]
202.001: Total time for which application threads were stopped: 0.0058821 seconds, Stopping threads took: 0.0000198 seconds
202.068: [GC (Allocation Failure)  956680K->639914K(1034240K), 0.0046660 secs]
202.073: Total time for which application threads were stopped: 0.0048585 seconds, Stopping threads took: 0.0000197 seconds
202.140: [GC (Allocation Failure)  960938K->639914K(1034752K), 0.0051609 secs]
202.146: Total time for which application threads were stopped: 0.0053359 seconds, Stopping threads took: 0.0000212 seconds
202.213: [GC (Allocation Failure)  961450K->643914K(1034752K), 0.0056853 secs]
202.218: Total time for which application threads were stopped: 0.0058530 seconds, Stopping threads took: 0.0000196 seconds
202.287: [GC (Allocation Failure)  965450K->647981K(1035264K), 0.0049084 secs]
202.292: Total time for which application threads were stopped: 0.0050759 seconds, Stopping threads took: 0.0000263 seconds
202.359: [GC (Allocation Failure)  970541K->647917K(1035264K), 0.0056903 secs]
202.365: Total time for which application threads were stopped: 0.0058584 seconds, Stopping threads took: 0.0000272 seconds
202.432: [GC (Allocation Failure)  970477K->651117K(1035264K), 0.0054373 secs]
202.437: Total time for which application threads were stopped: 0.0056294 seconds, Stopping threads took: 0.0000200 seconds
202.507: [GC (Allocation Failure)  973677K->655983K(1035264K), 0.0049004 secs]
202.512: Total time for which application threads were stopped: 0.0050715 seconds, Stopping threads took: 0.0000203 seconds
202.580: [GC (Allocation Failure)  978543K->655983K(1035264K), 0.0048832 secs]
202.585: Total time for which application threads were stopped: 0.0050683 seconds, Stopping threads took: 0.0000205 seconds
202.653: [GC (Allocation Failure)  978543K->659335K(1035264K), 0.0057354 secs]
202.659: Total time for which application threads were stopped: 0.0058865 seconds, Stopping threads took: 0.0000167 seconds
202.729: [GC (Allocation Failure)  981895K->664073K(1035264K), 0.0048888 secs]
202.734: Total time for which application threads were stopped: 0.0050399 seconds, Stopping threads took: 0.0000176 seconds
202.803: [GC (Allocation Failure)  986633K->664041K(1035264K), 0.0046599 secs]
202.807: Total time for which application threads were stopped: 0.0048317 seconds, Stopping threads took: 0.0000266 seconds
202.876: [GC (Allocation Failure)  986601K->667593K(1035776K), 0.0057632 secs]
202.882: Total time for which application threads were stopped: 0.0059546 seconds, Stopping threads took: 0.0000194 seconds
202.951: [GC (Allocation Failure)  990665K->672075K(1035264K), 0.0050196 secs]
202.956: Total time for which application threads were stopped: 0.0051692 seconds, Stopping threads took: 0.0000177 seconds
203.023: [GC (Allocation Failure)  995147K->672043K(1035776K), 0.0051454 secs]
203.028: Total time for which application threads were stopped: 0.0053070 seconds, Stopping threads took: 0.0000200 seconds
203.095: [GC (Allocation Failure)  995627K->673771K(1025024K), 0.0051251 secs]
203.100: Total time for which application threads were stopped: 0.0052920 seconds, Stopping threads took: 0.0000191 seconds
203.169: [GC (Allocation Failure)  997355K->680078K(1035264K), 0.0051475 secs]
203.174: Total time for which application threads were stopped: 0.0053425 seconds, Stopping threads took: 0.0000209 seconds
203.244: [GC (Allocation Failure)  1002638K->680110K(1035264K), 0.0049115 secs]
203.249: Total time for which application threads were stopped: 0.0050574 seconds, Stopping threads took: 0.0000256 seconds
203.318: [GC (Allocation Failure)  1002670K->683046K(1035264K), 0.0054343 secs]
203.323: Total time for which application threads were stopped: 0.0055952 seconds, Stopping threads took: 0.0000270 seconds
203.392: [GC (Allocation Failure)  1005606K->688104K(1035264K), 0.0050678 secs]
203.397: Total time for which application threads were stopped: 0.0052410 seconds, Stopping threads took: 0.0000214 seconds
203.465: [GC (Allocation Failure)  1010664K->688104K(1035264K), 0.0051392 secs]
203.470: Total time for which application threads were stopped: 0.0053017 seconds, Stopping threads took: 0.0000202 seconds
203.536: [GC (Allocation Failure)  1010664K->691240K(1035264K), 0.0056609 secs]
203.542: [Full GC (Ergonomics)  691240K->11583K(1035264K), 0.0173530 secs]
203.559: Total time for which application threads were stopped: 0.0232676 seconds, Stopping threads took: 0.0000281 seconds
203.627: [GC (Allocation Failure)  334143K->20737K(1035264K), 0.0040096 secs]
203.631: Total time for which application threads were stopped: 0.0041720 seconds, Stopping threads took: 0.0000198 seconds
203.702: [GC (Allocation Failure)  343297K->20689K(1035264K), 0.0040460 secs]
203.706: Total time for which application threads were stopped: 0.0042349 seconds, Stopping threads took: 0.0000366 seconds
203.775: [GC (Allocation Failure)  343249K->15951K(1035264K), 0.0017832 secs]
203.777: Total time for which application threads were stopped: 0.0019406 seconds, Stopping threads took: 0.0000219 seconds
203.845: [GC (Allocation Failure)  338511K->20753K(1035264K), 0.0037924 secs]
203.849: Total time for which application threads were stopped: 0.0039936 seconds, Stopping threads took: 0.0000228 seconds
203.916: [GC (Allocation Failure)  343313K->20689K(1035264K), 0.0036921 secs]
203.920: Total time for which application threads were stopped: 0.0038617 seconds, Stopping threads took: 0.0000285 seconds
203.987: [GC (Allocation Failure)  343249K->20271K(1035264K), 0.0037463 secs]
203.991: Total time for which application threads were stopped: 0.0039189 seconds, Stopping threads took: 0.0000203 seconds
204.059: [GC (Allocation Failure)  342831K->20913K(1035776K), 0.0039235 secs]
204.063: Total time for which application threads were stopped: 0.0040968 seconds, Stopping threads took: 0.0000209 seconds
204.131: [GC (Allocation Failure)  344497K->20689K(1035776K), 0.0036788 secs]
204.134: Total time for which application threads were stopped: 0.0038598 seconds, Stopping threads took: 0.0000205 seconds
204.202: [GC (Allocation Failure)  344273K->26567K(1031680K), 0.0080227 secs]
204.210: Total time for which application threads were stopped: 0.0081849 seconds, Stopping threads took: 0.0000202 seconds
204.278: [GC (Allocation Failure)  346055K->22025K(1033728K), 0.0038175 secs]
204.281: Total time for which application threads were stopped: 0.0039769 seconds, Stopping threads took: 0.0000186 seconds
204.349: [GC (Allocation Failure)  341513K->21833K(1034752K), 0.0037331 secs]
204.353: Total time for which application threads were stopped: 0.0039025 seconds, Stopping threads took: 0.0000199 seconds
204.420: [GC (Allocation Failure)  342857K->24359K(1034240K), 0.0046293 secs]
204.424: Total time for which application threads were stopped: 0.0048234 seconds, Stopping threads took: 0.0000197 seconds
204.494: [GC (Allocation Failure)  345383K->21961K(1034752K), 0.0038108 secs]
204.498: Total time for which application threads were stopped: 0.0040201 seconds, Stopping threads took: 0.0000283 seconds
204.568: [GC (Allocation Failure)  342985K->21833K(1034240K), 0.0035506 secs]
204.572: Total time for which application threads were stopped: 0.0037323 seconds, Stopping threads took: 0.0000261 seconds
204.639: [GC (Allocation Failure)  342857K->24071K(1035264K), 0.0047760 secs]
204.644: Total time for which application threads were stopped: 0.0049233 seconds, Stopping threads took: 0.0000165 seconds
204.714: [GC (Allocation Failure)  346631K->21897K(1035264K), 0.0036546 secs]
204.717: Total time for which application threads were stopped: 0.0038161 seconds, Stopping threads took: 0.0000194 seconds
204.786: [GC (Allocation Failure)  344457K->21833K(1035776K), 0.0036420 secs]
204.790: Total time for which application threads were stopped: 0.0038205 seconds, Stopping threads took: 0.0000267 seconds
204.859: [GC (Allocation Failure)  344905K->28839K(1035264K), 0.0071054 secs]
204.867: Total time for which application threads were stopped: 0.0072799 seconds, Stopping threads took: 0.0000267 seconds
204.935: [GC (Allocation Failure)  351911K->24137K(1033216K), 0.0040061 secs]
204.939: Total time for which application threads were stopped: 0.0041750 seconds, Stopping threads took: 0.0000197 seconds
205.006: [GC (Allocation Failure)  344649K->24105K(1034240K), 0.0037204 secs]
205.010: Total time for which application threads were stopped: 0.0038894 seconds, Stopping threads took: 0.0000199 seconds
205.077: [GC (Allocation Failure)  344617K->31815K(1030656K), 0.0072819 secs]
205.084: Total time for which application threads were stopped: 0.0074440 seconds, Stopping threads took: 0.0000199 seconds
205.151: [GC (Allocation Failure)  349255K->26313K(1032704K), 0.0038973 secs]
205.155: Total time for which application threads were stopped: 0.0040653 seconds, Stopping threads took: 0.0000192 seconds
205.222: [GC (Allocation Failure)  343753K->26089K(1033216K), 0.0036176 secs]
205.226: Total time for which application threads were stopped: 0.0037963 seconds, Stopping threads took: 0.0000202 seconds
205.292: [GC (Allocation Failure)  344041K->23271K(1032704K), 0.0026901 secs]
205.294: Total time for which application threads were stopped: 0.0028496 seconds, Stopping threads took: 0.0000268 seconds
205.361: [GC (Allocation Failure)  341223K->26249K(1033728K), 0.0053005 secs]
205.366: Total time for which application threads were stopped: 0.0054768 seconds, Stopping threads took: 0.0000202 seconds
205.432: [GC (Allocation Failure)  345225K->26057K(1033216K), 0.0043217 secs]
205.436: Total time for which application threads were stopped: 0.0046866 seconds, Stopping threads took: 0.0000199 seconds
205.505: [GC (Allocation Failure)  345033K->27913K(1033216K), 0.0040842 secs]
205.509: Total time for which application threads were stopped: 0.0042497 seconds, Stopping threads took: 0.0000199 seconds
205.576: [GC (Allocation Failure)  347401K->34220K(1033728K), 0.0037182 secs]
205.579: Total time for which application threads were stopped: 0.0038768 seconds, Stopping threads took: 0.0000206 seconds
205.649: [GC (Allocation Failure)  353708K->34092K(1034752K), 0.0038159 secs]
205.653: Total time for which application threads were stopped: 0.0039741 seconds, Stopping threads took: 0.0000172 seconds
205.720: [GC (Allocation Failure)  355116K->36684K(1034240K), 0.0040418 secs]
205.725: Total time for which application threads were stopped: 0.0042015 seconds, Stopping threads took: 0.0000198 seconds
205.795: [GC (Allocation Failure)  357708K->42190K(1034752K), 0.0035812 secs]
205.799: Total time for which application threads were stopped: 0.0037438 seconds, Stopping threads took: 0.0000200 seconds
205.867: [GC (Allocation Failure)  363214K->42126K(1034240K), 0.0037784 secs]
205.871: Total time for which application threads were stopped: 0.0039571 seconds, Stopping threads took: 0.0000272 seconds
205.938: [GC (Allocation Failure)  363150K->44406K(1034240K), 0.0040101 secs]
205.943: Total time for which application threads were stopped: 0.0041730 seconds, Stopping threads took: 0.0000200 seconds
206.011: [GC (Allocation Failure)  365942K->50136K(1034752K), 0.0038623 secs]
206.015: Total time for which application threads were stopped: 0.0040219 seconds, Stopping threads took: 0.0000199 seconds
206.081: [GC (Allocation Failure)  371672K->50200K(1035264K), 0.0040054 secs]
206.085: Total time for which application threads were stopped: 0.0041869 seconds, Stopping threads took: 0.0000219 seconds
206.153: [GC (Allocation Failure)  372760K->50616K(1022464K), 0.0038687 secs]
206.157: Total time for which application threads were stopped: 0.0040411 seconds, Stopping threads took: 0.0000216 seconds
206.224: [GC (Allocation Failure)  373176K->58426K(1034752K), 0.0049061 secs]
206.229: Total time for which application threads were stopped: 0.0050873 seconds, Stopping threads took: 0.0000207 seconds
206.299: [GC (Allocation Failure)  379962K->58202K(1034752K), 0.0037817 secs]
206.303: Total time for which application threads were stopped: 0.0039498 seconds, Stopping threads took: 0.0000216 seconds
206.368: [GC (Allocation Failure)  379738K->60866K(1034240K), 0.0042985 secs]
206.373: Total time for which application threads were stopped: 0.0044743 seconds, Stopping threads took: 0.0000202 seconds
206.441: [GC (Allocation Failure)  382402K->66405K(1034752K), 0.0039852 secs]
206.445: Total time for which application threads were stopped: 0.0041578 seconds, Stopping threads took: 0.0000206 seconds
206.511: [GC (Allocation Failure)  387941K->66277K(1035264K), 0.0063961 secs]
206.517: Total time for which application threads were stopped: 0.0065910 seconds, Stopping threads took: 0.0000212 seconds
206.586: [GC (Allocation Failure)  388837K->59042K(1022976K), 0.0008173 secs]
206.587: Total time for which application threads were stopped: 0.0009248 seconds, Stopping threads took: 0.0000173 seconds
206.659: [GC (Allocation Failure)  381602K->66373K(1034752K), 0.0037193 secs]
206.663: Total time for which application threads were stopped: 0.0038696 seconds, Stopping threads took: 0.0000169 seconds
206.733: [GC (Allocation Failure)  387909K->66245K(1034752K), 0.0037148 secs]
206.737: Total time for which application threads were stopped: 0.0038867 seconds, Stopping threads took: 0.0000206 seconds
206.804: [GC (Allocation Failure)  387781K->61250K(1034752K), 0.0018374 secs]
206.806: Total time for which application threads were stopped: 0.0019915 seconds, Stopping threads took: 0.0000269 seconds
206.875: [GC (Allocation Failure)  382786K->66309K(1034752K), 0.0038216 secs]
206.879: Total time for which application threads were stopped: 0.0039823 seconds, Stopping threads took: 0.0000200 seconds
206.946: [GC (Allocation Failure)  387845K->66245K(1035264K), 0.0044511 secs]
206.951: Total time for which application threads were stopped: 0.0046098 seconds, Stopping threads took: 0.0000204 seconds
207.018: [GC (Allocation Failure)  388293K->63042K(1034752K), 0.0025199 secs]
207.021: Total time for which application threads were stopped: 0.0026916 seconds, Stopping threads took: 0.0000253 seconds
207.091: [GC (Allocation Failure)  385090K->66501K(1035264K), 0.0037231 secs]
207.095: Total time for which application threads were stopped: 0.0039234 seconds, Stopping threads took: 0.0000220 seconds
207.164: [GC (Allocation Failure)  389061K->66213K(1035264K), 0.0037267 secs]
207.168: Total time for which application threads were stopped: 0.0038940 seconds, Stopping threads took: 0.0000181 seconds
207.235: [GC (Allocation Failure)  388773K->66818K(1035264K), 0.0039535 secs]
207.240: Total time for which application threads were stopped: 0.0041185 seconds, Stopping threads took: 0.0000198 seconds
207.308: [GC (Allocation Failure)  389378K->66405K(1035264K), 0.0037626 secs]
207.312: Total time for which application threads were stopped: 0.0039362 seconds, Stopping threads took: 0.0000204 seconds
207.380: [GC (Allocation Failure)  388965K->66277K(1035776K), 0.0066699 secs]
207.386: Total time for which application threads were stopped: 0.0068407 seconds, Stopping threads took: 0.0000199 seconds
207.455: [GC (Allocation Failure)  389349K->71570K(1035264K), 0.0060713 secs]
207.461: Total time for which application threads were stopped: 0.0062489 seconds, Stopping threads took: 0.0000203 seconds
207.527: [GC (Allocation Failure)  394642K->66965K(1033216K), 0.0038471 secs]
207.531: Total time for which application threads were stopped: 0.0040355 seconds, Stopping threads took: 0.0000366 seconds
207.601: [GC (Allocation Failure)  387477K->66837K(1034240K), 0.0036127 secs]
207.604: Total time for which application threads were stopped: 0.0037769 seconds, Stopping threads took: 0.0000206 seconds
207.672: [GC (Allocation Failure)  387349K->72858K(1031680K), 0.0083135 secs]
207.680: Total time for which application threads were stopped: 0.0085285 seconds, Stopping threads took: 0.0000267 seconds
207.746: [GC (Allocation Failure)  391322K->67165K(1033216K), 0.0038317 secs]
207.750: Total time for which application threads were stopped: 0.0039917 seconds, Stopping threads took: 0.0000173 seconds
207.819: [GC (Allocation Failure)  385629K->67101K(1034240K), 0.0038676 secs]
207.823: Total time for which application threads were stopped: 0.0040759 seconds, Stopping threads took: 0.0000271 seconds
207.890: [GC (Allocation Failure)  387101K->66714K(1033728K), 0.0037407 secs]
207.894: Total time for which application threads were stopped: 0.0038788 seconds, Stopping threads took: 0.0000169 seconds
207.962: [GC (Allocation Failure)  386714K->67101K(1035264K), 0.0039323 secs]
207.966: Total time for which application threads were stopped: 0.0040830 seconds, Stopping threads took: 0.0000174 seconds
208.034: [GC (Allocation Failure)  389149K->67101K(1034752K), 0.0037967 secs]
208.038: Total time for which application threads were stopped: 0.0039870 seconds, Stopping threads took: 0.0000197 seconds
208.107: [GC (Allocation Failure)  389149K->67418K(1036288K), 0.0040200 secs]
208.111: Total time for which application threads were stopped: 0.0041941 seconds, Stopping threads took: 0.0000272 seconds
208.179: [GC (Allocation Failure)  391514K->67325K(1035776K), 0.0040387 secs]
208.183: Total time for which application threads were stopped: 0.0041972 seconds, Stopping threads took: 0.0000190 seconds
208.250: [GC (Allocation Failure)  391421K->67133K(1036800K), 0.0037573 secs]
208.254: Total time for which application threads were stopped: 0.0039694 seconds, Stopping threads took: 0.0000383 seconds
208.323: [GC (Allocation Failure)  392253K->60954K(1036288K), 0.0013249 secs]
208.324: Total time for which application threads were stopped: 0.0014544 seconds, Stopping threads took: 0.0000261 seconds
208.391: [GC (Allocation Failure)  386074K->67309K(1036288K), 0.0037010 secs]
208.395: Total time for which application threads were stopped: 0.0039039 seconds, Stopping threads took: 0.0000230 seconds
208.465: [GC (Allocation Failure)  391917K->71253K(1036288K), 0.0043369 secs]
208.470: Total time for which application threads were stopped: 0.0044875 seconds, Stopping threads took: 0.0000178 seconds
208.537: [GC (Allocation Failure)  395861K->71253K(1036800K), 0.0039324 secs]
208.541: Total time for which application threads were stopped: 0.0041096 seconds, Stopping threads took: 0.0000206 seconds
208.609: [GC (Allocation Failure)  396885K->71405K(1025536K), 0.0039699 secs]
208.613: Total time for which application threads were stopped: 0.0041378 seconds, Stopping threads took: 0.0000199 seconds
208.683: [GC (Allocation Failure)  397037K->79311K(1035776K), 0.0044474 secs]
208.687: Total time for which application threads were stopped: 0.0045990 seconds, Stopping threads took: 0.0000180 seconds
208.756: [GC (Allocation Failure)  402895K->79311K(1035776K), 0.0040055 secs]
208.760: Total time for which application threads were stopped: 0.0041882 seconds, Stopping threads took: 0.0000202 seconds
208.828: [GC (Allocation Failure)  402895K->79655K(1034240K), 0.0036886 secs]
208.832: Total time for which application threads were stopped: 0.0038565 seconds, Stopping threads took: 0.0000271 seconds
208.901: [GC (Allocation Failure)  402215K->87305K(1035264K), 0.0038607 secs]
208.905: Total time for which application threads were stopped: 0.0040174 seconds, Stopping threads took: 0.0000179 seconds
208.973: [GC (Allocation Failure)  409865K->87305K(1035776K), 0.0036613 secs]
208.976: Total time for which application threads were stopped: 0.0038221 seconds, Stopping threads took: 0.0000198 seconds
209.043: [GC (Allocation Failure)  410889K->87369K(1023488K), 0.0038392 secs]
209.047: Total time for which application threads were stopped: 0.0040197 seconds, Stopping threads took: 0.0000199 seconds
209.115: [GC (Allocation Failure)  410953K->95371K(1035264K), 0.0039514 secs]
209.119: Total time for which application threads were stopped: 0.0041256 seconds, Stopping threads took: 0.0000207 seconds
209.188: [GC (Allocation Failure)  417931K->95371K(1035264K), 0.0040698 secs]
209.193: Total time for which application threads were stopped: 0.0042566 seconds, Stopping threads took: 0.0000200 seconds
209.260: [GC (Allocation Failure)  417931K->95587K(1034240K), 0.0040131 secs]
209.264: Total time for which application threads were stopped: 0.0041973 seconds, Stopping threads took: 0.0000205 seconds
209.334: [GC (Allocation Failure)  417123K->103366K(1034752K), 0.0035583 secs]
209.337: Total time for which application threads were stopped: 0.0037176 seconds, Stopping threads took: 0.0000193 seconds
209.403: [GC (Allocation Failure)  424902K->103366K(1034752K), 0.0064640 secs]
209.410: Total time for which application threads were stopped: 0.0066281 seconds, Stopping threads took: 0.0000198 seconds
209.475: [GC (Allocation Failure)  424902K->103438K(1021440K), 0.0041825 secs]
209.480: Total time for which application threads were stopped: 0.0043356 seconds, Stopping threads took: 0.0000224 seconds
209.547: [GC (Allocation Failure)  424974K->111408K(1034240K), 0.0040465 secs]
209.551: Total time for which application threads were stopped: 0.0042179 seconds, Stopping threads took: 0.0000204 seconds
209.618: [GC (Allocation Failure)  431920K->111440K(1034240K), 0.0039761 secs]
209.622: Total time for which application threads were stopped: 0.0041434 seconds, Stopping threads took: 0.0000198 seconds
209.690: [GC (Allocation Failure)  431952K->111560K(1034240K), 0.0038649 secs]
209.694: Total time for which application threads were stopped: 0.0040259 seconds, Stopping threads took: 0.0000190 seconds
209.761: [GC (Allocation Failure)  432072K->119434K(1034240K), 0.0038877 secs]
209.765: Total time for which application threads were stopped: 0.0040485 seconds, Stopping threads took: 0.0000198 seconds
209.833: [GC (Allocation Failure)  439946K->119434K(1034240K), 0.0041026 secs]
209.837: Total time for which application threads were stopped: 0.0042768 seconds, Stopping threads took: 0.0000266 seconds
209.904: [GC (Allocation Failure)  439946K->119786K(1020416K), 0.0041271 secs]
209.908: Total time for which application threads were stopped: 0.0042964 seconds, Stopping threads took: 0.0000211 seconds
209.976: [GC (Allocation Failure)  440298K->127501K(1033728K), 0.0038431 secs]
209.980: Total time for which application threads were stopped: 0.0040390 seconds, Stopping threads took: 0.0000202 seconds
210.048: [GC (Allocation Failure)  446989K->127469K(1033728K), 0.0040078 secs]
210.052: Total time for which application threads were stopped: 0.0041646 seconds, Stopping threads took: 0.0000195 seconds
210.118: [GC (Allocation Failure)  446957K->127525K(1033728K), 0.0040958 secs]
210.122: Total time for which application threads were stopped: 0.0042592 seconds, Stopping threads took: 0.0000201 seconds
210.189: [GC (Allocation Failure)  447013K->135495K(1033728K), 0.0037982 secs]
210.193: Total time for which application threads were stopped: 0.0039737 seconds, Stopping threads took: 0.0000279 seconds
210.260: [GC (Allocation Failure)  454983K->135495K(1033728K), 0.0040843 secs]
210.264: Total time for which application threads were stopped: 0.0042631 seconds, Stopping threads took: 0.0000206 seconds
210.330: [GC (Allocation Failure)  454983K->135751K(1033728K), 0.0039189 secs]
210.334: Total time for which application threads were stopped: 0.0041211 seconds, Stopping threads took: 0.0000284 seconds
210.404: [GC (Allocation Failure)  455239K->143561K(1032704K), 0.0037639 secs]
210.407: Total time for which application threads were stopped: 0.0039165 seconds, Stopping threads took: 0.0000161 seconds
210.475: [GC (Allocation Failure)  462025K->143529K(1033216K), 0.0040112 secs]
210.479: Total time for which application threads were stopped: 0.0041825 seconds, Stopping threads took: 0.0000204 seconds
210.544: [GC (Allocation Failure)  461993K->143593K(1032704K), 0.0039437 secs]
210.548: Total time for which application threads were stopped: 0.0041264 seconds, Stopping threads took: 0.0000305 seconds
210.615: [GC (Allocation Failure)  462057K->151531K(1033216K), 0.0039631 secs]
210.619: Total time for which application threads were stopped: 0.0041276 seconds, Stopping threads took: 0.0000206 seconds
210.686: [GC (Allocation Failure)  469995K->151563K(1033216K), 0.0046964 secs]
210.690: Total time for which application threads were stopped: 0.0048577 seconds, Stopping threads took: 0.0000183 seconds
210.755: [GC (Allocation Failure)  470027K->151723K(1033216K), 0.0040504 secs]
210.759: Total time for which application threads were stopped: 0.0042266 seconds, Stopping threads took: 0.0000199 seconds
210.828: [GC (Allocation Failure)  470187K->159598K(1033216K), 0.0039266 secs]
210.832: Total time for which application threads were stopped: 0.0040896 seconds, Stopping threads took: 0.0000268 seconds
210.897: [GC (Allocation Failure)  478062K->155691K(1033216K), 0.0027942 secs]
210.900: Total time for which application threads were stopped: 0.0029700 seconds, Stopping threads took: 0.0000214 seconds
210.967: [GC (Allocation Failure)  474155K->159750K(1034752K), 0.0040512 secs]
210.971: Total time for which application threads were stopped: 0.0042280 seconds, Stopping threads took: 0.0000205 seconds
211.041: [GC (Allocation Failure)  480262K->163718K(1033728K), 0.0039095 secs]
211.045: Total time for which application threads were stopped: 0.0040654 seconds, Stopping threads took: 0.0000176 seconds
211.112: [GC (Allocation Failure)  484230K->155875K(1034240K), 0.0008739 secs]
211.113: Total time for which application threads were stopped: 0.0009990 seconds, Stopping threads took: 0.0000278 seconds
211.182: [GC (Allocation Failure)  476387K->163774K(1034240K), 0.0040738 secs]
211.186: Total time for which application threads were stopped: 0.0042209 seconds, Stopping threads took: 0.0000162 seconds
211.253: [GC (Allocation Failure)  484286K->167854K(1034240K), 0.0055068 secs]
211.258: Total time for which application threads were stopped: 0.0056989 seconds, Stopping threads took: 0.0000264 seconds
211.326: [GC (Allocation Failure)  488366K->174563K(1034240K), 0.0084252 secs]
211.334: Total time for which application threads were stopped: 0.0086264 seconds, Stopping threads took: 0.0000287 seconds
211.401: [GC (Allocation Failure)  495075K->168550K(1029120K), 0.0042319 secs]
211.406: Total time for which application threads were stopped: 0.0044088 seconds, Stopping threads took: 0.0000211 seconds
211.472: [GC (Allocation Failure)  483942K->168294K(1031680K), 0.0064582 secs]
211.479: Total time for which application threads were stopped: 0.0066369 seconds, Stopping threads took: 0.0000205 seconds
211.545: [GC (Allocation Failure)  483686K->162947K(1032704K), 0.0018167 secs]
211.547: Total time for which application threads were stopped: 0.0019591 seconds, Stopping threads took: 0.0000202 seconds
211.613: [GC (Allocation Failure)  479875K->168486K(1032192K), 0.0040034 secs]
211.617: Total time for which application threads were stopped: 0.0041798 seconds, Stopping threads took: 0.0000201 seconds
211.684: [GC (Allocation Failure)  485414K->168326K(1033216K), 0.0046162 secs]
211.689: Total time for which application threads were stopped: 0.0047666 seconds, Stopping threads took: 0.0000179 seconds
211.754: [GC (Allocation Failure)  486278K->171718K(1032704K), 0.0046598 secs]
211.759: Total time for which application threads were stopped: 0.0048298 seconds, Stopping threads took: 0.0000203 seconds
211.827: [GC (Allocation Failure)  489670K->176456K(1033728K), 0.0040079 secs]
211.831: Total time for which application threads were stopped: 0.0041891 seconds, Stopping threads took: 0.0000267 seconds
211.901: [GC (Allocation Failure)  495432K->176360K(1033216K), 0.0040427 secs]
211.905: Total time for which application threads were stopped: 0.0042003 seconds, Stopping threads took: 0.0000174 seconds
211.970: [GC (Allocation Failure)  495336K->180456K(1034240K), 0.0050582 secs]
211.975: Total time for which application threads were stopped: 0.0052387 seconds, Stopping threads took: 0.0000201 seconds
212.042: [GC (Allocation Failure)  500456K->184426K(1033728K), 0.0041549 secs]
212.047: Total time for which application threads were stopped: 0.0043328 seconds, Stopping threads took: 0.0000218 seconds
212.114: [GC (Allocation Failure)  504426K->184394K(1034752K), 0.0042426 secs]
212.118: Total time for which application threads were stopped: 0.0044059 seconds, Stopping threads took: 0.0000204 seconds
212.187: [GC (Allocation Failure)  505418K->186114K(1034240K), 0.0044939 secs]
212.192: Total time for which application threads were stopped: 0.0046684 seconds, Stopping threads took: 0.0000206 seconds
212.258: [GC (Allocation Failure)  507138K->192388K(1034752K), 0.0042393 secs]
212.262: Total time for which application threads were stopped: 0.0044371 seconds, Stopping threads took: 0.0000202 seconds
212.329: [GC (Allocation Failure)  513412K->192356K(1034240K), 0.0039194 secs]
212.333: Total time for which application threads were stopped: 0.0040871 seconds, Stopping threads took: 0.0000267 seconds
212.399: [GC (Allocation Failure)  513380K->193836K(1033728K), 0.0044326 secs]
212.403: Total time for which application threads were stopped: 0.0045981 seconds, Stopping threads took: 0.0000212 seconds
212.471: [GC (Allocation Failure)  514348K->200463K(1034240K), 0.0046288 secs]
212.475: Total time for which application threads were stopped: 0.0048005 seconds, Stopping threads took: 0.0000205 seconds
212.543: [GC (Allocation Failure)  520975K->200431K(1034752K), 0.0041930 secs]
212.548: Total time for which application threads were stopped: 0.0043715 seconds, Stopping threads took: 0.0000219 seconds
212.613: [GC (Allocation Failure)  521967K->201063K(1021952K), 0.0040264 secs]
212.617: Total time for which application threads were stopped: 0.0041992 seconds, Stopping threads took: 0.0000199 seconds
212.684: [GC (Allocation Failure)  522599K->208489K(1034240K), 0.0055971 secs]
212.690: Total time for which application threads were stopped: 0.0057760 seconds, Stopping threads took: 0.0000271 seconds
212.758: [GC (Allocation Failure)  529001K->208457K(1034240K), 0.0041533 secs]
212.763: Total time for which application threads were stopped: 0.0043233 seconds, Stopping threads took: 0.0000197 seconds
212.831: [GC (Allocation Failure)  528969K->212393K(1034752K), 0.0048906 secs]
212.836: Total time for which application threads were stopped: 0.0050644 seconds, Stopping threads took: 0.0000286 seconds
212.903: [GC (Allocation Failure)  533417K->216619K(1034240K), 0.0041005 secs]
212.908: Total time for which application threads were stopped: 0.0042698 seconds, Stopping threads took: 0.0000210 seconds
212.975: [GC (Allocation Failure)  537643K->216459K(1034752K), 0.0041775 secs]
212.979: Total time for which application threads were stopped: 0.0043494 seconds, Stopping threads took: 0.0000196 seconds
213.049: [GC (Allocation Failure)  537995K->220619K(1034752K), 0.0050331 secs]
213.054: Total time for which application threads were stopped: 0.0052146 seconds, Stopping threads took: 0.0000159 seconds
213.121: [GC (Allocation Failure)  542155K->224589K(1035264K), 0.0041209 secs]
213.125: Total time for which application threads were stopped: 0.0042832 seconds, Stopping threads took: 0.0000201 seconds
213.193: [GC (Allocation Failure)  547149K->224525K(1035264K), 0.0041640 secs]
213.197: Total time for which application threads were stopped: 0.0043262 seconds, Stopping threads took: 0.0000192 seconds
213.265: [GC (Allocation Failure)  547085K->227821K(1035264K), 0.0048770 secs]
213.269: Total time for which application threads were stopped: 0.0050361 seconds, Stopping threads took: 0.0000194 seconds
213.338: [GC (Allocation Failure)  550381K->232560K(1035264K), 0.0049690 secs]
213.343: Total time for which application threads were stopped: 0.0051305 seconds, Stopping threads took: 0.0000200 seconds
213.410: [GC (Allocation Failure)  555120K->232560K(1035264K), 0.0042573 secs]
213.414: Total time for which application threads were stopped: 0.0044279 seconds, Stopping threads took: 0.0000202 seconds
213.482: [GC (Allocation Failure)  555120K->236040K(1035264K), 0.0049094 secs]
213.487: Total time for which application threads were stopped: 0.0050967 seconds, Stopping threads took: 0.0000212 seconds
213.553: [GC (Allocation Failure)  558600K->240586K(1035264K), 0.0043912 secs]
213.557: Total time for which application threads were stopped: 0.0045657 seconds, Stopping threads took: 0.0000211 seconds
213.625: [GC (Allocation Failure)  563146K->240586K(1035264K), 0.0040652 secs]
213.629: Total time for which application threads were stopped: 0.0042398 seconds, Stopping threads took: 0.0000211 seconds
213.696: [GC (Allocation Failure)  563146K->244298K(1035776K), 0.0050021 secs]
213.701: Total time for which application threads were stopped: 0.0051910 seconds, Stopping threads took: 0.0000186 seconds
213.770: [GC (Allocation Failure)  567882K->248652K(1035776K), 0.0042227 secs]
213.774: Total time for which application threads were stopped: 0.0043941 seconds, Stopping threads took: 0.0000172 seconds
213.843: [GC (Allocation Failure)  572236K->248620K(1035776K), 0.0041060 secs]
213.847: Total time for which application threads were stopped: 0.0042914 seconds, Stopping threads took: 0.0000271 seconds
213.917: [GC (Allocation Failure)  572204K->251500K(1035776K), 0.0047536 secs]
213.922: Total time for which application threads were stopped: 0.0049273 seconds, Stopping threads took: 0.0000198 seconds
213.990: [GC (Allocation Failure)  575084K->256750K(1035776K), 0.0042398 secs]
213.995: Total time for which application threads were stopped: 0.0044047 seconds, Stopping threads took: 0.0000203 seconds
214.063: [GC (Allocation Failure)  580334K->256654K(1035776K), 0.0040600 secs]
214.067: Total time for which application threads were stopped: 0.0042419 seconds, Stopping threads took: 0.0000201 seconds
214.137: [GC (Allocation Failure)  580238K->254732K(1036288K), 0.0034303 secs]
214.141: Total time for which application threads were stopped: 0.0035970 seconds, Stopping threads took: 0.0000196 seconds
214.209: [GC (Allocation Failure)  578828K->256686K(1035776K), 0.0041528 secs]
214.213: Total time for which application threads were stopped: 0.0043359 seconds, Stopping threads took: 0.0000196 seconds
214.283: [GC (Allocation Failure)  580782K->256654K(1036288K), 0.0039547 secs]
214.287: Total time for which application threads were stopped: 0.0041175 seconds, Stopping threads took: 0.0000279 seconds
214.355: [GC (Allocation Failure)  581262K->264140K(1036288K), 0.0076544 secs]
214.363: Total time for which application threads were stopped: 0.0078489 seconds, Stopping threads took: 0.0000200 seconds
214.432: [GC (Allocation Failure)  588748K->260174K(1032192K), 0.0042097 secs]
214.436: Total time for which application threads were stopped: 0.0043760 seconds, Stopping threads took: 0.0000174 seconds
214.505: [GC (Allocation Failure)  580686K->259918K(1034240K), 0.0042846 secs]
214.509: Total time for which application threads were stopped: 0.0044459 seconds, Stopping threads took: 0.0000184 seconds
214.576: [GC (Allocation Failure)  580430K->253292K(1033728K), 0.0015321 secs]
214.578: Total time for which application threads were stopped: 0.0016806 seconds, Stopping threads took: 0.0000206 seconds
214.647: [GC (Allocation Failure)  573804K->260174K(1034240K), 0.0041320 secs]
214.651: Total time for which application threads were stopped: 0.0043198 seconds, Stopping threads took: 0.0000223 seconds
214.720: [GC (Allocation Failure)  580686K->264070K(1035264K), 0.0049297 secs]
214.725: Total time for which application threads were stopped: 0.0050789 seconds, Stopping threads took: 0.0000178 seconds
214.792: [GC (Allocation Failure)  586118K->257124K(1034752K), 0.0013175 secs]
214.794: Total time for which application threads were stopped: 0.0014450 seconds, Stopping threads took: 0.0000264 seconds
214.862: [GC (Allocation Failure)  579172K->264270K(1035264K), 0.0039835 secs]
214.866: Total time for which application threads were stopped: 0.0041502 seconds, Stopping threads took: 0.0000258 seconds
214.933: [GC (Allocation Failure)  586318K->268246K(1034752K), 0.0050288 secs]
214.939: Total time for which application threads were stopped: 0.0052063 seconds, Stopping threads took: 0.0000223 seconds
215.006: [GC (Allocation Failure)  590294K->264052K(1035264K), 0.0028398 secs]
215.009: Total time for which application threads were stopped: 0.0030088 seconds, Stopping threads took: 0.0000200 seconds
215.076: [GC (Allocation Failure)  586612K->268366K(1035264K), 0.0044536 secs]
215.081: Total time for which application threads were stopped: 0.0046299 seconds, Stopping threads took: 0.0000201 seconds
215.148: [GC (Allocation Failure)  590926K->272350K(1035776K), 0.0043652 secs]
215.152: Total time for which application threads were stopped: 0.0045693 seconds, Stopping threads took: 0.0000226 seconds
215.221: [GC (Allocation Failure)  595934K->272318K(1035776K), 0.0039432 secs]
215.225: Total time for which application threads were stopped: 0.0041149 seconds, Stopping threads took: 0.0000174 seconds
215.292: [GC (Allocation Failure)  595902K->272422K(1034752K), 0.0040888 secs]
215.297: Total time for which application threads were stopped: 0.0042564 seconds, Stopping threads took: 0.0000257 seconds
215.365: [GC (Allocation Failure)  594982K->280393K(1035264K), 0.0057389 secs]
215.371: Total time for which application threads were stopped: 0.0058892 seconds, Stopping threads took: 0.0000252 seconds
215.439: [GC (Allocation Failure)  602953K->280393K(1035264K), 0.0040503 secs]
215.444: Total time for which application threads were stopped: 0.0042101 seconds, Stopping threads took: 0.0000194 seconds
215.511: [GC (Allocation Failure)  602953K->280649K(1022464K), 0.0041406 secs]
215.515: Total time for which application threads were stopped: 0.0043153 seconds, Stopping threads took: 0.0000214 seconds
215.582: [GC (Allocation Failure)  603209K->288459K(1034752K), 0.0043047 secs]
215.587: Total time for which application threads were stopped: 0.0044745 seconds, Stopping threads took: 0.0000211 seconds
215.655: [GC (Allocation Failure)  609995K->288427K(1034752K), 0.0065523 secs]
215.661: Total time for which application threads were stopped: 0.0067191 seconds, Stopping threads took: 0.0000196 seconds
215.728: [GC (Allocation Failure)  609963K->288483K(1033728K), 0.0044163 secs]
215.732: Total time for which application threads were stopped: 0.0045899 seconds, Stopping threads took: 0.0000203 seconds
215.802: [GC (Allocation Failure)  608995K->296485K(1034240K), 0.0040484 secs]
215.806: Total time for which application threads were stopped: 0.0042087 seconds, Stopping threads took: 0.0000260 seconds
215.875: [GC (Allocation Failure)  616997K->296453K(1034240K), 0.0041205 secs]
215.879: Total time for which application threads were stopped: 0.0042768 seconds, Stopping threads took: 0.0000272 seconds
215.945: [GC (Allocation Failure)  616965K->296621K(1034240K), 0.0040568 secs]
215.949: Total time for which application threads were stopped: 0.0042284 seconds, Stopping threads took: 0.0000267 seconds
216.015: [GC (Allocation Failure)  617133K->304496K(1034240K), 0.0044159 secs]
216.019: Total time for which application threads were stopped: 0.0045800 seconds, Stopping threads took: 0.0000195 seconds
216.087: [GC (Allocation Failure)  625008K->304528K(1034240K), 0.0042709 secs]
216.091: Total time for which application threads were stopped: 0.0044301 seconds, Stopping threads took: 0.0000198 seconds
216.156: [GC (Allocation Failure)  625040K->304840K(1033216K), 0.0044832 secs]
216.161: Total time for which application threads were stopped: 0.0046442 seconds, Stopping threads took: 0.0000199 seconds
216.229: [GC (Allocation Failure)  624328K->312490K(1033728K), 0.0056281 secs]
216.234: Total time for which application threads were stopped: 0.0057995 seconds, Stopping threads took: 0.0000203 seconds
216.301: [GC (Allocation Failure)  631978K->312522K(1033728K), 0.0041619 secs]
216.305: Total time for which application threads were stopped: 0.0043311 seconds, Stopping threads took: 0.0000265 seconds
216.371: [GC (Allocation Failure)  632010K->312586K(1033728K), 0.0043484 secs]
216.376: Total time for which application threads were stopped: 0.0045193 seconds, Stopping threads took: 0.0000203 seconds
216.443: [GC (Allocation Failure)  632074K->320556K(1033728K), 0.0044184 secs]
216.448: Total time for which application threads were stopped: 0.0046226 seconds, Stopping threads took: 0.0000207 seconds
216.512: [GC (Allocation Failure)  640044K->316650K(1033728K), 0.0030533 secs]
216.515: Total time for which application threads were stopped: 0.0032210 seconds, Stopping threads took: 0.0000199 seconds
216.583: [GC (Allocation Failure)  636138K->320708K(1034752K), 0.0042701 secs]
216.587: Total time for which application threads were stopped: 0.0044382 seconds, Stopping threads took: 0.0000206 seconds
216.654: [GC (Allocation Failure)  641732K->324676K(1034240K), 0.0042826 secs]
216.659: Total time for which application threads were stopped: 0.0044573 seconds, Stopping threads took: 0.0000215 seconds
216.727: [GC (Allocation Failure)  645700K->318946K(1034752K), 0.0020634 secs]
216.729: Total time for which application threads were stopped: 0.0022040 seconds, Stopping threads took: 0.0000182 seconds
216.798: [GC (Allocation Failure)  640482K->324780K(1034752K), 0.0041918 secs]
216.803: Total time for which application threads were stopped: 0.0043534 seconds, Stopping threads took: 0.0000193 seconds
216.869: [GC (Allocation Failure)  646316K->328820K(1034752K), 0.0047767 secs]
216.874: Total time for which application threads were stopped: 0.0049354 seconds, Stopping threads took: 0.0000198 seconds
216.941: [GC (Allocation Failure)  651118K->324914K(1035264K), 0.0031257 secs]
216.944: Total time for which application threads were stopped: 0.0032912 seconds, Stopping threads took: 0.0000194 seconds
217.011: [GC (Allocation Failure)  647474K->328972K(1036288K), 0.0045353 secs]
217.016: Total time for which application threads were stopped: 0.0047057 seconds, Stopping threads took: 0.0000197 seconds
217.084: [GC (Allocation Failure)  653068K->332940K(1035776K), 0.0044621 secs]
217.088: Total time for which application threads were stopped: 0.0046343 seconds, Stopping threads took: 0.0000211 seconds
217.155: [GC (Allocation Failure)  657036K->332972K(1035776K), 0.0041505 secs]
217.159: Total time for which application threads were stopped: 0.0043118 seconds, Stopping threads took: 0.0000206 seconds
217.229: [GC (Allocation Failure)  656556K->333004K(1023488K), 0.0042436 secs]
217.233: Total time for which application threads were stopped: 0.0044091 seconds, Stopping threads took: 0.0000194 seconds
217.301: [GC (Allocation Failure)  656588K->340974K(1035264K), 0.0041732 secs]
217.305: Total time for which application threads were stopped: 0.0043419 seconds, Stopping threads took: 0.0000267 seconds
217.374: [GC (Allocation Failure)  663534K->340974K(1030144K), 0.0043058 secs]
217.379: Total time for which application threads were stopped: 0.0044916 seconds, Stopping threads took: 0.0000261 seconds
217.449: [GC (Allocation Failure)  663534K->341030K(1034752K), 0.0044288 secs]
217.453: Total time for which application threads were stopped: 0.0045966 seconds, Stopping threads took: 0.0000202 seconds
217.521: [GC (Allocation Failure)  662566K->349001K(1034752K), 0.0041887 secs]
217.525: Total time for which application threads were stopped: 0.0043513 seconds, Stopping threads took: 0.0000198 seconds
217.593: [GC (Allocation Failure)  670537K->349001K(1033728K), 0.0044777 secs]
217.598: Total time for which application threads were stopped: 0.0046562 seconds, Stopping threads took: 0.0000209 seconds
217.665: [GC (Allocation Failure)  669513K->349185K(1034240K), 0.0063466 secs]
217.672: Total time for which application threads were stopped: 0.0065150 seconds, Stopping threads took: 0.0000215 seconds
217.740: [GC (Allocation Failure)  669697K->357059K(1034240K), 0.0044867 secs]
217.745: Total time for which application threads were stopped: 0.0046578 seconds, Stopping threads took: 0.0000204 seconds
217.813: [GC (Allocation Failure)  677571K->357027K(1034240K), 0.0040808 secs]
217.817: Total time for which application threads were stopped: 0.0042489 seconds, Stopping threads took: 0.0000288 seconds
217.884: [GC (Allocation Failure)  677539K->357483K(1033216K), 0.0042505 secs]
217.888: Total time for which application threads were stopped: 0.0044454 seconds, Stopping threads took: 0.0000204 seconds
217.956: [GC (Allocation Failure)  676971K->365069K(1033728K), 0.0045127 secs]
217.961: Total time for which application threads were stopped: 0.0046867 seconds, Stopping threads took: 0.0000196 seconds
218.029: [GC (Allocation Failure)  684557K->365069K(1033728K), 0.0043810 secs]
218.033: Total time for which application threads were stopped: 0.0045655 seconds, Stopping threads took: 0.0000214 seconds
218.098: [GC (Allocation Failure)  684557K->365197K(1033728K), 0.0042532 secs]
218.102: Total time for which application threads were stopped: 0.0044291 seconds, Stopping threads took: 0.0000200 seconds
218.169: [GC (Allocation Failure)  684685K->373135K(1033728K), 0.0043632 secs]
218.174: Total time for which application threads were stopped: 0.0045518 seconds, Stopping threads took: 0.0000214 seconds
218.244: [GC (Allocation Failure)  692623K->373135K(1033728K), 0.0042993 secs]
218.248: Total time for which application threads were stopped: 0.0044650 seconds, Stopping threads took: 0.0000265 seconds
218.316: [GC (Allocation Failure)  692623K->373159K(1033728K), 0.0042390 secs]
218.320: Total time for which application threads were stopped: 0.0044518 seconds, Stopping threads took: 0.0000266 seconds
218.389: [GC (Allocation Failure)  692647K->381130K(1027072K), 0.0042423 secs]
218.393: Total time for which application threads were stopped: 0.0044007 seconds, Stopping threads took: 0.0000181 seconds
218.460: [GC (Allocation Failure)  700617K->377255K(1034240K), 0.0032608 secs]
218.463: Total time for which application threads were stopped: 0.0034297 seconds, Stopping threads took: 0.0000192 seconds
218.531: [GC (Allocation Failure)  696743K->381290K(1033216K), 0.0044700 secs]
218.536: Total time for which application threads were stopped: 0.0046427 seconds, Stopping threads took: 0.0000208 seconds
218.603: [GC (Allocation Failure)  700778K->385258K(1034752K), 0.0044167 secs]
218.608: Total time for which application threads were stopped: 0.0045825 seconds, Stopping threads took: 0.0000267 seconds
218.676: [GC (Allocation Failure)  706794K->378471K(1034752K), 0.0031424 secs]
218.679: Total time for which application threads were stopped: 0.0033308 seconds, Stopping threads took: 0.0000184 seconds
218.747: [GC (Allocation Failure)  700007K->385298K(1034752K), 0.0041814 secs]
218.751: Total time for which application threads were stopped: 0.0043411 seconds, Stopping threads took: 0.0000197 seconds
218.818: [GC (Allocation Failure)  706834K->389442K(1034752K), 0.0053822 secs]
218.823: Total time for which application threads were stopped: 0.0055507 seconds, Stopping threads took: 0.0000288 seconds
218.889: [GC (Allocation Failure)  710978K->383839K(1034752K), 0.0023262 secs]
218.891: Total time for which application threads were stopped: 0.0024765 seconds, Stopping threads took: 0.0000200 seconds
218.959: [GC (Allocation Failure)  705375K->389682K(1034752K), 0.0044593 secs]
218.963: Total time for which application threads were stopped: 0.0046499 seconds, Stopping threads took: 0.0000201 seconds
219.032: [GC (Allocation Failure)  711218K->393586K(1034752K), 0.0047661 secs]
219.037: Total time for which application threads were stopped: 0.0049297 seconds, Stopping threads took: 0.0000199 seconds
219.104: [GC (Allocation Failure)  716074K->389647K(1035264K), 0.0032729 secs]
219.107: Total time for which application threads were stopped: 0.0034400 seconds, Stopping threads took: 0.0000200 seconds
219.177: [GC (Allocation Failure)  712207K->393706K(1036288K), 0.0046655 secs]
219.182: Total time for which application threads were stopped: 0.0049726 seconds, Stopping threads took: 0.0000198 seconds
219.249: [GC (Allocation Failure)  717802K->397674K(1035776K), 0.0044124 secs]
219.254: Total time for which application threads were stopped: 0.0045794 seconds, Stopping threads took: 0.0000204 seconds
219.323: [GC (Allocation Failure)  721770K->397674K(1035776K), 0.0044006 secs]
219.327: Total time for which application threads were stopped: 0.0045694 seconds, Stopping threads took: 0.0000286 seconds
219.395: [GC (Allocation Failure)  721258K->397730K(1023488K), 0.0046382 secs]
219.400: Total time for which application threads were stopped: 0.0048048 seconds, Stopping threads took: 0.0000196 seconds
219.466: [GC (Allocation Failure)  721314K->405700K(1035264K), 0.0074418 secs]
219.473: Total time for which application threads were stopped: 0.0076184 seconds, Stopping threads took: 0.0000197 seconds
219.543: [GC (Allocation Failure)  728260K->405700K(1030144K), 0.0044630 secs]
219.547: Total time for which application threads were stopped: 0.0046470 seconds, Stopping threads took: 0.0000219 seconds
219.615: [GC (Allocation Failure)  728260K->405764K(1034752K), 0.0046686 secs]
219.620: Total time for which application threads were stopped: 0.0048341 seconds, Stopping threads took: 0.0000200 seconds
219.688: [GC (Allocation Failure)  727300K->413734K(1034752K), 0.0073968 secs]
219.695: Total time for which application threads were stopped: 0.0075542 seconds, Stopping threads took: 0.0000172 seconds
219.763: [GC (Allocation Failure)  735270K->413766K(1033728K), 0.0041261 secs]
219.767: Total time for which application threads were stopped: 0.0043277 seconds, Stopping threads took: 0.0000504 seconds
219.835: [GC (Allocation Failure)  734278K->413998K(1034240K), 0.0047586 secs]
219.839: Total time for which application threads were stopped: 0.0049364 seconds, Stopping threads took: 0.0000257 seconds
219.907: [GC (Allocation Failure)  734510K->421808K(1034240K), 0.0042964 secs]
219.911: Total time for which application threads were stopped: 0.0044820 seconds, Stopping threads took: 0.0000251 seconds
219.979: [GC (Allocation Failure)  742320K->421776K(1034240K), 0.0045361 secs]
219.984: Total time for which application threads were stopped: 0.0047175 seconds, Stopping threads took: 0.0000213 seconds
220.050: [GC (Allocation Failure)  742288K->422216K(1033216K), 0.0046008 secs]
220.055: Total time for which application threads were stopped: 0.0047788 seconds, Stopping threads took: 0.0000200 seconds
220.125: [GC (Allocation Failure)  741704K->429835K(1033728K), 0.0044932 secs]
220.129: Total time for which application threads were stopped: 0.0046549 seconds, Stopping threads took: 0.0000201 seconds
220.197: [GC (Allocation Failure)  749323K->429803K(1033728K), 0.0043546 secs]
220.202: Total time for which application threads were stopped: 0.0045486 seconds, Stopping threads took: 0.0000199 seconds
220.268: [GC (Allocation Failure)  749291K->429931K(1033728K), 0.0046547 secs]
220.272: Total time for which application threads were stopped: 0.0048231 seconds, Stopping threads took: 0.0000200 seconds
220.340: [GC (Allocation Failure)  749419K->437869K(1033728K), 0.0043950 secs]
220.345: Total time for which application threads were stopped: 0.0045644 seconds, Stopping threads took: 0.0000280 seconds
220.412: [GC (Allocation Failure)  757357K->437837K(1033728K), 0.0045685 secs]
220.416: Total time for which application threads were stopped: 0.0047363 seconds, Stopping threads took: 0.0000190 seconds
220.483: [GC (Allocation Failure)  757325K->437893K(1033728K), 0.0046157 secs]
220.488: Total time for which application threads were stopped: 0.0047767 seconds, Stopping threads took: 0.0000203 seconds
220.554: [GC (Allocation Failure)  757381K->445863K(1027072K), 0.0046761 secs]
220.559: Total time for which application threads were stopped: 0.0048559 seconds, Stopping threads took: 0.0000198 seconds
220.624: [GC (Allocation Failure)  765351K->441989K(1034240K), 0.0036237 secs]
220.628: Total time for which application threads were stopped: 0.0037851 seconds, Stopping threads took: 0.0000260 seconds
220.697: [GC (Allocation Failure)  761477K->446023K(1033216K), 0.0046626 secs]
220.702: Total time for which application threads were stopped: 0.0048262 seconds, Stopping threads took: 0.0000170 seconds
220.770: [GC (Allocation Failure)  765511K->449991K(1034752K), 0.0045012 secs]
220.774: Total time for which application threads were stopped: 0.0046815 seconds, Stopping threads took: 0.0000198 seconds
220.842: [GC (Allocation Failure)  771527K->443205K(1034752K), 0.0020353 secs]
220.844: Total time for which application threads were stopped: 0.0021748 seconds, Stopping threads took: 0.0000196 seconds
220.911: [GC (Allocation Failure)  764741K->450063K(1034752K), 0.0045451 secs]
220.916: Total time for which application threads were stopped: 0.0047000 seconds, Stopping threads took: 0.0000186 seconds
220.982: [GC (Allocation Failure)  771599K->454175K(1034752K), 0.0054046 secs]
220.987: Total time for which application threads were stopped: 0.0055912 seconds, Stopping threads took: 0.0000191 seconds
221.055: [GC (Allocation Failure)  775711K->448605K(1034752K), 0.0025218 secs]
221.057: Total time for which application threads were stopped: 0.0026917 seconds, Stopping threads took: 0.0000200 seconds
221.127: [GC (Allocation Failure)  770141K->454439K(1034752K), 0.0046136 secs]
221.131: Total time for which application threads were stopped: 0.0047840 seconds, Stopping threads took: 0.0000190 seconds
221.199: [GC (Allocation Failure)  775975K->458279K(1035264K), 0.0049319 secs]
221.204: Total time for which application threads were stopped: 0.0051073 seconds, Stopping threads took: 0.0000195 seconds
221.271: [GC (Allocation Failure)  780768K->454373K(1035264K), 0.0033661 secs]
221.274: Total time for which application threads were stopped: 0.0035289 seconds, Stopping threads took: 0.0000210 seconds
221.346: [GC (Allocation Failure)  776933K->458415K(1036288K), 0.0045053 secs]
221.351: Total time for which application threads were stopped: 0.0046629 seconds, Stopping threads took: 0.0000171 seconds
221.419: [GC (Allocation Failure)  782511K->462415K(1035776K), 0.0045999 secs]
221.423: Total time for which application threads were stopped: 0.0047624 seconds, Stopping threads took: 0.0000205 seconds
221.493: [GC (Allocation Failure)  786511K->462415K(1035776K), 0.0043418 secs]
221.498: Total time for which application threads were stopped: 0.0045423 seconds, Stopping threads took: 0.0000276 seconds
221.567: [GC (Allocation Failure)  785999K->462471K(1023488K), 0.0046348 secs]
221.572: Total time for which application threads were stopped: 0.0048053 seconds, Stopping threads took: 0.0000204 seconds
221.638: [GC (Allocation Failure)  786055K->470442K(1035264K), 0.0046557 secs]
221.643: Total time for which application threads were stopped: 0.0048229 seconds, Stopping threads took: 0.0000201 seconds
221.712: [GC (Allocation Failure)  793002K->470474K(1030144K), 0.0044010 secs]
221.716: Total time for which application threads were stopped: 0.0045602 seconds, Stopping threads took: 0.0000208 seconds
221.784: [GC (Allocation Failure)  793034K->470506K(1034752K), 0.0044020 secs]
221.788: Total time for which application threads were stopped: 0.0045930 seconds, Stopping threads took: 0.0000198 seconds
221.857: [GC (Allocation Failure)  792042K->478476K(1029120K), 0.0047828 secs]
221.862: Total time for which application threads were stopped: 0.0049508 seconds, Stopping threads took: 0.0000261 seconds
221.930: [GC (Allocation Failure)  800012K->478476K(1034240K), 0.0045190 secs]
221.935: Total time for which application threads were stopped: 0.0046889 seconds, Stopping threads took: 0.0000203 seconds
222.002: [GC (Allocation Failure)  798988K->478732K(1034240K), 0.0046256 secs]
222.007: Total time for which application threads were stopped: 0.0048288 seconds, Stopping threads took: 0.0000220 seconds
222.077: [GC (Allocation Failure)  799244K->486510K(1034240K), 0.0045242 secs]
222.081: Total time for which application threads were stopped: 0.0046847 seconds, Stopping threads took: 0.0000203 seconds
222.150: [GC (Allocation Failure)  807022K->486510K(1034240K), 0.0046714 secs]
222.154: Total time for which application threads were stopped: 0.0048571 seconds, Stopping threads took: 0.0000228 seconds
222.222: [GC (Allocation Failure)  807022K->486958K(1033216K), 0.0044648 secs]
222.226: Total time for which application threads were stopped: 0.0046749 seconds, Stopping threads took: 0.0000202 seconds
222.295: [GC (Allocation Failure)  806446K->494544K(1033728K), 0.0044446 secs]
222.300: Total time for which application threads were stopped: 0.0045980 seconds, Stopping threads took: 0.0000256 seconds
222.368: [GC (Allocation Failure)  814032K->494544K(1033728K), 0.0045245 secs]
222.373: Total time for which application threads were stopped: 0.0047042 seconds, Stopping threads took: 0.0000174 seconds
222.439: [GC (Allocation Failure)  814032K->494664K(1033728K), 0.0047176 secs]
222.444: Total time for which application threads were stopped: 0.0049041 seconds, Stopping threads took: 0.0000199 seconds
222.512: [GC (Allocation Failure)  814152K->502571K(1033728K), 0.0044346 secs]
222.516: Total time for which application threads were stopped: 0.0046134 seconds, Stopping threads took: 0.0000198 seconds
222.584: [GC (Allocation Failure)  822059K->502603K(1033728K), 0.0045457 secs]
222.589: Total time for which application threads were stopped: 0.0047197 seconds, Stopping threads took: 0.0000202 seconds
222.657: [GC (Allocation Failure)  822091K->502635K(1033728K), 0.0046674 secs]
222.662: Total time for which application threads were stopped: 0.0048266 seconds, Stopping threads took: 0.0000198 seconds
222.729: [GC (Allocation Failure)  822123K->510605K(1027072K), 0.0046501 secs]
222.734: Total time for which application threads were stopped: 0.0048158 seconds, Stopping threads took: 0.0000191 seconds
222.799: [GC (Allocation Failure)  830092K->506667K(1034240K), 0.0035940 secs]
222.802: Total time for which application threads were stopped: 0.0037651 seconds, Stopping threads took: 0.0000255 seconds
222.870: [GC (Allocation Failure)  826155K->510757K(1033216K), 0.0047707 secs]
222.875: Total time for which application threads were stopped: 0.0049426 seconds, Stopping threads took: 0.0000196 seconds
222.942: [GC (Allocation Failure)  830245K->514725K(1034752K), 0.0044478 secs]
222.947: Total time for which application threads were stopped: 0.0046658 seconds, Stopping threads took: 0.0000196 seconds
223.015: [GC (Allocation Failure)  836261K->507939K(1034752K), 0.0019570 secs]
223.017: Total time for which application threads were stopped: 0.0020917 seconds, Stopping threads took: 0.0000176 seconds
223.086: [GC (Allocation Failure)  829475K->514829K(1034752K), 0.0047036 secs]
223.091: Total time for which application threads were stopped: 0.0048640 seconds, Stopping threads took: 0.0000188 seconds
223.159: [GC (Allocation Failure)  836365K->518845K(1034752K), 0.0054550 secs]
223.164: Total time for which application threads were stopped: 0.0056164 seconds, Stopping threads took: 0.0000193 seconds
223.229: [GC (Allocation Failure)  840381K->513339K(1034752K), 0.0027305 secs]
223.232: Total time for which application threads were stopped: 0.0029007 seconds, Stopping threads took: 0.0000198 seconds
223.301: [GC (Allocation Failure)  834875K->519141K(1034752K), 0.0045544 secs]
223.306: Total time for which application threads were stopped: 0.0047179 seconds, Stopping threads took: 0.0000252 seconds
223.375: [GC (Allocation Failure)  840677K->523013K(1034752K), 0.0048845 secs]
223.380: Total time for which application threads were stopped: 0.0050773 seconds, Stopping threads took: 0.0000199 seconds
223.448: [GC (Allocation Failure)  845501K->519107K(1035264K), 0.0035547 secs]
223.452: Total time for which application threads were stopped: 0.0037321 seconds, Stopping threads took: 0.0000198 seconds
223.520: [GC (Allocation Failure)  841667K->523181K(1036288K), 0.0046363 secs]
223.524: Total time for which application threads were stopped: 0.0048010 seconds, Stopping threads took: 0.0000198 seconds
223.592: [GC (Allocation Failure)  847277K->527149K(1035776K), 0.0046265 secs]
223.597: Total time for which application threads were stopped: 0.0047974 seconds, Stopping threads took: 0.0000284 seconds
223.665: [GC (Allocation Failure)  851245K->527117K(1035776K), 0.0082252 secs]
223.673: Total time for which application threads were stopped: 0.0083889 seconds, Stopping threads took: 0.0000197 seconds
223.742: [GC (Allocation Failure)  850701K->527213K(1023488K), 0.0048489 secs]
223.747: Total time for which application threads were stopped: 0.0050177 seconds, Stopping threads took: 0.0000200 seconds
223.813: [GC (Allocation Failure)  850797K->535215K(1035264K), 0.0045338 secs]
223.818: Total time for which application threads were stopped: 0.0047073 seconds, Stopping threads took: 0.0000263 seconds
223.887: [GC (Allocation Failure)  857775K->535183K(1030144K), 0.0046369 secs]
223.892: Total time for which application threads were stopped: 0.0048056 seconds, Stopping threads took: 0.0000176 seconds
223.960: [GC (Allocation Failure)  857743K->535239K(1034752K), 0.0047374 secs]
223.964: Total time for which application threads were stopped: 0.0049113 seconds, Stopping threads took: 0.0000205 seconds
224.033: [GC (Allocation Failure)  856775K->543209K(1034752K), 0.0048718 secs]
224.038: Total time for which application threads were stopped: 0.0050321 seconds, Stopping threads took: 0.0000207 seconds
224.108: [GC (Allocation Failure)  864745K->543209K(1033728K), 0.0044640 secs]
224.113: Total time for which application threads were stopped: 0.0046561 seconds, Stopping threads took: 0.0000198 seconds
224.181: [GC (Allocation Failure)  863721K->543465K(1034240K), 0.0045883 secs]
224.186: Total time for which application threads were stopped: 0.0047397 seconds, Stopping threads took: 0.0000182 seconds
224.254: [GC (Allocation Failure)  863977K->551244K(1034240K), 0.0046877 secs]
224.258: Total time for which application threads were stopped: 0.0048496 seconds, Stopping threads took: 0.0000200 seconds
224.327: [GC (Allocation Failure)  871756K->551244K(1034240K), 0.0063542 secs]
224.334: Total time for which application threads were stopped: 0.0065301 seconds, Stopping threads took: 0.0000268 seconds
224.401: [GC (Allocation Failure)  871756K->551692K(1033216K), 0.0048708 secs]
224.406: Total time for which application threads were stopped: 0.0050538 seconds, Stopping threads took: 0.0000267 seconds
224.474: [GC (Allocation Failure)  871180K->559278K(1033728K), 0.0047296 secs]
224.479: Total time for which application threads were stopped: 0.0048981 seconds, Stopping threads took: 0.0000219 seconds
224.546: [GC (Allocation Failure)  878766K->559278K(1033728K), 0.0045955 secs]
224.551: Total time for which application threads were stopped: 0.0047551 seconds, Stopping threads took: 0.0000198 seconds
224.616: [GC (Allocation Failure)  878766K->559398K(1033728K), 0.0048752 secs]
224.621: Total time for which application threads were stopped: 0.0050412 seconds, Stopping threads took: 0.0000195 seconds
224.690: [GC (Allocation Failure)  878886K->567304K(1033728K), 0.0046970 secs]
224.695: Total time for which application threads were stopped: 0.0048518 seconds, Stopping threads took: 0.0000178 seconds
224.762: [GC (Allocation Failure)  886792K->567304K(1033728K), 0.0049401 secs]
224.767: Total time for which application threads were stopped: 0.0050982 seconds, Stopping threads took: 0.0000194 seconds
224.835: [GC (Allocation Failure)  886792K->567368K(1033728K), 0.0048794 secs]
224.840: Total time for which application threads were stopped: 0.0050388 seconds, Stopping threads took: 0.0000280 seconds
224.907: [GC (Allocation Failure)  886856K->575370K(1027072K), 0.0047309 secs]
224.912: Total time for which application threads were stopped: 0.0049211 seconds, Stopping threads took: 0.0000202 seconds
224.978: [GC (Allocation Failure)  894858K->571464K(1034240K), 0.0038894 secs]
224.982: Total time for which application threads were stopped: 0.0040346 seconds, Stopping threads took: 0.0000168 seconds
225.050: [GC (Allocation Failure)  890952K->575498K(1033216K), 0.0048006 secs]
225.055: Total time for which application threads were stopped: 0.0049602 seconds, Stopping threads took: 0.0000193 seconds
225.122: [GC (Allocation Failure)  894986K->579466K(1034752K), 0.0047509 secs]
225.127: Total time for which application threads were stopped: 0.0049549 seconds, Stopping threads took: 0.0000197 seconds
225.195: [GC (Allocation Failure)  901002K->572680K(1034752K), 0.0022026 secs]
225.198: Total time for which application threads were stopped: 0.0023633 seconds, Stopping threads took: 0.0000167 seconds
225.265: [GC (Allocation Failure)  894216K->579498K(1034752K), 0.0047474 secs]
225.270: Total time for which application threads were stopped: 0.0049266 seconds, Stopping threads took: 0.0000196 seconds
225.337: [GC (Allocation Failure)  901034K->583610K(1034752K), 0.0056956 secs]
225.343: Total time for which application threads were stopped: 0.0058648 seconds, Stopping threads took: 0.0000269 seconds
225.409: [GC (Allocation Failure)  905146K->578072K(1034752K), 0.0029930 secs]
225.412: Total time for which application threads were stopped: 0.0031624 seconds, Stopping threads took: 0.0000256 seconds
225.479: [GC (Allocation Failure)  899608K->583882K(1034752K), 0.0046602 secs]
225.484: Total time for which application threads were stopped: 0.0048297 seconds, Stopping threads took: 0.0000205 seconds
225.551: [GC (Allocation Failure)  905418K->587754K(1034752K), 0.0051139 secs]
225.556: Total time for which application threads were stopped: 0.0052907 seconds, Stopping threads took: 0.0000213 seconds
225.625: [GC (Allocation Failure)  910243K->583848K(1035264K), 0.0035925 secs]
225.629: Total time for which application threads were stopped: 0.0037556 seconds, Stopping threads took: 0.0000205 seconds
225.698: [GC (Allocation Failure)  906408K->587914K(1036288K), 0.0048502 secs]
225.703: Total time for which application threads were stopped: 0.0050315 seconds, Stopping threads took: 0.0000202 seconds
225.772: [GC (Allocation Failure)  912010K->591914K(1035776K), 0.0048054 secs]
225.777: Total time for which application threads were stopped: 0.0049702 seconds, Stopping threads took: 0.0000211 seconds
225.848: [GC (Allocation Failure)  916010K->591914K(1035776K), 0.0045473 secs]
225.852: Total time for which application threads were stopped: 0.0047176 seconds, Stopping threads took: 0.0000276 seconds
225.920: [GC (Allocation Failure)  915498K->591946K(1023488K), 0.0048547 secs]
225.925: Total time for which application threads were stopped: 0.0050261 seconds, Stopping threads took: 0.0000203 seconds
225.992: [GC (Allocation Failure)  915530K->599917K(1035264K), 0.0047623 secs]
225.997: Total time for which application threads were stopped: 0.0049438 seconds, Stopping threads took: 0.0000204 seconds
226.065: [GC (Allocation Failure)  922477K->599917K(1030144K), 0.0047189 secs]
226.070: Total time for which application threads were stopped: 0.0048810 seconds, Stopping threads took: 0.0000199 seconds
226.137: [GC (Allocation Failure)  922477K->599981K(1034752K), 0.0048310 secs]
226.142: Total time for which application threads were stopped: 0.0050114 seconds, Stopping threads took: 0.0000201 seconds
226.210: [GC (Allocation Failure)  921517K->607951K(1034752K), 0.0049983 secs]
226.215: Total time for which application threads were stopped: 0.0051762 seconds, Stopping threads took: 0.0000214 seconds
226.284: [GC (Allocation Failure)  929487K->607951K(1033728K), 0.0045156 secs]
226.288: Total time for which application threads were stopped: 0.0047228 seconds, Stopping threads took: 0.0000299 seconds
226.357: [GC (Allocation Failure)  928463K->608199K(1034240K), 0.0048108 secs]
226.362: Total time for which application threads were stopped: 0.0049693 seconds, Stopping threads took: 0.0000198 seconds
226.429: [GC (Allocation Failure)  928711K->615977K(1034240K), 0.0069564 secs]
226.436: Total time for which application threads were stopped: 0.0071123 seconds, Stopping threads took: 0.0000194 seconds
226.505: [GC (Allocation Failure)  936489K->615945K(1034240K), 0.0047551 secs]
226.510: Total time for which application threads were stopped: 0.0049222 seconds, Stopping threads took: 0.0000197 seconds
226.576: [GC (Allocation Failure)  936457K->616425K(1034240K), 0.0051864 secs]
226.582: Total time for which application threads were stopped: 0.0053565 seconds, Stopping threads took: 0.0000197 seconds
226.649: [GC (Allocation Failure)  936937K->624044K(1028096K), 0.0046850 secs]
226.654: Total time for which application threads were stopped: 0.0048406 seconds, Stopping threads took: 0.0000193 seconds
226.721: [GC (Allocation Failure)  944556K->623980K(1033728K), 0.0049154 secs]
226.726: Total time for which application threads were stopped: 0.0050878 seconds, Stopping threads took: 0.0000202 seconds
226.791: [GC (Allocation Failure)  943468K->624164K(1033728K), 0.0050245 secs]
226.796: Total time for which application threads were stopped: 0.0051811 seconds, Stopping threads took: 0.0000194 seconds
226.865: [GC (Allocation Failure)  943652K->632070K(1033728K), 0.0046770 secs]
226.870: Total time for which application threads were stopped: 0.0048442 seconds, Stopping threads took: 0.0000196 seconds
226.937: [GC (Allocation Failure)  951558K->632070K(1033728K), 0.0047032 secs]
226.942: Total time for which application threads were stopped: 0.0048891 seconds, Stopping threads took: 0.0000200 seconds
227.008: [GC (Allocation Failure)  951558K->632102K(1033728K), 0.0048781 secs]
227.013: Total time for which application threads were stopped: 0.0050405 seconds, Stopping threads took: 0.0000200 seconds
227.078: [GC (Allocation Failure)  951590K->640072K(1027072K), 0.0050429 secs]
227.084: Total time for which application threads were stopped: 0.0052055 seconds, Stopping threads took: 0.0000193 seconds
227.148: [GC (Allocation Failure)  959560K->636134K(1034240K), 0.0041404 secs]
227.152: Total time for which application threads were stopped: 0.0043200 seconds, Stopping threads took: 0.0000209 seconds
227.222: [GC (Allocation Failure)  955622K->640240K(1033216K), 0.0051031 secs]
227.227: Total time for which application threads were stopped: 0.0052671 seconds, Stopping threads took: 0.0000198 seconds
227.296: [GC (Allocation Failure)  959728K->644208K(1034752K), 0.0048174 secs]
227.301: Total time for which application threads were stopped: 0.0049731 seconds, Stopping threads took: 0.0000264 seconds
227.368: [GC (Allocation Failure)  965744K->637422K(1034752K), 0.0023658 secs]
227.370: Total time for which application threads were stopped: 0.0025151 seconds, Stopping threads took: 0.0000202 seconds
227.437: [GC (Allocation Failure)  958958K->644248K(1034752K), 0.0048715 secs]
227.442: Total time for which application threads were stopped: 0.0050543 seconds, Stopping threads took: 0.0000201 seconds
227.509: [GC (Allocation Failure)  965784K->648360K(1034752K), 0.0057565 secs]
227.515: Total time for which application threads were stopped: 0.0059335 seconds, Stopping threads took: 0.0000214 seconds
227.581: [GC (Allocation Failure)  969896K->642822K(1034752K), 0.0029799 secs]
227.584: Total time for which application threads were stopped: 0.0031481 seconds, Stopping threads took: 0.0000215 seconds
227.651: [GC (Allocation Failure)  964358K->648624K(1034752K), 0.0047607 secs]
227.656: Total time for which application threads were stopped: 0.0049583 seconds, Stopping threads took: 0.0000207 seconds
227.726: [GC (Allocation Failure)  970160K->652496K(1034752K), 0.0053380 secs]
227.732: Total time for which application threads were stopped: 0.0055065 seconds, Stopping threads took: 0.0000197 seconds
227.799: [GC (Allocation Failure)  974984K->648590K(1035264K), 0.0039433 secs]
227.803: Total time for which application threads were stopped: 0.0041125 seconds, Stopping threads took: 0.0000209 seconds
227.872: [GC (Allocation Failure)  971150K->652656K(1036288K), 0.0050671 secs]
227.877: Total time for which application threads were stopped: 0.0052522 seconds, Stopping threads took: 0.0000263 seconds
227.946: [GC (Allocation Failure)  976752K->656624K(1035776K), 0.0049498 secs]
227.951: Total time for which application threads were stopped: 0.0051507 seconds, Stopping threads took: 0.0000280 seconds
228.021: [GC (Allocation Failure)  980720K->656624K(1035776K), 0.0048069 secs]
228.026: Total time for which application threads were stopped: 0.0049604 seconds, Stopping threads took: 0.0000180 seconds
228.095: [GC (Allocation Failure)  980208K->656680K(1023488K), 0.0048505 secs]
228.100: Total time for which application threads were stopped: 0.0050186 seconds, Stopping threads took: 0.0000257 seconds
228.167: [GC (Allocation Failure)  980264K->664650K(1035264K), 0.0050721 secs]
228.172: Total time for which application threads were stopped: 0.0052381 seconds, Stopping threads took: 0.0000257 seconds
228.240: [GC (Allocation Failure)  987210K->664650K(1030144K), 0.0048951 secs]
228.245: Total time for which application threads were stopped: 0.0050519 seconds, Stopping threads took: 0.0000191 seconds
228.314: [GC (Allocation Failure)  987210K->664714K(1034752K), 0.0049367 secs]
228.319: Total time for which application threads were stopped: 0.0051130 seconds, Stopping threads took: 0.0000264 seconds
228.386: [GC (Allocation Failure)  986250K->672685K(1034752K), 0.0051367 secs]
228.391: Total time for which application threads were stopped: 0.0053063 seconds, Stopping threads took: 0.0000199 seconds
228.461: [GC (Allocation Failure)  994221K->672653K(1033728K), 0.0046796 secs]
228.466: Total time for which application threads were stopped: 0.0048575 seconds, Stopping threads took: 0.0000198 seconds
228.533: [GC (Allocation Failure)  993165K->672941K(1034240K), 0.0050918 secs]
228.539: Total time for which application threads were stopped: 0.0052518 seconds, Stopping threads took: 0.0000200 seconds
228.606: [GC (Allocation Failure)  993453K->680719K(1034240K), 0.0047228 secs]
228.611: Total time for which application threads were stopped: 0.0048996 seconds, Stopping threads took: 0.0000207 seconds
228.682: [GC (Allocation Failure)  1001231K->680719K(1034240K), 0.0085610 secs]
228.691: Total time for which application threads were stopped: 0.0087118 seconds, Stopping threads took: 0.0000259 seconds
228.758: [GC (Allocation Failure)  1001231K->681159K(1034240K), 0.0050685 secs]
228.763: Total time for which application threads were stopped: 0.0052332 seconds, Stopping threads took: 0.0000208 seconds
228.831: [GC (Allocation Failure)  1001671K->688777K(1028096K), 0.0048235 secs]
228.836: Total time for which application threads were stopped: 0.0049893 seconds, Stopping threads took: 0.0000265 seconds
228.903: [GC (Allocation Failure)  1009289K->688745K(1033728K), 0.0049421 secs]
228.908: Total time for which application threads were stopped: 0.0051137 seconds, Stopping threads took: 0.0000202 seconds
228.973: [GC (Allocation Failure)  1008233K->688905K(1033728K), 0.0052007 secs]
228.978: [Full GC (Ergonomics)  688905K->8594K(1033728K), 0.0126241 secs]
228.991: Total time for which application threads were stopped: 0.0180909 seconds, Stopping threads took: 0.0000204 seconds
229.059: [GC (Allocation Failure)  328082K->17077K(1032704K), 0.0036089 secs]
229.062: Total time for which application threads were stopped: 0.0037760 seconds, Stopping threads took: 0.0000202 seconds
229.128: [GC (Allocation Failure)  335541K->17109K(1033216K), 0.0037486 secs]
229.132: Total time for which application threads were stopped: 0.0039093 seconds, Stopping threads took: 0.0000196 seconds
229.198: [GC (Allocation Failure)  335573K->17165K(1033216K), 0.0036207 secs]
229.202: Total time for which application threads were stopped: 0.0037885 seconds, Stopping threads took: 0.0000196 seconds
229.268: [GC (Allocation Failure)  335629K->25167K(1033216K), 0.0039085 secs]
229.272: Total time for which application threads were stopped: 0.0040786 seconds, Stopping threads took: 0.0000197 seconds
229.339: [GC (Allocation Failure)  343631K->19565K(1033728K), 0.0013314 secs]
229.340: Total time for which application threads were stopped: 0.0015064 seconds, Stopping threads took: 0.0000276 seconds
229.409: [GC (Allocation Failure)  338541K->25391K(1033216K), 0.0037205 secs]
229.413: Total time for which application threads were stopped: 0.0038733 seconds, Stopping threads took: 0.0000180 seconds
229.480: [GC (Allocation Failure)  344367K->29311K(1034240K), 0.0038795 secs]
229.484: Total time for which application threads were stopped: 0.0040431 seconds, Stopping threads took: 0.0000195 seconds
229.551: [GC (Allocation Failure)  349823K->35197K(1034240K), 0.0062779 secs]
229.558: Total time for which application threads were stopped: 0.0064463 seconds, Stopping threads took: 0.0000192 seconds
229.625: [GC (Allocation Failure)  355709K->29439K(1030144K), 0.0040908 secs]
229.629: Total time for which application threads were stopped: 0.0042474 seconds, Stopping threads took: 0.0000193 seconds
229.697: [GC (Allocation Failure)  345855K->29279K(1032192K), 0.0037799 secs]
229.701: Total time for which application threads were stopped: 0.0039418 seconds, Stopping threads took: 0.0000193 seconds
229.767: [GC (Allocation Failure)  345695K->25149K(1033216K), 0.0020825 secs]
229.769: Total time for which application threads were stopped: 0.0022685 seconds, Stopping threads took: 0.0000199 seconds
229.839: [GC (Allocation Failure)  343101K->29375K(1032704K), 0.0036840 secs]
229.843: Total time for which application threads were stopped: 0.0038571 seconds, Stopping threads took: 0.0000268 seconds
229.909: [GC (Allocation Failure)  347327K->29311K(1033728K), 0.0037662 secs]
229.913: Total time for which application threads were stopped: 0.0039297 seconds, Stopping threads took: 0.0000263 seconds
229.979: [GC (Allocation Failure)  348287K->32871K(1033216K), 0.0045814 secs]
229.984: Total time for which application threads were stopped: 0.0047797 seconds, Stopping threads took: 0.0000206 seconds
230.053: [GC (Allocation Failure)  351847K->37385K(1034240K), 0.0034938 secs]
230.056: Total time for which application threads were stopped: 0.0036517 seconds, Stopping threads took: 0.0000173 seconds
230.123: [GC (Allocation Failure)  357385K->37321K(1033728K), 0.0038823 secs]
230.126: Total time for which application threads were stopped: 0.0040426 seconds, Stopping threads took: 0.0000195 seconds
230.193: [GC (Allocation Failure)  357321K->40649K(1034240K), 0.0045242 secs]
230.198: Total time for which application threads were stopped: 0.0047087 seconds, Stopping threads took: 0.0000204 seconds
230.267: [GC (Allocation Failure)  361161K->45355K(1034240K), 0.0037378 secs]
230.271: Total time for which application threads were stopped: 0.0038975 seconds, Stopping threads took: 0.0000198 seconds
230.339: [GC (Allocation Failure)  365867K->45355K(1034752K), 0.0064200 secs]
230.346: Total time for which application threads were stopped: 0.0066033 seconds, Stopping threads took: 0.0000279 seconds
230.411: [GC (Allocation Failure)  366891K->47811K(1034752K), 0.0043057 secs]
230.416: Total time for which application threads were stopped: 0.0044664 seconds, Stopping threads took: 0.0000204 seconds
230.484: [GC (Allocation Failure)  369347K->53382K(1034752K), 0.0038064 secs]
230.488: Total time for which application threads were stopped: 0.0039687 seconds, Stopping threads took: 0.0000206 seconds
230.557: [GC (Allocation Failure)  374918K->53414K(1034752K), 0.0036446 secs]
230.560: Total time for which application threads were stopped: 0.0038015 seconds, Stopping threads took: 0.0000190 seconds
230.625: [GC (Allocation Failure)  374950K->57086K(1035264K), 0.0072324 secs]
230.633: Total time for which application threads were stopped: 0.0074120 seconds, Stopping threads took: 0.0000199 seconds
230.701: [GC (Allocation Failure)  379134K->61408K(1034752K), 0.0038545 secs]
230.705: Total time for which application threads were stopped: 0.0040034 seconds, Stopping threads took: 0.0000177 seconds
230.773: [GC (Allocation Failure)  383456K->61408K(1035264K), 0.0037110 secs]
230.777: Total time for which application threads were stopped: 0.0038934 seconds, Stopping threads took: 0.0000198 seconds
230.846: [GC (Allocation Failure)  383968K->64296K(1035264K), 0.0043697 secs]
230.851: Total time for which application threads were stopped: 0.0045547 seconds, Stopping threads took: 0.0000261 seconds
230.918: [GC (Allocation Failure)  386856K->69578K(1035264K), 0.0037927 secs]
230.922: Total time for which application threads were stopped: 0.0039716 seconds, Stopping threads took: 0.0000197 seconds
230.990: [GC (Allocation Failure)  392138K->69450K(1035264K), 0.0037983 secs]
230.994: Total time for which application threads were stopped: 0.0039799 seconds, Stopping threads took: 0.0000311 seconds
231.061: [GC (Allocation Failure)  392010K->72522K(1035264K), 0.0044226 secs]
231.065: Total time for which application threads were stopped: 0.0046164 seconds, Stopping threads took: 0.0000271 seconds
231.135: [GC (Allocation Failure)  395082K->77549K(1035264K), 0.0038242 secs]
231.139: Total time for which application threads were stopped: 0.0039769 seconds, Stopping threads took: 0.0000176 seconds
231.207: [GC (Allocation Failure)  400109K->77453K(1035264K), 0.0037791 secs]
231.211: Total time for which application threads were stopped: 0.0039423 seconds, Stopping threads took: 0.0000207 seconds
231.277: [GC (Allocation Failure)  400013K->72714K(1035264K), 0.0019432 secs]
231.279: Total time for which application threads were stopped: 0.0021093 seconds, Stopping threads took: 0.0000194 seconds
231.350: [GC (Allocation Failure)  395274K->77741K(1035264K), 0.0037595 secs]
231.353: Total time for which application threads were stopped: 0.0039385 seconds, Stopping threads took: 0.0000281 seconds
231.421: [GC (Allocation Failure)  400301K->77485K(1035264K), 0.0038994 secs]
231.425: Total time for which application threads were stopped: 0.0040719 seconds, Stopping threads took: 0.0000211 seconds
231.493: [GC (Allocation Failure)  400045K->77034K(1035776K), 0.0064568 secs]
231.500: Total time for which application threads were stopped: 0.0066382 seconds, Stopping threads took: 0.0000195 seconds
231.570: [GC (Allocation Failure)  400106K->77677K(1035264K), 0.0038098 secs]
231.574: Total time for which application threads were stopped: 0.0039976 seconds, Stopping threads took: 0.0000218 seconds
231.642: [GC (Allocation Failure)  400749K->77453K(1035776K), 0.0037076 secs]
231.645: Total time for which application threads were stopped: 0.0038712 seconds, Stopping threads took: 0.0000203 seconds
231.715: [GC (Allocation Failure)  401037K->83330K(1035776K), 0.0063071 secs]
231.721: Total time for which application threads were stopped: 0.0064751 seconds, Stopping threads took: 0.0000188 seconds
231.790: [GC (Allocation Failure)  406914K->78757K(1032704K), 0.0038447 secs]
231.794: Total time for which application threads were stopped: 0.0040076 seconds, Stopping threads took: 0.0000199 seconds
231.863: [GC (Allocation Failure)  399269K->78629K(1034240K), 0.0037255 secs]
231.866: Total time for which application threads were stopped: 0.0039229 seconds, Stopping threads took: 0.0000288 seconds
231.935: [GC (Allocation Failure)  399141K->85674K(1030656K), 0.0068291 secs]
231.942: Total time for which application threads were stopped: 0.0070111 seconds, Stopping threads took: 0.0000280 seconds
232.009: [GC (Allocation Failure)  403114K->80013K(1032704K), 0.0039773 secs]
232.013: Total time for which application threads were stopped: 0.0041412 seconds, Stopping threads took: 0.0000199 seconds
232.080: [GC (Allocation Failure)  397453K->79949K(1033728K), 0.0037192 secs]
232.084: Total time for which application threads were stopped: 0.0038948 seconds, Stopping threads took: 0.0000205 seconds
232.152: [GC (Allocation Failure)  398925K->77482K(1033216K), 0.0029297 secs]
232.155: Total time for which application threads were stopped: 0.0031107 seconds, Stopping threads took: 0.0000173 seconds
232.224: [GC (Allocation Failure)  396458K->79949K(1034752K), 0.0036234 secs]
232.228: Total time for which application threads were stopped: 0.0037726 seconds, Stopping threads took: 0.0000170 seconds
232.295: [GC (Allocation Failure)  400973K->79917K(1034240K), 0.0036008 secs]
232.299: Total time for which application threads were stopped: 0.0037622 seconds, Stopping threads took: 0.0000193 seconds
232.367: [GC (Allocation Failure)  400941K->75146K(1034240K), 0.0019359 secs]
232.369: Total time for which application threads were stopped: 0.0021054 seconds, Stopping threads took: 0.0000257 seconds
232.437: [GC (Allocation Failure)  396682K->80173K(1034752K), 0.0041505 secs]
232.441: Total time for which application threads were stopped: 0.0043181 seconds, Stopping threads took: 0.0000214 seconds
232.509: [GC (Allocation Failure)  401709K->79917K(1035776K), 0.0040863 secs]
232.513: Total time for which application threads were stopped: 0.0042556 seconds, Stopping threads took: 0.0000201 seconds
232.579: [GC (Allocation Failure)  402989K->77898K(1035264K), 0.0030581 secs]
232.582: Total time for which application threads were stopped: 0.0032279 seconds, Stopping threads took: 0.0000272 seconds
232.649: [GC (Allocation Failure)  400970K->80077K(1036288K), 0.0039584 secs]
232.653: Total time for which application threads were stopped: 0.0041344 seconds, Stopping threads took: 0.0000263 seconds
232.722: [GC (Allocation Failure)  404173K->79917K(1035776K), 0.0035779 secs]
232.726: Total time for which application threads were stopped: 0.0037482 seconds, Stopping threads took: 0.0000205 seconds
232.794: [GC (Allocation Failure)  404013K->85738K(1033216K), 0.0066432 secs]
232.801: Total time for which application threads were stopped: 0.0068197 seconds, Stopping threads took: 0.0000214 seconds
232.870: [GC (Allocation Failure)  407274K->81613K(1034752K), 0.0039927 secs]
232.874: Total time for which application threads were stopped: 0.0041565 seconds, Stopping threads took: 0.0000192 seconds
232.942: [GC (Allocation Failure)  403149K->81517K(1035264K), 0.0039658 secs]
232.946: Total time for which application threads were stopped: 0.0041366 seconds, Stopping threads took: 0.0000198 seconds
233.014: [GC (Allocation Failure)  404077K->89594K(1035264K), 0.0074117 secs]
233.021: Total time for which application threads were stopped: 0.0075961 seconds, Stopping threads took: 0.0000222 seconds
233.090: [GC (Allocation Failure)  412154K->84413K(1032192K), 0.0040417 secs]
233.094: Total time for which application threads were stopped: 0.0042348 seconds, Stopping threads took: 0.0000196 seconds
233.165: [GC (Allocation Failure)  403901K->84381K(1033728K), 0.0038242 secs]
233.169: Total time for which application threads were stopped: 0.0040061 seconds, Stopping threads took: 0.0000204 seconds
233.236: [GC (Allocation Failure)  403869K->90650K(1031680K), 0.0066183 secs]
233.242: Total time for which application threads were stopped: 0.0067811 seconds, Stopping threads took: 0.0000199 seconds
233.309: [GC (Allocation Failure)  408090K->84381K(1032704K), 0.0039194 secs]
233.313: Total time for which application threads were stopped: 0.0040960 seconds, Stopping threads took: 0.0000265 seconds
233.379: [GC (Allocation Failure)  401821K->84381K(1033216K), 0.0037933 secs]
233.383: Total time for which application threads were stopped: 0.0039627 seconds, Stopping threads took: 0.0000204 seconds
233.449: [GC (Allocation Failure)  402333K->80058K(1032704K), 0.0022017 secs]
233.451: Total time for which application threads were stopped: 0.0023768 seconds, Stopping threads took: 0.0000197 seconds
233.520: [GC (Allocation Failure)  398010K->84541K(1033728K), 0.0038505 secs]
233.524: Total time for which application threads were stopped: 0.0040081 seconds, Stopping threads took: 0.0000170 seconds
233.591: [GC (Allocation Failure)  403005K->84349K(1032704K), 0.0038179 secs]
233.595: Total time for which application threads were stopped: 0.0039893 seconds, Stopping threads took: 0.0000200 seconds
233.660: [GC (Allocation Failure)  402813K->87805K(1033216K), 0.0046460 secs]
233.665: Total time for which application threads were stopped: 0.0048216 seconds, Stopping threads took: 0.0000202 seconds
233.733: [GC (Allocation Failure)  407293K->92415K(1033728K), 0.0039457 secs]
233.737: Total time for which application threads were stopped: 0.0041159 seconds, Stopping threads took: 0.0000195 seconds
233.805: [GC (Allocation Failure)  411903K->92383K(1034752K), 0.0039109 secs]
233.809: Total time for which application threads were stopped: 0.0040831 seconds, Stopping threads took: 0.0000217 seconds
233.876: [GC (Allocation Failure)  413407K->92455K(1034240K), 0.0037638 secs]
233.879: Total time for which application threads were stopped: 0.0039307 seconds, Stopping threads took: 0.0000193 seconds
233.948: [GC (Allocation Failure)  413479K->100521K(1034752K), 0.0038198 secs]
233.951: Total time for which application threads were stopped: 0.0040320 seconds, Stopping threads took: 0.0000204 seconds
234.021: [GC (Allocation Failure)  421545K->100393K(1034240K), 0.0037067 secs]
234.024: Total time for which application threads were stopped: 0.0038628 seconds, Stopping threads took: 0.0000190 seconds
234.092: [GC (Allocation Failure)  421417K->104265K(1034752K), 0.0048973 secs]
234.097: Total time for which application threads were stopped: 0.0050659 seconds, Stopping threads took: 0.0000198 seconds
234.165: [GC (Allocation Failure)  425801K->108523K(1034752K), 0.0038871 secs]
234.169: Total time for which application threads were stopped: 0.0040590 seconds, Stopping threads took: 0.0000196 seconds
234.237: [GC (Allocation Failure)  430059K->108459K(1035264K), 0.0039226 secs]
234.241: Total time for which application threads were stopped: 0.0041134 seconds, Stopping threads took: 0.0000203 seconds
234.310: [GC (Allocation Failure)  431019K->110475K(1035264K), 0.0040617 secs]
234.314: Total time for which application threads were stopped: 0.0043490 seconds, Stopping threads took: 0.0000253 seconds
234.382: [GC (Allocation Failure)  433035K->116494K(1035264K), 0.0037329 secs]
234.386: Total time for which application threads were stopped: 0.0039136 seconds, Stopping threads took: 0.0000200 seconds
234.454: [GC (Allocation Failure)  439054K->116526K(1035264K), 0.0039955 secs]
234.458: Total time for which application threads were stopped: 0.0041644 seconds, Stopping threads took: 0.0000217 seconds
234.523: [GC (Allocation Failure)  439086K->118702K(1035264K), 0.0043833 secs]
234.528: Total time for which application threads were stopped: 0.0045397 seconds, Stopping threads took: 0.0000190 seconds
234.596: [GC (Allocation Failure)  441262K->124752K(1035264K), 0.0038275 secs]
234.600: Total time for which application threads were stopped: 0.0040072 seconds, Stopping threads took: 0.0000199 seconds
234.666: [GC (Allocation Failure)  447312K->124528K(1035264K), 0.0046407 secs]
234.671: Total time for which application threads were stopped: 0.0048119 seconds, Stopping threads took: 0.0000270 seconds
234.739: [GC (Allocation Failure)  447088K->118862K(1035264K), 0.0016537 secs]
234.740: Total time for which application threads were stopped: 0.0017944 seconds, Stopping threads took: 0.0000191 seconds
234.809: [GC (Allocation Failure)  441422K->124656K(1035264K), 0.0048029 secs]
234.814: Total time for which application threads were stopped: 0.0049961 seconds, Stopping threads took: 0.0000198 seconds
234.883: [GC (Allocation Failure)  447216K->124528K(1035264K), 0.0039399 secs]
234.887: Total time for which application threads were stopped: 0.0040977 seconds, Stopping threads took: 0.0000173 seconds
234.955: [GC (Allocation Failure)  447088K->123182K(1035776K), 0.0034229 secs]
234.959: Total time for which application threads were stopped: 0.0036164 seconds, Stopping threads took: 0.0000198 seconds
235.029: [GC (Allocation Failure)  446254K->124624K(1035264K), 0.0040000 secs]
235.033: Total time for which application threads were stopped: 0.0041578 seconds, Stopping threads took: 0.0000194 seconds
235.100: [GC (Allocation Failure)  447696K->124528K(1036288K), 0.0038934 secs]
235.104: Total time for which application threads were stopped: 0.0040848 seconds, Stopping threads took: 0.0000197 seconds
235.174: [GC (Allocation Failure)  448624K->129998K(1035776K), 0.0064111 secs]
235.180: Total time for which application threads were stopped: 0.0065620 seconds, Stopping threads took: 0.0000170 seconds
235.248: [GC (Allocation Failure)  454094K->125808K(1033728K), 0.0040614 secs]
235.252: Total time for which application threads were stopped: 0.0042220 seconds, Stopping threads took: 0.0000194 seconds
235.320: [GC (Allocation Failure)  447344K->125776K(1034752K), 0.0065568 secs]
235.327: Total time for which application threads were stopped: 0.0067303 seconds, Stopping threads took: 0.0000269 seconds
235.393: [GC (Allocation Failure)  447312K->118702K(1034240K), 0.0010308 secs]
235.394: Total time for which application threads were stopped: 0.0011499 seconds, Stopping threads took: 0.0000197 seconds
235.465: [GC (Allocation Failure)  440238K->126064K(1034752K), 0.0039764 secs]
235.469: Total time for which application threads were stopped: 0.0041329 seconds, Stopping threads took: 0.0000171 seconds
235.536: [GC (Allocation Failure)  447600K->129912K(1035264K), 0.0050182 secs]
235.541: Total time for which application threads were stopped: 0.0051805 seconds, Stopping threads took: 0.0000207 seconds
235.609: [GC (Allocation Failure)  452472K->125078K(1035264K), 0.0020883 secs]
235.611: Total time for which application threads were stopped: 0.0022472 seconds, Stopping threads took: 0.0000204 seconds
235.681: [GC (Allocation Failure)  447638K->130120K(1035776K), 0.0045448 secs]
235.685: Total time for which application threads were stopped: 0.0047469 seconds, Stopping threads took: 0.0000252 seconds
235.754: [GC (Allocation Failure)  453192K->134056K(1035264K), 0.0041584 secs]
235.758: Total time for which application threads were stopped: 0.0043518 seconds, Stopping threads took: 0.0000197 seconds
235.827: [GC (Allocation Failure)  457128K->134088K(1035776K), 0.0038660 secs]
235.831: Total time for which application threads were stopped: 0.0040231 seconds, Stopping threads took: 0.0000249 seconds
235.898: [GC (Allocation Failure)  457672K->134216K(1023488K), 0.0040708 secs]
235.902: Total time for which application threads were stopped: 0.0042430 seconds, Stopping threads took: 0.0000205 seconds
235.970: [GC (Allocation Failure)  457800K->142090K(1035264K), 0.0037518 secs]
235.974: Total time for which application threads were stopped: 0.0039293 seconds, Stopping threads took: 0.0000199 seconds
236.041: [GC (Allocation Failure)  464650K->142122K(1035264K), 0.0038556 secs]
236.045: Total time for which application threads were stopped: 0.0040147 seconds, Stopping threads took: 0.0000204 seconds
236.112: [GC (Allocation Failure)  464682K->142218K(1034240K), 0.0039860 secs]
236.116: Total time for which application threads were stopped: 0.0041467 seconds, Stopping threads took: 0.0000203 seconds
236.185: [GC (Allocation Failure)  463754K->150124K(1034752K), 0.0037864 secs]
236.189: Total time for which application threads were stopped: 0.0039576 seconds, Stopping threads took: 0.0000200 seconds
236.255: [GC (Allocation Failure)  471660K->150124K(1034752K), 0.0064404 secs]
236.262: Total time for which application threads were stopped: 0.0065963 seconds, Stopping threads took: 0.0000196 seconds
236.328: [GC (Allocation Failure)  471660K->150444K(1021440K), 0.0040365 secs]
236.332: Total time for which application threads were stopped: 0.0042171 seconds, Stopping threads took: 0.0000195 seconds
236.402: [GC (Allocation Failure)  471980K->158191K(1034240K), 0.0041733 secs]
236.407: Total time for which application threads were stopped: 0.0043443 seconds, Stopping threads took: 0.0000191 seconds
236.475: [GC (Allocation Failure)  478703K->158159K(1034240K), 0.0038773 secs]
236.479: Total time for which application threads were stopped: 0.0040543 seconds, Stopping threads took: 0.0000267 seconds
236.547: [GC (Allocation Failure)  478671K->158695K(1034240K), 0.0041578 secs]
236.551: Total time for which application threads were stopped: 0.0043332 seconds, Stopping threads took: 0.0000211 seconds
236.619: [GC (Allocation Failure)  479207K->166185K(1034240K), 0.0039941 secs]
236.623: Total time for which application threads were stopped: 0.0041852 seconds, Stopping threads took: 0.0000207 seconds
236.694: [GC (Allocation Failure)  486697K->166217K(1034240K), 0.0039156 secs]
236.698: Total time for which application threads were stopped: 0.0041078 seconds, Stopping threads took: 0.0000197 seconds
236.766: [GC (Allocation Failure)  486729K->166409K(1034240K), 0.0039743 secs]
236.770: Total time for which application threads were stopped: 0.0041229 seconds, Stopping threads took: 0.0000172 seconds
236.838: [GC (Allocation Failure)  486921K->174219K(1033216K), 0.0038488 secs]
236.842: Total time for which application threads were stopped: 0.0040191 seconds, Stopping threads took: 0.0000273 seconds
236.909: [GC (Allocation Failure)  493707K->174219K(1033728K), 0.0040299 secs]
236.913: Total time for which application threads were stopped: 0.0042200 seconds, Stopping threads took: 0.0000229 seconds
236.980: [GC (Allocation Failure)  493707K->174379K(1033728K), 0.0040294 secs]
236.984: Total time for which application threads were stopped: 0.0041921 seconds, Stopping threads took: 0.0000199 seconds
237.051: [GC (Allocation Failure)  493867K->182221K(1033728K), 0.0038190 secs]
237.055: Total time for which application threads were stopped: 0.0039801 seconds, Stopping threads took: 0.0000196 seconds
237.121: [GC (Allocation Failure)  501709K->178347K(1034240K), 0.0036015 secs]
237.125: Total time for which application threads were stopped: 0.0037603 seconds, Stopping threads took: 0.0000196 seconds
237.195: [GC (Allocation Failure)  498347K->182413K(1033728K), 0.0041648 secs]
237.199: Total time for which application threads were stopped: 0.0043340 seconds, Stopping threads took: 0.0000199 seconds
237.269: [GC (Allocation Failure)  502413K->186381K(1034752K), 0.0039383 secs]
237.273: Total time for which application threads were stopped: 0.0041094 seconds, Stopping threads took: 0.0000203 seconds
237.341: [GC (Allocation Failure)  507917K->180587K(1034752K), 0.0017821 secs]
237.343: Total time for which application threads were stopped: 0.0019316 seconds, Stopping threads took: 0.0000279 seconds
237.411: [GC (Allocation Failure)  502123K->186445K(1035776K), 0.0041708 secs]
237.415: Total time for which application threads were stopped: 0.0043645 seconds, Stopping threads took: 0.0000215 seconds
237.483: [GC (Allocation Failure)  509005K->190517K(1034752K), 0.0042990 secs]
237.488: Total time for which application threads were stopped: 0.0044608 seconds, Stopping threads took: 0.0000199 seconds
237.553: [GC (Allocation Failure)  512816K->186611K(1035776K), 0.0029432 secs]
237.556: Total time for which application threads were stopped: 0.0031108 seconds, Stopping threads took: 0.0000198 seconds
237.625: [GC (Allocation Failure)  509683K->190637K(1035264K), 0.0039609 secs]
237.629: Total time for which application threads were stopped: 0.0041348 seconds, Stopping threads took: 0.0000249 seconds
237.698: [GC (Allocation Failure)  513709K->194637K(1035264K), 0.0047248 secs]
237.703: Total time for which application threads were stopped: 0.0048802 seconds, Stopping threads took: 0.0000184 seconds
237.771: [GC (Allocation Failure)  518221K->194637K(1035776K), 0.0040325 secs]
237.776: Total time for which application threads were stopped: 0.0041985 seconds, Stopping threads took: 0.0000194 seconds
237.844: [GC (Allocation Failure)  518221K->194693K(1034752K), 0.0040294 secs]
237.848: Total time for which application threads were stopped: 0.0041845 seconds, Stopping threads took: 0.0000281 seconds
237.917: [GC (Allocation Failure)  517253K->202664K(1035264K), 0.0040126 secs]
237.921: Total time for which application threads were stopped: 0.0041633 seconds, Stopping threads took: 0.0000171 seconds
237.988: [GC (Allocation Failure)  525224K->202696K(1034240K), 0.0041018 secs]
237.992: Total time for which application threads were stopped: 0.0042621 seconds, Stopping threads took: 0.0000203 seconds
238.060: [GC (Allocation Failure)  524232K->202728K(1034752K), 0.0038714 secs]
238.064: Total time for which application threads were stopped: 0.0040337 seconds, Stopping threads took: 0.0000202 seconds
238.130: [GC (Allocation Failure)  524264K->210698K(1034752K), 0.0049178 secs]
238.135: Total time for which application threads were stopped: 0.0050817 seconds, Stopping threads took: 0.0000194 seconds
238.203: [GC (Allocation Failure)  532234K->210698K(1029120K), 0.0039667 secs]
238.207: Total time for which application threads were stopped: 0.0041400 seconds, Stopping threads took: 0.0000211 seconds
238.273: [GC (Allocation Failure)  532234K->210954K(1034240K), 0.0039964 secs]
238.277: Total time for which application threads were stopped: 0.0041911 seconds, Stopping threads took: 0.0000204 seconds
238.347: [GC (Allocation Failure)  531466K->218732K(1034240K), 0.0040176 secs]
238.351: Total time for which application threads were stopped: 0.0041896 seconds, Stopping threads took: 0.0000265 seconds
238.418: [GC (Allocation Failure)  539244K->218732K(1034240K), 0.0041495 secs]
238.423: Total time for which application threads were stopped: 0.0043187 seconds, Stopping threads took: 0.0000200 seconds
238.492: [GC (Allocation Failure)  539244K->219180K(1034240K), 0.0042464 secs]
238.496: Total time for which application threads were stopped: 0.0044167 seconds, Stopping threads took: 0.0000203 seconds
238.564: [GC (Allocation Failure)  539692K->226767K(1033216K), 0.0041340 secs]
238.568: Total time for which application threads were stopped: 0.0042955 seconds, Stopping threads took: 0.0000199 seconds
238.635: [GC (Allocation Failure)  546255K->226767K(1033728K), 0.0039925 secs]
238.639: Total time for which application threads were stopped: 0.0041544 seconds, Stopping threads took: 0.0000199 seconds
238.706: [GC (Allocation Failure)  546255K->226887K(1033728K), 0.0041145 secs]
238.710: Total time for which application threads were stopped: 0.0042905 seconds, Stopping threads took: 0.0000202 seconds
238.778: [GC (Allocation Failure)  546375K->234825K(1033728K), 0.0040277 secs]
238.782: Total time for which application threads were stopped: 0.0041929 seconds, Stopping threads took: 0.0000208 seconds
238.850: [GC (Allocation Failure)  554313K->234793K(1033728K), 0.0040524 secs]
238.854: Total time for which application threads were stopped: 0.0042187 seconds, Stopping threads took: 0.0000194 seconds
238.921: [GC (Allocation Failure)  554281K->234857K(1033728K), 0.0041838 secs]
238.925: Total time for which application threads were stopped: 0.0043649 seconds, Stopping threads took: 0.0000213 seconds
238.993: [GC (Allocation Failure)  554345K->242827K(1032704K), 0.0039648 secs]
238.997: Total time for which application threads were stopped: 0.0041212 seconds, Stopping threads took: 0.0000195 seconds
239.064: [GC (Allocation Failure)  561291K->237225K(1033216K), 0.0019208 secs]
239.066: Total time for which application threads were stopped: 0.0020666 seconds, Stopping threads took: 0.0000197 seconds
239.135: [GC (Allocation Failure)  555689K->243083K(1034752K), 0.0041282 secs]
239.139: Total time for which application threads were stopped: 0.0042965 seconds, Stopping threads took: 0.0000188 seconds
239.207: [GC (Allocation Failure)  563595K->246971K(1033728K), 0.0045353 secs]
239.211: Total time for which application threads were stopped: 0.0046956 seconds, Stopping threads took: 0.0000203 seconds
239.280: [GC (Allocation Failure)  567483K->253865K(1029120K), 0.0071337 secs]
239.288: Total time for which application threads were stopped: 0.0072853 seconds, Stopping threads took: 0.0000191 seconds
239.356: [GC (Allocation Failure)  569257K->247787K(1031680K), 0.0040985 secs]
239.360: Total time for which application threads were stopped: 0.0042742 seconds, Stopping threads took: 0.0000285 seconds
239.427: [GC (Allocation Failure)  563179K->247595K(1032704K), 0.0041611 secs]
239.431: Total time for which application threads were stopped: 0.0043302 seconds, Stopping threads took: 0.0000204 seconds
239.496: [GC (Allocation Failure)  564523K->250987K(1032192K), 0.0049077 secs]
239.501: Total time for which application threads were stopped: 0.0050813 seconds, Stopping threads took: 0.0000202 seconds
239.569: [GC (Allocation Failure)  567915K->255725K(1033216K), 0.0041461 secs]
239.573: Total time for which application threads were stopped: 0.0043235 seconds, Stopping threads took: 0.0000210 seconds
239.641: [GC (Allocation Failure)  573677K->255661K(1032704K), 0.0043653 secs]
239.645: Total time for which application threads were stopped: 0.0045283 seconds, Stopping threads took: 0.0000210 seconds
239.713: [GC (Allocation Failure)  573613K->256645K(1033216K), 0.0042340 secs]
239.717: Total time for which application threads were stopped: 0.0043960 seconds, Stopping threads took: 0.0000198 seconds
239.785: [GC (Allocation Failure)  575109K->263688K(1033216K), 0.0042695 secs]
239.789: Total time for which application threads were stopped: 0.0044626 seconds, Stopping threads took: 0.0000207 seconds
239.857: [GC (Allocation Failure)  582152K->263656K(1033728K), 0.0041001 secs]
239.862: Total time for which application threads were stopped: 0.0042798 seconds, Stopping threads took: 0.0000277 seconds
239.928: [GC (Allocation Failure)  582632K->265352K(1033216K), 0.0065580 secs]
239.935: Total time for which application threads were stopped: 0.0067161 seconds, Stopping threads took: 0.0000192 seconds
240.003: [GC (Allocation Failure)  584328K->271754K(1033728K), 0.0041198 secs]
240.007: Total time for which application threads were stopped: 0.0042897 seconds, Stopping threads took: 0.0000195 seconds
240.074: [GC (Allocation Failure)  591242K->271690K(1033728K), 0.0042127 secs]
240.078: Total time for which application threads were stopped: 0.0043844 seconds, Stopping threads took: 0.0000198 seconds
240.144: [GC (Allocation Failure)  591178K->272034K(1033728K), 0.0045509 secs]
240.149: Total time for which application threads were stopped: 0.0047076 seconds, Stopping threads took: 0.0000196 seconds
240.215: [GC (Allocation Failure)  591522K->279716K(1033728K), 0.0042622 secs]
240.220: Total time for which application threads were stopped: 0.0044212 seconds, Stopping threads took: 0.0000199 seconds
240.287: [GC (Allocation Failure)  599204K->279748K(1033728K), 0.0041502 secs]
240.291: Total time for which application threads were stopped: 0.0043141 seconds, Stopping threads took: 0.0000195 seconds
240.357: [GC (Allocation Failure)  599236K->283372K(1033728K), 0.0051671 secs]
240.363: Total time for which application threads were stopped: 0.0053365 seconds, Stopping threads took: 0.0000196 seconds
240.430: [GC (Allocation Failure)  602860K->287854K(1034240K), 0.0043373 secs]
240.435: Total time for which application threads were stopped: 0.0045317 seconds, Stopping threads took: 0.0000201 seconds
240.504: [GC (Allocation Failure)  608366K->287758K(1034240K), 0.0065364 secs]
240.510: Total time for which application threads were stopped: 0.0067100 seconds, Stopping threads took: 0.0000212 seconds
240.577: [GC (Allocation Failure)  608270K->288494K(1034240K), 0.0043427 secs]
240.582: Total time for which application threads were stopped: 0.0045219 seconds, Stopping threads took: 0.0000215 seconds
240.650: [GC (Allocation Failure)  609006K->295825K(1034240K), 0.0041404 secs]
240.654: Total time for which application threads were stopped: 0.0043201 seconds, Stopping threads took: 0.0000221 seconds
240.723: [GC (Allocation Failure)  616337K->295793K(1034240K), 0.0042739 secs]
240.727: Total time for which application threads were stopped: 0.0044502 seconds, Stopping threads took: 0.0000201 seconds
240.795: [GC (Allocation Failure)  616305K->296745K(1034240K), 0.0041841 secs]
240.799: Total time for which application threads were stopped: 0.0043618 seconds, Stopping threads took: 0.0000223 seconds
240.868: [GC (Allocation Failure)  617257K->303819K(1034240K), 0.0043698 secs]
240.872: Total time for which application threads were stopped: 0.0045462 seconds, Stopping threads took: 0.0000267 seconds
240.940: [GC (Allocation Failure)  624331K->303819K(1034240K), 0.0043714 secs]
240.945: Total time for which application threads were stopped: 0.0045628 seconds, Stopping threads took: 0.0000196 seconds
241.014: [GC (Allocation Failure)  624331K->305003K(1034240K), 0.0043718 secs]
241.018: Total time for which application threads were stopped: 0.0045635 seconds, Stopping threads took: 0.0000203 seconds
241.088: [GC (Allocation Failure)  625515K->311885K(1034240K), 0.0043009 secs]
241.092: Total time for which application threads were stopped: 0.0044620 seconds, Stopping threads took: 0.0000196 seconds
241.160: [GC (Allocation Failure)  632397K->311885K(1034240K), 0.0043539 secs]
241.164: Total time for which application threads were stopped: 0.0045168 seconds, Stopping threads took: 0.0000199 seconds
241.231: [GC (Allocation Failure)  632397K->312205K(1020416K), 0.0043115 secs]
241.235: Total time for which application threads were stopped: 0.0045032 seconds, Stopping threads took: 0.0000199 seconds
241.303: [GC (Allocation Failure)  632717K->319951K(1033728K), 0.0044055 secs]
241.308: Total time for which application threads were stopped: 0.0045753 seconds, Stopping threads took: 0.0000284 seconds
241.375: [GC (Allocation Failure)  639439K->319887K(1033728K), 0.0041559 secs]
241.379: Total time for which application threads were stopped: 0.0043274 seconds, Stopping threads took: 0.0000295 seconds
241.445: [GC (Allocation Failure)  639375K->320391K(1033728K), 0.0041803 secs]
241.450: Total time for which application threads were stopped: 0.0043526 seconds, Stopping threads took: 0.0000207 seconds
241.517: [GC (Allocation Failure)  639879K->327946K(1033728K), 0.0133032 secs]
241.530: Total time for which application threads were stopped: 0.0134553 seconds, Stopping threads took: 0.0000207 seconds
241.597: [GC (Allocation Failure)  647434K->327914K(1033728K), 0.0043216 secs]
241.601: Total time for which application threads were stopped: 0.0044837 seconds, Stopping threads took: 0.0000180 seconds
241.668: [GC (Allocation Failure)  647402K->328642K(1033728K), 0.0050788 secs]
241.673: Total time for which application threads were stopped: 0.0052535 seconds, Stopping threads took: 0.0000268 seconds
241.742: [GC (Allocation Failure)  648130K->335940K(1033728K), 0.0044038 secs]
241.747: Total time for which application threads were stopped: 0.0045824 seconds, Stopping threads took: 0.0000198 seconds
241.815: [GC (Allocation Failure)  655428K->335972K(1033728K), 0.0043853 secs]
241.820: Total time for which application threads were stopped: 0.0045425 seconds, Stopping threads took: 0.0000203 seconds
241.886: [GC (Allocation Failure)  655460K->337964K(1033728K), 0.0046810 secs]
241.890: Total time for which application threads were stopped: 0.0048533 seconds, Stopping threads took: 0.0000196 seconds
241.958: [GC (Allocation Failure)  657452K->343982K(1033728K), 0.0043042 secs]
241.962: Total time for which application threads were stopped: 0.0044662 seconds, Stopping threads took: 0.0000201 seconds
242.029: [GC (Allocation Failure)  663470K->343982K(1033728K), 0.0041846 secs]
242.033: Total time for which application threads were stopped: 0.0043617 seconds, Stopping threads took: 0.0000199 seconds
242.101: [GC (Allocation Failure)  663470K->345126K(1033728K), 0.0045230 secs]
242.106: Total time for which application threads were stopped: 0.0046917 seconds, Stopping threads took: 0.0000199 seconds
242.174: [GC (Allocation Failure)  664614K->352041K(1033728K), 0.0043090 secs]
242.178: Total time for which application threads were stopped: 0.0044807 seconds, Stopping threads took: 0.0000268 seconds
242.246: [GC (Allocation Failure)  671529K->352009K(1033728K), 0.0041721 secs]
242.250: Total time for which application threads were stopped: 0.0043628 seconds, Stopping threads took: 0.0000216 seconds
242.316: [GC (Allocation Failure)  671497K->352329K(1033728K), 0.0048277 secs]
242.321: Total time for which application threads were stopped: 0.0049930 seconds, Stopping threads took: 0.0000209 seconds
242.389: [GC (Allocation Failure)  671817K->360107K(1033728K), 0.0044050 secs]
242.394: Total time for which application threads were stopped: 0.0045654 seconds, Stopping threads took: 0.0000199 seconds
242.462: [GC (Allocation Failure)  679595K->360011K(1033728K), 0.0043880 secs]
242.466: Total time for which application threads were stopped: 0.0045638 seconds, Stopping threads took: 0.0000220 seconds
242.532: [GC (Allocation Failure)  679499K->360587K(1033728K), 0.0045596 secs]
242.537: Total time for which application threads were stopped: 0.0047360 seconds, Stopping threads took: 0.0000217 seconds
242.604: [GC (Allocation Failure)  680075K->368077K(1033728K), 0.0044421 secs]
242.609: Total time for which application threads were stopped: 0.0046150 seconds, Stopping threads took: 0.0000204 seconds
242.676: [GC (Allocation Failure)  687565K->368077K(1033728K), 0.0051361 secs]
242.681: Total time for which application threads were stopped: 0.0053844 seconds, Stopping threads took: 0.0000273 seconds
242.749: [GC (Allocation Failure)  687565K->368805K(1033728K), 0.0044116 secs]
242.753: Total time for which application threads were stopped: 0.0045627 seconds, Stopping threads took: 0.0000180 seconds
242.821: [GC (Allocation Failure)  688293K->376103K(1033728K), 0.0041909 secs]
242.825: Total time for which application threads were stopped: 0.0043637 seconds, Stopping threads took: 0.0000267 seconds
242.894: [GC (Allocation Failure)  695591K->376103K(1033728K), 0.0043597 secs]
242.899: Total time for which application threads were stopped: 0.0045373 seconds, Stopping threads took: 0.0000172 seconds
242.966: [GC (Allocation Failure)  695591K->377031K(1033728K), 0.0044121 secs]
242.971: Total time for which application threads were stopped: 0.0045915 seconds, Stopping threads took: 0.0000379 seconds
243.038: [GC (Allocation Failure)  696519K->384138K(1033728K), 0.0044907 secs]
243.043: Total time for which application threads were stopped: 0.0046521 seconds, Stopping threads took: 0.0000196 seconds
243.110: [GC (Allocation Failure)  703626K->384138K(1033728K), 0.0045643 secs]
243.114: Total time for which application threads were stopped: 0.0047555 seconds, Stopping threads took: 0.0000211 seconds
243.183: [GC (Allocation Failure)  703626K->384234K(1033728K), 0.0042995 secs]
243.187: Total time for which application threads were stopped: 0.0044599 seconds, Stopping threads took: 0.0000199 seconds
243.255: [GC (Allocation Failure)  703722K->392172K(1027072K), 0.0043214 secs]
243.260: Total time for which application threads were stopped: 0.0044891 seconds, Stopping threads took: 0.0000190 seconds
243.327: [GC (Allocation Failure)  711660K->392172K(1033216K), 0.0044766 secs]
243.332: Total time for which application threads were stopped: 0.0046404 seconds, Stopping threads took: 0.0000202 seconds
243.398: [GC (Allocation Failure)  710636K->392484K(1033216K), 0.0044954 secs]
243.403: Total time for which application threads were stopped: 0.0046637 seconds, Stopping threads took: 0.0000200 seconds
243.470: [GC (Allocation Failure)  710948K->400198K(1033216K), 0.0044062 secs]
243.475: Total time for which application threads were stopped: 0.0045826 seconds, Stopping threads took: 0.0000210 seconds
243.541: [GC (Allocation Failure)  718662K->400198K(1033216K), 0.0047253 secs]
243.545: Total time for which application threads were stopped: 0.0048865 seconds, Stopping threads took: 0.0000197 seconds
243.610: [GC (Allocation Failure)  718662K->400710K(1033216K), 0.0044350 secs]
243.615: Total time for which application threads were stopped: 0.0046056 seconds, Stopping threads took: 0.0000219 seconds
243.683: [GC (Allocation Failure)  719174K->408200K(1033216K), 0.0074550 secs]
243.691: Total time for which application threads were stopped: 0.0076174 seconds, Stopping threads took: 0.0000281 seconds
243.758: [GC (Allocation Failure)  726664K->408232K(1033216K), 0.0044900 secs]
243.762: Total time for which application threads were stopped: 0.0046600 seconds, Stopping threads took: 0.0000198 seconds
243.827: [GC (Allocation Failure)  726696K->408424K(1033216K), 0.0042424 secs]
243.831: Total time for which application threads were stopped: 0.0044191 seconds, Stopping threads took: 0.0000277 seconds
243.897: [GC (Allocation Failure)  726888K->416267K(1033216K), 0.0060525 secs]
243.903: Total time for which application threads were stopped: 0.0062162 seconds, Stopping threads took: 0.0000207 seconds
243.968: [GC (Allocation Failure)  734731K->416299K(1033216K), 0.0042999 secs]
243.973: Total time for which application threads were stopped: 0.0044733 seconds, Stopping threads took: 0.0000200 seconds
244.041: [GC (Allocation Failure)  734763K->416427K(1033216K), 0.0044668 secs]
244.045: Total time for which application threads were stopped: 0.0046138 seconds, Stopping threads took: 0.0000169 seconds
244.114: [GC (Allocation Failure)  734891K->424301K(1033216K), 0.0046359 secs]
244.119: Total time for which application threads were stopped: 0.0047982 seconds, Stopping threads took: 0.0000200 seconds
244.185: [GC (Allocation Failure)  742765K->424301K(1033216K), 0.0044419 secs]
244.189: Total time for which application threads were stopped: 0.0045951 seconds, Stopping threads took: 0.0000196 seconds
244.254: [GC (Allocation Failure)  742765K->424357K(1033216K), 0.0046320 secs]
244.259: Total time for which application threads were stopped: 0.0047902 seconds, Stopping threads took: 0.0000198 seconds
244.328: [GC (Allocation Failure)  742821K->432327K(1033216K), 0.0044860 secs]
244.333: Total time for which application threads were stopped: 0.0046696 seconds, Stopping threads took: 0.0000177 seconds
244.398: [GC (Allocation Failure)  750791K->432359K(1033216K), 0.0044988 secs]
244.403: Total time for which application threads were stopped: 0.0046971 seconds, Stopping threads took: 0.0000444 seconds
244.467: [GC (Allocation Failure)  750823K->432647K(1033216K), 0.0045124 secs]
244.472: Total time for which application threads were stopped: 0.0046739 seconds, Stopping threads took: 0.0000195 seconds
244.537: [GC (Allocation Failure)  751111K->440361K(1033216K), 0.0044208 secs]
244.542: Total time for which application threads were stopped: 0.0045914 seconds, Stopping threads took: 0.0000196 seconds
244.609: [GC (Allocation Failure)  758825K->440393K(1033216K), 0.0045551 secs]
244.614: Total time for which application threads were stopped: 0.0047563 seconds, Stopping threads took: 0.0000202 seconds
244.681: [GC (Allocation Failure)  758857K->440577K(1033216K), 0.0051976 secs]
244.686: Total time for which application threads were stopped: 0.0053882 seconds, Stopping threads took: 0.0000259 seconds
244.752: [GC (Allocation Failure)  759041K->448420K(1033216K), 0.0046059 secs]
244.757: Total time for which application threads were stopped: 0.0047845 seconds, Stopping threads took: 0.0000200 seconds
244.822: [GC (Allocation Failure)  766884K->444481K(1033216K), 0.0045306 secs]
244.827: Total time for which application threads were stopped: 0.0046881 seconds, Stopping threads took: 0.0000193 seconds
244.893: [GC (Allocation Failure)  762945K->448556K(1034240K), 0.0046875 secs]
244.898: Total time for which application threads were stopped: 0.0048664 seconds, Stopping threads took: 0.0000193 seconds
244.965: [GC (Allocation Failure)  768556K->452524K(1033728K), 0.0045471 secs]
244.970: Total time for which application threads were stopped: 0.0047056 seconds, Stopping threads took: 0.0000196 seconds
245.036: [GC (Allocation Failure)  772524K->460041K(1029120K), 0.0079606 secs]
245.044: Total time for which application threads were stopped: 0.0081278 seconds, Stopping threads took: 0.0000193 seconds
245.111: [GC (Allocation Failure)  775433K->453804K(1031680K), 0.0047625 secs]
245.116: Total time for which application threads were stopped: 0.0049321 seconds, Stopping threads took: 0.0000194 seconds
245.181: [GC (Allocation Failure)  769196K->453804K(1032192K), 0.0046634 secs]
245.185: Total time for which application threads were stopped: 0.0048456 seconds, Stopping threads took: 0.0000202 seconds
245.252: [GC (Allocation Failure)  769708K->456740K(1031680K), 0.0063672 secs]
245.258: Total time for which application threads were stopped: 0.0065518 seconds, Stopping threads took: 0.0000203 seconds
245.325: [GC (Allocation Failure)  772644K->461798K(1032704K), 0.0045728 secs]
245.330: Total time for which application threads were stopped: 0.0047584 seconds, Stopping threads took: 0.0000267 seconds
245.397: [GC (Allocation Failure)  779238K->461798K(1032704K), 0.0053640 secs]
245.402: Total time for which application threads were stopped: 0.0055513 seconds, Stopping threads took: 0.0000193 seconds
245.469: [GC (Allocation Failure)  779238K->464494K(1033216K), 0.0051943 secs]
245.474: Total time for which application threads were stopped: 0.0053720 seconds, Stopping threads took: 0.0000208 seconds
245.541: [GC (Allocation Failure)  782958K->469904K(1033216K), 0.0045566 secs]
245.546: Total time for which application threads were stopped: 0.0047300 seconds, Stopping threads took: 0.0000206 seconds
245.613: [GC (Allocation Failure)  788368K->469840K(1033728K), 0.0045398 secs]
245.618: Total time for which application threads were stopped: 0.0047110 seconds, Stopping threads took: 0.0000203 seconds
245.685: [GC (Allocation Failure)  789328K->473744K(1033728K), 0.0073068 secs]
245.692: Total time for which application threads were stopped: 0.0074690 seconds, Stopping threads took: 0.0000258 seconds
245.761: [GC (Allocation Failure)  793232K->478003K(1034240K), 0.0045774 secs]
245.765: Total time for which application threads were stopped: 0.0047425 seconds, Stopping threads took: 0.0000212 seconds
245.834: [GC (Allocation Failure)  798515K->477875K(1034240K), 0.0043204 secs]
245.838: Total time for which application threads were stopped: 0.0045019 seconds, Stopping threads took: 0.0000265 seconds
245.906: [GC (Allocation Failure)  798387K->478923K(1034240K), 0.0048344 secs]
245.911: Total time for which application threads were stopped: 0.0050365 seconds, Stopping threads took: 0.0000216 seconds
245.979: [GC (Allocation Failure)  799435K->485933K(1034240K), 0.0045128 secs]
245.983: Total time for which application threads were stopped: 0.0046765 seconds, Stopping threads took: 0.0000210 seconds
246.051: [GC (Allocation Failure)  806445K->485933K(1034240K), 0.0045819 secs]
246.056: Total time for which application threads were stopped: 0.0047572 seconds, Stopping threads took: 0.0000278 seconds
246.122: [GC (Allocation Failure)  806445K->489197K(1034240K), 0.0054301 secs]
246.128: Total time for which application threads were stopped: 0.0055989 seconds, Stopping threads took: 0.0000196 seconds
246.196: [GC (Allocation Failure)  809709K->493935K(1034752K), 0.0045914 secs]
246.200: Total time for which application threads were stopped: 0.0047486 seconds, Stopping threads took: 0.0000199 seconds
246.268: [GC (Allocation Failure)  815471K->493967K(1034752K), 0.0046534 secs]
246.273: Total time for which application threads were stopped: 0.0048231 seconds, Stopping threads took: 0.0000193 seconds
246.340: [GC (Allocation Failure)  815503K->497415K(1034752K), 0.0052048 secs]
246.345: Total time for which application threads were stopped: 0.0053731 seconds, Stopping threads took: 0.0000264 seconds
246.411: [GC (Allocation Failure)  818951K->501993K(1034752K), 0.0065645 secs]
246.418: Total time for which application threads were stopped: 0.0067448 seconds, Stopping threads took: 0.0000209 seconds
246.484: [GC (Allocation Failure)  823529K->501961K(1035264K), 0.0047250 secs]
246.489: Total time for which application threads were stopped: 0.0049375 seconds, Stopping threads took: 0.0000228 seconds
246.557: [GC (Allocation Failure)  824009K->503113K(1034752K), 0.0045849 secs]
246.562: Total time for which application threads were stopped: 0.0047334 seconds, Stopping threads took: 0.0000165 seconds
246.630: [GC (Allocation Failure)  825161K->510028K(1034752K), 0.0046269 secs]
246.634: Total time for which application threads were stopped: 0.0047970 seconds, Stopping threads took: 0.0000205 seconds
246.702: [GC (Allocation Failure)  831564K->509996K(1034752K), 0.0046403 secs]
246.707: Total time for which application threads were stopped: 0.0047907 seconds, Stopping threads took: 0.0000164 seconds
246.772: [GC (Allocation Failure)  831532K->512876K(1034752K), 0.0052740 secs]
246.777: Total time for which application threads were stopped: 0.0054525 seconds, Stopping threads took: 0.0000197 seconds
246.846: [GC (Allocation Failure)  834412K->518126K(1034752K), 0.0047067 secs]
246.851: Total time for which application threads were stopped: 0.0048873 seconds, Stopping threads took: 0.0000267 seconds
246.919: [GC (Allocation Failure)  839662K->518062K(1034752K), 0.0045546 secs]
246.924: Total time for which application threads were stopped: 0.0047245 seconds, Stopping threads took: 0.0000214 seconds
246.990: [GC (Allocation Failure)  839598K->522118K(1034752K), 0.0059038 secs]
246.996: Total time for which application threads were stopped: 0.0060766 seconds, Stopping threads took: 0.0000207 seconds
247.062: [GC (Allocation Failure)  843654K->526120K(1035264K), 0.0046087 secs]
247.067: Total time for which application threads were stopped: 0.0047900 seconds, Stopping threads took: 0.0000200 seconds
247.136: [GC (Allocation Failure)  848680K->526056K(1035264K), 0.0044760 secs]
247.140: Total time for which application threads were stopped: 0.0046628 seconds, Stopping threads took: 0.0000208 seconds
247.209: [GC (Allocation Failure)  848616K->529352K(1035264K), 0.0053083 secs]
247.214: Total time for which application threads were stopped: 0.0054758 seconds, Stopping threads took: 0.0000169 seconds
247.282: [GC (Allocation Failure)  851912K->534090K(1035264K), 0.0046253 secs]
247.287: Total time for which application threads were stopped: 0.0048250 seconds, Stopping threads took: 0.0000207 seconds
247.354: [GC (Allocation Failure)  856650K->534090K(1035264K), 0.0045299 secs]
247.359: Total time for which application threads were stopped: 0.0047019 seconds, Stopping threads took: 0.0000256 seconds
247.426: [GC (Allocation Failure)  856650K->537578K(1035264K), 0.0053831 secs]
247.432: Total time for which application threads were stopped: 0.0055583 seconds, Stopping threads took: 0.0000204 seconds
247.498: [GC (Allocation Failure)  860138K->542189K(1034752K), 0.0047358 secs]
247.503: Total time for which application threads were stopped: 0.0048978 seconds, Stopping threads took: 0.0000205 seconds
247.570: [GC (Allocation Failure)  864749K->542125K(1035264K), 0.0046365 secs]
247.575: Total time for which application threads were stopped: 0.0047998 seconds, Stopping threads took: 0.0000200 seconds
247.640: [GC (Allocation Failure)  864685K->545773K(1035776K), 0.0081423 secs]
247.649: Total time for which application threads were stopped: 0.0083009 seconds, Stopping threads took: 0.0000193 seconds
247.718: [GC (Allocation Failure)  869357K->550159K(1035776K), 0.0047709 secs]
247.723: Total time for which application threads were stopped: 0.0049435 seconds, Stopping threads took: 0.0000198 seconds
247.792: [GC (Allocation Failure)  873743K->550191K(1035776K), 0.0048507 secs]
247.797: Total time for which application threads were stopped: 0.0050090 seconds, Stopping threads took: 0.0000190 seconds
247.865: [GC (Allocation Failure)  873775K->552999K(1035776K), 0.0051142 secs]
247.870: Total time for which application threads were stopped: 0.0052808 seconds, Stopping threads took: 0.0000277 seconds
247.939: [GC (Allocation Failure)  876583K->558281K(1035776K), 0.0045824 secs]
247.944: Total time for which application threads were stopped: 0.0047504 seconds, Stopping threads took: 0.0000273 seconds
248.014: [GC (Allocation Failure)  881865K->558185K(1035776K), 0.0048911 secs]
248.019: Total time for which application threads were stopped: 0.0050559 seconds, Stopping threads took: 0.0000205 seconds
248.086: [GC (Allocation Failure)  881769K->556263K(1036288K), 0.0039902 secs]
248.090: Total time for which application threads were stopped: 0.0041585 seconds, Stopping threads took: 0.0000196 seconds
248.158: [GC (Allocation Failure)  880359K->558249K(1035776K), 0.0046016 secs]
248.163: Total time for which application threads were stopped: 0.0047847 seconds, Stopping threads took: 0.0000192 seconds
248.231: [GC (Allocation Failure)  882345K->558185K(1036288K), 0.0047895 secs]
248.236: Total time for which application threads were stopped: 0.0049510 seconds, Stopping threads took: 0.0000196 seconds
248.304: [GC (Allocation Failure)  882793K->565671K(1036288K), 0.0084131 secs]
248.312: Total time for which application threads were stopped: 0.0085836 seconds, Stopping threads took: 0.0000202 seconds
248.382: [GC (Allocation Failure)  890279K->561673K(1032192K), 0.0049070 secs]
248.387: Total time for which application threads were stopped: 0.0050784 seconds, Stopping threads took: 0.0000209 seconds
248.453: [GC (Allocation Failure)  882185K->561417K(1034240K), 0.0072696 secs]
248.461: Total time for which application threads were stopped: 0.0074492 seconds, Stopping threads took: 0.0000198 seconds
248.528: [GC (Allocation Failure)  881929K->554823K(1033728K), 0.0022105 secs]
248.531: Total time for which application threads were stopped: 0.0023879 seconds, Stopping threads took: 0.0000209 seconds
248.598: [GC (Allocation Failure)  875335K->561649K(1034240K), 0.0048365 secs]
248.603: Total time for which application threads were stopped: 0.0050217 seconds, Stopping threads took: 0.0000210 seconds
248.671: [GC (Allocation Failure)  882161K->565585K(1035264K), 0.0054673 secs]
248.676: Total time for which application threads were stopped: 0.0056338 seconds, Stopping threads took: 0.0000255 seconds
248.745: [GC (Allocation Failure)  887633K->558639K(1034752K), 0.0019945 secs]
248.747: Total time for which application threads were stopped: 0.0021498 seconds, Stopping threads took: 0.0000195 seconds
248.814: [GC (Allocation Failure)  880687K->565745K(1035264K), 0.0046344 secs]
248.819: Total time for which application threads were stopped: 0.0048067 seconds, Stopping threads took: 0.0000209 seconds
248.887: [GC (Allocation Failure)  887793K->569769K(1034752K), 0.0058659 secs]
248.893: Total time for which application threads were stopped: 0.0060276 seconds, Stopping threads took: 0.0000206 seconds
248.961: [GC (Allocation Failure)  891817K->565543K(1035264K), 0.0032978 secs]
248.964: Total time for which application threads were stopped: 0.0034719 seconds, Stopping threads took: 0.0000198 seconds
249.031: [GC (Allocation Failure)  888103K->569873K(1035264K), 0.0046870 secs]
249.036: Total time for which application threads were stopped: 0.0048482 seconds, Stopping threads took: 0.0000195 seconds
249.103: [GC (Allocation Failure)  892433K->573873K(1035776K), 0.0047786 secs]
249.108: Total time for which application threads were stopped: 0.0049385 seconds, Stopping threads took: 0.0000195 seconds
249.175: [GC (Allocation Failure)  897457K->573905K(1035776K), 0.0047112 secs]
249.180: Total time for which application threads were stopped: 0.0048838 seconds, Stopping threads took: 0.0000204 seconds
249.245: [GC (Allocation Failure)  897489K->573929K(1034752K), 0.0047817 secs]
249.250: Total time for which application threads were stopped: 0.0049390 seconds, Stopping threads took: 0.0000196 seconds
249.317: [GC (Allocation Failure)  896489K->581931K(1035264K), 0.0045762 secs]
249.322: Total time for which application threads were stopped: 0.0047414 seconds, Stopping threads took: 0.0000203 seconds
249.391: [GC (Allocation Failure)  904491K->581899K(1035264K), 0.0046903 secs]
249.395: Total time for which application threads were stopped: 0.0048704 seconds, Stopping threads took: 0.0000278 seconds
249.463: [GC (Allocation Failure)  904459K->582155K(1022464K), 0.0049993 secs]
249.468: Total time for which application threads were stopped: 0.0051743 seconds, Stopping threads took: 0.0000205 seconds
249.535: [GC (Allocation Failure)  904715K->589934K(1034752K), 0.0046704 secs]
249.540: Total time for which application threads were stopped: 0.0048403 seconds, Stopping threads took: 0.0000209 seconds
249.610: [GC (Allocation Failure)  911470K->589902K(1034752K), 0.0080203 secs]
249.618: Total time for which application threads were stopped: 0.0082042 seconds, Stopping threads took: 0.0000222 seconds
249.686: [GC (Allocation Failure)  911438K->589990K(1033728K), 0.0063732 secs]
249.692: Total time for which application threads were stopped: 0.0065466 seconds, Stopping threads took: 0.0000250 seconds
249.761: [GC (Allocation Failure)  910502K->597960K(1034240K), 0.0048981 secs]
249.766: Total time for which application threads were stopped: 0.0050880 seconds, Stopping threads took: 0.0000198 seconds
249.834: [GC (Allocation Failure)  918472K->597960K(1034240K), 0.0045440 secs]
249.839: Total time for which application threads were stopped: 0.0047149 seconds, Stopping threads took: 0.0000285 seconds
249.906: [GC (Allocation Failure)  918472K->598120K(1034240K), 0.0047534 secs]
249.911: Total time for which application threads were stopped: 0.0049261 seconds, Stopping threads took: 0.0000210 seconds
249.979: [GC (Allocation Failure)  918632K->605994K(1034240K), 0.0047428 secs]
249.984: Total time for which application threads were stopped: 0.0049311 seconds, Stopping threads took: 0.0000211 seconds
250.052: [GC (Allocation Failure)  926506K->605994K(1034240K), 0.0048933 secs]
250.057: Total time for which application threads were stopped: 0.0050624 seconds, Stopping threads took: 0.0000203 seconds
250.124: [GC (Allocation Failure)  926506K->606346K(1033216K), 0.0048256 secs]
250.129: Total time for which application threads were stopped: 0.0049858 seconds, Stopping threads took: 0.0000197 seconds
250.197: [GC (Allocation Failure)  925834K->614028K(1033728K), 0.0049335 secs]
250.202: Total time for which application threads were stopped: 0.0051056 seconds, Stopping threads took: 0.0000206 seconds
250.269: [GC (Allocation Failure)  933516K->614060K(1033728K), 0.0047948 secs]
250.274: Total time for which application threads were stopped: 0.0049574 seconds, Stopping threads took: 0.0000202 seconds
250.340: [GC (Allocation Failure)  933548K->614092K(1033728K), 0.0047153 secs]
250.345: Total time for which application threads were stopped: 0.0048787 seconds, Stopping threads took: 0.0000254 seconds
250.411: [GC (Allocation Failure)  933580K->622095K(1033728K), 0.0048333 secs]
250.416: Total time for which application threads were stopped: 0.0049933 seconds, Stopping threads took: 0.0000201 seconds
250.483: [GC (Allocation Failure)  941583K->618156K(1033728K), 0.0064224 secs]
250.489: Total time for which application threads were stopped: 0.0066126 seconds, Stopping threads took: 0.0000199 seconds
250.558: [GC (Allocation Failure)  937644K->622191K(1034752K), 0.0048025 secs]
250.563: Total time for which application threads were stopped: 0.0049709 seconds, Stopping threads took: 0.0000210 seconds
250.629: [GC (Allocation Failure)  943215K->626191K(1034240K), 0.0049430 secs]
250.634: Total time for which application threads were stopped: 0.0051141 seconds, Stopping threads took: 0.0000220 seconds
250.700: [GC (Allocation Failure)  947215K->620428K(1034752K), 0.0028412 secs]
250.703: Total time for which application threads were stopped: 0.0030019 seconds, Stopping threads took: 0.0000196 seconds
250.770: [GC (Allocation Failure)  941964K->626287K(1034752K), 0.0049073 secs]
250.775: Total time for which application threads were stopped: 0.0050751 seconds, Stopping threads took: 0.0000191 seconds
250.844: [GC (Allocation Failure)  947823K->630327K(1035264K), 0.0051765 secs]
250.849: Total time for which application threads were stopped: 0.0053454 seconds, Stopping threads took: 0.0000200 seconds
250.917: [GC (Allocation Failure)  952625K->626420K(1035264K), 0.0036983 secs]
250.921: Total time for which application threads were stopped: 0.0038613 seconds, Stopping threads took: 0.0000208 seconds
250.988: [GC (Allocation Failure)  948980K->630479K(1036288K), 0.0049053 secs]
250.993: Total time for which application threads were stopped: 0.0050981 seconds, Stopping threads took: 0.0000198 seconds
251.064: [GC (Allocation Failure)  954575K->634447K(1035776K), 0.0048901 secs]
251.069: Total time for which application threads were stopped: 0.0050511 seconds, Stopping threads took: 0.0000198 seconds
251.136: [GC (Allocation Failure)  958543K->634447K(1035776K), 0.0049502 secs]
251.141: Total time for which application threads were stopped: 0.0051133 seconds, Stopping threads took: 0.0000206 seconds
251.209: [GC (Allocation Failure)  958031K->634503K(1023488K), 0.0051405 secs]
251.214: Total time for which application threads were stopped: 0.0053111 seconds, Stopping threads took: 0.0000199 seconds
251.282: [GC (Allocation Failure)  958087K->642505K(1035264K), 0.0051152 secs]
251.287: Total time for which application threads were stopped: 0.0052970 seconds, Stopping threads took: 0.0000205 seconds
251.358: [GC (Allocation Failure)  965065K->642505K(1030144K), 0.0047123 secs]
251.362: Total time for which application threads were stopped: 0.0048827 seconds, Stopping threads took: 0.0000209 seconds
251.430: [GC (Allocation Failure)  965065K->642537K(1034752K), 0.0048183 secs]
251.435: Total time for which application threads were stopped: 0.0049879 seconds, Stopping threads took: 0.0000222 seconds
251.502: [GC (Allocation Failure)  964073K->650507K(1029120K), 0.0049274 secs]
251.507: Total time for which application threads were stopped: 0.0050915 seconds, Stopping threads took: 0.0000205 seconds
251.574: [GC (Allocation Failure)  972043K->650539K(1034240K), 0.0050281 secs]
251.579: Total time for which application threads were stopped: 0.0051925 seconds, Stopping threads took: 0.0000202 seconds
251.646: [GC (Allocation Failure)  971051K->650731K(1034240K), 0.0086808 secs]
251.655: Total time for which application threads were stopped: 0.0088569 seconds, Stopping threads took: 0.0000214 seconds
251.724: [GC (Allocation Failure)  971243K->658542K(1034240K), 0.0048546 secs]
251.729: Total time for which application threads were stopped: 0.0050053 seconds, Stopping threads took: 0.0000180 seconds
251.798: [GC (Allocation Failure)  979054K->658542K(1034240K), 0.0048917 secs]
251.803: Total time for which application threads were stopped: 0.0050582 seconds, Stopping threads took: 0.0000198 seconds
251.873: [GC (Allocation Failure)  979054K->658990K(1033216K), 0.0049708 secs]
251.878: Total time for which application threads were stopped: 0.0051482 seconds, Stopping threads took: 0.0000279 seconds
251.945: [GC (Allocation Failure)  978478K->666640K(1033728K), 0.0050709 secs]
251.950: Total time for which application threads were stopped: 0.0052345 seconds, Stopping threads took: 0.0000202 seconds
252.018: [GC (Allocation Failure)  986128K->666544K(1033728K), 0.0050558 secs]
252.023: Total time for which application threads were stopped: 0.0052238 seconds, Stopping threads took: 0.0000200 seconds
252.088: [GC (Allocation Failure)  986032K->666728K(1033728K), 0.0048897 secs]
252.093: Total time for which application threads were stopped: 0.0050548 seconds, Stopping threads took: 0.0000214 seconds
252.161: [GC (Allocation Failure)  986216K->674570K(1033728K), 0.0058820 secs]
252.167: Total time for which application threads were stopped: 0.0060668 seconds, Stopping threads took: 0.0000205 seconds
252.236: [GC (Allocation Failure)  994058K->674602K(1033728K), 0.0050592 secs]
252.241: Total time for which application threads were stopped: 0.0052386 seconds, Stopping threads took: 0.0000228 seconds
252.307: [GC (Allocation Failure)  994090K->674666K(1033728K), 0.0049648 secs]
252.312: Total time for which application threads were stopped: 0.0051353 seconds, Stopping threads took: 0.0000199 seconds
252.379: [GC (Allocation Failure)  994154K->682636K(1027072K), 0.0048891 secs]
252.384: Total time for which application threads were stopped: 0.0050457 seconds, Stopping threads took: 0.0000199 seconds
252.449: [GC (Allocation Failure)  1002124K->678730K(1034240K), 0.0041765 secs]
252.453: Total time for which application threads were stopped: 0.0043559 seconds, Stopping threads took: 0.0000328 seconds
252.521: [GC (Allocation Failure)  998218K->682796K(1033216K), 0.0051092 secs]
252.526: Total time for which application threads were stopped: 0.0052788 seconds, Stopping threads took: 0.0000203 seconds
252.593: [GC (Allocation Failure)  1002284K->686764K(1034752K), 0.0050219 secs]
252.598: Total time for which application threads were stopped: 0.0052032 seconds, Stopping threads took: 0.0000204 seconds
252.667: [GC (Allocation Failure)  1008300K->679946K(1034752K), 0.0031874 secs]
252.670: Total time for which application threads were stopped: 0.0033477 seconds, Stopping threads took: 0.0000257 seconds
252.738: [GC (Allocation Failure)  1001482K->686860K(1034752K), 0.0049564 secs]
252.743: Total time for which application threads were stopped: 0.0051188 seconds, Stopping threads took: 0.0000201 seconds
252.811: [GC (Allocation Failure)  1008396K->690900K(1034752K), 0.0058228 secs]
252.817: Total time for which application threads were stopped: 0.0059799 seconds, Stopping threads took: 0.0000192 seconds
252.883: [GC (Allocation Failure)  1012436K->685330K(1034752K), 0.0029470 secs]
252.886: Total time for which application threads were stopped: 0.0031354 seconds, Stopping threads took: 0.0000283 seconds
252.954: [GC (Allocation Failure)  1006866K->691204K(1034752K), 0.0049064 secs]
252.959: Total time for which application threads were stopped: 0.0050823 seconds, Stopping threads took: 0.0000204 seconds
253.026: [GC (Allocation Failure)  1012740K->695044K(1035264K), 0.0053376 secs]
253.031: Total time for which application threads were stopped: 0.0055087 seconds, Stopping threads took: 0.0000203 seconds
253.100: [GC (Allocation Failure)  1017533K->691170K(1035264K), 0.0039145 secs]
253.104: Total time for which application threads were stopped: 0.0040838 seconds, Stopping threads took: 0.0000199 seconds
253.172: [GC (Allocation Failure)  1013730K->695212K(1036288K), 0.0049596 secs]
253.177: [Full GC (Ergonomics)  695212K->8610K(1036288K), 0.0125665 secs]
253.190: Total time for which application threads were stopped: 0.0177717 seconds, Stopping threads took: 0.0000205 seconds
253.259: [GC (Allocation Failure)  332706K->16708K(1035776K), 0.0036165 secs]
253.263: Total time for which application threads were stopped: 0.0037655 seconds, Stopping threads took: 0.0000174 seconds
253.333: [GC (Allocation Failure)  340804K->16684K(1035776K), 0.0035517 secs]
253.336: Total time for which application threads were stopped: 0.0037201 seconds, Stopping threads took: 0.0000281 seconds
253.404: [GC (Allocation Failure)  340268K->16780K(1023488K), 0.0035854 secs]
253.408: Total time for which application threads were stopped: 0.0037466 seconds, Stopping threads took: 0.0000197 seconds
253.474: [GC (Allocation Failure)  340364K->24782K(1035264K), 0.0036960 secs]
253.478: Total time for which application threads were stopped: 0.0038750 seconds, Stopping threads took: 0.0000212 seconds
253.545: [GC (Allocation Failure)  347342K->24750K(1030144K), 0.0034642 secs]
253.549: Total time for which application threads were stopped: 0.0036248 seconds, Stopping threads took: 0.0000203 seconds
253.616: [GC (Allocation Failure)  347310K->24774K(1034752K), 0.0037506 secs]
253.620: Total time for which application threads were stopped: 0.0039120 seconds, Stopping threads took: 0.0000202 seconds
253.690: [GC (Allocation Failure)  346310K->32809K(1029120K), 0.0039480 secs]
253.694: Total time for which application threads were stopped: 0.0041050 seconds, Stopping threads took: 0.0000173 seconds
253.764: [GC (Allocation Failure)  354345K->32745K(1034240K), 0.0036024 secs]
253.768: Total time for which application threads were stopped: 0.0037587 seconds, Stopping threads took: 0.0000200 seconds
253.835: [GC (Allocation Failure)  353257K->33001K(1034240K), 0.0035463 secs]
253.839: Total time for which application threads were stopped: 0.0037092 seconds, Stopping threads took: 0.0000197 seconds
253.906: [GC (Allocation Failure)  353513K->40843K(1034240K), 0.0036017 secs]
253.910: Total time for which application threads were stopped: 0.0037915 seconds, Stopping threads took: 0.0000207 seconds
253.978: [GC (Allocation Failure)  361355K->40779K(1034240K), 0.0044910 secs]
253.983: Total time for which application threads were stopped: 0.0046896 seconds, Stopping threads took: 0.0000211 seconds
254.051: [GC (Allocation Failure)  361291K->41259K(1033216K), 0.0037271 secs]
254.055: Total time for which application threads were stopped: 0.0038907 seconds, Stopping threads took: 0.0000170 seconds
254.124: [GC (Allocation Failure)  360747K->48845K(1033728K), 0.0039090 secs]
254.128: Total time for which application threads were stopped: 0.0040689 seconds, Stopping threads took: 0.0000195 seconds
254.196: [GC (Allocation Failure)  368333K->48845K(1033728K), 0.0037221 secs]
254.200: Total time for which application threads were stopped: 0.0038815 seconds, Stopping threads took: 0.0000198 seconds
254.266: [GC (Allocation Failure)  368333K->48965K(1033728K), 0.0039757 secs]
254.270: Total time for which application threads were stopped: 0.0041548 seconds, Stopping threads took: 0.0000197 seconds
254.337: [GC (Allocation Failure)  368453K->56903K(1033728K), 0.0036130 secs]
254.341: Total time for which application threads were stopped: 0.0037791 seconds, Stopping threads took: 0.0000268 seconds
254.408: [GC (Allocation Failure)  376391K->56903K(1033728K), 0.0037518 secs]
254.412: Total time for which application threads were stopped: 0.0039238 seconds, Stopping threads took: 0.0000191 seconds
254.479: [GC (Allocation Failure)  376391K->56935K(1033728K), 0.0036342 secs]
254.482: Total time for which application threads were stopped: 0.0038333 seconds, Stopping threads took: 0.0000200 seconds
254.551: [GC (Allocation Failure)  376423K->64906K(1027072K), 0.0037438 secs]
254.555: Total time for which application threads were stopped: 0.0038946 seconds, Stopping threads took: 0.0000168 seconds
254.620: [GC (Allocation Failure)  384393K->61031K(1034240K), 0.0025478 secs]
254.623: Total time for which application threads were stopped: 0.0027115 seconds, Stopping threads took: 0.0000199 seconds
254.693: [GC (Allocation Failure)  380519K->65066K(1033216K), 0.0039122 secs]
254.697: Total time for which application threads were stopped: 0.0040782 seconds, Stopping threads took: 0.0000174 seconds
254.764: [GC (Allocation Failure)  384554K->69034K(1034752K), 0.0036398 secs]
254.768: Total time for which application threads were stopped: 0.0038098 seconds, Stopping threads took: 0.0000203 seconds
254.835: [GC (Allocation Failure)  390570K->62279K(1034752K), 0.0010364 secs]
254.836: Total time for which application threads were stopped: 0.0011607 seconds, Stopping threads took: 0.0000201 seconds
254.905: [GC (Allocation Failure)  383815K->69106K(1034752K), 0.0035762 secs]
254.908: Total time for which application threads were stopped: 0.0037433 seconds, Stopping threads took: 0.0000198 seconds
254.974: [GC (Allocation Failure)  390642K->73186K(1034752K), 0.0047172 secs]
254.979: Total time for which application threads were stopped: 0.0048848 seconds, Stopping threads took: 0.0000200 seconds
255.045: [GC (Allocation Failure)  394722K->67615K(1034752K), 0.0015788 secs]
255.047: Total time for which application threads were stopped: 0.0017294 seconds, Stopping threads took: 0.0000192 seconds
255.116: [GC (Allocation Failure)  389151K->73482K(1034752K), 0.0038233 secs]
255.120: Total time for which application threads were stopped: 0.0039835 seconds, Stopping threads took: 0.0000190 seconds
255.187: [GC (Allocation Failure)  395018K->77354K(1035264K), 0.0043138 secs]
255.192: Total time for which application threads were stopped: 0.0044782 seconds, Stopping threads took: 0.0000209 seconds
255.259: [GC (Allocation Failure)  399842K->73383K(1035264K), 0.0024687 secs]
255.262: Total time for which application threads were stopped: 0.0026393 seconds, Stopping threads took: 0.0000202 seconds
255.332: [GC (Allocation Failure)  395943K->77482K(1036288K), 0.0039021 secs]
255.336: Total time for which application threads were stopped: 0.0040600 seconds, Stopping threads took: 0.0000199 seconds
255.406: [GC (Allocation Failure)  401578K->81482K(1035776K), 0.0036897 secs]
255.410: Total time for which application threads were stopped: 0.0038496 seconds, Stopping threads took: 0.0000199 seconds
255.479: [GC (Allocation Failure)  405578K->81482K(1035776K), 0.0035298 secs]
255.483: Total time for which application threads were stopped: 0.0037220 seconds, Stopping threads took: 0.0000206 seconds
255.552: [GC (Allocation Failure)  405066K->81514K(1023488K), 0.0037394 secs]
255.556: Total time for which application threads were stopped: 0.0038997 seconds, Stopping threads took: 0.0000200 seconds
255.623: [GC (Allocation Failure)  405098K->89484K(1035264K), 0.0040102 secs]
255.627: Total time for which application threads were stopped: 0.0042169 seconds, Stopping threads took: 0.0000512 seconds
255.695: [GC (Allocation Failure)  412044K->89484K(1030144K), 0.0036995 secs]
255.699: Total time for which application threads were stopped: 0.0038647 seconds, Stopping threads took: 0.0000177 seconds
255.766: [GC (Allocation Failure)  412044K->89548K(1034752K), 0.0037055 secs]
255.770: Total time for which application threads were stopped: 0.0038771 seconds, Stopping threads took: 0.0000195 seconds
255.837: [GC (Allocation Failure)  411084K->97550K(1029120K), 0.0039140 secs]
255.841: Total time for which application threads were stopped: 0.0040772 seconds, Stopping threads took: 0.0000197 seconds
255.909: [GC (Allocation Failure)  419086K->97550K(1034240K), 0.0035678 secs]
255.913: Total time for which application threads were stopped: 0.0037322 seconds, Stopping threads took: 0.0000260 seconds
255.980: [GC (Allocation Failure)  418062K->97766K(1034240K), 0.0039822 secs]
255.984: Total time for which application threads were stopped: 0.0041449 seconds, Stopping threads took: 0.0000206 seconds
256.051: [GC (Allocation Failure)  418278K->105544K(1034240K), 0.0037972 secs]
256.055: Total time for which application threads were stopped: 0.0039559 seconds, Stopping threads took: 0.0000195 seconds
256.123: [GC (Allocation Failure)  426056K->105544K(1034240K), 0.0037898 secs]
256.127: Total time for which application threads were stopped: 0.0039819 seconds, Stopping threads took: 0.0000199 seconds
256.195: [GC (Allocation Failure)  426056K->105960K(1033216K), 0.0038058 secs]
256.199: Total time for which application threads were stopped: 0.0039543 seconds, Stopping threads took: 0.0000175 seconds
256.266: [GC (Allocation Failure)  425448K->113579K(1033728K), 0.0040403 secs]
256.270: Total time for which application threads were stopped: 0.0042108 seconds, Stopping threads took: 0.0000198 seconds
256.338: [GC (Allocation Failure)  433067K->113579K(1033728K), 0.0037829 secs]
256.342: Total time for which application threads were stopped: 0.0039600 seconds, Stopping threads took: 0.0000195 seconds
256.407: [GC (Allocation Failure)  433067K->113707K(1033728K), 0.0039708 secs]
256.411: Total time for which application threads were stopped: 0.0041574 seconds, Stopping threads took: 0.0000252 seconds
256.480: [GC (Allocation Failure)  433195K->121613K(1033728K), 0.0038106 secs]
256.484: Total time for which application threads were stopped: 0.0039594 seconds, Stopping threads took: 0.0000173 seconds
256.551: [GC (Allocation Failure)  441101K->121613K(1033728K), 0.0039285 secs]
256.555: Total time for which application threads were stopped: 0.0041219 seconds, Stopping threads took: 0.0000200 seconds
256.623: [GC (Allocation Failure)  441101K->121677K(1033728K), 0.0040236 secs]
256.628: Total time for which application threads were stopped: 0.0042033 seconds, Stopping threads took: 0.0000197 seconds
256.696: [GC (Allocation Failure)  441165K->129647K(1027072K), 0.0041203 secs]
256.700: Total time for which application threads were stopped: 0.0042802 seconds, Stopping threads took: 0.0000203 seconds
256.765: [GC (Allocation Failure)  449135K->125741K(1034240K), 0.0027459 secs]
256.768: Total time for which application threads were stopped: 0.0029100 seconds, Stopping threads took: 0.0000201 seconds
256.837: [GC (Allocation Failure)  445229K->129775K(1033216K), 0.0055034 secs]
256.843: Total time for which application threads were stopped: 0.0056517 seconds, Stopping threads took: 0.0000164 seconds
256.911: [GC (Allocation Failure)  449263K->133743K(1034752K), 0.0039093 secs]
256.915: Total time for which application threads were stopped: 0.0040651 seconds, Stopping threads took: 0.0000190 seconds
256.981: [GC (Allocation Failure)  455279K->126957K(1034752K), 0.0012656 secs]
256.983: Total time for which application threads were stopped: 0.0013976 seconds, Stopping threads took: 0.0000190 seconds
257.052: [GC (Allocation Failure)  448493K->133839K(1034752K), 0.0039503 secs]
257.056: Total time for which application threads were stopped: 0.0041198 seconds, Stopping threads took: 0.0000197 seconds
257.123: [GC (Allocation Failure)  455375K->137911K(1034752K), 0.0048911 secs]
257.128: Total time for which application threads were stopped: 0.0050505 seconds, Stopping threads took: 0.0000200 seconds
257.193: [GC (Allocation Failure)  459447K->132373K(1034752K), 0.0019410 secs]
257.195: Total time for which application threads were stopped: 0.0020802 seconds, Stopping threads took: 0.0000193 seconds
257.263: [GC (Allocation Failure)  453909K->138183K(1034752K), 0.0040881 secs]
257.267: Total time for which application threads were stopped: 0.0042515 seconds, Stopping threads took: 0.0000186 seconds
257.334: [GC (Allocation Failure)  459719K->142055K(1034752K), 0.0042657 secs]
257.339: Total time for which application threads were stopped: 0.0044260 seconds, Stopping threads took: 0.0000204 seconds
257.406: [GC (Allocation Failure)  464544K->138181K(1035264K), 0.0025440 secs]
257.408: Total time for which application threads were stopped: 0.0027012 seconds, Stopping threads took: 0.0000201 seconds
257.477: [GC (Allocation Failure)  460741K->142223K(1036288K), 0.0039058 secs]
257.481: Total time for which application threads were stopped: 0.0040678 seconds, Stopping threads took: 0.0000191 seconds
257.549: [GC (Allocation Failure)  466319K->146191K(1035776K), 0.0044785 secs]
257.553: Total time for which application threads were stopped: 0.0046488 seconds, Stopping threads took: 0.0000198 seconds
257.623: [GC (Allocation Failure)  470287K->146159K(1035776K), 0.0038638 secs]
257.627: Total time for which application threads were stopped: 0.0040358 seconds, Stopping threads took: 0.0000203 seconds
257.695: [GC (Allocation Failure)  469743K->146247K(1023488K), 0.0039297 secs]
257.699: Total time for which application threads were stopped: 0.0041029 seconds, Stopping threads took: 0.0000191 seconds
257.767: [GC (Allocation Failure)  469831K->154250K(1035264K), 0.0038962 secs]
257.771: Total time for which application threads were stopped: 0.0040481 seconds, Stopping threads took: 0.0000175 seconds
257.839: [GC (Allocation Failure)  476810K->154218K(1030144K), 0.0038749 secs]
257.843: Total time for which application threads were stopped: 0.0040415 seconds, Stopping threads took: 0.0000199 seconds
257.910: [GC (Allocation Failure)  476778K->154282K(1034752K), 0.0038495 secs]
257.914: Total time for which application threads were stopped: 0.0040126 seconds, Stopping threads took: 0.0000196 seconds
257.982: [GC (Allocation Failure)  475818K->162252K(1034752K), 0.0048508 secs]
257.987: Total time for which application threads were stopped: 0.0050197 seconds, Stopping threads took: 0.0000192 seconds
258.055: [GC (Allocation Failure)  483788K->162284K(1033728K), 0.0039170 secs]
258.059: Total time for which application threads were stopped: 0.0040721 seconds, Stopping threads took: 0.0000201 seconds
258.126: [GC (Allocation Failure)  482796K->162468K(1034240K), 0.0050294 secs]
258.132: Total time for which application threads were stopped: 0.0052046 seconds, Stopping threads took: 0.0000197 seconds
258.199: [GC (Allocation Failure)  482980K->170278K(1034240K), 0.0045200 secs]
258.204: Total time for which application threads were stopped: 0.0046900 seconds, Stopping threads took: 0.0000204 seconds
258.272: [GC (Allocation Failure)  490790K->170310K(1034240K), 0.0041499 secs]
258.276: Total time for which application threads were stopped: 0.0043175 seconds, Stopping threads took: 0.0000200 seconds
258.344: [GC (Allocation Failure)  490822K->170726K(1033216K), 0.0040555 secs]
258.348: Total time for which application threads were stopped: 0.0042172 seconds, Stopping threads took: 0.0000268 seconds
258.416: [GC (Allocation Failure)  490214K->178312K(1033728K), 0.0040794 secs]
258.420: Total time for which application threads were stopped: 0.0042508 seconds, Stopping threads took: 0.0000199 seconds
258.488: [GC (Allocation Failure)  497800K->178312K(1033728K), 0.0037797 secs]
258.492: Total time for which application threads were stopped: 0.0039950 seconds, Stopping threads took: 0.0000216 seconds
258.557: [GC (Allocation Failure)  497800K->178440K(1033728K), 0.0039424 secs]
258.561: Total time for which application threads were stopped: 0.0040936 seconds, Stopping threads took: 0.0000173 seconds
258.628: [GC (Allocation Failure)  497928K->186379K(1033728K), 0.0038808 secs]
258.632: Total time for which application threads were stopped: 0.0040530 seconds, Stopping threads took: 0.0000204 seconds
258.701: [GC (Allocation Failure)  505867K->186347K(1033728K), 0.0040547 secs]
258.705: Total time for which application threads were stopped: 0.0042360 seconds, Stopping threads took: 0.0000198 seconds
258.773: [GC (Allocation Failure)  505835K->186411K(1033728K), 0.0041092 secs]
258.778: Total time for which application threads were stopped: 0.0042812 seconds, Stopping threads took: 0.0000207 seconds
258.844: [GC (Allocation Failure)  505899K->194349K(1027072K), 0.0041265 secs]
258.849: Total time for which application threads were stopped: 0.0042907 seconds, Stopping threads took: 0.0000277 seconds
258.914: [GC (Allocation Failure)  513836K->190475K(1034240K), 0.0029951 secs]
258.917: Total time for which application threads were stopped: 0.0031617 seconds, Stopping threads took: 0.0000202 seconds
258.984: [GC (Allocation Failure)  509963K->194541K(1033216K), 0.0042152 secs]
258.988: Total time for which application threads were stopped: 0.0043877 seconds, Stopping threads took: 0.0000197 seconds
259.055: [GC (Allocation Failure)  514029K->198509K(1034752K), 0.0047898 secs]
259.060: Total time for which application threads were stopped: 0.0049637 seconds, Stopping threads took: 0.0000209 seconds
259.129: [GC (Allocation Failure)  520045K->191723K(1034752K), 0.0013793 secs]
259.130: Total time for which application threads were stopped: 0.0015163 seconds, Stopping threads took: 0.0000224 seconds
259.198: [GC (Allocation Failure)  513259K->198581K(1034752K), 0.0040031 secs]
259.202: Total time for which application threads were stopped: 0.0041810 seconds, Stopping threads took: 0.0000216 seconds
259.269: [GC (Allocation Failure)  520117K->202661K(1034752K), 0.0050816 secs]
259.274: Total time for which application threads were stopped: 0.0052529 seconds, Stopping threads took: 0.0000204 seconds
259.341: [GC (Allocation Failure)  524197K->197155K(1034752K), 0.0018849 secs]
259.343: Total time for which application threads were stopped: 0.0020354 seconds, Stopping threads took: 0.0000256 seconds
259.410: [GC (Allocation Failure)  518691K->202941K(1034752K), 0.0041023 secs]
259.414: Total time for which application threads were stopped: 0.0042646 seconds, Stopping threads took: 0.0000197 seconds
259.481: [GC (Allocation Failure)  524477K->206813K(1034752K), 0.0042918 secs]
259.486: Total time for which application threads were stopped: 0.0044475 seconds, Stopping threads took: 0.0000196 seconds
259.552: [GC (Allocation Failure)  529301K->202907K(1035264K), 0.0028396 secs]
259.555: Total time for which application threads were stopped: 0.0030108 seconds, Stopping threads took: 0.0000200 seconds
259.623: [GC (Allocation Failure)  525467K->206981K(1036288K), 0.0043678 secs]
259.628: Total time for which application threads were stopped: 0.0045459 seconds, Stopping threads took: 0.0000200 seconds
259.698: [GC (Allocation Failure)  531077K->210949K(1035776K), 0.0040313 secs]
259.702: Total time for which application threads were stopped: 0.0042086 seconds, Stopping threads took: 0.0000205 seconds
259.772: [GC (Allocation Failure)  535045K->210949K(1035776K), 0.0039734 secs]
259.776: Total time for which application threads were stopped: 0.0041625 seconds, Stopping threads took: 0.0000199 seconds
259.845: [GC (Allocation Failure)  534533K->211013K(1023488K), 0.0041415 secs]
259.850: Total time for which application threads were stopped: 0.0043422 seconds, Stopping threads took: 0.0000264 seconds
259.918: [GC (Allocation Failure)  534597K->219015K(1035264K), 0.0042277 secs]
259.922: Total time for which application threads were stopped: 0.0044127 seconds, Stopping threads took: 0.0000199 seconds
259.990: [GC (Allocation Failure)  541575K->218983K(1030144K), 0.0040745 secs]
259.994: Total time for which application threads were stopped: 0.0042408 seconds, Stopping threads took: 0.0000195 seconds
260.062: [GC (Allocation Failure)  541543K->219047K(1034752K), 0.0042580 secs]
260.066: Total time for which application threads were stopped: 0.0044154 seconds, Stopping threads took: 0.0000193 seconds
260.134: [GC (Allocation Failure)  540583K->227049K(1029120K), 0.0043213 secs]
260.138: Total time for which application threads were stopped: 0.0045384 seconds, Stopping threads took: 0.0000201 seconds
260.208: [GC (Allocation Failure)  548585K->226985K(1034240K), 0.0039804 secs]
260.212: Total time for which application threads were stopped: 0.0041413 seconds, Stopping threads took: 0.0000203 seconds
260.279: [GC (Allocation Failure)  547497K->227273K(1034240K), 0.0042430 secs]
260.283: Total time for which application threads were stopped: 0.0044355 seconds, Stopping threads took: 0.0000194 seconds
260.353: [GC (Allocation Failure)  547785K->235084K(1034240K), 0.0040307 secs]
260.357: Total time for which application threads were stopped: 0.0042003 seconds, Stopping threads took: 0.0000265 seconds
260.425: [GC (Allocation Failure)  555596K->235052K(1034240K), 0.0042473 secs]
260.429: Total time for which application threads were stopped: 0.0044293 seconds, Stopping threads took: 0.0000212 seconds
260.496: [GC (Allocation Failure)  555564K->235492K(1033216K), 0.0043949 secs]
260.501: Total time for which application threads were stopped: 0.0045663 seconds, Stopping threads took: 0.0000208 seconds
260.568: [GC (Allocation Failure)  554980K->243078K(1033728K), 0.0042320 secs]
260.572: Total time for which application threads were stopped: 0.0044139 seconds, Stopping threads took: 0.0000199 seconds
260.640: [GC (Allocation Failure)  562566K->243078K(1033728K), 0.0041711 secs]
260.644: Total time for which application threads were stopped: 0.0043621 seconds, Stopping threads took: 0.0000211 seconds
260.712: [GC (Allocation Failure)  562566K->243246K(1033728K), 0.0041847 secs]
260.716: Total time for which application threads were stopped: 0.0043918 seconds, Stopping threads took: 0.0000514 seconds
260.784: [GC (Allocation Failure)  562734K->251152K(1033728K), 0.0042230 secs]
260.788: Total time for which application threads were stopped: 0.0043953 seconds, Stopping threads took: 0.0000210 seconds
260.856: [GC (Allocation Failure)  570640K->251120K(1033728K), 0.0042065 secs]
260.860: Total time for which application threads were stopped: 0.0043748 seconds, Stopping threads took: 0.0000266 seconds
260.927: [GC (Allocation Failure)  570608K->251176K(1033728K), 0.0041786 secs]
260.931: Total time for which application threads were stopped: 0.0043513 seconds, Stopping threads took: 0.0000209 seconds
260.999: [GC (Allocation Failure)  570664K->259146K(1027072K), 0.0044077 secs]
261.003: Total time for which application threads were stopped: 0.0045790 seconds, Stopping threads took: 0.0000214 seconds
261.068: [GC (Allocation Failure)  578634K->255240K(1034240K), 0.0039560 secs]
261.072: Total time for which application threads were stopped: 0.0041143 seconds, Stopping threads took: 0.0000194 seconds
261.140: [GC (Allocation Failure)  574728K->259274K(1033216K), 0.0042392 secs]
261.145: Total time for which application threads were stopped: 0.0043988 seconds, Stopping threads took: 0.0000198 seconds
261.213: [GC (Allocation Failure)  578762K->263274K(1034752K), 0.0041669 secs]
261.217: Total time for which application threads were stopped: 0.0043252 seconds, Stopping threads took: 0.0000199 seconds
261.286: [GC (Allocation Failure)  584810K->256488K(1034752K), 0.0016816 secs]
261.288: Total time for which application threads were stopped: 0.0018139 seconds, Stopping threads took: 0.0000199 seconds
261.355: [GC (Allocation Failure)  578024K->263338K(1034752K), 0.0039228 secs]
261.359: Total time for which application threads were stopped: 0.0041033 seconds, Stopping threads took: 0.0000190 seconds
261.428: [GC (Allocation Failure)  584874K->267450K(1034752K), 0.0051328 secs]
261.433: Total time for which application threads were stopped: 0.0052792 seconds, Stopping threads took: 0.0000169 seconds
261.499: [GC (Allocation Failure)  588986K->261848K(1034752K), 0.0021228 secs]
261.502: Total time for which application threads were stopped: 0.0022695 seconds, Stopping threads took: 0.0000201 seconds
261.571: [GC (Allocation Failure)  583384K->267690K(1034752K), 0.0040531 secs]
261.575: Total time for which application threads were stopped: 0.0042450 seconds, Stopping threads took: 0.0000195 seconds
261.642: [GC (Allocation Failure)  589226K->271594K(1035264K), 0.0044628 secs]
261.646: Total time for which application threads were stopped: 0.0046329 seconds, Stopping threads took: 0.0000196 seconds
261.714: [GC (Allocation Failure)  594083K->267656K(1035264K), 0.0028899 secs]
261.717: Total time for which application threads were stopped: 0.0030452 seconds, Stopping threads took: 0.0000195 seconds
261.786: [GC (Allocation Failure)  590216K->271722K(1036288K), 0.0042643 secs]
261.791: Total time for which application threads were stopped: 0.0044448 seconds, Stopping threads took: 0.0000205 seconds
261.858: [GC (Allocation Failure)  595818K->275690K(1035776K), 0.0041382 secs]
261.863: Total time for which application threads were stopped: 0.0043222 seconds, Stopping threads took: 0.0000299 seconds
261.932: [GC (Allocation Failure)  599786K->275690K(1035776K), 0.0042245 secs]
261.936: Total time for which application threads were stopped: 0.0044014 seconds, Stopping threads took: 0.0000272 seconds
262.005: [GC (Allocation Failure)  599274K->275754K(1023488K), 0.0043097 secs]
262.010: Total time for which application threads were stopped: 0.0045018 seconds, Stopping threads took: 0.0000208 seconds
262.078: [GC (Allocation Failure)  599338K->283725K(1035264K), 0.0043361 secs]
262.082: Total time for which application threads were stopped: 0.0044944 seconds, Stopping threads took: 0.0000196 seconds
262.150: [GC (Allocation Failure)  606285K->283725K(1030144K), 0.0041358 secs]
262.154: Total time for which application threads were stopped: 0.0043113 seconds, Stopping threads took: 0.0000198 seconds
262.221: [GC (Allocation Failure)  606285K->283789K(1034752K), 0.0041446 secs]
262.225: Total time for which application threads were stopped: 0.0043359 seconds, Stopping threads took: 0.0000196 seconds
262.294: [GC (Allocation Failure)  605325K->291727K(1034752K), 0.0043681 secs]
262.299: Total time for which application threads were stopped: 0.0045158 seconds, Stopping threads took: 0.0000169 seconds
262.367: [GC (Allocation Failure)  613263K->291727K(1033728K), 0.0039451 secs]
262.371: Total time for which application threads were stopped: 0.0041113 seconds, Stopping threads took: 0.0000267 seconds
262.438: [GC (Allocation Failure)  612239K->292007K(1034240K), 0.0043979 secs]
262.442: Total time for which application threads were stopped: 0.0045780 seconds, Stopping threads took: 0.0000200 seconds
262.512: [GC (Allocation Failure)  612519K->299849K(1034240K), 0.0041625 secs]
262.516: Total time for which application threads were stopped: 0.0043182 seconds, Stopping threads took: 0.0000199 seconds
262.585: [GC (Allocation Failure)  620361K->299785K(1034240K), 0.0043136 secs]
262.590: Total time for which application threads were stopped: 0.0044911 seconds, Stopping threads took: 0.0000200 seconds
262.657: [GC (Allocation Failure)  620297K->300233K(1033216K), 0.0042801 secs]
262.661: Total time for which application threads were stopped: 0.0044420 seconds, Stopping threads took: 0.0000202 seconds
262.729: [GC (Allocation Failure)  619721K->307820K(1033728K), 0.0043636 secs]
262.733: Total time for which application threads were stopped: 0.0045313 seconds, Stopping threads took: 0.0000197 seconds
262.801: [GC (Allocation Failure)  627308K->307820K(1033728K), 0.0042352 secs]
262.805: Total time for which application threads were stopped: 0.0043915 seconds, Stopping threads took: 0.0000189 seconds
262.870: [GC (Allocation Failure)  627308K->307948K(1033728K), 0.0042593 secs]
262.874: Total time for which application threads were stopped: 0.0044440 seconds, Stopping threads took: 0.0000260 seconds
262.942: [GC (Allocation Failure)  627436K->315886K(1033728K), 0.0048892 secs]
262.947: Total time for which application threads were stopped: 0.0050885 seconds, Stopping threads took: 0.0000219 seconds
263.015: [GC (Allocation Failure)  635374K->315854K(1033728K), 0.0042690 secs]
263.020: Total time for which application threads were stopped: 0.0044289 seconds, Stopping threads took: 0.0000198 seconds
263.088: [GC (Allocation Failure)  635342K->315918K(1033728K), 0.0044756 secs]
263.093: Total time for which application threads were stopped: 0.0046247 seconds, Stopping threads took: 0.0000168 seconds
263.160: [GC (Allocation Failure)  635406K->323856K(1027072K), 0.0044531 secs]
263.165: Total time for which application threads were stopped: 0.0046170 seconds, Stopping threads took: 0.0000208 seconds
263.230: [GC (Allocation Failure)  643344K->319982K(1034240K), 0.0032969 secs]
263.234: Total time for which application threads were stopped: 0.0034567 seconds, Stopping threads took: 0.0000206 seconds
263.302: [GC (Allocation Failure)  639470K->324040K(1033216K), 0.0044197 secs]
263.306: Total time for which application threads were stopped: 0.0046225 seconds, Stopping threads took: 0.0000225 seconds
263.375: [GC (Allocation Failure)  643528K->327976K(1034752K), 0.0041053 secs]
263.379: Total time for which application threads were stopped: 0.0043044 seconds, Stopping threads took: 0.0000283 seconds
263.447: [GC (Allocation Failure)  649512K->321222K(1034752K), 0.0016891 secs]
263.449: Total time for which application threads were stopped: 0.0018277 seconds, Stopping threads took: 0.0000170 seconds
263.519: [GC (Allocation Failure)  642758K->328104K(1034752K), 0.0043140 secs]
263.523: Total time for which application threads were stopped: 0.0044830 seconds, Stopping threads took: 0.0000197 seconds
263.590: [GC (Allocation Failure)  649640K->332152K(1034752K), 0.0051465 secs]
263.595: Total time for which application threads were stopped: 0.0053137 seconds, Stopping threads took: 0.0000208 seconds
263.661: [GC (Allocation Failure)  653688K->326582K(1034752K), 0.0021979 secs]
263.663: Total time for which application threads were stopped: 0.0023546 seconds, Stopping threads took: 0.0000200 seconds
263.731: [GC (Allocation Failure)  648118K->332424K(1034752K), 0.0044551 secs]
263.736: Total time for which application threads were stopped: 0.0046259 seconds, Stopping threads took: 0.0000200 seconds
263.805: [GC (Allocation Failure)  653960K->336256K(1034752K), 0.0046510 secs]
263.810: Total time for which application threads were stopped: 0.0048224 seconds, Stopping threads took: 0.0000203 seconds
263.878: [GC (Allocation Failure)  658744K->332382K(1035264K), 0.0029299 secs]
263.881: Total time for which application threads were stopped: 0.0030870 seconds, Stopping threads took: 0.0000201 seconds
263.949: [GC (Allocation Failure)  654942K->336456K(1036288K), 0.0042993 secs]
263.954: Total time for which application threads were stopped: 0.0044675 seconds, Stopping threads took: 0.0000194 seconds
264.021: [GC (Allocation Failure)  660552K->340424K(1035776K), 0.0041251 secs]
264.025: Total time for which application threads were stopped: 0.0042823 seconds, Stopping threads took: 0.0000191 seconds
264.094: [GC (Allocation Failure)  664520K->340424K(1035776K), 0.0041755 secs]
264.098: Total time for which application threads were stopped: 0.0043535 seconds, Stopping threads took: 0.0000201 seconds
264.166: [GC (Allocation Failure)  664008K->340488K(1023488K), 0.0043810 secs]
264.170: Total time for which application threads were stopped: 0.0045518 seconds, Stopping threads took: 0.0000200 seconds
264.237: [GC (Allocation Failure)  664072K->348458K(1035264K), 0.0044788 secs]
264.241: Total time for which application threads were stopped: 0.0046397 seconds, Stopping threads took: 0.0000190 seconds
264.310: [GC (Allocation Failure)  671018K->348426K(1030144K), 0.0041836 secs]
264.314: Total time for which application threads were stopped: 0.0043504 seconds, Stopping threads took: 0.0000198 seconds
264.382: [GC (Allocation Failure)  670986K->348522K(1034752K), 0.0043518 secs]
264.386: Total time for which application threads were stopped: 0.0045445 seconds, Stopping threads took: 0.0000285 seconds
264.457: [GC (Allocation Failure)  670058K->356461K(1034752K), 0.0046467 secs]
264.462: Total time for which application threads were stopped: 0.0047986 seconds, Stopping threads took: 0.0000175 seconds
264.530: [GC (Allocation Failure)  677997K->356493K(1033728K), 0.0043514 secs]
264.534: Total time for which application threads were stopped: 0.0045356 seconds, Stopping threads took: 0.0000207 seconds
264.603: [GC (Allocation Failure)  677005K->356741K(1034240K), 0.0045216 secs]
264.607: Total time for which application threads were stopped: 0.0047119 seconds, Stopping threads took: 0.0000227 seconds
264.675: [GC (Allocation Failure)  677253K->364519K(1034240K), 0.0064367 secs]
264.682: Total time for which application threads were stopped: 0.0066485 seconds, Stopping threads took: 0.0000204 seconds
264.750: [GC (Allocation Failure)  685031K->364519K(1034240K), 0.0044572 secs]
264.755: Total time for which application threads were stopped: 0.0046071 seconds, Stopping threads took: 0.0000175 seconds
264.822: [GC (Allocation Failure)  685031K->364967K(1034240K), 0.0044502 secs]
264.827: Total time for which application threads were stopped: 0.0046269 seconds, Stopping threads took: 0.0000271 seconds
264.894: [GC (Allocation Failure)  685479K->372553K(1028096K), 0.0044667 secs]
264.899: Total time for which application threads were stopped: 0.0046803 seconds, Stopping threads took: 0.0000603 seconds
264.965: [GC (Allocation Failure)  693065K->372585K(1033728K), 0.0043791 secs]
264.970: Total time for which application threads were stopped: 0.0045576 seconds, Stopping threads took: 0.0000204 seconds
265.036: [GC (Allocation Failure)  692073K->372681K(1033728K), 0.0044390 secs]
265.041: Total time for which application threads were stopped: 0.0045875 seconds, Stopping threads took: 0.0000169 seconds
265.109: [GC (Allocation Failure)  692169K->380619K(1033728K), 0.0044009 secs]
265.114: Total time for which application threads were stopped: 0.0045964 seconds, Stopping threads took: 0.0000201 seconds
265.183: [GC (Allocation Failure)  700107K->380587K(1033728K), 0.0043199 secs]
265.187: Total time for which application threads were stopped: 0.0044995 seconds, Stopping threads took: 0.0000193 seconds
265.253: [GC (Allocation Failure)  700075K->380611K(1033728K), 0.0051500 secs]
265.258: Total time for which application threads were stopped: 0.0053218 seconds, Stopping threads took: 0.0000199 seconds
265.324: [GC (Allocation Failure)  700099K->388646K(1027072K), 0.0047387 secs]
265.329: Total time for which application threads were stopped: 0.0049148 seconds, Stopping threads took: 0.0000221 seconds
265.394: [GC (Allocation Failure)  708133K->384675K(1034240K), 0.0034824 secs]
265.397: Total time for which application threads were stopped: 0.0036498 seconds, Stopping threads took: 0.0000264 seconds
265.465: [GC (Allocation Failure)  704163K->388774K(1033216K), 0.0048100 secs]
265.469: Total time for which application threads were stopped: 0.0049723 seconds, Stopping threads took: 0.0000198 seconds
265.537: [GC (Allocation Failure)  708262K->392774K(1034752K), 0.0043319 secs]
265.541: Total time for which application threads were stopped: 0.0045107 seconds, Stopping threads took: 0.0000204 seconds
265.609: [GC (Allocation Failure)  714310K->385923K(1034752K), 0.0016998 secs]
265.611: Total time for which application threads were stopped: 0.0018337 seconds, Stopping threads took: 0.0000194 seconds
265.678: [GC (Allocation Failure)  707459K->392806K(1034752K), 0.0053116 secs]
265.684: Total time for which application threads were stopped: 0.0055139 seconds, Stopping threads took: 0.0000263 seconds
265.750: [GC (Allocation Failure)  714342K->396886K(1034752K), 0.0053679 secs]
265.755: Total time for which application threads were stopped: 0.0055284 seconds, Stopping threads took: 0.0000199 seconds
265.821: [GC (Allocation Failure)  718422K->391347K(1034752K), 0.0024055 secs]
265.823: Total time for which application threads were stopped: 0.0026007 seconds, Stopping threads took: 0.0000530 seconds
265.893: [GC (Allocation Failure)  712883K->397190K(1034752K), 0.0044074 secs]
265.897: Total time for which application threads were stopped: 0.0046066 seconds, Stopping threads took: 0.0000256 seconds
265.966: [GC (Allocation Failure)  718726K->401062K(1035264K), 0.0046365 secs]
265.971: Total time for which application threads were stopped: 0.0048161 seconds, Stopping threads took: 0.0000171 seconds
266.039: [GC (Allocation Failure)  723550K->397155K(1035264K), 0.0032785 secs]
266.043: Total time for which application threads were stopped: 0.0034350 seconds, Stopping threads took: 0.0000199 seconds
266.113: [GC (Allocation Failure)  719715K->401190K(1036288K), 0.0047599 secs]
266.118: Total time for which application threads were stopped: 0.0049268 seconds, Stopping threads took: 0.0000199 seconds
266.186: [GC (Allocation Failure)  725286K->405158K(1035776K), 0.0043582 secs]
266.190: Total time for which application threads were stopped: 0.0045179 seconds, Stopping threads took: 0.0000199 seconds
266.259: [GC (Allocation Failure)  729254K->405158K(1035776K), 0.0065062 secs]
266.266: Total time for which application threads were stopped: 0.0066826 seconds, Stopping threads took: 0.0000216 seconds
266.334: [GC (Allocation Failure)  728742K->405230K(1023488K), 0.0045777 secs]
266.339: Total time for which application threads were stopped: 0.0047475 seconds, Stopping threads took: 0.0000203 seconds
266.406: [GC (Allocation Failure)  728814K->413232K(1035264K), 0.0045453 secs]
266.411: Total time for which application threads were stopped: 0.0047186 seconds, Stopping threads took: 0.0000213 seconds
266.479: [GC (Allocation Failure)  735792K->413200K(1030144K), 0.0044095 secs]
266.483: Total time for which application threads were stopped: 0.0045773 seconds, Stopping threads took: 0.0000199 seconds
266.551: [GC (Allocation Failure)  735760K->413256K(1034752K), 0.0044765 secs]
266.555: Total time for which application threads were stopped: 0.0046427 seconds, Stopping threads took: 0.0000204 seconds
266.623: [GC (Allocation Failure)  734792K->421226K(1029120K), 0.0044827 secs]
266.627: Total time for which application threads were stopped: 0.0046781 seconds, Stopping threads took: 0.0000205 seconds
266.697: [GC (Allocation Failure)  742762K->421226K(1034240K), 0.0043758 secs]
266.702: Total time for which application threads were stopped: 0.0045250 seconds, Stopping threads took: 0.0000171 seconds
266.768: [GC (Allocation Failure)  741738K->421450K(1034240K), 0.0043849 secs]
266.773: Total time for which application threads were stopped: 0.0045454 seconds, Stopping threads took: 0.0000199 seconds
266.840: [GC (Allocation Failure)  741962K->429292K(1034240K), 0.0045896 secs]
266.845: Total time for which application threads were stopped: 0.0047608 seconds, Stopping threads took: 0.0000205 seconds
266.914: [GC (Allocation Failure)  749804K->429260K(1034240K), 0.0043797 secs]
266.918: Total time for which application threads were stopped: 0.0045645 seconds, Stopping threads took: 0.0000273 seconds
266.987: [GC (Allocation Failure)  749772K->429708K(1033216K), 0.0045627 secs]
266.992: Total time for which application threads were stopped: 0.0047365 seconds, Stopping threads took: 0.0000202 seconds
267.060: [GC (Allocation Failure)  749196K->437295K(1033728K), 0.0046257 secs]
267.064: Total time for which application threads were stopped: 0.0047954 seconds, Stopping threads took: 0.0000204 seconds
267.132: [GC (Allocation Failure)  756783K->437295K(1033728K), 0.0044748 secs]
267.137: Total time for which application threads were stopped: 0.0046332 seconds, Stopping threads took: 0.0000198 seconds
267.202: [GC (Allocation Failure)  756783K->437423K(1033728K), 0.0044948 secs]
267.207: Total time for which application threads were stopped: 0.0046699 seconds, Stopping threads took: 0.0000202 seconds
267.275: [GC (Allocation Failure)  756911K->445361K(1033728K), 0.0043188 secs]
267.279: Total time for which application threads were stopped: 0.0044977 seconds, Stopping threads took: 0.0000208 seconds
267.348: [GC (Allocation Failure)  764849K->445329K(1033728K), 0.0045193 secs]
267.352: Total time for which application threads were stopped: 0.0046671 seconds, Stopping threads took: 0.0000170 seconds
267.419: [GC (Allocation Failure)  764817K->445385K(1033728K), 0.0044783 secs]
267.424: Total time for which application threads were stopped: 0.0046675 seconds, Stopping threads took: 0.0000198 seconds
267.491: [GC (Allocation Failure)  764873K->453355K(1027072K), 0.0046344 secs]
267.496: Total time for which application threads were stopped: 0.0048045 seconds, Stopping threads took: 0.0000203 seconds
267.562: [GC (Allocation Failure)  772843K->449449K(1034240K), 0.0034264 secs]
267.565: Total time for which application threads were stopped: 0.0036215 seconds, Stopping threads took: 0.0000202 seconds
267.634: [GC (Allocation Failure)  768937K->453515K(1033216K), 0.0046637 secs]
267.639: Total time for which application threads were stopped: 0.0048338 seconds, Stopping threads took: 0.0000199 seconds
267.707: [GC (Allocation Failure)  773003K->457515K(1034752K), 0.0045024 secs]
267.712: Total time for which application threads were stopped: 0.0046627 seconds, Stopping threads took: 0.0000198 seconds
267.778: [GC (Allocation Failure)  779051K->450665K(1034752K), 0.0019432 secs]
267.780: Total time for which application threads were stopped: 0.0020844 seconds, Stopping threads took: 0.0000198 seconds
267.847: [GC (Allocation Failure)  772201K->457547K(1034752K), 0.0044320 secs]
267.852: Total time for which application threads were stopped: 0.0046064 seconds, Stopping threads took: 0.0000189 seconds
267.920: [GC (Allocation Failure)  779083K->461627K(1034752K), 0.0054922 secs]
267.926: Total time for which application threads were stopped: 0.0056515 seconds, Stopping threads took: 0.0000175 seconds
267.991: [GC (Allocation Failure)  783163K->456121K(1034752K), 0.0025704 secs]
267.994: Total time for which application threads were stopped: 0.0027238 seconds, Stopping threads took: 0.0000199 seconds
268.063: [GC (Allocation Failure)  777657K->461923K(1034752K), 0.0045935 secs]
268.068: Total time for which application threads were stopped: 0.0047632 seconds, Stopping threads took: 0.0000212 seconds
268.135: [GC (Allocation Failure)  783459K->465795K(1035264K), 0.0049076 secs]
268.140: Total time for which application threads were stopped: 0.0050704 seconds, Stopping threads took: 0.0000209 seconds
268.206: [GC (Allocation Failure)  788284K->461857K(1035264K), 0.0034776 secs]
268.210: Total time for which application threads were stopped: 0.0036627 seconds, Stopping threads took: 0.0000194 seconds
268.278: [GC (Allocation Failure)  784417K->465931K(1036288K), 0.0047218 secs]
268.282: Total time for which application threads were stopped: 0.0048782 seconds, Stopping threads took: 0.0000190 seconds
268.352: [GC (Allocation Failure)  790027K->469931K(1035776K), 0.0044142 secs]
268.356: Total time for which application threads were stopped: 0.0045833 seconds, Stopping threads took: 0.0000271 seconds
268.425: [GC (Allocation Failure)  794027K->469899K(1035776K), 0.0043831 secs]
268.429: Total time for which application threads were stopped: 0.0045561 seconds, Stopping threads took: 0.0000201 seconds
268.497: [GC (Allocation Failure)  793483K->469963K(1023488K), 0.0045657 secs]
268.501: Total time for which application threads were stopped: 0.0047234 seconds, Stopping threads took: 0.0000195 seconds
268.568: [GC (Allocation Failure)  793547K->477933K(1035264K), 0.0047666 secs]
268.573: Total time for which application threads were stopped: 0.0049353 seconds, Stopping threads took: 0.0000198 seconds
268.640: [GC (Allocation Failure)  800493K->477933K(1030144K), 0.0043728 secs]
268.645: Total time for which application threads were stopped: 0.0045422 seconds, Stopping threads took: 0.0000200 seconds
268.713: [GC (Allocation Failure)  800493K->477997K(1034752K), 0.0044534 secs]
268.717: Total time for which application threads were stopped: 0.0046145 seconds, Stopping threads took: 0.0000195 seconds
268.785: [GC (Allocation Failure)  799533K->485936K(1034752K), 0.0064795 secs]
268.791: Total time for which application threads were stopped: 0.0066381 seconds, Stopping threads took: 0.0000190 seconds
268.859: [GC (Allocation Failure)  807472K->486000K(1033728K), 0.0043270 secs]
268.864: Total time for which application threads were stopped: 0.0045326 seconds, Stopping threads took: 0.0000262 seconds
268.932: [GC (Allocation Failure)  806512K->486216K(1034240K), 0.0046738 secs]
268.937: Total time for which application threads were stopped: 0.0048436 seconds, Stopping threads took: 0.0000196 seconds
269.005: [GC (Allocation Failure)  806728K->493994K(1034240K), 0.0044033 secs]
269.009: Total time for which application threads were stopped: 0.0045767 seconds, Stopping threads took: 0.0000202 seconds
269.078: [GC (Allocation Failure)  814506K->494026K(1034240K), 0.0046387 secs]
269.082: Total time for which application threads were stopped: 0.0048116 seconds, Stopping threads took: 0.0000208 seconds
269.150: [GC (Allocation Failure)  814538K->494410K(1033216K), 0.0046545 secs]
269.154: Total time for which application threads were stopped: 0.0048167 seconds, Stopping threads took: 0.0000201 seconds
269.222: [GC (Allocation Failure)  813898K->502028K(1033728K), 0.0047371 secs]
269.227: Total time for which application threads were stopped: 0.0049113 seconds, Stopping threads took: 0.0000184 seconds
269.295: [GC (Allocation Failure)  821516K->502028K(1033728K), 0.0045841 secs]
269.300: Total time for which application threads were stopped: 0.0047432 seconds, Stopping threads took: 0.0000198 seconds
269.366: [GC (Allocation Failure)  821516K->502188K(1033728K), 0.0044485 secs]
269.371: Total time for which application threads were stopped: 0.0046408 seconds, Stopping threads took: 0.0000279 seconds
269.440: [GC (Allocation Failure)  821676K->510095K(1033728K), 0.0046573 secs]
269.445: Total time for which application threads were stopped: 0.0048122 seconds, Stopping threads took: 0.0000171 seconds
269.512: [GC (Allocation Failure)  829583K->510063K(1033728K), 0.0046668 secs]
269.516: Total time for which application threads were stopped: 0.0048413 seconds, Stopping threads took: 0.0000197 seconds
269.585: [GC (Allocation Failure)  829551K->510119K(1033728K), 0.0046894 secs]
269.589: Total time for which application threads were stopped: 0.0048728 seconds, Stopping threads took: 0.0000172 seconds
269.658: [GC (Allocation Failure)  829607K->518121K(1027072K), 0.0048020 secs]
269.663: Total time for which application threads were stopped: 0.0049725 seconds, Stopping threads took: 0.0000281 seconds
269.730: [GC (Allocation Failure)  837608K->514215K(1034240K), 0.0037223 secs]
269.734: Total time for which application threads were stopped: 0.0038724 seconds, Stopping threads took: 0.0000181 seconds
269.802: [GC (Allocation Failure)  833703K->518249K(1033216K), 0.0047866 secs]
269.807: Total time for which application threads were stopped: 0.0049510 seconds, Stopping threads took: 0.0000198 seconds
269.875: [GC (Allocation Failure)  837737K->522249K(1034752K), 0.0044294 secs]
269.879: Total time for which application threads were stopped: 0.0046193 seconds, Stopping threads took: 0.0000267 seconds
269.947: [GC (Allocation Failure)  843785K->515399K(1034752K), 0.0019982 secs]
269.949: Total time for which application threads were stopped: 0.0021494 seconds, Stopping threads took: 0.0000193 seconds
270.018: [GC (Allocation Failure)  836935K->522289K(1034752K), 0.0046720 secs]
270.023: Total time for which application threads were stopped: 0.0048530 seconds, Stopping threads took: 0.0000168 seconds
270.091: [GC (Allocation Failure)  843825K->526401K(1034752K), 0.0056543 secs]
270.097: Total time for which application threads were stopped: 0.0058144 seconds, Stopping threads took: 0.0000178 seconds
270.163: [GC (Allocation Failure)  847937K->520831K(1034752K), 0.0026405 secs]
270.165: Total time for which application threads were stopped: 0.0027964 seconds, Stopping threads took: 0.0000202 seconds
270.233: [GC (Allocation Failure)  842367K->526665K(1034752K), 0.0047091 secs]
270.237: Total time for which application threads were stopped: 0.0048700 seconds, Stopping threads took: 0.0000197 seconds
270.305: [GC (Allocation Failure)  848201K->530505K(1035264K), 0.0049719 secs]
270.310: Total time for which application threads were stopped: 0.0051487 seconds, Stopping threads took: 0.0000279 seconds
270.377: [GC (Allocation Failure)  852993K->526599K(1035264K), 0.0044480 secs]
270.382: Total time for which application threads were stopped: 0.0046061 seconds, Stopping threads took: 0.0000202 seconds
270.450: [GC (Allocation Failure)  849159K->530665K(1036288K), 0.0047420 secs]
270.455: Total time for which application threads were stopped: 0.0049164 seconds, Stopping threads took: 0.0000272 seconds
270.523: [GC (Allocation Failure)  854761K->534665K(1035776K), 0.0045340 secs]
270.528: Total time for which application threads were stopped: 0.0046963 seconds, Stopping threads took: 0.0000198 seconds
270.596: [GC (Allocation Failure)  858761K->534633K(1035776K), 0.0060147 secs]
270.602: Total time for which application threads were stopped: 0.0061709 seconds, Stopping threads took: 0.0000188 seconds
270.671: [GC (Allocation Failure)  858217K->534697K(1023488K), 0.0054830 secs]
270.677: Total time for which application threads were stopped: 0.0056870 seconds, Stopping threads took: 0.0000257 seconds
270.744: [GC (Allocation Failure)  858281K->542667K(1035264K), 0.0045936 secs]
270.749: Total time for which application threads were stopped: 0.0047845 seconds, Stopping threads took: 0.0000199 seconds
270.818: [GC (Allocation Failure)  865227K->542635K(1030144K), 0.0045302 secs]
270.823: Total time for which application threads were stopped: 0.0046787 seconds, Stopping threads took: 0.0000175 seconds
270.891: [GC (Allocation Failure)  865195K->542731K(1034752K), 0.0045306 secs]
270.895: Total time for which application threads were stopped: 0.0046946 seconds, Stopping threads took: 0.0000259 seconds
270.963: [GC (Allocation Failure)  864267K->550701K(1034752K), 0.0046925 secs]
270.968: Total time for which application threads were stopped: 0.0048580 seconds, Stopping threads took: 0.0000204 seconds
271.036: [GC (Allocation Failure)  872237K->550701K(1033728K), 0.0045600 secs]
271.041: Total time for which application threads were stopped: 0.0047491 seconds, Stopping threads took: 0.0000202 seconds
271.109: [GC (Allocation Failure)  871213K->550957K(1034240K), 0.0047298 secs]
271.113: Total time for which application threads were stopped: 0.0049086 seconds, Stopping threads took: 0.0000270 seconds
271.181: [GC (Allocation Failure)  871469K->558736K(1034240K), 0.0046138 secs]
271.186: Total time for which application threads were stopped: 0.0047900 seconds, Stopping threads took: 0.0000200 seconds
271.255: [GC (Allocation Failure)  879248K->558736K(1034240K), 0.0048706 secs]
271.260: Total time for which application threads were stopped: 0.0050359 seconds, Stopping threads took: 0.0000196 seconds
271.327: [GC (Allocation Failure)  879248K->559176K(1033216K), 0.0045762 secs]
271.332: Total time for which application threads were stopped: 0.0047512 seconds, Stopping threads took: 0.0000198 seconds
271.400: [GC (Allocation Failure)  878664K->566762K(1033728K), 0.0047805 secs]
271.404: Total time for which application threads were stopped: 0.0049599 seconds, Stopping threads took: 0.0000285 seconds
271.472: [GC (Allocation Failure)  886250K->566794K(1033728K), 0.0046125 secs]
271.477: Total time for which application threads were stopped: 0.0047946 seconds, Stopping threads took: 0.0000204 seconds
271.543: [GC (Allocation Failure)  886282K->566882K(1033728K), 0.0048402 secs]
271.548: Total time for which application threads were stopped: 0.0050459 seconds, Stopping threads took: 0.0000225 seconds
271.617: [GC (Allocation Failure)  886370K->574788K(1033728K), 0.0046796 secs]
271.622: Total time for which application threads were stopped: 0.0048583 seconds, Stopping threads took: 0.0000172 seconds
271.692: [GC (Allocation Failure)  894276K->574788K(1033728K), 0.0046586 secs]
271.697: Total time for which application threads were stopped: 0.0048126 seconds, Stopping threads took: 0.0000193 seconds
271.763: [GC (Allocation Failure)  894276K->574860K(1033728K), 0.0046927 secs]
271.768: Total time for which application threads were stopped: 0.0048845 seconds, Stopping threads took: 0.0000197 seconds
271.836: [GC (Allocation Failure)  894348K->582830K(1027072K), 0.0048876 secs]
271.841: Total time for which application threads were stopped: 0.0050726 seconds, Stopping threads took: 0.0000177 seconds
271.908: [GC (Allocation Failure)  902318K->578924K(1034240K), 0.0038313 secs]
271.911: Total time for which application threads were stopped: 0.0039997 seconds, Stopping threads took: 0.0000266 seconds
271.979: [GC (Allocation Failure)  898412K->582982K(1033216K), 0.0050541 secs]
271.984: Total time for which application threads were stopped: 0.0052345 seconds, Stopping threads took: 0.0000206 seconds
272.052: [GC (Allocation Failure)  902470K->586982K(1034752K), 0.0047964 secs]
272.057: Total time for which application threads were stopped: 0.0049831 seconds, Stopping threads took: 0.0000222 seconds
272.125: [GC (Allocation Failure)  908518K->580164K(1034752K), 0.0023156 secs]
272.127: Total time for which application threads were stopped: 0.0024771 seconds, Stopping threads took: 0.0000208 seconds
272.196: [GC (Allocation Failure)  901700K->586982K(1034752K), 0.0047301 secs]
272.201: Total time for which application threads were stopped: 0.0048938 seconds, Stopping threads took: 0.0000200 seconds
272.267: [GC (Allocation Failure)  908518K->591062K(1034752K), 0.0056200 secs]
272.273: Total time for which application threads were stopped: 0.0057916 seconds, Stopping threads took: 0.0000212 seconds
272.338: [GC (Allocation Failure)  912598K->585556K(1034752K), 0.0028693 secs]
272.341: Total time for which application threads were stopped: 0.0030361 seconds, Stopping threads took: 0.0000204 seconds
272.409: [GC (Allocation Failure)  907092K->591366K(1034752K), 0.0047374 secs]
272.414: Total time for which application threads were stopped: 0.0049274 seconds, Stopping threads took: 0.0000259 seconds
272.484: [GC (Allocation Failure)  912902K->595206K(1034752K), 0.0050951 secs]
272.489: Total time for which application threads were stopped: 0.0052437 seconds, Stopping threads took: 0.0000178 seconds
272.557: [GC (Allocation Failure)  917695K->591332K(1035264K), 0.0036469 secs]
272.560: Total time for which application threads were stopped: 0.0038149 seconds, Stopping threads took: 0.0000195 seconds
272.630: [GC (Allocation Failure)  913892K->595406K(1036288K), 0.0047225 secs]
272.635: Total time for which application threads were stopped: 0.0048891 seconds, Stopping threads took: 0.0000203 seconds
272.703: [GC (Allocation Failure)  919502K->599374K(1035776K), 0.0047072 secs]
272.708: Total time for which application threads were stopped: 0.0048950 seconds, Stopping threads took: 0.0000199 seconds
272.776: [GC (Allocation Failure)  923470K->599406K(1035776K), 0.0045629 secs]
272.781: Total time for which application threads were stopped: 0.0047596 seconds, Stopping threads took: 0.0000201 seconds
272.850: [GC (Allocation Failure)  922990K->599438K(1023488K), 0.0049450 secs]
272.855: Total time for which application threads were stopped: 0.0050963 seconds, Stopping threads took: 0.0000178 seconds
272.922: [GC (Allocation Failure)  923022K->607409K(1035264K), 0.0047495 secs]
272.927: Total time for which application threads were stopped: 0.0049260 seconds, Stopping threads took: 0.0000259 seconds
272.996: [GC (Allocation Failure)  929969K->607409K(1030144K), 0.0046987 secs]
273.001: Total time for which application threads were stopped: 0.0048613 seconds, Stopping threads took: 0.0000204 seconds
273.068: [GC (Allocation Failure)  929969K->607465K(1034752K), 0.0047837 secs]
273.073: Total time for which application threads were stopped: 0.0049444 seconds, Stopping threads took: 0.0000200 seconds
273.140: [GC (Allocation Failure)  929001K->615403K(1034752K), 0.0049593 secs]
273.145: Total time for which application threads were stopped: 0.0051309 seconds, Stopping threads took: 0.0000201 seconds
273.213: [GC (Allocation Failure)  936939K->615467K(1033728K), 0.0047032 secs]
273.218: Total time for which application threads were stopped: 0.0048755 seconds, Stopping threads took: 0.0000204 seconds
273.288: [GC (Allocation Failure)  935979K->615691K(1034240K), 0.0049469 secs]
273.293: Total time for which application threads were stopped: 0.0051367 seconds, Stopping threads took: 0.0000260 seconds
273.361: [GC (Allocation Failure)  936203K->623469K(1034240K), 0.0046150 secs]
273.365: Total time for which application threads were stopped: 0.0047839 seconds, Stopping threads took: 0.0000262 seconds
273.433: [GC (Allocation Failure)  943981K->623501K(1034240K), 0.0049278 secs]
273.438: Total time for which application threads were stopped: 0.0051040 seconds, Stopping threads took: 0.0000209 seconds
273.508: [GC (Allocation Failure)  944013K->623917K(1033216K), 0.0049101 secs]
273.513: Total time for which application threads were stopped: 0.0051097 seconds, Stopping threads took: 0.0000280 seconds
273.582: [GC (Allocation Failure)  943405K->631503K(1033728K), 0.0047485 secs]
273.586: Total time for which application threads were stopped: 0.0049391 seconds, Stopping threads took: 0.0000196 seconds
273.656: [GC (Allocation Failure)  950991K->631503K(1033728K), 0.0048305 secs]
273.661: Total time for which application threads were stopped: 0.0050096 seconds, Stopping threads took: 0.0000174 seconds
273.728: [GC (Allocation Failure)  950991K->631623K(1033728K), 0.0048710 secs]
273.733: Total time for which application threads were stopped: 0.0050355 seconds, Stopping threads took: 0.0000198 seconds
273.801: [GC (Allocation Failure)  951111K->639530K(1033728K), 0.0046488 secs]
273.805: Total time for which application threads were stopped: 0.0048206 seconds, Stopping threads took: 0.0000203 seconds
273.873: [GC (Allocation Failure)  959018K->639562K(1033728K), 0.0048641 secs]
273.878: Total time for which application threads were stopped: 0.0050426 seconds, Stopping threads took: 0.0000265 seconds
273.945: [GC (Allocation Failure)  959050K->639594K(1033728K), 0.0047532 secs]
273.950: Total time for which application threads were stopped: 0.0049266 seconds, Stopping threads took: 0.0000200 seconds
274.019: [GC (Allocation Failure)  959082K->647532K(1027072K), 0.0050181 secs]
274.024: Total time for which application threads were stopped: 0.0051817 seconds, Stopping threads took: 0.0000202 seconds
274.091: [GC (Allocation Failure)  967020K->643658K(1034240K), 0.0039393 secs]
274.095: Total time for which application threads were stopped: 0.0040949 seconds, Stopping threads took: 0.0000191 seconds
274.162: [GC (Allocation Failure)  963146K->647692K(1033216K), 0.0050075 secs]
274.167: Total time for which application threads were stopped: 0.0051903 seconds, Stopping threads took: 0.0000199 seconds
274.234: [GC (Allocation Failure)  967180K->651692K(1034752K), 0.0048947 secs]
274.239: Total time for which application threads were stopped: 0.0050722 seconds, Stopping threads took: 0.0000209 seconds
274.306: [GC (Allocation Failure)  973228K->644906K(1034752K), 0.0023819 secs]
274.308: Total time for which application threads were stopped: 0.0025323 seconds, Stopping threads took: 0.0000202 seconds
274.376: [GC (Allocation Failure)  966442K->651788K(1034752K), 0.0047032 secs]
274.381: Total time for which application threads were stopped: 0.0048763 seconds, Stopping threads took: 0.0000270 seconds
274.446: [GC (Allocation Failure)  973324K->655828K(1034752K), 0.0080358 secs]
274.455: Total time for which application threads were stopped: 0.0082190 seconds, Stopping threads took: 0.0000259 seconds
274.521: [GC (Allocation Failure)  977364K->650290K(1034752K), 0.0030295 secs]
274.524: Total time for which application threads were stopped: 0.0032060 seconds, Stopping threads took: 0.0000201 seconds
274.594: [GC (Allocation Failure)  971826K->656092K(1034752K), 0.0049475 secs]
274.599: Total time for which application threads were stopped: 0.0051240 seconds, Stopping threads took: 0.0000193 seconds
274.666: [GC (Allocation Failure)  977628K->659956K(1034752K), 0.0064188 secs]
274.673: Total time for which application threads were stopped: 0.0066181 seconds, Stopping threads took: 0.0000441 seconds
274.741: [GC (Allocation Failure)  982444K->656050K(1035264K), 0.0037920 secs]
274.744: Total time for which application threads were stopped: 0.0039528 seconds, Stopping threads took: 0.0000201 seconds
274.813: [GC (Allocation Failure)  978610K->660108K(1036288K), 0.0049805 secs]
274.818: Total time for which application threads were stopped: 0.0051607 seconds, Stopping threads took: 0.0000200 seconds
274.888: [GC (Allocation Failure)  984204K->664076K(1035776K), 0.0048933 secs]
274.893: Total time for which application threads were stopped: 0.0050610 seconds, Stopping threads took: 0.0000269 seconds
274.962: [GC (Allocation Failure)  988172K->664076K(1035776K), 0.0048064 secs]
274.967: Total time for which application threads were stopped: 0.0049783 seconds, Stopping threads took: 0.0000204 seconds
275.035: [GC (Allocation Failure)  987660K->664140K(1023488K), 0.0049892 secs]
275.040: Total time for which application threads were stopped: 0.0051779 seconds, Stopping threads took: 0.0000221 seconds
275.107: [GC (Allocation Failure)  987724K->672110K(1035264K), 0.0049711 secs]
275.112: Total time for which application threads were stopped: 0.0051351 seconds, Stopping threads took: 0.0000204 seconds
275.180: [GC (Allocation Failure)  994670K->672142K(1030144K), 0.0048738 secs]
275.185: Total time for which application threads were stopped: 0.0050422 seconds, Stopping threads took: 0.0000204 seconds
275.253: [GC (Allocation Failure)  994702K->672174K(1034752K), 0.0048998 secs]
275.258: Total time for which application threads were stopped: 0.0050965 seconds, Stopping threads took: 0.0000217 seconds
275.326: [GC (Allocation Failure)  993710K->680145K(1034752K), 0.0050837 secs]
275.331: Total time for which application threads were stopped: 0.0052429 seconds, Stopping threads took: 0.0000193 seconds
275.400: [GC (Allocation Failure)  1001681K->680113K(1033728K), 0.0048289 secs]
275.405: Total time for which application threads were stopped: 0.0049988 seconds, Stopping threads took: 0.0000284 seconds
275.471: [GC (Allocation Failure)  1000625K->680393K(1034240K), 0.0050065 secs]
275.476: Total time for which application threads were stopped: 0.0051659 seconds, Stopping threads took: 0.0000203 seconds
275.546: [GC (Allocation Failure)  1000905K->688203K(1034240K), 0.0048794 secs]
275.551: Total time for which application threads were stopped: 0.0050474 seconds, Stopping threads took: 0.0000200 seconds
275.619: [GC (Allocation Failure)  1008715K->688171K(1034240K), 0.0050137 secs]
275.624: Total time for which application threads were stopped: 0.0051813 seconds, Stopping threads took: 0.0000199 seconds
275.695: [GC (Allocation Failure)  1008683K->688619K(1033216K), 0.0050144 secs]
275.701: [Full GC (Ergonomics)  688619K->8905K(1033216K), 0.0130056 secs]
275.714: Total time for which application threads were stopped: 0.0182636 seconds, Stopping threads took: 0.0000200 seconds
275.781: [GC (Allocation Failure)  328393K->17644K(1033728K), 0.0038401 secs]
275.785: Total time for which application threads were stopped: 0.0039898 seconds, Stopping threads took: 0.0000172 seconds
275.853: [GC (Allocation Failure)  337132K->17652K(1033728K), 0.0037577 secs]
275.856: Total time for which application threads were stopped: 0.0039248 seconds, Stopping threads took: 0.0000198 seconds
275.923: [GC (Allocation Failure)  337140K->17772K(1033728K), 0.0036829 secs]
275.927: Total time for which application threads were stopped: 0.0038527 seconds, Stopping threads took: 0.0000261 seconds
275.994: [GC (Allocation Failure)  337260K->25678K(1032704K), 0.0036664 secs]
275.998: Total time for which application threads were stopped: 0.0038327 seconds, Stopping threads took: 0.0000192 seconds
276.063: [GC (Allocation Failure)  344142K->25646K(1033216K), 0.0034816 secs]
276.067: Total time for which application threads were stopped: 0.0036411 seconds, Stopping threads took: 0.0000200 seconds
276.133: [GC (Allocation Failure)  344110K->25702K(1033216K), 0.0038887 secs]
276.137: Total time for which application threads were stopped: 0.0040523 seconds, Stopping threads took: 0.0000202 seconds
276.203: [GC (Allocation Failure)  344166K->33672K(1033216K), 0.0038014 secs]
276.207: Total time for which application threads were stopped: 0.0039698 seconds, Stopping threads took: 0.0000199 seconds
276.274: [GC (Allocation Failure)  352136K->26086K(1033216K), 0.0006013 secs]
276.275: Total time for which application threads were stopped: 0.0007159 seconds, Stopping threads took: 0.0000197 seconds
276.344: [GC (Allocation Failure)  344550K->33928K(1033216K), 0.0035869 secs]
276.348: Total time for which application threads were stopped: 0.0037354 seconds, Stopping threads took: 0.0000172 seconds
276.414: [GC (Allocation Failure)  352392K->37824K(1033216K), 0.0050459 secs]
276.419: Total time for which application threads were stopped: 0.0052113 seconds, Stopping threads took: 0.0000198 seconds
276.485: [GC (Allocation Failure)  356288K->38590K(1033216K), 0.0042300 secs]
276.489: Total time for which application threads were stopped: 0.0043947 seconds, Stopping threads took: 0.0000196 seconds
276.557: [GC (Allocation Failure)  357054K->38016K(1033216K), 0.0039806 secs]
276.561: Total time for which application threads were stopped: 0.0041520 seconds, Stopping threads took: 0.0000208 seconds
276.628: [GC (Allocation Failure)  356480K->37824K(1033216K), 0.0036934 secs]
276.632: Total time for which application threads were stopped: 0.0038530 seconds, Stopping threads took: 0.0000203 seconds
276.697: [GC (Allocation Failure)  356288K->30622K(1033216K), 0.0007771 secs]
276.698: Total time for which application threads were stopped: 0.0008946 seconds, Stopping threads took: 0.0000190 seconds
276.765: [GC (Allocation Failure)  349086K->37952K(1033216K), 0.0037890 secs]
276.769: Total time for which application threads were stopped: 0.0039513 seconds, Stopping threads took: 0.0000169 seconds
276.837: [GC (Allocation Failure)  356416K->37824K(1033216K), 0.0037193 secs]
276.841: Total time for which application threads were stopped: 0.0039079 seconds, Stopping threads took: 0.0000195 seconds
276.909: [GC (Allocation Failure)  356288K->38856K(1033216K), 0.0038605 secs]
276.913: Total time for which application threads were stopped: 0.0040405 seconds, Stopping threads took: 0.0000266 seconds
276.978: [GC (Allocation Failure)  357320K->45899K(1033216K), 0.0038053 secs]
276.982: Total time for which application threads were stopped: 0.0039695 seconds, Stopping threads took: 0.0000206 seconds
277.048: [GC (Allocation Failure)  364363K->45867K(1033216K), 0.0039707 secs]
277.052: Total time for which application threads were stopped: 0.0041382 seconds, Stopping threads took: 0.0000195 seconds
277.117: [GC (Allocation Failure)  364331K->47083K(1033728K), 0.0039270 secs]
277.121: Total time for which application threads were stopped: 0.0040887 seconds, Stopping threads took: 0.0000199 seconds
277.188: [GC (Allocation Failure)  366571K->53901K(1033728K), 0.0039168 secs]
277.192: Total time for which application threads were stopped: 0.0041064 seconds, Stopping threads took: 0.0000205 seconds
277.259: [GC (Allocation Failure)  373389K->53901K(1033728K), 0.0037908 secs]
277.263: Total time for which application threads were stopped: 0.0039501 seconds, Stopping threads took: 0.0000278 seconds
277.329: [GC (Allocation Failure)  373389K->54349K(1033728K), 0.0037936 secs]
277.333: Total time for which application threads were stopped: 0.0039666 seconds, Stopping threads took: 0.0000203 seconds
277.399: [GC (Allocation Failure)  373837K->61967K(1033728K), 0.0038662 secs]
277.403: Total time for which application threads were stopped: 0.0040446 seconds, Stopping threads took: 0.0000268 seconds
277.470: [GC (Allocation Failure)  381455K->61967K(1033728K), 0.0038773 secs]
277.474: Total time for which application threads were stopped: 0.0040490 seconds, Stopping threads took: 0.0000204 seconds
277.543: [GC (Allocation Failure)  381455K->65639K(1034240K), 0.0046804 secs]
277.548: Total time for which application threads were stopped: 0.0048627 seconds, Stopping threads took: 0.0000214 seconds
277.616: [GC (Allocation Failure)  385639K->69993K(1033728K), 0.0036330 secs]
277.619: Total time for which application threads were stopped: 0.0038094 seconds, Stopping threads took: 0.0000210 seconds
277.689: [GC (Allocation Failure)  389993K->69929K(1034240K), 0.0037888 secs]
277.692: Total time for which application threads were stopped: 0.0039553 seconds, Stopping threads took: 0.0000173 seconds
277.760: [GC (Allocation Failure)  390441K->70793K(1034240K), 0.0039931 secs]
277.764: Total time for which application threads were stopped: 0.0041583 seconds, Stopping threads took: 0.0000201 seconds
277.832: [GC (Allocation Failure)  391305K->78092K(1033216K), 0.0039480 secs]
277.836: Total time for which application threads were stopped: 0.0041223 seconds, Stopping threads took: 0.0000210 seconds
277.905: [GC (Allocation Failure)  397580K->77996K(1033728K), 0.0039610 secs]
277.909: Total time for which application threads were stopped: 0.0041394 seconds, Stopping threads took: 0.0000286 seconds
277.976: [GC (Allocation Failure)  397484K->79020K(1033216K), 0.0039450 secs]
277.980: Total time for which application threads were stopped: 0.0041109 seconds, Stopping threads took: 0.0000211 seconds
278.046: [GC (Allocation Failure)  398508K->86062K(1033728K), 0.0038427 secs]
278.050: Total time for which application threads were stopped: 0.0040207 seconds, Stopping threads took: 0.0000203 seconds
278.118: [GC (Allocation Failure)  405550K->86062K(1033728K), 0.0045056 secs]
278.122: Total time for which application threads were stopped: 0.0046776 seconds, Stopping threads took: 0.0000205 seconds
278.188: [GC (Allocation Failure)  405550K->86254K(1033728K), 0.0038763 secs]
278.192: Total time for which application threads were stopped: 0.0040521 seconds, Stopping threads took: 0.0000214 seconds
278.261: [GC (Allocation Failure)  405742K->94128K(1033728K), 0.0041153 secs]
278.265: Total time for which application threads were stopped: 0.0042896 seconds, Stopping threads took: 0.0000205 seconds
278.332: [GC (Allocation Failure)  413616K->94096K(1033728K), 0.0040097 secs]
278.336: Total time for which application threads were stopped: 0.0041726 seconds, Stopping threads took: 0.0000210 seconds
278.401: [GC (Allocation Failure)  413584K->94472K(1033728K), 0.0038399 secs]
278.405: Total time for which application threads were stopped: 0.0040159 seconds, Stopping threads took: 0.0000258 seconds
278.472: [GC (Allocation Failure)  413960K->102154K(1033728K), 0.0039451 secs]
278.477: Total time for which application threads were stopped: 0.0041237 seconds, Stopping threads took: 0.0000198 seconds
278.544: [GC (Allocation Failure)  421642K->102090K(1033728K), 0.0036877 secs]
278.547: Total time for which application threads were stopped: 0.0038490 seconds, Stopping threads took: 0.0000197 seconds
278.612: [GC (Allocation Failure)  421578K->102730K(1033728K), 0.0039369 secs]
278.616: Total time for which application threads were stopped: 0.0041083 seconds, Stopping threads took: 0.0000200 seconds
278.684: [GC (Allocation Failure)  422218K->110157K(1033728K), 0.0047682 secs]
278.689: Total time for which application threads were stopped: 0.0049290 seconds, Stopping threads took: 0.0000254 seconds
278.757: [GC (Allocation Failure)  429645K->110125K(1033728K), 0.0038654 secs]
278.761: Total time for which application threads were stopped: 0.0040365 seconds, Stopping threads took: 0.0000200 seconds
278.825: [GC (Allocation Failure)  429613K->111949K(1033728K), 0.0041526 secs]
278.830: Total time for which application threads were stopped: 0.0043140 seconds, Stopping threads took: 0.0000198 seconds
278.895: [GC (Allocation Failure)  431437K->118191K(1033728K), 0.0038891 secs]
278.899: Total time for which application threads were stopped: 0.0040485 seconds, Stopping threads took: 0.0000195 seconds
278.967: [GC (Allocation Failure)  437679K->118159K(1033728K), 0.0038812 secs]
278.971: Total time for which application threads were stopped: 0.0040448 seconds, Stopping threads took: 0.0000198 seconds
279.035: [GC (Allocation Failure)  437647K->119175K(1033728K), 0.0040045 secs]
279.039: Total time for which application threads were stopped: 0.0041745 seconds, Stopping threads took: 0.0000212 seconds
279.107: [GC (Allocation Failure)  438663K->126281K(1033728K), 0.0041448 secs]
279.111: Total time for which application threads were stopped: 0.0043426 seconds, Stopping threads took: 0.0000206 seconds
279.179: [GC (Allocation Failure)  445769K->126217K(1033728K), 0.0039586 secs]
279.183: Total time for which application threads were stopped: 0.0041407 seconds, Stopping threads took: 0.0000216 seconds
279.248: [GC (Allocation Failure)  445705K->126345K(1033728K), 0.0038101 secs]
279.252: Total time for which application threads were stopped: 0.0039694 seconds, Stopping threads took: 0.0000171 seconds
279.320: [GC (Allocation Failure)  445833K->134283K(1033728K), 0.0039739 secs]
279.324: Total time for which application threads were stopped: 0.0041472 seconds, Stopping threads took: 0.0000205 seconds
279.393: [GC (Allocation Failure)  453771K->134219K(1033728K), 0.0038554 secs]
279.397: Total time for which application threads were stopped: 0.0040361 seconds, Stopping threads took: 0.0000264 seconds
279.462: [GC (Allocation Failure)  453707K->134571K(1033728K), 0.0038147 secs]
279.466: Total time for which application threads were stopped: 0.0040045 seconds, Stopping threads took: 0.0000193 seconds
279.536: [GC (Allocation Failure)  454059K->142286K(1032704K), 0.0039263 secs]
279.540: Total time for which application threads were stopped: 0.0041217 seconds, Stopping threads took: 0.0000205 seconds
279.609: [GC (Allocation Failure)  460750K->142254K(1033216K), 0.0038891 secs]
279.613: Total time for which application threads were stopped: 0.0040713 seconds, Stopping threads took: 0.0000210 seconds
279.679: [GC (Allocation Failure)  460718K->142798K(1033216K), 0.0045767 secs]
279.683: Total time for which application threads were stopped: 0.0047678 seconds, Stopping threads took: 0.0000262 seconds
279.751: [GC (Allocation Failure)  461262K->150288K(1033216K), 0.0039400 secs]
279.755: Total time for which application threads were stopped: 0.0041083 seconds, Stopping threads took: 0.0000197 seconds
279.821: [GC (Allocation Failure)  468752K->150288K(1033216K), 0.0038331 secs]
279.825: Total time for which application threads were stopped: 0.0040272 seconds, Stopping threads took: 0.0000203 seconds
279.891: [GC (Allocation Failure)  468752K->151048K(1033216K), 0.0039439 secs]
279.895: Total time for which application threads were stopped: 0.0041002 seconds, Stopping threads took: 0.0000252 seconds
279.962: [GC (Allocation Failure)  469512K->158314K(1032704K), 0.0042265 secs]
279.966: Total time for which application threads were stopped: 0.0043952 seconds, Stopping threads took: 0.0000196 seconds
280.034: [GC (Allocation Failure)  476778K->158314K(1033216K), 0.0038996 secs]
280.038: Total time for which application threads were stopped: 0.0040721 seconds, Stopping threads took: 0.0000197 seconds
280.102: [GC (Allocation Failure)  476778K->159298K(1033728K), 0.0044301 secs]
280.107: Total time for which application threads were stopped: 0.0046261 seconds, Stopping threads took: 0.0000196 seconds
280.175: [GC (Allocation Failure)  478274K->166341K(1033216K), 0.0038772 secs]
280.179: Total time for which application threads were stopped: 0.0040401 seconds, Stopping threads took: 0.0000181 seconds
280.249: [GC (Allocation Failure)  485317K->166341K(1033728K), 0.0037210 secs]
280.252: Total time for which application threads were stopped: 0.0038781 seconds, Stopping threads took: 0.0000169 seconds
280.320: [GC (Allocation Failure)  485829K->166509K(1019392K), 0.0042049 secs]
280.324: Total time for which application threads were stopped: 0.0043755 seconds, Stopping threads took: 0.0000207 seconds
280.391: [GC (Allocation Failure)  485997K->174415K(1033216K), 0.0039664 secs]
280.395: Total time for which application threads were stopped: 0.0041470 seconds, Stopping threads took: 0.0000286 seconds
280.459: [GC (Allocation Failure)  492879K->174415K(1033216K), 0.0035920 secs]
280.463: Total time for which application threads were stopped: 0.0037357 seconds, Stopping threads took: 0.0000197 seconds
280.523: [GC (Allocation Failure)  492879K->174727K(1033216K), 0.0040218 secs]
280.527: Total time for which application threads were stopped: 0.0041723 seconds, Stopping threads took: 0.0000215 seconds
280.590: [GC (Allocation Failure)  493191K->182441K(1033216K), 0.0040707 secs]
280.594: Total time for which application threads were stopped: 0.0042401 seconds, Stopping threads took: 0.0000196 seconds
280.656: [GC (Allocation Failure)  500905K->182409K(1033216K), 0.0041095 secs]
280.661: Total time for which application threads were stopped: 0.0042663 seconds, Stopping threads took: 0.0000262 seconds
280.726: [GC (Allocation Failure)  500873K->182953K(1033216K), 0.0040362 secs]
280.730: Total time for which application threads were stopped: 0.0042334 seconds, Stopping threads took: 0.0000202 seconds
280.800: [GC (Allocation Failure)  501417K->190475K(1033216K), 0.0039980 secs]
280.804: Total time for which application threads were stopped: 0.0041534 seconds, Stopping threads took: 0.0000165 seconds
280.870: [GC (Allocation Failure)  508939K->190443K(1033216K), 0.0039029 secs]
280.874: Total time for which application threads were stopped: 0.0040592 seconds, Stopping threads took: 0.0000264 seconds
280.939: [GC (Allocation Failure)  508907K->190691K(1033216K), 0.0041143 secs]
280.943: Total time for which application threads were stopped: 0.0042832 seconds, Stopping threads took: 0.0000200 seconds
281.010: [GC (Allocation Failure)  509155K->198502K(1033216K), 0.0040628 secs]
281.014: Total time for which application threads were stopped: 0.0042563 seconds, Stopping threads took: 0.0000195 seconds
281.083: [GC (Allocation Failure)  516966K->198502K(1033216K), 0.0040632 secs]
281.087: Total time for which application threads were stopped: 0.0042113 seconds, Stopping threads took: 0.0000165 seconds
281.152: [GC (Allocation Failure)  516966K->198542K(1033216K), 0.0042023 secs]
281.156: Total time for which application threads were stopped: 0.0043697 seconds, Stopping threads took: 0.0000202 seconds
281.222: [GC (Allocation Failure)  517006K->206512K(1033216K), 0.0039696 secs]
281.226: Total time for which application threads were stopped: 0.0041476 seconds, Stopping threads took: 0.0000208 seconds
281.292: [GC (Allocation Failure)  524976K->206512K(1033216K), 0.0057055 secs]
281.298: Total time for which application threads were stopped: 0.0058771 seconds, Stopping threads took: 0.0000197 seconds
281.366: [GC (Allocation Failure)  524976K->206632K(1033216K), 0.0040311 secs]
281.370: Total time for which application threads were stopped: 0.0042294 seconds, Stopping threads took: 0.0000262 seconds
281.436: [GC (Allocation Failure)  525096K->214538K(1033216K), 0.0040453 secs]
281.440: Total time for which application threads were stopped: 0.0042136 seconds, Stopping threads took: 0.0000214 seconds
281.505: [GC (Allocation Failure)  533002K->210632K(1033728K), 0.0030573 secs]
281.508: Total time for which application threads were stopped: 0.0032111 seconds, Stopping threads took: 0.0000193 seconds
281.576: [GC (Allocation Failure)  529608K->214698K(1033216K), 0.0042408 secs]
281.581: Total time for which application threads were stopped: 0.0044160 seconds, Stopping threads took: 0.0000207 seconds
281.647: [GC (Allocation Failure)  533674K->218666K(1033728K), 0.0039136 secs]
281.651: Total time for which application threads were stopped: 0.0040765 seconds, Stopping threads took: 0.0000203 seconds
281.719: [GC (Allocation Failure)  539178K->226184K(1034240K), 0.0075703 secs]
281.727: Total time for which application threads were stopped: 0.0077396 seconds, Stopping threads took: 0.0000198 seconds
281.794: [GC (Allocation Failure)  546696K->219978K(1029120K), 0.0043240 secs]
281.799: Total time for which application threads were stopped: 0.0044904 seconds, Stopping threads took: 0.0000189 seconds
281.864: [GC (Allocation Failure)  535370K->219914K(1031680K), 0.0043389 secs]
281.869: Total time for which application threads were stopped: 0.0045086 seconds, Stopping threads took: 0.0000229 seconds
281.933: [GC (Allocation Failure)  535306K->215400K(1032704K), 0.0023792 secs]
281.935: Total time for which application threads were stopped: 0.0025426 seconds, Stopping threads took: 0.0000200 seconds
282.002: [GC (Allocation Failure)  532328K->220170K(1032192K), 0.0040664 secs]
282.006: Total time for which application threads were stopped: 0.0042573 seconds, Stopping threads took: 0.0000208 seconds
282.076: [GC (Allocation Failure)  537098K->219946K(1033216K), 0.0042716 secs]
282.080: Total time for which application threads were stopped: 0.0044500 seconds, Stopping threads took: 0.0000215 seconds
282.147: [GC (Allocation Failure)  537898K->220042K(1032704K), 0.0040963 secs]
282.151: Total time for which application threads were stopped: 0.0042831 seconds, Stopping threads took: 0.0000220 seconds
282.220: [GC (Allocation Failure)  537994K->228012K(1033216K), 0.0039930 secs]
282.224: Total time for which application threads were stopped: 0.0041687 seconds, Stopping threads took: 0.0000216 seconds
282.291: [GC (Allocation Failure)  546476K->227948K(1033216K), 0.0039775 secs]
282.295: Total time for which application threads were stopped: 0.0041505 seconds, Stopping threads took: 0.0000207 seconds
282.361: [GC (Allocation Failure)  546412K->231884K(1033728K), 0.0050902 secs]
282.366: Total time for which application threads were stopped: 0.0052847 seconds, Stopping threads took: 0.0000200 seconds
282.434: [GC (Allocation Failure)  550860K->236111K(1033216K), 0.0041814 secs]
282.438: Total time for which application threads were stopped: 0.0043589 seconds, Stopping threads took: 0.0000201 seconds
282.505: [GC (Allocation Failure)  555087K->235951K(1034240K), 0.0048839 secs]
282.510: Total time for which application threads were stopped: 0.0050674 seconds, Stopping threads took: 0.0000195 seconds
282.576: [GC (Allocation Failure)  555951K->238567K(1033728K), 0.0046265 secs]
282.581: Total time for which application threads were stopped: 0.0047913 seconds, Stopping threads took: 0.0000199 seconds
282.651: [GC (Allocation Failure)  558567K->244105K(1034240K), 0.0039575 secs]
282.655: Total time for which application threads were stopped: 0.0041281 seconds, Stopping threads took: 0.0000281 seconds
282.724: [GC (Allocation Failure)  564617K->244009K(1034240K), 0.0041966 secs]
282.728: Total time for which application threads were stopped: 0.0043891 seconds, Stopping threads took: 0.0000202 seconds
282.797: [GC (Allocation Failure)  564521K->244233K(1034240K), 0.0041795 secs]
282.801: Total time for which application threads were stopped: 0.0043513 seconds, Stopping threads took: 0.0000173 seconds
282.871: [GC (Allocation Failure)  564745K->252075K(1034240K), 0.0042660 secs]
282.876: Total time for which application threads were stopped: 0.0044417 seconds, Stopping threads took: 0.0000196 seconds
282.943: [GC (Allocation Failure)  572587K->252043K(1034240K), 0.0041404 secs]
282.948: Total time for which application threads were stopped: 0.0042968 seconds, Stopping threads took: 0.0000194 seconds
283.014: [GC (Allocation Failure)  572555K->254507K(1034240K), 0.0045161 secs]
283.019: Total time for which application threads were stopped: 0.0046730 seconds, Stopping threads took: 0.0000202 seconds
283.088: [GC (Allocation Failure)  575019K->260077K(1034240K), 0.0041256 secs]
283.093: Total time for which application threads were stopped: 0.0042843 seconds, Stopping threads took: 0.0000176 seconds
283.162: [GC (Allocation Failure)  580589K->260077K(1034240K), 0.0039869 secs]
283.166: Total time for which application threads were stopped: 0.0041482 seconds, Stopping threads took: 0.0000258 seconds
283.232: [GC (Allocation Failure)  580589K->260725K(1034240K), 0.0061242 secs]
283.239: Total time for which application threads were stopped: 0.0063109 seconds, Stopping threads took: 0.0000227 seconds
283.307: [GC (Allocation Failure)  581237K->268184K(1034240K), 0.0041971 secs]
283.311: Total time for which application threads were stopped: 0.0043677 seconds, Stopping threads took: 0.0000280 seconds
283.377: [GC (Allocation Failure)  588696K->268152K(1034240K), 0.0042473 secs]
283.381: Total time for which application threads were stopped: 0.0044124 seconds, Stopping threads took: 0.0000199 seconds
283.446: [GC (Allocation Failure)  588664K->271000K(1034240K), 0.0047521 secs]
283.451: Total time for which application threads were stopped: 0.0049021 seconds, Stopping threads took: 0.0000202 seconds
283.519: [GC (Allocation Failure)  591512K->276250K(1034240K), 0.0041591 secs]
283.524: Total time for which application threads were stopped: 0.0043235 seconds, Stopping threads took: 0.0000217 seconds
283.589: [GC (Allocation Failure)  596762K->276154K(1034240K), 0.0041127 secs]
283.593: Total time for which application threads were stopped: 0.0042694 seconds, Stopping threads took: 0.0000190 seconds
283.660: [GC (Allocation Failure)  596666K->277170K(1034240K), 0.0043042 secs]
283.665: Total time for which application threads were stopped: 0.0044535 seconds, Stopping threads took: 0.0000207 seconds
283.734: [GC (Allocation Failure)  597682K->284244K(1034240K), 0.0043924 secs]
283.738: Total time for which application threads were stopped: 0.0045506 seconds, Stopping threads took: 0.0000179 seconds
283.806: [GC (Allocation Failure)  604756K->284180K(1034240K), 0.0044080 secs]
283.811: Total time for which application threads were stopped: 0.0045874 seconds, Stopping threads took: 0.0000197 seconds
283.880: [GC (Allocation Failure)  604692K->284396K(1034240K), 0.0040943 secs]
283.884: Total time for which application threads were stopped: 0.0042730 seconds, Stopping threads took: 0.0000291 seconds
283.952: [GC (Allocation Failure)  604908K->292206K(1034240K), 0.0040550 secs]
283.956: Total time for which application threads were stopped: 0.0042185 seconds, Stopping threads took: 0.0000213 seconds
284.023: [GC (Allocation Failure)  612718K->292174K(1034240K), 0.0043663 secs]
284.028: Total time for which application threads were stopped: 0.0045378 seconds, Stopping threads took: 0.0000207 seconds
284.097: [GC (Allocation Failure)  612686K->293670K(1034240K), 0.0043018 secs]
284.101: Total time for which application threads were stopped: 0.0044836 seconds, Stopping threads took: 0.0000203 seconds
284.172: [GC (Allocation Failure)  614182K->300297K(1034240K), 0.0042966 secs]
284.176: Total time for which application threads were stopped: 0.0044899 seconds, Stopping threads took: 0.0000206 seconds
284.245: [GC (Allocation Failure)  620809K->300201K(1034240K), 0.0041551 secs]
284.249: Total time for which application threads were stopped: 0.0043058 seconds, Stopping threads took: 0.0000175 seconds
284.316: [GC (Allocation Failure)  620713K->300297K(1020416K), 0.0043488 secs]
284.321: Total time for which application threads were stopped: 0.0045182 seconds, Stopping threads took: 0.0000203 seconds
284.389: [GC (Allocation Failure)  620809K->308267K(1033728K), 0.0041226 secs]
284.394: Total time for which application threads were stopped: 0.0042949 seconds, Stopping threads took: 0.0000267 seconds
284.460: [GC (Allocation Failure)  627755K->308267K(1033728K), 0.0043348 secs]
284.464: Total time for which application threads were stopped: 0.0044836 seconds, Stopping threads took: 0.0000185 seconds
284.530: [GC (Allocation Failure)  627755K->308523K(1033728K), 0.0042588 secs]
284.535: Total time for which application threads were stopped: 0.0044168 seconds, Stopping threads took: 0.0000199 seconds
284.602: [GC (Allocation Failure)  628011K->316333K(1033728K), 0.0043267 secs]
284.607: Total time for which application threads were stopped: 0.0044874 seconds, Stopping threads took: 0.0000199 seconds
284.674: [GC (Allocation Failure)  635821K->316301K(1033728K), 0.0050911 secs]
284.679: Total time for which application threads were stopped: 0.0052571 seconds, Stopping threads took: 0.0000275 seconds
284.744: [GC (Allocation Failure)  635789K->317325K(1033728K), 0.0044156 secs]
284.749: Total time for which application threads were stopped: 0.0045736 seconds, Stopping threads took: 0.0000196 seconds
284.816: [GC (Allocation Failure)  636813K->324336K(1033728K), 0.0042859 secs]
284.821: Total time for which application threads were stopped: 0.0044494 seconds, Stopping threads took: 0.0000198 seconds
284.888: [GC (Allocation Failure)  643824K->324336K(1033728K), 0.0043548 secs]
284.893: Total time for which application threads were stopped: 0.0045318 seconds, Stopping threads took: 0.0000200 seconds
284.958: [GC (Allocation Failure)  643824K->324520K(1033728K), 0.0042598 secs]
284.962: Total time for which application threads were stopped: 0.0044669 seconds, Stopping threads took: 0.0000251 seconds
285.029: [GC (Allocation Failure)  644008K->332394K(1033728K), 0.0043956 secs]
285.033: Total time for which application threads were stopped: 0.0045455 seconds, Stopping threads took: 0.0000173 seconds
285.101: [GC (Allocation Failure)  651882K->332394K(1033728K), 0.0043381 secs]
285.105: Total time for which application threads were stopped: 0.0045017 seconds, Stopping threads took: 0.0000201 seconds
285.170: [GC (Allocation Failure)  651882K->333770K(1033728K), 0.0043102 secs]
285.174: Total time for which application threads were stopped: 0.0044753 seconds, Stopping threads took: 0.0000203 seconds
285.242: [GC (Allocation Failure)  653258K->340428K(1033728K), 0.0045324 secs]
285.246: Total time for which application threads were stopped: 0.0046946 seconds, Stopping threads took: 0.0000204 seconds
285.314: [GC (Allocation Failure)  659916K->340364K(1033728K), 0.0049937 secs]
285.319: Total time for which application threads were stopped: 0.0051780 seconds, Stopping threads took: 0.0000180 seconds
285.386: [GC (Allocation Failure)  659852K->340972K(1033728K), 0.0043201 secs]
285.390: Total time for which application threads were stopped: 0.0045273 seconds, Stopping threads took: 0.0000280 seconds
285.460: [GC (Allocation Failure)  660460K->348462K(1033728K), 0.0042147 secs]
285.464: Total time for which application threads were stopped: 0.0043708 seconds, Stopping threads took: 0.0000196 seconds
285.532: [GC (Allocation Failure)  667950K->348398K(1033728K), 0.0043827 secs]
285.537: Total time for which application threads were stopped: 0.0045530 seconds, Stopping threads took: 0.0000197 seconds
285.603: [GC (Allocation Failure)  667886K->349222K(1033728K), 0.0044783 secs]
285.608: Total time for which application threads were stopped: 0.0046302 seconds, Stopping threads took: 0.0000178 seconds
285.675: [GC (Allocation Failure)  668710K->356489K(1033728K), 0.0066770 secs]
285.682: Total time for which application threads were stopped: 0.0068551 seconds, Stopping threads took: 0.0000271 seconds
285.751: [GC (Allocation Failure)  675977K->356457K(1033728K), 0.0043071 secs]
285.755: Total time for which application threads were stopped: 0.0044841 seconds, Stopping threads took: 0.0000218 seconds
285.820: [GC (Allocation Failure)  675945K->357449K(1033728K), 0.0045417 secs]
285.825: Total time for which application threads were stopped: 0.0047156 seconds, Stopping threads took: 0.0000208 seconds
285.891: [GC (Allocation Failure)  676937K->364491K(1033728K), 0.0043772 secs]
285.896: Total time for which application threads were stopped: 0.0045650 seconds, Stopping threads took: 0.0000257 seconds
285.964: [GC (Allocation Failure)  683979K->364491K(1033728K), 0.0040957 secs]
285.968: Total time for which application threads were stopped: 0.0042819 seconds, Stopping threads took: 0.0000249 seconds
286.033: [GC (Allocation Failure)  683979K->364651K(1033728K), 0.0043725 secs]
286.038: Total time for which application threads were stopped: 0.0045479 seconds, Stopping threads took: 0.0000204 seconds
286.104: [GC (Allocation Failure)  684139K->372525K(1032704K), 0.0044793 secs]
286.108: Total time for which application threads were stopped: 0.0046407 seconds, Stopping threads took: 0.0000202 seconds
286.176: [GC (Allocation Failure)  690989K->372525K(1033216K), 0.0043626 secs]
286.180: Total time for which application threads were stopped: 0.0045320 seconds, Stopping threads took: 0.0000195 seconds
286.246: [GC (Allocation Failure)  690989K->372869K(1033216K), 0.0045691 secs]
286.251: Total time for which application threads were stopped: 0.0047666 seconds, Stopping threads took: 0.0000211 seconds
286.318: [GC (Allocation Failure)  691333K->380583K(1033216K), 0.0066207 secs]
286.325: Total time for which application threads were stopped: 0.0067951 seconds, Stopping threads took: 0.0000197 seconds
286.393: [GC (Allocation Failure)  699047K->380519K(1033216K), 0.0044973 secs]
286.398: Total time for which application threads were stopped: 0.0046639 seconds, Stopping threads took: 0.0000256 seconds
286.463: [GC (Allocation Failure)  698983K->381095K(1033216K), 0.0043148 secs]
286.468: Total time for which application threads were stopped: 0.0044749 seconds, Stopping threads took: 0.0000194 seconds
286.535: [GC (Allocation Failure)  699559K->388618K(1033216K), 0.0045559 secs]
286.540: Total time for which application threads were stopped: 0.0047314 seconds, Stopping threads took: 0.0000199 seconds
286.607: [GC (Allocation Failure)  707082K->388586K(1033216K), 0.0044084 secs]
286.612: Total time for which application threads were stopped: 0.0045700 seconds, Stopping threads took: 0.0000197 seconds
286.677: [GC (Allocation Failure)  707050K->388810K(1033216K), 0.0058746 secs]
286.683: Total time for which application threads were stopped: 0.0060465 seconds, Stopping threads took: 0.0000270 seconds
286.751: [GC (Allocation Failure)  707274K->396588K(1033216K), 0.0045962 secs]
286.756: Total time for which application threads were stopped: 0.0047585 seconds, Stopping threads took: 0.0000196 seconds
286.822: [GC (Allocation Failure)  715052K->396620K(1033216K), 0.0045671 secs]
286.826: Total time for which application threads were stopped: 0.0047444 seconds, Stopping threads took: 0.0000203 seconds
286.895: [GC (Allocation Failure)  715084K->396684K(1033216K), 0.0044489 secs]
286.899: Total time for which application threads were stopped: 0.0046257 seconds, Stopping threads took: 0.0000276 seconds
286.966: [GC (Allocation Failure)  715148K->404654K(1033216K), 0.0043062 secs]
286.971: Total time for which application threads were stopped: 0.0044971 seconds, Stopping threads took: 0.0000407 seconds
287.036: [GC (Allocation Failure)  723118K->404654K(1033216K), 0.0045718 secs]
287.041: Total time for which application threads were stopped: 0.0047725 seconds, Stopping threads took: 0.0000269 seconds
287.107: [GC (Allocation Failure)  723118K->404782K(1033216K), 0.0045307 secs]
287.112: Total time for which application threads were stopped: 0.0047137 seconds, Stopping threads took: 0.0000178 seconds
287.180: [GC (Allocation Failure)  723246K->412688K(1033216K), 0.0045666 secs]
287.185: Total time for which application threads were stopped: 0.0047406 seconds, Stopping threads took: 0.0000206 seconds
287.251: [GC (Allocation Failure)  731152K->412688K(1033216K), 0.0042704 secs]
287.255: Total time for which application threads were stopped: 0.0044619 seconds, Stopping threads took: 0.0000201 seconds
287.321: [GC (Allocation Failure)  731152K->413032K(1033216K), 0.0045029 secs]
287.326: Total time for which application threads were stopped: 0.0046917 seconds, Stopping threads took: 0.0000194 seconds
287.395: [GC (Allocation Failure)  731496K->420747K(1033216K), 0.0045995 secs]
287.399: Total time for which application threads were stopped: 0.0047605 seconds, Stopping threads took: 0.0000171 seconds
287.467: [GC (Allocation Failure)  739211K->420715K(1033216K), 0.0044290 secs]
287.471: Total time for which application threads were stopped: 0.0046008 seconds, Stopping threads took: 0.0000202 seconds
287.536: [GC (Allocation Failure)  739179K->421259K(1033216K), 0.0044349 secs]
287.540: Total time for which application threads were stopped: 0.0046061 seconds, Stopping threads took: 0.0000206 seconds
287.607: [GC (Allocation Failure)  739723K->428749K(1033216K), 0.0045550 secs]
287.611: Total time for which application threads were stopped: 0.0047266 seconds, Stopping threads took: 0.0000205 seconds
287.677: [GC (Allocation Failure)  747213K->428749K(1033216K), 0.0051358 secs]
287.683: Total time for which application threads were stopped: 0.0052785 seconds, Stopping threads took: 0.0000178 seconds
287.749: [GC (Allocation Failure)  747213K->428965K(1033216K), 0.0047723 secs]
287.754: Total time for which application threads were stopped: 0.0049424 seconds, Stopping threads took: 0.0000197 seconds
287.822: [GC (Allocation Failure)  747429K->436807K(1033216K), 0.0045613 secs]
287.827: Total time for which application threads were stopped: 0.0047309 seconds, Stopping threads took: 0.0000274 seconds
287.892: [GC (Allocation Failure)  755271K->429061K(1033216K), 0.0014443 secs]
287.894: Total time for which application threads were stopped: 0.0015817 seconds, Stopping threads took: 0.0000290 seconds
287.962: [GC (Allocation Failure)  747525K->436935K(1033216K), 0.0045246 secs]
287.967: Total time for which application threads were stopped: 0.0046838 seconds, Stopping threads took: 0.0000194 seconds
288.035: [GC (Allocation Failure)  755399K->440919K(1033216K), 0.0058158 secs]
288.041: Total time for which application threads were stopped: 0.0059929 seconds, Stopping threads took: 0.0000198 seconds
288.106: [GC (Allocation Failure)  759383K->441621K(1032192K), 0.0050447 secs]
288.111: Total time for which application threads were stopped: 0.0052275 seconds, Stopping threads took: 0.0000197 seconds
288.180: [GC (Allocation Failure)  759061K->441015K(1032704K), 0.0043743 secs]
288.184: Total time for which application threads were stopped: 0.0045577 seconds, Stopping threads took: 0.0000203 seconds
288.252: [GC (Allocation Failure)  758455K->440919K(1033216K), 0.0044371 secs]
288.256: Total time for which application threads were stopped: 0.0046352 seconds, Stopping threads took: 0.0000210 seconds
288.323: [GC (Allocation Failure)  759383K->443743K(1033216K), 0.0048816 secs]
288.328: Total time for which application threads were stopped: 0.0050359 seconds, Stopping threads took: 0.0000174 seconds
288.397: [GC (Allocation Failure)  762207K->448962K(1033728K), 0.0045404 secs]
288.402: Total time for which application threads were stopped: 0.0047277 seconds, Stopping threads took: 0.0000264 seconds
288.469: [GC (Allocation Failure)  768450K->448994K(1033728K), 0.0045113 secs]
288.474: Total time for which application threads were stopped: 0.0047060 seconds, Stopping threads took: 0.0000203 seconds
288.542: [GC (Allocation Failure)  768482K->449930K(1033728K), 0.0046903 secs]
288.547: Total time for which application threads were stopped: 0.0048485 seconds, Stopping threads took: 0.0000170 seconds
288.613: [GC (Allocation Failure)  769418K->457004K(1033728K), 0.0046275 secs]
288.617: Total time for which application threads were stopped: 0.0047985 seconds, Stopping threads took: 0.0000198 seconds
288.686: [GC (Allocation Failure)  776492K->457004K(1033728K), 0.0076709 secs]
288.693: Total time for which application threads were stopped: 0.0078556 seconds, Stopping threads took: 0.0000256 seconds
288.758: [GC (Allocation Failure)  776492K->457132K(1033728K), 0.0045111 secs]
288.763: Total time for which application threads were stopped: 0.0046965 seconds, Stopping threads took: 0.0000206 seconds
288.828: [GC (Allocation Failure)  776620K->465038K(1033728K), 0.0046148 secs]
288.833: Total time for which application threads were stopped: 0.0048003 seconds, Stopping threads took: 0.0000218 seconds
288.901: [GC (Allocation Failure)  784526K->465038K(1033728K), 0.0044652 secs]
288.905: Total time for which application threads were stopped: 0.0046344 seconds, Stopping threads took: 0.0000267 seconds
288.970: [GC (Allocation Failure)  784526K->468430K(1034240K), 0.0053872 secs]
288.975: Total time for which application threads were stopped: 0.0055475 seconds, Stopping threads took: 0.0000205 seconds
289.043: [GC (Allocation Failure)  788430K->473200K(1033728K), 0.0046191 secs]
289.048: Total time for which application threads were stopped: 0.0047828 seconds, Stopping threads took: 0.0000208 seconds
289.114: [GC (Allocation Failure)  793200K->473072K(1034240K), 0.0045936 secs]
289.118: Total time for which application threads were stopped: 0.0047661 seconds, Stopping threads took: 0.0000197 seconds
289.185: [GC (Allocation Failure)  793584K->473576K(1020928K), 0.0046652 secs]
289.189: Total time for which application threads were stopped: 0.0048290 seconds, Stopping threads took: 0.0000205 seconds
289.259: [GC (Allocation Failure)  794088K->481131K(1033728K), 0.0045238 secs]
289.263: Total time for which application threads were stopped: 0.0046854 seconds, Stopping threads took: 0.0000207 seconds
289.331: [GC (Allocation Failure)  800619K->481099K(1033728K), 0.0045975 secs]
289.335: Total time for which application threads were stopped: 0.0047931 seconds, Stopping threads took: 0.0000203 seconds
289.404: [GC (Allocation Failure)  800587K->481803K(1033216K), 0.0045399 secs]
289.409: Total time for which application threads were stopped: 0.0047056 seconds, Stopping threads took: 0.0000195 seconds
289.476: [GC (Allocation Failure)  801291K->489133K(1033728K), 0.0047273 secs]
289.481: Total time for which application threads were stopped: 0.0048978 seconds, Stopping threads took: 0.0000195 seconds
289.549: [GC (Allocation Failure)  808621K->489133K(1033728K), 0.0046942 secs]
289.554: Total time for which application threads were stopped: 0.0048612 seconds, Stopping threads took: 0.0000195 seconds
289.620: [GC (Allocation Failure)  808621K->493133K(1033728K), 0.0054244 secs]
289.625: Total time for which application threads were stopped: 0.0055892 seconds, Stopping threads took: 0.0000199 seconds
289.696: [GC (Allocation Failure)  812621K->497231K(1034240K), 0.0045867 secs]
289.700: Total time for which application threads were stopped: 0.0047364 seconds, Stopping threads took: 0.0000169 seconds
289.767: [GC (Allocation Failure)  817743K->497199K(1034240K), 0.0048414 secs]
289.772: Total time for which application threads were stopped: 0.0050091 seconds, Stopping threads took: 0.0000199 seconds
289.839: [GC (Allocation Failure)  817711K->498279K(1034240K), 0.0047104 secs]
289.844: Total time for which application threads were stopped: 0.0048931 seconds, Stopping threads took: 0.0000213 seconds
289.912: [GC (Allocation Failure)  818791K->505321K(1034240K), 0.0044685 secs]
289.916: Total time for which application threads were stopped: 0.0046441 seconds, Stopping threads took: 0.0000271 seconds
289.984: [GC (Allocation Failure)  825833K->505193K(1034240K), 0.0043777 secs]
289.988: Total time for which application threads were stopped: 0.0045590 seconds, Stopping threads took: 0.0000264 seconds
290.057: [GC (Allocation Failure)  825705K->505449K(1034240K), 0.0046799 secs]
290.061: Total time for which application threads were stopped: 0.0048361 seconds, Stopping threads took: 0.0000175 seconds
290.129: [GC (Allocation Failure)  825961K->513260K(1034240K), 0.0049085 secs]
290.134: Total time for which application threads were stopped: 0.0050810 seconds, Stopping threads took: 0.0000207 seconds
290.201: [GC (Allocation Failure)  833772K->513228K(1034240K), 0.0047437 secs]
290.206: Total time for which application threads were stopped: 0.0049063 seconds, Stopping threads took: 0.0000205 seconds
290.271: [GC (Allocation Failure)  833740K->514700K(1034240K), 0.0065392 secs]
290.278: Total time for which application threads were stopped: 0.0067165 seconds, Stopping threads took: 0.0000206 seconds
290.348: [GC (Allocation Failure)  835212K->521294K(1034240K), 0.0046706 secs]
290.352: Total time for which application threads were stopped: 0.0048641 seconds, Stopping threads took: 0.0000198 seconds
290.422: [GC (Allocation Failure)  841806K->521262K(1034240K), 0.0046330 secs]
290.426: Total time for which application threads were stopped: 0.0048011 seconds, Stopping threads took: 0.0000263 seconds
290.495: [GC (Allocation Failure)  841774K->521414K(1020416K), 0.0046078 secs]
290.499: Total time for which application threads were stopped: 0.0047832 seconds, Stopping threads took: 0.0000225 seconds
290.568: [GC (Allocation Failure)  841926K->529288K(1033728K), 0.0046344 secs]
290.572: Total time for which application threads were stopped: 0.0047931 seconds, Stopping threads took: 0.0000196 seconds
290.638: [GC (Allocation Failure)  848776K->529320K(1033728K), 0.0047947 secs]
290.643: Total time for which application threads were stopped: 0.0049655 seconds, Stopping threads took: 0.0000205 seconds
290.709: [GC (Allocation Failure)  848808K->529352K(1033728K), 0.0047078 secs]
290.714: Total time for which application threads were stopped: 0.0049054 seconds, Stopping threads took: 0.0000217 seconds
290.782: [GC (Allocation Failure)  848840K->537354K(1033728K), 0.0046788 secs]
290.787: Total time for which application threads were stopped: 0.0048524 seconds, Stopping threads took: 0.0000210 seconds
290.855: [GC (Allocation Failure)  856842K->537322K(1033728K), 0.0044886 secs]
290.859: Total time for which application threads were stopped: 0.0046848 seconds, Stopping threads took: 0.0000208 seconds
290.926: [GC (Allocation Failure)  856810K->538410K(1033728K), 0.0046640 secs]
290.931: Total time for which application threads were stopped: 0.0048307 seconds, Stopping threads took: 0.0000280 seconds
290.999: [GC (Allocation Failure)  857898K->545389K(1033728K), 0.0048015 secs]
291.004: Total time for which application threads were stopped: 0.0049711 seconds, Stopping threads took: 0.0000199 seconds
291.071: [GC (Allocation Failure)  864877K->545389K(1033728K), 0.0048695 secs]
291.076: Total time for which application threads were stopped: 0.0050307 seconds, Stopping threads took: 0.0000198 seconds
291.141: [GC (Allocation Failure)  864877K->545613K(1033728K), 0.0048343 secs]
291.146: Total time for which application threads were stopped: 0.0050283 seconds, Stopping threads took: 0.0000202 seconds
291.212: [GC (Allocation Failure)  865101K->553391K(1033728K), 0.0046880 secs]
291.217: Total time for which application threads were stopped: 0.0048451 seconds, Stopping threads took: 0.0000169 seconds
291.285: [GC (Allocation Failure)  872879K->553391K(1033728K), 0.0045454 secs]
291.289: Total time for which application threads were stopped: 0.0047152 seconds, Stopping threads took: 0.0000203 seconds
291.354: [GC (Allocation Failure)  872879K->554863K(1033728K), 0.0064769 secs]
291.361: Total time for which application threads were stopped: 0.0066738 seconds, Stopping threads took: 0.0000211 seconds
291.429: [GC (Allocation Failure)  874351K->561425K(1033728K), 0.0048287 secs]
291.434: Total time for which application threads were stopped: 0.0050090 seconds, Stopping threads took: 0.0000286 seconds
291.501: [GC (Allocation Failure)  880913K->561425K(1033728K), 0.0047650 secs]
291.506: Total time for which application threads were stopped: 0.0049282 seconds, Stopping threads took: 0.0000205 seconds
291.571: [GC (Allocation Failure)  880913K->562057K(1033728K), 0.0047222 secs]
291.576: Total time for which application threads were stopped: 0.0048932 seconds, Stopping threads took: 0.0000204 seconds
291.643: [GC (Allocation Failure)  881545K->569484K(1033728K), 0.0047484 secs]
291.648: Total time for which application threads were stopped: 0.0049281 seconds, Stopping threads took: 0.0000200 seconds
291.716: [GC (Allocation Failure)  888972K->569452K(1033728K), 0.0047911 secs]
291.721: Total time for which application threads were stopped: 0.0049655 seconds, Stopping threads took: 0.0000206 seconds
291.786: [GC (Allocation Failure)  888940K->570316K(1033728K), 0.0047433 secs]
291.791: Total time for which application threads were stopped: 0.0049232 seconds, Stopping threads took: 0.0000217 seconds
291.858: [GC (Allocation Failure)  889804K->577518K(1033728K), 0.0047140 secs]
291.863: Total time for which application threads were stopped: 0.0048805 seconds, Stopping threads took: 0.0000281 seconds
291.934: [GC (Allocation Failure)  897006K->577486K(1033728K), 0.0044976 secs]
291.938: Total time for which application threads were stopped: 0.0046721 seconds, Stopping threads took: 0.0000260 seconds
292.005: [GC (Allocation Failure)  896974K->578502K(1033728K), 0.0049308 secs]
292.010: Total time for which application threads were stopped: 0.0050885 seconds, Stopping threads took: 0.0000259 seconds
292.076: [GC (Allocation Failure)  897990K->585576K(1033728K), 0.0049486 secs]
292.081: Total time for which application threads were stopped: 0.0051199 seconds, Stopping threads took: 0.0000291 seconds
292.149: [GC (Allocation Failure)  905064K->585512K(1033728K), 0.0044562 secs]
292.154: Total time for which application threads were stopped: 0.0046197 seconds, Stopping threads took: 0.0000201 seconds
292.218: [GC (Allocation Failure)  905000K->585736K(1033728K), 0.0048027 secs]
292.223: Total time for which application threads were stopped: 0.0050075 seconds, Stopping threads took: 0.0000204 seconds
292.290: [GC (Allocation Failure)  905224K->593578K(1032704K), 0.0049587 secs]
292.295: Total time for which application threads were stopped: 0.0051309 seconds, Stopping threads took: 0.0000201 seconds
292.360: [GC (Allocation Failure)  912042K->593546K(1033216K), 0.0049892 secs]
292.365: Total time for which application threads were stopped: 0.0051564 seconds, Stopping threads took: 0.0000198 seconds
292.428: [GC (Allocation Failure)  912010K->593994K(1033216K), 0.0046554 secs]
292.433: Total time for which application threads were stopped: 0.0048167 seconds, Stopping threads took: 0.0000282 seconds
292.500: [GC (Allocation Failure)  912458K->601613K(1033216K), 0.0046357 secs]
292.505: Total time for which application threads were stopped: 0.0047768 seconds, Stopping threads took: 0.0000179 seconds
292.572: [GC (Allocation Failure)  920077K->601581K(1033216K), 0.0051398 secs]
292.577: Total time for which application threads were stopped: 0.0053037 seconds, Stopping threads took: 0.0000202 seconds
292.641: [GC (Allocation Failure)  920045K->602221K(1033216K), 0.0049125 secs]
292.646: Total time for which application threads were stopped: 0.0050747 seconds, Stopping threads took: 0.0000199 seconds
292.713: [GC (Allocation Failure)  920685K->609615K(1033216K), 0.0047890 secs]
292.718: Total time for which application threads were stopped: 0.0049398 seconds, Stopping threads took: 0.0000180 seconds
292.785: [GC (Allocation Failure)  928079K->609647K(1033216K), 0.0047664 secs]
292.790: Total time for which application threads were stopped: 0.0049279 seconds, Stopping threads took: 0.0000192 seconds
292.855: [GC (Allocation Failure)  928111K->609671K(1033216K), 0.0049004 secs]
292.860: Total time for which application threads were stopped: 0.0050634 seconds, Stopping threads took: 0.0000204 seconds
292.927: [GC (Allocation Failure)  928135K->617673K(1033216K), 0.0048572 secs]
292.932: Total time for which application threads were stopped: 0.0050237 seconds, Stopping threads took: 0.0000278 seconds
292.994: [GC (Allocation Failure)  936137K->617673K(1033216K), 0.0046969 secs]
292.998: Total time for which application threads were stopped: 0.0048445 seconds, Stopping threads took: 0.0000201 seconds
293.061: [GC (Allocation Failure)  936137K->617705K(1033216K), 0.0048992 secs]
293.066: Total time for which application threads were stopped: 0.0050379 seconds, Stopping threads took: 0.0000201 seconds
293.129: [GC (Allocation Failure)  936169K->625707K(1033216K), 0.0048269 secs]
293.134: Total time for which application threads were stopped: 0.0049969 seconds, Stopping threads took: 0.0000252 seconds
293.195: [GC (Allocation Failure)  944171K->625675K(1033216K), 0.0048577 secs]
293.200: Total time for which application threads were stopped: 0.0050022 seconds, Stopping threads took: 0.0000195 seconds
293.260: [GC (Allocation Failure)  944139K->625899K(1033216K), 0.0047665 secs]
293.265: Total time for which application threads were stopped: 0.0049018 seconds, Stopping threads took: 0.0000198 seconds
293.328: [GC (Allocation Failure)  944363K->633710K(1033216K), 0.0049381 secs]
293.333: Total time for which application threads were stopped: 0.0050716 seconds, Stopping threads took: 0.0000194 seconds
293.395: [GC (Allocation Failure)  952174K->633742K(1033216K), 0.0047166 secs]
293.400: Total time for which application threads were stopped: 0.0048665 seconds, Stopping threads took: 0.0000247 seconds
293.460: [GC (Allocation Failure)  952206K->634126K(1033216K), 0.0049478 secs]
293.465: Total time for which application threads were stopped: 0.0050786 seconds, Stopping threads took: 0.0000186 seconds
293.527: [GC (Allocation Failure)  952590K->641744K(1033216K), 0.0049217 secs]
293.532: Total time for which application threads were stopped: 0.0050549 seconds, Stopping threads took: 0.0000191 seconds
293.597: [GC (Allocation Failure)  960208K->641744K(1033216K), 0.0047109 secs]
293.602: Total time for which application threads were stopped: 0.0048606 seconds, Stopping threads took: 0.0000235 seconds
293.662: [GC (Allocation Failure)  960208K->641816K(1033216K), 0.0099796 secs]
293.672: Total time for which application threads were stopped: 0.0101256 seconds, Stopping threads took: 0.0000182 seconds
293.736: [GC (Allocation Failure)  960280K->649818K(1033216K), 0.0046777 secs]
293.741: Total time for which application threads were stopped: 0.0048384 seconds, Stopping threads took: 0.0000201 seconds
293.803: [GC (Allocation Failure)  968282K->649818K(1033216K), 0.0048590 secs]
293.808: Total time for which application threads were stopped: 0.0049974 seconds, Stopping threads took: 0.0000175 seconds
293.873: [GC (Allocation Failure)  968282K->650074K(1033216K), 0.0049625 secs]
293.878: Total time for which application threads were stopped: 0.0051005 seconds, Stopping threads took: 0.0000197 seconds
293.944: [GC (Allocation Failure)  968538K->657852K(1033216K), 0.0049160 secs]
293.949: Total time for which application threads were stopped: 0.0050628 seconds, Stopping threads took: 0.0000275 seconds
294.010: [GC (Allocation Failure)  976316K->650138K(1033216K), 0.0019602 secs]
294.012: Total time for which application threads were stopped: 0.0021294 seconds, Stopping threads took: 0.0000260 seconds
294.079: [GC (Allocation Failure)  968602K->658028K(1033216K), 0.0056953 secs]
294.084: Total time for which application threads were stopped: 0.0058476 seconds, Stopping threads took: 0.0000167 seconds
294.152: [GC (Allocation Failure)  976492K->661956K(1033216K), 0.0060651 secs]
294.158: Total time for which application threads were stopped: 0.0062342 seconds, Stopping threads took: 0.0000206 seconds
294.222: [GC (Allocation Failure)  980420K->662722K(1032192K), 0.0053245 secs]
294.227: Total time for which application threads were stopped: 0.0054762 seconds, Stopping threads took: 0.0000203 seconds
294.294: [GC (Allocation Failure)  980162K->662084K(1032704K), 0.0047315 secs]
294.298: Total time for which application threads were stopped: 0.0048906 seconds, Stopping threads took: 0.0000193 seconds
294.366: [GC (Allocation Failure)  979524K->661956K(1033216K), 0.0056796 secs]
294.372: Total time for which application threads were stopped: 0.0058610 seconds, Stopping threads took: 0.0000197 seconds
294.440: [GC (Allocation Failure)  979908K->664332K(1032704K), 0.0052756 secs]
294.446: Total time for which application threads were stopped: 0.0054381 seconds, Stopping threads took: 0.0000196 seconds
294.513: [GC (Allocation Failure)  982284K->670095K(1033216K), 0.0048605 secs]
294.518: Total time for which application threads were stopped: 0.0050246 seconds, Stopping threads took: 0.0000205 seconds
294.585: [GC (Allocation Failure)  988559K->669967K(1033216K), 0.0050398 secs]
294.590: Total time for which application threads were stopped: 0.0052127 seconds, Stopping threads took: 0.0000196 seconds
294.654: [GC (Allocation Failure)  988431K->672007K(1033728K), 0.0053377 secs]
294.660: Total time for which application threads were stopped: 0.0055319 seconds, Stopping threads took: 0.0000207 seconds
294.729: [GC (Allocation Failure)  991495K->678057K(1033728K), 0.0049328 secs]
294.734: Total time for which application threads were stopped: 0.0051097 seconds, Stopping threads took: 0.0000200 seconds
294.802: [GC (Allocation Failure)  997545K->678025K(1033728K), 0.0048511 secs]
294.807: Total time for which application threads were stopped: 0.0050120 seconds, Stopping threads took: 0.0000199 seconds
294.871: [GC (Allocation Failure)  997513K->679241K(1033728K), 0.0050759 secs]
294.877: Total time for which application threads were stopped: 0.0052872 seconds, Stopping threads took: 0.0000196 seconds
294.945: [GC (Allocation Failure)  998729K->686091K(1033728K), 0.0047799 secs]
294.950: Total time for which application threads were stopped: 0.0049539 seconds, Stopping threads took: 0.0000275 seconds
295.016: [GC (Allocation Failure)  1005579K->686059K(1033728K), 0.0050797 secs]
295.021: Total time for which application threads were stopped: 0.0052524 seconds, Stopping threads took: 0.0000212 seconds
295.088: [GC (Allocation Failure)  1005547K->686443K(1033728K), 0.0049602 secs]
295.093: [Full GC (Ergonomics)  686443K->8850K(1033728K), 0.0124840 secs]
295.105: Total time for which application threads were stopped: 0.0177012 seconds, Stopping threads took: 0.0000204 seconds
295.173: [GC (Allocation Failure)  328338K->18677K(1029120K), 0.0039840 secs]
295.177: Total time for which application threads were stopped: 0.0041517 seconds, Stopping threads took: 0.0000200 seconds
295.243: [GC (Allocation Failure)  338165K->18621K(1033216K), 0.0041740 secs]
295.248: Total time for which application threads were stopped: 0.0043316 seconds, Stopping threads took: 0.0000188 seconds
295.314: [GC (Allocation Failure)  337085K->21309K(1033216K), 0.0065130 secs]
295.320: Total time for which application threads were stopped: 0.0066908 seconds, Stopping threads took: 0.0000195 seconds
295.386: [GC (Allocation Failure)  339773K->26815K(1033728K), 0.0036297 secs]
295.390: Total time for which application threads were stopped: 0.0037883 seconds, Stopping threads took: 0.0000261 seconds
295.456: [GC (Allocation Failure)  346303K->26687K(1033728K), 0.0037418 secs]
295.460: Total time for which application threads were stopped: 0.0039002 seconds, Stopping threads took: 0.0000196 seconds
295.522: [GC (Allocation Failure)  346175K->27495K(1033728K), 0.0039386 secs]
295.526: Total time for which application threads were stopped: 0.0040811 seconds, Stopping threads took: 0.0000196 seconds
295.591: [GC (Allocation Failure)  346983K->34761K(1033728K), 0.0035488 secs]
295.594: Total time for which application threads were stopped: 0.0036769 seconds, Stopping threads took: 0.0000198 seconds
295.659: [GC (Allocation Failure)  354249K->34697K(1033728K), 0.0034015 secs]
295.662: Total time for which application threads were stopped: 0.0035272 seconds, Stopping threads took: 0.0000162 seconds
295.727: [GC (Allocation Failure)  354185K->34793K(1033728K), 0.0036009 secs]
295.730: Total time for which application threads were stopped: 0.0037980 seconds, Stopping threads took: 0.0000199 seconds
295.800: [GC (Allocation Failure)  354281K->42827K(1033728K), 0.0037270 secs]
295.804: Total time for which application threads were stopped: 0.0039097 seconds, Stopping threads took: 0.0000175 seconds
295.871: [GC (Allocation Failure)  362315K->42795K(1033728K), 0.0038067 secs]
295.875: Total time for which application threads were stopped: 0.0039607 seconds, Stopping threads took: 0.0000171 seconds
295.942: [GC (Allocation Failure)  362283K->42819K(1032704K), 0.0038543 secs]
295.946: Total time for which application threads were stopped: 0.0040123 seconds, Stopping threads took: 0.0000198 seconds
296.013: [GC (Allocation Failure)  361283K->50854K(1033216K), 0.0036132 secs]
296.016: Total time for which application threads were stopped: 0.0037867 seconds, Stopping threads took: 0.0000209 seconds
296.085: [GC (Allocation Failure)  369318K->50790K(1033728K), 0.0036684 secs]
296.088: Total time for which application threads were stopped: 0.0038587 seconds, Stopping threads took: 0.0000196 seconds
296.155: [GC (Allocation Failure)  369766K->51054K(1033216K), 0.0038855 secs]
296.159: Total time for which application threads were stopped: 0.0040643 seconds, Stopping threads took: 0.0000174 seconds
296.228: [GC (Allocation Failure)  370030K->58896K(1033216K), 0.0038467 secs]
296.232: Total time for which application threads were stopped: 0.0040226 seconds, Stopping threads took: 0.0000197 seconds
296.300: [GC (Allocation Failure)  377360K->58832K(1033216K), 0.0039541 secs]
296.304: Total time for which application threads were stopped: 0.0041714 seconds, Stopping threads took: 0.0000212 seconds
296.372: [GC (Allocation Failure)  377296K->59304K(1033216K), 0.0038344 secs]
296.376: Total time for which application threads were stopped: 0.0039948 seconds, Stopping threads took: 0.0000210 seconds
296.443: [GC (Allocation Failure)  377768K->66890K(1033216K), 0.0037777 secs]
296.447: Total time for which application threads were stopped: 0.0039426 seconds, Stopping threads took: 0.0000267 seconds
296.513: [GC (Allocation Failure)  385354K->66858K(1033216K), 0.0038351 secs]
296.517: Total time for which application threads were stopped: 0.0039891 seconds, Stopping threads took: 0.0000200 seconds
296.582: [GC (Allocation Failure)  385322K->67530K(1033216K), 0.0037901 secs]
296.586: Total time for which application threads were stopped: 0.0039896 seconds, Stopping threads took: 0.0000199 seconds
296.652: [GC (Allocation Failure)  385994K->74956K(1033216K), 0.0035539 secs]
296.656: Total time for which application threads were stopped: 0.0037004 seconds, Stopping threads took: 0.0000198 seconds
296.722: [GC (Allocation Failure)  393420K->74892K(1033216K), 0.0038375 secs]
296.726: Total time for which application threads were stopped: 0.0040061 seconds, Stopping threads took: 0.0000205 seconds
296.790: [GC (Allocation Failure)  393356K->75756K(1033216K), 0.0039394 secs]
296.794: Total time for which application threads were stopped: 0.0041043 seconds, Stopping threads took: 0.0000205 seconds
296.861: [GC (Allocation Failure)  394220K->82927K(1033216K), 0.0038774 secs]
296.865: Total time for which application threads were stopped: 0.0040641 seconds, Stopping threads took: 0.0000217 seconds
296.935: [GC (Allocation Failure)  401391K->82927K(1033216K), 0.0038311 secs]
296.938: Total time for which application threads were stopped: 0.0039918 seconds, Stopping threads took: 0.0000191 seconds
297.003: [GC (Allocation Failure)  401391K->82991K(1033216K), 0.0038519 secs]
297.007: Total time for which application threads were stopped: 0.0040132 seconds, Stopping threads took: 0.0000197 seconds
297.075: [GC (Allocation Failure)  401455K->90961K(1033216K), 0.0036873 secs]
297.078: Total time for which application threads were stopped: 0.0038881 seconds, Stopping threads took: 0.0000205 seconds
297.146: [GC (Allocation Failure)  409425K->90929K(1033216K), 0.0039977 secs]
297.150: Total time for which application threads were stopped: 0.0041606 seconds, Stopping threads took: 0.0000196 seconds
297.217: [GC (Allocation Failure)  409393K->91209K(1033216K), 0.0040624 secs]
297.221: Total time for which application threads were stopped: 0.0042248 seconds, Stopping threads took: 0.0000202 seconds
297.287: [GC (Allocation Failure)  409673K->98987K(1033216K), 0.0039953 secs]
297.291: Total time for which application threads were stopped: 0.0041943 seconds, Stopping threads took: 0.0000201 seconds
297.357: [GC (Allocation Failure)  417451K->98987K(1033216K), 0.0039466 secs]
297.361: Total time for which application threads were stopped: 0.0041073 seconds, Stopping threads took: 0.0000195 seconds
297.426: [GC (Allocation Failure)  417451K->99435K(1033216K), 0.0038148 secs]
297.430: Total time for which application threads were stopped: 0.0039816 seconds, Stopping threads took: 0.0000196 seconds
297.499: [GC (Allocation Failure)  417899K->107054K(1033216K), 0.0038582 secs]
297.503: Total time for which application threads were stopped: 0.0040183 seconds, Stopping threads took: 0.0000206 seconds
297.566: [GC (Allocation Failure)  425518K->106990K(1033216K), 0.0037673 secs]
297.569: Total time for which application threads were stopped: 0.0039220 seconds, Stopping threads took: 0.0000194 seconds
297.631: [GC (Allocation Failure)  425454K->107174K(1033216K), 0.0037986 secs]
297.635: Total time for which application threads were stopped: 0.0039418 seconds, Stopping threads took: 0.0000218 seconds
297.702: [GC (Allocation Failure)  425638K->115048K(1033216K), 0.0040177 secs]
297.706: Total time for which application threads were stopped: 0.0042022 seconds, Stopping threads took: 0.0000167 seconds
297.775: [GC (Allocation Failure)  433512K->115048K(1033216K), 0.0039042 secs]
297.779: Total time for which application threads were stopped: 0.0040608 seconds, Stopping threads took: 0.0000196 seconds
297.843: [GC (Allocation Failure)  433512K->115112K(1033216K), 0.0038552 secs]
297.847: Total time for which application threads were stopped: 0.0040461 seconds, Stopping threads took: 0.0000192 seconds
297.916: [GC (Allocation Failure)  433576K->123082K(1033216K), 0.0038568 secs]
297.920: Total time for which application threads were stopped: 0.0040111 seconds, Stopping threads took: 0.0000182 seconds
297.985: [GC (Allocation Failure)  441546K->123082K(1033216K), 0.0040356 secs]
297.989: Total time for which application threads were stopped: 0.0042151 seconds, Stopping threads took: 0.0000268 seconds
298.058: [GC (Allocation Failure)  441546K->123114K(1033216K), 0.0038575 secs]
298.062: Total time for which application threads were stopped: 0.0040061 seconds, Stopping threads took: 0.0000168 seconds
298.127: [GC (Allocation Failure)  441578K->131148K(1033216K), 0.0038513 secs]
298.131: Total time for which application threads were stopped: 0.0040446 seconds, Stopping threads took: 0.0000197 seconds
298.198: [GC (Allocation Failure)  449612K->131084K(1033216K), 0.0037107 secs]
298.202: Total time for which application threads were stopped: 0.0039036 seconds, Stopping threads took: 0.0000196 seconds
298.268: [GC (Allocation Failure)  449548K->131364K(1033216K), 0.0040033 secs]
298.272: Total time for which application threads were stopped: 0.0041833 seconds, Stopping threads took: 0.0000175 seconds
298.340: [GC (Allocation Failure)  449828K->139175K(1033216K), 0.0039375 secs]
298.344: Total time for which application threads were stopped: 0.0040846 seconds, Stopping threads took: 0.0000179 seconds
298.408: [GC (Allocation Failure)  457639K->139111K(1033216K), 0.0037894 secs]
298.412: Total time for which application threads were stopped: 0.0039491 seconds, Stopping threads took: 0.0000259 seconds
298.477: [GC (Allocation Failure)  457575K->139335K(1033216K), 0.0040844 secs]
298.481: Total time for which application threads were stopped: 0.0042619 seconds, Stopping threads took: 0.0000202 seconds
298.549: [GC (Allocation Failure)  457799K->147177K(1033216K), 0.0040925 secs]
298.553: Total time for which application threads were stopped: 0.0042631 seconds, Stopping threads took: 0.0000203 seconds
298.619: [GC (Allocation Failure)  465641K->141255K(1033216K), 0.0017329 secs]
298.621: Total time for which application threads were stopped: 0.0018696 seconds, Stopping threads took: 0.0000207 seconds
298.689: [GC (Allocation Failure)  459719K->147329K(1033216K), 0.0038274 secs]
298.693: Total time for which application threads were stopped: 0.0040055 seconds, Stopping threads took: 0.0000145 seconds
298.760: [GC (Allocation Failure)  465793K->151321K(1033216K), 0.0043293 secs]
298.764: Total time for which application threads were stopped: 0.0045129 seconds, Stopping threads took: 0.0000174 seconds
298.832: [GC (Allocation Failure)  470809K->154807K(1030656K), 0.0053783 secs]
298.838: Total time for which application threads were stopped: 0.0055454 seconds, Stopping threads took: 0.0000191 seconds
298.906: [GC (Allocation Failure)  474295K->151353K(1032704K), 0.0038357 secs]
298.910: Total time for which application threads were stopped: 0.0040266 seconds, Stopping threads took: 0.0000261 seconds
298.978: [GC (Allocation Failure)  468793K->151353K(1032704K), 0.0038468 secs]
298.982: Total time for which application threads were stopped: 0.0040120 seconds, Stopping threads took: 0.0000199 seconds
299.049: [GC (Allocation Failure)  468793K->145751K(1033216K), 0.0017828 secs]
299.050: Total time for which application threads were stopped: 0.0019287 seconds, Stopping threads took: 0.0000195 seconds
299.119: [GC (Allocation Failure)  464215K->151545K(1033216K), 0.0039434 secs]
299.124: Total time for which application threads were stopped: 0.0041221 seconds, Stopping threads took: 0.0000225 seconds
299.191: [GC (Allocation Failure)  470009K->151321K(1033728K), 0.0039051 secs]
299.195: Total time for which application threads were stopped: 0.0040777 seconds, Stopping threads took: 0.0000211 seconds
299.260: [GC (Allocation Failure)  470297K->154513K(1033216K), 0.0045306 secs]
299.265: Total time for which application threads were stopped: 0.0046967 seconds, Stopping threads took: 0.0000283 seconds
299.332: [GC (Allocation Failure)  473489K->159411K(1033728K), 0.0040414 secs]
299.336: Total time for which application threads were stopped: 0.0042114 seconds, Stopping threads took: 0.0000195 seconds
299.404: [GC (Allocation Failure)  478899K->159347K(1033728K), 0.0038324 secs]
299.408: Total time for which application threads were stopped: 0.0040386 seconds, Stopping threads took: 0.0000263 seconds
299.476: [GC (Allocation Failure)  478835K->161195K(1034240K), 0.0040377 secs]
299.480: Total time for which application threads were stopped: 0.0041973 seconds, Stopping threads took: 0.0000196 seconds
299.548: [GC (Allocation Failure)  481707K->167469K(1034240K), 0.0040065 secs]
299.552: Total time for which application threads were stopped: 0.0041824 seconds, Stopping threads took: 0.0000200 seconds
299.622: [GC (Allocation Failure)  487981K->167373K(1034240K), 0.0038225 secs]
299.626: Total time for which application threads were stopped: 0.0039920 seconds, Stopping threads took: 0.0000197 seconds
299.694: [GC (Allocation Failure)  487885K->171493K(1034240K), 0.0049301 secs]
299.699: Total time for which application threads were stopped: 0.0050863 seconds, Stopping threads took: 0.0000207 seconds
299.768: [GC (Allocation Failure)  492005K->175464K(1034752K), 0.0039902 secs]
299.772: Total time for which application threads were stopped: 0.0041836 seconds, Stopping threads took: 0.0000205 seconds
299.842: [GC (Allocation Failure)  497000K->175400K(1034752K), 0.0039593 secs]
299.846: Total time for which application threads were stopped: 0.0041224 seconds, Stopping threads took: 0.0000169 seconds
299.916: [GC (Allocation Failure)  496936K->175624K(1033728K), 0.0038764 secs]
299.920: Total time for which application threads were stopped: 0.0040394 seconds, Stopping threads took: 0.0000191 seconds
299.987: [GC (Allocation Failure)  496136K->183434K(1034240K), 0.0041682 secs]
299.991: Total time for which application threads were stopped: 0.0043403 seconds, Stopping threads took: 0.0000273 seconds
300.060: [GC (Allocation Failure)  503946K->183466K(1034240K), 0.0039195 secs]
300.064: Total time for which application threads were stopped: 0.0040899 seconds, Stopping threads took: 0.0000203 seconds
300.131: [GC (Allocation Failure)  503978K->185922K(1034240K), 0.0045862 secs]
300.136: Total time for which application threads were stopped: 0.0047554 seconds, Stopping threads took: 0.0000206 seconds
300.204: [GC (Allocation Failure)  506434K->191492K(1034752K), 0.0040783 secs]
300.208: Total time for which application threads were stopped: 0.0042497 seconds, Stopping threads took: 0.0000207 seconds
300.275: [GC (Allocation Failure)  513028K->191492K(1034752K), 0.0042164 secs]
300.280: Total time for which application threads were stopped: 0.0043874 seconds, Stopping threads took: 0.0000200 seconds
300.345: [GC (Allocation Failure)  513028K->194108K(1034752K), 0.0068645 secs]
300.352: Total time for which application threads were stopped: 0.0070378 seconds, Stopping threads took: 0.0000199 seconds
300.420: [GC (Allocation Failure)  515644K->199486K(1034752K), 0.0040340 secs]
300.424: Total time for which application threads were stopped: 0.0042046 seconds, Stopping threads took: 0.0000255 seconds
300.492: [GC (Allocation Failure)  521022K->199454K(1034752K), 0.0064162 secs]
300.498: Total time for which application threads were stopped: 0.0066069 seconds, Stopping threads took: 0.0000194 seconds
300.564: [GC (Allocation Failure)  520990K->203390K(1034752K), 0.0051525 secs]
300.570: Total time for which application threads were stopped: 0.0053201 seconds, Stopping threads took: 0.0000199 seconds
300.636: [GC (Allocation Failure)  524926K->207649K(1035264K), 0.0041168 secs]
300.640: Total time for which application threads were stopped: 0.0042809 seconds, Stopping threads took: 0.0000199 seconds
300.710: [GC (Allocation Failure)  530209K->207553K(1035264K), 0.0040767 secs]
300.714: Total time for which application threads were stopped: 0.0042916 seconds, Stopping threads took: 0.0000205 seconds
300.782: [GC (Allocation Failure)  530113K->210601K(1035264K), 0.0047284 secs]
300.787: Total time for which application threads were stopped: 0.0048972 seconds, Stopping threads took: 0.0000215 seconds
300.855: [GC (Allocation Failure)  533161K->215627K(1035264K), 0.0042325 secs]
300.859: Total time for which application threads were stopped: 0.0044068 seconds, Stopping threads took: 0.0000216 seconds
300.927: [GC (Allocation Failure)  538187K->215563K(1035264K), 0.0039453 secs]
300.931: Total time for which application threads were stopped: 0.0040968 seconds, Stopping threads took: 0.0000267 seconds
300.999: [GC (Allocation Failure)  538123K->218859K(1035264K), 0.0047032 secs]
301.004: Total time for which application threads were stopped: 0.0048979 seconds, Stopping threads took: 0.0000197 seconds
301.074: [GC (Allocation Failure)  541419K->223597K(1035264K), 0.0040888 secs]
301.078: Total time for which application threads were stopped: 0.0042706 seconds, Stopping threads took: 0.0000204 seconds
301.146: [GC (Allocation Failure)  546157K->223597K(1035264K), 0.0043033 secs]
301.150: Total time for which application threads were stopped: 0.0044765 seconds, Stopping threads took: 0.0000196 seconds
301.219: [GC (Allocation Failure)  546157K->227077K(1035264K), 0.0049440 secs]
301.224: Total time for which application threads were stopped: 0.0051249 seconds, Stopping threads took: 0.0000204 seconds
301.293: [GC (Allocation Failure)  549637K->231816K(1035264K), 0.0041337 secs]
301.298: Total time for which application threads were stopped: 0.0043081 seconds, Stopping threads took: 0.0000201 seconds
301.367: [GC (Allocation Failure)  554376K->231656K(1035264K), 0.0040980 secs]
301.371: Total time for which application threads were stopped: 0.0042613 seconds, Stopping threads took: 0.0000196 seconds
301.439: [GC (Allocation Failure)  554216K->227237K(1035264K), 0.0022795 secs]
301.442: Total time for which application threads were stopped: 0.0024643 seconds, Stopping threads took: 0.0000251 seconds
301.512: [GC (Allocation Failure)  549797K->231784K(1034752K), 0.0043762 secs]
301.517: Total time for which application threads were stopped: 0.0045396 seconds, Stopping threads took: 0.0000190 seconds
301.585: [GC (Allocation Failure)  554344K->231592K(1035264K), 0.0041160 secs]
301.589: Total time for which application threads were stopped: 0.0042870 seconds, Stopping threads took: 0.0000199 seconds
301.654: [GC (Allocation Failure)  554152K->231525K(1035776K), 0.0042939 secs]
301.659: Total time for which application threads were stopped: 0.0044845 seconds, Stopping threads took: 0.0000193 seconds
301.729: [GC (Allocation Failure)  555109K->231752K(1035776K), 0.0041103 secs]
301.733: Total time for which application threads were stopped: 0.0042898 seconds, Stopping threads took: 0.0000202 seconds
301.801: [GC (Allocation Failure)  555336K->231624K(1035776K), 0.0039654 secs]
301.805: Total time for which application threads were stopped: 0.0041526 seconds, Stopping threads took: 0.0000227 seconds
301.873: [GC (Allocation Failure)  555208K->238893K(1035776K), 0.0074808 secs]
301.881: Total time for which application threads were stopped: 0.0076579 seconds, Stopping threads took: 0.0000219 seconds
301.949: [GC (Allocation Failure)  562477K->234192K(1032704K), 0.0039656 secs]
301.953: Total time for which application threads were stopped: 0.0041282 seconds, Stopping threads took: 0.0000201 seconds
302.021: [GC (Allocation Failure)  554704K->234192K(1034240K), 0.0041246 secs]
302.025: Total time for which application threads were stopped: 0.0042966 seconds, Stopping threads took: 0.0000201 seconds
302.092: [GC (Allocation Failure)  554704K->226317K(1032704K), 0.0010872 secs]
302.093: Total time for which application threads were stopped: 0.0012205 seconds, Stopping threads took: 0.0000205 seconds
302.163: [GC (Allocation Failure)  545805K->234424K(1033728K), 0.0040680 secs]
302.167: Total time for which application threads were stopped: 0.0042403 seconds, Stopping threads took: 0.0000284 seconds
302.235: [GC (Allocation Failure)  553912K->238312K(1034752K), 0.0055261 secs]
302.240: Total time for which application threads were stopped: 0.0057186 seconds, Stopping threads took: 0.0000213 seconds
302.308: [GC (Allocation Failure)  559336K->243461K(1033728K), 0.0065034 secs]
302.314: Total time for which application threads were stopped: 0.0066842 seconds, Stopping threads took: 0.0000200 seconds
302.382: [GC (Allocation Failure)  564485K->238504K(1033728K), 0.0042783 secs]
302.386: Total time for which application threads were stopped: 0.0044566 seconds, Stopping threads took: 0.0000195 seconds
302.453: [GC (Allocation Failure)  557992K->238344K(1033728K), 0.0040365 secs]
302.457: Total time for which application threads were stopped: 0.0042213 seconds, Stopping threads took: 0.0000200 seconds
302.525: [GC (Allocation Failure)  557832K->240101K(1034240K), 0.0046584 secs]
302.529: Total time for which application threads were stopped: 0.0048413 seconds, Stopping threads took: 0.0000170 seconds
302.599: [GC (Allocation Failure)  560613K->238408K(1034240K), 0.0041688 secs]
302.604: Total time for which application threads were stopped: 0.0043308 seconds, Stopping threads took: 0.0000200 seconds
302.672: [GC (Allocation Failure)  558920K->238344K(1035264K), 0.0040228 secs]
302.676: Total time for which application threads were stopped: 0.0042272 seconds, Stopping threads took: 0.0000270 seconds
302.743: [GC (Allocation Failure)  560392K->239749K(1034752K), 0.0047390 secs]
302.748: Total time for which application threads were stopped: 0.0048998 seconds, Stopping threads took: 0.0000191 seconds
302.816: [GC (Allocation Failure)  561797K->238376K(1035776K), 0.0039475 secs]
302.820: Total time for which application threads were stopped: 0.0041214 seconds, Stopping threads took: 0.0000236 seconds
302.889: [GC (Allocation Failure)  561448K->238344K(1035264K), 0.0042010 secs]
302.893: Total time for which application threads were stopped: 0.0043654 seconds, Stopping threads took: 0.0000198 seconds
302.959: [GC (Allocation Failure)  561416K->244549K(1032192K), 0.0072695 secs]
302.967: Total time for which application threads were stopped: 0.0074367 seconds, Stopping threads took: 0.0000271 seconds
303.034: [GC (Allocation Failure)  565061K->240328K(1034240K), 0.0040723 secs]
303.038: Total time for which application threads were stopped: 0.0042638 seconds, Stopping threads took: 0.0000206 seconds
303.106: [GC (Allocation Failure)  560840K->240328K(1035264K), 0.0041462 secs]
303.111: Total time for which application threads were stopped: 0.0043254 seconds, Stopping threads took: 0.0000204 seconds
303.178: [GC (Allocation Failure)  562376K->246237K(1034752K), 0.0089364 secs]
303.187: Total time for which application threads were stopped: 0.0091066 seconds, Stopping threads took: 0.0000198 seconds
303.256: [GC (Allocation Failure)  568285K->241216K(1032704K), 0.0043472 secs]
303.260: Total time for which application threads were stopped: 0.0045110 seconds, Stopping threads took: 0.0000201 seconds
303.327: [GC (Allocation Failure)  560704K->240992K(1033728K), 0.0040014 secs]
303.331: Total time for which application threads were stopped: 0.0041989 seconds, Stopping threads took: 0.0000213 seconds
303.400: [GC (Allocation Failure)  560480K->244605K(1033216K), 0.0055157 secs]
303.405: Total time for which application threads were stopped: 0.0056830 seconds, Stopping threads took: 0.0000259 seconds
303.472: [GC (Allocation Failure)  564093K->241184K(1033728K), 0.0042265 secs]
303.476: Total time for which application threads were stopped: 0.0043876 seconds, Stopping threads took: 0.0000201 seconds
303.543: [GC (Allocation Failure)  560672K->241024K(1034240K), 0.0040026 secs]
303.547: Total time for which application threads were stopped: 0.0042354 seconds, Stopping threads took: 0.0000261 seconds
303.614: [GC (Allocation Failure)  561536K->240701K(1034240K), 0.0041862 secs]
303.618: Total time for which application threads were stopped: 0.0043570 seconds, Stopping threads took: 0.0000168 seconds
303.686: [GC (Allocation Failure)  561213K->241056K(1035264K), 0.0051476 secs]
303.692: Total time for which application threads were stopped: 0.0053181 seconds, Stopping threads took: 0.0000278 seconds
303.761: [GC (Allocation Failure)  563104K->240992K(1034752K), 0.0038662 secs]
303.765: Total time for which application threads were stopped: 0.0040629 seconds, Stopping threads took: 0.0000208 seconds
303.832: [GC (Allocation Failure)  563040K->241885K(1035776K), 0.0046661 secs]
303.837: Total time for which application threads were stopped: 0.0048286 seconds, Stopping threads took: 0.0000191 seconds
303.905: [GC (Allocation Failure)  564957K->240992K(1035264K), 0.0039579 secs]
303.909: Total time for which application threads were stopped: 0.0041306 seconds, Stopping threads took: 0.0000277 seconds
303.977: [GC (Allocation Failure)  564064K->240992K(1036288K), 0.0040447 secs]
303.981: Total time for which application threads were stopped: 0.0042071 seconds, Stopping threads took: 0.0000198 seconds
304.047: [GC (Allocation Failure)  565088K->248709K(1035776K), 0.0079081 secs]
304.055: Total time for which application threads were stopped: 0.0080779 seconds, Stopping threads took: 0.0000192 seconds
304.123: [GC (Allocation Failure)  572805K->244680K(1032704K), 0.0042050 secs]
304.127: Total time for which application threads were stopped: 0.0043669 seconds, Stopping threads took: 0.0000194 seconds
304.194: [GC (Allocation Failure)  565192K->244488K(1034240K), 0.0041821 secs]
304.199: Total time for which application threads were stopped: 0.0043406 seconds, Stopping threads took: 0.0000198 seconds
304.266: [GC (Allocation Failure)  565000K->237605K(1032704K), 0.0013501 secs]
304.267: Total time for which application threads were stopped: 0.0014866 seconds, Stopping threads took: 0.0000197 seconds
304.335: [GC (Allocation Failure)  557093K->244672K(1033728K), 0.0040424 secs]
304.339: Total time for which application threads were stopped: 0.0042167 seconds, Stopping threads took: 0.0000213 seconds
304.406: [GC (Allocation Failure)  564160K->248624K(1034752K), 0.0051356 secs]
304.411: Total time for which application threads were stopped: 0.0053121 seconds, Stopping threads took: 0.0000280 seconds
304.476: [GC (Allocation Failure)  569648K->254685K(1034240K), 0.0067056 secs]
304.483: Total time for which application threads were stopped: 0.0068948 seconds, Stopping threads took: 0.0000189 seconds
304.551: [GC (Allocation Failure)  575709K->248992K(1033216K), 0.0040845 secs]
304.556: Total time for which application threads were stopped: 0.0042484 seconds, Stopping threads took: 0.0000167 seconds
304.623: [GC (Allocation Failure)  568480K->248928K(1033728K), 0.0041418 secs]
304.627: Total time for which application threads were stopped: 0.0043122 seconds, Stopping threads took: 0.0000252 seconds
304.695: [GC (Allocation Failure)  568416K->251613K(1033216K), 0.0052928 secs]
304.701: Total time for which application threads were stopped: 0.0054406 seconds, Stopping threads took: 0.0000152 seconds
304.768: [GC (Allocation Failure)  571101K->248992K(1033728K), 0.0040376 secs]
304.773: Total time for which application threads were stopped: 0.0042164 seconds, Stopping threads took: 0.0000194 seconds
304.841: [GC (Allocation Failure)  568480K->248928K(1034752K), 0.0041428 secs]
304.845: Total time for which application threads were stopped: 0.0043065 seconds, Stopping threads took: 0.0000199 seconds
304.913: [GC (Allocation Failure)  569952K->248221K(1034240K), 0.0037661 secs]
304.917: Total time for which application threads were stopped: 0.0039447 seconds, Stopping threads took: 0.0000286 seconds
304.984: [GC (Allocation Failure)  569245K->249152K(1035264K), 0.0042975 secs]
304.989: Total time for which application threads were stopped: 0.0044920 seconds, Stopping threads took: 0.0000197 seconds
305.057: [GC (Allocation Failure)  571200K->248896K(1034752K), 0.0041434 secs]
305.062: Total time for which application threads were stopped: 0.0043097 seconds, Stopping threads took: 0.0000281 seconds
305.130: [GC (Allocation Failure)  570944K->249917K(1035776K), 0.0044931 secs]
305.135: Total time for which application threads were stopped: 0.0046552 seconds, Stopping threads took: 0.0000199 seconds
305.203: [GC (Allocation Failure)  573501K->249056K(1035776K), 0.0041108 secs]
305.207: Total time for which application threads were stopped: 0.0042744 seconds, Stopping threads took: 0.0000204 seconds
305.276: [GC (Allocation Failure)  572640K->248928K(1036288K), 0.0041605 secs]
305.280: Total time for which application threads were stopped: 0.0043316 seconds, Stopping threads took: 0.0000205 seconds
305.348: [GC (Allocation Failure)  573536K->241917K(1025536K), 0.0012734 secs]
305.349: Total time for which application threads were stopped: 0.0014032 seconds, Stopping threads took: 0.0000202 seconds
305.418: [GC (Allocation Failure)  566525K->249024K(1035776K), 0.0039171 secs]
305.422: Total time for which application threads were stopped: 0.0040944 seconds, Stopping threads took: 0.0000263 seconds
305.493: [GC (Allocation Failure)  572608K->253080K(1035776K), 0.0051578 secs]
305.498: Total time for which application threads were stopped: 0.0053185 seconds, Stopping threads took: 0.0000201 seconds
305.567: [GC (Allocation Failure)  576664K->253112K(1036800K), 0.0038632 secs]
305.571: Total time for which application threads were stopped: 0.0040305 seconds, Stopping threads took: 0.0000202 seconds
305.639: [GC (Allocation Failure)  578232K->253400K(1025024K), 0.0041194 secs]
305.643: Total time for which application threads were stopped: 0.0042865 seconds, Stopping threads took: 0.0000194 seconds
305.713: [GC (Allocation Failure)  578520K->261146K(1035776K), 0.0041874 secs]
305.717: Total time for which application threads were stopped: 0.0043580 seconds, Stopping threads took: 0.0000199 seconds
305.786: [GC (Allocation Failure)  584730K->261114K(1035776K), 0.0042112 secs]
305.790: Total time for which application threads were stopped: 0.0044020 seconds, Stopping threads took: 0.0000193 seconds
305.858: [GC (Allocation Failure)  584698K->261186K(1034240K), 0.0041676 secs]
305.862: Total time for which application threads were stopped: 0.0043272 seconds, Stopping threads took: 0.0000192 seconds
305.930: [GC (Allocation Failure)  583746K->269188K(1035264K), 0.0044817 secs]
305.935: Total time for which application threads were stopped: 0.0046640 seconds, Stopping threads took: 0.0000274 seconds
306.002: [GC (Allocation Failure)  591748K->269156K(1035264K), 0.0041517 secs]
306.006: Total time for which application threads were stopped: 0.0043248 seconds, Stopping threads took: 0.0000207 seconds
306.074: [GC (Allocation Failure)  591716K->269388K(1022464K), 0.0041956 secs]
306.078: Total time for which application threads were stopped: 0.0043782 seconds, Stopping threads took: 0.0000198 seconds
306.146: [GC (Allocation Failure)  591948K->277198K(1035264K), 0.0043712 secs]
306.151: Total time for which application threads were stopped: 0.0045412 seconds, Stopping threads took: 0.0000197 seconds
306.218: [GC (Allocation Failure)  599246K->277198K(1034752K), 0.0042480 secs]
306.223: Total time for which application threads were stopped: 0.0044244 seconds, Stopping threads took: 0.0000219 seconds
306.291: [GC (Allocation Failure)  599246K->277614K(1034240K), 0.0042582 secs]
306.295: Total time for which application threads were stopped: 0.0044220 seconds, Stopping threads took: 0.0000207 seconds
306.363: [GC (Allocation Failure)  599150K->285233K(1034752K), 0.0047850 secs]
306.368: Total time for which application threads were stopped: 0.0049639 seconds, Stopping threads took: 0.0000199 seconds
306.435: [GC (Allocation Failure)  606769K->285233K(1034752K), 0.0064417 secs]
306.441: Total time for which application threads were stopped: 0.0066067 seconds, Stopping threads took: 0.0000262 seconds
306.508: [GC (Allocation Failure)  606769K->285297K(1021440K), 0.0058579 secs]
306.514: Total time for which application threads were stopped: 0.0060408 seconds, Stopping threads took: 0.0000270 seconds
306.583: [GC (Allocation Failure)  606833K->293299K(1034240K), 0.0042756 secs]
306.587: Total time for which application threads were stopped: 0.0044501 seconds, Stopping threads took: 0.0000197 seconds
306.655: [GC (Allocation Failure)  613811K->293235K(1034240K), 0.0039967 secs]
306.659: Total time for which application threads were stopped: 0.0041796 seconds, Stopping threads took: 0.0000304 seconds
306.727: [GC (Allocation Failure)  613747K->293515K(1034240K), 0.0042776 secs]
306.731: Total time for which application threads were stopped: 0.0044396 seconds, Stopping threads took: 0.0000205 seconds
306.799: [GC (Allocation Failure)  614027K->301357K(1034240K), 0.0044781 secs]
306.803: Total time for which application threads were stopped: 0.0046413 seconds, Stopping threads took: 0.0000198 seconds
306.871: [GC (Allocation Failure)  621869K->301325K(1034240K), 0.0041333 secs]
306.875: Total time for which application threads were stopped: 0.0043112 seconds, Stopping threads took: 0.0000280 seconds
306.943: [GC (Allocation Failure)  621837K->301357K(1020416K), 0.0043143 secs]
306.947: Total time for which application threads were stopped: 0.0044815 seconds, Stopping threads took: 0.0000202 seconds
307.015: [GC (Allocation Failure)  621869K->309359K(1033728K), 0.0042367 secs]
307.019: Total time for which application threads were stopped: 0.0044056 seconds, Stopping threads took: 0.0000193 seconds
307.086: [GC (Allocation Failure)  628847K->309327K(1033728K), 0.0042323 secs]
307.090: Total time for which application threads were stopped: 0.0043913 seconds, Stopping threads took: 0.0000195 seconds
307.156: [GC (Allocation Failure)  628815K->309479K(1033728K), 0.0043134 secs]
307.160: Total time for which application threads were stopped: 0.0044777 seconds, Stopping threads took: 0.0000203 seconds
307.227: [GC (Allocation Failure)  628967K->317386K(1033728K), 0.0044553 secs]
307.231: Total time for which application threads were stopped: 0.0046338 seconds, Stopping threads took: 0.0000208 seconds
307.298: [GC (Allocation Failure)  636874K->317322K(1033728K), 0.0041798 secs]
307.302: Total time for which application threads were stopped: 0.0043579 seconds, Stopping threads took: 0.0000381 seconds
307.371: [GC (Allocation Failure)  636810K->317770K(1033728K), 0.0043232 secs]
307.375: Total time for which application threads were stopped: 0.0044878 seconds, Stopping threads took: 0.0000209 seconds
307.443: [GC (Allocation Failure)  637258K->325420K(1033728K), 0.0040848 secs]
307.447: Total time for which application threads were stopped: 0.0042595 seconds, Stopping threads took: 0.0000289 seconds
307.515: [GC (Allocation Failure)  644908K->325388K(1033728K), 0.0042972 secs]
307.520: Total time for which application threads were stopped: 0.0044590 seconds, Stopping threads took: 0.0000197 seconds
307.586: [GC (Allocation Failure)  644876K->325452K(1032704K), 0.0043207 secs]
307.591: Total time for which application threads were stopped: 0.0044919 seconds, Stopping threads took: 0.0000200 seconds
307.658: [GC (Allocation Failure)  643916K->333454K(1033216K), 0.0041644 secs]
307.663: Total time for which application threads were stopped: 0.0043292 seconds, Stopping threads took: 0.0000204 seconds
307.730: [GC (Allocation Failure)  651918K->333422K(1033216K), 0.0048949 secs]
307.735: Total time for which application threads were stopped: 0.0050472 seconds, Stopping threads took: 0.0000176 seconds
307.800: [GC (Allocation Failure)  651886K->333670K(1033216K), 0.0044061 secs]
307.804: Total time for which application threads were stopped: 0.0045711 seconds, Stopping threads took: 0.0000196 seconds
307.871: [GC (Allocation Failure)  652134K->341448K(1033216K), 0.0043731 secs]
307.876: Total time for which application threads were stopped: 0.0045392 seconds, Stopping threads took: 0.0000210 seconds
307.941: [GC (Allocation Failure)  659912K->334822K(1033216K), 0.0017892 secs]
307.943: Total time for which application threads were stopped: 0.0019277 seconds, Stopping threads took: 0.0000204 seconds
308.011: [GC (Allocation Failure)  653286K->341680K(1033728K), 0.0042707 secs]
308.016: Total time for which application threads were stopped: 0.0044670 seconds, Stopping threads took: 0.0000210 seconds
308.085: [GC (Allocation Failure)  661168K->345592K(1033728K), 0.0050152 secs]
308.090: Total time for which application threads were stopped: 0.0051773 seconds, Stopping threads took: 0.0000195 seconds
308.155: [GC (Allocation Failure)  665080K->349430K(1030656K), 0.0060415 secs]
308.161: Total time for which application threads were stopped: 0.0062236 seconds, Stopping threads took: 0.0000198 seconds
308.227: [GC (Allocation Failure)  665846K->345720K(1032192K), 0.0045383 secs]
308.232: Total time for which application threads were stopped: 0.0046975 seconds, Stopping threads took: 0.0000169 seconds
308.298: [GC (Allocation Failure)  662136K->345624K(1032704K), 0.0043975 secs]
308.302: Total time for which application threads were stopped: 0.0045998 seconds, Stopping threads took: 0.0000203 seconds
308.368: [GC (Allocation Failure)  663064K->348448K(1032704K), 0.0048291 secs]
308.373: Total time for which application threads were stopped: 0.0050011 seconds, Stopping threads took: 0.0000201 seconds
308.439: [GC (Allocation Failure)  665888K->353731K(1033216K), 0.0043629 secs]
308.444: Total time for which application threads were stopped: 0.0045264 seconds, Stopping threads took: 0.0000200 seconds
308.509: [GC (Allocation Failure)  672195K->353635K(1033216K), 0.0044793 secs]
308.514: Total time for which application threads were stopped: 0.0046529 seconds, Stopping threads took: 0.0000204 seconds
308.578: [GC (Allocation Failure)  672099K->355691K(1033728K), 0.0044429 secs]
308.583: Total time for which application threads were stopped: 0.0046221 seconds, Stopping threads took: 0.0000198 seconds
308.652: [GC (Allocation Failure)  675179K->361709K(1033728K), 0.0045958 secs]
308.657: Total time for which application threads were stopped: 0.0047719 seconds, Stopping threads took: 0.0000203 seconds
308.726: [GC (Allocation Failure)  681197K->361677K(1033728K), 0.0041328 secs]
308.730: Total time for which application threads were stopped: 0.0042834 seconds, Stopping threads took: 0.0000173 seconds
308.795: [GC (Allocation Failure)  681165K->362861K(1033728K), 0.0046424 secs]
308.800: Total time for which application threads were stopped: 0.0048105 seconds, Stopping threads took: 0.0000192 seconds
308.868: [GC (Allocation Failure)  682349K->369743K(1033728K), 0.0044741 secs]
308.872: Total time for which application threads were stopped: 0.0046598 seconds, Stopping threads took: 0.0000266 seconds
308.939: [GC (Allocation Failure)  689231K->369679K(1033728K), 0.0043605 secs]
308.944: Total time for which application threads were stopped: 0.0045213 seconds, Stopping threads took: 0.0000265 seconds
309.011: [GC (Allocation Failure)  689167K->370055K(1033216K), 0.0044167 secs]
309.015: Total time for which application threads were stopped: 0.0045803 seconds, Stopping threads took: 0.0000205 seconds
309.083: [GC (Allocation Failure)  689543K->377801K(1033728K), 0.0043468 secs]
309.088: Total time for which application threads were stopped: 0.0045101 seconds, Stopping threads took: 0.0000205 seconds
309.154: [GC (Allocation Failure)  697289K->377769K(1033728K), 0.0042858 secs]
309.159: Total time for which application threads were stopped: 0.0044787 seconds, Stopping threads took: 0.0000208 seconds
309.225: [GC (Allocation Failure)  697257K->381417K(1033728K), 0.0052169 secs]
309.231: Total time for which application threads were stopped: 0.0053736 seconds, Stopping threads took: 0.0000190 seconds
309.298: [GC (Allocation Failure)  700905K->385868K(1034240K), 0.0042362 secs]
309.303: Total time for which application threads were stopped: 0.0044208 seconds, Stopping threads took: 0.0000194 seconds
309.369: [GC (Allocation Failure)  706380K->385740K(1034240K), 0.0044932 secs]
309.374: Total time for which application threads were stopped: 0.0046508 seconds, Stopping threads took: 0.0000195 seconds
309.443: [GC (Allocation Failure)  706252K->386572K(1034240K), 0.0043313 secs]
309.447: Total time for which application threads were stopped: 0.0045032 seconds, Stopping threads took: 0.0000278 seconds
309.515: [GC (Allocation Failure)  707084K->393838K(1034240K), 0.0042890 secs]
309.519: Total time for which application threads were stopped: 0.0044536 seconds, Stopping threads took: 0.0000195 seconds
309.585: [GC (Allocation Failure)  714350K->393838K(1034240K), 0.0044194 secs]
309.590: Total time for which application threads were stopped: 0.0045828 seconds, Stopping threads took: 0.0000194 seconds
309.654: [GC (Allocation Failure)  714350K->396814K(1034240K), 0.0065360 secs]
309.661: Total time for which application threads were stopped: 0.0066838 seconds, Stopping threads took: 0.0000197 seconds
309.730: [GC (Allocation Failure)  717326K->401840K(1034240K), 0.0043568 secs]
309.734: Total time for which application threads were stopped: 0.0045286 seconds, Stopping threads took: 0.0000200 seconds
309.802: [GC (Allocation Failure)  722352K->401840K(1034240K), 0.0042995 secs]
309.806: Total time for which application threads were stopped: 0.0044785 seconds, Stopping threads took: 0.0000208 seconds
309.873: [GC (Allocation Failure)  722352K->402920K(1033728K), 0.0044234 secs]
309.877: Total time for which application threads were stopped: 0.0045944 seconds, Stopping threads took: 0.0000216 seconds
309.945: [GC (Allocation Failure)  723432K->409963K(1034240K), 0.0042544 secs]
309.949: Total time for which application threads were stopped: 0.0044265 seconds, Stopping threads took: 0.0000204 seconds
310.015: [GC (Allocation Failure)  730475K->409867K(1034240K), 0.0045213 secs]
310.020: Total time for which application threads were stopped: 0.0047168 seconds, Stopping threads took: 0.0000266 seconds
310.088: [GC (Allocation Failure)  730379K->410123K(1034240K), 0.0045396 secs]
310.093: Total time for which application threads were stopped: 0.0047042 seconds, Stopping threads took: 0.0000209 seconds
310.160: [GC (Allocation Failure)  730635K->417965K(1034240K), 0.0043902 secs]
310.165: Total time for which application threads were stopped: 0.0045703 seconds, Stopping threads took: 0.0000206 seconds
310.232: [GC (Allocation Failure)  738477K->417901K(1034240K), 0.0043117 secs]
310.237: Total time for which application threads were stopped: 0.0045094 seconds, Stopping threads took: 0.0000209 seconds
310.305: [GC (Allocation Failure)  738413K->419397K(1034240K), 0.0047195 secs]
310.310: Total time for which application threads were stopped: 0.0048890 seconds, Stopping threads took: 0.0000174 seconds
310.378: [GC (Allocation Failure)  739909K->425991K(1034240K), 0.0045289 secs]
310.383: Total time for which application threads were stopped: 0.0047205 seconds, Stopping threads took: 0.0000204 seconds
310.452: [GC (Allocation Failure)  746503K->425927K(1034240K), 0.0043682 secs]
310.457: Total time for which application threads were stopped: 0.0045521 seconds, Stopping threads took: 0.0000281 seconds
310.523: [GC (Allocation Failure)  746439K->426055K(1020416K), 0.0045618 secs]
310.528: Total time for which application threads were stopped: 0.0047249 seconds, Stopping threads took: 0.0000196 seconds
310.595: [GC (Allocation Failure)  746567K->433961K(1033728K), 0.0045933 secs]
310.600: Total time for which application threads were stopped: 0.0047540 seconds, Stopping threads took: 0.0000199 seconds
310.665: [GC (Allocation Failure)  753449K->433961K(1033728K), 0.0073876 secs]
310.672: Total time for which application threads were stopped: 0.0075536 seconds, Stopping threads took: 0.0000207 seconds
310.737: [GC (Allocation Failure)  753449K->434025K(1033728K), 0.0043640 secs]
310.742: Total time for which application threads were stopped: 0.0045131 seconds, Stopping threads took: 0.0000201 seconds
310.811: [GC (Allocation Failure)  753513K->442060K(1033728K), 0.0045265 secs]
310.816: Total time for which application threads were stopped: 0.0046848 seconds, Stopping threads took: 0.0000179 seconds
310.881: [GC (Allocation Failure)  761548K->441964K(1033728K), 0.0046463 secs]
310.886: Total time for which application threads were stopped: 0.0048593 seconds, Stopping threads took: 0.0000201 seconds
310.955: [GC (Allocation Failure)  761452K->442052K(1033728K), 0.0044523 secs]
310.959: Total time for which application threads were stopped: 0.0046125 seconds, Stopping threads took: 0.0000271 seconds
311.028: [GC (Allocation Failure)  761540K->450022K(1033728K), 0.0043735 secs]
311.033: Total time for which application threads were stopped: 0.0045233 seconds, Stopping threads took: 0.0000169 seconds
311.099: [GC (Allocation Failure)  769510K->449990K(1033728K), 0.0044770 secs]
311.103: Total time for which application threads were stopped: 0.0046392 seconds, Stopping threads took: 0.0000206 seconds
311.170: [GC (Allocation Failure)  769478K->450286K(1032704K), 0.0046116 secs]
311.175: Total time for which application threads were stopped: 0.0047727 seconds, Stopping threads took: 0.0000198 seconds
311.242: [GC (Allocation Failure)  768750K->458064K(1033216K), 0.0052958 secs]
311.247: Total time for which application threads were stopped: 0.0054579 seconds, Stopping threads took: 0.0000206 seconds
311.315: [GC (Allocation Failure)  776528K->458064K(1033216K), 0.0045376 secs]
311.319: Total time for which application threads were stopped: 0.0047311 seconds, Stopping threads took: 0.0000196 seconds
311.386: [GC (Allocation Failure)  776528K->458504K(1033216K), 0.0045521 secs]
311.390: Total time for which application threads were stopped: 0.0047036 seconds, Stopping threads took: 0.0000174 seconds
311.459: [GC (Allocation Failure)  776968K->466090K(1033216K), 0.0044788 secs]
311.464: Total time for which application threads were stopped: 0.0046505 seconds, Stopping threads took: 0.0000262 seconds
311.531: [GC (Allocation Failure)  784554K->466090K(1033216K), 0.0044730 secs]
311.536: Total time for which application threads were stopped: 0.0046462 seconds, Stopping threads took: 0.0000199 seconds
311.603: [GC (Allocation Failure)  784554K->466730K(1033216K), 0.0045731 secs]
311.608: Total time for which application threads were stopped: 0.0047993 seconds, Stopping threads took: 0.0000257 seconds
311.676: [GC (Allocation Failure)  785194K->474125K(1033216K), 0.0054091 secs]
311.681: Total time for which application threads were stopped: 0.0056206 seconds, Stopping threads took: 0.0000205 seconds
311.747: [GC (Allocation Failure)  792589K->474093K(1033216K), 0.0046460 secs]
311.752: Total time for which application threads were stopped: 0.0048155 seconds, Stopping threads took: 0.0000196 seconds
311.816: [GC (Allocation Failure)  792557K->474957K(1033216K), 0.0046122 secs]
311.821: Total time for which application threads were stopped: 0.0048108 seconds, Stopping threads took: 0.0000204 seconds
311.890: [GC (Allocation Failure)  793421K->482159K(1033216K), 0.0045514 secs]
311.895: Total time for which application threads were stopped: 0.0047426 seconds, Stopping threads took: 0.0000199 seconds
311.963: [GC (Allocation Failure)  800623K->482159K(1033216K), 0.0043962 secs]
311.968: Total time for which application threads were stopped: 0.0046031 seconds, Stopping threads took: 0.0000268 seconds
312.034: [GC (Allocation Failure)  800623K->483111K(1033728K), 0.0044861 secs]
312.039: Total time for which application threads were stopped: 0.0046343 seconds, Stopping threads took: 0.0000164 seconds
312.105: [GC (Allocation Failure)  802087K->490185K(1033216K), 0.0047833 secs]
312.109: Total time for which application threads were stopped: 0.0049695 seconds, Stopping threads took: 0.0000224 seconds
312.177: [GC (Allocation Failure)  809161K->490153K(1033216K), 0.0046141 secs]
312.182: Total time for which application threads were stopped: 0.0047739 seconds, Stopping threads took: 0.0000196 seconds
312.248: [GC (Allocation Failure)  808617K->490345K(1033216K), 0.0046006 secs]
312.253: Total time for which application threads were stopped: 0.0048080 seconds, Stopping threads took: 0.0000197 seconds
312.320: [GC (Allocation Failure)  808809K->498251K(1033216K), 0.0047362 secs]
312.325: Total time for which application threads were stopped: 0.0049305 seconds, Stopping threads took: 0.0000201 seconds
312.393: [GC (Allocation Failure)  816715K->498251K(1033216K), 0.0048412 secs]
312.398: Total time for which application threads were stopped: 0.0050023 seconds, Stopping threads took: 0.0000168 seconds
312.464: [GC (Allocation Failure)  816715K->498571K(1033216K), 0.0046735 secs]
312.469: Total time for which application threads were stopped: 0.0048618 seconds, Stopping threads took: 0.0000197 seconds
312.537: [GC (Allocation Failure)  817035K->506286K(1033216K), 0.0045673 secs]
312.541: Total time for which application threads were stopped: 0.0047253 seconds, Stopping threads took: 0.0000199 seconds
312.606: [GC (Allocation Failure)  824750K->506286K(1033216K), 0.0045942 secs]
312.611: Total time for which application threads were stopped: 0.0047357 seconds, Stopping threads took: 0.0000191 seconds
312.675: [GC (Allocation Failure)  824750K->506790K(1033216K), 0.0064965 secs]
312.681: Total time for which application threads were stopped: 0.0066890 seconds, Stopping threads took: 0.0000186 seconds
312.749: [GC (Allocation Failure)  825254K->514280K(1033216K), 0.0045966 secs]
312.754: Total time for which application threads were stopped: 0.0047798 seconds, Stopping threads took: 0.0000205 seconds
312.819: [GC (Allocation Failure)  832744K->514248K(1033216K), 0.0053316 secs]
312.825: Total time for which application threads were stopped: 0.0054991 seconds, Stopping threads took: 0.0000204 seconds
312.889: [GC (Allocation Failure)  832712K->514504K(1033216K), 0.0048317 secs]
312.894: Total time for which application threads were stopped: 0.0050208 seconds, Stopping threads took: 0.0000223 seconds
312.961: [GC (Allocation Failure)  832968K->522314K(1033216K), 0.0045991 secs]
312.965: Total time for which application threads were stopped: 0.0047671 seconds, Stopping threads took: 0.0000198 seconds
313.034: [GC (Allocation Failure)  840778K->522314K(1033216K), 0.0045781 secs]
313.038: Total time for which application threads were stopped: 0.0047435 seconds, Stopping threads took: 0.0000200 seconds
313.101: [GC (Allocation Failure)  840778K->522378K(1033216K), 0.0046038 secs]
313.105: Total time for which application threads were stopped: 0.0047533 seconds, Stopping threads took: 0.0000191 seconds
313.171: [GC (Allocation Failure)  840842K->530349K(1033216K), 0.0046798 secs]
313.175: Total time for which application threads were stopped: 0.0048366 seconds, Stopping threads took: 0.0000189 seconds
313.238: [GC (Allocation Failure)  848813K->530349K(1033216K), 0.0046120 secs]
313.243: Total time for which application threads were stopped: 0.0047681 seconds, Stopping threads took: 0.0000199 seconds
313.304: [GC (Allocation Failure)  848813K->530405K(1033216K), 0.0046686 secs]
313.309: Total time for which application threads were stopped: 0.0048009 seconds, Stopping threads took: 0.0000183 seconds
313.371: [GC (Allocation Failure)  848869K->538375K(1033216K), 0.0045032 secs]
313.376: Total time for which application threads were stopped: 0.0046364 seconds, Stopping threads took: 0.0000188 seconds
313.438: [GC (Allocation Failure)  856839K->538407K(1033216K), 0.0044795 secs]
313.443: Total time for which application threads were stopped: 0.0046110 seconds, Stopping threads took: 0.0000190 seconds
313.505: [GC (Allocation Failure)  856871K->538631K(1033216K), 0.0045981 secs]
313.510: Total time for which application threads were stopped: 0.0047354 seconds, Stopping threads took: 0.0000262 seconds
313.573: [GC (Allocation Failure)  857095K->546409K(1033216K), 0.0046960 secs]
313.578: Total time for which application threads were stopped: 0.0048290 seconds, Stopping threads took: 0.0000184 seconds
313.639: [GC (Allocation Failure)  864873K->539271K(1033216K), 0.0020841 secs]
313.641: Total time for which application threads were stopped: 0.0022218 seconds, Stopping threads took: 0.0000190 seconds
313.707: [GC (Allocation Failure)  857735K->546617K(1033216K), 0.0049704 secs]
313.712: Total time for which application threads were stopped: 0.0051187 seconds, Stopping threads took: 0.0000182 seconds
313.778: [GC (Allocation Failure)  865081K->550553K(1033216K), 0.0057734 secs]
313.784: Total time for which application threads were stopped: 0.0059297 seconds, Stopping threads took: 0.0000199 seconds
313.849: [GC (Allocation Failure)  869017K->551799K(1032192K), 0.0052890 secs]
313.854: Total time for which application threads were stopped: 0.0054426 seconds, Stopping threads took: 0.0000202 seconds
313.923: [GC (Allocation Failure)  869239K->550681K(1032704K), 0.0046914 secs]
313.928: Total time for which application threads were stopped: 0.0048541 seconds, Stopping threads took: 0.0000260 seconds
313.996: [GC (Allocation Failure)  868121K->550521K(1033216K), 0.0046148 secs]
314.000: Total time for which application threads were stopped: 0.0047876 seconds, Stopping threads took: 0.0000208 seconds
314.067: [GC (Allocation Failure)  868985K->553913K(1033216K), 0.0055205 secs]
314.072: Total time for which application threads were stopped: 0.0056929 seconds, Stopping threads took: 0.0000201 seconds
314.139: [GC (Allocation Failure)  872377K->558683K(1033728K), 0.0047084 secs]
314.143: Total time for which application threads were stopped: 0.0048982 seconds, Stopping threads took: 0.0000201 seconds
314.211: [GC (Allocation Failure)  878171K->558587K(1033728K), 0.0047514 secs]
314.216: Total time for which application threads were stopped: 0.0049185 seconds, Stopping threads took: 0.0000194 seconds
314.283: [GC (Allocation Failure)  878075K->560099K(1033728K), 0.0050262 secs]
314.288: Total time for which application threads were stopped: 0.0052016 seconds, Stopping threads took: 0.0000198 seconds
314.355: [GC (Allocation Failure)  879587K->566662K(1033728K), 0.0047849 secs]
314.360: Total time for which application threads were stopped: 0.0049468 seconds, Stopping threads took: 0.0000197 seconds
314.428: [GC (Allocation Failure)  886150K->566630K(1034240K), 0.0044658 secs]
314.433: Total time for which application threads were stopped: 0.0046387 seconds, Stopping threads took: 0.0000260 seconds
314.499: [GC (Allocation Failure)  886630K->567814K(1033728K), 0.0048303 secs]
314.504: Total time for which application threads were stopped: 0.0050032 seconds, Stopping threads took: 0.0000194 seconds
314.572: [GC (Allocation Failure)  887814K->574696K(1033728K), 0.0055905 secs]
314.578: Total time for which application threads were stopped: 0.0057643 seconds, Stopping threads took: 0.0000205 seconds
314.645: [GC (Allocation Failure)  894184K->574696K(1033728K), 0.0046536 secs]
314.650: Total time for which application threads were stopped: 0.0048547 seconds, Stopping threads took: 0.0000207 seconds
314.717: [GC (Allocation Failure)  894184K->575560K(1033216K), 0.0048409 secs]
314.722: Total time for which application threads were stopped: 0.0050233 seconds, Stopping threads took: 0.0000198 seconds
314.790: [GC (Allocation Failure)  895048K->582730K(1033728K), 0.0047940 secs]
314.795: Total time for which application threads were stopped: 0.0049670 seconds, Stopping threads took: 0.0000203 seconds
314.861: [GC (Allocation Failure)  902218K->582730K(1033728K), 0.0045503 secs]
314.865: Total time for which application threads were stopped: 0.0047645 seconds, Stopping threads took: 0.0000254 seconds
314.933: [GC (Allocation Failure)  902218K->582762K(1033728K), 0.0046577 secs]
314.938: Total time for which application threads were stopped: 0.0048129 seconds, Stopping threads took: 0.0000171 seconds
315.006: [GC (Allocation Failure)  902250K->590828K(1033728K), 0.0047802 secs]
315.011: Total time for which application threads were stopped: 0.0049593 seconds, Stopping threads took: 0.0000198 seconds
315.078: [GC (Allocation Failure)  910316K->590732K(1033728K), 0.0046007 secs]
315.082: Total time for which application threads were stopped: 0.0047621 seconds, Stopping threads took: 0.0000196 seconds
315.147: [GC (Allocation Failure)  910220K->594060K(1034240K), 0.0055995 secs]
315.153: Total time for which application threads were stopped: 0.0057577 seconds, Stopping threads took: 0.0000192 seconds
315.220: [GC (Allocation Failure)  914060K->598831K(1033728K), 0.0046880 secs]
315.225: Total time for which application threads were stopped: 0.0048583 seconds, Stopping threads took: 0.0000198 seconds
315.293: [GC (Allocation Failure)  918831K->598767K(1034240K), 0.0046994 secs]
315.297: Total time for which application threads were stopped: 0.0048624 seconds, Stopping threads took: 0.0000200 seconds
315.364: [GC (Allocation Failure)  919279K->599207K(1034240K), 0.0050075 secs]
315.369: Total time for which application threads were stopped: 0.0051793 seconds, Stopping threads took: 0.0000206 seconds
315.438: [GC (Allocation Failure)  919719K->606793K(1033216K), 0.0048561 secs]
315.443: Total time for which application threads were stopped: 0.0050219 seconds, Stopping threads took: 0.0000203 seconds
315.510: [GC (Allocation Failure)  926281K->606761K(1033728K), 0.0076558 secs]
315.517: Total time for which application threads were stopped: 0.0078330 seconds, Stopping threads took: 0.0000195 seconds
315.582: [GC (Allocation Failure)  926249K->607433K(1033216K), 0.0049237 secs]
315.587: Total time for which application threads were stopped: 0.0050642 seconds, Stopping threads took: 0.0000198 seconds
315.651: [GC (Allocation Failure)  926921K->614859K(1033728K), 0.0047374 secs]
315.656: Total time for which application threads were stopped: 0.0048920 seconds, Stopping threads took: 0.0000195 seconds
315.724: [GC (Allocation Failure)  934347K->614827K(1033728K), 0.0048531 secs]
315.729: Total time for which application threads were stopped: 0.0050188 seconds, Stopping threads took: 0.0000283 seconds
315.795: [GC (Allocation Failure)  934315K->614891K(1033728K), 0.0048484 secs]
315.800: Total time for which application threads were stopped: 0.0050160 seconds, Stopping threads took: 0.0000202 seconds
315.869: [GC (Allocation Failure)  934379K->622861K(1033728K), 0.0049142 secs]
315.874: Total time for which application threads were stopped: 0.0050797 seconds, Stopping threads took: 0.0000192 seconds
315.939: [GC (Allocation Failure)  942349K->622861K(1033728K), 0.0046773 secs]
315.944: Total time for which application threads were stopped: 0.0048224 seconds, Stopping threads took: 0.0000189 seconds
316.009: [GC (Allocation Failure)  942349K->622885K(1033728K), 0.0048132 secs]
316.014: Total time for which application threads were stopped: 0.0049731 seconds, Stopping threads took: 0.0000283 seconds
316.080: [GC (Allocation Failure)  942373K->630856K(1033728K), 0.0045916 secs]
316.085: Total time for which application threads were stopped: 0.0047199 seconds, Stopping threads took: 0.0000173 seconds
316.149: [GC (Allocation Failure)  950344K->630888K(1033728K), 0.0048452 secs]
316.154: Total time for which application threads were stopped: 0.0049824 seconds, Stopping threads took: 0.0000172 seconds
316.216: [GC (Allocation Failure)  950376K->631144K(1019392K), 0.0046324 secs]
316.221: Total time for which application threads were stopped: 0.0047560 seconds, Stopping threads took: 0.0000203 seconds
316.289: [GC (Allocation Failure)  950632K->638954K(1033216K), 0.0047057 secs]
316.293: Total time for which application threads were stopped: 0.0048563 seconds, Stopping threads took: 0.0000173 seconds
316.359: [GC (Allocation Failure)  957418K->638954K(1033216K), 0.0048383 secs]
316.364: Total time for which application threads were stopped: 0.0049821 seconds, Stopping threads took: 0.0000194 seconds
316.425: [GC (Allocation Failure)  957418K->639370K(1033216K), 0.0048970 secs]
316.430: Total time for which application threads were stopped: 0.0050422 seconds, Stopping threads took: 0.0000248 seconds
316.494: [GC (Allocation Failure)  957834K->646988K(1033216K), 0.0047074 secs]
316.499: Total time for which application threads were stopped: 0.0048683 seconds, Stopping threads took: 0.0000262 seconds
316.563: [GC (Allocation Failure)  965452K->646956K(1033216K), 0.0047868 secs]
316.567: Total time for which application threads were stopped: 0.0049259 seconds, Stopping threads took: 0.0000162 seconds
316.630: [GC (Allocation Failure)  965420K->647116K(1033216K), 0.0050204 secs]
316.635: Total time for which application threads were stopped: 0.0051522 seconds, Stopping threads took: 0.0000184 seconds
316.705: [GC (Allocation Failure)  965580K->654991K(1033216K), 0.0051171 secs]
316.710: Total time for which application threads were stopped: 0.0052771 seconds, Stopping threads took: 0.0000195 seconds
316.776: [GC (Allocation Failure)  973455K->654991K(1033216K), 0.0048647 secs]
316.781: Total time for which application threads were stopped: 0.0050644 seconds, Stopping threads took: 0.0000211 seconds
316.847: [GC (Allocation Failure)  973455K->655847K(1033216K), 0.0048441 secs]
316.852: Total time for which application threads were stopped: 0.0050382 seconds, Stopping threads took: 0.0000195 seconds
316.919: [GC (Allocation Failure)  974311K->663049K(1033216K), 0.0049204 secs]
316.924: Total time for which application threads were stopped: 0.0050817 seconds, Stopping threads took: 0.0000264 seconds
316.991: [GC (Allocation Failure)  981513K->663017K(1033216K), 0.0048096 secs]
316.996: Total time for which application threads were stopped: 0.0049742 seconds, Stopping threads took: 0.0000199 seconds
317.060: [GC (Allocation Failure)  981481K->664073K(1033216K), 0.0050839 secs]
317.065: Total time for which application threads were stopped: 0.0052420 seconds, Stopping threads took: 0.0000201 seconds
317.134: [GC (Allocation Failure)  982537K->671051K(1033216K), 0.0049701 secs]
317.139: Total time for which application threads were stopped: 0.0051362 seconds, Stopping threads took: 0.0000194 seconds
317.203: [GC (Allocation Failure)  989515K->671051K(1033216K), 0.0049311 secs]
317.208: Total time for which application threads were stopped: 0.0050955 seconds, Stopping threads took: 0.0000190 seconds
317.274: [GC (Allocation Failure)  989515K->671307K(1033216K), 0.0048908 secs]
317.279: Total time for which application threads were stopped: 0.0050366 seconds, Stopping threads took: 0.0000201 seconds
317.345: [GC (Allocation Failure)  989771K->679117K(1033216K), 0.0050479 secs]
317.350: Total time for which application threads were stopped: 0.0051950 seconds, Stopping threads took: 0.0000200 seconds
317.413: [GC (Allocation Failure)  997581K->679085K(1033216K), 0.0066247 secs]
317.419: Total time for which application threads were stopped: 0.0067873 seconds, Stopping threads took: 0.0000194 seconds
317.482: [GC (Allocation Failure)  997549K->679533K(1033216K), 0.0048597 secs]
317.487: Total time for which application threads were stopped: 0.0050290 seconds, Stopping threads took: 0.0000297 seconds
317.552: [GC (Allocation Failure)  997997K->687152K(1033216K), 0.0046681 secs]
317.556: Total time for which application threads were stopped: 0.0048039 seconds, Stopping threads took: 0.0000161 seconds
317.619: [GC (Allocation Failure)  1005616K->687152K(1033216K), 0.0047556 secs]
317.624: Total time for which application threads were stopped: 0.0049041 seconds, Stopping threads took: 0.0000198 seconds
317.685: [GC (Allocation Failure)  1005616K->687208K(1033216K), 0.0063273 secs]
317.692: [Full GC (Ergonomics)  687208K->8588K(1033216K), 0.0123070 secs]
317.704: Total time for which application threads were stopped: 0.0188400 seconds, Stopping threads took: 0.0000167 seconds
317.766: [GC (Allocation Failure)  327052K->17134K(1033216K), 0.0036013 secs]
317.770: Total time for which application threads were stopped: 0.0037327 seconds, Stopping threads took: 0.0000186 seconds
317.835: [GC (Allocation Failure)  335598K->17110K(1033216K), 0.0037928 secs]
317.839: Total time for which application threads were stopped: 0.0039276 seconds, Stopping threads took: 0.0000197 seconds
317.900: [GC (Allocation Failure)  335574K->17182K(1033216K), 0.0037041 secs]
317.904: Total time for which application threads were stopped: 0.0038383 seconds, Stopping threads took: 0.0000182 seconds
317.968: [GC (Allocation Failure)  335646K->25152K(1033216K), 0.0036966 secs]
317.972: Total time for which application threads were stopped: 0.0038396 seconds, Stopping threads took: 0.0000267 seconds
318.033: [GC (Allocation Failure)  343616K->25184K(1033216K), 0.0037515 secs]
318.037: Total time for which application threads were stopped: 0.0039004 seconds, Stopping threads took: 0.0000243 seconds
318.099: [GC (Allocation Failure)  343648K->25224K(1033216K), 0.0034787 secs]
318.102: Total time for which application threads were stopped: 0.0036046 seconds, Stopping threads took: 0.0000192 seconds
318.167: [GC (Allocation Failure)  343688K->33227K(1026048K), 0.0034961 secs]
318.171: Total time for which application threads were stopped: 0.0036141 seconds, Stopping threads took: 0.0000153 seconds
318.232: [GC (Allocation Failure)  351691K->33195K(1033216K), 0.0036206 secs]
318.236: Total time for which application threads were stopped: 0.0037682 seconds, Stopping threads took: 0.0000189 seconds
318.300: [GC (Allocation Failure)  351147K->33451K(1032704K), 0.0037794 secs]
318.304: Total time for which application threads were stopped: 0.0039115 seconds, Stopping threads took: 0.0000197 seconds
318.365: [GC (Allocation Failure)  351403K->41229K(1033216K), 0.0035643 secs]
318.369: Total time for which application threads were stopped: 0.0037000 seconds, Stopping threads took: 0.0000260 seconds
318.432: [GC (Allocation Failure)  359693K->41197K(1033216K), 0.0036435 secs]
318.436: Total time for which application threads were stopped: 0.0037756 seconds, Stopping threads took: 0.0000191 seconds
318.497: [GC (Allocation Failure)  359661K->41389K(1033216K), 0.0036128 secs]
318.501: Total time for which application threads were stopped: 0.0037496 seconds, Stopping threads took: 0.0000245 seconds
318.562: [GC (Allocation Failure)  359853K->49295K(1033216K), 0.0035516 secs]
318.566: Total time for which application threads were stopped: 0.0037081 seconds, Stopping threads took: 0.0000184 seconds
318.630: [GC (Allocation Failure)  367759K->45293K(1033728K), 0.0024887 secs]
318.633: Total time for which application threads were stopped: 0.0026132 seconds, Stopping threads took: 0.0000177 seconds
318.697: [GC (Allocation Failure)  364269K->49391K(1033216K), 0.0037696 secs]
318.701: Total time for which application threads were stopped: 0.0039002 seconds, Stopping threads took: 0.0000175 seconds
318.764: [GC (Allocation Failure)  368367K->53415K(1034240K), 0.0036718 secs]
318.768: Total time for which application threads were stopped: 0.0038115 seconds, Stopping threads took: 0.0000197 seconds
318.832: [GC (Allocation Failure)  373927K->60909K(1034240K), 0.0070725 secs]
318.839: Total time for which application threads were stopped: 0.0072104 seconds, Stopping threads took: 0.0000199 seconds
318.904: [GC (Allocation Failure)  381421K->54927K(1029120K), 0.0037283 secs]
318.908: Total time for which application threads were stopped: 0.0038733 seconds, Stopping threads took: 0.0000205 seconds
318.971: [GC (Allocation Failure)  370319K->54671K(1031680K), 0.0037440 secs]
318.975: Total time for which application threads were stopped: 0.0038943 seconds, Stopping threads took: 0.0000285 seconds
319.036: [GC (Allocation Failure)  370063K->50061K(1032704K), 0.0018838 secs]
319.038: Total time for which application threads were stopped: 0.0020298 seconds, Stopping threads took: 0.0000294 seconds
319.102: [GC (Allocation Failure)  366989K->54831K(1032192K), 0.0037143 secs]
319.106: Total time for which application threads were stopped: 0.0038851 seconds, Stopping threads took: 0.0000223 seconds
319.173: [GC (Allocation Failure)  371759K->54639K(1033216K), 0.0036406 secs]
319.177: Total time for which application threads were stopped: 0.0038176 seconds, Stopping threads took: 0.0000166 seconds
319.243: [GC (Allocation Failure)  372591K->54727K(1032704K), 0.0036528 secs]
319.247: Total time for which application threads were stopped: 0.0038101 seconds, Stopping threads took: 0.0000274 seconds
319.314: [GC (Allocation Failure)  372679K->62697K(1033216K), 0.0038862 secs]
319.318: Total time for which application threads were stopped: 0.0040501 seconds, Stopping threads took: 0.0000209 seconds
319.387: [GC (Allocation Failure)  380649K->62633K(1032704K), 0.0038501 secs]
319.391: Total time for which application threads were stopped: 0.0040446 seconds, Stopping threads took: 0.0000215 seconds
319.457: [GC (Allocation Failure)  380585K->65513K(1033728K), 0.0042114 secs]
319.461: Total time for which application threads were stopped: 0.0043715 seconds, Stopping threads took: 0.0000189 seconds
319.529: [GC (Allocation Failure)  384489K->70796K(1033216K), 0.0038024 secs]
319.533: Total time for which application threads were stopped: 0.0039477 seconds, Stopping threads took: 0.0000171 seconds
319.600: [GC (Allocation Failure)  389772K->70700K(1033728K), 0.0037638 secs]
319.604: Total time for which application threads were stopped: 0.0039492 seconds, Stopping threads took: 0.0000199 seconds
319.672: [GC (Allocation Failure)  390188K->71684K(1033728K), 0.0041139 secs]
319.676: Total time for which application threads were stopped: 0.0043096 seconds, Stopping threads took: 0.0000170 seconds
319.745: [GC (Allocation Failure)  391172K->78790K(1033728K), 0.0035390 secs]
319.749: Total time for which application threads were stopped: 0.0037297 seconds, Stopping threads took: 0.0000203 seconds
319.815: [GC (Allocation Failure)  398278K->78726K(1033728K), 0.0039220 secs]
319.819: Total time for which application threads were stopped: 0.0040907 seconds, Stopping threads took: 0.0000246 seconds
319.886: [GC (Allocation Failure)  398214K->78918K(1033728K), 0.0039591 secs]
319.890: Total time for which application threads were stopped: 0.0041333 seconds, Stopping threads took: 0.0000206 seconds
319.959: [GC (Allocation Failure)  398406K->86760K(1033728K), 0.0038519 secs]
319.963: Total time for which application threads were stopped: 0.0040157 seconds, Stopping threads took: 0.0000273 seconds
320.029: [GC (Allocation Failure)  406248K->86760K(1033728K), 0.0040522 secs]
320.033: Total time for which application threads were stopped: 0.0042173 seconds, Stopping threads took: 0.0000206 seconds
320.101: [GC (Allocation Failure)  406248K->87144K(1033728K), 0.0037725 secs]
320.104: Total time for which application threads were stopped: 0.0039367 seconds, Stopping threads took: 0.0000206 seconds
320.173: [GC (Allocation Failure)  406632K->94859K(1033728K), 0.0039407 secs]
320.177: Total time for which application threads were stopped: 0.0041303 seconds, Stopping threads took: 0.0000197 seconds
320.244: [GC (Allocation Failure)  414347K->94795K(1033728K), 0.0038567 secs]
320.248: Total time for which application threads were stopped: 0.0040152 seconds, Stopping threads took: 0.0000203 seconds
320.315: [GC (Allocation Failure)  414283K->95371K(1033728K), 0.0039204 secs]
320.319: Total time for which application threads were stopped: 0.0041001 seconds, Stopping threads took: 0.0000196 seconds
320.384: [GC (Allocation Failure)  414859K->102893K(1033728K), 0.0039704 secs]
320.388: Total time for which application threads were stopped: 0.0041572 seconds, Stopping threads took: 0.0000344 seconds
320.455: [GC (Allocation Failure)  422381K->102861K(1033728K), 0.0040566 secs]
320.459: Total time for which application threads were stopped: 0.0042184 seconds, Stopping threads took: 0.0000204 seconds
320.526: [GC (Allocation Failure)  422349K->104621K(1033728K), 0.0041520 secs]
320.530: Total time for which application threads were stopped: 0.0043119 seconds, Stopping threads took: 0.0000205 seconds
320.597: [GC (Allocation Failure)  424109K->110927K(1033728K), 0.0037701 secs]
320.601: Total time for which application threads were stopped: 0.0039321 seconds, Stopping threads took: 0.0000197 seconds
320.667: [GC (Allocation Failure)  430415K->110895K(1033728K), 0.0053927 secs]
320.672: Total time for which application threads were stopped: 0.0055620 seconds, Stopping threads took: 0.0000250 seconds
320.741: [GC (Allocation Failure)  430383K->111879K(1033728K), 0.0040522 secs]
320.745: Total time for which application threads were stopped: 0.0042296 seconds, Stopping threads took: 0.0000218 seconds
320.813: [GC (Allocation Failure)  431367K->118953K(1033728K), 0.0039734 secs]
320.817: Total time for which application threads were stopped: 0.0041447 seconds, Stopping threads took: 0.0000201 seconds
320.885: [GC (Allocation Failure)  438441K->118889K(1033728K), 0.0039928 secs]
320.889: Total time for which application threads were stopped: 0.0041697 seconds, Stopping threads took: 0.0000222 seconds
320.956: [GC (Allocation Failure)  438377K->119049K(1033728K), 0.0038639 secs]
320.960: Total time for which application threads were stopped: 0.0040343 seconds, Stopping threads took: 0.0000292 seconds
321.027: [GC (Allocation Failure)  438537K->126988K(1033728K), 0.0038203 secs]
321.031: Total time for which application threads were stopped: 0.0039909 seconds, Stopping threads took: 0.0000202 seconds
321.097: [GC (Allocation Failure)  446476K->126924K(1033728K), 0.0039026 secs]
321.101: Total time for which application threads were stopped: 0.0040753 seconds, Stopping threads took: 0.0000205 seconds
321.170: [GC (Allocation Failure)  446412K->127284K(1033728K), 0.0039201 secs]
321.174: Total time for which application threads were stopped: 0.0040889 seconds, Stopping threads took: 0.0000199 seconds
321.240: [GC (Allocation Failure)  446772K->134966K(1033728K), 0.0038947 secs]
321.244: Total time for which application threads were stopped: 0.0040683 seconds, Stopping threads took: 0.0000196 seconds
321.310: [GC (Allocation Failure)  454454K->134966K(1033728K), 0.0040931 secs]
321.315: Total time for which application threads were stopped: 0.0042749 seconds, Stopping threads took: 0.0000204 seconds
321.382: [GC (Allocation Failure)  454454K->135502K(1033728K), 0.0040590 secs]
321.386: Total time for which application threads were stopped: 0.0042336 seconds, Stopping threads took: 0.0000200 seconds
321.452: [GC (Allocation Failure)  454990K->143024K(1032704K), 0.0039777 secs]
321.456: Total time for which application threads were stopped: 0.0041354 seconds, Stopping threads took: 0.0000266 seconds
321.524: [GC (Allocation Failure)  461488K->142992K(1033216K), 0.0039551 secs]
321.528: Total time for which application threads were stopped: 0.0041160 seconds, Stopping threads took: 0.0000200 seconds
321.594: [GC (Allocation Failure)  461456K->143752K(1033728K), 0.0040452 secs]
321.598: Total time for which application threads were stopped: 0.0042075 seconds, Stopping threads took: 0.0000197 seconds
321.665: [GC (Allocation Failure)  462728K->151018K(1033216K), 0.0046080 secs]
321.670: Total time for which application threads were stopped: 0.0048046 seconds, Stopping threads took: 0.0000201 seconds
321.738: [GC (Allocation Failure)  469994K->151018K(1033728K), 0.0040561 secs]
321.743: Total time for which application threads were stopped: 0.0042384 seconds, Stopping threads took: 0.0000174 seconds
321.811: [GC (Allocation Failure)  469994K->151466K(1033216K), 0.0039187 secs]
321.815: Total time for which application threads were stopped: 0.0040702 seconds, Stopping threads took: 0.0000172 seconds
321.883: [GC (Allocation Failure)  470442K->159085K(1033216K), 0.0040258 secs]
321.887: Total time for which application threads were stopped: 0.0042079 seconds, Stopping threads took: 0.0000214 seconds
321.954: [GC (Allocation Failure)  477549K->159021K(1033216K), 0.0039112 secs]
321.958: Total time for which application threads were stopped: 0.0040789 seconds, Stopping threads took: 0.0000276 seconds
322.022: [GC (Allocation Failure)  477485K->159213K(1033216K), 0.0040688 secs]
322.027: Total time for which application threads were stopped: 0.0042331 seconds, Stopping threads took: 0.0000200 seconds
322.092: [GC (Allocation Failure)  477677K->167087K(1033216K), 0.0039392 secs]
322.096: Total time for which application threads were stopped: 0.0041112 seconds, Stopping threads took: 0.0000216 seconds
322.162: [GC (Allocation Failure)  485551K->167087K(1033216K), 0.0040159 secs]
322.166: Total time for which application threads were stopped: 0.0042402 seconds, Stopping threads took: 0.0000191 seconds
322.233: [GC (Allocation Failure)  485551K->167431K(1033216K), 0.0041757 secs]
322.237: Total time for which application threads were stopped: 0.0043584 seconds, Stopping threads took: 0.0000197 seconds
322.306: [GC (Allocation Failure)  485895K->175145K(1033216K), 0.0036781 secs]
322.310: Total time for which application threads were stopped: 0.0039221 seconds, Stopping threads took: 0.0000203 seconds
322.377: [GC (Allocation Failure)  493609K->175113K(1033216K), 0.0041097 secs]
322.381: Total time for which application threads were stopped: 0.0042593 seconds, Stopping threads took: 0.0000178 seconds
322.445: [GC (Allocation Failure)  493577K->175657K(1033216K), 0.0039274 secs]
322.449: Total time for which application threads were stopped: 0.0040823 seconds, Stopping threads took: 0.0000203 seconds
322.516: [GC (Allocation Failure)  494121K->183179K(1033216K), 0.0064832 secs]
322.522: Total time for which application threads were stopped: 0.0066344 seconds, Stopping threads took: 0.0000204 seconds
322.587: [GC (Allocation Failure)  501643K->183147K(1033216K), 0.0040520 secs]
322.592: Total time for which application threads were stopped: 0.0042303 seconds, Stopping threads took: 0.0000201 seconds
322.654: [GC (Allocation Failure)  501611K->183363K(1033216K), 0.0048575 secs]
322.659: Total time for which application threads were stopped: 0.0050156 seconds, Stopping threads took: 0.0000222 seconds
322.727: [GC (Allocation Failure)  501827K->191206K(1033216K), 0.0039261 secs]
322.731: Total time for which application threads were stopped: 0.0041223 seconds, Stopping threads took: 0.0000204 seconds
322.798: [GC (Allocation Failure)  509670K->191174K(1033216K), 0.0041522 secs]
322.802: Total time for which application threads were stopped: 0.0043089 seconds, Stopping threads took: 0.0000178 seconds
322.869: [GC (Allocation Failure)  509638K->191246K(1033216K), 0.0040075 secs]
322.873: Total time for which application threads were stopped: 0.0041684 seconds, Stopping threads took: 0.0000199 seconds
322.940: [GC (Allocation Failure)  509710K->199216K(1033216K), 0.0041200 secs]
322.944: Total time for which application threads were stopped: 0.0042899 seconds, Stopping threads took: 0.0000278 seconds
323.009: [GC (Allocation Failure)  517680K->199184K(1033216K), 0.0039077 secs]
323.013: Total time for which application threads were stopped: 0.0040776 seconds, Stopping threads took: 0.0000191 seconds
323.078: [GC (Allocation Failure)  517648K->199336K(1033216K), 0.0040872 secs]
323.082: Total time for which application threads were stopped: 0.0042605 seconds, Stopping threads took: 0.0000203 seconds
323.149: [GC (Allocation Failure)  517800K->207274K(1033216K), 0.0040042 secs]
323.153: Total time for which application threads were stopped: 0.0041697 seconds, Stopping threads took: 0.0000203 seconds
323.219: [GC (Allocation Failure)  525738K->207274K(1033216K), 0.0078613 secs]
323.227: Total time for which application threads were stopped: 0.0080515 seconds, Stopping threads took: 0.0000196 seconds
323.293: [GC (Allocation Failure)  525738K->207306K(1033216K), 0.0042202 secs]
323.297: Total time for which application threads were stopped: 0.0043897 seconds, Stopping threads took: 0.0000190 seconds
323.364: [GC (Allocation Failure)  525770K->215277K(1033216K), 0.0041428 secs]
323.368: Total time for which application threads were stopped: 0.0043129 seconds, Stopping threads took: 0.0000203 seconds
323.435: [GC (Allocation Failure)  533740K->211370K(1033728K), 0.0026202 secs]
323.438: Total time for which application threads were stopped: 0.0027843 seconds, Stopping threads took: 0.0000282 seconds
323.504: [GC (Allocation Failure)  530346K->215365K(1033216K), 0.0049991 secs]
323.509: Total time for which application threads were stopped: 0.0051700 seconds, Stopping threads took: 0.0000195 seconds
323.577: [GC (Allocation Failure)  534341K->219397K(1034240K), 0.0041555 secs]
323.582: Total time for which application threads were stopped: 0.0043230 seconds, Stopping threads took: 0.0000199 seconds
323.649: [GC (Allocation Failure)  539909K->226922K(1034240K), 0.0073553 secs]
323.656: Total time for which application threads were stopped: 0.0075170 seconds, Stopping threads took: 0.0000197 seconds
323.725: [GC (Allocation Failure)  547434K->220717K(1029120K), 0.0041287 secs]
323.729: Total time for which application threads were stopped: 0.0042958 seconds, Stopping threads took: 0.0000196 seconds
323.795: [GC (Allocation Failure)  536109K->220685K(1031680K), 0.0040716 secs]
323.799: Total time for which application threads were stopped: 0.0042312 seconds, Stopping threads took: 0.0000198 seconds
323.863: [GC (Allocation Failure)  536077K->216106K(1032704K), 0.0028328 secs]
323.866: Total time for which application threads were stopped: 0.0029854 seconds, Stopping threads took: 0.0000195 seconds
323.935: [GC (Allocation Failure)  533034K->220877K(1032192K), 0.0039037 secs]
323.939: Total time for which application threads were stopped: 0.0040685 seconds, Stopping threads took: 0.0000264 seconds
324.006: [GC (Allocation Failure)  537805K->220653K(1033216K), 0.0041254 secs]
324.010: Total time for which application threads were stopped: 0.0042887 seconds, Stopping threads took: 0.0000201 seconds
324.077: [GC (Allocation Failure)  538605K->220781K(1032704K), 0.0048509 secs]
324.082: Total time for which application threads were stopped: 0.0050166 seconds, Stopping threads took: 0.0000294 seconds
324.150: [GC (Allocation Failure)  538733K->228751K(1033216K), 0.0041928 secs]
324.154: Total time for which application threads were stopped: 0.0043571 seconds, Stopping threads took: 0.0000198 seconds
324.221: [GC (Allocation Failure)  546703K->228687K(1032704K), 0.0041719 secs]
324.225: Total time for which application threads were stopped: 0.0043337 seconds, Stopping threads took: 0.0000195 seconds
324.292: [GC (Allocation Failure)  546639K->231559K(1033728K), 0.0048966 secs]
324.297: Total time for which application threads were stopped: 0.0050755 seconds, Stopping threads took: 0.0000203 seconds
324.365: [GC (Allocation Failure)  550535K->236841K(1033216K), 0.0041700 secs]
324.370: Total time for which application threads were stopped: 0.0043527 seconds, Stopping threads took: 0.0000278 seconds
324.438: [GC (Allocation Failure)  555817K->236713K(1033728K), 0.0041149 secs]
324.442: Total time for which application threads were stopped: 0.0042920 seconds, Stopping threads took: 0.0000276 seconds
324.507: [GC (Allocation Failure)  556201K->237769K(1033728K), 0.0043021 secs]
324.511: Total time for which application threads were stopped: 0.0046075 seconds, Stopping threads took: 0.0001387 seconds
324.579: [GC (Allocation Failure)  557257K->244811K(1033728K), 0.0040955 secs]
324.583: Total time for which application threads were stopped: 0.0042545 seconds, Stopping threads took: 0.0000199 seconds
324.650: [GC (Allocation Failure)  564299K->244779K(1033728K), 0.0040533 secs]
324.654: Total time for which application threads were stopped: 0.0042424 seconds, Stopping threads took: 0.0000201 seconds
324.722: [GC (Allocation Failure)  564267K->244939K(1033728K), 0.0062045 secs]
324.728: Total time for which application threads were stopped: 0.0063645 seconds, Stopping threads took: 0.0000179 seconds
324.795: [GC (Allocation Failure)  564427K->252782K(1033728K), 0.0042193 secs]
324.799: Total time for which application threads were stopped: 0.0043894 seconds, Stopping threads took: 0.0000198 seconds
324.864: [GC (Allocation Failure)  572270K->252814K(1033728K), 0.0041290 secs]
324.869: Total time for which application threads were stopped: 0.0043244 seconds, Stopping threads took: 0.0000207 seconds
324.935: [GC (Allocation Failure)  572302K->253230K(1033728K), 0.0042196 secs]
324.940: Total time for which application threads were stopped: 0.0044142 seconds, Stopping threads took: 0.0000195 seconds
325.009: [GC (Allocation Failure)  572718K->260816K(1033728K), 0.0042041 secs]
325.014: Total time for which application threads were stopped: 0.0043796 seconds, Stopping threads took: 0.0000260 seconds
