Java HotSpot(TM) 64-Bit Server VM (25.171-b11) for linux-amd64 JRE (1.8.0_171-b11), built on Mar 28 2018 17:07:08 by "java_re" with gcc 4.3.0 20080428 (Red Hat 4.3.0-8)
Memory: 4k page, physical 32883000k(29332560k free), swap 8000508k(8000508k free)
CommandLine flags: -XX:InitialHeapSize=1073741824 -XX:MaxHeapSize=1073741824 -XX:+PrintGC -XX:+PrintGCApplicationStoppedTime -XX:+PrintGCTimeStamps -XX:+UseCompressedClassPointers -XX:+UseCompressedOops -XX:+UseParallelGC 
0.283: [GC (Allocation Failure)  262144K->10316K(1005056K), 0.0054758 secs]
0.289: Total time for which application threads were stopped: 0.0056918 seconds, Stopping threads took: 0.0000171 seconds
0.352: [GC (Allocation Failure)  272460K->8658K(1005056K), 0.0036535 secs]
0.356: Total time for which application threads were stopped: 0.0038194 seconds, Stopping threads took: 0.0000277 seconds
0.412: [GC (Allocation Failure)  270802K->8562K(1005056K), 0.0028033 secs]
0.415: Total time for which application threads were stopped: 0.0029711 seconds, Stopping threads took: 0.0000182 seconds
0.471: [GC (Allocation Failure)  270706K->8562K(1005056K), 0.0045732 secs]
0.476: Total time for which application threads were stopped: 0.0047214 seconds, Stopping threads took: 0.0000258 seconds
0.531: [GC (Allocation Failure)  270706K->8722K(1005056K), 0.0033349 secs]
0.534: Total time for which application threads were stopped: 0.0034897 seconds, Stopping threads took: 0.0000195 seconds
0.591: [GC (Allocation Failure)  270866K->8553K(1038336K), 0.0042627 secs]
0.596: Total time for which application threads were stopped: 0.0044084 seconds, Stopping threads took: 0.0000181 seconds
0.673: [GC (Allocation Failure)  336745K->8576K(1037824K), 0.0041335 secs]
0.677: Total time for which application threads were stopped: 0.0043026 seconds, Stopping threads took: 0.0000207 seconds
0.747: [GC (Allocation Failure)  336768K->8640K(1038336K), 0.0037607 secs]
0.751: Total time for which application threads were stopped: 0.0039371 seconds, Stopping threads took: 0.0000223 seconds
0.823: [GC (Allocation Failure)  337344K->8576K(1038336K), 0.0037063 secs]
0.827: Total time for which application threads were stopped: 0.0038674 seconds, Stopping threads took: 0.0000250 seconds
0.896: [GC (Allocation Failure)  337280K->10272K(1037312K), 0.0035275 secs]
0.899: Total time for which application threads were stopped: 0.0037065 seconds, Stopping threads took: 0.0000208 seconds
0.970: [GC (Allocation Failure)  337952K->8576K(1037824K), 0.0033921 secs]
0.974: Total time for which application threads were stopped: 0.0035638 seconds, Stopping threads took: 0.0000195 seconds
1.043: [GC (Allocation Failure)  336256K->8576K(1038336K), 0.0036673 secs]
1.046: Total time for which application threads were stopped: 0.0038208 seconds, Stopping threads took: 0.0000171 seconds
1.115: [GC (Allocation Failure)  336768K->10024K(1029120K), 0.0044897 secs]
1.120: Total time for which application threads were stopped: 0.0046524 seconds, Stopping threads took: 0.0000214 seconds
1.189: [GC (Allocation Failure)  338216K->16874K(1037312K), 0.0036461 secs]
1.193: Total time for which application threads were stopped: 0.0038177 seconds, Stopping threads took: 0.0000198 seconds
1.263: [GC (Allocation Failure)  343018K->16618K(1036800K), 0.0038751 secs]
1.267: Total time for which application threads were stopped: 0.0040487 seconds, Stopping threads took: 0.0000220 seconds
1.335: [GC (Allocation Failure)  342762K->22984K(1033216K), 0.0069990 secs]
1.342: Total time for which application threads were stopped: 0.0071547 seconds, Stopping threads took: 0.0000259 seconds
1.411: [GC (Allocation Failure)  345544K->19946K(1035264K), 0.0040140 secs]
1.415: Total time for which application threads were stopped: 0.0041811 seconds, Stopping threads took: 0.0000199 seconds
1.482: [GC (Allocation Failure)  342506K->19786K(1036288K), 0.0039417 secs]
1.486: Total time for which application threads were stopped: 0.0041023 seconds, Stopping threads took: 0.0000206 seconds
1.555: [GC (Allocation Failure)  343882K->15624K(1035776K), 0.0065220 secs]
1.561: Total time for which application threads were stopped: 0.0067021 seconds, Stopping threads took: 0.0000176 seconds
1.630: [GC (Allocation Failure)  339720K->19922K(1034752K), 0.0038505 secs]
1.634: Total time for which application threads were stopped: 0.0040050 seconds, Stopping threads took: 0.0000169 seconds
1.701: [GC (Allocation Failure)  342482K->23930K(1035264K), 0.0037466 secs]
1.705: Total time for which application threads were stopped: 0.0039253 seconds, Stopping threads took: 0.0000207 seconds
1.774: [GC (Allocation Failure)  346490K->23930K(1036288K), 0.0037526 secs]
1.777: Total time for which application threads were stopped: 0.0039054 seconds, Stopping threads took: 0.0000192 seconds
1.846: [GC (Allocation Failure)  348026K->24002K(1024000K), 0.0045326 secs]
1.850: Total time for which application threads were stopped: 0.0047003 seconds, Stopping threads took: 0.0000279 seconds
1.919: [GC (Allocation Failure)  348098K->31972K(1035776K), 0.0037269 secs]
1.922: Total time for which application threads were stopped: 0.0038842 seconds, Stopping threads took: 0.0000190 seconds
1.992: [GC (Allocation Failure)  355044K->31940K(1035264K), 0.0037695 secs]
1.996: Total time for which application threads were stopped: 0.0039552 seconds, Stopping threads took: 0.0000192 seconds
2.063: [GC (Allocation Failure)  355012K->32292K(1034752K), 0.0064011 secs]
2.070: Total time for which application threads were stopped: 0.0065824 seconds, Stopping threads took: 0.0000169 seconds
2.139: [GC (Allocation Failure)  354852K->40006K(1035264K), 0.0037963 secs]
2.143: Total time for which application threads were stopped: 0.0039572 seconds, Stopping threads took: 0.0000202 seconds
2.212: [GC (Allocation Failure)  362566K->40006K(1035264K), 0.0038211 secs]
2.216: Total time for which application threads were stopped: 0.0039903 seconds, Stopping threads took: 0.0000201 seconds
2.283: [GC (Allocation Failure)  362566K->40518K(1022976K), 0.0044597 secs]
2.287: Total time for which application threads were stopped: 0.0046223 seconds, Stopping threads took: 0.0000201 seconds
2.356: [GC (Allocation Failure)  363078K->48041K(1034752K), 0.0038776 secs]
2.360: Total time for which application threads were stopped: 0.0040489 seconds, Stopping threads took: 0.0000275 seconds
2.428: [GC (Allocation Failure)  369577K->48041K(1034752K), 0.0035411 secs]
2.431: Total time for which application threads were stopped: 0.0037107 seconds, Stopping threads took: 0.0000205 seconds
2.498: [GC (Allocation Failure)  369577K->48233K(1034752K), 0.0045332 secs]
2.503: Total time for which application threads were stopped: 0.0047034 seconds, Stopping threads took: 0.0000209 seconds
2.574: [GC (Allocation Failure)  369769K->56075K(1034752K), 0.0038714 secs]
2.578: Total time for which application threads were stopped: 0.0040439 seconds, Stopping threads took: 0.0000214 seconds
2.645: [GC (Allocation Failure)  377611K->56107K(1034752K), 0.0038228 secs]
2.649: Total time for which application threads were stopped: 0.0040134 seconds, Stopping threads took: 0.0000224 seconds
2.714: [GC (Allocation Failure)  377643K->56203K(1021440K), 0.0046393 secs]
2.719: Total time for which application threads were stopped: 0.0048135 seconds, Stopping threads took: 0.0000221 seconds
2.787: [GC (Allocation Failure)  377739K->64109K(1034240K), 0.0039069 secs]
2.791: Total time for which application threads were stopped: 0.0040719 seconds, Stopping threads took: 0.0000213 seconds
2.858: [GC (Allocation Failure)  384621K->64109K(1034240K), 0.0039345 secs]
2.862: Total time for which application threads were stopped: 0.0041310 seconds, Stopping threads took: 0.0000280 seconds
2.928: [GC (Allocation Failure)  384621K->64197K(1034240K), 0.0053842 secs]
2.934: Total time for which application threads were stopped: 0.0055412 seconds, Stopping threads took: 0.0000203 seconds
3.005: [GC (Allocation Failure)  384709K->72135K(1034240K), 0.0037242 secs]
3.009: Total time for which application threads were stopped: 0.0038777 seconds, Stopping threads took: 0.0000194 seconds
3.077: [GC (Allocation Failure)  392647K->72135K(1034240K), 0.0039228 secs]
3.081: Total time for which application threads were stopped: 0.0040871 seconds, Stopping threads took: 0.0000279 seconds
3.148: [GC (Allocation Failure)  392647K->72455K(1020416K), 0.0046598 secs]
3.153: Total time for which application threads were stopped: 0.0048179 seconds, Stopping threads took: 0.0000194 seconds
3.222: [GC (Allocation Failure)  392967K->80202K(1033728K), 0.0037256 secs]
3.226: Total time for which application threads were stopped: 0.0038933 seconds, Stopping threads took: 0.0000200 seconds
3.293: [GC (Allocation Failure)  399690K->80138K(1033728K), 0.0036873 secs]
3.297: Total time for which application threads were stopped: 0.0038515 seconds, Stopping threads took: 0.0000265 seconds
3.363: [GC (Allocation Failure)  399626K->80682K(1033728K), 0.0046771 secs]
3.368: Total time for which application threads were stopped: 0.0048528 seconds, Stopping threads took: 0.0000286 seconds
3.436: [GC (Allocation Failure)  400170K->88204K(1033728K), 0.0040294 secs]
3.441: Total time for which application threads were stopped: 0.0041850 seconds, Stopping threads took: 0.0000190 seconds
3.509: [GC (Allocation Failure)  407692K->88204K(1033728K), 0.0037313 secs]
3.513: Total time for which application threads were stopped: 0.0038946 seconds, Stopping threads took: 0.0000198 seconds
3.580: [GC (Allocation Failure)  407692K->88364K(1033728K), 0.0048157 secs]
3.585: Total time for which application threads were stopped: 0.0049691 seconds, Stopping threads took: 0.0000199 seconds
3.652: [GC (Allocation Failure)  407852K->96238K(1033728K), 0.0039217 secs]
3.656: Total time for which application threads were stopped: 0.0040861 seconds, Stopping threads took: 0.0000196 seconds
3.723: [GC (Allocation Failure)  415726K->96238K(1033728K), 0.0038351 secs]
3.727: Total time for which application threads were stopped: 0.0039902 seconds, Stopping threads took: 0.0000193 seconds
3.793: [GC (Allocation Failure)  415726K->96326K(1032704K), 0.0054372 secs]
3.798: Total time for which application threads were stopped: 0.0055989 seconds, Stopping threads took: 0.0000260 seconds
3.865: [GC (Allocation Failure)  414790K->104297K(1033216K), 0.0037314 secs]
3.869: Total time for which application threads were stopped: 0.0038882 seconds, Stopping threads took: 0.0000198 seconds
3.936: [GC (Allocation Failure)  422761K->100390K(1034240K), 0.0025149 secs]
3.939: Total time for which application threads were stopped: 0.0026649 seconds, Stopping threads took: 0.0000198 seconds
4.007: [GC (Allocation Failure)  419878K->104425K(1033216K), 0.0042193 secs]
4.011: Total time for which application threads were stopped: 0.0043815 seconds, Stopping threads took: 0.0000197 seconds
4.056: Total time for which application threads were stopped: 0.0001297 seconds, Stopping threads took: 0.0000593 seconds
4.079: [GC (Allocation Failure)  423913K->108393K(1034752K), 0.0036963 secs]
4.083: Total time for which application threads were stopped: 0.0038877 seconds, Stopping threads took: 0.0000204 seconds
4.152: [GC (Allocation Failure)  429929K->101606K(1034752K), 0.0012378 secs]
4.153: Total time for which application threads were stopped: 0.0013360 seconds, Stopping threads took: 0.0000167 seconds
4.222: [GC (Allocation Failure)  423142K->108489K(1034752K), 0.0039463 secs]
4.226: Total time for which application threads were stopped: 0.0041030 seconds, Stopping threads took: 0.0000198 seconds
4.296: [GC (Allocation Failure)  430025K->112537K(1034752K), 0.0048022 secs]
4.301: Total time for which application threads were stopped: 0.0049578 seconds, Stopping threads took: 0.0000197 seconds
4.366: [GC (Allocation Failure)  434073K->106966K(1034752K), 0.0017203 secs]
4.368: Total time for which application threads were stopped: 0.0018587 seconds, Stopping threads took: 0.0000198 seconds
4.435: [GC (Allocation Failure)  428502K->112809K(1034752K), 0.0064937 secs]
4.442: Total time for which application threads were stopped: 0.0066699 seconds, Stopping threads took: 0.0000229 seconds
4.509: [GC (Allocation Failure)  434345K->116681K(1035264K), 0.0043430 secs]
4.514: Total time for which application threads were stopped: 0.0045003 seconds, Stopping threads took: 0.0000203 seconds
4.582: [GC (Allocation Failure)  439169K->112774K(1035264K), 0.0025668 secs]
4.584: Total time for which application threads were stopped: 0.0027152 seconds, Stopping threads took: 0.0000200 seconds
4.652: [GC (Allocation Failure)  435334K->116841K(1036288K), 0.0042715 secs]
4.657: Total time for which application threads were stopped: 0.0044373 seconds, Stopping threads took: 0.0000200 seconds
4.724: [GC (Allocation Failure)  440937K->120809K(1035776K), 0.0038913 secs]
4.728: Total time for which application threads were stopped: 0.0040636 seconds, Stopping threads took: 0.0000198 seconds
4.796: [GC (Allocation Failure)  444905K->120809K(1035776K), 0.0035633 secs]
4.800: Total time for which application threads were stopped: 0.0037245 seconds, Stopping threads took: 0.0000274 seconds
4.869: [GC (Allocation Failure)  444393K->120873K(1023488K), 0.0046966 secs]
4.874: Total time for which application threads were stopped: 0.0048485 seconds, Stopping threads took: 0.0000170 seconds
4.941: [GC (Allocation Failure)  444457K->128843K(1035264K), 0.0040259 secs]
4.945: Total time for which application threads were stopped: 0.0042156 seconds, Stopping threads took: 0.0000194 seconds
5.014: [GC (Allocation Failure)  451403K->128843K(1030144K), 0.0037148 secs]
5.018: Total time for which application threads were stopped: 0.0038943 seconds, Stopping threads took: 0.0000173 seconds
5.088: [GC (Allocation Failure)  451403K->128907K(1034752K), 0.0046406 secs]
5.092: Total time for which application threads were stopped: 0.0047922 seconds, Stopping threads took: 0.0000278 seconds
5.160: [GC (Allocation Failure)  450443K->136909K(1034752K), 0.0040150 secs]
5.164: Total time for which application threads were stopped: 0.0041700 seconds, Stopping threads took: 0.0000171 seconds
5.233: [GC (Allocation Failure)  458445K->136877K(1033728K), 0.0037851 secs]
5.237: Total time for which application threads were stopped: 0.0039491 seconds, Stopping threads took: 0.0000265 seconds
5.304: [GC (Allocation Failure)  457389K->137125K(1034240K), 0.0046669 secs]
5.309: Total time for which application threads were stopped: 0.0048214 seconds, Stopping threads took: 0.0000264 seconds
5.377: [GC (Allocation Failure)  457637K->144935K(1034240K), 0.0039335 secs]
5.381: Total time for which application threads were stopped: 0.0040992 seconds, Stopping threads took: 0.0000210 seconds
5.449: [GC (Allocation Failure)  465447K->144903K(1034240K), 0.0040269 secs]
5.453: Total time for which application threads were stopped: 0.0042008 seconds, Stopping threads took: 0.0000203 seconds
5.521: [GC (Allocation Failure)  465415K->145343K(1033216K), 0.0068177 secs]
5.528: Total time for which application threads were stopped: 0.0069643 seconds, Stopping threads took: 0.0000199 seconds
5.597: [GC (Allocation Failure)  464831K->152962K(1033728K), 0.0041101 secs]
5.601: Total time for which application threads were stopped: 0.0042673 seconds, Stopping threads took: 0.0000200 seconds
5.669: [GC (Allocation Failure)  472450K->152930K(1033728K), 0.0041005 secs]
5.673: Total time for which application threads were stopped: 0.0042654 seconds, Stopping threads took: 0.0000195 seconds
5.739: [GC (Allocation Failure)  472418K->153098K(1033728K), 0.0049788 secs]
5.744: Total time for which application threads were stopped: 0.0051379 seconds, Stopping threads took: 0.0000200 seconds
5.814: [GC (Allocation Failure)  472586K->160972K(1033728K), 0.0038857 secs]
5.818: Total time for which application threads were stopped: 0.0040492 seconds, Stopping threads took: 0.0000268 seconds
5.885: [GC (Allocation Failure)  480460K->160972K(1033728K), 0.0038926 secs]
5.889: Total time for which application threads were stopped: 0.0040520 seconds, Stopping threads took: 0.0000213 seconds
5.958: [GC (Allocation Failure)  480460K->161036K(1033728K), 0.0047582 secs]
5.963: Total time for which application threads were stopped: 0.0049189 seconds, Stopping threads took: 0.0000205 seconds
6.029: [GC (Allocation Failure)  480524K->169006K(1027072K), 0.0041582 secs]
6.034: Total time for which application threads were stopped: 0.0043259 seconds, Stopping threads took: 0.0000202 seconds
6.100: [GC (Allocation Failure)  488494K->165100K(1034240K), 0.0027747 secs]
6.103: Total time for which application threads were stopped: 0.0029347 seconds, Stopping threads took: 0.0000199 seconds
6.171: [GC (Allocation Failure)  484588K->169166K(1033216K), 0.0043866 secs]
6.175: Total time for which application threads were stopped: 0.0045446 seconds, Stopping threads took: 0.0000210 seconds
6.242: [GC (Allocation Failure)  488654K->173134K(1034752K), 0.0040874 secs]
6.247: Total time for which application threads were stopped: 0.0042398 seconds, Stopping threads took: 0.0000199 seconds
6.315: [GC (Allocation Failure)  494670K->166348K(1034752K), 0.0013319 secs]
6.317: Total time for which application threads were stopped: 0.0014634 seconds, Stopping threads took: 0.0000256 seconds
6.385: [GC (Allocation Failure)  487884K->173198K(1034752K), 0.0040734 secs]
6.390: Total time for which application threads were stopped: 0.0042617 seconds, Stopping threads took: 0.0000229 seconds
6.457: [GC (Allocation Failure)  494734K->177310K(1034752K), 0.0050619 secs]
6.462: Total time for which application threads were stopped: 0.0052413 seconds, Stopping threads took: 0.0000203 seconds
6.529: [GC (Allocation Failure)  498846K->171740K(1034752K), 0.0019325 secs]
6.531: Total time for which application threads were stopped: 0.0020961 seconds, Stopping threads took: 0.0000204 seconds
6.601: [GC (Allocation Failure)  493276K->177550K(1034752K), 0.0041453 secs]
6.605: Total time for which application threads were stopped: 0.0043335 seconds, Stopping threads took: 0.0000194 seconds
6.673: [GC (Allocation Failure)  499086K->181414K(1034752K), 0.0044513 secs]
6.678: Total time for which application threads were stopped: 0.0046059 seconds, Stopping threads took: 0.0000170 seconds
6.745: [GC (Allocation Failure)  503902K->177508K(1035264K), 0.0025817 secs]
6.747: Total time for which application threads were stopped: 0.0027735 seconds, Stopping threads took: 0.0000258 seconds
6.817: [GC (Allocation Failure)  500068K->181574K(1036288K), 0.0044138 secs]
6.822: Total time for which application threads were stopped: 0.0045509 seconds, Stopping threads took: 0.0000166 seconds
6.890: [GC (Allocation Failure)  505670K->185542K(1035776K), 0.0039881 secs]
6.894: Total time for which application threads were stopped: 0.0041807 seconds, Stopping threads took: 0.0000196 seconds
6.964: [GC (Allocation Failure)  509638K->185542K(1035776K), 0.0039118 secs]
6.968: Total time for which application threads were stopped: 0.0040656 seconds, Stopping threads took: 0.0000172 seconds
7.036: [GC (Allocation Failure)  509126K->185606K(1023488K), 0.0047624 secs]
7.041: Total time for which application threads were stopped: 0.0049197 seconds, Stopping threads took: 0.0000202 seconds
7.108: [GC (Allocation Failure)  509190K->193576K(1035264K), 0.0041055 secs]
7.112: Total time for which application threads were stopped: 0.0042635 seconds, Stopping threads took: 0.0000197 seconds
7.180: [GC (Allocation Failure)  516136K->193608K(1030144K), 0.0037712 secs]
7.184: Total time for which application threads were stopped: 0.0039482 seconds, Stopping threads took: 0.0000198 seconds
7.251: [GC (Allocation Failure)  516168K->193608K(1034752K), 0.0058912 secs]
7.257: Total time for which application threads were stopped: 0.0060488 seconds, Stopping threads took: 0.0000211 seconds
7.328: [GC (Allocation Failure)  515144K->201643K(1029120K), 0.0043285 secs]
7.332: Total time for which application threads were stopped: 0.0045201 seconds, Stopping threads took: 0.0000272 seconds
7.400: [GC (Allocation Failure)  523179K->201643K(1034240K), 0.0037824 secs]
7.404: Total time for which application threads were stopped: 0.0039522 seconds, Stopping threads took: 0.0000205 seconds
7.470: [GC (Allocation Failure)  522155K->201867K(1034240K), 0.0048985 secs]
7.475: Total time for which application threads were stopped: 0.0050991 seconds, Stopping threads took: 0.0000205 seconds
7.543: [GC (Allocation Failure)  522379K->209645K(1034240K), 0.0045737 secs]
7.548: Total time for which application threads were stopped: 0.0047758 seconds, Stopping threads took: 0.0000202 seconds
7.616: [GC (Allocation Failure)  530157K->209645K(1034240K), 0.0039490 secs]
7.620: Total time for which application threads were stopped: 0.0041024 seconds, Stopping threads took: 0.0000202 seconds
7.689: [GC (Allocation Failure)  530157K->210093K(1033216K), 0.0047656 secs]
7.693: Total time for which application threads were stopped: 0.0049144 seconds, Stopping threads took: 0.0000168 seconds
7.761: [GC (Allocation Failure)  529581K->217679K(1033728K), 0.0041439 secs]
7.765: Total time for which application threads were stopped: 0.0043124 seconds, Stopping threads took: 0.0000206 seconds
7.833: [GC (Allocation Failure)  537167K->217679K(1033728K), 0.0038483 secs]
7.837: Total time for which application threads were stopped: 0.0040079 seconds, Stopping threads took: 0.0000201 seconds
7.902: [GC (Allocation Failure)  537167K->217767K(1033728K), 0.0055054 secs]
7.907: Total time for which application threads were stopped: 0.0056745 seconds, Stopping threads took: 0.0000205 seconds
7.979: [GC (Allocation Failure)  537255K->225705K(1033728K), 0.0040802 secs]
7.983: Total time for which application threads were stopped: 0.0042468 seconds, Stopping threads took: 0.0000197 seconds
8.050: [GC (Allocation Failure)  545193K->225737K(1033728K), 0.0040979 secs]
8.054: Total time for which application threads were stopped: 0.0042584 seconds, Stopping threads took: 0.0000204 seconds
8.121: [GC (Allocation Failure)  545225K->225729K(1033728K), 0.0079481 secs]
8.129: Total time for which application threads were stopped: 0.0081396 seconds, Stopping threads took: 0.0000309 seconds
8.198: [GC (Allocation Failure)  545217K->233732K(1027072K), 0.0041604 secs]
8.202: Total time for which application threads were stopped: 0.0043540 seconds, Stopping threads took: 0.0000272 seconds
8.268: [GC (Allocation Failure)  553219K->229857K(1034240K), 0.0031220 secs]
8.271: Total time for which application threads were stopped: 0.0032910 seconds, Stopping threads took: 0.0000214 seconds
8.339: [GC (Allocation Failure)  549345K->233868K(1033216K), 0.0044073 secs]
8.343: Total time for which application threads were stopped: 0.0046076 seconds, Stopping threads took: 0.0000287 seconds
8.413: [GC (Allocation Failure)  553356K->237836K(1034752K), 0.0041099 secs]
8.417: Total time for which application threads were stopped: 0.0042686 seconds, Stopping threads took: 0.0000170 seconds
8.484: [GC (Allocation Failure)  559372K->231049K(1034752K), 0.0015042 secs]
8.486: Total time for which application threads were stopped: 0.0016344 seconds, Stopping threads took: 0.0000201 seconds
8.554: [GC (Allocation Failure)  552585K->237940K(1034752K), 0.0038200 secs]
8.558: Total time for which application threads were stopped: 0.0039988 seconds, Stopping threads took: 0.0000161 seconds
8.625: [GC (Allocation Failure)  559476K->242020K(1034752K), 0.0051717 secs]
8.631: Total time for which application threads were stopped: 0.0053390 seconds, Stopping threads took: 0.0000198 seconds
8.697: [GC (Allocation Failure)  563556K->236481K(1034752K), 0.0019832 secs]
8.699: Total time for which application threads were stopped: 0.0021475 seconds, Stopping threads took: 0.0000290 seconds
8.766: [GC (Allocation Failure)  558017K->242316K(1034752K), 0.0042646 secs]
8.771: Total time for which application threads were stopped: 0.0044228 seconds, Stopping threads took: 0.0000202 seconds
8.838: [GC (Allocation Failure)  563852K->246188K(1035264K), 0.0045806 secs]
8.843: Total time for which application threads were stopped: 0.0047482 seconds, Stopping threads took: 0.0000283 seconds
8.911: [GC (Allocation Failure)  568676K->242249K(1035264K), 0.0028678 secs]
8.914: Total time for which application threads were stopped: 0.0030230 seconds, Stopping threads took: 0.0000204 seconds
8.982: [GC (Allocation Failure)  564809K->246316K(1036288K), 0.0043447 secs]
8.987: Total time for which application threads were stopped: 0.0045108 seconds, Stopping threads took: 0.0000191 seconds
9.054: [GC (Allocation Failure)  570412K->250284K(1035776K), 0.0041342 secs]
9.058: Total time for which application threads were stopped: 0.0042973 seconds, Stopping threads took: 0.0000201 seconds
9.127: [GC (Allocation Failure)  574380K->250284K(1035776K), 0.0040340 secs]
9.131: Total time for which application threads were stopped: 0.0041913 seconds, Stopping threads took: 0.0000203 seconds
9.200: [GC (Allocation Failure)  573868K->250340K(1023488K), 0.0050899 secs]
9.205: Total time for which application threads were stopped: 0.0052719 seconds, Stopping threads took: 0.0000166 seconds
9.273: [GC (Allocation Failure)  573924K->258342K(1035264K), 0.0043781 secs]
9.277: Total time for which application threads were stopped: 0.0045449 seconds, Stopping threads took: 0.0000198 seconds
9.345: [GC (Allocation Failure)  580902K->258310K(1030144K), 0.0039979 secs]
9.349: Total time for which application threads were stopped: 0.0041623 seconds, Stopping threads took: 0.0000277 seconds
9.416: [GC (Allocation Failure)  580870K->258374K(1034752K), 0.0050809 secs]
9.422: Total time for which application threads were stopped: 0.0052711 seconds, Stopping threads took: 0.0000198 seconds
9.490: [GC (Allocation Failure)  579910K->266344K(1029120K), 0.0041842 secs]
9.494: Total time for which application threads were stopped: 0.0043388 seconds, Stopping threads took: 0.0000172 seconds
9.563: [GC (Allocation Failure)  587880K->266344K(1034240K), 0.0039177 secs]
9.567: Total time for which application threads were stopped: 0.0040632 seconds, Stopping threads took: 0.0000170 seconds
9.634: [GC (Allocation Failure)  586856K->266600K(1034240K), 0.0049443 secs]
9.639: Total time for which application threads were stopped: 0.0050991 seconds, Stopping threads took: 0.0000193 seconds
9.706: [GC (Allocation Failure)  587112K->274378K(1034240K), 0.0042468 secs]
9.710: Total time for which application threads were stopped: 0.0044142 seconds, Stopping threads took: 0.0000192 seconds
9.778: [GC (Allocation Failure)  594890K->274346K(1034240K), 0.0042672 secs]
9.783: Total time for which application threads were stopped: 0.0044281 seconds, Stopping threads took: 0.0000199 seconds
9.852: [GC (Allocation Failure)  594858K->274826K(1034240K), 0.0050125 secs]
9.857: Total time for which application threads were stopped: 0.0051917 seconds, Stopping threads took: 0.0000280 seconds
9.926: [GC (Allocation Failure)  595338K->282445K(1028096K), 0.0040500 secs]
9.930: Total time for which application threads were stopped: 0.0042385 seconds, Stopping threads took: 0.0000188 seconds
9.996: [GC (Allocation Failure)  602957K->282381K(1033728K), 0.0042316 secs]
10.000: Total time for which application threads were stopped: 0.0043977 seconds, Stopping threads took: 0.0000190 seconds
10.067: [GC (Allocation Failure)  601869K->282565K(1033728K), 0.0050634 secs]
10.072: Total time for which application threads were stopped: 0.0052483 seconds, Stopping threads took: 0.0000285 seconds
10.141: [GC (Allocation Failure)  602053K->290471K(1033728K), 0.0072294 secs]
10.148: Total time for which application threads were stopped: 0.0074173 seconds, Stopping threads took: 0.0000285 seconds
10.217: [GC (Allocation Failure)  609959K->290439K(1033728K), 0.0041879 secs]
10.221: Total time for which application threads were stopped: 0.0043725 seconds, Stopping threads took: 0.0000210 seconds
10.289: [GC (Allocation Failure)  609927K->290503K(1033728K), 0.0051062 secs]
10.294: Total time for which application threads were stopped: 0.0052556 seconds, Stopping threads took: 0.0000178 seconds
10.360: [GC (Allocation Failure)  609991K->298505K(1027072K), 0.0041584 secs]
10.364: Total time for which application threads were stopped: 0.0043240 seconds, Stopping threads took: 0.0000207 seconds
10.430: [GC (Allocation Failure)  617993K->294567K(1034240K), 0.0031556 secs]
10.434: Total time for which application threads were stopped: 0.0033694 seconds, Stopping threads took: 0.0000276 seconds
10.504: [GC (Allocation Failure)  614055K->298633K(1033216K), 0.0045280 secs]
10.508: Total time for which application threads were stopped: 0.0046911 seconds, Stopping threads took: 0.0000216 seconds
10.578: [GC (Allocation Failure)  618121K->302633K(1034752K), 0.0042199 secs]
10.582: Total time for which application threads were stopped: 0.0043868 seconds, Stopping threads took: 0.0000207 seconds
10.649: [GC (Allocation Failure)  624169K->295815K(1034752K), 0.0016630 secs]
10.651: Total time for which application threads were stopped: 0.0017945 seconds, Stopping threads took: 0.0000196 seconds
10.718: [GC (Allocation Failure)  617351K->302665K(1034752K), 0.0040643 secs]
10.722: Total time for which application threads were stopped: 0.0042269 seconds, Stopping threads took: 0.0000201 seconds
10.790: [GC (Allocation Failure)  624201K->306769K(1034752K), 0.0054305 secs]
10.796: Total time for which application threads were stopped: 0.0056314 seconds, Stopping threads took: 0.0000218 seconds
10.863: [GC (Allocation Failure)  628305K->301199K(1034752K), 0.0021168 secs]
10.865: Total time for which application threads were stopped: 0.0022701 seconds, Stopping threads took: 0.0000276 seconds
10.935: [GC (Allocation Failure)  622735K->306977K(1034752K), 0.0043169 secs]
10.939: Total time for which application threads were stopped: 0.0044859 seconds, Stopping threads took: 0.0000286 seconds
11.007: [GC (Allocation Failure)  628513K->310849K(1034752K), 0.0045657 secs]
11.011: Total time for which application threads were stopped: 0.0047436 seconds, Stopping threads took: 0.0000285 seconds
11.080: [GC (Allocation Failure)  633338K->306975K(1035264K), 0.0031770 secs]
11.083: Total time for which application threads were stopped: 0.0033404 seconds, Stopping threads took: 0.0000197 seconds
11.151: [GC (Allocation Failure)  629535K->311049K(1036288K), 0.0045267 secs]
11.155: Total time for which application threads were stopped: 0.0046857 seconds, Stopping threads took: 0.0000196 seconds
11.224: [GC (Allocation Failure)  635145K->315017K(1035776K), 0.0042365 secs]
11.228: Total time for which application threads were stopped: 0.0044011 seconds, Stopping threads took: 0.0000189 seconds
11.297: [GC (Allocation Failure)  639113K->315017K(1035776K), 0.0042084 secs]
11.302: Total time for which application threads were stopped: 0.0043759 seconds, Stopping threads took: 0.0000198 seconds
11.370: [GC (Allocation Failure)  638601K->315081K(1023488K), 0.0049783 secs]
11.375: Total time for which application threads were stopped: 0.0051701 seconds, Stopping threads took: 0.0000254 seconds
11.441: [GC (Allocation Failure)  638665K->323084K(1035264K), 0.0045010 secs]
11.446: Total time for which application threads were stopped: 0.0046803 seconds, Stopping threads took: 0.0000218 seconds
11.515: [GC (Allocation Failure)  645644K->323084K(1030144K), 0.0040138 secs]
11.519: Total time for which application threads were stopped: 0.0041745 seconds, Stopping threads took: 0.0000195 seconds
11.588: [GC (Allocation Failure)  645644K->323116K(1034752K), 0.0051494 secs]
11.594: Total time for which application threads were stopped: 0.0053104 seconds, Stopping threads took: 0.0000204 seconds
11.661: [GC (Allocation Failure)  644652K->331118K(1029120K), 0.0045399 secs]
11.666: Total time for which application threads were stopped: 0.0047093 seconds, Stopping threads took: 0.0000204 seconds
11.734: [GC (Allocation Failure)  652654K->331086K(1034240K), 0.0042921 secs]
11.739: Total time for which application threads were stopped: 0.0044626 seconds, Stopping threads took: 0.0000204 seconds
11.807: [GC (Allocation Failure)  651598K->331334K(1034240K), 0.0052263 secs]
11.812: Total time for which application threads were stopped: 0.0053835 seconds, Stopping threads took: 0.0000197 seconds
11.880: [GC (Allocation Failure)  651846K->339112K(1034240K), 0.0040783 secs]
11.884: Total time for which application threads were stopped: 0.0042706 seconds, Stopping threads took: 0.0000190 seconds
11.953: [GC (Allocation Failure)  659624K->339112K(1034240K), 0.0044443 secs]
11.958: Total time for which application threads were stopped: 0.0045897 seconds, Stopping threads took: 0.0000166 seconds
12.025: [GC (Allocation Failure)  659624K->339560K(1033216K), 0.0050988 secs]
12.030: Total time for which application threads were stopped: 0.0052906 seconds, Stopping threads took: 0.0000223 seconds
12.099: [GC (Allocation Failure)  659048K->347146K(1033728K), 0.0042771 secs]
12.103: Total time for which application threads were stopped: 0.0044514 seconds, Stopping threads took: 0.0000222 seconds
12.171: [GC (Allocation Failure)  666634K->347146K(1033728K), 0.0042845 secs]
12.176: Total time for which application threads were stopped: 0.0044549 seconds, Stopping threads took: 0.0000198 seconds
12.241: [GC (Allocation Failure)  666634K->347306K(1033728K), 0.0050372 secs]
12.246: Total time for which application threads were stopped: 0.0052021 seconds, Stopping threads took: 0.0000211 seconds
12.314: [GC (Allocation Failure)  666794K->355213K(1033728K), 0.0041484 secs]
12.318: Total time for which application threads were stopped: 0.0043374 seconds, Stopping threads took: 0.0000213 seconds
12.386: [GC (Allocation Failure)  674701K->355181K(1033728K), 0.0049868 secs]
12.391: Total time for which application threads were stopped: 0.0051471 seconds, Stopping threads took: 0.0000201 seconds
12.459: [GC (Allocation Failure)  674669K->355237K(1033728K), 0.0052366 secs]
12.464: Total time for which application threads were stopped: 0.0053986 seconds, Stopping threads took: 0.0000204 seconds
12.531: [GC (Allocation Failure)  674725K->363239K(1027072K), 0.0105629 secs]
12.542: Total time for which application threads were stopped: 0.0107274 seconds, Stopping threads took: 0.0000196 seconds
12.608: [GC (Allocation Failure)  682726K->359301K(1034240K), 0.0032601 secs]
12.612: Total time for which application threads were stopped: 0.0034463 seconds, Stopping threads took: 0.0000197 seconds
12.680: [GC (Allocation Failure)  678789K->363335K(1033216K), 0.0047493 secs]
12.684: Total time for which application threads were stopped: 0.0049090 seconds, Stopping threads took: 0.0000202 seconds
12.753: [GC (Allocation Failure)  682823K->367335K(1034752K), 0.0043238 secs]
12.758: Total time for which application threads were stopped: 0.0044943 seconds, Stopping threads took: 0.0000205 seconds
12.825: [GC (Allocation Failure)  688871K->360517K(1034752K), 0.0018717 secs]
12.826: Total time for which application threads were stopped: 0.0020090 seconds, Stopping threads took: 0.0000255 seconds
12.895: [GC (Allocation Failure)  682053K->367407K(1034752K), 0.0042156 secs]
12.899: Total time for which application threads were stopped: 0.0043768 seconds, Stopping threads took: 0.0000201 seconds
12.965: [GC (Allocation Failure)  688943K->371519K(1034752K), 0.0054331 secs]
12.971: Total time for which application threads were stopped: 0.0056245 seconds, Stopping threads took: 0.0000201 seconds
13.038: [GC (Allocation Failure)  693055K->365981K(1034752K), 0.0023311 secs]
13.040: Total time for which application threads were stopped: 0.0024807 seconds, Stopping threads took: 0.0000198 seconds
13.107: [GC (Allocation Failure)  687517K->371791K(1034752K), 0.0044578 secs]
13.112: Total time for which application threads were stopped: 0.0046452 seconds, Stopping threads took: 0.0000265 seconds
13.179: [GC (Allocation Failure)  693327K->375631K(1035264K), 0.0046791 secs]
13.184: Total time for which application threads were stopped: 0.0048506 seconds, Stopping threads took: 0.0000219 seconds
13.250: [GC (Allocation Failure)  698119K->371725K(1035264K), 0.0030335 secs]
13.253: Total time for which application threads were stopped: 0.0031937 seconds, Stopping threads took: 0.0000212 seconds
13.322: [GC (Allocation Failure)  694285K->375783K(1036288K), 0.0047166 secs]
13.326: Total time for which application threads were stopped: 0.0049046 seconds, Stopping threads took: 0.0000268 seconds
13.396: [GC (Allocation Failure)  699879K->379751K(1035776K), 0.0041438 secs]
13.400: Total time for which application threads were stopped: 0.0043271 seconds, Stopping threads took: 0.0000176 seconds
13.470: [GC (Allocation Failure)  703847K->379751K(1035776K), 0.0042317 secs]
13.475: Total time for which application threads were stopped: 0.0044234 seconds, Stopping threads took: 0.0000198 seconds
13.545: [GC (Allocation Failure)  703335K->379815K(1023488K), 0.0058311 secs]
13.551: Total time for which application threads were stopped: 0.0059841 seconds, Stopping threads took: 0.0000271 seconds
13.618: [GC (Allocation Failure)  703399K->387817K(1035264K), 0.0044257 secs]
13.622: Total time for which application threads were stopped: 0.0045951 seconds, Stopping threads took: 0.0000280 seconds
13.691: [GC (Allocation Failure)  710377K->387785K(1030144K), 0.0043046 secs]
13.695: Total time for which application threads were stopped: 0.0044725 seconds, Stopping threads took: 0.0000203 seconds
13.763: [GC (Allocation Failure)  710345K->387849K(1034752K), 0.0052373 secs]
13.768: Total time for which application threads were stopped: 0.0054019 seconds, Stopping threads took: 0.0000202 seconds
13.836: [GC (Allocation Failure)  709385K->395819K(1029120K), 0.0048145 secs]
13.841: Total time for which application threads were stopped: 0.0049823 seconds, Stopping threads took: 0.0000199 seconds
13.910: [GC (Allocation Failure)  717355K->395819K(1034240K), 0.0041342 secs]
13.914: Total time for which application threads were stopped: 0.0043117 seconds, Stopping threads took: 0.0000208 seconds
13.983: [GC (Allocation Failure)  716331K->396075K(1034240K), 0.0053134 secs]
13.988: Total time for which application threads were stopped: 0.0054737 seconds, Stopping threads took: 0.0000199 seconds
14.056: [GC (Allocation Failure)  716587K->403854K(1034240K), 0.0043890 secs]
14.061: Total time for which application threads were stopped: 0.0045519 seconds, Stopping threads took: 0.0000201 seconds
14.129: [GC (Allocation Failure)  724366K->403822K(1034240K), 0.0069914 secs]
14.136: Total time for which application threads were stopped: 0.0071711 seconds, Stopping threads took: 0.0000202 seconds
14.204: [GC (Allocation Failure)  724334K->404294K(1034240K), 0.0054129 secs]
14.210: Total time for which application threads were stopped: 0.0055738 seconds, Stopping threads took: 0.0000200 seconds
14.278: [GC (Allocation Failure)  724806K->411880K(1028096K), 0.0044921 secs]
14.283: Total time for which application threads were stopped: 0.0046645 seconds, Stopping threads took: 0.0000197 seconds
14.349: [GC (Allocation Failure)  732392K->411880K(1033728K), 0.0046204 secs]
14.354: Total time for which application threads were stopped: 0.0048008 seconds, Stopping threads took: 0.0000203 seconds
14.418: [GC (Allocation Failure)  731368K->412040K(1033728K), 0.0052228 secs]
14.424: Total time for which application threads were stopped: 0.0053955 seconds, Stopping threads took: 0.0000196 seconds
14.493: [GC (Allocation Failure)  731528K->419946K(1033728K), 0.0044012 secs]
14.497: Total time for which application threads were stopped: 0.0045898 seconds, Stopping threads took: 0.0000202 seconds
14.567: [GC (Allocation Failure)  739434K->419914K(1033728K), 0.0045121 secs]
14.572: Total time for which application threads were stopped: 0.0046702 seconds, Stopping threads took: 0.0000196 seconds
14.639: [GC (Allocation Failure)  739402K->419978K(1033728K), 0.0052753 secs]
14.644: Total time for which application threads were stopped: 0.0054459 seconds, Stopping threads took: 0.0000208 seconds
14.710: [GC (Allocation Failure)  739466K->427980K(1027072K), 0.0046032 secs]
14.714: Total time for which application threads were stopped: 0.0047940 seconds, Stopping threads took: 0.0000204 seconds
14.781: [GC (Allocation Failure)  747468K->424042K(1034240K), 0.0033086 secs]
14.784: Total time for which application threads were stopped: 0.0034844 seconds, Stopping threads took: 0.0000171 seconds
14.854: [GC (Allocation Failure)  743530K->428108K(1033216K), 0.0048970 secs]
14.859: Total time for which application threads were stopped: 0.0050679 seconds, Stopping threads took: 0.0000200 seconds
14.926: [GC (Allocation Failure)  747596K->432076K(1034752K), 0.0044753 secs]
14.931: Total time for which application threads were stopped: 0.0046404 seconds, Stopping threads took: 0.0000194 seconds
14.998: [GC (Allocation Failure)  753612K->425322K(1034752K), 0.0017804 secs]
15.000: Total time for which application threads were stopped: 0.0019200 seconds, Stopping threads took: 0.0000206 seconds
15.067: [GC (Allocation Failure)  746858K->432172K(1034752K), 0.0044831 secs]
15.071: Total time for which application threads were stopped: 0.0046566 seconds, Stopping threads took: 0.0000202 seconds
15.139: [GC (Allocation Failure)  753708K->436212K(1034752K), 0.0055929 secs]
15.145: Total time for which application threads were stopped: 0.0057515 seconds, Stopping threads took: 0.0000198 seconds
15.211: [GC (Allocation Failure)  757748K->430674K(1034752K), 0.0023687 secs]
15.213: Total time for which application threads were stopped: 0.0025205 seconds, Stopping threads took: 0.0000200 seconds
15.281: [GC (Allocation Failure)  752210K->436484K(1034752K), 0.0045712 secs]
15.286: Total time for which application threads were stopped: 0.0047317 seconds, Stopping threads took: 0.0000201 seconds
15.354: [GC (Allocation Failure)  758020K->440364K(1034752K), 0.0049256 secs]
15.359: Total time for which application threads were stopped: 0.0050966 seconds, Stopping threads took: 0.0000288 seconds
15.426: [GC (Allocation Failure)  762853K->436458K(1035264K), 0.0032883 secs]
15.430: Total time for which application threads were stopped: 0.0034808 seconds, Stopping threads took: 0.0000251 seconds
15.498: [GC (Allocation Failure)  759018K->440524K(1036288K), 0.0047081 secs]
15.503: Total time for which application threads were stopped: 0.0048755 seconds, Stopping threads took: 0.0000201 seconds
15.572: [GC (Allocation Failure)  764620K->444492K(1035776K), 0.0043297 secs]
15.577: Total time for which application threads were stopped: 0.0044998 seconds, Stopping threads took: 0.0000205 seconds
15.646: [GC (Allocation Failure)  768588K->444492K(1035776K), 0.0044395 secs]
15.650: Total time for which application threads were stopped: 0.0046298 seconds, Stopping threads took: 0.0000194 seconds
15.718: [GC (Allocation Failure)  768076K->444556K(1023488K), 0.0051523 secs]
15.723: Total time for which application threads were stopped: 0.0053371 seconds, Stopping threads took: 0.0000231 seconds
15.790: [GC (Allocation Failure)  768140K->452527K(1035264K), 0.0046745 secs]
15.795: Total time for which application threads were stopped: 0.0048432 seconds, Stopping threads took: 0.0000203 seconds
15.864: [GC (Allocation Failure)  775087K->452527K(1030144K), 0.0042247 secs]
15.868: Total time for which application threads were stopped: 0.0043986 seconds, Stopping threads took: 0.0000268 seconds
15.936: [GC (Allocation Failure)  775087K->452591K(1034752K), 0.0054665 secs]
15.941: Total time for which application threads were stopped: 0.0056399 seconds, Stopping threads took: 0.0000201 seconds
16.010: [GC (Allocation Failure)  774127K->460561K(1034752K), 0.0047509 secs]
16.015: Total time for which application threads were stopped: 0.0049198 seconds, Stopping threads took: 0.0000207 seconds
16.083: [GC (Allocation Failure)  782097K->460561K(1033728K), 0.0041709 secs]
16.087: Total time for which application threads were stopped: 0.0043617 seconds, Stopping threads took: 0.0000204 seconds
16.155: [GC (Allocation Failure)  781073K->460809K(1034240K), 0.0053493 secs]
16.161: Total time for which application threads were stopped: 0.0055402 seconds, Stopping threads took: 0.0000191 seconds
16.230: [GC (Allocation Failure)  781321K->468587K(1034240K), 0.0044278 secs]
16.235: Total time for which application threads were stopped: 0.0045755 seconds, Stopping threads took: 0.0000165 seconds
16.303: [GC (Allocation Failure)  789099K->468587K(1034240K), 0.0046403 secs]
16.307: Total time for which application threads were stopped: 0.0048066 seconds, Stopping threads took: 0.0000199 seconds
16.375: [GC (Allocation Failure)  789099K->469035K(1034240K), 0.0054759 secs]
16.380: Total time for which application threads were stopped: 0.0056400 seconds, Stopping threads took: 0.0000203 seconds
16.448: [GC (Allocation Failure)  789547K->476622K(1028096K), 0.0046542 secs]
16.452: Total time for which application threads were stopped: 0.0048246 seconds, Stopping threads took: 0.0000202 seconds
16.519: [GC (Allocation Failure)  797134K->476654K(1033728K), 0.0043932 secs]
16.523: Total time for which application threads were stopped: 0.0045928 seconds, Stopping threads took: 0.0000256 seconds
16.591: [GC (Allocation Failure)  796142K->476774K(1033728K), 0.0055205 secs]
16.597: Total time for which application threads were stopped: 0.0056893 seconds, Stopping threads took: 0.0000202 seconds
16.665: [GC (Allocation Failure)  796262K->484648K(1033728K), 0.0047075 secs]
16.669: Total time for which application threads were stopped: 0.0048743 seconds, Stopping threads took: 0.0000201 seconds
16.737: [GC (Allocation Failure)  804136K->484648K(1033728K), 0.0045683 secs]
16.742: Total time for which application threads were stopped: 0.0047413 seconds, Stopping threads took: 0.0000205 seconds
16.810: [GC (Allocation Failure)  804136K->484712K(1033728K), 0.0052117 secs]
16.815: Total time for which application threads were stopped: 0.0053820 seconds, Stopping threads took: 0.0000192 seconds
16.881: [GC (Allocation Failure)  804200K->492682K(1027072K), 0.0044941 secs]
16.885: Total time for which application threads were stopped: 0.0046808 seconds, Stopping threads took: 0.0000198 seconds
16.951: [GC (Allocation Failure)  812170K->488776K(1034240K), 0.0037896 secs]
16.955: Total time for which application threads were stopped: 0.0039605 seconds, Stopping threads took: 0.0000194 seconds
17.024: [GC (Allocation Failure)  808264K->492842K(1033216K), 0.0047832 secs]
17.029: Total time for which application threads were stopped: 0.0049487 seconds, Stopping threads took: 0.0000175 seconds
17.097: [GC (Allocation Failure)  812330K->496810K(1034752K), 0.0046870 secs]
17.101: Total time for which application threads were stopped: 0.0048581 seconds, Stopping threads took: 0.0000208 seconds
17.168: [GC (Allocation Failure)  818346K->490024K(1034752K), 0.0020095 secs]
17.170: Total time for which application threads were stopped: 0.0021642 seconds, Stopping threads took: 0.0000205 seconds
17.239: [GC (Allocation Failure)  811560K->496842K(1034752K), 0.0047890 secs]
17.244: Total time for which application threads were stopped: 0.0049516 seconds, Stopping threads took: 0.0000206 seconds
17.309: [GC (Allocation Failure)  818378K->500986K(1034752K), 0.0055053 secs]
17.315: Total time for which application threads were stopped: 0.0056917 seconds, Stopping threads took: 0.0000265 seconds
17.381: [GC (Allocation Failure)  822522K->495384K(1034752K), 0.0025426 secs]
17.384: Total time for which application threads were stopped: 0.0027060 seconds, Stopping threads took: 0.0000206 seconds
17.451: [GC (Allocation Failure)  816920K->501218K(1034752K), 0.0048561 secs]
17.456: Total time for which application threads were stopped: 0.0050277 seconds, Stopping threads took: 0.0000203 seconds
17.525: [GC (Allocation Failure)  822754K->505090K(1034752K), 0.0050522 secs]
17.530: Total time for which application threads were stopped: 0.0052331 seconds, Stopping threads took: 0.0000204 seconds
17.598: [GC (Allocation Failure)  827578K->501184K(1035264K), 0.0034941 secs]
17.602: Total time for which application threads were stopped: 0.0036596 seconds, Stopping threads took: 0.0000206 seconds
17.670: [GC (Allocation Failure)  823744K->505258K(1036288K), 0.0049594 secs]
17.676: Total time for which application threads were stopped: 0.0051348 seconds, Stopping threads took: 0.0000213 seconds
17.743: [GC (Allocation Failure)  829354K->509226K(1035776K), 0.0045440 secs]
17.748: Total time for which application threads were stopped: 0.0047232 seconds, Stopping threads took: 0.0000172 seconds
17.817: [GC (Allocation Failure)  833322K->509258K(1035776K), 0.0045229 secs]
17.822: Total time for which application threads were stopped: 0.0047347 seconds, Stopping threads took: 0.0000261 seconds
17.890: [GC (Allocation Failure)  832842K->509290K(1023488K), 0.0053698 secs]
17.895: Total time for which application threads were stopped: 0.0055316 seconds, Stopping threads took: 0.0000201 seconds
17.962: [GC (Allocation Failure)  832874K->517260K(1035264K), 0.0046597 secs]
17.967: Total time for which application threads were stopped: 0.0048420 seconds, Stopping threads took: 0.0000208 seconds
18.035: [GC (Allocation Failure)  839820K->517260K(1030144K), 0.0045385 secs]
18.039: Total time for which application threads were stopped: 0.0047167 seconds, Stopping threads took: 0.0000205 seconds
18.107: [GC (Allocation Failure)  839820K->517316K(1034752K), 0.0056287 secs]
18.113: Total time for which application threads were stopped: 0.0057941 seconds, Stopping threads took: 0.0000204 seconds
18.181: [GC (Allocation Failure)  838852K->525287K(1034752K), 0.0047893 secs]
18.186: Total time for which application threads were stopped: 0.0049676 seconds, Stopping threads took: 0.0000199 seconds
18.254: [GC (Allocation Failure)  846823K->525287K(1033728K), 0.0043800 secs]
18.258: Total time for which application threads were stopped: 0.0045629 seconds, Stopping threads took: 0.0000171 seconds
18.325: [GC (Allocation Failure)  845799K->525543K(1034240K), 0.0054975 secs]
18.331: Total time for which application threads were stopped: 0.0056622 seconds, Stopping threads took: 0.0000195 seconds
18.398: [GC (Allocation Failure)  846055K->533321K(1034240K), 0.0064035 secs]
18.405: Total time for which application threads were stopped: 0.0065824 seconds, Stopping threads took: 0.0000191 seconds
18.473: [GC (Allocation Failure)  853833K->533353K(1034240K), 0.0045877 secs]
18.477: Total time for which application threads were stopped: 0.0047562 seconds, Stopping threads took: 0.0000193 seconds
18.545: [GC (Allocation Failure)  853865K->533761K(1033216K), 0.0062804 secs]
18.551: Total time for which application threads were stopped: 0.0064776 seconds, Stopping threads took: 0.0000178 seconds
18.618: [GC (Allocation Failure)  853249K->541347K(1033728K), 0.0047852 secs]
18.623: Total time for which application threads were stopped: 0.0049646 seconds, Stopping threads took: 0.0000202 seconds
18.693: [GC (Allocation Failure)  860835K->541347K(1033728K), 0.0047069 secs]
18.698: Total time for which application threads were stopped: 0.0048624 seconds, Stopping threads took: 0.0000195 seconds
18.763: [GC (Allocation Failure)  860835K->541515K(1033728K), 0.0056128 secs]
18.769: Total time for which application threads were stopped: 0.0057772 seconds, Stopping threads took: 0.0000202 seconds
18.837: [GC (Allocation Failure)  861003K->549421K(1033728K), 0.0045358 secs]
18.841: Total time for which application threads were stopped: 0.0047213 seconds, Stopping threads took: 0.0000272 seconds
18.909: [GC (Allocation Failure)  868909K->549389K(1033728K), 0.0045025 secs]
18.913: Total time for which application threads were stopped: 0.0047060 seconds, Stopping threads took: 0.0000265 seconds
18.982: [GC (Allocation Failure)  868877K->549445K(1033728K), 0.0055595 secs]
18.987: Total time for which application threads were stopped: 0.0057796 seconds, Stopping threads took: 0.0000340 seconds
19.056: [GC (Allocation Failure)  868933K->557416K(1027072K), 0.0047186 secs]
19.061: Total time for which application threads were stopped: 0.0048835 seconds, Stopping threads took: 0.0000193 seconds
19.126: [GC (Allocation Failure)  876903K->553541K(1034240K), 0.0037850 secs]
19.129: Total time for which application threads were stopped: 0.0039415 seconds, Stopping threads took: 0.0000200 seconds
19.197: [GC (Allocation Failure)  873029K->557576K(1033216K), 0.0050626 secs]
19.202: Total time for which application threads were stopped: 0.0052209 seconds, Stopping threads took: 0.0000199 seconds
19.270: [GC (Allocation Failure)  877064K->561544K(1034752K), 0.0047705 secs]
19.275: Total time for which application threads were stopped: 0.0049334 seconds, Stopping threads took: 0.0000194 seconds
19.342: [GC (Allocation Failure)  883080K->554757K(1034752K), 0.0021976 secs]
19.344: Total time for which application threads were stopped: 0.0023421 seconds, Stopping threads took: 0.0000198 seconds
19.414: [GC (Allocation Failure)  876293K->561608K(1034752K), 0.0045764 secs]
19.418: Total time for which application threads were stopped: 0.0047374 seconds, Stopping threads took: 0.0000202 seconds
19.484: [GC (Allocation Failure)  883144K->565720K(1034752K), 0.0057796 secs]
19.490: Total time for which application threads were stopped: 0.0059618 seconds, Stopping threads took: 0.0000205 seconds
19.558: [GC (Allocation Failure)  887256K->560149K(1034752K), 0.0027513 secs]
19.561: Total time for which application threads were stopped: 0.0029020 seconds, Stopping threads took: 0.0000170 seconds
19.628: [GC (Allocation Failure)  881685K->565968K(1034752K), 0.0047587 secs]
19.633: Total time for which application threads were stopped: 0.0049267 seconds, Stopping threads took: 0.0000199 seconds
19.699: [GC (Allocation Failure)  887504K->569840K(1034752K), 0.0052357 secs]
19.705: Total time for which application threads were stopped: 0.0054263 seconds, Stopping threads took: 0.0000201 seconds
19.773: [GC (Allocation Failure)  892328K->565933K(1035264K), 0.0037307 secs]
19.777: Total time for which application threads were stopped: 0.0038815 seconds, Stopping threads took: 0.0000176 seconds
19.845: [GC (Allocation Failure)  888493K->569992K(1036288K), 0.0049838 secs]
19.850: Total time for which application threads were stopped: 0.0051632 seconds, Stopping threads took: 0.0000265 seconds
19.919: [GC (Allocation Failure)  894088K->573992K(1035776K), 0.0047214 secs]
19.924: Total time for which application threads were stopped: 0.0048787 seconds, Stopping threads took: 0.0000166 seconds
19.993: [GC (Allocation Failure)  898088K->573960K(1035776K), 0.0046766 secs]
19.997: Total time for which application threads were stopped: 0.0048356 seconds, Stopping threads took: 0.0000201 seconds
20.066: [GC (Allocation Failure)  897544K->574024K(1023488K), 0.0055996 secs]
20.072: Total time for which application threads were stopped: 0.0057570 seconds, Stopping threads took: 0.0000191 seconds
20.140: [GC (Allocation Failure)  897608K->581994K(1035264K), 0.0070663 secs]
20.147: Total time for which application threads were stopped: 0.0072372 seconds, Stopping threads took: 0.0000190 seconds
20.216: [GC (Allocation Failure)  904554K->581994K(1030144K), 0.0044442 secs]
20.220: Total time for which application threads were stopped: 0.0046017 seconds, Stopping threads took: 0.0000171 seconds
20.287: [GC (Allocation Failure)  904554K->582058K(1034752K), 0.0054228 secs]
20.293: Total time for which application threads were stopped: 0.0055818 seconds, Stopping threads took: 0.0000199 seconds
20.360: [GC (Allocation Failure)  903594K->590028K(1034752K), 0.0050619 secs]
20.366: Total time for which application threads were stopped: 0.0052409 seconds, Stopping threads took: 0.0000200 seconds
20.433: [GC (Allocation Failure)  911564K->589996K(1033728K), 0.0046953 secs]
20.438: Total time for which application threads were stopped: 0.0048626 seconds, Stopping threads took: 0.0000205 seconds
20.505: [GC (Allocation Failure)  910508K->590284K(1034240K), 0.0056037 secs]
20.511: Total time for which application threads were stopped: 0.0057647 seconds, Stopping threads took: 0.0000203 seconds
20.579: [GC (Allocation Failure)  910796K->598094K(1034240K), 0.0047477 secs]
20.584: Total time for which application threads were stopped: 0.0048975 seconds, Stopping threads took: 0.0000172 seconds
20.652: [GC (Allocation Failure)  918606K->598062K(1034240K), 0.0067680 secs]
20.659: Total time for which application threads were stopped: 0.0069244 seconds, Stopping threads took: 0.0000196 seconds
20.726: [GC (Allocation Failure)  918574K->598478K(1033216K), 0.0063491 secs]
20.732: Total time for which application threads were stopped: 0.0065273 seconds, Stopping threads took: 0.0000200 seconds
20.800: [GC (Allocation Failure)  917966K->606129K(1033728K), 0.0049874 secs]
20.805: Total time for which application threads were stopped: 0.0051475 seconds, Stopping threads took: 0.0000204 seconds
20.872: [GC (Allocation Failure)  925617K->606097K(1033728K), 0.0048347 secs]
20.877: Total time for which application threads were stopped: 0.0050113 seconds, Stopping threads took: 0.0000282 seconds
20.942: [GC (Allocation Failure)  925585K->606249K(1033728K), 0.0055130 secs]
20.948: Total time for which application threads were stopped: 0.0056731 seconds, Stopping threads took: 0.0000201 seconds
21.015: [GC (Allocation Failure)  925737K->614123K(1033728K), 0.0048874 secs]
21.020: Total time for which application threads were stopped: 0.0050495 seconds, Stopping threads took: 0.0000205 seconds
21.087: [GC (Allocation Failure)  933611K->614123K(1033728K), 0.0048961 secs]
21.092: Total time for which application threads were stopped: 0.0050901 seconds, Stopping threads took: 0.0000253 seconds
21.160: [GC (Allocation Failure)  933611K->614187K(1033728K), 0.0057641 secs]
21.166: Total time for which application threads were stopped: 0.0059340 seconds, Stopping threads took: 0.0000204 seconds
21.233: [GC (Allocation Failure)  933675K->622157K(1027072K), 0.0047699 secs]
21.238: Total time for which application threads were stopped: 0.0049339 seconds, Stopping threads took: 0.0000204 seconds
21.303: [GC (Allocation Failure)  941645K->618251K(1034240K), 0.0064212 secs]
21.310: Total time for which application threads were stopped: 0.0065771 seconds, Stopping threads took: 0.0000200 seconds
21.378: [GC (Allocation Failure)  937739K->622317K(1033216K), 0.0053494 secs]
21.384: Total time for which application threads were stopped: 0.0055246 seconds, Stopping threads took: 0.0000287 seconds
21.451: [GC (Allocation Failure)  941805K->626285K(1034752K), 0.0046729 secs]
21.456: Total time for which application threads were stopped: 0.0048326 seconds, Stopping threads took: 0.0000199 seconds
21.524: [GC (Allocation Failure)  947821K->619499K(1034752K), 0.0021959 secs]
21.526: Total time for which application threads were stopped: 0.0023548 seconds, Stopping threads took: 0.0000202 seconds
21.594: [GC (Allocation Failure)  941035K->626349K(1034752K), 0.0047080 secs]
21.599: Total time for which application threads were stopped: 0.0048977 seconds, Stopping threads took: 0.0000215 seconds
21.665: [GC (Allocation Failure)  947885K->630461K(1034752K), 0.0060698 secs]
21.671: Total time for which application threads were stopped: 0.0062542 seconds, Stopping threads took: 0.0000216 seconds
21.736: [GC (Allocation Failure)  951997K->624923K(1034752K), 0.0028224 secs]
21.739: Total time for which application threads were stopped: 0.0030022 seconds, Stopping threads took: 0.0000363 seconds
21.806: [GC (Allocation Failure)  946459K->630701K(1034752K), 0.0050474 secs]
21.812: Total time for which application threads were stopped: 0.0052413 seconds, Stopping threads took: 0.0000206 seconds
21.881: [GC (Allocation Failure)  952237K->634541K(1034752K), 0.0054022 secs]
21.886: Total time for which application threads were stopped: 0.0055618 seconds, Stopping threads took: 0.0000176 seconds
21.955: [GC (Allocation Failure)  957030K->630667K(1035264K), 0.0035983 secs]
21.959: Total time for which application threads were stopped: 0.0037573 seconds, Stopping threads took: 0.0000200 seconds
22.028: [GC (Allocation Failure)  953227K->634733K(1036288K), 0.0052885 secs]
22.034: Total time for which application threads were stopped: 0.0054842 seconds, Stopping threads took: 0.0000202 seconds
22.101: [GC (Allocation Failure)  958829K->638701K(1035776K), 0.0048208 secs]
22.106: Total time for which application threads were stopped: 0.0049928 seconds, Stopping threads took: 0.0000200 seconds
22.175: [GC (Allocation Failure)  962797K->638669K(1035776K), 0.0048138 secs]
22.180: Total time for which application threads were stopped: 0.0049923 seconds, Stopping threads took: 0.0000200 seconds
22.249: [GC (Allocation Failure)  962253K->638765K(1023488K), 0.0056968 secs]
22.255: Total time for which application threads were stopped: 0.0058960 seconds, Stopping threads took: 0.0000194 seconds
22.321: [GC (Allocation Failure)  962349K->646768K(1035264K), 0.0049417 secs]
22.326: Total time for which application threads were stopped: 0.0050980 seconds, Stopping threads took: 0.0000191 seconds
22.393: [GC (Allocation Failure)  969328K->646768K(1030144K), 0.0048076 secs]
22.398: Total time for which application threads were stopped: 0.0049625 seconds, Stopping threads took: 0.0000195 seconds
22.466: [GC (Allocation Failure)  969328K->646768K(1034752K), 0.0076036 secs]
22.473: Total time for which application threads were stopped: 0.0077737 seconds, Stopping threads took: 0.0000200 seconds
22.541: [GC (Allocation Failure)  968304K->654770K(1034752K), 0.0059705 secs]
22.547: Total time for which application threads were stopped: 0.0062879 seconds, Stopping threads took: 0.0000279 seconds
22.615: [GC (Allocation Failure)  976306K->654738K(1033728K), 0.0055544 secs]
22.621: Total time for which application threads were stopped: 0.0057077 seconds, Stopping threads took: 0.0000192 seconds
22.689: [GC (Allocation Failure)  975250K->655018K(1034240K), 0.0055237 secs]
22.695: Total time for which application threads were stopped: 0.0057031 seconds, Stopping threads took: 0.0000273 seconds
22.763: [GC (Allocation Failure)  975530K->662828K(1034240K), 0.0055465 secs]
22.769: Total time for which application threads were stopped: 0.0057032 seconds, Stopping threads took: 0.0000195 seconds
22.837: [GC (Allocation Failure)  983340K->662828K(1034240K), 0.0049812 secs]
22.842: Total time for which application threads were stopped: 0.0051552 seconds, Stopping threads took: 0.0000270 seconds
22.909: [GC (Allocation Failure)  983340K->663244K(1033216K), 0.0057240 secs]
22.915: Total time for which application threads were stopped: 0.0058891 seconds, Stopping threads took: 0.0000195 seconds
22.983: [GC (Allocation Failure)  982732K->670862K(1033728K), 0.0048087 secs]
22.988: Total time for which application threads were stopped: 0.0049682 seconds, Stopping threads took: 0.0000193 seconds
23.056: [GC (Allocation Failure)  990350K->670830K(1033728K), 0.0057277 secs]
23.061: Total time for which application threads were stopped: 0.0059072 seconds, Stopping threads took: 0.0000205 seconds
23.126: [GC (Allocation Failure)  990318K->670990K(1033728K), 0.0073994 secs]
23.134: Total time for which application threads were stopped: 0.0075622 seconds, Stopping threads took: 0.0000205 seconds
23.202: [GC (Allocation Failure)  990478K->678865K(1033728K), 0.0047198 secs]
23.207: Total time for which application threads were stopped: 0.0049163 seconds, Stopping threads took: 0.0000206 seconds
23.274: [GC (Allocation Failure)  998353K->678865K(1033728K), 0.0050796 secs]
23.279: Total time for which application threads were stopped: 0.0052532 seconds, Stopping threads took: 0.0000208 seconds
23.347: [GC (Allocation Failure)  998353K->678921K(1033728K), 0.0056043 secs]
23.352: Total time for which application threads were stopped: 0.0057684 seconds, Stopping threads took: 0.0000201 seconds
23.419: [GC (Allocation Failure)  998409K->686923K(1027072K), 0.0064371 secs]
23.426: Total time for which application threads were stopped: 0.0066016 seconds, Stopping threads took: 0.0000196 seconds
23.491: [GC (Allocation Failure)  1006410K->683017K(1034240K), 0.0039267 secs]
23.495: Total time for which application threads were stopped: 0.0040975 seconds, Stopping threads took: 0.0000199 seconds
23.564: [GC (Allocation Failure)  1002505K->687051K(1033216K), 0.0051067 secs]
23.569: Total time for which application threads were stopped: 0.0052590 seconds, Stopping threads took: 0.0000191 seconds
23.637: [GC (Allocation Failure)  1006539K->691019K(1034752K), 0.0049124 secs]
23.642: Total time for which application threads were stopped: 0.0051058 seconds, Stopping threads took: 0.0000210 seconds
23.710: [GC (Allocation Failure)  1012555K->684233K(1034752K), 0.0022715 secs]
23.712: Total time for which application threads were stopped: 0.0024103 seconds, Stopping threads took: 0.0000169 seconds
23.781: [GC (Allocation Failure)  1005769K->691091K(1034752K), 0.0051116 secs]
23.786: Total time for which application threads were stopped: 0.0052710 seconds, Stopping threads took: 0.0000206 seconds
23.852: [GC (Allocation Failure)  1012627K->695171K(1034752K), 0.0061730 secs]
23.859: Total time for which application threads were stopped: 0.0063509 seconds, Stopping threads took: 0.0000204 seconds
23.925: [GC (Allocation Failure)  1016707K->689601K(1034752K), 0.0029656 secs]
23.928: Total time for which application threads were stopped: 0.0031288 seconds, Stopping threads took: 0.0000189 seconds
23.995: [GC (Allocation Failure)  1011137K->695443K(1034752K), 0.0051265 secs]
24.000: [Full GC (Ergonomics)  695443K->8757K(1034752K), 0.0162075 secs]
24.017: Total time for which application threads were stopped: 0.0215749 seconds, Stopping threads took: 0.0000202 seconds
24.086: [GC (Allocation Failure)  330293K->16823K(1034752K), 0.0038413 secs]
24.090: Total time for which application threads were stopped: 0.0040130 seconds, Stopping threads took: 0.0000209 seconds
24.158: [GC (Allocation Failure)  339312K->12941K(1035264K), 0.0022595 secs]
24.160: Total time for which application threads were stopped: 0.0024229 seconds, Stopping threads took: 0.0000218 seconds
24.228: [GC (Allocation Failure)  335501K->16999K(1036288K), 0.0039249 secs]
24.232: Total time for which application threads were stopped: 0.0040822 seconds, Stopping threads took: 0.0000195 seconds
24.300: [GC (Allocation Failure)  341095K->20935K(1035776K), 0.0035747 secs]
24.303: Total time for which application threads were stopped: 0.0037350 seconds, Stopping threads took: 0.0000198 seconds
24.372: [GC (Allocation Failure)  345031K->20935K(1035776K), 0.0035968 secs]
24.376: Total time for which application threads were stopped: 0.0037753 seconds, Stopping threads took: 0.0000278 seconds
24.443: [GC (Allocation Failure)  344519K->21031K(1023488K), 0.0037407 secs]
24.447: Total time for which application threads were stopped: 0.0039089 seconds, Stopping threads took: 0.0000194 seconds
24.513: [GC (Allocation Failure)  344615K->29034K(1035264K), 0.0038282 secs]
24.517: Total time for which application threads were stopped: 0.0040006 seconds, Stopping threads took: 0.0000201 seconds
24.585: [GC (Allocation Failure)  351594K->29034K(1030144K), 0.0035812 secs]
24.589: Total time for which application threads were stopped: 0.0037403 seconds, Stopping threads took: 0.0000201 seconds
24.658: [GC (Allocation Failure)  351594K->29066K(1034752K), 0.0036970 secs]
24.662: Total time for which application threads were stopped: 0.0038642 seconds, Stopping threads took: 0.0000195 seconds
24.730: [GC (Allocation Failure)  350602K->37068K(1029120K), 0.0040211 secs]
24.734: Total time for which application threads were stopped: 0.0042081 seconds, Stopping threads took: 0.0000204 seconds
24.802: [GC (Allocation Failure)  358604K->37036K(1034240K), 0.0036858 secs]
24.806: Total time for which application threads were stopped: 0.0038509 seconds, Stopping threads took: 0.0000196 seconds
24.874: [GC (Allocation Failure)  357548K->37292K(1034240K), 0.0036613 secs]
24.877: Total time for which application threads were stopped: 0.0038215 seconds, Stopping threads took: 0.0000193 seconds
24.945: [GC (Allocation Failure)  357804K->45102K(1034240K), 0.0035780 secs]
24.949: Total time for which application threads were stopped: 0.0037385 seconds, Stopping threads took: 0.0000194 seconds
25.017: [GC (Allocation Failure)  365614K->45038K(1034240K), 0.0038253 secs]
25.021: Total time for which application threads were stopped: 0.0040004 seconds, Stopping threads took: 0.0000221 seconds
25.089: [GC (Allocation Failure)  365550K->45518K(1033216K), 0.0037728 secs]
25.092: Total time for which application threads were stopped: 0.0039729 seconds, Stopping threads took: 0.0000228 seconds
25.161: [GC (Allocation Failure)  365006K->53104K(1033728K), 0.0038879 secs]
25.165: Total time for which application threads were stopped: 0.0040451 seconds, Stopping threads took: 0.0000200 seconds
25.233: [GC (Allocation Failure)  372592K->53104K(1033728K), 0.0037210 secs]
25.236: Total time for which application threads were stopped: 0.0038884 seconds, Stopping threads took: 0.0000192 seconds
25.301: [GC (Allocation Failure)  372592K->53224K(1033728K), 0.0037818 secs]
25.305: Total time for which application threads were stopped: 0.0039410 seconds, Stopping threads took: 0.0000202 seconds
25.373: [GC (Allocation Failure)  372712K->61131K(1033728K), 0.0036940 secs]
25.376: Total time for which application threads were stopped: 0.0038626 seconds, Stopping threads took: 0.0000202 seconds
25.443: [GC (Allocation Failure)  380619K->61131K(1033728K), 0.0064821 secs]
25.450: Total time for which application threads were stopped: 0.0066545 seconds, Stopping threads took: 0.0000196 seconds
25.518: [GC (Allocation Failure)  380619K->61195K(1033728K), 0.0039292 secs]
25.522: Total time for which application threads were stopped: 0.0040978 seconds, Stopping threads took: 0.0000201 seconds
25.589: [GC (Allocation Failure)  380683K->69133K(1027072K), 0.0038851 secs]
25.593: Total time for which application threads were stopped: 0.0040524 seconds, Stopping threads took: 0.0000200 seconds
25.658: [GC (Allocation Failure)  388620K->65259K(1034240K), 0.0026112 secs]
25.661: Total time for which application threads were stopped: 0.0027578 seconds, Stopping threads took: 0.0000197 seconds
25.728: [GC (Allocation Failure)  384747K->69325K(1033216K), 0.0040153 secs]
25.732: Total time for which application threads were stopped: 0.0041730 seconds, Stopping threads took: 0.0000201 seconds
25.802: [GC (Allocation Failure)  388813K->73325K(1034752K), 0.0038508 secs]
25.806: Total time for which application threads were stopped: 0.0040171 seconds, Stopping threads took: 0.0000200 seconds
25.873: [GC (Allocation Failure)  394861K->66475K(1034752K), 0.0010571 secs]
25.874: Total time for which application threads were stopped: 0.0012032 seconds, Stopping threads took: 0.0000275 seconds
25.944: [GC (Allocation Failure)  388011K->73357K(1034752K), 0.0037058 secs]
25.947: Total time for which application threads were stopped: 0.0038732 seconds, Stopping threads took: 0.0000205 seconds
26.014: [GC (Allocation Failure)  394893K->77437K(1034752K), 0.0048837 secs]
26.019: Total time for which application threads were stopped: 0.0050454 seconds, Stopping threads took: 0.0000199 seconds
26.085: [GC (Allocation Failure)  398973K->71867K(1034752K), 0.0018594 secs]
26.086: Total time for which application threads were stopped: 0.0020044 seconds, Stopping threads took: 0.0000219 seconds
26.154: [GC (Allocation Failure)  393403K->77741K(1034752K), 0.0037490 secs]
26.158: Total time for which application threads were stopped: 0.0039280 seconds, Stopping threads took: 0.0000196 seconds
26.227: [GC (Allocation Failure)  399277K->81581K(1035264K), 0.0052155 secs]
26.232: Total time for which application threads were stopped: 0.0053845 seconds, Stopping threads took: 0.0000201 seconds
26.300: [GC (Allocation Failure)  404069K->77675K(1035264K), 0.0026200 secs]
26.303: Total time for which application threads were stopped: 0.0027919 seconds, Stopping threads took: 0.0000223 seconds
26.371: [GC (Allocation Failure)  400235K->81741K(1036288K), 0.0037832 secs]
26.375: Total time for which application threads were stopped: 0.0039863 seconds, Stopping threads took: 0.0000265 seconds
26.444: [GC (Allocation Failure)  405837K->85677K(1035776K), 0.0043621 secs]
26.448: Total time for which application threads were stopped: 0.0045364 seconds, Stopping threads took: 0.0000198 seconds
26.519: [GC (Allocation Failure)  409773K->85709K(1035776K), 0.0036896 secs]
26.523: Total time for which application threads were stopped: 0.0038604 seconds, Stopping threads took: 0.0000214 seconds
26.592: [GC (Allocation Failure)  409293K->85773K(1023488K), 0.0037561 secs]
26.596: Total time for which application threads were stopped: 0.0039041 seconds, Stopping threads took: 0.0000171 seconds
26.662: [GC (Allocation Failure)  409357K->93775K(1035264K), 0.0039268 secs]
26.666: Total time for which application threads were stopped: 0.0041014 seconds, Stopping threads took: 0.0000171 seconds
26.735: [GC (Allocation Failure)  416335K->93743K(1030144K), 0.0037981 secs]
26.739: Total time for which application threads were stopped: 0.0039693 seconds, Stopping threads took: 0.0000210 seconds
26.806: [GC (Allocation Failure)  416303K->93799K(1034752K), 0.0037929 secs]
26.810: Total time for which application threads were stopped: 0.0039639 seconds, Stopping threads took: 0.0000208 seconds
26.879: [GC (Allocation Failure)  415335K->101769K(1034752K), 0.0039370 secs]
26.883: Total time for which application threads were stopped: 0.0041084 seconds, Stopping threads took: 0.0000269 seconds
26.951: [GC (Allocation Failure)  423305K->101769K(1033728K), 0.0042724 secs]
26.956: Total time for which application threads were stopped: 0.0044358 seconds, Stopping threads took: 0.0000194 seconds
27.023: [GC (Allocation Failure)  422281K->102025K(1034240K), 0.0039092 secs]
27.027: Total time for which application threads were stopped: 0.0041069 seconds, Stopping threads took: 0.0000211 seconds
27.096: [GC (Allocation Failure)  422537K->109836K(1034240K), 0.0036747 secs]
27.100: Total time for which application threads were stopped: 0.0038415 seconds, Stopping threads took: 0.0000189 seconds
27.168: [GC (Allocation Failure)  430348K->109804K(1034240K), 0.0039363 secs]
27.172: Total time for which application threads were stopped: 0.0041075 seconds, Stopping threads took: 0.0000201 seconds
27.238: [GC (Allocation Failure)  430316K->110244K(1033216K), 0.0041579 secs]
27.243: Total time for which application threads were stopped: 0.0043260 seconds, Stopping threads took: 0.0000200 seconds
27.310: [GC (Allocation Failure)  429732K->117830K(1033728K), 0.0039535 secs]
27.314: Total time for which application threads were stopped: 0.0041327 seconds, Stopping threads took: 0.0000213 seconds
27.384: [GC (Allocation Failure)  437318K->117862K(1033728K), 0.0036955 secs]
27.388: Total time for which application threads were stopped: 0.0038605 seconds, Stopping threads took: 0.0000197 seconds
27.453: [GC (Allocation Failure)  437350K->117950K(1033728K), 0.0039936 secs]
27.457: Total time for which application threads were stopped: 0.0041616 seconds, Stopping threads took: 0.0000206 seconds
27.525: [GC (Allocation Failure)  437438K->125824K(1033728K), 0.0038752 secs]
27.529: Total time for which application threads were stopped: 0.0040355 seconds, Stopping threads took: 0.0000203 seconds
27.597: [GC (Allocation Failure)  445312K->125856K(1033728K), 0.0038112 secs]
27.601: Total time for which application threads were stopped: 0.0039748 seconds, Stopping threads took: 0.0000199 seconds
27.668: [GC (Allocation Failure)  445344K->125928K(1033728K), 0.0037956 secs]
27.672: Total time for which application threads were stopped: 0.0039664 seconds, Stopping threads took: 0.0000204 seconds
27.739: [GC (Allocation Failure)  445416K->133899K(1027072K), 0.0040281 secs]
27.743: Total time for which application threads were stopped: 0.0041899 seconds, Stopping threads took: 0.0000207 seconds
27.809: [GC (Allocation Failure)  453386K->129992K(1034240K), 0.0028369 secs]
27.812: Total time for which application threads were stopped: 0.0029846 seconds, Stopping threads took: 0.0000193 seconds
27.881: [GC (Allocation Failure)  449480K->134059K(1033216K), 0.0038597 secs]
27.885: Total time for which application threads were stopped: 0.0040379 seconds, Stopping threads took: 0.0000202 seconds
27.953: [GC (Allocation Failure)  453547K->137995K(1034752K), 0.0038904 secs]
27.957: Total time for which application threads were stopped: 0.0040512 seconds, Stopping threads took: 0.0000209 seconds
28.024: [GC (Allocation Failure)  459531K->131240K(1034752K), 0.0012446 secs]
28.025: Total time for which application threads were stopped: 0.0013853 seconds, Stopping threads took: 0.0000214 seconds
28.094: [GC (Allocation Failure)  452776K->138067K(1034752K), 0.0038592 secs]
28.098: Total time for which application threads were stopped: 0.0040249 seconds, Stopping threads took: 0.0000209 seconds
28.164: [GC (Allocation Failure)  459603K->142211K(1034752K), 0.0049019 secs]
28.169: Total time for which application threads were stopped: 0.0050631 seconds, Stopping threads took: 0.0000200 seconds
28.235: [GC (Allocation Failure)  463747K->136640K(1034752K), 0.0018221 secs]
28.237: Total time for which application threads were stopped: 0.0019638 seconds, Stopping threads took: 0.0000199 seconds
28.304: [GC (Allocation Failure)  458176K->142483K(1034752K), 0.0039544 secs]
28.309: Total time for which application threads were stopped: 0.0041506 seconds, Stopping threads took: 0.0000205 seconds
28.378: [GC (Allocation Failure)  464019K->146323K(1034752K), 0.0043076 secs]
28.383: Total time for which application threads were stopped: 0.0044832 seconds, Stopping threads took: 0.0000283 seconds
28.449: [GC (Allocation Failure)  468811K->142448K(1035264K), 0.0026305 secs]
28.452: Total time for which application threads were stopped: 0.0027914 seconds, Stopping threads took: 0.0000191 seconds
28.520: [GC (Allocation Failure)  465008K->146475K(1036288K), 0.0040670 secs]
28.524: Total time for which application threads were stopped: 0.0042254 seconds, Stopping threads took: 0.0000189 seconds
28.592: [GC (Allocation Failure)  470571K->150443K(1035776K), 0.0039401 secs]
28.596: Total time for which application threads were stopped: 0.0040996 seconds, Stopping threads took: 0.0000200 seconds
28.667: [GC (Allocation Failure)  474539K->150443K(1035776K), 0.0038812 secs]
28.670: Total time for which application threads were stopped: 0.0040486 seconds, Stopping threads took: 0.0000189 seconds
28.739: [GC (Allocation Failure)  474027K->150507K(1023488K), 0.0039745 secs]
28.743: Total time for which application threads were stopped: 0.0041424 seconds, Stopping threads took: 0.0000280 seconds
28.809: [GC (Allocation Failure)  474091K->158509K(1035264K), 0.0039262 secs]
28.813: Total time for which application threads were stopped: 0.0040921 seconds, Stopping threads took: 0.0000203 seconds
28.882: [GC (Allocation Failure)  481069K->158445K(1030144K), 0.0036500 secs]
28.886: Total time for which application threads were stopped: 0.0038414 seconds, Stopping threads took: 0.0000205 seconds
28.955: [GC (Allocation Failure)  481005K->158541K(1034752K), 0.0039405 secs]
28.960: Total time for which application threads were stopped: 0.0041147 seconds, Stopping threads took: 0.0000260 seconds
29.029: [GC (Allocation Failure)  480077K->166511K(1034752K), 0.0041781 secs]
29.033: Total time for which application threads were stopped: 0.0043514 seconds, Stopping threads took: 0.0000208 seconds
29.101: [GC (Allocation Failure)  488047K->166511K(1033728K), 0.0039538 secs]
29.105: Total time for which application threads were stopped: 0.0041378 seconds, Stopping threads took: 0.0000214 seconds
29.172: [GC (Allocation Failure)  487023K->166727K(1034240K), 0.0040250 secs]
29.176: Total time for which application threads were stopped: 0.0042188 seconds, Stopping threads took: 0.0000197 seconds
29.245: [GC (Allocation Failure)  487239K->174537K(1034240K), 0.0038966 secs]
29.249: Total time for which application threads were stopped: 0.0040527 seconds, Stopping threads took: 0.0000171 seconds
29.317: [GC (Allocation Failure)  495049K->174505K(1034240K), 0.0041075 secs]
29.322: Total time for which application threads were stopped: 0.0042788 seconds, Stopping threads took: 0.0000200 seconds
29.389: [GC (Allocation Failure)  495017K->174985K(1034240K), 0.0040317 secs]
29.393: Total time for which application threads were stopped: 0.0042108 seconds, Stopping threads took: 0.0000270 seconds
29.461: [GC (Allocation Failure)  495497K->182572K(1028096K), 0.0040040 secs]
29.465: Total time for which application threads were stopped: 0.0041879 seconds, Stopping threads took: 0.0000202 seconds
29.531: [GC (Allocation Failure)  503084K->182572K(1033728K), 0.0077637 secs]
29.539: Total time for which application threads were stopped: 0.0079248 seconds, Stopping threads took: 0.0000198 seconds
29.604: [GC (Allocation Failure)  502060K->182700K(1033728K), 0.0040725 secs]
29.609: Total time for which application threads were stopped: 0.0042654 seconds, Stopping threads took: 0.0000200 seconds
29.678: [GC (Allocation Failure)  502188K->190606K(1033728K), 0.0040443 secs]
29.682: Total time for which application threads were stopped: 0.0042084 seconds, Stopping threads took: 0.0000172 seconds
29.751: [GC (Allocation Failure)  510094K->190606K(1033728K), 0.0040030 secs]
29.755: Total time for which application threads were stopped: 0.0041678 seconds, Stopping threads took: 0.0000195 seconds
29.821: [GC (Allocation Failure)  510094K->190662K(1033728K), 0.0041077 secs]
29.826: Total time for which application threads were stopped: 0.0042673 seconds, Stopping threads took: 0.0000198 seconds
29.893: [GC (Allocation Failure)  510150K->198664K(1027072K), 0.0040227 secs]
29.897: Total time for which application threads were stopped: 0.0041893 seconds, Stopping threads took: 0.0000195 seconds
29.962: [GC (Allocation Failure)  518152K->194758K(1034240K), 0.0030735 secs]
29.966: Total time for which application threads were stopped: 0.0032395 seconds, Stopping threads took: 0.0000201 seconds
30.035: [GC (Allocation Failure)  514246K->198760K(1033216K), 0.0041930 secs]
30.039: Total time for which application threads were stopped: 0.0043531 seconds, Stopping threads took: 0.0000200 seconds
30.106: [GC (Allocation Failure)  518248K->202760K(1034752K), 0.0040746 secs]
30.110: Total time for which application threads were stopped: 0.0042527 seconds, Stopping threads took: 0.0000202 seconds
30.179: [GC (Allocation Failure)  524296K->195974K(1034752K), 0.0014145 secs]
30.180: Total time for which application threads were stopped: 0.0015579 seconds, Stopping threads took: 0.0000201 seconds
30.250: [GC (Allocation Failure)  517510K->202824K(1034752K), 0.0040896 secs]
30.255: Total time for which application threads were stopped: 0.0042786 seconds, Stopping threads took: 0.0000217 seconds
30.322: [GC (Allocation Failure)  524360K->206936K(1034752K), 0.0050400 secs]
30.327: Total time for which application threads were stopped: 0.0052158 seconds, Stopping threads took: 0.0000285 seconds
30.392: [GC (Allocation Failure)  528472K->201366K(1034752K), 0.0019425 secs]
30.394: Total time for which application threads were stopped: 0.0020834 seconds, Stopping threads took: 0.0000193 seconds
30.461: [GC (Allocation Failure)  522902K->207176K(1034752K), 0.0039358 secs]
30.465: Total time for which application threads were stopped: 0.0040931 seconds, Stopping threads took: 0.0000201 seconds
30.535: [GC (Allocation Failure)  528712K->211080K(1034752K), 0.0056162 secs]
30.541: Total time for which application threads were stopped: 0.0057774 seconds, Stopping threads took: 0.0000247 seconds
30.608: [GC (Allocation Failure)  533568K->207142K(1035264K), 0.0027858 secs]
30.611: Total time for which application threads were stopped: 0.0029403 seconds, Stopping threads took: 0.0000194 seconds
30.680: [GC (Allocation Failure)  529702K->211216K(1036288K), 0.0042549 secs]
30.684: Total time for which application threads were stopped: 0.0044535 seconds, Stopping threads took: 0.0000278 seconds
30.754: [GC (Allocation Failure)  535312K->215216K(1035776K), 0.0041174 secs]
30.758: Total time for which application threads were stopped: 0.0043151 seconds, Stopping threads took: 0.0000261 seconds
30.827: [GC (Allocation Failure)  539312K->215184K(1035776K), 0.0038520 secs]
30.831: Total time for which application threads were stopped: 0.0040301 seconds, Stopping threads took: 0.0000264 seconds
30.900: [GC (Allocation Failure)  538768K->215240K(1023488K), 0.0040889 secs]
30.904: Total time for which application threads were stopped: 0.0042652 seconds, Stopping threads took: 0.0000255 seconds
30.971: [GC (Allocation Failure)  538824K->223210K(1035264K), 0.0040693 secs]
30.975: Total time for which application threads were stopped: 0.0042284 seconds, Stopping threads took: 0.0000194 seconds
31.044: [GC (Allocation Failure)  545770K->223210K(1030144K), 0.0040282 secs]
31.048: Total time for which application threads were stopped: 0.0041823 seconds, Stopping threads took: 0.0000195 seconds
31.116: [GC (Allocation Failure)  545770K->223274K(1034752K), 0.0041898 secs]
31.121: Total time for which application threads were stopped: 0.0043563 seconds, Stopping threads took: 0.0000192 seconds
31.188: [GC (Allocation Failure)  544810K->231245K(1034752K), 0.0042293 secs]
31.192: Total time for which application threads were stopped: 0.0043917 seconds, Stopping threads took: 0.0000209 seconds
31.260: [GC (Allocation Failure)  552781K->231245K(1033728K), 0.0038141 secs]
31.264: Total time for which application threads were stopped: 0.0039722 seconds, Stopping threads took: 0.0000194 seconds
31.334: [GC (Allocation Failure)  551757K->231501K(1034240K), 0.0039166 secs]
31.338: Total time for which application threads were stopped: 0.0041098 seconds, Stopping threads took: 0.0000276 seconds
31.408: [GC (Allocation Failure)  552013K->239279K(1034240K), 0.0039063 secs]
31.412: Total time for which application threads were stopped: 0.0040837 seconds, Stopping threads took: 0.0000193 seconds
31.481: [GC (Allocation Failure)  559791K->239247K(1034240K), 0.0042732 secs]
31.486: Total time for which application threads were stopped: 0.0044438 seconds, Stopping threads took: 0.0000201 seconds
31.556: [GC (Allocation Failure)  559759K->239687K(1034240K), 0.0040817 secs]
31.560: Total time for which application threads were stopped: 0.0042324 seconds, Stopping threads took: 0.0000142 seconds
31.628: [GC (Allocation Failure)  560199K->247337K(1028096K), 0.0041641 secs]
31.633: Total time for which application threads were stopped: 0.0043439 seconds, Stopping threads took: 0.0000203 seconds
31.700: [GC (Allocation Failure)  567849K->247273K(1033728K), 0.0039669 secs]
31.704: Total time for which application threads were stopped: 0.0041242 seconds, Stopping threads took: 0.0000197 seconds
31.770: [GC (Allocation Failure)  566761K->247433K(1033728K), 0.0040129 secs]
31.775: Total time for which application threads were stopped: 0.0042076 seconds, Stopping threads took: 0.0000202 seconds
31.845: [GC (Allocation Failure)  566921K->255339K(1033728K), 0.0039513 secs]
31.849: Total time for which application threads were stopped: 0.0041213 seconds, Stopping threads took: 0.0000264 seconds
31.917: [GC (Allocation Failure)  574827K->255339K(1033728K), 0.0040909 secs]
31.921: Total time for which application threads were stopped: 0.0042518 seconds, Stopping threads took: 0.0000208 seconds
31.987: [GC (Allocation Failure)  574827K->255403K(1033728K), 0.0042189 secs]
31.992: Total time for which application threads were stopped: 0.0043828 seconds, Stopping threads took: 0.0000205 seconds
32.057: [GC (Allocation Failure)  574891K->263374K(1027072K), 0.0043765 secs]
32.062: Total time for which application threads were stopped: 0.0045414 seconds, Stopping threads took: 0.0000197 seconds
32.128: [GC (Allocation Failure)  582861K->259467K(1034240K), 0.0031203 secs]
32.131: Total time for which application threads were stopped: 0.0032896 seconds, Stopping threads took: 0.0000208 seconds
32.199: [GC (Allocation Failure)  578955K->263494K(1033216K), 0.0041773 secs]
32.203: Total time for which application threads were stopped: 0.0043579 seconds, Stopping threads took: 0.0000210 seconds
32.270: [GC (Allocation Failure)  582982K->267526K(1034752K), 0.0040548 secs]
32.274: Total time for which application threads were stopped: 0.0042174 seconds, Stopping threads took: 0.0000206 seconds
32.343: [GC (Allocation Failure)  589062K->260707K(1034752K), 0.0013480 secs]
32.345: Total time for which application threads were stopped: 0.0014743 seconds, Stopping threads took: 0.0000265 seconds
32.412: [GC (Allocation Failure)  582243K->267534K(1034752K), 0.0042010 secs]
32.416: Total time for which application threads were stopped: 0.0043666 seconds, Stopping threads took: 0.0000196 seconds
32.482: [GC (Allocation Failure)  589070K->271614K(1034752K), 0.0052882 secs]
32.488: Total time for which application threads were stopped: 0.0054565 seconds, Stopping threads took: 0.0000195 seconds
32.554: [GC (Allocation Failure)  593150K->266075K(1034752K), 0.0031243 secs]
32.558: Total time for which application threads were stopped: 0.0032754 seconds, Stopping threads took: 0.0000263 seconds
32.625: [GC (Allocation Failure)  587611K->271918K(1034752K), 0.0042680 secs]
32.629: Total time for which application threads were stopped: 0.0044324 seconds, Stopping threads took: 0.0000202 seconds
32.697: [GC (Allocation Failure)  593454K->275790K(1034752K), 0.0044067 secs]
32.701: Total time for which application threads were stopped: 0.0045978 seconds, Stopping threads took: 0.0000197 seconds
32.771: [GC (Allocation Failure)  598278K->271883K(1035264K), 0.0028220 secs]
32.774: Total time for which application threads were stopped: 0.0029968 seconds, Stopping threads took: 0.0000198 seconds
32.843: [GC (Allocation Failure)  594443K->275950K(1036288K), 0.0042390 secs]
32.847: Total time for which application threads were stopped: 0.0044583 seconds, Stopping threads took: 0.0000505 seconds
32.916: [GC (Allocation Failure)  600046K->279918K(1035776K), 0.0040831 secs]
32.921: Total time for which application threads were stopped: 0.0042429 seconds, Stopping threads took: 0.0000194 seconds
32.989: [GC (Allocation Failure)  604014K->279886K(1035776K), 0.0039898 secs]
32.993: Total time for which application threads were stopped: 0.0041632 seconds, Stopping threads took: 0.0000191 seconds
33.061: [GC (Allocation Failure)  603470K->279974K(1023488K), 0.0043145 secs]
33.065: Total time for which application threads were stopped: 0.0044711 seconds, Stopping threads took: 0.0000194 seconds
33.131: [GC (Allocation Failure)  603558K->287944K(1035264K), 0.0043305 secs]
33.136: Total time for which application threads were stopped: 0.0044899 seconds, Stopping threads took: 0.0000197 seconds
33.203: [GC (Allocation Failure)  610504K->287944K(1030144K), 0.0039935 secs]
33.207: Total time for which application threads were stopped: 0.0041598 seconds, Stopping threads took: 0.0000191 seconds
33.274: [GC (Allocation Failure)  610504K->288008K(1034752K), 0.0042197 secs]
33.279: Total time for which application threads were stopped: 0.0043758 seconds, Stopping threads took: 0.0000192 seconds
33.346: [GC (Allocation Failure)  609544K->295978K(1034752K), 0.0045255 secs]
33.351: Total time for which application threads were stopped: 0.0046998 seconds, Stopping threads took: 0.0000280 seconds
33.419: [GC (Allocation Failure)  617514K->295978K(1033728K), 0.0041556 secs]
33.423: Total time for which application threads were stopped: 0.0043237 seconds, Stopping threads took: 0.0000201 seconds
33.490: [GC (Allocation Failure)  616490K->296234K(1034240K), 0.0044959 secs]
33.494: Total time for which application threads were stopped: 0.0046655 seconds, Stopping threads took: 0.0000191 seconds
33.563: [GC (Allocation Failure)  616746K->304013K(1034240K), 0.0040300 secs]
33.567: Total time for which application threads were stopped: 0.0041892 seconds, Stopping threads took: 0.0000192 seconds
33.634: [GC (Allocation Failure)  624525K->304045K(1034240K), 0.0042787 secs]
33.639: Total time for which application threads were stopped: 0.0044662 seconds, Stopping threads took: 0.0000185 seconds
33.707: [GC (Allocation Failure)  624557K->304421K(1033216K), 0.0045088 secs]
33.712: Total time for which application threads were stopped: 0.0046645 seconds, Stopping threads took: 0.0000168 seconds
33.779: [GC (Allocation Failure)  623909K->312071K(1033728K), 0.0042821 secs]
33.784: Total time for which application threads were stopped: 0.0044606 seconds, Stopping threads took: 0.0000264 seconds
33.853: [GC (Allocation Failure)  631559K->312007K(1033728K), 0.0040634 secs]
33.857: Total time for which application threads were stopped: 0.0042277 seconds, Stopping threads took: 0.0000256 seconds
33.923: [GC (Allocation Failure)  631495K->312199K(1033728K), 0.0043861 secs]
33.927: Total time for which application threads were stopped: 0.0045474 seconds, Stopping threads took: 0.0000195 seconds
33.995: [GC (Allocation Failure)  631687K->320073K(1033728K), 0.0040754 secs]
33.999: Total time for which application threads were stopped: 0.0042723 seconds, Stopping threads took: 0.0000205 seconds
34.066: [GC (Allocation Failure)  639561K->320105K(1033728K), 0.0041849 secs]
34.070: Total time for which application threads were stopped: 0.0043449 seconds, Stopping threads took: 0.0000199 seconds
34.139: [GC (Allocation Failure)  639593K->320137K(1033728K), 0.0043942 secs]
34.143: Total time for which application threads were stopped: 0.0045637 seconds, Stopping threads took: 0.0000205 seconds
34.210: [GC (Allocation Failure)  639625K->328139K(1027072K), 0.0044783 secs]
34.214: Total time for which application threads were stopped: 0.0046578 seconds, Stopping threads took: 0.0000287 seconds
34.279: [GC (Allocation Failure)  647627K->324169K(1034240K), 0.0033767 secs]
34.283: Total time for which application threads were stopped: 0.0035433 seconds, Stopping threads took: 0.0000202 seconds
34.350: [GC (Allocation Failure)  643657K->328267K(1033216K), 0.0043837 secs]
34.355: Total time for which application threads were stopped: 0.0045522 seconds, Stopping threads took: 0.0000198 seconds
34.422: [GC (Allocation Failure)  647755K->332235K(1034752K), 0.0063881 secs]
34.429: Total time for which application threads were stopped: 0.0065832 seconds, Stopping threads took: 0.0000205 seconds
34.497: [GC (Allocation Failure)  653771K->325481K(1034752K), 0.0015949 secs]
34.499: Total time for which application threads were stopped: 0.0017266 seconds, Stopping threads took: 0.0000196 seconds
34.567: [GC (Allocation Failure)  647017K->332275K(1034752K), 0.0042493 secs]
34.571: Total time for which application threads were stopped: 0.0044008 seconds, Stopping threads took: 0.0000177 seconds
34.637: [GC (Allocation Failure)  653811K->336387K(1034752K), 0.0053199 secs]
34.643: Total time for which application threads were stopped: 0.0055132 seconds, Stopping threads took: 0.0000205 seconds
34.709: [GC (Allocation Failure)  657923K->330817K(1034752K), 0.0022075 secs]
34.712: Total time for which application threads were stopped: 0.0023730 seconds, Stopping threads took: 0.0000207 seconds
34.780: [GC (Allocation Failure)  652353K->336683K(1034752K), 0.0042188 secs]
34.785: Total time for which application threads were stopped: 0.0043769 seconds, Stopping threads took: 0.0000199 seconds
34.852: [GC (Allocation Failure)  658219K->340523K(1035264K), 0.0044710 secs]
34.857: Total time for which application threads were stopped: 0.0046574 seconds, Stopping threads took: 0.0000263 seconds
34.925: [GC (Allocation Failure)  663012K->336617K(1035264K), 0.0031127 secs]
34.928: Total time for which application threads were stopped: 0.0032982 seconds, Stopping threads took: 0.0000202 seconds
34.998: [GC (Allocation Failure)  659177K->340683K(1036288K), 0.0046006 secs]
35.003: Total time for which application threads were stopped: 0.0047638 seconds, Stopping threads took: 0.0000204 seconds
35.071: [GC (Allocation Failure)  664779K->344683K(1035776K), 0.0043092 secs]
35.075: Total time for which application threads were stopped: 0.0044695 seconds, Stopping threads took: 0.0000193 seconds
35.144: [GC (Allocation Failure)  668779K->344651K(1035776K), 0.0040995 secs]
35.148: Total time for which application threads were stopped: 0.0042909 seconds, Stopping threads took: 0.0000202 seconds
35.218: [GC (Allocation Failure)  668235K->344715K(1023488K), 0.0043077 secs]
35.222: Total time for which application threads were stopped: 0.0044570 seconds, Stopping threads took: 0.0000175 seconds
35.289: [GC (Allocation Failure)  668299K->352686K(1035264K), 0.0043065 secs]
35.293: Total time for which application threads were stopped: 0.0044729 seconds, Stopping threads took: 0.0000215 seconds
35.363: [GC (Allocation Failure)  675246K->352686K(1030144K), 0.0042853 secs]
35.367: Total time for which application threads were stopped: 0.0044516 seconds, Stopping threads took: 0.0000267 seconds
35.435: [GC (Allocation Failure)  675246K->352742K(1034752K), 0.0043386 secs]
35.439: Total time for which application threads were stopped: 0.0045081 seconds, Stopping threads took: 0.0000205 seconds
35.507: [GC (Allocation Failure)  674278K->360744K(1029120K), 0.0044541 secs]
35.511: Total time for which application threads were stopped: 0.0046279 seconds, Stopping threads took: 0.0000214 seconds
35.582: [GC (Allocation Failure)  682280K->360680K(1034240K), 0.0039775 secs]
35.586: Total time for which application threads were stopped: 0.0041832 seconds, Stopping threads took: 0.0000174 seconds
35.655: [GC (Allocation Failure)  681192K->360968K(1034240K), 0.0041972 secs]
35.659: Total time for which application threads were stopped: 0.0043518 seconds, Stopping threads took: 0.0000166 seconds
35.726: [GC (Allocation Failure)  681480K->368778K(1034240K), 0.0041323 secs]
35.731: Total time for which application threads were stopped: 0.0042883 seconds, Stopping threads took: 0.0000191 seconds
35.798: [GC (Allocation Failure)  689290K->368746K(1034240K), 0.0042828 secs]
35.803: Total time for which application threads were stopped: 0.0044506 seconds, Stopping threads took: 0.0000199 seconds
35.870: [GC (Allocation Failure)  689258K->369194K(1033216K), 0.0043718 secs]
35.874: Total time for which application threads were stopped: 0.0045486 seconds, Stopping threads took: 0.0000282 seconds
35.941: [GC (Allocation Failure)  688682K->376812K(1033728K), 0.0044392 secs]
35.946: Total time for which application threads were stopped: 0.0046119 seconds, Stopping threads took: 0.0000258 seconds
36.013: [GC (Allocation Failure)  696300K->376780K(1033728K), 0.0043764 secs]
36.018: Total time for which application threads were stopped: 0.0045548 seconds, Stopping threads took: 0.0000228 seconds
36.084: [GC (Allocation Failure)  696268K->376908K(1033728K), 0.0044597 secs]
36.089: Total time for which application threads were stopped: 0.0046113 seconds, Stopping threads took: 0.0000177 seconds
36.158: [GC (Allocation Failure)  696396K->384847K(1033728K), 0.0043125 secs]
36.162: Total time for which application threads were stopped: 0.0044715 seconds, Stopping threads took: 0.0000201 seconds
36.231: [GC (Allocation Failure)  704335K->384847K(1033728K), 0.0042726 secs]
36.235: Total time for which application threads were stopped: 0.0044345 seconds, Stopping threads took: 0.0000206 seconds
36.303: [GC (Allocation Failure)  704335K->384879K(1033728K), 0.0046572 secs]
36.308: Total time for which application threads were stopped: 0.0048169 seconds, Stopping threads took: 0.0000208 seconds
36.375: [GC (Allocation Failure)  704367K->392849K(1027072K), 0.0043678 secs]
36.379: Total time for which application threads were stopped: 0.0045376 seconds, Stopping threads took: 0.0000195 seconds
36.444: [GC (Allocation Failure)  712336K->388943K(1034240K), 0.0032855 secs]
36.447: Total time for which application threads were stopped: 0.0034523 seconds, Stopping threads took: 0.0000198 seconds
36.515: [GC (Allocation Failure)  708431K->392969K(1033216K), 0.0045816 secs]
36.519: Total time for which application threads were stopped: 0.0047612 seconds, Stopping threads took: 0.0000202 seconds
36.590: [GC (Allocation Failure)  712457K->396969K(1034752K), 0.0044127 secs]
36.595: Total time for which application threads were stopped: 0.0045748 seconds, Stopping threads took: 0.0000205 seconds
36.662: [GC (Allocation Failure)  718505K->390183K(1034752K), 0.0017400 secs]
36.663: Total time for which application threads were stopped: 0.0018740 seconds, Stopping threads took: 0.0000196 seconds
36.731: [GC (Allocation Failure)  711719K->397033K(1034752K), 0.0043670 secs]
36.735: Total time for which application threads were stopped: 0.0045571 seconds, Stopping threads took: 0.0000192 seconds
36.801: [GC (Allocation Failure)  718569K->401145K(1034752K), 0.0054462 secs]
36.807: Total time for which application threads were stopped: 0.0056128 seconds, Stopping threads took: 0.0000270 seconds
36.874: [GC (Allocation Failure)  722681K->395575K(1034752K), 0.0023747 secs]
36.877: Total time for which application threads were stopped: 0.0025520 seconds, Stopping threads took: 0.0000282 seconds
36.946: [GC (Allocation Failure)  717111K->401417K(1034752K), 0.0044163 secs]
36.951: Total time for which application threads were stopped: 0.0045963 seconds, Stopping threads took: 0.0000218 seconds
37.018: [GC (Allocation Failure)  722953K->405257K(1035264K), 0.0049362 secs]
37.023: Total time for which application threads were stopped: 0.0051240 seconds, Stopping threads took: 0.0000224 seconds
37.090: [GC (Allocation Failure)  727745K->401351K(1035264K), 0.0032151 secs]
37.094: Total time for which application threads were stopped: 0.0033760 seconds, Stopping threads took: 0.0000209 seconds
37.162: [GC (Allocation Failure)  723911K->405417K(1036288K), 0.0045786 secs]
37.167: Total time for which application threads were stopped: 0.0047575 seconds, Stopping threads took: 0.0000196 seconds
37.234: [GC (Allocation Failure)  729513K->409417K(1035776K), 0.0044007 secs]
37.239: Total time for which application threads were stopped: 0.0045936 seconds, Stopping threads took: 0.0000201 seconds
37.310: [GC (Allocation Failure)  733513K->409385K(1035776K), 0.0043564 secs]
37.314: Total time for which application threads were stopped: 0.0045438 seconds, Stopping threads took: 0.0000447 seconds
37.383: [GC (Allocation Failure)  732969K->409449K(1023488K), 0.0044665 secs]
37.387: Total time for which application threads were stopped: 0.0046336 seconds, Stopping threads took: 0.0000258 seconds
37.454: [GC (Allocation Failure)  733033K->417419K(1035264K), 0.0045882 secs]
37.459: Total time for which application threads were stopped: 0.0047491 seconds, Stopping threads took: 0.0000196 seconds
37.527: [GC (Allocation Failure)  739979K->417419K(1030144K), 0.0043526 secs]
37.531: Total time for which application threads were stopped: 0.0045147 seconds, Stopping threads took: 0.0000205 seconds
37.600: [GC (Allocation Failure)  739979K->417483K(1034752K), 0.0044841 secs]
37.605: Total time for which application threads were stopped: 0.0046539 seconds, Stopping threads took: 0.0000198 seconds
37.673: [GC (Allocation Failure)  739019K->425453K(1034752K), 0.0045157 secs]
37.678: Total time for which application threads were stopped: 0.0046790 seconds, Stopping threads took: 0.0000201 seconds
37.746: [GC (Allocation Failure)  746989K->425453K(1033728K), 0.0043151 secs]
37.750: Total time for which application threads were stopped: 0.0044854 seconds, Stopping threads took: 0.0000205 seconds
37.819: [GC (Allocation Failure)  745965K->425677K(1034240K), 0.0046856 secs]
37.824: Total time for which application threads were stopped: 0.0048535 seconds, Stopping threads took: 0.0000199 seconds
37.893: [GC (Allocation Failure)  746189K->433488K(1034240K), 0.0042070 secs]
37.897: Total time for which application threads were stopped: 0.0044072 seconds, Stopping threads took: 0.0000255 seconds
37.966: [GC (Allocation Failure)  754000K->433488K(1034240K), 0.0045232 secs]
37.971: Total time for which application threads were stopped: 0.0046898 seconds, Stopping threads took: 0.0000188 seconds
38.038: [GC (Allocation Failure)  754000K->433928K(1033216K), 0.0047211 secs]
38.042: Total time for which application threads were stopped: 0.0048877 seconds, Stopping threads took: 0.0000196 seconds
38.110: [GC (Allocation Failure)  753416K->441546K(1033728K), 0.0044202 secs]
38.114: Total time for which application threads were stopped: 0.0045760 seconds, Stopping threads took: 0.0000196 seconds
38.181: [GC (Allocation Failure)  761034K->441514K(1033728K), 0.0045320 secs]
38.186: Total time for which application threads were stopped: 0.0047002 seconds, Stopping threads took: 0.0000197 seconds
38.251: [GC (Allocation Failure)  761002K->441642K(1033728K), 0.0045409 secs]
38.255: Total time for which application threads were stopped: 0.0047084 seconds, Stopping threads took: 0.0000194 seconds
38.323: [GC (Allocation Failure)  761130K->449580K(1033728K), 0.0045157 secs]
38.327: Total time for which application threads were stopped: 0.0046882 seconds, Stopping threads took: 0.0000201 seconds
38.395: [GC (Allocation Failure)  769068K->449516K(1033728K), 0.0064374 secs]
38.401: Total time for which application threads were stopped: 0.0066399 seconds, Stopping threads took: 0.0000208 seconds
38.468: [GC (Allocation Failure)  769004K->449604K(1033728K), 0.0047201 secs]
38.473: Total time for which application threads were stopped: 0.0050208 seconds, Stopping threads took: 0.0000195 seconds
38.540: [GC (Allocation Failure)  769092K->457543K(1027072K), 0.0055705 secs]
38.545: Total time for which application threads were stopped: 0.0057862 seconds, Stopping threads took: 0.0000278 seconds
38.611: [GC (Allocation Failure)  777030K->453700K(1034240K), 0.0035313 secs]
38.615: Total time for which application threads were stopped: 0.0036900 seconds, Stopping threads took: 0.0000197 seconds
38.682: [GC (Allocation Failure)  773188K->457743K(1033216K), 0.0047467 secs]
38.687: Total time for which application threads were stopped: 0.0049384 seconds, Stopping threads took: 0.0000197 seconds
38.757: [GC (Allocation Failure)  777231K->461679K(1034752K), 0.0043523 secs]
38.762: Total time for which application threads were stopped: 0.0045448 seconds, Stopping threads took: 0.0000199 seconds
38.830: [GC (Allocation Failure)  783215K->454924K(1034752K), 0.0018506 secs]
38.831: Total time for which application threads were stopped: 0.0019904 seconds, Stopping threads took: 0.0000191 seconds
38.899: [GC (Allocation Failure)  776460K->461775K(1034752K), 0.0043010 secs]
38.903: Total time for which application threads were stopped: 0.0044811 seconds, Stopping threads took: 0.0000286 seconds
38.970: [GC (Allocation Failure)  783311K->465887K(1034752K), 0.0053333 secs]
38.975: Total time for which application threads were stopped: 0.0054919 seconds, Stopping threads took: 0.0000194 seconds
39.040: [GC (Allocation Failure)  787423K->460284K(1034752K), 0.0025696 secs]
39.043: Total time for which application threads were stopped: 0.0027451 seconds, Stopping threads took: 0.0000206 seconds
39.112: [GC (Allocation Failure)  781820K->466127K(1034752K), 0.0044347 secs]
39.117: Total time for which application threads were stopped: 0.0045909 seconds, Stopping threads took: 0.0000172 seconds
39.184: [GC (Allocation Failure)  787663K->470031K(1034752K), 0.0047896 secs]
39.189: Total time for which application threads were stopped: 0.0049862 seconds, Stopping threads took: 0.0000198 seconds
39.257: [GC (Allocation Failure)  792519K->466092K(1035264K), 0.0034074 secs]
39.260: Total time for which application threads were stopped: 0.0035535 seconds, Stopping threads took: 0.0000164 seconds
39.329: [GC (Allocation Failure)  788652K->470159K(1036288K), 0.0046156 secs]
39.334: Total time for which application threads were stopped: 0.0047891 seconds, Stopping threads took: 0.0000280 seconds
39.402: [GC (Allocation Failure)  794255K->474127K(1035776K), 0.0043978 secs]
39.406: Total time for which application threads were stopped: 0.0045777 seconds, Stopping threads took: 0.0000196 seconds
39.475: [GC (Allocation Failure)  798223K->474159K(1035776K), 0.0044863 secs]
39.480: Total time for which application threads were stopped: 0.0046578 seconds, Stopping threads took: 0.0000262 seconds
39.548: [GC (Allocation Failure)  797743K->474191K(1023488K), 0.0052137 secs]
39.554: Total time for which application threads were stopped: 0.0053581 seconds, Stopping threads took: 0.0000258 seconds
39.620: [GC (Allocation Failure)  797775K->482161K(1035264K), 0.0045542 secs]
39.625: Total time for which application threads were stopped: 0.0047232 seconds, Stopping threads took: 0.0000199 seconds
39.693: [GC (Allocation Failure)  804721K->482193K(1030144K), 0.0044565 secs]
39.697: Total time for which application threads were stopped: 0.0046255 seconds, Stopping threads took: 0.0000202 seconds
39.766: [GC (Allocation Failure)  804753K->482217K(1034752K), 0.0045581 secs]
39.771: Total time for which application threads were stopped: 0.0047352 seconds, Stopping threads took: 0.0000206 seconds
39.840: [GC (Allocation Failure)  803753K->490187K(1029120K), 0.0046561 secs]
39.845: Total time for which application threads were stopped: 0.0048203 seconds, Stopping threads took: 0.0000268 seconds
39.913: [GC (Allocation Failure)  811723K->490187K(1034240K), 0.0043853 secs]
39.917: Total time for which application threads were stopped: 0.0045456 seconds, Stopping threads took: 0.0000197 seconds
39.984: [GC (Allocation Failure)  810699K->490443K(1034240K), 0.0048946 secs]
39.989: Total time for which application threads were stopped: 0.0050627 seconds, Stopping threads took: 0.0000200 seconds
40.056: [GC (Allocation Failure)  810955K->498221K(1034240K), 0.0045577 secs]
40.061: Total time for which application threads were stopped: 0.0047225 seconds, Stopping threads took: 0.0000193 seconds
40.129: [GC (Allocation Failure)  818733K->498221K(1034240K), 0.0044711 secs]
40.133: Total time for which application threads were stopped: 0.0046485 seconds, Stopping threads took: 0.0000197 seconds
40.200: [GC (Allocation Failure)  818733K->498661K(1033216K), 0.0046948 secs]
40.205: Total time for which application threads were stopped: 0.0048619 seconds, Stopping threads took: 0.0000216 seconds
40.272: [GC (Allocation Failure)  818149K->506248K(1033728K), 0.0046690 secs]
40.277: Total time for which application threads were stopped: 0.0048388 seconds, Stopping threads took: 0.0000194 seconds
40.345: [GC (Allocation Failure)  825736K->506248K(1033728K), 0.0044891 secs]
40.349: Total time for which application threads were stopped: 0.0046579 seconds, Stopping threads took: 0.0000278 seconds
40.414: [GC (Allocation Failure)  825736K->506408K(1033728K), 0.0046705 secs]
40.419: Total time for which application threads were stopped: 0.0048845 seconds, Stopping threads took: 0.0000436 seconds
40.488: [GC (Allocation Failure)  825896K->514282K(1033728K), 0.0045752 secs]
40.492: Total time for which application threads were stopped: 0.0047243 seconds, Stopping threads took: 0.0000172 seconds
40.560: [GC (Allocation Failure)  833770K->514282K(1033728K), 0.0047527 secs]
40.565: Total time for which application threads were stopped: 0.0049304 seconds, Stopping threads took: 0.0000199 seconds
40.632: [GC (Allocation Failure)  833770K->514346K(1033728K), 0.0044856 secs]
40.636: Total time for which application threads were stopped: 0.0046819 seconds, Stopping threads took: 0.0000211 seconds
40.705: [GC (Allocation Failure)  833834K->522348K(1027072K), 0.0045917 secs]
40.710: Total time for which application threads were stopped: 0.0047412 seconds, Stopping threads took: 0.0000174 seconds
40.775: [GC (Allocation Failure)  841836K->518410K(1034240K), 0.0037139 secs]
40.779: Total time for which application threads were stopped: 0.0038815 seconds, Stopping threads took: 0.0000200 seconds
40.847: [GC (Allocation Failure)  837898K->522476K(1033216K), 0.0046383 secs]
40.852: Total time for which application threads were stopped: 0.0048296 seconds, Stopping threads took: 0.0000278 seconds
40.921: [GC (Allocation Failure)  841964K->526444K(1034752K), 0.0047310 secs]
40.926: Total time for which application threads were stopped: 0.0049420 seconds, Stopping threads took: 0.0000204 seconds
40.993: [GC (Allocation Failure)  847980K->519658K(1034752K), 0.0020795 secs]
40.996: Total time for which application threads were stopped: 0.0022161 seconds, Stopping threads took: 0.0000193 seconds
41.062: [GC (Allocation Failure)  841194K->526508K(1034752K), 0.0045702 secs]
41.067: Total time for which application threads were stopped: 0.0047266 seconds, Stopping threads took: 0.0000197 seconds
41.133: [GC (Allocation Failure)  848044K->530588K(1034752K), 0.0056710 secs]
41.139: Total time for which application threads were stopped: 0.0058410 seconds, Stopping threads took: 0.0000196 seconds
41.205: [GC (Allocation Failure)  852124K->525050K(1034752K), 0.0027167 secs]
41.208: Total time for which application threads were stopped: 0.0028684 seconds, Stopping threads took: 0.0000175 seconds
41.277: [GC (Allocation Failure)  846586K->530852K(1034752K), 0.0047444 secs]
41.282: Total time for which application threads were stopped: 0.0049252 seconds, Stopping threads took: 0.0000206 seconds
41.349: [GC (Allocation Failure)  852388K->534724K(1034752K), 0.0055580 secs]
41.355: Total time for which application threads were stopped: 0.0057187 seconds, Stopping threads took: 0.0000262 seconds
41.422: [GC (Allocation Failure)  857212K->530818K(1035264K), 0.0036169 secs]
41.426: Total time for which application threads were stopped: 0.0037760 seconds, Stopping threads took: 0.0000201 seconds
41.494: [GC (Allocation Failure)  853378K->534884K(1036288K), 0.0064644 secs]
41.501: Total time for which application threads were stopped: 0.0066383 seconds, Stopping threads took: 0.0000200 seconds
41.571: [GC (Allocation Failure)  858980K->538884K(1035776K), 0.0048889 secs]
41.576: Total time for which application threads were stopped: 0.0050641 seconds, Stopping threads took: 0.0000200 seconds
41.644: [GC (Allocation Failure)  862980K->538852K(1035776K), 0.0046491 secs]
41.649: Total time for which application threads were stopped: 0.0048280 seconds, Stopping threads took: 0.0000201 seconds
41.718: [GC (Allocation Failure)  862436K->538908K(1023488K), 0.0049811 secs]
41.723: Total time for which application threads were stopped: 0.0051434 seconds, Stopping threads took: 0.0000196 seconds
41.790: [GC (Allocation Failure)  862492K->546910K(1035264K), 0.0046225 secs]
41.795: Total time for which application threads were stopped: 0.0047940 seconds, Stopping threads took: 0.0000205 seconds
41.863: [GC (Allocation Failure)  869470K->546878K(1030144K), 0.0044848 secs]
41.868: Total time for which application threads were stopped: 0.0046625 seconds, Stopping threads took: 0.0000264 seconds
41.936: [GC (Allocation Failure)  869438K->546950K(1034752K), 0.0046393 secs]
41.941: Total time for which application threads were stopped: 0.0048042 seconds, Stopping threads took: 0.0000267 seconds
42.009: [GC (Allocation Failure)  868486K->554953K(1029120K), 0.0048378 secs]
42.014: Total time for which application threads were stopped: 0.0050094 seconds, Stopping threads took: 0.0000210 seconds
42.082: [GC (Allocation Failure)  876489K->554921K(1034240K), 0.0046585 secs]
42.087: Total time for which application threads were stopped: 0.0048377 seconds, Stopping threads took: 0.0000201 seconds
42.154: [GC (Allocation Failure)  875433K->555113K(1034240K), 0.0136462 secs]
42.168: Total time for which application threads were stopped: 0.0138235 seconds, Stopping threads took: 0.0000263 seconds
42.237: [GC (Allocation Failure)  875625K->562987K(1034240K), 0.0049850 secs]
42.242: Total time for which application threads were stopped: 0.0051651 seconds, Stopping threads took: 0.0000214 seconds
42.311: [GC (Allocation Failure)  883499K->562987K(1028096K), 0.0046379 secs]
42.315: Total time for which application threads were stopped: 0.0048031 seconds, Stopping threads took: 0.0000211 seconds
42.384: [GC (Allocation Failure)  883499K->563403K(1033728K), 0.0046076 secs]
42.389: Total time for which application threads were stopped: 0.0047668 seconds, Stopping threads took: 0.0000265 seconds
42.457: [GC (Allocation Failure)  882891K->570989K(1033728K), 0.0047542 secs]
42.462: Total time for which application threads were stopped: 0.0049460 seconds, Stopping threads took: 0.0000204 seconds
42.530: [GC (Allocation Failure)  890477K->570989K(1033728K), 0.0087375 secs]
42.539: Total time for which application threads were stopped: 0.0088990 seconds, Stopping threads took: 0.0000198 seconds
42.604: [GC (Allocation Failure)  890477K->571117K(1033728K), 0.0047617 secs]
42.609: Total time for which application threads were stopped: 0.0049398 seconds, Stopping threads took: 0.0000196 seconds
42.678: [GC (Allocation Failure)  890605K->579023K(1033728K), 0.0045002 secs]
42.683: Total time for which application threads were stopped: 0.0046909 seconds, Stopping threads took: 0.0000194 seconds
42.752: [GC (Allocation Failure)  898511K->578991K(1033728K), 0.0046440 secs]
42.756: Total time for which application threads were stopped: 0.0048242 seconds, Stopping threads took: 0.0000174 seconds
42.824: [GC (Allocation Failure)  898479K->579095K(1033728K), 0.0063678 secs]
42.831: Total time for which application threads were stopped: 0.0065293 seconds, Stopping threads took: 0.0000196 seconds
42.898: [GC (Allocation Failure)  898583K->587066K(1027072K), 0.0048742 secs]
42.903: Total time for which application threads were stopped: 0.0050675 seconds, Stopping threads took: 0.0000201 seconds
42.969: [GC (Allocation Failure)  906553K->583191K(1034240K), 0.0037138 secs]
42.973: Total time for which application threads were stopped: 0.0038907 seconds, Stopping threads took: 0.0000166 seconds
43.042: [GC (Allocation Failure)  902679K->587234K(1033216K), 0.0047745 secs]
43.047: Total time for which application threads were stopped: 0.0049310 seconds, Stopping threads took: 0.0000171 seconds
43.115: [GC (Allocation Failure)  906722K->591202K(1034752K), 0.0047718 secs]
43.119: Total time for which application threads were stopped: 0.0049506 seconds, Stopping threads took: 0.0000200 seconds
43.186: [GC (Allocation Failure)  912738K->584415K(1034752K), 0.0023542 secs]
43.189: Total time for which application threads were stopped: 0.0025246 seconds, Stopping threads took: 0.0000202 seconds
43.256: [GC (Allocation Failure)  905951K->591298K(1034752K), 0.0047925 secs]
43.261: Total time for which application threads were stopped: 0.0049666 seconds, Stopping threads took: 0.0000202 seconds
43.327: [GC (Allocation Failure)  912834K->595378K(1034752K), 0.0057080 secs]
43.333: Total time for which application threads were stopped: 0.0058833 seconds, Stopping threads took: 0.0000212 seconds
43.399: [GC (Allocation Failure)  916914K->589807K(1034752K), 0.0028622 secs]
43.402: Total time for which application threads were stopped: 0.0030633 seconds, Stopping threads took: 0.0000258 seconds
43.471: [GC (Allocation Failure)  911343K->595618K(1034752K), 0.0048046 secs]
43.476: Total time for which application threads were stopped: 0.0049696 seconds, Stopping threads took: 0.0000282 seconds
43.544: [GC (Allocation Failure)  917154K->599490K(1035264K), 0.0064154 secs]
43.551: Total time for which application threads were stopped: 0.0066371 seconds, Stopping threads took: 0.0000290 seconds
43.618: [GC (Allocation Failure)  921978K->595583K(1035264K), 0.0035958 secs]
43.622: Total time for which application threads were stopped: 0.0037644 seconds, Stopping threads took: 0.0000271 seconds
43.691: [GC (Allocation Failure)  918143K->599658K(1036288K), 0.0047303 secs]
43.696: Total time for which application threads were stopped: 0.0048926 seconds, Stopping threads took: 0.0000204 seconds
43.764: [GC (Allocation Failure)  923754K->603626K(1035776K), 0.0047399 secs]
43.768: Total time for which application threads were stopped: 0.0049103 seconds, Stopping threads took: 0.0000205 seconds
43.837: [GC (Allocation Failure)  927722K->603626K(1035776K), 0.0049155 secs]
43.842: Total time for which application threads were stopped: 0.0050862 seconds, Stopping threads took: 0.0000207 seconds
43.910: [GC (Allocation Failure)  927210K->603690K(1023488K), 0.0048169 secs]
43.915: Total time for which application threads were stopped: 0.0049863 seconds, Stopping threads took: 0.0000194 seconds
43.983: [GC (Allocation Failure)  927274K->611660K(1035264K), 0.0047752 secs]
43.988: Total time for which application threads were stopped: 0.0049499 seconds, Stopping threads took: 0.0000202 seconds
44.056: [GC (Allocation Failure)  934220K->611660K(1030144K), 0.0046562 secs]
44.061: Total time for which application threads were stopped: 0.0048477 seconds, Stopping threads took: 0.0000198 seconds
44.130: [GC (Allocation Failure)  934220K->611724K(1034752K), 0.0047270 secs]
44.135: Total time for which application threads were stopped: 0.0048862 seconds, Stopping threads took: 0.0000166 seconds
44.204: [GC (Allocation Failure)  933260K->619694K(1034752K), 0.0049017 secs]
44.209: Total time for which application threads were stopped: 0.0050963 seconds, Stopping threads took: 0.0000200 seconds
44.279: [GC (Allocation Failure)  941230K->619662K(1033728K), 0.0046663 secs]
44.284: Total time for which application threads were stopped: 0.0048580 seconds, Stopping threads took: 0.0000203 seconds
44.352: [GC (Allocation Failure)  940174K->619918K(1034240K), 0.0047837 secs]
44.357: Total time for which application threads were stopped: 0.0049510 seconds, Stopping threads took: 0.0000279 seconds
44.425: [GC (Allocation Failure)  940430K->627696K(1034240K), 0.0077542 secs]
44.433: Total time for which application threads were stopped: 0.0079341 seconds, Stopping threads took: 0.0000279 seconds
44.503: [GC (Allocation Failure)  948208K->627728K(1034240K), 0.0049379 secs]
44.508: Total time for which application threads were stopped: 0.0051018 seconds, Stopping threads took: 0.0000208 seconds
44.576: [GC (Allocation Failure)  948240K->628168K(1034240K), 0.0048906 secs]
44.581: Total time for which application threads were stopped: 0.0050501 seconds, Stopping threads took: 0.0000192 seconds
44.649: [GC (Allocation Failure)  948680K->635755K(1028096K), 0.0048491 secs]
44.654: Total time for which application threads were stopped: 0.0050202 seconds, Stopping threads took: 0.0000197 seconds
44.720: [GC (Allocation Failure)  956267K->635723K(1033728K), 0.0047632 secs]
44.725: Total time for which application threads were stopped: 0.0049381 seconds, Stopping threads took: 0.0000214 seconds
44.790: [GC (Allocation Failure)  955211K->635915K(1033728K), 0.0049335 secs]
44.795: Total time for which application threads were stopped: 0.0050890 seconds, Stopping threads took: 0.0000197 seconds
44.862: [GC (Allocation Failure)  955403K->643821K(1033728K), 0.0048534 secs]
44.867: Total time for which application threads were stopped: 0.0050209 seconds, Stopping threads took: 0.0000278 seconds
44.935: [GC (Allocation Failure)  963309K->643789K(1033728K), 0.0048508 secs]
44.940: Total time for which application threads were stopped: 0.0050430 seconds, Stopping threads took: 0.0000198 seconds
45.008: [GC (Allocation Failure)  963277K->643853K(1033728K), 0.0048003 secs]
45.013: Total time for which application threads were stopped: 0.0049584 seconds, Stopping threads took: 0.0000167 seconds
45.079: [GC (Allocation Failure)  963341K->651823K(1027072K), 0.0049708 secs]
45.084: Total time for which application threads were stopped: 0.0051472 seconds, Stopping threads took: 0.0000275 seconds
45.149: [GC (Allocation Failure)  971311K->647885K(1034240K), 0.0040132 secs]
45.153: Total time for which application threads were stopped: 0.0042193 seconds, Stopping threads took: 0.0000263 seconds
45.221: [GC (Allocation Failure)  967373K->651991K(1033216K), 0.0049170 secs]
45.226: Total time for which application threads were stopped: 0.0050819 seconds, Stopping threads took: 0.0000213 seconds
45.294: [GC (Allocation Failure)  971479K->655959K(1034752K), 0.0049088 secs]
45.299: Total time for which application threads were stopped: 0.0051088 seconds, Stopping threads took: 0.0000277 seconds
45.367: [GC (Allocation Failure)  977495K->649173K(1034752K), 0.0022932 secs]
45.369: Total time for which application threads were stopped: 0.0024456 seconds, Stopping threads took: 0.0000194 seconds
45.438: [GC (Allocation Failure)  970709K->656031K(1034752K), 0.0047942 secs]
45.443: Total time for which application threads were stopped: 0.0049441 seconds, Stopping threads took: 0.0000178 seconds
45.510: [GC (Allocation Failure)  977567K->660143K(1034752K), 0.0058603 secs]
45.516: Total time for which application threads were stopped: 0.0060272 seconds, Stopping threads took: 0.0000200 seconds
45.584: [GC (Allocation Failure)  981679K->654541K(1034752K), 0.0028671 secs]
45.586: Total time for which application threads were stopped: 0.0030282 seconds, Stopping threads took: 0.0000197 seconds
45.654: [GC (Allocation Failure)  976077K->660415K(1034752K), 0.0049400 secs]
45.659: Total time for which application threads were stopped: 0.0051066 seconds, Stopping threads took: 0.0000193 seconds
45.726: [GC (Allocation Failure)  981951K->664247K(1035264K), 0.0051513 secs]
45.731: Total time for which application threads were stopped: 0.0053212 seconds, Stopping threads took: 0.0000197 seconds
45.798: [GC (Allocation Failure)  986736K->660341K(1035264K), 0.0036593 secs]
45.802: Total time for which application threads were stopped: 0.0038450 seconds, Stopping threads took: 0.0000198 seconds
45.871: [GC (Allocation Failure)  982901K->664407K(1036288K), 0.0050045 secs]
45.876: Total time for which application threads were stopped: 0.0051660 seconds, Stopping threads took: 0.0000262 seconds
45.944: [GC (Allocation Failure)  988503K->668375K(1035776K), 0.0048350 secs]
45.949: Total time for which application threads were stopped: 0.0050369 seconds, Stopping threads took: 0.0000283 seconds
46.019: [GC (Allocation Failure)  992471K->668407K(1035776K), 0.0049469 secs]
46.024: Total time for which application threads were stopped: 0.0051035 seconds, Stopping threads took: 0.0000192 seconds
46.092: [GC (Allocation Failure)  991991K->668439K(1023488K), 0.0047983 secs]
46.097: Total time for which application threads were stopped: 0.0049898 seconds, Stopping threads took: 0.0000282 seconds
46.165: [GC (Allocation Failure)  992023K->676410K(1035264K), 0.0050716 secs]
46.170: Total time for which application threads were stopped: 0.0052438 seconds, Stopping threads took: 0.0000197 seconds
46.237: [GC (Allocation Failure)  998970K->676442K(1030144K), 0.0048539 secs]
46.242: Total time for which application threads were stopped: 0.0050213 seconds, Stopping threads took: 0.0000193 seconds
46.311: [GC (Allocation Failure)  999002K->676482K(1034752K), 0.0050960 secs]
46.316: Total time for which application threads were stopped: 0.0052607 seconds, Stopping threads took: 0.0000193 seconds
46.384: [GC (Allocation Failure)  998018K->684452K(1029120K), 0.0050868 secs]
46.389: Total time for which application threads were stopped: 0.0052592 seconds, Stopping threads took: 0.0000286 seconds
46.457: [GC (Allocation Failure)  1005988K->684452K(1034240K), 0.0046777 secs]
46.462: Total time for which application threads were stopped: 0.0048489 seconds, Stopping threads took: 0.0000201 seconds
46.529: [GC (Allocation Failure)  1004964K->684716K(1034240K), 0.0096051 secs]
46.539: Total time for which application threads were stopped: 0.0097725 seconds, Stopping threads took: 0.0000196 seconds
46.608: [GC (Allocation Failure)  1005228K->692494K(1034240K), 0.0047164 secs]
46.612: Total time for which application threads were stopped: 0.0048744 seconds, Stopping threads took: 0.0000193 seconds
46.680: [GC (Allocation Failure)  1013006K->692494K(1034240K), 0.0050350 secs]
46.685: Total time for which application threads were stopped: 0.0052014 seconds, Stopping threads took: 0.0000193 seconds
46.753: [GC (Allocation Failure)  1013006K->692942K(1033216K), 0.0053499 secs]
46.758: [Full GC (Ergonomics)  692942K->8905K(1033216K), 0.0131760 secs]
46.771: Total time for which application threads were stopped: 0.0187995 seconds, Stopping threads took: 0.0000196 seconds
46.839: [GC (Allocation Failure)  328393K->17580K(1033728K), 0.0037621 secs]
46.843: Total time for which application threads were stopped: 0.0039263 seconds, Stopping threads took: 0.0000256 seconds
46.912: [GC (Allocation Failure)  337068K->17620K(1033728K), 0.0037353 secs]
46.916: Total time for which application threads were stopped: 0.0038946 seconds, Stopping threads took: 0.0000196 seconds
46.981: [GC (Allocation Failure)  337108K->17740K(1033728K), 0.0037961 secs]
46.985: Total time for which application threads were stopped: 0.0039673 seconds, Stopping threads took: 0.0000206 seconds
47.053: [GC (Allocation Failure)  337228K->25646K(1032704K), 0.0036340 secs]
47.056: Total time for which application threads were stopped: 0.0038323 seconds, Stopping threads took: 0.0000204 seconds
47.123: [GC (Allocation Failure)  344110K->25678K(1033216K), 0.0034276 secs]
47.127: Total time for which application threads were stopped: 0.0035833 seconds, Stopping threads took: 0.0000170 seconds
47.194: [GC (Allocation Failure)  344142K->25710K(1033216K), 0.0038035 secs]
47.198: Total time for which application threads were stopped: 0.0039937 seconds, Stopping threads took: 0.0000205 seconds
47.265: [GC (Allocation Failure)  344174K->33680K(1033216K), 0.0038059 secs]
47.268: Total time for which application threads were stopped: 0.0040273 seconds, Stopping threads took: 0.0000221 seconds
47.335: [GC (Allocation Failure)  352144K->26094K(1033216K), 0.0007033 secs]
47.336: Total time for which application threads were stopped: 0.0008235 seconds, Stopping threads took: 0.0000199 seconds
47.404: [GC (Allocation Failure)  344558K->33904K(1033216K), 0.0038271 secs]
47.408: Total time for which application threads were stopped: 0.0039882 seconds, Stopping threads took: 0.0000197 seconds
47.474: [GC (Allocation Failure)  352368K->37832K(1033216K), 0.0050062 secs]
47.479: Total time for which application threads were stopped: 0.0051986 seconds, Stopping threads took: 0.0000198 seconds
47.546: [GC (Allocation Failure)  356296K->38598K(1033216K), 0.0052786 secs]
47.551: Total time for which application threads were stopped: 0.0054257 seconds, Stopping threads took: 0.0000259 seconds
47.619: [GC (Allocation Failure)  357062K->38024K(1033216K), 0.0039447 secs]
47.623: Total time for which application threads were stopped: 0.0041453 seconds, Stopping threads took: 0.0000195 seconds
47.692: [GC (Allocation Failure)  356488K->37800K(1033216K), 0.0037062 secs]
47.695: Total time for which application threads were stopped: 0.0038555 seconds, Stopping threads took: 0.0000171 seconds
47.760: [GC (Allocation Failure)  356264K->30630K(1033216K), 0.0008002 secs]
47.761: Total time for which application threads were stopped: 0.0009337 seconds, Stopping threads took: 0.0000278 seconds
47.826: [GC (Allocation Failure)  349094K->37960K(1033216K), 0.0037534 secs]
47.830: Total time for which application threads were stopped: 0.0039423 seconds, Stopping threads took: 0.0000209 seconds
47.897: [GC (Allocation Failure)  356424K->37832K(1033216K), 0.0036691 secs]
47.901: Total time for which application threads were stopped: 0.0038736 seconds, Stopping threads took: 0.0000276 seconds
47.969: [GC (Allocation Failure)  356296K->38856K(1033216K), 0.0037582 secs]
47.973: Total time for which application threads were stopped: 0.0039152 seconds, Stopping threads took: 0.0000167 seconds
48.039: [GC (Allocation Failure)  357320K->45899K(1033216K), 0.0039684 secs]
48.043: Total time for which application threads were stopped: 0.0041368 seconds, Stopping threads took: 0.0000197 seconds
48.109: [GC (Allocation Failure)  364363K->45867K(1033216K), 0.0039080 secs]
48.113: Total time for which application threads were stopped: 0.0040635 seconds, Stopping threads took: 0.0000194 seconds
48.178: [GC (Allocation Failure)  364331K->47139K(1033728K), 0.0038704 secs]
48.182: Total time for which application threads were stopped: 0.0040500 seconds, Stopping threads took: 0.0000199 seconds
48.251: [GC (Allocation Failure)  366627K->53893K(1033728K), 0.0038453 secs]
48.255: Total time for which application threads were stopped: 0.0040062 seconds, Stopping threads took: 0.0000215 seconds
48.322: [GC (Allocation Failure)  373381K->53925K(1033728K), 0.0040129 secs]
48.326: Total time for which application threads were stopped: 0.0041944 seconds, Stopping threads took: 0.0000206 seconds
48.393: [GC (Allocation Failure)  373413K->54349K(1033728K), 0.0038085 secs]
48.397: Total time for which application threads were stopped: 0.0039702 seconds, Stopping threads took: 0.0000202 seconds
48.462: [GC (Allocation Failure)  373837K->61967K(1033728K), 0.0037222 secs]
48.466: Total time for which application threads were stopped: 0.0038800 seconds, Stopping threads took: 0.0000197 seconds
48.534: [GC (Allocation Failure)  381455K->61935K(1033728K), 0.0044812 secs]
48.539: Total time for which application threads were stopped: 0.0046741 seconds, Stopping threads took: 0.0000245 seconds
48.608: [GC (Allocation Failure)  381423K->65607K(1034240K), 0.0046038 secs]
48.613: Total time for which application threads were stopped: 0.0047945 seconds, Stopping threads took: 0.0000197 seconds
48.681: [GC (Allocation Failure)  385607K->69993K(1033728K), 0.0037251 secs]
48.685: Total time for which application threads were stopped: 0.0038837 seconds, Stopping threads took: 0.0000197 seconds
48.752: [GC (Allocation Failure)  389993K->69961K(1034240K), 0.0038401 secs]
48.756: Total time for which application threads were stopped: 0.0040080 seconds, Stopping threads took: 0.0000199 seconds
48.823: [GC (Allocation Failure)  390473K->70793K(1034240K), 0.0037717 secs]
48.827: Total time for which application threads were stopped: 0.0039328 seconds, Stopping threads took: 0.0000200 seconds
48.897: [GC (Allocation Failure)  391305K->78060K(1034240K), 0.0036844 secs]
48.901: Total time for which application threads were stopped: 0.0038384 seconds, Stopping threads took: 0.0000268 seconds
48.972: [GC (Allocation Failure)  398572K->77996K(1034240K), 0.0037936 secs]
48.976: Total time for which application threads were stopped: 0.0039812 seconds, Stopping threads took: 0.0000282 seconds
49.043: [GC (Allocation Failure)  398508K->81068K(1034240K), 0.0043968 secs]
49.047: Total time for which application threads were stopped: 0.0045897 seconds, Stopping threads took: 0.0000197 seconds
49.117: [GC (Allocation Failure)  401580K->86062K(1034240K), 0.0039282 secs]
49.121: Total time for which application threads were stopped: 0.0040915 seconds, Stopping threads took: 0.0000196 seconds
49.188: [GC (Allocation Failure)  406574K->86030K(1034240K), 0.0039953 secs]
49.192: Total time for which application threads were stopped: 0.0041519 seconds, Stopping threads took: 0.0000189 seconds
49.259: [GC (Allocation Failure)  406542K->87214K(1034240K), 0.0039826 secs]
49.263: Total time for which application threads were stopped: 0.0041756 seconds, Stopping threads took: 0.0000200 seconds
49.332: [GC (Allocation Failure)  407726K->94128K(1034240K), 0.0039085 secs]
49.336: Total time for which application threads were stopped: 0.0040705 seconds, Stopping threads took: 0.0000202 seconds
49.406: [GC (Allocation Failure)  414640K->94064K(1034240K), 0.0039475 secs]
49.410: Total time for which application threads were stopped: 0.0041140 seconds, Stopping threads took: 0.0000198 seconds
49.477: [GC (Allocation Failure)  414576K->94472K(1034240K), 0.0039150 secs]
49.481: Total time for which application threads were stopped: 0.0040738 seconds, Stopping threads took: 0.0000197 seconds
49.552: [GC (Allocation Failure)  414984K->102154K(1034240K), 0.0065762 secs]
49.558: Total time for which application threads were stopped: 0.0067239 seconds, Stopping threads took: 0.0000257 seconds
49.626: [GC (Allocation Failure)  422666K->102090K(1034240K), 0.0035588 secs]
49.629: Total time for which application threads were stopped: 0.0037164 seconds, Stopping threads took: 0.0000193 seconds
49.698: [GC (Allocation Failure)  422602K->103722K(1034240K), 0.0038682 secs]
49.702: Total time for which application threads were stopped: 0.0040323 seconds, Stopping threads took: 0.0000197 seconds
49.770: [GC (Allocation Failure)  424234K->110157K(1034240K), 0.0037833 secs]
49.773: Total time for which application threads were stopped: 0.0039616 seconds, Stopping threads took: 0.0000221 seconds
49.841: [GC (Allocation Failure)  430669K->110157K(1034240K), 0.0036128 secs]
49.845: Total time for which application threads were stopped: 0.0037923 seconds, Stopping threads took: 0.0000217 seconds
49.912: [GC (Allocation Failure)  430669K->110405K(1033216K), 0.0038793 secs]
49.916: Total time for which application threads were stopped: 0.0040686 seconds, Stopping threads took: 0.0000263 seconds
49.985: [GC (Allocation Failure)  429893K->118151K(1033728K), 0.0039462 secs]
49.989: Total time for which application threads were stopped: 0.0041224 seconds, Stopping threads took: 0.0000203 seconds
50.056: [GC (Allocation Failure)  437639K->118151K(1033728K), 0.0039617 secs]
50.060: Total time for which application threads were stopped: 0.0041252 seconds, Stopping threads took: 0.0000205 seconds
50.127: [GC (Allocation Failure)  437639K->119175K(1033728K), 0.0039134 secs]
50.131: Total time for which application threads were stopped: 0.0040830 seconds, Stopping threads took: 0.0000203 seconds
50.198: [GC (Allocation Failure)  438663K->126217K(1033728K), 0.0038451 secs]
50.202: Total time for which application threads were stopped: 0.0040398 seconds, Stopping threads took: 0.0000206 seconds
50.271: [GC (Allocation Failure)  445705K->126153K(1033728K), 0.0038646 secs]
50.275: Total time for which application threads were stopped: 0.0040332 seconds, Stopping threads took: 0.0000198 seconds
50.341: [GC (Allocation Failure)  445641K->126345K(1033728K), 0.0039312 secs]
50.345: Total time for which application threads were stopped: 0.0041221 seconds, Stopping threads took: 0.0000192 seconds
50.413: [GC (Allocation Failure)  445833K->134251K(1033728K), 0.0038291 secs]
50.417: Total time for which application threads were stopped: 0.0039880 seconds, Stopping threads took: 0.0000175 seconds
50.485: [GC (Allocation Failure)  453739K->134219K(1033728K), 0.0040390 secs]
50.489: Total time for which application threads were stopped: 0.0042345 seconds, Stopping threads took: 0.0000256 seconds
50.556: [GC (Allocation Failure)  453707K->135595K(1033728K), 0.0066748 secs]
50.562: Total time for which application threads were stopped: 0.0068716 seconds, Stopping threads took: 0.0000336 seconds
50.629: [GC (Allocation Failure)  455083K->142318K(1033728K), 0.0040608 secs]
50.633: Total time for which application threads were stopped: 0.0042194 seconds, Stopping threads took: 0.0000172 seconds
50.701: [GC (Allocation Failure)  461806K->142254K(1033728K), 0.0041509 secs]
50.705: Total time for which application threads were stopped: 0.0043122 seconds, Stopping threads took: 0.0000199 seconds
50.771: [GC (Allocation Failure)  461742K->142822K(1033728K), 0.0040986 secs]
50.775: Total time for which application threads were stopped: 0.0042613 seconds, Stopping threads took: 0.0000200 seconds
50.842: [GC (Allocation Failure)  462310K->150312K(1033728K), 0.0039724 secs]
50.846: Total time for which application threads were stopped: 0.0041657 seconds, Stopping threads took: 0.0000210 seconds
50.914: [GC (Allocation Failure)  469800K->150280K(1033728K), 0.0038395 secs]
50.918: Total time for which application threads were stopped: 0.0040093 seconds, Stopping threads took: 0.0000280 seconds
50.984: [GC (Allocation Failure)  469768K->150536K(1033728K), 0.0040305 secs]
50.988: Total time for which application threads were stopped: 0.0042127 seconds, Stopping threads took: 0.0000205 seconds
51.055: [GC (Allocation Failure)  470024K->158346K(1033728K), 0.0040642 secs]
51.059: Total time for which application threads were stopped: 0.0042368 seconds, Stopping threads took: 0.0000202 seconds
51.128: [GC (Allocation Failure)  477834K->158314K(1033728K), 0.0039997 secs]
51.132: Total time for which application threads were stopped: 0.0041783 seconds, Stopping threads took: 0.0000198 seconds
51.199: [GC (Allocation Failure)  477802K->159306K(1033728K), 0.0041746 secs]
51.204: Total time for which application threads were stopped: 0.0043455 seconds, Stopping threads took: 0.0000212 seconds
51.270: [GC (Allocation Failure)  478794K->166381K(1033728K), 0.0037327 secs]
51.274: Total time for which application threads were stopped: 0.0039289 seconds, Stopping threads took: 0.0000206 seconds
51.344: [GC (Allocation Failure)  485869K->166349K(1033728K), 0.0039222 secs]
51.348: Total time for which application threads were stopped: 0.0040714 seconds, Stopping threads took: 0.0000174 seconds
51.415: [GC (Allocation Failure)  485837K->166501K(1019392K), 0.0041889 secs]
51.420: Total time for which application threads were stopped: 0.0043531 seconds, Stopping threads took: 0.0000200 seconds
51.486: [GC (Allocation Failure)  485989K->174407K(1033216K), 0.0039571 secs]
51.490: Total time for which application threads were stopped: 0.0041287 seconds, Stopping threads took: 0.0000203 seconds
51.559: [GC (Allocation Failure)  492871K->174375K(1033216K), 0.0038522 secs]
51.563: Total time for which application threads were stopped: 0.0040111 seconds, Stopping threads took: 0.0000160 seconds
51.630: [GC (Allocation Failure)  492839K->174727K(1033216K), 0.0040359 secs]
51.634: Total time for which application threads were stopped: 0.0042177 seconds, Stopping threads took: 0.0000186 seconds
51.701: [GC (Allocation Failure)  493191K->182409K(1033216K), 0.0039410 secs]
51.705: Total time for which application threads were stopped: 0.0041141 seconds, Stopping threads took: 0.0000204 seconds
51.772: [GC (Allocation Failure)  500873K->182409K(1033216K), 0.0040271 secs]
51.776: Total time for which application threads were stopped: 0.0041947 seconds, Stopping threads took: 0.0000193 seconds
51.841: [GC (Allocation Failure)  500873K->182985K(1033216K), 0.0039479 secs]
51.845: Total time for which application threads were stopped: 0.0041158 seconds, Stopping threads took: 0.0000197 seconds
51.912: [GC (Allocation Failure)  501449K->190443K(1033216K), 0.0040811 secs]
51.916: Total time for which application threads were stopped: 0.0042425 seconds, Stopping threads took: 0.0000199 seconds
51.985: [GC (Allocation Failure)  508907K->190475K(1033216K), 0.0039714 secs]
51.989: Total time for which application threads were stopped: 0.0041383 seconds, Stopping threads took: 0.0000193 seconds
52.054: [GC (Allocation Failure)  508939K->191243K(1033216K), 0.0040502 secs]
52.058: Total time for which application threads were stopped: 0.0042262 seconds, Stopping threads took: 0.0000197 seconds
52.124: [GC (Allocation Failure)  509707K->198510K(1033216K), 0.0041126 secs]
52.128: Total time for which application threads were stopped: 0.0042792 seconds, Stopping threads took: 0.0000194 seconds
52.194: [GC (Allocation Failure)  516974K->198478K(1033216K), 0.0038734 secs]
52.198: Total time for which application threads were stopped: 0.0040712 seconds, Stopping threads took: 0.0000199 seconds
52.264: [GC (Allocation Failure)  516942K->198542K(1033216K), 0.0040586 secs]
52.269: Total time for which application threads were stopped: 0.0042271 seconds, Stopping threads took: 0.0000217 seconds
52.335: [GC (Allocation Failure)  517006K->206512K(1033216K), 0.0040928 secs]
52.339: Total time for which application threads were stopped: 0.0042851 seconds, Stopping threads took: 0.0000206 seconds
52.407: [GC (Allocation Failure)  524976K->206512K(1033216K), 0.0041469 secs]
52.412: Total time for which application threads were stopped: 0.0043002 seconds, Stopping threads took: 0.0000168 seconds
52.476: [GC (Allocation Failure)  524976K->206664K(1033216K), 0.0039366 secs]
52.480: Total time for which application threads were stopped: 0.0041086 seconds, Stopping threads took: 0.0000204 seconds
52.549: [GC (Allocation Failure)  525128K->214570K(1033216K), 0.0051288 secs]
52.554: Total time for which application threads were stopped: 0.0053250 seconds, Stopping threads took: 0.0000256 seconds
52.620: [GC (Allocation Failure)  533034K->214538K(1033216K), 0.0042089 secs]
52.624: Total time for which application threads were stopped: 0.0043780 seconds, Stopping threads took: 0.0000198 seconds
52.689: [GC (Allocation Failure)  533002K->214850K(1033216K), 0.0044107 secs]
52.694: Total time for which application threads were stopped: 0.0045920 seconds, Stopping threads took: 0.0000204 seconds
52.761: [GC (Allocation Failure)  533314K->222596K(1033216K), 0.0040889 secs]
52.765: Total time for which application threads were stopped: 0.0042751 seconds, Stopping threads took: 0.0000210 seconds
52.833: [GC (Allocation Failure)  541060K->222596K(1033216K), 0.0039490 secs]
52.837: Total time for which application threads were stopped: 0.0041265 seconds, Stopping threads took: 0.0000199 seconds
52.902: [GC (Allocation Failure)  541060K->222636K(1033216K), 0.0041716 secs]
52.906: Total time for which application threads were stopped: 0.0043196 seconds, Stopping threads took: 0.0000170 seconds
52.974: [GC (Allocation Failure)  541100K->230639K(1033216K), 0.0041789 secs]
52.978: Total time for which application threads were stopped: 0.0043664 seconds, Stopping threads took: 0.0000358 seconds
53.045: [GC (Allocation Failure)  549103K->230607K(1033216K), 0.0042044 secs]
53.049: Total time for which application threads were stopped: 0.0043741 seconds, Stopping threads took: 0.0000194 seconds
53.116: [GC (Allocation Failure)  549071K->230855K(1033216K), 0.0042564 secs]
53.121: Total time for which application threads were stopped: 0.0044326 seconds, Stopping threads took: 0.0000204 seconds
53.187: [GC (Allocation Failure)  549319K->238633K(1033216K), 0.0043439 secs]
53.192: Total time for which application threads were stopped: 0.0045147 seconds, Stopping threads took: 0.0000203 seconds
53.256: [GC (Allocation Failure)  557097K->234759K(1033216K), 0.0030387 secs]
53.259: Total time for which application threads were stopped: 0.0032049 seconds, Stopping threads took: 0.0000204 seconds
53.329: [GC (Allocation Failure)  553223K->238761K(1034240K), 0.0043230 secs]
53.333: Total time for which application threads were stopped: 0.0045606 seconds, Stopping threads took: 0.0000533 seconds
53.402: [GC (Allocation Failure)  558761K->242761K(1033728K), 0.0040668 secs]
53.406: Total time for which application threads were stopped: 0.0042383 seconds, Stopping threads took: 0.0000202 seconds
53.473: [GC (Allocation Failure)  562761K->250279K(1029120K), 0.0074906 secs]
53.480: Total time for which application threads were stopped: 0.0076768 seconds, Stopping threads took: 0.0000204 seconds
53.548: [GC (Allocation Failure)  565671K->244041K(1031680K), 0.0050510 secs]
53.553: Total time for which application threads were stopped: 0.0052266 seconds, Stopping threads took: 0.0000276 seconds
53.620: [GC (Allocation Failure)  559433K->244009K(1032192K), 0.0040879 secs]
53.625: Total time for which application threads were stopped: 0.0042604 seconds, Stopping threads took: 0.0000209 seconds
53.690: [GC (Allocation Failure)  559913K->247017K(1031680K), 0.0047743 secs]
53.695: Total time for which application threads were stopped: 0.0049373 seconds, Stopping threads took: 0.0000198 seconds
53.763: [GC (Allocation Failure)  562921K->252043K(1032704K), 0.0043887 secs]
53.767: Total time for which application threads were stopped: 0.0045525 seconds, Stopping threads took: 0.0000208 seconds
53.834: [GC (Allocation Failure)  569483K->252043K(1032704K), 0.0040425 secs]
53.838: Total time for which application threads were stopped: 0.0042087 seconds, Stopping threads took: 0.0000212 seconds
53.905: [GC (Allocation Failure)  569483K->254723K(1033216K), 0.0047080 secs]
53.910: Total time for which application threads were stopped: 0.0048783 seconds, Stopping threads took: 0.0000270 seconds
53.978: [GC (Allocation Failure)  573187K->260165K(1033216K), 0.0042570 secs]
53.982: Total time for which application threads were stopped: 0.0044355 seconds, Stopping threads took: 0.0000260 seconds
54.049: [GC (Allocation Failure)  578629K->260069K(1033728K), 0.0043859 secs]
54.054: Total time for which application threads were stopped: 0.0045572 seconds, Stopping threads took: 0.0000198 seconds
54.121: [GC (Allocation Failure)  579557K->264005K(1033728K), 0.0051624 secs]
54.126: Total time for which application threads were stopped: 0.0053382 seconds, Stopping threads took: 0.0000212 seconds
54.195: [GC (Allocation Failure)  583493K->268264K(1034240K), 0.0051196 secs]
54.200: Total time for which application threads were stopped: 0.0052893 seconds, Stopping threads took: 0.0000202 seconds
54.268: [GC (Allocation Failure)  588776K->268104K(1034240K), 0.0041224 secs]
54.272: Total time for which application threads were stopped: 0.0043028 seconds, Stopping threads took: 0.0000200 seconds
54.339: [GC (Allocation Failure)  588616K->269160K(1034240K), 0.0044335 secs]
54.343: Total time for which application threads were stopped: 0.0046212 seconds, Stopping threads took: 0.0000302 seconds
54.413: [GC (Allocation Failure)  589672K->276202K(1034240K), 0.0039807 secs]
54.417: Total time for which application threads were stopped: 0.0041578 seconds, Stopping threads took: 0.0000266 seconds
54.483: [GC (Allocation Failure)  596714K->276138K(1034240K), 0.0041732 secs]
54.488: Total time for which application threads were stopped: 0.0043350 seconds, Stopping threads took: 0.0000202 seconds
54.556: [GC (Allocation Failure)  596650K->279434K(1034240K), 0.0049774 secs]
54.561: Total time for which application threads were stopped: 0.0051383 seconds, Stopping threads took: 0.0000223 seconds
54.629: [GC (Allocation Failure)  599946K->284172K(1034752K), 0.0042039 secs]
54.633: Total time for which application threads were stopped: 0.0043551 seconds, Stopping threads took: 0.0000176 seconds
54.700: [GC (Allocation Failure)  605708K->284172K(1034752K), 0.0041958 secs]
54.705: Total time for which application threads were stopped: 0.0043686 seconds, Stopping threads took: 0.0000263 seconds
54.772: [GC (Allocation Failure)  605708K->287660K(1034752K), 0.0071992 secs]
54.779: Total time for which application threads were stopped: 0.0073540 seconds, Stopping threads took: 0.0000207 seconds
54.846: [GC (Allocation Failure)  609196K->292238K(1034752K), 0.0042426 secs]
54.850: Total time for which application threads were stopped: 0.0044020 seconds, Stopping threads took: 0.0000184 seconds
54.917: [GC (Allocation Failure)  613774K->292206K(1035264K), 0.0041152 secs]
54.921: Total time for which application threads were stopped: 0.0042740 seconds, Stopping threads took: 0.0000253 seconds
54.988: [GC (Allocation Failure)  614254K->293350K(1034752K), 0.0042519 secs]
54.992: Total time for which application threads were stopped: 0.0044146 seconds, Stopping threads took: 0.0000198 seconds
55.060: [GC (Allocation Failure)  615398K->300233K(1034752K), 0.0042644 secs]
55.065: Total time for which application threads were stopped: 0.0044211 seconds, Stopping threads took: 0.0000196 seconds
55.131: [GC (Allocation Failure)  621769K->300265K(1034752K), 0.0050121 secs]
55.136: Total time for which application threads were stopped: 0.0051729 seconds, Stopping threads took: 0.0000195 seconds
55.202: [GC (Allocation Failure)  621801K->303113K(1034752K), 0.0047457 secs]
55.206: Total time for which application threads were stopped: 0.0049005 seconds, Stopping threads took: 0.0000195 seconds
55.276: [GC (Allocation Failure)  624649K->308395K(1034752K), 0.0042458 secs]
55.280: Total time for which application threads were stopped: 0.0044114 seconds, Stopping threads took: 0.0000193 seconds
55.347: [GC (Allocation Failure)  629931K->308331K(1034752K), 0.0042424 secs]
55.352: Total time for which application threads were stopped: 0.0044089 seconds, Stopping threads took: 0.0000201 seconds
55.417: [GC (Allocation Failure)  629867K->312387K(1034752K), 0.0052320 secs]
55.423: Total time for which application threads were stopped: 0.0054014 seconds, Stopping threads took: 0.0000205 seconds
55.490: [GC (Allocation Failure)  633923K->316357K(1035264K), 0.0042197 secs]
55.494: Total time for which application threads were stopped: 0.0044025 seconds, Stopping threads took: 0.0000206 seconds
55.566: [GC (Allocation Failure)  638917K->316325K(1035264K), 0.0042428 secs]
55.570: Total time for which application threads were stopped: 0.0044469 seconds, Stopping threads took: 0.0000227 seconds
55.640: [GC (Allocation Failure)  638885K->319597K(1035264K), 0.0048235 secs]
55.645: Total time for which application threads were stopped: 0.0049825 seconds, Stopping threads took: 0.0000171 seconds
55.713: [GC (Allocation Failure)  642157K->324304K(1035264K), 0.0043539 secs]
55.718: Total time for which application threads were stopped: 0.0045352 seconds, Stopping threads took: 0.0000200 seconds
55.786: [GC (Allocation Failure)  646864K->324336K(1035264K), 0.0042938 secs]
55.790: Total time for which application threads were stopped: 0.0044764 seconds, Stopping threads took: 0.0000349 seconds
55.857: [GC (Allocation Failure)  646896K->327816K(1035264K), 0.0048720 secs]
55.862: Total time for which application threads were stopped: 0.0050377 seconds, Stopping threads took: 0.0000259 seconds
55.930: [GC (Allocation Failure)  650376K->332362K(1035776K), 0.0044388 secs]
55.934: Total time for which application threads were stopped: 0.0046143 seconds, Stopping threads took: 0.0000209 seconds
56.004: [GC (Allocation Failure)  655946K->332394K(1035776K), 0.0042205 secs]
56.008: Total time for which application threads were stopped: 0.0043935 seconds, Stopping threads took: 0.0000198 seconds
56.077: [GC (Allocation Failure)  655978K->334026K(1034752K), 0.0044760 secs]
56.081: Total time for which application threads were stopped: 0.0046276 seconds, Stopping threads took: 0.0000172 seconds
56.148: [GC (Allocation Failure)  656586K->340396K(1035264K), 0.0043924 secs]
56.153: Total time for which application threads were stopped: 0.0045689 seconds, Stopping threads took: 0.0000191 seconds
56.222: [GC (Allocation Failure)  662956K->340396K(1035264K), 0.0043249 secs]
56.226: Total time for which application threads were stopped: 0.0044875 seconds, Stopping threads took: 0.0000202 seconds
56.294: [GC (Allocation Failure)  662956K->342252K(1035264K), 0.0046140 secs]
56.298: Total time for which application threads were stopped: 0.0047762 seconds, Stopping threads took: 0.0000199 seconds
56.368: [GC (Allocation Failure)  664812K->348558K(1035264K), 0.0043853 secs]
56.372: Total time for which application threads were stopped: 0.0045507 seconds, Stopping threads took: 0.0000254 seconds
56.441: [GC (Allocation Failure)  671118K->348430K(1035264K), 0.0042171 secs]
56.446: Total time for which application threads were stopped: 0.0043904 seconds, Stopping threads took: 0.0000192 seconds
56.514: [GC (Allocation Failure)  670990K->342444K(1035264K), 0.0019929 secs]
56.516: Total time for which application threads were stopped: 0.0021430 seconds, Stopping threads took: 0.0000193 seconds
56.586: [GC (Allocation Failure)  665004K->348462K(1035264K), 0.0042493 secs]
56.591: Total time for which application threads were stopped: 0.0044422 seconds, Stopping threads took: 0.0000195 seconds
56.660: [GC (Allocation Failure)  671022K->348398K(1035264K), 0.0042446 secs]
56.664: Total time for which application threads were stopped: 0.0043931 seconds, Stopping threads took: 0.0000164 seconds
56.732: [GC (Allocation Failure)  670958K->346764K(1035264K), 0.0036226 secs]
56.736: Total time for which application threads were stopped: 0.0037935 seconds, Stopping threads took: 0.0000194 seconds
56.805: [GC (Allocation Failure)  669324K->348686K(1035776K), 0.0043881 secs]
56.809: Total time for which application threads were stopped: 0.0045502 seconds, Stopping threads took: 0.0000199 seconds
56.877: [GC (Allocation Failure)  672270K->348430K(1035776K), 0.0042601 secs]
56.881: Total time for which application threads were stopped: 0.0044598 seconds, Stopping threads took: 0.0000255 seconds
56.948: [GC (Allocation Failure)  672014K->353100K(1032704K), 0.0062910 secs]
56.955: Total time for which application threads were stopped: 0.0064383 seconds, Stopping threads took: 0.0000169 seconds
57.022: [GC (Allocation Failure)  673612K->348622K(1034240K), 0.0042783 secs]
57.027: Total time for which application threads were stopped: 0.0044812 seconds, Stopping threads took: 0.0000282 seconds
57.096: [GC (Allocation Failure)  669134K->348398K(1034752K), 0.0043001 secs]
57.101: Total time for which application threads were stopped: 0.0044846 seconds, Stopping threads took: 0.0000167 seconds
57.170: [GC (Allocation Failure)  669422K->351756K(1034240K), 0.0056730 secs]
57.176: Total time for which application threads were stopped: 0.0058201 seconds, Stopping threads took: 0.0000159 seconds
57.244: [GC (Allocation Failure)  672780K->348590K(1034752K), 0.0045338 secs]
57.249: Total time for which application threads were stopped: 0.0047115 seconds, Stopping threads took: 0.0000195 seconds
57.317: [GC (Allocation Failure)  669614K->348430K(1034240K), 0.0044211 secs]
57.322: Total time for which application threads were stopped: 0.0045850 seconds, Stopping threads took: 0.0000198 seconds
57.389: [GC (Allocation Failure)  669454K->351468K(1033216K), 0.0055648 secs]
57.395: Total time for which application threads were stopped: 0.0057291 seconds, Stopping threads took: 0.0000253 seconds
57.463: [GC (Allocation Failure)  671980K->348526K(1034240K), 0.0043499 secs]
57.468: Total time for which application threads were stopped: 0.0045260 seconds, Stopping threads took: 0.0000273 seconds
57.536: [GC (Allocation Failure)  669038K->348398K(1035264K), 0.0046310 secs]
57.540: Total time for which application threads were stopped: 0.0048409 seconds, Stopping threads took: 0.0000250 seconds
57.609: [GC (Allocation Failure)  670446K->351116K(1034752K), 0.0056159 secs]
57.615: Total time for which application threads were stopped: 0.0057632 seconds, Stopping threads took: 0.0000161 seconds
57.682: [GC (Allocation Failure)  673164K->348462K(1035264K), 0.0045115 secs]
57.687: Total time for which application threads were stopped: 0.0046740 seconds, Stopping threads took: 0.0000195 seconds
57.755: [GC (Allocation Failure)  670510K->348430K(1034752K), 0.0044387 secs]
57.759: Total time for which application threads were stopped: 0.0046077 seconds, Stopping threads took: 0.0000203 seconds
57.827: [GC (Allocation Failure)  670478K->353844K(1032704K), 0.0066255 secs]
57.833: Total time for which application threads were stopped: 0.0068345 seconds, Stopping threads took: 0.0000272 seconds
57.903: [GC (Allocation Failure)  674356K->349366K(1034240K), 0.0041765 secs]
57.908: Total time for which application threads were stopped: 0.0043434 seconds, Stopping threads took: 0.0000251 seconds
57.976: [GC (Allocation Failure)  669878K->349110K(1035264K), 0.0041570 secs]
57.980: Total time for which application threads were stopped: 0.0043487 seconds, Stopping threads took: 0.0000200 seconds
58.049: [GC (Allocation Failure)  671158K->354292K(1034752K), 0.0063688 secs]
58.055: Total time for which application threads were stopped: 0.0065158 seconds, Stopping threads took: 0.0000158 seconds
58.124: [GC (Allocation Failure)  676340K->349302K(1033728K), 0.0064567 secs]
58.130: Total time for which application threads were stopped: 0.0066060 seconds, Stopping threads took: 0.0000193 seconds
58.199: [GC (Allocation Failure)  669814K->349110K(1034240K), 0.0044203 secs]
58.204: Total time for which application threads were stopped: 0.0045967 seconds, Stopping threads took: 0.0000190 seconds
58.271: [GC (Allocation Failure)  669622K->353972K(1032704K), 0.0065288 secs]
58.278: Total time for which application threads were stopped: 0.0067319 seconds, Stopping threads took: 0.0000273 seconds
58.346: [GC (Allocation Failure)  673460K->349206K(1033728K), 0.0043623 secs]
58.351: Total time for which application threads were stopped: 0.0045441 seconds, Stopping threads took: 0.0000198 seconds
58.419: [GC (Allocation Failure)  668694K->349110K(1034240K), 0.0044632 secs]
58.424: Total time for which application threads were stopped: 0.0046323 seconds, Stopping threads took: 0.0000270 seconds
58.491: [GC (Allocation Failure)  669110K->349556K(1033728K), 0.0044868 secs]
58.496: Total time for which application threads were stopped: 0.0046512 seconds, Stopping threads took: 0.0000199 seconds
58.565: [GC (Allocation Failure)  669556K->349174K(1034752K), 0.0049729 secs]
58.570: Total time for which application threads were stopped: 0.0051535 seconds, Stopping threads took: 0.0000171 seconds
58.636: [GC (Allocation Failure)  670710K->349110K(1034752K), 0.0042998 secs]
58.641: Total time for which application threads were stopped: 0.0044490 seconds, Stopping threads took: 0.0000178 seconds
58.708: [GC (Allocation Failure)  670646K->349204K(1035264K), 0.0045887 secs]
58.712: Total time for which application threads were stopped: 0.0047850 seconds, Stopping threads took: 0.0000197 seconds
58.782: [GC (Allocation Failure)  671764K->349142K(1035264K), 0.0041613 secs]
58.786: Total time for which application threads were stopped: 0.0043286 seconds, Stopping threads took: 0.0000175 seconds
58.856: [GC (Allocation Failure)  671702K->349110K(1035776K), 0.0045063 secs]
58.861: Total time for which application threads were stopped: 0.0046670 seconds, Stopping threads took: 0.0000201 seconds
58.929: [GC (Allocation Failure)  672694K->354508K(1035776K), 0.0067180 secs]
58.936: Total time for which application threads were stopped: 0.0068895 seconds, Stopping threads took: 0.0000165 seconds
59.006: [GC (Allocation Failure)  678092K->349966K(1033728K), 0.0042954 secs]
59.010: Total time for which application threads were stopped: 0.0045718 seconds, Stopping threads took: 0.0001360 seconds
59.077: [GC (Allocation Failure)  671502K->349774K(1034752K), 0.0044235 secs]
59.081: Total time for which application threads were stopped: 0.0046146 seconds, Stopping threads took: 0.0000198 seconds
59.148: [GC (Allocation Failure)  671310K->342060K(1033216K), 0.0012717 secs]
59.149: Total time for which application threads were stopped: 0.0013943 seconds, Stopping threads took: 0.0000201 seconds
59.218: [GC (Allocation Failure)  662572K->349974K(1034240K), 0.0045114 secs]
59.223: Total time for which application threads were stopped: 0.0047055 seconds, Stopping threads took: 0.0000202 seconds
59.293: [GC (Allocation Failure)  670486K->353926K(1035264K), 0.0057989 secs]
59.299: Total time for which application threads were stopped: 0.0059574 seconds, Stopping threads took: 0.0000174 seconds
59.367: [GC (Allocation Failure)  675974K->345956K(1021952K), 0.0011159 secs]
59.368: Total time for which application threads were stopped: 0.0012550 seconds, Stopping threads took: 0.0000196 seconds
59.437: [GC (Allocation Failure)  668004K->354062K(1034752K), 0.0045991 secs]
59.442: Total time for which application threads were stopped: 0.0047478 seconds, Stopping threads took: 0.0000171 seconds
59.509: [GC (Allocation Failure)  675086K->358070K(1034240K), 0.0058818 secs]
59.515: Total time for which application threads were stopped: 0.0060419 seconds, Stopping threads took: 0.0000200 seconds
59.582: [GC (Allocation Failure)  679094K->350804K(1034240K), 0.0013914 secs]
59.583: Total time for which application threads were stopped: 0.0015198 seconds, Stopping threads took: 0.0000197 seconds
59.651: [GC (Allocation Failure)  672340K->358142K(1034752K), 0.0042972 secs]
59.655: Total time for which application threads were stopped: 0.0044878 seconds, Stopping threads took: 0.0000192 seconds
59.724: [GC (Allocation Failure)  679678K->362198K(1035264K), 0.0055389 secs]
59.729: Total time for which application threads were stopped: 0.0057067 seconds, Stopping threads took: 0.0000173 seconds
59.798: [GC (Allocation Failure)  684758K->357172K(1035264K), 0.0025159 secs]
59.801: Total time for which application threads were stopped: 0.0026718 seconds, Stopping threads took: 0.0000203 seconds
59.871: [GC (Allocation Failure)  679732K->362270K(1035776K), 0.0043883 secs]
59.875: Total time for which application threads were stopped: 0.0045675 seconds, Stopping threads took: 0.0000287 seconds
59.944: [GC (Allocation Failure)  685342K->366350K(1035264K), 0.0043813 secs]
59.948: Total time for which application threads were stopped: 0.0045521 seconds, Stopping threads took: 0.0000199 seconds
60.015: [GC (Allocation Failure)  689422K->366350K(1035776K), 0.0044043 secs]
60.020: Total time for which application threads were stopped: 0.0045740 seconds, Stopping threads took: 0.0000190 seconds
60.089: [GC (Allocation Failure)  689934K->366598K(1023488K), 0.0045467 secs]
60.094: Total time for which application threads were stopped: 0.0047494 seconds, Stopping threads took: 0.0000200 seconds
60.162: [GC (Allocation Failure)  690182K->374377K(1035264K), 0.0044496 secs]
60.167: Total time for which application threads were stopped: 0.0046205 seconds, Stopping threads took: 0.0000200 seconds
60.235: [GC (Allocation Failure)  696937K->374409K(1035264K), 0.0045201 secs]
60.239: Total time for which application threads were stopped: 0.0047014 seconds, Stopping threads took: 0.0000210 seconds
60.307: [GC (Allocation Failure)  696969K->374441K(1034240K), 0.0044023 secs]
60.312: Total time for which application threads were stopped: 0.0045621 seconds, Stopping threads took: 0.0000196 seconds
60.380: [GC (Allocation Failure)  695977K->382411K(1034752K), 0.0042737 secs]
60.384: Total time for which application threads were stopped: 0.0044487 seconds, Stopping threads took: 0.0000274 seconds
60.450: [GC (Allocation Failure)  703947K->382411K(1034752K), 0.0045483 secs]
60.455: Total time for which application threads were stopped: 0.0047093 seconds, Stopping threads took: 0.0000201 seconds
60.521: [GC (Allocation Failure)  703947K->382571K(1021440K), 0.0044378 secs]
60.526: Total time for which application threads were stopped: 0.0046316 seconds, Stopping threads took: 0.0000198 seconds
60.595: [GC (Allocation Failure)  704107K->390477K(1034240K), 0.0045294 secs]
60.600: Total time for which application threads were stopped: 0.0047139 seconds, Stopping threads took: 0.0000178 seconds
60.669: [GC (Allocation Failure)  710989K->390445K(1034240K), 0.0042260 secs]
60.673: Total time for which application threads were stopped: 0.0044059 seconds, Stopping threads took: 0.0000199 seconds
60.741: [GC (Allocation Failure)  710957K->390797K(1034240K), 0.0044232 secs]
60.746: Total time for which application threads were stopped: 0.0046063 seconds, Stopping threads took: 0.0000187 seconds
60.813: [GC (Allocation Failure)  711309K->398479K(1034240K), 0.0046293 secs]
60.818: Total time for which application threads were stopped: 0.0047998 seconds, Stopping threads took: 0.0000201 seconds
60.886: [GC (Allocation Failure)  718991K->398479K(1034240K), 0.0042466 secs]
60.890: Total time for which application threads were stopped: 0.0044318 seconds, Stopping threads took: 0.0000449 seconds
60.957: [GC (Allocation Failure)  718991K->399015K(1020928K), 0.0043095 secs]
60.961: Total time for which application threads were stopped: 0.0044710 seconds, Stopping threads took: 0.0000198 seconds
61.029: [GC (Allocation Failure)  719527K->406506K(1033728K), 0.0044736 secs]
61.034: Total time for which application threads were stopped: 0.0046460 seconds, Stopping threads took: 0.0000199 seconds
61.103: [GC (Allocation Failure)  725994K->406538K(1033728K), 0.0046443 secs]
61.107: Total time for which application threads were stopped: 0.0048135 seconds, Stopping threads took: 0.0000280 seconds
61.174: [GC (Allocation Failure)  726026K->406762K(1033728K), 0.0045408 secs]
61.178: Total time for which application threads were stopped: 0.0047208 seconds, Stopping threads took: 0.0000349 seconds
61.245: [GC (Allocation Failure)  726250K->414508K(1033728K), 0.0044664 secs]
61.250: Total time for which application threads were stopped: 0.0046585 seconds, Stopping threads took: 0.0000199 seconds
61.318: [GC (Allocation Failure)  733996K->410666K(1034240K), 0.0032393 secs]
61.321: Total time for which application threads were stopped: 0.0033858 seconds, Stopping threads took: 0.0000171 seconds
61.390: [GC (Allocation Failure)  730666K->414668K(1033728K), 0.0045256 secs]
61.394: Total time for which application threads were stopped: 0.0046937 seconds, Stopping threads took: 0.0000273 seconds
61.462: [GC (Allocation Failure)  734668K->418668K(1034752K), 0.0041654 secs]
61.466: Total time for which application threads were stopped: 0.0043609 seconds, Stopping threads took: 0.0000205 seconds
61.535: [GC (Allocation Failure)  740204K->412906K(1034752K), 0.0073471 secs]
61.542: Total time for which application threads were stopped: 0.0075434 seconds, Stopping threads took: 0.0000244 seconds
61.611: [GC (Allocation Failure)  734442K->418764K(1035776K), 0.0045222 secs]
61.616: Total time for which application threads were stopped: 0.0046841 seconds, Stopping threads took: 0.0000202 seconds
61.684: [GC (Allocation Failure)  741324K->422812K(1034752K), 0.0047675 secs]
61.689: Total time for which application threads were stopped: 0.0049339 seconds, Stopping threads took: 0.0000197 seconds
61.755: [GC (Allocation Failure)  745110K->418938K(1035776K), 0.0034097 secs]
61.758: Total time for which application threads were stopped: 0.0035909 seconds, Stopping threads took: 0.0000241 seconds
61.827: [GC (Allocation Failure)  742010K->422972K(1035264K), 0.0045219 secs]
61.831: Total time for which application threads were stopped: 0.0047155 seconds, Stopping threads took: 0.0000196 seconds
61.902: [GC (Allocation Failure)  746044K->426940K(1035264K), 0.0043052 secs]
61.906: Total time for which application threads were stopped: 0.0044720 seconds, Stopping threads took: 0.0000256 seconds
61.976: [GC (Allocation Failure)  750524K->426940K(1035776K), 0.0043803 secs]
61.981: Total time for which application threads were stopped: 0.0045418 seconds, Stopping threads took: 0.0000203 seconds
62.048: [GC (Allocation Failure)  750524K->427012K(1034752K), 0.0045407 secs]
62.053: Total time for which application threads were stopped: 0.0047030 seconds, Stopping threads took: 0.0000194 seconds
62.120: [GC (Allocation Failure)  749572K->435014K(1035264K), 0.0046485 secs]
62.125: Total time for which application threads were stopped: 0.0048191 seconds, Stopping threads took: 0.0000202 seconds
62.193: [GC (Allocation Failure)  757574K->434982K(1034240K), 0.0046676 secs]
62.198: Total time for which application threads were stopped: 0.0048547 seconds, Stopping threads took: 0.0000200 seconds
62.265: [GC (Allocation Failure)  756518K->435014K(1034752K), 0.0076407 secs]
62.273: Total time for which application threads were stopped: 0.0077927 seconds, Stopping threads took: 0.0000202 seconds
62.341: [GC (Allocation Failure)  756550K->443016K(1034752K), 0.0044850 secs]
62.346: Total time for which application threads were stopped: 0.0046485 seconds, Stopping threads took: 0.0000206 seconds
62.413: [GC (Allocation Failure)  764552K->443016K(1029120K), 0.0043700 secs]
62.417: Total time for which application threads were stopped: 0.0045395 seconds, Stopping threads took: 0.0000287 seconds
62.482: [GC (Allocation Failure)  764552K->443272K(1034240K), 0.0043745 secs]
62.487: Total time for which application threads were stopped: 0.0045547 seconds, Stopping threads took: 0.0000195 seconds
62.558: [GC (Allocation Failure)  763784K->451083K(1034240K), 0.0045179 secs]
62.562: Total time for which application threads were stopped: 0.0046828 seconds, Stopping threads took: 0.0000170 seconds
62.630: [GC (Allocation Failure)  771595K->451083K(1034240K), 0.0045472 secs]
62.635: Total time for which application threads were stopped: 0.0047144 seconds, Stopping threads took: 0.0000192 seconds
62.702: [GC (Allocation Failure)  771595K->451499K(1020416K), 0.0046395 secs]
62.707: Total time for which application threads were stopped: 0.0048263 seconds, Stopping threads took: 0.0000192 seconds
62.773: [GC (Allocation Failure)  772011K->459117K(1033728K), 0.0045084 secs]
62.777: Total time for which application threads were stopped: 0.0046678 seconds, Stopping threads took: 0.0000196 seconds
62.844: [GC (Allocation Failure)  778605K->459085K(1033728K), 0.0043471 secs]
62.849: Total time for which application threads were stopped: 0.0045415 seconds, Stopping threads took: 0.0000202 seconds
62.916: [GC (Allocation Failure)  778573K->459205K(1033728K), 0.0045770 secs]
62.920: Total time for which application threads were stopped: 0.0047491 seconds, Stopping threads took: 0.0000203 seconds
62.989: [GC (Allocation Failure)  778693K->467143K(1033728K), 0.0045135 secs]
62.994: Total time for which application threads were stopped: 0.0047143 seconds, Stopping threads took: 0.0000263 seconds
63.062: [GC (Allocation Failure)  786631K->467079K(1033728K), 0.0051856 secs]
63.067: Total time for which application threads were stopped: 0.0053546 seconds, Stopping threads took: 0.0000197 seconds
63.133: [GC (Allocation Failure)  786567K->467175K(1033728K), 0.0046529 secs]
63.138: Total time for which application threads were stopped: 0.0048273 seconds, Stopping threads took: 0.0000208 seconds
63.205: [GC (Allocation Failure)  786663K->475178K(1032704K), 0.0047240 secs]
63.210: Total time for which application threads were stopped: 0.0049067 seconds, Stopping threads took: 0.0000215 seconds
63.277: [GC (Allocation Failure)  793642K->469543K(1033216K), 0.0023610 secs]
63.279: Total time for which application threads were stopped: 0.0025243 seconds, Stopping threads took: 0.0000198 seconds
63.348: [GC (Allocation Failure)  788007K->475402K(1034752K), 0.0044661 secs]
63.353: Total time for which application threads were stopped: 0.0046302 seconds, Stopping threads took: 0.0000203 seconds
63.422: [GC (Allocation Failure)  795914K->479266K(1033728K), 0.0048429 secs]
63.427: Total time for which application threads were stopped: 0.0050324 seconds, Stopping threads took: 0.0000203 seconds
63.494: [GC (Allocation Failure)  799778K->486183K(1029120K), 0.0076126 secs]
63.502: Total time for which application threads were stopped: 0.0077917 seconds, Stopping threads took: 0.0000199 seconds
63.571: [GC (Allocation Failure)  801575K->480106K(1031680K), 0.0048238 secs]
63.576: Total time for which application threads were stopped: 0.0050179 seconds, Stopping threads took: 0.0000195 seconds
63.642: [GC (Allocation Failure)  795498K->479946K(1032704K), 0.0046404 secs]
63.647: Total time for which application threads were stopped: 0.0047887 seconds, Stopping threads took: 0.0000168 seconds
63.712: [GC (Allocation Failure)  796874K->483306K(1032192K), 0.0053492 secs]
63.717: Total time for which application threads were stopped: 0.0055246 seconds, Stopping threads took: 0.0000267 seconds
63.785: [GC (Allocation Failure)  800234K->488076K(1033216K), 0.0046821 secs]
63.789: Total time for which application threads were stopped: 0.0048600 seconds, Stopping threads took: 0.0000208 seconds
63.857: [GC (Allocation Failure)  806028K->487916K(1032704K), 0.0046317 secs]
63.862: Total time for which application threads were stopped: 0.0048464 seconds, Stopping threads took: 0.0000221 seconds
63.930: [GC (Allocation Failure)  805868K->488972K(1033216K), 0.0050112 secs]
63.935: Total time for which application threads were stopped: 0.0051882 seconds, Stopping threads took: 0.0000278 seconds
64.002: [GC (Allocation Failure)  807436K->495982K(1033216K), 0.0047009 secs]
64.006: Total time for which application threads were stopped: 0.0048618 seconds, Stopping threads took: 0.0000202 seconds
64.073: [GC (Allocation Failure)  814446K->496014K(1033728K), 0.0046071 secs]
64.078: Total time for which application threads were stopped: 0.0047697 seconds, Stopping threads took: 0.0000203 seconds
64.144: [GC (Allocation Failure)  814990K->497638K(1033216K), 0.0048861 secs]
64.149: Total time for which application threads were stopped: 0.0050459 seconds, Stopping threads took: 0.0000195 seconds
64.217: [GC (Allocation Failure)  816614K->504072K(1033728K), 0.0044661 secs]
64.221: Total time for which application threads were stopped: 0.0046290 seconds, Stopping threads took: 0.0000199 seconds
64.288: [GC (Allocation Failure)  823560K->504008K(1033728K), 0.0046600 secs]
64.293: Total time for which application threads were stopped: 0.0048250 seconds, Stopping threads took: 0.0000203 seconds
64.360: [GC (Allocation Failure)  823496K->504360K(1033728K), 0.0046830 secs]
64.365: Total time for which application threads were stopped: 0.0048445 seconds, Stopping threads took: 0.0000194 seconds
64.433: [GC (Allocation Failure)  823848K->512075K(1033728K), 0.0047266 secs]
64.438: Total time for which application threads were stopped: 0.0048847 seconds, Stopping threads took: 0.0000282 seconds
64.507: [GC (Allocation Failure)  831563K->512043K(1033728K), 0.0045361 secs]
64.512: Total time for which application threads were stopped: 0.0047037 seconds, Stopping threads took: 0.0000180 seconds
64.579: [GC (Allocation Failure)  831531K->515659K(1033728K), 0.0052842 secs]
64.585: Total time for which application threads were stopped: 0.0054428 seconds, Stopping threads took: 0.0000199 seconds
64.652: [GC (Allocation Failure)  835147K->520141K(1034240K), 0.0048947 secs]
64.657: Total time for which application threads were stopped: 0.0050749 seconds, Stopping threads took: 0.0000200 seconds
64.724: [GC (Allocation Failure)  840653K->520077K(1034240K), 0.0046337 secs]
64.729: Total time for which application threads were stopped: 0.0047918 seconds, Stopping threads took: 0.0000194 seconds
64.795: [GC (Allocation Failure)  840589K->520805K(1034240K), 0.0048576 secs]
64.799: Total time for which application threads were stopped: 0.0050332 seconds, Stopping threads took: 0.0000196 seconds
64.867: [GC (Allocation Failure)  841317K->528135K(1034240K), 0.0044415 secs]
64.872: Total time for which application threads were stopped: 0.0046141 seconds, Stopping threads took: 0.0000268 seconds
64.941: [GC (Allocation Failure)  848647K->528135K(1034240K), 0.0046884 secs]
64.946: Total time for which application threads were stopped: 0.0048432 seconds, Stopping threads took: 0.0000165 seconds
65.012: [GC (Allocation Failure)  848647K->529031K(1034240K), 0.0046410 secs]
65.017: Total time for which application threads were stopped: 0.0047896 seconds, Stopping threads took: 0.0000168 seconds
65.085: [GC (Allocation Failure)  849543K->536137K(1034240K), 0.0048383 secs]
65.090: Total time for which application threads were stopped: 0.0049999 seconds, Stopping threads took: 0.0000202 seconds
65.157: [GC (Allocation Failure)  856649K->536137K(1034240K), 0.0055130 secs]
65.163: Total time for which application threads were stopped: 0.0056997 seconds, Stopping threads took: 0.0000213 seconds
65.231: [GC (Allocation Failure)  856649K->537289K(1034240K), 0.0046758 secs]
65.236: Total time for which application threads were stopped: 0.0048471 seconds, Stopping threads took: 0.0000219 seconds
65.303: [GC (Allocation Failure)  857801K->544236K(1034240K), 0.0049607 secs]
65.309: Total time for which application threads were stopped: 0.0051252 seconds, Stopping threads took: 0.0000202 seconds
65.376: [GC (Allocation Failure)  864748K->544172K(1034240K), 0.0046271 secs]
65.381: Total time for which application threads were stopped: 0.0047980 seconds, Stopping threads took: 0.0000276 seconds
65.448: [GC (Allocation Failure)  864684K->544524K(1020416K), 0.0047706 secs]
65.453: Total time for which application threads were stopped: 0.0049381 seconds, Stopping threads took: 0.0000265 seconds
65.521: [GC (Allocation Failure)  865036K->552270K(1033728K), 0.0049771 secs]
65.526: Total time for which application threads were stopped: 0.0051437 seconds, Stopping threads took: 0.0000190 seconds
65.593: [GC (Allocation Failure)  871758K->552238K(1033728K), 0.0047132 secs]
65.598: Total time for which application threads were stopped: 0.0048942 seconds, Stopping threads took: 0.0000205 seconds
65.666: [GC (Allocation Failure)  871726K->552742K(1033728K), 0.0047143 secs]
65.671: Total time for which application threads were stopped: 0.0048944 seconds, Stopping threads took: 0.0000216 seconds
65.739: [GC (Allocation Failure)  872230K->560296K(1033728K), 0.0048138 secs]
65.744: Total time for which application threads were stopped: 0.0049693 seconds, Stopping threads took: 0.0000191 seconds
65.811: [GC (Allocation Failure)  879784K->560232K(1033728K), 0.0046120 secs]
65.815: Total time for which application threads were stopped: 0.0048012 seconds, Stopping threads took: 0.0000194 seconds
65.883: [GC (Allocation Failure)  879720K->560968K(1033728K), 0.0048887 secs]
65.888: Total time for which application threads were stopped: 0.0050644 seconds, Stopping threads took: 0.0000260 seconds
65.956: [GC (Allocation Failure)  880456K->568266K(1033728K), 0.0048178 secs]
65.960: Total time for which application threads were stopped: 0.0049787 seconds, Stopping threads took: 0.0000201 seconds
66.027: [GC (Allocation Failure)  887754K->568266K(1033728K), 0.0048566 secs]
66.032: Total time for which application threads were stopped: 0.0050516 seconds, Stopping threads took: 0.0000206 seconds
66.100: [GC (Allocation Failure)  887754K->570250K(1033728K), 0.0050152 secs]
66.105: Total time for which application threads were stopped: 0.0051862 seconds, Stopping threads took: 0.0000170 seconds
66.174: [GC (Allocation Failure)  889738K->576301K(1033728K), 0.0048511 secs]
66.179: Total time for which application threads were stopped: 0.0050113 seconds, Stopping threads took: 0.0000195 seconds
66.246: [GC (Allocation Failure)  895789K->576301K(1033728K), 0.0045843 secs]
66.251: Total time for which application threads were stopped: 0.0047477 seconds, Stopping threads took: 0.0000203 seconds
66.317: [GC (Allocation Failure)  895789K->577413K(1033728K), 0.0064075 secs]
66.324: Total time for which application threads were stopped: 0.0065985 seconds, Stopping threads took: 0.0000210 seconds
66.393: [GC (Allocation Failure)  896901K->584359K(1033728K), 0.0047777 secs]
66.398: Total time for which application threads were stopped: 0.0049843 seconds, Stopping threads took: 0.0000293 seconds
66.465: [GC (Allocation Failure)  903847K->584327K(1033728K), 0.0047592 secs]
66.470: Total time for which application threads were stopped: 0.0049453 seconds, Stopping threads took: 0.0000259 seconds
66.538: [GC (Allocation Failure)  903815K->584607K(1033728K), 0.0067457 secs]
66.545: Total time for which application threads were stopped: 0.0069681 seconds, Stopping threads took: 0.0000273 seconds
66.613: [GC (Allocation Failure)  904095K->592353K(1033728K), 0.0048268 secs]
66.618: Total time for which application threads were stopped: 0.0049952 seconds, Stopping threads took: 0.0000192 seconds
66.685: [GC (Allocation Failure)  911841K->592353K(1033728K), 0.0048313 secs]
66.690: Total time for which application threads were stopped: 0.0049948 seconds, Stopping threads took: 0.0000203 seconds
66.756: [GC (Allocation Failure)  911841K->592905K(1033728K), 0.0048824 secs]
66.761: Total time for which application threads were stopped: 0.0050490 seconds, Stopping threads took: 0.0000202 seconds
66.829: [GC (Allocation Failure)  912393K->600428K(1033728K), 0.0049500 secs]
66.834: Total time for which application threads were stopped: 0.0051306 seconds, Stopping threads took: 0.0000208 seconds
66.902: [GC (Allocation Failure)  919916K->600396K(1033728K), 0.0049323 secs]
66.907: Total time for which application threads were stopped: 0.0051116 seconds, Stopping threads took: 0.0000289 seconds
66.973: [GC (Allocation Failure)  919884K->601132K(1033728K), 0.0049164 secs]
66.978: Total time for which application threads were stopped: 0.0050861 seconds, Stopping threads took: 0.0000201 seconds
67.046: [GC (Allocation Failure)  920620K->608430K(1033728K), 0.0047235 secs]
67.051: Total time for which application threads were stopped: 0.0049146 seconds, Stopping threads took: 0.0000207 seconds
67.119: [GC (Allocation Failure)  927918K->608430K(1033728K), 0.0051592 secs]
67.125: Total time for which application threads were stopped: 0.0053317 seconds, Stopping threads took: 0.0000205 seconds
67.191: [GC (Allocation Failure)  927918K->609358K(1033728K), 0.0049392 secs]
67.196: Total time for which application threads were stopped: 0.0051221 seconds, Stopping threads took: 0.0000207 seconds
67.264: [GC (Allocation Failure)  928846K->616496K(1033728K), 0.0049189 secs]
67.269: Total time for which application threads were stopped: 0.0050945 seconds, Stopping threads took: 0.0000216 seconds
67.336: [GC (Allocation Failure)  935984K->616464K(1033728K), 0.0068505 secs]
67.343: Total time for which application threads were stopped: 0.0070217 seconds, Stopping threads took: 0.0000292 seconds
67.410: [GC (Allocation Failure)  935952K->616552K(1033728K), 0.0047079 secs]
67.415: Total time for which application threads were stopped: 0.0048997 seconds, Stopping threads took: 0.0000202 seconds
67.484: [GC (Allocation Failure)  936040K->624490K(1027072K), 0.0047157 secs]
67.489: Total time for which application threads were stopped: 0.0049085 seconds, Stopping threads took: 0.0000201 seconds
67.558: [GC (Allocation Failure)  943978K->624490K(1033216K), 0.0049074 secs]
67.563: Total time for which application threads were stopped: 0.0050508 seconds, Stopping threads took: 0.0000140 seconds
67.631: [GC (Allocation Failure)  942954K->624810K(1033216K), 0.0047101 secs]
67.636: Total time for which application threads were stopped: 0.0049056 seconds, Stopping threads took: 0.0000193 seconds
67.705: [GC (Allocation Failure)  943274K->632525K(1033216K), 0.0046720 secs]
67.710: Total time for which application threads were stopped: 0.0048553 seconds, Stopping threads took: 0.0000169 seconds
67.776: [GC (Allocation Failure)  950989K->632557K(1033216K), 0.0049512 secs]
67.781: Total time for which application threads were stopped: 0.0051142 seconds, Stopping threads took: 0.0000195 seconds
67.846: [GC (Allocation Failure)  951021K->633029K(1033216K), 0.0050894 secs]
67.851: Total time for which application threads were stopped: 0.0052811 seconds, Stopping threads took: 0.0000193 seconds
67.917: [GC (Allocation Failure)  951493K->640583K(1033216K), 0.0048924 secs]
67.922: Total time for which application threads were stopped: 0.0050714 seconds, Stopping threads took: 0.0000256 seconds
67.990: [GC (Allocation Failure)  959047K->640551K(1033216K), 0.0046625 secs]
67.994: Total time for which application threads were stopped: 0.0048321 seconds, Stopping threads took: 0.0000195 seconds
68.059: [GC (Allocation Failure)  959015K->640775K(1033216K), 0.0048096 secs]
68.064: Total time for which application threads were stopped: 0.0049761 seconds, Stopping threads took: 0.0000191 seconds
68.129: [GC (Allocation Failure)  959239K->648585K(1033216K), 0.0050348 secs]
68.134: Total time for which application threads were stopped: 0.0052061 seconds, Stopping threads took: 0.0000196 seconds
68.200: [GC (Allocation Failure)  967049K->648585K(1033216K), 0.0048899 secs]
68.205: Total time for which application threads were stopped: 0.0050801 seconds, Stopping threads took: 0.0000226 seconds
68.271: [GC (Allocation Failure)  967049K->648745K(1033216K), 0.0049100 secs]
68.276: Total time for which application threads were stopped: 0.0050802 seconds, Stopping threads took: 0.0000198 seconds
68.343: [GC (Allocation Failure)  967209K->656619K(1033216K), 0.0050804 secs]
68.348: Total time for which application threads were stopped: 0.0052507 seconds, Stopping threads took: 0.0000205 seconds
68.416: [GC (Allocation Failure)  975083K->656619K(1033216K), 0.0049856 secs]
68.421: Total time for which application threads were stopped: 0.0051437 seconds, Stopping threads took: 0.0000189 seconds
68.485: [GC (Allocation Failure)  975083K->656683K(1033216K), 0.0048188 secs]
68.490: Total time for which application threads were stopped: 0.0049801 seconds, Stopping threads took: 0.0000203 seconds
68.559: [GC (Allocation Failure)  975147K->664686K(1033216K), 0.0050079 secs]
68.564: Total time for which application threads were stopped: 0.0051620 seconds, Stopping threads took: 0.0000173 seconds
68.630: [GC (Allocation Failure)  983150K->664654K(1033216K), 0.0049104 secs]
68.635: Total time for which application threads were stopped: 0.0050765 seconds, Stopping threads took: 0.0000280 seconds
68.701: [GC (Allocation Failure)  983118K->664974K(1033216K), 0.0049842 secs]
68.706: Total time for which application threads were stopped: 0.0051482 seconds, Stopping threads took: 0.0000202 seconds
68.771: [GC (Allocation Failure)  983438K->672688K(1033216K), 0.0049983 secs]
68.777: Total time for which application threads were stopped: 0.0051581 seconds, Stopping threads took: 0.0000201 seconds
68.845: [GC (Allocation Failure)  991152K->672688K(1033216K), 0.0049104 secs]
68.850: Total time for which application threads were stopped: 0.0050750 seconds, Stopping threads took: 0.0000209 seconds
68.915: [GC (Allocation Failure)  991152K->672936K(1033216K), 0.0047836 secs]
68.920: Total time for which application threads were stopped: 0.0049461 seconds, Stopping threads took: 0.0000197 seconds
68.985: [GC (Allocation Failure)  991400K->680714K(1033216K), 0.0049308 secs]
68.990: Total time for which application threads were stopped: 0.0050943 seconds, Stopping threads took: 0.0000196 seconds
69.055: [GC (Allocation Failure)  999178K->676776K(1033216K), 0.0041917 secs]
69.059: Total time for which application threads were stopped: 0.0043708 seconds, Stopping threads took: 0.0000201 seconds
69.126: [GC (Allocation Failure)  995240K->680874K(1034752K), 0.0048607 secs]
69.131: Total time for which application threads were stopped: 0.0050304 seconds, Stopping threads took: 0.0000201 seconds
69.199: [GC (Allocation Failure)  1001386K->684842K(1033728K), 0.0048590 secs]
69.203: Total time for which application threads were stopped: 0.0050192 seconds, Stopping threads took: 0.0000192 seconds
69.273: [GC (Allocation Failure)  1005354K->677000K(1034240K), 0.0019943 secs]
69.275: Total time for which application threads were stopped: 0.0021498 seconds, Stopping threads took: 0.0000284 seconds
69.343: [GC (Allocation Failure)  997512K->684906K(1034240K), 0.0049661 secs]
69.348: Total time for which application threads were stopped: 0.0051276 seconds, Stopping threads took: 0.0000192 seconds
69.416: [GC (Allocation Failure)  1005418K->688954K(1033216K), 0.0065363 secs]
69.423: Total time for which application threads were stopped: 0.0067388 seconds, Stopping threads took: 0.0000287 seconds
69.490: [GC (Allocation Failure)  1008442K->694744K(1032704K), 0.0075163 secs]
69.497: Total time for which application threads were stopped: 0.0077162 seconds, Stopping threads took: 0.0000281 seconds
69.565: [GC (Allocation Failure)  1014232K->689242K(1031680K), 0.0049465 secs]
69.570: Total time for which application threads were stopped: 0.0051075 seconds, Stopping threads took: 0.0000196 seconds
69.638: [GC (Allocation Failure)  1005658K->688986K(1032192K), 0.0049448 secs]
69.643: Total time for which application threads were stopped: 0.0051173 seconds, Stopping threads took: 0.0000201 seconds
69.708: [GC (Allocation Failure)  1005402K->683672K(1032704K), 0.0029825 secs]
69.711: Total time for which application threads were stopped: 0.0031506 seconds, Stopping threads took: 0.0000198 seconds
69.777: [GC (Allocation Failure)  1001112K->689178K(1032704K), 0.0050749 secs]
69.782: Total time for which application threads were stopped: 0.0052470 seconds, Stopping threads took: 0.0000203 seconds
69.848: [GC (Allocation Failure)  1006618K->689018K(1033216K), 0.0051860 secs]
69.854: Total time for which application threads were stopped: 0.0053560 seconds, Stopping threads took: 0.0000202 seconds
69.921: [GC (Allocation Failure)  1006970K->689330K(1032704K), 0.0050215 secs]
69.926: [Full GC (Ergonomics)  689330K->8783K(1032704K), 0.0146915 secs]
69.941: Total time for which application threads were stopped: 0.0199988 seconds, Stopping threads took: 0.0000250 seconds
70.007: [GC (Allocation Failure)  326735K->18609K(1032192K), 0.0037495 secs]
70.011: Total time for which application threads were stopped: 0.0039393 seconds, Stopping threads took: 0.0000187 seconds
70.080: [GC (Allocation Failure)  336049K->18649K(1032704K), 0.0038398 secs]
70.084: Total time for which application threads were stopped: 0.0039895 seconds, Stopping threads took: 0.0000174 seconds
70.150: [GC (Allocation Failure)  336089K->20689K(1033216K), 0.0040527 secs]
70.154: Total time for which application threads were stopped: 0.0042216 seconds, Stopping threads took: 0.0000195 seconds
70.221: [GC (Allocation Failure)  338641K->26707K(1032704K), 0.0050422 secs]
70.226: Total time for which application threads were stopped: 0.0052426 seconds, Stopping threads took: 0.0000207 seconds
70.293: [GC (Allocation Failure)  344659K->26675K(1033216K), 0.0036602 secs]
70.296: Total time for which application threads were stopped: 0.0038432 seconds, Stopping threads took: 0.0000217 seconds
70.364: [GC (Allocation Failure)  345139K->27883K(1033216K), 0.0039066 secs]
70.368: Total time for which application threads were stopped: 0.0040639 seconds, Stopping threads took: 0.0000173 seconds
70.437: [GC (Allocation Failure)  346347K->34733K(1033216K), 0.0038712 secs]
70.441: Total time for which application threads were stopped: 0.0040378 seconds, Stopping threads took: 0.0000259 seconds
70.506: [GC (Allocation Failure)  353197K->34669K(1033216K), 0.0037192 secs]
70.510: Total time for which application threads were stopped: 0.0039006 seconds, Stopping threads took: 0.0000196 seconds
70.576: [GC (Allocation Failure)  353133K->36133K(1033728K), 0.0047182 secs]
70.581: Total time for which application threads were stopped: 0.0048940 seconds, Stopping threads took: 0.0000208 seconds
70.649: [GC (Allocation Failure)  355621K->42728K(1033728K), 0.0038822 secs]
70.653: Total time for which application threads were stopped: 0.0040646 seconds, Stopping threads took: 0.0000218 seconds
70.720: [GC (Allocation Failure)  362216K->42696K(1033728K), 0.0044551 secs]
70.725: Total time for which application threads were stopped: 0.0046343 seconds, Stopping threads took: 0.0000229 seconds
70.790: [GC (Allocation Failure)  362184K->43336K(1033728K), 0.0038725 secs]
70.794: Total time for which application threads were stopped: 0.0040441 seconds, Stopping threads took: 0.0000203 seconds
70.862: [GC (Allocation Failure)  362824K->50762K(1033728K), 0.0037989 secs]
70.865: Total time for which application threads were stopped: 0.0040004 seconds, Stopping threads took: 0.0000222 seconds
70.935: [GC (Allocation Failure)  370250K->50730K(1033728K), 0.0035709 secs]
70.939: Total time for which application threads were stopped: 0.0037411 seconds, Stopping threads took: 0.0000286 seconds
71.004: [GC (Allocation Failure)  370218K->50794K(1033728K), 0.0038634 secs]
71.008: Total time for which application threads were stopped: 0.0040566 seconds, Stopping threads took: 0.0000210 seconds
71.074: [GC (Allocation Failure)  370282K->58796K(1033728K), 0.0038432 secs]
71.078: Total time for which application threads were stopped: 0.0040127 seconds, Stopping threads took: 0.0000270 seconds
71.145: [GC (Allocation Failure)  378284K->58764K(1033728K), 0.0036362 secs]
71.149: Total time for which application threads were stopped: 0.0038077 seconds, Stopping threads took: 0.0000200 seconds
71.213: [GC (Allocation Failure)  378252K->59780K(1033728K), 0.0040114 secs]
71.217: Total time for which application threads were stopped: 0.0041871 seconds, Stopping threads took: 0.0000202 seconds
71.284: [GC (Allocation Failure)  379268K->66855K(1033728K), 0.0036699 secs]
71.288: Total time for which application threads were stopped: 0.0038325 seconds, Stopping threads took: 0.0000200 seconds
71.355: [GC (Allocation Failure)  386343K->66823K(1033728K), 0.0039798 secs]
71.359: Total time for which application threads were stopped: 0.0041370 seconds, Stopping threads took: 0.0000204 seconds
71.424: [GC (Allocation Failure)  386311K->67015K(1033728K), 0.0037347 secs]
71.428: Total time for which application threads were stopped: 0.0038938 seconds, Stopping threads took: 0.0000198 seconds
71.496: [GC (Allocation Failure)  386503K->74889K(1033728K), 0.0039249 secs]
71.500: Total time for which application threads were stopped: 0.0040826 seconds, Stopping threads took: 0.0000201 seconds
71.566: [GC (Allocation Failure)  394377K->74857K(1033728K), 0.0037488 secs]
71.570: Total time for which application threads were stopped: 0.0039140 seconds, Stopping threads took: 0.0000197 seconds
71.635: [GC (Allocation Failure)  394345K->76265K(1033728K), 0.0040208 secs]
71.639: Total time for which application threads were stopped: 0.0041832 seconds, Stopping threads took: 0.0000201 seconds
71.706: [GC (Allocation Failure)  395753K->82891K(1033728K), 0.0038441 secs]
71.710: Total time for which application threads were stopped: 0.0040189 seconds, Stopping threads took: 0.0000205 seconds
71.779: [GC (Allocation Failure)  402379K->82827K(1033728K), 0.0038263 secs]
71.783: Total time for which application threads were stopped: 0.0040092 seconds, Stopping threads took: 0.0000217 seconds
71.850: [GC (Allocation Failure)  402315K->83403K(1033728K), 0.0040339 secs]
71.854: Total time for which application threads were stopped: 0.0042075 seconds, Stopping threads took: 0.0000216 seconds
71.922: [GC (Allocation Failure)  402891K->90957K(1033728K), 0.0039850 secs]
71.926: Total time for which application threads were stopped: 0.0041568 seconds, Stopping threads took: 0.0000207 seconds
71.995: [GC (Allocation Failure)  410445K->90893K(1033728K), 0.0038144 secs]
71.999: Total time for which application threads were stopped: 0.0039993 seconds, Stopping threads took: 0.0000220 seconds
72.065: [GC (Allocation Failure)  410381K->91621K(1033728K), 0.0041392 secs]
72.070: Total time for which application threads were stopped: 0.0043114 seconds, Stopping threads took: 0.0000200 seconds
72.139: [GC (Allocation Failure)  411109K->98920K(1033728K), 0.0039423 secs]
72.143: Total time for which application threads were stopped: 0.0041122 seconds, Stopping threads took: 0.0000207 seconds
72.212: [GC (Allocation Failure)  418408K->98920K(1033728K), 0.0038871 secs]
72.216: Total time for which application threads were stopped: 0.0040489 seconds, Stopping threads took: 0.0000203 seconds
72.283: [GC (Allocation Failure)  418408K->99880K(1033728K), 0.0040165 secs]
72.287: Total time for which application threads were stopped: 0.0041797 seconds, Stopping threads took: 0.0000207 seconds
72.354: [GC (Allocation Failure)  419368K->106986K(1033728K), 0.0038442 secs]
72.358: Total time for which application threads were stopped: 0.0040510 seconds, Stopping threads took: 0.0000210 seconds
72.427: [GC (Allocation Failure)  426474K->106954K(1033728K), 0.0037674 secs]
72.431: Total time for which application threads were stopped: 0.0039375 seconds, Stopping threads took: 0.0000201 seconds
72.496: [GC (Allocation Failure)  426442K->107042K(1033728K), 0.0042265 secs]
72.500: Total time for which application threads were stopped: 0.0043976 seconds, Stopping threads took: 0.0000206 seconds
72.568: [GC (Allocation Failure)  426530K->115012K(1032704K), 0.0038912 secs]
72.572: Total time for which application threads were stopped: 0.0040612 seconds, Stopping threads took: 0.0000203 seconds
72.639: [GC (Allocation Failure)  433476K->114980K(1033216K), 0.0040429 secs]
72.643: Total time for which application threads were stopped: 0.0042128 seconds, Stopping threads took: 0.0000201 seconds
72.710: [GC (Allocation Failure)  433444K->115308K(1033216K), 0.0038422 secs]
72.714: Total time for which application threads were stopped: 0.0040147 seconds, Stopping threads took: 0.0000205 seconds
72.781: [GC (Allocation Failure)  433772K->122990K(1033216K), 0.0039127 secs]
72.785: Total time for which application threads were stopped: 0.0040753 seconds, Stopping threads took: 0.0000201 seconds
72.852: [GC (Allocation Failure)  441454K->123054K(1033216K), 0.0039548 secs]
72.856: Total time for which application threads were stopped: 0.0041235 seconds, Stopping threads took: 0.0000212 seconds
72.921: [GC (Allocation Failure)  441518K->123526K(1033216K), 0.0038552 secs]
72.925: Total time for which application threads were stopped: 0.0040468 seconds, Stopping threads took: 0.0000263 seconds
72.994: [GC (Allocation Failure)  441990K->131049K(1033216K), 0.0038113 secs]
72.998: Total time for which application threads were stopped: 0.0039693 seconds, Stopping threads took: 0.0000194 seconds
73.064: [GC (Allocation Failure)  449513K->131049K(1033216K), 0.0041857 secs]
73.068: Total time for which application threads were stopped: 0.0043466 seconds, Stopping threads took: 0.0000195 seconds
73.133: [GC (Allocation Failure)  449513K->131273K(1033216K), 0.0039544 secs]
73.137: Total time for which application threads were stopped: 0.0041585 seconds, Stopping threads took: 0.0000201 seconds
73.202: [GC (Allocation Failure)  449737K->139115K(1033216K), 0.0040165 secs]
73.206: Total time for which application threads were stopped: 0.0041766 seconds, Stopping threads took: 0.0000196 seconds
73.276: [GC (Allocation Failure)  457579K->139083K(1033216K), 0.0039248 secs]
73.280: Total time for which application threads were stopped: 0.0040928 seconds, Stopping threads took: 0.0000199 seconds
73.344: [GC (Allocation Failure)  457547K->139235K(1033216K), 0.0040878 secs]
73.349: Total time for which application threads were stopped: 0.0042501 seconds, Stopping threads took: 0.0000201 seconds
73.416: [GC (Allocation Failure)  457699K->147109K(1033216K), 0.0038073 secs]
73.420: Total time for which application threads were stopped: 0.0039861 seconds, Stopping threads took: 0.0000285 seconds
73.486: [GC (Allocation Failure)  465573K->147141K(1033216K), 0.0041293 secs]
73.490: Total time for which application threads were stopped: 0.0042896 seconds, Stopping threads took: 0.0000197 seconds
73.559: [GC (Allocation Failure)  465605K->147181K(1033216K), 0.0039457 secs]
73.563: Total time for which application threads were stopped: 0.0041113 seconds, Stopping threads took: 0.0000193 seconds
73.630: [GC (Allocation Failure)  465645K->155183K(1033216K), 0.0039811 secs]
73.634: Total time for which application threads were stopped: 0.0041423 seconds, Stopping threads took: 0.0000195 seconds
73.699: [GC (Allocation Failure)  473647K->155119K(1033216K), 0.0038403 secs]
73.703: Total time for which application threads were stopped: 0.0040189 seconds, Stopping threads took: 0.0000281 seconds
73.769: [GC (Allocation Failure)  473583K->155463K(1033216K), 0.0040805 secs]
73.773: Total time for which application threads were stopped: 0.0042389 seconds, Stopping threads took: 0.0000200 seconds
73.840: [GC (Allocation Failure)  473927K->163210K(1033216K), 0.0040332 secs]
73.845: Total time for which application threads were stopped: 0.0041993 seconds, Stopping threads took: 0.0000194 seconds
73.911: [GC (Allocation Failure)  481674K->163146K(1033216K), 0.0041118 secs]
73.916: Total time for which application threads were stopped: 0.0042796 seconds, Stopping threads took: 0.0000256 seconds
73.982: [GC (Allocation Failure)  481610K->163434K(1033216K), 0.0039224 secs]
73.986: Total time for which application threads were stopped: 0.0040966 seconds, Stopping threads took: 0.0000215 seconds
74.051: [GC (Allocation Failure)  481898K->171212K(1033216K), 0.0041023 secs]
74.055: Total time for which application threads were stopped: 0.0042694 seconds, Stopping threads took: 0.0000216 seconds
74.121: [GC (Allocation Failure)  489676K->167306K(1033728K), 0.0025641 secs]
74.124: Total time for which application threads were stopped: 0.0027443 seconds, Stopping threads took: 0.0000203 seconds
74.193: [GC (Allocation Failure)  486282K->171372K(1033216K), 0.0039373 secs]
74.197: Total time for which application threads were stopped: 0.0041088 seconds, Stopping threads took: 0.0000199 seconds
74.266: [GC (Allocation Failure)  490348K->175372K(1033728K), 0.0038065 secs]
74.270: Total time for which application threads were stopped: 0.0040093 seconds, Stopping threads took: 0.0000281 seconds
74.339: [GC (Allocation Failure)  495884K->182858K(1034240K), 0.0072140 secs]
74.346: Total time for which application threads were stopped: 0.0073633 seconds, Stopping threads took: 0.0000169 seconds
74.414: [GC (Allocation Failure)  503370K->176652K(1029120K), 0.0039470 secs]
74.418: Total time for which application threads were stopped: 0.0041103 seconds, Stopping threads took: 0.0000200 seconds
74.483: [GC (Allocation Failure)  492044K->176588K(1031680K), 0.0040412 secs]
74.487: Total time for which application threads were stopped: 0.0042190 seconds, Stopping threads took: 0.0000213 seconds
74.555: [GC (Allocation Failure)  491980K->172042K(1032704K), 0.0064191 secs]
74.561: Total time for which application threads were stopped: 0.0065719 seconds, Stopping threads took: 0.0000181 seconds
74.630: [GC (Allocation Failure)  488970K->176812K(1032192K), 0.0039764 secs]
74.634: Total time for which application threads were stopped: 0.0041565 seconds, Stopping threads took: 0.0000196 seconds
74.701: [GC (Allocation Failure)  493740K->176588K(1033216K), 0.0041962 secs]
74.705: Total time for which application threads were stopped: 0.0043586 seconds, Stopping threads took: 0.0000202 seconds
74.772: [GC (Allocation Failure)  494540K->176748K(1032704K), 0.0040728 secs]
74.777: Total time for which application threads were stopped: 0.0042530 seconds, Stopping threads took: 0.0000282 seconds
74.846: [GC (Allocation Failure)  494700K->184718K(1033216K), 0.0040840 secs]
74.850: Total time for which application threads were stopped: 0.0042465 seconds, Stopping threads took: 0.0000204 seconds
74.918: [GC (Allocation Failure)  503182K->184622K(1033216K), 0.0039101 secs]
74.922: Total time for which application threads were stopped: 0.0040837 seconds, Stopping threads took: 0.0000272 seconds
74.988: [GC (Allocation Failure)  503086K->188550K(1033728K), 0.0050956 secs]
74.993: Total time for which application threads were stopped: 0.0052889 seconds, Stopping threads took: 0.0000194 seconds
75.062: [GC (Allocation Failure)  507526K->192809K(1033216K), 0.0041328 secs]
75.066: Total time for which application threads were stopped: 0.0043236 seconds, Stopping threads took: 0.0000209 seconds
75.136: [GC (Allocation Failure)  511785K->192649K(1034240K), 0.0040945 secs]
75.140: Total time for which application threads were stopped: 0.0042950 seconds, Stopping threads took: 0.0000194 seconds
75.206: [GC (Allocation Failure)  512649K->195273K(1033728K), 0.0043527 secs]
75.211: Total time for which application threads were stopped: 0.0045211 seconds, Stopping threads took: 0.0000199 seconds
75.279: [GC (Allocation Failure)  515273K->200747K(1034240K), 0.0042736 secs]
75.283: Total time for which application threads were stopped: 0.0044367 seconds, Stopping threads took: 0.0000203 seconds
75.350: [GC (Allocation Failure)  521259K->200683K(1034240K), 0.0038715 secs]
75.354: Total time for which application threads were stopped: 0.0040325 seconds, Stopping threads took: 0.0000202 seconds
75.422: [GC (Allocation Failure)  521195K->200907K(1034240K), 0.0039763 secs]
75.426: Total time for which application threads were stopped: 0.0041667 seconds, Stopping threads took: 0.0000263 seconds
75.493: [GC (Allocation Failure)  521419K->208717K(1034240K), 0.0042162 secs]
75.498: Total time for which application threads were stopped: 0.0043837 seconds, Stopping threads took: 0.0000197 seconds
75.566: [GC (Allocation Failure)  529229K->208717K(1034240K), 0.0040633 secs]
75.570: Total time for which application threads were stopped: 0.0042275 seconds, Stopping threads took: 0.0000193 seconds
75.637: [GC (Allocation Failure)  529229K->211213K(1034240K), 0.0045146 secs]
75.642: Total time for which application threads were stopped: 0.0046847 seconds, Stopping threads took: 0.0000190 seconds
75.709: [GC (Allocation Failure)  531725K->216751K(1034240K), 0.0039504 secs]
75.713: Total time for which application threads were stopped: 0.0041223 seconds, Stopping threads took: 0.0000201 seconds
75.781: [GC (Allocation Failure)  537263K->216751K(1034240K), 0.0042134 secs]
75.785: Total time for which application threads were stopped: 0.0043856 seconds, Stopping threads took: 0.0000198 seconds
75.852: [GC (Allocation Failure)  537263K->217383K(1034240K), 0.0042205 secs]
75.856: Total time for which application threads were stopped: 0.0043835 seconds, Stopping threads took: 0.0000204 seconds
75.925: [GC (Allocation Failure)  537895K->224842K(1034240K), 0.0046698 secs]
75.930: Total time for which application threads were stopped: 0.0048375 seconds, Stopping threads took: 0.0000283 seconds
75.997: [GC (Allocation Failure)  545354K->224810K(1034240K), 0.0041145 secs]
76.001: Total time for which application threads were stopped: 0.0042764 seconds, Stopping threads took: 0.0000196 seconds
76.069: [GC (Allocation Failure)  545322K->227658K(1034240K), 0.0047661 secs]
76.074: Total time for which application threads were stopped: 0.0049297 seconds, Stopping threads took: 0.0000192 seconds
76.142: [GC (Allocation Failure)  548170K->232908K(1034240K), 0.0040967 secs]
76.146: Total time for which application threads were stopped: 0.0042572 seconds, Stopping threads took: 0.0000198 seconds
76.213: [GC (Allocation Failure)  553420K->232844K(1034240K), 0.0042278 secs]
76.218: Total time for which application threads were stopped: 0.0043952 seconds, Stopping threads took: 0.0000192 seconds
76.284: [GC (Allocation Failure)  553356K->233868K(1034240K), 0.0043258 secs]
76.289: Total time for which application threads were stopped: 0.0044778 seconds, Stopping threads took: 0.0000200 seconds
76.358: [GC (Allocation Failure)  554380K->240878K(1034240K), 0.0048225 secs]
76.363: Total time for which application threads were stopped: 0.0049776 seconds, Stopping threads took: 0.0000167 seconds
76.431: [GC (Allocation Failure)  561390K->240814K(1034240K), 0.0038758 secs]
76.435: Total time for which application threads were stopped: 0.0040514 seconds, Stopping threads took: 0.0000256 seconds
76.501: [GC (Allocation Failure)  561326K->241070K(1034240K), 0.0043127 secs]
76.506: Total time for which application threads were stopped: 0.0045068 seconds, Stopping threads took: 0.0000201 seconds
76.576: [GC (Allocation Failure)  561582K->248880K(1034240K), 0.0042961 secs]
76.581: Total time for which application threads were stopped: 0.0044570 seconds, Stopping threads took: 0.0000183 seconds
76.649: [GC (Allocation Failure)  569392K->248880K(1034240K), 0.0040660 secs]
76.653: Total time for which application threads were stopped: 0.0042251 seconds, Stopping threads took: 0.0000196 seconds
76.720: [GC (Allocation Failure)  569392K->250280K(1034240K), 0.0044131 secs]
76.724: Total time for which application threads were stopped: 0.0045734 seconds, Stopping threads took: 0.0000193 seconds
76.792: [GC (Allocation Failure)  570792K->256907K(1034240K), 0.0043663 secs]
76.797: Total time for which application threads were stopped: 0.0045465 seconds, Stopping threads took: 0.0000202 seconds
76.867: [GC (Allocation Failure)  577419K->256875K(1034240K), 0.0042710 secs]
76.871: Total time for which application threads were stopped: 0.0044413 seconds, Stopping threads took: 0.0000206 seconds
76.940: [GC (Allocation Failure)  577387K->256971K(1020416K), 0.0040850 secs]
76.944: Total time for which application threads were stopped: 0.0042558 seconds, Stopping threads took: 0.0000263 seconds
77.012: [GC (Allocation Failure)  577483K->264973K(1033728K), 0.0043050 secs]
77.017: Total time for which application threads were stopped: 0.0044770 seconds, Stopping threads took: 0.0000282 seconds
77.085: [GC (Allocation Failure)  584461K->264941K(1033728K), 0.0041248 secs]
77.089: Total time for which application threads were stopped: 0.0042916 seconds, Stopping threads took: 0.0000201 seconds
77.156: [GC (Allocation Failure)  584429K->264973K(1033728K), 0.0043302 secs]
77.161: Total time for which application threads were stopped: 0.0044991 seconds, Stopping threads took: 0.0000202 seconds
77.228: [GC (Allocation Failure)  584461K->273007K(1033728K), 0.0041273 secs]
77.232: Total time for which application threads were stopped: 0.0042914 seconds, Stopping threads took: 0.0000199 seconds
77.299: [GC (Allocation Failure)  592495K->273007K(1033728K), 0.0040916 secs]
77.303: Total time for which application threads were stopped: 0.0042848 seconds, Stopping threads took: 0.0000205 seconds
77.371: [GC (Allocation Failure)  592495K->274023K(1033728K), 0.0043583 secs]
77.376: Total time for which application threads were stopped: 0.0045095 seconds, Stopping threads took: 0.0000171 seconds
77.445: [GC (Allocation Failure)  593511K->281033K(1033728K), 0.0041101 secs]
77.449: Total time for which application threads were stopped: 0.0042804 seconds, Stopping threads took: 0.0000269 seconds
77.516: [GC (Allocation Failure)  600521K->281001K(1033728K), 0.0041645 secs]
77.520: Total time for which application threads were stopped: 0.0043458 seconds, Stopping threads took: 0.0000211 seconds
77.588: [GC (Allocation Failure)  600489K->281193K(1033728K), 0.0042518 secs]
77.592: Total time for which application threads were stopped: 0.0044122 seconds, Stopping threads took: 0.0000201 seconds
77.660: [GC (Allocation Failure)  600681K->289068K(1027072K), 0.0041858 secs]
77.665: Total time for which application threads were stopped: 0.0043538 seconds, Stopping threads took: 0.0000195 seconds
77.732: [GC (Allocation Failure)  608556K->289036K(1033728K), 0.0041506 secs]
77.736: Total time for which application threads were stopped: 0.0043455 seconds, Stopping threads took: 0.0000202 seconds
77.801: [GC (Allocation Failure)  608012K->289964K(1033216K), 0.0044673 secs]
77.806: Total time for which application threads were stopped: 0.0046355 seconds, Stopping threads took: 0.0000198 seconds
77.873: [GC (Allocation Failure)  608940K->297134K(1033728K), 0.0042373 secs]
77.877: Total time for which application threads were stopped: 0.0043954 seconds, Stopping threads took: 0.0000189 seconds
77.944: [GC (Allocation Failure)  616622K->297070K(1033728K), 0.0043694 secs]
77.949: Total time for which application threads were stopped: 0.0045273 seconds, Stopping threads took: 0.0000200 seconds
78.014: [GC (Allocation Failure)  616558K->297126K(1032704K), 0.0043126 secs]
78.019: Total time for which application threads were stopped: 0.0044725 seconds, Stopping threads took: 0.0000201 seconds
78.086: [GC (Allocation Failure)  615590K->305160K(1033216K), 0.0042245 secs]
78.090: Total time for which application threads were stopped: 0.0043981 seconds, Stopping threads took: 0.0000195 seconds
78.156: [GC (Allocation Failure)  623624K->305096K(1033216K), 0.0042046 secs]
78.160: Total time for which application threads were stopped: 0.0043975 seconds, Stopping threads took: 0.0000199 seconds
78.226: [GC (Allocation Failure)  623560K->305928K(1033216K), 0.0041495 secs]
78.231: Total time for which application threads were stopped: 0.0042946 seconds, Stopping threads took: 0.0000167 seconds
78.298: [GC (Allocation Failure)  624392K->313163K(1033216K), 0.0064553 secs]
78.305: Total time for which application threads were stopped: 0.0066152 seconds, Stopping threads took: 0.0000194 seconds
78.371: [GC (Allocation Failure)  631627K->313163K(1033216K), 0.0042414 secs]
78.375: Total time for which application threads were stopped: 0.0044349 seconds, Stopping threads took: 0.0000191 seconds
78.444: [GC (Allocation Failure)  631627K->314155K(1033216K), 0.0042221 secs]
78.448: Total time for which application threads were stopped: 0.0044082 seconds, Stopping threads took: 0.0000174 seconds
78.517: [GC (Allocation Failure)  632619K->321165K(1033216K), 0.0042116 secs]
78.521: Total time for which application threads were stopped: 0.0043796 seconds, Stopping threads took: 0.0000195 seconds
78.587: [GC (Allocation Failure)  639629K->321197K(1033216K), 0.0042707 secs]
78.591: Total time for which application threads were stopped: 0.0044292 seconds, Stopping threads took: 0.0000197 seconds
78.656: [GC (Allocation Failure)  639661K->321325K(1033216K), 0.0041892 secs]
78.660: Total time for which application threads were stopped: 0.0043606 seconds, Stopping threads took: 0.0000206 seconds
78.727: [GC (Allocation Failure)  639789K->329199K(1033216K), 0.0044374 secs]
78.732: Total time for which application threads were stopped: 0.0045986 seconds, Stopping threads took: 0.0000201 seconds
78.797: [GC (Allocation Failure)  647663K->329231K(1033216K), 0.0043336 secs]
78.801: Total time for which application threads were stopped: 0.0044996 seconds, Stopping threads took: 0.0000198 seconds
78.866: [GC (Allocation Failure)  647695K->329615K(1033216K), 0.0042843 secs]
78.870: Total time for which application threads were stopped: 0.0044518 seconds, Stopping threads took: 0.0000276 seconds
78.938: [GC (Allocation Failure)  648079K->337233K(1033216K), 0.0043176 secs]
78.942: Total time for which application threads were stopped: 0.0044865 seconds, Stopping threads took: 0.0000202 seconds
79.010: [GC (Allocation Failure)  655697K->337233K(1033216K), 0.0042798 secs]
79.014: Total time for which application threads were stopped: 0.0044453 seconds, Stopping threads took: 0.0000193 seconds
79.080: [GC (Allocation Failure)  655697K->337289K(1033216K), 0.0042362 secs]
79.085: Total time for which application threads were stopped: 0.0044074 seconds, Stopping threads took: 0.0000201 seconds
79.152: [GC (Allocation Failure)  655753K->345260K(1033216K), 0.0043398 secs]
79.156: Total time for which application threads were stopped: 0.0045264 seconds, Stopping threads took: 0.0000196 seconds
79.223: [GC (Allocation Failure)  663724K->345292K(1033216K), 0.0044979 secs]
79.228: Total time for which application threads were stopped: 0.0046631 seconds, Stopping threads took: 0.0000210 seconds
79.294: [GC (Allocation Failure)  663756K->345508K(1033216K), 0.0044381 secs]
79.298: Total time for which application threads were stopped: 0.0045981 seconds, Stopping threads took: 0.0000211 seconds
79.365: [GC (Allocation Failure)  663972K->353318K(1033216K), 0.0044440 secs]
79.370: Total time for which application threads were stopped: 0.0046191 seconds, Stopping threads took: 0.0000187 seconds
79.436: [GC (Allocation Failure)  671782K->353286K(1033216K), 0.0043320 secs]
79.440: Total time for which application threads were stopped: 0.0045028 seconds, Stopping threads took: 0.0000205 seconds
79.506: [GC (Allocation Failure)  671750K->353350K(1033216K), 0.0044305 secs]
79.511: Total time for which application threads were stopped: 0.0045971 seconds, Stopping threads took: 0.0000200 seconds
79.580: [GC (Allocation Failure)  671814K->361288K(1033216K), 0.0041666 secs]
79.584: Total time for which application threads were stopped: 0.0043632 seconds, Stopping threads took: 0.0000212 seconds
79.651: [GC (Allocation Failure)  679752K->361352K(1033216K), 0.0042302 secs]
79.656: Total time for which application threads were stopped: 0.0044126 seconds, Stopping threads took: 0.0000173 seconds
79.722: [GC (Allocation Failure)  679816K->361480K(1033216K), 0.0044164 secs]
79.726: Total time for which application threads were stopped: 0.0046044 seconds, Stopping threads took: 0.0000283 seconds
79.793: [GC (Allocation Failure)  679944K->369386K(1033216K), 0.0045814 secs]
79.797: Total time for which application threads were stopped: 0.0047590 seconds, Stopping threads took: 0.0000197 seconds
79.867: [GC (Allocation Failure)  687850K->369354K(1033216K), 0.0044559 secs]
79.871: Total time for which application threads were stopped: 0.0046626 seconds, Stopping threads took: 0.0000277 seconds
79.938: [GC (Allocation Failure)  687818K->369482K(1033216K), 0.0043660 secs]
79.942: Total time for which application threads were stopped: 0.0045321 seconds, Stopping threads took: 0.0000207 seconds
80.007: [GC (Allocation Failure)  687946K->377421K(1033216K), 0.0043228 secs]
80.012: Total time for which application threads were stopped: 0.0044906 seconds, Stopping threads took: 0.0000224 seconds
80.076: [GC (Allocation Failure)  695885K->373482K(1033216K), 0.0032768 secs]
80.079: Total time for which application threads were stopped: 0.0034298 seconds, Stopping threads took: 0.0000196 seconds
80.146: [GC (Allocation Failure)  691946K->377549K(1034240K), 0.0042719 secs]
80.151: Total time for which application threads were stopped: 0.0044733 seconds, Stopping threads took: 0.0000278 seconds
80.217: [GC (Allocation Failure)  697549K->381517K(1033728K), 0.0043662 secs]
80.222: Total time for which application threads were stopped: 0.0045454 seconds, Stopping threads took: 0.0000206 seconds
80.288: [GC (Allocation Failure)  701517K->389042K(1028096K), 0.0079016 secs]
80.296: Total time for which application threads were stopped: 0.0081010 seconds, Stopping threads took: 0.0000224 seconds
80.363: [GC (Allocation Failure)  703410K->382837K(1031168K), 0.0053095 secs]
80.368: Total time for which application threads were stopped: 0.0054916 seconds, Stopping threads took: 0.0000197 seconds
80.435: [GC (Allocation Failure)  697205K->382805K(1032192K), 0.0065205 secs]
80.441: Total time for which application threads were stopped: 0.0066958 seconds, Stopping threads took: 0.0000280 seconds
80.508: [GC (Allocation Failure)  698709K->383757K(1031680K), 0.0046469 secs]
80.512: Total time for which application threads were stopped: 0.0048049 seconds, Stopping threads took: 0.0000193 seconds
80.580: [GC (Allocation Failure)  699661K->390799K(1032704K), 0.0043386 secs]
80.584: Total time for which application threads were stopped: 0.0045006 seconds, Stopping threads took: 0.0000197 seconds
80.651: [GC (Allocation Failure)  707727K->390831K(1032192K), 0.0044326 secs]
80.655: Total time for which application threads were stopped: 0.0046014 seconds, Stopping threads took: 0.0000196 seconds
80.722: [GC (Allocation Failure)  707759K->394503K(1033216K), 0.0052427 secs]
80.728: Total time for which application threads were stopped: 0.0054048 seconds, Stopping threads took: 0.0000198 seconds
80.795: [GC (Allocation Failure)  712455K->398857K(1032704K), 0.0043440 secs]
80.800: Total time for which application threads were stopped: 0.0045066 seconds, Stopping threads took: 0.0000198 seconds
80.869: [GC (Allocation Failure)  716809K->398825K(1033728K), 0.0043518 secs]
80.873: Total time for which application threads were stopped: 0.0045309 seconds, Stopping threads took: 0.0000199 seconds
80.938: [GC (Allocation Failure)  717801K->402249K(1033216K), 0.0052926 secs]
80.943: Total time for which application threads were stopped: 0.0054649 seconds, Stopping threads took: 0.0000279 seconds
81.010: [GC (Allocation Failure)  721225K->407019K(1034240K), 0.0044343 secs]
81.015: Total time for which application threads were stopped: 0.0046069 seconds, Stopping threads took: 0.0000206 seconds
81.084: [GC (Allocation Failure)  727019K->406891K(1033728K), 0.0043979 secs]
81.089: Total time for which application threads were stopped: 0.0045894 seconds, Stopping threads took: 0.0000172 seconds
81.156: [GC (Allocation Failure)  726891K->409995K(1034240K), 0.0050983 secs]
81.161: Total time for which application threads were stopped: 0.0052793 seconds, Stopping threads took: 0.0000204 seconds
81.230: [GC (Allocation Failure)  730507K->414990K(1034240K), 0.0043717 secs]
81.234: Total time for which application threads were stopped: 0.0045425 seconds, Stopping threads took: 0.0000196 seconds
81.301: [GC (Allocation Failure)  735502K->414926K(1034752K), 0.0043159 secs]
81.305: Total time for which application threads were stopped: 0.0044834 seconds, Stopping threads took: 0.0000201 seconds
81.372: [GC (Allocation Failure)  735950K->416646K(1034240K), 0.0048185 secs]
81.377: Total time for which application threads were stopped: 0.0049823 seconds, Stopping threads took: 0.0000213 seconds
81.444: [GC (Allocation Failure)  737670K->422952K(1034752K), 0.0044137 secs]
81.449: Total time for which application threads were stopped: 0.0045899 seconds, Stopping threads took: 0.0000278 seconds
81.516: [GC (Allocation Failure)  744488K->422920K(1034752K), 0.0044135 secs]
81.521: Total time for which application threads were stopped: 0.0046098 seconds, Stopping threads took: 0.0000203 seconds
81.590: [GC (Allocation Failure)  744456K->425352K(1034752K), 0.0047939 secs]
81.595: Total time for which application threads were stopped: 0.0049520 seconds, Stopping threads took: 0.0000182 seconds
81.664: [GC (Allocation Failure)  746888K->430954K(1034752K), 0.0043754 secs]
81.668: Total time for which application threads were stopped: 0.0045468 seconds, Stopping threads took: 0.0000197 seconds
81.735: [GC (Allocation Failure)  752490K->430954K(1034752K), 0.0044808 secs]
81.740: Total time for which application threads were stopped: 0.0046413 seconds, Stopping threads took: 0.0000208 seconds
81.807: [GC (Allocation Failure)  752490K->434634K(1034752K), 0.0053655 secs]
81.812: Total time for which application threads were stopped: 0.0055256 seconds, Stopping threads took: 0.0000196 seconds
81.881: [GC (Allocation Failure)  756170K->438988K(1035264K), 0.0048687 secs]
81.886: Total time for which application threads were stopped: 0.0050337 seconds, Stopping threads took: 0.0000201 seconds
81.954: [GC (Allocation Failure)  761548K->439020K(1035264K), 0.0046956 secs]
81.959: Total time for which application threads were stopped: 0.0048638 seconds, Stopping threads took: 0.0000198 seconds
82.024: [GC (Allocation Failure)  761580K->441860K(1035264K), 0.0052023 secs]
82.030: Total time for which application threads were stopped: 0.0053760 seconds, Stopping threads took: 0.0000201 seconds
82.096: [GC (Allocation Failure)  764420K->447111K(1035264K), 0.0044294 secs]
82.101: Total time for which application threads were stopped: 0.0045920 seconds, Stopping threads took: 0.0000193 seconds
82.169: [GC (Allocation Failure)  769671K->447015K(1035264K), 0.0046161 secs]
82.174: Total time for which application threads were stopped: 0.0048065 seconds, Stopping threads took: 0.0000202 seconds
82.240: [GC (Allocation Failure)  769575K->450087K(1035264K), 0.0051838 secs]
82.245: Total time for which application threads were stopped: 0.0053947 seconds, Stopping threads took: 0.0000244 seconds
82.314: [GC (Allocation Failure)  772647K->455081K(1035264K), 0.0044077 secs]
82.319: Total time for which application threads were stopped: 0.0045694 seconds, Stopping threads took: 0.0000199 seconds
82.385: [GC (Allocation Failure)  777641K->455049K(1035264K), 0.0046445 secs]
82.390: Total time for which application threads were stopped: 0.0048347 seconds, Stopping threads took: 0.0000196 seconds
82.459: [GC (Allocation Failure)  777609K->458313K(1035264K), 0.0052351 secs]
82.464: Total time for which application threads were stopped: 0.0054167 seconds, Stopping threads took: 0.0000183 seconds
82.532: [GC (Allocation Failure)  780873K->463051K(1035264K), 0.0079130 secs]
82.540: Total time for which application threads were stopped: 0.0080692 seconds, Stopping threads took: 0.0000193 seconds
82.609: [GC (Allocation Failure)  785611K->463083K(1035264K), 0.0046013 secs]
82.613: Total time for which application threads were stopped: 0.0047916 seconds, Stopping threads took: 0.0000198 seconds
82.680: [GC (Allocation Failure)  785643K->466571K(1035264K), 0.0053643 secs]
82.685: Total time for which application threads were stopped: 0.0055640 seconds, Stopping threads took: 0.0000206 seconds
82.755: [GC (Allocation Failure)  789131K->471182K(1034752K), 0.0045721 secs]
82.759: Total time for which application threads were stopped: 0.0047488 seconds, Stopping threads took: 0.0000260 seconds
82.827: [GC (Allocation Failure)  793742K->471118K(1035264K), 0.0044864 secs]
82.832: Total time for which application threads were stopped: 0.0046564 seconds, Stopping threads took: 0.0000197 seconds
82.899: [GC (Allocation Failure)  793678K->474790K(1035776K), 0.0054760 secs]
82.905: Total time for which application threads were stopped: 0.0056245 seconds, Stopping threads took: 0.0000171 seconds
82.973: [GC (Allocation Failure)  798374K->479272K(1035776K), 0.0043527 secs]
82.977: Total time for which application threads were stopped: 0.0045291 seconds, Stopping threads took: 0.0000282 seconds
83.046: [GC (Allocation Failure)  802856K->479144K(1035776K), 0.0047993 secs]
83.051: Total time for which application threads were stopped: 0.0049669 seconds, Stopping threads took: 0.0000199 seconds
83.119: [GC (Allocation Failure)  802728K->481992K(1035776K), 0.0051684 secs]
83.124: Total time for which application threads were stopped: 0.0053352 seconds, Stopping threads took: 0.0000193 seconds
83.193: [GC (Allocation Failure)  805576K->487274K(1035776K), 0.0045994 secs]
83.197: Total time for which application threads were stopped: 0.0047573 seconds, Stopping threads took: 0.0000195 seconds
83.268: [GC (Allocation Failure)  810858K->487178K(1035776K), 0.0046426 secs]
83.273: Total time for which application threads were stopped: 0.0048019 seconds, Stopping threads took: 0.0000168 seconds
83.341: [GC (Allocation Failure)  810762K->485256K(1036288K), 0.0037710 secs]
83.345: Total time for which application threads were stopped: 0.0039327 seconds, Stopping threads took: 0.0000192 seconds
83.413: [GC (Allocation Failure)  809352K->487178K(1035776K), 0.0044336 secs]
83.417: Total time for which application threads were stopped: 0.0045970 seconds, Stopping threads took: 0.0000202 seconds
83.485: [GC (Allocation Failure)  811274K->487178K(1036288K), 0.0047100 secs]
83.489: Total time for which application threads were stopped: 0.0048719 seconds, Stopping threads took: 0.0000197 seconds
83.558: [GC (Allocation Failure)  811786K->494640K(1036288K), 0.0081086 secs]
83.566: Total time for which application threads were stopped: 0.0083370 seconds, Stopping threads took: 0.0000248 seconds
83.633: [GC (Allocation Failure)  819248K->490642K(1032192K), 0.0049059 secs]
83.638: Total time for which application threads were stopped: 0.0050745 seconds, Stopping threads took: 0.0000193 seconds
83.706: [GC (Allocation Failure)  811154K->490418K(1034240K), 0.0046243 secs]
83.710: Total time for which application threads were stopped: 0.0047858 seconds, Stopping threads took: 0.0000199 seconds
83.775: [GC (Allocation Failure)  810930K->483760K(1033728K), 0.0019212 secs]
83.777: Total time for which application threads were stopped: 0.0020659 seconds, Stopping threads took: 0.0000198 seconds
83.847: [GC (Allocation Failure)  804272K->490618K(1034240K), 0.0048301 secs]
83.852: Total time for which application threads were stopped: 0.0050081 seconds, Stopping threads took: 0.0000195 seconds
83.920: [GC (Allocation Failure)  811130K->494562K(1035264K), 0.0054833 secs]
83.926: Total time for which application threads were stopped: 0.0056514 seconds, Stopping threads took: 0.0000198 seconds
83.993: [GC (Allocation Failure)  816610K->487616K(1034752K), 0.0019659 secs]
83.995: Total time for which application threads were stopped: 0.0021055 seconds, Stopping threads took: 0.0000196 seconds
84.063: [GC (Allocation Failure)  809664K->494730K(1035264K), 0.0045889 secs]
84.068: Total time for which application threads were stopped: 0.0047649 seconds, Stopping threads took: 0.0000188 seconds
84.137: [GC (Allocation Failure)  816778K->498666K(1034752K), 0.0067354 secs]
84.144: Total time for which application threads were stopped: 0.0069066 seconds, Stopping threads took: 0.0000205 seconds
84.213: [GC (Allocation Failure)  820714K->494504K(1035264K), 0.0032439 secs]
84.216: Total time for which application threads were stopped: 0.0034217 seconds, Stopping threads took: 0.0000198 seconds
84.285: [GC (Allocation Failure)  817064K->498762K(1035264K), 0.0048143 secs]
84.290: Total time for which application threads were stopped: 0.0049796 seconds, Stopping threads took: 0.0000216 seconds
84.358: [GC (Allocation Failure)  821322K->502898K(1035776K), 0.0046640 secs]
84.363: Total time for which application threads were stopped: 0.0048190 seconds, Stopping threads took: 0.0000192 seconds
84.429: [GC (Allocation Failure)  826482K->502802K(1035776K), 0.0045609 secs]
84.434: Total time for which application threads were stopped: 0.0047208 seconds, Stopping threads took: 0.0000187 seconds
84.501: [GC (Allocation Failure)  826386K->502890K(1034752K), 0.0045454 secs]
84.506: Total time for which application threads were stopped: 0.0047380 seconds, Stopping threads took: 0.0000198 seconds
84.577: [GC (Allocation Failure)  825450K->510860K(1035264K), 0.0044830 secs]
84.581: Total time for which application threads were stopped: 0.0046661 seconds, Stopping threads took: 0.0000176 seconds
84.651: [GC (Allocation Failure)  833420K->510860K(1035264K), 0.0046370 secs]
84.656: Total time for which application threads were stopped: 0.0048299 seconds, Stopping threads took: 0.0000206 seconds
84.725: [GC (Allocation Failure)  833420K->511108K(1022464K), 0.0048218 secs]
84.729: Total time for which application threads were stopped: 0.0049801 seconds, Stopping threads took: 0.0000193 seconds
84.797: [GC (Allocation Failure)  833668K->518919K(1034752K), 0.0046011 secs]
84.801: Total time for which application threads were stopped: 0.0047661 seconds, Stopping threads took: 0.0000191 seconds
84.869: [GC (Allocation Failure)  840455K->518887K(1034752K), 0.0044848 secs]
84.874: Total time for which application threads were stopped: 0.0046522 seconds, Stopping threads took: 0.0000203 seconds
84.939: [GC (Allocation Failure)  840423K->518951K(1033728K), 0.0063355 secs]
84.946: Total time for which application threads were stopped: 0.0065369 seconds, Stopping threads took: 0.0000292 seconds
85.014: [GC (Allocation Failure)  839463K->526953K(1034240K), 0.0047679 secs]
85.019: Total time for which application threads were stopped: 0.0049318 seconds, Stopping threads took: 0.0000202 seconds
85.087: [GC (Allocation Failure)  847465K->526921K(1034240K), 0.0045474 secs]
85.092: Total time for which application threads were stopped: 0.0047405 seconds, Stopping threads took: 0.0000200 seconds
85.160: [GC (Allocation Failure)  847433K->527081K(1034240K), 0.0046302 secs]
85.165: Total time for which application threads were stopped: 0.0047787 seconds, Stopping threads took: 0.0000174 seconds
85.232: [GC (Allocation Failure)  847593K->534955K(1034240K), 0.0046343 secs]
85.237: Total time for which application threads were stopped: 0.0047941 seconds, Stopping threads took: 0.0000199 seconds
85.305: [GC (Allocation Failure)  855467K->534987K(1034240K), 0.0046037 secs]
85.309: Total time for which application threads were stopped: 0.0047778 seconds, Stopping threads took: 0.0000198 seconds
85.376: [GC (Allocation Failure)  855499K->535307K(1033216K), 0.0046984 secs]
85.381: Total time for which application threads were stopped: 0.0048921 seconds, Stopping threads took: 0.0000198 seconds
85.450: [GC (Allocation Failure)  854795K->542989K(1033728K), 0.0047074 secs]
85.454: Total time for which application threads were stopped: 0.0048867 seconds, Stopping threads took: 0.0000201 seconds
85.521: [GC (Allocation Failure)  862477K->542989K(1033728K), 0.0044725 secs]
85.526: Total time for which application threads were stopped: 0.0046731 seconds, Stopping threads took: 0.0000261 seconds
85.594: [GC (Allocation Failure)  862477K->543053K(1033728K), 0.0047207 secs]
85.599: Total time for which application threads were stopped: 0.0048914 seconds, Stopping threads took: 0.0000198 seconds
85.667: [GC (Allocation Failure)  862541K->551024K(1033728K), 0.0046075 secs]
85.672: Total time for which application threads were stopped: 0.0047708 seconds, Stopping threads took: 0.0000202 seconds
85.740: [GC (Allocation Failure)  870512K->547085K(1033728K), 0.0036991 secs]
85.744: Total time for which application threads were stopped: 0.0038669 seconds, Stopping threads took: 0.0000199 seconds
85.810: [GC (Allocation Failure)  866573K->551184K(1034752K), 0.0064887 secs]
85.817: Total time for which application threads were stopped: 0.0066673 seconds, Stopping threads took: 0.0000205 seconds
85.883: [GC (Allocation Failure)  872208K->555152K(1034240K), 0.0047306 secs]
85.888: Total time for which application threads were stopped: 0.0049037 seconds, Stopping threads took: 0.0000201 seconds
85.953: [GC (Allocation Failure)  876176K->549421K(1034752K), 0.0025203 secs]
85.956: Total time for which application threads were stopped: 0.0026613 seconds, Stopping threads took: 0.0000197 seconds
86.025: [GC (Allocation Failure)  870957K->555224K(1034752K), 0.0046182 secs]
86.029: Total time for which application threads were stopped: 0.0047688 seconds, Stopping threads took: 0.0000178 seconds
86.097: [GC (Allocation Failure)  876760K->559304K(1034752K), 0.0048754 secs]
86.102: Total time for which application threads were stopped: 0.0050421 seconds, Stopping threads took: 0.0000199 seconds
86.169: [GC (Allocation Failure)  881602K->555397K(1035264K), 0.0035557 secs]
86.173: Total time for which application threads were stopped: 0.0037195 seconds, Stopping threads took: 0.0000199 seconds
86.240: [GC (Allocation Failure)  877957K->559456K(1036288K), 0.0047969 secs]
86.245: Total time for which application threads were stopped: 0.0049542 seconds, Stopping threads took: 0.0000194 seconds
86.313: [GC (Allocation Failure)  883552K->563424K(1035776K), 0.0046700 secs]
86.318: Total time for which application threads were stopped: 0.0048512 seconds, Stopping threads took: 0.0000198 seconds
86.384: [GC (Allocation Failure)  887520K->563424K(1035776K), 0.0055445 secs]
86.390: Total time for which application threads were stopped: 0.0057102 seconds, Stopping threads took: 0.0000187 seconds
86.458: [GC (Allocation Failure)  887008K->563496K(1023488K), 0.0046696 secs]
86.463: Total time for which application threads were stopped: 0.0048269 seconds, Stopping threads took: 0.0000197 seconds
86.530: [GC (Allocation Failure)  887080K->571498K(1035264K), 0.0099304 secs]
86.540: Total time for which application threads were stopped: 0.0100864 seconds, Stopping threads took: 0.0000193 seconds
86.609: [GC (Allocation Failure)  894058K->571434K(1030144K), 0.0045582 secs]
86.613: Total time for which application threads were stopped: 0.0047261 seconds, Stopping threads took: 0.0000195 seconds
86.683: [GC (Allocation Failure)  893994K->571530K(1034752K), 0.0046316 secs]
86.687: Total time for which application threads were stopped: 0.0047939 seconds, Stopping threads took: 0.0000201 seconds
86.755: [GC (Allocation Failure)  893066K->579500K(1034752K), 0.0046928 secs]
86.760: Total time for which application threads were stopped: 0.0048855 seconds, Stopping threads took: 0.0000205 seconds
86.829: [GC (Allocation Failure)  901036K->579500K(1033728K), 0.0047955 secs]
86.833: Total time for which application threads were stopped: 0.0049548 seconds, Stopping threads took: 0.0000199 seconds
86.900: [GC (Allocation Failure)  900012K->579756K(1034240K), 0.0047267 secs]
86.905: Total time for which application threads were stopped: 0.0049176 seconds, Stopping threads took: 0.0000257 seconds
86.972: [GC (Allocation Failure)  900268K->587566K(1034240K), 0.0047746 secs]
86.977: Total time for which application threads were stopped: 0.0049433 seconds, Stopping threads took: 0.0000194 seconds
87.045: [GC (Allocation Failure)  908078K->587534K(1034240K), 0.0046152 secs]
87.050: Total time for which application threads were stopped: 0.0048103 seconds, Stopping threads took: 0.0000201 seconds
87.117: [GC (Allocation Failure)  908046K->587982K(1033216K), 0.0048744 secs]
87.122: Total time for which application threads were stopped: 0.0050236 seconds, Stopping threads took: 0.0000170 seconds
87.189: [GC (Allocation Failure)  907470K->595569K(1033728K), 0.0047483 secs]
87.194: Total time for which application threads were stopped: 0.0049213 seconds, Stopping threads took: 0.0000172 seconds
87.264: [GC (Allocation Failure)  915057K->595569K(1033728K), 0.0047052 secs]
87.268: Total time for which application threads were stopped: 0.0048684 seconds, Stopping threads took: 0.0000197 seconds
87.333: [GC (Allocation Failure)  915057K->595697K(1033728K), 0.0047088 secs]
87.338: Total time for which application threads were stopped: 0.0049015 seconds, Stopping threads took: 0.0000210 seconds
87.409: [GC (Allocation Failure)  915185K->603635K(1033728K), 0.0047270 secs]
87.414: Total time for which application threads were stopped: 0.0049035 seconds, Stopping threads took: 0.0000271 seconds
87.482: [GC (Allocation Failure)  923123K->603603K(1033728K), 0.0048884 secs]
87.487: Total time for which application threads were stopped: 0.0050544 seconds, Stopping threads took: 0.0000262 seconds
87.554: [GC (Allocation Failure)  923091K->603627K(1033728K), 0.0087501 secs]
87.563: Total time for which application threads were stopped: 0.0089113 seconds, Stopping threads took: 0.0000274 seconds
87.630: [GC (Allocation Failure)  923115K->611629K(1027072K), 0.0047442 secs]
87.635: Total time for which application threads were stopped: 0.0048988 seconds, Stopping threads took: 0.0000174 seconds
87.700: [GC (Allocation Failure)  931117K->607723K(1034240K), 0.0038746 secs]
87.704: Total time for which application threads were stopped: 0.0040315 seconds, Stopping threads took: 0.0000195 seconds
87.772: [GC (Allocation Failure)  927211K->611789K(1033216K), 0.0049663 secs]
87.777: Total time for which application threads were stopped: 0.0051396 seconds, Stopping threads took: 0.0000209 seconds
87.845: [GC (Allocation Failure)  931277K->615757K(1034752K), 0.0054556 secs]
87.850: Total time for which application threads were stopped: 0.0056388 seconds, Stopping threads took: 0.0000283 seconds
87.918: [GC (Allocation Failure)  937293K->608971K(1034752K), 0.0022895 secs]
87.920: Total time for which application threads were stopped: 0.0024410 seconds, Stopping threads took: 0.0000260 seconds
87.987: [GC (Allocation Failure)  930507K->615829K(1034752K), 0.0046731 secs]
87.992: Total time for which application threads were stopped: 0.0048362 seconds, Stopping threads took: 0.0000197 seconds
88.058: [GC (Allocation Failure)  937365K->619941K(1034752K), 0.0056068 secs]
88.064: Total time for which application threads were stopped: 0.0057664 seconds, Stopping threads took: 0.0000197 seconds
88.130: [GC (Allocation Failure)  941477K->614371K(1034752K), 0.0027651 secs]
88.133: Total time for which application threads were stopped: 0.0029546 seconds, Stopping threads took: 0.0000200 seconds
88.202: [GC (Allocation Failure)  935907K->620173K(1034752K), 0.0047322 secs]
88.207: Total time for which application threads were stopped: 0.0049461 seconds, Stopping threads took: 0.0000201 seconds
88.273: [GC (Allocation Failure)  941709K->624013K(1034752K), 0.0053220 secs]
88.279: Total time for which application threads were stopped: 0.0054813 seconds, Stopping threads took: 0.0000196 seconds
88.345: [GC (Allocation Failure)  946502K->620139K(1035264K), 0.0035682 secs]
88.349: Total time for which application threads were stopped: 0.0037258 seconds, Stopping threads took: 0.0000190 seconds
88.417: [GC (Allocation Failure)  942699K->624205K(1036288K), 0.0049128 secs]
88.422: Total time for which application threads were stopped: 0.0050895 seconds, Stopping threads took: 0.0000266 seconds
88.489: [GC (Allocation Failure)  948301K->628173K(1035776K), 0.0048260 secs]
88.494: Total time for which application threads were stopped: 0.0049922 seconds, Stopping threads took: 0.0000203 seconds
88.563: [GC (Allocation Failure)  952269K->628173K(1035776K), 0.0048270 secs]
88.568: Total time for which application threads were stopped: 0.0049850 seconds, Stopping threads took: 0.0000200 seconds
88.637: [GC (Allocation Failure)  951757K->628229K(1023488K), 0.0048409 secs]
88.642: Total time for which application threads were stopped: 0.0050154 seconds, Stopping threads took: 0.0000212 seconds
88.709: [GC (Allocation Failure)  951813K->636232K(1035264K), 0.0048851 secs]
88.714: Total time for which application threads were stopped: 0.0050479 seconds, Stopping threads took: 0.0000203 seconds
88.781: [GC (Allocation Failure)  958792K->636200K(1030144K), 0.0045633 secs]
88.786: Total time for which application threads were stopped: 0.0047244 seconds, Stopping threads took: 0.0000194 seconds
88.853: [GC (Allocation Failure)  958760K->636264K(1034752K), 0.0049147 secs]
88.858: Total time for which application threads were stopped: 0.0050949 seconds, Stopping threads took: 0.0000200 seconds
88.927: [GC (Allocation Failure)  957800K->644202K(1034752K), 0.0049484 secs]
88.932: Total time for which application threads were stopped: 0.0051167 seconds, Stopping threads took: 0.0000280 seconds
89.001: [GC (Allocation Failure)  965738K->644266K(1033728K), 0.0048022 secs]
89.006: Total time for which application threads were stopped: 0.0049818 seconds, Stopping threads took: 0.0000203 seconds
89.073: [GC (Allocation Failure)  964778K->644490K(1034240K), 0.0047684 secs]
89.078: Total time for which application threads were stopped: 0.0049392 seconds, Stopping threads took: 0.0000203 seconds
89.146: [GC (Allocation Failure)  965002K->652300K(1034240K), 0.0047689 secs]
89.151: Total time for which application threads were stopped: 0.0049693 seconds, Stopping threads took: 0.0000200 seconds
89.221: [GC (Allocation Failure)  972812K->652268K(1034240K), 0.0050568 secs]
89.226: Total time for which application threads were stopped: 0.0052454 seconds, Stopping threads took: 0.0000200 seconds
89.293: [GC (Allocation Failure)  972780K->652716K(1033216K), 0.0048785 secs]
89.298: Total time for which application threads were stopped: 0.0050596 seconds, Stopping threads took: 0.0000201 seconds
89.368: [GC (Allocation Failure)  972204K->660334K(1033728K), 0.0049320 secs]
89.373: Total time for which application threads were stopped: 0.0051010 seconds, Stopping threads took: 0.0000194 seconds
89.442: [GC (Allocation Failure)  979822K->660334K(1033728K), 0.0047023 secs]
89.446: Total time for which application threads were stopped: 0.0048928 seconds, Stopping threads took: 0.0000278 seconds
89.513: [GC (Allocation Failure)  979822K->660430K(1033728K), 0.0047429 secs]
89.518: Total time for which application threads were stopped: 0.0049352 seconds, Stopping threads took: 0.0000176 seconds
89.587: [GC (Allocation Failure)  979918K->668369K(1033728K), 0.0048110 secs]
89.592: Total time for which application threads were stopped: 0.0050062 seconds, Stopping threads took: 0.0000197 seconds
89.660: [GC (Allocation Failure)  987857K->668337K(1033728K), 0.0049679 secs]
89.666: Total time for which application threads were stopped: 0.0051361 seconds, Stopping threads took: 0.0000203 seconds
89.732: [GC (Allocation Failure)  987825K->668393K(1033728K), 0.0048591 secs]
89.737: Total time for which application threads were stopped: 0.0050322 seconds, Stopping threads took: 0.0000206 seconds
89.804: [GC (Allocation Failure)  987881K->676363K(1027072K), 0.0050844 secs]
89.809: Total time for which application threads were stopped: 0.0052552 seconds, Stopping threads took: 0.0000206 seconds
89.876: [GC (Allocation Failure)  995850K->672457K(1034240K), 0.0039264 secs]
89.880: Total time for which application threads were stopped: 0.0041204 seconds, Stopping threads took: 0.0000203 seconds
89.949: [GC (Allocation Failure)  991945K->676523K(1033216K), 0.0050177 secs]
89.954: Total time for which application threads were stopped: 0.0051891 seconds, Stopping threads took: 0.0000196 seconds
90.023: [GC (Allocation Failure)  996011K->680491K(1034752K), 0.0049013 secs]
90.028: Total time for which application threads were stopped: 0.0050769 seconds, Stopping threads took: 0.0000196 seconds
90.096: [GC (Allocation Failure)  1002027K->673705K(1034752K), 0.0023437 secs]
90.098: Total time for which application threads were stopped: 0.0025044 seconds, Stopping threads took: 0.0000204 seconds
90.165: [GC (Allocation Failure)  995241K->680555K(1034752K), 0.0048711 secs]
90.170: Total time for which application threads were stopped: 0.0050433 seconds, Stopping threads took: 0.0000202 seconds
90.236: [GC (Allocation Failure)  1002091K->684667K(1034752K), 0.0059123 secs]
90.242: Total time for which application threads were stopped: 0.0061098 seconds, Stopping threads took: 0.0000211 seconds
90.309: [GC (Allocation Failure)  1006203K->679065K(1034752K), 0.0029499 secs]
90.312: Total time for which application threads were stopped: 0.0031070 seconds, Stopping threads took: 0.0000175 seconds
90.379: [GC (Allocation Failure)  1000601K->684907K(1034752K), 0.0049525 secs]
90.384: Total time for which application threads were stopped: 0.0051184 seconds, Stopping threads took: 0.0000208 seconds
90.452: [GC (Allocation Failure)  1006443K->688779K(1035264K), 0.0076466 secs]
90.460: Total time for which application threads were stopped: 0.0078152 seconds, Stopping threads took: 0.0000264 seconds
90.528: [GC (Allocation Failure)  1011267K->684905K(1035264K), 0.0038219 secs]
90.532: Total time for which application threads were stopped: 0.0039861 seconds, Stopping threads took: 0.0000199 seconds
90.602: [GC (Allocation Failure)  1007465K->688939K(1036288K), 0.0050514 secs]
90.607: Total time for which application threads were stopped: 0.0052280 seconds, Stopping threads took: 0.0000195 seconds
90.674: [GC (Allocation Failure)  1013035K->692907K(1035776K), 0.0049128 secs]
90.679: Total time for which application threads were stopped: 0.0050950 seconds, Stopping threads took: 0.0000212 seconds
90.750: [GC (Allocation Failure)  1017003K->692907K(1035776K), 0.0047582 secs]
90.754: Total time for which application threads were stopped: 0.0049283 seconds, Stopping threads took: 0.0000192 seconds
90.823: [GC (Allocation Failure)  1016491K->692971K(1023488K), 0.0050299 secs]
90.828: [Full GC (Ergonomics)  692971K->8558K(1023488K), 0.0123431 secs]
90.840: Total time for which application threads were stopped: 0.0176360 seconds, Stopping threads took: 0.0000197 seconds
90.907: [GC (Allocation Failure)  332142K->16848K(1035264K), 0.0036325 secs]
90.911: Total time for which application threads were stopped: 0.0037979 seconds, Stopping threads took: 0.0000259 seconds
90.979: [GC (Allocation Failure)  339408K->16848K(1030144K), 0.0036424 secs]
90.982: Total time for which application threads were stopped: 0.0038098 seconds, Stopping threads took: 0.0000198 seconds
91.052: [GC (Allocation Failure)  339408K->16872K(1034752K), 0.0036844 secs]
91.055: Total time for which application threads were stopped: 0.0038429 seconds, Stopping threads took: 0.0000194 seconds
91.124: [GC (Allocation Failure)  338408K->24907K(1029120K), 0.0037835 secs]
91.128: Total time for which application threads were stopped: 0.0039549 seconds, Stopping threads took: 0.0000203 seconds
91.196: [GC (Allocation Failure)  346443K->24875K(1034240K), 0.0034776 secs]
91.200: Total time for which application threads were stopped: 0.0036451 seconds, Stopping threads took: 0.0000201 seconds
91.267: [GC (Allocation Failure)  345387K->25131K(1034240K), 0.0039080 secs]
91.271: Total time for which application threads were stopped: 0.0040968 seconds, Stopping threads took: 0.0000187 seconds
91.340: [GC (Allocation Failure)  345643K->32909K(1034240K), 0.0037152 secs]
91.344: Total time for which application threads were stopped: 0.0038960 seconds, Stopping threads took: 0.0000200 seconds
91.414: [GC (Allocation Failure)  353421K->32909K(1034240K), 0.0037983 secs]
91.418: Total time for which application threads were stopped: 0.0039565 seconds, Stopping threads took: 0.0000196 seconds
91.485: [GC (Allocation Failure)  353421K->33357K(1033216K), 0.0039174 secs]
91.489: Total time for which application threads were stopped: 0.0040806 seconds, Stopping threads took: 0.0000199 seconds
91.558: [GC (Allocation Failure)  352845K->40911K(1033728K), 0.0036815 secs]
91.561: Total time for which application threads were stopped: 0.0038497 seconds, Stopping threads took: 0.0000168 seconds
91.629: [GC (Allocation Failure)  360399K->40975K(1033728K), 0.0037588 secs]
91.633: Total time for which application threads were stopped: 0.0039338 seconds, Stopping threads took: 0.0000213 seconds
91.697: [GC (Allocation Failure)  360463K->41063K(1033728K), 0.0036779 secs]
91.701: Total time for which application threads were stopped: 0.0038474 seconds, Stopping threads took: 0.0000198 seconds
91.768: [GC (Allocation Failure)  360551K->49002K(1033728K), 0.0038237 secs]
91.772: Total time for which application threads were stopped: 0.0039942 seconds, Stopping threads took: 0.0000197 seconds
91.839: [GC (Allocation Failure)  368490K->48970K(1033728K), 0.0036802 secs]
91.843: Total time for which application threads were stopped: 0.0038683 seconds, Stopping threads took: 0.0000201 seconds
91.909: [GC (Allocation Failure)  368458K->49034K(1033728K), 0.0038982 secs]
91.913: Total time for which application threads were stopped: 0.0040761 seconds, Stopping threads took: 0.0000267 seconds
91.980: [GC (Allocation Failure)  368522K->56972K(1027072K), 0.0039633 secs]
91.984: Total time for which application threads were stopped: 0.0041545 seconds, Stopping threads took: 0.0000223 seconds
92.049: [GC (Allocation Failure)  376459K->53098K(1034240K), 0.0032009 secs]
92.052: Total time for which application threads were stopped: 0.0033606 seconds, Stopping threads took: 0.0000220 seconds
92.121: [GC (Allocation Failure)  372586K->57132K(1033216K), 0.0047004 secs]
92.126: Total time for which application threads were stopped: 0.0048711 seconds, Stopping threads took: 0.0000201 seconds
92.194: [GC (Allocation Failure)  376620K->61132K(1034752K), 0.0036323 secs]
92.198: Total time for which application threads were stopped: 0.0038007 seconds, Stopping threads took: 0.0000202 seconds
92.265: [GC (Allocation Failure)  382668K->54346K(1034752K), 0.0010991 secs]
92.266: Total time for which application threads were stopped: 0.0012206 seconds, Stopping threads took: 0.0000193 seconds
92.333: [GC (Allocation Failure)  375882K->61204K(1034752K), 0.0037850 secs]
92.337: Total time for which application threads were stopped: 0.0039570 seconds, Stopping threads took: 0.0000210 seconds
92.404: [GC (Allocation Failure)  382740K->65284K(1034752K), 0.0047230 secs]
92.408: Total time for which application threads were stopped: 0.0048908 seconds, Stopping threads took: 0.0000264 seconds
92.474: [GC (Allocation Failure)  386820K->59746K(1034752K), 0.0015507 secs]
92.476: Total time for which application threads were stopped: 0.0016924 seconds, Stopping threads took: 0.0000200 seconds
92.545: [GC (Allocation Failure)  381282K->65548K(1034752K), 0.0065475 secs]
92.552: Total time for which application threads were stopped: 0.0067533 seconds, Stopping threads took: 0.0000189 seconds
92.619: [GC (Allocation Failure)  387084K->69420K(1034752K), 0.0042458 secs]
92.623: Total time for which application threads were stopped: 0.0044070 seconds, Stopping threads took: 0.0000196 seconds
92.692: [GC (Allocation Failure)  391908K->65514K(1035264K), 0.0023486 secs]
92.694: Total time for which application threads were stopped: 0.0025076 seconds, Stopping threads took: 0.0000278 seconds
92.763: [GC (Allocation Failure)  388074K->69580K(1036288K), 0.0039036 secs]
92.767: Total time for which application threads were stopped: 0.0040593 seconds, Stopping threads took: 0.0000193 seconds
92.836: [GC (Allocation Failure)  393676K->73548K(1035776K), 0.0037118 secs]
92.840: Total time for which application threads were stopped: 0.0038812 seconds, Stopping threads took: 0.0000197 seconds
92.908: [GC (Allocation Failure)  397644K->73548K(1035776K), 0.0035755 secs]
92.912: Total time for which application threads were stopped: 0.0037503 seconds, Stopping threads took: 0.0000266 seconds
92.979: [GC (Allocation Failure)  397132K->73604K(1023488K), 0.0039682 secs]
92.983: Total time for which application threads were stopped: 0.0041392 seconds, Stopping threads took: 0.0000254 seconds
93.050: [GC (Allocation Failure)  397188K->81574K(1035264K), 0.0039350 secs]
93.054: Total time for which application threads were stopped: 0.0040997 seconds, Stopping threads took: 0.0000203 seconds
93.121: [GC (Allocation Failure)  404134K->81542K(1030144K), 0.0037133 secs]
93.125: Total time for which application threads were stopped: 0.0038781 seconds, Stopping threads took: 0.0000208 seconds
93.192: [GC (Allocation Failure)  404102K->81606K(1034752K), 0.0038690 secs]
93.196: Total time for which application threads were stopped: 0.0040445 seconds, Stopping threads took: 0.0000207 seconds
93.263: [GC (Allocation Failure)  403142K->89640K(1034752K), 0.0039637 secs]
93.267: Total time for which application threads were stopped: 0.0041340 seconds, Stopping threads took: 0.0000208 seconds
93.335: [GC (Allocation Failure)  411176K->89608K(1033728K), 0.0036593 secs]
93.339: Total time for which application threads were stopped: 0.0038301 seconds, Stopping threads took: 0.0000198 seconds
93.406: [GC (Allocation Failure)  410120K->89864K(1034240K), 0.0037596 secs]
93.410: Total time for which application threads were stopped: 0.0039443 seconds, Stopping threads took: 0.0000264 seconds
93.477: [GC (Allocation Failure)  410376K->97675K(1034240K), 0.0038013 secs]
93.481: Total time for which application threads were stopped: 0.0039912 seconds, Stopping threads took: 0.0000199 seconds
93.549: [GC (Allocation Failure)  418187K->97611K(1034240K), 0.0046241 secs]
93.554: Total time for which application threads were stopped: 0.0048034 seconds, Stopping threads took: 0.0000260 seconds
93.622: [GC (Allocation Failure)  418123K->98091K(1033216K), 0.0039414 secs]
93.626: Total time for which application threads were stopped: 0.0041112 seconds, Stopping threads took: 0.0000197 seconds
93.695: [GC (Allocation Failure)  417579K->105677K(1033728K), 0.0038240 secs]
93.699: Total time for which application threads were stopped: 0.0039959 seconds, Stopping threads took: 0.0000203 seconds
93.766: [GC (Allocation Failure)  425165K->105677K(1033728K), 0.0038571 secs]
93.770: Total time for which application threads were stopped: 0.0040137 seconds, Stopping threads took: 0.0000195 seconds
93.835: [GC (Allocation Failure)  425165K->105805K(1033728K), 0.0039996 secs]
93.839: Total time for which application threads were stopped: 0.0041646 seconds, Stopping threads took: 0.0000204 seconds
93.906: [GC (Allocation Failure)  425293K->113743K(1033728K), 0.0036206 secs]
93.910: Total time for which application threads were stopped: 0.0037881 seconds, Stopping threads took: 0.0000266 seconds
93.977: [GC (Allocation Failure)  433231K->113711K(1033728K), 0.0038861 secs]
93.981: Total time for which application threads were stopped: 0.0040882 seconds, Stopping threads took: 0.0000219 seconds
94.049: [GC (Allocation Failure)  433199K->113767K(1033728K), 0.0038689 secs]
94.053: Total time for which application threads were stopped: 0.0040175 seconds, Stopping threads took: 0.0000174 seconds
94.119: [GC (Allocation Failure)  433255K->121737K(1027072K), 0.0065140 secs]
94.126: Total time for which application threads were stopped: 0.0066744 seconds, Stopping threads took: 0.0000203 seconds
94.192: [GC (Allocation Failure)  441225K->117831K(1034240K), 0.0028657 secs]
94.195: Total time for which application threads were stopped: 0.0030325 seconds, Stopping threads took: 0.0000199 seconds
94.262: [GC (Allocation Failure)  437319K->121897K(1033216K), 0.0039939 secs]
94.266: Total time for which application threads were stopped: 0.0041946 seconds, Stopping threads took: 0.0000217 seconds
94.335: [GC (Allocation Failure)  441385K->125865K(1034752K), 0.0039506 secs]
94.339: Total time for which application threads were stopped: 0.0041197 seconds, Stopping threads took: 0.0000176 seconds
94.406: [GC (Allocation Failure)  447401K->119047K(1034752K), 0.0011132 secs]
94.407: Total time for which application threads were stopped: 0.0012454 seconds, Stopping threads took: 0.0000273 seconds
94.475: [GC (Allocation Failure)  440583K->125937K(1034752K), 0.0043775 secs]
94.479: Total time for which application threads were stopped: 0.0045579 seconds, Stopping threads took: 0.0000253 seconds
94.546: [GC (Allocation Failure)  447473K->130009K(1034752K), 0.0059510 secs]
94.552: Total time for which application threads were stopped: 0.0061420 seconds, Stopping threads took: 0.0000169 seconds
94.618: [GC (Allocation Failure)  451545K->124471K(1034752K), 0.0017415 secs]
94.620: Total time for which application threads were stopped: 0.0018886 seconds, Stopping threads took: 0.0000197 seconds
94.687: [GC (Allocation Failure)  446007K->130273K(1034752K), 0.0039943 secs]
94.691: Total time for which application threads were stopped: 0.0041881 seconds, Stopping threads took: 0.0000195 seconds
94.758: [GC (Allocation Failure)  451809K->134185K(1034752K), 0.0041232 secs]
94.763: Total time for which application threads were stopped: 0.0043214 seconds, Stopping threads took: 0.0000192 seconds
94.831: [GC (Allocation Failure)  456674K->130247K(1035264K), 0.0026135 secs]
94.834: Total time for which application threads were stopped: 0.0027575 seconds, Stopping threads took: 0.0000169 seconds
94.903: [GC (Allocation Failure)  452807K->134313K(1036288K), 0.0039098 secs]
94.907: Total time for which application threads were stopped: 0.0040910 seconds, Stopping threads took: 0.0000273 seconds
94.975: [GC (Allocation Failure)  458409K->138313K(1035776K), 0.0037332 secs]
94.979: Total time for which application threads were stopped: 0.0039230 seconds, Stopping threads took: 0.0000264 seconds
95.048: [GC (Allocation Failure)  462409K->138281K(1035776K), 0.0038841 secs]
95.052: Total time for which application threads were stopped: 0.0040799 seconds, Stopping threads took: 0.0000199 seconds
95.121: [GC (Allocation Failure)  461865K->138345K(1023488K), 0.0038916 secs]
95.125: Total time for which application threads were stopped: 0.0041945 seconds, Stopping threads took: 0.0000185 seconds
95.191: [GC (Allocation Failure)  461929K->146348K(1035264K), 0.0045791 secs]
95.196: Total time for which application threads were stopped: 0.0047445 seconds, Stopping threads took: 0.0000192 seconds
95.265: [GC (Allocation Failure)  468908K->146348K(1030144K), 0.0038402 secs]
95.269: Total time for which application threads were stopped: 0.0040281 seconds, Stopping threads took: 0.0000198 seconds
95.336: [GC (Allocation Failure)  468908K->146380K(1034752K), 0.0039838 secs]
95.340: Total time for which application threads were stopped: 0.0041605 seconds, Stopping threads took: 0.0000195 seconds
95.408: [GC (Allocation Failure)  467916K->154350K(1029120K), 0.0040007 secs]
95.412: Total time for which application threads were stopped: 0.0041706 seconds, Stopping threads took: 0.0000269 seconds
95.480: [GC (Allocation Failure)  475886K->154382K(1034240K), 0.0064540 secs]
95.486: Total time for which application threads were stopped: 0.0066539 seconds, Stopping threads took: 0.0000220 seconds
95.555: [GC (Allocation Failure)  474894K->154574K(1034240K), 0.0039817 secs]
95.559: Total time for which application threads were stopped: 0.0041410 seconds, Stopping threads took: 0.0000335 seconds
95.627: [GC (Allocation Failure)  475086K->162416K(1034240K), 0.0039697 secs]
95.631: Total time for which application threads were stopped: 0.0041196 seconds, Stopping threads took: 0.0000164 seconds
95.699: [GC (Allocation Failure)  482928K->162384K(1034240K), 0.0039770 secs]
95.703: Total time for which application threads were stopped: 0.0041909 seconds, Stopping threads took: 0.0000198 seconds
95.772: [GC (Allocation Failure)  482896K->162824K(1033216K), 0.0041119 secs]
95.776: Total time for which application threads were stopped: 0.0042737 seconds, Stopping threads took: 0.0000199 seconds
95.844: [GC (Allocation Failure)  482312K->170442K(1033728K), 0.0041030 secs]
95.848: Total time for which application threads were stopped: 0.0042664 seconds, Stopping threads took: 0.0000202 seconds
95.916: [GC (Allocation Failure)  489930K->170442K(1033728K), 0.0038675 secs]
95.920: Total time for which application threads were stopped: 0.0040286 seconds, Stopping threads took: 0.0000269 seconds
95.986: [GC (Allocation Failure)  489930K->170538K(1033728K), 0.0041011 secs]
95.990: Total time for which application threads were stopped: 0.0042961 seconds, Stopping threads took: 0.0000202 seconds
96.059: [GC (Allocation Failure)  490026K->178477K(1033728K), 0.0038843 secs]
96.063: Total time for which application threads were stopped: 0.0040729 seconds, Stopping threads took: 0.0000276 seconds
96.131: [GC (Allocation Failure)  497965K->178445K(1033728K), 0.0039723 secs]
96.136: Total time for which application threads were stopped: 0.0041501 seconds, Stopping threads took: 0.0000171 seconds
96.204: [GC (Allocation Failure)  497933K->178509K(1032704K), 0.0042062 secs]
96.208: Total time for which application threads were stopped: 0.0043582 seconds, Stopping threads took: 0.0000179 seconds
96.276: [GC (Allocation Failure)  496973K->186479K(1033216K), 0.0040965 secs]
96.280: Total time for which application threads were stopped: 0.0042906 seconds, Stopping threads took: 0.0000205 seconds
96.349: [GC (Allocation Failure)  504943K->180909K(1033728K), 0.0018419 secs]
96.351: Total time for which application threads were stopped: 0.0019913 seconds, Stopping threads took: 0.0000200 seconds
96.418: [GC (Allocation Failure)  499885K->186735K(1033216K), 0.0040773 secs]
96.422: Total time for which application threads were stopped: 0.0042471 seconds, Stopping threads took: 0.0000206 seconds
96.491: [GC (Allocation Failure)  505711K->190655K(1034240K), 0.0052523 secs]
96.496: Total time for which application threads were stopped: 0.0054185 seconds, Stopping threads took: 0.0000207 seconds
96.564: [GC (Allocation Failure)  511167K->196541K(1034240K), 0.0064382 secs]
96.571: Total time for which application threads were stopped: 0.0066063 seconds, Stopping threads took: 0.0000180 seconds
96.638: [GC (Allocation Failure)  517053K->190783K(1030144K), 0.0042621 secs]
96.642: Total time for which application threads were stopped: 0.0044218 seconds, Stopping threads took: 0.0000192 seconds
96.709: [GC (Allocation Failure)  507199K->190655K(1032192K), 0.0041153 secs]
96.713: Total time for which application threads were stopped: 0.0042702 seconds, Stopping threads took: 0.0000190 seconds
96.779: [GC (Allocation Failure)  507071K->186525K(1033216K), 0.0023493 secs]
96.781: Total time for which application threads were stopped: 0.0025035 seconds, Stopping threads took: 0.0000191 seconds
96.849: [GC (Allocation Failure)  504477K->190751K(1032704K), 0.0039547 secs]
96.853: Total time for which application threads were stopped: 0.0041247 seconds, Stopping threads took: 0.0000191 seconds
96.918: [GC (Allocation Failure)  508703K->190655K(1033728K), 0.0039943 secs]
96.922: Total time for which application threads were stopped: 0.0041702 seconds, Stopping threads took: 0.0000278 seconds
96.988: [GC (Allocation Failure)  509631K->194247K(1033216K), 0.0049636 secs]
96.993: Total time for which application threads were stopped: 0.0051272 seconds, Stopping threads took: 0.0000191 seconds
97.060: [GC (Allocation Failure)  513223K->198729K(1034240K), 0.0039823 secs]
97.064: Total time for which application threads were stopped: 0.0041467 seconds, Stopping threads took: 0.0000189 seconds
97.130: [GC (Allocation Failure)  518729K->198697K(1033728K), 0.0041122 secs]
97.134: Total time for which application threads were stopped: 0.0042717 seconds, Stopping threads took: 0.0000201 seconds
97.199: [GC (Allocation Failure)  518697K->201961K(1034240K), 0.0075408 secs]
97.207: Total time for which application threads were stopped: 0.0077189 seconds, Stopping threads took: 0.0000206 seconds
97.274: [GC (Allocation Failure)  522473K->206700K(1034240K), 0.0064312 secs]
97.281: Total time for which application threads were stopped: 0.0066143 seconds, Stopping threads took: 0.0000262 seconds
97.348: [GC (Allocation Failure)  527212K->206732K(1034752K), 0.0039697 secs]
97.352: Total time for which application threads were stopped: 0.0041369 seconds, Stopping threads took: 0.0000210 seconds
97.418: [GC (Allocation Failure)  528268K->209188K(1034752K), 0.0044291 secs]
97.422: Total time for which application threads were stopped: 0.0045884 seconds, Stopping threads took: 0.0000267 seconds
97.491: [GC (Allocation Failure)  530724K->214726K(1034752K), 0.0041569 secs]
97.495: Total time for which application threads were stopped: 0.0043155 seconds, Stopping threads took: 0.0000193 seconds
97.563: [GC (Allocation Failure)  536262K->214758K(1034752K), 0.0039464 secs]
97.567: Total time for which application threads were stopped: 0.0041169 seconds, Stopping threads took: 0.0000194 seconds
97.632: [GC (Allocation Failure)  536294K->218446K(1035264K), 0.0049026 secs]
97.637: Total time for which application threads were stopped: 0.0050924 seconds, Stopping threads took: 0.0000193 seconds
97.705: [GC (Allocation Failure)  540494K->222800K(1034752K), 0.0040658 secs]
97.709: Total time for which application threads were stopped: 0.0042173 seconds, Stopping threads took: 0.0000170 seconds
97.777: [GC (Allocation Failure)  544848K->222768K(1035264K), 0.0041001 secs]
97.781: Total time for which application threads were stopped: 0.0042827 seconds, Stopping threads took: 0.0000194 seconds
97.850: [GC (Allocation Failure)  545328K->225640K(1035264K), 0.0047146 secs]
97.855: Total time for which application threads were stopped: 0.0048926 seconds, Stopping threads took: 0.0000212 seconds
97.925: [GC (Allocation Failure)  548200K->230890K(1035264K), 0.0039710 secs]
97.929: Total time for which application threads were stopped: 0.0041468 seconds, Stopping threads took: 0.0000260 seconds
97.998: [GC (Allocation Failure)  553450K->230794K(1035264K), 0.0039478 secs]
98.002: Total time for which application threads were stopped: 0.0041210 seconds, Stopping threads took: 0.0000202 seconds
98.070: [GC (Allocation Failure)  553354K->233866K(1035264K), 0.0047728 secs]
98.075: Total time for which application threads were stopped: 0.0049528 seconds, Stopping threads took: 0.0000194 seconds
98.143: [GC (Allocation Failure)  556426K->238861K(1035264K), 0.0040344 secs]
98.147: Total time for which application threads were stopped: 0.0041971 seconds, Stopping threads took: 0.0000211 seconds
98.215: [GC (Allocation Failure)  561421K->238829K(1035264K), 0.0042149 secs]
98.219: Total time for which application threads were stopped: 0.0044159 seconds, Stopping threads took: 0.0000188 seconds
98.288: [GC (Allocation Failure)  561389K->234058K(1035264K), 0.0024570 secs]
98.290: Total time for which application threads were stopped: 0.0026173 seconds, Stopping threads took: 0.0000277 seconds
98.358: [GC (Allocation Failure)  556618K->239053K(1035264K), 0.0041783 secs]
98.362: Total time for which application threads were stopped: 0.0043435 seconds, Stopping threads took: 0.0000193 seconds
98.430: [GC (Allocation Failure)  561613K->238861K(1035264K), 0.0040882 secs]
98.434: Total time for which application threads were stopped: 0.0042565 seconds, Stopping threads took: 0.0000190 seconds
98.504: [GC (Allocation Failure)  561421K->238378K(1035776K), 0.0039642 secs]
98.508: Total time for which application threads were stopped: 0.0041426 seconds, Stopping threads took: 0.0000190 seconds
98.577: [GC (Allocation Failure)  561450K->239053K(1035264K), 0.0041159 secs]
98.581: Total time for which application threads were stopped: 0.0042651 seconds, Stopping threads took: 0.0000167 seconds
98.648: [GC (Allocation Failure)  562125K->238829K(1035776K), 0.0042477 secs]
98.653: Total time for which application threads were stopped: 0.0044164 seconds, Stopping threads took: 0.0000196 seconds
98.720: [GC (Allocation Failure)  562413K->244674K(1035776K), 0.0068581 secs]
98.727: Total time for which application threads were stopped: 0.0070227 seconds, Stopping threads took: 0.0000274 seconds
98.795: [GC (Allocation Failure)  568258K->240069K(1032704K), 0.0047749 secs]
98.800: Total time for which application threads were stopped: 0.0049353 seconds, Stopping threads took: 0.0000196 seconds
98.867: [GC (Allocation Failure)  560581K->239941K(1034240K), 0.0042905 secs]
98.872: Total time for which application threads were stopped: 0.0044564 seconds, Stopping threads took: 0.0000194 seconds
98.939: [GC (Allocation Failure)  560453K->247010K(1030656K), 0.0087546 secs]
98.948: Total time for which application threads were stopped: 0.0089267 seconds, Stopping threads took: 0.0000274 seconds
99.015: [GC (Allocation Failure)  564450K->241349K(1032704K), 0.0041734 secs]
99.019: Total time for which application threads were stopped: 0.0043338 seconds, Stopping threads took: 0.0000200 seconds
99.086: [GC (Allocation Failure)  558789K->241253K(1033728K), 0.0040874 secs]
99.090: Total time for which application threads were stopped: 0.0042627 seconds, Stopping threads took: 0.0000196 seconds
99.156: [GC (Allocation Failure)  560229K->238818K(1033216K), 0.0031307 secs]
99.160: Total time for which application threads were stopped: 0.0032958 seconds, Stopping threads took: 0.0000190 seconds
99.227: [GC (Allocation Failure)  557794K->241285K(1034752K), 0.0045919 secs]
99.231: Total time for which application threads were stopped: 0.0047482 seconds, Stopping threads took: 0.0000199 seconds
99.301: [GC (Allocation Failure)  562309K->241221K(1034240K), 0.0039159 secs]
99.305: Total time for which application threads were stopped: 0.0041121 seconds, Stopping threads took: 0.0000194 seconds
99.373: [GC (Allocation Failure)  562245K->236482K(1034240K), 0.0022153 secs]
99.375: Total time for which application threads were stopped: 0.0023694 seconds, Stopping threads took: 0.0000192 seconds
99.444: [GC (Allocation Failure)  558018K->241477K(1034752K), 0.0041496 secs]
99.448: Total time for which application threads were stopped: 0.0043531 seconds, Stopping threads took: 0.0000571 seconds
99.516: [GC (Allocation Failure)  563013K->241221K(1035776K), 0.0041591 secs]
99.520: Total time for which application threads were stopped: 0.0043507 seconds, Stopping threads took: 0.0000204 seconds
99.588: [GC (Allocation Failure)  564293K->239234K(1035264K), 0.0032999 secs]
99.592: Total time for which application threads were stopped: 0.0034996 seconds, Stopping threads took: 0.0000269 seconds
99.660: [GC (Allocation Failure)  562306K->241445K(1036288K), 0.0041368 secs]
99.664: Total time for which application threads were stopped: 0.0042977 seconds, Stopping threads took: 0.0000196 seconds
99.732: [GC (Allocation Failure)  565541K->241253K(1035776K), 0.0041624 secs]
99.736: Total time for which application threads were stopped: 0.0043281 seconds, Stopping threads took: 0.0000189 seconds
99.804: [GC (Allocation Failure)  565349K->247082K(1033216K), 0.0069726 secs]
99.811: Total time for which application threads were stopped: 0.0072548 seconds, Stopping threads took: 0.0000178 seconds
99.879: [GC (Allocation Failure)  568618K->242989K(1034752K), 0.0044223 secs]
99.883: Total time for which application threads were stopped: 0.0045835 seconds, Stopping threads took: 0.0000201 seconds
99.950: [GC (Allocation Failure)  564525K->242861K(1035264K), 0.0040212 secs]
99.955: Total time for which application threads were stopped: 0.0041892 seconds, Stopping threads took: 0.0000268 seconds
100.024: [GC (Allocation Failure)  565421K->250946K(1035264K), 0.0078244 secs]
100.032: Total time for which application threads were stopped: 0.0079815 seconds, Stopping threads took: 0.0000192 seconds
100.101: [GC (Allocation Failure)  573506K->245765K(1032192K), 0.0044896 secs]
100.106: Total time for which application threads were stopped: 0.0046715 seconds, Stopping threads took: 0.0000201 seconds
100.174: [GC (Allocation Failure)  565253K->245701K(1033728K), 0.0041934 secs]
100.178: Total time for which application threads were stopped: 0.0043930 seconds, Stopping threads took: 0.0000215 seconds
100.245: [GC (Allocation Failure)  565189K->251970K(1031680K), 0.0067743 secs]
100.252: Total time for which application threads were stopped: 0.0069521 seconds, Stopping threads took: 0.0000200 seconds
100.320: [GC (Allocation Failure)  569410K->245733K(1032704K), 0.0045886 secs]
100.325: Total time for which application threads were stopped: 0.0047400 seconds, Stopping threads took: 0.0000175 seconds
100.393: [GC (Allocation Failure)  563173K->245701K(1033216K), 0.0040276 secs]
100.397: Total time for which application threads were stopped: 0.0042028 seconds, Stopping threads took: 0.0000210 seconds
100.465: [GC (Allocation Failure)  563653K->241410K(1032704K), 0.0024521 secs]
100.467: Total time for which application threads were stopped: 0.0026150 seconds, Stopping threads took: 0.0000270 seconds
100.533: [GC (Allocation Failure)  559362K->245893K(1033728K), 0.0050427 secs]
100.539: Total time for which application threads were stopped: 0.0052119 seconds, Stopping threads took: 0.0000259 seconds
100.606: [GC (Allocation Failure)  564357K->245701K(1032704K), 0.0039152 secs]
100.610: Total time for which application threads were stopped: 0.0041078 seconds, Stopping threads took: 0.0000202 seconds
100.677: [GC (Allocation Failure)  564165K->249157K(1033216K), 0.0051899 secs]
100.682: Total time for which application threads were stopped: 0.0053397 seconds, Stopping threads took: 0.0000169 seconds
100.749: [GC (Allocation Failure)  568645K->253767K(1033728K), 0.0041204 secs]
100.753: Total time for which application threads were stopped: 0.0042893 seconds, Stopping threads took: 0.0000198 seconds
100.821: [GC (Allocation Failure)  573255K->253735K(1034752K), 0.0040883 secs]
100.825: Total time for which application threads were stopped: 0.0042821 seconds, Stopping threads took: 0.0000204 seconds
100.894: [GC (Allocation Failure)  574759K->253799K(1034240K), 0.0041921 secs]
100.898: Total time for which application threads were stopped: 0.0043610 seconds, Stopping threads took: 0.0000174 seconds
100.967: [GC (Allocation Failure)  574823K->261897K(1034752K), 0.0042022 secs]
100.971: Total time for which application threads were stopped: 0.0043702 seconds, Stopping threads took: 0.0000281 seconds
101.039: [GC (Allocation Failure)  582921K->261801K(1034240K), 0.0042805 secs]
101.043: Total time for which application threads were stopped: 0.0044432 seconds, Stopping threads took: 0.0000199 seconds
101.109: [GC (Allocation Failure)  582825K->265641K(1034752K), 0.0052101 secs]
101.114: Total time for which application threads were stopped: 0.0053819 seconds, Stopping threads took: 0.0000201 seconds
101.183: [GC (Allocation Failure)  587177K->269835K(1034752K), 0.0043440 secs]
101.187: Total time for which application threads were stopped: 0.0045026 seconds, Stopping threads took: 0.0000178 seconds
101.254: [GC (Allocation Failure)  591371K->269771K(1035264K), 0.0063651 secs]
101.261: Total time for which application threads were stopped: 0.0065561 seconds, Stopping threads took: 0.0000262 seconds
101.330: [GC (Allocation Failure)  592331K->271811K(1035264K), 0.0043586 secs]
101.335: Total time for which application threads were stopped: 0.0045306 seconds, Stopping threads took: 0.0000227 seconds
101.403: [GC (Allocation Failure)  594371K->277830K(1035264K), 0.0039687 secs]
101.407: Total time for which application threads were stopped: 0.0041401 seconds, Stopping threads took: 0.0000204 seconds
101.476: [GC (Allocation Failure)  600390K->277830K(1035264K), 0.0041959 secs]
101.480: Total time for which application threads were stopped: 0.0043571 seconds, Stopping threads took: 0.0000264 seconds
101.547: [GC (Allocation Failure)  600390K->280030K(1035264K), 0.0055458 secs]
101.552: Total time for which application threads were stopped: 0.0057270 seconds, Stopping threads took: 0.0000174 seconds
101.622: [GC (Allocation Failure)  602590K->286080K(1035264K), 0.0043155 secs]
101.626: Total time for which application threads were stopped: 0.0045113 seconds, Stopping threads took: 0.0000290 seconds
101.694: [GC (Allocation Failure)  608640K->285856K(1035264K), 0.0043614 secs]
101.699: Total time for which application threads were stopped: 0.0045337 seconds, Stopping threads took: 0.0000195 seconds
101.768: [GC (Allocation Failure)  608416K->280222K(1035264K), 0.0020507 secs]
101.770: Total time for which application threads were stopped: 0.0022029 seconds, Stopping threads took: 0.0000198 seconds
101.839: [GC (Allocation Failure)  602782K->285984K(1035264K), 0.0044374 secs]
101.844: Total time for which application threads were stopped: 0.0046381 seconds, Stopping threads took: 0.0000213 seconds
101.913: [GC (Allocation Failure)  608544K->285856K(1035264K), 0.0040885 secs]
101.917: Total time for which application threads were stopped: 0.0042456 seconds, Stopping threads took: 0.0000252 seconds
101.983: [GC (Allocation Failure)  608416K->284510K(1035776K), 0.0037986 secs]
101.987: Total time for which application threads were stopped: 0.0039622 seconds, Stopping threads took: 0.0000197 seconds
102.055: [GC (Allocation Failure)  607582K->285952K(1035264K), 0.0042703 secs]
102.060: Total time for which application threads were stopped: 0.0044761 seconds, Stopping threads took: 0.0000206 seconds
102.129: [GC (Allocation Failure)  609024K->285856K(1036288K), 0.0044396 secs]
102.133: Total time for which application threads were stopped: 0.0046231 seconds, Stopping threads took: 0.0000204 seconds
102.203: [GC (Allocation Failure)  609952K->291334K(1035776K), 0.0070652 secs]
102.210: Total time for which application threads were stopped: 0.0072341 seconds, Stopping threads took: 0.0000191 seconds
102.278: [GC (Allocation Failure)  615430K->287176K(1033728K), 0.0045524 secs]
102.283: Total time for which application threads were stopped: 0.0047329 seconds, Stopping threads took: 0.0000203 seconds
102.351: [GC (Allocation Failure)  608712K->287080K(1034752K), 0.0040855 secs]
102.355: Total time for which application threads were stopped: 0.0042801 seconds, Stopping threads took: 0.0000208 seconds
102.422: [GC (Allocation Failure)  608616K->280038K(1034240K), 0.0013497 secs]
102.424: Total time for which application threads were stopped: 0.0014726 seconds, Stopping threads took: 0.0000264 seconds
102.493: [GC (Allocation Failure)  601574K->287376K(1034752K), 0.0043696 secs]
102.498: Total time for which application threads were stopped: 0.0045284 seconds, Stopping threads took: 0.0000177 seconds
102.565: [GC (Allocation Failure)  608912K->291288K(1035264K), 0.0052910 secs]
102.571: Total time for which application threads were stopped: 0.0054498 seconds, Stopping threads took: 0.0000177 seconds
102.638: [GC (Allocation Failure)  613848K->286390K(1035264K), 0.0026013 secs]
102.641: Total time for which application threads were stopped: 0.0027639 seconds, Stopping threads took: 0.0000201 seconds
102.709: [GC (Allocation Failure)  608950K->291472K(1035776K), 0.0044773 secs]
102.713: Total time for which application threads were stopped: 0.0046569 seconds, Stopping threads took: 0.0000199 seconds
102.781: [GC (Allocation Failure)  614544K->295400K(1035264K), 0.0044324 secs]
102.786: Total time for which application threads were stopped: 0.0046256 seconds, Stopping threads took: 0.0000223 seconds
102.854: [GC (Allocation Failure)  618472K->295400K(1035776K), 0.0040415 secs]
102.858: Total time for which application threads were stopped: 0.0042231 seconds, Stopping threads took: 0.0000170 seconds
102.927: [GC (Allocation Failure)  618984K->295560K(1023488K), 0.0040539 secs]
102.931: Total time for which application threads were stopped: 0.0042026 seconds, Stopping threads took: 0.0000248 seconds
103.000: [GC (Allocation Failure)  619144K->303466K(1035264K), 0.0042837 secs]
103.005: Total time for which application threads were stopped: 0.0044475 seconds, Stopping threads took: 0.0000262 seconds
103.073: [GC (Allocation Failure)  626026K->303466K(1035264K), 0.0042295 secs]
103.077: Total time for which application threads were stopped: 0.0044237 seconds, Stopping threads took: 0.0000264 seconds
103.144: [GC (Allocation Failure)  626026K->303562K(1034240K), 0.0042860 secs]
103.148: Total time for which application threads were stopped: 0.0044490 seconds, Stopping threads took: 0.0000204 seconds
103.217: [GC (Allocation Failure)  625098K->311468K(1034752K), 0.0056453 secs]
103.222: Total time for which application threads were stopped: 0.0058029 seconds, Stopping threads took: 0.0000210 seconds
103.289: [GC (Allocation Failure)  633004K->311468K(1034752K), 0.0043171 secs]
103.294: Total time for which application threads were stopped: 0.0044834 seconds, Stopping threads took: 0.0000207 seconds
103.359: [GC (Allocation Failure)  633004K->311788K(1021440K), 0.0044259 secs]
103.364: Total time for which application threads were stopped: 0.0045864 seconds, Stopping threads took: 0.0000196 seconds
103.431: [GC (Allocation Failure)  633324K->319535K(1034240K), 0.0043123 secs]
103.435: Total time for which application threads were stopped: 0.0044833 seconds, Stopping threads took: 0.0000204 seconds
103.502: [GC (Allocation Failure)  640047K->319535K(1034240K), 0.0042414 secs]
103.507: Total time for which application threads were stopped: 0.0044224 seconds, Stopping threads took: 0.0000195 seconds
103.574: [GC (Allocation Failure)  640047K->320039K(1034240K), 0.0044039 secs]
103.579: Total time for which application threads were stopped: 0.0045689 seconds, Stopping threads took: 0.0000192 seconds
103.647: [GC (Allocation Failure)  640551K->327529K(1034240K), 0.0044181 secs]
103.651: Total time for which application threads were stopped: 0.0045956 seconds, Stopping threads took: 0.0000280 seconds
103.719: [GC (Allocation Failure)  648041K->327529K(1034240K), 0.0043329 secs]
103.723: Total time for which application threads were stopped: 0.0044924 seconds, Stopping threads took: 0.0000195 seconds
103.790: [GC (Allocation Failure)  648041K->327745K(1034240K), 0.0044051 secs]
103.794: Total time for which application threads were stopped: 0.0045594 seconds, Stopping threads took: 0.0000189 seconds
103.864: [GC (Allocation Failure)  648257K->335555K(1033216K), 0.0043932 secs]
103.869: Total time for which application threads were stopped: 0.0045646 seconds, Stopping threads took: 0.0000194 seconds
103.936: [GC (Allocation Failure)  655043K->335555K(1033728K), 0.0041555 secs]
103.940: Total time for which application threads were stopped: 0.0043148 seconds, Stopping threads took: 0.0000260 seconds
104.007: [GC (Allocation Failure)  655043K->335723K(1033728K), 0.0044310 secs]
104.011: Total time for which application threads were stopped: 0.0045999 seconds, Stopping threads took: 0.0000200 seconds
104.078: [GC (Allocation Failure)  655211K->343598K(1033728K), 0.0043661 secs]
104.083: Total time for which application threads were stopped: 0.0045272 seconds, Stopping threads took: 0.0000200 seconds
104.150: [GC (Allocation Failure)  663086K->339691K(1034240K), 0.0033196 secs]
104.154: Total time for which application threads were stopped: 0.0034785 seconds, Stopping threads took: 0.0000202 seconds
104.222: [GC (Allocation Failure)  659691K->343758K(1033728K), 0.0045423 secs]
104.226: Total time for which application threads were stopped: 0.0047303 seconds, Stopping threads took: 0.0000227 seconds
104.294: [GC (Allocation Failure)  663758K->347726K(1034752K), 0.0043131 secs]
104.299: Total time for which application threads were stopped: 0.0044857 seconds, Stopping threads took: 0.0000210 seconds
104.366: [GC (Allocation Failure)  669262K->341963K(1034752K), 0.0024761 secs]
104.369: Total time for which application threads were stopped: 0.0026367 seconds, Stopping threads took: 0.0000215 seconds
104.437: [GC (Allocation Failure)  663499K->347822K(1035776K), 0.0041874 secs]
104.442: Total time for which application threads were stopped: 0.0043440 seconds, Stopping threads took: 0.0000183 seconds
104.510: [GC (Allocation Failure)  670382K->351902K(1034752K), 0.0045448 secs]
104.515: Total time for which application threads were stopped: 0.0047663 seconds, Stopping threads took: 0.0000546 seconds
104.582: [GC (Allocation Failure)  674200K->347995K(1035776K), 0.0034520 secs]
104.585: Total time for which application threads were stopped: 0.0036091 seconds, Stopping threads took: 0.0000203 seconds
104.654: [GC (Allocation Failure)  671067K->352022K(1035264K), 0.0044079 secs]
104.658: Total time for which application threads were stopped: 0.0045832 seconds, Stopping threads took: 0.0000201 seconds
104.728: [GC (Allocation Failure)  675094K->356022K(1035264K), 0.0042419 secs]
104.732: Total time for which application threads were stopped: 0.0044365 seconds, Stopping threads took: 0.0000202 seconds
104.802: [GC (Allocation Failure)  679606K->355990K(1035776K), 0.0044285 secs]
104.806: Total time for which application threads were stopped: 0.0046048 seconds, Stopping threads took: 0.0000200 seconds
104.875: [GC (Allocation Failure)  679574K->356046K(1034752K), 0.0045907 secs]
104.880: Total time for which application threads were stopped: 0.0047671 seconds, Stopping threads took: 0.0000215 seconds
104.948: [GC (Allocation Failure)  678606K->364016K(1035264K), 0.0044666 secs]
104.952: Total time for which application threads were stopped: 0.0046448 seconds, Stopping threads took: 0.0000199 seconds
105.019: [GC (Allocation Failure)  686576K->363984K(1034240K), 0.0044583 secs]
105.023: Total time for which application threads were stopped: 0.0046502 seconds, Stopping threads took: 0.0000204 seconds
105.092: [GC (Allocation Failure)  685520K->364072K(1034752K), 0.0044642 secs]
105.097: Total time for which application threads were stopped: 0.0046128 seconds, Stopping threads took: 0.0000178 seconds
105.164: [GC (Allocation Failure)  685608K->372074K(1034752K), 0.0043878 secs]
105.169: Total time for which application threads were stopped: 0.0045365 seconds, Stopping threads took: 0.0000207 seconds
105.237: [GC (Allocation Failure)  693610K->372042K(1029120K), 0.0043732 secs]
105.242: Total time for which application threads were stopped: 0.0045738 seconds, Stopping threads took: 0.0000282 seconds
105.307: [GC (Allocation Failure)  693578K->372290K(1034240K), 0.0048904 secs]
105.312: Total time for which application threads were stopped: 0.0050510 seconds, Stopping threads took: 0.0000201 seconds
105.380: [GC (Allocation Failure)  692802K->380068K(1034240K), 0.0042246 secs]
105.384: Total time for which application threads were stopped: 0.0043880 seconds, Stopping threads took: 0.0000202 seconds
105.453: [GC (Allocation Failure)  700580K->380068K(1034240K), 0.0043447 secs]
105.458: Total time for which application threads were stopped: 0.0045122 seconds, Stopping threads took: 0.0000276 seconds
105.525: [GC (Allocation Failure)  700580K->380516K(1034240K), 0.0045087 secs]
105.529: Total time for which application threads were stopped: 0.0046696 seconds, Stopping threads took: 0.0000205 seconds
105.596: [GC (Allocation Failure)  701028K->388103K(1033216K), 0.0045961 secs]
105.600: Total time for which application threads were stopped: 0.0047641 seconds, Stopping threads took: 0.0000194 seconds
105.667: [GC (Allocation Failure)  707591K->388103K(1033728K), 0.0045540 secs]
105.672: Total time for which application threads were stopped: 0.0047215 seconds, Stopping threads took: 0.0000198 seconds
105.738: [GC (Allocation Failure)  707591K->388231K(1033728K), 0.0043464 secs]
105.743: Total time for which application threads were stopped: 0.0045023 seconds, Stopping threads took: 0.0000201 seconds
105.810: [GC (Allocation Failure)  707719K->396137K(1033728K), 0.0044037 secs]
105.815: Total time for which application threads were stopped: 0.0045781 seconds, Stopping threads took: 0.0000194 seconds
105.884: [GC (Allocation Failure)  715625K->396105K(1033728K), 0.0045212 secs]
105.888: Total time for which application threads were stopped: 0.0046942 seconds, Stopping threads took: 0.0000204 seconds
105.955: [GC (Allocation Failure)  715593K->396201K(1033728K), 0.0044118 secs]
105.960: Total time for which application threads were stopped: 0.0046376 seconds, Stopping threads took: 0.0000282 seconds
106.028: [GC (Allocation Failure)  715689K->404171K(1032704K), 0.0044714 secs]
106.033: Total time for which application threads were stopped: 0.0046297 seconds, Stopping threads took: 0.0000166 seconds
106.100: [GC (Allocation Failure)  722635K->398601K(1033216K), 0.0025081 secs]
106.102: Total time for which application threads were stopped: 0.0026604 seconds, Stopping threads took: 0.0000204 seconds
106.170: [GC (Allocation Failure)  717065K->404459K(1034752K), 0.0066118 secs]
106.176: Total time for which application threads were stopped: 0.0067778 seconds, Stopping threads took: 0.0000213 seconds
106.244: [GC (Allocation Failure)  724971K->408315K(1033728K), 0.0048398 secs]
106.249: Total time for which application threads were stopped: 0.0050165 seconds, Stopping threads took: 0.0000205 seconds
106.316: [GC (Allocation Failure)  728827K->415209K(1029120K), 0.0075571 secs]
106.324: Total time for which application threads were stopped: 0.0077394 seconds, Stopping threads took: 0.0000199 seconds
106.391: [GC (Allocation Failure)  730601K->409099K(1031680K), 0.0045013 secs]
106.396: Total time for which application threads were stopped: 0.0046752 seconds, Stopping threads took: 0.0000205 seconds
106.461: [GC (Allocation Failure)  724491K->408939K(1032704K), 0.0044459 secs]
106.466: Total time for which application threads were stopped: 0.0046187 seconds, Stopping threads took: 0.0000288 seconds
106.530: [GC (Allocation Failure)  725867K->412331K(1032192K), 0.0052466 secs]
106.536: Total time for which application threads were stopped: 0.0054607 seconds, Stopping threads took: 0.0000258 seconds
106.604: [GC (Allocation Failure)  729259K->417101K(1033216K), 0.0045340 secs]
106.609: Total time for which application threads were stopped: 0.0046944 seconds, Stopping threads took: 0.0000202 seconds
106.676: [GC (Allocation Failure)  735053K->417005K(1032704K), 0.0046001 secs]
106.681: Total time for which application threads were stopped: 0.0047688 seconds, Stopping threads took: 0.0000198 seconds
106.748: [GC (Allocation Failure)  734957K->417997K(1033216K), 0.0046562 secs]
106.753: Total time for which application threads were stopped: 0.0048576 seconds, Stopping threads took: 0.0000267 seconds
106.821: [GC (Allocation Failure)  736461K->425008K(1033216K), 0.0045081 secs]
106.826: Total time for which application threads were stopped: 0.0046659 seconds, Stopping threads took: 0.0000193 seconds
106.892: [GC (Allocation Failure)  743472K->425008K(1033728K), 0.0045325 secs]
106.897: Total time for which application threads were stopped: 0.0046917 seconds, Stopping threads took: 0.0000194 seconds
106.964: [GC (Allocation Failure)  743984K->426664K(1033216K), 0.0044942 secs]
106.968: Total time for which application threads were stopped: 0.0046647 seconds, Stopping threads took: 0.0000193 seconds
107.037: [GC (Allocation Failure)  745640K->433098K(1033728K), 0.0045504 secs]
107.042: Total time for which application threads were stopped: 0.0048469 seconds, Stopping threads took: 0.0000199 seconds
107.109: [GC (Allocation Failure)  752586K->433034K(1033728K), 0.0047668 secs]
107.113: Total time for which application threads were stopped: 0.0049554 seconds, Stopping threads took: 0.0000224 seconds
107.180: [GC (Allocation Failure)  752522K->433386K(1033728K), 0.0103000 secs]
107.190: Total time for which application threads were stopped: 0.0104776 seconds, Stopping threads took: 0.0000219 seconds
107.259: [GC (Allocation Failure)  752874K->441100K(1033728K), 0.0048034 secs]
107.264: Total time for which application threads were stopped: 0.0050059 seconds, Stopping threads took: 0.0000228 seconds
107.334: [GC (Allocation Failure)  760588K->441100K(1033728K), 0.0044555 secs]
107.338: Total time for which application threads were stopped: 0.0046054 seconds, Stopping threads took: 0.0000171 seconds
107.405: [GC (Allocation Failure)  760588K->444684K(1033728K), 0.0054431 secs]
107.411: Total time for which application threads were stopped: 0.0056114 seconds, Stopping threads took: 0.0000202 seconds
107.479: [GC (Allocation Failure)  764172K->449198K(1034240K), 0.0047406 secs]
107.484: Total time for which application threads were stopped: 0.0049259 seconds, Stopping threads took: 0.0000212 seconds
107.552: [GC (Allocation Failure)  769710K->449102K(1034240K), 0.0055721 secs]
107.558: Total time for which application threads were stopped: 0.0057314 seconds, Stopping threads took: 0.0000259 seconds
107.624: [GC (Allocation Failure)  769614K->449862K(1034240K), 0.0047029 secs]
107.629: Total time for which application threads were stopped: 0.0048634 seconds, Stopping threads took: 0.0000192 seconds
107.697: [GC (Allocation Failure)  770374K->457161K(1034240K), 0.0044172 secs]
107.702: Total time for which application threads were stopped: 0.0045810 seconds, Stopping threads took: 0.0000202 seconds
107.770: [GC (Allocation Failure)  777673K->457129K(1034240K), 0.0054045 secs]
107.775: Total time for which application threads were stopped: 0.0055880 seconds, Stopping threads took: 0.0000217 seconds
107.842: [GC (Allocation Failure)  777641K->458057K(1034240K), 0.0046684 secs]
107.847: Total time for which application threads were stopped: 0.0048502 seconds, Stopping threads took: 0.0000230 seconds
107.915: [GC (Allocation Failure)  778569K->465163K(1034240K), 0.0047718 secs]
107.920: Total time for which application threads were stopped: 0.0049402 seconds, Stopping threads took: 0.0000200 seconds
107.988: [GC (Allocation Failure)  785675K->465131K(1034240K), 0.0053823 secs]
107.994: Total time for which application threads were stopped: 0.0055470 seconds, Stopping threads took: 0.0000205 seconds
108.061: [GC (Allocation Failure)  785643K->466315K(1034240K), 0.0047021 secs]
108.066: Total time for which application threads were stopped: 0.0048650 seconds, Stopping threads took: 0.0000204 seconds
108.134: [GC (Allocation Failure)  786827K->473229K(1034240K), 0.0047260 secs]
108.139: Total time for which application threads were stopped: 0.0049089 seconds, Stopping threads took: 0.0000273 seconds
108.208: [GC (Allocation Failure)  793741K->473197K(1034240K), 0.0047148 secs]
108.213: Total time for which application threads were stopped: 0.0048837 seconds, Stopping threads took: 0.0000200 seconds
108.279: [GC (Allocation Failure)  793709K->473549K(1020416K), 0.0046598 secs]
108.284: Total time for which application threads were stopped: 0.0048330 seconds, Stopping threads took: 0.0000201 seconds
108.352: [GC (Allocation Failure)  794061K->481295K(1033728K), 0.0048521 secs]
108.357: Total time for which application threads were stopped: 0.0050256 seconds, Stopping threads took: 0.0000199 seconds
108.423: [GC (Allocation Failure)  800783K->481231K(1033728K), 0.0046197 secs]
108.428: Total time for which application threads were stopped: 0.0047963 seconds, Stopping threads took: 0.0000202 seconds
108.494: [GC (Allocation Failure)  800719K->481767K(1033728K), 0.0044928 secs]
108.499: Total time for which application threads were stopped: 0.0046644 seconds, Stopping threads took: 0.0000204 seconds
108.569: [GC (Allocation Failure)  801255K->489322K(1033728K), 0.0046957 secs]
108.573: Total time for which application threads were stopped: 0.0048755 seconds, Stopping threads took: 0.0000178 seconds
108.641: [GC (Allocation Failure)  808810K->489226K(1033728K), 0.0045583 secs]
108.646: Total time for which application threads were stopped: 0.0047520 seconds, Stopping threads took: 0.0000209 seconds
108.713: [GC (Allocation Failure)  808714K->489994K(1033728K), 0.0044825 secs]
108.718: Total time for which application threads were stopped: 0.0046684 seconds, Stopping threads took: 0.0000180 seconds
108.788: [GC (Allocation Failure)  809482K->497292K(1033728K), 0.0045582 secs]
108.792: Total time for which application threads were stopped: 0.0047171 seconds, Stopping threads took: 0.0000172 seconds
108.860: [GC (Allocation Failure)  816780K->497292K(1033728K), 0.0046297 secs]
108.864: Total time for which application threads were stopped: 0.0048241 seconds, Stopping threads took: 0.0000198 seconds
108.933: [GC (Allocation Failure)  816780K->499284K(1033728K), 0.0048850 secs]
108.937: Total time for which application threads were stopped: 0.0050545 seconds, Stopping threads took: 0.0000267 seconds
109.006: [GC (Allocation Failure)  818772K->505366K(1033728K), 0.0047034 secs]
109.011: Total time for which application threads were stopped: 0.0048835 seconds, Stopping threads took: 0.0000202 seconds
109.079: [GC (Allocation Failure)  824854K->505366K(1033728K), 0.0044911 secs]
109.084: Total time for which application threads were stopped: 0.0046645 seconds, Stopping threads took: 0.0000208 seconds
109.152: [GC (Allocation Failure)  824854K->506462K(1033728K), 0.0050279 secs]
109.157: Total time for which application threads were stopped: 0.0051932 seconds, Stopping threads took: 0.0000202 seconds
109.225: [GC (Allocation Failure)  825950K->513409K(1033728K), 0.0047098 secs]
109.229: Total time for which application threads were stopped: 0.0048812 seconds, Stopping threads took: 0.0000206 seconds
109.297: [GC (Allocation Failure)  832897K->513377K(1033728K), 0.0044615 secs]
109.301: Total time for which application threads were stopped: 0.0046306 seconds, Stopping threads took: 0.0000195 seconds
109.368: [GC (Allocation Failure)  832865K->513705K(1033728K), 0.0047839 secs]
109.373: Total time for which application threads were stopped: 0.0049565 seconds, Stopping threads took: 0.0000207 seconds
109.441: [GC (Allocation Failure)  833193K->521451K(1033728K), 0.0045854 secs]
109.446: Total time for which application threads were stopped: 0.0047542 seconds, Stopping threads took: 0.0000271 seconds
109.513: [GC (Allocation Failure)  840939K->521419K(1033728K), 0.0047285 secs]
109.518: Total time for which application threads were stopped: 0.0048920 seconds, Stopping threads took: 0.0000209 seconds
109.585: [GC (Allocation Failure)  840907K->521931K(1033728K), 0.0047652 secs]
109.590: Total time for which application threads were stopped: 0.0049762 seconds, Stopping threads took: 0.0000253 seconds
109.658: [GC (Allocation Failure)  841419K->529485K(1033728K), 0.0048109 secs]
109.663: Total time for which application threads were stopped: 0.0050385 seconds, Stopping threads took: 0.0000562 seconds
109.732: [GC (Allocation Failure)  848973K->529485K(1033728K), 0.0047602 secs]
109.736: Total time for which application threads were stopped: 0.0049306 seconds, Stopping threads took: 0.0000201 seconds
109.802: [GC (Allocation Failure)  848973K->530181K(1033728K), 0.0048050 secs]
109.807: Total time for which application threads were stopped: 0.0049637 seconds, Stopping threads took: 0.0000195 seconds
109.876: [GC (Allocation Failure)  849669K->537511K(1033728K), 0.0046427 secs]
109.881: Total time for which application threads were stopped: 0.0048006 seconds, Stopping threads took: 0.0000203 seconds
109.950: [GC (Allocation Failure)  856999K->537479K(1033728K), 0.0046386 secs]
109.955: Total time for which application threads were stopped: 0.0047962 seconds, Stopping threads took: 0.0000255 seconds
110.021: [GC (Allocation Failure)  856967K->538407K(1033728K), 0.0047428 secs]
110.026: Total time for which application threads were stopped: 0.0049202 seconds, Stopping threads took: 0.0000283 seconds
110.094: [GC (Allocation Failure)  857895K->545514K(1033728K), 0.0047714 secs]
110.099: Total time for which application threads were stopped: 0.0049491 seconds, Stopping threads took: 0.0000206 seconds
110.168: [GC (Allocation Failure)  865002K->545514K(1033728K), 0.0046862 secs]
110.172: Total time for which application threads were stopped: 0.0048497 seconds, Stopping threads took: 0.0000203 seconds
110.240: [GC (Allocation Failure)  865002K->545642K(1033728K), 0.0046514 secs]
110.245: Total time for which application threads were stopped: 0.0048109 seconds, Stopping threads took: 0.0000205 seconds
110.313: [GC (Allocation Failure)  865130K->553548K(1027072K), 0.0047306 secs]
110.317: Total time for which application threads were stopped: 0.0048923 seconds, Stopping threads took: 0.0000206 seconds
110.385: [GC (Allocation Failure)  873036K->553548K(1033216K), 0.0049052 secs]
110.390: Total time for which application threads were stopped: 0.0050684 seconds, Stopping threads took: 0.0000205 seconds
110.457: [GC (Allocation Failure)  872012K->553868K(1033216K), 0.0046908 secs]
110.461: Total time for which application threads were stopped: 0.0048529 seconds, Stopping threads took: 0.0000196 seconds
110.529: [GC (Allocation Failure)  872332K->561582K(1033216K), 0.0095084 secs]
110.538: Total time for which application threads were stopped: 0.0097072 seconds, Stopping threads took: 0.0000208 seconds
110.605: [GC (Allocation Failure)  880046K->561582K(1033216K), 0.0047300 secs]
110.610: Total time for which application threads were stopped: 0.0048895 seconds, Stopping threads took: 0.0000200 seconds
110.675: [GC (Allocation Failure)  880046K->562118K(1033216K), 0.0047592 secs]
110.680: Total time for which application threads were stopped: 0.0049395 seconds, Stopping threads took: 0.0000202 seconds
110.746: [GC (Allocation Failure)  880582K->569576K(1033216K), 0.0048608 secs]
110.751: Total time for which application threads were stopped: 0.0050240 seconds, Stopping threads took: 0.0000205 seconds
110.818: [GC (Allocation Failure)  888040K->569640K(1033216K), 0.0048651 secs]
110.823: Total time for which application threads were stopped: 0.0050596 seconds, Stopping threads took: 0.0000202 seconds
110.889: [GC (Allocation Failure)  888104K->569832K(1033216K), 0.0048189 secs]
110.894: Total time for which application threads were stopped: 0.0049786 seconds, Stopping threads took: 0.0000198 seconds
110.961: [GC (Allocation Failure)  888296K->577675K(1033216K), 0.0047395 secs]
110.965: Total time for which application threads were stopped: 0.0049158 seconds, Stopping threads took: 0.0000282 seconds
111.031: [GC (Allocation Failure)  896139K->577643K(1033216K), 0.0048479 secs]
111.036: Total time for which application threads were stopped: 0.0050205 seconds, Stopping threads took: 0.0000266 seconds
111.103: [GC (Allocation Failure)  896107K->577803K(1033216K), 0.0047899 secs]
111.108: Total time for which application threads were stopped: 0.0049602 seconds, Stopping threads took: 0.0000202 seconds
111.175: [GC (Allocation Failure)  896267K->585709K(1033216K), 0.0050399 secs]
111.180: Total time for which application threads were stopped: 0.0052108 seconds, Stopping threads took: 0.0000202 seconds
111.247: [GC (Allocation Failure)  904173K->585709K(1033216K), 0.0050093 secs]
111.252: Total time for which application threads were stopped: 0.0051713 seconds, Stopping threads took: 0.0000198 seconds
111.316: [GC (Allocation Failure)  904173K->585741K(1033216K), 0.0050300 secs]
111.322: Total time for which application threads were stopped: 0.0052121 seconds, Stopping threads took: 0.0000208 seconds
111.389: [GC (Allocation Failure)  904205K->593711K(1033216K), 0.0047398 secs]
111.394: Total time for which application threads were stopped: 0.0049002 seconds, Stopping threads took: 0.0000262 seconds
111.459: [GC (Allocation Failure)  912175K->593743K(1033216K), 0.0050125 secs]
111.464: Total time for which application threads were stopped: 0.0051832 seconds, Stopping threads took: 0.0000207 seconds
111.531: [GC (Allocation Failure)  912207K->593991K(1033216K), 0.0080195 secs]
111.539: Total time for which application threads were stopped: 0.0081615 seconds, Stopping threads took: 0.0000197 seconds
111.606: [GC (Allocation Failure)  912455K->601737K(1033216K), 0.0048691 secs]
111.611: Total time for which application threads were stopped: 0.0050308 seconds, Stopping threads took: 0.0000207 seconds
111.679: [GC (Allocation Failure)  920201K->601737K(1033216K), 0.0047906 secs]
111.683: Total time for which application threads were stopped: 0.0049524 seconds, Stopping threads took: 0.0000200 seconds
111.748: [GC (Allocation Failure)  920201K->601993K(1033216K), 0.0047575 secs]
111.753: Total time for which application threads were stopped: 0.0049396 seconds, Stopping threads took: 0.0000199 seconds
111.820: [GC (Allocation Failure)  920457K->609772K(1033216K), 0.0048810 secs]
111.825: Total time for which application threads were stopped: 0.0050568 seconds, Stopping threads took: 0.0000212 seconds
111.889: [GC (Allocation Failure)  928236K->605897K(1033216K), 0.0040157 secs]
111.893: Total time for which application threads were stopped: 0.0041927 seconds, Stopping threads took: 0.0000201 seconds
111.960: [GC (Allocation Failure)  924361K->609932K(1034752K), 0.0047971 secs]
111.965: Total time for which application threads were stopped: 0.0049709 seconds, Stopping threads took: 0.0000272 seconds
112.032: [GC (Allocation Failure)  930444K->613900K(1033728K), 0.0048238 secs]
112.037: Total time for which application threads were stopped: 0.0049940 seconds, Stopping threads took: 0.0000204 seconds
112.104: [GC (Allocation Failure)  934412K->606057K(1034240K), 0.0019726 secs]
112.106: Total time for which application threads were stopped: 0.0021065 seconds, Stopping threads took: 0.0000196 seconds
112.173: [GC (Allocation Failure)  926569K->613964K(1034240K), 0.0046601 secs]
112.178: Total time for which application threads were stopped: 0.0048596 seconds, Stopping threads took: 0.0000207 seconds
112.247: [GC (Allocation Failure)  934476K->618076K(1033216K), 0.0065087 secs]
112.253: Total time for which application threads were stopped: 0.0066714 seconds, Stopping threads took: 0.0000196 seconds
112.321: [GC (Allocation Failure)  937564K->623769K(1032704K), 0.0074144 secs]
112.328: Total time for which application threads were stopped: 0.0075856 seconds, Stopping threads took: 0.0000200 seconds
112.395: [GC (Allocation Failure)  943257K->618300K(1031680K), 0.0048721 secs]
112.400: Total time for which application threads were stopped: 0.0050468 seconds, Stopping threads took: 0.0000205 seconds
112.469: [GC (Allocation Failure)  934716K->618044K(1032192K), 0.0046389 secs]
112.474: Total time for which application threads were stopped: 0.0048154 seconds, Stopping threads took: 0.0000200 seconds
112.538: [GC (Allocation Failure)  934460K->612697K(1032704K), 0.0028127 secs]
112.541: Total time for which application threads were stopped: 0.0029759 seconds, Stopping threads took: 0.0000252 seconds
112.608: [GC (Allocation Failure)  930137K->618236K(1032704K), 0.0047035 secs]
112.613: Total time for which application threads were stopped: 0.0048715 seconds, Stopping threads took: 0.0000202 seconds
112.679: [GC (Allocation Failure)  935676K->618012K(1033216K), 0.0049863 secs]
112.684: Total time for which application threads were stopped: 0.0051779 seconds, Stopping threads took: 0.0000195 seconds
112.751: [GC (Allocation Failure)  935964K->618396K(1032704K), 0.0050082 secs]
112.756: Total time for which application threads were stopped: 0.0051705 seconds, Stopping threads took: 0.0000191 seconds
112.824: [GC (Allocation Failure)  936348K->626078K(1033216K), 0.0046953 secs]
112.829: Total time for which application threads were stopped: 0.0048886 seconds, Stopping threads took: 0.0000196 seconds
112.897: [GC (Allocation Failure)  944542K->626078K(1033216K), 0.0046910 secs]
112.902: Total time for which application threads were stopped: 0.0048733 seconds, Stopping threads took: 0.0000169 seconds
112.969: [GC (Allocation Failure)  944542K->630214K(1033728K), 0.0060479 secs]
112.975: Total time for which application threads were stopped: 0.0062169 seconds, Stopping threads took: 0.0000198 seconds
113.043: [GC (Allocation Failure)  949190K->634216K(1033216K), 0.0045358 secs]
113.047: Total time for which application threads were stopped: 0.0046959 seconds, Stopping threads took: 0.0000206 seconds
113.117: [GC (Allocation Failure)  953192K->634120K(1034240K), 0.0049320 secs]
113.122: Total time for which application threads were stopped: 0.0050814 seconds, Stopping threads took: 0.0000170 seconds
113.187: [GC (Allocation Failure)  954120K->636904K(1033728K), 0.0053036 secs]
113.193: Total time for which application threads were stopped: 0.0054744 seconds, Stopping threads took: 0.0000280 seconds
113.261: [GC (Allocation Failure)  956904K->642155K(1034240K), 0.0076896 secs]
113.269: Total time for which application threads were stopped: 0.0078633 seconds, Stopping threads took: 0.0000211 seconds
113.338: [GC (Allocation Failure)  962667K->642155K(1034240K), 0.0047142 secs]
113.343: Total time for which application threads were stopped: 0.0048758 seconds, Stopping threads took: 0.0000199 seconds
113.410: [GC (Allocation Failure)  962667K->642603K(1033728K), 0.0048718 secs]
113.415: Total time for which application threads were stopped: 0.0050530 seconds, Stopping threads took: 0.0000352 seconds
113.484: [GC (Allocation Failure)  963115K->650221K(1034240K), 0.0049998 secs]
113.489: Total time for which application threads were stopped: 0.0051632 seconds, Stopping threads took: 0.0000201 seconds
113.558: [GC (Allocation Failure)  970733K->650221K(1034240K), 0.0049011 secs]
113.563: Total time for which application threads were stopped: 0.0050664 seconds, Stopping threads took: 0.0000162 seconds
113.630: [GC (Allocation Failure)  970733K->652901K(1034240K), 0.0053534 secs]
113.635: Total time for which application threads were stopped: 0.0055159 seconds, Stopping threads took: 0.0000200 seconds
113.703: [GC (Allocation Failure)  973413K->658247K(1034240K), 0.0048074 secs]
113.708: Total time for which application threads were stopped: 0.0049724 seconds, Stopping threads took: 0.0000199 seconds
113.775: [GC (Allocation Failure)  978759K->658215K(1034240K), 0.0050465 secs]
113.780: Total time for which application threads were stopped: 0.0052188 seconds, Stopping threads took: 0.0000200 seconds
113.847: [GC (Allocation Failure)  978727K->659047K(1033728K), 0.0051812 secs]
113.852: Total time for which application threads were stopped: 0.0053541 seconds, Stopping threads took: 0.0000204 seconds
113.922: [GC (Allocation Failure)  979559K->666377K(1034240K), 0.0050783 secs]
113.927: Total time for which application threads were stopped: 0.0052499 seconds, Stopping threads took: 0.0000203 seconds
113.995: [GC (Allocation Failure)  986889K->666249K(1034240K), 0.0051447 secs]
114.001: Total time for which application threads were stopped: 0.0053396 seconds, Stopping threads took: 0.0000200 seconds
114.069: [GC (Allocation Failure)  986761K->669321K(1034240K), 0.0057034 secs]
114.075: Total time for which application threads were stopped: 0.0058710 seconds, Stopping threads took: 0.0000193 seconds
114.142: [GC (Allocation Failure)  989833K->674348K(1034752K), 0.0049137 secs]
114.147: Total time for which application threads were stopped: 0.0050772 seconds, Stopping threads took: 0.0000191 seconds
114.215: [GC (Allocation Failure)  995884K->674284K(1034752K), 0.0049855 secs]
114.220: Total time for which application threads were stopped: 0.0051644 seconds, Stopping threads took: 0.0000192 seconds
114.285: [GC (Allocation Failure)  995820K->677580K(1034752K), 0.0056095 secs]
114.291: Total time for which application threads were stopped: 0.0057826 seconds, Stopping threads took: 0.0000204 seconds
114.361: [GC (Allocation Failure)  999116K->682350K(1034752K), 0.0051380 secs]
114.366: Total time for which application threads were stopped: 0.0053337 seconds, Stopping threads took: 0.0000209 seconds
114.435: [GC (Allocation Failure)  1003886K->682318K(1034752K), 0.0049782 secs]
114.440: Total time for which application threads were stopped: 0.0051389 seconds, Stopping threads took: 0.0000271 seconds
114.507: [GC (Allocation Failure)  1003854K->682726K(1034752K), 0.0049000 secs]
114.511: [Full GC (Ergonomics)  682726K->8887K(1034752K), 0.0130574 secs]
114.525: Total time for which application threads were stopped: 0.0181964 seconds, Stopping threads took: 0.0000265 seconds
114.595: [GC (Allocation Failure)  330423K->18618K(1032704K), 0.0040609 secs]
114.599: Total time for which application threads were stopped: 0.0042281 seconds, Stopping threads took: 0.0000194 seconds
114.667: [GC (Allocation Failure)  338106K->18650K(1033728K), 0.0042277 secs]
114.672: Total time for which application threads were stopped: 0.0043975 seconds, Stopping threads took: 0.0000204 seconds
114.736: [GC (Allocation Failure)  338138K->20322K(1034240K), 0.0041843 secs]
114.741: Total time for which application threads were stopped: 0.0043565 seconds, Stopping threads took: 0.0000205 seconds
114.810: [GC (Allocation Failure)  340834K->26724K(1034240K), 0.0037820 secs]
114.814: Total time for which application threads were stopped: 0.0039951 seconds, Stopping threads took: 0.0000256 seconds
114.883: [GC (Allocation Failure)  347236K->26692K(1034240K), 0.0037169 secs]
114.887: Total time for which application threads were stopped: 0.0038839 seconds, Stopping threads took: 0.0000191 seconds
114.953: [GC (Allocation Failure)  347204K->26756K(1020416K), 0.0037675 secs]
114.957: Total time for which application threads were stopped: 0.0039290 seconds, Stopping threads took: 0.0000286 seconds
115.025: [GC (Allocation Failure)  347268K->34822K(1033728K), 0.0036955 secs]
115.029: Total time for which application threads were stopped: 0.0038557 seconds, Stopping threads took: 0.0000200 seconds
115.095: [GC (Allocation Failure)  354310K->34726K(1033728K), 0.0035381 secs]
115.099: Total time for which application threads were stopped: 0.0037058 seconds, Stopping threads took: 0.0000195 seconds
115.165: [GC (Allocation Failure)  354214K->34790K(1033728K), 0.0038722 secs]
115.169: Total time for which application threads were stopped: 0.0040395 seconds, Stopping threads took: 0.0000198 seconds
115.235: [GC (Allocation Failure)  354278K->42825K(1033728K), 0.0038366 secs]
115.239: Total time for which application threads were stopped: 0.0040062 seconds, Stopping threads took: 0.0000203 seconds
115.306: [GC (Allocation Failure)  362313K->42761K(1033728K), 0.0037349 secs]
115.310: Total time for which application threads were stopped: 0.0038958 seconds, Stopping threads took: 0.0000200 seconds
115.375: [GC (Allocation Failure)  362249K->42985K(1033728K), 0.0038719 secs]
115.379: Total time for which application threads were stopped: 0.0040406 seconds, Stopping threads took: 0.0000201 seconds
115.447: [GC (Allocation Failure)  362473K->50859K(1033728K), 0.0034730 secs]
115.451: Total time for which application threads were stopped: 0.0036644 seconds, Stopping threads took: 0.0000200 seconds
115.519: [GC (Allocation Failure)  370347K->50763K(1033728K), 0.0039997 secs]
115.523: Total time for which application threads were stopped: 0.0041953 seconds, Stopping threads took: 0.0000202 seconds
115.592: [GC (Allocation Failure)  370251K->51211K(1033728K), 0.0036529 secs]
115.596: Total time for which application threads were stopped: 0.0038111 seconds, Stopping threads took: 0.0000177 seconds
115.664: [GC (Allocation Failure)  370699K->58893K(1027072K), 0.0038431 secs]
115.668: Total time for which application threads were stopped: 0.0040159 seconds, Stopping threads took: 0.0000210 seconds
115.735: [GC (Allocation Failure)  378381K->58829K(1033728K), 0.0037085 secs]
115.739: Total time for which application threads were stopped: 0.0038898 seconds, Stopping threads took: 0.0000205 seconds
115.804: [GC (Allocation Failure)  377805K->59981K(1033216K), 0.0040412 secs]
115.808: Total time for which application threads were stopped: 0.0042096 seconds, Stopping threads took: 0.0000204 seconds
115.876: [GC (Allocation Failure)  378957K->66927K(1033728K), 0.0038288 secs]
115.879: Total time for which application threads were stopped: 0.0040052 seconds, Stopping threads took: 0.0000205 seconds
115.949: [GC (Allocation Failure)  386415K->66831K(1033728K), 0.0038215 secs]
115.952: Total time for which application threads were stopped: 0.0039967 seconds, Stopping threads took: 0.0000270 seconds
116.019: [GC (Allocation Failure)  386319K->67143K(1033728K), 0.0039175 secs]
116.023: Total time for which application threads were stopped: 0.0041058 seconds, Stopping threads took: 0.0000202 seconds
116.091: [GC (Allocation Failure)  386631K->74922K(1027072K), 0.0038948 secs]
116.095: Total time for which application threads were stopped: 0.0040697 seconds, Stopping threads took: 0.0000210 seconds
116.165: [GC (Allocation Failure)  394410K->74890K(1033216K), 0.0039693 secs]
116.169: Total time for which application threads were stopped: 0.0041998 seconds, Stopping threads took: 0.0000290 seconds
116.238: [GC (Allocation Failure)  393354K->76970K(1033216K), 0.0040220 secs]
116.242: Total time for which application threads were stopped: 0.0041905 seconds, Stopping threads took: 0.0000196 seconds
116.308: [GC (Allocation Failure)  395434K->82924K(1033728K), 0.0040357 secs]
116.313: Total time for which application threads were stopped: 0.0042074 seconds, Stopping threads took: 0.0000201 seconds
116.380: [GC (Allocation Failure)  402412K->82924K(1033728K), 0.0039251 secs]
116.384: Total time for which application threads were stopped: 0.0040980 seconds, Stopping threads took: 0.0000206 seconds
116.452: [GC (Allocation Failure)  402412K->83084K(1033728K), 0.0037704 secs]
116.456: Total time for which application threads were stopped: 0.0039408 seconds, Stopping threads took: 0.0000279 seconds
116.521: [GC (Allocation Failure)  402572K->90958K(1033728K), 0.0038894 secs]
116.525: Total time for which application threads were stopped: 0.0040610 seconds, Stopping threads took: 0.0000203 seconds
116.594: [GC (Allocation Failure)  410446K->90958K(1033728K), 0.0036990 secs]
116.597: Total time for which application threads were stopped: 0.0038846 seconds, Stopping threads took: 0.0000182 seconds
116.664: [GC (Allocation Failure)  410446K->91334K(1033728K), 0.0039913 secs]
116.668: Total time for which application threads were stopped: 0.0041770 seconds, Stopping threads took: 0.0000175 seconds
116.738: [GC (Allocation Failure)  410822K->98984K(1032704K), 0.0036872 secs]
116.741: Total time for which application threads were stopped: 0.0038370 seconds, Stopping threads took: 0.0000173 seconds
116.809: [GC (Allocation Failure)  417448K->99016K(1033216K), 0.0039544 secs]
116.813: Total time for which application threads were stopped: 0.0041293 seconds, Stopping threads took: 0.0000218 seconds
116.878: [GC (Allocation Failure)  417480K->99560K(1033728K), 0.0039935 secs]
116.882: Total time for which application threads were stopped: 0.0041703 seconds, Stopping threads took: 0.0000203 seconds
116.950: [GC (Allocation Failure)  419048K->107051K(1027072K), 0.0038179 secs]
116.954: Total time for which application threads were stopped: 0.0040106 seconds, Stopping threads took: 0.0000196 seconds
117.020: [GC (Allocation Failure)  426539K->106987K(1033216K), 0.0047336 secs]
117.025: Total time for which application threads were stopped: 0.0049142 seconds, Stopping threads took: 0.0000286 seconds
117.093: [GC (Allocation Failure)  425451K->107819K(1033216K), 0.0039648 secs]
117.097: Total time for which application threads were stopped: 0.0041555 seconds, Stopping threads took: 0.0000227 seconds
117.165: [GC (Allocation Failure)  426283K->115085K(1032704K), 0.0039036 secs]
117.169: Total time for which application threads were stopped: 0.0040659 seconds, Stopping threads took: 0.0000202 seconds
117.236: [GC (Allocation Failure)  433549K->115085K(1033216K), 0.0039476 secs]
117.240: Total time for which application threads were stopped: 0.0041202 seconds, Stopping threads took: 0.0000200 seconds
117.307: [GC (Allocation Failure)  433549K->116045K(1033728K), 0.0040608 secs]
117.311: Total time for which application threads were stopped: 0.0042174 seconds, Stopping threads took: 0.0000187 seconds
117.378: [GC (Allocation Failure)  435021K->123119K(1033216K), 0.0038781 secs]
117.382: Total time for which application threads were stopped: 0.0040397 seconds, Stopping threads took: 0.0000203 seconds
117.450: [GC (Allocation Failure)  442095K->123087K(1033728K), 0.0038875 secs]
117.454: Total time for which application threads were stopped: 0.0040547 seconds, Stopping threads took: 0.0000212 seconds
117.521: [GC (Allocation Failure)  442063K->123239K(1033216K), 0.0040523 secs]
117.525: Total time for which application threads were stopped: 0.0042265 seconds, Stopping threads took: 0.0000207 seconds
117.594: [GC (Allocation Failure)  442215K->131113K(1033216K), 0.0039104 secs]
117.598: Total time for which application threads were stopped: 0.0040799 seconds, Stopping threads took: 0.0000199 seconds
117.664: [GC (Allocation Failure)  449577K->131113K(1033216K), 0.0040236 secs]
117.668: Total time for which application threads were stopped: 0.0042180 seconds, Stopping threads took: 0.0000200 seconds
117.734: [GC (Allocation Failure)  449577K->131465K(1033216K), 0.0039553 secs]
117.738: Total time for which application threads were stopped: 0.0041125 seconds, Stopping threads took: 0.0000177 seconds
117.804: [GC (Allocation Failure)  449929K->139148K(1033216K), 0.0040318 secs]
117.808: Total time for which application threads were stopped: 0.0041924 seconds, Stopping threads took: 0.0000203 seconds
117.874: [GC (Allocation Failure)  457612K->139180K(1033216K), 0.0039530 secs]
117.878: Total time for which application threads were stopped: 0.0041345 seconds, Stopping threads took: 0.0000302 seconds
117.945: [GC (Allocation Failure)  457644K->139652K(1033216K), 0.0039771 secs]
117.949: Total time for which application threads were stopped: 0.0041462 seconds, Stopping threads took: 0.0000270 seconds
118.017: [GC (Allocation Failure)  458116K->147174K(1033216K), 0.0041320 secs]
118.021: Total time for which application threads were stopped: 0.0042970 seconds, Stopping threads took: 0.0000268 seconds
118.086: [GC (Allocation Failure)  465638K->147174K(1033216K), 0.0038794 secs]
118.090: Total time for which application threads were stopped: 0.0040568 seconds, Stopping threads took: 0.0000198 seconds
118.158: [GC (Allocation Failure)  465638K->147398K(1033216K), 0.0040146 secs]
118.162: Total time for which application threads were stopped: 0.0042222 seconds, Stopping threads took: 0.0000197 seconds
118.230: [GC (Allocation Failure)  465862K->155208K(1033216K), 0.0063973 secs]
118.237: Total time for which application threads were stopped: 0.0065486 seconds, Stopping threads took: 0.0000172 seconds
118.303: [GC (Allocation Failure)  473672K->155208K(1033216K), 0.0038631 secs]
118.307: Total time for which application threads were stopped: 0.0040384 seconds, Stopping threads took: 0.0000253 seconds
118.373: [GC (Allocation Failure)  473672K->155368K(1033216K), 0.0041517 secs]
118.377: Total time for which application threads were stopped: 0.0043196 seconds, Stopping threads took: 0.0000203 seconds
118.444: [GC (Allocation Failure)  473832K->163243K(1033216K), 0.0040427 secs]
118.448: Total time for which application threads were stopped: 0.0042120 seconds, Stopping threads took: 0.0000261 seconds
118.514: [GC (Allocation Failure)  481706K->159368K(1033216K), 0.0026853 secs]
118.517: Total time for which application threads were stopped: 0.0028394 seconds, Stopping threads took: 0.0000191 seconds
118.585: [GC (Allocation Failure)  477832K->163403K(1034752K), 0.0041956 secs]
118.589: Total time for which application threads were stopped: 0.0043563 seconds, Stopping threads took: 0.0000199 seconds
118.656: [GC (Allocation Failure)  483915K->167403K(1033728K), 0.0041097 secs]
118.660: Total time for which application threads were stopped: 0.0042769 seconds, Stopping threads took: 0.0000193 seconds
118.727: [GC (Allocation Failure)  487915K->159528K(1034240K), 0.0010527 secs]
118.728: Total time for which application threads were stopped: 0.0011872 seconds, Stopping threads took: 0.0000203 seconds
118.795: [GC (Allocation Failure)  480040K->167435K(1034240K), 0.0041930 secs]
118.799: Total time for which application threads were stopped: 0.0043630 seconds, Stopping threads took: 0.0000202 seconds
118.866: [GC (Allocation Failure)  487947K->171547K(1034240K), 0.0054138 secs]
118.871: Total time for which application threads were stopped: 0.0055734 seconds, Stopping threads took: 0.0000206 seconds
118.938: [GC (Allocation Failure)  492059K->178216K(1034240K), 0.0081809 secs]
118.947: Total time for which application threads were stopped: 0.0083402 seconds, Stopping threads took: 0.0000253 seconds
119.013: [GC (Allocation Failure)  498728K->172171K(1029120K), 0.0042225 secs]
119.018: Total time for which application threads were stopped: 0.0044185 seconds, Stopping threads took: 0.0000205 seconds
119.084: [GC (Allocation Failure)  487563K->171947K(1031680K), 0.0039930 secs]
119.088: Total time for which application threads were stopped: 0.0041553 seconds, Stopping threads took: 0.0000200 seconds
119.152: [GC (Allocation Failure)  487339K->166632K(1032704K), 0.0019487 secs]
119.154: Total time for which application threads were stopped: 0.0021013 seconds, Stopping threads took: 0.0000271 seconds
119.220: [GC (Allocation Failure)  483560K->172139K(1032192K), 0.0039890 secs]
119.224: Total time for which application threads were stopped: 0.0041782 seconds, Stopping threads took: 0.0000198 seconds
119.290: [GC (Allocation Failure)  489067K->171947K(1033216K), 0.0039811 secs]
119.295: Total time for which application threads were stopped: 0.0041776 seconds, Stopping threads took: 0.0000259 seconds
119.359: [GC (Allocation Failure)  489899K->175371K(1032704K), 0.0047257 secs]
119.364: Total time for which application threads were stopped: 0.0049237 seconds, Stopping threads took: 0.0000212 seconds
119.433: [GC (Allocation Failure)  493323K->180077K(1033728K), 0.0040672 secs]
119.437: Total time for which application threads were stopped: 0.0042289 seconds, Stopping threads took: 0.0000199 seconds
119.505: [GC (Allocation Failure)  499053K->179981K(1033216K), 0.0040385 secs]
119.509: Total time for which application threads were stopped: 0.0042318 seconds, Stopping threads took: 0.0000197 seconds
119.578: [GC (Allocation Failure)  498957K->184141K(1034240K), 0.0048890 secs]
119.583: Total time for which application threads were stopped: 0.0050850 seconds, Stopping threads took: 0.0000198 seconds
119.651: [GC (Allocation Failure)  504141K->188111K(1033728K), 0.0038519 secs]
119.655: Total time for which application threads were stopped: 0.0040224 seconds, Stopping threads took: 0.0000200 seconds
119.722: [GC (Allocation Failure)  508111K->188047K(1034752K), 0.0041992 secs]
119.726: Total time for which application threads were stopped: 0.0043886 seconds, Stopping threads took: 0.0000200 seconds
119.794: [GC (Allocation Failure)  509071K->189767K(1034240K), 0.0042196 secs]
119.799: Total time for which application threads were stopped: 0.0043672 seconds, Stopping threads took: 0.0000168 seconds
119.864: [GC (Allocation Failure)  510791K->196105K(1034240K), 0.0040815 secs]
119.869: Total time for which application threads were stopped: 0.0042565 seconds, Stopping threads took: 0.0000197 seconds
119.936: [GC (Allocation Failure)  516617K->196041K(1034240K), 0.0040519 secs]
119.941: Total time for which application threads were stopped: 0.0042187 seconds, Stopping threads took: 0.0000258 seconds
120.007: [GC (Allocation Failure)  516553K->196489K(1033728K), 0.0042015 secs]
120.012: Total time for which application threads were stopped: 0.0043750 seconds, Stopping threads took: 0.0000198 seconds
120.079: [GC (Allocation Failure)  517001K->204108K(1034240K), 0.0040895 secs]
120.083: Total time for which application threads were stopped: 0.0042605 seconds, Stopping threads took: 0.0000202 seconds
120.151: [GC (Allocation Failure)  524620K->204108K(1034240K), 0.0041411 secs]
120.155: Total time for which application threads were stopped: 0.0043133 seconds, Stopping threads took: 0.0000207 seconds
120.222: [GC (Allocation Failure)  524620K->206788K(1034240K), 0.0045447 secs]
120.227: Total time for which application threads were stopped: 0.0047186 seconds, Stopping threads took: 0.0000201 seconds
120.294: [GC (Allocation Failure)  527300K->212102K(1034752K), 0.0041564 secs]
120.298: Total time for which application threads were stopped: 0.0043394 seconds, Stopping threads took: 0.0000204 seconds
120.366: [GC (Allocation Failure)  533638K->212134K(1034752K), 0.0040220 secs]
120.370: Total time for which application threads were stopped: 0.0042001 seconds, Stopping threads took: 0.0000206 seconds
120.438: [GC (Allocation Failure)  533670K->214982K(1034752K), 0.0046459 secs]
120.442: Total time for which application threads were stopped: 0.0048153 seconds, Stopping threads took: 0.0000201 seconds
120.510: [GC (Allocation Failure)  536518K->220264K(1034752K), 0.0041822 secs]
120.515: Total time for which application threads were stopped: 0.0043607 seconds, Stopping threads took: 0.0000198 seconds
120.582: [GC (Allocation Failure)  541800K->220136K(1034752K), 0.0041337 secs]
120.587: Total time for which application threads were stopped: 0.0042951 seconds, Stopping threads took: 0.0000204 seconds
120.652: [GC (Allocation Failure)  541672K->224264K(1034752K), 0.0051541 secs]
120.657: Total time for which application threads were stopped: 0.0053223 seconds, Stopping threads took: 0.0000214 seconds
120.723: [GC (Allocation Failure)  545800K->228234K(1035264K), 0.0039605 secs]
120.727: Total time for which application threads were stopped: 0.0041244 seconds, Stopping threads took: 0.0000209 seconds
120.795: [GC (Allocation Failure)  550794K->228170K(1035264K), 0.0039499 secs]
120.799: Total time for which application threads were stopped: 0.0041115 seconds, Stopping threads took: 0.0000189 seconds
120.866: [GC (Allocation Failure)  550730K->231466K(1035264K), 0.0046889 secs]
120.871: Total time for which application threads were stopped: 0.0048850 seconds, Stopping threads took: 0.0000206 seconds
120.941: [GC (Allocation Failure)  554026K->236205K(1035264K), 0.0039295 secs]
120.945: Total time for which application threads were stopped: 0.0040983 seconds, Stopping threads took: 0.0000274 seconds
121.013: [GC (Allocation Failure)  558765K->236205K(1035264K), 0.0041516 secs]
121.017: Total time for which application threads were stopped: 0.0043147 seconds, Stopping threads took: 0.0000197 seconds
121.084: [GC (Allocation Failure)  558765K->239661K(1035264K), 0.0049381 secs]
121.090: Total time for which application threads were stopped: 0.0051051 seconds, Stopping threads took: 0.0000202 seconds
121.156: [GC (Allocation Failure)  562221K->244271K(1035264K), 0.0041798 secs]
121.160: Total time for which application threads were stopped: 0.0043531 seconds, Stopping threads took: 0.0000201 seconds
121.229: [GC (Allocation Failure)  566831K->244239K(1035264K), 0.0053209 secs]
121.234: Total time for which application threads were stopped: 0.0055041 seconds, Stopping threads took: 0.0000208 seconds
121.303: [GC (Allocation Failure)  566799K->247943K(1035776K), 0.0049584 secs]
121.308: Total time for which application threads were stopped: 0.0051350 seconds, Stopping threads took: 0.0000199 seconds
121.377: [GC (Allocation Failure)  571015K->252265K(1035264K), 0.0042206 secs]
121.381: Total time for which application threads were stopped: 0.0043873 seconds, Stopping threads took: 0.0000213 seconds
121.448: [GC (Allocation Failure)  575337K->252233K(1035776K), 0.0041224 secs]
121.453: Total time for which application threads were stopped: 0.0042825 seconds, Stopping threads took: 0.0000267 seconds
121.521: [GC (Allocation Failure)  575817K->254121K(1025024K), 0.0043599 secs]
121.525: Total time for which application threads were stopped: 0.0045408 seconds, Stopping threads took: 0.0000192 seconds
121.596: [GC (Allocation Failure)  577705K->260427K(1035264K), 0.0042426 secs]
121.600: Total time for which application threads were stopped: 0.0044318 seconds, Stopping threads took: 0.0000198 seconds
121.669: [GC (Allocation Failure)  582987K->260299K(1035264K), 0.0043857 secs]
121.673: Total time for which application threads were stopped: 0.0045360 seconds, Stopping threads took: 0.0000168 seconds
121.740: [GC (Allocation Failure)  582859K->255337K(1035264K), 0.0022566 secs]
121.742: Total time for which application threads were stopped: 0.0024256 seconds, Stopping threads took: 0.0000198 seconds
121.810: [GC (Allocation Failure)  577897K->260363K(1035264K), 0.0041793 secs]
121.814: Total time for which application threads were stopped: 0.0043771 seconds, Stopping threads took: 0.0000208 seconds
121.885: [GC (Allocation Failure)  582923K->260331K(1035264K), 0.0040144 secs]
121.889: Total time for which application threads were stopped: 0.0041820 seconds, Stopping threads took: 0.0000253 seconds
121.957: [GC (Allocation Failure)  582891K->259625K(1035264K), 0.0040062 secs]
121.961: Total time for which application threads were stopped: 0.0041749 seconds, Stopping threads took: 0.0000263 seconds
122.028: [GC (Allocation Failure)  582185K->260555K(1035776K), 0.0039825 secs]
122.032: Total time for which application threads were stopped: 0.0041791 seconds, Stopping threads took: 0.0000197 seconds
122.103: [GC (Allocation Failure)  584139K->260299K(1035776K), 0.0041969 secs]
122.107: Total time for which application threads were stopped: 0.0043579 seconds, Stopping threads took: 0.0000166 seconds
122.173: [GC (Allocation Failure)  583883K->265929K(1031680K), 0.0067056 secs]
122.180: Total time for which application threads were stopped: 0.0068699 seconds, Stopping threads took: 0.0000202 seconds
122.247: [GC (Allocation Failure)  585417K->261355K(1033728K), 0.0065206 secs]
122.253: Total time for which application threads were stopped: 0.0067184 seconds, Stopping threads took: 0.0000196 seconds
122.321: [GC (Allocation Failure)  580843K->261195K(1034752K), 0.0042818 secs]
122.325: Total time for which application threads were stopped: 0.0044516 seconds, Stopping threads took: 0.0000218 seconds
122.393: [GC (Allocation Failure)  582219K->263497K(1034240K), 0.0051884 secs]
122.398: Total time for which application threads were stopped: 0.0053884 seconds, Stopping threads took: 0.0000217 seconds
122.469: [GC (Allocation Failure)  584521K->261355K(1034752K), 0.0042427 secs]
122.473: Total time for which application threads were stopped: 0.0044129 seconds, Stopping threads took: 0.0000270 seconds
122.540: [GC (Allocation Failure)  582379K->261195K(1034240K), 0.0041095 secs]
122.545: Total time for which application threads were stopped: 0.0043173 seconds, Stopping threads took: 0.0000280 seconds
122.613: [GC (Allocation Failure)  582219K->263209K(1035264K), 0.0049990 secs]
122.618: Total time for which application threads were stopped: 0.0051683 seconds, Stopping threads took: 0.0000193 seconds
122.687: [GC (Allocation Failure)  585769K->261259K(1035264K), 0.0043369 secs]
122.692: Total time for which application threads were stopped: 0.0045111 seconds, Stopping threads took: 0.0000201 seconds
122.759: [GC (Allocation Failure)  583819K->261195K(1036288K), 0.0042128 secs]
122.764: Total time for which application threads were stopped: 0.0043817 seconds, Stopping threads took: 0.0000222 seconds
122.831: [GC (Allocation Failure)  585291K->268969K(1035776K), 0.0079211 secs]
122.839: Total time for which application threads were stopped: 0.0080984 seconds, Stopping threads took: 0.0000202 seconds
122.909: [GC (Allocation Failure)  593065K->264779K(1032704K), 0.0042690 secs]
122.914: Total time for which application threads were stopped: 0.0044435 seconds, Stopping threads took: 0.0000255 seconds
122.980: [GC (Allocation Failure)  585291K->264715K(1034240K), 0.0042638 secs]
122.985: Total time for which application threads were stopped: 0.0044281 seconds, Stopping threads took: 0.0000209 seconds
123.052: [GC (Allocation Failure)  585227K->257897K(1033216K), 0.0015206 secs]
123.054: Total time for which application threads were stopped: 0.0016571 seconds, Stopping threads took: 0.0000200 seconds
123.121: [GC (Allocation Failure)  577385K->264971K(1033728K), 0.0057353 secs]
123.126: Total time for which application threads were stopped: 0.0059013 seconds, Stopping threads took: 0.0000214 seconds
123.194: [GC (Allocation Failure)  584459K->268883K(1034752K), 0.0052840 secs]
123.200: Total time for which application threads were stopped: 0.0054595 seconds, Stopping threads took: 0.0000205 seconds
123.267: [GC (Allocation Failure)  589907K->275017K(1034240K), 0.0067924 secs]
123.274: Total time for which application threads were stopped: 0.0069616 seconds, Stopping threads took: 0.0000211 seconds
123.342: [GC (Allocation Failure)  596041K->269451K(1033216K), 0.0040732 secs]
123.346: Total time for which application threads were stopped: 0.0042674 seconds, Stopping threads took: 0.0000201 seconds
123.414: [GC (Allocation Failure)  588939K->269259K(1033728K), 0.0042318 secs]
123.418: Total time for which application threads were stopped: 0.0044027 seconds, Stopping threads took: 0.0000207 seconds
123.485: [GC (Allocation Failure)  588747K->272073K(1033216K), 0.0053002 secs]
123.491: Total time for which application threads were stopped: 0.0054762 seconds, Stopping threads took: 0.0000285 seconds
123.559: [GC (Allocation Failure)  591561K->269387K(1033728K), 0.0049044 secs]
123.564: Total time for which application threads were stopped: 0.0050723 seconds, Stopping threads took: 0.0000180 seconds
123.632: [GC (Allocation Failure)  588875K->269259K(1034752K), 0.0039976 secs]
123.636: Total time for which application threads were stopped: 0.0041716 seconds, Stopping threads took: 0.0000219 seconds
123.703: [GC (Allocation Failure)  590283K->268681K(1034240K), 0.0040440 secs]
123.707: Total time for which application threads were stopped: 0.0042108 seconds, Stopping threads took: 0.0000201 seconds
123.775: [GC (Allocation Failure)  589705K->269323K(1035264K), 0.0041113 secs]
123.779: Total time for which application threads were stopped: 0.0042768 seconds, Stopping threads took: 0.0000198 seconds
123.848: [GC (Allocation Failure)  591883K->269259K(1035264K), 0.0042346 secs]
123.852: Total time for which application threads were stopped: 0.0043996 seconds, Stopping threads took: 0.0000207 seconds
123.919: [GC (Allocation Failure)  591819K->271465K(1035776K), 0.0051107 secs]
123.924: Total time for which application threads were stopped: 0.0052929 seconds, Stopping threads took: 0.0000198 seconds
123.995: [GC (Allocation Failure)  595049K->269259K(1035776K), 0.0043324 secs]
123.999: Total time for which application threads were stopped: 0.0044997 seconds, Stopping threads took: 0.0000280 seconds
124.065: [GC (Allocation Failure)  592843K->269259K(1036288K), 0.0041742 secs]
124.069: Total time for which application threads were stopped: 0.0043635 seconds, Stopping threads took: 0.0000199 seconds
124.138: [GC (Allocation Failure)  593355K->262889K(1025536K), 0.0017297 secs]
124.140: Total time for which application threads were stopped: 0.0018592 seconds, Stopping threads took: 0.0000165 seconds
124.210: [GC (Allocation Failure)  586985K->269515K(1035776K), 0.0044321 secs]
124.215: Total time for which application threads were stopped: 0.0045997 seconds, Stopping threads took: 0.0000193 seconds
124.283: [GC (Allocation Failure)  592587K->273443K(1035264K), 0.0050933 secs]
124.288: Total time for which application threads were stopped: 0.0052632 seconds, Stopping threads took: 0.0000197 seconds
124.355: [GC (Allocation Failure)  596515K->273411K(1036288K), 0.0040117 secs]
124.359: Total time for which application threads were stopped: 0.0041756 seconds, Stopping threads took: 0.0000189 seconds
124.425: [GC (Allocation Failure)  598019K->273643K(1024512K), 0.0043100 secs]
124.430: Total time for which application threads were stopped: 0.0044908 seconds, Stopping threads took: 0.0000198 seconds
124.500: [GC (Allocation Failure)  598251K->281486K(1035776K), 0.0042781 secs]
124.505: Total time for which application threads were stopped: 0.0044476 seconds, Stopping threads took: 0.0000257 seconds
124.573: [GC (Allocation Failure)  604558K->281454K(1035264K), 0.0041474 secs]
124.577: Total time for which application threads were stopped: 0.0043070 seconds, Stopping threads took: 0.0000197 seconds
124.643: [GC (Allocation Failure)  604526K->281606K(1034752K), 0.0043244 secs]
124.647: Total time for which application threads were stopped: 0.0044954 seconds, Stopping threads took: 0.0000205 seconds
124.717: [GC (Allocation Failure)  604166K->289512K(1035264K), 0.0043369 secs]
124.722: Total time for which application threads were stopped: 0.0045080 seconds, Stopping threads took: 0.0000198 seconds
124.789: [GC (Allocation Failure)  612072K->289480K(1035264K), 0.0042123 secs]
124.794: Total time for which application threads were stopped: 0.0044075 seconds, Stopping threads took: 0.0000207 seconds
124.861: [GC (Allocation Failure)  612040K->289832K(1022464K), 0.0042038 secs]
124.865: Total time for which application threads were stopped: 0.0043999 seconds, Stopping threads took: 0.0000198 seconds
124.933: [GC (Allocation Failure)  612392K->297514K(1034752K), 0.0045235 secs]
124.937: Total time for which application threads were stopped: 0.0046952 seconds, Stopping threads took: 0.0000203 seconds
125.006: [GC (Allocation Failure)  619050K->297514K(1034752K), 0.0040381 secs]
125.010: Total time for which application threads were stopped: 0.0042155 seconds, Stopping threads took: 0.0000273 seconds
125.075: [GC (Allocation Failure)  619050K->297570K(1034240K), 0.0045036 secs]
125.080: Total time for which application threads were stopped: 0.0046713 seconds, Stopping threads took: 0.0000192 seconds
125.147: [GC (Allocation Failure)  619106K->305540K(1034752K), 0.0064360 secs]
125.154: Total time for which application threads were stopped: 0.0066160 seconds, Stopping threads took: 0.0000214 seconds
125.221: [GC (Allocation Failure)  627076K->305540K(1034752K), 0.0043682 secs]
125.226: Total time for which application threads were stopped: 0.0045478 seconds, Stopping threads took: 0.0000218 seconds
125.291: [GC (Allocation Failure)  627076K->305796K(1021440K), 0.0045395 secs]
125.296: Total time for which application threads were stopped: 0.0047134 seconds, Stopping threads took: 0.0000213 seconds
125.362: [GC (Allocation Failure)  627332K->313575K(1034240K), 0.0041829 secs]
125.367: Total time for which application threads were stopped: 0.0043750 seconds, Stopping threads took: 0.0000202 seconds
125.436: [GC (Allocation Failure)  634087K->313575K(1034240K), 0.0044633 secs]
125.441: Total time for which application threads were stopped: 0.0046439 seconds, Stopping threads took: 0.0000164 seconds
125.508: [GC (Allocation Failure)  634087K->313599K(1034240K), 0.0055983 secs]
125.513: Total time for which application threads were stopped: 0.0057930 seconds, Stopping threads took: 0.0000200 seconds
125.583: [GC (Allocation Failure)  634111K->321633K(1034240K), 0.0042652 secs]
125.588: Total time for which application threads were stopped: 0.0044556 seconds, Stopping threads took: 0.0000199 seconds
125.657: [GC (Allocation Failure)  642145K->321601K(1034240K), 0.0042725 secs]
125.662: Total time for which application threads were stopped: 0.0044400 seconds, Stopping threads took: 0.0000170 seconds
125.729: [GC (Allocation Failure)  642113K->321769K(1020416K), 0.0041676 secs]
125.733: Total time for which application threads were stopped: 0.0043398 seconds, Stopping threads took: 0.0000197 seconds
125.801: [GC (Allocation Failure)  642281K->329643K(1033728K), 0.0042568 secs]
125.805: Total time for which application threads were stopped: 0.0044279 seconds, Stopping threads took: 0.0000200 seconds
125.872: [GC (Allocation Failure)  649131K->329643K(1033728K), 0.0042228 secs]
125.876: Total time for which application threads were stopped: 0.0044179 seconds, Stopping threads took: 0.0000208 seconds
125.944: [GC (Allocation Failure)  649131K->329987K(1033728K), 0.0043561 secs]
125.948: Total time for which application threads were stopped: 0.0045025 seconds, Stopping threads took: 0.0000170 seconds
126.016: [GC (Allocation Failure)  649475K->337670K(1033728K), 0.0043211 secs]
126.021: Total time for which application threads were stopped: 0.0045194 seconds, Stopping threads took: 0.0000202 seconds
126.089: [GC (Allocation Failure)  657158K->337670K(1033728K), 0.0041600 secs]
126.093: Total time for which application threads were stopped: 0.0043226 seconds, Stopping threads took: 0.0000175 seconds
126.161: [GC (Allocation Failure)  657158K->338222K(1033728K), 0.0043489 secs]
126.166: Total time for which application threads were stopped: 0.0045443 seconds, Stopping threads took: 0.0000203 seconds
126.235: [GC (Allocation Failure)  657710K->345712K(1033728K), 0.0043921 secs]
126.240: Total time for which application threads were stopped: 0.0045814 seconds, Stopping threads took: 0.0000200 seconds
126.307: [GC (Allocation Failure)  665200K->345712K(1033728K), 0.0042904 secs]
126.312: Total time for which application threads were stopped: 0.0044587 seconds, Stopping threads took: 0.0000281 seconds
126.378: [GC (Allocation Failure)  665200K->345960K(1033728K), 0.0045365 secs]
126.382: Total time for which application threads were stopped: 0.0047319 seconds, Stopping threads took: 0.0000205 seconds
126.450: [GC (Allocation Failure)  665448K->353770K(1027072K), 0.0041859 secs]
126.454: Total time for which application threads were stopped: 0.0043514 seconds, Stopping threads took: 0.0000267 seconds
126.519: [GC (Allocation Failure)  673258K->349832K(1034240K), 0.0031718 secs]
126.523: Total time for which application threads were stopped: 0.0033430 seconds, Stopping threads took: 0.0000264 seconds
126.590: [GC (Allocation Failure)  669320K->353898K(1033216K), 0.0043878 secs]
126.595: Total time for which application threads were stopped: 0.0045824 seconds, Stopping threads took: 0.0000199 seconds
126.663: [GC (Allocation Failure)  673386K->357834K(1034752K), 0.0042682 secs]
126.667: Total time for which application threads were stopped: 0.0044254 seconds, Stopping threads took: 0.0000173 seconds
126.733: [GC (Allocation Failure)  679370K->351080K(1034752K), 0.0017588 secs]
126.734: Total time for which application threads were stopped: 0.0018918 seconds, Stopping threads took: 0.0000194 seconds
126.802: [GC (Allocation Failure)  672616K->357938K(1034752K), 0.0043666 secs]
126.806: Total time for which application threads were stopped: 0.0045338 seconds, Stopping threads took: 0.0000198 seconds
126.872: [GC (Allocation Failure)  679474K->362018K(1034752K), 0.0053020 secs]
126.878: Total time for which application threads were stopped: 0.0054634 seconds, Stopping threads took: 0.0000200 seconds
126.943: [GC (Allocation Failure)  683554K->356480K(1034752K), 0.0022248 secs]
126.945: Total time for which application threads were stopped: 0.0023728 seconds, Stopping threads took: 0.0000202 seconds
127.012: [GC (Allocation Failure)  678016K->362290K(1034752K), 0.0044872 secs]
127.017: Total time for which application threads were stopped: 0.0046548 seconds, Stopping threads took: 0.0000195 seconds
127.084: [GC (Allocation Failure)  683826K->366162K(1034752K), 0.0047307 secs]
127.089: Total time for which application threads were stopped: 0.0049017 seconds, Stopping threads took: 0.0000201 seconds
127.155: [GC (Allocation Failure)  688650K->362256K(1035264K), 0.0039735 secs]
127.159: Total time for which application threads were stopped: 0.0041344 seconds, Stopping threads took: 0.0000194 seconds
127.228: [GC (Allocation Failure)  684816K->366314K(1036288K), 0.0045209 secs]
127.232: Total time for which application threads were stopped: 0.0046975 seconds, Stopping threads took: 0.0000187 seconds
127.299: [GC (Allocation Failure)  690410K->370314K(1035776K), 0.0050243 secs]
127.304: Total time for which application threads were stopped: 0.0051865 seconds, Stopping threads took: 0.0000195 seconds
127.373: [GC (Allocation Failure)  694410K->370314K(1035776K), 0.0041723 secs]
127.377: Total time for which application threads were stopped: 0.0043375 seconds, Stopping threads took: 0.0000189 seconds
127.445: [GC (Allocation Failure)  693898K->370346K(1023488K), 0.0043521 secs]
127.449: Total time for which application threads were stopped: 0.0045214 seconds, Stopping threads took: 0.0000256 seconds
127.515: [GC (Allocation Failure)  693930K->378348K(1035264K), 0.0043781 secs]
127.520: Total time for which application threads were stopped: 0.0045511 seconds, Stopping threads took: 0.0000258 seconds
127.588: [GC (Allocation Failure)  700908K->378316K(1030144K), 0.0043525 secs]
127.593: Total time for which application threads were stopped: 0.0045223 seconds, Stopping threads took: 0.0000193 seconds
127.660: [GC (Allocation Failure)  700876K->378380K(1034752K), 0.0044248 secs]
127.665: Total time for which application threads were stopped: 0.0045889 seconds, Stopping threads took: 0.0000203 seconds
127.732: [GC (Allocation Failure)  699916K->386319K(1034752K), 0.0043891 secs]
127.736: Total time for which application threads were stopped: 0.0045941 seconds, Stopping threads took: 0.0000284 seconds
127.807: [GC (Allocation Failure)  707855K->386319K(1033728K), 0.0042759 secs]
127.811: Total time for which application threads were stopped: 0.0044713 seconds, Stopping threads took: 0.0000204 seconds
127.880: [GC (Allocation Failure)  706831K->386599K(1034240K), 0.0045099 secs]
127.885: Total time for which application threads were stopped: 0.0046790 seconds, Stopping threads took: 0.0000200 seconds
127.953: [GC (Allocation Failure)  707111K->394409K(1034240K), 0.0041702 secs]
127.957: Total time for which application threads were stopped: 0.0043414 seconds, Stopping threads took: 0.0000270 seconds
128.025: [GC (Allocation Failure)  714921K->394377K(1034240K), 0.0046005 secs]
128.030: Total time for which application threads were stopped: 0.0047721 seconds, Stopping threads took: 0.0000202 seconds
128.097: [GC (Allocation Failure)  714889K->394825K(1034240K), 0.0045213 secs]
128.102: Total time for which application threads were stopped: 0.0047132 seconds, Stopping threads took: 0.0000205 seconds
128.169: [GC (Allocation Failure)  715337K->402443K(1028096K), 0.0050891 secs]
128.175: Total time for which application threads were stopped: 0.0052673 seconds, Stopping threads took: 0.0000252 seconds
128.242: [GC (Allocation Failure)  722955K->402443K(1033728K), 0.0044520 secs]
128.247: Total time for which application threads were stopped: 0.0046536 seconds, Stopping threads took: 0.0000222 seconds
128.314: [GC (Allocation Failure)  721931K->402571K(1033728K), 0.0043079 secs]
128.318: Total time for which application threads were stopped: 0.0045377 seconds, Stopping threads took: 0.0000489 seconds
128.386: [GC (Allocation Failure)  722059K->410477K(1033728K), 0.0043967 secs]
128.391: Total time for which application threads were stopped: 0.0045590 seconds, Stopping threads took: 0.0000206 seconds
128.459: [GC (Allocation Failure)  729965K->410445K(1033728K), 0.0042486 secs]
128.463: Total time for which application threads were stopped: 0.0044215 seconds, Stopping threads took: 0.0000291 seconds
128.530: [GC (Allocation Failure)  729933K->410509K(1033728K), 0.0093001 secs]
128.539: Total time for which application threads were stopped: 0.0094701 seconds, Stopping threads took: 0.0000287 seconds
128.607: [GC (Allocation Failure)  729997K->418480K(1027072K), 0.0046829 secs]
128.611: Total time for which application threads were stopped: 0.0048549 seconds, Stopping threads took: 0.0000203 seconds
128.676: [GC (Allocation Failure)  737967K->414573K(1034240K), 0.0035428 secs]
128.680: Total time for which application threads were stopped: 0.0037237 seconds, Stopping threads took: 0.0000204 seconds
128.749: [GC (Allocation Failure)  734061K->418616K(1033216K), 0.0045827 secs]
128.753: Total time for which application threads were stopped: 0.0047466 seconds, Stopping threads took: 0.0000208 seconds
128.822: [GC (Allocation Failure)  738104K->422616K(1034752K), 0.0044947 secs]
128.827: Total time for which application threads were stopped: 0.0046668 seconds, Stopping threads took: 0.0000207 seconds
128.893: [GC (Allocation Failure)  744152K->415797K(1034752K), 0.0017981 secs]
128.895: Total time for which application threads were stopped: 0.0019410 seconds, Stopping threads took: 0.0000199 seconds
128.962: [GC (Allocation Failure)  737333K->422648K(1034752K), 0.0043531 secs]
128.967: Total time for which application threads were stopped: 0.0045224 seconds, Stopping threads took: 0.0000204 seconds
129.032: [GC (Allocation Failure)  744184K->426752K(1034752K), 0.0067728 secs]
129.039: Total time for which application threads were stopped: 0.0069318 seconds, Stopping threads took: 0.0000200 seconds
129.105: [GC (Allocation Failure)  748288K->421213K(1034752K), 0.0023934 secs]
129.108: Total time for which application threads were stopped: 0.0025461 seconds, Stopping threads took: 0.0000200 seconds
129.175: [GC (Allocation Failure)  742749K->427056K(1034752K), 0.0046205 secs]
129.179: Total time for which application threads were stopped: 0.0047878 seconds, Stopping threads took: 0.0000202 seconds
129.246: [GC (Allocation Failure)  748592K->430928K(1034752K), 0.0048712 secs]
129.251: Total time for which application threads were stopped: 0.0050436 seconds, Stopping threads took: 0.0000203 seconds
129.318: [GC (Allocation Failure)  753416K->426957K(1035264K), 0.0042180 secs]
129.322: Total time for which application threads were stopped: 0.0043741 seconds, Stopping threads took: 0.0000198 seconds
129.393: [GC (Allocation Failure)  749517K->431056K(1036288K), 0.0044605 secs]
129.397: Total time for which application threads were stopped: 0.0046280 seconds, Stopping threads took: 0.0000199 seconds
129.465: [GC (Allocation Failure)  755152K->434992K(1035776K), 0.0042916 secs]
129.470: Total time for which application threads were stopped: 0.0044995 seconds, Stopping threads took: 0.0000278 seconds
129.540: [GC (Allocation Failure)  759088K->435024K(1035776K), 0.0055235 secs]
129.545: Total time for which application threads were stopped: 0.0057195 seconds, Stopping threads took: 0.0000182 seconds
129.613: [GC (Allocation Failure)  758608K->435080K(1023488K), 0.0043143 secs]
129.618: Total time for which application threads were stopped: 0.0044962 seconds, Stopping threads took: 0.0000199 seconds
129.686: [GC (Allocation Failure)  758664K->443082K(1035264K), 0.0046198 secs]
129.691: Total time for which application threads were stopped: 0.0047916 seconds, Stopping threads took: 0.0000200 seconds
129.758: [GC (Allocation Failure)  765642K->443082K(1030144K), 0.0044140 secs]
129.763: Total time for which application threads were stopped: 0.0045846 seconds, Stopping threads took: 0.0000205 seconds
129.832: [GC (Allocation Failure)  765642K->443114K(1034752K), 0.0045482 secs]
129.837: Total time for which application threads were stopped: 0.0047079 seconds, Stopping threads took: 0.0000195 seconds
129.905: [GC (Allocation Failure)  764650K->451084K(1029120K), 0.0047484 secs]
129.910: Total time for which application threads were stopped: 0.0049279 seconds, Stopping threads took: 0.0000204 seconds
129.979: [GC (Allocation Failure)  772620K->451084K(1034240K), 0.0041589 secs]
129.983: Total time for which application threads were stopped: 0.0043309 seconds, Stopping threads took: 0.0000281 seconds
130.050: [GC (Allocation Failure)  771596K->451340K(1034240K), 0.0045639 secs]
130.055: Total time for which application threads were stopped: 0.0047588 seconds, Stopping threads took: 0.0000256 seconds
130.124: [GC (Allocation Failure)  771852K->459118K(1034240K), 0.0044983 secs]
130.129: Total time for which application threads were stopped: 0.0046904 seconds, Stopping threads took: 0.0000197 seconds
130.198: [GC (Allocation Failure)  779630K->459086K(1034240K), 0.0044869 secs]
130.203: Total time for which application threads were stopped: 0.0046576 seconds, Stopping threads took: 0.0000199 seconds
130.269: [GC (Allocation Failure)  779598K->459558K(1034240K), 0.0046943 secs]
130.274: Total time for which application threads were stopped: 0.0048680 seconds, Stopping threads took: 0.0000203 seconds
130.343: [GC (Allocation Failure)  780070K->467177K(1028096K), 0.0045222 secs]
130.347: Total time for which application threads were stopped: 0.0046736 seconds, Stopping threads took: 0.0000174 seconds
130.413: [GC (Allocation Failure)  787689K->467113K(1033728K), 0.0045612 secs]
130.418: Total time for which application threads were stopped: 0.0047308 seconds, Stopping threads took: 0.0000201 seconds
130.483: [GC (Allocation Failure)  786601K->467305K(1033728K), 0.0046625 secs]
130.488: Total time for which application threads were stopped: 0.0048498 seconds, Stopping threads took: 0.0000271 seconds
130.557: [GC (Allocation Failure)  786793K->475179K(1033728K), 0.0061079 secs]
130.563: Total time for which application threads were stopped: 0.0062636 seconds, Stopping threads took: 0.0000174 seconds
130.631: [GC (Allocation Failure)  794667K->475179K(1033728K), 0.0044884 secs]
130.635: Total time for which application threads were stopped: 0.0046442 seconds, Stopping threads took: 0.0000175 seconds
130.702: [GC (Allocation Failure)  794667K->475243K(1033728K), 0.0046301 secs]
130.706: Total time for which application threads were stopped: 0.0047994 seconds, Stopping threads took: 0.0000198 seconds
130.772: [GC (Allocation Failure)  794731K->483181K(1027072K), 0.0047139 secs]
130.777: Total time for which application threads were stopped: 0.0048776 seconds, Stopping threads took: 0.0000273 seconds
130.842: [GC (Allocation Failure)  802669K->479307K(1034240K), 0.0037120 secs]
130.845: Total time for which application threads were stopped: 0.0038768 seconds, Stopping threads took: 0.0000197 seconds
130.913: [GC (Allocation Failure)  798795K->483341K(1033216K), 0.0046568 secs]
130.918: Total time for which application threads were stopped: 0.0048470 seconds, Stopping threads took: 0.0000197 seconds
130.986: [GC (Allocation Failure)  802829K->487341K(1034752K), 0.0052144 secs]
130.991: Total time for which application threads were stopped: 0.0053956 seconds, Stopping threads took: 0.0000293 seconds
131.058: [GC (Allocation Failure)  808877K->480523K(1034752K), 0.0019215 secs]
131.060: Total time for which application threads were stopped: 0.0020658 seconds, Stopping threads took: 0.0000198 seconds
131.127: [GC (Allocation Failure)  802059K->487413K(1034752K), 0.0045239 secs]
131.132: Total time for which application threads were stopped: 0.0046838 seconds, Stopping threads took: 0.0000200 seconds
131.198: [GC (Allocation Failure)  808949K->491485K(1034752K), 0.0068860 secs]
131.205: Total time for which application threads were stopped: 0.0070909 seconds, Stopping threads took: 0.0000227 seconds
131.270: [GC (Allocation Failure)  813021K->485979K(1034752K), 0.0025809 secs]
131.273: Total time for which application threads were stopped: 0.0027805 seconds, Stopping threads took: 0.0000241 seconds
131.342: [GC (Allocation Failure)  807515K->491797K(1034752K), 0.0045998 secs]
131.346: Total time for which application threads were stopped: 0.0047797 seconds, Stopping threads took: 0.0000201 seconds
131.414: [GC (Allocation Failure)  813333K->495637K(1034752K), 0.0049813 secs]
131.419: Total time for which application threads were stopped: 0.0051447 seconds, Stopping threads took: 0.0000201 seconds
131.487: [GC (Allocation Failure)  818126K->491731K(1035264K), 0.0034567 secs]
131.490: Total time for which application threads were stopped: 0.0036470 seconds, Stopping threads took: 0.0000198 seconds
131.560: [GC (Allocation Failure)  814291K->495789K(1036288K), 0.0046047 secs]
131.565: Total time for which application threads were stopped: 0.0047815 seconds, Stopping threads took: 0.0000149 seconds
131.633: [GC (Allocation Failure)  819885K->499789K(1035776K), 0.0045090 secs]
131.638: Total time for which application threads were stopped: 0.0046707 seconds, Stopping threads took: 0.0000196 seconds
131.706: [GC (Allocation Failure)  823885K->499757K(1035776K), 0.0044613 secs]
131.711: Total time for which application threads were stopped: 0.0046219 seconds, Stopping threads took: 0.0000195 seconds
131.779: [GC (Allocation Failure)  823341K->499821K(1023488K), 0.0046111 secs]
131.784: Total time for which application threads were stopped: 0.0047887 seconds, Stopping threads took: 0.0000206 seconds
131.850: [GC (Allocation Failure)  823405K->507824K(1035264K), 0.0047003 secs]
131.855: Total time for which application threads were stopped: 0.0048628 seconds, Stopping threads took: 0.0000202 seconds
131.923: [GC (Allocation Failure)  830384K->507792K(1030144K), 0.0045264 secs]
131.928: Total time for which application threads were stopped: 0.0047061 seconds, Stopping threads took: 0.0000190 seconds
131.996: [GC (Allocation Failure)  830352K->507848K(1034752K), 0.0044449 secs]
132.001: Total time for which application threads were stopped: 0.0046204 seconds, Stopping threads took: 0.0000273 seconds
132.068: [GC (Allocation Failure)  829384K->515850K(1029120K), 0.0049890 secs]
132.073: Total time for which application threads were stopped: 0.0051717 seconds, Stopping threads took: 0.0000199 seconds
132.141: [GC (Allocation Failure)  837386K->515818K(1034240K), 0.0043860 secs]
132.145: Total time for which application threads were stopped: 0.0045664 seconds, Stopping threads took: 0.0000198 seconds
132.212: [GC (Allocation Failure)  836330K->516074K(1034240K), 0.0059295 secs]
132.218: Total time for which application threads were stopped: 0.0061418 seconds, Stopping threads took: 0.0000196 seconds
132.287: [GC (Allocation Failure)  836586K->523884K(1034240K), 0.0043721 secs]
132.291: Total time for which application threads were stopped: 0.0045549 seconds, Stopping threads took: 0.0000167 seconds
132.361: [GC (Allocation Failure)  844396K->523852K(1034240K), 0.0047628 secs]
132.366: Total time for which application threads were stopped: 0.0049430 seconds, Stopping threads took: 0.0000173 seconds
132.435: [GC (Allocation Failure)  844364K->524292K(1033216K), 0.0049646 secs]
132.440: Total time for which application threads were stopped: 0.0051327 seconds, Stopping threads took: 0.0000202 seconds
132.509: [GC (Allocation Failure)  843780K->531910K(1033728K), 0.0046912 secs]
132.514: Total time for which application threads were stopped: 0.0048666 seconds, Stopping threads took: 0.0000277 seconds
132.582: [GC (Allocation Failure)  851398K->531910K(1033728K), 0.0046118 secs]
132.587: Total time for which application threads were stopped: 0.0047916 seconds, Stopping threads took: 0.0000200 seconds
132.651: [GC (Allocation Failure)  851398K->532014K(1033728K), 0.0048061 secs]
132.656: Total time for which application threads were stopped: 0.0049749 seconds, Stopping threads took: 0.0000200 seconds
132.723: [GC (Allocation Failure)  851502K->539953K(1033728K), 0.0046361 secs]
132.728: Total time for which application threads were stopped: 0.0048063 seconds, Stopping threads took: 0.0000202 seconds
132.795: [GC (Allocation Failure)  859441K->539921K(1033728K), 0.0046510 secs]
132.800: Total time for which application threads were stopped: 0.0048132 seconds, Stopping threads took: 0.0000207 seconds
132.866: [GC (Allocation Failure)  859409K->539977K(1033728K), 0.0047505 secs]
132.871: Total time for which application threads were stopped: 0.0049129 seconds, Stopping threads took: 0.0000200 seconds
132.940: [GC (Allocation Failure)  859465K->547947K(1027072K), 0.0048565 secs]
132.945: Total time for which application threads were stopped: 0.0050139 seconds, Stopping threads took: 0.0000194 seconds
133.011: [GC (Allocation Failure)  867434K->544041K(1034240K), 0.0036303 secs]
133.014: Total time for which application threads were stopped: 0.0037885 seconds, Stopping threads took: 0.0000199 seconds
133.082: [GC (Allocation Failure)  863529K->548107K(1033216K), 0.0046545 secs]
133.087: Total time for which application threads were stopped: 0.0048417 seconds, Stopping threads took: 0.0000284 seconds
133.157: [GC (Allocation Failure)  867595K->552107K(1034752K), 0.0046732 secs]
133.161: Total time for which application threads were stopped: 0.0048529 seconds, Stopping threads took: 0.0000174 seconds
133.229: [GC (Allocation Failure)  873643K->545257K(1034752K), 0.0022042 secs]
133.231: Total time for which application threads were stopped: 0.0023492 seconds, Stopping threads took: 0.0000194 seconds
133.298: [GC (Allocation Failure)  866793K->552139K(1034752K), 0.0065332 secs]
133.305: Total time for which application threads were stopped: 0.0067106 seconds, Stopping threads took: 0.0000203 seconds
133.371: [GC (Allocation Failure)  873675K->556219K(1034752K), 0.0056595 secs]
133.376: Total time for which application threads were stopped: 0.0058331 seconds, Stopping threads took: 0.0000199 seconds
133.443: [GC (Allocation Failure)  877755K->550681K(1034752K), 0.0026545 secs]
133.446: Total time for which application threads were stopped: 0.0028002 seconds, Stopping threads took: 0.0000175 seconds
133.513: [GC (Allocation Failure)  872217K->556491K(1034752K), 0.0048311 secs]
133.518: Total time for which application threads were stopped: 0.0050165 seconds, Stopping threads took: 0.0000178 seconds
133.588: [GC (Allocation Failure)  878027K->560395K(1035264K), 0.0049832 secs]
133.593: Total time for which application threads were stopped: 0.0051974 seconds, Stopping threads took: 0.0000204 seconds
133.660: [GC (Allocation Failure)  882883K->556489K(1035264K), 0.0034509 secs]
133.664: Total time for which application threads were stopped: 0.0036178 seconds, Stopping threads took: 0.0000208 seconds
133.732: [GC (Allocation Failure)  879049K->560523K(1036288K), 0.0048140 secs]
133.737: Total time for which application threads were stopped: 0.0049815 seconds, Stopping threads took: 0.0000197 seconds
133.805: [GC (Allocation Failure)  884619K->564523K(1035776K), 0.0047424 secs]
133.810: Total time for which application threads were stopped: 0.0049029 seconds, Stopping threads took: 0.0000203 seconds
133.878: [GC (Allocation Failure)  888619K->564491K(1035776K), 0.0046368 secs]
133.883: Total time for which application threads were stopped: 0.0048030 seconds, Stopping threads took: 0.0000194 seconds
133.951: [GC (Allocation Failure)  888075K->564547K(1023488K), 0.0047588 secs]
133.956: Total time for which application threads were stopped: 0.0049195 seconds, Stopping threads took: 0.0000194 seconds
134.022: [GC (Allocation Failure)  888131K->572517K(1035264K), 0.0048506 secs]
134.027: Total time for which application threads were stopped: 0.0050122 seconds, Stopping threads took: 0.0000195 seconds
134.095: [GC (Allocation Failure)  895077K->572517K(1030144K), 0.0047624 secs]
134.100: Total time for which application threads were stopped: 0.0049302 seconds, Stopping threads took: 0.0000196 seconds
134.168: [GC (Allocation Failure)  895077K->572581K(1034752K), 0.0096581 secs]
134.177: Total time for which application threads were stopped: 0.0098378 seconds, Stopping threads took: 0.0000199 seconds
134.245: [GC (Allocation Failure)  894117K->580551K(1034752K), 0.0081353 secs]
134.254: Total time for which application threads were stopped: 0.0083115 seconds, Stopping threads took: 0.0000199 seconds
134.324: [GC (Allocation Failure)  902087K->580551K(1033728K), 0.0046898 secs]
134.328: Total time for which application threads were stopped: 0.0048948 seconds, Stopping threads took: 0.0000228 seconds
134.396: [GC (Allocation Failure)  901063K->580799K(1034240K), 0.0062830 secs]
134.402: Total time for which application threads were stopped: 0.0064849 seconds, Stopping threads took: 0.0000221 seconds
134.472: [GC (Allocation Failure)  901311K->588610K(1034240K), 0.0045515 secs]
134.476: Total time for which application threads were stopped: 0.0047037 seconds, Stopping threads took: 0.0000256 seconds
134.545: [GC (Allocation Failure)  909122K->588578K(1034240K), 0.0054107 secs]
134.551: Total time for which application threads were stopped: 0.0056052 seconds, Stopping threads took: 0.0000195 seconds
134.618: [GC (Allocation Failure)  909090K->589034K(1033216K), 0.0050857 secs]
134.623: Total time for which application threads were stopped: 0.0052561 seconds, Stopping threads took: 0.0000197 seconds
134.693: [GC (Allocation Failure)  908522K->596620K(1033728K), 0.0049608 secs]
134.698: Total time for which application threads were stopped: 0.0051219 seconds, Stopping threads took: 0.0000203 seconds
134.766: [GC (Allocation Failure)  916108K->596620K(1033728K), 0.0048711 secs]
134.771: Total time for which application threads were stopped: 0.0050483 seconds, Stopping threads took: 0.0000283 seconds
134.836: [GC (Allocation Failure)  916108K->596780K(1033728K), 0.0049992 secs]
134.841: Total time for which application threads were stopped: 0.0051708 seconds, Stopping threads took: 0.0000199 seconds
134.908: [GC (Allocation Failure)  916268K->604686K(1033728K), 0.0048279 secs]
134.913: Total time for which application threads were stopped: 0.0049950 seconds, Stopping threads took: 0.0000200 seconds
134.980: [GC (Allocation Failure)  924174K->604654K(1033728K), 0.0048425 secs]
134.985: Total time for which application threads were stopped: 0.0050372 seconds, Stopping threads took: 0.0000284 seconds
135.052: [GC (Allocation Failure)  924142K->604686K(1033728K), 0.0047509 secs]
135.057: Total time for which application threads were stopped: 0.0049230 seconds, Stopping threads took: 0.0000210 seconds
135.123: [GC (Allocation Failure)  924174K->612688K(1027072K), 0.0049758 secs]
135.128: Total time for which application threads were stopped: 0.0051354 seconds, Stopping threads took: 0.0000211 seconds
135.193: [GC (Allocation Failure)  932176K->608782K(1034240K), 0.0039305 secs]
135.197: Total time for which application threads were stopped: 0.0040915 seconds, Stopping threads took: 0.0000200 seconds
135.264: [GC (Allocation Failure)  928270K->612840K(1033216K), 0.0050765 secs]
135.269: Total time for which application threads were stopped: 0.0052435 seconds, Stopping threads took: 0.0000194 seconds
135.336: [GC (Allocation Failure)  932328K->616840K(1034752K), 0.0046733 secs]
135.341: Total time for which application threads were stopped: 0.0048340 seconds, Stopping threads took: 0.0000199 seconds
135.407: [GC (Allocation Failure)  938376K->610022K(1034752K), 0.0022151 secs]
135.410: Total time for which application threads were stopped: 0.0023771 seconds, Stopping threads took: 0.0000202 seconds
135.477: [GC (Allocation Failure)  931558K->616880K(1034752K), 0.0046858 secs]
135.482: Total time for which application threads were stopped: 0.0048710 seconds, Stopping threads took: 0.0000288 seconds
135.548: [GC (Allocation Failure)  938416K->620952K(1034752K), 0.0098244 secs]
135.558: Total time for which application threads were stopped: 0.0099782 seconds, Stopping threads took: 0.0000179 seconds
135.624: [GC (Allocation Failure)  942488K->615414K(1034752K), 0.0030194 secs]
135.627: Total time for which application threads were stopped: 0.0031827 seconds, Stopping threads took: 0.0000197 seconds
135.694: [GC (Allocation Failure)  936950K->621256K(1034752K), 0.0047768 secs]
135.699: Total time for which application threads were stopped: 0.0049396 seconds, Stopping threads took: 0.0000198 seconds
135.766: [GC (Allocation Failure)  942792K->625096K(1035264K), 0.0052558 secs]
135.771: Total time for which application threads were stopped: 0.0054347 seconds, Stopping threads took: 0.0000202 seconds
135.838: [GC (Allocation Failure)  947585K->621190K(1035264K), 0.0036265 secs]
135.841: Total time for which application threads were stopped: 0.0037970 seconds, Stopping threads took: 0.0000203 seconds
135.909: [GC (Allocation Failure)  943750K->625256K(1036288K), 0.0049979 secs]
135.914: Total time for which application threads were stopped: 0.0051766 seconds, Stopping threads took: 0.0000214 seconds
135.982: [GC (Allocation Failure)  949352K->629192K(1035776K), 0.0049433 secs]
135.987: Total time for which application threads were stopped: 0.0051130 seconds, Stopping threads took: 0.0000200 seconds
136.055: [GC (Allocation Failure)  953288K->629256K(1035776K), 0.0048477 secs]
136.060: Total time for which application threads were stopped: 0.0050235 seconds, Stopping threads took: 0.0000202 seconds
136.129: [GC (Allocation Failure)  952840K->629288K(1023488K), 0.0048490 secs]
136.134: Total time for which application threads were stopped: 0.0050320 seconds, Stopping threads took: 0.0000173 seconds
136.203: [GC (Allocation Failure)  952872K->637291K(1035264K), 0.0050119 secs]
136.208: Total time for which application threads were stopped: 0.0052039 seconds, Stopping threads took: 0.0000201 seconds
136.277: [GC (Allocation Failure)  959851K->637291K(1030144K), 0.0047327 secs]
136.281: Total time for which application threads were stopped: 0.0049115 seconds, Stopping threads took: 0.0000340 seconds
136.349: [GC (Allocation Failure)  959851K->637331K(1034752K), 0.0047558 secs]
136.353: Total time for which application threads were stopped: 0.0049172 seconds, Stopping threads took: 0.0000202 seconds
136.420: [GC (Allocation Failure)  958867K->645333K(1029120K), 0.0049249 secs]
136.425: Total time for which application threads were stopped: 0.0050887 seconds, Stopping threads took: 0.0000194 seconds
136.494: [GC (Allocation Failure)  966869K->645269K(1034240K), 0.0045943 secs]
136.499: Total time for which application threads were stopped: 0.0047891 seconds, Stopping threads took: 0.0000440 seconds
136.566: [GC (Allocation Failure)  965781K->645549K(1034240K), 0.0047893 secs]
136.571: Total time for which application threads were stopped: 0.0049835 seconds, Stopping threads took: 0.0000198 seconds
136.639: [GC (Allocation Failure)  966061K->653327K(1034240K), 0.0049139 secs]
136.644: Total time for which application threads were stopped: 0.0050715 seconds, Stopping threads took: 0.0000166 seconds
136.712: [GC (Allocation Failure)  973839K->653327K(1034240K), 0.0050583 secs]
136.717: Total time for which application threads were stopped: 0.0052286 seconds, Stopping threads took: 0.0000200 seconds
136.784: [GC (Allocation Failure)  973839K->653767K(1033216K), 0.0050016 secs]
136.789: Total time for which application threads were stopped: 0.0051843 seconds, Stopping threads took: 0.0000207 seconds
136.858: [GC (Allocation Failure)  973255K->661386K(1033728K), 0.0049507 secs]
136.863: Total time for which application threads were stopped: 0.0051128 seconds, Stopping threads took: 0.0000200 seconds
136.931: [GC (Allocation Failure)  980874K->661354K(1033728K), 0.0047477 secs]
136.936: Total time for which application threads were stopped: 0.0049072 seconds, Stopping threads took: 0.0000199 seconds
137.002: [GC (Allocation Failure)  980842K->661514K(1033728K), 0.0051476 secs]
137.008: Total time for which application threads were stopped: 0.0053125 seconds, Stopping threads took: 0.0000208 seconds
137.075: [GC (Allocation Failure)  981002K->669420K(1033728K), 0.0048770 secs]
137.080: Total time for which application threads were stopped: 0.0050594 seconds, Stopping threads took: 0.0000205 seconds
137.147: [GC (Allocation Failure)  988908K->669388K(1033728K), 0.0066822 secs]
137.153: Total time for which application threads were stopped: 0.0068412 seconds, Stopping threads took: 0.0000199 seconds
137.220: [GC (Allocation Failure)  988876K->669420K(1033728K), 0.0047977 secs]
137.225: Total time for which application threads were stopped: 0.0049888 seconds, Stopping threads took: 0.0000200 seconds
137.294: [GC (Allocation Failure)  988908K->677422K(1027072K), 0.0050379 secs]
137.299: Total time for which application threads were stopped: 0.0051883 seconds, Stopping threads took: 0.0000183 seconds
137.364: [GC (Allocation Failure)  996910K->673516K(1034240K), 0.0041453 secs]
137.368: Total time for which application threads were stopped: 0.0043043 seconds, Stopping threads took: 0.0000205 seconds
137.437: [GC (Allocation Failure)  993004K->677574K(1033216K), 0.0052764 secs]
137.443: Total time for which application threads were stopped: 0.0054362 seconds, Stopping threads took: 0.0000201 seconds
137.511: [GC (Allocation Failure)  997062K->681542K(1034752K), 0.0049391 secs]
137.516: Total time for which application threads were stopped: 0.0051007 seconds, Stopping threads took: 0.0000202 seconds
137.585: [GC (Allocation Failure)  1003078K->674756K(1034752K), 0.0024150 secs]
137.587: Total time for which application threads were stopped: 0.0025593 seconds, Stopping threads took: 0.0000200 seconds
137.654: [GC (Allocation Failure)  996292K->681614K(1034752K), 0.0046909 secs]
137.659: Total time for which application threads were stopped: 0.0048852 seconds, Stopping threads took: 0.0000205 seconds
137.727: [GC (Allocation Failure)  1003150K->685694K(1034752K), 0.0059352 secs]
137.733: Total time for which application threads were stopped: 0.0061171 seconds, Stopping threads took: 0.0000175 seconds
137.800: [GC (Allocation Failure)  1007230K->680124K(1034752K), 0.0030671 secs]
137.803: Total time for which application threads were stopped: 0.0032148 seconds, Stopping threads took: 0.0000178 seconds
137.870: [GC (Allocation Failure)  1001660K->685990K(1034752K), 0.0050574 secs]
137.875: Total time for which application threads were stopped: 0.0052320 seconds, Stopping threads took: 0.0000210 seconds
137.943: [GC (Allocation Failure)  1007526K->689854K(1035264K), 0.0053447 secs]
137.948: Total time for which application threads were stopped: 0.0055418 seconds, Stopping threads took: 0.0000207 seconds
138.017: [GC (Allocation Failure)  1012342K->685884K(1035264K), 0.0038514 secs]
138.021: Total time for which application threads were stopped: 0.0040281 seconds, Stopping threads took: 0.0000169 seconds
138.090: [GC (Allocation Failure)  1008444K->689990K(1036288K), 0.0050786 secs]
138.096: Total time for which application threads were stopped: 0.0052475 seconds, Stopping threads took: 0.0000195 seconds
138.165: [GC (Allocation Failure)  1014086K->693990K(1035776K), 0.0050190 secs]
138.170: Total time for which application threads were stopped: 0.0052107 seconds, Stopping threads took: 0.0000191 seconds
138.240: [GC (Allocation Failure)  1018086K->693958K(1035776K), 0.0049825 secs]
138.245: Total time for which application threads were stopped: 0.0051346 seconds, Stopping threads took: 0.0000171 seconds
138.314: [GC (Allocation Failure)  1017542K->694022K(1023488K), 0.0050340 secs]
138.319: [Full GC (Ergonomics)  694022K->8558K(1023488K), 0.0119215 secs]
138.331: Total time for which application threads were stopped: 0.0172003 seconds, Stopping threads took: 0.0000204 seconds
138.398: [GC (Allocation Failure)  332142K->16848K(1034240K), 0.0038781 secs]
138.402: Total time for which application threads were stopped: 0.0040480 seconds, Stopping threads took: 0.0000194 seconds
138.470: [GC (Allocation Failure)  338384K->16816K(1034752K), 0.0107723 secs]
138.480: Total time for which application threads were stopped: 0.0109473 seconds, Stopping threads took: 0.0000270 seconds
138.550: [GC (Allocation Failure)  338352K->16880K(1034752K), 0.0044127 secs]
138.554: Total time for which application threads were stopped: 0.0045722 seconds, Stopping threads took: 0.0000255 seconds
138.624: [GC (Allocation Failure)  338416K->24883K(1029120K), 0.0037243 secs]
138.628: Total time for which application threads were stopped: 0.0038741 seconds, Stopping threads took: 0.0000180 seconds
138.698: [GC (Allocation Failure)  346419K->24883K(1034240K), 0.0039662 secs]
138.702: Total time for which application threads were stopped: 0.0041363 seconds, Stopping threads took: 0.0000203 seconds
138.769: [GC (Allocation Failure)  345395K->25131K(1034240K), 0.0037513 secs]
138.773: Total time for which application threads were stopped: 0.0039282 seconds, Stopping threads took: 0.0000202 seconds
138.842: [GC (Allocation Failure)  345643K->32909K(1034240K), 0.0038385 secs]
138.846: Total time for which application threads were stopped: 0.0040202 seconds, Stopping threads took: 0.0000198 seconds
138.914: [GC (Allocation Failure)  353421K->32941K(1028096K), 0.0036109 secs]
138.918: Total time for which application threads were stopped: 0.0038137 seconds, Stopping threads took: 0.0000203 seconds
138.988: [GC (Allocation Failure)  353453K->33349K(1033728K), 0.0039079 secs]
138.992: Total time for which application threads were stopped: 0.0040751 seconds, Stopping threads took: 0.0000257 seconds
139.060: [GC (Allocation Failure)  352837K->40967K(1033728K), 0.0036033 secs]
139.063: Total time for which application threads were stopped: 0.0037611 seconds, Stopping threads took: 0.0000207 seconds
139.132: [GC (Allocation Failure)  360455K->40967K(1033728K), 0.0034897 secs]
139.136: Total time for which application threads were stopped: 0.0036533 seconds, Stopping threads took: 0.0000196 seconds
139.200: [GC (Allocation Failure)  360455K->41063K(1033728K), 0.0038882 secs]
139.204: Total time for which application threads were stopped: 0.0040518 seconds, Stopping threads took: 0.0000204 seconds
139.271: [GC (Allocation Failure)  360551K->48970K(1033728K), 0.0037626 secs]
139.275: Total time for which application threads were stopped: 0.0039228 seconds, Stopping threads took: 0.0000204 seconds
139.343: [GC (Allocation Failure)  368456K->45031K(1033728K), 0.0025955 secs]
139.346: Total time for which application threads were stopped: 0.0027472 seconds, Stopping threads took: 0.0000195 seconds
139.414: [GC (Allocation Failure)  364519K->49130K(1034752K), 0.0038311 secs]
139.418: Total time for which application threads were stopped: 0.0040088 seconds, Stopping threads took: 0.0000203 seconds
139.486: [GC (Allocation Failure)  370154K->53098K(1034240K), 0.0037007 secs]
139.490: Total time for which application threads were stopped: 0.0038480 seconds, Stopping threads took: 0.0000195 seconds
139.560: [GC (Allocation Failure)  374122K->47335K(1034752K), 0.0015608 secs]
139.561: Total time for which application threads were stopped: 0.0016874 seconds, Stopping threads took: 0.0000170 seconds
139.629: [GC (Allocation Failure)  368871K->53170K(1034752K), 0.0037153 secs]
139.632: Total time for which application threads were stopped: 0.0038774 seconds, Stopping threads took: 0.0000206 seconds
139.698: [GC (Allocation Failure)  374706K->57250K(1035264K), 0.0042107 secs]
139.702: Total time for which application threads were stopped: 0.0043804 seconds, Stopping threads took: 0.0000201 seconds
139.770: [GC (Allocation Failure)  379548K->53375K(1035264K), 0.0024517 secs]
139.772: Total time for which application threads were stopped: 0.0026239 seconds, Stopping threads took: 0.0000199 seconds
139.842: [GC (Allocation Failure)  375935K->57418K(1036288K), 0.0039428 secs]
139.846: Total time for which application threads were stopped: 0.0041164 seconds, Stopping threads took: 0.0000205 seconds
139.916: [GC (Allocation Failure)  381514K->61386K(1035776K), 0.0039049 secs]
139.920: Total time for which application threads were stopped: 0.0040976 seconds, Stopping threads took: 0.0000309 seconds
139.988: [GC (Allocation Failure)  385482K->61386K(1035776K), 0.0037605 secs]
139.992: Total time for which application threads were stopped: 0.0039279 seconds, Stopping threads took: 0.0000279 seconds
140.060: [GC (Allocation Failure)  384970K->61450K(1023488K), 0.0038249 secs]
140.064: Total time for which application threads were stopped: 0.0039866 seconds, Stopping threads took: 0.0000205 seconds
140.132: [GC (Allocation Failure)  385034K->69420K(1035264K), 0.0046455 secs]
140.137: Total time for which application threads were stopped: 0.0048184 seconds, Stopping threads took: 0.0000200 seconds
140.209: [GC (Allocation Failure)  391980K->69420K(1030144K), 0.0036214 secs]
140.213: Total time for which application threads were stopped: 0.0038036 seconds, Stopping threads took: 0.0000207 seconds
140.282: [GC (Allocation Failure)  391980K->69484K(1034752K), 0.0038240 secs]
140.286: Total time for which application threads were stopped: 0.0040032 seconds, Stopping threads took: 0.0000197 seconds
140.356: [GC (Allocation Failure)  391020K->77454K(1034752K), 0.0039750 secs]
140.360: Total time for which application threads were stopped: 0.0041733 seconds, Stopping threads took: 0.0000202 seconds
140.427: [GC (Allocation Failure)  398990K->77486K(1033728K), 0.0037469 secs]
140.431: Total time for which application threads were stopped: 0.0039140 seconds, Stopping threads took: 0.0000200 seconds
140.498: [GC (Allocation Failure)  397998K->77702K(1034240K), 0.0036978 secs]
140.502: Total time for which application threads were stopped: 0.0038655 seconds, Stopping threads took: 0.0000266 seconds
140.570: [GC (Allocation Failure)  398214K->85480K(1034240K), 0.0036686 secs]
140.573: Total time for which application threads were stopped: 0.0038593 seconds, Stopping threads took: 0.0000192 seconds
140.643: [GC (Allocation Failure)  405992K->85480K(1034240K), 0.0037415 secs]
140.647: Total time for which application threads were stopped: 0.0038913 seconds, Stopping threads took: 0.0000172 seconds
140.713: [GC (Allocation Failure)  405992K->85928K(1033216K), 0.0037903 secs]
140.717: Total time for which application threads were stopped: 0.0039667 seconds, Stopping threads took: 0.0000211 seconds
140.784: [GC (Allocation Failure)  405416K->93483K(1033728K), 0.0039132 secs]
140.788: Total time for which application threads were stopped: 0.0040854 seconds, Stopping threads took: 0.0000209 seconds
140.855: [GC (Allocation Failure)  412971K->93547K(1033728K), 0.0037336 secs]
140.859: Total time for which application threads were stopped: 0.0038935 seconds, Stopping threads took: 0.0000203 seconds
140.924: [GC (Allocation Failure)  413035K->93675K(1033728K), 0.0037545 secs]
140.927: Total time for which application threads were stopped: 0.0039518 seconds, Stopping threads took: 0.0000206 seconds
140.997: [GC (Allocation Failure)  413163K->101549K(1033728K), 0.0040030 secs]
141.001: Total time for which application threads were stopped: 0.0041797 seconds, Stopping threads took: 0.0000268 seconds
141.069: [GC (Allocation Failure)  421037K->101581K(1033728K), 0.0036565 secs]
141.073: Total time for which application threads were stopped: 0.0038237 seconds, Stopping threads took: 0.0000207 seconds
141.139: [GC (Allocation Failure)  421069K->101605K(1033728K), 0.0039308 secs]
141.143: Total time for which application threads were stopped: 0.0040972 seconds, Stopping threads took: 0.0000282 seconds
141.210: [GC (Allocation Failure)  421093K->109575K(1027072K), 0.0040104 secs]
141.214: Total time for which application threads were stopped: 0.0041721 seconds, Stopping threads took: 0.0000208 seconds
141.280: [GC (Allocation Failure)  429063K->105701K(1034240K), 0.0027546 secs]
141.283: Total time for which application threads were stopped: 0.0029184 seconds, Stopping threads took: 0.0000197 seconds
141.350: [GC (Allocation Failure)  425189K->109727K(1033216K), 0.0043026 secs]
141.355: Total time for which application threads were stopped: 0.0044707 seconds, Stopping threads took: 0.0000202 seconds
141.422: [GC (Allocation Failure)  429215K->113695K(1034752K), 0.0039243 secs]
141.426: Total time for which application threads were stopped: 0.0041073 seconds, Stopping threads took: 0.0000205 seconds
141.493: [GC (Allocation Failure)  435231K->106909K(1034752K), 0.0011155 secs]
141.494: Total time for which application threads were stopped: 0.0012495 seconds, Stopping threads took: 0.0000272 seconds
141.563: [GC (Allocation Failure)  428445K->113767K(1034752K), 0.0039204 secs]
141.567: Total time for which application threads were stopped: 0.0040913 seconds, Stopping threads took: 0.0000198 seconds
141.632: [GC (Allocation Failure)  435303K->117839K(1034752K), 0.0049656 secs]
141.637: Total time for which application threads were stopped: 0.0051422 seconds, Stopping threads took: 0.0000280 seconds
141.703: [GC (Allocation Failure)  439375K->112301K(1034752K), 0.0017701 secs]
141.705: Total time for which application threads were stopped: 0.0020393 seconds, Stopping threads took: 0.0000198 seconds
141.772: [GC (Allocation Failure)  433837K->118111K(1034752K), 0.0040132 secs]
141.776: Total time for which application threads were stopped: 0.0041920 seconds, Stopping threads took: 0.0000225 seconds
141.844: [GC (Allocation Failure)  439647K->122015K(1034752K), 0.0043604 secs]
141.849: Total time for which application threads were stopped: 0.0045430 seconds, Stopping threads took: 0.0000212 seconds
141.915: [GC (Allocation Failure)  444503K->118077K(1035264K), 0.0025135 secs]
141.918: Total time for which application threads were stopped: 0.0026670 seconds, Stopping threads took: 0.0000200 seconds
141.989: [GC (Allocation Failure)  440637K->122103K(1036288K), 0.0046802 secs]
141.993: Total time for which application threads were stopped: 0.0048476 seconds, Stopping threads took: 0.0000275 seconds
142.061: [GC (Allocation Failure)  446199K->126103K(1035776K), 0.0037642 secs]
142.065: Total time for which application threads were stopped: 0.0039228 seconds, Stopping threads took: 0.0000196 seconds
142.135: [GC (Allocation Failure)  450199K->126103K(1035776K), 0.0038180 secs]
142.139: Total time for which application threads were stopped: 0.0039792 seconds, Stopping threads took: 0.0000202 seconds
142.206: [GC (Allocation Failure)  449687K->126175K(1023488K), 0.0038785 secs]
142.210: Total time for which application threads were stopped: 0.0040418 seconds, Stopping threads took: 0.0000195 seconds
142.278: [GC (Allocation Failure)  449759K->134145K(1035264K), 0.0039265 secs]
142.282: Total time for which application threads were stopped: 0.0041601 seconds, Stopping threads took: 0.0000361 seconds
142.349: [GC (Allocation Failure)  456705K->134145K(1030144K), 0.0038790 secs]
142.353: Total time for which application threads were stopped: 0.0040610 seconds, Stopping threads took: 0.0000203 seconds
142.420: [GC (Allocation Failure)  456705K->134217K(1034752K), 0.0039567 secs]
142.424: Total time for which application threads were stopped: 0.0041457 seconds, Stopping threads took: 0.0000194 seconds
142.492: [GC (Allocation Failure)  455753K->142220K(1029120K), 0.0039154 secs]
142.496: Total time for which application threads were stopped: 0.0040779 seconds, Stopping threads took: 0.0000197 seconds
142.565: [GC (Allocation Failure)  463756K->142188K(1034240K), 0.0038706 secs]
142.569: Total time for which application threads were stopped: 0.0040312 seconds, Stopping threads took: 0.0000201 seconds
142.636: [GC (Allocation Failure)  462700K->142404K(1034240K), 0.0049892 secs]
142.641: Total time for which application threads were stopped: 0.0053042 seconds, Stopping threads took: 0.0000190 seconds
142.710: [GC (Allocation Failure)  462916K->150214K(1034240K), 0.0038226 secs]
142.714: Total time for which application threads were stopped: 0.0039845 seconds, Stopping threads took: 0.0000191 seconds
142.782: [GC (Allocation Failure)  470726K->150246K(1034240K), 0.0040267 secs]
142.786: Total time for which application threads were stopped: 0.0041898 seconds, Stopping threads took: 0.0000202 seconds
142.854: [GC (Allocation Failure)  470758K->150662K(1033216K), 0.0041964 secs]
142.858: Total time for which application threads were stopped: 0.0043935 seconds, Stopping threads took: 0.0000203 seconds
142.925: [GC (Allocation Failure)  470150K->158248K(1033728K), 0.0040900 secs]
142.930: Total time for which application threads were stopped: 0.0042781 seconds, Stopping threads took: 0.0000203 seconds
142.998: [GC (Allocation Failure)  477736K->158248K(1033728K), 0.0038386 secs]
143.002: Total time for which application threads were stopped: 0.0039983 seconds, Stopping threads took: 0.0000266 seconds
143.067: [GC (Allocation Failure)  477736K->158376K(1033728K), 0.0038878 secs]
143.071: Total time for which application threads were stopped: 0.0040681 seconds, Stopping threads took: 0.0000288 seconds
143.139: [GC (Allocation Failure)  477864K->166346K(1033728K), 0.0038219 secs]
143.143: Total time for which application threads were stopped: 0.0039997 seconds, Stopping threads took: 0.0000200 seconds
143.211: [GC (Allocation Failure)  485834K->166282K(1033728K), 0.0038036 secs]
143.215: Total time for which application threads were stopped: 0.0039515 seconds, Stopping threads took: 0.0000176 seconds
143.282: [GC (Allocation Failure)  485770K->166354K(1033728K), 0.0043955 secs]
143.287: Total time for which application threads were stopped: 0.0045689 seconds, Stopping threads took: 0.0000208 seconds
143.355: [GC (Allocation Failure)  485842K->174325K(1027072K), 0.0042628 secs]
143.359: Total time for which application threads were stopped: 0.0044426 seconds, Stopping threads took: 0.0000217 seconds
143.424: [GC (Allocation Failure)  493812K->170418K(1034240K), 0.0029686 secs]
143.427: Total time for which application threads were stopped: 0.0031332 seconds, Stopping threads took: 0.0000204 seconds
143.495: [GC (Allocation Failure)  489906K->174453K(1033216K), 0.0064160 secs]
143.502: Total time for which application threads were stopped: 0.0065735 seconds, Stopping threads took: 0.0000266 seconds
143.571: [GC (Allocation Failure)  493941K->178453K(1034752K), 0.0041445 secs]
143.575: Total time for which application threads were stopped: 0.0043138 seconds, Stopping threads took: 0.0000198 seconds
143.642: [GC (Allocation Failure)  499989K->171666K(1034752K), 0.0014831 secs]
143.644: Total time for which application threads were stopped: 0.0016139 seconds, Stopping threads took: 0.0000198 seconds
143.712: [GC (Allocation Failure)  493202K->178517K(1034752K), 0.0039754 secs]
143.716: Total time for which application threads were stopped: 0.0041376 seconds, Stopping threads took: 0.0000207 seconds
143.784: [GC (Allocation Failure)  500053K->182597K(1034752K), 0.0048836 secs]
143.789: Total time for which application threads were stopped: 0.0050613 seconds, Stopping threads took: 0.0000190 seconds
143.854: [GC (Allocation Failure)  504133K->177026K(1034752K), 0.0018392 secs]
143.856: Total time for which application threads were stopped: 0.0019796 seconds, Stopping threads took: 0.0000198 seconds
143.923: [GC (Allocation Failure)  498562K->182869K(1034752K), 0.0040382 secs]
143.927: Total time for which application threads were stopped: 0.0041989 seconds, Stopping threads took: 0.0000202 seconds
143.994: [GC (Allocation Failure)  504405K->186741K(1035264K), 0.0044728 secs]
143.999: Total time for which application threads were stopped: 0.0046586 seconds, Stopping threads took: 0.0000268 seconds
144.065: [GC (Allocation Failure)  509229K->182834K(1035264K), 0.0027571 secs]
144.068: Total time for which application threads were stopped: 0.0029376 seconds, Stopping threads took: 0.0000231 seconds
144.139: [GC (Allocation Failure)  505394K->186893K(1036288K), 0.0039283 secs]
144.143: Total time for which application threads were stopped: 0.0040944 seconds, Stopping threads took: 0.0000254 seconds
144.212: [GC (Allocation Failure)  510989K->190861K(1035776K), 0.0040915 secs]
144.216: Total time for which application threads were stopped: 0.0042561 seconds, Stopping threads took: 0.0000210 seconds
144.286: [GC (Allocation Failure)  514957K->190861K(1035776K), 0.0038136 secs]
144.290: Total time for which application threads were stopped: 0.0039926 seconds, Stopping threads took: 0.0000278 seconds
144.357: [GC (Allocation Failure)  514445K->190925K(1023488K), 0.0039885 secs]
144.361: Total time for which application threads were stopped: 0.0041889 seconds, Stopping threads took: 0.0000213 seconds
144.429: [GC (Allocation Failure)  514509K->198927K(1035264K), 0.0041780 secs]
144.434: Total time for which application threads were stopped: 0.0043364 seconds, Stopping threads took: 0.0000170 seconds
144.502: [GC (Allocation Failure)  521487K->198895K(1030144K), 0.0039440 secs]
144.506: Total time for which application threads were stopped: 0.0041197 seconds, Stopping threads took: 0.0000265 seconds
144.574: [GC (Allocation Failure)  521455K->198959K(1034752K), 0.0040554 secs]
144.578: Total time for which application threads were stopped: 0.0042047 seconds, Stopping threads took: 0.0000174 seconds
144.646: [GC (Allocation Failure)  520495K->206929K(1034752K), 0.0042894 secs]
144.650: Total time for which application threads were stopped: 0.0044594 seconds, Stopping threads took: 0.0000207 seconds
144.718: [GC (Allocation Failure)  528465K->206929K(1033728K), 0.0040707 secs]
144.722: Total time for which application threads were stopped: 0.0042933 seconds, Stopping threads took: 0.0000432 seconds
144.791: [GC (Allocation Failure)  527441K->207145K(1034240K), 0.0039233 secs]
144.795: Total time for which application threads were stopped: 0.0041065 seconds, Stopping threads took: 0.0000177 seconds
144.865: [GC (Allocation Failure)  527657K->214956K(1034240K), 0.0040776 secs]
144.869: Total time for which application threads were stopped: 0.0042266 seconds, Stopping threads took: 0.0000174 seconds
144.938: [GC (Allocation Failure)  535468K->214956K(1034240K), 0.0040866 secs]
144.942: Total time for which application threads were stopped: 0.0042640 seconds, Stopping threads took: 0.0000283 seconds
145.009: [GC (Allocation Failure)  535468K->215372K(1033216K), 0.0041210 secs]
145.013: Total time for which application threads were stopped: 0.0042820 seconds, Stopping threads took: 0.0000266 seconds
145.080: [GC (Allocation Failure)  534860K->223054K(1033728K), 0.0040765 secs]
145.085: Total time for which application threads were stopped: 0.0042495 seconds, Stopping threads took: 0.0000204 seconds
145.152: [GC (Allocation Failure)  542542K->222958K(1033728K), 0.0041663 secs]
145.156: Total time for which application threads were stopped: 0.0043468 seconds, Stopping threads took: 0.0000202 seconds
145.223: [GC (Allocation Failure)  542446K->223110K(1033728K), 0.0042227 secs]
145.227: Total time for which application threads were stopped: 0.0043974 seconds, Stopping threads took: 0.0000231 seconds
145.295: [GC (Allocation Failure)  542598K->231016K(1033728K), 0.0039543 secs]
145.299: Total time for which application threads were stopped: 0.0041229 seconds, Stopping threads took: 0.0000204 seconds
145.366: [GC (Allocation Failure)  550504K->230984K(1033728K), 0.0041513 secs]
145.370: Total time for which application threads were stopped: 0.0043118 seconds, Stopping threads took: 0.0000209 seconds
145.438: [GC (Allocation Failure)  550472K->231080K(1033728K), 0.0041559 secs]
145.443: Total time for which application threads were stopped: 0.0043408 seconds, Stopping threads took: 0.0000199 seconds
145.511: [GC (Allocation Failure)  550568K->239018K(1027072K), 0.0064961 secs]
145.518: Total time for which application threads were stopped: 0.0066613 seconds, Stopping threads took: 0.0000206 seconds
145.584: [GC (Allocation Failure)  558506K->235144K(1034240K), 0.0030896 secs]
145.587: Total time for which application threads were stopped: 0.0032436 seconds, Stopping threads took: 0.0000197 seconds
145.657: [GC (Allocation Failure)  554632K->239210K(1033216K), 0.0043026 secs]
145.661: Total time for which application threads were stopped: 0.0044660 seconds, Stopping threads took: 0.0000197 seconds
145.729: [GC (Allocation Failure)  558698K->243178K(1034752K), 0.0040133 secs]
145.733: Total time for which application threads were stopped: 0.0041757 seconds, Stopping threads took: 0.0000201 seconds
145.800: [GC (Allocation Failure)  564714K->236424K(1034752K), 0.0015502 secs]
145.801: Total time for which application threads were stopped: 0.0016814 seconds, Stopping threads took: 0.0000198 seconds
145.869: [GC (Allocation Failure)  557960K->243250K(1034752K), 0.0041319 secs]
145.873: Total time for which application threads were stopped: 0.0042958 seconds, Stopping threads took: 0.0000211 seconds
145.939: [GC (Allocation Failure)  564786K->247330K(1034752K), 0.0050551 secs]
145.944: Total time for which application threads were stopped: 0.0052359 seconds, Stopping threads took: 0.0000200 seconds
146.011: [GC (Allocation Failure)  568866K->241792K(1034752K), 0.0020667 secs]
146.013: Total time for which application threads were stopped: 0.0022160 seconds, Stopping threads took: 0.0000266 seconds
146.082: [GC (Allocation Failure)  563328K->247634K(1034752K), 0.0041896 secs]
146.087: Total time for which application threads were stopped: 0.0043455 seconds, Stopping threads took: 0.0000177 seconds
146.154: [GC (Allocation Failure)  569170K->251474K(1034752K), 0.0045816 secs]
146.159: Total time for which application threads were stopped: 0.0047514 seconds, Stopping threads took: 0.0000200 seconds
146.226: [GC (Allocation Failure)  573963K->247568K(1035264K), 0.0030253 secs]
146.229: Total time for which application threads were stopped: 0.0031878 seconds, Stopping threads took: 0.0000198 seconds
146.297: [GC (Allocation Failure)  570128K->251594K(1036288K), 0.0041028 secs]
146.301: Total time for which application threads were stopped: 0.0042820 seconds, Stopping threads took: 0.0000191 seconds
146.371: [GC (Allocation Failure)  575690K->255626K(1035776K), 0.0041982 secs]
146.375: Total time for which application threads were stopped: 0.0043854 seconds, Stopping threads took: 0.0000220 seconds
146.443: [GC (Allocation Failure)  579722K->255594K(1035776K), 0.0039178 secs]
146.447: Total time for which application threads were stopped: 0.0040827 seconds, Stopping threads took: 0.0000205 seconds
146.515: [GC (Allocation Failure)  579178K->255658K(1023488K), 0.0042886 secs]
146.519: Total time for which application threads were stopped: 0.0044681 seconds, Stopping threads took: 0.0000277 seconds
146.586: [GC (Allocation Failure)  579242K->263661K(1035264K), 0.0040916 secs]
146.591: Total time for which application threads were stopped: 0.0042868 seconds, Stopping threads took: 0.0000193 seconds
146.660: [GC (Allocation Failure)  586221K->263597K(1030144K), 0.0042009 secs]
146.664: Total time for which application threads were stopped: 0.0043559 seconds, Stopping threads took: 0.0000173 seconds
146.731: [GC (Allocation Failure)  586157K->263693K(1034752K), 0.0040494 secs]
146.735: Total time for which application threads were stopped: 0.0042429 seconds, Stopping threads took: 0.0000205 seconds
146.804: [GC (Allocation Failure)  585229K->271663K(1034752K), 0.0043729 secs]
146.809: Total time for which application threads were stopped: 0.0045679 seconds, Stopping threads took: 0.0000203 seconds
146.879: [GC (Allocation Failure)  593199K->271663K(1033728K), 0.0040937 secs]
146.883: Total time for which application threads were stopped: 0.0042576 seconds, Stopping threads took: 0.0000198 seconds
146.950: [GC (Allocation Failure)  592175K->271911K(1034240K), 0.0042457 secs]
146.955: Total time for which application threads were stopped: 0.0044528 seconds, Stopping threads took: 0.0000249 seconds
147.024: [GC (Allocation Failure)  592423K->279721K(1034240K), 0.0041276 secs]
147.028: Total time for which application threads were stopped: 0.0043079 seconds, Stopping threads took: 0.0000280 seconds
147.096: [GC (Allocation Failure)  600233K->279689K(1034240K), 0.0041226 secs]
147.100: Total time for which application threads were stopped: 0.0043017 seconds, Stopping threads took: 0.0000199 seconds
147.167: [GC (Allocation Failure)  600201K->280137K(1033216K), 0.0043606 secs]
147.171: Total time for which application threads were stopped: 0.0045300 seconds, Stopping threads took: 0.0000194 seconds
147.238: [GC (Allocation Failure)  599625K->287755K(1033728K), 0.0043301 secs]
147.243: Total time for which application threads were stopped: 0.0044873 seconds, Stopping threads took: 0.0000199 seconds
147.312: [GC (Allocation Failure)  607243K->287755K(1033728K), 0.0040923 secs]
147.316: Total time for which application threads were stopped: 0.0042528 seconds, Stopping threads took: 0.0000198 seconds
147.381: [GC (Allocation Failure)  607243K->287859K(1033728K), 0.0041329 secs]
147.385: Total time for which application threads were stopped: 0.0042931 seconds, Stopping threads took: 0.0000204 seconds
147.452: [GC (Allocation Failure)  607347K->295798K(1033728K), 0.0040561 secs]
147.456: Total time for which application threads were stopped: 0.0042236 seconds, Stopping threads took: 0.0000197 seconds
147.525: [GC (Allocation Failure)  615286K->295734K(1033728K), 0.0042179 secs]
147.529: Total time for which application threads were stopped: 0.0043945 seconds, Stopping threads took: 0.0000280 seconds
147.597: [GC (Allocation Failure)  615222K->295830K(1033728K), 0.0043740 secs]
147.602: Total time for which application threads were stopped: 0.0045433 seconds, Stopping threads took: 0.0000198 seconds
147.670: [GC (Allocation Failure)  615318K->303800K(1027072K), 0.0043531 secs]
147.674: Total time for which application threads were stopped: 0.0045084 seconds, Stopping threads took: 0.0000198 seconds
147.739: [GC (Allocation Failure)  623287K->299894K(1034240K), 0.0031573 secs]
147.743: Total time for which application threads were stopped: 0.0033444 seconds, Stopping threads took: 0.0000188 seconds
147.811: [GC (Allocation Failure)  619382K->303952K(1033216K), 0.0042646 secs]
147.815: Total time for which application threads were stopped: 0.0044608 seconds, Stopping threads took: 0.0000207 seconds
147.885: [GC (Allocation Failure)  623440K->307920K(1034752K), 0.0042881 secs]
147.889: Total time for which application threads were stopped: 0.0044451 seconds, Stopping threads took: 0.0000175 seconds
147.956: [GC (Allocation Failure)  629456K->301134K(1034752K), 0.0016793 secs]
147.957: Total time for which application threads were stopped: 0.0018274 seconds, Stopping threads took: 0.0000198 seconds
148.028: [GC (Allocation Failure)  622670K->307960K(1034752K), 0.0042072 secs]
148.032: Total time for which application threads were stopped: 0.0043809 seconds, Stopping threads took: 0.0000288 seconds
148.098: [GC (Allocation Failure)  629496K->312072K(1034752K), 0.0051874 secs]
148.104: Total time for which application threads were stopped: 0.0053576 seconds, Stopping threads took: 0.0000207 seconds
148.169: [GC (Allocation Failure)  633608K->306502K(1034752K), 0.0023455 secs]
148.172: Total time for which application threads were stopped: 0.0025090 seconds, Stopping threads took: 0.0000201 seconds
148.239: [GC (Allocation Failure)  628038K->312336K(1034752K), 0.0043403 secs]
148.244: Total time for which application threads were stopped: 0.0045119 seconds, Stopping threads took: 0.0000204 seconds
148.313: [GC (Allocation Failure)  633872K->316208K(1034752K), 0.0046700 secs]
148.317: Total time for which application threads were stopped: 0.0048428 seconds, Stopping threads took: 0.0000214 seconds
148.384: [GC (Allocation Failure)  638696K->312334K(1035264K), 0.0029965 secs]
148.387: Total time for which application threads were stopped: 0.0031713 seconds, Stopping threads took: 0.0000211 seconds
148.455: [GC (Allocation Failure)  634894K->316368K(1036288K), 0.0044739 secs]
148.460: Total time for which application threads were stopped: 0.0046362 seconds, Stopping threads took: 0.0000203 seconds
148.528: [GC (Allocation Failure)  640464K->320336K(1035776K), 0.0040774 secs]
148.532: Total time for which application threads were stopped: 0.0042383 seconds, Stopping threads took: 0.0000261 seconds
148.601: [GC (Allocation Failure)  644432K->320336K(1035776K), 0.0043550 secs]
148.606: Total time for which application threads were stopped: 0.0045155 seconds, Stopping threads took: 0.0000194 seconds
148.673: [GC (Allocation Failure)  643920K->320392K(1023488K), 0.0042993 secs]
148.677: Total time for which application threads were stopped: 0.0044625 seconds, Stopping threads took: 0.0000205 seconds
148.744: [GC (Allocation Failure)  643976K->328362K(1035264K), 0.0043994 secs]
148.748: Total time for which application threads were stopped: 0.0045771 seconds, Stopping threads took: 0.0000220 seconds
148.818: [GC (Allocation Failure)  650922K->328362K(1030144K), 0.0040420 secs]
148.822: Total time for which application threads were stopped: 0.0041983 seconds, Stopping threads took: 0.0000190 seconds
148.889: [GC (Allocation Failure)  650922K->328426K(1034752K), 0.0043213 secs]
148.894: Total time for which application threads were stopped: 0.0044904 seconds, Stopping threads took: 0.0000208 seconds
148.962: [GC (Allocation Failure)  649962K->336428K(1034752K), 0.0051168 secs]
148.967: Total time for which application threads were stopped: 0.0052889 seconds, Stopping threads took: 0.0000202 seconds
149.037: [GC (Allocation Failure)  657964K->336364K(1033728K), 0.0041887 secs]
149.041: Total time for which application threads were stopped: 0.0043544 seconds, Stopping threads took: 0.0000273 seconds
149.108: [GC (Allocation Failure)  656876K->336644K(1034240K), 0.0046336 secs]
149.112: Total time for which application threads were stopped: 0.0048123 seconds, Stopping threads took: 0.0000203 seconds
149.181: [GC (Allocation Failure)  657156K->344423K(1034240K), 0.0043085 secs]
149.186: Total time for which application threads were stopped: 0.0044801 seconds, Stopping threads took: 0.0000203 seconds
149.254: [GC (Allocation Failure)  664935K->344423K(1034240K), 0.0043620 secs]
149.259: Total time for which application threads were stopped: 0.0045323 seconds, Stopping threads took: 0.0000203 seconds
149.327: [GC (Allocation Failure)  664935K->344839K(1033216K), 0.0043622 secs]
149.332: Total time for which application threads were stopped: 0.0045331 seconds, Stopping threads took: 0.0000203 seconds
149.400: [GC (Allocation Failure)  664327K->352457K(1033728K), 0.0044636 secs]
149.405: Total time for which application threads were stopped: 0.0046373 seconds, Stopping threads took: 0.0000206 seconds
149.474: [GC (Allocation Failure)  671945K->352489K(1033728K), 0.0042635 secs]
149.478: Total time for which application threads were stopped: 0.0044381 seconds, Stopping threads took: 0.0000264 seconds
149.545: [GC (Allocation Failure)  671977K->352553K(1033728K), 0.0063326 secs]
149.551: Total time for which application threads were stopped: 0.0065244 seconds, Stopping threads took: 0.0000254 seconds
149.619: [GC (Allocation Failure)  672041K->360523K(1033728K), 0.0043831 secs]
149.623: Total time for which application threads were stopped: 0.0045400 seconds, Stopping threads took: 0.0000194 seconds
149.690: [GC (Allocation Failure)  680011K->360491K(1033728K), 0.0042522 secs]
149.694: Total time for which application threads were stopped: 0.0044663 seconds, Stopping threads took: 0.0000185 seconds
149.763: [GC (Allocation Failure)  679979K->360547K(1033728K), 0.0045812 secs]
149.768: Total time for which application threads were stopped: 0.0047459 seconds, Stopping threads took: 0.0000208 seconds
149.835: [GC (Allocation Failure)  680035K->368518K(1027072K), 0.0045093 secs]
149.839: Total time for which application threads were stopped: 0.0046992 seconds, Stopping threads took: 0.0000203 seconds
149.906: [GC (Allocation Failure)  688005K->364643K(1034240K), 0.0033874 secs]
149.909: Total time for which application threads were stopped: 0.0035500 seconds, Stopping threads took: 0.0000176 seconds
149.978: [GC (Allocation Failure)  684131K->368646K(1033216K), 0.0043844 secs]
149.983: Total time for which application threads were stopped: 0.0045543 seconds, Stopping threads took: 0.0000277 seconds
150.050: [GC (Allocation Failure)  688134K->372646K(1034752K), 0.0043003 secs]
150.054: Total time for which application threads were stopped: 0.0044771 seconds, Stopping threads took: 0.0000277 seconds
150.121: [GC (Allocation Failure)  694182K->365859K(1034752K), 0.0017485 secs]
150.123: Total time for which application threads were stopped: 0.0018882 seconds, Stopping threads took: 0.0000207 seconds
150.189: [GC (Allocation Failure)  687395K->372710K(1034752K), 0.0043045 secs]
150.194: Total time for which application threads were stopped: 0.0044910 seconds, Stopping threads took: 0.0000204 seconds
150.259: [GC (Allocation Failure)  694246K->376790K(1034752K), 0.0053144 secs]
150.265: Total time for which application threads were stopped: 0.0054911 seconds, Stopping threads took: 0.0000204 seconds
150.332: [GC (Allocation Failure)  698326K->371219K(1034752K), 0.0023957 secs]
150.335: Total time for which application threads were stopped: 0.0025572 seconds, Stopping threads took: 0.0000199 seconds
150.402: [GC (Allocation Failure)  692755K->377094K(1034752K), 0.0043956 secs]
150.406: Total time for which application threads were stopped: 0.0045566 seconds, Stopping threads took: 0.0000200 seconds
150.473: [GC (Allocation Failure)  698630K->380894K(1035264K), 0.0059098 secs]
150.479: Total time for which application threads were stopped: 0.0060836 seconds, Stopping threads took: 0.0000264 seconds
150.546: [GC (Allocation Failure)  703382K->377051K(1035264K), 0.0031638 secs]
150.549: Total time for which application threads were stopped: 0.0033533 seconds, Stopping threads took: 0.0000249 seconds
150.618: [GC (Allocation Failure)  699611K->381094K(1036288K), 0.0043990 secs]
150.622: Total time for which application threads were stopped: 0.0046483 seconds, Stopping threads took: 0.0000493 seconds
150.690: [GC (Allocation Failure)  705190K->385062K(1035776K), 0.0043197 secs]
150.694: Total time for which application threads were stopped: 0.0045195 seconds, Stopping threads took: 0.0000463 seconds
150.763: [GC (Allocation Failure)  709158K->385062K(1035776K), 0.0043209 secs]
150.767: Total time for which application threads were stopped: 0.0045218 seconds, Stopping threads took: 0.0000204 seconds
150.837: [GC (Allocation Failure)  708646K->385134K(1023488K), 0.0044557 secs]
150.841: Total time for which application threads were stopped: 0.0046145 seconds, Stopping threads took: 0.0000175 seconds
150.908: [GC (Allocation Failure)  708718K->393136K(1035264K), 0.0044910 secs]
150.913: Total time for which application threads were stopped: 0.0046808 seconds, Stopping threads took: 0.0000202 seconds
150.982: [GC (Allocation Failure)  715696K->393104K(1030144K), 0.0043044 secs]
150.987: Total time for which application threads were stopped: 0.0044690 seconds, Stopping threads took: 0.0000275 seconds
151.056: [GC (Allocation Failure)  715664K->393160K(1034752K), 0.0044309 secs]
151.061: Total time for which application threads were stopped: 0.0046460 seconds, Stopping threads took: 0.0000273 seconds
151.129: [GC (Allocation Failure)  714696K->401130K(1034752K), 0.0046716 secs]
151.134: Total time for which application threads were stopped: 0.0048436 seconds, Stopping threads took: 0.0000206 seconds
151.202: [GC (Allocation Failure)  722666K->401130K(1033728K), 0.0043684 secs]
151.206: Total time for which application threads were stopped: 0.0045503 seconds, Stopping threads took: 0.0000197 seconds
151.273: [GC (Allocation Failure)  721642K->401346K(1034240K), 0.0065283 secs]
151.280: Total time for which application threads were stopped: 0.0066824 seconds, Stopping threads took: 0.0000191 seconds
151.348: [GC (Allocation Failure)  721858K->409156K(1034240K), 0.0042434 secs]
151.352: Total time for which application threads were stopped: 0.0044064 seconds, Stopping threads took: 0.0000198 seconds
151.420: [GC (Allocation Failure)  729668K->409124K(1034240K), 0.0057552 secs]
151.426: Total time for which application threads were stopped: 0.0059352 seconds, Stopping threads took: 0.0000200 seconds
151.495: [GC (Allocation Failure)  729636K->409612K(1034240K), 0.0044461 secs]
151.499: Total time for which application threads were stopped: 0.0046060 seconds, Stopping threads took: 0.0000271 seconds
151.568: [GC (Allocation Failure)  730124K->417199K(1028096K), 0.0046221 secs]
151.572: Total time for which application threads were stopped: 0.0047818 seconds, Stopping threads took: 0.0000202 seconds
151.640: [GC (Allocation Failure)  737711K->417199K(1033728K), 0.0045688 secs]
151.645: Total time for which application threads were stopped: 0.0047355 seconds, Stopping threads took: 0.0000190 seconds
151.710: [GC (Allocation Failure)  736687K->417319K(1033728K), 0.0046035 secs]
151.714: Total time for which application threads were stopped: 0.0047730 seconds, Stopping threads took: 0.0000200 seconds
151.782: [GC (Allocation Failure)  736807K->425257K(1033728K), 0.0043213 secs]
151.787: Total time for which application threads were stopped: 0.0044924 seconds, Stopping threads took: 0.0000207 seconds
151.855: [GC (Allocation Failure)  744745K->425225K(1033728K), 0.0044761 secs]
151.859: Total time for which application threads were stopped: 0.0046497 seconds, Stopping threads took: 0.0000210 seconds
151.926: [GC (Allocation Failure)  744713K->425281K(1033728K), 0.0044519 secs]
151.930: Total time for which application threads were stopped: 0.0046191 seconds, Stopping threads took: 0.0000212 seconds
151.996: [GC (Allocation Failure)  744769K->433251K(1027072K), 0.0051792 secs]
152.002: Total time for which application threads were stopped: 0.0053472 seconds, Stopping threads took: 0.0000287 seconds
152.067: [GC (Allocation Failure)  752739K->429313K(1034240K), 0.0044361 secs]
152.071: Total time for which application threads were stopped: 0.0046003 seconds, Stopping threads took: 0.0000281 seconds
152.139: [GC (Allocation Failure)  748801K->433419K(1033216K), 0.0045870 secs]
152.144: Total time for which application threads were stopped: 0.0047658 seconds, Stopping threads took: 0.0000210 seconds
152.212: [GC (Allocation Failure)  752907K->437387K(1034752K), 0.0044641 secs]
152.217: Total time for which application threads were stopped: 0.0046330 seconds, Stopping threads took: 0.0000206 seconds
152.283: [GC (Allocation Failure)  758923K->430601K(1034752K), 0.0017884 secs]
152.285: Total time for which application threads were stopped: 0.0019429 seconds, Stopping threads took: 0.0000196 seconds
152.354: [GC (Allocation Failure)  752137K->437451K(1034752K), 0.0044011 secs]
152.359: Total time for which application threads were stopped: 0.0045764 seconds, Stopping threads took: 0.0000198 seconds
152.426: [GC (Allocation Failure)  758987K->441563K(1034752K), 0.0054559 secs]
152.432: Total time for which application threads were stopped: 0.0056280 seconds, Stopping threads took: 0.0000198 seconds
152.498: [GC (Allocation Failure)  763099K->435993K(1034752K), 0.0023605 secs]
152.501: Total time for which application threads were stopped: 0.0025117 seconds, Stopping threads took: 0.0000261 seconds
152.570: [GC (Allocation Failure)  757529K->441803K(1034752K), 0.0045696 secs]
152.574: Total time for which application threads were stopped: 0.0047227 seconds, Stopping threads took: 0.0000179 seconds
152.642: [GC (Allocation Failure)  763339K->445675K(1034752K), 0.0048910 secs]
152.647: Total time for which application threads were stopped: 0.0050999 seconds, Stopping threads took: 0.0000202 seconds
152.715: [GC (Allocation Failure)  768163K->441769K(1035264K), 0.0031939 secs]
152.718: Total time for which application threads were stopped: 0.0033663 seconds, Stopping threads took: 0.0000195 seconds
152.786: [GC (Allocation Failure)  764329K->445835K(1036288K), 0.0045910 secs]
152.791: Total time for which application threads were stopped: 0.0047484 seconds, Stopping threads took: 0.0000185 seconds
152.858: [GC (Allocation Failure)  769931K->449803K(1035776K), 0.0045508 secs]
152.863: Total time for which application threads were stopped: 0.0047097 seconds, Stopping threads took: 0.0000199 seconds
152.931: [GC (Allocation Failure)  773899K->449803K(1035776K), 0.0045549 secs]
152.936: Total time for which application threads were stopped: 0.0047358 seconds, Stopping threads took: 0.0000191 seconds
153.005: [GC (Allocation Failure)  773387K->449891K(1023488K), 0.0050919 secs]
153.011: Total time for which application threads were stopped: 0.0052931 seconds, Stopping threads took: 0.0000281 seconds
153.078: [GC (Allocation Failure)  773475K->457861K(1035264K), 0.0046362 secs]
153.083: Total time for which application threads were stopped: 0.0048183 seconds, Stopping threads took: 0.0000274 seconds
153.151: [GC (Allocation Failure)  780421K->457829K(1030144K), 0.0042930 secs]
153.156: Total time for which application threads were stopped: 0.0044585 seconds, Stopping threads took: 0.0000209 seconds
153.223: [GC (Allocation Failure)  780389K->457901K(1034752K), 0.0045886 secs]
153.228: Total time for which application threads were stopped: 0.0047796 seconds, Stopping threads took: 0.0000199 seconds
153.297: [GC (Allocation Failure)  779437K->465904K(1029120K), 0.0046888 secs]
153.302: Total time for which application threads were stopped: 0.0048746 seconds, Stopping threads took: 0.0000280 seconds
153.371: [GC (Allocation Failure)  787440K->465840K(1034240K), 0.0043967 secs]
153.376: Total time for which application threads were stopped: 0.0045591 seconds, Stopping threads took: 0.0000209 seconds
153.443: [GC (Allocation Failure)  786352K->466088K(1034240K), 0.0045975 secs]
153.448: Total time for which application threads were stopped: 0.0047649 seconds, Stopping threads took: 0.0000196 seconds
153.516: [GC (Allocation Failure)  786600K->473930K(1034240K), 0.0044897 secs]
153.520: Total time for which application threads were stopped: 0.0046582 seconds, Stopping threads took: 0.0000272 seconds
153.590: [GC (Allocation Failure)  794442K->473898K(1034240K), 0.0044673 secs]
153.594: Total time for which application threads were stopped: 0.0046337 seconds, Stopping threads took: 0.0000197 seconds
153.661: [GC (Allocation Failure)  794410K->474338K(1033216K), 0.0047581 secs]
153.666: Total time for which application threads were stopped: 0.0049403 seconds, Stopping threads took: 0.0000172 seconds
153.734: [GC (Allocation Failure)  793826K->481924K(1033728K), 0.0053782 secs]
153.740: Total time for which application threads were stopped: 0.0055699 seconds, Stopping threads took: 0.0000198 seconds
153.808: [GC (Allocation Failure)  801412K->481956K(1033728K), 0.0044661 secs]
153.813: Total time for which application threads were stopped: 0.0046300 seconds, Stopping threads took: 0.0000203 seconds
153.878: [GC (Allocation Failure)  801444K->482052K(1033728K), 0.0046296 secs]
153.883: Total time for which application threads were stopped: 0.0047966 seconds, Stopping threads took: 0.0000205 seconds
153.950: [GC (Allocation Failure)  801540K->489990K(1033728K), 0.0043589 secs]
153.955: Total time for which application threads were stopped: 0.0045522 seconds, Stopping threads took: 0.0000207 seconds
154.023: [GC (Allocation Failure)  809478K->489926K(1033728K), 0.0046556 secs]
154.028: Total time for which application threads were stopped: 0.0048297 seconds, Stopping threads took: 0.0000287 seconds
154.095: [GC (Allocation Failure)  809414K->490030K(1033728K), 0.0047976 secs]
154.100: Total time for which application threads were stopped: 0.0049593 seconds, Stopping threads took: 0.0000200 seconds
154.166: [GC (Allocation Failure)  809518K->498033K(1027072K), 0.0046158 secs]
154.171: Total time for which application threads were stopped: 0.0047937 seconds, Stopping threads took: 0.0000194 seconds
154.235: [GC (Allocation Failure)  817520K->494062K(1034240K), 0.0037188 secs]
154.239: Total time for which application threads were stopped: 0.0038918 seconds, Stopping threads took: 0.0000196 seconds
154.306: [GC (Allocation Failure)  813550K->498121K(1033216K), 0.0047839 secs]
154.311: Total time for which application threads were stopped: 0.0049588 seconds, Stopping threads took: 0.0000287 seconds
154.378: [GC (Allocation Failure)  817609K->502121K(1034752K), 0.0065492 secs]
154.385: Total time for which application threads were stopped: 0.0067094 seconds, Stopping threads took: 0.0000199 seconds
154.452: [GC (Allocation Failure)  823657K->495334K(1034752K), 0.0019701 secs]
154.454: Total time for which application threads were stopped: 0.0021516 seconds, Stopping threads took: 0.0000195 seconds
154.523: [GC (Allocation Failure)  816870K->502217K(1034752K), 0.0045956 secs]
154.528: Total time for which application threads were stopped: 0.0047714 seconds, Stopping threads took: 0.0000268 seconds
154.595: [GC (Allocation Failure)  823753K->506265K(1034752K), 0.0056633 secs]
154.601: Total time for which application threads were stopped: 0.0058330 seconds, Stopping threads took: 0.0000206 seconds
154.668: [GC (Allocation Failure)  827801K->500726K(1034752K), 0.0026350 secs]
154.670: Total time for which application threads were stopped: 0.0028011 seconds, Stopping threads took: 0.0000200 seconds
154.737: [GC (Allocation Failure)  822262K->506505K(1034752K), 0.0045045 secs]
154.742: Total time for which application threads were stopped: 0.0047119 seconds, Stopping threads took: 0.0000207 seconds
154.811: [GC (Allocation Failure)  828041K->510409K(1034752K), 0.0049784 secs]
154.816: Total time for which application threads were stopped: 0.0051707 seconds, Stopping threads took: 0.0000200 seconds
154.885: [GC (Allocation Failure)  832897K->506502K(1035264K), 0.0035697 secs]
154.888: Total time for which application threads were stopped: 0.0037371 seconds, Stopping threads took: 0.0000202 seconds
154.957: [GC (Allocation Failure)  829062K->510561K(1036288K), 0.0046429 secs]
154.961: Total time for which application threads were stopped: 0.0048382 seconds, Stopping threads took: 0.0000200 seconds
155.030: [GC (Allocation Failure)  834657K->514561K(1035776K), 0.0045438 secs]
155.035: Total time for which application threads were stopped: 0.0047311 seconds, Stopping threads took: 0.0000195 seconds
155.103: [GC (Allocation Failure)  838657K->514561K(1035776K), 0.0044297 secs]
155.108: Total time for which application threads were stopped: 0.0045931 seconds, Stopping threads took: 0.0000187 seconds
155.175: [GC (Allocation Failure)  838145K->514593K(1023488K), 0.0064450 secs]
155.182: Total time for which application threads were stopped: 0.0066173 seconds, Stopping threads took: 0.0000187 seconds
155.249: [GC (Allocation Failure)  838177K->522595K(1035264K), 0.0047577 secs]
155.254: Total time for which application threads were stopped: 0.0049189 seconds, Stopping threads took: 0.0000199 seconds
155.321: [GC (Allocation Failure)  845155K->522563K(1030144K), 0.0045529 secs]
155.325: Total time for which application threads were stopped: 0.0047113 seconds, Stopping threads took: 0.0000201 seconds
155.393: [GC (Allocation Failure)  845123K->522635K(1034752K), 0.0047226 secs]
155.397: Total time for which application threads were stopped: 0.0048893 seconds, Stopping threads took: 0.0000194 seconds
155.465: [GC (Allocation Failure)  844171K->530605K(1029120K), 0.0061549 secs]
155.471: Total time for which application threads were stopped: 0.0063529 seconds, Stopping threads took: 0.0000255 seconds
155.540: [GC (Allocation Failure)  852141K->530605K(1034240K), 0.0045359 secs]
155.544: Total time for which application threads were stopped: 0.0047011 seconds, Stopping threads took: 0.0000260 seconds
155.612: [GC (Allocation Failure)  851117K->530853K(1034240K), 0.0047491 secs]
155.617: Total time for which application threads were stopped: 0.0049023 seconds, Stopping threads took: 0.0000180 seconds
155.684: [GC (Allocation Failure)  851365K->538599K(1034240K), 0.0063687 secs]
155.690: Total time for which application threads were stopped: 0.0065428 seconds, Stopping threads took: 0.0000202 seconds
155.758: [GC (Allocation Failure)  859111K->538599K(1034240K), 0.0046534 secs]
155.763: Total time for which application threads were stopped: 0.0048423 seconds, Stopping threads took: 0.0000205 seconds
155.831: [GC (Allocation Failure)  859111K->539079K(1034240K), 0.0047925 secs]
155.836: Total time for which application threads were stopped: 0.0049558 seconds, Stopping threads took: 0.0000174 seconds
155.905: [GC (Allocation Failure)  859591K->546698K(1028096K), 0.0046660 secs]
155.910: Total time for which application threads were stopped: 0.0048238 seconds, Stopping threads took: 0.0000165 seconds
155.978: [GC (Allocation Failure)  867210K->546666K(1033728K), 0.0045134 secs]
155.982: Total time for which application threads were stopped: 0.0046784 seconds, Stopping threads took: 0.0000259 seconds
156.047: [GC (Allocation Failure)  866154K->546826K(1033728K), 0.0047369 secs]
156.052: Total time for which application threads were stopped: 0.0048974 seconds, Stopping threads took: 0.0000204 seconds
156.119: [GC (Allocation Failure)  866314K->554700K(1033728K), 0.0044388 secs]
156.123: Total time for which application threads were stopped: 0.0046440 seconds, Stopping threads took: 0.0000205 seconds
156.192: [GC (Allocation Failure)  874188K->554700K(1033728K), 0.0047270 secs]
156.197: Total time for which application threads were stopped: 0.0048818 seconds, Stopping threads took: 0.0000171 seconds
156.263: [GC (Allocation Failure)  874188K->554764K(1033728K), 0.0048203 secs]
156.268: Total time for which application threads were stopped: 0.0050005 seconds, Stopping threads took: 0.0000196 seconds
156.334: [GC (Allocation Failure)  874252K->562702K(1027072K), 0.0049422 secs]
156.339: Total time for which application threads were stopped: 0.0051235 seconds, Stopping threads took: 0.0000213 seconds
156.405: [GC (Allocation Failure)  882190K->558828K(1034240K), 0.0038349 secs]
156.409: Total time for which application threads were stopped: 0.0040136 seconds, Stopping threads took: 0.0000206 seconds
156.477: [GC (Allocation Failure)  878316K->562886K(1033216K), 0.0048503 secs]
156.482: Total time for which application threads were stopped: 0.0050360 seconds, Stopping threads took: 0.0000275 seconds
156.550: [GC (Allocation Failure)  882374K->566854K(1034752K), 0.0056656 secs]
156.556: Total time for which application threads were stopped: 0.0058273 seconds, Stopping threads took: 0.0000252 seconds
156.623: [GC (Allocation Failure)  888390K->560068K(1034752K), 0.0022353 secs]
156.625: Total time for which application threads were stopped: 0.0023878 seconds, Stopping threads took: 0.0000203 seconds
156.692: [GC (Allocation Failure)  881604K->566926K(1034752K), 0.0047851 secs]
156.697: Total time for which application threads were stopped: 0.0049641 seconds, Stopping threads took: 0.0000227 seconds
156.763: [GC (Allocation Failure)  888462K->570998K(1034752K), 0.0058371 secs]
156.769: Total time for which application threads were stopped: 0.0060073 seconds, Stopping threads took: 0.0000206 seconds
156.835: [GC (Allocation Failure)  892534K->565460K(1034752K), 0.0029478 secs]
156.838: Total time for which application threads were stopped: 0.0031341 seconds, Stopping threads took: 0.0000202 seconds
156.905: [GC (Allocation Failure)  886996K->571270K(1034752K), 0.0048313 secs]
156.910: Total time for which application threads were stopped: 0.0050030 seconds, Stopping threads took: 0.0000203 seconds
156.977: [GC (Allocation Failure)  892806K->575134K(1034752K), 0.0063011 secs]
156.984: Total time for which application threads were stopped: 0.0064726 seconds, Stopping threads took: 0.0000198 seconds
157.053: [GC (Allocation Failure)  897623K->571260K(1035264K), 0.0035975 secs]
157.057: Total time for which application threads were stopped: 0.0037919 seconds, Stopping threads took: 0.0000262 seconds
157.127: [GC (Allocation Failure)  893820K->575302K(1036288K), 0.0048938 secs]
157.132: Total time for which application threads were stopped: 0.0050762 seconds, Stopping threads took: 0.0000173 seconds
157.201: [GC (Allocation Failure)  899398K->579270K(1035776K), 0.0046962 secs]
157.206: Total time for which application threads were stopped: 0.0048494 seconds, Stopping threads took: 0.0000170 seconds
157.275: [GC (Allocation Failure)  903366K->579270K(1035776K), 0.0047488 secs]
157.280: Total time for which application threads were stopped: 0.0049164 seconds, Stopping threads took: 0.0000205 seconds
157.349: [GC (Allocation Failure)  902854K->579342K(1023488K), 0.0048433 secs]
157.354: Total time for which application threads were stopped: 0.0050036 seconds, Stopping threads took: 0.0000174 seconds
157.421: [GC (Allocation Failure)  902926K->587345K(1035264K), 0.0046893 secs]
157.426: Total time for which application threads were stopped: 0.0048650 seconds, Stopping threads took: 0.0000203 seconds
157.495: [GC (Allocation Failure)  909905K->587313K(1030144K), 0.0045934 secs]
157.500: Total time for which application threads were stopped: 0.0047722 seconds, Stopping threads took: 0.0000281 seconds
157.568: [GC (Allocation Failure)  909873K->587369K(1034752K), 0.0047930 secs]
157.573: Total time for which application threads were stopped: 0.0049425 seconds, Stopping threads took: 0.0000169 seconds
157.640: [GC (Allocation Failure)  908905K->595371K(1034752K), 0.0049981 secs]
157.645: Total time for which application threads were stopped: 0.0051712 seconds, Stopping threads took: 0.0000213 seconds
157.713: [GC (Allocation Failure)  916907K->595371K(1033728K), 0.0048022 secs]
157.718: Total time for which application threads were stopped: 0.0049744 seconds, Stopping threads took: 0.0000197 seconds
157.786: [GC (Allocation Failure)  915883K->595595K(1034240K), 0.0049129 secs]
157.791: Total time for which application threads were stopped: 0.0050853 seconds, Stopping threads took: 0.0000208 seconds
157.859: [GC (Allocation Failure)  916107K->603373K(1034240K), 0.0046882 secs]
157.864: Total time for which application threads were stopped: 0.0048853 seconds, Stopping threads took: 0.0000201 seconds
157.934: [GC (Allocation Failure)  923885K->603373K(1034240K), 0.0049005 secs]
157.939: Total time for which application threads were stopped: 0.0050533 seconds, Stopping threads took: 0.0000165 seconds
158.006: [GC (Allocation Failure)  923885K->603813K(1033216K), 0.0049543 secs]
158.011: Total time for which application threads were stopped: 0.0051313 seconds, Stopping threads took: 0.0000263 seconds
158.079: [GC (Allocation Failure)  923301K->611399K(1033728K), 0.0048397 secs]
158.084: Total time for which application threads were stopped: 0.0050055 seconds, Stopping threads took: 0.0000204 seconds
158.152: [GC (Allocation Failure)  930887K->611399K(1033728K), 0.0049904 secs]
158.157: Total time for which application threads were stopped: 0.0051595 seconds, Stopping threads took: 0.0000201 seconds
158.222: [GC (Allocation Failure)  930887K->611527K(1033728K), 0.0048126 secs]
158.227: Total time for which application threads were stopped: 0.0049932 seconds, Stopping threads took: 0.0000204 seconds
158.295: [GC (Allocation Failure)  931015K->619434K(1033728K), 0.0046244 secs]
158.300: Total time for which application threads were stopped: 0.0047936 seconds, Stopping threads took: 0.0000208 seconds
158.367: [GC (Allocation Failure)  938922K->619434K(1033728K), 0.0065398 secs]
158.373: Total time for which application threads were stopped: 0.0067284 seconds, Stopping threads took: 0.0000258 seconds
158.441: [GC (Allocation Failure)  938922K->619498K(1033728K), 0.0047950 secs]
158.446: Total time for which application threads were stopped: 0.0049736 seconds, Stopping threads took: 0.0000224 seconds
158.513: [GC (Allocation Failure)  938986K->627468K(1027072K), 0.0049068 secs]
158.518: Total time for which application threads were stopped: 0.0050822 seconds, Stopping threads took: 0.0000268 seconds
158.584: [GC (Allocation Failure)  946955K->623594K(1034240K), 0.0039905 secs]
158.588: Total time for which application threads were stopped: 0.0041479 seconds, Stopping threads took: 0.0000198 seconds
158.655: [GC (Allocation Failure)  943082K->627628K(1033216K), 0.0050483 secs]
158.660: Total time for which application threads were stopped: 0.0052080 seconds, Stopping threads took: 0.0000203 seconds
158.727: [GC (Allocation Failure)  947116K->631596K(1034752K), 0.0049202 secs]
158.732: Total time for which application threads were stopped: 0.0050897 seconds, Stopping threads took: 0.0000208 seconds
158.799: [GC (Allocation Failure)  953132K->624810K(1034752K), 0.0022390 secs]
158.801: Total time for which application threads were stopped: 0.0023999 seconds, Stopping threads took: 0.0000198 seconds
158.868: [GC (Allocation Failure)  946346K->631700K(1034752K), 0.0046170 secs]
158.873: Total time for which application threads were stopped: 0.0048134 seconds, Stopping threads took: 0.0000207 seconds
158.939: [GC (Allocation Failure)  953236K->635780K(1034752K), 0.0068624 secs]
158.946: Total time for which application threads were stopped: 0.0070143 seconds, Stopping threads took: 0.0000168 seconds
159.012: [GC (Allocation Failure)  957316K->630178K(1034752K), 0.0029238 secs]
159.015: Total time for which application threads were stopped: 0.0030864 seconds, Stopping threads took: 0.0000264 seconds
159.082: [GC (Allocation Failure)  951714K->636052K(1034752K), 0.0047184 secs]
159.086: Total time for which application threads were stopped: 0.0048852 seconds, Stopping threads took: 0.0000212 seconds
159.153: [GC (Allocation Failure)  957588K->639924K(1035264K), 0.0050915 secs]
159.159: Total time for which application threads were stopped: 0.0052817 seconds, Stopping threads took: 0.0000194 seconds
159.227: [GC (Allocation Failure)  962412K->635986K(1035264K), 0.0037483 secs]
159.231: Total time for which application threads were stopped: 0.0038954 seconds, Stopping threads took: 0.0000172 seconds
159.299: [GC (Allocation Failure)  958546K->640012K(1036288K), 0.0050622 secs]
159.304: Total time for which application threads were stopped: 0.0052321 seconds, Stopping threads took: 0.0000205 seconds
159.372: [GC (Allocation Failure)  964108K->644044K(1035776K), 0.0048330 secs]
159.377: Total time for which application threads were stopped: 0.0050138 seconds, Stopping threads took: 0.0000202 seconds
159.447: [GC (Allocation Failure)  968140K->644044K(1035776K), 0.0046944 secs]
159.451: Total time for which application threads were stopped: 0.0048664 seconds, Stopping threads took: 0.0000198 seconds
159.521: [GC (Allocation Failure)  967628K->644076K(1023488K), 0.0047897 secs]
159.526: Total time for which application threads were stopped: 0.0049484 seconds, Stopping threads took: 0.0000251 seconds
159.594: [GC (Allocation Failure)  967660K->652078K(1035264K), 0.0050092 secs]
159.599: Total time for which application threads were stopped: 0.0051798 seconds, Stopping threads took: 0.0000201 seconds
159.667: [GC (Allocation Failure)  974638K->652014K(1030144K), 0.0048289 secs]
159.672: Total time for which application threads were stopped: 0.0049921 seconds, Stopping threads took: 0.0000199 seconds
159.740: [GC (Allocation Failure)  974574K->652070K(1034752K), 0.0056823 secs]
159.746: Total time for which application threads were stopped: 0.0058529 seconds, Stopping threads took: 0.0000201 seconds
159.814: [GC (Allocation Failure)  973606K->660104K(1029120K), 0.0051262 secs]
159.819: Total time for which application threads were stopped: 0.0053389 seconds, Stopping threads took: 0.0000224 seconds
159.887: [GC (Allocation Failure)  981640K->660072K(1034240K), 0.0048926 secs]
159.892: Total time for which application threads were stopped: 0.0050602 seconds, Stopping threads took: 0.0000211 seconds
159.960: [GC (Allocation Failure)  980584K->660328K(1034240K), 0.0047629 secs]
159.965: Total time for which application threads were stopped: 0.0049602 seconds, Stopping threads took: 0.0000198 seconds
160.034: [GC (Allocation Failure)  980840K->668139K(1034240K), 0.0048190 secs]
160.039: Total time for which application threads were stopped: 0.0050234 seconds, Stopping threads took: 0.0000278 seconds
160.108: [GC (Allocation Failure)  988651K->668107K(1034240K), 0.0049360 secs]
160.113: Total time for which application threads were stopped: 0.0051034 seconds, Stopping threads took: 0.0000172 seconds
160.182: [GC (Allocation Failure)  988619K->668555K(1033216K), 0.0048466 secs]
160.187: Total time for which application threads were stopped: 0.0050111 seconds, Stopping threads took: 0.0000199 seconds
160.255: [GC (Allocation Failure)  988043K->676141K(1033728K), 0.0049289 secs]
160.260: Total time for which application threads were stopped: 0.0050889 seconds, Stopping threads took: 0.0000198 seconds
160.327: [GC (Allocation Failure)  995629K->676141K(1033728K), 0.0047846 secs]
160.332: Total time for which application threads were stopped: 0.0049498 seconds, Stopping threads took: 0.0000203 seconds
160.397: [GC (Allocation Failure)  995629K->676269K(1033728K), 0.0049266 secs]
160.402: Total time for which application threads were stopped: 0.0051108 seconds, Stopping threads took: 0.0000210 seconds
160.472: [GC (Allocation Failure)  995757K->684175K(1033728K), 0.0047056 secs]
160.477: Total time for which application threads were stopped: 0.0048638 seconds, Stopping threads took: 0.0000175 seconds
160.545: [GC (Allocation Failure)  1003663K->684175K(1033728K), 0.0059015 secs]
160.551: Total time for which application threads were stopped: 0.0061173 seconds, Stopping threads took: 0.0000279 seconds
160.619: [GC (Allocation Failure)  1003663K->684231K(1033728K), 0.0051339 secs]
160.624: Total time for which application threads were stopped: 0.0053040 seconds, Stopping threads took: 0.0000208 seconds
160.693: [GC (Allocation Failure)  1003719K->692201K(1027072K), 0.0049518 secs]
160.698: Total time for which application threads were stopped: 0.0051304 seconds, Stopping threads took: 0.0000196 seconds
160.765: [GC (Allocation Failure)  1011689K->688295K(1034240K), 0.0039468 secs]
160.769: Total time for which application threads were stopped: 0.0041153 seconds, Stopping threads took: 0.0000276 seconds
160.838: [GC (Allocation Failure)  1007783K->692361K(1033216K), 0.0051246 secs]
160.843: [Full GC (Ergonomics)  692361K->8609K(1033216K), 0.0124440 secs]
160.856: Total time for which application threads were stopped: 0.0178993 seconds, Stopping threads took: 0.0000512 seconds
160.923: [GC (Allocation Failure)  328097K->16707K(1034752K), 0.0036977 secs]
160.927: Total time for which application threads were stopped: 0.0038815 seconds, Stopping threads took: 0.0000263 seconds
160.996: [GC (Allocation Failure)  338243K->9961K(1034752K), 0.0009144 secs]
160.997: Total time for which application threads were stopped: 0.0010468 seconds, Stopping threads took: 0.0000281 seconds
161.064: [GC (Allocation Failure)  331497K->16779K(1034752K), 0.0035311 secs]
161.068: Total time for which application threads were stopped: 0.0037167 seconds, Stopping threads took: 0.0000214 seconds
161.135: [GC (Allocation Failure)  338315K->20891K(1034752K), 0.0044701 secs]
161.140: Total time for which application threads were stopped: 0.0046429 seconds, Stopping threads took: 0.0000214 seconds
161.206: [GC (Allocation Failure)  342427K->15289K(1034752K), 0.0014816 secs]
161.207: Total time for which application threads were stopped: 0.0016185 seconds, Stopping threads took: 0.0000206 seconds
161.276: [GC (Allocation Failure)  336825K->21163K(1034752K), 0.0036255 secs]
161.280: Total time for which application threads were stopped: 0.0037956 seconds, Stopping threads took: 0.0000218 seconds
161.346: [GC (Allocation Failure)  342699K->25035K(1035264K), 0.0039635 secs]
161.351: Total time for which application threads were stopped: 0.0041418 seconds, Stopping threads took: 0.0000201 seconds
161.418: [GC (Allocation Failure)  347524K->21097K(1035264K), 0.0022757 secs]
161.421: Total time for which application threads were stopped: 0.0024488 seconds, Stopping threads took: 0.0000202 seconds
161.491: [GC (Allocation Failure)  343657K->25163K(1036288K), 0.0036276 secs]
161.495: Total time for which application threads were stopped: 0.0038105 seconds, Stopping threads took: 0.0000264 seconds
161.565: [GC (Allocation Failure)  349259K->29131K(1035776K), 0.0036887 secs]
161.569: Total time for which application threads were stopped: 0.0038530 seconds, Stopping threads took: 0.0000196 seconds
161.639: [GC (Allocation Failure)  353227K->29131K(1035776K), 0.0034348 secs]
161.643: Total time for which application threads were stopped: 0.0036313 seconds, Stopping threads took: 0.0000202 seconds
161.712: [GC (Allocation Failure)  352715K->29195K(1023488K), 0.0037423 secs]
161.715: Total time for which application threads were stopped: 0.0039353 seconds, Stopping threads took: 0.0000199 seconds
161.783: [GC (Allocation Failure)  352779K->37166K(1035264K), 0.0038686 secs]
161.787: Total time for which application threads were stopped: 0.0040241 seconds, Stopping threads took: 0.0000168 seconds
161.855: [GC (Allocation Failure)  359726K->37166K(1030144K), 0.0036377 secs]
161.859: Total time for which application threads were stopped: 0.0037979 seconds, Stopping threads took: 0.0000202 seconds
161.926: [GC (Allocation Failure)  359726K->37230K(1034752K), 0.0036132 secs]
161.930: Total time for which application threads were stopped: 0.0038128 seconds, Stopping threads took: 0.0000201 seconds
161.997: [GC (Allocation Failure)  358766K->45200K(1034752K), 0.0038418 secs]
162.001: Total time for which application threads were stopped: 0.0040093 seconds, Stopping threads took: 0.0000198 seconds
162.069: [GC (Allocation Failure)  366736K->45200K(1033728K), 0.0036504 secs]
162.073: Total time for which application threads were stopped: 0.0038414 seconds, Stopping threads took: 0.0000193 seconds
162.141: [GC (Allocation Failure)  365712K->45448K(1034240K), 0.0037903 secs]
162.145: Total time for which application threads were stopped: 0.0039408 seconds, Stopping threads took: 0.0000170 seconds
162.213: [GC (Allocation Failure)  365960K->53226K(1034240K), 0.0035639 secs]
162.216: Total time for which application threads were stopped: 0.0037442 seconds, Stopping threads took: 0.0000222 seconds
162.284: [GC (Allocation Failure)  373738K->53226K(1034240K), 0.0038996 secs]
162.288: Total time for which application threads were stopped: 0.0040604 seconds, Stopping threads took: 0.0000203 seconds
162.355: [GC (Allocation Failure)  373738K->53674K(1033216K), 0.0038912 secs]
162.359: Total time for which application threads were stopped: 0.0040494 seconds, Stopping threads took: 0.0000195 seconds
162.426: [GC (Allocation Failure)  373162K->61292K(1033728K), 0.0037713 secs]
162.430: Total time for which application threads were stopped: 0.0039591 seconds, Stopping threads took: 0.0000199 seconds
162.497: [GC (Allocation Failure)  380780K->61292K(1033728K), 0.0035184 secs]
162.501: Total time for which application threads were stopped: 0.0036862 seconds, Stopping threads took: 0.0000271 seconds
162.566: [GC (Allocation Failure)  380780K->61388K(1033728K), 0.0039253 secs]
162.570: Total time for which application threads were stopped: 0.0040733 seconds, Stopping threads took: 0.0000171 seconds
162.639: [GC (Allocation Failure)  380876K->69295K(1033728K), 0.0035842 secs]
162.643: Total time for which application threads were stopped: 0.0037525 seconds, Stopping threads took: 0.0000223 seconds
162.710: [GC (Allocation Failure)  388783K->69295K(1033728K), 0.0036524 secs]
162.714: Total time for which application threads were stopped: 0.0038387 seconds, Stopping threads took: 0.0000201 seconds
162.782: [GC (Allocation Failure)  388783K->69351K(1033728K), 0.0038172 secs]
162.786: Total time for which application threads were stopped: 0.0040109 seconds, Stopping threads took: 0.0000202 seconds
162.854: [GC (Allocation Failure)  388839K->77321K(1027072K), 0.0039265 secs]
162.858: Total time for which application threads were stopped: 0.0041176 seconds, Stopping threads took: 0.0000199 seconds
162.925: [GC (Allocation Failure)  396808K->73415K(1034240K), 0.0025588 secs]
162.928: Total time for which application threads were stopped: 0.0027219 seconds, Stopping threads took: 0.0000168 seconds
162.999: [GC (Allocation Failure)  392903K->77489K(1033216K), 0.0038229 secs]
163.003: Total time for which application threads were stopped: 0.0039822 seconds, Stopping threads took: 0.0000272 seconds
163.071: [GC (Allocation Failure)  396977K->81457K(1034752K), 0.0038228 secs]
163.075: Total time for which application threads were stopped: 0.0039988 seconds, Stopping threads took: 0.0000219 seconds
163.142: [GC (Allocation Failure)  402993K->74671K(1034752K), 0.0010694 secs]
163.143: Total time for which application threads were stopped: 0.0011984 seconds, Stopping threads took: 0.0000208 seconds
163.212: [GC (Allocation Failure)  396207K->81521K(1034752K), 0.0036132 secs]
163.216: Total time for which application threads were stopped: 0.0037901 seconds, Stopping threads took: 0.0000219 seconds
163.282: [GC (Allocation Failure)  403057K->85561K(1034752K), 0.0047263 secs]
163.287: Total time for which application threads were stopped: 0.0048944 seconds, Stopping threads took: 0.0000201 seconds
163.352: [GC (Allocation Failure)  407097K->80055K(1034752K), 0.0016149 secs]
163.354: Total time for which application threads were stopped: 0.0017683 seconds, Stopping threads took: 0.0000195 seconds
163.421: [GC (Allocation Failure)  401591K->85865K(1034752K), 0.0037352 secs]
163.425: Total time for which application threads were stopped: 0.0039096 seconds, Stopping threads took: 0.0000217 seconds
163.493: [GC (Allocation Failure)  407401K->89729K(1034752K), 0.0112285 secs]
163.504: Total time for which application threads were stopped: 0.0114223 seconds, Stopping threads took: 0.0000267 seconds
163.574: [GC (Allocation Failure)  412217K->85823K(1035264K), 0.0023166 secs]
163.576: Total time for which application threads were stopped: 0.0024662 seconds, Stopping threads took: 0.0000172 seconds
163.646: [GC (Allocation Failure)  408383K->89897K(1036288K), 0.0040666 secs]
163.650: Total time for which application threads were stopped: 0.0042474 seconds, Stopping threads took: 0.0000194 seconds
163.720: [GC (Allocation Failure)  413993K->93897K(1035776K), 0.0038139 secs]
163.724: Total time for which application threads were stopped: 0.0039771 seconds, Stopping threads took: 0.0000206 seconds
163.793: [GC (Allocation Failure)  417993K->93865K(1035776K), 0.0037211 secs]
163.796: Total time for which application threads were stopped: 0.0039031 seconds, Stopping threads took: 0.0000251 seconds
163.866: [GC (Allocation Failure)  417449K->93921K(1023488K), 0.0044517 secs]
163.870: Total time for which application threads were stopped: 0.0046126 seconds, Stopping threads took: 0.0000199 seconds
163.936: [GC (Allocation Failure)  417505K->101891K(1035264K), 0.0039269 secs]
163.940: Total time for which application threads were stopped: 0.0041198 seconds, Stopping threads took: 0.0000190 seconds
164.010: [GC (Allocation Failure)  424451K->101891K(1030144K), 0.0037102 secs]
164.014: Total time for which application threads were stopped: 0.0038889 seconds, Stopping threads took: 0.0000266 seconds
164.082: [GC (Allocation Failure)  424451K->101963K(1034752K), 0.0039801 secs]
164.086: Total time for which application threads were stopped: 0.0041446 seconds, Stopping threads took: 0.0000204 seconds
164.153: [GC (Allocation Failure)  423499K->109965K(1034752K), 0.0040433 secs]
164.157: Total time for which application threads were stopped: 0.0042414 seconds, Stopping threads took: 0.0000210 seconds
164.227: [GC (Allocation Failure)  431501K->109933K(1033728K), 0.0035517 secs]
164.230: Total time for which application threads were stopped: 0.0037345 seconds, Stopping threads took: 0.0000172 seconds
164.298: [GC (Allocation Failure)  430445K->110189K(1034240K), 0.0038667 secs]
164.302: Total time for which application threads were stopped: 0.0040372 seconds, Stopping threads took: 0.0000200 seconds
164.372: [GC (Allocation Failure)  430701K->118000K(1034240K), 0.0036779 secs]
164.376: Total time for which application threads were stopped: 0.0038467 seconds, Stopping threads took: 0.0000196 seconds
164.444: [GC (Allocation Failure)  438512K->117936K(1034240K), 0.0039669 secs]
164.448: Total time for which application threads were stopped: 0.0041259 seconds, Stopping threads took: 0.0000193 seconds
164.516: [GC (Allocation Failure)  438448K->118408K(1033216K), 0.0038156 secs]
164.520: Total time for which application threads were stopped: 0.0040047 seconds, Stopping threads took: 0.0000287 seconds
164.588: [GC (Allocation Failure)  437896K->126026K(1033728K), 0.0040307 secs]
164.592: Total time for which application threads were stopped: 0.0042095 seconds, Stopping threads took: 0.0000199 seconds
164.661: [GC (Allocation Failure)  445514K->126026K(1033728K), 0.0037314 secs]
164.665: Total time for which application threads were stopped: 0.0038956 seconds, Stopping threads took: 0.0000201 seconds
164.730: [GC (Allocation Failure)  445514K->126122K(1033728K), 0.0039980 secs]
164.734: Total time for which application threads were stopped: 0.0041691 seconds, Stopping threads took: 0.0000199 seconds
164.802: [GC (Allocation Failure)  445610K->134060K(1033728K), 0.0038677 secs]
164.806: Total time for which application threads were stopped: 0.0040694 seconds, Stopping threads took: 0.0000219 seconds
164.875: [GC (Allocation Failure)  453548K->134060K(1033728K), 0.0038386 secs]
164.879: Total time for which application threads were stopped: 0.0040058 seconds, Stopping threads took: 0.0000282 seconds
164.945: [GC (Allocation Failure)  453548K->134092K(1033728K), 0.0038523 secs]
164.949: Total time for which application threads were stopped: 0.0040076 seconds, Stopping threads took: 0.0000200 seconds
165.018: [GC (Allocation Failure)  453580K->142031K(1027072K), 0.0041038 secs]
165.022: Total time for which application threads were stopped: 0.0042620 seconds, Stopping threads took: 0.0000259 seconds
165.089: [GC (Allocation Failure)  461518K->138156K(1034240K), 0.0026936 secs]
165.092: Total time for which application threads were stopped: 0.0028569 seconds, Stopping threads took: 0.0000200 seconds
165.159: [GC (Allocation Failure)  457644K->142223K(1033216K), 0.0039615 secs]
165.163: Total time for which application threads were stopped: 0.0041336 seconds, Stopping threads took: 0.0000204 seconds
165.231: [GC (Allocation Failure)  461711K->146191K(1034752K), 0.0039679 secs]
165.235: Total time for which application threads were stopped: 0.0041406 seconds, Stopping threads took: 0.0000207 seconds
165.302: [GC (Allocation Failure)  467727K->139404K(1034752K), 0.0012270 secs]
165.303: Total time for which application threads were stopped: 0.0013858 seconds, Stopping threads took: 0.0000400 seconds
165.373: [GC (Allocation Failure)  460940K->146255K(1034752K), 0.0036979 secs]
165.377: Total time for which application threads were stopped: 0.0039020 seconds, Stopping threads took: 0.0000229 seconds
165.444: [GC (Allocation Failure)  467791K->150359K(1034752K), 0.0048847 secs]
165.449: Total time for which application threads were stopped: 0.0050794 seconds, Stopping threads took: 0.0000202 seconds
165.516: [GC (Allocation Failure)  471895K->144820K(1034752K), 0.0016864 secs]
165.518: Total time for which application threads were stopped: 0.0018373 seconds, Stopping threads took: 0.0000264 seconds
165.586: [GC (Allocation Failure)  466356K->150567K(1034752K), 0.0039669 secs]
165.590: Total time for which application threads were stopped: 0.0041251 seconds, Stopping threads took: 0.0000200 seconds
165.657: [GC (Allocation Failure)  472103K->154463K(1034752K), 0.0055499 secs]
165.663: Total time for which application threads were stopped: 0.0057190 seconds, Stopping threads took: 0.0000208 seconds
165.729: [GC (Allocation Failure)  476951K->150588K(1035264K), 0.0026573 secs]
165.732: Total time for which application threads were stopped: 0.0028174 seconds, Stopping threads took: 0.0000193 seconds
165.800: [GC (Allocation Failure)  473148K->154631K(1036288K), 0.0039600 secs]
165.804: Total time for which application threads were stopped: 0.0041290 seconds, Stopping threads took: 0.0000194 seconds
165.872: [GC (Allocation Failure)  478727K->158599K(1035776K), 0.0039263 secs]
165.876: Total time for which application threads were stopped: 0.0040850 seconds, Stopping threads took: 0.0000192 seconds
165.946: [GC (Allocation Failure)  482695K->158599K(1035776K), 0.0038563 secs]
165.950: Total time for which application threads were stopped: 0.0041836 seconds, Stopping threads took: 0.0001865 seconds
166.019: [GC (Allocation Failure)  482183K->158663K(1023488K), 0.0039926 secs]
166.023: Total time for which application threads were stopped: 0.0041644 seconds, Stopping threads took: 0.0000256 seconds
166.090: [GC (Allocation Failure)  482247K->166665K(1035264K), 0.0039066 secs]
166.094: Total time for which application threads were stopped: 0.0040694 seconds, Stopping threads took: 0.0000198 seconds
166.161: [GC (Allocation Failure)  489225K->166633K(1030144K), 0.0037369 secs]
166.165: Total time for which application threads were stopped: 0.0039056 seconds, Stopping threads took: 0.0000203 seconds
166.232: [GC (Allocation Failure)  489193K->166697K(1034752K), 0.0039113 secs]
166.236: Total time for which application threads were stopped: 0.0040819 seconds, Stopping threads took: 0.0000197 seconds
166.303: [GC (Allocation Failure)  488233K->174667K(1034752K), 0.0040220 secs]
166.307: Total time for which application threads were stopped: 0.0041936 seconds, Stopping threads took: 0.0000206 seconds
166.375: [GC (Allocation Failure)  496203K->174699K(1033728K), 0.0039072 secs]
166.379: Total time for which application threads were stopped: 0.0040721 seconds, Stopping threads took: 0.0000217 seconds
166.446: [GC (Allocation Failure)  495211K->174923K(1034240K), 0.0038419 secs]
166.450: Total time for which application threads were stopped: 0.0040399 seconds, Stopping threads took: 0.0000208 seconds
166.520: [GC (Allocation Failure)  495435K->182733K(1034240K), 0.0063538 secs]
166.527: Total time for which application threads were stopped: 0.0065069 seconds, Stopping threads took: 0.0000249 seconds
166.596: [GC (Allocation Failure)  503245K->182669K(1034240K), 0.0039006 secs]
166.600: Total time for which application threads were stopped: 0.0040711 seconds, Stopping threads took: 0.0000203 seconds
166.668: [GC (Allocation Failure)  503181K->183149K(1033216K), 0.0041371 secs]
166.672: Total time for which application threads were stopped: 0.0043096 seconds, Stopping threads took: 0.0000206 seconds
166.740: [GC (Allocation Failure)  502637K->190768K(1033728K), 0.0041535 secs]
166.745: Total time for which application threads were stopped: 0.0043173 seconds, Stopping threads took: 0.0000208 seconds
166.812: [GC (Allocation Failure)  510256K->190736K(1033728K), 0.0039848 secs]
166.816: Total time for which application threads were stopped: 0.0041468 seconds, Stopping threads took: 0.0000207 seconds
166.881: [GC (Allocation Failure)  510224K->190856K(1033728K), 0.0040465 secs]
166.885: Total time for which application threads were stopped: 0.0042110 seconds, Stopping threads took: 0.0000207 seconds
166.952: [GC (Allocation Failure)  510344K->198826K(1033728K), 0.0040416 secs]
166.956: Total time for which application threads were stopped: 0.0042219 seconds, Stopping threads took: 0.0000209 seconds
167.026: [GC (Allocation Failure)  518314K->198762K(1033728K), 0.0038437 secs]
167.029: Total time for which application threads were stopped: 0.0040123 seconds, Stopping threads took: 0.0000285 seconds
167.097: [GC (Allocation Failure)  518250K->198826K(1033728K), 0.0039465 secs]
167.101: Total time for which application threads were stopped: 0.0041125 seconds, Stopping threads took: 0.0000265 seconds
167.167: [GC (Allocation Failure)  518314K->206796K(1027072K), 0.0042119 secs]
167.172: Total time for which application threads were stopped: 0.0043951 seconds, Stopping threads took: 0.0000215 seconds
167.237: [GC (Allocation Failure)  526284K->202890K(1034240K), 0.0029780 secs]
167.240: Total time for which application threads were stopped: 0.0031456 seconds, Stopping threads took: 0.0000202 seconds
167.308: [GC (Allocation Failure)  522378K->206924K(1033216K), 0.0040107 secs]
167.312: Total time for which application threads were stopped: 0.0041730 seconds, Stopping threads took: 0.0000205 seconds
167.381: [GC (Allocation Failure)  526412K->210924K(1034752K), 0.0040704 secs]
167.385: Total time for which application threads were stopped: 0.0042324 seconds, Stopping threads took: 0.0000205 seconds
167.451: [GC (Allocation Failure)  532460K->204170K(1034752K), 0.0013935 secs]
167.453: Total time for which application threads were stopped: 0.0015342 seconds, Stopping threads took: 0.0000204 seconds
167.522: [GC (Allocation Failure)  525706K->210996K(1034752K), 0.0037925 secs]
167.526: Total time for which application threads were stopped: 0.0039687 seconds, Stopping threads took: 0.0000265 seconds
167.593: [GC (Allocation Failure)  532532K->215076K(1034752K), 0.0050560 secs]
167.598: Total time for which application threads were stopped: 0.0052062 seconds, Stopping threads took: 0.0000180 seconds
167.664: [GC (Allocation Failure)  536612K->209506K(1034752K), 0.0019689 secs]
167.666: Total time for which application threads were stopped: 0.0021301 seconds, Stopping threads took: 0.0000204 seconds
167.736: [GC (Allocation Failure)  531042K->215348K(1034752K), 0.0041390 secs]
167.740: Total time for which application threads were stopped: 0.0043155 seconds, Stopping threads took: 0.0000211 seconds
167.808: [GC (Allocation Failure)  536884K->219220K(1034752K), 0.0044739 secs]
167.813: Total time for which application threads were stopped: 0.0046372 seconds, Stopping threads took: 0.0000210 seconds
167.882: [GC (Allocation Failure)  541708K->215314K(1035264K), 0.0028150 secs]
167.885: Total time for which application threads were stopped: 0.0029799 seconds, Stopping threads took: 0.0000223 seconds
167.955: [GC (Allocation Failure)  537874K->219340K(1036288K), 0.0043287 secs]
167.959: Total time for which application threads were stopped: 0.0044958 seconds, Stopping threads took: 0.0000209 seconds
168.027: [GC (Allocation Failure)  543436K->223340K(1035776K), 0.0038916 secs]
168.031: Total time for which application threads were stopped: 0.0040589 seconds, Stopping threads took: 0.0000281 seconds
168.099: [GC (Allocation Failure)  547436K->223340K(1035776K), 0.0039833 secs]
168.103: Total time for which application threads were stopped: 0.0041414 seconds, Stopping threads took: 0.0000191 seconds
168.171: [GC (Allocation Failure)  546924K->223396K(1023488K), 0.0041895 secs]
168.175: Total time for which application threads were stopped: 0.0043605 seconds, Stopping threads took: 0.0000206 seconds
168.241: [GC (Allocation Failure)  546980K->231366K(1035264K), 0.0040813 secs]
168.245: Total time for which application threads were stopped: 0.0042562 seconds, Stopping threads took: 0.0000207 seconds
168.313: [GC (Allocation Failure)  553926K->231366K(1030144K), 0.0040244 secs]
168.317: Total time for which application threads were stopped: 0.0041916 seconds, Stopping threads took: 0.0000217 seconds
168.384: [GC (Allocation Failure)  553926K->231430K(1034752K), 0.0041777 secs]
168.388: Total time for which application threads were stopped: 0.0043483 seconds, Stopping threads took: 0.0000206 seconds
168.456: [GC (Allocation Failure)  552966K->239401K(1034752K), 0.0064578 secs]
168.462: Total time for which application threads were stopped: 0.0066359 seconds, Stopping threads took: 0.0000203 seconds
168.531: [GC (Allocation Failure)  560937K->239401K(1033728K), 0.0047118 secs]
168.536: Total time for which application threads were stopped: 0.0049168 seconds, Stopping threads took: 0.0000270 seconds
168.605: [GC (Allocation Failure)  559913K->239657K(1034240K), 0.0040024 secs]
168.609: Total time for which application threads were stopped: 0.0041655 seconds, Stopping threads took: 0.0000200 seconds
168.677: [GC (Allocation Failure)  560169K->247467K(1034240K), 0.0040772 secs]
168.681: Total time for which application threads were stopped: 0.0042405 seconds, Stopping threads took: 0.0000196 seconds
168.750: [GC (Allocation Failure)  567979K->247403K(1034240K), 0.0042108 secs]
168.754: Total time for which application threads were stopped: 0.0043844 seconds, Stopping threads took: 0.0000205 seconds
168.821: [GC (Allocation Failure)  567915K->247875K(1033216K), 0.0044305 secs]
168.826: Total time for which application threads were stopped: 0.0046032 seconds, Stopping threads took: 0.0000200 seconds
168.894: [GC (Allocation Failure)  567363K->255461K(1033728K), 0.0042335 secs]
168.898: Total time for which application threads were stopped: 0.0044189 seconds, Stopping threads took: 0.0000203 seconds
168.968: [GC (Allocation Failure)  574949K->255461K(1033728K), 0.0041521 secs]
168.972: Total time for which application threads were stopped: 0.0043114 seconds, Stopping threads took: 0.0000198 seconds
169.037: [GC (Allocation Failure)  574949K->255589K(1033728K), 0.0042916 secs]
169.042: Total time for which application threads were stopped: 0.0044590 seconds, Stopping threads took: 0.0000265 seconds
169.110: [GC (Allocation Failure)  575077K->263527K(1033728K), 0.0041095 secs]
169.115: Total time for which application threads were stopped: 0.0042733 seconds, Stopping threads took: 0.0000204 seconds
169.182: [GC (Allocation Failure)  583015K->263527K(1033728K), 0.0040893 secs]
169.186: Total time for which application threads were stopped: 0.0042513 seconds, Stopping threads took: 0.0000207 seconds
169.255: [GC (Allocation Failure)  583015K->263559K(1033728K), 0.0042087 secs]
169.259: Total time for which application threads were stopped: 0.0043789 seconds, Stopping threads took: 0.0000202 seconds
169.326: [GC (Allocation Failure)  583047K->271530K(1027072K), 0.0043464 secs]
169.330: Total time for which application threads were stopped: 0.0045093 seconds, Stopping threads took: 0.0000208 seconds
169.395: [GC (Allocation Failure)  591017K->267623K(1034240K), 0.0031676 secs]
169.398: Total time for which application threads were stopped: 0.0033318 seconds, Stopping threads took: 0.0000217 seconds
169.465: [GC (Allocation Failure)  587111K->271690K(1033216K), 0.0042618 secs]
169.470: Total time for which application threads were stopped: 0.0044572 seconds, Stopping threads took: 0.0000226 seconds
169.540: [GC (Allocation Failure)  591178K->275658K(1034752K), 0.0041497 secs]
169.545: Total time for which application threads were stopped: 0.0043356 seconds, Stopping threads took: 0.0000257 seconds
169.612: [GC (Allocation Failure)  597194K->268839K(1034752K), 0.0015661 secs]
169.614: Total time for which application threads were stopped: 0.0017100 seconds, Stopping threads took: 0.0000208 seconds
169.683: [GC (Allocation Failure)  590375K->275762K(1034752K), 0.0040818 secs]
169.687: Total time for which application threads were stopped: 0.0042476 seconds, Stopping threads took: 0.0000208 seconds
169.752: [GC (Allocation Failure)  597298K->279810K(1034752K), 0.0052260 secs]
169.758: Total time for which application threads were stopped: 0.0054051 seconds, Stopping threads took: 0.0000212 seconds
169.824: [GC (Allocation Failure)  601346K->274271K(1034752K), 0.0020426 secs]
169.826: Total time for which application threads were stopped: 0.0021908 seconds, Stopping threads took: 0.0000197 seconds
169.893: [GC (Allocation Failure)  595807K->280074K(1034752K), 0.0042838 secs]
169.898: Total time for which application threads were stopped: 0.0044637 seconds, Stopping threads took: 0.0000224 seconds
169.965: [GC (Allocation Failure)  601610K->283914K(1035264K), 0.0045816 secs]
169.969: Total time for which application threads were stopped: 0.0047611 seconds, Stopping threads took: 0.0000221 seconds
170.038: [GC (Allocation Failure)  606402K->280039K(1035264K), 0.0027411 secs]
170.041: Total time for which application threads were stopped: 0.0029394 seconds, Stopping threads took: 0.0000254 seconds
170.111: [GC (Allocation Failure)  602599K->284106K(1036288K), 0.0043771 secs]
170.115: Total time for which application threads were stopped: 0.0045273 seconds, Stopping threads took: 0.0000172 seconds
170.183: [GC (Allocation Failure)  608202K->288106K(1035776K), 0.0041505 secs]
170.187: Total time for which application threads were stopped: 0.0043136 seconds, Stopping threads took: 0.0000203 seconds
170.256: [GC (Allocation Failure)  612202K->288074K(1035776K), 0.0041003 secs]
170.260: Total time for which application threads were stopped: 0.0042722 seconds, Stopping threads took: 0.0000206 seconds
170.328: [GC (Allocation Failure)  611658K->288138K(1023488K), 0.0042245 secs]
170.332: Total time for which application threads were stopped: 0.0043972 seconds, Stopping threads took: 0.0000202 seconds
170.399: [GC (Allocation Failure)  611722K->296108K(1035264K), 0.0064270 secs]
170.406: Total time for which application threads were stopped: 0.0065934 seconds, Stopping threads took: 0.0000201 seconds
170.474: [GC (Allocation Failure)  618668K->296108K(1030144K), 0.0040305 secs]
170.478: Total time for which application threads were stopped: 0.0042118 seconds, Stopping threads took: 0.0000224 seconds
170.547: [GC (Allocation Failure)  618668K->296140K(1034752K), 0.0054664 secs]
170.552: Total time for which application threads were stopped: 0.0056616 seconds, Stopping threads took: 0.0000257 seconds
170.620: [GC (Allocation Failure)  617676K->304142K(1034752K), 0.0043830 secs]
170.625: Total time for which application threads were stopped: 0.0045729 seconds, Stopping threads took: 0.0000186 seconds
170.694: [GC (Allocation Failure)  625678K->304174K(1033728K), 0.0042049 secs]
170.698: Total time for which application threads were stopped: 0.0043739 seconds, Stopping threads took: 0.0000205 seconds
170.765: [GC (Allocation Failure)  624686K->304366K(1034240K), 0.0042910 secs]
170.769: Total time for which application threads were stopped: 0.0044862 seconds, Stopping threads took: 0.0000200 seconds
170.838: [GC (Allocation Failure)  624878K->312176K(1034240K), 0.0042116 secs]
170.842: Total time for which application threads were stopped: 0.0043686 seconds, Stopping threads took: 0.0000164 seconds
170.910: [GC (Allocation Failure)  632688K->312176K(1034240K), 0.0041953 secs]
170.914: Total time for which application threads were stopped: 0.0043710 seconds, Stopping threads took: 0.0000200 seconds
170.981: [GC (Allocation Failure)  632688K->312624K(1033216K), 0.0043807 secs]
170.986: Total time for which application threads were stopped: 0.0045527 seconds, Stopping threads took: 0.0000221 seconds
171.053: [GC (Allocation Failure)  632112K->320243K(1033728K), 0.0043864 secs]
171.058: Total time for which application threads were stopped: 0.0045658 seconds, Stopping threads took: 0.0000261 seconds
171.125: [GC (Allocation Failure)  639731K->320211K(1033728K), 0.0042684 secs]
171.130: Total time for which application threads were stopped: 0.0044413 seconds, Stopping threads took: 0.0000214 seconds
171.194: [GC (Allocation Failure)  639699K->320339K(1033728K), 0.0064599 secs]
171.201: Total time for which application threads were stopped: 0.0066311 seconds, Stopping threads took: 0.0000203 seconds
171.269: [GC (Allocation Failure)  639827K->328277K(1033728K), 0.0041836 secs]
171.273: Total time for which application threads were stopped: 0.0043646 seconds, Stopping threads took: 0.0000268 seconds
171.341: [GC (Allocation Failure)  647765K->328245K(1033728K), 0.0042073 secs]
171.346: Total time for which application threads were stopped: 0.0043801 seconds, Stopping threads took: 0.0000209 seconds
171.413: [GC (Allocation Failure)  647733K->328309K(1033728K), 0.0045383 secs]
171.418: Total time for which application threads were stopped: 0.0047013 seconds, Stopping threads took: 0.0000204 seconds
171.485: [GC (Allocation Failure)  647797K->336279K(1027072K), 0.0045453 secs]
171.489: Total time for which application threads were stopped: 0.0047284 seconds, Stopping threads took: 0.0000201 seconds
171.557: [GC (Allocation Failure)  655767K->332373K(1034240K), 0.0031389 secs]
171.560: Total time for which application threads were stopped: 0.0032930 seconds, Stopping threads took: 0.0000153 seconds
171.628: [GC (Allocation Failure)  651861K->336399K(1033216K), 0.0044988 secs]
171.632: Total time for which application threads were stopped: 0.0046797 seconds, Stopping threads took: 0.0000203 seconds
171.699: [GC (Allocation Failure)  655887K->340399K(1034752K), 0.0043488 secs]
171.704: Total time for which application threads were stopped: 0.0045121 seconds, Stopping threads took: 0.0000210 seconds
171.770: [GC (Allocation Failure)  661935K->333613K(1034752K), 0.0016467 secs]
171.772: Total time for which application threads were stopped: 0.0017813 seconds, Stopping threads took: 0.0000203 seconds
171.841: [GC (Allocation Failure)  655149K->340439K(1034752K), 0.0041974 secs]
171.845: Total time for which application threads were stopped: 0.0043738 seconds, Stopping threads took: 0.0000190 seconds
171.913: [GC (Allocation Failure)  661975K->344551K(1034752K), 0.0052724 secs]
171.919: Total time for which application threads were stopped: 0.0054480 seconds, Stopping threads took: 0.0000214 seconds
171.985: [GC (Allocation Failure)  666087K->338981K(1034752K), 0.0022034 secs]
171.987: Total time for which application threads were stopped: 0.0023557 seconds, Stopping threads took: 0.0000202 seconds
172.054: [GC (Allocation Failure)  660517K->344847K(1034752K), 0.0043366 secs]
172.059: Total time for which application threads were stopped: 0.0045091 seconds, Stopping threads took: 0.0000216 seconds
172.126: [GC (Allocation Failure)  666383K->348655K(1035264K), 0.0047460 secs]
172.131: Total time for which application threads were stopped: 0.0049083 seconds, Stopping threads took: 0.0000204 seconds
172.199: [GC (Allocation Failure)  671144K->344813K(1035264K), 0.0031656 secs]
172.202: Total time for which application threads were stopped: 0.0033233 seconds, Stopping threads took: 0.0000202 seconds
172.270: [GC (Allocation Failure)  667373K->348839K(1036288K), 0.0045621 secs]
172.275: Total time for which application threads were stopped: 0.0047349 seconds, Stopping threads took: 0.0000200 seconds
172.342: [GC (Allocation Failure)  672935K->352807K(1035776K), 0.0041880 secs]
172.346: Total time for which application threads were stopped: 0.0043563 seconds, Stopping threads took: 0.0000196 seconds
172.416: [GC (Allocation Failure)  676903K->352807K(1035776K), 0.0042666 secs]
172.420: Total time for which application threads were stopped: 0.0044628 seconds, Stopping threads took: 0.0000200 seconds
172.489: [GC (Allocation Failure)  676391K->352871K(1023488K), 0.0043490 secs]
172.494: Total time for which application threads were stopped: 0.0045265 seconds, Stopping threads took: 0.0000192 seconds
172.562: [GC (Allocation Failure)  676455K->360842K(1035264K), 0.0044263 secs]
172.567: Total time for which application threads were stopped: 0.0046114 seconds, Stopping threads took: 0.0000170 seconds
172.635: [GC (Allocation Failure)  683402K->360842K(1030144K), 0.0042680 secs]
172.639: Total time for which application threads were stopped: 0.0044314 seconds, Stopping threads took: 0.0000194 seconds
172.707: [GC (Allocation Failure)  683402K->360906K(1034752K), 0.0042056 secs]
172.711: Total time for which application threads were stopped: 0.0043743 seconds, Stopping threads took: 0.0000208 seconds
172.779: [GC (Allocation Failure)  682442K->368876K(1034752K), 0.0045550 secs]
172.783: Total time for which application threads were stopped: 0.0047273 seconds, Stopping threads took: 0.0000195 seconds
172.851: [GC (Allocation Failure)  690412K->368876K(1033728K), 0.0042500 secs]
172.856: Total time for which application threads were stopped: 0.0044354 seconds, Stopping threads took: 0.0000198 seconds
172.924: [GC (Allocation Failure)  689388K->369124K(1034240K), 0.0046292 secs]
172.928: Total time for which application threads were stopped: 0.0047897 seconds, Stopping threads took: 0.0000197 seconds
172.996: [GC (Allocation Failure)  689636K->376902K(1034240K), 0.0043587 secs]
173.000: Total time for which application threads were stopped: 0.0045217 seconds, Stopping threads took: 0.0000204 seconds
173.069: [GC (Allocation Failure)  697414K->376902K(1034240K), 0.0044127 secs]
173.074: Total time for which application threads were stopped: 0.0045922 seconds, Stopping threads took: 0.0000201 seconds
173.143: [GC (Allocation Failure)  697414K->377350K(1034240K), 0.0054433 secs]
173.148: Total time for which application threads were stopped: 0.0056154 seconds, Stopping threads took: 0.0000203 seconds
173.216: [GC (Allocation Failure)  697862K->384936K(1028096K), 0.0045607 secs]
173.221: Total time for which application threads were stopped: 0.0047293 seconds, Stopping threads took: 0.0000200 seconds
173.287: [GC (Allocation Failure)  705448K->384936K(1033728K), 0.0044146 secs]
173.291: Total time for which application threads were stopped: 0.0045952 seconds, Stopping threads took: 0.0000217 seconds
173.358: [GC (Allocation Failure)  704424K->385064K(1033728K), 0.0042514 secs]
173.362: Total time for which application threads were stopped: 0.0044225 seconds, Stopping threads took: 0.0000207 seconds
173.431: [GC (Allocation Failure)  704552K->392971K(1033728K), 0.0044253 secs]
173.435: Total time for which application threads were stopped: 0.0046016 seconds, Stopping threads took: 0.0000215 seconds
173.503: [GC (Allocation Failure)  712459K->392971K(1033728K), 0.0041493 secs]
173.508: Total time for which application threads were stopped: 0.0043393 seconds, Stopping threads took: 0.0000283 seconds
173.576: [GC (Allocation Failure)  712459K->393035K(1033728K), 0.0042643 secs]
173.580: Total time for which application threads were stopped: 0.0044140 seconds, Stopping threads took: 0.0000173 seconds
173.646: [GC (Allocation Failure)  712523K->401037K(1027072K), 0.0044875 secs]
173.650: Total time for which application threads were stopped: 0.0046546 seconds, Stopping threads took: 0.0000196 seconds
173.714: [GC (Allocation Failure)  720524K->397131K(1034240K), 0.0034275 secs]
173.718: Total time for which application threads were stopped: 0.0035925 seconds, Stopping threads took: 0.0000198 seconds
173.788: [GC (Allocation Failure)  716619K->401165K(1033216K), 0.0045355 secs]
173.792: Total time for which application threads were stopped: 0.0046916 seconds, Stopping threads took: 0.0000176 seconds
173.860: [GC (Allocation Failure)  720653K->405165K(1034752K), 0.0042473 secs]
173.865: Total time for which application threads were stopped: 0.0043969 seconds, Stopping threads took: 0.0000179 seconds
173.932: [GC (Allocation Failure)  726701K->398347K(1034752K), 0.0018793 secs]
173.934: Total time for which application threads were stopped: 0.0020233 seconds, Stopping threads took: 0.0000202 seconds
174.001: [GC (Allocation Failure)  719883K->405237K(1034752K), 0.0042755 secs]
174.006: Total time for which application threads were stopped: 0.0044463 seconds, Stopping threads took: 0.0000266 seconds
174.072: [GC (Allocation Failure)  726773K->409277K(1034752K), 0.0052724 secs]
174.077: Total time for which application threads were stopped: 0.0054488 seconds, Stopping threads took: 0.0000222 seconds
174.143: [GC (Allocation Failure)  730813K->403771K(1034752K), 0.0024168 secs]
174.145: Total time for which application threads were stopped: 0.0025871 seconds, Stopping threads took: 0.0000212 seconds
174.214: [GC (Allocation Failure)  725307K->409517K(1034752K), 0.0045650 secs]
174.219: Total time for which application threads were stopped: 0.0047333 seconds, Stopping threads took: 0.0000197 seconds
174.286: [GC (Allocation Failure)  731053K->413413K(1034752K), 0.0049077 secs]
174.291: Total time for which application threads were stopped: 0.0051073 seconds, Stopping threads took: 0.0000213 seconds
174.359: [GC (Allocation Failure)  735901K->409507K(1035264K), 0.0031126 secs]
174.362: Total time for which application threads were stopped: 0.0032842 seconds, Stopping threads took: 0.0000170 seconds
174.430: [GC (Allocation Failure)  732067K->413573K(1036288K), 0.0046529 secs]
174.435: Total time for which application threads were stopped: 0.0048181 seconds, Stopping threads took: 0.0000201 seconds
174.502: [GC (Allocation Failure)  737669K->417573K(1035776K), 0.0042337 secs]
174.506: Total time for which application threads were stopped: 0.0044009 seconds, Stopping threads took: 0.0000265 seconds
174.576: [GC (Allocation Failure)  741669K->417541K(1035776K), 0.0042803 secs]
174.581: Total time for which application threads were stopped: 0.0044526 seconds, Stopping threads took: 0.0000204 seconds
174.648: [GC (Allocation Failure)  741125K->417613K(1023488K), 0.0043854 secs]
174.653: Total time for which application threads were stopped: 0.0045626 seconds, Stopping threads took: 0.0000209 seconds
174.721: [GC (Allocation Failure)  741197K->425583K(1035264K), 0.0046098 secs]
174.725: Total time for which application threads were stopped: 0.0047939 seconds, Stopping threads took: 0.0000165 seconds
174.794: [GC (Allocation Failure)  748143K->425583K(1030144K), 0.0043175 secs]
174.799: Total time for which application threads were stopped: 0.0044724 seconds, Stopping threads took: 0.0000179 seconds
174.866: [GC (Allocation Failure)  748143K->425639K(1034752K), 0.0043454 secs]
174.871: Total time for which application threads were stopped: 0.0045109 seconds, Stopping threads took: 0.0000207 seconds
174.940: [GC (Allocation Failure)  747175K->433609K(1034752K), 0.0047395 secs]
174.945: Total time for which application threads were stopped: 0.0049128 seconds, Stopping threads took: 0.0000206 seconds
175.013: [GC (Allocation Failure)  755145K->433609K(1033728K), 0.0042093 secs]
175.017: Total time for which application threads were stopped: 0.0043847 seconds, Stopping threads took: 0.0000263 seconds
175.084: [GC (Allocation Failure)  754121K->433833K(1034240K), 0.0044717 secs]
175.088: Total time for which application threads were stopped: 0.0046303 seconds, Stopping threads took: 0.0000192 seconds
175.156: [GC (Allocation Failure)  754345K->441644K(1034240K), 0.0045725 secs]
175.160: Total time for which application threads were stopped: 0.0047472 seconds, Stopping threads took: 0.0000199 seconds
175.228: [GC (Allocation Failure)  762156K->441644K(1034240K), 0.0046306 secs]
175.233: Total time for which application threads were stopped: 0.0048042 seconds, Stopping threads took: 0.0000207 seconds
175.300: [GC (Allocation Failure)  762156K->442092K(1033216K), 0.0046594 secs]
175.304: Total time for which application threads were stopped: 0.0048287 seconds, Stopping threads took: 0.0000201 seconds
175.374: [GC (Allocation Failure)  761580K->449678K(1033728K), 0.0052563 secs]
175.379: Total time for which application threads were stopped: 0.0054207 seconds, Stopping threads took: 0.0000206 seconds
175.447: [GC (Allocation Failure)  769166K->449710K(1033728K), 0.0045106 secs]
175.452: Total time for which application threads were stopped: 0.0046834 seconds, Stopping threads took: 0.0000204 seconds
175.517: [GC (Allocation Failure)  769198K->449798K(1033728K), 0.0046019 secs]
175.522: Total time for which application threads were stopped: 0.0047781 seconds, Stopping threads took: 0.0000262 seconds
175.590: [GC (Allocation Failure)  769286K->457736K(1033728K), 0.0044759 secs]
175.595: Total time for which application threads were stopped: 0.0046465 seconds, Stopping threads took: 0.0000204 seconds
175.661: [GC (Allocation Failure)  777224K->457704K(1033728K), 0.0044436 secs]
175.666: Total time for which application threads were stopped: 0.0046057 seconds, Stopping threads took: 0.0000204 seconds
175.732: [GC (Allocation Failure)  777192K->457768K(1033728K), 0.0044248 secs]
175.737: Total time for which application threads were stopped: 0.0046075 seconds, Stopping threads took: 0.0000211 seconds
175.803: [GC (Allocation Failure)  777256K->465770K(1027072K), 0.0055124 secs]
175.809: Total time for which application threads were stopped: 0.0056844 seconds, Stopping threads took: 0.0000209 seconds
175.874: [GC (Allocation Failure)  785258K->461864K(1034240K), 0.0036899 secs]
175.877: Total time for which application threads were stopped: 0.0038527 seconds, Stopping threads took: 0.0000216 seconds
175.945: [GC (Allocation Failure)  781352K->465898K(1033216K), 0.0045561 secs]
175.950: Total time for which application threads were stopped: 0.0047165 seconds, Stopping threads took: 0.0000199 seconds
176.017: [GC (Allocation Failure)  785386K->469866K(1034752K), 0.0045275 secs]
176.022: Total time for which application threads were stopped: 0.0046964 seconds, Stopping threads took: 0.0000275 seconds
176.088: [GC (Allocation Failure)  791402K->463048K(1034752K), 0.0019717 secs]
176.090: Total time for which application threads were stopped: 0.0021142 seconds, Stopping threads took: 0.0000199 seconds
176.157: [GC (Allocation Failure)  784584K->469938K(1034752K), 0.0043799 secs]
176.161: Total time for which application threads were stopped: 0.0045515 seconds, Stopping threads took: 0.0000203 seconds
176.227: [GC (Allocation Failure)  791474K->474018K(1034752K), 0.0056228 secs]
176.233: Total time for which application threads were stopped: 0.0057940 seconds, Stopping threads took: 0.0000207 seconds
176.298: [GC (Allocation Failure)  795554K->468512K(1034752K), 0.0024562 secs]
176.300: Total time for which application threads were stopped: 0.0026208 seconds, Stopping threads took: 0.0000204 seconds
176.367: [GC (Allocation Failure)  790048K->474290K(1034752K), 0.0047105 secs]
176.372: Total time for which application threads were stopped: 0.0048830 seconds, Stopping threads took: 0.0000200 seconds
176.439: [GC (Allocation Failure)  795826K->478162K(1034752K), 0.0049218 secs]
176.444: Total time for which application threads were stopped: 0.0050827 seconds, Stopping threads took: 0.0000203 seconds
176.511: [GC (Allocation Failure)  800651K->474224K(1035264K), 0.0033344 secs]
176.514: Total time for which application threads were stopped: 0.0035002 seconds, Stopping threads took: 0.0000262 seconds
176.583: [GC (Allocation Failure)  796784K->478314K(1036288K), 0.0046874 secs]
176.588: Total time for which application threads were stopped: 0.0048576 seconds, Stopping threads took: 0.0000197 seconds
176.655: [GC (Allocation Failure)  802410K->482282K(1035776K), 0.0044050 secs]
176.660: Total time for which application threads were stopped: 0.0045839 seconds, Stopping threads took: 0.0000251 seconds
176.730: [GC (Allocation Failure)  806378K->482282K(1035776K), 0.0045031 secs]
176.734: Total time for which application threads were stopped: 0.0046700 seconds, Stopping threads took: 0.0000194 seconds
176.802: [GC (Allocation Failure)  805866K->482346K(1023488K), 0.0046456 secs]
176.806: Total time for which application threads were stopped: 0.0048242 seconds, Stopping threads took: 0.0000197 seconds
176.872: [GC (Allocation Failure)  805930K->490317K(1035264K), 0.0047087 secs]
176.877: Total time for which application threads were stopped: 0.0048799 seconds, Stopping threads took: 0.0000207 seconds
176.945: [GC (Allocation Failure)  812877K->490349K(1030144K), 0.0043070 secs]
176.949: Total time for which application threads were stopped: 0.0045009 seconds, Stopping threads took: 0.0000206 seconds
177.018: [GC (Allocation Failure)  812909K->490373K(1034752K), 0.0045366 secs]
177.023: Total time for which application threads were stopped: 0.0047140 seconds, Stopping threads took: 0.0000257 seconds
177.091: [GC (Allocation Failure)  811909K->498343K(1034752K), 0.0047534 secs]
177.096: Total time for which application threads were stopped: 0.0049497 seconds, Stopping threads took: 0.0000264 seconds
177.165: [GC (Allocation Failure)  819879K->498343K(1033728K), 0.0044904 secs]
177.170: Total time for which application threads were stopped: 0.0046371 seconds, Stopping threads took: 0.0000170 seconds
177.237: [GC (Allocation Failure)  818855K->498599K(1034240K), 0.0046153 secs]
177.242: Total time for which application threads were stopped: 0.0048005 seconds, Stopping threads took: 0.0000199 seconds
177.310: [GC (Allocation Failure)  819111K->506345K(1034240K), 0.0045960 secs]
177.315: Total time for which application threads were stopped: 0.0047670 seconds, Stopping threads took: 0.0000202 seconds
177.383: [GC (Allocation Failure)  826857K->506345K(1034240K), 0.0048470 secs]
177.388: Total time for which application threads were stopped: 0.0050218 seconds, Stopping threads took: 0.0000208 seconds
177.456: [GC (Allocation Failure)  826857K->506825K(1034240K), 0.0046262 secs]
177.461: Total time for which application threads were stopped: 0.0047898 seconds, Stopping threads took: 0.0000202 seconds
177.528: [GC (Allocation Failure)  827337K->514444K(1028096K), 0.0045168 secs]
177.533: Total time for which application threads were stopped: 0.0046762 seconds, Stopping threads took: 0.0000262 seconds
177.600: [GC (Allocation Failure)  834956K->514412K(1033728K), 0.0044901 secs]
177.605: Total time for which application threads were stopped: 0.0046511 seconds, Stopping threads took: 0.0000194 seconds
177.670: [GC (Allocation Failure)  833900K->514564K(1033728K), 0.0047129 secs]
177.675: Total time for which application threads were stopped: 0.0048760 seconds, Stopping threads took: 0.0000203 seconds
177.743: [GC (Allocation Failure)  834052K->522470K(1033728K), 0.0044885 secs]
177.747: Total time for which application threads were stopped: 0.0046701 seconds, Stopping threads took: 0.0000208 seconds
177.816: [GC (Allocation Failure)  841958K->522470K(1033728K), 0.0046019 secs]
177.821: Total time for which application threads were stopped: 0.0047766 seconds, Stopping threads took: 0.0000206 seconds
177.889: [GC (Allocation Failure)  841958K->522502K(1033728K), 0.0048110 secs]
177.893: Total time for which application threads were stopped: 0.0049814 seconds, Stopping threads took: 0.0000209 seconds
177.960: [GC (Allocation Failure)  841990K->530472K(1027072K), 0.0047543 secs]
177.964: Total time for which application threads were stopped: 0.0049162 seconds, Stopping threads took: 0.0000203 seconds
178.030: [GC (Allocation Failure)  849960K->526566K(1034240K), 0.0035381 secs]
178.033: Total time for which application threads were stopped: 0.0037119 seconds, Stopping threads took: 0.0000282 seconds
178.102: [GC (Allocation Failure)  846054K->530640K(1033216K), 0.0048212 secs]
178.107: Total time for which application threads were stopped: 0.0050017 seconds, Stopping threads took: 0.0000255 seconds
178.176: [GC (Allocation Failure)  850128K->534608K(1034752K), 0.0045167 secs]
178.180: Total time for which application threads were stopped: 0.0046874 seconds, Stopping threads took: 0.0000208 seconds
178.247: [GC (Allocation Failure)  856144K->527822K(1034752K), 0.0022130 secs]
178.250: Total time for which application threads were stopped: 0.0023575 seconds, Stopping threads took: 0.0000202 seconds
178.319: [GC (Allocation Failure)  849358K->534672K(1034752K), 0.0045446 secs]
178.323: Total time for which application threads were stopped: 0.0047069 seconds, Stopping threads took: 0.0000204 seconds
178.389: [GC (Allocation Failure)  856208K->538744K(1034752K), 0.0059146 secs]
178.395: Total time for which application threads were stopped: 0.0060823 seconds, Stopping threads took: 0.0000200 seconds
178.460: [GC (Allocation Failure)  860280K->533174K(1034752K), 0.0027069 secs]
178.463: Total time for which application threads were stopped: 0.0028627 seconds, Stopping threads took: 0.0000201 seconds
178.530: [GC (Allocation Failure)  854710K->539008K(1034752K), 0.0109322 secs]
178.541: Total time for which application threads were stopped: 0.0110973 seconds, Stopping threads took: 0.0000284 seconds
178.609: [GC (Allocation Failure)  860544K->542912K(1034752K), 0.0049982 secs]
178.614: Total time for which application threads were stopped: 0.0051831 seconds, Stopping threads took: 0.0000175 seconds
178.683: [GC (Allocation Failure)  865400K->538974K(1035264K), 0.0035486 secs]
178.686: Total time for which application threads were stopped: 0.0036962 seconds, Stopping threads took: 0.0000173 seconds
178.756: [GC (Allocation Failure)  861534K->543040K(1036288K), 0.0049564 secs]
178.761: Total time for which application threads were stopped: 0.0051426 seconds, Stopping threads took: 0.0000217 seconds
178.828: [GC (Allocation Failure)  867136K->547008K(1035776K), 0.0047114 secs]
178.833: Total time for which application threads were stopped: 0.0048753 seconds, Stopping threads took: 0.0000205 seconds
178.901: [GC (Allocation Failure)  871104K->547008K(1035776K), 0.0046520 secs]
178.906: Total time for which application threads were stopped: 0.0048213 seconds, Stopping threads took: 0.0000200 seconds
178.976: [GC (Allocation Failure)  870592K->547080K(1023488K), 0.0047073 secs]
178.981: Total time for which application threads were stopped: 0.0048677 seconds, Stopping threads took: 0.0000193 seconds
179.048: [GC (Allocation Failure)  870664K->555082K(1035264K), 0.0046138 secs]
179.052: Total time for which application threads were stopped: 0.0048046 seconds, Stopping threads took: 0.0000264 seconds
179.122: [GC (Allocation Failure)  877642K->555082K(1030144K), 0.0046285 secs]
179.126: Total time for which application threads were stopped: 0.0047859 seconds, Stopping threads took: 0.0000177 seconds
179.194: [GC (Allocation Failure)  877642K->555114K(1034752K), 0.0048013 secs]
179.199: Total time for which application threads were stopped: 0.0050089 seconds, Stopping threads took: 0.0000228 seconds
179.266: [GC (Allocation Failure)  876650K->563085K(1029120K), 0.0047844 secs]
179.271: Total time for which application threads were stopped: 0.0049637 seconds, Stopping threads took: 0.0000230 seconds
179.339: [GC (Allocation Failure)  884621K->563117K(1034240K), 0.0045237 secs]
179.344: Total time for which application threads were stopped: 0.0046992 seconds, Stopping threads took: 0.0000201 seconds
179.411: [GC (Allocation Failure)  883629K->563333K(1034240K), 0.0049184 secs]
179.416: Total time for which application threads were stopped: 0.0050822 seconds, Stopping threads took: 0.0000198 seconds
179.485: [GC (Allocation Failure)  883845K->571143K(1034240K), 0.0046551 secs]
179.490: Total time for which application threads were stopped: 0.0048200 seconds, Stopping threads took: 0.0000205 seconds
179.559: [GC (Allocation Failure)  891655K->571143K(1034240K), 0.0047462 secs]
179.564: Total time for which application threads were stopped: 0.0049003 seconds, Stopping threads took: 0.0000158 seconds
179.630: [GC (Allocation Failure)  891655K->571567K(1033216K), 0.0049625 secs]
179.635: Total time for which application threads were stopped: 0.0051327 seconds, Stopping threads took: 0.0000202 seconds
179.703: [GC (Allocation Failure)  891055K->579153K(1033728K), 0.0048030 secs]
179.708: Total time for which application threads were stopped: 0.0049822 seconds, Stopping threads took: 0.0000287 seconds
179.775: [GC (Allocation Failure)  898641K->579153K(1033728K), 0.0047840 secs]
179.780: Total time for which application threads were stopped: 0.0049445 seconds, Stopping threads took: 0.0000197 seconds
179.844: [GC (Allocation Failure)  898641K->579273K(1033728K), 0.0048016 secs]
179.849: Total time for which application threads were stopped: 0.0049819 seconds, Stopping threads took: 0.0000207 seconds
179.918: [GC (Allocation Failure)  898761K->587211K(1033728K), 0.0045082 secs]
179.923: Total time for which application threads were stopped: 0.0047017 seconds, Stopping threads took: 0.0000197 seconds
179.991: [GC (Allocation Failure)  906699K->587179K(1033728K), 0.0050320 secs]
179.996: Total time for which application threads were stopped: 0.0052021 seconds, Stopping threads took: 0.0000201 seconds
180.064: [GC (Allocation Failure)  906667K->587243K(1033728K), 0.0048725 secs]
180.069: Total time for which application threads were stopped: 0.0050356 seconds, Stopping threads took: 0.0000209 seconds
180.136: [GC (Allocation Failure)  906731K->595214K(1027072K), 0.0049359 secs]
180.141: Total time for which application threads were stopped: 0.0050931 seconds, Stopping threads took: 0.0000193 seconds
180.206: [GC (Allocation Failure)  914701K->591339K(1034240K), 0.0038978 secs]
180.209: Total time for which application threads were stopped: 0.0040525 seconds, Stopping threads took: 0.0000197 seconds
180.278: [GC (Allocation Failure)  910827K->595374K(1033216K), 0.0050543 secs]
180.283: Total time for which application threads were stopped: 0.0052179 seconds, Stopping threads took: 0.0000207 seconds
180.353: [GC (Allocation Failure)  914862K->599310K(1034752K), 0.0046730 secs]
180.357: Total time for which application threads were stopped: 0.0048501 seconds, Stopping threads took: 0.0000194 seconds
180.424: [GC (Allocation Failure)  920846K->592555K(1034752K), 0.0022668 secs]
180.426: Total time for which application threads were stopped: 0.0024148 seconds, Stopping threads took: 0.0000203 seconds
180.494: [GC (Allocation Failure)  914091K->599446K(1034752K), 0.0064750 secs]
180.500: Total time for which application threads were stopped: 0.0066404 seconds, Stopping threads took: 0.0000212 seconds
180.568: [GC (Allocation Failure)  920982K->603494K(1034752K), 0.0057472 secs]
180.574: Total time for which application threads were stopped: 0.0059399 seconds, Stopping threads took: 0.0000200 seconds
180.641: [GC (Allocation Failure)  925030K->597923K(1034752K), 0.0027911 secs]
180.643: Total time for which application threads were stopped: 0.0029578 seconds, Stopping threads took: 0.0000203 seconds
180.711: [GC (Allocation Failure)  919459K->603758K(1034752K), 0.0048115 secs]
180.716: Total time for which application threads were stopped: 0.0049831 seconds, Stopping threads took: 0.0000207 seconds
180.783: [GC (Allocation Failure)  925294K->607630K(1034752K), 0.0052077 secs]
180.789: Total time for which application threads were stopped: 0.0054029 seconds, Stopping threads took: 0.0000201 seconds
180.857: [GC (Allocation Failure)  930118K->603723K(1035264K), 0.0036976 secs]
180.860: Total time for which application threads were stopped: 0.0038879 seconds, Stopping threads took: 0.0000193 seconds
180.929: [GC (Allocation Failure)  926283K->607782K(1036288K), 0.0049865 secs]
180.934: Total time for which application threads were stopped: 0.0051428 seconds, Stopping threads took: 0.0000170 seconds
181.002: [GC (Allocation Failure)  931878K->611750K(1035776K), 0.0047352 secs]
181.007: Total time for which application threads were stopped: 0.0049063 seconds, Stopping threads took: 0.0000209 seconds
181.075: [GC (Allocation Failure)  935846K->611750K(1035776K), 0.0065017 secs]
181.082: Total time for which application threads were stopped: 0.0066736 seconds, Stopping threads took: 0.0000203 seconds
181.151: [GC (Allocation Failure)  935334K->611806K(1023488K), 0.0048884 secs]
181.156: Total time for which application threads were stopped: 0.0050688 seconds, Stopping threads took: 0.0000191 seconds
181.224: [GC (Allocation Failure)  935390K->619776K(1035264K), 0.0048710 secs]
181.229: Total time for which application threads were stopped: 0.0050375 seconds, Stopping threads took: 0.0000203 seconds
181.296: [GC (Allocation Failure)  942336K->619776K(1030144K), 0.0045426 secs]
181.301: Total time for which application threads were stopped: 0.0047228 seconds, Stopping threads took: 0.0000202 seconds
181.368: [GC (Allocation Failure)  942336K->619848K(1034752K), 0.0048243 secs]
181.373: Total time for which application threads were stopped: 0.0050198 seconds, Stopping threads took: 0.0000201 seconds
181.442: [GC (Allocation Failure)  941384K->627850K(1034752K), 0.0050733 secs]
181.447: Total time for which application threads were stopped: 0.0052314 seconds, Stopping threads took: 0.0000176 seconds
181.515: [GC (Allocation Failure)  949386K->627818K(1033728K), 0.0046510 secs]
181.520: Total time for which application threads were stopped: 0.0048297 seconds, Stopping threads took: 0.0000266 seconds
181.587: [GC (Allocation Failure)  948330K->628066K(1034240K), 0.0048983 secs]
181.592: Total time for which application threads were stopped: 0.0050499 seconds, Stopping threads took: 0.0000176 seconds
181.660: [GC (Allocation Failure)  948578K->635844K(1034240K), 0.0047521 secs]
181.664: Total time for which application threads were stopped: 0.0049156 seconds, Stopping threads took: 0.0000199 seconds
181.732: [GC (Allocation Failure)  956356K->635844K(1034240K), 0.0049459 secs]
181.737: Total time for which application threads were stopped: 0.0051173 seconds, Stopping threads took: 0.0000208 seconds
181.804: [GC (Allocation Failure)  956356K->636300K(1033216K), 0.0049146 secs]
181.809: Total time for which application threads were stopped: 0.0050811 seconds, Stopping threads took: 0.0000201 seconds
181.876: [GC (Allocation Failure)  955788K->643919K(1033728K), 0.0047446 secs]
181.881: Total time for which application threads were stopped: 0.0049298 seconds, Stopping threads took: 0.0000207 seconds
181.950: [GC (Allocation Failure)  963407K->643887K(1033728K), 0.0049325 secs]
181.955: Total time for which application threads were stopped: 0.0050920 seconds, Stopping threads took: 0.0000200 seconds
182.021: [GC (Allocation Failure)  963375K->644007K(1033728K), 0.0048465 secs]
182.026: Total time for which application threads were stopped: 0.0050317 seconds, Stopping threads took: 0.0000198 seconds
182.093: [GC (Allocation Failure)  963495K->651913K(1033728K), 0.0048354 secs]
182.098: Total time for which application threads were stopped: 0.0050080 seconds, Stopping threads took: 0.0000212 seconds
182.166: [GC (Allocation Failure)  971401K->651945K(1033728K), 0.0049199 secs]
182.171: Total time for which application threads were stopped: 0.0051031 seconds, Stopping threads took: 0.0000336 seconds
182.238: [GC (Allocation Failure)  971433K->651977K(1033728K), 0.0048988 secs]
182.243: Total time for which application threads were stopped: 0.0050611 seconds, Stopping threads took: 0.0000205 seconds
182.310: [GC (Allocation Failure)  971465K->659915K(1027072K), 0.0050112 secs]
182.315: Total time for which application threads were stopped: 0.0051736 seconds, Stopping threads took: 0.0000205 seconds
182.380: [GC (Allocation Failure)  979403K->656041K(1034240K), 0.0038150 secs]
182.384: Total time for which application threads were stopped: 0.0040058 seconds, Stopping threads took: 0.0000199 seconds
182.454: [GC (Allocation Failure)  975529K->660075K(1033216K), 0.0050439 secs]
182.459: Total time for which application threads were stopped: 0.0051926 seconds, Stopping threads took: 0.0000178 seconds
182.528: [GC (Allocation Failure)  979563K->664075K(1034752K), 0.0106131 secs]
182.539: Total time for which application threads were stopped: 0.0107724 seconds, Stopping threads took: 0.0000272 seconds
182.606: [GC (Allocation Failure)  985611K->657289K(1034752K), 0.0023034 secs]
182.609: Total time for which application threads were stopped: 0.0024551 seconds, Stopping threads took: 0.0000200 seconds
182.675: [GC (Allocation Failure)  978825K->664107K(1034752K), 0.0047661 secs]
182.680: Total time for which application threads were stopped: 0.0049611 seconds, Stopping threads took: 0.0000196 seconds
182.748: [GC (Allocation Failure)  985643K->668211K(1034752K), 0.0059338 secs]
182.754: Total time for which application threads were stopped: 0.0060848 seconds, Stopping threads took: 0.0000172 seconds
182.820: [GC (Allocation Failure)  989747K->662673K(1034752K), 0.0029529 secs]
182.823: Total time for which application threads were stopped: 0.0031101 seconds, Stopping threads took: 0.0000197 seconds
182.890: [GC (Allocation Failure)  984209K->668515K(1034752K), 0.0049606 secs]
182.895: Total time for which application threads were stopped: 0.0051425 seconds, Stopping threads took: 0.0000210 seconds
182.964: [GC (Allocation Failure)  990051K->672395K(1034752K), 0.0052758 secs]
182.969: Total time for which application threads were stopped: 0.0054477 seconds, Stopping threads took: 0.0000205 seconds
183.037: [GC (Allocation Failure)  994884K->668457K(1035264K), 0.0036219 secs]
183.041: Total time for which application threads were stopped: 0.0037955 seconds, Stopping threads took: 0.0000261 seconds
183.110: [GC (Allocation Failure)  991017K->672523K(1036288K), 0.0048618 secs]
183.115: Total time for which application threads were stopped: 0.0050330 seconds, Stopping threads took: 0.0000287 seconds
183.182: [GC (Allocation Failure)  996619K->676491K(1035776K), 0.0065802 secs]
183.189: Total time for which application threads were stopped: 0.0067625 seconds, Stopping threads took: 0.0000202 seconds
183.258: [GC (Allocation Failure)  1000587K->676491K(1035776K), 0.0056344 secs]
183.264: Total time for which application threads were stopped: 0.0057927 seconds, Stopping threads took: 0.0000205 seconds
183.335: [GC (Allocation Failure)  1000075K->676547K(1023488K), 0.0051451 secs]
183.340: Total time for which application threads were stopped: 0.0053060 seconds, Stopping threads took: 0.0000203 seconds
183.407: [GC (Allocation Failure)  1000131K->684518K(1035264K), 0.0050182 secs]
183.412: Total time for which application threads were stopped: 0.0051947 seconds, Stopping threads took: 0.0000197 seconds
183.480: [GC (Allocation Failure)  1007078K->684486K(1030144K), 0.0046707 secs]
183.485: Total time for which application threads were stopped: 0.0048376 seconds, Stopping threads took: 0.0000205 seconds
183.554: [GC (Allocation Failure)  1007046K->684550K(1034752K), 0.0060147 secs]
183.560: Total time for which application threads were stopped: 0.0061722 seconds, Stopping threads took: 0.0000168 seconds
183.627: [GC (Allocation Failure)  1006086K->692584K(1034752K), 0.0049437 secs]
183.632: Total time for which application threads were stopped: 0.0051065 seconds, Stopping threads took: 0.0000205 seconds
183.700: [GC (Allocation Failure)  1014120K->692552K(1033728K), 0.0048224 secs]
183.705: Total time for which application threads were stopped: 0.0049855 seconds, Stopping threads took: 0.0000208 seconds
183.773: [GC (Allocation Failure)  1013064K->692808K(1034240K), 0.0049338 secs]
183.778: [Full GC (Ergonomics)  692808K->8704K(1034240K), 0.0122175 secs]
183.790: Total time for which application threads were stopped: 0.0174326 seconds, Stopping threads took: 0.0000206 seconds
183.859: [GC (Allocation Failure)  329216K->17634K(1033216K), 0.0037300 secs]
183.863: Total time for which application threads were stopped: 0.0038788 seconds, Stopping threads took: 0.0000172 seconds
183.930: [GC (Allocation Failure)  337122K->17586K(1033728K), 0.0038651 secs]
183.934: Total time for which application threads were stopped: 0.0040367 seconds, Stopping threads took: 0.0000202 seconds
184.000: [GC (Allocation Failure)  337074K->18058K(1033728K), 0.0037066 secs]
184.004: Total time for which application threads were stopped: 0.0038666 seconds, Stopping threads took: 0.0000195 seconds
184.070: [GC (Allocation Failure)  337546K->25645K(1033728K), 0.0038389 secs]
184.074: Total time for which application threads were stopped: 0.0040165 seconds, Stopping threads took: 0.0000284 seconds
184.142: [GC (Allocation Failure)  345133K->25645K(1033728K), 0.0036721 secs]
184.145: Total time for which application threads were stopped: 0.0038431 seconds, Stopping threads took: 0.0000203 seconds
184.211: [GC (Allocation Failure)  345133K->25765K(1033728K), 0.0038117 secs]
184.215: Total time for which application threads were stopped: 0.0039835 seconds, Stopping threads took: 0.0000207 seconds
184.282: [GC (Allocation Failure)  345253K->33671K(1032704K), 0.0036982 secs]
184.286: Total time for which application threads were stopped: 0.0038610 seconds, Stopping threads took: 0.0000210 seconds
184.351: [GC (Allocation Failure)  352133K->29765K(1033216K), 0.0025395 secs]
184.353: Total time for which application threads were stopped: 0.0026919 seconds, Stopping threads took: 0.0000197 seconds
184.422: [GC (Allocation Failure)  348229K->33831K(1034752K), 0.0038297 secs]
184.426: Total time for which application threads were stopped: 0.0040001 seconds, Stopping threads took: 0.0000222 seconds
184.493: [GC (Allocation Failure)  354855K->37831K(1034240K), 0.0037494 secs]
184.496: Total time for which application threads were stopped: 0.0039167 seconds, Stopping threads took: 0.0000194 seconds
184.565: [GC (Allocation Failure)  358855K->31013K(1034752K), 0.0010546 secs]
184.566: Total time for which application threads were stopped: 0.0011606 seconds, Stopping threads took: 0.0000158 seconds
184.637: [GC (Allocation Failure)  352549K->37863K(1034752K), 0.0036057 secs]
184.640: Total time for which application threads were stopped: 0.0037809 seconds, Stopping threads took: 0.0000207 seconds
184.708: [GC (Allocation Failure)  359399K->41943K(1034752K), 0.0047138 secs]
184.713: Total time for which application threads were stopped: 0.0048854 seconds, Stopping threads took: 0.0000203 seconds
184.779: [GC (Allocation Failure)  363479K->36373K(1034752K), 0.0016001 secs]
184.780: Total time for which application threads were stopped: 0.0017354 seconds, Stopping threads took: 0.0000198 seconds
184.847: [GC (Allocation Failure)  357909K->42247K(1035776K), 0.0038279 secs]
184.851: Total time for which application threads were stopped: 0.0039986 seconds, Stopping threads took: 0.0000227 seconds
184.921: [GC (Allocation Failure)  364807K->46087K(1034752K), 0.0040184 secs]
184.925: Total time for which application threads were stopped: 0.0041862 seconds, Stopping threads took: 0.0000202 seconds
184.992: [GC (Allocation Failure)  368575K->42181K(1035776K), 0.0023190 secs]
184.994: Total time for which application threads were stopped: 0.0024691 seconds, Stopping threads took: 0.0000196 seconds
185.064: [GC (Allocation Failure)  365253K->46247K(1035264K), 0.0038209 secs]
185.068: Total time for which application threads were stopped: 0.0039836 seconds, Stopping threads took: 0.0000187 seconds
185.136: [GC (Allocation Failure)  369319K->50247K(1035264K), 0.0065690 secs]
185.143: Total time for which application threads were stopped: 0.0067431 seconds, Stopping threads took: 0.0000247 seconds
185.212: [GC (Allocation Failure)  373831K->50215K(1035776K), 0.0035686 secs]
185.216: Total time for which application threads were stopped: 0.0037436 seconds, Stopping threads took: 0.0000199 seconds
185.284: [GC (Allocation Failure)  373799K->50279K(1034752K), 0.0038036 secs]
185.288: Total time for which application threads were stopped: 0.0039844 seconds, Stopping threads took: 0.0000203 seconds
185.357: [GC (Allocation Failure)  372839K->58249K(1035264K), 0.0036256 secs]
185.361: Total time for which application threads were stopped: 0.0037888 seconds, Stopping threads took: 0.0000198 seconds
185.429: [GC (Allocation Failure)  380809K->58249K(1034240K), 0.0035915 secs]
185.433: Total time for which application threads were stopped: 0.0037552 seconds, Stopping threads took: 0.0000203 seconds
185.499: [GC (Allocation Failure)  379785K->58313K(1034752K), 0.0036679 secs]
185.503: Total time for which application threads were stopped: 0.0038283 seconds, Stopping threads took: 0.0000202 seconds
185.572: [GC (Allocation Failure)  379849K->66283K(1034752K), 0.0037338 secs]
185.576: Total time for which application threads were stopped: 0.0038956 seconds, Stopping threads took: 0.0000206 seconds
185.643: [GC (Allocation Failure)  387819K->66283K(1029120K), 0.0036192 secs]
185.647: Total time for which application threads were stopped: 0.0037810 seconds, Stopping threads took: 0.0000198 seconds
185.714: [GC (Allocation Failure)  387819K->66499K(1034240K), 0.0045217 secs]
185.718: Total time for which application threads were stopped: 0.0047039 seconds, Stopping threads took: 0.0000197 seconds
185.787: [GC (Allocation Failure)  387011K->74310K(1034240K), 0.0038786 secs]
185.791: Total time for which application threads were stopped: 0.0040360 seconds, Stopping threads took: 0.0000193 seconds
185.860: [GC (Allocation Failure)  394822K->74342K(1034240K), 0.0036774 secs]
185.864: Total time for which application threads were stopped: 0.0038375 seconds, Stopping threads took: 0.0000199 seconds
185.931: [GC (Allocation Failure)  394854K->74750K(1020416K), 0.0041039 secs]
185.935: Total time for which application threads were stopped: 0.0042744 seconds, Stopping threads took: 0.0000205 seconds
186.004: [GC (Allocation Failure)  395262K->82368K(1033728K), 0.0038375 secs]
186.007: Total time for which application threads were stopped: 0.0040146 seconds, Stopping threads took: 0.0000193 seconds
186.076: [GC (Allocation Failure)  401856K->82336K(1033728K), 0.0036513 secs]
186.079: Total time for which application threads were stopped: 0.0038222 seconds, Stopping threads took: 0.0000284 seconds
186.145: [GC (Allocation Failure)  401824K->82504K(1033728K), 0.0038440 secs]
186.148: Total time for which application threads were stopped: 0.0040040 seconds, Stopping threads took: 0.0000192 seconds
186.217: [GC (Allocation Failure)  401992K->90378K(1033728K), 0.0039393 secs]
186.221: Total time for which application threads were stopped: 0.0041145 seconds, Stopping threads took: 0.0000204 seconds
186.289: [GC (Allocation Failure)  409866K->90378K(1033728K), 0.0036790 secs]
186.292: Total time for which application threads were stopped: 0.0038455 seconds, Stopping threads took: 0.0000215 seconds
186.358: [GC (Allocation Failure)  409866K->90442K(1033728K), 0.0038523 secs]
186.362: Total time for which application threads were stopped: 0.0040486 seconds, Stopping threads took: 0.0000214 seconds
186.431: [GC (Allocation Failure)  409930K->98445K(1032704K), 0.0038651 secs]
186.435: Total time for which application threads were stopped: 0.0040207 seconds, Stopping threads took: 0.0000178 seconds
186.501: [GC (Allocation Failure)  416909K->92842K(1033216K), 0.0015706 secs]
186.503: Total time for which application threads were stopped: 0.0017077 seconds, Stopping threads took: 0.0000195 seconds
186.571: [GC (Allocation Failure)  411306K->98669K(1034752K), 0.0038684 secs]
186.575: Total time for which application threads were stopped: 0.0040273 seconds, Stopping threads took: 0.0000171 seconds
186.643: [GC (Allocation Failure)  419181K->102557K(1033728K), 0.0040728 secs]
186.647: Total time for which application threads were stopped: 0.0042353 seconds, Stopping threads took: 0.0000200 seconds
186.714: [GC (Allocation Failure)  423069K->109442K(1029120K), 0.0067657 secs]
186.720: Total time for which application threads were stopped: 0.0069607 seconds, Stopping threads took: 0.0000199 seconds
186.789: [GC (Allocation Failure)  424834K->103373K(1031680K), 0.0040173 secs]
186.793: Total time for which application threads were stopped: 0.0041682 seconds, Stopping threads took: 0.0000173 seconds
186.858: [GC (Allocation Failure)  418765K->103181K(1032704K), 0.0039240 secs]
186.862: Total time for which application threads were stopped: 0.0040860 seconds, Stopping threads took: 0.0000202 seconds
186.927: [GC (Allocation Failure)  420109K->106605K(1032192K), 0.0045933 secs]
186.932: Total time for which application threads were stopped: 0.0047881 seconds, Stopping threads took: 0.0000200 seconds
187.001: [GC (Allocation Failure)  423533K->111343K(1033216K), 0.0037577 secs]
187.005: Total time for which application threads were stopped: 0.0039264 seconds, Stopping threads took: 0.0000281 seconds
187.073: [GC (Allocation Failure)  429295K->111215K(1032704K), 0.0038030 secs]
187.077: Total time for which application threads were stopped: 0.0039777 seconds, Stopping threads took: 0.0000258 seconds
187.143: [GC (Allocation Failure)  429167K->112231K(1033216K), 0.0041244 secs]
187.148: Total time for which application threads were stopped: 0.0042967 seconds, Stopping threads took: 0.0000293 seconds
187.215: [GC (Allocation Failure)  430695K->119241K(1033216K), 0.0039705 secs]
187.219: Total time for which application threads were stopped: 0.0041349 seconds, Stopping threads took: 0.0000214 seconds
187.287: [GC (Allocation Failure)  437705K->119273K(1033728K), 0.0037903 secs]
187.291: Total time for which application threads were stopped: 0.0039673 seconds, Stopping threads took: 0.0000253 seconds
187.358: [GC (Allocation Failure)  438249K->120937K(1033216K), 0.0040578 secs]
187.362: Total time for which application threads were stopped: 0.0042239 seconds, Stopping threads took: 0.0000203 seconds
187.430: [GC (Allocation Failure)  439913K->127307K(1033728K), 0.0037480 secs]
187.434: Total time for which application threads were stopped: 0.0039793 seconds, Stopping threads took: 0.0000220 seconds
187.501: [GC (Allocation Failure)  446795K->127275K(1033728K), 0.0040773 secs]
187.505: Total time for which application threads were stopped: 0.0042707 seconds, Stopping threads took: 0.0000197 seconds
187.572: [GC (Allocation Failure)  446763K->127627K(1033728K), 0.0041445 secs]
187.577: Total time for which application threads were stopped: 0.0043167 seconds, Stopping threads took: 0.0000202 seconds
187.644: [GC (Allocation Failure)  447115K->135310K(1033728K), 0.0042231 secs]
187.648: Total time for which application threads were stopped: 0.0044011 seconds, Stopping threads took: 0.0000219 seconds
187.716: [GC (Allocation Failure)  454798K->135310K(1033728K), 0.0037498 secs]
187.720: Total time for which application threads were stopped: 0.0039230 seconds, Stopping threads took: 0.0000203 seconds
187.786: [GC (Allocation Failure)  454798K->138926K(1033728K), 0.0046316 secs]
187.791: Total time for which application threads were stopped: 0.0048041 seconds, Stopping threads took: 0.0000207 seconds
187.859: [GC (Allocation Failure)  458414K->143408K(1034240K), 0.0039069 secs]
187.863: Total time for which application threads were stopped: 0.0040710 seconds, Stopping threads took: 0.0000214 seconds
187.930: [GC (Allocation Failure)  463920K->143376K(1034240K), 0.0039972 secs]
187.934: Total time for which application threads were stopped: 0.0041807 seconds, Stopping threads took: 0.0000261 seconds
188.001: [GC (Allocation Failure)  463888K->144104K(1034240K), 0.0040381 secs]
188.005: Total time for which application threads were stopped: 0.0042414 seconds, Stopping threads took: 0.0000267 seconds
188.073: [GC (Allocation Failure)  464616K->151402K(1034240K), 0.0038807 secs]
188.077: Total time for which application threads were stopped: 0.0040496 seconds, Stopping threads took: 0.0000281 seconds
188.144: [GC (Allocation Failure)  471914K->151370K(1034240K), 0.0037417 secs]
188.148: Total time for which application threads were stopped: 0.0039057 seconds, Stopping threads took: 0.0000201 seconds
188.215: [GC (Allocation Failure)  471882K->152330K(1034240K), 0.0040405 secs]
188.219: Total time for which application threads were stopped: 0.0042157 seconds, Stopping threads took: 0.0000200 seconds
188.287: [GC (Allocation Failure)  472842K->159436K(1034240K), 0.0040881 secs]
188.291: Total time for which application threads were stopped: 0.0042552 seconds, Stopping threads took: 0.0000196 seconds
188.358: [GC (Allocation Failure)  479948K->159404K(1034240K), 0.0040643 secs]
188.362: Total time for which application threads were stopped: 0.0042367 seconds, Stopping threads took: 0.0000208 seconds
188.429: [GC (Allocation Failure)  479916K->160556K(1034240K), 0.0040936 secs]
188.433: Total time for which application threads were stopped: 0.0042722 seconds, Stopping threads took: 0.0000215 seconds
188.501: [GC (Allocation Failure)  481068K->167471K(1034240K), 0.0040684 secs]
188.505: Total time for which application threads were stopped: 0.0042414 seconds, Stopping threads took: 0.0000203 seconds
188.573: [GC (Allocation Failure)  487983K->167439K(1034240K), 0.0040291 secs]
188.577: Total time for which application threads were stopped: 0.0041897 seconds, Stopping threads took: 0.0000196 seconds
188.644: [GC (Allocation Failure)  487951K->167783K(1020416K), 0.0038997 secs]
188.648: Total time for which application threads were stopped: 0.0040696 seconds, Stopping threads took: 0.0000203 seconds
188.716: [GC (Allocation Failure)  488295K->175529K(1033728K), 0.0040319 secs]
188.720: Total time for which application threads were stopped: 0.0041899 seconds, Stopping threads took: 0.0000208 seconds
188.788: [GC (Allocation Failure)  495017K->175433K(1033728K), 0.0039006 secs]
188.792: Total time for which application threads were stopped: 0.0040500 seconds, Stopping threads took: 0.0000180 seconds
188.858: [GC (Allocation Failure)  494921K->176009K(1033728K), 0.0039230 secs]
188.862: Total time for which application threads were stopped: 0.0040874 seconds, Stopping threads took: 0.0000208 seconds
188.928: [GC (Allocation Failure)  495497K->183563K(1033728K), 0.0041143 secs]
188.933: Total time for which application threads were stopped: 0.0042884 seconds, Stopping threads took: 0.0000212 seconds
189.000: [GC (Allocation Failure)  503051K->183499K(1033728K), 0.0038641 secs]
189.004: Total time for which application threads were stopped: 0.0040348 seconds, Stopping threads took: 0.0000204 seconds
189.070: [GC (Allocation Failure)  502987K->184227K(1033728K), 0.0039085 secs]
189.074: Total time for which application threads were stopped: 0.0041080 seconds, Stopping threads took: 0.0000265 seconds
189.143: [GC (Allocation Failure)  503715K->191557K(1033728K), 0.0040398 secs]
189.147: Total time for which application threads were stopped: 0.0041966 seconds, Stopping threads took: 0.0000173 seconds
189.214: [GC (Allocation Failure)  511045K->191525K(1033728K), 0.0040941 secs]
189.219: Total time for which application threads were stopped: 0.0042633 seconds, Stopping threads took: 0.0000204 seconds
189.285: [GC (Allocation Failure)  511013K->193485K(1033728K), 0.0045331 secs]
189.290: Total time for which application threads were stopped: 0.0046958 seconds, Stopping threads took: 0.0000208 seconds
189.359: [GC (Allocation Failure)  512973K->199568K(1033728K), 0.0041138 secs]
189.363: Total time for which application threads were stopped: 0.0042937 seconds, Stopping threads took: 0.0000217 seconds
189.430: [GC (Allocation Failure)  519056K->199568K(1033728K), 0.0040519 secs]
189.434: Total time for which application threads were stopped: 0.0042260 seconds, Stopping threads took: 0.0000217 seconds
189.502: [GC (Allocation Failure)  519056K->200712K(1033728K), 0.0041899 secs]
189.506: Total time for which application threads were stopped: 0.0043929 seconds, Stopping threads took: 0.0000207 seconds
189.577: [GC (Allocation Failure)  520200K->207626K(1033728K), 0.0040115 secs]
189.581: Total time for which application threads were stopped: 0.0041748 seconds, Stopping threads took: 0.0000200 seconds
189.647: [GC (Allocation Failure)  527114K->207594K(1033728K), 0.0039902 secs]
189.652: Total time for which application threads were stopped: 0.0041479 seconds, Stopping threads took: 0.0000200 seconds
189.717: [GC (Allocation Failure)  527082K->207914K(1033728K), 0.0040761 secs]
189.722: Total time for which application threads were stopped: 0.0042559 seconds, Stopping threads took: 0.0000208 seconds
189.789: [GC (Allocation Failure)  527402K->215660K(1033728K), 0.0041067 secs]
189.793: Total time for which application threads were stopped: 0.0043045 seconds, Stopping threads took: 0.0000215 seconds
189.861: [GC (Allocation Failure)  535148K->215628K(1033728K), 0.0041033 secs]
189.866: Total time for which application threads were stopped: 0.0042874 seconds, Stopping threads took: 0.0000207 seconds
189.932: [GC (Allocation Failure)  535116K->216140K(1033728K), 0.0043152 secs]
189.936: Total time for which application threads were stopped: 0.0045007 seconds, Stopping threads took: 0.0000206 seconds
190.004: [GC (Allocation Failure)  535628K->223726K(1033728K), 0.0041099 secs]
190.008: Total time for which application threads were stopped: 0.0042961 seconds, Stopping threads took: 0.0000216 seconds
190.077: [GC (Allocation Failure)  543214K->223662K(1033728K), 0.0041051 secs]
190.081: Total time for which application threads were stopped: 0.0042784 seconds, Stopping threads took: 0.0000210 seconds
190.148: [GC (Allocation Failure)  543150K->224398K(1033728K), 0.0044592 secs]
190.152: Total time for which application threads were stopped: 0.0046308 seconds, Stopping threads took: 0.0000211 seconds
190.220: [GC (Allocation Failure)  543886K->231697K(1033728K), 0.0040575 secs]
190.224: Total time for which application threads were stopped: 0.0042403 seconds, Stopping threads took: 0.0000210 seconds
190.292: [GC (Allocation Failure)  551185K->231697K(1033728K), 0.0041793 secs]
190.296: Total time for which application threads were stopped: 0.0043574 seconds, Stopping threads took: 0.0000279 seconds
190.364: [GC (Allocation Failure)  551185K->232617K(1033728K), 0.0041875 secs]
190.368: Total time for which application threads were stopped: 0.0043592 seconds, Stopping threads took: 0.0000207 seconds
190.435: [GC (Allocation Failure)  552105K->239723K(1033728K), 0.0040300 secs]
190.439: Total time for which application threads were stopped: 0.0042010 seconds, Stopping threads took: 0.0000208 seconds
190.505: [GC (Allocation Failure)  559211K->239723K(1033728K), 0.0042356 secs]
190.510: Total time for which application threads were stopped: 0.0044077 seconds, Stopping threads took: 0.0000202 seconds
190.577: [GC (Allocation Failure)  559211K->239819K(1033728K), 0.0040140 secs]
190.581: Total time for which application threads were stopped: 0.0041760 seconds, Stopping threads took: 0.0000205 seconds
190.648: [GC (Allocation Failure)  559307K->247757K(1027072K), 0.0046733 secs]
190.653: Total time for which application threads were stopped: 0.0048431 seconds, Stopping threads took: 0.0000212 seconds
190.719: [GC (Allocation Failure)  567245K->247789K(1033216K), 0.0042385 secs]
190.724: Total time for which application threads were stopped: 0.0043981 seconds, Stopping threads took: 0.0000202 seconds
190.790: [GC (Allocation Failure)  566253K->248077K(1033216K), 0.0042045 secs]
190.794: Total time for which application threads were stopped: 0.0043972 seconds, Stopping threads took: 0.0000198 seconds
190.863: [GC (Allocation Failure)  566541K->255792K(1033216K), 0.0039583 secs]
190.867: Total time for which application threads were stopped: 0.0041082 seconds, Stopping threads took: 0.0000173 seconds
190.932: [GC (Allocation Failure)  574256K->255792K(1033216K), 0.0043093 secs]
190.937: Total time for which application threads were stopped: 0.0044721 seconds, Stopping threads took: 0.0000201 seconds
191.001: [GC (Allocation Failure)  574256K->256328K(1033216K), 0.0042129 secs]
191.005: Total time for which application threads were stopped: 0.0044075 seconds, Stopping threads took: 0.0000202 seconds
191.073: [GC (Allocation Failure)  574792K->263818K(1033216K), 0.0040999 secs]
191.077: Total time for which application threads were stopped: 0.0042648 seconds, Stopping threads took: 0.0000257 seconds
191.145: [GC (Allocation Failure)  582282K->263818K(1033216K), 0.0041058 secs]
191.149: Total time for which application threads were stopped: 0.0042576 seconds, Stopping threads took: 0.0000169 seconds
191.214: [GC (Allocation Failure)  582282K->264042K(1033216K), 0.0041806 secs]
191.218: Total time for which application threads were stopped: 0.0043616 seconds, Stopping threads took: 0.0000203 seconds
191.284: [GC (Allocation Failure)  582506K->271884K(1033216K), 0.0064125 secs]
191.290: Total time for which application threads were stopped: 0.0065956 seconds, Stopping threads took: 0.0000197 seconds
191.356: [GC (Allocation Failure)  590348K->271852K(1033216K), 0.0040714 secs]
191.360: Total time for which application threads were stopped: 0.0042413 seconds, Stopping threads took: 0.0000216 seconds
191.426: [GC (Allocation Failure)  590316K->272012K(1033216K), 0.0040992 secs]
191.431: Total time for which application threads were stopped: 0.0042743 seconds, Stopping threads took: 0.0000213 seconds
191.497: [GC (Allocation Failure)  590476K->279854K(1033216K), 0.0042342 secs]
191.502: Total time for which application threads were stopped: 0.0044475 seconds, Stopping threads took: 0.0000204 seconds
191.570: [GC (Allocation Failure)  598318K->279886K(1033216K), 0.0042488 secs]
191.574: Total time for which application threads were stopped: 0.0044355 seconds, Stopping threads took: 0.0000205 seconds
191.641: [GC (Allocation Failure)  598350K->279942K(1033216K), 0.0042999 secs]
191.645: Total time for which application threads were stopped: 0.0044811 seconds, Stopping threads took: 0.0000207 seconds
191.713: [GC (Allocation Failure)  598406K->287945K(1033216K), 0.0044297 secs]
191.717: Total time for which application threads were stopped: 0.0046017 seconds, Stopping threads took: 0.0000204 seconds
191.783: [GC (Allocation Failure)  606409K->287945K(1033216K), 0.0040829 secs]
191.787: Total time for which application threads were stopped: 0.0042770 seconds, Stopping threads took: 0.0000204 seconds
191.853: [GC (Allocation Failure)  606409K->288233K(1033216K), 0.0043240 secs]
191.858: Total time for which application threads were stopped: 0.0045141 seconds, Stopping threads took: 0.0000193 seconds
191.925: [GC (Allocation Failure)  606697K->295915K(1033216K), 0.0040954 secs]
191.929: Total time for which application threads were stopped: 0.0042774 seconds, Stopping threads took: 0.0000207 seconds
191.996: [GC (Allocation Failure)  614379K->295979K(1033216K), 0.0040119 secs]
192.001: Total time for which application threads were stopped: 0.0042982 seconds, Stopping threads took: 0.0000203 seconds
192.066: [GC (Allocation Failure)  614443K->296203K(1033216K), 0.0041630 secs]
192.070: Total time for which application threads were stopped: 0.0043476 seconds, Stopping threads took: 0.0000204 seconds
192.137: [GC (Allocation Failure)  614667K->303949K(1033216K), 0.0043270 secs]
192.142: Total time for which application threads were stopped: 0.0045244 seconds, Stopping threads took: 0.0000210 seconds
192.207: [GC (Allocation Failure)  622413K->300075K(1033216K), 0.0032201 secs]
192.210: Total time for which application threads were stopped: 0.0033947 seconds, Stopping threads took: 0.0000203 seconds
192.279: [GC (Allocation Failure)  618539K->304133K(1034752K), 0.0044959 secs]
192.283: Total time for which application threads were stopped: 0.0046446 seconds, Stopping threads took: 0.0000172 seconds
192.351: [GC (Allocation Failure)  624645K->308133K(1033728K), 0.0041949 secs]
192.356: Total time for which application threads were stopped: 0.0043651 seconds, Stopping threads took: 0.0000202 seconds
192.424: [GC (Allocation Failure)  628645K->300291K(1034240K), 0.0011895 secs]
192.425: Total time for which application threads were stopped: 0.0013403 seconds, Stopping threads took: 0.0000365 seconds
192.493: [GC (Allocation Failure)  620803K->308165K(1034240K), 0.0042626 secs]
192.497: Total time for which application threads were stopped: 0.0044335 seconds, Stopping threads took: 0.0000211 seconds
192.566: [GC (Allocation Failure)  628677K->312245K(1033216K), 0.0057866 secs]
192.572: Total time for which application threads were stopped: 0.0059803 seconds, Stopping threads took: 0.0000202 seconds
192.640: [GC (Allocation Failure)  631733K->318003K(1032704K), 0.0065598 secs]
192.647: Total time for which application threads were stopped: 0.0067176 seconds, Stopping threads took: 0.0000198 seconds
192.713: [GC (Allocation Failure)  637491K->312501K(1031680K), 0.0042916 secs]
192.717: Total time for which application threads were stopped: 0.0044676 seconds, Stopping threads took: 0.0000208 seconds
192.784: [GC (Allocation Failure)  628917K->312245K(1032192K), 0.0043534 secs]
192.789: Total time for which application threads were stopped: 0.0045312 seconds, Stopping threads took: 0.0000190 seconds
192.855: [GC (Allocation Failure)  628661K->306899K(1032704K), 0.0021458 secs]
192.857: Total time for which application threads were stopped: 0.0022834 seconds, Stopping threads took: 0.0000162 seconds
192.925: [GC (Allocation Failure)  624339K->312437K(1032704K), 0.0042036 secs]
192.930: Total time for which application threads were stopped: 0.0043763 seconds, Stopping threads took: 0.0000199 seconds
192.996: [GC (Allocation Failure)  629877K->312245K(1033216K), 0.0043090 secs]
193.000: Total time for which application threads were stopped: 0.0044844 seconds, Stopping threads took: 0.0000220 seconds
193.067: [GC (Allocation Failure)  630197K->312605K(1032704K), 0.0043633 secs]
193.071: Total time for which application threads were stopped: 0.0045296 seconds, Stopping threads took: 0.0000272 seconds
193.139: [GC (Allocation Failure)  630557K->320287K(1033216K), 0.0040892 secs]
193.144: Total time for which application threads were stopped: 0.0042485 seconds, Stopping threads took: 0.0000173 seconds
193.211: [GC (Allocation Failure)  638751K->320319K(1033216K), 0.0064684 secs]
193.218: Total time for which application threads were stopped: 0.0066522 seconds, Stopping threads took: 0.0000207 seconds
193.284: [GC (Allocation Failure)  638783K->324455K(1033728K), 0.0054279 secs]
193.289: Total time for which application threads were stopped: 0.0055985 seconds, Stopping threads took: 0.0000202 seconds
193.357: [GC (Allocation Failure)  643431K->328426K(1033216K), 0.0048201 secs]
193.362: Total time for which application threads were stopped: 0.0049928 seconds, Stopping threads took: 0.0000207 seconds
193.431: [GC (Allocation Failure)  647402K->328330K(1034240K), 0.0043322 secs]
193.435: Total time for which application threads were stopped: 0.0045033 seconds, Stopping threads took: 0.0000200 seconds
193.500: [GC (Allocation Failure)  648330K->331146K(1033728K), 0.0048550 secs]
193.505: Total time for which application threads were stopped: 0.0050199 seconds, Stopping threads took: 0.0000210 seconds
193.575: [GC (Allocation Failure)  651146K->336364K(1034240K), 0.0042891 secs]
193.579: Total time for which application threads were stopped: 0.0044705 seconds, Stopping threads took: 0.0000203 seconds
193.648: [GC (Allocation Failure)  656876K->336364K(1034240K), 0.0043245 secs]
193.653: Total time for which application threads were stopped: 0.0045227 seconds, Stopping threads took: 0.0000202 seconds
193.722: [GC (Allocation Failure)  656876K->336780K(1033728K), 0.0062840 secs]
193.728: Total time for which application threads were stopped: 0.0064717 seconds, Stopping threads took: 0.0000260 seconds
193.797: [GC (Allocation Failure)  657292K->344430K(1034240K), 0.0044102 secs]
193.801: Total time for which application threads were stopped: 0.0045734 seconds, Stopping threads took: 0.0000206 seconds
193.869: [GC (Allocation Failure)  664942K->344366K(1034240K), 0.0041771 secs]
193.873: Total time for which application threads were stopped: 0.0043590 seconds, Stopping threads took: 0.0000204 seconds
193.940: [GC (Allocation Failure)  664878K->347078K(1034240K), 0.0048526 secs]
193.945: Total time for which application threads were stopped: 0.0050141 seconds, Stopping threads took: 0.0000191 seconds
194.012: [GC (Allocation Failure)  667590K->352456K(1034240K), 0.0042983 secs]
194.017: Total time for which application threads were stopped: 0.0044786 seconds, Stopping threads took: 0.0000189 seconds
194.085: [GC (Allocation Failure)  672968K->352456K(1034240K), 0.0045454 secs]
194.089: Total time for which application threads were stopped: 0.0047059 seconds, Stopping threads took: 0.0000196 seconds
194.158: [GC (Allocation Failure)  672968K->353256K(1033728K), 0.0045226 secs]
194.163: Total time for which application threads were stopped: 0.0046832 seconds, Stopping threads took: 0.0000195 seconds
194.230: [GC (Allocation Failure)  673768K->360587K(1034240K), 0.0042164 secs]
194.235: Total time for which application threads were stopped: 0.0043857 seconds, Stopping threads took: 0.0000201 seconds
194.302: [GC (Allocation Failure)  681099K->360459K(1034240K), 0.0045535 secs]
194.307: Total time for which application threads were stopped: 0.0047248 seconds, Stopping threads took: 0.0000199 seconds
194.374: [GC (Allocation Failure)  680971K->363563K(1034240K), 0.0049213 secs]
194.379: Total time for which application threads were stopped: 0.0050850 seconds, Stopping threads took: 0.0000209 seconds
194.446: [GC (Allocation Failure)  684075K->368557K(1034752K), 0.0049337 secs]
194.451: Total time for which application threads were stopped: 0.0050930 seconds, Stopping threads took: 0.0000199 seconds
194.519: [GC (Allocation Failure)  690093K->368525K(1034752K), 0.0044159 secs]
194.524: Total time for which application threads were stopped: 0.0045847 seconds, Stopping threads took: 0.0000203 seconds
194.590: [GC (Allocation Failure)  690061K->371757K(1034752K), 0.0051405 secs]
194.595: Total time for which application threads were stopped: 0.0052991 seconds, Stopping threads took: 0.0000178 seconds
194.663: [GC (Allocation Failure)  693293K->376527K(1034752K), 0.0045204 secs]
194.668: Total time for which application threads were stopped: 0.0047070 seconds, Stopping threads took: 0.0000214 seconds
194.734: [GC (Allocation Failure)  698063K->376527K(1034752K), 0.0046026 secs]
194.739: Total time for which application threads were stopped: 0.0047883 seconds, Stopping threads took: 0.0000205 seconds
194.806: [GC (Allocation Failure)  698063K->376935K(1034752K), 0.0043991 secs]
194.810: Total time for which application threads were stopped: 0.0045712 seconds, Stopping threads took: 0.0000209 seconds
194.880: [GC (Allocation Failure)  698471K->384586K(1034752K), 0.0046418 secs]
194.885: Total time for which application threads were stopped: 0.0048240 seconds, Stopping threads took: 0.0000203 seconds
194.951: [GC (Allocation Failure)  706122K->384586K(1034752K), 0.0043730 secs]
194.956: Total time for which application threads were stopped: 0.0045436 seconds, Stopping threads took: 0.0000201 seconds
195.021: [GC (Allocation Failure)  706122K->386178K(1034752K), 0.0051754 secs]
195.026: Total time for which application threads were stopped: 0.0053473 seconds, Stopping threads took: 0.0000207 seconds
195.094: [GC (Allocation Failure)  707714K->392612K(1029120K), 0.0044755 secs]
195.099: Total time for which application threads were stopped: 0.0046441 seconds, Stopping threads took: 0.0000199 seconds
195.165: [GC (Allocation Failure)  714148K->392548K(1034752K), 0.0058401 secs]
195.170: Total time for which application threads were stopped: 0.0060144 seconds, Stopping threads took: 0.0000202 seconds
195.238: [GC (Allocation Failure)  713572K->394948K(1034240K), 0.0049641 secs]
195.243: Total time for which application threads were stopped: 0.0051415 seconds, Stopping threads took: 0.0000192 seconds
195.313: [GC (Allocation Failure)  715972K->400710K(1034752K), 0.0042745 secs]
195.317: Total time for which application threads were stopped: 0.0044366 seconds, Stopping threads took: 0.0000199 seconds
195.387: [GC (Allocation Failure)  722246K->400614K(1034752K), 0.0045671 secs]
195.392: Total time for which application threads were stopped: 0.0047418 seconds, Stopping threads took: 0.0000209 seconds
195.457: [GC (Allocation Failure)  722150K->403686K(1034752K), 0.0050413 secs]
195.463: Total time for which application threads were stopped: 0.0052142 seconds, Stopping threads took: 0.0000207 seconds
195.529: [GC (Allocation Failure)  725222K->408680K(1034752K), 0.0104005 secs]
195.540: Total time for which application threads were stopped: 0.0105603 seconds, Stopping threads took: 0.0000283 seconds
195.607: [GC (Allocation Failure)  730216K->408648K(1034752K), 0.0042994 secs]
195.611: Total time for which application threads were stopped: 0.0044577 seconds, Stopping threads took: 0.0000259 seconds
195.677: [GC (Allocation Failure)  730184K->408872K(1021440K), 0.0045085 secs]
195.681: Total time for which application threads were stopped: 0.0046790 seconds, Stopping threads took: 0.0000203 seconds
195.750: [GC (Allocation Failure)  730408K->416683K(1034240K), 0.0042705 secs]
195.754: Total time for which application threads were stopped: 0.0044689 seconds, Stopping threads took: 0.0000261 seconds
195.823: [GC (Allocation Failure)  737195K->416683K(1034240K), 0.0045146 secs]
195.827: Total time for which application threads were stopped: 0.0046923 seconds, Stopping threads took: 0.0000200 seconds
195.894: [GC (Allocation Failure)  737195K->420075K(1034752K), 0.0050520 secs]
195.899: Total time for which application threads were stopped: 0.0052437 seconds, Stopping threads took: 0.0000194 seconds
195.967: [GC (Allocation Failure)  741099K->424877K(1034240K), 0.0045787 secs]
195.972: Total time for which application threads were stopped: 0.0047394 seconds, Stopping threads took: 0.0000178 seconds
196.039: [GC (Allocation Failure)  745901K->424717K(1034752K), 0.0043251 secs]
196.044: Total time for which application threads were stopped: 0.0045012 seconds, Stopping threads took: 0.0000277 seconds
196.111: [GC (Allocation Failure)  746253K->428365K(1034752K), 0.0053146 secs]
196.117: Total time for which application threads were stopped: 0.0055151 seconds, Stopping threads took: 0.0000196 seconds
196.186: [GC (Allocation Failure)  749901K->432815K(1034752K), 0.0045511 secs]
196.191: Total time for which application threads were stopped: 0.0047180 seconds, Stopping threads took: 0.0000197 seconds
196.258: [GC (Allocation Failure)  754351K->432751K(1034752K), 0.0043863 secs]
196.263: Total time for which application threads were stopped: 0.0045553 seconds, Stopping threads took: 0.0000198 seconds
196.329: [GC (Allocation Failure)  754287K->433447K(1034752K), 0.0046378 secs]
196.334: Total time for which application threads were stopped: 0.0048064 seconds, Stopping threads took: 0.0000196 seconds
196.401: [GC (Allocation Failure)  754983K->440809K(1034752K), 0.0045151 secs]
196.406: Total time for which application threads were stopped: 0.0046826 seconds, Stopping threads took: 0.0000199 seconds
196.473: [GC (Allocation Failure)  762345K->440777K(1034752K), 0.0046382 secs]
196.477: Total time for which application threads were stopped: 0.0047973 seconds, Stopping threads took: 0.0000204 seconds
196.543: [GC (Allocation Failure)  762313K->442697K(1034752K), 0.0058502 secs]
196.549: Total time for which application threads were stopped: 0.0060121 seconds, Stopping threads took: 0.0000203 seconds
196.616: [GC (Allocation Failure)  764233K->448844K(1034752K), 0.0045415 secs]
196.621: Total time for which application threads were stopped: 0.0047131 seconds, Stopping threads took: 0.0000200 seconds
196.689: [GC (Allocation Failure)  770380K->448780K(1034752K), 0.0043808 secs]
196.694: Total time for which application threads were stopped: 0.0045858 seconds, Stopping threads took: 0.0000510 seconds
196.760: [GC (Allocation Failure)  770316K->452012K(1034752K), 0.0051060 secs]
196.765: Total time for which application threads were stopped: 0.0052982 seconds, Stopping threads took: 0.0000197 seconds
196.834: [GC (Allocation Failure)  773548K->456974K(1034752K), 0.0045523 secs]
196.839: Total time for which application threads were stopped: 0.0047044 seconds, Stopping threads took: 0.0000168 seconds
196.906: [GC (Allocation Failure)  778510K->456846K(1034752K), 0.0046781 secs]
196.911: Total time for which application threads were stopped: 0.0048872 seconds, Stopping threads took: 0.0000207 seconds
196.978: [GC (Allocation Failure)  778382K->457134K(1034752K), 0.0045888 secs]
196.983: Total time for which application threads were stopped: 0.0047602 seconds, Stopping threads took: 0.0000206 seconds
197.049: [GC (Allocation Failure)  778670K->464976K(1033728K), 0.0044736 secs]
197.054: Total time for which application threads were stopped: 0.0046717 seconds, Stopping threads took: 0.0000281 seconds
197.123: [GC (Allocation Failure)  785488K->464912K(1034240K), 0.0043470 secs]
197.127: Total time for which application threads were stopped: 0.0045163 seconds, Stopping threads took: 0.0000171 seconds
197.196: [GC (Allocation Failure)  785424K->468456K(1034752K), 0.0051858 secs]
197.201: Total time for which application threads were stopped: 0.0053668 seconds, Stopping threads took: 0.0000203 seconds
197.269: [GC (Allocation Failure)  789480K->472906K(1034240K), 0.0046070 secs]
197.274: Total time for which application threads were stopped: 0.0047757 seconds, Stopping threads took: 0.0000167 seconds
197.341: [GC (Allocation Failure)  793930K->472938K(1034752K), 0.0047111 secs]
197.346: Total time for which application threads were stopped: 0.0048806 seconds, Stopping threads took: 0.0000202 seconds
197.412: [GC (Allocation Failure)  794474K->476722K(1034752K), 0.0053676 secs]
197.418: Total time for which application threads were stopped: 0.0055482 seconds, Stopping threads took: 0.0000218 seconds
197.488: [GC (Allocation Failure)  798258K->480981K(1035264K), 0.0046323 secs]
197.492: Total time for which application threads were stopped: 0.0047923 seconds, Stopping threads took: 0.0000197 seconds
197.561: [GC (Allocation Failure)  803541K->480981K(1035264K), 0.0043988 secs]
197.566: Total time for which application threads were stopped: 0.0045880 seconds, Stopping threads took: 0.0000183 seconds
197.634: [GC (Allocation Failure)  803541K->483885K(1035264K), 0.0051068 secs]
197.639: Total time for which application threads were stopped: 0.0052611 seconds, Stopping threads took: 0.0000163 seconds
197.706: [GC (Allocation Failure)  806445K->489039K(1035264K), 0.0045691 secs]
197.711: Total time for which application threads were stopped: 0.0047362 seconds, Stopping threads took: 0.0000200 seconds
197.779: [GC (Allocation Failure)  811599K->488975K(1035264K), 0.0044776 secs]
197.784: Total time for which application threads were stopped: 0.0046556 seconds, Stopping threads took: 0.0000206 seconds
197.852: [GC (Allocation Failure)  811535K->492135K(1035264K), 0.0050625 secs]
197.857: Total time for which application threads were stopped: 0.0052459 seconds, Stopping threads took: 0.0000167 seconds
197.926: [GC (Allocation Failure)  814695K->497129K(1035264K), 0.0043346 secs]
197.931: Total time for which application threads were stopped: 0.0045184 seconds, Stopping threads took: 0.0000172 seconds
198.001: [GC (Allocation Failure)  819689K->497033K(1035264K), 0.0047216 secs]
198.006: Total time for which application threads were stopped: 0.0048983 seconds, Stopping threads took: 0.0000196 seconds
198.073: [GC (Allocation Failure)  819593K->500329K(1035264K), 0.0052569 secs]
198.079: Total time for which application threads were stopped: 0.0054321 seconds, Stopping threads took: 0.0000200 seconds
198.149: [GC (Allocation Failure)  822889K->505100K(1035264K), 0.0047620 secs]
198.153: Total time for which application threads were stopped: 0.0049334 seconds, Stopping threads took: 0.0000209 seconds
198.221: [GC (Allocation Failure)  827660K->505004K(1035264K), 0.0046302 secs]
198.226: Total time for which application threads were stopped: 0.0047994 seconds, Stopping threads took: 0.0000202 seconds
198.293: [GC (Allocation Failure)  827564K->508588K(1035264K), 0.0054249 secs]
198.298: Total time for which application threads were stopped: 0.0056137 seconds, Stopping threads took: 0.0000278 seconds
198.365: [GC (Allocation Failure)  831148K->513070K(1035264K), 0.0045256 secs]
198.370: Total time for which application threads were stopped: 0.0046897 seconds, Stopping threads took: 0.0000198 seconds
198.440: [GC (Allocation Failure)  835630K->513070K(1035264K), 0.0046618 secs]
198.445: Total time for which application threads were stopped: 0.0048365 seconds, Stopping threads took: 0.0000216 seconds
198.512: [GC (Allocation Failure)  835630K->516846K(1035776K), 0.0053880 secs]
198.517: Total time for which application threads were stopped: 0.0055858 seconds, Stopping threads took: 0.0000203 seconds
198.585: [GC (Allocation Failure)  840430K->521296K(1035776K), 0.0046773 secs]
198.590: Total time for which application threads were stopped: 0.0048485 seconds, Stopping threads took: 0.0000199 seconds
198.658: [GC (Allocation Failure)  844880K->521136K(1035776K), 0.0048900 secs]
198.663: Total time for which application threads were stopped: 0.0050617 seconds, Stopping threads took: 0.0000202 seconds
198.731: [GC (Allocation Failure)  844720K->520078K(1035776K), 0.0044386 secs]
198.735: Total time for which application threads were stopped: 0.0046193 seconds, Stopping threads took: 0.0000199 seconds
198.804: [GC (Allocation Failure)  843662K->521264K(1036288K), 0.0045445 secs]
198.809: Total time for which application threads were stopped: 0.0047171 seconds, Stopping threads took: 0.0000204 seconds
198.877: [GC (Allocation Failure)  845872K->521104K(1036288K), 0.0044908 secs]
198.882: Total time for which application threads were stopped: 0.0046874 seconds, Stopping threads took: 0.0000206 seconds
198.950: [GC (Allocation Failure)  845712K->513134K(1035264K), 0.0015645 secs]
198.952: Total time for which application threads were stopped: 0.0016960 seconds, Stopping threads took: 0.0000267 seconds
199.020: [GC (Allocation Failure)  836718K->521232K(1031168K), 0.0048126 secs]
199.025: Total time for which application threads were stopped: 0.0049772 seconds, Stopping threads took: 0.0000209 seconds
199.096: [GC (Allocation Failure)  844816K->525280K(1035776K), 0.0062331 secs]
199.102: Total time for which application threads were stopped: 0.0064023 seconds, Stopping threads took: 0.0000266 seconds
199.167: [GC (Allocation Failure)  848352K->521374K(1035264K), 0.0037160 secs]
199.171: Total time for which application threads were stopped: 0.0038765 seconds, Stopping threads took: 0.0000201 seconds
199.239: [GC (Allocation Failure)  844446K->525416K(1035776K), 0.0048846 secs]
199.244: Total time for which application threads were stopped: 0.0050529 seconds, Stopping threads took: 0.0000197 seconds
199.313: [GC (Allocation Failure)  849000K->529384K(1035776K), 0.0047486 secs]
199.318: Total time for which application threads were stopped: 0.0049306 seconds, Stopping threads took: 0.0000201 seconds
199.386: [GC (Allocation Failure)  852968K->529384K(1035776K), 0.0047215 secs]
199.390: Total time for which application threads were stopped: 0.0048806 seconds, Stopping threads took: 0.0000207 seconds
199.456: [GC (Allocation Failure)  852968K->529736K(1023488K), 0.0047868 secs]
199.461: Total time for which application threads were stopped: 0.0049793 seconds, Stopping threads took: 0.0000195 seconds
199.530: [GC (Allocation Failure)  853320K->537450K(1035264K), 0.0086746 secs]
199.539: Total time for which application threads were stopped: 0.0088344 seconds, Stopping threads took: 0.0000170 seconds
199.608: [GC (Allocation Failure)  860010K->537450K(1035264K), 0.0044738 secs]
199.613: Total time for which application threads were stopped: 0.0046444 seconds, Stopping threads took: 0.0000199 seconds
199.680: [GC (Allocation Failure)  860010K->537930K(1034240K), 0.0048091 secs]
199.685: Total time for which application threads were stopped: 0.0049807 seconds, Stopping threads took: 0.0000203 seconds
199.753: [GC (Allocation Failure)  859466K->545485K(1034752K), 0.0049251 secs]
199.758: Total time for which application threads were stopped: 0.0051193 seconds, Stopping threads took: 0.0000205 seconds
199.826: [GC (Allocation Failure)  867021K->545453K(1034752K), 0.0043324 secs]
199.830: Total time for which application threads were stopped: 0.0045061 seconds, Stopping threads took: 0.0000213 seconds
199.896: [GC (Allocation Failure)  866989K->545613K(1034752K), 0.0045881 secs]
199.901: Total time for which application threads were stopped: 0.0047609 seconds, Stopping threads took: 0.0000210 seconds
199.970: [GC (Allocation Failure)  867149K->553519K(1033728K), 0.0046456 secs]
199.974: Total time for which application threads were stopped: 0.0048387 seconds, Stopping threads took: 0.0000205 seconds
200.044: [GC (Allocation Failure)  874031K->553487K(1034240K), 0.0045326 secs]
200.048: Total time for which application threads were stopped: 0.0047304 seconds, Stopping threads took: 0.0000268 seconds
200.117: [GC (Allocation Failure)  873999K->553607K(1034240K), 0.0047531 secs]
200.122: Total time for which application threads were stopped: 0.0049533 seconds, Stopping threads took: 0.0000195 seconds
200.191: [GC (Allocation Failure)  874119K->561513K(1034240K), 0.0048530 secs]
200.196: Total time for which application threads were stopped: 0.0050473 seconds, Stopping threads took: 0.0000200 seconds
200.265: [GC (Allocation Failure)  882025K->561513K(1034240K), 0.0048223 secs]
200.269: Total time for which application threads were stopped: 0.0049570 seconds, Stopping threads took: 0.0000166 seconds
200.337: [GC (Allocation Failure)  882025K->561577K(1020416K), 0.0047120 secs]
200.342: Total time for which application threads were stopped: 0.0049073 seconds, Stopping threads took: 0.0000202 seconds
200.410: [GC (Allocation Failure)  882089K->569547K(1033728K), 0.0045793 secs]
200.415: Total time for which application threads were stopped: 0.0047389 seconds, Stopping threads took: 0.0000171 seconds
200.482: [GC (Allocation Failure)  889035K->569547K(1033728K), 0.0047483 secs]
200.487: Total time for which application threads were stopped: 0.0049348 seconds, Stopping threads took: 0.0000380 seconds
200.552: [GC (Allocation Failure)  889035K->569771K(1033728K), 0.0061131 secs]
200.559: Total time for which application threads were stopped: 0.0062839 seconds, Stopping threads took: 0.0000266 seconds
200.626: [GC (Allocation Failure)  889259K->577582K(1033728K), 0.0047939 secs]
200.631: Total time for which application threads were stopped: 0.0049787 seconds, Stopping threads took: 0.0000201 seconds
200.698: [GC (Allocation Failure)  897070K->577582K(1033728K), 0.0047094 secs]
200.703: Total time for which application threads were stopped: 0.0048660 seconds, Stopping threads took: 0.0000209 seconds
200.771: [GC (Allocation Failure)  897070K->577806K(1033728K), 0.0049056 secs]
200.776: Total time for which application threads were stopped: 0.0050649 seconds, Stopping threads took: 0.0000172 seconds
200.843: [GC (Allocation Failure)  897294K->585616K(1033728K), 0.0046996 secs]
200.848: Total time for which application threads were stopped: 0.0048936 seconds, Stopping threads took: 0.0000205 seconds
200.914: [GC (Allocation Failure)  905103K->581678K(1033728K), 0.0037645 secs]
200.918: Total time for which application threads were stopped: 0.0039218 seconds, Stopping threads took: 0.0000167 seconds
200.987: [GC (Allocation Failure)  901166K->585768K(1034752K), 0.0049562 secs]
200.992: Total time for which application threads were stopped: 0.0051434 seconds, Stopping threads took: 0.0000180 seconds
201.062: [GC (Allocation Failure)  906792K->589736K(1034240K), 0.0046351 secs]
201.066: Total time for which application threads were stopped: 0.0047974 seconds, Stopping threads took: 0.0000259 seconds
201.134: [GC (Allocation Failure)  910760K->583974K(1034752K), 0.0027897 secs]
201.137: Total time for which application threads were stopped: 0.0029573 seconds, Stopping threads took: 0.0000197 seconds
201.204: [GC (Allocation Failure)  905510K->589800K(1034752K), 0.0048802 secs]
201.209: Total time for which application threads were stopped: 0.0050574 seconds, Stopping threads took: 0.0000200 seconds
201.276: [GC (Allocation Failure)  911336K->593880K(1035264K), 0.0051434 secs]
201.281: Total time for which application threads were stopped: 0.0053225 seconds, Stopping threads took: 0.0000227 seconds
201.349: [GC (Allocation Failure)  916178K->589942K(1035264K), 0.0036025 secs]
201.352: Total time for which application threads were stopped: 0.0037625 seconds, Stopping threads took: 0.0000198 seconds
201.420: [GC (Allocation Failure)  912502K->594032K(1036288K), 0.0047171 secs]
201.425: Total time for which application threads were stopped: 0.0048883 seconds, Stopping threads took: 0.0000198 seconds
201.493: [GC (Allocation Failure)  918128K->597968K(1035776K), 0.0076629 secs]
201.501: Total time for which application threads were stopped: 0.0078315 seconds, Stopping threads took: 0.0000207 seconds
201.571: [GC (Allocation Failure)  922064K->598000K(1035776K), 0.0047157 secs]
201.576: Total time for which application threads were stopped: 0.0049064 seconds, Stopping threads took: 0.0000197 seconds
201.645: [GC (Allocation Failure)  921584K->598056K(1023488K), 0.0048413 secs]
201.650: Total time for which application threads were stopped: 0.0050347 seconds, Stopping threads took: 0.0000196 seconds
201.720: [GC (Allocation Failure)  921640K->606058K(1035264K), 0.0046260 secs]
201.724: Total time for which application threads were stopped: 0.0047761 seconds, Stopping threads took: 0.0000171 seconds
201.793: [GC (Allocation Failure)  928618K->606026K(1030144K), 0.0048419 secs]
201.797: Total time for which application threads were stopped: 0.0050025 seconds, Stopping threads took: 0.0000195 seconds
201.865: [GC (Allocation Failure)  928586K->606090K(1034752K), 0.0046890 secs]
201.869: Total time for which application threads were stopped: 0.0048829 seconds, Stopping threads took: 0.0000197 seconds
201.938: [GC (Allocation Failure)  927626K->614092K(1029120K), 0.0047605 secs]
201.943: Total time for which application threads were stopped: 0.0049182 seconds, Stopping threads took: 0.0000248 seconds
202.011: [GC (Allocation Failure)  935628K->614060K(1034240K), 0.0049493 secs]
202.016: Total time for which application threads were stopped: 0.0051095 seconds, Stopping threads took: 0.0000201 seconds
202.084: [GC (Allocation Failure)  934572K->614308K(1034240K), 0.0065007 secs]
202.090: Total time for which application threads were stopped: 0.0066714 seconds, Stopping threads took: 0.0000258 seconds
202.159: [GC (Allocation Failure)  934820K->622151K(1034240K), 0.0049261 secs]
202.164: Total time for which application threads were stopped: 0.0050887 seconds, Stopping threads took: 0.0000197 seconds
202.233: [GC (Allocation Failure)  942663K->622055K(1034240K), 0.0046847 secs]
202.237: Total time for which application threads were stopped: 0.0048560 seconds, Stopping threads took: 0.0000195 seconds
202.305: [GC (Allocation Failure)  942567K->622535K(1033216K), 0.0050577 secs]
202.310: Total time for which application threads were stopped: 0.0052367 seconds, Stopping threads took: 0.0000210 seconds
202.377: [GC (Allocation Failure)  942023K->630153K(1033728K), 0.0046773 secs]
202.382: Total time for which application threads were stopped: 0.0048535 seconds, Stopping threads took: 0.0000204 seconds
202.450: [GC (Allocation Failure)  949641K->630121K(1033728K), 0.0048815 secs]
202.455: Total time for which application threads were stopped: 0.0050469 seconds, Stopping threads took: 0.0000205 seconds
202.520: [GC (Allocation Failure)  949609K->630281K(1033728K), 0.0047268 secs]
202.525: Total time for which application threads were stopped: 0.0048937 seconds, Stopping threads took: 0.0000205 seconds
202.594: [GC (Allocation Failure)  949769K->638155K(1033728K), 0.0047840 secs]
202.599: Total time for which application threads were stopped: 0.0049529 seconds, Stopping threads took: 0.0000206 seconds
202.666: [GC (Allocation Failure)  957643K->638155K(1033728K), 0.0048861 secs]
202.671: Total time for which application threads were stopped: 0.0050552 seconds, Stopping threads took: 0.0000205 seconds
202.738: [GC (Allocation Failure)  957643K->638211K(1033728K), 0.0048326 secs]
202.743: Total time for which application threads were stopped: 0.0050266 seconds, Stopping threads took: 0.0000206 seconds
202.811: [GC (Allocation Failure)  957699K->646182K(1027072K), 0.0049728 secs]
202.816: Total time for which application threads were stopped: 0.0051426 seconds, Stopping threads took: 0.0000201 seconds
202.881: [GC (Allocation Failure)  965669K->642275K(1034240K), 0.0040380 secs]
202.885: Total time for which application threads were stopped: 0.0042147 seconds, Stopping threads took: 0.0000198 seconds
202.953: [GC (Allocation Failure)  961763K->646350K(1033216K), 0.0050104 secs]
202.959: Total time for which application threads were stopped: 0.0051680 seconds, Stopping threads took: 0.0000195 seconds
203.026: [GC (Allocation Failure)  965838K->650350K(1034752K), 0.0048824 secs]
203.031: Total time for which application threads were stopped: 0.0050432 seconds, Stopping threads took: 0.0000201 seconds
203.098: [GC (Allocation Failure)  971886K->643531K(1034752K), 0.0023702 secs]
203.100: Total time for which application threads were stopped: 0.0025571 seconds, Stopping threads took: 0.0000446 seconds
203.167: [GC (Allocation Failure)  965067K->650350K(1034752K), 0.0047760 secs]
203.172: Total time for which application threads were stopped: 0.0049703 seconds, Stopping threads took: 0.0000208 seconds
203.240: [GC (Allocation Failure)  971886K->654494K(1034752K), 0.0057723 secs]
203.246: Total time for which application threads were stopped: 0.0059529 seconds, Stopping threads took: 0.0000260 seconds
203.312: [GC (Allocation Failure)  976030K->648891K(1034752K), 0.0029967 secs]
203.315: Total time for which application threads were stopped: 0.0031649 seconds, Stopping threads took: 0.0000203 seconds
203.382: [GC (Allocation Failure)  970427K->654734K(1034752K), 0.0049338 secs]
203.387: Total time for which application threads were stopped: 0.0050999 seconds, Stopping threads took: 0.0000207 seconds
203.454: [GC (Allocation Failure)  976270K->658638K(1035264K), 0.0065197 secs]
203.461: Total time for which application threads were stopped: 0.0067304 seconds, Stopping threads took: 0.0000208 seconds
203.528: [GC (Allocation Failure)  981126K->654699K(1035264K), 0.0036512 secs]
203.532: Total time for which application threads were stopped: 0.0038184 seconds, Stopping threads took: 0.0000196 seconds
203.601: [GC (Allocation Failure)  977259K->658766K(1036288K), 0.0050804 secs]
203.607: Total time for which application threads were stopped: 0.0052548 seconds, Stopping threads took: 0.0000193 seconds
203.674: [GC (Allocation Failure)  982862K->662766K(1035776K), 0.0048683 secs]
203.679: Total time for which application threads were stopped: 0.0050700 seconds, Stopping threads took: 0.0000216 seconds
203.750: [GC (Allocation Failure)  986862K->662734K(1035776K), 0.0049199 secs]
203.755: Total time for which application threads were stopped: 0.0051105 seconds, Stopping threads took: 0.0000170 seconds
203.824: [GC (Allocation Failure)  986318K->662798K(1023488K), 0.0049482 secs]
203.829: Total time for which application threads were stopped: 0.0051491 seconds, Stopping threads took: 0.0000277 seconds
203.896: [GC (Allocation Failure)  986382K->670800K(1035264K), 0.0049773 secs]
203.901: Total time for which application threads were stopped: 0.0051480 seconds, Stopping threads took: 0.0000197 seconds
203.969: [GC (Allocation Failure)  993360K->670800K(1030144K), 0.0048212 secs]
203.974: Total time for which application threads were stopped: 0.0050228 seconds, Stopping threads took: 0.0000202 seconds
204.041: [GC (Allocation Failure)  993360K->670824K(1034752K), 0.0047524 secs]
204.046: Total time for which application threads were stopped: 0.0049269 seconds, Stopping threads took: 0.0000266 seconds
204.115: [GC (Allocation Failure)  992360K->678826K(1029120K), 0.0050683 secs]
204.120: Total time for which application threads were stopped: 0.0052295 seconds, Stopping threads took: 0.0000181 seconds
204.189: [GC (Allocation Failure)  1000362K->678794K(1034240K), 0.0048712 secs]
204.194: Total time for which application threads were stopped: 0.0050593 seconds, Stopping threads took: 0.0000207 seconds
204.261: [GC (Allocation Failure)  999306K->679050K(1034240K), 0.0048467 secs]
204.266: Total time for which application threads were stopped: 0.0050307 seconds, Stopping threads took: 0.0000200 seconds
204.334: [GC (Allocation Failure)  999562K->686828K(1034240K), 0.0047900 secs]
204.339: Total time for which application threads were stopped: 0.0049628 seconds, Stopping threads took: 0.0000200 seconds
204.407: [GC (Allocation Failure)  1007340K->686828K(1034240K), 0.0048752 secs]
204.411: Total time for which application threads were stopped: 0.0050475 seconds, Stopping threads took: 0.0000199 seconds
204.479: [GC (Allocation Failure)  1007340K->687268K(1033216K), 0.0052068 secs]
204.484: [Full GC (Ergonomics)  687268K->8905K(1033216K), 0.0126406 secs]
204.497: Total time for which application threads were stopped: 0.0181175 seconds, Stopping threads took: 0.0000203 seconds
204.566: [GC (Allocation Failure)  328393K->17580K(1033728K), 0.0040240 secs]
204.570: Total time for which application threads were stopped: 0.0041857 seconds, Stopping threads took: 0.0000264 seconds
204.638: [GC (Allocation Failure)  337068K->17652K(1033728K), 0.0037829 secs]
204.642: Total time for which application threads were stopped: 0.0039555 seconds, Stopping threads took: 0.0000205 seconds
204.707: [GC (Allocation Failure)  337140K->17788K(1033728K), 0.0037112 secs]
204.710: Total time for which application threads were stopped: 0.0038954 seconds, Stopping threads took: 0.0000284 seconds
204.778: [GC (Allocation Failure)  337276K->25694K(1032704K), 0.0036524 secs]
204.782: Total time for which application threads were stopped: 0.0038413 seconds, Stopping threads took: 0.0000201 seconds
204.848: [GC (Allocation Failure)  344158K->25630K(1033216K), 0.0035451 secs]
204.851: Total time for which application threads were stopped: 0.0037535 seconds, Stopping threads took: 0.0000250 seconds
204.919: [GC (Allocation Failure)  344094K->25718K(1033216K), 0.0037810 secs]
204.923: Total time for which application threads were stopped: 0.0039424 seconds, Stopping threads took: 0.0000166 seconds
204.991: [GC (Allocation Failure)  344182K->33688K(1033216K), 0.0036849 secs]
204.995: Total time for which application threads were stopped: 0.0038645 seconds, Stopping threads took: 0.0000286 seconds
205.062: [GC (Allocation Failure)  352152K->26102K(1033216K), 0.0006888 secs]
205.062: Total time for which application threads were stopped: 0.0008147 seconds, Stopping threads took: 0.0000259 seconds
205.129: [GC (Allocation Failure)  344566K->33960K(1033216K), 0.0053715 secs]
205.135: Total time for which application threads were stopped: 0.0055557 seconds, Stopping threads took: 0.0000199 seconds
205.201: [GC (Allocation Failure)  352424K->37824K(1033216K), 0.0049434 secs]
205.206: Total time for which application threads were stopped: 0.0051099 seconds, Stopping threads took: 0.0000195 seconds
205.271: [GC (Allocation Failure)  356288K->38622K(1033216K), 0.0042386 secs]
205.275: Total time for which application threads were stopped: 0.0044092 seconds, Stopping threads took: 0.0000200 seconds
205.342: [GC (Allocation Failure)  357086K->37984K(1033216K), 0.0038458 secs]
205.346: Total time for which application threads were stopped: 0.0040097 seconds, Stopping threads took: 0.0000199 seconds
205.414: [GC (Allocation Failure)  356448K->37824K(1033216K), 0.0037528 secs]
205.417: Total time for which application threads were stopped: 0.0039166 seconds, Stopping threads took: 0.0000207 seconds
205.482: [GC (Allocation Failure)  356288K->30622K(1033216K), 0.0008538 secs]
205.483: Total time for which application threads were stopped: 0.0009742 seconds, Stopping threads took: 0.0000200 seconds
205.549: [GC (Allocation Failure)  349086K->37952K(1033216K), 0.0045958 secs]
205.553: Total time for which application threads were stopped: 0.0047863 seconds, Stopping threads took: 0.0000260 seconds
205.620: [GC (Allocation Failure)  356416K->37824K(1033216K), 0.0036026 secs]
205.624: Total time for which application threads were stopped: 0.0037718 seconds, Stopping threads took: 0.0000207 seconds
205.690: [GC (Allocation Failure)  356288K->38856K(1033216K), 0.0038038 secs]
205.694: Total time for which application threads were stopped: 0.0040005 seconds, Stopping threads took: 0.0000197 seconds
205.761: [GC (Allocation Failure)  357320K->45931K(1033216K), 0.0038499 secs]
205.765: Total time for which application threads were stopped: 0.0040198 seconds, Stopping threads took: 0.0000200 seconds
205.831: [GC (Allocation Failure)  364395K->45867K(1033216K), 0.0039688 secs]
205.835: Total time for which application threads were stopped: 0.0041619 seconds, Stopping threads took: 0.0000206 seconds
205.902: [GC (Allocation Failure)  364331K->47115K(1033728K), 0.0038486 secs]
205.906: Total time for which application threads were stopped: 0.0040492 seconds, Stopping threads took: 0.0000255 seconds
205.974: [GC (Allocation Failure)  366603K->53901K(1033728K), 0.0038914 secs]
205.978: Total time for which application threads were stopped: 0.0041161 seconds, Stopping threads took: 0.0000224 seconds
206.045: [GC (Allocation Failure)  373389K->53933K(1033728K), 0.0038113 secs]
206.049: Total time for which application threads were stopped: 0.0039940 seconds, Stopping threads took: 0.0000321 seconds
206.116: [GC (Allocation Failure)  373421K->54349K(1033728K), 0.0037189 secs]
206.120: Total time for which application threads were stopped: 0.0038920 seconds, Stopping threads took: 0.0000283 seconds
206.186: [GC (Allocation Failure)  373837K->61967K(1033728K), 0.0039222 secs]
206.190: Total time for which application threads were stopped: 0.0040919 seconds, Stopping threads took: 0.0000203 seconds
206.257: [GC (Allocation Failure)  381455K->61935K(1033728K), 0.0037925 secs]
206.261: Total time for which application threads were stopped: 0.0039942 seconds, Stopping threads took: 0.0000224 seconds
206.329: [GC (Allocation Failure)  381423K->65639K(1034240K), 0.0046041 secs]
206.334: Total time for which application threads were stopped: 0.0048249 seconds, Stopping threads took: 0.0000281 seconds
206.401: [GC (Allocation Failure)  385639K->69961K(1033728K), 0.0035922 secs]
206.405: Total time for which application threads were stopped: 0.0037545 seconds, Stopping threads took: 0.0000200 seconds
206.474: [GC (Allocation Failure)  389961K->69961K(1034240K), 0.0037161 secs]
206.478: Total time for which application threads were stopped: 0.0039147 seconds, Stopping threads took: 0.0000211 seconds
206.548: [GC (Allocation Failure)  390473K->70753K(1034240K), 0.0046968 secs]
206.553: Total time for which application threads were stopped: 0.0049065 seconds, Stopping threads took: 0.0000258 seconds
206.621: [GC (Allocation Failure)  391265K->78084K(1033216K), 0.0040007 secs]
206.625: Total time for which application threads were stopped: 0.0041775 seconds, Stopping threads took: 0.0000206 seconds
206.693: [GC (Allocation Failure)  397572K->77956K(1033728K), 0.0039264 secs]
206.697: Total time for which application threads were stopped: 0.0041187 seconds, Stopping threads took: 0.0000204 seconds
206.765: [GC (Allocation Failure)  397444K->79020K(1034240K), 0.0040745 secs]
206.769: Total time for which application threads were stopped: 0.0042517 seconds, Stopping threads took: 0.0000195 seconds
206.838: [GC (Allocation Failure)  399532K->86062K(1028096K), 0.0037756 secs]
206.842: Total time for which application threads were stopped: 0.0039389 seconds, Stopping threads took: 0.0000208 seconds
206.909: [GC (Allocation Failure)  406574K->86030K(1034240K), 0.0038583 secs]
206.913: Total time for which application threads were stopped: 0.0040277 seconds, Stopping threads took: 0.0000193 seconds
206.980: [GC (Allocation Failure)  406030K->86734K(1033728K), 0.0039971 secs]
206.984: Total time for which application threads were stopped: 0.0041643 seconds, Stopping threads took: 0.0000200 seconds
207.052: [GC (Allocation Failure)  406734K->94096K(1033728K), 0.0038428 secs]
207.056: Total time for which application threads were stopped: 0.0040098 seconds, Stopping threads took: 0.0000283 seconds
207.125: [GC (Allocation Failure)  413584K->94064K(1033728K), 0.0038029 secs]
207.129: Total time for which application threads were stopped: 0.0039663 seconds, Stopping threads took: 0.0000206 seconds
207.196: [GC (Allocation Failure)  413552K->94440K(1033728K), 0.0039278 secs]
207.201: Total time for which application threads were stopped: 0.0042478 seconds, Stopping threads took: 0.0000200 seconds
207.266: [GC (Allocation Failure)  413928K->102122K(1033728K), 0.0039669 secs]
207.270: Total time for which application threads were stopped: 0.0041453 seconds, Stopping threads took: 0.0000198 seconds
207.338: [GC (Allocation Failure)  421610K->102090K(1033728K), 0.0039437 secs]
207.342: Total time for which application threads were stopped: 0.0041104 seconds, Stopping threads took: 0.0000203 seconds
207.409: [GC (Allocation Failure)  421578K->103690K(1033728K), 0.0040661 secs]
207.413: Total time for which application threads were stopped: 0.0042349 seconds, Stopping threads took: 0.0000199 seconds
207.478: [GC (Allocation Failure)  423178K->110189K(1033728K), 0.0040524 secs]
207.483: Total time for which application threads were stopped: 0.0042139 seconds, Stopping threads took: 0.0000200 seconds
207.549: [GC (Allocation Failure)  429677K->110157K(1033728K), 0.0046424 secs]
207.554: Total time for which application threads were stopped: 0.0048153 seconds, Stopping threads took: 0.0000258 seconds
207.621: [GC (Allocation Failure)  429645K->110917K(1033728K), 0.0041683 secs]
207.625: Total time for which application threads were stopped: 0.0043375 seconds, Stopping threads took: 0.0000202 seconds
207.693: [GC (Allocation Failure)  430405K->118215K(1033728K), 0.0038829 secs]
207.697: Total time for which application threads were stopped: 0.0040797 seconds, Stopping threads took: 0.0000208 seconds
207.765: [GC (Allocation Failure)  437703K->118151K(1033728K), 0.0039424 secs]
207.769: Total time for which application threads were stopped: 0.0041309 seconds, Stopping threads took: 0.0000177 seconds
207.837: [GC (Allocation Failure)  437639K->118215K(1033728K), 0.0039429 secs]
207.841: Total time for which application threads were stopped: 0.0041018 seconds, Stopping threads took: 0.0000197 seconds
207.908: [GC (Allocation Failure)  437703K->126217K(1033728K), 0.0040983 secs]
207.912: Total time for which application threads were stopped: 0.0042769 seconds, Stopping threads took: 0.0000199 seconds
207.977: [GC (Allocation Failure)  445705K->126185K(1033728K), 0.0039448 secs]
207.981: Total time for which application threads were stopped: 0.0041215 seconds, Stopping threads took: 0.0000202 seconds
208.047: [GC (Allocation Failure)  445673K->126345K(1033728K), 0.0038827 secs]
208.051: Total time for which application threads were stopped: 0.0040454 seconds, Stopping threads took: 0.0000275 seconds
208.116: [GC (Allocation Failure)  445833K->134283K(1027072K), 0.0042821 secs]
208.120: Total time for which application threads were stopped: 0.0044448 seconds, Stopping threads took: 0.0000200 seconds
208.188: [GC (Allocation Failure)  453771K->134219K(1033216K), 0.0048066 secs]
208.193: Total time for which application threads were stopped: 0.0049800 seconds, Stopping threads took: 0.0000282 seconds
208.259: [GC (Allocation Failure)  452683K->135619K(1033216K), 0.0041623 secs]
208.263: Total time for which application threads were stopped: 0.0043201 seconds, Stopping threads took: 0.0000198 seconds
208.329: [GC (Allocation Failure)  454083K->142246K(1033728K), 0.0040223 secs]
208.333: Total time for which application threads were stopped: 0.0041928 seconds, Stopping threads took: 0.0000201 seconds
208.401: [GC (Allocation Failure)  461734K->142246K(1033728K), 0.0045826 secs]
208.406: Total time for which application threads were stopped: 0.0047824 seconds, Stopping threads took: 0.0000213 seconds
208.471: [GC (Allocation Failure)  461734K->142830K(1033728K), 0.0041146 secs]
208.475: Total time for which application threads were stopped: 0.0042975 seconds, Stopping threads took: 0.0000217 seconds
208.543: [GC (Allocation Failure)  462318K->150288K(1033728K), 0.0048001 secs]
208.548: Total time for which application threads were stopped: 0.0050051 seconds, Stopping threads took: 0.0000282 seconds
208.615: [GC (Allocation Failure)  469776K->150288K(1033728K), 0.0042650 secs]
208.619: Total time for which application threads were stopped: 0.0044317 seconds, Stopping threads took: 0.0000199 seconds
208.684: [GC (Allocation Failure)  469776K->151080K(1033728K), 0.0038945 secs]
208.688: Total time for which application threads were stopped: 0.0040528 seconds, Stopping threads took: 0.0000196 seconds
208.755: [GC (Allocation Failure)  470568K->158314K(1033728K), 0.0040671 secs]
208.759: Total time for which application threads were stopped: 0.0042242 seconds, Stopping threads took: 0.0000198 seconds
208.825: [GC (Allocation Failure)  477802K->158314K(1033728K), 0.0038770 secs]
208.829: Total time for which application threads were stopped: 0.0040708 seconds, Stopping threads took: 0.0000197 seconds
208.895: [GC (Allocation Failure)  477802K->159306K(1033728K), 0.0041238 secs]
208.899: Total time for which application threads were stopped: 0.0042742 seconds, Stopping threads took: 0.0000175 seconds
208.968: [GC (Allocation Failure)  478794K->166381K(1033728K), 0.0040671 secs]
208.972: Total time for which application threads were stopped: 0.0042293 seconds, Stopping threads took: 0.0000202 seconds
209.038: [GC (Allocation Failure)  485869K->166349K(1033728K), 0.0041998 secs]
209.042: Total time for which application threads were stopped: 0.0043643 seconds, Stopping threads took: 0.0000206 seconds
209.107: [GC (Allocation Failure)  485837K->166501K(1019392K), 0.0040807 secs]
209.111: Total time for which application threads were stopped: 0.0042447 seconds, Stopping threads took: 0.0000207 seconds
209.179: [GC (Allocation Failure)  485989K->174407K(1033216K), 0.0040507 secs]
209.183: Total time for which application threads were stopped: 0.0042224 seconds, Stopping threads took: 0.0000204 seconds
209.251: [GC (Allocation Failure)  492871K->174343K(1033216K), 0.0041267 secs]
209.255: Total time for which application threads were stopped: 0.0043070 seconds, Stopping threads took: 0.0000285 seconds
209.322: [GC (Allocation Failure)  492807K->174727K(1033216K), 0.0040617 secs]
209.326: Total time for which application threads were stopped: 0.0042371 seconds, Stopping threads took: 0.0000208 seconds
209.393: [GC (Allocation Failure)  493191K->182409K(1033216K), 0.0038812 secs]
209.397: Total time for which application threads were stopped: 0.0040587 seconds, Stopping threads took: 0.0000219 seconds
209.463: [GC (Allocation Failure)  500873K->182409K(1033216K), 0.0042091 secs]
209.467: Total time for which application threads were stopped: 0.0043814 seconds, Stopping threads took: 0.0000203 seconds
209.532: [GC (Allocation Failure)  500873K->182953K(1033216K), 0.0115220 secs]
209.543: Total time for which application threads were stopped: 0.0117325 seconds, Stopping threads took: 0.0000201 seconds
209.612: [GC (Allocation Failure)  501417K->190475K(1033216K), 0.0041776 secs]
209.616: Total time for which application threads were stopped: 0.0043619 seconds, Stopping threads took: 0.0000205 seconds
209.684: [GC (Allocation Failure)  508939K->190475K(1033216K), 0.0040611 secs]
209.688: Total time for which application threads were stopped: 0.0042108 seconds, Stopping threads took: 0.0000176 seconds
209.753: [GC (Allocation Failure)  508939K->190699K(1033216K), 0.0040724 secs]
209.757: Total time for which application threads were stopped: 0.0042369 seconds, Stopping threads took: 0.0000200 seconds
209.823: [GC (Allocation Failure)  509163K->198478K(1033216K), 0.0042277 secs]
209.827: Total time for which application threads were stopped: 0.0043998 seconds, Stopping threads took: 0.0000207 seconds
209.895: [GC (Allocation Failure)  516942K->198478K(1033216K), 0.0041765 secs]
209.899: Total time for which application threads were stopped: 0.0043467 seconds, Stopping threads took: 0.0000202 seconds
209.964: [GC (Allocation Failure)  516942K->198542K(1033216K), 0.0040293 secs]
209.968: Total time for which application threads were stopped: 0.0042018 seconds, Stopping threads took: 0.0000203 seconds
210.035: [GC (Allocation Failure)  517006K->206512K(1033216K), 0.0040864 secs]
210.039: Total time for which application threads were stopped: 0.0042618 seconds, Stopping threads took: 0.0000208 seconds
210.106: [GC (Allocation Failure)  524976K->206512K(1033216K), 0.0040985 secs]
210.110: Total time for which application threads were stopped: 0.0042981 seconds, Stopping threads took: 0.0000199 seconds
210.178: [GC (Allocation Failure)  524976K->206632K(1033216K), 0.0041244 secs]
210.182: Total time for which application threads were stopped: 0.0043061 seconds, Stopping threads took: 0.0000200 seconds
210.249: [GC (Allocation Failure)  525096K->214538K(1033216K), 0.0043142 secs]
210.253: Total time for which application threads were stopped: 0.0044854 seconds, Stopping threads took: 0.0000198 seconds
210.318: [GC (Allocation Failure)  533002K->214570K(1033216K), 0.0041377 secs]
210.323: Total time for which application threads were stopped: 0.0042962 seconds, Stopping threads took: 0.0000194 seconds
210.387: [GC (Allocation Failure)  533034K->214602K(1033216K), 0.0040325 secs]
210.391: Total time for which application threads were stopped: 0.0042100 seconds, Stopping threads took: 0.0000271 seconds
210.460: [GC (Allocation Failure)  533066K->222572K(1033216K), 0.0040303 secs]
210.464: Total time for which application threads were stopped: 0.0041917 seconds, Stopping threads took: 0.0000198 seconds
210.530: [GC (Allocation Failure)  541036K->218666K(1033216K), 0.0029794 secs]
210.533: Total time for which application threads were stopped: 0.0031438 seconds, Stopping threads took: 0.0000203 seconds
210.602: [GC (Allocation Failure)  537130K->222700K(1034240K), 0.0041581 secs]
210.606: Total time for which application threads were stopped: 0.0043464 seconds, Stopping threads took: 0.0000264 seconds
210.673: [GC (Allocation Failure)  542700K->226732K(1033728K), 0.0042346 secs]
210.678: Total time for which application threads were stopped: 0.0044116 seconds, Stopping threads took: 0.0000205 seconds
210.744: [GC (Allocation Failure)  546732K->234218K(1028096K), 0.0074459 secs]
210.752: Total time for which application threads were stopped: 0.0076285 seconds, Stopping threads took: 0.0000204 seconds
210.822: [GC (Allocation Failure)  548586K->227980K(1031168K), 0.0041882 secs]
210.827: Total time for which application threads were stopped: 0.0043655 seconds, Stopping threads took: 0.0000205 seconds
210.893: [GC (Allocation Failure)  542348K->227948K(1032192K), 0.0040106 secs]
210.897: Total time for which application threads were stopped: 0.0041779 seconds, Stopping threads took: 0.0000203 seconds
210.963: [GC (Allocation Failure)  543852K->228940K(1031680K), 0.0044007 secs]
210.967: Total time for which application threads were stopped: 0.0045727 seconds, Stopping threads took: 0.0000195 seconds
211.034: [GC (Allocation Failure)  544844K->236015K(1032704K), 0.0046548 secs]
211.038: Total time for which application threads were stopped: 0.0048284 seconds, Stopping threads took: 0.0000206 seconds
211.106: [GC (Allocation Failure)  552943K->235983K(1032192K), 0.0040713 secs]
211.110: Total time for which application threads were stopped: 0.0042474 seconds, Stopping threads took: 0.0000207 seconds
211.177: [GC (Allocation Failure)  552911K->239687K(1033216K), 0.0049265 secs]
211.182: Total time for which application threads were stopped: 0.0051012 seconds, Stopping threads took: 0.0000197 seconds
211.249: [GC (Allocation Failure)  557639K->244041K(1032704K), 0.0041077 secs]
211.253: Total time for which application threads were stopped: 0.0042863 seconds, Stopping threads took: 0.0000201 seconds
211.322: [GC (Allocation Failure)  561993K->244041K(1033728K), 0.0040629 secs]
211.326: Total time for which application threads were stopped: 0.0042552 seconds, Stopping threads took: 0.0000193 seconds
211.395: [GC (Allocation Failure)  563529K->247945K(1033728K), 0.0051223 secs]
211.400: Total time for which application threads were stopped: 0.0052850 seconds, Stopping threads took: 0.0000176 seconds
211.469: [GC (Allocation Failure)  567433K->252171K(1034240K), 0.0041085 secs]
211.474: Total time for which application threads were stopped: 0.0042649 seconds, Stopping threads took: 0.0000175 seconds
211.542: [GC (Allocation Failure)  572683K->252043K(1034240K), 0.0052474 secs]
211.547: Total time for which application threads were stopped: 0.0054122 seconds, Stopping threads took: 0.0000265 seconds
211.613: [GC (Allocation Failure)  572555K->253067K(1034240K), 0.0041790 secs]
211.617: Total time for which application threads were stopped: 0.0043581 seconds, Stopping threads took: 0.0000196 seconds
211.687: [GC (Allocation Failure)  573579K->260141K(1034240K), 0.0039031 secs]
211.690: Total time for which application threads were stopped: 0.0040611 seconds, Stopping threads took: 0.0000197 seconds
211.757: [GC (Allocation Failure)  580653K->260077K(1034240K), 0.0041496 secs]
211.761: Total time for which application threads were stopped: 0.0043070 seconds, Stopping threads took: 0.0000185 seconds
211.827: [GC (Allocation Failure)  580589K->263365K(1034240K), 0.0049750 secs]
211.832: Total time for which application threads were stopped: 0.0051374 seconds, Stopping threads took: 0.0000195 seconds
211.900: [GC (Allocation Failure)  583877K->268136K(1034752K), 0.0041818 secs]
211.904: Total time for which application threads were stopped: 0.0043766 seconds, Stopping threads took: 0.0000196 seconds
211.973: [GC (Allocation Failure)  589672K->268104K(1034752K), 0.0058067 secs]
211.979: Total time for which application threads were stopped: 0.0059870 seconds, Stopping threads took: 0.0000208 seconds
212.045: [GC (Allocation Failure)  589640K->271624K(1034752K), 0.0048188 secs]
212.050: Total time for which application threads were stopped: 0.0049880 seconds, Stopping threads took: 0.0000278 seconds
212.118: [GC (Allocation Failure)  593160K->276170K(1034752K), 0.0042728 secs]
212.122: Total time for which application threads were stopped: 0.0044488 seconds, Stopping threads took: 0.0000256 seconds
212.189: [GC (Allocation Failure)  597706K->276170K(1035264K), 0.0041641 secs]
212.193: Total time for which application threads were stopped: 0.0043212 seconds, Stopping threads took: 0.0000255 seconds
212.260: [GC (Allocation Failure)  598218K->277250K(1034752K), 0.0045910 secs]
212.264: Total time for which application threads were stopped: 0.0047865 seconds, Stopping threads took: 0.0000200 seconds
212.334: [GC (Allocation Failure)  599298K->284196K(1034752K), 0.0042154 secs]
212.338: Total time for which application threads were stopped: 0.0043727 seconds, Stopping threads took: 0.0000172 seconds
212.404: [GC (Allocation Failure)  605732K->284164K(1034752K), 0.0041973 secs]
212.409: Total time for which application threads were stopped: 0.0043742 seconds, Stopping threads took: 0.0000201 seconds
212.474: [GC (Allocation Failure)  605700K->287052K(1034752K), 0.0048497 secs]
212.479: Total time for which application threads were stopped: 0.0050278 seconds, Stopping threads took: 0.0000219 seconds
212.546: [GC (Allocation Failure)  608588K->292302K(1034752K), 0.0051625 secs]
212.551: Total time for which application threads were stopped: 0.0053234 seconds, Stopping threads took: 0.0000260 seconds
212.618: [GC (Allocation Failure)  613838K->292206K(1034752K), 0.0044056 secs]
212.622: Total time for which application threads were stopped: 0.0045739 seconds, Stopping threads took: 0.0000200 seconds
212.687: [GC (Allocation Failure)  613742K->296326K(1034752K), 0.0051733 secs]
212.693: Total time for which application threads were stopped: 0.0053482 seconds, Stopping threads took: 0.0000198 seconds
212.759: [GC (Allocation Failure)  617862K->300297K(1035264K), 0.0044720 secs]
212.764: Total time for which application threads were stopped: 0.0046457 seconds, Stopping threads took: 0.0000212 seconds
212.832: [GC (Allocation Failure)  622857K->300201K(1035264K), 0.0040597 secs]
212.836: Total time for which application threads were stopped: 0.0042333 seconds, Stopping threads took: 0.0000205 seconds
212.904: [GC (Allocation Failure)  622761K->303529K(1035264K), 0.0048893 secs]
212.909: Total time for which application threads were stopped: 0.0050747 seconds, Stopping threads took: 0.0000209 seconds
212.977: [GC (Allocation Failure)  626089K->308299K(1035264K), 0.0042264 secs]
212.981: Total time for which application threads were stopped: 0.0044111 seconds, Stopping threads took: 0.0000203 seconds
213.049: [GC (Allocation Failure)  630859K->308267K(1035264K), 0.0042672 secs]
213.054: Total time for which application threads were stopped: 0.0044533 seconds, Stopping threads took: 0.0000262 seconds
213.123: [GC (Allocation Failure)  630827K->311779K(1035264K), 0.0051545 secs]
213.128: Total time for which application threads were stopped: 0.0053279 seconds, Stopping threads took: 0.0000283 seconds
213.197: [GC (Allocation Failure)  634339K->316293K(1035776K), 0.0069858 secs]
213.204: Total time for which application threads were stopped: 0.0071611 seconds, Stopping threads took: 0.0000203 seconds
213.272: [GC (Allocation Failure)  639877K->316293K(1035776K), 0.0043928 secs]
213.277: Total time for which application threads were stopped: 0.0045792 seconds, Stopping threads took: 0.0000211 seconds
213.345: [GC (Allocation Failure)  639877K->317885K(1034752K), 0.0053749 secs]
213.350: Total time for which application threads were stopped: 0.0055381 seconds, Stopping threads took: 0.0000208 seconds
213.418: [GC (Allocation Failure)  640445K->324352K(1035264K), 0.0045003 secs]
213.423: Total time for which application threads were stopped: 0.0046751 seconds, Stopping threads took: 0.0000199 seconds
213.491: [GC (Allocation Failure)  646912K->324320K(1035264K), 0.0044722 secs]
213.495: Total time for which application threads were stopped: 0.0046494 seconds, Stopping threads took: 0.0000217 seconds
213.564: [GC (Allocation Failure)  646880K->326184K(1035264K), 0.0046255 secs]
213.568: Total time for which application threads were stopped: 0.0048176 seconds, Stopping threads took: 0.0000194 seconds
213.637: [GC (Allocation Failure)  648744K->332458K(1035264K), 0.0041765 secs]
213.641: Total time for which application threads were stopped: 0.0043391 seconds, Stopping threads took: 0.0000200 seconds
213.709: [GC (Allocation Failure)  655018K->332394K(1035264K), 0.0041827 secs]
213.714: Total time for which application threads were stopped: 0.0043700 seconds, Stopping threads took: 0.0000202 seconds
213.781: [GC (Allocation Failure)  654954K->334410K(1035264K), 0.0044563 secs]
213.786: Total time for which application threads were stopped: 0.0046258 seconds, Stopping threads took: 0.0000215 seconds
213.854: [GC (Allocation Failure)  656970K->340460K(1030144K), 0.0043167 secs]
213.858: Total time for which application threads were stopped: 0.0044943 seconds, Stopping threads took: 0.0000198 seconds
213.928: [GC (Allocation Failure)  663020K->340428K(1035264K), 0.0042152 secs]
213.932: Total time for which application threads were stopped: 0.0043921 seconds, Stopping threads took: 0.0000277 seconds
213.997: [GC (Allocation Failure)  662476K->334090K(1034752K), 0.0017555 secs]
213.999: Total time for which application threads were stopped: 0.0019111 seconds, Stopping threads took: 0.0000195 seconds
214.067: [GC (Allocation Failure)  656138K->340652K(1034752K), 0.0041631 secs]
214.071: Total time for which application threads were stopped: 0.0044519 seconds, Stopping threads took: 0.0001347 seconds
214.139: [GC (Allocation Failure)  662188K->340396K(1034752K), 0.0044440 secs]
214.143: Total time for which application threads were stopped: 0.0046082 seconds, Stopping threads took: 0.0000195 seconds
214.209: [GC (Allocation Failure)  661932K->335818K(1035264K), 0.0025272 secs]
214.211: Total time for which application threads were stopped: 0.0026949 seconds, Stopping threads took: 0.0000197 seconds
214.282: [GC (Allocation Failure)  657866K->340588K(1034752K), 0.0042853 secs]
214.287: Total time for which application threads were stopped: 0.0044587 seconds, Stopping threads took: 0.0000196 seconds
214.354: [GC (Allocation Failure)  662636K->340428K(1034752K), 0.0043130 secs]
214.359: Total time for which application threads were stopped: 0.0044802 seconds, Stopping threads took: 0.0000198 seconds
214.424: [GC (Allocation Failure)  661964K->338058K(1034752K), 0.0033130 secs]
214.428: Total time for which application threads were stopped: 0.0034878 seconds, Stopping threads took: 0.0000202 seconds
214.495: [GC (Allocation Failure)  659594K->340524K(1035776K), 0.0044034 secs]
214.500: Total time for which application threads were stopped: 0.0045637 seconds, Stopping threads took: 0.0000178 seconds
214.569: [GC (Allocation Failure)  664108K->340396K(1035776K), 0.0042721 secs]
214.574: Total time for which application threads were stopped: 0.0044606 seconds, Stopping threads took: 0.0000201 seconds
214.642: [GC (Allocation Failure)  663980K->343402K(1033728K), 0.0056952 secs]
214.648: Total time for which application threads were stopped: 0.0059174 seconds, Stopping threads took: 0.0000293 seconds
214.718: [GC (Allocation Failure)  664938K->340492K(1034752K), 0.0044298 secs]
214.723: Total time for which application threads were stopped: 0.0045873 seconds, Stopping threads took: 0.0000169 seconds
214.790: [GC (Allocation Failure)  662028K->340396K(1035264K), 0.0044448 secs]
214.795: Total time for which application threads were stopped: 0.0046172 seconds, Stopping threads took: 0.0000262 seconds
214.862: [GC (Allocation Failure)  662444K->345130K(1034240K), 0.0062323 secs]
214.868: Total time for which application threads were stopped: 0.0064128 seconds, Stopping threads took: 0.0000203 seconds
214.936: [GC (Allocation Failure)  667178K->340428K(1034240K), 0.0045171 secs]
214.941: Total time for which application threads were stopped: 0.0047024 seconds, Stopping threads took: 0.0000217 seconds
215.008: [GC (Allocation Failure)  660940K->340396K(1034240K), 0.0040602 secs]
215.012: Total time for which application threads were stopped: 0.0042285 seconds, Stopping threads took: 0.0000203 seconds
215.080: [GC (Allocation Failure)  660908K->344810K(1032704K), 0.0061580 secs]
215.086: Total time for which application threads were stopped: 0.0063363 seconds, Stopping threads took: 0.0000287 seconds
215.152: [GC (Allocation Failure)  664298K->340620K(1033728K), 0.0045266 secs]
215.157: Total time for which application threads were stopped: 0.0046990 seconds, Stopping threads took: 0.0000206 seconds
215.224: [GC (Allocation Failure)  660108K->340396K(1034752K), 0.0041431 secs]
215.228: Total time for which application threads were stopped: 0.0043189 seconds, Stopping threads took: 0.0000206 seconds
215.296: [GC (Allocation Failure)  661420K->341482K(1034240K), 0.0049229 secs]
215.301: Total time for which application threads were stopped: 0.0050809 seconds, Stopping threads took: 0.0000163 seconds
215.369: [GC (Allocation Failure)  662506K->340588K(1035776K), 0.0041432 secs]
215.373: Total time for which application threads were stopped: 0.0043349 seconds, Stopping threads took: 0.0000196 seconds
215.444: [GC (Allocation Failure)  663660K->340428K(1035264K), 0.0043960 secs]
215.448: Total time for which application threads were stopped: 0.0045598 seconds, Stopping threads took: 0.0000206 seconds
215.514: [GC (Allocation Failure)  663500K->345186K(1033728K), 0.0064542 secs]
215.521: Total time for which application threads were stopped: 0.0066368 seconds, Stopping threads took: 0.0000206 seconds
215.588: [GC (Allocation Failure)  666722K->340612K(1034752K), 0.0044655 secs]
215.593: Total time for which application threads were stopped: 0.0046272 seconds, Stopping threads took: 0.0000202 seconds
215.659: [GC (Allocation Failure)  662148K->340452K(1035264K), 0.0041598 secs]
215.663: Total time for which application threads were stopped: 0.0043224 seconds, Stopping threads took: 0.0000203 seconds
215.730: [GC (Allocation Failure)  663012K->347530K(1035264K), 0.0076394 secs]
215.738: Total time for which application threads were stopped: 0.0078084 seconds, Stopping threads took: 0.0000187 seconds
215.806: [GC (Allocation Failure)  670090K->342348K(1032192K), 0.0045445 secs]
215.810: Total time for which application threads were stopped: 0.0047044 seconds, Stopping threads took: 0.0000199 seconds
215.877: [GC (Allocation Failure)  661836K->342284K(1033728K), 0.0049877 secs]
215.882: Total time for which application threads were stopped: 0.0051692 seconds, Stopping threads took: 0.0000204 seconds
215.948: [GC (Allocation Failure)  661772K->347530K(1032192K), 0.0068493 secs]
215.955: Total time for which application threads were stopped: 0.0070179 seconds, Stopping threads took: 0.0000218 seconds
216.023: [GC (Allocation Failure)  665994K->342252K(1033216K), 0.0044578 secs]
216.027: Total time for which application threads were stopped: 0.0046303 seconds, Stopping threads took: 0.0000205 seconds
216.095: [GC (Allocation Failure)  660716K->342316K(1033728K), 0.0044594 secs]
216.099: Total time for which application threads were stopped: 0.0046451 seconds, Stopping threads took: 0.0000257 seconds
216.165: [GC (Allocation Failure)  661292K->340042K(1033216K), 0.0034992 secs]
216.169: Total time for which application threads were stopped: 0.0036835 seconds, Stopping threads took: 0.0000251 seconds
216.238: [GC (Allocation Failure)  659018K->342540K(1034240K), 0.0042560 secs]
216.242: Total time for which application threads were stopped: 0.0044374 seconds, Stopping threads took: 0.0000202 seconds
216.309: [GC (Allocation Failure)  662540K->342284K(1033728K), 0.0043121 secs]
216.313: Total time for which application threads were stopped: 0.0044725 seconds, Stopping threads took: 0.0000201 seconds
216.378: [GC (Allocation Failure)  662284K->335626K(1032704K), 0.0016827 secs]
216.380: Total time for which application threads were stopped: 0.0018258 seconds, Stopping threads took: 0.0000200 seconds
216.449: [GC (Allocation Failure)  655114K->342412K(1033728K), 0.0041744 secs]
216.453: Total time for which application threads were stopped: 0.0043451 seconds, Stopping threads took: 0.0000202 seconds
216.522: [GC (Allocation Failure)  661900K->342316K(1034752K), 0.0044829 secs]
216.526: Total time for which application threads were stopped: 0.0046420 seconds, Stopping threads took: 0.0000196 seconds
216.595: [GC (Allocation Failure)  663340K->344356K(1034240K), 0.0045371 secs]
216.599: Total time for which application threads were stopped: 0.0046971 seconds, Stopping threads took: 0.0000191 seconds
216.667: [GC (Allocation Failure)  665380K->350374K(1034752K), 0.0042846 secs]
216.671: Total time for which application threads were stopped: 0.0044471 seconds, Stopping threads took: 0.0000196 seconds
216.739: [GC (Allocation Failure)  671398K->350310K(1034240K), 0.0045715 secs]
216.743: Total time for which application threads were stopped: 0.0047471 seconds, Stopping threads took: 0.0000205 seconds
216.812: [GC (Allocation Failure)  671334K->352070K(1034240K), 0.0048612 secs]
216.817: Total time for which application threads were stopped: 0.0050257 seconds, Stopping threads took: 0.0000207 seconds
216.885: [GC (Allocation Failure)  673606K->358377K(1034752K), 0.0043547 secs]
216.889: Total time for which application threads were stopped: 0.0045320 seconds, Stopping threads took: 0.0000206 seconds
216.956: [GC (Allocation Failure)  679913K->358377K(1035264K), 0.0043071 secs]
216.961: Total time for which application threads were stopped: 0.0044746 seconds, Stopping threads took: 0.0000219 seconds
217.027: [GC (Allocation Failure)  680937K->362345K(1035264K), 0.0052407 secs]
217.032: Total time for which application threads were stopped: 0.0054096 seconds, Stopping threads took: 0.0000190 seconds
217.101: [GC (Allocation Failure)  684905K->366571K(1035264K), 0.0049130 secs]
217.106: Total time for which application threads were stopped: 0.0050735 seconds, Stopping threads took: 0.0000252 seconds
217.174: [GC (Allocation Failure)  689131K->366379K(1035264K), 0.0071763 secs]
217.181: Total time for which application threads were stopped: 0.0073375 seconds, Stopping threads took: 0.0000251 seconds
217.248: [GC (Allocation Failure)  688939K->362537K(1035776K), 0.0051133 secs]
217.253: Total time for which application threads were stopped: 0.0052651 seconds, Stopping threads took: 0.0000252 seconds
217.319: [GC (Allocation Failure)  686121K->366539K(1035776K), 0.0063407 secs]
217.326: Total time for which application threads were stopped: 0.0064892 seconds, Stopping threads took: 0.0000248 seconds
217.391: [GC (Allocation Failure)  690123K->366379K(1035776K), 0.0042709 secs]
217.396: Total time for which application threads were stopped: 0.0044229 seconds, Stopping threads took: 0.0000189 seconds
217.463: [GC (Allocation Failure)  689963K->369961K(1034752K), 0.0058217 secs]
217.469: Total time for which application threads were stopped: 0.0059570 seconds, Stopping threads took: 0.0000170 seconds
217.536: [GC (Allocation Failure)  693545K->366507K(1035264K), 0.0049113 secs]
217.541: Total time for which application threads were stopped: 0.0050817 seconds, Stopping threads took: 0.0000241 seconds
217.611: [GC (Allocation Failure)  688555K->366379K(1034752K), 0.0043966 secs]
217.615: Total time for which application threads were stopped: 0.0045683 seconds, Stopping threads took: 0.0000200 seconds
217.683: [GC (Allocation Failure)  688427K->374185K(1030656K), 0.0082336 secs]
217.691: Total time for which application threads were stopped: 0.0084054 seconds, Stopping threads took: 0.0000201 seconds
217.759: [GC (Allocation Failure)  692649K->369547K(1033216K), 0.0046128 secs]
217.764: Total time for which application threads were stopped: 0.0047813 seconds, Stopping threads took: 0.0000256 seconds
217.829: [GC (Allocation Failure)  688011K->369451K(1034240K), 0.0045247 secs]
217.834: Total time for which application threads were stopped: 0.0047153 seconds, Stopping threads took: 0.0000208 seconds
217.899: [GC (Allocation Failure)  689451K->370793K(1033728K), 0.0050364 secs]
217.904: Total time for which application threads were stopped: 0.0052270 seconds, Stopping threads took: 0.0000192 seconds
217.974: [GC (Allocation Failure)  690793K->369675K(1034752K), 0.0050129 secs]
217.980: Total time for which application threads were stopped: 0.0052195 seconds, Stopping threads took: 0.0000254 seconds
218.048: [GC (Allocation Failure)  690699K->369483K(1034240K), 0.0047108 secs]
218.053: Total time for which application threads were stopped: 0.0049257 seconds, Stopping threads took: 0.0000194 seconds
218.120: [GC (Allocation Failure)  690507K->369513K(1035776K), 0.0044181 secs]
218.124: Total time for which application threads were stopped: 0.0045740 seconds, Stopping threads took: 0.0000161 seconds
218.192: [GC (Allocation Failure)  692585K->369675K(1035264K), 0.0044745 secs]
218.197: Total time for which application threads were stopped: 0.0046459 seconds, Stopping threads took: 0.0000197 seconds
218.265: [GC (Allocation Failure)  692747K->369451K(1036288K), 0.0049275 secs]
218.270: Total time for which application threads were stopped: 0.0050716 seconds, Stopping threads took: 0.0000256 seconds
218.336: [GC (Allocation Failure)  694059K->376841K(1036288K), 0.0080812 secs]
218.344: Total time for which application threads were stopped: 0.0082511 seconds, Stopping threads took: 0.0000272 seconds
218.413: [GC (Allocation Failure)  701449K->372779K(1033216K), 0.0044794 secs]
218.417: Total time for which application threads were stopped: 0.0046393 seconds, Stopping threads took: 0.0000199 seconds
218.483: [GC (Allocation Failure)  694315K->372651K(1034752K), 0.0043554 secs]
218.487: Total time for which application threads were stopped: 0.0045273 seconds, Stopping threads took: 0.0000202 seconds
218.554: [GC (Allocation Failure)  694187K->367913K(1033728K), 0.0038626 secs]
218.557: Total time for which application threads were stopped: 0.0039903 seconds, Stopping threads took: 0.0000181 seconds
218.624: [GC (Allocation Failure)  688425K->372771K(1034240K), 0.0044856 secs]
218.629: Total time for which application threads were stopped: 0.0046564 seconds, Stopping threads took: 0.0000193 seconds
218.698: [GC (Allocation Failure)  693283K->376755K(1034752K), 0.0046438 secs]
218.703: Total time for which application threads were stopped: 0.0048142 seconds, Stopping threads took: 0.0000205 seconds
218.770: [GC (Allocation Failure)  697779K->370705K(1034240K), 0.0021841 secs]
218.772: Total time for which application threads were stopped: 0.0023389 seconds, Stopping threads took: 0.0000199 seconds
218.839: [GC (Allocation Failure)  691729K->376851K(1034752K), 0.0044743 secs]
218.844: Total time for which application threads were stopped: 0.0046633 seconds, Stopping threads took: 0.0000215 seconds
218.911: [GC (Allocation Failure)  697875K->380867K(1034240K), 0.0047794 secs]
218.916: Total time for which application threads were stopped: 0.0049768 seconds, Stopping threads took: 0.0000202 seconds
218.986: [GC (Allocation Failure)  701891K->374593K(1034240K), 0.0019656 secs]
218.988: Total time for which application threads were stopped: 0.0021246 seconds, Stopping threads took: 0.0000193 seconds
219.056: [GC (Allocation Failure)  696129K->381139K(1034752K), 0.0042780 secs]
219.061: Total time for which application threads were stopped: 0.0044369 seconds, Stopping threads took: 0.0000264 seconds
219.127: [GC (Allocation Failure)  702675K->385051K(1035776K), 0.0050724 secs]
219.132: Total time for which application threads were stopped: 0.0052539 seconds, Stopping threads took: 0.0000261 seconds
219.198: [GC (Allocation Failure)  708123K->381145K(1035264K), 0.0031650 secs]
219.201: Total time for which application threads were stopped: 0.0033259 seconds, Stopping threads took: 0.0000205 seconds
219.270: [GC (Allocation Failure)  704217K->385211K(1035776K), 0.0043642 secs]
219.274: Total time for which application threads were stopped: 0.0045421 seconds, Stopping threads took: 0.0000204 seconds
219.344: [GC (Allocation Failure)  708795K->389179K(1035776K), 0.0044746 secs]
219.348: Total time for which application threads were stopped: 0.0046434 seconds, Stopping threads took: 0.0000201 seconds
219.416: [GC (Allocation Failure)  712763K->389179K(1035776K), 0.0041899 secs]
219.420: Total time for which application threads were stopped: 0.0043490 seconds, Stopping threads took: 0.0000194 seconds
219.485: [GC (Allocation Failure)  712763K->389531K(1023488K), 0.0043220 secs]
219.490: Total time for which application threads were stopped: 0.0044810 seconds, Stopping threads took: 0.0000192 seconds
219.558: [GC (Allocation Failure)  713115K->397213K(1035264K), 0.0042547 secs]
219.563: Total time for which application threads were stopped: 0.0044124 seconds, Stopping threads took: 0.0000175 seconds
219.631: [GC (Allocation Failure)  719773K->397213K(1035264K), 0.0044980 secs]
219.635: Total time for which application threads were stopped: 0.0046668 seconds, Stopping threads took: 0.0000200 seconds
219.702: [GC (Allocation Failure)  719773K->397733K(1034240K), 0.0045793 secs]
219.707: Total time for which application threads were stopped: 0.0047362 seconds, Stopping threads took: 0.0000188 seconds
219.774: [GC (Allocation Failure)  719269K->405287K(1034752K), 0.0045393 secs]
219.779: Total time for which application threads were stopped: 0.0047102 seconds, Stopping threads took: 0.0000258 seconds
219.848: [GC (Allocation Failure)  726823K->405255K(1034752K), 0.0042879 secs]
219.852: Total time for which application threads were stopped: 0.0044626 seconds, Stopping threads took: 0.0000206 seconds
219.919: [GC (Allocation Failure)  726791K->405415K(1034752K), 0.0043210 secs]
219.924: Total time for which application threads were stopped: 0.0044951 seconds, Stopping threads took: 0.0000208 seconds
219.991: [GC (Allocation Failure)  726951K->413290K(1034752K), 0.0047241 secs]
219.996: Total time for which application threads were stopped: 0.0049046 seconds, Stopping threads took: 0.0000207 seconds
220.066: [GC (Allocation Failure)  734826K->413290K(1034752K), 0.0043792 secs]
220.070: Total time for which application threads were stopped: 0.0045592 seconds, Stopping threads took: 0.0000287 seconds
220.136: [GC (Allocation Failure)  734826K->413418K(1033728K), 0.0043640 secs]
220.140: Total time for which application threads were stopped: 0.0045478 seconds, Stopping threads took: 0.0000204 seconds
220.208: [GC (Allocation Failure)  733930K->421324K(1034240K), 0.0045255 secs]
220.213: Total time for which application threads were stopped: 0.0046978 seconds, Stopping threads took: 0.0000202 seconds
220.281: [GC (Allocation Failure)  741836K->421324K(1034240K), 0.0043322 secs]
220.286: Total time for which application threads were stopped: 0.0045047 seconds, Stopping threads took: 0.0000202 seconds
220.354: [GC (Allocation Failure)  741836K->421388K(1020416K), 0.0043635 secs]
220.359: Total time for which application threads were stopped: 0.0045442 seconds, Stopping threads took: 0.0000217 seconds
220.425: [GC (Allocation Failure)  741900K->429358K(1033728K), 0.0046788 secs]
220.430: Total time for which application threads were stopped: 0.0048484 seconds, Stopping threads took: 0.0000197 seconds
220.497: [GC (Allocation Failure)  748846K->429358K(1033728K), 0.0041911 secs]
220.502: Total time for which application threads were stopped: 0.0043770 seconds, Stopping threads took: 0.0000205 seconds
220.569: [GC (Allocation Failure)  748846K->429614K(1033728K), 0.0045185 secs]
220.573: Total time for which application threads were stopped: 0.0046693 seconds, Stopping threads took: 0.0000180 seconds
220.639: [GC (Allocation Failure)  749102K->437424K(1033728K), 0.0045593 secs]
220.643: Total time for which application threads were stopped: 0.0047516 seconds, Stopping threads took: 0.0000194 seconds
220.710: [GC (Allocation Failure)  756912K->437392K(1033728K), 0.0044767 secs]
220.714: Total time for which application threads were stopped: 0.0046268 seconds, Stopping threads took: 0.0000172 seconds
220.779: [GC (Allocation Failure)  756880K->437608K(1033728K), 0.0044427 secs]
220.783: Total time for which application threads were stopped: 0.0046121 seconds, Stopping threads took: 0.0000201 seconds
220.849: [GC (Allocation Failure)  757096K->445451K(1033728K), 0.0047502 secs]
220.854: Total time for which application threads were stopped: 0.0049458 seconds, Stopping threads took: 0.0000208 seconds
220.920: [GC (Allocation Failure)  764939K->441512K(1033728K), 0.0034859 secs]
220.923: Total time for which application threads were stopped: 0.0036449 seconds, Stopping threads took: 0.0000201 seconds
220.991: [GC (Allocation Failure)  761000K->445579K(1034752K), 0.0044620 secs]
220.995: Total time for which application threads were stopped: 0.0046255 seconds, Stopping threads took: 0.0000206 seconds
221.063: [GC (Allocation Failure)  766603K->449547K(1034240K), 0.0043112 secs]
221.067: Total time for which application threads were stopped: 0.0044779 seconds, Stopping threads took: 0.0000264 seconds
221.134: [GC (Allocation Failure)  770571K->443784K(1034752K), 0.0024410 secs]
221.137: Total time for which application threads were stopped: 0.0025931 seconds, Stopping threads took: 0.0000193 seconds
221.204: [GC (Allocation Failure)  765320K->449611K(1034752K), 0.0045512 secs]
221.208: Total time for which application threads were stopped: 0.0047228 seconds, Stopping threads took: 0.0000203 seconds
221.274: [GC (Allocation Failure)  771147K->453691K(1035264K), 0.0050037 secs]
221.279: Total time for which application threads were stopped: 0.0051757 seconds, Stopping threads took: 0.0000209 seconds
221.347: [GC (Allocation Failure)  775989K->449784K(1035264K), 0.0031675 secs]
221.350: Total time for which application threads were stopped: 0.0033629 seconds, Stopping threads took: 0.0000201 seconds
221.420: [GC (Allocation Failure)  772344K->453851K(1036288K), 0.0046968 secs]
221.425: Total time for which application threads were stopped: 0.0048650 seconds, Stopping threads took: 0.0000201 seconds
221.493: [GC (Allocation Failure)  777947K->457851K(1035776K), 0.0046846 secs]
221.497: Total time for which application threads were stopped: 0.0048483 seconds, Stopping threads took: 0.0000199 seconds
221.566: [GC (Allocation Failure)  781947K->457819K(1035776K), 0.0043430 secs]
221.570: Total time for which application threads were stopped: 0.0045191 seconds, Stopping threads took: 0.0000254 seconds
221.638: [GC (Allocation Failure)  781403K->457891K(1023488K), 0.0044897 secs]
221.643: Total time for which application threads were stopped: 0.0046625 seconds, Stopping threads took: 0.0000200 seconds
221.712: [GC (Allocation Failure)  781475K->465893K(1035264K), 0.0045833 secs]
221.717: Total time for which application threads were stopped: 0.0047484 seconds, Stopping threads took: 0.0000206 seconds
221.785: [GC (Allocation Failure)  788453K->465829K(1030144K), 0.0046157 secs]
221.790: Total time for which application threads were stopped: 0.0047859 seconds, Stopping threads took: 0.0000202 seconds
221.858: [GC (Allocation Failure)  788389K->465925K(1034752K), 0.0046825 secs]
221.862: Total time for which application threads were stopped: 0.0048604 seconds, Stopping threads took: 0.0000219 seconds
221.930: [GC (Allocation Failure)  787461K->473895K(1029120K), 0.0044432 secs]
221.934: Total time for which application threads were stopped: 0.0046223 seconds, Stopping threads took: 0.0000285 seconds
222.002: [GC (Allocation Failure)  795431K->473895K(1034240K), 0.0046423 secs]
222.007: Total time for which application threads were stopped: 0.0048227 seconds, Stopping threads took: 0.0000208 seconds
222.075: [GC (Allocation Failure)  794407K->474119K(1034240K), 0.0045584 secs]
222.080: Total time for which application threads were stopped: 0.0047160 seconds, Stopping threads took: 0.0000250 seconds
222.147: [GC (Allocation Failure)  794631K->481962K(1034240K), 0.0046083 secs]
222.151: Total time for which application threads were stopped: 0.0047786 seconds, Stopping threads took: 0.0000279 seconds
222.219: [GC (Allocation Failure)  802474K->481930K(1034240K), 0.0044950 secs]
222.224: Total time for which application threads were stopped: 0.0046530 seconds, Stopping threads took: 0.0000194 seconds
222.291: [GC (Allocation Failure)  802442K->482378K(1033216K), 0.0044725 secs]
222.295: Total time for which application threads were stopped: 0.0047165 seconds, Stopping threads took: 0.0000491 seconds
222.364: [GC (Allocation Failure)  801866K->489996K(1033728K), 0.0044938 secs]
222.369: Total time for which application threads were stopped: 0.0046657 seconds, Stopping threads took: 0.0000198 seconds
222.438: [GC (Allocation Failure)  809484K->489964K(1033728K), 0.0046352 secs]
222.442: Total time for which application threads were stopped: 0.0048062 seconds, Stopping threads took: 0.0000205 seconds
222.507: [GC (Allocation Failure)  809452K->490092K(1033728K), 0.0045561 secs]
222.512: Total time for which application threads were stopped: 0.0047206 seconds, Stopping threads took: 0.0000209 seconds
222.580: [GC (Allocation Failure)  809580K->497998K(1033728K), 0.0044931 secs]
222.584: Total time for which application threads were stopped: 0.0046842 seconds, Stopping threads took: 0.0000262 seconds
222.653: [GC (Allocation Failure)  817486K->497998K(1033728K), 0.0045613 secs]
222.658: Total time for which application threads were stopped: 0.0047064 seconds, Stopping threads took: 0.0000180 seconds
222.726: [GC (Allocation Failure)  817486K->498054K(1033728K), 0.0045367 secs]
222.730: Total time for which application threads were stopped: 0.0046889 seconds, Stopping threads took: 0.0000167 seconds
222.797: [GC (Allocation Failure)  817542K->506024K(1027072K), 0.0047201 secs]
222.802: Total time for which application threads were stopped: 0.0048930 seconds, Stopping threads took: 0.0000209 seconds
222.867: [GC (Allocation Failure)  825512K->502150K(1034240K), 0.0035467 secs]
222.871: Total time for which application threads were stopped: 0.0037412 seconds, Stopping threads took: 0.0000212 seconds
222.940: [GC (Allocation Failure)  821638K->506184K(1033216K), 0.0047972 secs]
222.945: Total time for which application threads were stopped: 0.0049460 seconds, Stopping threads took: 0.0000170 seconds
223.012: [GC (Allocation Failure)  825672K->510184K(1034752K), 0.0046194 secs]
223.017: Total time for which application threads were stopped: 0.0048147 seconds, Stopping threads took: 0.0000201 seconds
223.085: [GC (Allocation Failure)  831720K->503366K(1034752K), 0.0019437 secs]
223.087: Total time for which application threads were stopped: 0.0021041 seconds, Stopping threads took: 0.0000262 seconds
223.156: [GC (Allocation Failure)  824902K->510184K(1034752K), 0.0043976 secs]
223.160: Total time for which application threads were stopped: 0.0045790 seconds, Stopping threads took: 0.0000210 seconds
223.226: [GC (Allocation Failure)  831720K->514288K(1034752K), 0.0054509 secs]
223.231: Total time for which application threads were stopped: 0.0056138 seconds, Stopping threads took: 0.0000205 seconds
223.299: [GC (Allocation Failure)  835824K->508750K(1034752K), 0.0025943 secs]
223.302: Total time for which application threads were stopped: 0.0027485 seconds, Stopping threads took: 0.0000200 seconds
223.369: [GC (Allocation Failure)  830286K->514592K(1034752K), 0.0046905 secs]
223.374: Total time for which application threads were stopped: 0.0048684 seconds, Stopping threads took: 0.0000206 seconds
223.442: [GC (Allocation Failure)  836128K->518464K(1034752K), 0.0051598 secs]
223.447: Total time for which application threads were stopped: 0.0053398 seconds, Stopping threads took: 0.0000294 seconds
223.515: [GC (Allocation Failure)  840953K->514526K(1035264K), 0.0035624 secs]
223.519: Total time for which application threads were stopped: 0.0037312 seconds, Stopping threads took: 0.0000206 seconds
223.588: [GC (Allocation Failure)  837086K->518592K(1036288K), 0.0047562 secs]
223.593: Total time for which application threads were stopped: 0.0049493 seconds, Stopping threads took: 0.0000203 seconds
223.662: [GC (Allocation Failure)  842688K->522592K(1035776K), 0.0046419 secs]
223.667: Total time for which application threads were stopped: 0.0048192 seconds, Stopping threads took: 0.0000282 seconds
223.736: [GC (Allocation Failure)  846688K->522592K(1035776K), 0.0046128 secs]
223.740: Total time for which application threads were stopped: 0.0047800 seconds, Stopping threads took: 0.0000193 seconds
223.808: [GC (Allocation Failure)  846176K->522632K(1023488K), 0.0046112 secs]
223.813: Total time for which application threads were stopped: 0.0047719 seconds, Stopping threads took: 0.0000199 seconds
223.880: [GC (Allocation Failure)  846216K->530635K(1035264K), 0.0047735 secs]
223.884: Total time for which application threads were stopped: 0.0049474 seconds, Stopping threads took: 0.0000216 seconds
223.952: [GC (Allocation Failure)  853195K->530571K(1030144K), 0.0046955 secs]
223.957: Total time for which application threads were stopped: 0.0048659 seconds, Stopping threads took: 0.0000206 seconds
224.025: [GC (Allocation Failure)  853131K->530659K(1034752K), 0.0048790 secs]
224.030: Total time for which application threads were stopped: 0.0050500 seconds, Stopping threads took: 0.0000204 seconds
224.098: [GC (Allocation Failure)  852195K->538629K(1029120K), 0.0050168 secs]
224.103: Total time for which application threads were stopped: 0.0052062 seconds, Stopping threads took: 0.0000287 seconds
224.171: [GC (Allocation Failure)  860165K->538629K(1034240K), 0.0064524 secs]
224.178: Total time for which application threads were stopped: 0.0066193 seconds, Stopping threads took: 0.0000202 seconds
224.246: [GC (Allocation Failure)  859141K->538893K(1034240K), 0.0047033 secs]
224.251: Total time for which application threads were stopped: 0.0048721 seconds, Stopping threads took: 0.0000253 seconds
224.320: [GC (Allocation Failure)  859405K->546735K(1034240K), 0.0044701 secs]
224.324: Total time for which application threads were stopped: 0.0046304 seconds, Stopping threads took: 0.0000196 seconds
224.392: [GC (Allocation Failure)  867247K->546671K(1034240K), 0.0047613 secs]
224.397: Total time for which application threads were stopped: 0.0049277 seconds, Stopping threads took: 0.0000210 seconds
224.465: [GC (Allocation Failure)  867183K->547111K(1033216K), 0.0048319 secs]
224.469: Total time for which application threads were stopped: 0.0050030 seconds, Stopping threads took: 0.0000196 seconds
224.537: [GC (Allocation Failure)  866599K->554697K(1033728K), 0.0054995 secs]
224.543: Total time for which application threads were stopped: 0.0056728 seconds, Stopping threads took: 0.0000249 seconds
224.611: [GC (Allocation Failure)  874185K->554697K(1033728K), 0.0046510 secs]
224.616: Total time for which application threads were stopped: 0.0048115 seconds, Stopping threads took: 0.0000261 seconds
224.682: [GC (Allocation Failure)  874185K->554825K(1033728K), 0.0046381 secs]
224.687: Total time for which application threads were stopped: 0.0048041 seconds, Stopping threads took: 0.0000196 seconds
224.754: [GC (Allocation Failure)  874313K->562764K(1033728K), 0.0047861 secs]
224.759: Total time for which application threads were stopped: 0.0049804 seconds, Stopping threads took: 0.0000207 seconds
224.826: [GC (Allocation Failure)  882252K->562764K(1033728K), 0.0046228 secs]
224.831: Total time for which application threads were stopped: 0.0047952 seconds, Stopping threads took: 0.0000211 seconds
224.898: [GC (Allocation Failure)  882252K->562796K(1033728K), 0.0048513 secs]
224.903: Total time for which application threads were stopped: 0.0050137 seconds, Stopping threads took: 0.0000204 seconds
224.970: [GC (Allocation Failure)  882284K->570766K(1027072K), 0.0046840 secs]
224.975: Total time for which application threads were stopped: 0.0048518 seconds, Stopping threads took: 0.0000283 seconds
225.040: [GC (Allocation Failure)  890253K->566860K(1034240K), 0.0036915 secs]
225.044: Total time for which application threads were stopped: 0.0038545 seconds, Stopping threads took: 0.0000192 seconds
225.112: [GC (Allocation Failure)  886348K->570926K(1033216K), 0.0048629 secs]
225.117: Total time for which application threads were stopped: 0.0050707 seconds, Stopping threads took: 0.0000287 seconds
225.187: [GC (Allocation Failure)  890414K->574894K(1034752K), 0.0047295 secs]
225.191: Total time for which application threads were stopped: 0.0048991 seconds, Stopping threads took: 0.0000199 seconds
225.258: [GC (Allocation Failure)  896430K->568108K(1034752K), 0.0021837 secs]
225.261: Total time for which application threads were stopped: 0.0023298 seconds, Stopping threads took: 0.0000201 seconds
225.328: [GC (Allocation Failure)  889644K->574958K(1034752K), 0.0046102 secs]
225.333: Total time for which application threads were stopped: 0.0047741 seconds, Stopping threads took: 0.0000207 seconds
225.399: [GC (Allocation Failure)  896494K->579070K(1034752K), 0.0058486 secs]
225.405: Total time for which application threads were stopped: 0.0060120 seconds, Stopping threads took: 0.0000202 seconds
225.471: [GC (Allocation Failure)  900606K->573468K(1034752K), 0.0027333 secs]
225.473: Total time for which application threads were stopped: 0.0028905 seconds, Stopping threads took: 0.0000208 seconds
225.541: [GC (Allocation Failure)  895004K->579334K(1034752K), 0.0054885 secs]
225.547: Total time for which application threads were stopped: 0.0056476 seconds, Stopping threads took: 0.0000265 seconds
225.615: [GC (Allocation Failure)  900870K->583206K(1035264K), 0.0051698 secs]
225.620: Total time for which application threads were stopped: 0.0053323 seconds, Stopping threads took: 0.0000199 seconds
225.687: [GC (Allocation Failure)  905694K->579268K(1035264K), 0.0035502 secs]
225.691: Total time for which application threads were stopped: 0.0037135 seconds, Stopping threads took: 0.0000198 seconds
225.759: [GC (Allocation Failure)  901828K->583342K(1036288K), 0.0049245 secs]
225.764: Total time for which application threads were stopped: 0.0050965 seconds, Stopping threads took: 0.0000198 seconds
225.832: [GC (Allocation Failure)  907438K->587310K(1035776K), 0.0046358 secs]
225.837: Total time for which application threads were stopped: 0.0047985 seconds, Stopping threads took: 0.0000199 seconds
225.906: [GC (Allocation Failure)  911406K->587310K(1035776K), 0.0047411 secs]
225.911: Total time for which application threads were stopped: 0.0049320 seconds, Stopping threads took: 0.0000199 seconds
225.980: [GC (Allocation Failure)  910894K->587366K(1023488K), 0.0047960 secs]
225.984: Total time for which application threads were stopped: 0.0049658 seconds, Stopping threads took: 0.0000193 seconds
226.051: [GC (Allocation Failure)  910950K->595304K(1035264K), 0.0046893 secs]
226.055: Total time for which application threads were stopped: 0.0048795 seconds, Stopping threads took: 0.0000191 seconds
226.125: [GC (Allocation Failure)  917864K->595336K(1030144K), 0.0046361 secs]
226.129: Total time for which application threads were stopped: 0.0047877 seconds, Stopping threads took: 0.0000170 seconds
226.197: [GC (Allocation Failure)  917896K->595400K(1034752K), 0.0048517 secs]
226.202: Total time for which application threads were stopped: 0.0050157 seconds, Stopping threads took: 0.0000202 seconds
226.271: [GC (Allocation Failure)  916936K->603402K(1029120K), 0.0048036 secs]
226.275: Total time for which application threads were stopped: 0.0049595 seconds, Stopping threads took: 0.0000175 seconds
226.344: [GC (Allocation Failure)  924938K->603370K(1034240K), 0.0047449 secs]
226.349: Total time for which application threads were stopped: 0.0049203 seconds, Stopping threads took: 0.0000184 seconds
226.416: [GC (Allocation Failure)  923882K->603626K(1034240K), 0.0048851 secs]
226.421: Total time for which application threads were stopped: 0.0050662 seconds, Stopping threads took: 0.0000208 seconds
226.489: [GC (Allocation Failure)  924138K->611437K(1034240K), 0.0072625 secs]
226.496: Total time for which application threads were stopped: 0.0074450 seconds, Stopping threads took: 0.0000199 seconds
226.568: [GC (Allocation Failure)  931949K->611405K(1034240K), 0.0046929 secs]
226.573: Total time for which application threads were stopped: 0.0048440 seconds, Stopping threads took: 0.0000166 seconds
226.640: [GC (Allocation Failure)  931917K->611845K(1033216K), 0.0049230 secs]
226.645: Total time for which application threads were stopped: 0.0050898 seconds, Stopping threads took: 0.0000265 seconds
226.713: [GC (Allocation Failure)  931333K->619431K(1033728K), 0.0048001 secs]
226.718: Total time for which application threads were stopped: 0.0049851 seconds, Stopping threads took: 0.0000208 seconds
226.785: [GC (Allocation Failure)  938919K->619431K(1033728K), 0.0048660 secs]
226.790: Total time for which application threads were stopped: 0.0050579 seconds, Stopping threads took: 0.0000209 seconds
226.856: [GC (Allocation Failure)  938919K->619559K(1033728K), 0.0048416 secs]
226.861: Total time for which application threads were stopped: 0.0050367 seconds, Stopping threads took: 0.0000200 seconds
226.930: [GC (Allocation Failure)  939047K->627497K(1033728K), 0.0047103 secs]
226.935: Total time for which application threads were stopped: 0.0048687 seconds, Stopping threads took: 0.0000172 seconds
227.002: [GC (Allocation Failure)  946985K->627497K(1033728K), 0.0050855 secs]
227.007: Total time for which application threads were stopped: 0.0052539 seconds, Stopping threads took: 0.0000202 seconds
227.074: [GC (Allocation Failure)  946985K->627529K(1033728K), 0.0046586 secs]
227.079: Total time for which application threads were stopped: 0.0048434 seconds, Stopping threads took: 0.0000468 seconds
227.148: [GC (Allocation Failure)  947017K->635500K(1027072K), 0.0048095 secs]
227.153: Total time for which application threads were stopped: 0.0049681 seconds, Stopping threads took: 0.0000171 seconds
227.218: [GC (Allocation Failure)  954987K->631593K(1034240K), 0.0040691 secs]
227.222: Total time for which application threads were stopped: 0.0042396 seconds, Stopping threads took: 0.0000203 seconds
227.290: [GC (Allocation Failure)  951081K->635628K(1033216K), 0.0050835 secs]
227.295: Total time for which application threads were stopped: 0.0052633 seconds, Stopping threads took: 0.0000206 seconds
227.362: [GC (Allocation Failure)  955116K->639628K(1034752K), 0.0049662 secs]
227.367: Total time for which application threads were stopped: 0.0051444 seconds, Stopping threads took: 0.0000224 seconds
227.434: [GC (Allocation Failure)  961164K->632841K(1034752K), 0.0023216 secs]
227.437: Total time for which application threads were stopped: 0.0024916 seconds, Stopping threads took: 0.0000263 seconds
227.504: [GC (Allocation Failure)  954377K->639692K(1034752K), 0.0047741 secs]
227.509: Total time for which application threads were stopped: 0.0049416 seconds, Stopping threads took: 0.0000217 seconds
227.576: [GC (Allocation Failure)  961228K->643772K(1034752K), 0.0057788 secs]
227.582: Total time for which application threads were stopped: 0.0059496 seconds, Stopping threads took: 0.0000202 seconds
227.649: [GC (Allocation Failure)  965308K->638201K(1034752K), 0.0030294 secs]
227.652: Total time for which application threads were stopped: 0.0031864 seconds, Stopping threads took: 0.0000192 seconds
227.721: [GC (Allocation Failure)  959737K->644044K(1034752K), 0.0048709 secs]
227.726: Total time for which application threads were stopped: 0.0050727 seconds, Stopping threads took: 0.0000198 seconds
227.795: [GC (Allocation Failure)  965580K->647916K(1035264K), 0.0053243 secs]
227.800: Total time for which application threads were stopped: 0.0054811 seconds, Stopping threads took: 0.0000176 seconds
227.867: [GC (Allocation Failure)  970404K->644009K(1035264K), 0.0036415 secs]
227.871: Total time for which application threads were stopped: 0.0038106 seconds, Stopping threads took: 0.0000209 seconds
227.941: [GC (Allocation Failure)  966569K->648076K(1036288K), 0.0050601 secs]
227.946: Total time for which application threads were stopped: 0.0052328 seconds, Stopping threads took: 0.0000203 seconds
228.016: [GC (Allocation Failure)  972172K->652044K(1035776K), 0.0049650 secs]
228.021: Total time for which application threads were stopped: 0.0051444 seconds, Stopping threads took: 0.0000283 seconds
228.090: [GC (Allocation Failure)  976140K->652044K(1035776K), 0.0048053 secs]
228.095: Total time for which application threads were stopped: 0.0049888 seconds, Stopping threads took: 0.0000263 seconds
228.163: [GC (Allocation Failure)  975628K->652100K(1023488K), 0.0065242 secs]
228.169: Total time for which application threads were stopped: 0.0066997 seconds, Stopping threads took: 0.0000200 seconds
228.236: [GC (Allocation Failure)  975684K->660102K(1035264K), 0.0051197 secs]
228.242: Total time for which application threads were stopped: 0.0052931 seconds, Stopping threads took: 0.0000195 seconds
228.310: [GC (Allocation Failure)  982662K->660070K(1030144K), 0.0049293 secs]
228.315: Total time for which application threads were stopped: 0.0050963 seconds, Stopping threads took: 0.0000219 seconds
228.384: [GC (Allocation Failure)  982630K->660134K(1034752K), 0.0050162 secs]
228.389: Total time for which application threads were stopped: 0.0051750 seconds, Stopping threads took: 0.0000202 seconds
228.456: [GC (Allocation Failure)  981670K->668104K(1034752K), 0.0051087 secs]
228.461: Total time for which application threads were stopped: 0.0052659 seconds, Stopping threads took: 0.0000195 seconds
228.531: [GC (Allocation Failure)  989640K->668104K(1033728K), 0.0054709 secs]
228.536: Total time for which application threads were stopped: 0.0056334 seconds, Stopping threads took: 0.0000192 seconds
228.605: [GC (Allocation Failure)  988616K->668360K(1034240K), 0.0048874 secs]
228.610: Total time for which application threads were stopped: 0.0050623 seconds, Stopping threads took: 0.0000256 seconds
228.678: [GC (Allocation Failure)  988872K->676170K(1034240K), 0.0048287 secs]
228.682: Total time for which application threads were stopped: 0.0050084 seconds, Stopping threads took: 0.0000196 seconds
228.752: [GC (Allocation Failure)  996682K->676138K(1034240K), 0.0050421 secs]
228.757: Total time for which application threads were stopped: 0.0052101 seconds, Stopping threads took: 0.0000196 seconds
228.824: [GC (Allocation Failure)  996650K->676586K(1033216K), 0.0051982 secs]
228.829: Total time for which application threads were stopped: 0.0053741 seconds, Stopping threads took: 0.0000211 seconds
228.898: [GC (Allocation Failure)  996074K->684173K(1033728K), 0.0051542 secs]
228.904: Total time for which application threads were stopped: 0.0053386 seconds, Stopping threads took: 0.0000226 seconds
228.973: [GC (Allocation Failure)  1003661K->684173K(1033728K), 0.0050554 secs]
228.978: Total time for which application threads were stopped: 0.0052278 seconds, Stopping threads took: 0.0000206 seconds
229.043: [GC (Allocation Failure)  1003661K->684301K(1033728K), 0.0050737 secs]
229.048: Total time for which application threads were stopped: 0.0052422 seconds, Stopping threads took: 0.0000197 seconds
229.117: [GC (Allocation Failure)  1003789K->692239K(1033728K), 0.0049244 secs]
229.122: Total time for which application threads were stopped: 0.0051174 seconds, Stopping threads took: 0.0000287 seconds
229.189: [GC (Allocation Failure)  1011727K->692207K(1033728K), 0.0050989 secs]
229.194: Total time for which application threads were stopped: 0.0052664 seconds, Stopping threads took: 0.0000202 seconds
229.261: [GC (Allocation Failure)  1011695K->692263K(1033728K), 0.0049010 secs]
229.266: [Full GC (Ergonomics)  692263K->8540K(1033728K), 0.0120215 secs]
229.278: Total time for which application threads were stopped: 0.0171824 seconds, Stopping threads took: 0.0000210 seconds
229.345: [GC (Allocation Failure)  328028K->16703K(1027072K), 0.0037036 secs]
229.349: Total time for which application threads were stopped: 0.0038638 seconds, Stopping threads took: 0.0000209 seconds
229.415: [GC (Allocation Failure)  336190K->12812K(1034240K), 0.0025886 secs]
229.417: Total time for which application threads were stopped: 0.0027400 seconds, Stopping threads took: 0.0000199 seconds
229.485: [GC (Allocation Failure)  332300K->16871K(1033216K), 0.0039944 secs]
229.489: Total time for which application threads were stopped: 0.0041667 seconds, Stopping threads took: 0.0000224 seconds
229.558: [GC (Allocation Failure)  336359K->20839K(1034752K), 0.0037014 secs]
229.562: Total time for which application threads were stopped: 0.0038750 seconds, Stopping threads took: 0.0000196 seconds
229.630: [GC (Allocation Failure)  342375K->14052K(1034752K), 0.0009397 secs]
229.631: Total time for which application threads were stopped: 0.0010714 seconds, Stopping threads took: 0.0000271 seconds
229.701: [GC (Allocation Failure)  335588K->20911K(1034752K), 0.0034842 secs]
229.704: Total time for which application threads were stopped: 0.0036701 seconds, Stopping threads took: 0.0000211 seconds
229.772: [GC (Allocation Failure)  342447K->24991K(1034752K), 0.0047878 secs]
229.777: Total time for which application threads were stopped: 0.0049498 seconds, Stopping threads took: 0.0000202 seconds
229.842: [GC (Allocation Failure)  346527K->19420K(1034752K), 0.0014198 secs]
229.844: Total time for which application threads were stopped: 0.0015672 seconds, Stopping threads took: 0.0000195 seconds
229.913: [GC (Allocation Failure)  340956K->25263K(1034752K), 0.0039192 secs]
229.917: Total time for which application threads were stopped: 0.0040703 seconds, Stopping threads took: 0.0000176 seconds
229.984: [GC (Allocation Failure)  346799K->29135K(1035264K), 0.0041549 secs]
229.988: Total time for which application threads were stopped: 0.0043187 seconds, Stopping threads took: 0.0000202 seconds
230.056: [GC (Allocation Failure)  351623K->25196K(1035264K), 0.0023839 secs]
230.058: Total time for which application threads were stopped: 0.0025477 seconds, Stopping threads took: 0.0000199 seconds
230.127: [GC (Allocation Failure)  347756K->29287K(1036288K), 0.0039211 secs]
230.131: Total time for which application threads were stopped: 0.0041100 seconds, Stopping threads took: 0.0000220 seconds
230.200: [GC (Allocation Failure)  353383K->33255K(1035776K), 0.0037296 secs]
230.204: Total time for which application threads were stopped: 0.0039033 seconds, Stopping threads took: 0.0000205 seconds
230.274: [GC (Allocation Failure)  357351K->33287K(1035776K), 0.0035922 secs]
230.278: Total time for which application threads were stopped: 0.0037727 seconds, Stopping threads took: 0.0000199 seconds
230.348: [GC (Allocation Failure)  356871K->33319K(1023488K), 0.0038722 secs]
230.352: Total time for which application threads were stopped: 0.0040423 seconds, Stopping threads took: 0.0000201 seconds
230.419: [GC (Allocation Failure)  356903K->41321K(1035264K), 0.0039216 secs]
230.423: Total time for which application threads were stopped: 0.0040836 seconds, Stopping threads took: 0.0000192 seconds
230.490: [GC (Allocation Failure)  363881K->41289K(1030144K), 0.0037262 secs]
230.494: Total time for which application threads were stopped: 0.0039023 seconds, Stopping threads took: 0.0000195 seconds
230.564: [GC (Allocation Failure)  363849K->41353K(1034752K), 0.0035862 secs]
230.568: Total time for which application threads were stopped: 0.0037290 seconds, Stopping threads took: 0.0000167 seconds
230.635: [GC (Allocation Failure)  362889K->49323K(1029120K), 0.0038333 secs]
230.639: Total time for which application threads were stopped: 0.0040032 seconds, Stopping threads took: 0.0000291 seconds
230.707: [GC (Allocation Failure)  370859K->49323K(1034240K), 0.0037455 secs]
230.711: Total time for which application threads were stopped: 0.0039142 seconds, Stopping threads took: 0.0000206 seconds
230.778: [GC (Allocation Failure)  369835K->49579K(1034240K), 0.0037898 secs]
230.782: Total time for which application threads were stopped: 0.0039508 seconds, Stopping threads took: 0.0000196 seconds
230.849: [GC (Allocation Failure)  370091K->57357K(1034240K), 0.0037945 secs]
230.853: Total time for which application threads were stopped: 0.0039652 seconds, Stopping threads took: 0.0000202 seconds
230.921: [GC (Allocation Failure)  377869K->57357K(1034240K), 0.0038605 secs]
230.925: Total time for which application threads were stopped: 0.0040261 seconds, Stopping threads took: 0.0000198 seconds
230.991: [GC (Allocation Failure)  377869K->57805K(1033216K), 0.0037981 secs]
230.995: Total time for which application threads were stopped: 0.0039617 seconds, Stopping threads took: 0.0000203 seconds
231.065: [GC (Allocation Failure)  377293K->65392K(1033728K), 0.0037803 secs]
231.069: Total time for which application threads were stopped: 0.0039535 seconds, Stopping threads took: 0.0000262 seconds
231.137: [GC (Allocation Failure)  384880K->65424K(1033728K), 0.0051334 secs]
231.142: Total time for which application threads were stopped: 0.0053158 seconds, Stopping threads took: 0.0000258 seconds
231.207: [GC (Allocation Failure)  384912K->65544K(1033728K), 0.0037733 secs]
231.211: Total time for which application threads were stopped: 0.0039535 seconds, Stopping threads took: 0.0000210 seconds
231.279: [GC (Allocation Failure)  385032K->73418K(1033728K), 0.0037667 secs]
231.283: Total time for which application threads were stopped: 0.0039508 seconds, Stopping threads took: 0.0000280 seconds
231.350: [GC (Allocation Failure)  392906K->73418K(1033728K), 0.0037656 secs]
231.354: Total time for which application threads were stopped: 0.0039380 seconds, Stopping threads took: 0.0000208 seconds
231.422: [GC (Allocation Failure)  392906K->73482K(1033728K), 0.0039078 secs]
231.426: Total time for which application threads were stopped: 0.0040887 seconds, Stopping threads took: 0.0000222 seconds
231.493: [GC (Allocation Failure)  392970K->81452K(1027072K), 0.0038402 secs]
231.497: Total time for which application threads were stopped: 0.0040115 seconds, Stopping threads took: 0.0000203 seconds
231.565: [GC (Allocation Failure)  400940K->77546K(1034240K), 0.0025233 secs]
231.568: Total time for which application threads were stopped: 0.0026646 seconds, Stopping threads took: 0.0000241 seconds
231.635: [GC (Allocation Failure)  397034K->81612K(1033216K), 0.0039420 secs]
231.639: Total time for which application threads were stopped: 0.0041156 seconds, Stopping threads took: 0.0000224 seconds
231.707: [GC (Allocation Failure)  401100K->85580K(1034752K), 0.0038581 secs]
231.711: Total time for which application threads were stopped: 0.0040248 seconds, Stopping threads took: 0.0000201 seconds
231.777: [GC (Allocation Failure)  407116K->78794K(1034752K), 0.0011545 secs]
231.778: Total time for which application threads were stopped: 0.0012794 seconds, Stopping threads took: 0.0000199 seconds
231.845: [GC (Allocation Failure)  400330K->85612K(1034752K), 0.0036325 secs]
231.849: Total time for which application threads were stopped: 0.0038115 seconds, Stopping threads took: 0.0000193 seconds
231.916: [GC (Allocation Failure)  407148K->89724K(1034752K), 0.0046976 secs]
231.921: Total time for which application threads were stopped: 0.0048576 seconds, Stopping threads took: 0.0000180 seconds
231.989: [GC (Allocation Failure)  411260K->84186K(1034752K), 0.0017338 secs]
231.991: Total time for which application threads were stopped: 0.0018727 seconds, Stopping threads took: 0.0000198 seconds
232.059: [GC (Allocation Failure)  405722K->89988K(1034752K), 0.0037567 secs]
232.063: Total time for which application threads were stopped: 0.0039298 seconds, Stopping threads took: 0.0000211 seconds
232.130: [GC (Allocation Failure)  411524K->93892K(1034752K), 0.0066259 secs]
232.137: Total time for which application threads were stopped: 0.0067875 seconds, Stopping threads took: 0.0000199 seconds
232.204: [GC (Allocation Failure)  416380K->89986K(1035264K), 0.0025138 secs]
232.207: Total time for which application threads were stopped: 0.0026615 seconds, Stopping threads took: 0.0000197 seconds
232.275: [GC (Allocation Failure)  412546K->94028K(1036288K), 0.0042236 secs]
232.279: Total time for which application threads were stopped: 0.0043935 seconds, Stopping threads took: 0.0000198 seconds
232.346: [GC (Allocation Failure)  418124K->97996K(1035776K), 0.0038915 secs]
232.350: Total time for which application threads were stopped: 0.0040563 seconds, Stopping threads took: 0.0000191 seconds
232.421: [GC (Allocation Failure)  422092K->97996K(1035776K), 0.0038373 secs]
232.425: Total time for which application threads were stopped: 0.0039977 seconds, Stopping threads took: 0.0000204 seconds
232.492: [GC (Allocation Failure)  421580K->98060K(1023488K), 0.0036850 secs]
232.496: Total time for which application threads were stopped: 0.0038613 seconds, Stopping threads took: 0.0000200 seconds
232.565: [GC (Allocation Failure)  421644K->106062K(1035264K), 0.0039127 secs]
232.569: Total time for which application threads were stopped: 0.0040839 seconds, Stopping threads took: 0.0000195 seconds
232.637: [GC (Allocation Failure)  428622K->106030K(1030144K), 0.0038277 secs]
232.641: Total time for which application threads were stopped: 0.0040003 seconds, Stopping threads took: 0.0000203 seconds
232.708: [GC (Allocation Failure)  428590K->106086K(1034752K), 0.0039290 secs]
232.712: Total time for which application threads were stopped: 0.0041265 seconds, Stopping threads took: 0.0000204 seconds
232.781: [GC (Allocation Failure)  427622K->114057K(1034752K), 0.0041016 secs]
232.786: Total time for which application threads were stopped: 0.0042798 seconds, Stopping threads took: 0.0000279 seconds
232.854: [GC (Allocation Failure)  435593K->114057K(1033728K), 0.0038585 secs]
232.858: Total time for which application threads were stopped: 0.0040218 seconds, Stopping threads took: 0.0000210 seconds
232.925: [GC (Allocation Failure)  434569K->114313K(1034240K), 0.0037393 secs]
232.929: Total time for which application threads were stopped: 0.0039183 seconds, Stopping threads took: 0.0000290 seconds
232.997: [GC (Allocation Failure)  434825K->122091K(1034240K), 0.0037260 secs]
233.001: Total time for which application threads were stopped: 0.0038933 seconds, Stopping threads took: 0.0000213 seconds
233.070: [GC (Allocation Failure)  442603K->122091K(1034240K), 0.0039765 secs]
233.074: Total time for which application threads were stopped: 0.0041667 seconds, Stopping threads took: 0.0000209 seconds
233.142: [GC (Allocation Failure)  442603K->122539K(1033216K), 0.0038361 secs]
233.146: Total time for which application threads were stopped: 0.0040088 seconds, Stopping threads took: 0.0000218 seconds
233.214: [GC (Allocation Failure)  442027K->130125K(1033728K), 0.0040090 secs]
233.218: Total time for which application threads were stopped: 0.0041819 seconds, Stopping threads took: 0.0000206 seconds
233.285: [GC (Allocation Failure)  449613K->130093K(1033728K), 0.0053800 secs]
233.290: Total time for which application threads were stopped: 0.0055532 seconds, Stopping threads took: 0.0000226 seconds
233.356: [GC (Allocation Failure)  449581K->130253K(1033728K), 0.0041360 secs]
233.360: Total time for which application threads were stopped: 0.0043184 seconds, Stopping threads took: 0.0000197 seconds
233.427: [GC (Allocation Failure)  449741K->138191K(1033728K), 0.0037457 secs]
233.431: Total time for which application threads were stopped: 0.0039218 seconds, Stopping threads took: 0.0000221 seconds
233.499: [GC (Allocation Failure)  457679K->138191K(1033728K), 0.0038685 secs]
233.503: Total time for which application threads were stopped: 0.0040604 seconds, Stopping threads took: 0.0000195 seconds
233.573: [GC (Allocation Failure)  457679K->138215K(1033728K), 0.0038314 secs]
233.577: Total time for which application threads were stopped: 0.0040069 seconds, Stopping threads took: 0.0000267 seconds
233.644: [GC (Allocation Failure)  457703K->146218K(1027072K), 0.0039212 secs]
233.648: Total time for which application threads were stopped: 0.0040864 seconds, Stopping threads took: 0.0000261 seconds
233.713: [GC (Allocation Failure)  465705K->142279K(1034240K), 0.0029198 secs]
233.716: Total time for which application threads were stopped: 0.0030910 seconds, Stopping threads took: 0.0000202 seconds
233.785: [GC (Allocation Failure)  461767K->146346K(1033216K), 0.0040147 secs]
233.789: Total time for which application threads were stopped: 0.0041732 seconds, Stopping threads took: 0.0000196 seconds
233.857: [GC (Allocation Failure)  465834K->150314K(1034752K), 0.0037916 secs]
233.860: Total time for which application threads were stopped: 0.0039592 seconds, Stopping threads took: 0.0000202 seconds
233.927: [GC (Allocation Failure)  471850K->143527K(1034752K), 0.0011896 secs]
233.928: Total time for which application threads were stopped: 0.0013260 seconds, Stopping threads took: 0.0000278 seconds
233.997: [GC (Allocation Failure)  465063K->150378K(1034752K), 0.0039274 secs]
234.001: Total time for which application threads were stopped: 0.0041035 seconds, Stopping threads took: 0.0000195 seconds
234.067: [GC (Allocation Failure)  471914K->154426K(1034752K), 0.0049831 secs]
234.072: Total time for which application threads were stopped: 0.0051297 seconds, Stopping threads took: 0.0000191 seconds
234.139: [GC (Allocation Failure)  475962K->148887K(1034752K), 0.0017342 secs]
234.141: Total time for which application threads were stopped: 0.0018610 seconds, Stopping threads took: 0.0000174 seconds
234.210: [GC (Allocation Failure)  470423K->154762K(1034752K), 0.0041237 secs]
234.214: Total time for which application threads were stopped: 0.0042969 seconds, Stopping threads took: 0.0000202 seconds
234.281: [GC (Allocation Failure)  476298K->158634K(1035264K), 0.0042708 secs]
234.285: Total time for which application threads were stopped: 0.0044344 seconds, Stopping threads took: 0.0000211 seconds
234.354: [GC (Allocation Failure)  481122K->154695K(1035264K), 0.0027780 secs]
234.357: Total time for which application threads were stopped: 0.0029411 seconds, Stopping threads took: 0.0000195 seconds
234.425: [GC (Allocation Failure)  477255K->158762K(1036288K), 0.0040316 secs]
234.430: Total time for which application threads were stopped: 0.0042004 seconds, Stopping threads took: 0.0000193 seconds
234.497: [GC (Allocation Failure)  482858K->162762K(1035776K), 0.0039924 secs]
234.501: Total time for which application threads were stopped: 0.0041532 seconds, Stopping threads took: 0.0000201 seconds
234.571: [GC (Allocation Failure)  486858K->162730K(1035776K), 0.0037346 secs]
234.575: Total time for which application threads were stopped: 0.0038927 seconds, Stopping threads took: 0.0000264 seconds
234.643: [GC (Allocation Failure)  486314K->162794K(1023488K), 0.0039489 secs]
234.647: Total time for which application threads were stopped: 0.0041633 seconds, Stopping threads took: 0.0000197 seconds
234.714: [GC (Allocation Failure)  486378K->170796K(1035264K), 0.0041022 secs]
234.718: Total time for which application threads were stopped: 0.0042852 seconds, Stopping threads took: 0.0000391 seconds
234.788: [GC (Allocation Failure)  493356K->170764K(1030144K), 0.0037977 secs]
234.792: Total time for which application threads were stopped: 0.0039578 seconds, Stopping threads took: 0.0000199 seconds
234.861: [GC (Allocation Failure)  493324K->170828K(1034752K), 0.0040298 secs]
234.865: Total time for which application threads were stopped: 0.0042078 seconds, Stopping threads took: 0.0000202 seconds
234.934: [GC (Allocation Failure)  492364K->178798K(1029120K), 0.0040552 secs]
234.938: Total time for which application threads were stopped: 0.0042423 seconds, Stopping threads took: 0.0000207 seconds
235.006: [GC (Allocation Failure)  500334K->178798K(1034240K), 0.0039363 secs]
235.010: Total time for which application threads were stopped: 0.0040975 seconds, Stopping threads took: 0.0000203 seconds
235.078: [GC (Allocation Failure)  499310K->179046K(1034240K), 0.0039499 secs]
235.082: Total time for which application threads were stopped: 0.0041201 seconds, Stopping threads took: 0.0000277 seconds
235.150: [GC (Allocation Failure)  499558K->186825K(1034240K), 0.0039678 secs]
235.154: Total time for which application threads were stopped: 0.0041690 seconds, Stopping threads took: 0.0000200 seconds
235.222: [GC (Allocation Failure)  507337K->186825K(1034240K), 0.0039860 secs]
235.226: Total time for which application threads were stopped: 0.0041625 seconds, Stopping threads took: 0.0000257 seconds
235.294: [GC (Allocation Failure)  507337K->187265K(1033216K), 0.0040139 secs]
235.298: Total time for which application threads were stopped: 0.0041811 seconds, Stopping threads took: 0.0000209 seconds
235.366: [GC (Allocation Failure)  506753K->194883K(1033728K), 0.0042306 secs]
235.370: Total time for which application threads were stopped: 0.0044021 seconds, Stopping threads took: 0.0000198 seconds
235.437: [GC (Allocation Failure)  514371K->194851K(1033728K), 0.0041302 secs]
235.442: Total time for which application threads were stopped: 0.0042912 seconds, Stopping threads took: 0.0000199 seconds
235.506: [GC (Allocation Failure)  514339K->194979K(1033728K), 0.0039657 secs]
235.510: Total time for which application threads were stopped: 0.0041433 seconds, Stopping threads took: 0.0000222 seconds
235.579: [GC (Allocation Failure)  514467K->202853K(1033728K), 0.0038237 secs]
235.582: Total time for which application threads were stopped: 0.0039903 seconds, Stopping threads took: 0.0000271 seconds
235.649: [GC (Allocation Failure)  522341K->202885K(1033728K), 0.0039201 secs]
235.653: Total time for which application threads were stopped: 0.0040843 seconds, Stopping threads took: 0.0000200 seconds
235.720: [GC (Allocation Failure)  522373K->202949K(1033728K), 0.0043271 secs]
235.724: Total time for which application threads were stopped: 0.0044946 seconds, Stopping threads took: 0.0000199 seconds
235.791: [GC (Allocation Failure)  522437K->210919K(1027072K), 0.0040524 secs]
235.795: Total time for which application threads were stopped: 0.0042464 seconds, Stopping threads took: 0.0000200 seconds
235.862: [GC (Allocation Failure)  530407K->207013K(1034240K), 0.0028138 secs]
235.865: Total time for which application threads were stopped: 0.0030073 seconds, Stopping threads took: 0.0000308 seconds
235.934: [GC (Allocation Failure)  526501K->211087K(1033216K), 0.0047207 secs]
235.939: Total time for which application threads were stopped: 0.0048851 seconds, Stopping threads took: 0.0000178 seconds
236.006: [GC (Allocation Failure)  530575K->215055K(1034752K), 0.0040666 secs]
236.010: Total time for which application threads were stopped: 0.0042353 seconds, Stopping threads took: 0.0000201 seconds
236.079: [GC (Allocation Failure)  536591K->208269K(1034752K), 0.0012754 secs]
236.080: Total time for which application threads were stopped: 0.0014016 seconds, Stopping threads took: 0.0000259 seconds
236.147: [GC (Allocation Failure)  529805K->215127K(1034752K), 0.0040009 secs]
236.151: Total time for which application threads were stopped: 0.0041769 seconds, Stopping threads took: 0.0000257 seconds
236.217: [GC (Allocation Failure)  536663K->219175K(1034752K), 0.0073327 secs]
236.224: Total time for which application threads were stopped: 0.0075288 seconds, Stopping threads took: 0.0000207 seconds
236.291: [GC (Allocation Failure)  540711K->213669K(1034752K), 0.0019895 secs]
236.293: Total time for which application threads were stopped: 0.0021366 seconds, Stopping threads took: 0.0000169 seconds
236.363: [GC (Allocation Failure)  535205K->219511K(1034752K), 0.0040426 secs]
236.367: Total time for which application threads were stopped: 0.0042066 seconds, Stopping threads took: 0.0000203 seconds
236.436: [GC (Allocation Failure)  541047K->223351K(1034752K), 0.0045676 secs]
236.441: Total time for which application threads were stopped: 0.0047386 seconds, Stopping threads took: 0.0000200 seconds
236.509: [GC (Allocation Failure)  545840K->219445K(1035264K), 0.0028945 secs]
236.512: Total time for which application threads were stopped: 0.0030592 seconds, Stopping threads took: 0.0000203 seconds
236.581: [GC (Allocation Failure)  542005K->223503K(1036288K), 0.0040861 secs]
236.585: Total time for which application threads were stopped: 0.0042564 seconds, Stopping threads took: 0.0000280 seconds
236.652: [GC (Allocation Failure)  547599K->227471K(1035776K), 0.0040336 secs]
236.657: Total time for which application threads were stopped: 0.0042174 seconds, Stopping threads took: 0.0000283 seconds
236.726: [GC (Allocation Failure)  551567K->227471K(1035776K), 0.0041054 secs]
236.731: Total time for which application threads were stopped: 0.0042750 seconds, Stopping threads took: 0.0000200 seconds
236.798: [GC (Allocation Failure)  551055K->227527K(1023488K), 0.0041237 secs]
236.802: Total time for which application threads were stopped: 0.0043166 seconds, Stopping threads took: 0.0000199 seconds
236.871: [GC (Allocation Failure)  551111K->235530K(1035264K), 0.0042764 secs]
236.875: Total time for which application threads were stopped: 0.0044575 seconds, Stopping threads took: 0.0000204 seconds
236.945: [GC (Allocation Failure)  558090K->235498K(1030144K), 0.0038464 secs]
236.949: Total time for which application threads were stopped: 0.0040083 seconds, Stopping threads took: 0.0000201 seconds
237.017: [GC (Allocation Failure)  558058K->235562K(1034752K), 0.0041205 secs]
237.021: Total time for which application threads were stopped: 0.0042800 seconds, Stopping threads took: 0.0000197 seconds
237.089: [GC (Allocation Failure)  557098K->243564K(1029120K), 0.0041230 secs]
237.093: Total time for which application threads were stopped: 0.0042925 seconds, Stopping threads took: 0.0000275 seconds
237.162: [GC (Allocation Failure)  565100K->243532K(1034240K), 0.0040111 secs]
237.166: Total time for which application threads were stopped: 0.0041790 seconds, Stopping threads took: 0.0000202 seconds
237.233: [GC (Allocation Failure)  564044K->243788K(1034240K), 0.0041143 secs]
237.237: Total time for which application threads were stopped: 0.0042854 seconds, Stopping threads took: 0.0000223 seconds
237.305: [GC (Allocation Failure)  564300K->251598K(1034240K), 0.0040460 secs]
237.309: Total time for which application threads were stopped: 0.0042109 seconds, Stopping threads took: 0.0000202 seconds
237.378: [GC (Allocation Failure)  572110K->251566K(1034240K), 0.0055040 secs]
237.383: Total time for which application threads were stopped: 0.0056938 seconds, Stopping threads took: 0.0000199 seconds
237.451: [GC (Allocation Failure)  572078K->251982K(1033216K), 0.0042500 secs]
237.455: Total time for which application threads were stopped: 0.0044254 seconds, Stopping threads took: 0.0000215 seconds
237.523: [GC (Allocation Failure)  571470K->259568K(1033728K), 0.0040733 secs]
237.527: Total time for which application threads were stopped: 0.0042380 seconds, Stopping threads took: 0.0000205 seconds
237.597: [GC (Allocation Failure)  579056K->259600K(1033728K), 0.0038791 secs]
237.601: Total time for which application threads were stopped: 0.0040248 seconds, Stopping threads took: 0.0000256 seconds
237.667: [GC (Allocation Failure)  579088K->259720K(1033728K), 0.0042076 secs]
237.671: Total time for which application threads were stopped: 0.0043690 seconds, Stopping threads took: 0.0000195 seconds
237.738: [GC (Allocation Failure)  579208K->267659K(1033728K), 0.0040543 secs]
237.742: Total time for which application threads were stopped: 0.0042475 seconds, Stopping threads took: 0.0000202 seconds
237.811: [GC (Allocation Failure)  587147K->267595K(1033728K), 0.0040300 secs]
237.815: Total time for which application threads were stopped: 0.0041796 seconds, Stopping threads took: 0.0000171 seconds
237.882: [GC (Allocation Failure)  587083K->267691K(1033728K), 0.0042026 secs]
237.886: Total time for which application threads were stopped: 0.0043719 seconds, Stopping threads took: 0.0000203 seconds
237.952: [GC (Allocation Failure)  587179K->275661K(1027072K), 0.0043476 secs]
237.957: Total time for which application threads were stopped: 0.0045189 seconds, Stopping threads took: 0.0000203 seconds
238.022: [GC (Allocation Failure)  595148K->271755K(1034240K), 0.0030037 secs]
238.025: Total time for which application threads were stopped: 0.0031715 seconds, Stopping threads took: 0.0000201 seconds
238.095: [GC (Allocation Failure)  591243K->275821K(1033216K), 0.0042069 secs]
238.099: Total time for which application threads were stopped: 0.0044095 seconds, Stopping threads took: 0.0000281 seconds
238.168: [GC (Allocation Failure)  595309K->279821K(1034752K), 0.0042227 secs]
238.172: Total time for which application threads were stopped: 0.0043931 seconds, Stopping threads took: 0.0000210 seconds
238.238: [GC (Allocation Failure)  601357K->273003K(1034752K), 0.0014810 secs]
238.240: Total time for which application threads were stopped: 0.0016127 seconds, Stopping threads took: 0.0000203 seconds
238.307: [GC (Allocation Failure)  594539K->279821K(1034752K), 0.0039638 secs]
238.311: Total time for which application threads were stopped: 0.0041337 seconds, Stopping threads took: 0.0000201 seconds
238.377: [GC (Allocation Failure)  601357K->283933K(1034752K), 0.0051566 secs]
238.382: Total time for which application threads were stopped: 0.0053250 seconds, Stopping threads took: 0.0000193 seconds
238.448: [GC (Allocation Failure)  605469K->278395K(1034752K), 0.0021668 secs]
238.450: Total time for which application threads were stopped: 0.0023158 seconds, Stopping threads took: 0.0000203 seconds
238.517: [GC (Allocation Failure)  599931K->284237K(1034752K), 0.0042951 secs]
238.521: Total time for which application threads were stopped: 0.0044566 seconds, Stopping threads took: 0.0000199 seconds
238.590: [GC (Allocation Failure)  605773K->288077K(1034752K), 0.0044168 secs]
238.594: Total time for which application threads were stopped: 0.0046033 seconds, Stopping threads took: 0.0000264 seconds
238.661: [GC (Allocation Failure)  610565K->284171K(1035264K), 0.0029698 secs]
238.664: Total time for which application threads were stopped: 0.0031372 seconds, Stopping threads took: 0.0000201 seconds
238.732: [GC (Allocation Failure)  606731K->288205K(1036288K), 0.0043101 secs]
238.736: Total time for which application threads were stopped: 0.0045067 seconds, Stopping threads took: 0.0000204 seconds
238.806: [GC (Allocation Failure)  612301K->292205K(1035776K), 0.0039877 secs]
238.810: Total time for which application threads were stopped: 0.0041392 seconds, Stopping threads took: 0.0000171 seconds
238.878: [GC (Allocation Failure)  616301K->292205K(1035776K), 0.0041088 secs]
238.883: Total time for which application threads were stopped: 0.0042726 seconds, Stopping threads took: 0.0000194 seconds
238.952: [GC (Allocation Failure)  615789K->292261K(1023488K), 0.0042103 secs]
238.956: Total time for which application threads were stopped: 0.0043888 seconds, Stopping threads took: 0.0000189 seconds
239.024: [GC (Allocation Failure)  615845K->300263K(1035264K), 0.0043025 secs]
239.029: Total time for which application threads were stopped: 0.0044815 seconds, Stopping threads took: 0.0000166 seconds
239.098: [GC (Allocation Failure)  622823K->300263K(1030144K), 0.0039743 secs]
239.103: Total time for which application threads were stopped: 0.0041274 seconds, Stopping threads took: 0.0000248 seconds
239.170: [GC (Allocation Failure)  622823K->300287K(1034752K), 0.0064649 secs]
239.177: Total time for which application threads were stopped: 0.0066590 seconds, Stopping threads took: 0.0000262 seconds
239.246: [GC (Allocation Failure)  621823K->308257K(1029120K), 0.0044843 secs]
239.251: Total time for which application threads were stopped: 0.0046487 seconds, Stopping threads took: 0.0000177 seconds
239.319: [GC (Allocation Failure)  629793K->308257K(1034240K), 0.0041703 secs]
239.323: Total time for which application threads were stopped: 0.0043398 seconds, Stopping threads took: 0.0000208 seconds
239.390: [GC (Allocation Failure)  628769K->308521K(1034240K), 0.0042002 secs]
239.395: Total time for which application threads were stopped: 0.0043750 seconds, Stopping threads took: 0.0000203 seconds
239.465: [GC (Allocation Failure)  629033K->316332K(1034240K), 0.0042307 secs]
239.470: Total time for which application threads were stopped: 0.0043929 seconds, Stopping threads took: 0.0000196 seconds
239.537: [GC (Allocation Failure)  636844K->316300K(1034240K), 0.0056308 secs]
239.543: Total time for which application threads were stopped: 0.0057915 seconds, Stopping threads took: 0.0000252 seconds
239.611: [GC (Allocation Failure)  636812K->316748K(1033216K), 0.0040973 secs]
239.615: Total time for which application threads were stopped: 0.0042706 seconds, Stopping threads took: 0.0000283 seconds
239.684: [GC (Allocation Failure)  636236K->324334K(1033728K), 0.0043546 secs]
239.689: Total time for which application threads were stopped: 0.0045127 seconds, Stopping threads took: 0.0000258 seconds
239.757: [GC (Allocation Failure)  643822K->324334K(1033728K), 0.0042687 secs]
239.761: Total time for which application threads were stopped: 0.0044802 seconds, Stopping threads took: 0.0000201 seconds
239.827: [GC (Allocation Failure)  643822K->324462K(1033728K), 0.0042213 secs]
239.831: Total time for which application threads were stopped: 0.0043923 seconds, Stopping threads took: 0.0000204 seconds
239.900: [GC (Allocation Failure)  643950K->332336K(1033728K), 0.0042384 secs]
239.904: Total time for which application threads were stopped: 0.0043990 seconds, Stopping threads took: 0.0000204 seconds
239.973: [GC (Allocation Failure)  651824K->332400K(1033728K), 0.0043227 secs]
239.978: Total time for which application threads were stopped: 0.0044959 seconds, Stopping threads took: 0.0000201 seconds
240.045: [GC (Allocation Failure)  651888K->332424K(1033728K), 0.0042930 secs]
240.049: Total time for which application threads were stopped: 0.0044561 seconds, Stopping threads took: 0.0000205 seconds
240.119: [GC (Allocation Failure)  651912K->340363K(1027072K), 0.0042552 secs]
240.123: Total time for which application threads were stopped: 0.0044241 seconds, Stopping threads took: 0.0000178 seconds
240.188: [GC (Allocation Failure)  659850K->336520K(1034240K), 0.0031707 secs]
240.192: Total time for which application threads were stopped: 0.0033296 seconds, Stopping threads took: 0.0000201 seconds
240.260: [GC (Allocation Failure)  656008K->340555K(1033216K), 0.0043925 secs]
240.264: Total time for which application threads were stopped: 0.0045818 seconds, Stopping threads took: 0.0000196 seconds
240.333: [GC (Allocation Failure)  660043K->344523K(1034752K), 0.0042426 secs]
240.337: Total time for which application threads were stopped: 0.0044295 seconds, Stopping threads took: 0.0000305 seconds
240.403: [GC (Allocation Failure)  666059K->337736K(1034752K), 0.0024658 secs]
240.406: Total time for which application threads were stopped: 0.0025987 seconds, Stopping threads took: 0.0000197 seconds
240.473: [GC (Allocation Failure)  659272K->344595K(1034752K), 0.0040996 secs]
240.477: Total time for which application threads were stopped: 0.0042683 seconds, Stopping threads took: 0.0000201 seconds
240.543: [GC (Allocation Failure)  666131K->348675K(1034752K), 0.0067565 secs]
240.550: Total time for which application threads were stopped: 0.0069500 seconds, Stopping threads took: 0.0000262 seconds
240.616: [GC (Allocation Failure)  670211K->343136K(1034752K), 0.0023623 secs]
240.618: Total time for which application threads were stopped: 0.0025423 seconds, Stopping threads took: 0.0000287 seconds
240.685: [GC (Allocation Failure)  664672K->348947K(1034752K), 0.0042844 secs]
240.690: Total time for which application threads were stopped: 0.0044647 seconds, Stopping threads took: 0.0000220 seconds
240.757: [GC (Allocation Failure)  670483K->352819K(1034752K), 0.0047625 secs]
240.761: Total time for which application threads were stopped: 0.0049331 seconds, Stopping threads took: 0.0000228 seconds
240.828: [GC (Allocation Failure)  675307K->348880K(1035264K), 0.0030235 secs]
240.831: Total time for which application threads were stopped: 0.0031886 seconds, Stopping threads took: 0.0000279 seconds
240.901: [GC (Allocation Failure)  671440K->352971K(1036288K), 0.0042577 secs]
240.905: Total time for which application threads were stopped: 0.0044202 seconds, Stopping threads took: 0.0000201 seconds
240.973: [GC (Allocation Failure)  677067K->356971K(1035776K), 0.0043413 secs]
240.977: Total time for which application threads were stopped: 0.0045029 seconds, Stopping threads took: 0.0000200 seconds
241.045: [GC (Allocation Failure)  681067K->356939K(1035776K), 0.0041890 secs]
241.050: Total time for which application threads were stopped: 0.0043839 seconds, Stopping threads took: 0.0000192 seconds
241.119: [GC (Allocation Failure)  680523K->356995K(1023488K), 0.0044792 secs]
241.124: Total time for which application threads were stopped: 0.0046623 seconds, Stopping threads took: 0.0000273 seconds
241.192: [GC (Allocation Failure)  680579K->364997K(1035264K), 0.0043462 secs]
241.197: Total time for which application threads were stopped: 0.0045194 seconds, Stopping threads took: 0.0000217 seconds
241.265: [GC (Allocation Failure)  687557K->364965K(1030144K), 0.0042641 secs]
241.269: Total time for which application threads were stopped: 0.0044345 seconds, Stopping threads took: 0.0000206 seconds
241.337: [GC (Allocation Failure)  687525K->365029K(1034752K), 0.0043588 secs]
241.341: Total time for which application threads were stopped: 0.0045220 seconds, Stopping threads took: 0.0000200 seconds
241.410: [GC (Allocation Failure)  686565K->372967K(1034752K), 0.0052416 secs]
241.415: Total time for which application threads were stopped: 0.0054153 seconds, Stopping threads took: 0.0000206 seconds
241.483: [GC (Allocation Failure)  694503K->372999K(1033728K), 0.0040836 secs]
241.487: Total time for which application threads were stopped: 0.0042371 seconds, Stopping threads took: 0.0000215 seconds
241.557: [GC (Allocation Failure)  693511K->373255K(1034240K), 0.0042402 secs]
241.561: Total time for which application threads were stopped: 0.0043987 seconds, Stopping threads took: 0.0000166 seconds
241.629: [GC (Allocation Failure)  693767K->381065K(1034240K), 0.0042062 secs]
241.633: Total time for which application threads were stopped: 0.0043779 seconds, Stopping threads took: 0.0000195 seconds
241.701: [GC (Allocation Failure)  701577K->381033K(1034240K), 0.0044812 secs]
241.705: Total time for which application threads were stopped: 0.0046380 seconds, Stopping threads took: 0.0000196 seconds
241.772: [GC (Allocation Failure)  701545K->381481K(1033216K), 0.0042836 secs]
241.776: Total time for which application threads were stopped: 0.0044398 seconds, Stopping threads took: 0.0000199 seconds
241.845: [GC (Allocation Failure)  700969K->389068K(1033728K), 0.0046077 secs]
241.850: Total time for which application threads were stopped: 0.0047680 seconds, Stopping threads took: 0.0000179 seconds
241.917: [GC (Allocation Failure)  708556K->389036K(1033728K), 0.0042390 secs]
241.922: Total time for which application threads were stopped: 0.0044163 seconds, Stopping threads took: 0.0000208 seconds
241.988: [GC (Allocation Failure)  708524K->389196K(1033728K), 0.0042854 secs]
241.993: Total time for which application threads were stopped: 0.0044444 seconds, Stopping threads took: 0.0000177 seconds
242.062: [GC (Allocation Failure)  708684K->397134K(1033728K), 0.0042548 secs]
242.067: Total time for which application threads were stopped: 0.0044267 seconds, Stopping threads took: 0.0000202 seconds
242.135: [GC (Allocation Failure)  716622K->397070K(1033728K), 0.0043129 secs]
242.139: Total time for which application threads were stopped: 0.0044785 seconds, Stopping threads took: 0.0000264 seconds
242.206: [GC (Allocation Failure)  716558K->397166K(1033728K), 0.0045675 secs]
242.211: Total time for which application threads were stopped: 0.0047434 seconds, Stopping threads took: 0.0000213 seconds
242.279: [GC (Allocation Failure)  716654K->405136K(1027072K), 0.0045826 secs]
242.284: Total time for which application threads were stopped: 0.0047771 seconds, Stopping threads took: 0.0000214 seconds
242.351: [GC (Allocation Failure)  724624K->401262K(1034240K), 0.0033977 secs]
242.354: Total time for which application threads were stopped: 0.0035664 seconds, Stopping threads took: 0.0000200 seconds
242.422: [GC (Allocation Failure)  720750K->405256K(1033216K), 0.0044639 secs]
242.427: Total time for which application threads were stopped: 0.0046358 seconds, Stopping threads took: 0.0000206 seconds
242.495: [GC (Allocation Failure)  724744K->409288K(1034752K), 0.0064210 secs]
242.501: Total time for which application threads were stopped: 0.0065954 seconds, Stopping threads took: 0.0000212 seconds
242.569: [GC (Allocation Failure)  730824K->402470K(1034752K), 0.0018126 secs]
242.571: Total time for which application threads were stopped: 0.0019540 seconds, Stopping threads took: 0.0000196 seconds
242.641: [GC (Allocation Failure)  724006K->409288K(1034752K), 0.0042401 secs]
242.645: Total time for which application threads were stopped: 0.0044120 seconds, Stopping threads took: 0.0000269 seconds
242.711: [GC (Allocation Failure)  730824K->413400K(1034752K), 0.0053576 secs]
242.717: Total time for which application threads were stopped: 0.0055330 seconds, Stopping threads took: 0.0000218 seconds
242.782: [GC (Allocation Failure)  734936K->407830K(1034752K), 0.0023575 secs]
242.785: Total time for which application threads were stopped: 0.0025450 seconds, Stopping threads took: 0.0000207 seconds
242.854: [GC (Allocation Failure)  729366K->413664K(1034752K), 0.0045853 secs]
242.859: Total time for which application threads were stopped: 0.0047448 seconds, Stopping threads took: 0.0000206 seconds
242.926: [GC (Allocation Failure)  735200K->417536K(1034752K), 0.0048805 secs]
242.931: Total time for which application threads were stopped: 0.0050485 seconds, Stopping threads took: 0.0000194 seconds
242.997: [GC (Allocation Failure)  740024K->413662K(1035264K), 0.0032202 secs]
243.001: Total time for which application threads were stopped: 0.0033932 seconds, Stopping threads took: 0.0000198 seconds
243.069: [GC (Allocation Failure)  736222K->417704K(1036288K), 0.0046645 secs]
243.073: Total time for which application threads were stopped: 0.0048259 seconds, Stopping threads took: 0.0000201 seconds
243.142: [GC (Allocation Failure)  741800K->421672K(1035776K), 0.0044203 secs]
243.146: Total time for which application threads were stopped: 0.0045921 seconds, Stopping threads took: 0.0000283 seconds
243.214: [GC (Allocation Failure)  745768K->421704K(1035776K), 0.0044057 secs]
243.219: Total time for which application threads were stopped: 0.0045784 seconds, Stopping threads took: 0.0000196 seconds
243.288: [GC (Allocation Failure)  745288K->421736K(1023488K), 0.0043039 secs]
243.293: Total time for which application threads were stopped: 0.0044534 seconds, Stopping threads took: 0.0000175 seconds
243.359: [GC (Allocation Failure)  745320K->429706K(1035264K), 0.0044731 secs]
243.364: Total time for which application threads were stopped: 0.0046528 seconds, Stopping threads took: 0.0000198 seconds
243.432: [GC (Allocation Failure)  752266K->429706K(1030144K), 0.0043419 secs]
243.436: Total time for which application threads were stopped: 0.0045112 seconds, Stopping threads took: 0.0000205 seconds
243.504: [GC (Allocation Failure)  752266K->429762K(1034752K), 0.0047196 secs]
243.508: Total time for which application threads were stopped: 0.0048913 seconds, Stopping threads took: 0.0000210 seconds
243.577: [GC (Allocation Failure)  751298K->437765K(1029120K), 0.0049839 secs]
243.582: Total time for which application threads were stopped: 0.0051466 seconds, Stopping threads took: 0.0000210 seconds
243.651: [GC (Allocation Failure)  759301K->437765K(1034240K), 0.0042178 secs]
243.655: Total time for which application threads were stopped: 0.0043814 seconds, Stopping threads took: 0.0000192 seconds
243.722: [GC (Allocation Failure)  758277K->437989K(1034240K), 0.0046169 secs]
243.727: Total time for which application threads were stopped: 0.0048066 seconds, Stopping threads took: 0.0000192 seconds
243.796: [GC (Allocation Failure)  758501K->445799K(1034240K), 0.0044462 secs]
243.800: Total time for which application threads were stopped: 0.0046131 seconds, Stopping threads took: 0.0000261 seconds
243.868: [GC (Allocation Failure)  766311K->445767K(1034240K), 0.0046689 secs]
243.873: Total time for which application threads were stopped: 0.0048400 seconds, Stopping threads took: 0.0000204 seconds
243.939: [GC (Allocation Failure)  766279K->446215K(1033216K), 0.0046047 secs]
243.944: Total time for which application threads were stopped: 0.0047806 seconds, Stopping threads took: 0.0000202 seconds
244.013: [GC (Allocation Failure)  765703K->453801K(1033728K), 0.0044875 secs]
244.018: Total time for which application threads were stopped: 0.0046672 seconds, Stopping threads took: 0.0000202 seconds
244.086: [GC (Allocation Failure)  773289K->453769K(1033728K), 0.0043375 secs]
244.090: Total time for which application threads were stopped: 0.0045038 seconds, Stopping threads took: 0.0000258 seconds
244.155: [GC (Allocation Failure)  773257K->453929K(1033728K), 0.0046219 secs]
244.160: Total time for which application threads were stopped: 0.0047845 seconds, Stopping threads took: 0.0000200 seconds
244.229: [GC (Allocation Failure)  773417K->461867K(1033728K), 0.0045064 secs]
244.234: Total time for which application threads were stopped: 0.0046959 seconds, Stopping threads took: 0.0000203 seconds
244.302: [GC (Allocation Failure)  781355K->461835K(1033728K), 0.0066627 secs]
244.309: Total time for which application threads were stopped: 0.0068349 seconds, Stopping threads took: 0.0000177 seconds
244.376: [GC (Allocation Failure)  781323K->461899K(1033728K), 0.0046242 secs]
244.380: Total time for which application threads were stopped: 0.0048197 seconds, Stopping threads took: 0.0000210 seconds
244.449: [GC (Allocation Failure)  781387K->469902K(1027072K), 0.0047620 secs]
244.454: Total time for which application threads were stopped: 0.0049521 seconds, Stopping threads took: 0.0000279 seconds
244.520: [GC (Allocation Failure)  789389K->465995K(1034240K), 0.0033935 secs]
244.523: Total time for which application threads were stopped: 0.0035867 seconds, Stopping threads took: 0.0000205 seconds
244.594: [GC (Allocation Failure)  785483K->470030K(1033216K), 0.0045110 secs]
244.599: Total time for which application threads were stopped: 0.0046731 seconds, Stopping threads took: 0.0000267 seconds
244.667: [GC (Allocation Failure)  789518K->474030K(1034752K), 0.0045794 secs]
244.672: Total time for which application threads were stopped: 0.0047501 seconds, Stopping threads took: 0.0000202 seconds
244.740: [GC (Allocation Failure)  795566K->467179K(1034752K), 0.0019372 secs]
244.742: Total time for which application threads were stopped: 0.0020786 seconds, Stopping threads took: 0.0000199 seconds
244.809: [GC (Allocation Failure)  788715K->474038K(1034752K), 0.0045923 secs]
244.813: Total time for which application threads were stopped: 0.0047650 seconds, Stopping threads took: 0.0000204 seconds
244.879: [GC (Allocation Failure)  795574K->478150K(1034752K), 0.0055498 secs]
244.884: Total time for which application threads were stopped: 0.0057118 seconds, Stopping threads took: 0.0000208 seconds
244.950: [GC (Allocation Failure)  799686K->472579K(1034752K), 0.0032086 secs]
244.953: Total time for which application threads were stopped: 0.0033736 seconds, Stopping threads took: 0.0000195 seconds
245.020: [GC (Allocation Failure)  794115K->478414K(1034752K), 0.0045749 secs]
245.025: Total time for which application threads were stopped: 0.0047453 seconds, Stopping threads took: 0.0000197 seconds
245.094: [GC (Allocation Failure)  799950K->482286K(1034752K), 0.0047937 secs]
245.099: Total time for which application threads were stopped: 0.0049673 seconds, Stopping threads took: 0.0000285 seconds
245.168: [GC (Allocation Failure)  804774K->478379K(1035264K), 0.0034531 secs]
245.171: Total time for which application threads were stopped: 0.0036129 seconds, Stopping threads took: 0.0000200 seconds
245.240: [GC (Allocation Failure)  800939K->482446K(1036288K), 0.0047526 secs]
245.245: Total time for which application threads were stopped: 0.0049472 seconds, Stopping threads took: 0.0000203 seconds
245.313: [GC (Allocation Failure)  806542K->486414K(1035776K), 0.0046067 secs]
245.318: Total time for which application threads were stopped: 0.0047857 seconds, Stopping threads took: 0.0000202 seconds
245.386: [GC (Allocation Failure)  810510K->486414K(1035776K), 0.0043429 secs]
245.391: Total time for which application threads were stopped: 0.0045357 seconds, Stopping threads took: 0.0000196 seconds
245.460: [GC (Allocation Failure)  809998K->486470K(1023488K), 0.0044972 secs]
245.464: Total time for which application threads were stopped: 0.0046686 seconds, Stopping threads took: 0.0000170 seconds
245.533: [GC (Allocation Failure)  810054K->494472K(1035264K), 0.0054381 secs]
245.538: Total time for which application threads were stopped: 0.0056176 seconds, Stopping threads took: 0.0000168 seconds
245.608: [GC (Allocation Failure)  817032K->494440K(1030144K), 0.0043711 secs]
245.612: Total time for which application threads were stopped: 0.0045329 seconds, Stopping threads took: 0.0000253 seconds
245.679: [GC (Allocation Failure)  817000K->494504K(1034752K), 0.0045472 secs]
245.684: Total time for which application threads were stopped: 0.0046928 seconds, Stopping threads took: 0.0000171 seconds
245.751: [GC (Allocation Failure)  816040K->502474K(1034752K), 0.0047341 secs]
245.756: Total time for which application threads were stopped: 0.0048958 seconds, Stopping threads took: 0.0000200 seconds
245.826: [GC (Allocation Failure)  824010K->502442K(1033728K), 0.0044505 secs]
245.831: Total time for which application threads were stopped: 0.0046196 seconds, Stopping threads took: 0.0000204 seconds
245.898: [GC (Allocation Failure)  822954K->502698K(1034240K), 0.0046104 secs]
245.903: Total time for which application threads were stopped: 0.0048134 seconds, Stopping threads took: 0.0000191 seconds
245.972: [GC (Allocation Failure)  823210K->510541K(1034240K), 0.0045712 secs]
245.977: Total time for which application threads were stopped: 0.0047345 seconds, Stopping threads took: 0.0000199 seconds
246.044: [GC (Allocation Failure)  831053K->510509K(1034240K), 0.0047523 secs]
246.049: Total time for which application threads were stopped: 0.0050782 seconds, Stopping threads took: 0.0000194 seconds
246.116: [GC (Allocation Failure)  831021K->510957K(1033216K), 0.0046062 secs]
246.121: Total time for which application threads were stopped: 0.0047954 seconds, Stopping threads took: 0.0000281 seconds
246.188: [GC (Allocation Failure)  830445K->518543K(1033728K), 0.0046585 secs]
246.193: Total time for which application threads were stopped: 0.0048505 seconds, Stopping threads took: 0.0000203 seconds
246.262: [GC (Allocation Failure)  838031K->518543K(1033728K), 0.0044944 secs]
246.267: Total time for which application threads were stopped: 0.0046681 seconds, Stopping threads took: 0.0000258 seconds
246.332: [GC (Allocation Failure)  838031K->518663K(1033728K), 0.0046866 secs]
246.337: Total time for which application threads were stopped: 0.0048591 seconds, Stopping threads took: 0.0000196 seconds
246.404: [GC (Allocation Failure)  838151K->526633K(1033728K), 0.0060992 secs]
246.410: Total time for which application threads were stopped: 0.0062630 seconds, Stopping threads took: 0.0000200 seconds
246.479: [GC (Allocation Failure)  846121K->526569K(1033728K), 0.0047865 secs]
246.484: Total time for which application threads were stopped: 0.0049573 seconds, Stopping threads took: 0.0000199 seconds
246.553: [GC (Allocation Failure)  846057K->526593K(1033728K), 0.0074104 secs]
246.560: Total time for which application threads were stopped: 0.0075550 seconds, Stopping threads took: 0.0000249 seconds
246.627: [GC (Allocation Failure)  846081K->534595K(1027072K), 0.0047267 secs]
246.632: Total time for which application threads were stopped: 0.0048932 seconds, Stopping threads took: 0.0000277 seconds
246.697: [GC (Allocation Failure)  854083K->530689K(1034240K), 0.0037957 secs]
246.701: Total time for which application threads were stopped: 0.0039896 seconds, Stopping threads took: 0.0000202 seconds
246.771: [GC (Allocation Failure)  850177K->534731K(1033216K), 0.0047311 secs]
246.775: Total time for which application threads were stopped: 0.0048911 seconds, Stopping threads took: 0.0000172 seconds
246.843: [GC (Allocation Failure)  854219K->538731K(1034752K), 0.0046194 secs]
246.848: Total time for which application threads were stopped: 0.0047937 seconds, Stopping threads took: 0.0000208 seconds
246.916: [GC (Allocation Failure)  860267K->531945K(1034752K), 0.0020478 secs]
246.918: Total time for which application threads were stopped: 0.0022258 seconds, Stopping threads took: 0.0000198 seconds
246.987: [GC (Allocation Failure)  853481K->538803K(1034752K), 0.0044547 secs]
246.991: Total time for which application threads were stopped: 0.0046159 seconds, Stopping threads took: 0.0000197 seconds
247.057: [GC (Allocation Failure)  860339K->542875K(1034752K), 0.0054772 secs]
247.063: Total time for which application threads were stopped: 0.0056784 seconds, Stopping threads took: 0.0000198 seconds
247.128: [GC (Allocation Failure)  864411K->537369K(1034752K), 0.0026073 secs]
247.131: Total time for which application threads were stopped: 0.0027694 seconds, Stopping threads took: 0.0000264 seconds
247.198: [GC (Allocation Failure)  858905K->543179K(1034752K), 0.0047764 secs]
247.203: Total time for which application threads were stopped: 0.0049391 seconds, Stopping threads took: 0.0000208 seconds
247.270: [GC (Allocation Failure)  864715K->547019K(1035264K), 0.0051121 secs]
247.275: Total time for which application threads were stopped: 0.0053023 seconds, Stopping threads took: 0.0000205 seconds
247.342: [GC (Allocation Failure)  869508K->543145K(1035264K), 0.0035728 secs]
247.345: Total time for which application threads were stopped: 0.0037417 seconds, Stopping threads took: 0.0000213 seconds
247.413: [GC (Allocation Failure)  865705K->547179K(1036288K), 0.0048019 secs]
247.418: Total time for which application threads were stopped: 0.0049719 seconds, Stopping threads took: 0.0000220 seconds
247.486: [GC (Allocation Failure)  871275K->551179K(1035776K), 0.0047505 secs]
247.490: Total time for which application threads were stopped: 0.0049269 seconds, Stopping threads took: 0.0000196 seconds
247.562: [GC (Allocation Failure)  875275K->551147K(1035776K), 0.0046377 secs]
247.567: Total time for which application threads were stopped: 0.0048071 seconds, Stopping threads took: 0.0000201 seconds
247.636: [GC (Allocation Failure)  874731K->551211K(1023488K), 0.0045491 secs]
247.640: Total time for which application threads were stopped: 0.0047223 seconds, Stopping threads took: 0.0000208 seconds
247.706: [GC (Allocation Failure)  874795K->559182K(1035264K), 0.0048487 secs]
247.711: Total time for which application threads were stopped: 0.0050212 seconds, Stopping threads took: 0.0000203 seconds
247.779: [GC (Allocation Failure)  881742K->559182K(1030144K), 0.0046132 secs]
247.783: Total time for which application threads were stopped: 0.0047807 seconds, Stopping threads took: 0.0000199 seconds
247.851: [GC (Allocation Failure)  881742K->559246K(1034752K), 0.0047068 secs]
247.855: Total time for which application threads were stopped: 0.0048868 seconds, Stopping threads took: 0.0000206 seconds
247.923: [GC (Allocation Failure)  880782K->567216K(1034752K), 0.0048586 secs]
247.928: Total time for which application threads were stopped: 0.0050197 seconds, Stopping threads took: 0.0000202 seconds
247.995: [GC (Allocation Failure)  888752K->567216K(1033728K), 0.0046356 secs]
248.000: Total time for which application threads were stopped: 0.0048046 seconds, Stopping threads took: 0.0000206 seconds
248.067: [GC (Allocation Failure)  887728K->567464K(1034240K), 0.0047105 secs]
248.071: Total time for which application threads were stopped: 0.0048775 seconds, Stopping threads took: 0.0000192 seconds
248.140: [GC (Allocation Failure)  887976K->575274K(1034240K), 0.0044894 secs]
248.144: Total time for which application threads were stopped: 0.0046622 seconds, Stopping threads took: 0.0000284 seconds
248.212: [GC (Allocation Failure)  895786K->575242K(1034240K), 0.0096345 secs]
248.222: Total time for which application threads were stopped: 0.0098012 seconds, Stopping threads took: 0.0000199 seconds
248.289: [GC (Allocation Failure)  895754K->575682K(1033216K), 0.0051863 secs]
248.294: Total time for which application threads were stopped: 0.0053559 seconds, Stopping threads took: 0.0000196 seconds
248.361: [GC (Allocation Failure)  895170K->583268K(1033728K), 0.0048881 secs]
248.366: Total time for which application threads were stopped: 0.0050607 seconds, Stopping threads took: 0.0000203 seconds
248.434: [GC (Allocation Failure)  902756K->583268K(1033728K), 0.0048048 secs]
248.438: Total time for which application threads were stopped: 0.0049718 seconds, Stopping threads took: 0.0000200 seconds
248.503: [GC (Allocation Failure)  902756K->583420K(1033728K), 0.0047912 secs]
248.508: Total time for which application threads were stopped: 0.0049619 seconds, Stopping threads took: 0.0000199 seconds
248.576: [GC (Allocation Failure)  902908K->591295K(1033728K), 0.0045477 secs]
248.581: Total time for which application threads were stopped: 0.0047176 seconds, Stopping threads took: 0.0000201 seconds
248.648: [GC (Allocation Failure)  910783K->591295K(1033728K), 0.0047979 secs]
248.653: Total time for which application threads were stopped: 0.0049739 seconds, Stopping threads took: 0.0000264 seconds
248.719: [GC (Allocation Failure)  910783K->591319K(1033728K), 0.0055635 secs]
248.725: Total time for which application threads were stopped: 0.0057332 seconds, Stopping threads took: 0.0000203 seconds
248.791: [GC (Allocation Failure)  910807K->599321K(1027072K), 0.0047835 secs]
248.796: Total time for which application threads were stopped: 0.0049552 seconds, Stopping threads took: 0.0000205 seconds
248.861: [GC (Allocation Failure)  918808K->595415K(1034240K), 0.0037636 secs]
248.865: Total time for which application threads were stopped: 0.0039333 seconds, Stopping threads took: 0.0000199 seconds
248.932: [GC (Allocation Failure)  914903K->599489K(1033216K), 0.0051014 secs]
248.937: Total time for which application threads were stopped: 0.0052835 seconds, Stopping threads took: 0.0000210 seconds
249.006: [GC (Allocation Failure)  918977K->603457K(1034752K), 0.0047605 secs]
249.011: Total time for which application threads were stopped: 0.0049211 seconds, Stopping threads took: 0.0000199 seconds
249.080: [GC (Allocation Failure)  924993K->596671K(1034752K), 0.0021310 secs]
249.082: Total time for which application threads were stopped: 0.0022889 seconds, Stopping threads took: 0.0000189 seconds
249.151: [GC (Allocation Failure)  918207K->603529K(1034752K), 0.0047700 secs]
249.156: Total time for which application threads were stopped: 0.0049418 seconds, Stopping threads took: 0.0000275 seconds
249.222: [GC (Allocation Failure)  925065K->607641K(1034752K), 0.0056782 secs]
249.228: Total time for which application threads were stopped: 0.0058457 seconds, Stopping threads took: 0.0000201 seconds
249.294: [GC (Allocation Failure)  929177K->602071K(1034752K), 0.0028706 secs]
249.297: Total time for which application threads were stopped: 0.0030626 seconds, Stopping threads took: 0.0000201 seconds
249.366: [GC (Allocation Failure)  923607K->607881K(1034752K), 0.0049557 secs]
249.371: Total time for which application threads were stopped: 0.0051548 seconds, Stopping threads took: 0.0000291 seconds
249.438: [GC (Allocation Failure)  929417K->611721K(1034752K), 0.0052617 secs]
249.443: Total time for which application threads were stopped: 0.0054457 seconds, Stopping threads took: 0.0000206 seconds
249.512: [GC (Allocation Failure)  934209K->607847K(1035264K), 0.0035888 secs]
249.515: Total time for which application threads were stopped: 0.0037580 seconds, Stopping threads took: 0.0000207 seconds
249.585: [GC (Allocation Failure)  930407K->611881K(1036288K), 0.0048110 secs]
249.590: Total time for which application threads were stopped: 0.0049805 seconds, Stopping threads took: 0.0000194 seconds
249.658: [GC (Allocation Failure)  935977K->615881K(1035776K), 0.0048110 secs]
249.663: Total time for which application threads were stopped: 0.0049815 seconds, Stopping threads took: 0.0000208 seconds
249.732: [GC (Allocation Failure)  939977K->615881K(1035776K), 0.0048457 secs]
249.737: Total time for which application threads were stopped: 0.0050164 seconds, Stopping threads took: 0.0000191 seconds
249.804: [GC (Allocation Failure)  939465K->615945K(1023488K), 0.0049785 secs]
249.809: Total time for which application threads were stopped: 0.0051650 seconds, Stopping threads took: 0.0000248 seconds
249.878: [GC (Allocation Failure)  939529K->623915K(1035264K), 0.0049156 secs]
249.883: Total time for which application threads were stopped: 0.0050921 seconds, Stopping threads took: 0.0000209 seconds
249.951: [GC (Allocation Failure)  946475K->623947K(1030144K), 0.0047392 secs]
249.955: Total time for which application threads were stopped: 0.0049068 seconds, Stopping threads took: 0.0000202 seconds
250.023: [GC (Allocation Failure)  946507K->623979K(1034752K), 0.0047928 secs]
250.028: Total time for which application threads were stopped: 0.0049892 seconds, Stopping threads took: 0.0000194 seconds
250.097: [GC (Allocation Failure)  945515K->631949K(1034752K), 0.0048143 secs]
250.102: Total time for which application threads were stopped: 0.0049758 seconds, Stopping threads took: 0.0000269 seconds
250.170: [GC (Allocation Failure)  953485K->631949K(1033728K), 0.0045691 secs]
250.175: Total time for which application threads were stopped: 0.0047200 seconds, Stopping threads took: 0.0000172 seconds
250.241: [GC (Allocation Failure)  952461K->632173K(1034240K), 0.0048877 secs]
250.246: Total time for which application threads were stopped: 0.0050882 seconds, Stopping threads took: 0.0000195 seconds
250.316: [GC (Allocation Failure)  952685K->640016K(1034240K), 0.0046013 secs]
250.321: Total time for which application threads were stopped: 0.0047876 seconds, Stopping threads took: 0.0000172 seconds
250.390: [GC (Allocation Failure)  960528K->639984K(1034240K), 0.0049149 secs]
250.395: Total time for which application threads were stopped: 0.0050950 seconds, Stopping threads took: 0.0000166 seconds
250.465: [GC (Allocation Failure)  960496K->640424K(1033216K), 0.0048386 secs]
250.470: Total time for which application threads were stopped: 0.0050215 seconds, Stopping threads took: 0.0000169 seconds
250.539: [GC (Allocation Failure)  959912K->648010K(1033728K), 0.0060407 secs]
250.545: Total time for which application threads were stopped: 0.0062001 seconds, Stopping threads took: 0.0000250 seconds
250.613: [GC (Allocation Failure)  967498K->647978K(1033728K), 0.0048482 secs]
250.618: Total time for which application threads were stopped: 0.0050270 seconds, Stopping threads took: 0.0000206 seconds
250.683: [GC (Allocation Failure)  967466K->648138K(1033728K), 0.0049129 secs]
250.688: Total time for which application threads were stopped: 0.0051072 seconds, Stopping threads took: 0.0000199 seconds
250.756: [GC (Allocation Failure)  967626K->656076K(1033728K), 0.0046134 secs]
250.761: Total time for which application threads were stopped: 0.0047717 seconds, Stopping threads took: 0.0000172 seconds
250.828: [GC (Allocation Failure)  975564K->656044K(1033728K), 0.0049480 secs]
250.833: Total time for which application threads were stopped: 0.0051213 seconds, Stopping threads took: 0.0000207 seconds
250.901: [GC (Allocation Failure)  975532K->656108K(1033728K), 0.0048984 secs]
250.906: Total time for which application threads were stopped: 0.0050609 seconds, Stopping threads took: 0.0000205 seconds
250.973: [GC (Allocation Failure)  975596K->664047K(1027072K), 0.0050819 secs]
250.978: Total time for which application threads were stopped: 0.0052448 seconds, Stopping threads took: 0.0000203 seconds
251.044: [GC (Allocation Failure)  983534K->660172K(1034240K), 0.0039935 secs]
251.048: Total time for which application threads were stopped: 0.0041942 seconds, Stopping threads took: 0.0000205 seconds
251.117: [GC (Allocation Failure)  979660K->664239K(1033216K), 0.0047899 secs]
251.122: Total time for which application threads were stopped: 0.0049626 seconds, Stopping threads took: 0.0000202 seconds
251.191: [GC (Allocation Failure)  983727K->668207K(1034752K), 0.0049520 secs]
251.196: Total time for which application threads were stopped: 0.0051493 seconds, Stopping threads took: 0.0000211 seconds
251.264: [GC (Allocation Failure)  989743K->661452K(1034752K), 0.0023857 secs]
251.267: Total time for which application threads were stopped: 0.0025217 seconds, Stopping threads took: 0.0000166 seconds
251.334: [GC (Allocation Failure)  982988K->668279K(1034752K), 0.0048078 secs]
251.339: Total time for which application threads were stopped: 0.0049715 seconds, Stopping threads took: 0.0000207 seconds
251.405: [GC (Allocation Failure)  989815K->672359K(1034752K), 0.0058542 secs]
251.411: Total time for which application threads were stopped: 0.0060251 seconds, Stopping threads took: 0.0000206 seconds
251.477: [GC (Allocation Failure)  993895K->666788K(1034752K), 0.0063085 secs]
251.483: Total time for which application threads were stopped: 0.0064816 seconds, Stopping threads took: 0.0000196 seconds
251.552: [GC (Allocation Failure)  988324K->672623K(1034752K), 0.0079184 secs]
251.560: Total time for which application threads were stopped: 0.0080728 seconds, Stopping threads took: 0.0000256 seconds
251.627: [GC (Allocation Failure)  994159K->676495K(1034752K), 0.0051263 secs]
251.632: Total time for which application threads were stopped: 0.0054111 seconds, Stopping threads took: 0.0000273 seconds
251.699: [GC (Allocation Failure)  998983K->672588K(1035264K), 0.0038869 secs]
251.703: Total time for which application threads were stopped: 0.0041895 seconds, Stopping threads took: 0.0000195 seconds
251.771: [GC (Allocation Failure)  995148K->676655K(1036288K), 0.0049068 secs]
251.776: Total time for which application threads were stopped: 0.0050861 seconds, Stopping threads took: 0.0000197 seconds
251.843: [GC (Allocation Failure)  1000751K->680623K(1035776K), 0.0049321 secs]
251.848: Total time for which application threads were stopped: 0.0051012 seconds, Stopping threads took: 0.0000202 seconds
251.917: [GC (Allocation Failure)  1004719K->680623K(1035776K), 0.0049090 secs]
251.922: Total time for which application threads were stopped: 0.0051024 seconds, Stopping threads took: 0.0000197 seconds
251.991: [GC (Allocation Failure)  1004207K->680679K(1023488K), 0.0049706 secs]
251.996: Total time for which application threads were stopped: 0.0051626 seconds, Stopping threads took: 0.0000202 seconds
252.064: [GC (Allocation Failure)  1004263K->688649K(1035264K), 0.0050224 secs]
252.069: Total time for which application threads were stopped: 0.0051851 seconds, Stopping threads took: 0.0000195 seconds
252.137: [GC (Allocation Failure)  1011209K->688649K(1030144K), 0.0048647 secs]
252.142: Total time for which application threads were stopped: 0.0050650 seconds, Stopping threads took: 0.0000280 seconds
252.211: [GC (Allocation Failure)  1011209K->688713K(1034752K), 0.0048205 secs]
252.216: [Full GC (Ergonomics)  688713K->8520K(1034752K), 0.0121987 secs]
252.228: Total time for which application threads were stopped: 0.0172625 seconds, Stopping threads took: 0.0000172 seconds
252.296: [GC (Allocation Failure)  330056K->16618K(1034752K), 0.0038294 secs]
252.300: Total time for which application threads were stopped: 0.0039676 seconds, Stopping threads took: 0.0000183 seconds
252.370: [GC (Allocation Failure)  338154K->16610K(1033728K), 0.0035388 secs]
252.373: Total time for which application threads were stopped: 0.0037155 seconds, Stopping threads took: 0.0000289 seconds
252.441: [GC (Allocation Failure)  337122K->16842K(1034240K), 0.0038217 secs]
252.445: Total time for which application threads were stopped: 0.0039927 seconds, Stopping threads took: 0.0000212 seconds
252.513: [GC (Allocation Failure)  337354K->24652K(1034240K), 0.0042118 secs]
252.518: Total time for which application threads were stopped: 0.0043709 seconds, Stopping threads took: 0.0000286 seconds
252.586: [GC (Allocation Failure)  345164K->24684K(1034240K), 0.0040185 secs]
252.590: Total time for which application threads were stopped: 0.0041745 seconds, Stopping threads took: 0.0000193 seconds
252.657: [GC (Allocation Failure)  345196K->25092K(1033216K), 0.0038288 secs]
252.661: Total time for which application threads were stopped: 0.0040059 seconds, Stopping threads took: 0.0000278 seconds
252.728: [GC (Allocation Failure)  344580K->32679K(1033728K), 0.0038173 secs]
252.732: Total time for which application threads were stopped: 0.0040078 seconds, Stopping threads took: 0.0000194 seconds
252.800: [GC (Allocation Failure)  352167K->32711K(1033728K), 0.0037604 secs]
252.804: Total time for which application threads were stopped: 0.0039240 seconds, Stopping threads took: 0.0000198 seconds
252.869: [GC (Allocation Failure)  352199K->32807K(1033728K), 0.0037317 secs]
252.873: Total time for which application threads were stopped: 0.0039049 seconds, Stopping threads took: 0.0000201 seconds
252.941: [GC (Allocation Failure)  352295K->40745K(1033728K), 0.0038077 secs]
252.945: Total time for which application threads were stopped: 0.0039782 seconds, Stopping threads took: 0.0000208 seconds
253.012: [GC (Allocation Failure)  360233K->40713K(1033728K), 0.0038871 secs]
253.016: Total time for which application threads were stopped: 0.0040916 seconds, Stopping threads took: 0.0000204 seconds
253.084: [GC (Allocation Failure)  360201K->40777K(1033728K), 0.0038042 secs]
253.088: Total time for which application threads were stopped: 0.0039564 seconds, Stopping threads took: 0.0000174 seconds
253.155: [GC (Allocation Failure)  360265K->48747K(1027072K), 0.0038550 secs]
253.159: Total time for which application threads were stopped: 0.0040242 seconds, Stopping threads took: 0.0000211 seconds
253.225: [GC (Allocation Failure)  368235K->44809K(1034240K), 0.0025077 secs]
253.227: Total time for which application threads were stopped: 0.0026604 seconds, Stopping threads took: 0.0000197 seconds
253.295: [GC (Allocation Failure)  364297K->48907K(1033216K), 0.0041222 secs]
253.299: Total time for which application threads were stopped: 0.0042899 seconds, Stopping threads took: 0.0000202 seconds
253.367: [GC (Allocation Failure)  368395K->52875K(1034752K), 0.0064703 secs]
253.373: Total time for which application threads were stopped: 0.0066293 seconds, Stopping threads took: 0.0000201 seconds
253.440: [GC (Allocation Failure)  374411K->46089K(1034752K), 0.0010667 secs]
253.441: Total time for which application threads were stopped: 0.0011962 seconds, Stopping threads took: 0.0000279 seconds
253.509: [GC (Allocation Failure)  367625K->52915K(1034752K), 0.0037063 secs]
253.513: Total time for which application threads were stopped: 0.0038776 seconds, Stopping threads took: 0.0000284 seconds
253.580: [GC (Allocation Failure)  374451K->57059K(1034752K), 0.0047848 secs]
253.585: Total time for which application threads were stopped: 0.0049518 seconds, Stopping threads took: 0.0000200 seconds
253.651: [GC (Allocation Failure)  378595K->51457K(1034752K), 0.0016332 secs]
253.653: Total time for which application threads were stopped: 0.0018016 seconds, Stopping threads took: 0.0000196 seconds
253.722: [GC (Allocation Failure)  372993K->57299K(1034752K), 0.0039865 secs]
253.726: Total time for which application threads were stopped: 0.0041555 seconds, Stopping threads took: 0.0000194 seconds
253.794: [GC (Allocation Failure)  378835K->61163K(1035264K), 0.0051717 secs]
253.799: Total time for which application threads were stopped: 0.0053521 seconds, Stopping threads took: 0.0000217 seconds
253.866: [GC (Allocation Failure)  383651K->57225K(1035264K), 0.0024723 secs]
253.869: Total time for which application threads were stopped: 0.0026252 seconds, Stopping threads took: 0.0000202 seconds
253.937: [GC (Allocation Failure)  379785K->61323K(1036288K), 0.0039117 secs]
253.941: Total time for which application threads were stopped: 0.0040887 seconds, Stopping threads took: 0.0000279 seconds
254.009: [GC (Allocation Failure)  385419K->65323K(1035776K), 0.0036498 secs]
254.013: Total time for which application threads were stopped: 0.0038222 seconds, Stopping threads took: 0.0000224 seconds
254.082: [GC (Allocation Failure)  389419K->65291K(1035776K), 0.0036906 secs]
254.085: Total time for which application threads were stopped: 0.0038701 seconds, Stopping threads took: 0.0000198 seconds
254.153: [GC (Allocation Failure)  388875K->65347K(1023488K), 0.0045562 secs]
254.158: Total time for which application threads were stopped: 0.0047382 seconds, Stopping threads took: 0.0000207 seconds
254.225: [GC (Allocation Failure)  388931K->73381K(1035264K), 0.0039288 secs]
254.229: Total time for which application threads were stopped: 0.0041108 seconds, Stopping threads took: 0.0000207 seconds
254.297: [GC (Allocation Failure)  395941K->73317K(1030144K), 0.0036339 secs]
254.301: Total time for which application threads were stopped: 0.0038055 seconds, Stopping threads took: 0.0000207 seconds
254.368: [GC (Allocation Failure)  395877K->73381K(1034752K), 0.0038880 secs]
254.372: Total time for which application threads were stopped: 0.0040686 seconds, Stopping threads took: 0.0000199 seconds
254.441: [GC (Allocation Failure)  394917K->81384K(1029120K), 0.0039838 secs]
254.446: Total time for which application threads were stopped: 0.0041488 seconds, Stopping threads took: 0.0000216 seconds
254.514: [GC (Allocation Failure)  402920K->81352K(1034240K), 0.0037393 secs]
254.518: Total time for which application threads were stopped: 0.0039288 seconds, Stopping threads took: 0.0000204 seconds
254.587: [GC (Allocation Failure)  401864K->81608K(1034240K), 0.0038324 secs]
254.591: Total time for which application threads were stopped: 0.0039955 seconds, Stopping threads took: 0.0000196 seconds
254.659: [GC (Allocation Failure)  402120K->89386K(1034240K), 0.0037457 secs]
254.663: Total time for which application threads were stopped: 0.0039140 seconds, Stopping threads took: 0.0000259 seconds
254.733: [GC (Allocation Failure)  409898K->89386K(1034240K), 0.0039548 secs]
254.737: Total time for which application threads were stopped: 0.0041194 seconds, Stopping threads took: 0.0000192 seconds
254.805: [GC (Allocation Failure)  409898K->89834K(1033216K), 0.0037416 secs]
254.809: Total time for which application threads were stopped: 0.0039035 seconds, Stopping threads took: 0.0000196 seconds
254.877: [GC (Allocation Failure)  409322K->97420K(1033728K), 0.0040438 secs]
254.881: Total time for which application threads were stopped: 0.0042067 seconds, Stopping threads took: 0.0000204 seconds
254.949: [GC (Allocation Failure)  416908K->97388K(1033728K), 0.0038768 secs]
254.953: Total time for which application threads were stopped: 0.0040461 seconds, Stopping threads took: 0.0000198 seconds
255.018: [GC (Allocation Failure)  416876K->97580K(1033728K), 0.0038917 secs]
255.022: Total time for which application threads were stopped: 0.0040602 seconds, Stopping threads took: 0.0000263 seconds
255.089: [GC (Allocation Failure)  417068K->105422K(1033728K), 0.0044626 secs]
255.094: Total time for which application threads were stopped: 0.0046299 seconds, Stopping threads took: 0.0000194 seconds
255.161: [GC (Allocation Failure)  424910K->105454K(1033728K), 0.0039176 secs]
255.165: Total time for which application threads were stopped: 0.0040933 seconds, Stopping threads took: 0.0000219 seconds
255.232: [GC (Allocation Failure)  424942K->105510K(1033728K), 0.0039553 secs]
255.237: Total time for which application threads were stopped: 0.0041154 seconds, Stopping threads took: 0.0000200 seconds
255.304: [GC (Allocation Failure)  424998K->113481K(1027072K), 0.0040803 secs]
255.308: Total time for which application threads were stopped: 0.0042473 seconds, Stopping threads took: 0.0000201 seconds
255.373: [GC (Allocation Failure)  432968K->109574K(1034240K), 0.0027824 secs]
255.376: Total time for which application threads were stopped: 0.0029452 seconds, Stopping threads took: 0.0000201 seconds
255.445: [GC (Allocation Failure)  429062K->113641K(1033216K), 0.0040262 secs]
255.449: Total time for which application threads were stopped: 0.0041923 seconds, Stopping threads took: 0.0000207 seconds
255.516: [GC (Allocation Failure)  433129K->117641K(1034752K), 0.0038770 secs]
255.520: Total time for which application threads were stopped: 0.0040397 seconds, Stopping threads took: 0.0000207 seconds
255.587: [GC (Allocation Failure)  439177K->110854K(1034752K), 0.0014454 secs]
255.589: Total time for which application threads were stopped: 0.0015705 seconds, Stopping threads took: 0.0000201 seconds
255.658: [GC (Allocation Failure)  432390K->117681K(1034752K), 0.0038125 secs]
255.662: Total time for which application threads were stopped: 0.0039863 seconds, Stopping threads took: 0.0000232 seconds
255.728: [GC (Allocation Failure)  439217K->121793K(1034752K), 0.0047441 secs]
255.733: Total time for which application threads were stopped: 0.0049229 seconds, Stopping threads took: 0.0000219 seconds
255.799: [GC (Allocation Failure)  443329K->116190K(1034752K), 0.0017411 secs]
255.800: Total time for which application threads were stopped: 0.0018898 seconds, Stopping threads took: 0.0000201 seconds
255.870: [GC (Allocation Failure)  437726K->122065K(1034752K), 0.0038339 secs]
255.874: Total time for which application threads were stopped: 0.0040019 seconds, Stopping threads took: 0.0000221 seconds
255.942: [GC (Allocation Failure)  443601K->125905K(1035264K), 0.0044084 secs]
255.946: Total time for which application threads were stopped: 0.0045776 seconds, Stopping threads took: 0.0000202 seconds
256.013: [GC (Allocation Failure)  448393K->122030K(1035264K), 0.0025741 secs]
256.016: Total time for which application threads were stopped: 0.0027477 seconds, Stopping threads took: 0.0000217 seconds
256.085: [GC (Allocation Failure)  444590K->126025K(1036288K), 0.0041516 secs]
256.090: Total time for which application threads were stopped: 0.0043407 seconds, Stopping threads took: 0.0000224 seconds
256.158: [GC (Allocation Failure)  450121K->130057K(1035776K), 0.0037014 secs]
256.162: Total time for which application threads were stopped: 0.0038595 seconds, Stopping threads took: 0.0000256 seconds
256.230: [GC (Allocation Failure)  454153K->130025K(1035776K), 0.0036574 secs]
256.234: Total time for which application threads were stopped: 0.0038218 seconds, Stopping threads took: 0.0000196 seconds
256.302: [GC (Allocation Failure)  453609K->130089K(1023488K), 0.0038934 secs]
256.306: Total time for which application threads were stopped: 0.0040960 seconds, Stopping threads took: 0.0000195 seconds
256.374: [GC (Allocation Failure)  453673K->138091K(1035264K), 0.0040515 secs]
256.379: Total time for which application threads were stopped: 0.0042000 seconds, Stopping threads took: 0.0000170 seconds
256.446: [GC (Allocation Failure)  460651K->138091K(1030144K), 0.0038992 secs]
256.450: Total time for which application threads were stopped: 0.0040618 seconds, Stopping threads took: 0.0000200 seconds
256.518: [GC (Allocation Failure)  460651K->138123K(1034752K), 0.0039249 secs]
256.522: Total time for which application threads were stopped: 0.0040864 seconds, Stopping threads took: 0.0000216 seconds
256.591: [GC (Allocation Failure)  459659K->146125K(1029120K), 0.0042492 secs]
256.595: Total time for which application threads were stopped: 0.0044265 seconds, Stopping threads took: 0.0000202 seconds
256.665: [GC (Allocation Failure)  467661K->146093K(1034240K), 0.0038042 secs]
256.668: Total time for which application threads were stopped: 0.0039762 seconds, Stopping threads took: 0.0000196 seconds
256.735: [GC (Allocation Failure)  466605K->146349K(1034240K), 0.0040775 secs]
256.739: Total time for which application threads were stopped: 0.0042703 seconds, Stopping threads took: 0.0000195 seconds
256.808: [GC (Allocation Failure)  466861K->154159K(1034240K), 0.0038805 secs]
256.812: Total time for which application threads were stopped: 0.0040446 seconds, Stopping threads took: 0.0000196 seconds
256.880: [GC (Allocation Failure)  474671K->154127K(1034240K), 0.0041200 secs]
256.884: Total time for which application threads were stopped: 0.0042999 seconds, Stopping threads took: 0.0000202 seconds
256.951: [GC (Allocation Failure)  474639K->154567K(1033216K), 0.0037900 secs]
256.955: Total time for which application threads were stopped: 0.0039521 seconds, Stopping threads took: 0.0000205 seconds
257.022: [GC (Allocation Failure)  474055K->162186K(1033728K), 0.0040612 secs]
257.026: Total time for which application threads were stopped: 0.0042240 seconds, Stopping threads took: 0.0000202 seconds
257.094: [GC (Allocation Failure)  481674K->162154K(1033728K), 0.0046380 secs]
257.098: Total time for which application threads were stopped: 0.0047959 seconds, Stopping threads took: 0.0000200 seconds
257.163: [GC (Allocation Failure)  481642K->162282K(1033728K), 0.0039506 secs]
257.167: Total time for which application threads were stopped: 0.0041229 seconds, Stopping threads took: 0.0000254 seconds
257.234: [GC (Allocation Failure)  481770K->170156K(1033728K), 0.0037980 secs]
257.238: Total time for which application threads were stopped: 0.0040093 seconds, Stopping threads took: 0.0000207 seconds
257.305: [GC (Allocation Failure)  489644K->170188K(1033728K), 0.0039786 secs]
257.309: Total time for which application threads were stopped: 0.0041546 seconds, Stopping threads took: 0.0000214 seconds
257.376: [GC (Allocation Failure)  489676K->170252K(1033728K), 0.0064650 secs]
257.383: Total time for which application threads were stopped: 0.0066425 seconds, Stopping threads took: 0.0000222 seconds
257.450: [GC (Allocation Failure)  489740K->178222K(1027072K), 0.0042025 secs]
257.454: Total time for which application threads were stopped: 0.0043700 seconds, Stopping threads took: 0.0000204 seconds
257.519: [GC (Allocation Failure)  497710K->174316K(1034240K), 0.0027789 secs]
257.522: Total time for which application threads were stopped: 0.0029389 seconds, Stopping threads took: 0.0000196 seconds
257.590: [GC (Allocation Failure)  493804K->178382K(1033216K), 0.0042968 secs]
257.595: Total time for which application threads were stopped: 0.0044586 seconds, Stopping threads took: 0.0000194 seconds
257.662: [GC (Allocation Failure)  497870K->182350K(1034752K), 0.0039420 secs]
257.666: Total time for which application threads were stopped: 0.0041176 seconds, Stopping threads took: 0.0000286 seconds
257.733: [GC (Allocation Failure)  503886K->175564K(1034752K), 0.0012623 secs]
257.734: Total time for which application threads were stopped: 0.0013876 seconds, Stopping threads took: 0.0000198 seconds
257.801: [GC (Allocation Failure)  497100K->182446K(1034752K), 0.0037599 secs]
257.805: Total time for which application threads were stopped: 0.0039402 seconds, Stopping threads took: 0.0000198 seconds
257.871: [GC (Allocation Failure)  503982K->186494K(1034752K), 0.0048019 secs]
257.875: Total time for which application threads were stopped: 0.0049754 seconds, Stopping threads took: 0.0000209 seconds
257.941: [GC (Allocation Failure)  508030K->180924K(1034752K), 0.0019105 secs]
257.943: Total time for which application threads were stopped: 0.0020582 seconds, Stopping threads took: 0.0000200 seconds
258.010: [GC (Allocation Failure)  502460K->186766K(1034752K), 0.0041455 secs]
258.014: Total time for which application threads were stopped: 0.0043280 seconds, Stopping threads took: 0.0000202 seconds
258.081: [GC (Allocation Failure)  508302K->190638K(1035264K), 0.0062889 secs]
258.087: Total time for which application threads were stopped: 0.0064623 seconds, Stopping threads took: 0.0000216 seconds
258.155: [GC (Allocation Failure)  513127K->186732K(1035264K), 0.0025675 secs]
258.157: Total time for which application threads were stopped: 0.0027279 seconds, Stopping threads took: 0.0000258 seconds
258.225: [GC (Allocation Failure)  509292K->190766K(1036288K), 0.0041232 secs]
258.229: Total time for which application threads were stopped: 0.0042820 seconds, Stopping threads took: 0.0000192 seconds
258.299: [GC (Allocation Failure)  514862K->194766K(1035776K), 0.0041381 secs]
258.303: Total time for which application threads were stopped: 0.0042969 seconds, Stopping threads took: 0.0000192 seconds
258.373: [GC (Allocation Failure)  518862K->194766K(1035776K), 0.0039798 secs]
258.377: Total time for which application threads were stopped: 0.0041582 seconds, Stopping threads took: 0.0000195 seconds
258.444: [GC (Allocation Failure)  518350K->194822K(1023488K), 0.0041223 secs]
258.449: Total time for which application threads were stopped: 0.0042847 seconds, Stopping threads took: 0.0000199 seconds
258.515: [GC (Allocation Failure)  518406K->202857K(1035264K), 0.0041763 secs]
258.519: Total time for which application threads were stopped: 0.0043505 seconds, Stopping threads took: 0.0000196 seconds
258.588: [GC (Allocation Failure)  525417K->202793K(1030144K), 0.0039501 secs]
258.592: Total time for which application threads were stopped: 0.0041089 seconds, Stopping threads took: 0.0000189 seconds
258.660: [GC (Allocation Failure)  525353K->202857K(1034752K), 0.0038972 secs]
258.664: Total time for which application threads were stopped: 0.0040680 seconds, Stopping threads took: 0.0000276 seconds
258.732: [GC (Allocation Failure)  524393K->210795K(1034752K), 0.0040814 secs]
258.736: Total time for which application threads were stopped: 0.0042831 seconds, Stopping threads took: 0.0000200 seconds
258.805: [GC (Allocation Failure)  532331K->210827K(1033728K), 0.0040499 secs]
258.809: Total time for which application threads were stopped: 0.0041988 seconds, Stopping threads took: 0.0000176 seconds
258.878: [GC (Allocation Failure)  531339K->211091K(1034240K), 0.0041563 secs]
258.883: Total time for which application threads were stopped: 0.0043280 seconds, Stopping threads took: 0.0000290 seconds
258.953: [GC (Allocation Failure)  531603K->218901K(1034240K), 0.0039342 secs]
258.957: Total time for which application threads were stopped: 0.0040941 seconds, Stopping threads took: 0.0000202 seconds
259.025: [GC (Allocation Failure)  539413K->218869K(1034240K), 0.0042585 secs]
259.029: Total time for which application threads were stopped: 0.0044276 seconds, Stopping threads took: 0.0000198 seconds
259.096: [GC (Allocation Failure)  539381K->219309K(1033216K), 0.0043756 secs]
259.101: Total time for which application threads were stopped: 0.0045489 seconds, Stopping threads took: 0.0000204 seconds
259.170: [GC (Allocation Failure)  538797K->226927K(1033728K), 0.0042215 secs]
259.174: Total time for which application threads were stopped: 0.0043926 seconds, Stopping threads took: 0.0000207 seconds
259.242: [GC (Allocation Failure)  546415K->226927K(1033728K), 0.0040016 secs]
259.246: Total time for which application threads were stopped: 0.0041818 seconds, Stopping threads took: 0.0000205 seconds
259.312: [GC (Allocation Failure)  546415K->227015K(1033728K), 0.0040502 secs]
259.316: Total time for which application threads were stopped: 0.0042188 seconds, Stopping threads took: 0.0000218 seconds
259.383: [GC (Allocation Failure)  546503K->234954K(1033728K), 0.0040527 secs]
259.388: Total time for which application threads were stopped: 0.0042270 seconds, Stopping threads took: 0.0000206 seconds
259.455: [GC (Allocation Failure)  554442K->234922K(1033728K), 0.0041517 secs]
259.459: Total time for which application threads were stopped: 0.0043283 seconds, Stopping threads took: 0.0000293 seconds
259.526: [GC (Allocation Failure)  554410K->234986K(1033728K), 0.0042083 secs]
259.531: Total time for which application threads were stopped: 0.0043729 seconds, Stopping threads took: 0.0000208 seconds
259.599: [GC (Allocation Failure)  554474K->242956K(1027072K), 0.0040308 secs]
259.603: Total time for which application threads were stopped: 0.0041751 seconds, Stopping threads took: 0.0000251 seconds
259.669: [GC (Allocation Failure)  562443K->239018K(1034240K), 0.0029525 secs]
259.672: Total time for which application threads were stopped: 0.0031166 seconds, Stopping threads took: 0.0000193 seconds
259.739: [GC (Allocation Failure)  558506K->243116K(1033216K), 0.0040998 secs]
259.743: Total time for which application threads were stopped: 0.0042681 seconds, Stopping threads took: 0.0000197 seconds
259.810: [GC (Allocation Failure)  562604K->247084K(1034752K), 0.0039681 secs]
259.814: Total time for which application threads were stopped: 0.0041372 seconds, Stopping threads took: 0.0000207 seconds
259.883: [GC (Allocation Failure)  568620K->240298K(1034752K), 0.0014718 secs]
259.885: Total time for which application threads were stopped: 0.0016058 seconds, Stopping threads took: 0.0000197 seconds
259.952: [GC (Allocation Failure)  561834K->247180K(1034752K), 0.0040991 secs]
259.956: Total time for which application threads were stopped: 0.0042779 seconds, Stopping threads took: 0.0000211 seconds
260.023: [GC (Allocation Failure)  568716K->251260K(1034752K), 0.0051371 secs]
260.029: Total time for which application threads were stopped: 0.0053262 seconds, Stopping threads took: 0.0000197 seconds
260.095: [GC (Allocation Failure)  572796K->245690K(1034752K), 0.0020527 secs]
260.097: Total time for which application threads were stopped: 0.0021938 seconds, Stopping threads took: 0.0000171 seconds
260.168: [GC (Allocation Failure)  567226K->251532K(1034752K), 0.0042058 secs]
260.172: Total time for which application threads were stopped: 0.0043894 seconds, Stopping threads took: 0.0000393 seconds
260.239: [GC (Allocation Failure)  573068K->255372K(1035264K), 0.0046243 secs]
260.244: Total time for which application threads were stopped: 0.0048121 seconds, Stopping threads took: 0.0000254 seconds
260.311: [GC (Allocation Failure)  577860K->251466K(1035264K), 0.0028339 secs]
260.314: Total time for which application threads were stopped: 0.0029935 seconds, Stopping threads took: 0.0000209 seconds
260.382: [GC (Allocation Failure)  574026K->255532K(1036288K), 0.0044009 secs]
260.387: Total time for which application threads were stopped: 0.0045723 seconds, Stopping threads took: 0.0000205 seconds
260.457: [GC (Allocation Failure)  579628K->259500K(1035776K), 0.0041254 secs]
260.461: Total time for which application threads were stopped: 0.0042908 seconds, Stopping threads took: 0.0000213 seconds
260.530: [GC (Allocation Failure)  583596K->259468K(1035776K), 0.0098149 secs]
260.540: Total time for which application threads were stopped: 0.0099656 seconds, Stopping threads took: 0.0000251 seconds
260.609: [GC (Allocation Failure)  583052K->259564K(1023488K), 0.0041982 secs]
260.613: Total time for which application threads were stopped: 0.0043741 seconds, Stopping threads took: 0.0000274 seconds
260.680: [GC (Allocation Failure)  583148K->267534K(1035264K), 0.0041256 secs]
260.684: Total time for which application threads were stopped: 0.0043287 seconds, Stopping threads took: 0.0000222 seconds
260.753: [GC (Allocation Failure)  590094K->267534K(1030144K), 0.0041295 secs]
260.757: Total time for which application threads were stopped: 0.0042893 seconds, Stopping threads took: 0.0000203 seconds
260.825: [GC (Allocation Failure)  590094K->267590K(1034752K), 0.0041129 secs]
260.829: Total time for which application threads were stopped: 0.0042802 seconds, Stopping threads took: 0.0000197 seconds
260.896: [GC (Allocation Failure)  589126K->275560K(1034752K), 0.0044046 secs]
260.900: Total time for which application threads were stopped: 0.0045741 seconds, Stopping threads took: 0.0000194 seconds
260.970: [GC (Allocation Failure)  597096K->275560K(1033728K), 0.0040589 secs]
260.974: Total time for which application threads were stopped: 0.0042265 seconds, Stopping threads took: 0.0000199 seconds
261.041: [GC (Allocation Failure)  596072K->275816K(1034240K), 0.0040712 secs]
261.045: Total time for which application threads were stopped: 0.0042412 seconds, Stopping threads took: 0.0000202 seconds
261.113: [GC (Allocation Failure)  596328K->283627K(1034240K), 0.0040763 secs]
261.117: Total time for which application threads were stopped: 0.0042421 seconds, Stopping threads took: 0.0000259 seconds
261.185: [GC (Allocation Failure)  604139K->283595K(1034240K), 0.0042606 secs]
261.189: Total time for which application threads were stopped: 0.0044328 seconds, Stopping threads took: 0.0000261 seconds
261.258: [GC (Allocation Failure)  604107K->284035K(1033216K), 0.0043419 secs]
261.262: Total time for which application threads were stopped: 0.0044925 seconds, Stopping threads took: 0.0000206 seconds
261.332: [GC (Allocation Failure)  603523K->291653K(1033728K), 0.0043856 secs]
261.336: Total time for which application threads were stopped: 0.0045605 seconds, Stopping threads took: 0.0000208 seconds
261.404: [GC (Allocation Failure)  611141K->291621K(1033728K), 0.0042961 secs]
261.408: Total time for which application threads were stopped: 0.0044689 seconds, Stopping threads took: 0.0000203 seconds
261.474: [GC (Allocation Failure)  611109K->291757K(1033728K), 0.0042764 secs]
261.479: Total time for which application threads were stopped: 0.0044633 seconds, Stopping threads took: 0.0000223 seconds
261.547: [GC (Allocation Failure)  611245K->299663K(1033728K), 0.0047905 secs]
261.552: Total time for which application threads were stopped: 0.0049897 seconds, Stopping threads took: 0.0000257 seconds
261.620: [GC (Allocation Failure)  619151K->299663K(1033728K), 0.0041366 secs]
261.624: Total time for which application threads were stopped: 0.0043033 seconds, Stopping threads took: 0.0000263 seconds
261.691: [GC (Allocation Failure)  619151K->299719K(1033728K), 0.0043463 secs]
261.696: Total time for which application threads were stopped: 0.0045222 seconds, Stopping threads took: 0.0000209 seconds
261.763: [GC (Allocation Failure)  619207K->307689K(1027072K), 0.0044396 secs]
261.767: Total time for which application threads were stopped: 0.0046198 seconds, Stopping threads took: 0.0000218 seconds
261.833: [GC (Allocation Failure)  627177K->303783K(1034240K), 0.0032193 secs]
261.837: Total time for which application threads were stopped: 0.0033896 seconds, Stopping threads took: 0.0000197 seconds
261.906: [GC (Allocation Failure)  623271K->307849K(1033216K), 0.0043617 secs]
261.911: Total time for which application threads were stopped: 0.0045119 seconds, Stopping threads took: 0.0000176 seconds
261.978: [GC (Allocation Failure)  627337K->311849K(1034752K), 0.0042088 secs]
261.982: Total time for which application threads were stopped: 0.0043897 seconds, Stopping threads took: 0.0000207 seconds
262.049: [GC (Allocation Failure)  633385K->304999K(1034752K), 0.0015861 secs]
262.050: Total time for which application threads were stopped: 0.0017405 seconds, Stopping threads took: 0.0000289 seconds
262.121: [GC (Allocation Failure)  626535K->311889K(1034752K), 0.0040157 secs]
262.125: Total time for which application threads were stopped: 0.0041862 seconds, Stopping threads took: 0.0000287 seconds
262.192: [GC (Allocation Failure)  633425K->315969K(1034752K), 0.0051815 secs]
262.197: Total time for which application threads were stopped: 0.0053501 seconds, Stopping threads took: 0.0000271 seconds
262.263: [GC (Allocation Failure)  637505K->310431K(1034752K), 0.0023866 secs]
262.265: Total time for which application threads were stopped: 0.0025494 seconds, Stopping threads took: 0.0000203 seconds
262.333: [GC (Allocation Failure)  631967K->316201K(1034752K), 0.0065068 secs]
262.339: Total time for which application threads were stopped: 0.0066873 seconds, Stopping threads took: 0.0000201 seconds
262.408: [GC (Allocation Failure)  637737K->320105K(1034752K), 0.0048532 secs]
262.413: Total time for which application threads were stopped: 0.0050265 seconds, Stopping threads took: 0.0000208 seconds
262.480: [GC (Allocation Failure)  642594K->316199K(1035264K), 0.0031222 secs]
262.483: Total time for which application threads were stopped: 0.0032893 seconds, Stopping threads took: 0.0000201 seconds
262.553: [GC (Allocation Failure)  638759K->320201K(1036288K), 0.0052616 secs]
262.559: Total time for which application threads were stopped: 0.0054785 seconds, Stopping threads took: 0.0000253 seconds
262.627: [GC (Allocation Failure)  644297K->324233K(1035776K), 0.0040902 secs]
262.631: Total time for which application threads were stopped: 0.0042789 seconds, Stopping threads took: 0.0000259 seconds
262.702: [GC (Allocation Failure)  648329K->324233K(1035776K), 0.0041480 secs]
262.706: Total time for which application threads were stopped: 0.0043126 seconds, Stopping threads took: 0.0000166 seconds
262.775: [GC (Allocation Failure)  647817K->324297K(1023488K), 0.0041962 secs]
262.780: Total time for which application threads were stopped: 0.0043682 seconds, Stopping threads took: 0.0000279 seconds
262.848: [GC (Allocation Failure)  647881K->332300K(1035264K), 0.0043136 secs]
262.852: Total time for which application threads were stopped: 0.0044952 seconds, Stopping threads took: 0.0000192 seconds
262.922: [GC (Allocation Failure)  654860K->332300K(1030144K), 0.0042152 secs]
262.926: Total time for which application threads were stopped: 0.0043941 seconds, Stopping threads took: 0.0000204 seconds
262.994: [GC (Allocation Failure)  654860K->332332K(1034752K), 0.0043750 secs]
262.998: Total time for which application threads were stopped: 0.0045572 seconds, Stopping threads took: 0.0000195 seconds
263.066: [GC (Allocation Failure)  653868K->340334K(1029120K), 0.0046888 secs]
263.071: Total time for which application threads were stopped: 0.0048526 seconds, Stopping threads took: 0.0000208 seconds
263.140: [GC (Allocation Failure)  661870K->340302K(1034240K), 0.0039997 secs]
263.144: Total time for which application threads were stopped: 0.0042091 seconds, Stopping threads took: 0.0000296 seconds
263.212: [GC (Allocation Failure)  660814K->340526K(1034240K), 0.0046020 secs]
263.217: Total time for which application threads were stopped: 0.0047731 seconds, Stopping threads took: 0.0000196 seconds
263.284: [GC (Allocation Failure)  661038K->348368K(1034240K), 0.0042672 secs]
263.288: Total time for which application threads were stopped: 0.0044261 seconds, Stopping threads took: 0.0000192 seconds
263.356: [GC (Allocation Failure)  668880K->348336K(1034240K), 0.0044552 secs]
263.360: Total time for which application threads were stopped: 0.0046461 seconds, Stopping threads took: 0.0000194 seconds
263.429: [GC (Allocation Failure)  668848K->348776K(1033216K), 0.0042033 secs]
263.433: Total time for which application threads were stopped: 0.0043605 seconds, Stopping threads took: 0.0000173 seconds
263.500: [GC (Allocation Failure)  668264K->356363K(1033728K), 0.0044991 secs]
263.505: Total time for which application threads were stopped: 0.0046609 seconds, Stopping threads took: 0.0000202 seconds
263.573: [GC (Allocation Failure)  675851K->356395K(1033728K), 0.0049894 secs]
263.578: Total time for which application threads were stopped: 0.0051482 seconds, Stopping threads took: 0.0000177 seconds
263.643: [GC (Allocation Failure)  675883K->356491K(1033728K), 0.0042550 secs]
263.648: Total time for which application threads were stopped: 0.0044268 seconds, Stopping threads took: 0.0000264 seconds
263.715: [GC (Allocation Failure)  675979K->364397K(1033728K), 0.0041949 secs]
263.719: Total time for which application threads were stopped: 0.0043630 seconds, Stopping threads took: 0.0000201 seconds
263.788: [GC (Allocation Failure)  683885K->364397K(1033728K), 0.0045375 secs]
263.793: Total time for which application threads were stopped: 0.0047070 seconds, Stopping threads took: 0.0000204 seconds
263.860: [GC (Allocation Failure)  683885K->364461K(1033728K), 0.0046712 secs]
263.864: Total time for which application threads were stopped: 0.0048459 seconds, Stopping threads took: 0.0000206 seconds
263.931: [GC (Allocation Failure)  683949K->372431K(1027072K), 0.0044355 secs]
263.936: Total time for which application threads were stopped: 0.0046184 seconds, Stopping threads took: 0.0000205 seconds
264.001: [GC (Allocation Failure)  691919K->368493K(1034240K), 0.0034634 secs]
264.005: Total time for which application threads were stopped: 0.0036562 seconds, Stopping threads took: 0.0000198 seconds
264.074: [GC (Allocation Failure)  687981K->372559K(1033216K), 0.0042854 secs]
264.079: Total time for which application threads were stopped: 0.0044705 seconds, Stopping threads took: 0.0000179 seconds
264.148: [GC (Allocation Failure)  692047K->376559K(1034752K), 0.0043938 secs]
264.153: Total time for which application threads were stopped: 0.0045545 seconds, Stopping threads took: 0.0000206 seconds
264.219: [GC (Allocation Failure)  698095K->369773K(1034752K), 0.0016950 secs]
264.221: Total time for which application threads were stopped: 0.0018322 seconds, Stopping threads took: 0.0000189 seconds
264.288: [GC (Allocation Failure)  691309K->376631K(1034752K), 0.0043343 secs]
264.292: Total time for which application threads were stopped: 0.0045258 seconds, Stopping threads took: 0.0000232 seconds
264.358: [GC (Allocation Failure)  698167K->380703K(1034752K), 0.0051871 secs]
264.363: Total time for which application threads were stopped: 0.0053531 seconds, Stopping threads took: 0.0000209 seconds
264.428: [GC (Allocation Failure)  702239K->375165K(1034752K), 0.0024161 secs]
264.431: Total time for which application threads were stopped: 0.0025710 seconds, Stopping threads took: 0.0000204 seconds
264.500: [GC (Allocation Failure)  696701K->380975K(1034752K), 0.0044160 secs]
264.505: Total time for which application threads were stopped: 0.0045795 seconds, Stopping threads took: 0.0000202 seconds
264.573: [GC (Allocation Failure)  702511K->384879K(1034752K), 0.0047570 secs]
264.578: Total time for which application threads were stopped: 0.0049207 seconds, Stopping threads took: 0.0000201 seconds
264.645: [GC (Allocation Failure)  707367K->380941K(1035264K), 0.0031063 secs]
264.648: Total time for which application threads were stopped: 0.0033004 seconds, Stopping threads took: 0.0000198 seconds
264.718: [GC (Allocation Failure)  703501K->385007K(1036288K), 0.0043203 secs]
264.722: Total time for which application threads were stopped: 0.0044912 seconds, Stopping threads took: 0.0000174 seconds
264.790: [GC (Allocation Failure)  709103K->388975K(1035776K), 0.0044787 secs]
264.794: Total time for which application threads were stopped: 0.0046589 seconds, Stopping threads took: 0.0000209 seconds
264.863: [GC (Allocation Failure)  713071K->388975K(1035776K), 0.0043590 secs]
264.868: Total time for which application threads were stopped: 0.0045365 seconds, Stopping threads took: 0.0000206 seconds
264.936: [GC (Allocation Failure)  712559K->389031K(1023488K), 0.0044601 secs]
264.940: Total time for which application threads were stopped: 0.0046481 seconds, Stopping threads took: 0.0000216 seconds
265.007: [GC (Allocation Failure)  712615K->397033K(1035264K), 0.0044794 secs]
265.011: Total time for which application threads were stopped: 0.0046752 seconds, Stopping threads took: 0.0000202 seconds
265.081: [GC (Allocation Failure)  719593K->397033K(1030144K), 0.0042130 secs]
265.085: Total time for which application threads were stopped: 0.0043816 seconds, Stopping threads took: 0.0000190 seconds
265.154: [GC (Allocation Failure)  719593K->397065K(1034752K), 0.0043618 secs]
265.158: Total time for which application threads were stopped: 0.0045359 seconds, Stopping threads took: 0.0000264 seconds
265.226: [GC (Allocation Failure)  718601K->405068K(1029120K), 0.0046043 secs]
265.231: Total time for which application threads were stopped: 0.0048035 seconds, Stopping threads took: 0.0000271 seconds
265.300: [GC (Allocation Failure)  726604K->405036K(1034240K), 0.0041553 secs]
265.305: Total time for which application threads were stopped: 0.0043322 seconds, Stopping threads took: 0.0000281 seconds
265.371: [GC (Allocation Failure)  725548K->405292K(1034240K), 0.0044595 secs]
265.376: Total time for which application threads were stopped: 0.0046201 seconds, Stopping threads took: 0.0000193 seconds
265.443: [GC (Allocation Failure)  725804K->413102K(1034240K), 0.0043937 secs]
265.448: Total time for which application threads were stopped: 0.0045547 seconds, Stopping threads took: 0.0000195 seconds
265.515: [GC (Allocation Failure)  733614K->413070K(1034240K), 0.0044749 secs]
265.520: Total time for which application threads were stopped: 0.0046475 seconds, Stopping threads took: 0.0000211 seconds
265.589: [GC (Allocation Failure)  733582K->413510K(1033216K), 0.0046088 secs]
265.594: Total time for which application threads were stopped: 0.0048227 seconds, Stopping threads took: 0.0000198 seconds
265.663: [GC (Allocation Failure)  732998K->421096K(1033728K), 0.0045059 secs]
265.668: Total time for which application threads were stopped: 0.0046755 seconds, Stopping threads took: 0.0000283 seconds
265.735: [GC (Allocation Failure)  740584K->421096K(1033728K), 0.0044875 secs]
265.740: Total time for which application threads were stopped: 0.0046544 seconds, Stopping threads took: 0.0000196 seconds
265.805: [GC (Allocation Failure)  740584K->421216K(1033728K), 0.0060779 secs]
265.811: Total time for which application threads were stopped: 0.0062398 seconds, Stopping threads took: 0.0000196 seconds
265.878: [GC (Allocation Failure)  740704K->429154K(1033728K), 0.0043562 secs]
265.883: Total time for which application threads were stopped: 0.0045448 seconds, Stopping threads took: 0.0000222 seconds
265.950: [GC (Allocation Failure)  748642K->429122K(1033728K), 0.0045112 secs]
265.954: Total time for which application threads were stopped: 0.0047302 seconds, Stopping threads took: 0.0000202 seconds
266.022: [GC (Allocation Failure)  748610K->429194K(1033728K), 0.0044581 secs]
266.027: Total time for which application threads were stopped: 0.0046098 seconds, Stopping threads took: 0.0000178 seconds
266.093: [GC (Allocation Failure)  748682K->437165K(1027072K), 0.0046582 secs]
266.098: Total time for which application threads were stopped: 0.0048312 seconds, Stopping threads took: 0.0000201 seconds
266.163: [GC (Allocation Failure)  756652K->433290K(1034240K), 0.0035155 secs]
266.167: Total time for which application threads were stopped: 0.0036893 seconds, Stopping threads took: 0.0000281 seconds
266.234: [GC (Allocation Failure)  752778K->437317K(1033216K), 0.0045341 secs]
266.239: Total time for which application threads were stopped: 0.0046922 seconds, Stopping threads took: 0.0000196 seconds
266.306: [GC (Allocation Failure)  756805K->441253K(1034752K), 0.0052803 secs]
266.311: Total time for which application threads were stopped: 0.0054500 seconds, Stopping threads took: 0.0000206 seconds
266.378: [GC (Allocation Failure)  762789K->434498K(1034752K), 0.0018062 secs]
266.380: Total time for which application threads were stopped: 0.0019749 seconds, Stopping threads took: 0.0000196 seconds
266.448: [GC (Allocation Failure)  756034K->441325K(1034752K), 0.0044321 secs]
266.453: Total time for which application threads were stopped: 0.0045941 seconds, Stopping threads took: 0.0000271 seconds
266.519: [GC (Allocation Failure)  762861K->445469K(1034752K), 0.0054474 secs]
266.525: Total time for which application threads were stopped: 0.0056266 seconds, Stopping threads took: 0.0000201 seconds
266.591: [GC (Allocation Failure)  767005K->439898K(1034752K), 0.0024121 secs]
266.594: Total time for which application threads were stopped: 0.0025846 seconds, Stopping threads took: 0.0000199 seconds
266.664: [GC (Allocation Failure)  761434K->445709K(1034752K), 0.0046203 secs]
266.669: Total time for which application threads were stopped: 0.0047919 seconds, Stopping threads took: 0.0000203 seconds
266.736: [GC (Allocation Failure)  767245K->449613K(1034752K), 0.0050277 secs]
266.741: Total time for which application threads were stopped: 0.0052061 seconds, Stopping threads took: 0.0000209 seconds
266.808: [GC (Allocation Failure)  772101K->445674K(1035264K), 0.0033940 secs]
266.812: Total time for which application threads were stopped: 0.0035516 seconds, Stopping threads took: 0.0000199 seconds
266.882: [GC (Allocation Failure)  768234K->449741K(1036288K), 0.0045822 secs]
266.886: Total time for which application threads were stopped: 0.0047658 seconds, Stopping threads took: 0.0000181 seconds
266.956: [GC (Allocation Failure)  773837K->453709K(1035776K), 0.0045416 secs]
266.960: Total time for which application threads were stopped: 0.0047015 seconds, Stopping threads took: 0.0000196 seconds
267.029: [GC (Allocation Failure)  777805K->453709K(1035776K), 0.0045521 secs]
267.034: Total time for which application threads were stopped: 0.0047224 seconds, Stopping threads took: 0.0000199 seconds
267.102: [GC (Allocation Failure)  777293K->453773K(1023488K), 0.0045498 secs]
267.107: Total time for which application threads were stopped: 0.0046993 seconds, Stopping threads took: 0.0000197 seconds
267.174: [GC (Allocation Failure)  777357K->461743K(1035264K), 0.0044308 secs]
267.179: Total time for which application threads were stopped: 0.0045923 seconds, Stopping threads took: 0.0000254 seconds
267.246: [GC (Allocation Failure)  784303K->461743K(1030144K), 0.0043757 secs]
267.251: Total time for which application threads were stopped: 0.0045277 seconds, Stopping threads took: 0.0000176 seconds
267.318: [GC (Allocation Failure)  784303K->461799K(1034752K), 0.0046815 secs]
267.323: Total time for which application threads were stopped: 0.0048642 seconds, Stopping threads took: 0.0000217 seconds
267.390: [GC (Allocation Failure)  783335K->469769K(1034752K), 0.0046932 secs]
267.395: Total time for which application threads were stopped: 0.0048572 seconds, Stopping threads took: 0.0000204 seconds
267.462: [GC (Allocation Failure)  791305K->469769K(1033728K), 0.0045078 secs]
267.467: Total time for which application threads were stopped: 0.0046686 seconds, Stopping threads took: 0.0000207 seconds
267.534: [GC (Allocation Failure)  790281K->469953K(1034240K), 0.0053071 secs]
267.539: Total time for which application threads were stopped: 0.0054693 seconds, Stopping threads took: 0.0000247 seconds
267.608: [GC (Allocation Failure)  790465K->477795K(1034240K), 0.0074714 secs]
267.615: Total time for which application threads were stopped: 0.0076645 seconds, Stopping threads took: 0.0000356 seconds
267.684: [GC (Allocation Failure)  798307K->477795K(1034240K), 0.0046280 secs]
267.689: Total time for which application threads were stopped: 0.0048222 seconds, Stopping threads took: 0.0000198 seconds
267.758: [GC (Allocation Failure)  798307K->478251K(1033216K), 0.0047965 secs]
267.763: Total time for which application threads were stopped: 0.0049470 seconds, Stopping threads took: 0.0000170 seconds
267.832: [GC (Allocation Failure)  797739K->485806K(1033728K), 0.0047090 secs]
267.837: Total time for which application threads were stopped: 0.0048765 seconds, Stopping threads took: 0.0000214 seconds
267.905: [GC (Allocation Failure)  805294K->485838K(1033728K), 0.0045439 secs]
267.910: Total time for which application threads were stopped: 0.0047298 seconds, Stopping threads took: 0.0000207 seconds
267.975: [GC (Allocation Failure)  805326K->485958K(1033728K), 0.0046847 secs]
267.979: Total time for which application threads were stopped: 0.0048581 seconds, Stopping threads took: 0.0000204 seconds
268.048: [GC (Allocation Failure)  805446K->493864K(1033728K), 0.0044230 secs]
268.053: Total time for which application threads were stopped: 0.0046124 seconds, Stopping threads took: 0.0000379 seconds
268.120: [GC (Allocation Failure)  813352K->493864K(1033728K), 0.0044791 secs]
268.125: Total time for which application threads were stopped: 0.0046498 seconds, Stopping threads took: 0.0000283 seconds
268.191: [GC (Allocation Failure)  813352K->493928K(1033728K), 0.0044803 secs]
268.196: Total time for which application threads were stopped: 0.0046510 seconds, Stopping threads took: 0.0000201 seconds
268.263: [GC (Allocation Failure)  813416K->501930K(1027072K), 0.0048841 secs]
268.268: Total time for which application threads were stopped: 0.0050666 seconds, Stopping threads took: 0.0000210 seconds
268.332: [GC (Allocation Failure)  821418K->497992K(1034240K), 0.0035465 secs]
268.336: Total time for which application threads were stopped: 0.0037217 seconds, Stopping threads took: 0.0000208 seconds
268.405: [GC (Allocation Failure)  817480K->502026K(1033216K), 0.0046426 secs]
268.410: Total time for which application threads were stopped: 0.0048093 seconds, Stopping threads took: 0.0000167 seconds
268.477: [GC (Allocation Failure)  821514K->505994K(1034752K), 0.0046869 secs]
268.482: Total time for which application threads were stopped: 0.0049858 seconds, Stopping threads took: 0.0000213 seconds
268.549: [GC (Allocation Failure)  827530K->499240K(1034752K), 0.0026229 secs]
268.552: Total time for which application threads were stopped: 0.0028131 seconds, Stopping threads took: 0.0000248 seconds
268.621: [GC (Allocation Failure)  820776K->506098K(1034752K), 0.0043696 secs]
268.625: Total time for which application threads were stopped: 0.0045428 seconds, Stopping threads took: 0.0000203 seconds
268.691: [GC (Allocation Failure)  827634K->510178K(1034752K), 0.0056232 secs]
268.697: Total time for which application threads were stopped: 0.0058051 seconds, Stopping threads took: 0.0000209 seconds
268.763: [GC (Allocation Failure)  831714K->504608K(1034752K), 0.0025907 secs]
268.766: Total time for which application threads were stopped: 0.0027483 seconds, Stopping threads took: 0.0000210 seconds
268.833: [GC (Allocation Failure)  826144K->510450K(1034752K), 0.0046060 secs]
268.838: Total time for which application threads were stopped: 0.0047717 seconds, Stopping threads took: 0.0000205 seconds
268.905: [GC (Allocation Failure)  831986K->514282K(1034752K), 0.0062725 secs]
268.912: Total time for which application threads were stopped: 0.0064740 seconds, Stopping threads took: 0.0000277 seconds
268.980: [GC (Allocation Failure)  836771K->510408K(1035264K), 0.0035784 secs]
268.983: Total time for which application threads were stopped: 0.0037428 seconds, Stopping threads took: 0.0000197 seconds
269.051: [GC (Allocation Failure)  832968K->514474K(1036288K), 0.0048057 secs]
269.056: Total time for which application threads were stopped: 0.0049964 seconds, Stopping threads took: 0.0000200 seconds
269.125: [GC (Allocation Failure)  838570K->518442K(1035776K), 0.0046858 secs]
269.130: Total time for which application threads were stopped: 0.0048633 seconds, Stopping threads took: 0.0000262 seconds
269.199: [GC (Allocation Failure)  842538K->518474K(1035776K), 0.0047174 secs]
269.203: Total time for which application threads were stopped: 0.0049137 seconds, Stopping threads took: 0.0000207 seconds
269.273: [GC (Allocation Failure)  842058K->518506K(1023488K), 0.0046624 secs]
269.278: Total time for which application threads were stopped: 0.0048124 seconds, Stopping threads took: 0.0000166 seconds
269.344: [GC (Allocation Failure)  842090K->526509K(1035264K), 0.0046853 secs]
269.349: Total time for which application threads were stopped: 0.0048825 seconds, Stopping threads took: 0.0000199 seconds
269.420: [GC (Allocation Failure)  849069K->526445K(1030144K), 0.0046903 secs]
269.425: Total time for which application threads were stopped: 0.0048504 seconds, Stopping threads took: 0.0000293 seconds
269.495: [GC (Allocation Failure)  849005K->526541K(1034752K), 0.0047475 secs]
269.499: Total time for which application threads were stopped: 0.0049235 seconds, Stopping threads took: 0.0000276 seconds
269.568: [GC (Allocation Failure)  848077K->534511K(1034752K), 0.0047947 secs]
269.573: Total time for which application threads were stopped: 0.0049623 seconds, Stopping threads took: 0.0000201 seconds
269.642: [GC (Allocation Failure)  856047K->534511K(1033728K), 0.0044502 secs]
269.646: Total time for which application threads were stopped: 0.0046517 seconds, Stopping threads took: 0.0000606 seconds
269.714: [GC (Allocation Failure)  855023K->534759K(1034240K), 0.0046425 secs]
269.718: Total time for which application threads were stopped: 0.0048123 seconds, Stopping threads took: 0.0000201 seconds
269.786: [GC (Allocation Failure)  855271K->542569K(1034240K), 0.0045100 secs]
269.791: Total time for which application threads were stopped: 0.0046867 seconds, Stopping threads took: 0.0000208 seconds
269.859: [GC (Allocation Failure)  863081K->542537K(1034240K), 0.0046087 secs]
269.863: Total time for which application threads were stopped: 0.0047749 seconds, Stopping threads took: 0.0000192 seconds
269.931: [GC (Allocation Failure)  863049K->542985K(1033216K), 0.0048985 secs]
269.936: Total time for which application threads were stopped: 0.0050687 seconds, Stopping threads took: 0.0000203 seconds
270.003: [GC (Allocation Failure)  862473K->550603K(1033728K), 0.0047095 secs]
270.008: Total time for which application threads were stopped: 0.0048824 seconds, Stopping threads took: 0.0000207 seconds
270.076: [GC (Allocation Failure)  870091K->550571K(1033728K), 0.0047088 secs]
270.081: Total time for which application threads were stopped: 0.0049010 seconds, Stopping threads took: 0.0000213 seconds
270.147: [GC (Allocation Failure)  870059K->550699K(1033728K), 0.0046130 secs]
270.152: Total time for which application threads were stopped: 0.0047713 seconds, Stopping threads took: 0.0000258 seconds
270.220: [GC (Allocation Failure)  870187K->558638K(1033728K), 0.0047725 secs]
270.224: Total time for which application threads were stopped: 0.0049410 seconds, Stopping threads took: 0.0000199 seconds
270.292: [GC (Allocation Failure)  878126K->558606K(1033728K), 0.0048688 secs]
270.297: Total time for which application threads were stopped: 0.0050414 seconds, Stopping threads took: 0.0000208 seconds
270.365: [GC (Allocation Failure)  878094K->558670K(1033728K), 0.0046607 secs]
270.369: Total time for which application threads were stopped: 0.0048568 seconds, Stopping threads took: 0.0000203 seconds
270.438: [GC (Allocation Failure)  878158K->566640K(1027072K), 0.0046691 secs]
270.442: Total time for which application threads were stopped: 0.0048351 seconds, Stopping threads took: 0.0000180 seconds
270.509: [GC (Allocation Failure)  886127K->562702K(1034240K), 0.0038478 secs]
270.513: Total time for which application threads were stopped: 0.0039951 seconds, Stopping threads took: 0.0000171 seconds
270.582: [GC (Allocation Failure)  882190K->566792K(1033216K), 0.0050524 secs]
270.587: Total time for which application threads were stopped: 0.0052111 seconds, Stopping threads took: 0.0000202 seconds
270.656: [GC (Allocation Failure)  886280K->570760K(1034752K), 0.0046912 secs]
270.661: Total time for which application threads were stopped: 0.0048912 seconds, Stopping threads took: 0.0000273 seconds
270.728: [GC (Allocation Failure)  892296K->563974K(1034752K), 0.0020727 secs]
270.730: Total time for which application threads were stopped: 0.0022425 seconds, Stopping threads took: 0.0000204 seconds
270.799: [GC (Allocation Failure)  885510K->570832K(1034752K), 0.0048435 secs]
270.804: Total time for which application threads were stopped: 0.0050020 seconds, Stopping threads took: 0.0000197 seconds
270.869: [GC (Allocation Failure)  892368K->574912K(1034752K), 0.0056774 secs]
270.875: Total time for which application threads were stopped: 0.0058380 seconds, Stopping threads took: 0.0000198 seconds
270.940: [GC (Allocation Failure)  896448K->569374K(1034752K), 0.0028302 secs]
270.943: Total time for which application threads were stopped: 0.0030214 seconds, Stopping threads took: 0.0000200 seconds
271.012: [GC (Allocation Failure)  890910K->575208K(1034752K), 0.0046322 secs]
271.016: Total time for which application threads were stopped: 0.0047831 seconds, Stopping threads took: 0.0000182 seconds
271.083: [GC (Allocation Failure)  896744K->579080K(1035264K), 0.0052121 secs]
271.089: Total time for which application threads were stopped: 0.0053819 seconds, Stopping threads took: 0.0000202 seconds
271.156: [GC (Allocation Failure)  901568K->575110K(1035264K), 0.0044379 secs]
271.160: Total time for which application threads were stopped: 0.0045998 seconds, Stopping threads took: 0.0000263 seconds
271.228: [GC (Allocation Failure)  897670K->579216K(1036288K), 0.0049712 secs]
271.233: Total time for which application threads were stopped: 0.0051466 seconds, Stopping threads took: 0.0000205 seconds
271.303: [GC (Allocation Failure)  903312K->583152K(1035776K), 0.0048030 secs]
271.308: Total time for which application threads were stopped: 0.0049717 seconds, Stopping threads took: 0.0000205 seconds
271.377: [GC (Allocation Failure)  907248K->583184K(1035776K), 0.0047654 secs]
271.381: Total time for which application threads were stopped: 0.0049284 seconds, Stopping threads took: 0.0000204 seconds
271.450: [GC (Allocation Failure)  906768K->583240K(1023488K), 0.0047248 secs]
271.454: Total time for which application threads were stopped: 0.0048973 seconds, Stopping threads took: 0.0000284 seconds
271.521: [GC (Allocation Failure)  906824K->591210K(1035264K), 0.0049425 secs]
271.526: Total time for which application threads were stopped: 0.0051126 seconds, Stopping threads took: 0.0000209 seconds
271.595: [GC (Allocation Failure)  913770K->591210K(1030144K), 0.0045868 secs]
271.600: Total time for which application threads were stopped: 0.0047803 seconds, Stopping threads took: 0.0000191 seconds
271.669: [GC (Allocation Failure)  913770K->591274K(1034752K), 0.0046394 secs]
271.673: Total time for which application threads were stopped: 0.0048167 seconds, Stopping threads took: 0.0000274 seconds
271.741: [GC (Allocation Failure)  912810K->599276K(1029120K), 0.0049837 secs]
271.746: Total time for which application threads were stopped: 0.0051531 seconds, Stopping threads took: 0.0000200 seconds
271.813: [GC (Allocation Failure)  920812K->599244K(1034240K), 0.0047413 secs]
271.818: Total time for which application threads were stopped: 0.0049012 seconds, Stopping threads took: 0.0000205 seconds
271.885: [GC (Allocation Failure)  919756K->599492K(1034240K), 0.0049677 secs]
271.890: Total time for which application threads were stopped: 0.0051407 seconds, Stopping threads took: 0.0000194 seconds
271.957: [GC (Allocation Failure)  920004K->607271K(1034240K), 0.0045850 secs]
271.962: Total time for which application threads were stopped: 0.0047614 seconds, Stopping threads took: 0.0000197 seconds
272.029: [GC (Allocation Failure)  927783K->607271K(1034240K), 0.0047607 secs]
272.034: Total time for which application threads were stopped: 0.0049301 seconds, Stopping threads took: 0.0000193 seconds
272.101: [GC (Allocation Failure)  927783K->607719K(1033216K), 0.0048807 secs]
272.106: Total time for which application threads were stopped: 0.0050892 seconds, Stopping threads took: 0.0000200 seconds
272.175: [GC (Allocation Failure)  927207K->615337K(1033728K), 0.0047539 secs]
272.180: Total time for which application threads were stopped: 0.0049527 seconds, Stopping threads took: 0.0000205 seconds
272.249: [GC (Allocation Failure)  934825K->615305K(1033728K), 0.0046409 secs]
272.254: Total time for which application threads were stopped: 0.0047903 seconds, Stopping threads took: 0.0000174 seconds
272.319: [GC (Allocation Failure)  934793K->615433K(1033728K), 0.0047166 secs]
272.324: Total time for which application threads were stopped: 0.0048795 seconds, Stopping threads took: 0.0000207 seconds
272.391: [GC (Allocation Failure)  934921K->623371K(1033728K), 0.0046472 secs]
272.396: Total time for which application threads were stopped: 0.0048110 seconds, Stopping threads took: 0.0000198 seconds
272.464: [GC (Allocation Failure)  942859K->623339K(1033728K), 0.0047721 secs]
272.469: Total time for which application threads were stopped: 0.0049305 seconds, Stopping threads took: 0.0000200 seconds
272.537: [GC (Allocation Failure)  942827K->623371K(1033728K), 0.0065108 secs]
272.544: Total time for which application threads were stopped: 0.0066723 seconds, Stopping threads took: 0.0000244 seconds
272.611: [GC (Allocation Failure)  942859K->631373K(1027072K), 0.0050238 secs]
272.617: Total time for which application threads were stopped: 0.0051818 seconds, Stopping threads took: 0.0000196 seconds
272.682: [GC (Allocation Failure)  950861K->627499K(1034240K), 0.0039545 secs]
272.686: Total time for which application threads were stopped: 0.0041235 seconds, Stopping threads took: 0.0000196 seconds
272.755: [GC (Allocation Failure)  946987K->631525K(1033216K), 0.0051491 secs]
272.760: Total time for which application threads were stopped: 0.0053183 seconds, Stopping threads took: 0.0000200 seconds
272.828: [GC (Allocation Failure)  951013K->635461K(1034752K), 0.0048872 secs]
272.833: Total time for which application threads were stopped: 0.0050458 seconds, Stopping threads took: 0.0000201 seconds
272.901: [GC (Allocation Failure)  956997K->628675K(1034752K), 0.0022254 secs]
272.903: Total time for which application threads were stopped: 0.0023839 seconds, Stopping threads took: 0.0000200 seconds
272.972: [GC (Allocation Failure)  950211K->635565K(1034752K), 0.0046449 secs]
272.977: Total time for which application threads were stopped: 0.0048062 seconds, Stopping threads took: 0.0000199 seconds
273.042: [GC (Allocation Failure)  957101K->639645K(1034752K), 0.0058737 secs]
273.048: Total time for which application threads were stopped: 0.0060373 seconds, Stopping threads took: 0.0000199 seconds
273.113: [GC (Allocation Failure)  961181K->634107K(1034752K), 0.0031813 secs]
273.117: Total time for which application threads were stopped: 0.0033618 seconds, Stopping threads took: 0.0000206 seconds
273.185: [GC (Allocation Failure)  955643K->639917K(1034752K), 0.0073737 secs]
273.192: Total time for which application threads were stopped: 0.0075461 seconds, Stopping threads took: 0.0000203 seconds
273.261: [GC (Allocation Failure)  961453K->643789K(1034752K), 0.0053175 secs]
273.266: Total time for which application threads were stopped: 0.0055221 seconds, Stopping threads took: 0.0000199 seconds
273.333: [GC (Allocation Failure)  966278K->639883K(1035264K), 0.0036602 secs]
273.337: Total time for which application threads were stopped: 0.0038342 seconds, Stopping threads took: 0.0000194 seconds
273.406: [GC (Allocation Failure)  962443K->643941K(1036288K), 0.0048884 secs]
273.411: Total time for which application threads were stopped: 0.0050584 seconds, Stopping threads took: 0.0000199 seconds
273.479: [GC (Allocation Failure)  968037K->647909K(1035776K), 0.0048781 secs]
273.484: Total time for which application threads were stopped: 0.0050421 seconds, Stopping threads took: 0.0000197 seconds
273.554: [GC (Allocation Failure)  972005K->647909K(1035776K), 0.0058935 secs]
273.560: Total time for which application threads were stopped: 0.0060733 seconds, Stopping threads took: 0.0000258 seconds
273.628: [GC (Allocation Failure)  971493K->647981K(1023488K), 0.0048461 secs]
273.633: Total time for which application threads were stopped: 0.0050232 seconds, Stopping threads took: 0.0000272 seconds
273.701: [GC (Allocation Failure)  971565K->655984K(1035264K), 0.0049383 secs]
273.706: Total time for which application threads were stopped: 0.0051219 seconds, Stopping threads took: 0.0000254 seconds
273.774: [GC (Allocation Failure)  978544K->655984K(1030144K), 0.0056387 secs]
273.779: Total time for which application threads were stopped: 0.0058068 seconds, Stopping threads took: 0.0000200 seconds
273.848: [GC (Allocation Failure)  978544K->656008K(1034752K), 0.0048913 secs]
273.853: Total time for which application threads were stopped: 0.0050877 seconds, Stopping threads took: 0.0000200 seconds
273.922: [GC (Allocation Failure)  977544K->664010K(1029120K), 0.0048774 secs]
273.927: Total time for which application threads were stopped: 0.0050305 seconds, Stopping threads took: 0.0000181 seconds
273.996: [GC (Allocation Failure)  985546K->663978K(1034240K), 0.0048063 secs]
274.000: Total time for which application threads were stopped: 0.0050007 seconds, Stopping threads took: 0.0000207 seconds
274.068: [GC (Allocation Failure)  984490K->664226K(1034240K), 0.0052686 secs]
274.074: Total time for which application threads were stopped: 0.0054459 seconds, Stopping threads took: 0.0000190 seconds
274.142: [GC (Allocation Failure)  984738K->672004K(1034240K), 0.0047186 secs]
274.146: Total time for which application threads were stopped: 0.0048813 seconds, Stopping threads took: 0.0000197 seconds
274.214: [GC (Allocation Failure)  992516K->672004K(1034240K), 0.0049895 secs]
274.219: Total time for which application threads were stopped: 0.0051606 seconds, Stopping threads took: 0.0000193 seconds
274.286: [GC (Allocation Failure)  992516K->672452K(1033216K), 0.0052094 secs]
274.291: Total time for which application threads were stopped: 0.0053762 seconds, Stopping threads took: 0.0000195 seconds
274.358: [GC (Allocation Failure)  991940K->680071K(1033728K), 0.0050507 secs]
274.364: Total time for which application threads were stopped: 0.0052238 seconds, Stopping threads took: 0.0000203 seconds
274.431: [GC (Allocation Failure)  999559K->680071K(1033728K), 0.0049925 secs]
274.436: Total time for which application threads were stopped: 0.0051671 seconds, Stopping threads took: 0.0000211 seconds
274.501: [GC (Allocation Failure)  999559K->680127K(1033728K), 0.0097315 secs]
274.510: Total time for which application threads were stopped: 0.0099035 seconds, Stopping threads took: 0.0000208 seconds
274.580: [GC (Allocation Failure)  999615K->688129K(1033728K), 0.0048722 secs]
274.585: Total time for which application threads were stopped: 0.0050301 seconds, Stopping threads took: 0.0000180 seconds
274.652: [GC (Allocation Failure)  1007617K->688065K(1033728K), 0.0049031 secs]
274.657: Total time for which application threads were stopped: 0.0050657 seconds, Stopping threads took: 0.0000204 seconds
274.724: [GC (Allocation Failure)  1007553K->688137K(1032704K), 0.0050634 secs]
274.729: [Full GC (Ergonomics)  688137K->8540K(1032704K), 0.0122392 secs]
274.741: Total time for which application threads were stopped: 0.0176150 seconds, Stopping threads took: 0.0000197 seconds
274.809: [GC (Allocation Failure)  327004K->16735K(1033216K), 0.0037647 secs]
274.813: Total time for which application threads were stopped: 0.0039488 seconds, Stopping threads took: 0.0000199 seconds
274.882: [GC (Allocation Failure)  335199K->11156K(1033728K), 0.0016244 secs]
274.883: Total time for which application threads were stopped: 0.0019061 seconds, Stopping threads took: 0.0000197 seconds
274.952: [GC (Allocation Failure)  330132K->17015K(1033216K), 0.0037360 secs]
274.955: Total time for which application threads were stopped: 0.0039036 seconds, Stopping threads took: 0.0000192 seconds
275.023: [GC (Allocation Failure)  335991K->20903K(1034240K), 0.0041912 secs]
275.027: Total time for which application threads were stopped: 0.0043530 seconds, Stopping threads took: 0.0000205 seconds
275.095: [GC (Allocation Failure)  341415K->26788K(1034240K), 0.0062431 secs]
275.102: Total time for which application threads were stopped: 0.0064034 seconds, Stopping threads took: 0.0000197 seconds
275.169: [GC (Allocation Failure)  347300K->21031K(1030144K), 0.0038680 secs]
275.173: Total time for which application threads were stopped: 0.0040282 seconds, Stopping threads took: 0.0000197 seconds
275.240: [GC (Allocation Failure)  337447K->20871K(1032192K), 0.0038044 secs]
275.244: Total time for which application threads were stopped: 0.0039718 seconds, Stopping threads took: 0.0000194 seconds
275.309: [GC (Allocation Failure)  337287K->16708K(1033216K), 0.0020463 secs]
275.312: Total time for which application threads were stopped: 0.0022189 seconds, Stopping threads took: 0.0000193 seconds
275.379: [GC (Allocation Failure)  334660K->20999K(1032704K), 0.0084507 secs]
275.387: Total time for which application threads were stopped: 0.0086439 seconds, Stopping threads took: 0.0000197 seconds
275.454: [GC (Allocation Failure)  338951K->20871K(1033728K), 0.0038302 secs]
275.457: Total time for which application threads were stopped: 0.0039861 seconds, Stopping threads took: 0.0000175 seconds
275.523: [GC (Allocation Failure)  339847K->24455K(1033216K), 0.0046092 secs]
275.528: Total time for which application threads were stopped: 0.0047943 seconds, Stopping threads took: 0.0000216 seconds
275.596: [GC (Allocation Failure)  343431K->28969K(1034240K), 0.0035502 secs]
275.600: Total time for which application threads were stopped: 0.0037335 seconds, Stopping threads took: 0.0000208 seconds
275.666: [GC (Allocation Failure)  348969K->28873K(1033728K), 0.0038408 secs]
275.670: Total time for which application threads were stopped: 0.0040361 seconds, Stopping threads took: 0.0000203 seconds
275.737: [GC (Allocation Failure)  348873K->32201K(1034240K), 0.0044867 secs]
275.741: Total time for which application threads were stopped: 0.0046466 seconds, Stopping threads took: 0.0000174 seconds
275.811: [GC (Allocation Failure)  352713K->36939K(1034240K), 0.0037218 secs]
275.815: Total time for which application threads were stopped: 0.0038912 seconds, Stopping threads took: 0.0000202 seconds
275.882: [GC (Allocation Failure)  357451K->36939K(1034752K), 0.0036076 secs]
275.886: Total time for which application threads were stopped: 0.0038066 seconds, Stopping threads took: 0.0000204 seconds
275.953: [GC (Allocation Failure)  358475K->39403K(1034752K), 0.0042221 secs]
275.957: Total time for which application threads were stopped: 0.0043900 seconds, Stopping threads took: 0.0000177 seconds
276.026: [GC (Allocation Failure)  360939K->44973K(1034752K), 0.0037245 secs]
276.030: Total time for which application threads were stopped: 0.0039196 seconds, Stopping threads took: 0.0000203 seconds
276.099: [GC (Allocation Failure)  366509K->44941K(1034752K), 0.0035723 secs]
276.103: Total time for which application threads were stopped: 0.0037293 seconds, Stopping threads took: 0.0000169 seconds
276.168: [GC (Allocation Failure)  366477K->48685K(1035264K), 0.0044628 secs]
276.173: Total time for which application threads were stopped: 0.0046916 seconds, Stopping threads took: 0.0000277 seconds
276.242: [GC (Allocation Failure)  370733K->53040K(1034752K), 0.0037724 secs]
276.246: Total time for which application threads were stopped: 0.0039299 seconds, Stopping threads took: 0.0000174 seconds
276.314: [GC (Allocation Failure)  375088K->53040K(1035264K), 0.0038469 secs]
276.318: Total time for which application threads were stopped: 0.0040196 seconds, Stopping threads took: 0.0000202 seconds
276.386: [GC (Allocation Failure)  375600K->55880K(1035264K), 0.0041743 secs]
276.391: Total time for which application threads were stopped: 0.0043532 seconds, Stopping threads took: 0.0000221 seconds
276.459: [GC (Allocation Failure)  378440K->61130K(1035264K), 0.0038750 secs]
276.463: Total time for which application threads were stopped: 0.0040497 seconds, Stopping threads took: 0.0000208 seconds
276.532: [GC (Allocation Failure)  383690K->61034K(1035264K), 0.0045011 secs]
276.536: Total time for which application threads were stopped: 0.0046592 seconds, Stopping threads took: 0.0000215 seconds
276.604: [GC (Allocation Failure)  383594K->64106K(1035264K), 0.0043820 secs]
276.609: Total time for which application threads were stopped: 0.0045451 seconds, Stopping threads took: 0.0000206 seconds
276.678: [GC (Allocation Failure)  386666K->69164K(1035264K), 0.0036767 secs]
276.682: Total time for which application threads were stopped: 0.0038731 seconds, Stopping threads took: 0.0000266 seconds
276.750: [GC (Allocation Failure)  391724K->69068K(1035264K), 0.0038476 secs]
276.754: Total time for which application threads were stopped: 0.0040077 seconds, Stopping threads took: 0.0000195 seconds
276.822: [GC (Allocation Failure)  391628K->64298K(1035264K), 0.0019935 secs]
276.824: Total time for which application threads were stopped: 0.0021537 seconds, Stopping threads took: 0.0000195 seconds
276.892: [GC (Allocation Failure)  386858K->69324K(1035264K), 0.0036366 secs]
276.896: Total time for which application threads were stopped: 0.0038104 seconds, Stopping threads took: 0.0000220 seconds
276.964: [GC (Allocation Failure)  391884K->69068K(1035264K), 0.0038838 secs]
276.968: Total time for which application threads were stopped: 0.0040648 seconds, Stopping threads took: 0.0000200 seconds
277.036: [GC (Allocation Failure)  391628K->68586K(1035776K), 0.0035438 secs]
277.039: Total time for which application threads were stopped: 0.0037137 seconds, Stopping threads took: 0.0000190 seconds
277.110: [GC (Allocation Failure)  391658K->69260K(1035264K), 0.0036379 secs]
277.113: Total time for which application threads were stopped: 0.0038126 seconds, Stopping threads took: 0.0000199 seconds
277.181: [GC (Allocation Failure)  392332K->69100K(1035776K), 0.0036533 secs]
277.185: Total time for which application threads were stopped: 0.0038225 seconds, Stopping threads took: 0.0000196 seconds
277.255: [GC (Allocation Failure)  392684K->74914K(1035776K), 0.0063308 secs]
277.261: Total time for which application threads were stopped: 0.0065086 seconds, Stopping threads took: 0.0000173 seconds
277.329: [GC (Allocation Failure)  398498K->70340K(1032704K), 0.0052300 secs]
277.335: Total time for which application threads were stopped: 0.0054226 seconds, Stopping threads took: 0.0000198 seconds
277.403: [GC (Allocation Failure)  390852K->70180K(1034240K), 0.0038559 secs]
277.407: Total time for which application threads were stopped: 0.0040162 seconds, Stopping threads took: 0.0000201 seconds
277.473: [GC (Allocation Failure)  390692K->77258K(1030656K), 0.0070309 secs]
277.481: Total time for which application threads were stopped: 0.0072224 seconds, Stopping threads took: 0.0000195 seconds
277.549: [GC (Allocation Failure)  394698K->71564K(1032704K), 0.0046482 secs]
277.554: Total time for which application threads were stopped: 0.0048245 seconds, Stopping threads took: 0.0000256 seconds
277.623: [GC (Allocation Failure)  389004K->71500K(1033728K), 0.0036591 secs]
277.627: Total time for which application threads were stopped: 0.0038247 seconds, Stopping threads took: 0.0000260 seconds
277.693: [GC (Allocation Failure)  390476K->69098K(1033216K), 0.0027822 secs]
277.696: Total time for which application threads were stopped: 0.0029470 seconds, Stopping threads took: 0.0000204 seconds
277.764: [GC (Allocation Failure)  388074K->71564K(1034752K), 0.0037770 secs]
277.768: Total time for which application threads were stopped: 0.0039494 seconds, Stopping threads took: 0.0000197 seconds
277.835: [GC (Allocation Failure)  392588K->71468K(1034240K), 0.0042845 secs]
277.840: Total time for which application threads were stopped: 0.0044567 seconds, Stopping threads took: 0.0000207 seconds
277.906: [GC (Allocation Failure)  392492K->66698K(1034240K), 0.0018751 secs]
277.908: Total time for which application threads were stopped: 0.0020537 seconds, Stopping threads took: 0.0000219 seconds
277.977: [GC (Allocation Failure)  388234K->71724K(1034752K), 0.0037328 secs]
277.980: Total time for which application threads were stopped: 0.0038966 seconds, Stopping threads took: 0.0000212 seconds
278.048: [GC (Allocation Failure)  393260K->71500K(1035776K), 0.0039917 secs]
278.052: Total time for which application threads were stopped: 0.0041939 seconds, Stopping threads took: 0.0000219 seconds
278.118: [GC (Allocation Failure)  394572K->69482K(1035264K), 0.0030638 secs]
278.121: Total time for which application threads were stopped: 0.0032452 seconds, Stopping threads took: 0.0000198 seconds
278.189: [GC (Allocation Failure)  392554K->71692K(1036288K), 0.0039403 secs]
278.193: Total time for which application threads were stopped: 0.0041148 seconds, Stopping threads took: 0.0000198 seconds
278.261: [GC (Allocation Failure)  395788K->71500K(1035776K), 0.0037072 secs]
278.265: Total time for which application threads were stopped: 0.0038801 seconds, Stopping threads took: 0.0000201 seconds
278.333: [GC (Allocation Failure)  395596K->77322K(1033216K), 0.0065818 secs]
278.339: Total time for which application threads were stopped: 0.0067436 seconds, Stopping threads took: 0.0000194 seconds
278.407: [GC (Allocation Failure)  398858K->73228K(1034752K), 0.0039165 secs]
278.411: Total time for which application threads were stopped: 0.0041096 seconds, Stopping threads took: 0.0000198 seconds
278.480: [GC (Allocation Failure)  394764K->73132K(1035264K), 0.0036238 secs]
278.483: Total time for which application threads were stopped: 0.0037738 seconds, Stopping threads took: 0.0000175 seconds
278.551: [GC (Allocation Failure)  395692K->81210K(1035264K), 0.0097157 secs]
278.561: Total time for which application threads were stopped: 0.0098671 seconds, Stopping threads took: 0.0000248 seconds
278.629: [GC (Allocation Failure)  403770K->76028K(1032192K), 0.0039324 secs]
278.633: Total time for which application threads were stopped: 0.0040969 seconds, Stopping threads took: 0.0000260 seconds
278.700: [GC (Allocation Failure)  395516K->75964K(1033728K), 0.0037671 secs]
278.703: Total time for which application threads were stopped: 0.0039170 seconds, Stopping threads took: 0.0000173 seconds
278.769: [GC (Allocation Failure)  395452K->82234K(1031680K), 0.0063686 secs]
278.775: Total time for which application threads were stopped: 0.0065424 seconds, Stopping threads took: 0.0000210 seconds
278.841: [GC (Allocation Failure)  399674K->75964K(1032704K), 0.0038611 secs]
278.845: Total time for which application threads were stopped: 0.0040340 seconds, Stopping threads took: 0.0000203 seconds
278.911: [GC (Allocation Failure)  393404K->75932K(1033216K), 0.0036761 secs]
278.915: Total time for which application threads were stopped: 0.0038486 seconds, Stopping threads took: 0.0000204 seconds
278.981: [GC (Allocation Failure)  393884K->71674K(1032704K), 0.0022888 secs]
278.984: Total time for which application threads were stopped: 0.0024629 seconds, Stopping threads took: 0.0000192 seconds
279.052: [GC (Allocation Failure)  389626K->76156K(1033728K), 0.0038458 secs]
279.056: Total time for which application threads were stopped: 0.0040483 seconds, Stopping threads took: 0.0000214 seconds
279.125: [GC (Allocation Failure)  394620K->75964K(1032704K), 0.0036810 secs]
279.129: Total time for which application threads were stopped: 0.0038499 seconds, Stopping threads took: 0.0000256 seconds
279.194: [GC (Allocation Failure)  394428K->79420K(1033216K), 0.0046986 secs]
279.199: Total time for which application threads were stopped: 0.0048612 seconds, Stopping threads took: 0.0000200 seconds
279.267: [GC (Allocation Failure)  398908K->84030K(1033728K), 0.0037948 secs]
279.270: Total time for which application threads were stopped: 0.0039718 seconds, Stopping threads took: 0.0000212 seconds
279.338: [GC (Allocation Failure)  403518K->83998K(1034752K), 0.0038826 secs]
279.342: Total time for which application threads were stopped: 0.0040433 seconds, Stopping threads took: 0.0000209 seconds
279.410: [GC (Allocation Failure)  405022K->84070K(1034240K), 0.0041218 secs]
279.414: Total time for which application threads were stopped: 0.0043344 seconds, Stopping threads took: 0.0000218 seconds
279.483: [GC (Allocation Failure)  405094K->92169K(1034752K), 0.0039383 secs]
279.487: Total time for which application threads were stopped: 0.0041000 seconds, Stopping threads took: 0.0000195 seconds
279.557: [GC (Allocation Failure)  413193K->92041K(1034240K), 0.0037894 secs]
279.561: Total time for which application threads were stopped: 0.0039580 seconds, Stopping threads took: 0.0000163 seconds
279.626: [GC (Allocation Failure)  413065K->95913K(1034752K), 0.0047086 secs]
279.631: Total time for which application threads were stopped: 0.0048846 seconds, Stopping threads took: 0.0000259 seconds
279.700: [GC (Allocation Failure)  417449K->100139K(1034752K), 0.0037849 secs]
279.704: Total time for which application threads were stopped: 0.0039547 seconds, Stopping threads took: 0.0000269 seconds
279.771: [GC (Allocation Failure)  421675K->100075K(1035264K), 0.0038872 secs]
279.775: Total time for which application threads were stopped: 0.0040625 seconds, Stopping threads took: 0.0000202 seconds
279.844: [GC (Allocation Failure)  422635K->102091K(1035264K), 0.0043556 secs]
279.849: Total time for which application threads were stopped: 0.0045423 seconds, Stopping threads took: 0.0000197 seconds
279.916: [GC (Allocation Failure)  424651K->108109K(1035264K), 0.0037742 secs]
279.920: Total time for which application threads were stopped: 0.0039399 seconds, Stopping threads took: 0.0000193 seconds
279.988: [GC (Allocation Failure)  430669K->108109K(1035264K), 0.0037030 secs]
279.992: Total time for which application threads were stopped: 0.0038633 seconds, Stopping threads took: 0.0000197 seconds
280.057: [GC (Allocation Failure)  430669K->110277K(1035264K), 0.0043054 secs]
280.062: Total time for which application threads were stopped: 0.0044807 seconds, Stopping threads took: 0.0000195 seconds
280.130: [GC (Allocation Failure)  432837K->116359K(1035264K), 0.0038118 secs]
280.134: Total time for which application threads were stopped: 0.0040092 seconds, Stopping threads took: 0.0000265 seconds
280.200: [GC (Allocation Failure)  438919K->116135K(1035264K), 0.0040680 secs]
280.204: Total time for which application threads were stopped: 0.0042266 seconds, Stopping threads took: 0.0000198 seconds
280.272: [GC (Allocation Failure)  438695K->110469K(1035264K), 0.0015805 secs]
280.274: Total time for which application threads were stopped: 0.0017325 seconds, Stopping threads took: 0.0000186 seconds
280.344: [GC (Allocation Failure)  433029K->116263K(1035264K), 0.0041246 secs]
280.349: Total time for which application threads were stopped: 0.0042943 seconds, Stopping threads took: 0.0000195 seconds
280.417: [GC (Allocation Failure)  438823K->116167K(1035264K), 0.0039130 secs]
280.421: Total time for which application threads were stopped: 0.0040801 seconds, Stopping threads took: 0.0000199 seconds
280.486: [GC (Allocation Failure)  438727K->114821K(1035776K), 0.0036055 secs]
280.490: Total time for which application threads were stopped: 0.0037781 seconds, Stopping threads took: 0.0000267 seconds
280.561: [GC (Allocation Failure)  437893K->116199K(1035264K), 0.0039463 secs]
280.565: Total time for which application threads were stopped: 0.0041080 seconds, Stopping threads took: 0.0000193 seconds
280.633: [GC (Allocation Failure)  439271K->116167K(1036288K), 0.0039252 secs]
280.637: Total time for which application threads were stopped: 0.0041122 seconds, Stopping threads took: 0.0000264 seconds
280.706: [GC (Allocation Failure)  440263K->121613K(1035776K), 0.0063374 secs]
280.712: Total time for which application threads were stopped: 0.0065029 seconds, Stopping threads took: 0.0000201 seconds
280.781: [GC (Allocation Failure)  445709K->117423K(1033728K), 0.0040820 secs]
280.785: Total time for which application threads were stopped: 0.0042508 seconds, Stopping threads took: 0.0000199 seconds
280.853: [GC (Allocation Failure)  438959K->117391K(1034752K), 0.0036727 secs]
280.857: Total time for which application threads were stopped: 0.0038644 seconds, Stopping threads took: 0.0000206 seconds
280.924: [GC (Allocation Failure)  438927K->110317K(1034240K), 0.0010453 secs]
280.925: Total time for which application threads were stopped: 0.0011636 seconds, Stopping threads took: 0.0000198 seconds
280.996: [GC (Allocation Failure)  431853K->117655K(1034752K), 0.0039919 secs]
281.000: Total time for which application threads were stopped: 0.0041729 seconds, Stopping threads took: 0.0000199 seconds
281.069: [GC (Allocation Failure)  439191K->121535K(1035264K), 0.0048652 secs]
281.074: Total time for which application threads were stopped: 0.0050493 seconds, Stopping threads took: 0.0000265 seconds
281.142: [GC (Allocation Failure)  444095K->116701K(1035264K), 0.0019545 secs]
281.144: Total time for which application threads were stopped: 0.0021093 seconds, Stopping threads took: 0.0000259 seconds
281.212: [GC (Allocation Failure)  439261K->121783K(1035776K), 0.0041070 secs]
281.216: Total time for which application threads were stopped: 0.0042761 seconds, Stopping threads took: 0.0000261 seconds
281.285: [GC (Allocation Failure)  444855K->125719K(1035264K), 0.0042081 secs]
281.289: Total time for which application threads were stopped: 0.0043880 seconds, Stopping threads took: 0.0000198 seconds
281.356: [GC (Allocation Failure)  448791K->125687K(1035776K), 0.0038370 secs]
281.360: Total time for which application threads were stopped: 0.0040125 seconds, Stopping threads took: 0.0000198 seconds
281.429: [GC (Allocation Failure)  449271K->125847K(1023488K), 0.0040255 secs]
281.433: Total time for which application threads were stopped: 0.0041938 seconds, Stopping threads took: 0.0000195 seconds
281.502: [GC (Allocation Failure)  449431K->133722K(1035264K), 0.0039058 secs]
281.506: Total time for which application threads were stopped: 0.0040813 seconds, Stopping threads took: 0.0000197 seconds
281.576: [GC (Allocation Failure)  456282K->133722K(1035264K), 0.0051139 secs]
281.581: Total time for which application threads were stopped: 0.0052793 seconds, Stopping threads took: 0.0000197 seconds
281.650: [GC (Allocation Failure)  456282K->133850K(1034240K), 0.0039905 secs]
281.654: Total time for which application threads were stopped: 0.0041694 seconds, Stopping threads took: 0.0000222 seconds
281.722: [GC (Allocation Failure)  455386K->141788K(1034752K), 0.0040441 secs]
281.726: Total time for which application threads were stopped: 0.0042408 seconds, Stopping threads took: 0.0000203 seconds
281.792: [GC (Allocation Failure)  463324K->141756K(1034752K), 0.0040443 secs]
281.796: Total time for which application threads were stopped: 0.0042173 seconds, Stopping threads took: 0.0000232 seconds
281.862: [GC (Allocation Failure)  463292K->142108K(1034752K), 0.0039713 secs]
281.866: Total time for which application threads were stopped: 0.0041686 seconds, Stopping threads took: 0.0000213 seconds
281.935: [GC (Allocation Failure)  463644K->149822K(1033728K), 0.0042083 secs]
281.940: Total time for which application threads were stopped: 0.0043895 seconds, Stopping threads took: 0.0000204 seconds
282.007: [GC (Allocation Failure)  470334K->149822K(1034240K), 0.0039137 secs]
282.011: Total time for which application threads were stopped: 0.0041342 seconds, Stopping threads took: 0.0000209 seconds
282.079: [GC (Allocation Failure)  470334K->150342K(1034240K), 0.0039932 secs]
282.083: Total time for which application threads were stopped: 0.0041611 seconds, Stopping threads took: 0.0000195 seconds
282.151: [GC (Allocation Failure)  470854K->157833K(1034240K), 0.0039475 secs]
282.155: Total time for which application threads were stopped: 0.0041091 seconds, Stopping threads took: 0.0000265 seconds
282.223: [GC (Allocation Failure)  478345K->157833K(1034240K), 0.0038422 secs]
282.227: Total time for which application threads were stopped: 0.0040128 seconds, Stopping threads took: 0.0000200 seconds
282.294: [GC (Allocation Failure)  478345K->158057K(1034240K), 0.0040742 secs]
282.299: Total time for which application threads were stopped: 0.0042438 seconds, Stopping threads took: 0.0000205 seconds
282.368: [GC (Allocation Failure)  478569K->165867K(1033216K), 0.0040402 secs]
282.372: Total time for which application threads were stopped: 0.0042038 seconds, Stopping threads took: 0.0000201 seconds
282.439: [GC (Allocation Failure)  485355K->165867K(1033728K), 0.0039393 secs]
282.443: Total time for which application threads were stopped: 0.0040986 seconds, Stopping threads took: 0.0000201 seconds
282.509: [GC (Allocation Failure)  485355K->166027K(1033728K), 0.0041959 secs]
282.513: Total time for which application threads were stopped: 0.0043694 seconds, Stopping threads took: 0.0000196 seconds
282.582: [GC (Allocation Failure)  485515K->173901K(1033728K), 0.0039790 secs]
282.586: Total time for which application threads were stopped: 0.0041397 seconds, Stopping threads took: 0.0000203 seconds
282.654: [GC (Allocation Failure)  493389K->169995K(1034240K), 0.0027352 secs]
282.656: Total time for which application threads were stopped: 0.0029052 seconds, Stopping threads took: 0.0000277 seconds
282.724: [GC (Allocation Failure)  489995K->174053K(1033728K), 0.0043091 secs]
282.728: Total time for which application threads were stopped: 0.0045031 seconds, Stopping threads took: 0.0000206 seconds
282.797: [GC (Allocation Failure)  494053K->178021K(1034752K), 0.0037898 secs]
282.801: Total time for which application threads were stopped: 0.0039804 seconds, Stopping threads took: 0.0000203 seconds
282.869: [GC (Allocation Failure)  499557K->172227K(1034752K), 0.0017126 secs]
282.871: Total time for which application threads were stopped: 0.0018717 seconds, Stopping threads took: 0.0000285 seconds
282.941: [GC (Allocation Failure)  493763K->178093K(1035776K), 0.0041547 secs]
282.945: Total time for which application threads were stopped: 0.0043275 seconds, Stopping threads took: 0.0000199 seconds
283.014: [GC (Allocation Failure)  500653K->182205K(1034752K), 0.0043766 secs]
283.018: Total time for which application threads were stopped: 0.0045564 seconds, Stopping threads took: 0.0000203 seconds
283.084: [GC (Allocation Failure)  504504K->178267K(1035776K), 0.0027691 secs]
283.087: Total time for which application threads were stopped: 0.0029600 seconds, Stopping threads took: 0.0000199 seconds
283.157: [GC (Allocation Failure)  501339K->182325K(1035264K), 0.0040795 secs]
283.161: Total time for which application threads were stopped: 0.0042559 seconds, Stopping threads took: 0.0000279 seconds
283.231: [GC (Allocation Failure)  505397K->186325K(1035264K), 0.0040252 secs]
283.235: Total time for which application threads were stopped: 0.0041939 seconds, Stopping threads took: 0.0000198 seconds
283.303: [GC (Allocation Failure)  509909K->186325K(1035776K), 0.0040066 secs]
283.307: Total time for which application threads were stopped: 0.0041630 seconds, Stopping threads took: 0.0000190 seconds
283.376: [GC (Allocation Failure)  509909K->186357K(1034752K), 0.0039845 secs]
283.380: Total time for which application threads were stopped: 0.0041539 seconds, Stopping threads took: 0.0000198 seconds
283.448: [GC (Allocation Failure)  508917K->194327K(1035264K), 0.0039558 secs]
283.452: Total time for which application threads were stopped: 0.0041161 seconds, Stopping threads took: 0.0000199 seconds
283.518: [GC (Allocation Failure)  516887K->194359K(1034240K), 0.0039903 secs]
283.522: Total time for which application threads were stopped: 0.0041590 seconds, Stopping threads took: 0.0000200 seconds
283.591: [GC (Allocation Failure)  515895K->194383K(1034752K), 0.0041597 secs]
283.595: Total time for which application threads were stopped: 0.0043138 seconds, Stopping threads took: 0.0000187 seconds
283.662: [GC (Allocation Failure)  515919K->202386K(1034752K), 0.0041385 secs]
283.666: Total time for which application threads were stopped: 0.0043211 seconds, Stopping threads took: 0.0000272 seconds
283.734: [GC (Allocation Failure)  523922K->202386K(1029120K), 0.0042077 secs]
283.738: Total time for which application threads were stopped: 0.0043880 seconds, Stopping threads took: 0.0000342 seconds
283.804: [GC (Allocation Failure)  523922K->202602K(1034240K), 0.0041895 secs]
283.808: Total time for which application threads were stopped: 0.0043907 seconds, Stopping threads took: 0.0000221 seconds
283.878: [GC (Allocation Failure)  523114K->210348K(1034240K), 0.0040670 secs]
283.882: Total time for which application threads were stopped: 0.0042148 seconds, Stopping threads took: 0.0000177 seconds
283.950: [GC (Allocation Failure)  530860K->210348K(1034240K), 0.0041817 secs]
283.954: Total time for which application threads were stopped: 0.0043565 seconds, Stopping threads took: 0.0000217 seconds
284.022: [GC (Allocation Failure)  530860K->210820K(1034240K), 0.0045837 secs]
284.026: Total time for which application threads were stopped: 0.0047553 seconds, Stopping threads took: 0.0000202 seconds
284.094: [GC (Allocation Failure)  531332K->218406K(1033216K), 0.0042223 secs]
284.098: Total time for which application threads were stopped: 0.0043926 seconds, Stopping threads took: 0.0000207 seconds
284.165: [GC (Allocation Failure)  537894K->218406K(1033728K), 0.0038971 secs]
284.169: Total time for which application threads were stopped: 0.0041008 seconds, Stopping threads took: 0.0000277 seconds
284.235: [GC (Allocation Failure)  537894K->218534K(1033728K), 0.0041725 secs]
284.240: Total time for which application threads were stopped: 0.0043570 seconds, Stopping threads took: 0.0000177 seconds
284.307: [GC (Allocation Failure)  538022K->226472K(1033728K), 0.0040397 secs]
284.312: Total time for which application threads were stopped: 0.0041916 seconds, Stopping threads took: 0.0000173 seconds
284.379: [GC (Allocation Failure)  545960K->226440K(1033728K), 0.0040622 secs]
284.384: Total time for which application threads were stopped: 0.0042353 seconds, Stopping threads took: 0.0000204 seconds
284.452: [GC (Allocation Failure)  545928K->226504K(1033728K), 0.0040735 secs]
284.456: Total time for which application threads were stopped: 0.0042746 seconds, Stopping threads took: 0.0000278 seconds
284.525: [GC (Allocation Failure)  545992K->234507K(1032704K), 0.0039528 secs]
284.529: Total time for which application threads were stopped: 0.0041470 seconds, Stopping threads took: 0.0000200 seconds
284.598: [GC (Allocation Failure)  552971K->228904K(1033216K), 0.0018492 secs]
284.600: Total time for which application threads were stopped: 0.0020186 seconds, Stopping threads took: 0.0000499 seconds
284.669: [GC (Allocation Failure)  547368K->234691K(1034752K), 0.0041422 secs]
284.673: Total time for which application threads were stopped: 0.0043122 seconds, Stopping threads took: 0.0000267 seconds
284.741: [GC (Allocation Failure)  555203K->238603K(1033728K), 0.0043103 secs]
284.745: Total time for which application threads were stopped: 0.0044887 seconds, Stopping threads took: 0.0000223 seconds
284.813: [GC (Allocation Failure)  559115K->245488K(1029120K), 0.0070408 secs]
284.820: Total time for which application threads were stopped: 0.0072102 seconds, Stopping threads took: 0.0000198 seconds
284.886: [GC (Allocation Failure)  560880K->239379K(1031680K), 0.0043066 secs]
284.891: Total time for which application threads were stopped: 0.0044651 seconds, Stopping threads took: 0.0000199 seconds
284.955: [GC (Allocation Failure)  554771K->239251K(1032704K), 0.0041825 secs]
284.960: Total time for which application threads were stopped: 0.0043528 seconds, Stopping threads took: 0.0000193 seconds
285.024: [GC (Allocation Failure)  556179K->242603K(1032192K), 0.0049762 secs]
285.029: Total time for which application threads were stopped: 0.0051407 seconds, Stopping threads took: 0.0000201 seconds
285.095: [GC (Allocation Failure)  559531K->247341K(1033216K), 0.0041272 secs]
285.100: Total time for which application threads were stopped: 0.0043077 seconds, Stopping threads took: 0.0000201 seconds
285.167: [GC (Allocation Failure)  565293K->247213K(1032704K), 0.0041718 secs]
285.171: Total time for which application threads were stopped: 0.0043526 seconds, Stopping threads took: 0.0000194 seconds
285.239: [GC (Allocation Failure)  565165K->248261K(1033216K), 0.0043996 secs]
285.244: Total time for which application threads were stopped: 0.0045494 seconds, Stopping threads took: 0.0000176 seconds
285.311: [GC (Allocation Failure)  566725K->255271K(1033216K), 0.0043944 secs]
285.315: Total time for which application threads were stopped: 0.0045569 seconds, Stopping threads took: 0.0000200 seconds
285.382: [GC (Allocation Failure)  573735K->255271K(1033728K), 0.0064898 secs]
285.389: Total time for which application threads were stopped: 0.0066724 seconds, Stopping threads took: 0.0000205 seconds
285.456: [GC (Allocation Failure)  574247K->256935K(1033216K), 0.0041708 secs]
285.460: Total time for which application threads were stopped: 0.0043265 seconds, Stopping threads took: 0.0000170 seconds
285.528: [GC (Allocation Failure)  575911K->263369K(1033728K), 0.0040530 secs]
285.532: Total time for which application threads were stopped: 0.0042137 seconds, Stopping threads took: 0.0000207 seconds
285.600: [GC (Allocation Failure)  582857K->263305K(1033728K), 0.0044138 secs]
285.604: Total time for which application threads were stopped: 0.0045863 seconds, Stopping threads took: 0.0000203 seconds
285.671: [GC (Allocation Failure)  582793K->263657K(1033728K), 0.0042655 secs]
285.675: Total time for which application threads were stopped: 0.0044335 seconds, Stopping threads took: 0.0000203 seconds
285.744: [GC (Allocation Failure)  583145K->271340K(1033728K), 0.0043979 secs]
285.749: Total time for which application threads were stopped: 0.0045602 seconds, Stopping threads took: 0.0000178 seconds
285.817: [GC (Allocation Failure)  590828K->271372K(1033728K), 0.0041317 secs]
285.821: Total time for which application threads were stopped: 0.0043243 seconds, Stopping threads took: 0.0000201 seconds
285.889: [GC (Allocation Failure)  590860K->274948K(1033728K), 0.0051729 secs]
285.894: Total time for which application threads were stopped: 0.0053300 seconds, Stopping threads took: 0.0000175 seconds
285.962: [GC (Allocation Failure)  594436K->279430K(1034240K), 0.0044727 secs]
285.967: Total time for which application threads were stopped: 0.0046516 seconds, Stopping threads took: 0.0000270 seconds
286.034: [GC (Allocation Failure)  599942K->279366K(1034240K), 0.0042605 secs]
286.038: Total time for which application threads were stopped: 0.0044461 seconds, Stopping threads took: 0.0000359 seconds
286.104: [GC (Allocation Failure)  599878K->280110K(1034240K), 0.0043044 secs]
286.108: Total time for which application threads were stopped: 0.0044892 seconds, Stopping threads took: 0.0000199 seconds
286.180: [GC (Allocation Failure)  600622K->287440K(1034240K), 0.0042954 secs]
286.184: Total time for which application threads were stopped: 0.0044734 seconds, Stopping threads took: 0.0000269 seconds
286.252: [GC (Allocation Failure)  607952K->287408K(1034240K), 0.0040281 secs]
286.256: Total time for which application threads were stopped: 0.0041904 seconds, Stopping threads took: 0.0000200 seconds
286.323: [GC (Allocation Failure)  607920K->288360K(1034240K), 0.0042012 secs]
286.327: Total time for which application threads were stopped: 0.0043697 seconds, Stopping threads took: 0.0000196 seconds
286.395: [GC (Allocation Failure)  608872K->295467K(1034240K), 0.0042847 secs]
286.400: Total time for which application threads were stopped: 0.0044457 seconds, Stopping threads took: 0.0000194 seconds
286.467: [GC (Allocation Failure)  615979K->295467K(1034240K), 0.0043287 secs]
286.472: Total time for which application threads were stopped: 0.0045002 seconds, Stopping threads took: 0.0000202 seconds
286.540: [GC (Allocation Failure)  615979K->296579K(1034240K), 0.0057994 secs]
286.546: Total time for which application threads were stopped: 0.0060185 seconds, Stopping threads took: 0.0000281 seconds
286.615: [GC (Allocation Failure)  617091K->303493K(1034240K), 0.0044445 secs]
286.619: Total time for which application threads were stopped: 0.0046026 seconds, Stopping threads took: 0.0000191 seconds
286.687: [GC (Allocation Failure)  624005K->303461K(1034240K), 0.0042775 secs]
286.692: Total time for which application threads were stopped: 0.0044392 seconds, Stopping threads took: 0.0000198 seconds
286.758: [GC (Allocation Failure)  623973K->303789K(1020416K), 0.0043658 secs]
286.763: Total time for which application threads were stopped: 0.0045214 seconds, Stopping threads took: 0.0000184 seconds
286.831: [GC (Allocation Failure)  624301K->311567K(1033728K), 0.0043063 secs]
286.836: Total time for which application threads were stopped: 0.0044771 seconds, Stopping threads took: 0.0000192 seconds
286.904: [GC (Allocation Failure)  631055K->311503K(1033728K), 0.0044048 secs]
286.909: Total time for which application threads were stopped: 0.0045863 seconds, Stopping threads took: 0.0000203 seconds
286.976: [GC (Allocation Failure)  630991K->312039K(1033728K), 0.0043232 secs]
286.981: Total time for which application threads were stopped: 0.0045189 seconds, Stopping threads took: 0.0000199 seconds
287.050: [GC (Allocation Failure)  631527K->319593K(1033728K), 0.0042254 secs]
287.054: Total time for which application threads were stopped: 0.0043960 seconds, Stopping threads took: 0.0000205 seconds
287.121: [GC (Allocation Failure)  639081K->319529K(1033728K), 0.0042777 secs]
287.125: Total time for which application threads were stopped: 0.0044411 seconds, Stopping threads took: 0.0000201 seconds
287.192: [GC (Allocation Failure)  639017K->320265K(1033728K), 0.0042202 secs]
287.197: Total time for which application threads were stopped: 0.0043981 seconds, Stopping threads took: 0.0000285 seconds
287.264: [GC (Allocation Failure)  639753K->327564K(1033728K), 0.0042477 secs]
287.268: Total time for which application threads were stopped: 0.0044184 seconds, Stopping threads took: 0.0000197 seconds
287.336: [GC (Allocation Failure)  647052K->327564K(1033728K), 0.0042281 secs]
287.341: Total time for which application threads were stopped: 0.0044236 seconds, Stopping threads took: 0.0000191 seconds
287.409: [GC (Allocation Failure)  647052K->329548K(1033728K), 0.0045962 secs]
287.413: Total time for which application threads were stopped: 0.0047601 seconds, Stopping threads took: 0.0000200 seconds
287.481: [GC (Allocation Failure)  649036K->335598K(1033728K), 0.0044811 secs]
287.485: Total time for which application threads were stopped: 0.0046463 seconds, Stopping threads took: 0.0000208 seconds
287.553: [GC (Allocation Failure)  655086K->335566K(1033728K), 0.0070785 secs]
287.560: Total time for which application threads were stopped: 0.0072324 seconds, Stopping threads took: 0.0000257 seconds
287.627: [GC (Allocation Failure)  655054K->336718K(1033728K), 0.0045881 secs]
287.631: Total time for which application threads were stopped: 0.0047563 seconds, Stopping threads took: 0.0000198 seconds
287.700: [GC (Allocation Failure)  656206K->343664K(1033728K), 0.0044097 secs]
287.705: Total time for which application threads were stopped: 0.0045817 seconds, Stopping threads took: 0.0000292 seconds
287.772: [GC (Allocation Failure)  663152K->343632K(1033728K), 0.0043391 secs]
287.776: Total time for which application threads were stopped: 0.0045077 seconds, Stopping threads took: 0.0000197 seconds
287.844: [GC (Allocation Failure)  663120K->343944K(1033728K), 0.0045023 secs]
287.848: Total time for which application threads were stopped: 0.0046623 seconds, Stopping threads took: 0.0000197 seconds
287.915: [GC (Allocation Failure)  663432K->351690K(1033728K), 0.0042158 secs]
287.920: Total time for which application threads were stopped: 0.0043786 seconds, Stopping threads took: 0.0000201 seconds
287.987: [GC (Allocation Failure)  671178K->351658K(1033728K), 0.0044043 secs]
287.991: Total time for which application threads were stopped: 0.0045672 seconds, Stopping threads took: 0.0000208 seconds
288.057: [GC (Allocation Failure)  671146K->352170K(1033728K), 0.0051280 secs]
288.062: Total time for which application threads were stopped: 0.0053017 seconds, Stopping threads took: 0.0000201 seconds
288.131: [GC (Allocation Failure)  671658K->359693K(1033728K), 0.0047984 secs]
288.136: Total time for which application threads were stopped: 0.0049681 seconds, Stopping threads took: 0.0000205 seconds
288.203: [GC (Allocation Failure)  679181K->359693K(1033728K), 0.0045514 secs]
288.208: Total time for which application threads were stopped: 0.0047129 seconds, Stopping threads took: 0.0000202 seconds
288.274: [GC (Allocation Failure)  679181K->360421K(1033728K), 0.0044873 secs]
288.279: Total time for which application threads were stopped: 0.0046835 seconds, Stopping threads took: 0.0000207 seconds
288.348: [GC (Allocation Failure)  679909K->367687K(1033728K), 0.0043277 secs]
288.353: Total time for which application threads were stopped: 0.0045198 seconds, Stopping threads took: 0.0000207 seconds
288.421: [GC (Allocation Failure)  687175K->367719K(1033728K), 0.0044713 secs]
288.426: Total time for which application threads were stopped: 0.0046267 seconds, Stopping threads took: 0.0000193 seconds
288.491: [GC (Allocation Failure)  687207K->368647K(1033728K), 0.0044367 secs]
288.496: Total time for which application threads were stopped: 0.0046300 seconds, Stopping threads took: 0.0000200 seconds
288.566: [GC (Allocation Failure)  688135K->375753K(1033728K), 0.0043848 secs]
288.570: Total time for which application threads were stopped: 0.0045712 seconds, Stopping threads took: 0.0000188 seconds
288.639: [GC (Allocation Failure)  695241K->375753K(1033728K), 0.0043222 secs]
288.644: Total time for which application threads were stopped: 0.0044983 seconds, Stopping threads took: 0.0000200 seconds
288.711: [GC (Allocation Failure)  695241K->375881K(1033728K), 0.0044272 secs]
288.715: Total time for which application threads were stopped: 0.0045786 seconds, Stopping threads took: 0.0000172 seconds
288.783: [GC (Allocation Failure)  695369K->383819K(1027072K), 0.0041634 secs]
288.787: Total time for which application threads were stopped: 0.0043304 seconds, Stopping threads took: 0.0000263 seconds
288.855: [GC (Allocation Failure)  703307K->383787K(1033216K), 0.0045449 secs]
288.860: Total time for which application threads were stopped: 0.0047081 seconds, Stopping threads took: 0.0000201 seconds
288.927: [GC (Allocation Failure)  702251K->384107K(1033216K), 0.0045016 secs]
288.931: Total time for which application threads were stopped: 0.0046704 seconds, Stopping threads took: 0.0000196 seconds
288.999: [GC (Allocation Failure)  702571K->391822K(1033216K), 0.0043437 secs]
289.004: Total time for which application threads were stopped: 0.0045236 seconds, Stopping threads took: 0.0000200 seconds
289.070: [GC (Allocation Failure)  710286K->391822K(1033216K), 0.0046010 secs]
289.074: Total time for which application threads were stopped: 0.0047799 seconds, Stopping threads took: 0.0000206 seconds
289.140: [GC (Allocation Failure)  710286K->392334K(1033216K), 0.0043599 secs]
289.144: Total time for which application threads were stopped: 0.0045361 seconds, Stopping threads took: 0.0000280 seconds
289.210: [GC (Allocation Failure)  710798K->399856K(1033216K), 0.0047695 secs]
289.215: Total time for which application threads were stopped: 0.0049444 seconds, Stopping threads took: 0.0000260 seconds
289.283: [GC (Allocation Failure)  718320K->399856K(1033216K), 0.0042375 secs]
289.287: Total time for which application threads were stopped: 0.0044023 seconds, Stopping threads took: 0.0000206 seconds
289.352: [GC (Allocation Failure)  718320K->400072K(1033216K), 0.0045342 secs]
289.356: Total time for which application threads were stopped: 0.0047295 seconds, Stopping threads took: 0.0000200 seconds
289.423: [GC (Allocation Failure)  718536K->407882K(1033216K), 0.0044641 secs]
289.428: Total time for which application threads were stopped: 0.0046338 seconds, Stopping threads took: 0.0000200 seconds
289.493: [GC (Allocation Failure)  726346K->407882K(1033216K), 0.0044026 secs]
289.497: Total time for which application threads were stopped: 0.0045691 seconds, Stopping threads took: 0.0000189 seconds
289.566: [GC (Allocation Failure)  726346K->408042K(1033216K), 0.0045591 secs]
289.571: Total time for which application threads were stopped: 0.0047302 seconds, Stopping threads took: 0.0000201 seconds
289.638: [GC (Allocation Failure)  726506K->415917K(1033216K), 0.0044426 secs]
289.643: Total time for which application threads were stopped: 0.0046140 seconds, Stopping threads took: 0.0000199 seconds
289.710: [GC (Allocation Failure)  734381K->415917K(1033216K), 0.0045751 secs]
289.714: Total time for which application threads were stopped: 0.0047364 seconds, Stopping threads took: 0.0000198 seconds
289.779: [GC (Allocation Failure)  734381K->415981K(1033216K), 0.0044477 secs]
289.783: Total time for which application threads were stopped: 0.0046335 seconds, Stopping threads took: 0.0000221 seconds
289.850: [GC (Allocation Failure)  734445K->423951K(1033216K), 0.0044019 secs]
289.855: Total time for which application threads were stopped: 0.0045715 seconds, Stopping threads took: 0.0000201 seconds
289.920: [GC (Allocation Failure)  742415K->423951K(1033216K), 0.0044447 secs]
289.924: Total time for which application threads were stopped: 0.0046221 seconds, Stopping threads took: 0.0000200 seconds
289.991: [GC (Allocation Failure)  742415K->424231K(1033216K), 0.0046865 secs]
289.996: Total time for which application threads were stopped: 0.0048495 seconds, Stopping threads took: 0.0000202 seconds
290.062: [GC (Allocation Failure)  742695K->431977K(1033216K), 0.0045420 secs]
290.067: Total time for which application threads were stopped: 0.0047189 seconds, Stopping threads took: 0.0000281 seconds
290.134: [GC (Allocation Failure)  750441K->431977K(1033216K), 0.0044916 secs]
290.138: Total time for which application threads were stopped: 0.0046520 seconds, Stopping threads took: 0.0000198 seconds
290.203: [GC (Allocation Failure)  750441K->432233K(1033216K), 0.0066189 secs]
290.209: Total time for which application threads were stopped: 0.0067779 seconds, Stopping threads took: 0.0000195 seconds
290.275: [GC (Allocation Failure)  750697K->440011K(1033216K), 0.0044529 secs]
290.279: Total time for which application threads were stopped: 0.0046334 seconds, Stopping threads took: 0.0000200 seconds
290.344: [GC (Allocation Failure)  758475K->436105K(1033216K), 0.0035283 secs]
290.347: Total time for which application threads were stopped: 0.0037027 seconds, Stopping threads took: 0.0000199 seconds
290.415: [GC (Allocation Failure)  754569K->440171K(1034752K), 0.0045514 secs]
290.420: Total time for which application threads were stopped: 0.0047009 seconds, Stopping threads took: 0.0000170 seconds
290.487: [GC (Allocation Failure)  760683K->444139K(1033728K), 0.0043488 secs]
290.492: Total time for which application threads were stopped: 0.0045116 seconds, Stopping threads took: 0.0000195 seconds
290.560: [GC (Allocation Failure)  764651K->436297K(1034240K), 0.0014528 secs]
290.561: Total time for which application threads were stopped: 0.0015799 seconds, Stopping threads took: 0.0000184 seconds
290.629: [GC (Allocation Failure)  756809K->444235K(1034240K), 0.0045828 secs]
290.633: Total time for which application threads were stopped: 0.0047798 seconds, Stopping threads took: 0.0000202 seconds
290.702: [GC (Allocation Failure)  764747K->448283K(1033216K), 0.0058078 secs]
290.708: Total time for which application threads were stopped: 0.0059994 seconds, Stopping threads took: 0.0000256 seconds
290.776: [GC (Allocation Failure)  767771K->454009K(1032704K), 0.0069311 secs]
290.783: Total time for which application threads were stopped: 0.0070805 seconds, Stopping threads took: 0.0000173 seconds
290.851: [GC (Allocation Failure)  773497K->448539K(1031680K), 0.0046757 secs]
290.855: Total time for which application threads were stopped: 0.0048548 seconds, Stopping threads took: 0.0000203 seconds
290.923: [GC (Allocation Failure)  764955K->448283K(1032192K), 0.0044303 secs]
290.927: Total time for which application threads were stopped: 0.0046270 seconds, Stopping threads took: 0.0000201 seconds
290.993: [GC (Allocation Failure)  764699K->442937K(1032704K), 0.0024608 secs]
290.995: Total time for which application threads were stopped: 0.0026496 seconds, Stopping threads took: 0.0000338 seconds
291.061: [GC (Allocation Failure)  760377K->448475K(1032704K), 0.0044124 secs]
291.066: Total time for which application threads were stopped: 0.0045907 seconds, Stopping threads took: 0.0000193 seconds
291.132: [GC (Allocation Failure)  765915K->448283K(1033216K), 0.0046974 secs]
291.137: Total time for which application threads were stopped: 0.0048634 seconds, Stopping threads took: 0.0000203 seconds
291.203: [GC (Allocation Failure)  766235K->448643K(1032704K), 0.0046926 secs]
291.207: Total time for which application threads were stopped: 0.0048497 seconds, Stopping threads took: 0.0000191 seconds
291.273: [GC (Allocation Failure)  766595K->456326K(1033216K), 0.0044363 secs]
291.278: Total time for which application threads were stopped: 0.0046047 seconds, Stopping threads took: 0.0000201 seconds
291.345: [GC (Allocation Failure)  774790K->456326K(1033216K), 0.0046740 secs]
291.350: Total time for which application threads were stopped: 0.0048701 seconds, Stopping threads took: 0.0000196 seconds
291.414: [GC (Allocation Failure)  774790K->460462K(1033728K), 0.0054127 secs]
291.420: Total time for which application threads were stopped: 0.0057352 seconds, Stopping threads took: 0.0000189 seconds
291.489: [GC (Allocation Failure)  779438K->464464K(1033216K), 0.0052977 secs]
291.494: Total time for which application threads were stopped: 0.0054476 seconds, Stopping threads took: 0.0000172 seconds
291.566: [GC (Allocation Failure)  783440K->464400K(1034240K), 0.0046150 secs]
291.571: Total time for which application threads were stopped: 0.0047851 seconds, Stopping threads took: 0.0000196 seconds
291.636: [GC (Allocation Failure)  784400K->467152K(1033728K), 0.0090227 secs]
291.646: Total time for which application threads were stopped: 0.0092365 seconds, Stopping threads took: 0.0000271 seconds
291.715: [GC (Allocation Failure)  787152K->472434K(1034240K), 0.0046803 secs]
291.720: Total time for which application threads were stopped: 0.0048665 seconds, Stopping threads took: 0.0000215 seconds
291.788: [GC (Allocation Failure)  792946K->472434K(1034240K), 0.0045423 secs]
291.793: Total time for which application threads were stopped: 0.0047130 seconds, Stopping threads took: 0.0000199 seconds
291.860: [GC (Allocation Failure)  792946K->472842K(1034240K), 0.0047489 secs]
291.865: Total time for which application threads were stopped: 0.0049124 seconds, Stopping threads took: 0.0000203 seconds
291.933: [GC (Allocation Failure)  793354K->480492K(1034240K), 0.0046306 secs]
291.938: Total time for which application threads were stopped: 0.0048252 seconds, Stopping threads took: 0.0000198 seconds
292.006: [GC (Allocation Failure)  801004K->480396K(1034240K), 0.0046564 secs]
292.011: Total time for which application threads were stopped: 0.0048468 seconds, Stopping threads took: 0.0000198 seconds
292.080: [GC (Allocation Failure)  800908K->483140K(1034240K), 0.0050053 secs]
292.085: Total time for which application threads were stopped: 0.0051557 seconds, Stopping threads took: 0.0000170 seconds
292.152: [GC (Allocation Failure)  803652K->488487K(1034240K), 0.0044242 secs]
292.157: Total time for which application threads were stopped: 0.0046043 seconds, Stopping threads took: 0.0000261 seconds
292.227: [GC (Allocation Failure)  808999K->488455K(1034240K), 0.0047629 secs]
292.232: Total time for which application threads were stopped: 0.0049274 seconds, Stopping threads took: 0.0000195 seconds
292.299: [GC (Allocation Failure)  808967K->489319K(1033728K), 0.0045773 secs]
292.304: Total time for which application threads were stopped: 0.0047531 seconds, Stopping threads took: 0.0000195 seconds
292.373: [GC (Allocation Failure)  809831K->496585K(1034240K), 0.0046392 secs]
292.378: Total time for which application threads were stopped: 0.0048025 seconds, Stopping threads took: 0.0000197 seconds
292.445: [GC (Allocation Failure)  817097K->496489K(1034240K), 0.0047913 secs]
292.450: Total time for which application threads were stopped: 0.0049617 seconds, Stopping threads took: 0.0000189 seconds
292.516: [GC (Allocation Failure)  817001K->499561K(1034240K), 0.0051043 secs]
292.522: Total time for which application threads were stopped: 0.0052961 seconds, Stopping threads took: 0.0000194 seconds
292.592: [GC (Allocation Failure)  820073K->504587K(1034752K), 0.0045331 secs]
292.596: Total time for which application threads were stopped: 0.0047238 seconds, Stopping threads took: 0.0000200 seconds
292.666: [GC (Allocation Failure)  826123K->504523K(1034752K), 0.0045117 secs]
292.671: Total time for which application threads were stopped: 0.0046745 seconds, Stopping threads took: 0.0000273 seconds
292.736: [GC (Allocation Failure)  826059K->507787K(1034752K), 0.0053562 secs]
292.742: Total time for which application threads were stopped: 0.0055381 seconds, Stopping threads took: 0.0000256 seconds
292.810: [GC (Allocation Failure)  829323K->512557K(1034752K), 0.0047814 secs]
292.815: Total time for which application threads were stopped: 0.0049460 seconds, Stopping threads took: 0.0000215 seconds
292.883: [GC (Allocation Failure)  834093K->512557K(1034752K), 0.0048751 secs]
292.887: Total time for which application threads were stopped: 0.0050490 seconds, Stopping threads took: 0.0000215 seconds
292.953: [GC (Allocation Failure)  834093K->513005K(1034752K), 0.0047595 secs]
292.958: Total time for which application threads were stopped: 0.0049337 seconds, Stopping threads took: 0.0000209 seconds
293.026: [GC (Allocation Failure)  834541K->520592K(1034752K), 0.0047281 secs]
293.031: Total time for which application threads were stopped: 0.0049088 seconds, Stopping threads took: 0.0000214 seconds
293.100: [GC (Allocation Failure)  842128K->520592K(1034752K), 0.0046405 secs]
293.105: Total time for which application threads were stopped: 0.0048055 seconds, Stopping threads took: 0.0000176 seconds
293.171: [GC (Allocation Failure)  842128K->522248K(1034752K), 0.0047973 secs]
293.176: Total time for which application threads were stopped: 0.0049744 seconds, Stopping threads took: 0.0000283 seconds
293.245: [GC (Allocation Failure)  843784K->528618K(1034752K), 0.0046725 secs]
293.249: Total time for which application threads were stopped: 0.0048696 seconds, Stopping threads took: 0.0000259 seconds
293.316: [GC (Allocation Failure)  850154K->528650K(1034752K), 0.0047424 secs]
293.321: Total time for which application threads were stopped: 0.0049034 seconds, Stopping threads took: 0.0000194 seconds
293.386: [GC (Allocation Failure)  850186K->531474K(1034752K), 0.0064499 secs]
293.393: Total time for which application threads were stopped: 0.0066195 seconds, Stopping threads took: 0.0000203 seconds
293.459: [GC (Allocation Failure)  853010K->536788K(1034752K), 0.0048759 secs]
293.464: Total time for which application threads were stopped: 0.0050610 seconds, Stopping threads took: 0.0000225 seconds
293.530: [GC (Allocation Failure)  858324K->536660K(1034752K), 0.0088543 secs]
293.539: Total time for which application threads were stopped: 0.0090616 seconds, Stopping threads took: 0.0000216 seconds
293.605: [GC (Allocation Failure)  858196K->540756K(1035264K), 0.0056049 secs]
293.611: Total time for which application threads were stopped: 0.0057626 seconds, Stopping threads took: 0.0000176 seconds
293.679: [GC (Allocation Failure)  862804K->544759K(1034752K), 0.0044855 secs]
293.684: Total time for which application threads were stopped: 0.0046624 seconds, Stopping threads took: 0.0000277 seconds
293.752: [GC (Allocation Failure)  866807K->544695K(1035264K), 0.0046347 secs]
293.757: Total time for which application threads were stopped: 0.0048010 seconds, Stopping threads took: 0.0000193 seconds
293.824: [GC (Allocation Failure)  866743K->547479K(1034752K), 0.0050993 secs]
293.829: Total time for which application threads were stopped: 0.0052765 seconds, Stopping threads took: 0.0000195 seconds
293.899: [GC (Allocation Failure)  869527K->552729K(1035264K), 0.0046330 secs]
293.904: Total time for which application threads were stopped: 0.0047920 seconds, Stopping threads took: 0.0000194 seconds
293.971: [GC (Allocation Failure)  875289K->552729K(1035264K), 0.0049500 secs]
293.976: Total time for which application threads were stopped: 0.0051183 seconds, Stopping threads took: 0.0000199 seconds
294.043: [GC (Allocation Failure)  875289K->555193K(1035264K), 0.0051034 secs]
294.048: Total time for which application threads were stopped: 0.0052660 seconds, Stopping threads took: 0.0000194 seconds
294.116: [GC (Allocation Failure)  877753K->560859K(1035264K), 0.0057795 secs]
294.122: Total time for which application threads were stopped: 0.0059625 seconds, Stopping threads took: 0.0000201 seconds
294.190: [GC (Allocation Failure)  883419K->560731K(1035264K), 0.0046863 secs]
294.195: Total time for which application threads were stopped: 0.0048547 seconds, Stopping threads took: 0.0000260 seconds
294.263: [GC (Allocation Failure)  883291K->563419K(1035264K), 0.0052396 secs]
294.268: Total time for which application threads were stopped: 0.0054063 seconds, Stopping threads took: 0.0000204 seconds
294.336: [GC (Allocation Failure)  885979K->568797K(1035264K), 0.0046974 secs]
294.341: Total time for which application threads were stopped: 0.0048690 seconds, Stopping threads took: 0.0000204 seconds
294.409: [GC (Allocation Failure)  891357K->568797K(1035264K), 0.0046139 secs]
294.414: Total time for which application threads were stopped: 0.0047857 seconds, Stopping threads took: 0.0000198 seconds
294.482: [GC (Allocation Failure)  891357K->571653K(1035264K), 0.0053007 secs]
294.488: Total time for which application threads were stopped: 0.0054671 seconds, Stopping threads took: 0.0000213 seconds
294.556: [GC (Allocation Failure)  894213K->576904K(1035264K), 0.0047642 secs]
294.561: Total time for which application threads were stopped: 0.0049295 seconds, Stopping threads took: 0.0000179 seconds
294.630: [GC (Allocation Failure)  899464K->576840K(1035264K), 0.0048007 secs]
294.635: Total time for which application threads were stopped: 0.0049680 seconds, Stopping threads took: 0.0000189 seconds
294.702: [GC (Allocation Failure)  899400K->579912K(1035264K), 0.0054007 secs]
294.708: Total time for which application threads were stopped: 0.0055740 seconds, Stopping threads took: 0.0000206 seconds
294.776: [GC (Allocation Failure)  902472K->584938K(1035264K), 0.0045837 secs]
294.780: Total time for which application threads were stopped: 0.0047547 seconds, Stopping threads took: 0.0000202 seconds
294.850: [GC (Allocation Failure)  907498K->584906K(1035264K), 0.0048968 secs]
294.855: Total time for which application threads were stopped: 0.0050620 seconds, Stopping threads took: 0.0000195 seconds
294.924: [GC (Allocation Failure)  907466K->588138K(1035264K), 0.0053141 secs]
294.929: Total time for which application threads were stopped: 0.0054780 seconds, Stopping threads took: 0.0000206 seconds
294.996: [GC (Allocation Failure)  910698K->593132K(1035264K), 0.0049187 secs]
295.002: Total time for which application threads were stopped: 0.0051123 seconds, Stopping threads took: 0.0000192 seconds
295.071: [GC (Allocation Failure)  915692K->592908K(1035264K), 0.0047110 secs]
295.076: Total time for which application threads were stopped: 0.0048743 seconds, Stopping threads took: 0.0000198 seconds
295.142: [GC (Allocation Failure)  915468K->588330K(1035264K), 0.0031029 secs]
295.146: Total time for which application threads were stopped: 0.0032880 seconds, Stopping threads took: 0.0000256 seconds
295.214: [GC (Allocation Failure)  910890K->593068K(1035264K), 0.0067248 secs]
295.220: Total time for which application threads were stopped: 0.0069070 seconds, Stopping threads took: 0.0000192 seconds
295.290: [GC (Allocation Failure)  915628K->592876K(1035264K), 0.0047700 secs]
295.295: Total time for which application threads were stopped: 0.0049380 seconds, Stopping threads took: 0.0000291 seconds
295.362: [GC (Allocation Failure)  915436K->592618K(1035776K), 0.0048508 secs]
295.367: Total time for which application threads were stopped: 0.0050203 seconds, Stopping threads took: 0.0000190 seconds
295.435: [GC (Allocation Failure)  915690K->593036K(1035264K), 0.0047247 secs]
295.440: Total time for which application threads were stopped: 0.0049200 seconds, Stopping threads took: 0.0000192 seconds
295.509: [GC (Allocation Failure)  916108K->592940K(1035776K), 0.0049026 secs]
295.514: Total time for which application threads were stopped: 0.0051787 seconds, Stopping threads took: 0.0000167 seconds
295.584: [GC (Allocation Failure)  916524K->598938K(1035776K), 0.0073920 secs]
295.592: Total time for which application threads were stopped: 0.0075454 seconds, Stopping threads took: 0.0000199 seconds
295.660: [GC (Allocation Failure)  922522K->594236K(1032704K), 0.0049952 secs]
295.665: Total time for which application threads were stopped: 0.0051701 seconds, Stopping threads took: 0.0000255 seconds
295.733: [GC (Allocation Failure)  914748K->594204K(1034240K), 0.0045506 secs]
295.737: Total time for which application threads were stopped: 0.0047441 seconds, Stopping threads took: 0.0000200 seconds
295.805: [GC (Allocation Failure)  914716K->601418K(1030656K), 0.0079122 secs]
295.813: Total time for which application threads were stopped: 0.0080539 seconds, Stopping threads took: 0.0000168 seconds
295.879: [GC (Allocation Failure)  918858K->595916K(1032704K), 0.0049606 secs]
295.884: Total time for which application threads were stopped: 0.0051329 seconds, Stopping threads took: 0.0000206 seconds
295.950: [GC (Allocation Failure)  913356K->595692K(1033728K), 0.0049246 secs]
295.955: Total time for which application threads were stopped: 0.0051171 seconds, Stopping threads took: 0.0000203 seconds
296.024: [GC (Allocation Failure)  914668K->593386K(1033216K), 0.0041174 secs]
296.028: Total time for which application threads were stopped: 0.0042971 seconds, Stopping threads took: 0.0000207 seconds
296.095: [GC (Allocation Failure)  912362K->595820K(1034752K), 0.0049134 secs]
296.100: Total time for which application threads were stopped: 0.0050852 seconds, Stopping threads took: 0.0000202 seconds
296.168: [GC (Allocation Failure)  916844K->595660K(1034240K), 0.0048131 secs]
296.173: Total time for which application threads were stopped: 0.0049854 seconds, Stopping threads took: 0.0000272 seconds
296.238: [GC (Allocation Failure)  916684K->591018K(1034240K), 0.0031220 secs]
296.242: Total time for which application threads were stopped: 0.0032918 seconds, Stopping threads took: 0.0000201 seconds
296.310: [GC (Allocation Failure)  912554K->595788K(1034752K), 0.0046289 secs]
296.314: Total time for which application threads were stopped: 0.0048219 seconds, Stopping threads took: 0.0000219 seconds
296.382: [GC (Allocation Failure)  917324K->595660K(1035776K), 0.0050344 secs]
296.387: Total time for which application threads were stopped: 0.0052321 seconds, Stopping threads took: 0.0000202 seconds
296.454: [GC (Allocation Failure)  918732K->593770K(1035264K), 0.0042348 secs]
296.458: Total time for which application threads were stopped: 0.0044046 seconds, Stopping threads took: 0.0000194 seconds
296.524: [GC (Allocation Failure)  916842K->595756K(1036288K), 0.0048273 secs]
296.529: Total time for which application threads were stopped: 0.0049998 seconds, Stopping threads took: 0.0000207 seconds
296.600: [GC (Allocation Failure)  919852K->595660K(1035776K), 0.0046109 secs]
296.605: Total time for which application threads were stopped: 0.0047688 seconds, Stopping threads took: 0.0000170 seconds
296.674: [GC (Allocation Failure)  919756K->601618K(1033216K), 0.0075160 secs]
296.681: Total time for which application threads were stopped: 0.0076912 seconds, Stopping threads took: 0.0000254 seconds
296.750: [GC (Allocation Failure)  923154K->597428K(1034752K), 0.0050773 secs]
296.755: Total time for which application threads were stopped: 0.0052578 seconds, Stopping threads took: 0.0000207 seconds
296.824: [GC (Allocation Failure)  918964K->597396K(1035264K), 0.0046945 secs]
296.829: Total time for which application threads were stopped: 0.0048517 seconds, Stopping threads took: 0.0000178 seconds
296.897: [GC (Allocation Failure)  919956K->605610K(1035264K), 0.0087189 secs]
296.906: Total time for which application threads were stopped: 0.0088888 seconds, Stopping threads took: 0.0000200 seconds
296.974: [GC (Allocation Failure)  928170K->600588K(1032192K), 0.0048110 secs]
296.979: Total time for which application threads were stopped: 0.0050075 seconds, Stopping threads took: 0.0000197 seconds
297.048: [GC (Allocation Failure)  920076K->600332K(1033728K), 0.0047774 secs]
297.053: Total time for which application threads were stopped: 0.0049485 seconds, Stopping threads took: 0.0000206 seconds
297.118: [GC (Allocation Failure)  919820K->606762K(1030656K), 0.0075348 secs]
297.126: Total time for which application threads were stopped: 0.0076996 seconds, Stopping threads took: 0.0000210 seconds
297.194: [GC (Allocation Failure)  923178K->600556K(1032192K), 0.0050475 secs]
297.199: Total time for which application threads were stopped: 0.0052375 seconds, Stopping threads took: 0.0000281 seconds
297.264: [GC (Allocation Failure)  916972K->600364K(1033216K), 0.0048286 secs]
297.269: Total time for which application threads were stopped: 0.0049915 seconds, Stopping threads took: 0.0000207 seconds
297.336: [GC (Allocation Failure)  918316K->594186K(1032704K), 0.0025041 secs]
297.339: Total time for which application threads were stopped: 0.0026583 seconds, Stopping threads took: 0.0000195 seconds
297.408: [GC (Allocation Failure)  912138K->600428K(1033216K), 0.0048120 secs]
297.413: Total time for which application threads were stopped: 0.0049949 seconds, Stopping threads took: 0.0000278 seconds
297.479: [GC (Allocation Failure)  918380K->600396K(1032704K), 0.0047745 secs]
297.484: Total time for which application threads were stopped: 0.0049654 seconds, Stopping threads took: 0.0000192 seconds
297.552: [GC (Allocation Failure)  918348K->600836K(1032704K), 0.0055406 secs]
297.558: Total time for which application threads were stopped: 0.0056874 seconds, Stopping threads took: 0.0000252 seconds
297.625: [GC (Allocation Failure)  919300K->608390K(1033216K), 0.0049034 secs]
297.630: Total time for which application threads were stopped: 0.0050645 seconds, Stopping threads took: 0.0000205 seconds
297.697: [GC (Allocation Failure)  926854K->608390K(1034240K), 0.0046295 secs]
297.702: Total time for which application threads were stopped: 0.0048054 seconds, Stopping threads took: 0.0000260 seconds
297.767: [GC (Allocation Failure)  928390K->610630K(1033728K), 0.0052253 secs]
297.772: Total time for which application threads were stopped: 0.0054032 seconds, Stopping threads took: 0.0000219 seconds
297.840: [GC (Allocation Failure)  930630K->616425K(1034240K), 0.0048312 secs]
297.845: Total time for which application threads were stopped: 0.0050136 seconds, Stopping threads took: 0.0000206 seconds
297.911: [GC (Allocation Failure)  936425K->616457K(1033728K), 0.0055667 secs]
297.917: Total time for which application threads were stopped: 0.0057443 seconds, Stopping threads took: 0.0000215 seconds
297.982: [GC (Allocation Failure)  936457K->619401K(1034752K), 0.0054129 secs]
297.987: Total time for which application threads were stopped: 0.0055733 seconds, Stopping threads took: 0.0000199 seconds
298.055: [GC (Allocation Failure)  940937K->624523K(1034752K), 0.0048288 secs]
298.060: Total time for which application threads were stopped: 0.0050322 seconds, Stopping threads took: 0.0000196 seconds
298.127: [GC (Allocation Failure)  946059K->624491K(1035264K), 0.0046943 secs]
298.132: Total time for which application threads were stopped: 0.0048559 seconds, Stopping threads took: 0.0000207 seconds
298.201: [GC (Allocation Failure)  946539K->625067K(1034752K), 0.0049956 secs]
298.206: Total time for which application threads were stopped: 0.0051706 seconds, Stopping threads took: 0.0000243 seconds
298.274: [GC (Allocation Failure)  947115K->632461K(1034752K), 0.0049465 secs]
298.279: Total time for which application threads were stopped: 0.0051270 seconds, Stopping threads took: 0.0000203 seconds
298.348: [GC (Allocation Failure)  953997K->632493K(1034752K), 0.0049725 secs]
298.353: Total time for which application threads were stopped: 0.0051446 seconds, Stopping threads took: 0.0000205 seconds
298.419: [GC (Allocation Failure)  954029K->634829K(1034752K), 0.0054761 secs]
298.425: Total time for which application threads were stopped: 0.0056573 seconds, Stopping threads took: 0.0000200 seconds
298.491: [GC (Allocation Failure)  956365K->640623K(1034752K), 0.0048320 secs]
298.496: Total time for which application threads were stopped: 0.0050054 seconds, Stopping threads took: 0.0000206 seconds
298.564: [GC (Allocation Failure)  962159K->640527K(1034752K), 0.0048861 secs]
298.569: Total time for which application threads were stopped: 0.0050664 seconds, Stopping threads took: 0.0000168 seconds
298.635: [GC (Allocation Failure)  962063K->644071K(1034752K), 0.0057511 secs]
298.641: Total time for which application threads were stopped: 0.0059189 seconds, Stopping threads took: 0.0000278 seconds
298.707: [GC (Allocation Failure)  965607K->648586K(1035264K), 0.0047464 secs]
298.711: Total time for which application threads were stopped: 0.0049206 seconds, Stopping threads took: 0.0000196 seconds
298.782: [GC (Allocation Failure)  971146K->648554K(1035264K), 0.0047945 secs]
298.786: Total time for which application threads were stopped: 0.0049530 seconds, Stopping threads took: 0.0000192 seconds
298.854: [GC (Allocation Failure)  971114K->651242K(1035264K), 0.0052113 secs]
298.859: Total time for which application threads were stopped: 0.0053609 seconds, Stopping threads took: 0.0000167 seconds
298.928: [GC (Allocation Failure)  973802K->656652K(1035264K), 0.0049418 secs]
298.933: Total time for which application threads were stopped: 0.0051128 seconds, Stopping threads took: 0.0000201 seconds
299.001: [GC (Allocation Failure)  979212K->656588K(1035264K), 0.0050388 secs]
299.007: Total time for which application threads were stopped: 0.0052014 seconds, Stopping threads took: 0.0000200 seconds
299.074: [GC (Allocation Failure)  979148K->659500K(1035264K), 0.0055069 secs]
299.079: Total time for which application threads were stopped: 0.0056687 seconds, Stopping threads took: 0.0000203 seconds
299.145: [GC (Allocation Failure)  982060K->664622K(1035264K), 0.0059162 secs]
299.151: Total time for which application threads were stopped: 0.0061008 seconds, Stopping threads took: 0.0000192 seconds
299.219: [GC (Allocation Failure)  987182K->664622K(1035264K), 0.0048971 secs]
299.224: Total time for which application threads were stopped: 0.0050901 seconds, Stopping threads took: 0.0000197 seconds
299.290: [GC (Allocation Failure)  987182K->667726K(1035264K), 0.0055900 secs]
299.296: Total time for which application threads were stopped: 0.0057405 seconds, Stopping threads took: 0.0000168 seconds
299.362: [GC (Allocation Failure)  990286K->672720K(1035264K), 0.0050399 secs]
299.368: Total time for which application threads were stopped: 0.0052214 seconds, Stopping threads took: 0.0000202 seconds
299.434: [GC (Allocation Failure)  995280K->672688K(1035264K), 0.0050531 secs]
299.439: Total time for which application threads were stopped: 0.0052181 seconds, Stopping threads took: 0.0000204 seconds
299.507: [GC (Allocation Failure)  995248K->667886K(1035264K), 0.0032162 secs]
299.510: Total time for which application threads were stopped: 0.0034158 seconds, Stopping threads took: 0.0000190 seconds
299.580: [GC (Allocation Failure)  990446K->672656K(1035264K), 0.0051839 secs]
299.585: Total time for which application threads were stopped: 0.0053649 seconds, Stopping threads took: 0.0000221 seconds
299.654: [GC (Allocation Failure)  995216K->672688K(1035264K), 0.0047461 secs]
299.659: Total time for which application threads were stopped: 0.0049131 seconds, Stopping threads took: 0.0000266 seconds
299.725: [GC (Allocation Failure)  995248K->672238K(1035776K), 0.0048752 secs]
299.730: Total time for which application threads were stopped: 0.0050390 seconds, Stopping threads took: 0.0000199 seconds
299.800: [GC (Allocation Failure)  995310K->672880K(1035264K), 0.0050728 secs]
299.805: Total time for which application threads were stopped: 0.0052378 seconds, Stopping threads took: 0.0000192 seconds
299.873: [GC (Allocation Failure)  995952K->672624K(1035776K), 0.0048552 secs]
299.878: Total time for which application threads were stopped: 0.0050233 seconds, Stopping threads took: 0.0000198 seconds
299.944: [GC (Allocation Failure)  996208K->678526K(1035776K), 0.0078653 secs]
299.952: Total time for which application threads were stopped: 0.0080295 seconds, Stopping threads took: 0.0000192 seconds
300.020: [GC (Allocation Failure)  1002110K->673952K(1032704K), 0.0049696 secs]
300.026: Total time for which application threads were stopped: 0.0051292 seconds, Stopping threads took: 0.0000192 seconds
300.094: [GC (Allocation Failure)  994464K->673824K(1034240K), 0.0047930 secs]
300.099: Total time for which application threads were stopped: 0.0049676 seconds, Stopping threads took: 0.0000206 seconds
300.166: [GC (Allocation Failure)  994336K->680894K(1030656K), 0.0087571 secs]
300.175: Total time for which application threads were stopped: 0.0089292 seconds, Stopping threads took: 0.0000190 seconds
300.243: [GC (Allocation Failure)  998334K->675264K(1032704K), 0.0049890 secs]
300.248: Total time for which application threads were stopped: 0.0051689 seconds, Stopping threads took: 0.0000177 seconds
300.317: [GC (Allocation Failure)  992704K->675168K(1033728K), 0.0047759 secs]
300.322: Total time for which application threads were stopped: 0.0049450 seconds, Stopping threads took: 0.0000282 seconds
300.389: [GC (Allocation Failure)  994144K->672766K(1033216K), 0.0039715 secs]
300.393: Total time for which application threads were stopped: 0.0041667 seconds, Stopping threads took: 0.0000195 seconds
300.463: [GC (Allocation Failure)  991742K->675200K(1034752K), 0.0049357 secs]
300.468: Total time for which application threads were stopped: 0.0051147 seconds, Stopping threads took: 0.0000169 seconds
300.537: [GC (Allocation Failure)  996224K->675136K(1034240K), 0.0058303 secs]
300.543: Total time for which application threads were stopped: 0.0060432 seconds, Stopping threads took: 0.0000254 seconds
300.609: [GC (Allocation Failure)  996160K->670334K(1034240K), 0.0031270 secs]
300.612: Total time for which application threads were stopped: 0.0032998 seconds, Stopping threads took: 0.0000250 seconds
300.683: [GC (Allocation Failure)  991870K->675136K(1034752K), 0.0047342 secs]
300.688: Total time for which application threads were stopped: 0.0049014 seconds, Stopping threads took: 0.0000264 seconds
300.755: [GC (Allocation Failure)  996672K->675136K(1035776K), 0.0050747 secs]
300.760: Total time for which application threads were stopped: 0.0052465 seconds, Stopping threads took: 0.0000273 seconds
300.826: [GC (Allocation Failure)  998208K->673118K(1035264K), 0.0043165 secs]
300.831: Total time for which application threads were stopped: 0.0044849 seconds, Stopping threads took: 0.0000200 seconds
300.898: [GC (Allocation Failure)  996190K->675360K(1036288K), 0.0049799 secs]
300.903: Total time for which application threads were stopped: 0.0051821 seconds, Stopping threads took: 0.0000198 seconds
300.971: [GC (Allocation Failure)  999456K->675136K(1035776K), 0.0049750 secs]
300.977: Total time for which application threads were stopped: 0.0051455 seconds, Stopping threads took: 0.0000192 seconds
301.044: [GC (Allocation Failure)  999232K->680998K(1033216K), 0.0078377 secs]
301.052: Total time for which application threads were stopped: 0.0080228 seconds, Stopping threads took: 0.0000202 seconds
301.121: [GC (Allocation Failure)  1002534K->676936K(1034752K), 0.0049953 secs]
301.126: Total time for which application threads were stopped: 0.0051671 seconds, Stopping threads took: 0.0000204 seconds
301.195: [GC (Allocation Failure)  998472K->676744K(1035264K), 0.0050667 secs]
301.200: Total time for which application threads were stopped: 0.0052316 seconds, Stopping threads took: 0.0000261 seconds
301.268: [GC (Allocation Failure)  999304K->684870K(1035264K), 0.0089415 secs]
301.277: Total time for which application threads were stopped: 0.0090927 seconds, Stopping threads took: 0.0000191 seconds
301.346: [GC (Allocation Failure)  1007430K->679720K(1032192K), 0.0050029 secs]
301.351: Total time for which application threads were stopped: 0.0051644 seconds, Stopping threads took: 0.0000193 seconds
301.418: [GC (Allocation Failure)  999208K->679624K(1033728K), 0.0049297 secs]
301.423: Total time for which application threads were stopped: 0.0051136 seconds, Stopping threads took: 0.0000204 seconds
301.489: [GC (Allocation Failure)  999112K->685926K(1031680K), 0.0076921 secs]
301.496: Total time for which application threads were stopped: 0.0078424 seconds, Stopping threads took: 0.0000172 seconds
301.563: [GC (Allocation Failure)  1003366K->679624K(1032704K), 0.0050022 secs]
301.568: Total time for which application threads were stopped: 0.0051570 seconds, Stopping threads took: 0.0000172 seconds
301.635: [GC (Allocation Failure)  997064K->679624K(1033216K), 0.0047771 secs]
301.639: Total time for which application threads were stopped: 0.0049387 seconds, Stopping threads took: 0.0000204 seconds
301.706: [GC (Allocation Failure)  997576K->675366K(1032704K), 0.0033792 secs]
301.709: Total time for which application threads were stopped: 0.0035525 seconds, Stopping threads took: 0.0000278 seconds
301.778: [GC (Allocation Failure)  993318K->679848K(1033728K), 0.0051608 secs]
301.783: Total time for which application threads were stopped: 0.0053423 seconds, Stopping threads took: 0.0000169 seconds
301.852: [GC (Allocation Failure)  998312K->679624K(1032704K), 0.0049017 secs]
301.857: Total time for which application threads were stopped: 0.0050726 seconds, Stopping threads took: 0.0000201 seconds
301.922: [GC (Allocation Failure)  998088K->683080K(1033216K), 0.0056815 secs]
301.928: Total time for which application threads were stopped: 0.0058486 seconds, Stopping threads took: 0.0000213 seconds
301.997: [GC (Allocation Failure)  1002568K->687723K(1033728K), 0.0050559 secs]
302.002: Total time for which application threads were stopped: 0.0052343 seconds, Stopping threads took: 0.0000270 seconds
302.071: [GC (Allocation Failure)  1007211K->687691K(1034752K), 0.0051250 secs]
302.076: Total time for which application threads were stopped: 0.0053035 seconds, Stopping threads took: 0.0000205 seconds
302.143: [GC (Allocation Failure)  1008715K->687723K(1034240K), 0.0050382 secs]
302.148: [Full GC (Ergonomics)  687723K->8553K(1034240K), 0.0121210 secs]
302.161: Total time for which application threads were stopped: 0.0174116 seconds, Stopping threads took: 0.0000213 seconds
302.229: [GC (Allocation Failure)  329577K->18731K(1033216K), 0.0050940 secs]
302.234: Total time for which application threads were stopped: 0.0052451 seconds, Stopping threads took: 0.0000172 seconds
302.302: [GC (Allocation Failure)  338219K->18651K(1033728K), 0.0041676 secs]
302.306: Total time for which application threads were stopped: 0.0043375 seconds, Stopping threads took: 0.0000195 seconds
302.373: [GC (Allocation Failure)  338139K->19451K(1033216K), 0.0038848 secs]
302.377: Total time for which application threads were stopped: 0.0040600 seconds, Stopping threads took: 0.0000212 seconds
302.443: [GC (Allocation Failure)  338939K->26749K(1033728K), 0.0036915 secs]
302.447: Total time for which application threads were stopped: 0.0038941 seconds, Stopping threads took: 0.0000204 seconds
302.513: [GC (Allocation Failure)  346237K->26717K(1034240K), 0.0036770 secs]
302.517: Total time for which application threads were stopped: 0.0038396 seconds, Stopping threads took: 0.0000203 seconds
302.584: [GC (Allocation Failure)  347229K->27709K(1034240K), 0.0037804 secs]
302.588: Total time for which application threads were stopped: 0.0039468 seconds, Stopping threads took: 0.0000201 seconds
302.656: [GC (Allocation Failure)  348221K->34751K(1034240K), 0.0036163 secs]
302.660: Total time for which application threads were stopped: 0.0038027 seconds, Stopping threads took: 0.0000265 seconds
302.729: [GC (Allocation Failure)  355263K->34719K(1034240K), 0.0037675 secs]
302.733: Total time for which application threads were stopped: 0.0039358 seconds, Stopping threads took: 0.0000195 seconds
302.800: [GC (Allocation Failure)  355231K->37991K(1034752K), 0.0042729 secs]
302.804: Total time for which application threads were stopped: 0.0044346 seconds, Stopping threads took: 0.0000192 seconds
302.871: [GC (Allocation Failure)  359015K->42762K(1034240K), 0.0037006 secs]
302.875: Total time for which application threads were stopped: 0.0038721 seconds, Stopping threads took: 0.0000198 seconds
302.942: [GC (Allocation Failure)  363786K->42762K(1034752K), 0.0038052 secs]
302.946: Total time for which application threads were stopped: 0.0039743 seconds, Stopping threads took: 0.0000190 seconds
303.013: [GC (Allocation Failure)  364298K->46218K(1034752K), 0.0044349 secs]
303.017: Total time for which application threads were stopped: 0.0046103 seconds, Stopping threads took: 0.0000198 seconds
303.085: [GC (Allocation Failure)  367754K->50860K(1035264K), 0.0037404 secs]
303.089: Total time for which application threads were stopped: 0.0039045 seconds, Stopping threads took: 0.0000213 seconds
303.157: [GC (Allocation Failure)  372908K->50796K(1034752K), 0.0039212 secs]
303.161: Total time for which application threads were stopped: 0.0040910 seconds, Stopping threads took: 0.0000188 seconds
303.228: [GC (Allocation Failure)  372844K->52388K(1034240K), 0.0042651 secs]
303.233: Total time for which application threads were stopped: 0.0044274 seconds, Stopping threads took: 0.0000197 seconds
303.301: [GC (Allocation Failure)  373924K->58982K(1034752K), 0.0039062 secs]
303.305: Total time for which application threads were stopped: 0.0040668 seconds, Stopping threads took: 0.0000202 seconds
303.371: [GC (Allocation Failure)  380518K->58822K(1035264K), 0.0048178 secs]
303.376: Total time for which application threads were stopped: 0.0049814 seconds, Stopping threads took: 0.0000203 seconds
303.445: [GC (Allocation Failure)  380870K->62182K(1034752K), 0.0046194 secs]
303.450: Total time for which application threads were stopped: 0.0047830 seconds, Stopping threads took: 0.0000198 seconds
303.518: [GC (Allocation Failure)  384230K->66920K(1035264K), 0.0043347 secs]
303.523: Total time for which application threads were stopped: 0.0044934 seconds, Stopping threads took: 0.0000198 seconds
303.591: [GC (Allocation Failure)  389480K->66856K(1035264K), 0.0036212 secs]
303.595: Total time for which application threads were stopped: 0.0037775 seconds, Stopping threads took: 0.0000192 seconds
303.664: [GC (Allocation Failure)  389416K->69896K(1035264K), 0.0043047 secs]
303.668: Total time for which application threads were stopped: 0.0044550 seconds, Stopping threads took: 0.0000192 seconds
303.736: [GC (Allocation Failure)  392456K->74923K(1035264K), 0.0038811 secs]
303.740: Total time for which application threads were stopped: 0.0040600 seconds, Stopping threads took: 0.0000201 seconds
303.808: [GC (Allocation Failure)  397483K->74859K(1035264K), 0.0039432 secs]
303.812: Total time for which application threads were stopped: 0.0041085 seconds, Stopping threads took: 0.0000199 seconds
303.879: [GC (Allocation Failure)  397419K->78115K(1035264K), 0.0073133 secs]
303.886: Total time for which application threads were stopped: 0.0074652 seconds, Stopping threads took: 0.0000202 seconds
303.955: [GC (Allocation Failure)  400675K->82949K(1035264K), 0.0037556 secs]
303.959: Total time for which application threads were stopped: 0.0039184 seconds, Stopping threads took: 0.0000175 seconds
304.029: [GC (Allocation Failure)  405509K->82917K(1035264K), 0.0038521 secs]
304.033: Total time for which application threads were stopped: 0.0040113 seconds, Stopping threads took: 0.0000198 seconds
304.101: [GC (Allocation Failure)  405477K->86405K(1035776K), 0.0046203 secs]
304.106: Total time for which application threads were stopped: 0.0047793 seconds, Stopping threads took: 0.0000192 seconds
304.176: [GC (Allocation Failure)  409477K->91111K(1035264K), 0.0036972 secs]
304.180: Total time for which application threads were stopped: 0.0038728 seconds, Stopping threads took: 0.0000276 seconds
304.248: [GC (Allocation Failure)  414183K->90983K(1035776K), 0.0039352 secs]
304.252: Total time for which application threads were stopped: 0.0041018 seconds, Stopping threads took: 0.0000194 seconds
304.318: [GC (Allocation Failure)  414055K->88101K(1035264K), 0.0027226 secs]
304.321: Total time for which application threads were stopped: 0.0029035 seconds, Stopping threads took: 0.0000275 seconds
304.390: [GC (Allocation Failure)  411173K->91047K(1035776K), 0.0046956 secs]
304.394: Total time for which application threads were stopped: 0.0048746 seconds, Stopping threads took: 0.0000253 seconds
304.463: [GC (Allocation Failure)  414631K->90951K(1035776K), 0.0037991 secs]
304.467: Total time for which application threads were stopped: 0.0039942 seconds, Stopping threads took: 0.0000208 seconds
304.536: [GC (Allocation Failure)  414535K->94949K(1033728K), 0.0059996 secs]
304.542: Total time for which application threads were stopped: 0.0061800 seconds, Stopping threads took: 0.0000242 seconds
304.609: [GC (Allocation Failure)  416485K->91015K(1034752K), 0.0039582 secs]
304.613: Total time for which application threads were stopped: 0.0041293 seconds, Stopping threads took: 0.0000203 seconds
304.681: [GC (Allocation Failure)  412551K->90919K(1035264K), 0.0039057 secs]
304.685: Total time for which application threads were stopped: 0.0040905 seconds, Stopping threads took: 0.0000282 seconds
304.752: [GC (Allocation Failure)  412967K->96653K(1034752K), 0.0062587 secs]
304.759: Total time for which application threads were stopped: 0.0064257 seconds, Stopping threads took: 0.0000193 seconds
304.827: [GC (Allocation Failure)  418701K->91631K(1033728K), 0.0040967 secs]
304.831: Total time for which application threads were stopped: 0.0042708 seconds, Stopping threads took: 0.0000197 seconds
304.898: [GC (Allocation Failure)  412143K->91407K(1034240K), 0.0036689 secs]
304.902: Total time for which application threads were stopped: 0.0038427 seconds, Stopping threads took: 0.0000220 seconds
304.969: [GC (Allocation Failure)  411919K->96813K(1031680K), 0.0061595 secs]
304.975: Total time for which application threads were stopped: 0.0063305 seconds, Stopping threads took: 0.0000277 seconds
305.042: [GC (Allocation Failure)  415277K->91567K(1033216K), 0.0038756 secs]
305.046: Total time for which application threads were stopped: 0.0040700 seconds, Stopping threads took: 0.0000195 seconds
305.114: [GC (Allocation Failure)  410031K->91407K(1034240K), 0.0038281 secs]
305.118: Total time for which application threads were stopped: 0.0039940 seconds, Stopping threads took: 0.0000173 seconds
305.184: [GC (Allocation Failure)  411407K->90381K(1033728K), 0.0034335 secs]
305.187: Total time for which application threads were stopped: 0.0036027 seconds, Stopping threads took: 0.0000200 seconds
305.253: [GC (Allocation Failure)  410381K->91567K(1035264K), 0.0038654 secs]
305.257: Total time for which application threads were stopped: 0.0040372 seconds, Stopping threads took: 0.0000203 seconds
305.325: [GC (Allocation Failure)  413615K->91407K(1034752K), 0.0039052 secs]
305.329: Total time for which application threads were stopped: 0.0040800 seconds, Stopping threads took: 0.0000206 seconds
305.398: [GC (Allocation Failure)  413455K->91085K(1035776K), 0.0036919 secs]
305.402: Total time for which application threads were stopped: 0.0038760 seconds, Stopping threads took: 0.0000195 seconds
305.471: [GC (Allocation Failure)  414669K->91471K(1035776K), 0.0039493 secs]
305.475: Total time for which application threads were stopped: 0.0041009 seconds, Stopping threads took: 0.0000167 seconds
305.544: [GC (Allocation Failure)  415055K->91407K(1036800K), 0.0044867 secs]
305.549: Total time for which application threads were stopped: 0.0046926 seconds, Stopping threads took: 0.0000275 seconds
305.615: [GC (Allocation Failure)  416527K->83565K(1025024K), 0.0008362 secs]
305.616: Total time for which application threads were stopped: 0.0009557 seconds, Stopping threads took: 0.0000191 seconds
305.685: [GC (Allocation Failure)  408685K->91463K(1035776K), 0.0037798 secs]
305.689: Total time for which application threads were stopped: 0.0039566 seconds, Stopping threads took: 0.0000277 seconds
305.757: [GC (Allocation Failure)  415047K->95519K(1035776K), 0.0050147 secs]
305.762: Total time for which application threads were stopped: 0.0051775 seconds, Stopping threads took: 0.0000203 seconds
305.830: [GC (Allocation Failure)  419103K->95551K(1036288K), 0.0037587 secs]
305.834: Total time for which application threads were stopped: 0.0039288 seconds, Stopping threads took: 0.0000282 seconds
305.902: [GC (Allocation Failure)  420159K->95815K(1024512K), 0.0040252 secs]
305.906: Total time for which application threads were stopped: 0.0041939 seconds, Stopping threads took: 0.0000196 seconds
305.974: [GC (Allocation Failure)  420423K->103625K(1035776K), 0.0037912 secs]
305.978: Total time for which application threads were stopped: 0.0039618 seconds, Stopping threads took: 0.0000222 seconds
306.046: [GC (Allocation Failure)  427209K->103593K(1035776K), 0.0036506 secs]
306.050: Total time for which application threads were stopped: 0.0038261 seconds, Stopping threads took: 0.0000198 seconds
306.117: [GC (Allocation Failure)  427177K->103809K(1034752K), 0.0045924 secs]
306.122: Total time for which application threads were stopped: 0.0047501 seconds, Stopping threads took: 0.0000194 seconds
306.190: [GC (Allocation Failure)  426369K->111620K(1035264K), 0.0038000 secs]
306.194: Total time for which application threads were stopped: 0.0039744 seconds, Stopping threads took: 0.0000193 seconds
306.263: [GC (Allocation Failure)  434180K->111620K(1035264K), 0.0039032 secs]
306.267: Total time for which application threads were stopped: 0.0040672 seconds, Stopping threads took: 0.0000198 seconds
306.334: [GC (Allocation Failure)  434180K->111684K(1022464K), 0.0040869 secs]
306.339: Total time for which application threads were stopped: 0.0042468 seconds, Stopping threads took: 0.0000193 seconds
306.407: [GC (Allocation Failure)  434244K->119686K(1034752K), 0.0038518 secs]
306.411: Total time for which application threads were stopped: 0.0040150 seconds, Stopping threads took: 0.0000198 seconds
306.480: [GC (Allocation Failure)  441222K->119654K(1034752K), 0.0046023 secs]
306.485: Total time for which application threads were stopped: 0.0047759 seconds, Stopping threads took: 0.0000206 seconds
306.551: [GC (Allocation Failure)  441190K->119742K(1034752K), 0.0055645 secs]
306.557: Total time for which application threads were stopped: 0.0057247 seconds, Stopping threads took: 0.0000252 seconds
306.623: [GC (Allocation Failure)  441278K->127680K(1034752K), 0.0040252 secs]
306.627: Total time for which application threads were stopped: 0.0041970 seconds, Stopping threads took: 0.0000204 seconds
306.694: [GC (Allocation Failure)  449216K->127680K(1034752K), 0.0039052 secs]
306.698: Total time for which application threads were stopped: 0.0040861 seconds, Stopping threads took: 0.0000209 seconds
306.764: [GC (Allocation Failure)  449216K->128040K(1021440K), 0.0037873 secs]
306.768: Total time for which application threads were stopped: 0.0039865 seconds, Stopping threads took: 0.0000329 seconds
306.835: [GC (Allocation Failure)  449576K->135723K(1034240K), 0.0041199 secs]
306.839: Total time for which application threads were stopped: 0.0042801 seconds, Stopping threads took: 0.0000201 seconds
306.906: [GC (Allocation Failure)  456235K->135723K(1034240K), 0.0040901 secs]
306.910: Total time for which application threads were stopped: 0.0042829 seconds, Stopping threads took: 0.0000194 seconds
306.979: [GC (Allocation Failure)  456235K->136267K(1034240K), 0.0039841 secs]
306.983: Total time for which application threads were stopped: 0.0041575 seconds, Stopping threads took: 0.0000196 seconds
307.053: [GC (Allocation Failure)  456779K->143789K(1034240K), 0.0042526 secs]
307.057: Total time for which application threads were stopped: 0.0044247 seconds, Stopping threads took: 0.0000198 seconds
307.125: [GC (Allocation Failure)  464301K->143757K(1034240K), 0.0038687 secs]
307.129: Total time for which application threads were stopped: 0.0040441 seconds, Stopping threads took: 0.0000203 seconds
307.196: [GC (Allocation Failure)  464269K->144005K(1020416K), 0.0040472 secs]
307.201: Total time for which application threads were stopped: 0.0042458 seconds, Stopping threads took: 0.0000257 seconds
307.270: [GC (Allocation Failure)  464517K->151783K(1033728K), 0.0038409 secs]
307.274: Total time for which application threads were stopped: 0.0039992 seconds, Stopping threads took: 0.0000169 seconds
307.341: [GC (Allocation Failure)  471271K->151783K(1033728K), 0.0038621 secs]
307.345: Total time for which application threads were stopped: 0.0040688 seconds, Stopping threads took: 0.0000258 seconds
307.413: [GC (Allocation Failure)  471271K->151943K(1033728K), 0.0039887 secs]
307.417: Total time for which application threads were stopped: 0.0041510 seconds, Stopping threads took: 0.0000201 seconds
307.483: [GC (Allocation Failure)  471431K->159849K(1033728K), 0.0039063 secs]
307.487: Total time for which application threads were stopped: 0.0040744 seconds, Stopping threads took: 0.0000199 seconds
307.555: [GC (Allocation Failure)  479337K->159849K(1033728K), 0.0047107 secs]
307.560: Total time for which application threads were stopped: 0.0048691 seconds, Stopping threads took: 0.0000260 seconds
307.625: [GC (Allocation Failure)  479337K->159945K(1033728K), 0.0040344 secs]
307.630: Total time for which application threads were stopped: 0.0042009 seconds, Stopping threads took: 0.0000201 seconds
307.697: [GC (Allocation Failure)  479433K->167852K(1032704K), 0.0039681 secs]
307.701: Total time for which application threads were stopped: 0.0041500 seconds, Stopping threads took: 0.0000295 seconds
307.768: [GC (Allocation Failure)  486316K->167852K(1033216K), 0.0047698 secs]
307.773: Total time for which application threads were stopped: 0.0049502 seconds, Stopping threads took: 0.0000196 seconds
307.839: [GC (Allocation Failure)  486316K->167916K(1032704K), 0.0040907 secs]
307.844: Total time for which application threads were stopped: 0.0042601 seconds, Stopping threads took: 0.0000199 seconds
307.909: [GC (Allocation Failure)  486380K->175886K(1033216K), 0.0041155 secs]
307.913: Total time for which application threads were stopped: 0.0042909 seconds, Stopping threads took: 0.0000204 seconds
307.978: [GC (Allocation Failure)  494350K->172012K(1034240K), 0.0030148 secs]
307.981: Total time for which application threads were stopped: 0.0031712 seconds, Stopping threads took: 0.0000201 seconds
308.049: [GC (Allocation Failure)  491500K->176038K(1033216K), 0.0042863 secs]
308.054: Total time for which application threads were stopped: 0.0044772 seconds, Stopping threads took: 0.0000201 seconds
308.122: [GC (Allocation Failure)  495526K->180006K(1034752K), 0.0041339 secs]
308.126: Total time for which application threads were stopped: 0.0042923 seconds, Stopping threads took: 0.0000174 seconds
308.194: [GC (Allocation Failure)  501542K->173188K(1034752K), 0.0012958 secs]
308.195: Total time for which application threads were stopped: 0.0014304 seconds, Stopping threads took: 0.0000262 seconds
308.263: [GC (Allocation Failure)  494724K->180078K(1034752K), 0.0039602 secs]
308.267: Total time for which application threads were stopped: 0.0041815 seconds, Stopping threads took: 0.0000204 seconds
308.334: [GC (Allocation Failure)  501614K->184158K(1034752K), 0.0049935 secs]
308.339: Total time for which application threads were stopped: 0.0051919 seconds, Stopping threads took: 0.0000219 seconds
308.406: [GC (Allocation Failure)  505694K->178620K(1034752K), 0.0019934 secs]
308.408: Total time for which application threads were stopped: 0.0021381 seconds, Stopping threads took: 0.0000171 seconds
308.479: [GC (Allocation Failure)  500156K->184462K(1034752K), 0.0040809 secs]
308.483: Total time for which application threads were stopped: 0.0042432 seconds, Stopping threads took: 0.0000202 seconds
308.551: [GC (Allocation Failure)  505998K->188302K(1035264K), 0.0055947 secs]
308.557: Total time for which application threads were stopped: 0.0058070 seconds, Stopping threads took: 0.0000178 seconds
308.624: [GC (Allocation Failure)  510790K->184396K(1035264K), 0.0027987 secs]
308.627: Total time for which application threads were stopped: 0.0029488 seconds, Stopping threads took: 0.0000193 seconds
308.697: [GC (Allocation Failure)  506956K->188462K(1036288K), 0.0039920 secs]
308.701: Total time for which application threads were stopped: 0.0041641 seconds, Stopping threads took: 0.0000272 seconds
308.768: [GC (Allocation Failure)  512558K->192462K(1035776K), 0.0040072 secs]
308.772: Total time for which application threads were stopped: 0.0041955 seconds, Stopping threads took: 0.0000273 seconds
308.841: [GC (Allocation Failure)  516558K->192430K(1035776K), 0.0039677 secs]
308.845: Total time for which application threads were stopped: 0.0041290 seconds, Stopping threads took: 0.0000197 seconds
308.912: [GC (Allocation Failure)  516014K->192494K(1023488K), 0.0041647 secs]
308.916: Total time for which application threads were stopped: 0.0043324 seconds, Stopping threads took: 0.0000195 seconds
308.983: [GC (Allocation Failure)  516078K->200464K(1035264K), 0.0042291 secs]
308.988: Total time for which application threads were stopped: 0.0043959 seconds, Stopping threads took: 0.0000191 seconds
309.055: [GC (Allocation Failure)  523024K->200432K(1030144K), 0.0038270 secs]
309.059: Total time for which application threads were stopped: 0.0039954 seconds, Stopping threads took: 0.0000203 seconds
309.126: [GC (Allocation Failure)  522992K->200520K(1034752K), 0.0039841 secs]
309.130: Total time for which application threads were stopped: 0.0041529 seconds, Stopping threads took: 0.0000201 seconds
309.200: [GC (Allocation Failure)  522056K->208522K(1034752K), 0.0043448 secs]
309.205: Total time for which application threads were stopped: 0.0045210 seconds, Stopping threads took: 0.0000285 seconds
309.274: [GC (Allocation Failure)  530058K->208490K(1033728K), 0.0038308 secs]
309.278: Total time for which application threads were stopped: 0.0040344 seconds, Stopping threads took: 0.0000421 seconds
309.345: [GC (Allocation Failure)  529002K->208714K(1034240K), 0.0042279 secs]
309.349: Total time for which application threads were stopped: 0.0044042 seconds, Stopping threads took: 0.0000210 seconds
309.416: [GC (Allocation Failure)  529226K->216557K(1034240K), 0.0040986 secs]
309.420: Total time for which application threads were stopped: 0.0042593 seconds, Stopping threads took: 0.0000198 seconds
309.488: [GC (Allocation Failure)  537069K->216557K(1034240K), 0.0041853 secs]
309.492: Total time for which application threads were stopped: 0.0043487 seconds, Stopping threads took: 0.0000202 seconds
309.560: [GC (Allocation Failure)  537069K->216973K(1033216K), 0.0042042 secs]
309.564: Total time for which application threads were stopped: 0.0043709 seconds, Stopping threads took: 0.0000177 seconds
309.632: [GC (Allocation Failure)  536461K->224559K(1033728K), 0.0041533 secs]
309.636: Total time for which application threads were stopped: 0.0043475 seconds, Stopping threads took: 0.0000205 seconds
309.706: [GC (Allocation Failure)  544047K->224591K(1033728K), 0.0040920 secs]
309.710: Total time for which application threads were stopped: 0.0042432 seconds, Stopping threads took: 0.0000179 seconds
309.775: [GC (Allocation Failure)  544079K->224679K(1033728K), 0.0041396 secs]
309.779: Total time for which application threads were stopped: 0.0043426 seconds, Stopping threads took: 0.0000256 seconds
309.847: [GC (Allocation Failure)  544167K->232617K(1033728K), 0.0039318 secs]
309.851: Total time for which application threads were stopped: 0.0041057 seconds, Stopping threads took: 0.0000207 seconds
309.918: [GC (Allocation Failure)  552105K->232585K(1033728K), 0.0039933 secs]
309.922: Total time for which application threads were stopped: 0.0041816 seconds, Stopping threads took: 0.0000208 seconds
309.989: [GC (Allocation Failure)  552073K->232649K(1033728K), 0.0043071 secs]
309.993: Total time for which application threads were stopped: 0.0044839 seconds, Stopping threads took: 0.0000207 seconds
310.060: [GC (Allocation Failure)  552137K->240619K(1027072K), 0.0043804 secs]
310.065: Total time for which application threads were stopped: 0.0045572 seconds, Stopping threads took: 0.0000219 seconds
310.130: [GC (Allocation Failure)  560107K->236745K(1034240K), 0.0029619 secs]
310.133: Total time for which application threads were stopped: 0.0031320 seconds, Stopping threads took: 0.0000204 seconds
310.203: [GC (Allocation Failure)  556233K->240747K(1033216K), 0.0042259 secs]
310.207: Total time for which application threads were stopped: 0.0043944 seconds, Stopping threads took: 0.0000266 seconds
310.275: [GC (Allocation Failure)  560235K->244747K(1034752K), 0.0040013 secs]
310.279: Total time for which application threads were stopped: 0.0041795 seconds, Stopping threads took: 0.0000190 seconds
310.347: [GC (Allocation Failure)  566283K->237961K(1034752K), 0.0014431 secs]
310.348: Total time for which application threads were stopped: 0.0015960 seconds, Stopping threads took: 0.0000290 seconds
310.415: [GC (Allocation Failure)  559497K->244851K(1034752K), 0.0039304 secs]
310.419: Total time for which application threads were stopped: 0.0041111 seconds, Stopping threads took: 0.0000202 seconds
310.485: [GC (Allocation Failure)  566387K->248931K(1034752K), 0.0051304 secs]
310.490: Total time for which application threads were stopped: 0.0053017 seconds, Stopping threads took: 0.0000214 seconds
310.556: [GC (Allocation Failure)  570467K->243329K(1034752K), 0.0028065 secs]
310.559: Total time for which application threads were stopped: 0.0029413 seconds, Stopping threads took: 0.0000132 seconds
310.626: [GC (Allocation Failure)  564865K->249163K(1034752K), 0.0042113 secs]
310.630: Total time for which application threads were stopped: 0.0045141 seconds, Stopping threads took: 0.0000200 seconds
310.698: [GC (Allocation Failure)  570699K->253027K(1035264K), 0.0043046 secs]
310.702: Total time for which application threads were stopped: 0.0044765 seconds, Stopping threads took: 0.0000283 seconds
310.769: [GC (Allocation Failure)  575516K->249121K(1035264K), 0.0029617 secs]
310.772: Total time for which application threads were stopped: 0.0031163 seconds, Stopping threads took: 0.0000206 seconds
310.842: [GC (Allocation Failure)  571681K->253195K(1036288K), 0.0041327 secs]
310.846: Total time for which application threads were stopped: 0.0043155 seconds, Stopping threads took: 0.0000196 seconds
310.915: [GC (Allocation Failure)  577291K->257163K(1035776K), 0.0040133 secs]
310.919: Total time for which application threads were stopped: 0.0041795 seconds, Stopping threads took: 0.0000191 seconds
310.988: [GC (Allocation Failure)  581259K->257163K(1035776K), 0.0041051 secs]
310.992: Total time for which application threads were stopped: 0.0042763 seconds, Stopping threads took: 0.0000200 seconds
311.059: [GC (Allocation Failure)  580747K->257219K(1023488K), 0.0043623 secs]
311.064: Total time for which application threads were stopped: 0.0045397 seconds, Stopping threads took: 0.0000207 seconds
311.132: [GC (Allocation Failure)  580803K->265222K(1035264K), 0.0043641 secs]
311.136: Total time for which application threads were stopped: 0.0045302 seconds, Stopping threads took: 0.0000191 seconds
311.204: [GC (Allocation Failure)  587782K->265222K(1030144K), 0.0041568 secs]
311.208: Total time for which application threads were stopped: 0.0043340 seconds, Stopping threads took: 0.0000198 seconds
311.276: [GC (Allocation Failure)  587782K->265262K(1034752K), 0.0042956 secs]
311.280: Total time for which application threads were stopped: 0.0044692 seconds, Stopping threads took: 0.0000201 seconds
311.347: [GC (Allocation Failure)  586798K->273232K(1029120K), 0.0041978 secs]
311.352: Total time for which application threads were stopped: 0.0043960 seconds, Stopping threads took: 0.0000209 seconds
311.421: [GC (Allocation Failure)  594768K->273200K(1034240K), 0.0041074 secs]
311.426: Total time for which application threads were stopped: 0.0042591 seconds, Stopping threads took: 0.0000174 seconds
311.493: [GC (Allocation Failure)  593712K->273480K(1034240K), 0.0042039 secs]
311.497: Total time for which application threads were stopped: 0.0043886 seconds, Stopping threads took: 0.0000205 seconds
311.566: [GC (Allocation Failure)  593992K->281290K(1034240K), 0.0040131 secs]
311.570: Total time for which application threads were stopped: 0.0041978 seconds, Stopping threads took: 0.0000201 seconds
311.638: [GC (Allocation Failure)  601802K->281258K(1034240K), 0.0043203 secs]
311.642: Total time for which application threads were stopped: 0.0044811 seconds, Stopping threads took: 0.0000194 seconds
311.710: [GC (Allocation Failure)  601770K->281666K(1033216K), 0.0055051 secs]
311.715: Total time for which application threads were stopped: 0.0056986 seconds, Stopping threads took: 0.0000204 seconds
311.785: [GC (Allocation Failure)  601154K->289285K(1033728K), 0.0042963 secs]
311.789: Total time for which application threads were stopped: 0.0044490 seconds, Stopping threads took: 0.0000167 seconds
311.857: [GC (Allocation Failure)  608773K->289253K(1033728K), 0.0040792 secs]
311.861: Total time for which application threads were stopped: 0.0042435 seconds, Stopping threads took: 0.0000200 seconds
311.927: [GC (Allocation Failure)  608741K->289421K(1033728K), 0.0044946 secs]
311.932: Total time for which application threads were stopped: 0.0046664 seconds, Stopping threads took: 0.0000202 seconds
311.999: [GC (Allocation Failure)  608909K->297295K(1033728K), 0.0040782 secs]
312.003: Total time for which application threads were stopped: 0.0042565 seconds, Stopping threads took: 0.0000215 seconds
312.070: [GC (Allocation Failure)  616783K->297327K(1033728K), 0.0041411 secs]
312.074: Total time for which application threads were stopped: 0.0043235 seconds, Stopping threads took: 0.0000204 seconds
312.140: [GC (Allocation Failure)  616815K->297383K(1033728K), 0.0042945 secs]
312.145: Total time for which application threads were stopped: 0.0044631 seconds, Stopping threads took: 0.0000221 seconds
312.211: [GC (Allocation Failure)  616871K->305353K(1027072K), 0.0042410 secs]
312.216: Total time for which application threads were stopped: 0.0044313 seconds, Stopping threads took: 0.0000205 seconds
312.282: [GC (Allocation Failure)  624841K->301447K(1034240K), 0.0030638 secs]
312.285: Total time for which application threads were stopped: 0.0032434 seconds, Stopping threads took: 0.0000169 seconds
312.354: [GC (Allocation Failure)  620935K->305513K(1033216K), 0.0044960 secs]
312.359: Total time for which application threads were stopped: 0.0046476 seconds, Stopping threads took: 0.0000186 seconds
312.427: [GC (Allocation Failure)  625001K->309513K(1034752K), 0.0044547 secs]
312.431: Total time for which application threads were stopped: 0.0046495 seconds, Stopping threads took: 0.0000205 seconds
312.499: [GC (Allocation Failure)  631049K->302663K(1034752K), 0.0016387 secs]
312.501: Total time for which application threads were stopped: 0.0017694 seconds, Stopping threads took: 0.0000196 seconds
312.571: [GC (Allocation Failure)  624199K->309585K(1034752K), 0.0042716 secs]
312.575: Total time for which application threads were stopped: 0.0044329 seconds, Stopping threads took: 0.0000202 seconds
312.641: [GC (Allocation Failure)  631121K->313633K(1034752K), 0.0052215 secs]
312.647: Total time for which application threads were stopped: 0.0054121 seconds, Stopping threads took: 0.0000203 seconds
312.713: [GC (Allocation Failure)  635169K->308063K(1034752K), 0.0021065 secs]
312.715: Total time for which application threads were stopped: 0.0022631 seconds, Stopping threads took: 0.0000270 seconds
312.783: [GC (Allocation Failure)  629599K->313897K(1034752K), 0.0049243 secs]
312.788: Total time for which application threads were stopped: 0.0050978 seconds, Stopping threads took: 0.0000206 seconds
312.855: [GC (Allocation Failure)  635433K->317761K(1035264K), 0.0057227 secs]
312.861: Total time for which application threads were stopped: 0.0058947 seconds, Stopping threads took: 0.0000208 seconds
312.928: [GC (Allocation Failure)  640249K->313887K(1035264K), 0.0030656 secs]
312.931: Total time for which application threads were stopped: 0.0032189 seconds, Stopping threads took: 0.0000174 seconds
313.000: [GC (Allocation Failure)  636447K->317897K(1036288K), 0.0044159 secs]
313.004: Total time for which application threads were stopped: 0.0045881 seconds, Stopping threads took: 0.0000202 seconds
313.072: [GC (Allocation Failure)  641993K->321897K(1035776K), 0.0041274 secs]
313.076: Total time for which application threads were stopped: 0.0042921 seconds, Stopping threads took: 0.0000208 seconds
313.145: [GC (Allocation Failure)  645993K->321897K(1035776K), 0.0042755 secs]
313.149: Total time for which application threads were stopped: 0.0044538 seconds, Stopping threads took: 0.0000196 seconds
313.218: [GC (Allocation Failure)  645481K->321961K(1023488K), 0.0042341 secs]
313.222: Total time for which application threads were stopped: 0.0044216 seconds, Stopping threads took: 0.0000201 seconds
313.290: [GC (Allocation Failure)  645545K->329931K(1035264K), 0.0043975 secs]
313.295: Total time for which application threads were stopped: 0.0045482 seconds, Stopping threads took: 0.0000166 seconds
313.363: [GC (Allocation Failure)  652491K->329931K(1030144K), 0.0042427 secs]
313.367: Total time for which application threads were stopped: 0.0044101 seconds, Stopping threads took: 0.0000198 seconds
313.435: [GC (Allocation Failure)  652491K->329987K(1034752K), 0.0045982 secs]
313.440: Total time for which application threads were stopped: 0.0047527 seconds, Stopping threads took: 0.0000191 seconds
313.509: [GC (Allocation Failure)  651523K->337990K(1029120K), 0.0043576 secs]
313.513: Total time for which application threads were stopped: 0.0045418 seconds, Stopping threads took: 0.0000285 seconds
313.584: [GC (Allocation Failure)  659526K->337958K(1034240K), 0.0040408 secs]
313.588: Total time for which application threads were stopped: 0.0042051 seconds, Stopping threads took: 0.0000208 seconds
313.655: [GC (Allocation Failure)  658470K->338214K(1034240K), 0.0045201 secs]
313.660: Total time for which application threads were stopped: 0.0046928 seconds, Stopping threads took: 0.0000204 seconds
313.728: [GC (Allocation Failure)  658726K->346024K(1034240K), 0.0041865 secs]
313.733: Total time for which application threads were stopped: 0.0043868 seconds, Stopping threads took: 0.0000278 seconds
313.802: [GC (Allocation Failure)  666536K->345960K(1034240K), 0.0043245 secs]
313.807: Total time for which application threads were stopped: 0.0045137 seconds, Stopping threads took: 0.0000167 seconds
313.875: [GC (Allocation Failure)  666472K->346440K(1033216K), 0.0043253 secs]
313.879: Total time for which application threads were stopped: 0.0045206 seconds, Stopping threads took: 0.0000196 seconds
313.948: [GC (Allocation Failure)  665928K->354026K(1033728K), 0.0044221 secs]
313.953: Total time for which application threads were stopped: 0.0045796 seconds, Stopping threads took: 0.0000171 seconds
314.020: [GC (Allocation Failure)  673514K->354058K(1033728K), 0.0043080 secs]
314.025: Total time for which application threads were stopped: 0.0045036 seconds, Stopping threads took: 0.0000258 seconds
314.091: [GC (Allocation Failure)  673546K->354154K(1033728K), 0.0043533 secs]
314.096: Total time for which application threads were stopped: 0.0045064 seconds, Stopping threads took: 0.0000172 seconds
314.163: [GC (Allocation Failure)  673642K->362092K(1033728K), 0.0043555 secs]
314.168: Total time for which application threads were stopped: 0.0045406 seconds, Stopping threads took: 0.0000211 seconds
314.235: [GC (Allocation Failure)  681580K->362028K(1033728K), 0.0043727 secs]
314.239: Total time for which application threads were stopped: 0.0045663 seconds, Stopping threads took: 0.0000208 seconds
314.308: [GC (Allocation Failure)  681516K->362124K(1033728K), 0.0044838 secs]
314.313: Total time for which application threads were stopped: 0.0046552 seconds, Stopping threads took: 0.0000202 seconds
314.380: [GC (Allocation Failure)  681612K->370095K(1027072K), 0.0045770 secs]
314.384: Total time for which application threads were stopped: 0.0047398 seconds, Stopping threads took: 0.0000204 seconds
314.451: [GC (Allocation Failure)  689582K->366188K(1034240K), 0.0033384 secs]
314.454: Total time for which application threads were stopped: 0.0035049 seconds, Stopping threads took: 0.0000199 seconds
314.522: [GC (Allocation Failure)  685676K->370255K(1033216K), 0.0045562 secs]
314.527: Total time for which application threads were stopped: 0.0047298 seconds, Stopping threads took: 0.0000211 seconds
314.595: [GC (Allocation Failure)  689743K->374223K(1034752K), 0.0044785 secs]
314.600: Total time for which application threads were stopped: 0.0046389 seconds, Stopping threads took: 0.0000205 seconds
314.667: [GC (Allocation Failure)  695759K->367436K(1034752K), 0.0017400 secs]
314.669: Total time for which application threads were stopped: 0.0018798 seconds, Stopping threads took: 0.0000197 seconds
314.737: [GC (Allocation Failure)  688972K->374295K(1034752K), 0.0042044 secs]
314.741: Total time for which application threads were stopped: 0.0043923 seconds, Stopping threads took: 0.0000268 seconds
314.809: [GC (Allocation Failure)  695831K->378399K(1034752K), 0.0052733 secs]
314.815: Total time for which application threads were stopped: 0.0054414 seconds, Stopping threads took: 0.0000200 seconds
314.880: [GC (Allocation Failure)  699935K->372796K(1034752K), 0.0024890 secs]
314.882: Total time for which application threads were stopped: 0.0026458 seconds, Stopping threads took: 0.0000196 seconds
314.949: [GC (Allocation Failure)  694332K->378639K(1034752K), 0.0043365 secs]
314.954: Total time for which application threads were stopped: 0.0045077 seconds, Stopping threads took: 0.0000199 seconds
315.021: [GC (Allocation Failure)  700175K->382543K(1035264K), 0.0048758 secs]
315.026: Total time for which application threads were stopped: 0.0050585 seconds, Stopping threads took: 0.0000199 seconds
315.092: [GC (Allocation Failure)  705031K->378604K(1035264K), 0.0032227 secs]
315.096: Total time for which application threads were stopped: 0.0033858 seconds, Stopping threads took: 0.0000195 seconds
315.164: [GC (Allocation Failure)  701164K->382639K(1036288K), 0.0045437 secs]
315.168: Total time for which application threads were stopped: 0.0047099 seconds, Stopping threads took: 0.0000195 seconds
315.235: [GC (Allocation Failure)  706735K->386639K(1035776K), 0.0042088 secs]
315.240: Total time for which application threads were stopped: 0.0044049 seconds, Stopping threads took: 0.0000202 seconds
315.309: [GC (Allocation Failure)  710735K->386639K(1035776K), 0.0045045 secs]
315.314: Total time for which application threads were stopped: 0.0046724 seconds, Stopping threads took: 0.0000191 seconds
315.381: [GC (Allocation Failure)  710223K->386695K(1023488K), 0.0045261 secs]
315.386: Total time for which application threads were stopped: 0.0046965 seconds, Stopping threads took: 0.0000195 seconds
315.454: [GC (Allocation Failure)  710279K->394697K(1035264K), 0.0046084 secs]
315.459: Total time for which application threads were stopped: 0.0047784 seconds, Stopping threads took: 0.0000201 seconds
315.527: [GC (Allocation Failure)  717257K->394665K(1030144K), 0.0041908 secs]
315.531: Total time for which application threads were stopped: 0.0043660 seconds, Stopping threads took: 0.0000205 seconds
315.600: [GC (Allocation Failure)  717225K->394729K(1034752K), 0.0045067 secs]
315.605: Total time for which application threads were stopped: 0.0046746 seconds, Stopping threads took: 0.0000201 seconds
315.673: [GC (Allocation Failure)  716265K->402763K(1029120K), 0.0044180 secs]
315.677: Total time for which application threads were stopped: 0.0045659 seconds, Stopping threads took: 0.0000199 seconds
315.746: [GC (Allocation Failure)  724299K->402699K(1034240K), 0.0043566 secs]
315.751: Total time for which application threads were stopped: 0.0045288 seconds, Stopping threads took: 0.0000205 seconds
315.817: [GC (Allocation Failure)  723211K->402955K(1034240K), 0.0045413 secs]
315.822: Total time for which application threads were stopped: 0.0047113 seconds, Stopping threads took: 0.0000195 seconds
315.889: [GC (Allocation Failure)  723467K->410765K(1034240K), 0.0042153 secs]
315.894: Total time for which application threads were stopped: 0.0043868 seconds, Stopping threads took: 0.0000202 seconds
315.961: [GC (Allocation Failure)  731277K->410733K(1034240K), 0.0046179 secs]
315.966: Total time for which application threads were stopped: 0.0047794 seconds, Stopping threads took: 0.0000206 seconds
316.035: [GC (Allocation Failure)  731245K->411181K(1033216K), 0.0046419 secs]
316.039: Total time for which application threads were stopped: 0.0048081 seconds, Stopping threads took: 0.0000193 seconds
316.107: [GC (Allocation Failure)  730669K->418768K(1033728K), 0.0045894 secs]
316.111: Total time for which application threads were stopped: 0.0047586 seconds, Stopping threads took: 0.0000200 seconds
316.179: [GC (Allocation Failure)  738256K->418768K(1033728K), 0.0044276 secs]
316.183: Total time for which application threads were stopped: 0.0046048 seconds, Stopping threads took: 0.0000269 seconds
316.248: [GC (Allocation Failure)  738256K->418888K(1033728K), 0.0044909 secs]
316.253: Total time for which application threads were stopped: 0.0046691 seconds, Stopping threads took: 0.0000202 seconds
316.321: [GC (Allocation Failure)  738376K->426858K(1033728K), 0.0045142 secs]
316.326: Total time for which application threads were stopped: 0.0046845 seconds, Stopping threads took: 0.0000203 seconds
316.394: [GC (Allocation Failure)  746346K->426794K(1033728K), 0.0046146 secs]
316.399: Total time for which application threads were stopped: 0.0047835 seconds, Stopping threads took: 0.0000204 seconds
316.466: [GC (Allocation Failure)  746282K->426858K(1033728K), 0.0045449 secs]
316.471: Total time for which application threads were stopped: 0.0047525 seconds, Stopping threads took: 0.0000301 seconds
316.539: [GC (Allocation Failure)  746346K->434796K(1027072K), 0.0053969 secs]
316.544: Total time for which application threads were stopped: 0.0055979 seconds, Stopping threads took: 0.0000257 seconds
316.610: [GC (Allocation Failure)  754284K->430954K(1034240K), 0.0033740 secs]
316.614: Total time for which application threads were stopped: 0.0035731 seconds, Stopping threads took: 0.0000203 seconds
316.683: [GC (Allocation Failure)  750442K->434956K(1033216K), 0.0045769 secs]
316.688: Total time for which application threads were stopped: 0.0047438 seconds, Stopping threads took: 0.0000262 seconds
316.755: [GC (Allocation Failure)  754444K->438956K(1034752K), 0.0043538 secs]
316.759: Total time for which application threads were stopped: 0.0045166 seconds, Stopping threads took: 0.0000201 seconds
316.826: [GC (Allocation Failure)  760492K->432170K(1034752K), 0.0019470 secs]
316.828: Total time for which application threads were stopped: 0.0020712 seconds, Stopping threads took: 0.0000191 seconds
316.896: [GC (Allocation Failure)  753706K->439028K(1034752K), 0.0044126 secs]
316.901: Total time for which application threads were stopped: 0.0045636 seconds, Stopping threads took: 0.0000179 seconds
316.967: [GC (Allocation Failure)  760564K->443108K(1034752K), 0.0051914 secs]
316.972: Total time for which application threads were stopped: 0.0053843 seconds, Stopping threads took: 0.0000178 seconds
317.039: [GC (Allocation Failure)  764644K->437538K(1034752K), 0.0026350 secs]
317.042: Total time for which application threads were stopped: 0.0027901 seconds, Stopping threads took: 0.0000200 seconds
317.109: [GC (Allocation Failure)  759074K->443380K(1034752K), 0.0046256 secs]
317.114: Total time for which application threads were stopped: 0.0048242 seconds, Stopping threads took: 0.0000209 seconds
317.184: [GC (Allocation Failure)  764916K->447252K(1034752K), 0.0046585 secs]
317.188: Total time for which application threads were stopped: 0.0048644 seconds, Stopping threads took: 0.0000182 seconds
317.256: [GC (Allocation Failure)  769741K->443346K(1035264K), 0.0031724 secs]
317.260: Total time for which application threads were stopped: 0.0033640 seconds, Stopping threads took: 0.0000206 seconds
317.330: [GC (Allocation Failure)  765906K->447404K(1036288K), 0.0044941 secs]
317.334: Total time for which application threads were stopped: 0.0046706 seconds, Stopping threads took: 0.0000200 seconds
317.402: [GC (Allocation Failure)  771500K->451340K(1035776K), 0.0046604 secs]
317.407: Total time for which application threads were stopped: 0.0048321 seconds, Stopping threads took: 0.0000201 seconds
317.476: [GC (Allocation Failure)  775436K->451340K(1035776K), 0.0045825 secs]
317.481: Total time for which application threads were stopped: 0.0047611 seconds, Stopping threads took: 0.0000208 seconds
317.549: [GC (Allocation Failure)  774924K->451428K(1023488K), 0.0057361 secs]
317.555: Total time for which application threads were stopped: 0.0059437 seconds, Stopping threads took: 0.0000258 seconds
317.621: [GC (Allocation Failure)  775012K->459399K(1035264K), 0.0047979 secs]
317.626: Total time for which application threads were stopped: 0.0049709 seconds, Stopping threads took: 0.0000197 seconds
317.696: [GC (Allocation Failure)  781959K->459399K(1030144K), 0.0043173 secs]
317.700: Total time for which application threads were stopped: 0.0044853 seconds, Stopping threads took: 0.0000263 seconds
317.767: [GC (Allocation Failure)  781959K->459471K(1034752K), 0.0045406 secs]
317.772: Total time for which application threads were stopped: 0.0047092 seconds, Stopping threads took: 0.0000286 seconds
317.839: [GC (Allocation Failure)  781007K->467441K(1034752K), 0.0045760 secs]
317.844: Total time for which application threads were stopped: 0.0047487 seconds, Stopping threads took: 0.0000196 seconds
317.912: [GC (Allocation Failure)  788977K->467473K(1033728K), 0.0044642 secs]
317.916: Total time for which application threads were stopped: 0.0046262 seconds, Stopping threads took: 0.0000208 seconds
317.983: [GC (Allocation Failure)  787985K->467689K(1034240K), 0.0044577 secs]
317.987: Total time for which application threads were stopped: 0.0046235 seconds, Stopping threads took: 0.0000200 seconds
318.057: [GC (Allocation Failure)  788201K->475467K(1034240K), 0.0045489 secs]
318.062: Total time for which application threads were stopped: 0.0047169 seconds, Stopping threads took: 0.0000195 seconds
318.130: [GC (Allocation Failure)  795979K->475435K(1034240K), 0.0047754 secs]
318.135: Total time for which application threads were stopped: 0.0049480 seconds, Stopping threads took: 0.0000198 seconds
318.202: [GC (Allocation Failure)  795947K->475915K(1034240K), 0.0064214 secs]
318.209: Total time for which application threads were stopped: 0.0065896 seconds, Stopping threads took: 0.0000194 seconds
318.276: [GC (Allocation Failure)  796427K->483533K(1028096K), 0.0046853 secs]
318.281: Total time for which application threads were stopped: 0.0048536 seconds, Stopping threads took: 0.0000194 seconds
318.347: [GC (Allocation Failure)  804045K->483501K(1033728K), 0.0045816 secs]
318.352: Total time for which application threads were stopped: 0.0047511 seconds, Stopping threads took: 0.0000194 seconds
318.417: [GC (Allocation Failure)  802989K->483653K(1033728K), 0.0048025 secs]
318.422: Total time for which application threads were stopped: 0.0049756 seconds, Stopping threads took: 0.0000203 seconds
318.490: [GC (Allocation Failure)  803141K->491496K(1033728K), 0.0046140 secs]
318.494: Total time for which application threads were stopped: 0.0047868 seconds, Stopping threads took: 0.0000205 seconds
318.563: [GC (Allocation Failure)  810984K->491560K(1033728K), 0.0045739 secs]
318.568: Total time for which application threads were stopped: 0.0047231 seconds, Stopping threads took: 0.0000171 seconds
318.634: [GC (Allocation Failure)  811048K->491592K(1033728K), 0.0046642 secs]
318.639: Total time for which application threads were stopped: 0.0048664 seconds, Stopping threads took: 0.0000197 seconds
318.706: [GC (Allocation Failure)  811080K->499562K(1027072K), 0.0044548 secs]
318.711: Total time for which application threads were stopped: 0.0046325 seconds, Stopping threads took: 0.0000261 seconds
318.777: [GC (Allocation Failure)  819049K->495656K(1034240K), 0.0037900 secs]
318.781: Total time for which application threads were stopped: 0.0039555 seconds, Stopping threads took: 0.0000191 seconds
318.848: [GC (Allocation Failure)  815144K->499722K(1033216K), 0.0046784 secs]
318.853: Total time for which application threads were stopped: 0.0048349 seconds, Stopping threads took: 0.0000199 seconds
318.920: [GC (Allocation Failure)  819210K->503690K(1034752K), 0.0044430 secs]
318.925: Total time for which application threads were stopped: 0.0046357 seconds, Stopping threads took: 0.0000200 seconds
318.993: [GC (Allocation Failure)  825226K->496904K(1034752K), 0.0020385 secs]
318.995: Total time for which application threads were stopped: 0.0021830 seconds, Stopping threads took: 0.0000168 seconds
319.065: [GC (Allocation Failure)  818440K->503762K(1034752K), 0.0046657 secs]
319.069: Total time for which application threads were stopped: 0.0048605 seconds, Stopping threads took: 0.0000204 seconds
319.136: [GC (Allocation Failure)  825298K->507866K(1034752K), 0.0053497 secs]
319.142: Total time for which application threads were stopped: 0.0055025 seconds, Stopping threads took: 0.0000170 seconds
319.209: [GC (Allocation Failure)  829402K->502264K(1034752K), 0.0025897 secs]
319.211: Total time for which application threads were stopped: 0.0027454 seconds, Stopping threads took: 0.0000262 seconds
319.280: [GC (Allocation Failure)  823800K->508106K(1034752K), 0.0047849 secs]
319.285: Total time for which application threads were stopped: 0.0049715 seconds, Stopping threads took: 0.0000216 seconds
319.354: [GC (Allocation Failure)  829642K->511978K(1034752K), 0.0050930 secs]
319.359: Total time for which application threads were stopped: 0.0052851 seconds, Stopping threads took: 0.0000203 seconds
319.426: [GC (Allocation Failure)  834466K->508072K(1035264K), 0.0034900 secs]
319.430: Total time for which application threads were stopped: 0.0036547 seconds, Stopping threads took: 0.0000207 seconds
319.498: [GC (Allocation Failure)  830632K->512138K(1036288K), 0.0046605 secs]
319.503: Total time for which application threads were stopped: 0.0048492 seconds, Stopping threads took: 0.0000197 seconds
319.573: [GC (Allocation Failure)  836234K->516106K(1035776K), 0.0045928 secs]
319.578: Total time for which application threads were stopped: 0.0047617 seconds, Stopping threads took: 0.0000197 seconds
319.646: [GC (Allocation Failure)  840202K->516106K(1035776K), 0.0044956 secs]
319.651: Total time for which application threads were stopped: 0.0046561 seconds, Stopping threads took: 0.0000194 seconds
319.719: [GC (Allocation Failure)  839690K->516170K(1023488K), 0.0045270 secs]
319.724: Total time for which application threads were stopped: 0.0047077 seconds, Stopping threads took: 0.0000278 seconds
319.790: [GC (Allocation Failure)  839754K->524172K(1035264K), 0.0055337 secs]
319.796: Total time for which application threads were stopped: 0.0057069 seconds, Stopping threads took: 0.0000203 seconds
319.865: [GC (Allocation Failure)  846732K->524140K(1030144K), 0.0045969 secs]
319.870: Total time for which application threads were stopped: 0.0047830 seconds, Stopping threads took: 0.0000217 seconds
319.938: [GC (Allocation Failure)  846700K->524196K(1034752K), 0.0046005 secs]
319.943: Total time for which application threads were stopped: 0.0047948 seconds, Stopping threads took: 0.0000196 seconds
320.012: [GC (Allocation Failure)  845732K->532198K(1029120K), 0.0048366 secs]
320.017: Total time for which application threads were stopped: 0.0050285 seconds, Stopping threads took: 0.0000204 seconds
320.086: [GC (Allocation Failure)  853734K->532166K(1034240K), 0.0045498 secs]
320.091: Total time for which application threads were stopped: 0.0047092 seconds, Stopping threads took: 0.0000171 seconds
320.157: [GC (Allocation Failure)  852678K->532422K(1034240K), 0.0046353 secs]
320.162: Total time for which application threads were stopped: 0.0048070 seconds, Stopping threads took: 0.0000200 seconds
320.230: [GC (Allocation Failure)  852934K->540201K(1034240K), 0.0044387 secs]
320.234: Total time for which application threads were stopped: 0.0045871 seconds, Stopping threads took: 0.0000197 seconds
320.304: [GC (Allocation Failure)  860713K->540201K(1034240K), 0.0046224 secs]
320.309: Total time for which application threads were stopped: 0.0047704 seconds, Stopping threads took: 0.0000167 seconds
320.376: [GC (Allocation Failure)  860713K->540649K(1033216K), 0.0046754 secs]
320.381: Total time for which application threads were stopped: 0.0048524 seconds, Stopping threads took: 0.0000203 seconds
320.451: [GC (Allocation Failure)  860137K->548267K(1033728K), 0.0047898 secs]
320.456: Total time for which application threads were stopped: 0.0049404 seconds, Stopping threads took: 0.0000178 seconds
320.524: [GC (Allocation Failure)  867755K->548235K(1033728K), 0.0060705 secs]
320.530: Total time for which application threads were stopped: 0.0062515 seconds, Stopping threads took: 0.0000202 seconds
320.597: [GC (Allocation Failure)  867723K->548363K(1033728K), 0.0047366 secs]
320.601: Total time for which application threads were stopped: 0.0049065 seconds, Stopping threads took: 0.0000286 seconds
320.669: [GC (Allocation Failure)  867851K->556301K(1033728K), 0.0047052 secs]
320.673: Total time for which application threads were stopped: 0.0048626 seconds, Stopping threads took: 0.0000195 seconds
320.740: [GC (Allocation Failure)  875789K->556269K(1033728K), 0.0047395 secs]
320.745: Total time for which application threads were stopped: 0.0049417 seconds, Stopping threads took: 0.0000284 seconds
320.813: [GC (Allocation Failure)  875757K->556333K(1033728K), 0.0049224 secs]
320.818: Total time for which application threads were stopped: 0.0050829 seconds, Stopping threads took: 0.0000178 seconds
320.884: [GC (Allocation Failure)  875821K->564303K(1027072K), 0.0047386 secs]
320.889: Total time for which application threads were stopped: 0.0049091 seconds, Stopping threads took: 0.0000213 seconds
320.954: [GC (Allocation Failure)  883791K->560397K(1034240K), 0.0039164 secs]
320.958: Total time for which application threads were stopped: 0.0040851 seconds, Stopping threads took: 0.0000202 seconds
321.025: [GC (Allocation Failure)  879885K->564431K(1033216K), 0.0049997 secs]
321.031: Total time for which application threads were stopped: 0.0051506 seconds, Stopping threads took: 0.0000173 seconds
321.098: [GC (Allocation Failure)  883919K->568431K(1034752K), 0.0045554 secs]
321.103: Total time for which application threads were stopped: 0.0047331 seconds, Stopping threads took: 0.0000214 seconds
321.169: [GC (Allocation Failure)  889967K->561645K(1034752K), 0.0022207 secs]
321.171: Total time for which application threads were stopped: 0.0023777 seconds, Stopping threads took: 0.0000203 seconds
321.242: [GC (Allocation Failure)  883181K->568535K(1034752K), 0.0046518 secs]
321.247: Total time for which application threads were stopped: 0.0048181 seconds, Stopping threads took: 0.0000259 seconds
321.313: [GC (Allocation Failure)  890071K->572583K(1034752K), 0.0055666 secs]
321.318: Total time for which application threads were stopped: 0.0057461 seconds, Stopping threads took: 0.0000200 seconds
321.384: [GC (Allocation Failure)  894119K->567045K(1034752K), 0.0028438 secs]
321.387: Total time for which application threads were stopped: 0.0030055 seconds, Stopping threads took: 0.0000215 seconds
321.456: [GC (Allocation Failure)  888581K->572839K(1034752K), 0.0048446 secs]
321.461: Total time for which application threads were stopped: 0.0050244 seconds, Stopping threads took: 0.0000212 seconds
321.528: [GC (Allocation Failure)  894375K->576719K(1035264K), 0.0051736 secs]
321.533: Total time for which application threads were stopped: 0.0053427 seconds, Stopping threads took: 0.0000209 seconds
321.601: [GC (Allocation Failure)  899208K->572845K(1035264K), 0.0036574 secs]
321.604: Total time for which application threads were stopped: 0.0038334 seconds, Stopping threads took: 0.0000198 seconds
321.674: [GC (Allocation Failure)  895405K->576879K(1036288K), 0.0045842 secs]
321.679: Total time for which application threads were stopped: 0.0047341 seconds, Stopping threads took: 0.0000170 seconds
321.746: [GC (Allocation Failure)  900975K->580847K(1035776K), 0.0048067 secs]
321.751: Total time for which application threads were stopped: 0.0049742 seconds, Stopping threads took: 0.0000277 seconds
321.821: [GC (Allocation Failure)  904943K->580815K(1035776K), 0.0045961 secs]
321.826: Total time for which application threads were stopped: 0.0047608 seconds, Stopping threads took: 0.0000201 seconds
321.894: [GC (Allocation Failure)  904399K->580903K(1023488K), 0.0046706 secs]
321.898: Total time for which application threads were stopped: 0.0048359 seconds, Stopping threads took: 0.0000203 seconds
321.965: [GC (Allocation Failure)  904487K->588906K(1035264K), 0.0049431 secs]
321.970: Total time for which application threads were stopped: 0.0051175 seconds, Stopping threads took: 0.0000204 seconds
322.038: [GC (Allocation Failure)  911466K->588906K(1030144K), 0.0047079 secs]
322.043: Total time for which application threads were stopped: 0.0048807 seconds, Stopping threads took: 0.0000214 seconds
322.111: [GC (Allocation Failure)  911466K->588938K(1034752K), 0.0050815 secs]
322.116: Total time for which application threads were stopped: 0.0052568 seconds, Stopping threads took: 0.0000214 seconds
322.184: [GC (Allocation Failure)  910474K->596908K(1034752K), 0.0050989 secs]
322.189: Total time for which application threads were stopped: 0.0052794 seconds, Stopping threads took: 0.0000266 seconds
322.257: [GC (Allocation Failure)  918444K->596908K(1033728K), 0.0046878 secs]
322.262: Total time for which application threads were stopped: 0.0048522 seconds, Stopping threads took: 0.0000206 seconds
322.328: [GC (Allocation Failure)  917420K->597132K(1034240K), 0.0047782 secs]
322.333: Total time for which application threads were stopped: 0.0049460 seconds, Stopping threads took: 0.0000196 seconds
322.401: [GC (Allocation Failure)  917644K->604942K(1034240K), 0.0047338 secs]
322.405: Total time for which application threads were stopped: 0.0048923 seconds, Stopping threads took: 0.0000193 seconds
322.473: [GC (Allocation Failure)  925454K->604942K(1034240K), 0.0048537 secs]
322.478: Total time for which application threads were stopped: 0.0050314 seconds, Stopping threads took: 0.0000196 seconds
322.545: [GC (Allocation Failure)  925454K->605350K(1033216K), 0.0077955 secs]
322.553: Total time for which application threads were stopped: 0.0080026 seconds, Stopping threads took: 0.0000255 seconds
322.621: [GC (Allocation Failure)  924838K->612936K(1033728K), 0.0049051 secs]
322.626: Total time for which application threads were stopped: 0.0050640 seconds, Stopping threads took: 0.0000177 seconds
322.694: [GC (Allocation Failure)  932424K->613000K(1033728K), 0.0046591 secs]
322.699: Total time for which application threads were stopped: 0.0048408 seconds, Stopping threads took: 0.0000281 seconds
322.765: [GC (Allocation Failure)  932488K->613096K(1033728K), 0.0049114 secs]
322.770: Total time for which application threads were stopped: 0.0050909 seconds, Stopping threads took: 0.0000284 seconds
322.838: [GC (Allocation Failure)  932584K->621035K(1033728K), 0.0046672 secs]
322.843: Total time for which application threads were stopped: 0.0048488 seconds, Stopping threads took: 0.0000201 seconds
322.910: [GC (Allocation Failure)  940523K->620971K(1033728K), 0.0048067 secs]
322.915: Total time for which application threads were stopped: 0.0049815 seconds, Stopping threads took: 0.0000297 seconds
322.982: [GC (Allocation Failure)  940459K->621059K(1033728K), 0.0048694 secs]
322.987: Total time for which application threads were stopped: 0.0050501 seconds, Stopping threads took: 0.0000205 seconds
323.054: [GC (Allocation Failure)  940547K->629029K(1027072K), 0.0049753 secs]
323.059: Total time for which application threads were stopped: 0.0051483 seconds, Stopping threads took: 0.0000215 seconds
323.124: [GC (Allocation Failure)  948517K->625123K(1034240K), 0.0039187 secs]
323.128: Total time for which application threads were stopped: 0.0040753 seconds, Stopping threads took: 0.0000200 seconds
323.197: [GC (Allocation Failure)  944611K->629197K(1033216K), 0.0049069 secs]
323.202: Total time for which application threads were stopped: 0.0050860 seconds, Stopping threads took: 0.0000270 seconds
323.270: [GC (Allocation Failure)  948685K->633165K(1034752K), 0.0048185 secs]
323.275: Total time for which application threads were stopped: 0.0049799 seconds, Stopping threads took: 0.0000199 seconds
323.342: [GC (Allocation Failure)  954701K->626379K(1034752K), 0.0023059 secs]
323.344: Total time for which application threads were stopped: 0.0024739 seconds, Stopping threads took: 0.0000286 seconds
323.412: [GC (Allocation Failure)  947915K->633237K(1034752K), 0.0048564 secs]
323.417: Total time for which application threads were stopped: 0.0050275 seconds, Stopping threads took: 0.0000224 seconds
323.483: [GC (Allocation Failure)  954773K->637277K(1034752K), 0.0070171 secs]
323.490: Total time for which application threads were stopped: 0.0071889 seconds, Stopping threads took: 0.0000206 seconds
323.557: [GC (Allocation Failure)  958813K->631739K(1034752K), 0.0038179 secs]
323.561: Total time for which application threads were stopped: 0.0039499 seconds, Stopping threads took: 0.0000144 seconds
323.628: [GC (Allocation Failure)  953275K->637613K(1034752K), 0.0049908 secs]
323.633: Total time for which application threads were stopped: 0.0051462 seconds, Stopping threads took: 0.0000181 seconds
323.701: [GC (Allocation Failure)  959149K->641445K(1034752K), 0.0065377 secs]
323.708: Total time for which application threads were stopped: 0.0067260 seconds, Stopping threads took: 0.0000264 seconds
323.775: [GC (Allocation Failure)  963933K->637539K(1035264K), 0.0036890 secs]
323.779: Total time for which application threads were stopped: 0.0038541 seconds, Stopping threads took: 0.0000220 seconds
323.847: [GC (Allocation Failure)  960099K->641613K(1036288K), 0.0050357 secs]
323.852: Total time for which application threads were stopped: 0.0052131 seconds, Stopping threads took: 0.0000190 seconds
323.921: [GC (Allocation Failure)  965709K->645581K(1035776K), 0.0049391 secs]
323.926: Total time for which application threads were stopped: 0.0051116 seconds, Stopping threads took: 0.0000204 seconds
323.994: [GC (Allocation Failure)  969677K->645581K(1035776K), 0.0048613 secs]
323.999: Total time for which application threads were stopped: 0.0050202 seconds, Stopping threads took: 0.0000194 seconds
324.067: [GC (Allocation Failure)  969165K->645637K(1023488K), 0.0049981 secs]
324.072: Total time for which application threads were stopped: 0.0051575 seconds, Stopping threads took: 0.0000197 seconds
324.138: [GC (Allocation Failure)  969221K->653607K(1035264K), 0.0049949 secs]
324.143: Total time for which application threads were stopped: 0.0051580 seconds, Stopping threads took: 0.0000204 seconds
324.213: [GC (Allocation Failure)  976167K->653607K(1030144K), 0.0049174 secs]
324.218: Total time for which application threads were stopped: 0.0052332 seconds, Stopping threads took: 0.0000201 seconds
324.286: [GC (Allocation Failure)  976167K->653671K(1034752K), 0.0049263 secs]
324.291: Total time for which application threads were stopped: 0.0051358 seconds, Stopping threads took: 0.0000197 seconds
324.358: [GC (Allocation Failure)  975207K->661674K(1034752K), 0.0051201 secs]
324.364: Total time for which application threads were stopped: 0.0052835 seconds, Stopping threads took: 0.0000212 seconds
324.432: [GC (Allocation Failure)  983210K->661642K(1033728K), 0.0047978 secs]
324.437: Total time for which application threads were stopped: 0.0049632 seconds, Stopping threads took: 0.0000195 seconds
324.504: [GC (Allocation Failure)  982154K->661898K(1034240K), 0.0050073 secs]
324.509: Total time for which application threads were stopped: 0.0051723 seconds, Stopping threads took: 0.0000198 seconds
324.578: [GC (Allocation Failure)  982410K->669676K(1034240K), 0.0048579 secs]
324.583: Total time for which application threads were stopped: 0.0050376 seconds, Stopping threads took: 0.0000198 seconds
324.651: [GC (Allocation Failure)  990188K->669676K(1034240K), 0.0058318 secs]
324.657: Total time for which application threads were stopped: 0.0060038 seconds, Stopping threads took: 0.0000199 seconds
324.725: [GC (Allocation Failure)  990188K->670124K(1033216K), 0.0049565 secs]
324.730: Total time for which application threads were stopped: 0.0051732 seconds, Stopping threads took: 0.0000271 seconds
324.799: [GC (Allocation Failure)  989612K->677742K(1033728K), 0.0050844 secs]
324.804: Total time for which application threads were stopped: 0.0052736 seconds, Stopping threads took: 0.0000263 seconds
324.873: [GC (Allocation Failure)  997230K->677710K(1033728K), 0.0049495 secs]
324.878: Total time for which application threads were stopped: 0.0051094 seconds, Stopping threads took: 0.0000198 seconds
324.943: [GC (Allocation Failure)  997198K->677830K(1033728K), 0.0051285 secs]
324.948: Total time for which application threads were stopped: 0.0052912 seconds, Stopping threads took: 0.0000202 seconds
325.015: [GC (Allocation Failure)  997318K->685768K(1033728K), 0.0049061 secs]
325.020: Total time for which application threads were stopped: 0.0051091 seconds, Stopping threads took: 0.0000207 seconds
325.089: [GC (Allocation Failure)  1005256K->685736K(1033728K), 0.0050013 secs]
325.094: Total time for which application threads were stopped: 0.0051771 seconds, Stopping threads took: 0.0000276 seconds
325.161: [GC (Allocation Failure)  1005224K->685800K(1033728K), 0.0049162 secs]
325.166: [Full GC (Ergonomics)  685800K->8540K(1033728K), 0.0116897 secs]
325.178: Total time for which application threads were stopped: 0.0168802 seconds, Stopping threads took: 0.0000206 seconds
325.245: [GC (Allocation Failure)  328028K->16735K(1027584K), 0.0038363 secs]
325.249: Total time for which application threads were stopped: 0.0039844 seconds, Stopping threads took: 0.0000259 seconds
325.315: [GC (Allocation Failure)  336222K->12836K(1034240K), 0.0025588 secs]
325.318: Total time for which application threads were stopped: 0.0027075 seconds, Stopping threads took: 0.0000195 seconds
325.385: [GC (Allocation Failure)  332324K->16871K(1033216K), 0.0040428 secs]
325.389: Total time for which application threads were stopped: 0.0042105 seconds, Stopping threads took: 0.0000198 seconds
