Java HotSpot(TM) 64-Bit Server VM (25.171-b11) for linux-amd64 JRE (1.8.0_171-b11), built on Mar 28 2018 17:07:08 by "java_re" with gcc 4.3.0 20080428 (Red Hat 4.3.0-8)
Memory: 4k page, physical 32883000k(29326496k free), swap 8000508k(8000508k free)
CommandLine flags: -XX:InitialHeapSize=1073741824 -XX:MaxHeapSize=1073741824 -XX:+PrintGC -XX:+PrintGCApplicationStoppedTime -XX:+PrintGCTimeStamps -XX:+UseCompressedClassPointers -XX:+UseCompressedOops -XX:+UseParallelGC 
0.289: [GC (Allocation Failure)  262144K->10348K(1005056K), 0.0053687 secs]
0.294: Total time for which application threads were stopped: 0.0055950 seconds, Stopping threads took: 0.0000169 seconds
0.358: [GC (Allocation Failure)  272492K->8690K(1005056K), 0.0036812 secs]
0.361: Total time for which application threads were stopped: 0.0039263 seconds, Stopping threads took: 0.0000936 seconds
0.416: [GC (Allocation Failure)  270834K->8617K(1005056K), 0.0027849 secs]
0.419: Total time for which application threads were stopped: 0.0029476 seconds, Stopping threads took: 0.0000200 seconds
0.474: [GC (Allocation Failure)  270761K->8610K(1005056K), 0.0043979 secs]
0.479: Total time for which application threads were stopped: 0.0045831 seconds, Stopping threads took: 0.0000335 seconds
0.535: [GC (Allocation Failure)  270754K->8745K(1005056K), 0.0034448 secs]
0.539: Total time for which application threads were stopped: 0.0036207 seconds, Stopping threads took: 0.0000202 seconds
0.595: [GC (Allocation Failure)  270889K->8562K(1038336K), 0.0046697 secs]
0.600: Total time for which application threads were stopped: 0.0048577 seconds, Stopping threads took: 0.0000221 seconds
0.677: [GC (Allocation Failure)  336754K->8608K(1037824K), 0.0042104 secs]
0.682: Total time for which application threads were stopped: 0.0043767 seconds, Stopping threads took: 0.0000206 seconds
0.752: [GC (Allocation Failure)  336800K->8640K(1038336K), 0.0037889 secs]
0.756: Total time for which application threads were stopped: 0.0039619 seconds, Stopping threads took: 0.0000263 seconds
0.826: [GC (Allocation Failure)  337344K->8576K(1038336K), 0.0036518 secs]
0.829: Total time for which application threads were stopped: 0.0038015 seconds, Stopping threads took: 0.0000203 seconds
0.894: [GC (Allocation Failure)  337280K->10272K(1037312K), 0.0033864 secs]
0.898: Total time for which application threads were stopped: 0.0035296 seconds, Stopping threads took: 0.0000195 seconds
0.965: [GC (Allocation Failure)  337952K->8576K(1037824K), 0.0033430 secs]
0.969: Total time for which application threads were stopped: 0.0035006 seconds, Stopping threads took: 0.0000268 seconds
1.034: [GC (Allocation Failure)  336256K->8576K(1037824K), 0.0087717 secs]
1.043: Total time for which application threads were stopped: 0.0089151 seconds, Stopping threads took: 0.0000279 seconds
1.107: [GC (Allocation Failure)  336256K->9512K(1028096K), 0.0042937 secs]
1.111: Total time for which application threads were stopped: 0.0044354 seconds, Stopping threads took: 0.0000196 seconds
1.178: [GC (Allocation Failure)  337192K->16810K(1037312K), 0.0036272 secs]
1.181: Total time for which application threads were stopped: 0.0037774 seconds, Stopping threads took: 0.0000274 seconds
1.248: [GC (Allocation Failure)  342954K->16618K(1036800K), 0.0034280 secs]
1.252: Total time for which application threads were stopped: 0.0035742 seconds, Stopping threads took: 0.0000261 seconds
1.316: [GC (Allocation Failure)  342762K->21960K(1034240K), 0.0064555 secs]
1.322: Total time for which application threads were stopped: 0.0065985 seconds, Stopping threads took: 0.0000199 seconds
1.387: [GC (Allocation Failure)  345544K->18954K(1035776K), 0.0037134 secs]
1.391: Total time for which application threads were stopped: 0.0038611 seconds, Stopping threads took: 0.0000276 seconds
1.457: [GC (Allocation Failure)  342538K->18730K(1036288K), 0.0035923 secs]
1.461: Total time for which application threads were stopped: 0.0037204 seconds, Stopping threads took: 0.0000189 seconds
1.523: [GC (Allocation Failure)  343335K->14856K(1028608K), 0.0027041 secs]
1.525: Total time for which application threads were stopped: 0.0028620 seconds, Stopping threads took: 0.0000185 seconds
1.589: [GC (Allocation Failure)  339464K->18922K(1035776K), 0.0039701 secs]
1.593: Total time for which application threads were stopped: 0.0041071 seconds, Stopping threads took: 0.0000208 seconds
1.656: [GC (Allocation Failure)  342506K->22922K(1035776K), 0.0036041 secs]
1.660: Total time for which application threads were stopped: 0.0037298 seconds, Stopping threads took: 0.0000182 seconds
1.724: [GC (Allocation Failure)  346506K->22890K(1036288K), 0.0036651 secs]
1.728: Total time for which application threads were stopped: 0.0037952 seconds, Stopping threads took: 0.0000186 seconds
1.793: [GC (Allocation Failure)  347498K->22954K(1024512K), 0.0044544 secs]
1.797: Total time for which application threads were stopped: 0.0045889 seconds, Stopping threads took: 0.0000177 seconds
1.863: [GC (Allocation Failure)  347562K->30924K(1035776K), 0.0036462 secs]
1.866: Total time for which application threads were stopped: 0.0038068 seconds, Stopping threads took: 0.0000237 seconds
1.931: [GC (Allocation Failure)  353996K->30892K(1035264K), 0.0034607 secs]
1.934: Total time for which application threads were stopped: 0.0036055 seconds, Stopping threads took: 0.0000280 seconds
1.998: [GC (Allocation Failure)  353964K->30948K(1034752K), 0.0044648 secs]
2.002: Total time for which application threads were stopped: 0.0045955 seconds, Stopping threads took: 0.0000185 seconds
2.070: [GC (Allocation Failure)  353508K->38950K(1035264K), 0.0037649 secs]
2.074: Total time for which application threads were stopped: 0.0039304 seconds, Stopping threads took: 0.0000177 seconds
2.141: [GC (Allocation Failure)  361510K->38950K(1035264K), 0.0035649 secs]
2.145: Total time for which application threads were stopped: 0.0037591 seconds, Stopping threads took: 0.0000207 seconds
2.212: [GC (Allocation Failure)  361510K->39206K(1022464K), 0.0043639 secs]
2.216: Total time for which application threads were stopped: 0.0044941 seconds, Stopping threads took: 0.0000253 seconds
2.282: [GC (Allocation Failure)  361766K->46985K(1034752K), 0.0036025 secs]
2.285: Total time for which application threads were stopped: 0.0037324 seconds, Stopping threads took: 0.0000204 seconds
2.349: [GC (Allocation Failure)  368521K->46985K(1034752K), 0.0036453 secs]
2.352: Total time for which application threads were stopped: 0.0037766 seconds, Stopping threads took: 0.0000193 seconds
2.413: [GC (Allocation Failure)  368521K->47433K(1034752K), 0.0044950 secs]
2.418: Total time for which application threads were stopped: 0.0046342 seconds, Stopping threads took: 0.0000189 seconds
2.484: [GC (Allocation Failure)  368969K->55051K(1034752K), 0.0035874 secs]
2.488: Total time for which application threads were stopped: 0.0037272 seconds, Stopping threads took: 0.0000276 seconds
2.552: [GC (Allocation Failure)  376587K->54987K(1034752K), 0.0033315 secs]
2.555: Total time for which application threads were stopped: 0.0034686 seconds, Stopping threads took: 0.0000189 seconds
2.616: [GC (Allocation Failure)  376523K->55147K(1021440K), 0.0065115 secs]
2.623: Total time for which application threads were stopped: 0.0066430 seconds, Stopping threads took: 0.0000182 seconds
2.687: [GC (Allocation Failure)  376683K->63085K(1034240K), 0.0034942 secs]
2.691: Total time for which application threads were stopped: 0.0036199 seconds, Stopping threads took: 0.0000253 seconds
2.753: [GC (Allocation Failure)  383597K->63085K(1034240K), 0.0035628 secs]
2.756: Total time for which application threads were stopped: 0.0037072 seconds, Stopping threads took: 0.0000190 seconds
2.817: [GC (Allocation Failure)  383597K->63109K(1034240K), 0.0045188 secs]
2.822: Total time for which application threads were stopped: 0.0046615 seconds, Stopping threads took: 0.0000187 seconds
2.887: [GC (Allocation Failure)  383621K->71079K(1028096K), 0.0036283 secs]
2.891: Total time for which application threads were stopped: 0.0037502 seconds, Stopping threads took: 0.0000180 seconds
2.954: [GC (Allocation Failure)  391591K->71079K(1033728K), 0.0036759 secs]
2.958: Total time for which application threads were stopped: 0.0038128 seconds, Stopping threads took: 0.0000189 seconds
3.018: [GC (Allocation Failure)  390567K->71111K(1033728K), 0.0044172 secs]
3.023: Total time for which application threads were stopped: 0.0045536 seconds, Stopping threads took: 0.0000170 seconds
3.088: [GC (Allocation Failure)  390599K->79146K(1033728K), 0.0037243 secs]
3.091: Total time for which application threads were stopped: 0.0038599 seconds, Stopping threads took: 0.0000263 seconds
3.155: [GC (Allocation Failure)  398634K->79114K(1033728K), 0.0035954 secs]
3.159: Total time for which application threads were stopped: 0.0037148 seconds, Stopping threads took: 0.0000167 seconds
3.222: [GC (Allocation Failure)  398602K->79338K(1033728K), 0.0045158 secs]
3.226: Total time for which application threads were stopped: 0.0046474 seconds, Stopping threads took: 0.0000185 seconds
3.288: [GC (Allocation Failure)  398826K->87148K(1033728K), 0.0037501 secs]
3.292: Total time for which application threads were stopped: 0.0038889 seconds, Stopping threads took: 0.0000192 seconds
3.355: [GC (Allocation Failure)  406636K->87148K(1033728K), 0.0034902 secs]
3.359: Total time for which application threads were stopped: 0.0036067 seconds, Stopping threads took: 0.0000158 seconds
3.422: [GC (Allocation Failure)  406636K->87564K(1033728K), 0.0045836 secs]
3.426: Total time for which application threads were stopped: 0.0047311 seconds, Stopping threads took: 0.0000271 seconds
3.489: [GC (Allocation Failure)  407052K->95182K(1033728K), 0.0038154 secs]
3.492: Total time for which application threads were stopped: 0.0039521 seconds, Stopping threads took: 0.0000186 seconds
3.554: [GC (Allocation Failure)  414670K->95214K(1033728K), 0.0037256 secs]
3.558: Total time for which application threads were stopped: 0.0038677 seconds, Stopping threads took: 0.0000185 seconds
3.621: [GC (Allocation Failure)  414702K->95310K(1032704K), 0.0045009 secs]
3.626: Total time for which application threads were stopped: 0.0046460 seconds, Stopping threads took: 0.0000201 seconds
3.691: [GC (Allocation Failure)  413774K->103249K(1033216K), 0.0036250 secs]
3.695: Total time for which application threads were stopped: 0.0037587 seconds, Stopping threads took: 0.0000249 seconds
3.757: [GC (Allocation Failure)  421712K->99310K(1034240K), 0.0026581 secs]
3.760: Total time for which application threads were stopped: 0.0027989 seconds, Stopping threads took: 0.0000242 seconds
3.824: [GC (Allocation Failure)  418798K->103345K(1033216K), 0.0041857 secs]
3.828: Total time for which application threads were stopped: 0.0043211 seconds, Stopping threads took: 0.0000204 seconds
3.892: [GC (Allocation Failure)  422833K->107377K(1033728K), 0.0036770 secs]
3.895: Total time for which application threads were stopped: 0.0038070 seconds, Stopping threads took: 0.0000191 seconds
3.957: [GC (Allocation Failure)  427889K->99534K(1034240K), 0.0008204 secs]
3.958: Total time for which application threads were stopped: 0.0009476 seconds, Stopping threads took: 0.0000184 seconds
4.022: [GC (Allocation Failure)  420046K->107441K(1034240K), 0.0037740 secs]
4.025: Total time for which application threads were stopped: 0.0039378 seconds, Stopping threads took: 0.0000241 seconds
4.064: Total time for which application threads were stopped: 0.0001161 seconds, Stopping threads took: 0.0000429 seconds
4.093: [GC (Allocation Failure)  427953K->111521K(1034240K), 0.0054811 secs]
4.098: Total time for which application threads were stopped: 0.0056152 seconds, Stopping threads took: 0.0000147 seconds
4.162: [GC (Allocation Failure)  432033K->118198K(1029120K), 0.0085433 secs]
4.171: Total time for which application threads were stopped: 0.0086938 seconds, Stopping threads took: 0.0000276 seconds
4.235: [GC (Allocation Failure)  433590K->112217K(1031680K), 0.0037590 secs]
4.239: Total time for which application threads were stopped: 0.0038968 seconds, Stopping threads took: 0.0000274 seconds
4.302: [GC (Allocation Failure)  427609K->111897K(1032192K), 0.0038349 secs]
4.305: Total time for which application threads were stopped: 0.0039692 seconds, Stopping threads took: 0.0000179 seconds
4.367: [GC (Allocation Failure)  427801K->114105K(1031680K), 0.0045871 secs]
4.372: Total time for which application threads were stopped: 0.0047245 seconds, Stopping threads took: 0.0000266 seconds
4.436: [GC (Allocation Failure)  430009K->120027K(1032704K), 0.0037812 secs]
4.439: Total time for which application threads were stopped: 0.0039109 seconds, Stopping threads took: 0.0000190 seconds
4.502: [GC (Allocation Failure)  437467K->119995K(1032704K), 0.0036642 secs]
4.506: Total time for which application threads were stopped: 0.0038075 seconds, Stopping threads took: 0.0000184 seconds
4.567: [GC (Allocation Failure)  437435K->121851K(1033216K), 0.0047996 secs]
4.572: Total time for which application threads were stopped: 0.0049537 seconds, Stopping threads took: 0.0000190 seconds
4.635: [GC (Allocation Failure)  440315K->128125K(1033216K), 0.0038713 secs]
4.639: Total time for which application threads were stopped: 0.0039955 seconds, Stopping threads took: 0.0000187 seconds
4.702: [GC (Allocation Failure)  446589K->127997K(1033728K), 0.0036108 secs]
4.706: Total time for which application threads were stopped: 0.0037532 seconds, Stopping threads took: 0.0000255 seconds
4.768: [GC (Allocation Failure)  446973K->130597K(1033216K), 0.0048136 secs]
4.773: Total time for which application threads were stopped: 0.0049521 seconds, Stopping threads took: 0.0000244 seconds
4.836: [GC (Allocation Failure)  449573K->136135K(1033728K), 0.0036304 secs]
4.840: Total time for which application threads were stopped: 0.0037572 seconds, Stopping threads took: 0.0000189 seconds
4.905: [GC (Allocation Failure)  455623K->136039K(1033728K), 0.0036521 secs]
4.908: Total time for which application threads were stopped: 0.0037864 seconds, Stopping threads took: 0.0000178 seconds
4.971: [GC (Allocation Failure)  455527K->137255K(1033216K), 0.0045877 secs]
4.975: Total time for which application threads were stopped: 0.0047356 seconds, Stopping threads took: 0.0000189 seconds
5.040: [GC (Allocation Failure)  456743K->144074K(1033728K), 0.0046016 secs]
5.045: Total time for which application threads were stopped: 0.0047516 seconds, Stopping threads took: 0.0000247 seconds
5.111: [GC (Allocation Failure)  463562K->144074K(1034240K), 0.0040757 secs]
5.115: Total time for which application threads were stopped: 0.0042118 seconds, Stopping threads took: 0.0000191 seconds
5.179: [GC (Allocation Failure)  464074K->145002K(1033728K), 0.0047311 secs]
5.183: Total time for which application threads were stopped: 0.0048648 seconds, Stopping threads took: 0.0000198 seconds
5.252: [GC (Allocation Failure)  465002K->152140K(1033728K), 0.0036610 secs]
5.256: Total time for which application threads were stopped: 0.0037919 seconds, Stopping threads took: 0.0000248 seconds
5.320: [GC (Allocation Failure)  471628K->152108K(1033728K), 0.0037805 secs]
5.324: Total time for which application threads were stopped: 0.0039169 seconds, Stopping threads took: 0.0000253 seconds
5.386: [GC (Allocation Failure)  471596K->152748K(1033216K), 0.0047631 secs]
5.391: Total time for which application threads were stopped: 0.0049172 seconds, Stopping threads took: 0.0000327 seconds
5.455: [GC (Allocation Failure)  472236K->160206K(1033728K), 0.0037128 secs]
5.458: Total time for which application threads were stopped: 0.0038381 seconds, Stopping threads took: 0.0000188 seconds
5.522: [GC (Allocation Failure)  479694K->160142K(1033728K), 0.0036917 secs]
5.526: Total time for which application threads were stopped: 0.0038187 seconds, Stopping threads took: 0.0000172 seconds
5.588: [GC (Allocation Failure)  479630K->160206K(1033728K), 0.0046942 secs]
5.593: Total time for which application threads were stopped: 0.0048129 seconds, Stopping threads took: 0.0000166 seconds
5.658: [GC (Allocation Failure)  479694K->168240K(1033728K), 0.0039836 secs]
5.662: Total time for which application threads were stopped: 0.0041206 seconds, Stopping threads took: 0.0000184 seconds
5.726: [GC (Allocation Failure)  487728K->168176K(1033728K), 0.0038648 secs]
5.730: Total time for which application threads were stopped: 0.0040081 seconds, Stopping threads took: 0.0000303 seconds
5.794: [GC (Allocation Failure)  487664K->169192K(1033728K), 0.0047532 secs]
5.799: Total time for which application threads were stopped: 0.0049007 seconds, Stopping threads took: 0.0000240 seconds
5.862: [GC (Allocation Failure)  488680K->176267K(1033728K), 0.0037825 secs]
5.866: Total time for which application threads were stopped: 0.0039094 seconds, Stopping threads took: 0.0000184 seconds
5.928: [GC (Allocation Failure)  495755K->176203K(1033728K), 0.0038246 secs]
5.932: Total time for which application threads were stopped: 0.0039506 seconds, Stopping threads took: 0.0000178 seconds
5.994: [GC (Allocation Failure)  495691K->176427K(1033728K), 0.0047480 secs]
5.999: Total time for which application threads were stopped: 0.0048891 seconds, Stopping threads took: 0.0000186 seconds
6.064: [GC (Allocation Failure)  495915K->184269K(1033728K), 0.0039617 secs]
6.068: Total time for which application threads were stopped: 0.0040912 seconds, Stopping threads took: 0.0000145 seconds
6.134: [GC (Allocation Failure)  503757K->184205K(1033728K), 0.0040082 secs]
6.138: Total time for which application threads were stopped: 0.0041503 seconds, Stopping threads took: 0.0000203 seconds
6.203: [GC (Allocation Failure)  503693K->185637K(1033728K), 0.0049131 secs]
6.208: Total time for which application threads were stopped: 0.0050456 seconds, Stopping threads took: 0.0000191 seconds
6.272: [GC (Allocation Failure)  505125K->192327K(1033728K), 0.0038808 secs]
6.276: Total time for which application threads were stopped: 0.0040311 seconds, Stopping threads took: 0.0000199 seconds
6.337: [GC (Allocation Failure)  511815K->192295K(1033728K), 0.0039266 secs]
6.341: Total time for which application threads were stopped: 0.0040559 seconds, Stopping threads took: 0.0000181 seconds
6.403: [GC (Allocation Failure)  511783K->192903K(1033728K), 0.0048784 secs]
6.408: Total time for which application threads were stopped: 0.0050169 seconds, Stopping threads took: 0.0000187 seconds
6.471: [GC (Allocation Failure)  512391K->200329K(1033728K), 0.0064501 secs]
6.478: Total time for which application threads were stopped: 0.0065998 seconds, Stopping threads took: 0.0000190 seconds
6.541: [GC (Allocation Failure)  519817K->200329K(1033728K), 0.0039074 secs]
6.545: Total time for which application threads were stopped: 0.0040460 seconds, Stopping threads took: 0.0000187 seconds
6.608: [GC (Allocation Failure)  519817K->201129K(1033728K), 0.0048381 secs]
6.613: Total time for which application threads were stopped: 0.0049921 seconds, Stopping threads took: 0.0000273 seconds
6.677: [GC (Allocation Failure)  520617K->208396K(1033728K), 0.0038361 secs]
6.681: Total time for which application threads were stopped: 0.0039739 seconds, Stopping threads took: 0.0000267 seconds
6.744: [GC (Allocation Failure)  527884K->208364K(1033728K), 0.0037663 secs]
6.748: Total time for which application threads were stopped: 0.0039115 seconds, Stopping threads took: 0.0000261 seconds
6.810: [GC (Allocation Failure)  527852K->209356K(1033728K), 0.0050524 secs]
6.815: Total time for which application threads were stopped: 0.0051949 seconds, Stopping threads took: 0.0000259 seconds
6.878: [GC (Allocation Failure)  528844K->216366K(1033728K), 0.0040487 secs]
6.882: Total time for which application threads were stopped: 0.0041825 seconds, Stopping threads took: 0.0000179 seconds
6.944: [GC (Allocation Failure)  535854K->216366K(1033728K), 0.0039825 secs]
6.948: Total time for which application threads were stopped: 0.0041232 seconds, Stopping threads took: 0.0000154 seconds
7.012: [GC (Allocation Failure)  535854K->216526K(1033728K), 0.0048498 secs]
7.017: Total time for which application threads were stopped: 0.0049818 seconds, Stopping threads took: 0.0000191 seconds
7.081: [GC (Allocation Failure)  536014K->224368K(1033728K), 0.0038811 secs]
7.085: Total time for which application threads were stopped: 0.0040321 seconds, Stopping threads took: 0.0000173 seconds
7.148: [GC (Allocation Failure)  543856K->224432K(1033728K), 0.0040583 secs]
7.153: Total time for which application threads were stopped: 0.0042048 seconds, Stopping threads took: 0.0000255 seconds
7.217: [GC (Allocation Failure)  543920K->224776K(1019392K), 0.0048932 secs]
7.222: Total time for which application threads were stopped: 0.0050311 seconds, Stopping threads took: 0.0000253 seconds
7.285: [GC (Allocation Failure)  544264K->232427K(1033216K), 0.0042208 secs]
7.289: Total time for which application threads were stopped: 0.0043459 seconds, Stopping threads took: 0.0000179 seconds
7.352: [GC (Allocation Failure)  550891K->232459K(1033216K), 0.0038592 secs]
7.356: Total time for which application threads were stopped: 0.0039832 seconds, Stopping threads took: 0.0000178 seconds
7.418: [GC (Allocation Failure)  550923K->233003K(1033216K), 0.0048577 secs]
7.422: Total time for which application threads were stopped: 0.0049857 seconds, Stopping threads took: 0.0000180 seconds
7.485: [GC (Allocation Failure)  551467K->240461K(1033216K), 0.0039856 secs]
7.489: Total time for which application threads were stopped: 0.0041070 seconds, Stopping threads took: 0.0000179 seconds
7.551: [GC (Allocation Failure)  558925K->240493K(1033216K), 0.0039653 secs]
7.555: Total time for which application threads were stopped: 0.0040883 seconds, Stopping threads took: 0.0000177 seconds
7.614: [GC (Allocation Failure)  558957K->241253K(1033216K), 0.0048830 secs]
7.619: Total time for which application threads were stopped: 0.0050139 seconds, Stopping threads took: 0.0000185 seconds
7.683: [GC (Allocation Failure)  559717K->248487K(1033216K), 0.0040456 secs]
7.687: Total time for which application threads were stopped: 0.0041886 seconds, Stopping threads took: 0.0000240 seconds
7.748: [GC (Allocation Failure)  566951K->248519K(1033216K), 0.0039709 secs]
7.752: Total time for which application threads were stopped: 0.0041097 seconds, Stopping threads took: 0.0000257 seconds
7.812: [GC (Allocation Failure)  566983K->248583K(1033216K), 0.0048511 secs]
7.817: Total time for which application threads were stopped: 0.0049942 seconds, Stopping threads took: 0.0000191 seconds
7.880: [GC (Allocation Failure)  567047K->256521K(1033216K), 0.0047408 secs]
7.885: Total time for which application threads were stopped: 0.0048670 seconds, Stopping threads took: 0.0000184 seconds
7.950: [GC (Allocation Failure)  574985K->256521K(1033216K), 0.0040990 secs]
7.954: Total time for which application threads were stopped: 0.0042332 seconds, Stopping threads took: 0.0000204 seconds
8.014: [GC (Allocation Failure)  574985K->256681K(1033216K), 0.0049396 secs]
8.019: Total time for which application threads were stopped: 0.0050789 seconds, Stopping threads took: 0.0000219 seconds
8.085: [GC (Allocation Failure)  575145K->264556K(1033216K), 0.0040603 secs]
8.089: Total time for which application threads were stopped: 0.0042078 seconds, Stopping threads took: 0.0000199 seconds
8.153: [GC (Allocation Failure)  583020K->264556K(1033216K), 0.0039948 secs]
8.157: Total time for which application threads were stopped: 0.0041262 seconds, Stopping threads took: 0.0000199 seconds
8.221: [GC (Allocation Failure)  583020K->264908K(1033216K), 0.0050078 secs]
8.226: Total time for which application threads were stopped: 0.0051601 seconds, Stopping threads took: 0.0000270 seconds
8.290: [GC (Allocation Failure)  583372K->272622K(1033216K), 0.0040818 secs]
8.295: Total time for which application threads were stopped: 0.0042270 seconds, Stopping threads took: 0.0000241 seconds
8.358: [GC (Allocation Failure)  591086K->272590K(1033216K), 0.0038570 secs]
8.362: Total time for which application threads were stopped: 0.0039741 seconds, Stopping threads took: 0.0000152 seconds
8.423: [GC (Allocation Failure)  591054K->272654K(1033216K), 0.0050490 secs]
8.428: Total time for which application threads were stopped: 0.0051947 seconds, Stopping threads took: 0.0000179 seconds
8.493: [GC (Allocation Failure)  591118K->280624K(1033216K), 0.0041753 secs]
8.497: Total time for which application threads were stopped: 0.0042988 seconds, Stopping threads took: 0.0000175 seconds
8.560: [GC (Allocation Failure)  599088K->280624K(1033216K), 0.0040664 secs]
8.564: Total time for which application threads were stopped: 0.0042110 seconds, Stopping threads took: 0.0000191 seconds
8.626: [GC (Allocation Failure)  599088K->280872K(1033216K), 0.0049627 secs]
8.631: Total time for which application threads were stopped: 0.0050839 seconds, Stopping threads took: 0.0000152 seconds
8.695: [GC (Allocation Failure)  599336K->288682K(1033216K), 0.0042744 secs]
8.699: Total time for which application threads were stopped: 0.0044110 seconds, Stopping threads took: 0.0000253 seconds
8.764: [GC (Allocation Failure)  607146K->284040K(1033728K), 0.0026237 secs]
8.767: Total time for which application threads were stopped: 0.0027564 seconds, Stopping threads took: 0.0000155 seconds
8.829: [GC (Allocation Failure)  603016K->288842K(1033216K), 0.0044398 secs]
8.834: Total time for which application threads were stopped: 0.0045778 seconds, Stopping threads took: 0.0000194 seconds
8.897: [GC (Allocation Failure)  607818K->292834K(1033728K), 0.0042589 secs]
8.902: Total time for which application threads were stopped: 0.0043984 seconds, Stopping threads took: 0.0000186 seconds
8.966: [GC (Allocation Failure)  613346K->299624K(1034240K), 0.0070103 secs]
8.973: Total time for which application threads were stopped: 0.0071479 seconds, Stopping threads took: 0.0000197 seconds
9.036: [GC (Allocation Failure)  620136K->293482K(1030144K), 0.0052632 secs]
9.041: Total time for which application threads were stopped: 0.0054052 seconds, Stopping threads took: 0.0000196 seconds
9.104: [GC (Allocation Failure)  609898K->293386K(1032192K), 0.0040440 secs]
9.108: Total time for which application threads were stopped: 0.0041881 seconds, Stopping threads took: 0.0000177 seconds
9.171: [GC (Allocation Failure)  609802K->290184K(1033216K), 0.0031098 secs]
9.174: Total time for which application threads were stopped: 0.0032343 seconds, Stopping threads took: 0.0000163 seconds
9.239: [GC (Allocation Failure)  608136K->293418K(1032704K), 0.0041633 secs]
9.243: Total time for which application threads were stopped: 0.0043069 seconds, Stopping threads took: 0.0000248 seconds
9.306: [GC (Allocation Failure)  611370K->293354K(1033728K), 0.0040365 secs]
9.310: Total time for which application threads were stopped: 0.0041715 seconds, Stopping threads took: 0.0000231 seconds
9.373: [GC (Allocation Failure)  612330K->293802K(1033216K), 0.0050177 secs]
9.378: Total time for which application threads were stopped: 0.0051638 seconds, Stopping threads took: 0.0000194 seconds
9.442: [GC (Allocation Failure)  612778K->301421K(1033728K), 0.0040604 secs]
9.446: Total time for which application threads were stopped: 0.0041905 seconds, Stopping threads took: 0.0000189 seconds
9.510: [GC (Allocation Failure)  620397K->301389K(1033216K), 0.0041814 secs]
9.514: Total time for which application threads were stopped: 0.0043388 seconds, Stopping threads took: 0.0000239 seconds
9.577: [GC (Allocation Failure)  620365K->303565K(1033728K), 0.0049991 secs]
9.582: Total time for which application threads were stopped: 0.0051353 seconds, Stopping threads took: 0.0000194 seconds
9.644: [GC (Allocation Failure)  623053K->309423K(1033728K), 0.0043056 secs]
9.649: Total time for which application threads were stopped: 0.0044452 seconds, Stopping threads took: 0.0000273 seconds
9.713: [GC (Allocation Failure)  628911K->309455K(1034240K), 0.0040103 secs]
9.717: Total time for which application threads were stopped: 0.0041466 seconds, Stopping threads took: 0.0000252 seconds
9.779: [GC (Allocation Failure)  629967K->311823K(1034240K), 0.0051355 secs]
9.784: Total time for which application threads were stopped: 0.0052764 seconds, Stopping threads took: 0.0000190 seconds
9.849: [GC (Allocation Failure)  632335K->317489K(1034240K), 0.0041675 secs]
9.853: Total time for which application threads were stopped: 0.0043039 seconds, Stopping threads took: 0.0000189 seconds
9.919: [GC (Allocation Failure)  638001K->317457K(1034240K), 0.0039665 secs]
9.923: Total time for which application threads were stopped: 0.0040878 seconds, Stopping threads took: 0.0000181 seconds
9.987: [GC (Allocation Failure)  637969K->317993K(1034240K), 0.0050902 secs]
9.992: Total time for which application threads were stopped: 0.0052097 seconds, Stopping threads took: 0.0000164 seconds
10.057: [GC (Allocation Failure)  638505K->325547K(1034240K), 0.0054163 secs]
10.062: Total time for which application threads were stopped: 0.0055714 seconds, Stopping threads took: 0.0000242 seconds
10.127: [GC (Allocation Failure)  646059K->325515K(1034240K), 0.0041013 secs]
10.131: Total time for which application threads were stopped: 0.0042426 seconds, Stopping threads took: 0.0000198 seconds
10.194: [GC (Allocation Failure)  646027K->328299K(1034240K), 0.0083114 secs]
10.202: Total time for which application threads were stopped: 0.0084723 seconds, Stopping threads took: 0.0000194 seconds
10.268: [GC (Allocation Failure)  648811K->333550K(1034240K), 0.0042156 secs]
10.272: Total time for which application threads were stopped: 0.0043544 seconds, Stopping threads took: 0.0000272 seconds
10.338: [GC (Allocation Failure)  654062K->333550K(1034240K), 0.0040972 secs]
10.342: Total time for which application threads were stopped: 0.0042226 seconds, Stopping threads took: 0.0000188 seconds
10.405: [GC (Allocation Failure)  654062K->334478K(1034240K), 0.0050835 secs]
10.410: Total time for which application threads were stopped: 0.0052321 seconds, Stopping threads took: 0.0000186 seconds
10.475: [GC (Allocation Failure)  654990K->341552K(1034240K), 0.0040399 secs]
10.479: Total time for which application threads were stopped: 0.0041707 seconds, Stopping threads took: 0.0000191 seconds
10.545: [GC (Allocation Failure)  662064K->341552K(1034240K), 0.0041597 secs]
10.549: Total time for which application threads were stopped: 0.0043015 seconds, Stopping threads took: 0.0000270 seconds
10.612: [GC (Allocation Failure)  662064K->344776K(1034240K), 0.0052171 secs]
10.617: Total time for which application threads were stopped: 0.0053653 seconds, Stopping threads took: 0.0000195 seconds
10.682: [GC (Allocation Failure)  665288K->349674K(1034752K), 0.0041347 secs]
10.687: Total time for which application threads were stopped: 0.0042600 seconds, Stopping threads took: 0.0000182 seconds
10.751: [GC (Allocation Failure)  671210K->349578K(1034752K), 0.0040900 secs]
10.756: Total time for which application threads were stopped: 0.0042341 seconds, Stopping threads took: 0.0000256 seconds
10.818: [GC (Allocation Failure)  671114K->353002K(1034752K), 0.0062565 secs]
10.825: Total time for which application threads were stopped: 0.0063772 seconds, Stopping threads took: 0.0000160 seconds
10.889: [GC (Allocation Failure)  674538K->357741K(1034752K), 0.0044138 secs]
10.894: Total time for which application threads were stopped: 0.0045521 seconds, Stopping threads took: 0.0000200 seconds
10.956: [GC (Allocation Failure)  679277K->357645K(1034752K), 0.0042682 secs]
10.960: Total time for which application threads were stopped: 0.0044054 seconds, Stopping threads took: 0.0000264 seconds
11.021: [GC (Allocation Failure)  679181K->358157K(1034752K), 0.0051658 secs]
11.027: Total time for which application threads were stopped: 0.0053138 seconds, Stopping threads took: 0.0000275 seconds
11.092: [GC (Allocation Failure)  679693K->365743K(1034752K), 0.0044314 secs]
11.097: Total time for which application threads were stopped: 0.0046264 seconds, Stopping threads took: 0.0000202 seconds
11.164: [GC (Allocation Failure)  687279K->365647K(1034752K), 0.0044729 secs]
11.169: Total time for which application threads were stopped: 0.0046523 seconds, Stopping threads took: 0.0000171 seconds
11.234: [GC (Allocation Failure)  687183K->367431K(1034752K), 0.0052144 secs]
11.240: Total time for which application threads were stopped: 0.0053792 seconds, Stopping threads took: 0.0000277 seconds
11.306: [GC (Allocation Failure)  688967K->373673K(1034752K), 0.0042152 secs]
11.311: Total time for which application threads were stopped: 0.0043574 seconds, Stopping threads took: 0.0000168 seconds
11.375: [GC (Allocation Failure)  695209K->373641K(1034752K), 0.0042590 secs]
11.380: Total time for which application threads were stopped: 0.0044123 seconds, Stopping threads took: 0.0000202 seconds
11.442: [GC (Allocation Failure)  695177K->376649K(1034752K), 0.0053231 secs]
11.447: Total time for which application threads were stopped: 0.0054715 seconds, Stopping threads took: 0.0000281 seconds
11.516: [GC (Allocation Failure)  698185K->381739K(1034752K), 0.0044517 secs]
11.520: Total time for which application threads were stopped: 0.0046141 seconds, Stopping threads took: 0.0000198 seconds
11.587: [GC (Allocation Failure)  703275K->381707K(1034752K), 0.0043629 secs]
11.592: Total time for which application threads were stopped: 0.0045040 seconds, Stopping threads took: 0.0000191 seconds
11.655: [GC (Allocation Failure)  703243K->381835K(1033728K), 0.0051465 secs]
11.660: Total time for which application threads were stopped: 0.0052920 seconds, Stopping threads took: 0.0000163 seconds
11.726: [GC (Allocation Failure)  702347K->389774K(1034240K), 0.0042796 secs]
11.731: Total time for which application threads were stopped: 0.0044197 seconds, Stopping threads took: 0.0000270 seconds
11.795: [GC (Allocation Failure)  710286K->389742K(1034240K), 0.0040623 secs]
11.799: Total time for which application threads were stopped: 0.0042149 seconds, Stopping threads took: 0.0000211 seconds
11.864: [GC (Allocation Failure)  710254K->392110K(1034240K), 0.0052053 secs]
11.869: Total time for which application threads were stopped: 0.0053457 seconds, Stopping threads took: 0.0000169 seconds
11.934: [GC (Allocation Failure)  712622K->397872K(1033728K), 0.0042250 secs]
11.938: Total time for which application threads were stopped: 0.0043469 seconds, Stopping threads took: 0.0000170 seconds
12.002: [GC (Allocation Failure)  718384K->397744K(1034240K), 0.0042615 secs]
12.006: Total time for which application threads were stopped: 0.0044161 seconds, Stopping threads took: 0.0000288 seconds
12.071: [GC (Allocation Failure)  718256K->398312K(1034240K), 0.0050352 secs]
12.076: Total time for which application threads were stopped: 0.0051846 seconds, Stopping threads took: 0.0000175 seconds
12.143: [GC (Allocation Failure)  718824K->405866K(1034240K), 0.0042869 secs]
12.148: Total time for which application threads were stopped: 0.0044544 seconds, Stopping threads took: 0.0000197 seconds
12.218: [GC (Allocation Failure)  726378K->405802K(1034240K), 0.0043285 secs]
12.222: Total time for which application threads were stopped: 0.0045245 seconds, Stopping threads took: 0.0000204 seconds
12.289: [GC (Allocation Failure)  726314K->408554K(1034240K), 0.0054991 secs]
12.295: Total time for which application threads were stopped: 0.0056703 seconds, Stopping threads took: 0.0000204 seconds
12.363: [GC (Allocation Failure)  729066K->413836K(1034240K), 0.0044727 secs]
12.367: Total time for which application threads were stopped: 0.0046443 seconds, Stopping threads took: 0.0000211 seconds
12.435: [GC (Allocation Failure)  734348K->413836K(1034240K), 0.0044364 secs]
12.440: Total time for which application threads were stopped: 0.0046331 seconds, Stopping threads took: 0.0000206 seconds
12.508: [GC (Allocation Failure)  734348K->414756K(1034240K), 0.0054875 secs]
12.513: Total time for which application threads were stopped: 0.0056409 seconds, Stopping threads took: 0.0000169 seconds
12.581: [GC (Allocation Failure)  735268K->421863K(1034240K), 0.0045192 secs]
12.585: Total time for which application threads were stopped: 0.0046698 seconds, Stopping threads took: 0.0000201 seconds
12.652: [GC (Allocation Failure)  742375K->421895K(1034240K), 0.0063785 secs]
12.658: Total time for which application threads were stopped: 0.0065446 seconds, Stopping threads took: 0.0000205 seconds
12.723: [GC (Allocation Failure)  742407K->425031K(1034240K), 0.0053306 secs]
12.728: Total time for which application threads were stopped: 0.0055059 seconds, Stopping threads took: 0.0000282 seconds
12.794: [GC (Allocation Failure)  745543K->429929K(1034752K), 0.0042388 secs]
12.798: Total time for which application threads were stopped: 0.0043756 seconds, Stopping threads took: 0.0000203 seconds
12.863: [GC (Allocation Failure)  751465K->429897K(1034752K), 0.0042070 secs]
12.867: Total time for which application threads were stopped: 0.0043494 seconds, Stopping threads took: 0.0000279 seconds
12.929: [GC (Allocation Failure)  751433K->433257K(1034752K), 0.0055325 secs]
12.935: Total time for which application threads were stopped: 0.0056696 seconds, Stopping threads took: 0.0000192 seconds
12.997: [GC (Allocation Failure)  754793K->437995K(1034752K), 0.0045964 secs]
13.002: Total time for which application threads were stopped: 0.0047415 seconds, Stopping threads took: 0.0000194 seconds
13.067: [GC (Allocation Failure)  759531K->437931K(1034752K), 0.0046886 secs]
13.072: Total time for which application threads were stopped: 0.0048539 seconds, Stopping threads took: 0.0000189 seconds
13.137: [GC (Allocation Failure)  759467K->438475K(1034752K), 0.0053907 secs]
13.142: Total time for which application threads were stopped: 0.0055516 seconds, Stopping threads took: 0.0000204 seconds
13.210: [GC (Allocation Failure)  760011K->445965K(1034752K), 0.0046590 secs]
13.215: Total time for which application threads were stopped: 0.0048427 seconds, Stopping threads took: 0.0000258 seconds
13.282: [GC (Allocation Failure)  767501K->445965K(1034752K), 0.0053436 secs]
13.287: Total time for which application threads were stopped: 0.0055010 seconds, Stopping threads took: 0.0000193 seconds
13.353: [GC (Allocation Failure)  767501K->447725K(1034752K), 0.0053676 secs]
13.358: Total time for which application threads were stopped: 0.0055395 seconds, Stopping threads took: 0.0000216 seconds
13.426: [GC (Allocation Failure)  769261K->454032K(1029120K), 0.0048429 secs]
13.431: Total time for which application threads were stopped: 0.0050088 seconds, Stopping threads took: 0.0000202 seconds
13.498: [GC (Allocation Failure)  775568K->454032K(1034752K), 0.0047923 secs]
13.503: Total time for which application threads were stopped: 0.0049918 seconds, Stopping threads took: 0.0000432 seconds
13.571: [GC (Allocation Failure)  775056K->456424K(1034240K), 0.0053915 secs]
13.576: Total time for which application threads were stopped: 0.0055534 seconds, Stopping threads took: 0.0000202 seconds
13.644: [GC (Allocation Failure)  777448K->462122K(1034752K), 0.0046426 secs]
13.649: Total time for which application threads were stopped: 0.0048064 seconds, Stopping threads took: 0.0000206 seconds
13.718: [GC (Allocation Failure)  783658K->462026K(1034752K), 0.0045313 secs]
13.723: Total time for which application threads were stopped: 0.0047059 seconds, Stopping threads took: 0.0000194 seconds
13.788: [GC (Allocation Failure)  783562K->465194K(1034752K), 0.0054062 secs]
13.793: Total time for which application threads were stopped: 0.0055933 seconds, Stopping threads took: 0.0000192 seconds
13.861: [GC (Allocation Failure)  786730K->470060K(1034752K), 0.0044480 secs]
13.866: Total time for which application threads were stopped: 0.0046350 seconds, Stopping threads took: 0.0000201 seconds
13.933: [GC (Allocation Failure)  791596K->470060K(1034752K), 0.0045905 secs]
13.938: Total time for which application threads were stopped: 0.0047314 seconds, Stopping threads took: 0.0000171 seconds
14.002: [GC (Allocation Failure)  791596K->470308K(1034752K), 0.0055939 secs]
14.007: Total time for which application threads were stopped: 0.0057555 seconds, Stopping threads took: 0.0000193 seconds
14.074: [GC (Allocation Failure)  791844K->478150K(1033728K), 0.0046984 secs]
14.078: Total time for which application threads were stopped: 0.0048584 seconds, Stopping threads took: 0.0000198 seconds
14.145: [GC (Allocation Failure)  798662K->478118K(1034240K), 0.0045582 secs]
14.150: Total time for which application threads were stopped: 0.0047271 seconds, Stopping threads took: 0.0000193 seconds
14.220: [GC (Allocation Failure)  798630K->481670K(1034752K), 0.0056504 secs]
14.225: Total time for which application threads were stopped: 0.0058190 seconds, Stopping threads took: 0.0000258 seconds
14.293: [GC (Allocation Failure)  802694K->486153K(1034240K), 0.0045589 secs]
14.298: Total time for which application threads were stopped: 0.0047271 seconds, Stopping threads took: 0.0000265 seconds
14.365: [GC (Allocation Failure)  807177K->486121K(1034752K), 0.0044552 secs]
14.370: Total time for which application threads were stopped: 0.0046262 seconds, Stopping threads took: 0.0000214 seconds
14.437: [GC (Allocation Failure)  807657K->489897K(1034752K), 0.0056238 secs]
14.443: Total time for which application threads were stopped: 0.0057940 seconds, Stopping threads took: 0.0000203 seconds
14.511: [GC (Allocation Failure)  811433K->494187K(1035264K), 0.0044986 secs]
14.516: Total time for which application threads were stopped: 0.0046781 seconds, Stopping threads took: 0.0000214 seconds
14.584: [GC (Allocation Failure)  816747K->494155K(1035264K), 0.0047466 secs]
14.589: Total time for which application threads were stopped: 0.0049255 seconds, Stopping threads took: 0.0000219 seconds
14.656: [GC (Allocation Failure)  816715K->497131K(1035264K), 0.0115559 secs]
14.668: Total time for which application threads were stopped: 0.0117166 seconds, Stopping threads took: 0.0000202 seconds
14.736: [GC (Allocation Failure)  819691K->502253K(1035264K), 0.0046952 secs]
14.741: Total time for which application threads were stopped: 0.0048813 seconds, Stopping threads took: 0.0000280 seconds
14.809: [GC (Allocation Failure)  824813K->502189K(1035264K), 0.0046847 secs]
14.814: Total time for which application threads were stopped: 0.0048520 seconds, Stopping threads took: 0.0000195 seconds
14.882: [GC (Allocation Failure)  824749K->505349K(1035264K), 0.0055618 secs]
14.888: Total time for which application threads were stopped: 0.0057357 seconds, Stopping threads took: 0.0000252 seconds
14.957: [GC (Allocation Failure)  827909K->510344K(1035264K), 0.0045900 secs]
14.962: Total time for which application threads were stopped: 0.0047507 seconds, Stopping threads took: 0.0000201 seconds
15.030: [GC (Allocation Failure)  832904K->510216K(1035264K), 0.0043389 secs]
15.035: Total time for which application threads were stopped: 0.0045328 seconds, Stopping threads took: 0.0000206 seconds
15.103: [GC (Allocation Failure)  832776K->513544K(1035264K), 0.0055250 secs]
15.108: Total time for which application threads were stopped: 0.0056989 seconds, Stopping threads took: 0.0000280 seconds
15.176: [GC (Allocation Failure)  836104K->518314K(1035264K), 0.0046437 secs]
15.181: Total time for which application threads were stopped: 0.0048216 seconds, Stopping threads took: 0.0000197 seconds
15.248: [GC (Allocation Failure)  840874K->518250K(1035264K), 0.0046471 secs]
15.253: Total time for which application threads were stopped: 0.0048190 seconds, Stopping threads took: 0.0000286 seconds
15.322: [GC (Allocation Failure)  840810K->521802K(1035264K), 0.0056761 secs]
15.328: Total time for which application threads were stopped: 0.0058467 seconds, Stopping threads took: 0.0000201 seconds
15.395: [GC (Allocation Failure)  844362K->526316K(1035264K), 0.0046927 secs]
15.400: Total time for which application threads were stopped: 0.0048878 seconds, Stopping threads took: 0.0000208 seconds
15.470: [GC (Allocation Failure)  848876K->526284K(1035264K), 0.0048610 secs]
15.475: Total time for which application threads were stopped: 0.0050191 seconds, Stopping threads took: 0.0000178 seconds
15.542: [GC (Allocation Failure)  848844K->530060K(1035776K), 0.0058743 secs]
15.548: Total time for which application threads were stopped: 0.0060475 seconds, Stopping threads took: 0.0000206 seconds
15.614: [GC (Allocation Failure)  853644K->534510K(1035776K), 0.0065576 secs]
15.621: Total time for which application threads were stopped: 0.0067413 seconds, Stopping threads took: 0.0000280 seconds
15.690: [GC (Allocation Failure)  858094K->534350K(1035776K), 0.0046109 secs]
15.695: Total time for which application threads were stopped: 0.0047876 seconds, Stopping threads took: 0.0000278 seconds
15.764: [GC (Allocation Failure)  857934K->533292K(1035776K), 0.0043761 secs]
15.768: Total time for which application threads were stopped: 0.0045343 seconds, Stopping threads took: 0.0000192 seconds
15.837: [GC (Allocation Failure)  856876K->534478K(1036288K), 0.0049331 secs]
15.842: Total time for which application threads were stopped: 0.0051173 seconds, Stopping threads took: 0.0000246 seconds
15.910: [GC (Allocation Failure)  859086K->534318K(1036288K), 0.0048799 secs]
15.915: Total time for which application threads were stopped: 0.0050760 seconds, Stopping threads took: 0.0000205 seconds
15.981: [GC (Allocation Failure)  858926K->526348K(1035264K), 0.0015812 secs]
15.982: Total time for which application threads were stopped: 0.0017157 seconds, Stopping threads took: 0.0000203 seconds
16.052: [GC (Allocation Failure)  849932K->534446K(1031168K), 0.0094418 secs]
16.062: Total time for which application threads were stopped: 0.0096023 seconds, Stopping threads took: 0.0000258 seconds
16.130: [GC (Allocation Failure)  858030K->538422K(1035776K), 0.0062351 secs]
16.136: Total time for which application threads were stopped: 0.0064297 seconds, Stopping threads took: 0.0000197 seconds
16.203: [GC (Allocation Failure)  861494K->534548K(1035264K), 0.0035512 secs]
16.207: Total time for which application threads were stopped: 0.0037121 seconds, Stopping threads took: 0.0000259 seconds
16.276: [GC (Allocation Failure)  857620K->538606K(1035776K), 0.0049657 secs]
16.281: Total time for which application threads were stopped: 0.0051622 seconds, Stopping threads took: 0.0000262 seconds
16.351: [GC (Allocation Failure)  862190K->542574K(1035776K), 0.0045432 secs]
16.356: Total time for which application threads were stopped: 0.0047034 seconds, Stopping threads took: 0.0000198 seconds
16.424: [GC (Allocation Failure)  866158K->542542K(1035776K), 0.0046997 secs]
16.429: Total time for which application threads were stopped: 0.0048668 seconds, Stopping threads took: 0.0000197 seconds
16.495: [GC (Allocation Failure)  866126K->542926K(1023488K), 0.0057189 secs]
16.501: Total time for which application threads were stopped: 0.0058794 seconds, Stopping threads took: 0.0000200 seconds
16.569: [GC (Allocation Failure)  866510K->550609K(1035264K), 0.0046058 secs]
16.573: Total time for which application threads were stopped: 0.0047956 seconds, Stopping threads took: 0.0000203 seconds
16.643: [GC (Allocation Failure)  873169K->550609K(1035264K), 0.0047040 secs]
16.647: Total time for which application threads were stopped: 0.0048778 seconds, Stopping threads took: 0.0000194 seconds
16.716: [GC (Allocation Failure)  873169K->551081K(1034240K), 0.0053673 secs]
16.722: Total time for which application threads were stopped: 0.0055359 seconds, Stopping threads took: 0.0000283 seconds
16.789: [GC (Allocation Failure)  872617K->558699K(1034752K), 0.0048700 secs]
16.794: Total time for which application threads were stopped: 0.0050445 seconds, Stopping threads took: 0.0000197 seconds
16.863: [GC (Allocation Failure)  880235K->558635K(1034752K), 0.0046351 secs]
16.868: Total time for which application threads were stopped: 0.0048150 seconds, Stopping threads took: 0.0000202 seconds
16.934: [GC (Allocation Failure)  880171K->558795K(1034752K), 0.0054720 secs]
16.940: Total time for which application threads were stopped: 0.0056312 seconds, Stopping threads took: 0.0000196 seconds
17.007: [GC (Allocation Failure)  880331K->566701K(1033728K), 0.0047334 secs]
17.012: Total time for which application threads were stopped: 0.0049214 seconds, Stopping threads took: 0.0000195 seconds
17.082: [GC (Allocation Failure)  887213K->566669K(1034240K), 0.0046921 secs]
17.087: Total time for which application threads were stopped: 0.0048462 seconds, Stopping threads took: 0.0000172 seconds
17.153: [GC (Allocation Failure)  887181K->566829K(1034240K), 0.0056060 secs]
17.159: Total time for which application threads were stopped: 0.0058040 seconds, Stopping threads took: 0.0000195 seconds
17.229: [GC (Allocation Failure)  887341K->574671K(1034240K), 0.0047789 secs]
17.233: Total time for which application threads were stopped: 0.0049426 seconds, Stopping threads took: 0.0000259 seconds
17.300: [GC (Allocation Failure)  895183K->574703K(1034240K), 0.0049562 secs]
17.305: Total time for which application threads were stopped: 0.0051500 seconds, Stopping threads took: 0.0000202 seconds
17.373: [GC (Allocation Failure)  895215K->574767K(1020416K), 0.0054499 secs]
17.378: Total time for which application threads were stopped: 0.0056057 seconds, Stopping threads took: 0.0000169 seconds
17.445: [GC (Allocation Failure)  895279K->582770K(1033728K), 0.0045862 secs]
17.450: Total time for which application threads were stopped: 0.0047786 seconds, Stopping threads took: 0.0000191 seconds
17.518: [GC (Allocation Failure)  902258K->582738K(1033728K), 0.0047935 secs]
17.523: Total time for which application threads were stopped: 0.0049425 seconds, Stopping threads took: 0.0000177 seconds
17.587: [GC (Allocation Failure)  902226K->582994K(1033728K), 0.0055900 secs]
17.593: Total time for which application threads were stopped: 0.0057399 seconds, Stopping threads took: 0.0000199 seconds
17.659: [GC (Allocation Failure)  902482K->590804K(1033728K), 0.0046952 secs]
17.664: Total time for which application threads were stopped: 0.0048695 seconds, Stopping threads took: 0.0000197 seconds
17.732: [GC (Allocation Failure)  910292K->590772K(1033728K), 0.0048451 secs]
17.737: Total time for which application threads were stopped: 0.0050329 seconds, Stopping threads took: 0.0000194 seconds
17.802: [GC (Allocation Failure)  910260K->590988K(1033728K), 0.0055285 secs]
17.808: Total time for which application threads were stopped: 0.0056932 seconds, Stopping threads took: 0.0000277 seconds
17.875: [GC (Allocation Failure)  910476K->598798K(1033728K), 0.0048966 secs]
17.880: Total time for which application threads were stopped: 0.0050764 seconds, Stopping threads took: 0.0000279 seconds
17.945: [GC (Allocation Failure)  918286K->594860K(1033728K), 0.0040448 secs]
17.949: Total time for which application threads were stopped: 0.0042235 seconds, Stopping threads took: 0.0000168 seconds
18.017: [GC (Allocation Failure)  914348K->598958K(1034752K), 0.0052071 secs]
18.023: Total time for which application threads were stopped: 0.0053683 seconds, Stopping threads took: 0.0000189 seconds
18.091: [GC (Allocation Failure)  919982K->602926K(1034240K), 0.0047206 secs]
18.096: Total time for which application threads were stopped: 0.0048916 seconds, Stopping threads took: 0.0000205 seconds
18.164: [GC (Allocation Failure)  923950K->597164K(1034752K), 0.0028431 secs]
18.167: Total time for which application threads were stopped: 0.0030059 seconds, Stopping threads took: 0.0000269 seconds
18.237: [GC (Allocation Failure)  918700K->602982K(1034752K), 0.0049322 secs]
18.242: Total time for which application threads were stopped: 0.0050942 seconds, Stopping threads took: 0.0000258 seconds
18.308: [GC (Allocation Failure)  924518K->607086K(1035264K), 0.0053405 secs]
18.313: Total time for which application threads were stopped: 0.0054991 seconds, Stopping threads took: 0.0000204 seconds
18.381: [GC (Allocation Failure)  929384K->603148K(1035264K), 0.0037097 secs]
18.385: Total time for which application threads were stopped: 0.0038676 seconds, Stopping threads took: 0.0000202 seconds
18.453: [GC (Allocation Failure)  925708K->607214K(1036288K), 0.0052061 secs]
18.459: Total time for which application threads were stopped: 0.0053851 seconds, Stopping threads took: 0.0000205 seconds
18.527: [GC (Allocation Failure)  931310K->611182K(1035776K), 0.0048889 secs]
18.532: Total time for which application threads were stopped: 0.0050491 seconds, Stopping threads took: 0.0000214 seconds
18.597: [GC (Allocation Failure)  935278K->611182K(1035776K), 0.0047654 secs]
18.601: Total time for which application threads were stopped: 0.0049156 seconds, Stopping threads took: 0.0000196 seconds
18.666: [GC (Allocation Failure)  934766K->611278K(1023488K), 0.0056905 secs]
18.672: Total time for which application threads were stopped: 0.0058325 seconds, Stopping threads took: 0.0000195 seconds
18.737: [GC (Allocation Failure)  934862K->619216K(1035264K), 0.0046215 secs]
18.742: Total time for which application threads were stopped: 0.0047917 seconds, Stopping threads took: 0.0000274 seconds
18.810: [GC (Allocation Failure)  941776K->619280K(1030144K), 0.0047402 secs]
18.815: Total time for which application threads were stopped: 0.0048933 seconds, Stopping threads took: 0.0000196 seconds
18.880: [GC (Allocation Failure)  941840K->619272K(1034752K), 0.0057361 secs]
18.886: Total time for which application threads were stopped: 0.0058820 seconds, Stopping threads took: 0.0000208 seconds
18.950: [GC (Allocation Failure)  940808K->627275K(1029120K), 0.0048151 secs]
18.955: Total time for which application threads were stopped: 0.0049632 seconds, Stopping threads took: 0.0000265 seconds
19.018: [GC (Allocation Failure)  948811K->627275K(1034240K), 0.0046540 secs]
19.022: Total time for which application threads were stopped: 0.0048110 seconds, Stopping threads took: 0.0000277 seconds
19.090: [GC (Allocation Failure)  947787K->627499K(1034240K), 0.0056962 secs]
19.096: Total time for which application threads were stopped: 0.0058526 seconds, Stopping threads took: 0.0000176 seconds
19.163: [GC (Allocation Failure)  948011K->635309K(1034240K), 0.0051535 secs]
19.168: Total time for which application threads were stopped: 0.0053220 seconds, Stopping threads took: 0.0000201 seconds
19.236: [GC (Allocation Failure)  955821K->635277K(1028096K), 0.0044620 secs]
19.241: Total time for which application threads were stopped: 0.0046510 seconds, Stopping threads took: 0.0000260 seconds
19.308: [GC (Allocation Failure)  955789K->635717K(1033728K), 0.0056536 secs]
19.313: Total time for which application threads were stopped: 0.0057955 seconds, Stopping threads took: 0.0000171 seconds
19.379: [GC (Allocation Failure)  955205K->643335K(1033728K), 0.0047381 secs]
19.384: Total time for which application threads were stopped: 0.0048676 seconds, Stopping threads took: 0.0000164 seconds
19.449: [GC (Allocation Failure)  962823K->643303K(1033728K), 0.0048446 secs]
19.453: Total time for which application threads were stopped: 0.0050026 seconds, Stopping threads took: 0.0000195 seconds
19.515: [GC (Allocation Failure)  962791K->643431K(1033728K), 0.0056820 secs]
19.521: Total time for which application threads were stopped: 0.0058260 seconds, Stopping threads took: 0.0000197 seconds
19.587: [GC (Allocation Failure)  962919K->651370K(1033728K), 0.0048571 secs]
19.592: Total time for which application threads were stopped: 0.0050365 seconds, Stopping threads took: 0.0000203 seconds
19.658: [GC (Allocation Failure)  970858K->651338K(1033728K), 0.0047069 secs]
19.663: Total time for which application threads were stopped: 0.0048821 seconds, Stopping threads took: 0.0000250 seconds
19.728: [GC (Allocation Failure)  970826K->651402K(1033728K), 0.0056023 secs]
19.733: Total time for which application threads were stopped: 0.0058706 seconds, Stopping threads took: 0.0000195 seconds
19.799: [GC (Allocation Failure)  970890K->659372K(1027072K), 0.0048610 secs]
19.804: Total time for which application threads were stopped: 0.0050156 seconds, Stopping threads took: 0.0000193 seconds
19.866: [GC (Allocation Failure)  978859K->655466K(1034240K), 0.0039839 secs]
19.870: Total time for which application threads were stopped: 0.0041169 seconds, Stopping threads took: 0.0000189 seconds
19.934: [GC (Allocation Failure)  974954K->659532K(1033216K), 0.0051235 secs]
19.940: Total time for which application threads were stopped: 0.0052623 seconds, Stopping threads took: 0.0000189 seconds
20.003: [GC (Allocation Failure)  979020K->663500K(1034752K), 0.0048048 secs]
20.008: Total time for which application threads were stopped: 0.0049526 seconds, Stopping threads took: 0.0000188 seconds
20.075: [GC (Allocation Failure)  985036K->656714K(1034752K), 0.0024391 secs]
20.077: Total time for which application threads were stopped: 0.0025943 seconds, Stopping threads took: 0.0000192 seconds
20.144: [GC (Allocation Failure)  978250K->663572K(1034752K), 0.0047989 secs]
20.149: Total time for which application threads were stopped: 0.0049909 seconds, Stopping threads took: 0.0000196 seconds
20.217: [GC (Allocation Failure)  985108K->667684K(1034752K), 0.0057513 secs]
20.222: Total time for which application threads were stopped: 0.0059557 seconds, Stopping threads took: 0.0000263 seconds
20.289: [GC (Allocation Failure)  989220K->662114K(1034752K), 0.0029274 secs]
20.292: Total time for which application threads were stopped: 0.0030706 seconds, Stopping threads took: 0.0000174 seconds
20.362: [GC (Allocation Failure)  983650K->667916K(1034752K), 0.0054082 secs]
20.367: Total time for which application threads were stopped: 0.0055739 seconds, Stopping threads took: 0.0000190 seconds
20.435: [GC (Allocation Failure)  989452K->671820K(1035264K), 0.0054379 secs]
20.440: Total time for which application threads were stopped: 0.0056011 seconds, Stopping threads took: 0.0000191 seconds
20.507: [GC (Allocation Failure)  994308K->667914K(1035264K), 0.0038583 secs]
20.511: Total time for which application threads were stopped: 0.0040144 seconds, Stopping threads took: 0.0000195 seconds
20.579: [GC (Allocation Failure)  990474K->671948K(1036288K), 0.0051507 secs]
20.584: Total time for which application threads were stopped: 0.0053176 seconds, Stopping threads took: 0.0000199 seconds
20.652: [GC (Allocation Failure)  996044K->675948K(1035776K), 0.0049542 secs]
20.657: Total time for which application threads were stopped: 0.0051291 seconds, Stopping threads took: 0.0000195 seconds
20.726: [GC (Allocation Failure)  1000044K->675916K(1035776K), 0.0056695 secs]
20.732: Total time for which application threads were stopped: 0.0058477 seconds, Stopping threads took: 0.0000263 seconds
20.800: [GC (Allocation Failure)  999500K->675980K(1023488K), 0.0064802 secs]
20.807: Total time for which application threads were stopped: 0.0066384 seconds, Stopping threads took: 0.0000195 seconds
20.873: [GC (Allocation Failure)  999564K->683950K(1035264K), 0.0076423 secs]
20.881: Total time for which application threads were stopped: 0.0078222 seconds, Stopping threads took: 0.0000205 seconds
20.952: [GC (Allocation Failure)  1006510K->683950K(1030144K), 0.0063206 secs]
20.958: Total time for which application threads were stopped: 0.0064994 seconds, Stopping threads took: 0.0000204 seconds
21.026: [GC (Allocation Failure)  1006510K->684014K(1034752K), 0.0059580 secs]
21.033: Total time for which application threads were stopped: 0.0061318 seconds, Stopping threads took: 0.0000226 seconds
21.101: [GC (Allocation Failure)  1005550K->691984K(1034752K), 0.0049769 secs]
21.106: Total time for which application threads were stopped: 0.0051548 seconds, Stopping threads took: 0.0000201 seconds
21.175: [GC (Allocation Failure)  1013520K->692016K(1033728K), 0.0049848 secs]
21.180: Total time for which application threads were stopped: 0.0051460 seconds, Stopping threads took: 0.0000206 seconds
21.248: [GC (Allocation Failure)  1012528K->692232K(1034240K), 0.0057002 secs]
21.253: [Full GC (Ergonomics)  692232K->8704K(1034240K), 0.0169384 secs]
21.270: Total time for which application threads were stopped: 0.0228982 seconds, Stopping threads took: 0.0000281 seconds
21.339: [GC (Allocation Failure)  329216K->17602K(1033216K), 0.0035844 secs]
21.343: Total time for which application threads were stopped: 0.0037414 seconds, Stopping threads took: 0.0000204 seconds
21.412: [GC (Allocation Failure)  337090K->17618K(1033728K), 0.0039241 secs]
21.416: Total time for which application threads were stopped: 0.0040987 seconds, Stopping threads took: 0.0000190 seconds
21.482: [GC (Allocation Failure)  337106K->18058K(1033728K), 0.0037920 secs]
21.486: Total time for which application threads were stopped: 0.0039507 seconds, Stopping threads took: 0.0000203 seconds
21.551: [GC (Allocation Failure)  337546K->25677K(1033728K), 0.0037432 secs]
21.555: Total time for which application threads were stopped: 0.0038795 seconds, Stopping threads took: 0.0000194 seconds
21.619: [GC (Allocation Failure)  345165K->25645K(1033728K), 0.0037176 secs]
21.623: Total time for which application threads were stopped: 0.0038802 seconds, Stopping threads took: 0.0000196 seconds
21.685: [GC (Allocation Failure)  345133K->25765K(1033728K), 0.0036186 secs]
21.688: Total time for which application threads were stopped: 0.0037578 seconds, Stopping threads took: 0.0000276 seconds
21.753: [GC (Allocation Failure)  345253K->33703K(1032704K), 0.0034125 secs]
21.756: Total time for which application threads were stopped: 0.0035408 seconds, Stopping threads took: 0.0000245 seconds
21.818: [GC (Allocation Failure)  352165K->29765K(1033216K), 0.0035400 secs]
21.821: Total time for which application threads were stopped: 0.0036684 seconds, Stopping threads took: 0.0000193 seconds
21.883: [GC (Allocation Failure)  348229K->33831K(1034752K), 0.0038383 secs]
21.887: Total time for which application threads were stopped: 0.0039940 seconds, Stopping threads took: 0.0000243 seconds
21.952: [GC (Allocation Failure)  354855K->37799K(1034240K), 0.0035313 secs]
21.956: Total time for which application threads were stopped: 0.0036690 seconds, Stopping threads took: 0.0000189 seconds
22.019: [GC (Allocation Failure)  358823K->31013K(1034752K), 0.0010859 secs]
22.020: Total time for which application threads were stopped: 0.0012151 seconds, Stopping threads took: 0.0000191 seconds
22.086: [GC (Allocation Failure)  352549K->37839K(1034752K), 0.0035476 secs]
22.089: Total time for which application threads were stopped: 0.0036808 seconds, Stopping threads took: 0.0000195 seconds
22.154: [GC (Allocation Failure)  359375K->41951K(1034752K), 0.0045909 secs]
22.159: Total time for which application threads were stopped: 0.0047223 seconds, Stopping threads took: 0.0000200 seconds
22.221: [GC (Allocation Failure)  363487K->36413K(1034752K), 0.0016234 secs]
22.222: Total time for which application threads were stopped: 0.0017467 seconds, Stopping threads took: 0.0000190 seconds
22.288: [GC (Allocation Failure)  357949K->42263K(1035776K), 0.0035491 secs]
22.292: Total time for which application threads were stopped: 0.0036720 seconds, Stopping threads took: 0.0000164 seconds
22.356: [GC (Allocation Failure)  364823K->46103K(1034752K), 0.0040354 secs]
22.360: Total time for which application threads were stopped: 0.0041677 seconds, Stopping threads took: 0.0000199 seconds
22.422: [GC (Allocation Failure)  368591K->42197K(1035776K), 0.0025557 secs]
22.425: Total time for which application threads were stopped: 0.0026862 seconds, Stopping threads took: 0.0000198 seconds
22.492: [GC (Allocation Failure)  365269K->46263K(1035264K), 0.0037175 secs]
22.496: Total time for which application threads were stopped: 0.0038466 seconds, Stopping threads took: 0.0000185 seconds
22.560: [GC (Allocation Failure)  369335K->50263K(1035264K), 0.0036790 secs]
22.564: Total time for which application threads were stopped: 0.0038265 seconds, Stopping threads took: 0.0000248 seconds
22.630: [GC (Allocation Failure)  373847K->50231K(1035776K), 0.0035211 secs]
22.633: Total time for which application threads were stopped: 0.0036517 seconds, Stopping threads took: 0.0000192 seconds
22.696: [GC (Allocation Failure)  373815K->50303K(1034752K), 0.0036895 secs]
22.700: Total time for which application threads were stopped: 0.0038407 seconds, Stopping threads took: 0.0000235 seconds
22.765: [GC (Allocation Failure)  372863K->58305K(1035264K), 0.0045782 secs]
22.770: Total time for which application threads were stopped: 0.0047084 seconds, Stopping threads took: 0.0000188 seconds
22.835: [GC (Allocation Failure)  380865K->58241K(1034240K), 0.0034318 secs]
22.838: Total time for which application threads were stopped: 0.0035709 seconds, Stopping threads took: 0.0000214 seconds
22.899: [GC (Allocation Failure)  379777K->58345K(1034752K), 0.0035353 secs]
22.903: Total time for which application threads were stopped: 0.0036603 seconds, Stopping threads took: 0.0000190 seconds
22.968: [GC (Allocation Failure)  379881K->66315K(1034752K), 0.0035516 secs]
22.972: Total time for which application threads were stopped: 0.0036770 seconds, Stopping threads took: 0.0000168 seconds
23.036: [GC (Allocation Failure)  387851K->66347K(1029120K), 0.0076040 secs]
23.043: Total time for which application threads were stopped: 0.0077313 seconds, Stopping threads took: 0.0000181 seconds
23.107: [GC (Allocation Failure)  387883K->66571K(1034240K), 0.0035247 secs]
23.110: Total time for which application threads were stopped: 0.0036424 seconds, Stopping threads took: 0.0000193 seconds
23.175: [GC (Allocation Failure)  387083K->74350K(1034240K), 0.0035848 secs]
23.179: Total time for which application threads were stopped: 0.0036984 seconds, Stopping threads took: 0.0000158 seconds
23.245: [GC (Allocation Failure)  394862K->74350K(1034240K), 0.0035699 secs]
23.249: Total time for which application threads were stopped: 0.0037112 seconds, Stopping threads took: 0.0000252 seconds
23.313: [GC (Allocation Failure)  394862K->74790K(1034240K), 0.0037187 secs]
23.316: Total time for which application threads were stopped: 0.0038778 seconds, Stopping threads took: 0.0000181 seconds
23.380: [GC (Allocation Failure)  395302K->82376K(1033216K), 0.0035692 secs]
23.383: Total time for which application threads were stopped: 0.0037157 seconds, Stopping threads took: 0.0000235 seconds
23.448: [GC (Allocation Failure)  401864K->82376K(1033728K), 0.0053795 secs]
23.454: Total time for which application threads were stopped: 0.0055246 seconds, Stopping threads took: 0.0000185 seconds
23.515: [GC (Allocation Failure)  401864K->82504K(1033728K), 0.0037111 secs]
23.518: Total time for which application threads were stopped: 0.0038471 seconds, Stopping threads took: 0.0000185 seconds
23.582: [GC (Allocation Failure)  401992K->90410K(1033728K), 0.0035079 secs]
23.585: Total time for which application threads were stopped: 0.0036445 seconds, Stopping threads took: 0.0000201 seconds
23.649: [GC (Allocation Failure)  409898K->90410K(1033728K), 0.0036119 secs]
23.653: Total time for which application threads were stopped: 0.0037703 seconds, Stopping threads took: 0.0000235 seconds
23.715: [GC (Allocation Failure)  409898K->90474K(1033728K), 0.0036344 secs]
23.719: Total time for which application threads were stopped: 0.0037732 seconds, Stopping threads took: 0.0000251 seconds
23.784: [GC (Allocation Failure)  409962K->98445K(1032704K), 0.0035741 secs]
23.787: Total time for which application threads were stopped: 0.0037041 seconds, Stopping threads took: 0.0000188 seconds
23.850: [GC (Allocation Failure)  416909K->92874K(1033216K), 0.0017742 secs]
23.852: Total time for which application threads were stopped: 0.0018965 seconds, Stopping threads took: 0.0000187 seconds
23.917: [GC (Allocation Failure)  411338K->98701K(1034752K), 0.0035723 secs]
23.921: Total time for which application threads were stopped: 0.0036953 seconds, Stopping threads took: 0.0000186 seconds
23.984: [GC (Allocation Failure)  419213K->102589K(1033728K), 0.0041065 secs]
23.988: Total time for which application threads were stopped: 0.0042295 seconds, Stopping threads took: 0.0000185 seconds
24.053: [GC (Allocation Failure)  423101K->109482K(1029120K), 0.0086085 secs]
24.062: Total time for which application threads were stopped: 0.0087467 seconds, Stopping threads took: 0.0000236 seconds
24.126: [GC (Allocation Failure)  424874K->103373K(1031680K), 0.0038868 secs]
24.130: Total time for which application threads were stopped: 0.0040340 seconds, Stopping threads took: 0.0000191 seconds
24.191: [GC (Allocation Failure)  418765K->103245K(1032704K), 0.0036573 secs]
24.195: Total time for which application threads were stopped: 0.0037930 seconds, Stopping threads took: 0.0000173 seconds
24.255: [GC (Allocation Failure)  420173K->106637K(1032192K), 0.0044724 secs]
24.259: Total time for which application threads were stopped: 0.0046015 seconds, Stopping threads took: 0.0000188 seconds
24.324: [GC (Allocation Failure)  423565K->111375K(1033216K), 0.0037174 secs]
24.328: Total time for which application threads were stopped: 0.0038440 seconds, Stopping threads took: 0.0000181 seconds
24.391: [GC (Allocation Failure)  429327K->111247K(1032704K), 0.0037251 secs]
24.395: Total time for which application threads were stopped: 0.0038497 seconds, Stopping threads took: 0.0000177 seconds
24.459: [GC (Allocation Failure)  429199K->112295K(1033216K), 0.0039461 secs]
24.463: Total time for which application threads were stopped: 0.0040860 seconds, Stopping threads took: 0.0000194 seconds
24.527: [GC (Allocation Failure)  430759K->119273K(1033216K), 0.0038836 secs]
24.531: Total time for which application threads were stopped: 0.0040325 seconds, Stopping threads took: 0.0000236 seconds
24.594: [GC (Allocation Failure)  437737K->119273K(1033728K), 0.0036007 secs]
24.598: Total time for which application threads were stopped: 0.0037479 seconds, Stopping threads took: 0.0000240 seconds
24.662: [GC (Allocation Failure)  438249K->120969K(1033216K), 0.0039560 secs]
24.666: Total time for which application threads were stopped: 0.0040863 seconds, Stopping threads took: 0.0000187 seconds
24.729: [GC (Allocation Failure)  439945K->127371K(1033728K), 0.0035181 secs]
24.733: Total time for which application threads were stopped: 0.0036589 seconds, Stopping threads took: 0.0000263 seconds
24.797: [GC (Allocation Failure)  446859K->127275K(1033728K), 0.0039265 secs]
24.801: Total time for which application threads were stopped: 0.0040684 seconds, Stopping threads took: 0.0000182 seconds
24.865: [GC (Allocation Failure)  446763K->127659K(1033728K), 0.0038320 secs]
24.868: Total time for which application threads were stopped: 0.0039822 seconds, Stopping threads took: 0.0000239 seconds
24.932: [GC (Allocation Failure)  447147K->135342K(1033728K), 0.0039407 secs]
24.936: Total time for which application threads were stopped: 0.0040681 seconds, Stopping threads took: 0.0000175 seconds
24.999: [GC (Allocation Failure)  454830K->135310K(1033728K), 0.0036428 secs]
25.003: Total time for which application threads were stopped: 0.0037974 seconds, Stopping threads took: 0.0000242 seconds
25.067: [GC (Allocation Failure)  454798K->138990K(1033728K), 0.0045858 secs]
25.071: Total time for which application threads were stopped: 0.0047093 seconds, Stopping threads took: 0.0000166 seconds
25.137: [GC (Allocation Failure)  458478K->143440K(1034240K), 0.0039157 secs]
25.141: Total time for which application threads were stopped: 0.0040517 seconds, Stopping threads took: 0.0000166 seconds
25.206: [GC (Allocation Failure)  463952K->143408K(1034240K), 0.0037368 secs]
25.210: Total time for which application threads were stopped: 0.0038669 seconds, Stopping threads took: 0.0000194 seconds
25.274: [GC (Allocation Failure)  463920K->144104K(1034240K), 0.0038030 secs]
25.278: Total time for which application threads were stopped: 0.0039348 seconds, Stopping threads took: 0.0000194 seconds
25.345: [GC (Allocation Failure)  464616K->151402K(1034240K), 0.0037665 secs]
25.349: Total time for which application threads were stopped: 0.0038934 seconds, Stopping threads took: 0.0000181 seconds
25.412: [GC (Allocation Failure)  471914K->151402K(1034240K), 0.0036519 secs]
25.416: Total time for which application threads were stopped: 0.0037909 seconds, Stopping threads took: 0.0000179 seconds
25.479: [GC (Allocation Failure)  471914K->152362K(1034240K), 0.0038503 secs]
25.483: Total time for which application threads were stopped: 0.0039777 seconds, Stopping threads took: 0.0000184 seconds
25.548: [GC (Allocation Failure)  472874K->159436K(1034240K), 0.0039293 secs]
25.552: Total time for which application threads were stopped: 0.0040544 seconds, Stopping threads took: 0.0000179 seconds
25.616: [GC (Allocation Failure)  479948K->159436K(1034240K), 0.0038082 secs]
25.619: Total time for which application threads were stopped: 0.0039691 seconds, Stopping threads took: 0.0000235 seconds
25.684: [GC (Allocation Failure)  479948K->160588K(1034240K), 0.0039552 secs]
25.688: Total time for which application threads were stopped: 0.0040939 seconds, Stopping threads took: 0.0000272 seconds
25.754: [GC (Allocation Failure)  481100K->167503K(1034240K), 0.0038266 secs]
25.758: Total time for which application threads were stopped: 0.0039505 seconds, Stopping threads took: 0.0000156 seconds
25.823: [GC (Allocation Failure)  488015K->167471K(1034240K), 0.0037301 secs]
25.826: Total time for which application threads were stopped: 0.0038582 seconds, Stopping threads took: 0.0000188 seconds
25.889: [GC (Allocation Failure)  487983K->167783K(1020416K), 0.0038563 secs]
25.893: Total time for which application threads were stopped: 0.0039857 seconds, Stopping threads took: 0.0000187 seconds
25.956: [GC (Allocation Failure)  488295K->175561K(1033728K), 0.0040083 secs]
25.960: Total time for which application threads were stopped: 0.0041518 seconds, Stopping threads took: 0.0000178 seconds
26.023: [GC (Allocation Failure)  495049K->175465K(1033728K), 0.0038437 secs]
26.026: Total time for which application threads were stopped: 0.0039837 seconds, Stopping threads took: 0.0000176 seconds
26.095: [GC (Allocation Failure)  494953K->176041K(1033728K), 0.0041020 secs]
26.099: Total time for which application threads were stopped: 0.0042510 seconds, Stopping threads took: 0.0000181 seconds
26.165: [GC (Allocation Failure)  495529K->183595K(1033728K), 0.0040856 secs]
26.170: Total time for which application threads were stopped: 0.0042520 seconds, Stopping threads took: 0.0000211 seconds
26.236: [GC (Allocation Failure)  503083K->183499K(1033728K), 0.0045554 secs]
26.241: Total time for which application threads were stopped: 0.0047375 seconds, Stopping threads took: 0.0000278 seconds
26.305: [GC (Allocation Failure)  502987K->184299K(1033728K), 0.0040255 secs]
26.309: Total time for which application threads were stopped: 0.0041772 seconds, Stopping threads took: 0.0000295 seconds
26.375: [GC (Allocation Failure)  503787K->191565K(1033728K), 0.0039372 secs]
26.379: Total time for which application threads were stopped: 0.0041082 seconds, Stopping threads took: 0.0000213 seconds
26.445: [GC (Allocation Failure)  511053K->191565K(1033728K), 0.0041142 secs]
26.450: Total time for which application threads were stopped: 0.0042848 seconds, Stopping threads took: 0.0000202 seconds
26.513: [GC (Allocation Failure)  511053K->193581K(1033728K), 0.0043444 secs]
26.518: Total time for which application threads were stopped: 0.0044779 seconds, Stopping threads took: 0.0000205 seconds
26.584: [GC (Allocation Failure)  513069K->199632K(1033728K), 0.0037821 secs]
26.588: Total time for which application threads were stopped: 0.0039129 seconds, Stopping threads took: 0.0000195 seconds
26.653: [GC (Allocation Failure)  519120K->199600K(1033728K), 0.0038444 secs]
26.657: Total time for which application threads were stopped: 0.0039722 seconds, Stopping threads took: 0.0000192 seconds
26.719: [GC (Allocation Failure)  519088K->200712K(1033728K), 0.0040492 secs]
26.723: Total time for which application threads were stopped: 0.0041871 seconds, Stopping threads took: 0.0000254 seconds
26.786: [GC (Allocation Failure)  520200K->207626K(1033728K), 0.0038321 secs]
26.790: Total time for which application threads were stopped: 0.0039883 seconds, Stopping threads took: 0.0000273 seconds
26.855: [GC (Allocation Failure)  527114K->207626K(1033728K), 0.0037716 secs]
26.859: Total time for which application threads were stopped: 0.0038821 seconds, Stopping threads took: 0.0000153 seconds
26.920: [GC (Allocation Failure)  527114K->207978K(1033728K), 0.0039972 secs]
26.924: Total time for which application threads were stopped: 0.0041360 seconds, Stopping threads took: 0.0000184 seconds
26.989: [GC (Allocation Failure)  527466K->215692K(1033728K), 0.0039581 secs]
26.993: Total time for which application threads were stopped: 0.0040877 seconds, Stopping threads took: 0.0000194 seconds
27.060: [GC (Allocation Failure)  535180K->215660K(1033728K), 0.0045819 secs]
27.065: Total time for which application threads were stopped: 0.0047360 seconds, Stopping threads took: 0.0000279 seconds
27.129: [GC (Allocation Failure)  535148K->216204K(1033728K), 0.0039551 secs]
27.133: Total time for which application threads were stopped: 0.0040816 seconds, Stopping threads took: 0.0000165 seconds
27.198: [GC (Allocation Failure)  535692K->223726K(1033728K), 0.0038448 secs]
27.202: Total time for which application threads were stopped: 0.0039604 seconds, Stopping threads took: 0.0000163 seconds
27.267: [GC (Allocation Failure)  543214K->223694K(1033728K), 0.0039917 secs]
27.271: Total time for which application threads were stopped: 0.0041267 seconds, Stopping threads took: 0.0000265 seconds
27.333: [GC (Allocation Failure)  543182K->224422K(1033728K), 0.0041174 secs]
27.338: Total time for which application threads were stopped: 0.0042629 seconds, Stopping threads took: 0.0000240 seconds
27.401: [GC (Allocation Failure)  543910K->231753K(1033728K), 0.0038622 secs]
27.405: Total time for which application threads were stopped: 0.0040110 seconds, Stopping threads took: 0.0000185 seconds
27.469: [GC (Allocation Failure)  551241K->231721K(1033728K), 0.0039432 secs]
27.473: Total time for which application threads were stopped: 0.0040906 seconds, Stopping threads took: 0.0000265 seconds
27.536: [GC (Allocation Failure)  551209K->232649K(1033728K), 0.0041283 secs]
27.541: Total time for which application threads were stopped: 0.0042918 seconds, Stopping threads took: 0.0000187 seconds
27.605: [GC (Allocation Failure)  552137K->239787K(1033728K), 0.0039675 secs]
27.609: Total time for which application threads were stopped: 0.0040833 seconds, Stopping threads took: 0.0000158 seconds
27.672: [GC (Allocation Failure)  559275K->239723K(1033728K), 0.0037930 secs]
27.676: Total time for which application threads were stopped: 0.0039319 seconds, Stopping threads took: 0.0000228 seconds
27.740: [GC (Allocation Failure)  559211K->239851K(1033728K), 0.0039827 secs]
27.744: Total time for which application threads were stopped: 0.0041186 seconds, Stopping threads took: 0.0000188 seconds
27.809: [GC (Allocation Failure)  559339K->247789K(1027072K), 0.0039030 secs]
27.813: Total time for which application threads were stopped: 0.0040270 seconds, Stopping threads took: 0.0000153 seconds
27.877: [GC (Allocation Failure)  567277K->247789K(1033216K), 0.0040945 secs]
27.881: Total time for which application threads were stopped: 0.0042235 seconds, Stopping threads took: 0.0000179 seconds
27.944: [GC (Allocation Failure)  566253K->248077K(1033216K), 0.0041007 secs]
27.949: Total time for which application threads were stopped: 0.0042321 seconds, Stopping threads took: 0.0000188 seconds
28.013: [GC (Allocation Failure)  566541K->255824K(1033216K), 0.0039582 secs]
28.017: Total time for which application threads were stopped: 0.0040884 seconds, Stopping threads took: 0.0000186 seconds
28.080: [GC (Allocation Failure)  574288K->255856K(1033216K), 0.0040689 secs]
28.084: Total time for which application threads were stopped: 0.0041990 seconds, Stopping threads took: 0.0000179 seconds
28.144: [GC (Allocation Failure)  574320K->256360K(1033216K), 0.0040130 secs]
28.149: Total time for which application threads were stopped: 0.0041630 seconds, Stopping threads took: 0.0000293 seconds
28.210: [GC (Allocation Failure)  574824K->263850K(1033216K), 0.0041393 secs]
28.214: Total time for which application threads were stopped: 0.0042668 seconds, Stopping threads took: 0.0000180 seconds
28.278: [GC (Allocation Failure)  582314K->263850K(1033216K), 0.0038494 secs]
28.282: Total time for which application threads were stopped: 0.0039904 seconds, Stopping threads took: 0.0000259 seconds
28.344: [GC (Allocation Failure)  582314K->264042K(1033216K), 0.0039726 secs]
28.348: Total time for which application threads were stopped: 0.0040995 seconds, Stopping threads took: 0.0000176 seconds
28.410: [GC (Allocation Failure)  582506K->271916K(1033216K), 0.0039615 secs]
28.414: Total time for which application threads were stopped: 0.0041076 seconds, Stopping threads took: 0.0000372 seconds
28.475: [GC (Allocation Failure)  590380K->271916K(1033216K), 0.0040992 secs]
28.480: Total time for which application threads were stopped: 0.0042380 seconds, Stopping threads took: 0.0000206 seconds
28.544: [GC (Allocation Failure)  590380K->272044K(1033216K), 0.0042075 secs]
28.548: Total time for which application threads were stopped: 0.0043456 seconds, Stopping threads took: 0.0000191 seconds
28.612: [GC (Allocation Failure)  590508K->279918K(1033216K), 0.0040463 secs]
28.616: Total time for which application threads were stopped: 0.0041817 seconds, Stopping threads took: 0.0000187 seconds
28.679: [GC (Allocation Failure)  598382K->279918K(1033216K), 0.0040823 secs]
28.683: Total time for which application threads were stopped: 0.0041985 seconds, Stopping threads took: 0.0000160 seconds
28.744: [GC (Allocation Failure)  598382K->280006K(1033216K), 0.0039850 secs]
28.748: Total time for which application threads were stopped: 0.0041303 seconds, Stopping threads took: 0.0000254 seconds
28.813: [GC (Allocation Failure)  598470K->287945K(1033216K), 0.0040605 secs]
28.817: Total time for which application threads were stopped: 0.0042111 seconds, Stopping threads took: 0.0000240 seconds
28.879: [GC (Allocation Failure)  606409K->287945K(1033216K), 0.0040371 secs]
28.883: Total time for which application threads were stopped: 0.0041742 seconds, Stopping threads took: 0.0000262 seconds
28.943: [GC (Allocation Failure)  606409K->288233K(1033216K), 0.0040967 secs]
28.948: Total time for which application threads were stopped: 0.0042226 seconds, Stopping threads took: 0.0000176 seconds
29.009: [GC (Allocation Failure)  606697K->296011K(1033216K), 0.0040936 secs]
29.013: Total time for which application threads were stopped: 0.0042228 seconds, Stopping threads took: 0.0000190 seconds
29.078: [GC (Allocation Failure)  614475K->295979K(1033216K), 0.0040674 secs]
29.082: Total time for which application threads were stopped: 0.0042210 seconds, Stopping threads took: 0.0000175 seconds
29.143: [GC (Allocation Failure)  614443K->296235K(1033216K), 0.0050820 secs]
29.148: Total time for which application threads were stopped: 0.0052318 seconds, Stopping threads took: 0.0000278 seconds
29.210: [GC (Allocation Failure)  614699K->304045K(1033216K), 0.0041420 secs]
29.214: Total time for which application threads were stopped: 0.0042734 seconds, Stopping threads took: 0.0000208 seconds
29.278: [GC (Allocation Failure)  622509K->300139K(1033216K), 0.0031834 secs]
29.281: Total time for which application threads were stopped: 0.0033092 seconds, Stopping threads took: 0.0000235 seconds
29.344: [GC (Allocation Failure)  618603K->304173K(1034752K), 0.0040654 secs]
29.348: Total time for which application threads were stopped: 0.0042000 seconds, Stopping threads took: 0.0000240 seconds
29.412: [GC (Allocation Failure)  624685K->308141K(1033728K), 0.0039404 secs]
29.416: Total time for which application threads were stopped: 0.0040688 seconds, Stopping threads took: 0.0000187 seconds
29.479: [GC (Allocation Failure)  628653K->300331K(1034240K), 0.0011930 secs]
29.480: Total time for which application threads were stopped: 0.0013228 seconds, Stopping threads took: 0.0000193 seconds
29.544: [GC (Allocation Failure)  620843K->308205K(1034240K), 0.0041292 secs]
29.548: Total time for which application threads were stopped: 0.0042764 seconds, Stopping threads took: 0.0000234 seconds
29.611: [GC (Allocation Failure)  628717K->312285K(1033216K), 0.0056023 secs]
29.617: Total time for which application threads were stopped: 0.0057485 seconds, Stopping threads took: 0.0000240 seconds
29.681: [GC (Allocation Failure)  631773K->318011K(1032704K), 0.0066539 secs]
29.688: Total time for which application threads were stopped: 0.0067866 seconds, Stopping threads took: 0.0000194 seconds
29.750: [GC (Allocation Failure)  637499K->312509K(1031680K), 0.0039779 secs]
29.754: Total time for which application threads were stopped: 0.0041343 seconds, Stopping threads took: 0.0000183 seconds
29.819: [GC (Allocation Failure)  628925K->312285K(1032192K), 0.0039848 secs]
29.823: Total time for which application threads were stopped: 0.0041325 seconds, Stopping threads took: 0.0000191 seconds
29.886: [GC (Allocation Failure)  628701K->306939K(1032704K), 0.0020718 secs]
29.888: Total time for which application threads were stopped: 0.0022010 seconds, Stopping threads took: 0.0000264 seconds
29.950: [GC (Allocation Failure)  624379K->312477K(1032704K), 0.0041640 secs]
29.954: Total time for which application threads were stopped: 0.0042902 seconds, Stopping threads took: 0.0000197 seconds
30.019: [GC (Allocation Failure)  629917K->312285K(1033216K), 0.0040550 secs]
30.023: Total time for which application threads were stopped: 0.0041823 seconds, Stopping threads took: 0.0000244 seconds
30.086: [GC (Allocation Failure)  630237K->312645K(1032704K), 0.0040879 secs]
30.091: Total time for which application threads were stopped: 0.0042413 seconds, Stopping threads took: 0.0000254 seconds
30.155: [GC (Allocation Failure)  630597K->320327K(1033216K), 0.0040641 secs]
30.159: Total time for which application threads were stopped: 0.0041957 seconds, Stopping threads took: 0.0000196 seconds
30.222: [GC (Allocation Failure)  638791K->320295K(1033216K), 0.0040711 secs]
30.226: Total time for which application threads were stopped: 0.0042109 seconds, Stopping threads took: 0.0000259 seconds
30.286: [GC (Allocation Failure)  638759K->324423K(1033728K), 0.0050948 secs]
30.292: Total time for which application threads were stopped: 0.0052336 seconds, Stopping threads took: 0.0000197 seconds
30.357: [GC (Allocation Failure)  643399K->328458K(1033216K), 0.0039851 secs]
30.361: Total time for which application threads were stopped: 0.0041217 seconds, Stopping threads took: 0.0000173 seconds
30.426: [GC (Allocation Failure)  647434K->328362K(1034240K), 0.0042851 secs]
30.430: Total time for which application threads were stopped: 0.0044154 seconds, Stopping threads took: 0.0000184 seconds
30.493: [GC (Allocation Failure)  648874K->331690K(1034240K), 0.0048747 secs]
30.498: Total time for which application threads were stopped: 0.0050356 seconds, Stopping threads took: 0.0000254 seconds
30.563: [GC (Allocation Failure)  652202K->336428K(1034240K), 0.0040710 secs]
30.567: Total time for which application threads were stopped: 0.0042130 seconds, Stopping threads took: 0.0000180 seconds
30.633: [GC (Allocation Failure)  656940K->336396K(1034240K), 0.0040004 secs]
30.637: Total time for which application threads were stopped: 0.0041152 seconds, Stopping threads took: 0.0000238 seconds
30.701: [GC (Allocation Failure)  656908K->337860K(1033728K), 0.0045615 secs]
30.706: Total time for which application threads were stopped: 0.0047012 seconds, Stopping threads took: 0.0000269 seconds
30.771: [GC (Allocation Failure)  658372K->344486K(1034240K), 0.0039880 secs]
30.775: Total time for which application threads were stopped: 0.0041267 seconds, Stopping threads took: 0.0000256 seconds
30.841: [GC (Allocation Failure)  664998K->344422K(1034752K), 0.0041344 secs]
30.845: Total time for which application threads were stopped: 0.0042722 seconds, Stopping threads took: 0.0000270 seconds
30.907: [GC (Allocation Failure)  665446K->344582K(1034240K), 0.0042039 secs]
30.911: Total time for which application threads were stopped: 0.0043457 seconds, Stopping threads took: 0.0000282 seconds
30.974: [GC (Allocation Failure)  665606K->352488K(1034240K), 0.0041432 secs]
30.978: Total time for which application threads were stopped: 0.0042726 seconds, Stopping threads took: 0.0000188 seconds
31.042: [GC (Allocation Failure)  673000K->352456K(1034240K), 0.0050707 secs]
31.047: Total time for which application threads were stopped: 0.0052324 seconds, Stopping threads took: 0.0000266 seconds
31.112: [GC (Allocation Failure)  672968K->355344K(1034240K), 0.0047441 secs]
31.117: Total time for which application threads were stopped: 0.0048789 seconds, Stopping threads took: 0.0000199 seconds
31.181: [GC (Allocation Failure)  675856K->360595K(1034240K), 0.0042267 secs]
31.185: Total time for which application threads were stopped: 0.0043583 seconds, Stopping threads took: 0.0000188 seconds
31.249: [GC (Allocation Failure)  681107K->360531K(1034752K), 0.0043068 secs]
31.254: Total time for which application threads were stopped: 0.0044515 seconds, Stopping threads took: 0.0000252 seconds
31.316: [GC (Allocation Failure)  681555K->362075K(1034240K), 0.0046927 secs]
31.321: Total time for which application threads were stopped: 0.0048350 seconds, Stopping threads took: 0.0000197 seconds
31.384: [GC (Allocation Failure)  683099K->368605K(1034240K), 0.0041183 secs]
31.388: Total time for which application threads were stopped: 0.0042434 seconds, Stopping threads took: 0.0000183 seconds
31.452: [GC (Allocation Failure)  689117K->368541K(1034240K), 0.0041791 secs]
31.456: Total time for which application threads were stopped: 0.0043068 seconds, Stopping threads took: 0.0000191 seconds
31.520: [GC (Allocation Failure)  689053K->368797K(1034240K), 0.0043341 secs]
31.525: Total time for which application threads were stopped: 0.0044866 seconds, Stopping threads took: 0.0000189 seconds
31.591: [GC (Allocation Failure)  689309K->376607K(1034240K), 0.0043859 secs]
31.595: Total time for which application threads were stopped: 0.0045156 seconds, Stopping threads took: 0.0000188 seconds
31.659: [GC (Allocation Failure)  697119K->376607K(1034240K), 0.0041233 secs]
31.663: Total time for which application threads were stopped: 0.0042528 seconds, Stopping threads took: 0.0000188 seconds
31.726: [GC (Allocation Failure)  697119K->379047K(1034240K), 0.0046197 secs]
31.731: Total time for which application threads were stopped: 0.0047606 seconds, Stopping threads took: 0.0000193 seconds
31.795: [GC (Allocation Failure)  699559K->384650K(1034240K), 0.0043373 secs]
31.799: Total time for which application threads were stopped: 0.0044636 seconds, Stopping threads took: 0.0000185 seconds
31.863: [GC (Allocation Failure)  705162K->384618K(1034240K), 0.0041139 secs]
31.867: Total time for which application threads were stopped: 0.0042432 seconds, Stopping threads took: 0.0000190 seconds
31.930: [GC (Allocation Failure)  705130K->385258K(1034240K), 0.0043160 secs]
31.935: Total time for which application threads were stopped: 0.0044521 seconds, Stopping threads took: 0.0000197 seconds
31.999: [GC (Allocation Failure)  705770K->392716K(1034240K), 0.0042684 secs]
32.003: Total time for which application threads were stopped: 0.0043979 seconds, Stopping threads took: 0.0000180 seconds
32.069: [GC (Allocation Failure)  713228K->392652K(1034240K), 0.0043692 secs]
32.073: Total time for which application threads were stopped: 0.0045305 seconds, Stopping threads took: 0.0000194 seconds
32.138: [GC (Allocation Failure)  713164K->393484K(1034240K), 0.0044896 secs]
32.143: Total time for which application threads were stopped: 0.0046459 seconds, Stopping threads took: 0.0000199 seconds
32.210: [GC (Allocation Failure)  713996K->400782K(1033216K), 0.0043887 secs]
32.214: Total time for which application threads were stopped: 0.0045607 seconds, Stopping threads took: 0.0000284 seconds
32.279: [GC (Allocation Failure)  720270K->400718K(1033728K), 0.0044330 secs]
32.283: Total time for which application threads were stopped: 0.0045694 seconds, Stopping threads took: 0.0000193 seconds
32.345: [GC (Allocation Failure)  720206K->401702K(1033216K), 0.0045658 secs]
32.350: Total time for which application threads were stopped: 0.0047008 seconds, Stopping threads took: 0.0000205 seconds
32.413: [GC (Allocation Failure)  721190K->408776K(1033728K), 0.0057105 secs]
32.418: Total time for which application threads were stopped: 0.0058590 seconds, Stopping threads took: 0.0000262 seconds
32.482: [GC (Allocation Failure)  728264K->408712K(1033728K), 0.0043112 secs]
32.487: Total time for which application threads were stopped: 0.0044477 seconds, Stopping threads took: 0.0000195 seconds
32.550: [GC (Allocation Failure)  728200K->408904K(1033728K), 0.0042452 secs]
32.554: Total time for which application threads were stopped: 0.0043768 seconds, Stopping threads took: 0.0000200 seconds
32.617: [GC (Allocation Failure)  728392K->416811K(1033728K), 0.0042484 secs]
32.621: Total time for which application threads were stopped: 0.0043958 seconds, Stopping threads took: 0.0000180 seconds
32.684: [GC (Allocation Failure)  736299K->416779K(1033728K), 0.0043157 secs]
32.689: Total time for which application threads were stopped: 0.0044557 seconds, Stopping threads took: 0.0000177 seconds
32.751: [GC (Allocation Failure)  736267K->418155K(1033728K), 0.0043711 secs]
32.756: Total time for which application threads were stopped: 0.0045158 seconds, Stopping threads took: 0.0000278 seconds
32.821: [GC (Allocation Failure)  737643K->424813K(1033728K), 0.0040959 secs]
32.825: Total time for which application threads were stopped: 0.0042148 seconds, Stopping threads took: 0.0000158 seconds
32.887: [GC (Allocation Failure)  744301K->424781K(1033728K), 0.0041523 secs]
32.892: Total time for which application threads were stopped: 0.0042815 seconds, Stopping threads took: 0.0000186 seconds
32.954: [GC (Allocation Failure)  744269K->425413K(1033728K), 0.0045747 secs]
32.958: Total time for which application threads were stopped: 0.0047187 seconds, Stopping threads took: 0.0000196 seconds
33.022: [GC (Allocation Failure)  744901K->432871K(1033728K), 0.0043929 secs]
33.026: Total time for which application threads were stopped: 0.0045662 seconds, Stopping threads took: 0.0000204 seconds
33.094: [GC (Allocation Failure)  752359K->432839K(1033728K), 0.0045505 secs]
33.098: Total time for which application threads were stopped: 0.0047083 seconds, Stopping threads took: 0.0000207 seconds
33.163: [GC (Allocation Failure)  752327K->432871K(1033728K), 0.0043266 secs]
33.168: Total time for which application threads were stopped: 0.0044737 seconds, Stopping threads took: 0.0000192 seconds
33.233: [GC (Allocation Failure)  752359K->440873K(1033728K), 0.0043196 secs]
33.238: Total time for which application threads were stopped: 0.0044565 seconds, Stopping threads took: 0.0000273 seconds
33.301: [GC (Allocation Failure)  760361K->440841K(1033728K), 0.0042771 secs]
33.306: Total time for which application threads were stopped: 0.0044215 seconds, Stopping threads took: 0.0000246 seconds
33.369: [GC (Allocation Failure)  760329K->441865K(1033728K), 0.0045799 secs]
33.373: Total time for which application threads were stopped: 0.0047143 seconds, Stopping threads took: 0.0000196 seconds
33.438: [GC (Allocation Failure)  761353K->448972K(1033728K), 0.0045478 secs]
33.442: Total time for which application threads were stopped: 0.0046893 seconds, Stopping threads took: 0.0000212 seconds
33.506: [GC (Allocation Failure)  768460K->448876K(1033728K), 0.0041739 secs]
33.510: Total time for which application threads were stopped: 0.0043100 seconds, Stopping threads took: 0.0000195 seconds
33.574: [GC (Allocation Failure)  768364K->449004K(1032704K), 0.0042727 secs]
33.578: Total time for which application threads were stopped: 0.0043927 seconds, Stopping threads took: 0.0000164 seconds
33.641: [GC (Allocation Failure)  767468K->456910K(1033216K), 0.0044192 secs]
33.646: Total time for which application threads were stopped: 0.0045636 seconds, Stopping threads took: 0.0000191 seconds
33.710: [GC (Allocation Failure)  775374K->456942K(1033216K), 0.0044648 secs]
33.714: Total time for which application threads were stopped: 0.0045849 seconds, Stopping threads took: 0.0000165 seconds
33.777: [GC (Allocation Failure)  775406K->457262K(1033216K), 0.0045003 secs]
33.782: Total time for which application threads were stopped: 0.0046528 seconds, Stopping threads took: 0.0000247 seconds
33.843: [GC (Allocation Failure)  775726K->464944K(1033216K), 0.0045187 secs]
33.848: Total time for which application threads were stopped: 0.0046533 seconds, Stopping threads took: 0.0000187 seconds
33.912: [GC (Allocation Failure)  783408K->464944K(1033216K), 0.0042902 secs]
33.916: Total time for which application threads were stopped: 0.0044188 seconds, Stopping threads took: 0.0000193 seconds
33.978: [GC (Allocation Failure)  783408K->465448K(1033216K), 0.0045657 secs]
33.983: Total time for which application threads were stopped: 0.0047033 seconds, Stopping threads took: 0.0000184 seconds
34.047: [GC (Allocation Failure)  783912K->473002K(1033216K), 0.0053343 secs]
34.052: Total time for which application threads were stopped: 0.0054921 seconds, Stopping threads took: 0.0000165 seconds
34.119: [GC (Allocation Failure)  791466K->472970K(1033216K), 0.0045639 secs]
34.123: Total time for which application threads were stopped: 0.0047130 seconds, Stopping threads took: 0.0000175 seconds
34.188: [GC (Allocation Failure)  791434K->473706K(1033216K), 0.0045104 secs]
34.193: Total time for which application threads were stopped: 0.0046535 seconds, Stopping threads took: 0.0000278 seconds
34.257: [GC (Allocation Failure)  792170K->481069K(1033216K), 0.0044096 secs]
34.262: Total time for which application threads were stopped: 0.0045506 seconds, Stopping threads took: 0.0000274 seconds
34.323: [GC (Allocation Failure)  799533K->481005K(1033216K), 0.0044552 secs]
34.328: Total time for which application threads were stopped: 0.0046015 seconds, Stopping threads took: 0.0000195 seconds
34.389: [GC (Allocation Failure)  799469K->481165K(1033216K), 0.0045708 secs]
34.394: Total time for which application threads were stopped: 0.0047023 seconds, Stopping threads took: 0.0000176 seconds
34.457: [GC (Allocation Failure)  799629K->489039K(1033216K), 0.0045581 secs]
34.461: Total time for which application threads were stopped: 0.0047083 seconds, Stopping threads took: 0.0000200 seconds
34.526: [GC (Allocation Failure)  807503K->489039K(1033216K), 0.0044693 secs]
34.530: Total time for which application threads were stopped: 0.0046084 seconds, Stopping threads took: 0.0000273 seconds
34.591: [GC (Allocation Failure)  807503K->489127K(1033216K), 0.0045606 secs]
34.595: Total time for which application threads were stopped: 0.0047211 seconds, Stopping threads took: 0.0000243 seconds
34.659: [GC (Allocation Failure)  807591K->497065K(1033216K), 0.0046468 secs]
34.663: Total time for which application threads were stopped: 0.0047862 seconds, Stopping threads took: 0.0000263 seconds
34.726: [GC (Allocation Failure)  815529K->497097K(1033216K), 0.0044035 secs]
34.731: Total time for which application threads were stopped: 0.0045310 seconds, Stopping threads took: 0.0000186 seconds
34.793: [GC (Allocation Failure)  815561K->497385K(1033216K), 0.0044190 secs]
34.797: Total time for which application threads were stopped: 0.0045691 seconds, Stopping threads took: 0.0000269 seconds
34.858: [GC (Allocation Failure)  815849K->505100K(1033216K), 0.0046102 secs]
34.863: Total time for which application threads were stopped: 0.0047415 seconds, Stopping threads took: 0.0000190 seconds
34.924: [GC (Allocation Failure)  823564K->505068K(1033216K), 0.0057772 secs]
34.930: Total time for which application threads were stopped: 0.0059216 seconds, Stopping threads took: 0.0000186 seconds
34.991: [GC (Allocation Failure)  823532K->505612K(1033216K), 0.0045821 secs]
34.996: Total time for which application threads were stopped: 0.0047171 seconds, Stopping threads took: 0.0000186 seconds
35.061: [GC (Allocation Failure)  824076K->513102K(1033216K), 0.0091750 secs]
35.070: Total time for which application threads were stopped: 0.0093556 seconds, Stopping threads took: 0.0000539 seconds
35.132: [GC (Allocation Failure)  831566K->513134K(1033216K), 0.0048489 secs]
35.137: Total time for which application threads were stopped: 0.0049974 seconds, Stopping threads took: 0.0000190 seconds
35.198: [GC (Allocation Failure)  831598K->513326K(1033216K), 0.0047259 secs]
35.203: Total time for which application threads were stopped: 0.0048754 seconds, Stopping threads took: 0.0000269 seconds
35.266: [GC (Allocation Failure)  831790K->521168K(1033216K), 0.0044553 secs]
35.271: Total time for which application threads were stopped: 0.0045875 seconds, Stopping threads took: 0.0000200 seconds
35.333: [GC (Allocation Failure)  839632K->517262K(1033728K), 0.0036897 secs]
35.337: Total time for which application threads were stopped: 0.0038144 seconds, Stopping threads took: 0.0000181 seconds
35.402: [GC (Allocation Failure)  836238K->521328K(1033216K), 0.0046426 secs]
35.407: Total time for which application threads were stopped: 0.0047714 seconds, Stopping threads took: 0.0000183 seconds
35.469: [GC (Allocation Failure)  840304K->525328K(1033728K), 0.0044225 secs]
35.474: Total time for which application threads were stopped: 0.0045484 seconds, Stopping threads took: 0.0000183 seconds
35.537: [GC (Allocation Failure)  845840K->532838K(1034240K), 0.0078965 secs]
35.545: Total time for which application threads were stopped: 0.0080209 seconds, Stopping threads took: 0.0000180 seconds
35.608: [GC (Allocation Failure)  853350K->526632K(1029120K), 0.0047496 secs]
35.613: Total time for which application threads were stopped: 0.0048821 seconds, Stopping threads took: 0.0000194 seconds
35.676: [GC (Allocation Failure)  842024K->526600K(1031680K), 0.0045733 secs]
35.681: Total time for which application threads were stopped: 0.0047018 seconds, Stopping threads took: 0.0000177 seconds
35.743: [GC (Allocation Failure)  841992K->522054K(1032704K), 0.0027903 secs]
35.746: Total time for which application threads were stopped: 0.0029270 seconds, Stopping threads took: 0.0000248 seconds
35.808: [GC (Allocation Failure)  838982K->526792K(1032192K), 0.0045628 secs]
35.813: Total time for which application threads were stopped: 0.0046935 seconds, Stopping threads took: 0.0000187 seconds
35.878: [GC (Allocation Failure)  843720K->526600K(1033216K), 0.0047951 secs]
35.883: Total time for which application threads were stopped: 0.0049189 seconds, Stopping threads took: 0.0000275 seconds
35.946: [GC (Allocation Failure)  845064K->527208K(1033216K), 0.0046105 secs]
35.951: Total time for which application threads were stopped: 0.0047766 seconds, Stopping threads took: 0.0000375 seconds
36.015: [GC (Allocation Failure)  845672K->534634K(1033216K), 0.0046488 secs]
36.020: Total time for which application threads were stopped: 0.0047654 seconds, Stopping threads took: 0.0000157 seconds
36.083: [GC (Allocation Failure)  853098K->534602K(1033216K), 0.0046851 secs]
36.088: Total time for which application threads were stopped: 0.0048336 seconds, Stopping threads took: 0.0000248 seconds
36.150: [GC (Allocation Failure)  853066K->535434K(1032704K), 0.0048290 secs]
36.155: Total time for which application threads were stopped: 0.0049804 seconds, Stopping threads took: 0.0000201 seconds
36.220: [GC (Allocation Failure)  853898K->542765K(1033216K), 0.0048167 secs]
36.225: Total time for which application threads were stopped: 0.0049500 seconds, Stopping threads took: 0.0000197 seconds
36.290: [GC (Allocation Failure)  861229K->542637K(1033728K), 0.0044695 secs]
36.294: Total time for which application threads were stopped: 0.0046035 seconds, Stopping threads took: 0.0000194 seconds
36.357: [GC (Allocation Failure)  861613K->544197K(1033216K), 0.0049510 secs]
36.362: Total time for which application threads were stopped: 0.0050946 seconds, Stopping threads took: 0.0000276 seconds
36.427: [GC (Allocation Failure)  863173K->550759K(1033728K), 0.0045954 secs]
36.432: Total time for which application threads were stopped: 0.0047298 seconds, Stopping threads took: 0.0000201 seconds
36.497: [GC (Allocation Failure)  870247K->550663K(1033728K), 0.0046543 secs]
36.502: Total time for which application threads were stopped: 0.0047939 seconds, Stopping threads took: 0.0000268 seconds
36.564: [GC (Allocation Failure)  870151K->550919K(1033728K), 0.0045246 secs]
36.569: Total time for which application threads were stopped: 0.0046581 seconds, Stopping threads took: 0.0000191 seconds
36.634: [GC (Allocation Failure)  870407K->558729K(1033728K), 0.0046152 secs]
36.639: Total time for which application threads were stopped: 0.0047575 seconds, Stopping threads took: 0.0000193 seconds
36.701: [GC (Allocation Failure)  878217K->558697K(1033728K), 0.0047871 secs]
36.706: Total time for which application threads were stopped: 0.0049310 seconds, Stopping threads took: 0.0000180 seconds
36.767: [GC (Allocation Failure)  878185K->559145K(1033728K), 0.0047752 secs]
36.772: Total time for which application threads were stopped: 0.0049139 seconds, Stopping threads took: 0.0000248 seconds
36.835: [GC (Allocation Failure)  878633K->566731K(1033728K), 0.0046622 secs]
36.840: Total time for which application threads were stopped: 0.0048168 seconds, Stopping threads took: 0.0000186 seconds
36.902: [GC (Allocation Failure)  886219K->566731K(1033728K), 0.0044640 secs]
36.906: Total time for which application threads were stopped: 0.0046118 seconds, Stopping threads took: 0.0000192 seconds
36.971: [GC (Allocation Failure)  886219K->567371K(1033728K), 0.0046519 secs]
36.976: Total time for which application threads were stopped: 0.0047785 seconds, Stopping threads took: 0.0000161 seconds
37.040: [GC (Allocation Failure)  886859K->574798K(1033728K), 0.0054733 secs]
37.045: Total time for which application threads were stopped: 0.0056173 seconds, Stopping threads took: 0.0000144 seconds
37.109: [GC (Allocation Failure)  894286K->574766K(1033728K), 0.0046410 secs]
37.113: Total time for which application threads were stopped: 0.0047752 seconds, Stopping threads took: 0.0000168 seconds
37.177: [GC (Allocation Failure)  894254K->576646K(1033728K), 0.0050279 secs]
37.182: Total time for which application threads were stopped: 0.0051767 seconds, Stopping threads took: 0.0000199 seconds
37.249: [GC (Allocation Failure)  896134K->582824K(1033728K), 0.0044895 secs]
37.254: Total time for which application threads were stopped: 0.0046258 seconds, Stopping threads took: 0.0000242 seconds
37.317: [GC (Allocation Failure)  902312K->582792K(1033728K), 0.0046740 secs]
37.321: Total time for which application threads were stopped: 0.0048174 seconds, Stopping threads took: 0.0000185 seconds
37.385: [GC (Allocation Failure)  902280K->583816K(1033728K), 0.0047967 secs]
37.390: Total time for which application threads were stopped: 0.0049284 seconds, Stopping threads took: 0.0000191 seconds
37.454: [GC (Allocation Failure)  903304K->590858K(1033728K), 0.0047022 secs]
37.459: Total time for which application threads were stopped: 0.0048405 seconds, Stopping threads took: 0.0000270 seconds
37.520: [GC (Allocation Failure)  910346K->590826K(1033728K), 0.0047555 secs]
37.525: Total time for which application threads were stopped: 0.0048809 seconds, Stopping threads took: 0.0000183 seconds
37.587: [GC (Allocation Failure)  910314K->591050K(1033728K), 0.0048003 secs]
37.592: Total time for which application threads were stopped: 0.0049309 seconds, Stopping threads took: 0.0000187 seconds
37.657: [GC (Allocation Failure)  910538K->598892K(1033728K), 0.0046251 secs]
37.661: Total time for which application threads were stopped: 0.0047674 seconds, Stopping threads took: 0.0000181 seconds
37.726: [GC (Allocation Failure)  918380K->598860K(1033728K), 0.0047433 secs]
37.731: Total time for which application threads were stopped: 0.0048790 seconds, Stopping threads took: 0.0000160 seconds
37.795: [GC (Allocation Failure)  918348K->599308K(1033728K), 0.0049483 secs]
37.800: Total time for which application threads were stopped: 0.0051139 seconds, Stopping threads took: 0.0000237 seconds
37.861: [GC (Allocation Failure)  918796K->606927K(1033728K), 0.0047544 secs]
37.866: Total time for which application threads were stopped: 0.0048858 seconds, Stopping threads took: 0.0000184 seconds
37.928: [GC (Allocation Failure)  926415K->606895K(1033728K), 0.0048875 secs]
37.933: Total time for which application threads were stopped: 0.0050267 seconds, Stopping threads took: 0.0000180 seconds
37.995: [GC (Allocation Failure)  926383K->607527K(1033728K), 0.0049494 secs]
38.000: Total time for which application threads were stopped: 0.0051084 seconds, Stopping threads took: 0.0000236 seconds
38.064: [GC (Allocation Failure)  927015K->614985K(1033728K), 0.0047895 secs]
38.069: Total time for which application threads were stopped: 0.0049329 seconds, Stopping threads took: 0.0000179 seconds
38.135: [GC (Allocation Failure)  934473K->614921K(1033728K), 0.0047487 secs]
38.140: Total time for which application threads were stopped: 0.0048898 seconds, Stopping threads took: 0.0000278 seconds
38.204: [GC (Allocation Failure)  934409K->615753K(1033728K), 0.0048295 secs]
38.209: Total time for which application threads were stopped: 0.0049630 seconds, Stopping threads took: 0.0000196 seconds
38.272: [GC (Allocation Failure)  935241K->622987K(1033728K), 0.0048194 secs]
38.277: Total time for which application threads were stopped: 0.0049511 seconds, Stopping threads took: 0.0000191 seconds
38.338: [GC (Allocation Failure)  942475K->622955K(1033728K), 0.0048080 secs]
38.343: Total time for which application threads were stopped: 0.0049535 seconds, Stopping threads took: 0.0000237 seconds
38.405: [GC (Allocation Failure)  942443K->623979K(1033728K), 0.0049195 secs]
38.410: Total time for which application threads were stopped: 0.0050701 seconds, Stopping threads took: 0.0000184 seconds
38.473: [GC (Allocation Failure)  943467K->630990K(1033728K), 0.0047115 secs]
38.478: Total time for which application threads were stopped: 0.0048474 seconds, Stopping threads took: 0.0000194 seconds
38.541: [GC (Allocation Failure)  950478K->630990K(1033728K), 0.0046456 secs]
38.546: Total time for which application threads were stopped: 0.0047765 seconds, Stopping threads took: 0.0000187 seconds
38.610: [GC (Allocation Failure)  950478K->631142K(1033728K), 0.0047765 secs]
38.615: Total time for which application threads were stopped: 0.0048970 seconds, Stopping threads took: 0.0000196 seconds
38.677: [GC (Allocation Failure)  950630K->639048K(1027072K), 0.0048193 secs]
38.682: Total time for which application threads were stopped: 0.0049373 seconds, Stopping threads took: 0.0000159 seconds
38.745: [GC (Allocation Failure)  958536K->638984K(1033216K), 0.0048560 secs]
38.750: Total time for which application threads were stopped: 0.0049933 seconds, Stopping threads took: 0.0000246 seconds
38.812: [GC (Allocation Failure)  957448K->639432K(1033216K), 0.0046879 secs]
38.817: Total time for which application threads were stopped: 0.0048537 seconds, Stopping threads took: 0.0000243 seconds
38.880: [GC (Allocation Failure)  957896K->647082K(1033216K), 0.0047558 secs]
38.884: Total time for which application threads were stopped: 0.0048836 seconds, Stopping threads took: 0.0000183 seconds
38.947: [GC (Allocation Failure)  965546K->647018K(1033216K), 0.0046229 secs]
38.952: Total time for which application threads were stopped: 0.0047607 seconds, Stopping threads took: 0.0000263 seconds
39.012: [GC (Allocation Failure)  965482K->647658K(1033216K), 0.0048185 secs]
39.017: Total time for which application threads were stopped: 0.0049686 seconds, Stopping threads took: 0.0000184 seconds
39.083: [GC (Allocation Failure)  966122K->655116K(1033216K), 0.0046556 secs]
39.087: Total time for which application threads were stopped: 0.0048024 seconds, Stopping threads took: 0.0000176 seconds
39.150: [GC (Allocation Failure)  973580K->655116K(1033216K), 0.0047408 secs]
39.155: Total time for which application threads were stopped: 0.0048613 seconds, Stopping threads took: 0.0000163 seconds
39.219: [GC (Allocation Failure)  973580K->655340K(1033216K), 0.0048502 secs]
39.224: Total time for which application threads were stopped: 0.0049820 seconds, Stopping threads took: 0.0000190 seconds
39.287: [GC (Allocation Failure)  973804K->663151K(1033216K), 0.0048513 secs]
39.292: Total time for which application threads were stopped: 0.0049832 seconds, Stopping threads took: 0.0000251 seconds
39.355: [GC (Allocation Failure)  981615K->663119K(1033216K), 0.0048190 secs]
39.360: Total time for which application threads were stopped: 0.0049461 seconds, Stopping threads took: 0.0000184 seconds
39.421: [GC (Allocation Failure)  981583K->663175K(1033216K), 0.0047954 secs]
39.426: Total time for which application threads were stopped: 0.0049371 seconds, Stopping threads took: 0.0000184 seconds
39.489: [GC (Allocation Failure)  981639K->671177K(1033216K), 0.0046669 secs]
39.494: Total time for which application threads were stopped: 0.0048106 seconds, Stopping threads took: 0.0000178 seconds
39.557: [GC (Allocation Failure)  989641K->671177K(1033216K), 0.0050030 secs]
39.562: Total time for which application threads were stopped: 0.0051502 seconds, Stopping threads took: 0.0000162 seconds
39.623: [GC (Allocation Failure)  989641K->671305K(1033216K), 0.0057644 secs]
39.629: Total time for which application threads were stopped: 0.0059031 seconds, Stopping threads took: 0.0000275 seconds
39.692: [GC (Allocation Failure)  989769K->679179K(1033216K), 0.0047829 secs]
39.696: Total time for which application threads were stopped: 0.0049318 seconds, Stopping threads took: 0.0000194 seconds
39.762: [GC (Allocation Failure)  997643K->679211K(1033216K), 0.0047960 secs]
39.767: Total time for which application threads were stopped: 0.0049371 seconds, Stopping threads took: 0.0000338 seconds
39.829: [GC (Allocation Failure)  997675K->679531K(1033216K), 0.0048924 secs]
39.834: Total time for which application threads were stopped: 0.0050409 seconds, Stopping threads took: 0.0000238 seconds
39.898: [GC (Allocation Failure)  997995K->687245K(1033216K), 0.0050110 secs]
39.904: Total time for which application threads were stopped: 0.0051311 seconds, Stopping threads took: 0.0000163 seconds
39.966: [GC (Allocation Failure)  1005709K->687213K(1033216K), 0.0048711 secs]
39.971: Total time for which application threads were stopped: 0.0050166 seconds, Stopping threads took: 0.0000182 seconds
40.033: [GC (Allocation Failure)  1005677K->687469K(1033216K), 0.0106681 secs]
40.043: [Full GC (Ergonomics)  687469K->8721K(1033216K), 0.0154271 secs]
40.059: Total time for which application threads were stopped: 0.0264277 seconds, Stopping threads took: 0.0001140 seconds
40.123: [GC (Allocation Failure)  327185K->16820K(1033216K), 0.0035229 secs]
40.127: Total time for which application threads were stopped: 0.0036380 seconds, Stopping threads took: 0.0000163 seconds
40.188: [GC (Allocation Failure)  335281K->12953K(1033216K), 0.0025025 secs]
40.191: Total time for which application threads were stopped: 0.0026332 seconds, Stopping threads took: 0.0000191 seconds
40.255: [GC (Allocation Failure)  331417K->17012K(1034752K), 0.0035431 secs]
40.259: Total time for which application threads were stopped: 0.0036970 seconds, Stopping threads took: 0.0000284 seconds
40.324: [GC (Allocation Failure)  337524K->20980K(1033728K), 0.0033798 secs]
40.327: Total time for which application threads were stopped: 0.0035208 seconds, Stopping threads took: 0.0000196 seconds
40.390: [GC (Allocation Failure)  341492K->13137K(1034240K), 0.0007188 secs]
40.391: Total time for which application threads were stopped: 0.0008546 seconds, Stopping threads took: 0.0000187 seconds
40.456: [GC (Allocation Failure)  333649K->21012K(1034240K), 0.0035224 secs]
40.460: Total time for which application threads were stopped: 0.0036703 seconds, Stopping threads took: 0.0000195 seconds
40.525: [GC (Allocation Failure)  341524K->25124K(1033216K), 0.0049332 secs]
40.530: Total time for which application threads were stopped: 0.0050581 seconds, Stopping threads took: 0.0000154 seconds
40.593: [GC (Allocation Failure)  344612K->30849K(1032704K), 0.0060719 secs]
40.599: Total time for which application threads were stopped: 0.0062025 seconds, Stopping threads took: 0.0000188 seconds
40.662: [GC (Allocation Failure)  350337K->25348K(1031680K), 0.0037140 secs]
40.666: Total time for which application threads were stopped: 0.0038584 seconds, Stopping threads took: 0.0000191 seconds
40.730: [GC (Allocation Failure)  341764K->25124K(1032192K), 0.0037290 secs]
40.734: Total time for which application threads were stopped: 0.0038549 seconds, Stopping threads took: 0.0000179 seconds
40.794: [GC (Allocation Failure)  341540K->19777K(1032704K), 0.0015038 secs]
40.795: Total time for which application threads were stopped: 0.0016364 seconds, Stopping threads took: 0.0000217 seconds
40.861: [GC (Allocation Failure)  337217K->25316K(1032704K), 0.0035982 secs]
40.864: Total time for which application threads were stopped: 0.0037246 seconds, Stopping threads took: 0.0000179 seconds
40.928: [GC (Allocation Failure)  342756K->25156K(1033216K), 0.0036089 secs]
40.932: Total time for which application threads were stopped: 0.0037928 seconds, Stopping threads took: 0.0000233 seconds
40.995: [GC (Allocation Failure)  343108K->25476K(1032704K), 0.0037100 secs]
40.999: Total time for which application threads were stopped: 0.0038401 seconds, Stopping threads took: 0.0000190 seconds
41.063: [GC (Allocation Failure)  343428K->33286K(1033216K), 0.0036226 secs]
41.067: Total time for which application threads were stopped: 0.0037727 seconds, Stopping threads took: 0.0000168 seconds
41.132: [GC (Allocation Failure)  351750K->33190K(1033216K), 0.0035778 secs]
41.135: Total time for which application threads were stopped: 0.0037376 seconds, Stopping threads took: 0.0000200 seconds
41.197: [GC (Allocation Failure)  351654K->37294K(1033728K), 0.0045276 secs]
41.202: Total time for which application threads were stopped: 0.0046709 seconds, Stopping threads took: 0.0000196 seconds
41.265: [GC (Allocation Failure)  356270K->41264K(1033216K), 0.0037109 secs]
41.269: Total time for which application threads were stopped: 0.0038478 seconds, Stopping threads took: 0.0000190 seconds
41.333: [GC (Allocation Failure)  360240K->41200K(1034240K), 0.0033451 secs]
41.337: Total time for which application threads were stopped: 0.0034680 seconds, Stopping threads took: 0.0000168 seconds
41.399: [GC (Allocation Failure)  361200K->43976K(1033728K), 0.0042035 secs]
41.403: Total time for which application threads were stopped: 0.0043563 seconds, Stopping threads took: 0.0000277 seconds
41.468: [GC (Allocation Failure)  363976K->49258K(1034240K), 0.0036534 secs]
41.472: Total time for which application threads were stopped: 0.0037852 seconds, Stopping threads took: 0.0000189 seconds
41.535: [GC (Allocation Failure)  369770K->49226K(1034240K), 0.0034614 secs]
41.539: Total time for which application threads were stopped: 0.0036254 seconds, Stopping threads took: 0.0000236 seconds
41.602: [GC (Allocation Failure)  369738K->49674K(1034240K), 0.0036417 secs]
41.605: Total time for which application threads were stopped: 0.0037802 seconds, Stopping threads took: 0.0000206 seconds
41.669: [GC (Allocation Failure)  370186K->57325K(1034240K), 0.0035605 secs]
41.673: Total time for which application threads were stopped: 0.0036929 seconds, Stopping threads took: 0.0000189 seconds
41.737: [GC (Allocation Failure)  377837K->57261K(1034240K), 0.0035226 secs]
41.741: Total time for which application threads were stopped: 0.0036614 seconds, Stopping threads took: 0.0000243 seconds
41.805: [GC (Allocation Failure)  377773K->59949K(1034240K), 0.0040746 secs]
41.809: Total time for which application threads were stopped: 0.0041966 seconds, Stopping threads took: 0.0000164 seconds
41.874: [GC (Allocation Failure)  380461K->65295K(1034240K), 0.0035821 secs]
41.878: Total time for which application threads were stopped: 0.0037124 seconds, Stopping threads took: 0.0000186 seconds
41.942: [GC (Allocation Failure)  385807K->65327K(1034240K), 0.0037131 secs]
41.945: Total time for which application threads were stopped: 0.0038571 seconds, Stopping threads took: 0.0000199 seconds
42.012: [GC (Allocation Failure)  385839K->66119K(1033728K), 0.0038032 secs]
42.016: Total time for which application threads were stopped: 0.0039617 seconds, Stopping threads took: 0.0000298 seconds
42.084: [GC (Allocation Failure)  386631K->73449K(1034240K), 0.0038345 secs]
42.088: Total time for which application threads were stopped: 0.0040020 seconds, Stopping threads took: 0.0000199 seconds
42.155: [GC (Allocation Failure)  393961K->73353K(1034240K), 0.0040407 secs]
42.159: Total time for which application threads were stopped: 0.0042190 seconds, Stopping threads took: 0.0000204 seconds
42.223: [GC (Allocation Failure)  393865K->76393K(1034240K), 0.0042040 secs]
42.227: Total time for which application threads were stopped: 0.0043409 seconds, Stopping threads took: 0.0000203 seconds
42.293: [GC (Allocation Failure)  396905K->81387K(1034752K), 0.0035268 secs]
42.296: Total time for which application threads were stopped: 0.0036767 seconds, Stopping threads took: 0.0000268 seconds
42.361: [GC (Allocation Failure)  402923K->81355K(1034752K), 0.0036591 secs]
42.364: Total time for which application threads were stopped: 0.0037972 seconds, Stopping threads took: 0.0000284 seconds
42.427: [GC (Allocation Failure)  402891K->84643K(1034752K), 0.0045176 secs]
42.432: Total time for which application threads were stopped: 0.0046625 seconds, Stopping threads took: 0.0000282 seconds
42.498: [GC (Allocation Failure)  406179K->89382K(1034752K), 0.0039716 secs]
42.502: Total time for which application threads were stopped: 0.0041224 seconds, Stopping threads took: 0.0000198 seconds
42.567: [GC (Allocation Failure)  410918K->89382K(1034752K), 0.0037712 secs]
42.570: Total time for which application threads were stopped: 0.0039116 seconds, Stopping threads took: 0.0000212 seconds
42.631: [GC (Allocation Failure)  410918K->89838K(1034752K), 0.0038033 secs]
42.635: Total time for which application threads were stopped: 0.0039588 seconds, Stopping threads took: 0.0000289 seconds
42.699: [GC (Allocation Failure)  411374K->97456K(1034752K), 0.0036960 secs]
42.703: Total time for which application threads were stopped: 0.0038263 seconds, Stopping threads took: 0.0000191 seconds
42.766: [GC (Allocation Failure)  418992K->97424K(1034752K), 0.0036878 secs]
42.770: Total time for which application threads were stopped: 0.0038371 seconds, Stopping threads took: 0.0000269 seconds
42.830: [GC (Allocation Failure)  418960K->99080K(1034752K), 0.0038851 secs]
42.834: Total time for which application threads were stopped: 0.0040137 seconds, Stopping threads took: 0.0000183 seconds
42.898: [GC (Allocation Failure)  420616K->105482K(1029120K), 0.0039273 secs]
42.902: Total time for which application threads were stopped: 0.0040558 seconds, Stopping threads took: 0.0000186 seconds
42.964: [GC (Allocation Failure)  427018K->105450K(1034752K), 0.0038118 secs]
42.968: Total time for which application threads were stopped: 0.0039412 seconds, Stopping threads took: 0.0000183 seconds
43.030: [GC (Allocation Failure)  426474K->107786K(1034240K), 0.0041588 secs]
43.034: Total time for which application threads were stopped: 0.0043227 seconds, Stopping threads took: 0.0000328 seconds
43.102: [GC (Allocation Failure)  428810K->113580K(1034752K), 0.0036046 secs]
43.106: Total time for which application threads were stopped: 0.0037426 seconds, Stopping threads took: 0.0000171 seconds
43.171: [GC (Allocation Failure)  435116K->113484K(1034752K), 0.0036066 secs]
43.175: Total time for which application threads were stopped: 0.0037248 seconds, Stopping threads took: 0.0000159 seconds
43.236: [GC (Allocation Failure)  435020K->116556K(1034752K), 0.0043994 secs]
43.240: Total time for which application threads were stopped: 0.0045418 seconds, Stopping threads took: 0.0000264 seconds
43.303: [GC (Allocation Failure)  438092K->121551K(1034752K), 0.0037645 secs]
43.306: Total time for which application threads were stopped: 0.0039171 seconds, Stopping threads took: 0.0000240 seconds
43.371: [GC (Allocation Failure)  443087K->121519K(1034752K), 0.0035550 secs]
43.374: Total time for which application threads were stopped: 0.0036844 seconds, Stopping threads took: 0.0000184 seconds
43.435: [GC (Allocation Failure)  443055K->121703K(1021440K), 0.0038067 secs]
43.439: Total time for which application threads were stopped: 0.0039625 seconds, Stopping threads took: 0.0000207 seconds
43.504: [GC (Allocation Failure)  443239K->129577K(1034240K), 0.0036448 secs]
43.508: Total time for which application threads were stopped: 0.0037775 seconds, Stopping threads took: 0.0000190 seconds
43.573: [GC (Allocation Failure)  450089K->129545K(1034240K), 0.0038207 secs]
43.576: Total time for which application threads were stopped: 0.0039511 seconds, Stopping threads took: 0.0000176 seconds
43.639: [GC (Allocation Failure)  450057K->132937K(1034752K), 0.0045503 secs]
43.643: Total time for which application threads were stopped: 0.0046776 seconds, Stopping threads took: 0.0000185 seconds
43.709: [GC (Allocation Failure)  453961K->137707K(1034240K), 0.0037861 secs]
43.713: Total time for which application threads were stopped: 0.0039122 seconds, Stopping threads took: 0.0000184 seconds
43.776: [GC (Allocation Failure)  458731K->137579K(1034752K), 0.0036169 secs]
43.780: Total time for which application threads were stopped: 0.0037564 seconds, Stopping threads took: 0.0000268 seconds
43.842: [GC (Allocation Failure)  459115K->141195K(1034752K), 0.0045444 secs]
43.847: Total time for which application threads were stopped: 0.0046881 seconds, Stopping threads took: 0.0000277 seconds
43.913: [GC (Allocation Failure)  462731K->145678K(1034752K), 0.0037173 secs]
43.917: Total time for which application threads were stopped: 0.0038349 seconds, Stopping threads took: 0.0000156 seconds
43.981: [GC (Allocation Failure)  467214K->145646K(1034752K), 0.0036195 secs]
43.985: Total time for which application threads were stopped: 0.0037660 seconds, Stopping threads took: 0.0000189 seconds
44.049: [GC (Allocation Failure)  467182K->146318K(1034752K), 0.0052119 secs]
44.054: Total time for which application threads were stopped: 0.0053829 seconds, Stopping threads took: 0.0000259 seconds
44.119: [GC (Allocation Failure)  467854K->153648K(1034752K), 0.0036978 secs]
44.122: Total time for which application threads were stopped: 0.0038463 seconds, Stopping threads took: 0.0000247 seconds
44.187: [GC (Allocation Failure)  475184K->153648K(1034752K), 0.0038896 secs]
44.191: Total time for which application threads were stopped: 0.0040165 seconds, Stopping threads took: 0.0000176 seconds
44.252: [GC (Allocation Failure)  475184K->155592K(1034752K), 0.0039650 secs]
44.256: Total time for which application threads were stopped: 0.0040931 seconds, Stopping threads took: 0.0000249 seconds
44.319: [GC (Allocation Failure)  477128K->161738K(1034752K), 0.0037547 secs]
44.323: Total time for which application threads were stopped: 0.0038812 seconds, Stopping threads took: 0.0000181 seconds
44.387: [GC (Allocation Failure)  483274K->161706K(1034752K), 0.0036168 secs]
44.390: Total time for which application threads were stopped: 0.0037448 seconds, Stopping threads took: 0.0000182 seconds
44.452: [GC (Allocation Failure)  483242K->164874K(1034752K), 0.0045447 secs]
44.457: Total time for which application threads were stopped: 0.0047120 seconds, Stopping threads took: 0.0000241 seconds
44.522: [GC (Allocation Failure)  486410K->169868K(1034752K), 0.0037790 secs]
44.526: Total time for which application threads were stopped: 0.0039113 seconds, Stopping threads took: 0.0000192 seconds
44.589: [GC (Allocation Failure)  491404K->169708K(1034752K), 0.0038995 secs]
44.593: Total time for which application threads were stopped: 0.0040315 seconds, Stopping threads took: 0.0000265 seconds
44.656: [GC (Allocation Failure)  491244K->169996K(1034752K), 0.0038591 secs]
44.660: Total time for which application threads were stopped: 0.0039782 seconds, Stopping threads took: 0.0000162 seconds
44.722: [GC (Allocation Failure)  491532K->177807K(1033728K), 0.0039939 secs]
44.726: Total time for which application threads were stopped: 0.0041301 seconds, Stopping threads took: 0.0000181 seconds
44.790: [GC (Allocation Failure)  498319K->177743K(1034240K), 0.0036568 secs]
44.794: Total time for which application threads were stopped: 0.0037897 seconds, Stopping threads took: 0.0000255 seconds
44.858: [GC (Allocation Failure)  498255K->181319K(1034752K), 0.0047741 secs]
44.863: Total time for which application threads were stopped: 0.0049053 seconds, Stopping threads took: 0.0000190 seconds
44.926: [GC (Allocation Failure)  502343K->185801K(1034240K), 0.0038519 secs]
44.930: Total time for which application threads were stopped: 0.0039745 seconds, Stopping threads took: 0.0000183 seconds
44.993: [GC (Allocation Failure)  506825K->185769K(1034752K), 0.0037693 secs]
44.997: Total time for which application threads were stopped: 0.0039121 seconds, Stopping threads took: 0.0000190 seconds
45.063: [GC (Allocation Failure)  507305K->189545K(1034752K), 0.0045737 secs]
45.067: Total time for which application threads were stopped: 0.0046933 seconds, Stopping threads took: 0.0000147 seconds
45.132: [GC (Allocation Failure)  511081K->193835K(1035264K), 0.0040421 secs]
45.136: Total time for which application threads were stopped: 0.0041754 seconds, Stopping threads took: 0.0000196 seconds
45.200: [GC (Allocation Failure)  516395K->193803K(1035264K), 0.0039412 secs]
45.204: Total time for which application threads were stopped: 0.0040756 seconds, Stopping threads took: 0.0000197 seconds
45.268: [GC (Allocation Failure)  516363K->196747K(1035264K), 0.0043443 secs]
45.272: Total time for which application threads were stopped: 0.0044792 seconds, Stopping threads took: 0.0000191 seconds
45.336: [GC (Allocation Failure)  519307K->201869K(1035264K), 0.0038258 secs]
45.339: Total time for which application threads were stopped: 0.0039710 seconds, Stopping threads took: 0.0000197 seconds
45.405: [GC (Allocation Failure)  524429K->201869K(1035264K), 0.0036867 secs]
45.409: Total time for which application threads were stopped: 0.0038133 seconds, Stopping threads took: 0.0000176 seconds
45.471: [GC (Allocation Failure)  524429K->204973K(1035264K), 0.0046407 secs]
45.476: Total time for which application threads were stopped: 0.0047757 seconds, Stopping threads took: 0.0000194 seconds
45.539: [GC (Allocation Failure)  527533K->210000K(1035264K), 0.0037663 secs]
45.543: Total time for which application threads were stopped: 0.0039130 seconds, Stopping threads took: 0.0000237 seconds
45.607: [GC (Allocation Failure)  532560K->209872K(1035264K), 0.0039711 secs]
45.611: Total time for which application threads were stopped: 0.0040997 seconds, Stopping threads took: 0.0000188 seconds
45.673: [GC (Allocation Failure)  532432K->213224K(1035264K), 0.0046820 secs]
45.678: Total time for which application threads were stopped: 0.0048122 seconds, Stopping threads took: 0.0000184 seconds
45.742: [GC (Allocation Failure)  535784K->217962K(1035264K), 0.0038010 secs]
45.746: Total time for which application threads were stopped: 0.0039424 seconds, Stopping threads took: 0.0000273 seconds
45.809: [GC (Allocation Failure)  540522K->217898K(1035264K), 0.0038869 secs]
45.813: Total time for which application threads were stopped: 0.0040300 seconds, Stopping threads took: 0.0000238 seconds
45.878: [GC (Allocation Failure)  540458K->221442K(1035264K), 0.0063361 secs]
45.884: Total time for which application threads were stopped: 0.0064824 seconds, Stopping threads took: 0.0000198 seconds
45.948: [GC (Allocation Failure)  544002K->225956K(1035264K), 0.0039780 secs]
45.952: Total time for which application threads were stopped: 0.0041217 seconds, Stopping threads took: 0.0000222 seconds
46.016: [GC (Allocation Failure)  548516K->225924K(1035264K), 0.0038889 secs]
46.020: Total time for which application threads were stopped: 0.0040054 seconds, Stopping threads took: 0.0000186 seconds
46.084: [GC (Allocation Failure)  548484K->229676K(1035776K), 0.0047398 secs]
46.089: Total time for which application threads were stopped: 0.0048609 seconds, Stopping threads took: 0.0000143 seconds
46.153: [GC (Allocation Failure)  553260K->234190K(1035776K), 0.0040842 secs]
46.157: Total time for which application threads were stopped: 0.0042306 seconds, Stopping threads took: 0.0000285 seconds
46.221: [GC (Allocation Failure)  557774K->233998K(1035776K), 0.0041555 secs]
46.225: Total time for which application threads were stopped: 0.0042856 seconds, Stopping threads took: 0.0000189 seconds
46.289: [GC (Allocation Failure)  557582K->232940K(1035776K), 0.0035523 secs]
46.293: Total time for which application threads were stopped: 0.0036929 seconds, Stopping threads took: 0.0000266 seconds
46.358: [GC (Allocation Failure)  556524K->234158K(1036288K), 0.0037897 secs]
46.362: Total time for which application threads were stopped: 0.0039405 seconds, Stopping threads took: 0.0000237 seconds
46.426: [GC (Allocation Failure)  558766K->233966K(1036288K), 0.0038190 secs]
46.430: Total time for which application threads were stopped: 0.0039633 seconds, Stopping threads took: 0.0000234 seconds
46.492: [GC (Allocation Failure)  558574K->225996K(1034240K), 0.0009480 secs]
46.493: Total time for which application threads were stopped: 0.0010753 seconds, Stopping threads took: 0.0000195 seconds
46.556: [GC (Allocation Failure)  548556K->234094K(1035264K), 0.0043202 secs]
46.561: Total time for which application threads were stopped: 0.0044624 seconds, Stopping threads took: 0.0000184 seconds
46.626: [GC (Allocation Failure)  556654K->238110K(1035776K), 0.0055175 secs]
46.632: Total time for which application threads were stopped: 0.0056606 seconds, Stopping threads took: 0.0000180 seconds
46.697: [GC (Allocation Failure)  561182K->234204K(1035264K), 0.0027165 secs]
46.700: Total time for which application threads were stopped: 0.0028349 seconds, Stopping threads took: 0.0000162 seconds
46.763: [GC (Allocation Failure)  557276K->238278K(1035776K), 0.0040736 secs]
46.767: Total time for which application threads were stopped: 0.0042053 seconds, Stopping threads took: 0.0000190 seconds
46.832: [GC (Allocation Failure)  561862K->242246K(1035776K), 0.0038609 secs]
46.835: Total time for which application threads were stopped: 0.0039921 seconds, Stopping threads took: 0.0000193 seconds
46.901: [GC (Allocation Failure)  565830K->242246K(1035776K), 0.0038174 secs]
46.905: Total time for which application threads were stopped: 0.0039631 seconds, Stopping threads took: 0.0000184 seconds
46.966: [GC (Allocation Failure)  565830K->242598K(1023488K), 0.0040867 secs]
46.970: Total time for which application threads were stopped: 0.0042253 seconds, Stopping threads took: 0.0000184 seconds
47.036: [GC (Allocation Failure)  566182K->250313K(1035264K), 0.0047444 secs]
47.041: Total time for which application threads were stopped: 0.0048716 seconds, Stopping threads took: 0.0000181 seconds
47.106: [GC (Allocation Failure)  572873K->250281K(1035264K), 0.0039230 secs]
47.110: Total time for which application threads were stopped: 0.0040712 seconds, Stopping threads took: 0.0000206 seconds
47.174: [GC (Allocation Failure)  572841K->250793K(1034240K), 0.0039820 secs]
47.178: Total time for which application threads were stopped: 0.0041229 seconds, Stopping threads took: 0.0000210 seconds
47.242: [GC (Allocation Failure)  572329K->258347K(1034752K), 0.0039820 secs]
47.246: Total time for which application threads were stopped: 0.0041457 seconds, Stopping threads took: 0.0000251 seconds
47.312: [GC (Allocation Failure)  579883K->258315K(1034752K), 0.0037440 secs]
47.315: Total time for which application threads were stopped: 0.0038627 seconds, Stopping threads took: 0.0000160 seconds
47.378: [GC (Allocation Failure)  579851K->258475K(1034752K), 0.0039872 secs]
47.382: Total time for which application threads were stopped: 0.0041315 seconds, Stopping threads took: 0.0000187 seconds
47.446: [GC (Allocation Failure)  580011K->266381K(1033728K), 0.0041191 secs]
47.450: Total time for which application threads were stopped: 0.0042469 seconds, Stopping threads took: 0.0000188 seconds
47.514: [GC (Allocation Failure)  586893K->266317K(1034240K), 0.0039463 secs]
47.518: Total time for which application threads were stopped: 0.0040849 seconds, Stopping threads took: 0.0000191 seconds
47.583: [GC (Allocation Failure)  586829K->266509K(1034240K), 0.0039215 secs]
47.587: Total time for which application threads were stopped: 0.0040475 seconds, Stopping threads took: 0.0000241 seconds
47.651: [GC (Allocation Failure)  587021K->274416K(1034240K), 0.0040394 secs]
47.655: Total time for which application threads were stopped: 0.0041779 seconds, Stopping threads took: 0.0000257 seconds
47.718: [GC (Allocation Failure)  594928K->274384K(1034240K), 0.0041477 secs]
47.723: Total time for which application threads were stopped: 0.0042744 seconds, Stopping threads took: 0.0000182 seconds
47.785: [GC (Allocation Failure)  594896K->274440K(1020416K), 0.0040019 secs]
47.790: Total time for which application threads were stopped: 0.0041315 seconds, Stopping threads took: 0.0000187 seconds
47.852: [GC (Allocation Failure)  594952K->282410K(1033728K), 0.0040447 secs]
47.856: Total time for which application threads were stopped: 0.0042153 seconds, Stopping threads took: 0.0000264 seconds
47.919: [GC (Allocation Failure)  601898K->282442K(1033728K), 0.0040316 secs]
47.923: Total time for which application threads were stopped: 0.0041723 seconds, Stopping threads took: 0.0000188 seconds
47.984: [GC (Allocation Failure)  601930K->282666K(1033728K), 0.0040493 secs]
47.988: Total time for which application threads were stopped: 0.0041924 seconds, Stopping threads took: 0.0000231 seconds
48.054: [GC (Allocation Failure)  602154K->290444K(1033728K), 0.0048376 secs]
48.059: Total time for which application threads were stopped: 0.0049709 seconds, Stopping threads took: 0.0000185 seconds
48.125: [GC (Allocation Failure)  609932K->290412K(1033728K), 0.0040831 secs]
48.129: Total time for which application threads were stopped: 0.0042420 seconds, Stopping threads took: 0.0000248 seconds
48.193: [GC (Allocation Failure)  609900K->290668K(1033728K), 0.0040744 secs]
48.198: Total time for which application threads were stopped: 0.0042260 seconds, Stopping threads took: 0.0000255 seconds
48.262: [GC (Allocation Failure)  610156K->298510K(1033728K), 0.0041837 secs]
48.266: Total time for which application threads were stopped: 0.0043154 seconds, Stopping threads took: 0.0000191 seconds
48.328: [GC (Allocation Failure)  617998K->294572K(1033728K), 0.0031637 secs]
48.331: Total time for which application threads were stopped: 0.0032946 seconds, Stopping threads took: 0.0000203 seconds
48.395: [GC (Allocation Failure)  614060K->298630K(1034752K), 0.0041716 secs]
48.399: Total time for which application threads were stopped: 0.0043230 seconds, Stopping threads took: 0.0000244 seconds
48.464: [GC (Allocation Failure)  619654K->302598K(1034240K), 0.0040108 secs]
48.468: Total time for which application threads were stopped: 0.0041466 seconds, Stopping threads took: 0.0000181 seconds
48.531: [GC (Allocation Failure)  623622K->296836K(1034752K), 0.0021559 secs]
48.533: Total time for which application threads were stopped: 0.0022949 seconds, Stopping threads took: 0.0000197 seconds
48.596: [GC (Allocation Failure)  618372K->302670K(1034752K), 0.0041861 secs]
48.600: Total time for which application threads were stopped: 0.0043190 seconds, Stopping threads took: 0.0000194 seconds
48.662: [GC (Allocation Failure)  624206K->306774K(1035264K), 0.0045145 secs]
48.666: Total time for which application threads were stopped: 0.0046422 seconds, Stopping threads took: 0.0000187 seconds
48.729: [GC (Allocation Failure)  629072K->302836K(1035264K), 0.0029178 secs]
48.732: Total time for which application threads were stopped: 0.0030750 seconds, Stopping threads took: 0.0000240 seconds
48.798: [GC (Allocation Failure)  625396K->306894K(1036288K), 0.0041404 secs]
48.802: Total time for which application threads were stopped: 0.0042696 seconds, Stopping threads took: 0.0000159 seconds
48.867: [GC (Allocation Failure)  630990K->310894K(1035776K), 0.0043049 secs]
48.871: Total time for which application threads were stopped: 0.0044351 seconds, Stopping threads took: 0.0000184 seconds
48.935: [GC (Allocation Failure)  634990K->310862K(1035776K), 0.0039415 secs]
48.939: Total time for which application threads were stopped: 0.0040813 seconds, Stopping threads took: 0.0000176 seconds
49.003: [GC (Allocation Failure)  634446K->310918K(1023488K), 0.0042085 secs]
49.007: Total time for which application threads were stopped: 0.0043650 seconds, Stopping threads took: 0.0000232 seconds
49.072: [GC (Allocation Failure)  634502K->318889K(1035264K), 0.0041192 secs]
49.077: Total time for which application threads were stopped: 0.0042785 seconds, Stopping threads took: 0.0000198 seconds
49.143: [GC (Allocation Failure)  641449K->318889K(1030144K), 0.0041007 secs]
49.148: Total time for which application threads were stopped: 0.0042207 seconds, Stopping threads took: 0.0000172 seconds
49.211: [GC (Allocation Failure)  641449K->318953K(1034752K), 0.0041290 secs]
49.216: Total time for which application threads were stopped: 0.0042643 seconds, Stopping threads took: 0.0000208 seconds
49.281: [GC (Allocation Failure)  640489K->326955K(1029120K), 0.0040236 secs]
49.285: Total time for which application threads were stopped: 0.0041582 seconds, Stopping threads took: 0.0000245 seconds
49.348: [GC (Allocation Failure)  648491K->326923K(1034240K), 0.0042143 secs]
49.352: Total time for which application threads were stopped: 0.0043589 seconds, Stopping threads took: 0.0000187 seconds
49.416: [GC (Allocation Failure)  647435K->327147K(1034240K), 0.0041930 secs]
49.420: Total time for which application threads were stopped: 0.0043255 seconds, Stopping threads took: 0.0000239 seconds
49.485: [GC (Allocation Failure)  647659K->334989K(1034240K), 0.0041880 secs]
49.489: Total time for which application threads were stopped: 0.0043135 seconds, Stopping threads took: 0.0000246 seconds
49.553: [GC (Allocation Failure)  655501K->334957K(1034240K), 0.0039409 secs]
49.557: Total time for which application threads were stopped: 0.0040781 seconds, Stopping threads took: 0.0000181 seconds
49.622: [GC (Allocation Failure)  655469K->335397K(1033216K), 0.0042830 secs]
49.626: Total time for which application threads were stopped: 0.0044133 seconds, Stopping threads took: 0.0000191 seconds
49.691: [GC (Allocation Failure)  654885K->342983K(1033728K), 0.0041664 secs]
49.695: Total time for which application threads were stopped: 0.0043119 seconds, Stopping threads took: 0.0000235 seconds
49.760: [GC (Allocation Failure)  662471K->342983K(1033728K), 0.0039801 secs]
49.765: Total time for which application threads were stopped: 0.0041078 seconds, Stopping threads took: 0.0000242 seconds
49.825: [GC (Allocation Failure)  662471K->343111K(1033728K), 0.0041641 secs]
49.829: Total time for which application threads were stopped: 0.0043115 seconds, Stopping threads took: 0.0000235 seconds
49.894: [GC (Allocation Failure)  662599K->351050K(1033728K), 0.0042422 secs]
49.899: Total time for which application threads were stopped: 0.0043786 seconds, Stopping threads took: 0.0000254 seconds
49.964: [GC (Allocation Failure)  670538K->351050K(1033728K), 0.0041691 secs]
49.969: Total time for which application threads were stopped: 0.0042970 seconds, Stopping threads took: 0.0000183 seconds
50.032: [GC (Allocation Failure)  670538K->351114K(1033728K), 0.0042167 secs]
50.036: Total time for which application threads were stopped: 0.0043533 seconds, Stopping threads took: 0.0000190 seconds
50.102: [GC (Allocation Failure)  670602K->359052K(1027072K), 0.0042051 secs]
50.106: Total time for which application threads were stopped: 0.0043723 seconds, Stopping threads took: 0.0000198 seconds
50.168: [GC (Allocation Failure)  678539K->355178K(1034240K), 0.0031320 secs]
50.171: Total time for which application threads were stopped: 0.0032525 seconds, Stopping threads took: 0.0000197 seconds
50.236: [GC (Allocation Failure)  674666K->359212K(1033216K), 0.0043716 secs]
50.241: Total time for which application threads were stopped: 0.0044961 seconds, Stopping threads took: 0.0000168 seconds
50.304: [GC (Allocation Failure)  678700K->363212K(1034752K), 0.0042433 secs]
50.308: Total time for which application threads were stopped: 0.0043966 seconds, Stopping threads took: 0.0000251 seconds
50.370: [GC (Allocation Failure)  684748K->356426K(1034752K), 0.0017938 secs]
50.372: Total time for which application threads were stopped: 0.0019425 seconds, Stopping threads took: 0.0000247 seconds
50.435: [GC (Allocation Failure)  677962K->363212K(1034752K), 0.0041843 secs]
50.439: Total time for which application threads were stopped: 0.0043246 seconds, Stopping threads took: 0.0000185 seconds
50.503: [GC (Allocation Failure)  684748K->367324K(1034752K), 0.0051674 secs]
50.508: Total time for which application threads were stopped: 0.0053143 seconds, Stopping threads took: 0.0000229 seconds
50.570: [GC (Allocation Failure)  688860K->361818K(1034752K), 0.0024023 secs]
50.572: Total time for which application threads were stopped: 0.0025330 seconds, Stopping threads took: 0.0000189 seconds
50.638: [GC (Allocation Failure)  683354K->367564K(1034752K), 0.0042150 secs]
50.642: Total time for which application threads were stopped: 0.0043479 seconds, Stopping threads took: 0.0000187 seconds
50.705: [GC (Allocation Failure)  689100K->371500K(1034752K), 0.0045250 secs]
50.710: Total time for which application threads were stopped: 0.0046689 seconds, Stopping threads took: 0.0000236 seconds
50.773: [GC (Allocation Failure)  693988K->367562K(1035264K), 0.0031345 secs]
50.776: Total time for which application threads were stopped: 0.0032741 seconds, Stopping threads took: 0.0000275 seconds
50.842: [GC (Allocation Failure)  690122K->371628K(1036288K), 0.0042578 secs]
50.846: Total time for which application threads were stopped: 0.0044091 seconds, Stopping threads took: 0.0000246 seconds
50.912: [GC (Allocation Failure)  695724K->375596K(1035776K), 0.0042789 secs]
50.916: Total time for which application threads were stopped: 0.0044086 seconds, Stopping threads took: 0.0000192 seconds
50.981: [GC (Allocation Failure)  699692K->375596K(1035776K), 0.0041077 secs]
50.985: Total time for which application threads were stopped: 0.0042592 seconds, Stopping threads took: 0.0000239 seconds
51.049: [GC (Allocation Failure)  699180K->375660K(1023488K), 0.0051311 secs]
51.055: Total time for which application threads were stopped: 0.0052661 seconds, Stopping threads took: 0.0000267 seconds
51.118: [GC (Allocation Failure)  699244K->383630K(1035264K), 0.0044069 secs]
51.122: Total time for which application threads were stopped: 0.0045369 seconds, Stopping threads took: 0.0000195 seconds
51.187: [GC (Allocation Failure)  706190K->383630K(1030144K), 0.0040319 secs]
51.191: Total time for which application threads were stopped: 0.0041718 seconds, Stopping threads took: 0.0000273 seconds
51.255: [GC (Allocation Failure)  706190K->383686K(1034752K), 0.0042191 secs]
51.259: Total time for which application threads were stopped: 0.0043514 seconds, Stopping threads took: 0.0000258 seconds
51.322: [GC (Allocation Failure)  705222K->391656K(1034752K), 0.0044138 secs]
51.326: Total time for which application threads were stopped: 0.0045522 seconds, Stopping threads took: 0.0000265 seconds
51.392: [GC (Allocation Failure)  713192K->391624K(1033728K), 0.0041777 secs]
51.396: Total time for which application threads were stopped: 0.0043084 seconds, Stopping threads took: 0.0000185 seconds
51.459: [GC (Allocation Failure)  712136K->391912K(1034240K), 0.0042770 secs]
51.463: Total time for which application threads were stopped: 0.0044214 seconds, Stopping threads took: 0.0000239 seconds
51.528: [GC (Allocation Failure)  712424K->399691K(1034240K), 0.0042231 secs]
51.533: Total time for which application threads were stopped: 0.0043674 seconds, Stopping threads took: 0.0000185 seconds
51.598: [GC (Allocation Failure)  720203K->399723K(1034240K), 0.0043595 secs]
51.602: Total time for which application threads were stopped: 0.0044902 seconds, Stopping threads took: 0.0000192 seconds
51.665: [GC (Allocation Failure)  720235K->400107K(1033216K), 0.0044414 secs]
51.669: Total time for which application threads were stopped: 0.0045972 seconds, Stopping threads took: 0.0000234 seconds
51.732: [GC (Allocation Failure)  719595K->407725K(1033728K), 0.0044556 secs]
51.736: Total time for which application threads were stopped: 0.0045993 seconds, Stopping threads took: 0.0000284 seconds
51.802: [GC (Allocation Failure)  727213K->407757K(1033728K), 0.0041758 secs]
51.806: Total time for which application threads were stopped: 0.0043213 seconds, Stopping threads took: 0.0000191 seconds
51.866: [GC (Allocation Failure)  727245K->407885K(1033728K), 0.0045316 secs]
51.871: Total time for which application threads were stopped: 0.0046888 seconds, Stopping threads took: 0.0000232 seconds
51.934: [GC (Allocation Failure)  727373K->415791K(1033728K), 0.0042140 secs]
51.938: Total time for which application threads were stopped: 0.0043562 seconds, Stopping threads took: 0.0000192 seconds
52.003: [GC (Allocation Failure)  735279K->415759K(1033728K), 0.0043616 secs]
52.008: Total time for which application threads were stopped: 0.0044961 seconds, Stopping threads took: 0.0000262 seconds
52.072: [GC (Allocation Failure)  735247K->415815K(1033728K), 0.0043256 secs]
52.077: Total time for which application threads were stopped: 0.0044646 seconds, Stopping threads took: 0.0000164 seconds
52.143: [GC (Allocation Failure)  735303K->423786K(1027072K), 0.0044659 secs]
52.148: Total time for which application threads were stopped: 0.0046420 seconds, Stopping threads took: 0.0000210 seconds
52.212: [GC (Allocation Failure)  743273K->419911K(1034240K), 0.0036484 secs]
52.216: Total time for which application threads were stopped: 0.0037988 seconds, Stopping threads took: 0.0000199 seconds
52.282: [GC (Allocation Failure)  739399K->423946K(1033216K), 0.0042962 secs]
52.286: Total time for which application threads were stopped: 0.0044608 seconds, Stopping threads took: 0.0000264 seconds
52.352: [GC (Allocation Failure)  743434K->427914K(1034752K), 0.0042118 secs]
52.356: Total time for which application threads were stopped: 0.0043371 seconds, Stopping threads took: 0.0000169 seconds
52.418: [GC (Allocation Failure)  749450K->421127K(1034752K), 0.0020339 secs]
52.420: Total time for which application threads were stopped: 0.0021609 seconds, Stopping threads took: 0.0000200 seconds
52.487: [GC (Allocation Failure)  742663K->427986K(1034752K), 0.0041271 secs]
52.491: Total time for which application threads were stopped: 0.0042568 seconds, Stopping threads took: 0.0000169 seconds
52.556: [GC (Allocation Failure)  749522K->432098K(1034752K), 0.0051582 secs]
52.561: Total time for which application threads were stopped: 0.0052886 seconds, Stopping threads took: 0.0000249 seconds
52.622: [GC (Allocation Failure)  753634K->426527K(1034752K), 0.0025103 secs]
52.625: Total time for which application threads were stopped: 0.0026514 seconds, Stopping threads took: 0.0000192 seconds
52.688: [GC (Allocation Failure)  748063K->432330K(1034752K), 0.0044777 secs]
52.693: Total time for which application threads were stopped: 0.0046310 seconds, Stopping threads took: 0.0000215 seconds
52.757: [GC (Allocation Failure)  753866K->436202K(1034752K), 0.0046973 secs]
52.762: Total time for which application threads were stopped: 0.0048304 seconds, Stopping threads took: 0.0000252 seconds
52.825: [GC (Allocation Failure)  758690K->432295K(1035264K), 0.0064430 secs]
52.831: Total time for which application threads were stopped: 0.0065815 seconds, Stopping threads took: 0.0000207 seconds
52.895: [GC (Allocation Failure)  754855K->436354K(1036288K), 0.0044502 secs]
52.899: Total time for which application threads were stopped: 0.0045904 seconds, Stopping threads took: 0.0000185 seconds
52.965: [GC (Allocation Failure)  760450K->440354K(1035776K), 0.0044037 secs]
52.969: Total time for which application threads were stopped: 0.0045389 seconds, Stopping threads took: 0.0000183 seconds
53.035: [GC (Allocation Failure)  764450K->440322K(1035776K), 0.0090180 secs]
53.044: Total time for which application threads were stopped: 0.0091474 seconds, Stopping threads took: 0.0000185 seconds
53.109: [GC (Allocation Failure)  763906K->440394K(1023488K), 0.0044398 secs]
53.113: Total time for which application threads were stopped: 0.0045871 seconds, Stopping threads took: 0.0000194 seconds
53.177: [GC (Allocation Failure)  763978K->448364K(1035264K), 0.0044604 secs]
53.182: Total time for which application threads were stopped: 0.0046178 seconds, Stopping threads took: 0.0000169 seconds
53.247: [GC (Allocation Failure)  770924K->448332K(1030144K), 0.0050241 secs]
53.252: Total time for which application threads were stopped: 0.0051565 seconds, Stopping threads took: 0.0000204 seconds
53.316: [GC (Allocation Failure)  770892K->448420K(1034752K), 0.0046247 secs]
53.321: Total time for which application threads were stopped: 0.0047794 seconds, Stopping threads took: 0.0000244 seconds
53.385: [GC (Allocation Failure)  769956K->456390K(1034752K), 0.0045476 secs]
53.389: Total time for which application threads were stopped: 0.0046803 seconds, Stopping threads took: 0.0000189 seconds
53.454: [GC (Allocation Failure)  777926K->456390K(1033728K), 0.0043028 secs]
53.459: Total time for which application threads were stopped: 0.0044337 seconds, Stopping threads took: 0.0000191 seconds
53.522: [GC (Allocation Failure)  776902K->456646K(1034240K), 0.0045011 secs]
53.526: Total time for which application threads were stopped: 0.0046528 seconds, Stopping threads took: 0.0000195 seconds
53.590: [GC (Allocation Failure)  777158K->464424K(1034240K), 0.0044436 secs]
53.594: Total time for which application threads were stopped: 0.0045750 seconds, Stopping threads took: 0.0000188 seconds
53.658: [GC (Allocation Failure)  784936K->464456K(1034240K), 0.0044738 secs]
53.663: Total time for which application threads were stopped: 0.0046076 seconds, Stopping threads took: 0.0000195 seconds
53.726: [GC (Allocation Failure)  784968K->464872K(1033216K), 0.0045573 secs]
53.730: Total time for which application threads were stopped: 0.0046995 seconds, Stopping threads took: 0.0000204 seconds
53.795: [GC (Allocation Failure)  784360K->472459K(1033728K), 0.0046334 secs]
53.799: Total time for which application threads were stopped: 0.0047720 seconds, Stopping threads took: 0.0000275 seconds
53.863: [GC (Allocation Failure)  791947K->472459K(1033728K), 0.0045196 secs]
53.867: Total time for which application threads were stopped: 0.0046523 seconds, Stopping threads took: 0.0000194 seconds
53.928: [GC (Allocation Failure)  791947K->472587K(1033728K), 0.0044828 secs]
53.933: Total time for which application threads were stopped: 0.0046182 seconds, Stopping threads took: 0.0000194 seconds
53.997: [GC (Allocation Failure)  792075K->480525K(1033728K), 0.0044503 secs]
54.001: Total time for which application threads were stopped: 0.0045821 seconds, Stopping threads took: 0.0000193 seconds
54.067: [GC (Allocation Failure)  800013K->480493K(1033728K), 0.0045709 secs]
54.072: Total time for which application threads were stopped: 0.0047022 seconds, Stopping threads took: 0.0000167 seconds
54.135: [GC (Allocation Failure)  799981K->480557K(1033728K), 0.0046636 secs]
54.140: Total time for which application threads were stopped: 0.0047942 seconds, Stopping threads took: 0.0000190 seconds
54.202: [GC (Allocation Failure)  800045K->488559K(1027072K), 0.0045449 secs]
54.207: Total time for which application threads were stopped: 0.0046798 seconds, Stopping threads took: 0.0000194 seconds
54.268: [GC (Allocation Failure)  808047K->484621K(1034240K), 0.0036097 secs]
54.272: Total time for which application threads were stopped: 0.0037513 seconds, Stopping threads took: 0.0000264 seconds
54.337: [GC (Allocation Failure)  804109K->488687K(1033216K), 0.0046944 secs]
54.342: Total time for which application threads were stopped: 0.0048438 seconds, Stopping threads took: 0.0000278 seconds
54.407: [GC (Allocation Failure)  808175K->492655K(1034752K), 0.0044976 secs]
54.411: Total time for which application threads were stopped: 0.0046316 seconds, Stopping threads took: 0.0000192 seconds
54.474: [GC (Allocation Failure)  814191K->485869K(1034752K), 0.0022537 secs]
54.476: Total time for which application threads were stopped: 0.0024023 seconds, Stopping threads took: 0.0000238 seconds
54.539: [GC (Allocation Failure)  807405K->492751K(1034752K), 0.0044409 secs]
54.544: Total time for which application threads were stopped: 0.0045960 seconds, Stopping threads took: 0.0000272 seconds
54.607: [GC (Allocation Failure)  814287K->496799K(1034752K), 0.0054185 secs]
54.613: Total time for which application threads were stopped: 0.0055362 seconds, Stopping threads took: 0.0000155 seconds
54.674: [GC (Allocation Failure)  818335K->491261K(1034752K), 0.0027227 secs]
54.676: Total time for which application threads were stopped: 0.0028506 seconds, Stopping threads took: 0.0000185 seconds
54.741: [GC (Allocation Failure)  812797K->497103K(1034752K), 0.0046193 secs]
54.745: Total time for which application threads were stopped: 0.0047598 seconds, Stopping threads took: 0.0000267 seconds
54.809: [GC (Allocation Failure)  818639K->500943K(1035264K), 0.0048417 secs]
54.814: Total time for which application threads were stopped: 0.0049754 seconds, Stopping threads took: 0.0000190 seconds
54.876: [GC (Allocation Failure)  823431K->497037K(1035264K), 0.0034745 secs]
54.880: Total time for which application threads were stopped: 0.0036175 seconds, Stopping threads took: 0.0000187 seconds
54.946: [GC (Allocation Failure)  819597K->501103K(1036288K), 0.0046768 secs]
54.950: Total time for which application threads were stopped: 0.0048016 seconds, Stopping threads took: 0.0000166 seconds
55.014: [GC (Allocation Failure)  825199K->505103K(1035776K), 0.0044667 secs]
55.019: Total time for which application threads were stopped: 0.0046060 seconds, Stopping threads took: 0.0000186 seconds
55.084: [GC (Allocation Failure)  829199K->505103K(1035776K), 0.0046654 secs]
55.089: Total time for which application threads were stopped: 0.0048213 seconds, Stopping threads took: 0.0000176 seconds
55.154: [GC (Allocation Failure)  828687K->505127K(1023488K), 0.0045793 secs]
55.158: Total time for which application threads were stopped: 0.0047109 seconds, Stopping threads took: 0.0000197 seconds
55.223: [GC (Allocation Failure)  828711K->513097K(1035264K), 0.0045731 secs]
55.227: Total time for which application threads were stopped: 0.0047139 seconds, Stopping threads took: 0.0000202 seconds
55.294: [GC (Allocation Failure)  835657K->513097K(1030144K), 0.0043569 secs]
55.299: Total time for which application threads were stopped: 0.0045253 seconds, Stopping threads took: 0.0000296 seconds
55.364: [GC (Allocation Failure)  835657K->513129K(1034752K), 0.0045598 secs]
55.369: Total time for which application threads were stopped: 0.0046996 seconds, Stopping threads took: 0.0000207 seconds
55.432: [GC (Allocation Failure)  834665K->521132K(1029120K), 0.0047473 secs]
55.437: Total time for which application threads were stopped: 0.0048841 seconds, Stopping threads took: 0.0000200 seconds
55.502: [GC (Allocation Failure)  842668K->521132K(1034240K), 0.0044240 secs]
55.506: Total time for which application threads were stopped: 0.0045599 seconds, Stopping threads took: 0.0000200 seconds
55.570: [GC (Allocation Failure)  841644K->521388K(1034240K), 0.0046128 secs]
55.574: Total time for which application threads were stopped: 0.0047539 seconds, Stopping threads took: 0.0000215 seconds
55.638: [GC (Allocation Failure)  841900K->529166K(1034240K), 0.0045002 secs]
55.643: Total time for which application threads were stopped: 0.0046517 seconds, Stopping threads took: 0.0000273 seconds
55.706: [GC (Allocation Failure)  849678K->529166K(1034240K), 0.0046125 secs]
55.711: Total time for which application threads were stopped: 0.0047597 seconds, Stopping threads took: 0.0000202 seconds
55.775: [GC (Allocation Failure)  849678K->529606K(1033216K), 0.0046584 secs]
55.779: Total time for which application threads were stopped: 0.0047917 seconds, Stopping threads took: 0.0000186 seconds
55.843: [GC (Allocation Failure)  849094K->537224K(1033728K), 0.0046396 secs]
55.847: Total time for which application threads were stopped: 0.0047733 seconds, Stopping threads took: 0.0000192 seconds
55.911: [GC (Allocation Failure)  856712K->537192K(1033728K), 0.0046234 secs]
55.916: Total time for which application threads were stopped: 0.0047727 seconds, Stopping threads took: 0.0000244 seconds
55.977: [GC (Allocation Failure)  856680K->537352K(1033728K), 0.0047400 secs]
55.982: Total time for which application threads were stopped: 0.0048940 seconds, Stopping threads took: 0.0000237 seconds
56.046: [GC (Allocation Failure)  856840K->545226K(1033728K), 0.0076275 secs]
56.054: Total time for which application threads were stopped: 0.0077758 seconds, Stopping threads took: 0.0000164 seconds
56.118: [GC (Allocation Failure)  864714K->545226K(1033728K), 0.0047476 secs]
56.123: Total time for which application threads were stopped: 0.0049118 seconds, Stopping threads took: 0.0000194 seconds
56.187: [GC (Allocation Failure)  864714K->545290K(1033728K), 0.0046630 secs]
56.192: Total time for which application threads were stopped: 0.0048025 seconds, Stopping threads took: 0.0000268 seconds
56.257: [GC (Allocation Failure)  864778K->553261K(1027072K), 0.0047049 secs]
56.262: Total time for which application threads were stopped: 0.0048523 seconds, Stopping threads took: 0.0000275 seconds
56.325: [GC (Allocation Failure)  872748K->549354K(1034240K), 0.0038916 secs]
56.329: Total time for which application threads were stopped: 0.0040284 seconds, Stopping threads took: 0.0000155 seconds
56.395: [GC (Allocation Failure)  868842K->553421K(1033216K), 0.0048819 secs]
56.400: Total time for which application threads were stopped: 0.0050080 seconds, Stopping threads took: 0.0000172 seconds
56.465: [GC (Allocation Failure)  872909K->557357K(1034752K), 0.0046181 secs]
56.469: Total time for which application threads were stopped: 0.0047530 seconds, Stopping threads took: 0.0000197 seconds
56.532: [GC (Allocation Failure)  878893K->550602K(1034752K), 0.0023527 secs]
56.534: Total time for which application threads were stopped: 0.0024853 seconds, Stopping threads took: 0.0000194 seconds
56.597: [GC (Allocation Failure)  872138K->557429K(1034752K), 0.0044362 secs]
56.602: Total time for which application threads were stopped: 0.0046049 seconds, Stopping threads took: 0.0000241 seconds
56.665: [GC (Allocation Failure)  878965K->561573K(1034752K), 0.0056047 secs]
56.670: Total time for which application threads were stopped: 0.0057488 seconds, Stopping threads took: 0.0000189 seconds
56.734: [GC (Allocation Failure)  883109K->556002K(1034752K), 0.0028380 secs]
56.737: Total time for which application threads were stopped: 0.0029823 seconds, Stopping threads took: 0.0000197 seconds
56.801: [GC (Allocation Failure)  877538K->561805K(1034752K), 0.0045934 secs]
56.806: Total time for which application threads were stopped: 0.0047305 seconds, Stopping threads took: 0.0000267 seconds
56.869: [GC (Allocation Failure)  883341K->565677K(1034752K), 0.0050901 secs]
56.875: Total time for which application threads were stopped: 0.0052366 seconds, Stopping threads took: 0.0000203 seconds
56.938: [GC (Allocation Failure)  888165K->561770K(1035264K), 0.0037178 secs]
56.941: Total time for which application threads were stopped: 0.0038729 seconds, Stopping threads took: 0.0000260 seconds
57.006: [GC (Allocation Failure)  884330K->565837K(1036288K), 0.0047876 secs]
57.011: Total time for which application threads were stopped: 0.0049227 seconds, Stopping threads took: 0.0000202 seconds
57.077: [GC (Allocation Failure)  889933K->569805K(1035776K), 0.0046576 secs]
57.082: Total time for which application threads were stopped: 0.0048185 seconds, Stopping threads took: 0.0000199 seconds
57.150: [GC (Allocation Failure)  893901K->569805K(1035776K), 0.0054840 secs]
57.156: Total time for which application threads were stopped: 0.0056832 seconds, Stopping threads took: 0.0000197 seconds
57.224: [GC (Allocation Failure)  893389K->569869K(1023488K), 0.0048475 secs]
57.229: Total time for which application threads were stopped: 0.0050259 seconds, Stopping threads took: 0.0000286 seconds
57.296: [GC (Allocation Failure)  893453K->577871K(1035264K), 0.0048105 secs]
57.300: Total time for which application threads were stopped: 0.0049885 seconds, Stopping threads took: 0.0000269 seconds
57.367: [GC (Allocation Failure)  900431K->577839K(1030144K), 0.0044855 secs]
57.371: Total time for which application threads were stopped: 0.0046259 seconds, Stopping threads took: 0.0000194 seconds
57.435: [GC (Allocation Failure)  900399K->577895K(1034752K), 0.0045637 secs]
57.440: Total time for which application threads were stopped: 0.0047181 seconds, Stopping threads took: 0.0000208 seconds
57.505: [GC (Allocation Failure)  899431K->585865K(1034752K), 0.0048116 secs]
57.510: Total time for which application threads were stopped: 0.0049457 seconds, Stopping threads took: 0.0000169 seconds
57.576: [GC (Allocation Failure)  907401K->585865K(1033728K), 0.0044998 secs]
57.581: Total time for which application threads were stopped: 0.0046421 seconds, Stopping threads took: 0.0000267 seconds
57.644: [GC (Allocation Failure)  906377K->586121K(1034240K), 0.0048218 secs]
57.649: Total time for which application threads were stopped: 0.0049580 seconds, Stopping threads took: 0.0000203 seconds
57.712: [GC (Allocation Failure)  906633K->593900K(1034240K), 0.0046810 secs]
57.717: Total time for which application threads were stopped: 0.0048164 seconds, Stopping threads took: 0.0000186 seconds
57.782: [GC (Allocation Failure)  914412K->593900K(1034240K), 0.0046154 secs]
57.786: Total time for which application threads were stopped: 0.0047502 seconds, Stopping threads took: 0.0000193 seconds
57.851: [GC (Allocation Failure)  914412K->594348K(1033216K), 0.0046984 secs]
57.855: Total time for which application threads were stopped: 0.0048535 seconds, Stopping threads took: 0.0000194 seconds
57.918: [GC (Allocation Failure)  913836K->601966K(1033728K), 0.0046540 secs]
57.923: Total time for which application threads were stopped: 0.0047933 seconds, Stopping threads took: 0.0000190 seconds
57.986: [GC (Allocation Failure)  921454K->601934K(1033728K), 0.0047091 secs]
57.991: Total time for which application threads were stopped: 0.0048652 seconds, Stopping threads took: 0.0000269 seconds
58.055: [GC (Allocation Failure)  921422K->602030K(1033728K), 0.0057724 secs]
58.061: Total time for which application threads were stopped: 0.0059001 seconds, Stopping threads took: 0.0000154 seconds
58.126: [GC (Allocation Failure)  921518K->609968K(1033728K), 0.0046996 secs]
58.131: Total time for which application threads were stopped: 0.0048623 seconds, Stopping threads took: 0.0000195 seconds
58.197: [GC (Allocation Failure)  929456K->609968K(1033728K), 0.0048561 secs]
58.202: Total time for which application threads were stopped: 0.0050000 seconds, Stopping threads took: 0.0000194 seconds
58.265: [GC (Allocation Failure)  929456K->610024K(1033728K), 0.0046551 secs]
58.270: Total time for which application threads were stopped: 0.0048002 seconds, Stopping threads took: 0.0000256 seconds
58.332: [GC (Allocation Failure)  929512K->617994K(1027072K), 0.0049421 secs]
58.337: Total time for which application threads were stopped: 0.0050967 seconds, Stopping threads took: 0.0000191 seconds
58.400: [GC (Allocation Failure)  937482K->614088K(1034240K), 0.0040148 secs]
58.404: Total time for which application threads were stopped: 0.0041524 seconds, Stopping threads took: 0.0000203 seconds
58.469: [GC (Allocation Failure)  933576K->618154K(1033216K), 0.0048058 secs]
58.474: Total time for which application threads were stopped: 0.0049420 seconds, Stopping threads took: 0.0000198 seconds
58.537: [GC (Allocation Failure)  937642K->622122K(1034752K), 0.0046800 secs]
58.542: Total time for which application threads were stopped: 0.0048036 seconds, Stopping threads took: 0.0000164 seconds
58.606: [GC (Allocation Failure)  943658K->615336K(1034752K), 0.0024700 secs]
58.609: Total time for which application threads were stopped: 0.0026049 seconds, Stopping threads took: 0.0000202 seconds
58.674: [GC (Allocation Failure)  936872K->622226K(1034752K), 0.0047174 secs]
58.679: Total time for which application threads were stopped: 0.0048621 seconds, Stopping threads took: 0.0000205 seconds
58.740: [GC (Allocation Failure)  943762K->626274K(1034752K), 0.0057696 secs]
58.746: Total time for which application threads were stopped: 0.0059120 seconds, Stopping threads took: 0.0000198 seconds
58.807: [GC (Allocation Failure)  947810K->620768K(1034752K), 0.0029532 secs]
58.810: Total time for which application threads were stopped: 0.0030959 seconds, Stopping threads took: 0.0000282 seconds
58.873: [GC (Allocation Failure)  942304K->626506K(1034752K), 0.0067501 secs]
58.880: Total time for which application threads were stopped: 0.0069011 seconds, Stopping threads took: 0.0000278 seconds
58.944: [GC (Allocation Failure)  948042K->630410K(1034752K), 0.0053849 secs]
58.949: Total time for which application threads were stopped: 0.0055321 seconds, Stopping threads took: 0.0000180 seconds
59.014: [GC (Allocation Failure)  952899K->626504K(1035264K), 0.0038133 secs]
59.018: Total time for which application threads were stopped: 0.0039638 seconds, Stopping threads took: 0.0000180 seconds
59.085: [GC (Allocation Failure)  949064K->630570K(1036288K), 0.0050822 secs]
59.090: Total time for which application threads were stopped: 0.0052193 seconds, Stopping threads took: 0.0000188 seconds
59.153: [GC (Allocation Failure)  954666K->634570K(1035776K), 0.0049362 secs]
59.158: Total time for which application threads were stopped: 0.0050787 seconds, Stopping threads took: 0.0000194 seconds
59.222: [GC (Allocation Failure)  958666K->634538K(1035776K), 0.0047458 secs]
59.227: Total time for which application threads were stopped: 0.0048840 seconds, Stopping threads took: 0.0000194 seconds
59.291: [GC (Allocation Failure)  958122K->634602K(1023488K), 0.0047075 secs]
59.296: Total time for which application threads were stopped: 0.0048434 seconds, Stopping threads took: 0.0000191 seconds
59.358: [GC (Allocation Failure)  958186K->642573K(1035264K), 0.0048360 secs]
59.362: Total time for which application threads were stopped: 0.0049673 seconds, Stopping threads took: 0.0000182 seconds
59.425: [GC (Allocation Failure)  965133K->642573K(1030144K), 0.0047237 secs]
59.430: Total time for which application threads were stopped: 0.0048606 seconds, Stopping threads took: 0.0000187 seconds
59.493: [GC (Allocation Failure)  965133K->642629K(1034752K), 0.0048642 secs]
59.498: Total time for which application threads were stopped: 0.0050186 seconds, Stopping threads took: 0.0000190 seconds
59.561: [GC (Allocation Failure)  964165K->650599K(1034752K), 0.0049098 secs]
59.566: Total time for which application threads were stopped: 0.0050513 seconds, Stopping threads took: 0.0000193 seconds
59.629: [GC (Allocation Failure)  972135K->650599K(1033728K), 0.0076855 secs]
59.637: Total time for which application threads were stopped: 0.0078250 seconds, Stopping threads took: 0.0000191 seconds
59.701: [GC (Allocation Failure)  971111K->650855K(1034240K), 0.0047791 secs]
59.706: Total time for which application threads were stopped: 0.0049247 seconds, Stopping threads took: 0.0000264 seconds
59.769: [GC (Allocation Failure)  971367K->658665K(1034240K), 0.0046145 secs]
59.774: Total time for which application threads were stopped: 0.0047618 seconds, Stopping threads took: 0.0000256 seconds
59.837: [GC (Allocation Failure)  979177K->658633K(1034240K), 0.0048614 secs]
59.842: Total time for which application threads were stopped: 0.0049935 seconds, Stopping threads took: 0.0000189 seconds
59.905: [GC (Allocation Failure)  979145K->659081K(1033216K), 0.0048081 secs]
59.910: Total time for which application threads were stopped: 0.0049385 seconds, Stopping threads took: 0.0000180 seconds
59.972: [GC (Allocation Failure)  978569K->666667K(1033728K), 0.0047866 secs]
59.977: Total time for which application threads were stopped: 0.0049418 seconds, Stopping threads took: 0.0000186 seconds
60.042: [GC (Allocation Failure)  986155K->666667K(1033728K), 0.0072263 secs]
60.050: Total time for which application threads were stopped: 0.0074021 seconds, Stopping threads took: 0.0000222 seconds
60.112: [GC (Allocation Failure)  986155K->666827K(1033728K), 0.0049575 secs]
60.117: Total time for which application threads were stopped: 0.0051023 seconds, Stopping threads took: 0.0000192 seconds
60.181: [GC (Allocation Failure)  986315K->674734K(1033728K), 0.0048475 secs]
60.186: Total time for which application threads were stopped: 0.0050055 seconds, Stopping threads took: 0.0000269 seconds
60.252: [GC (Allocation Failure)  994222K->674702K(1033728K), 0.0052354 secs]
60.257: Total time for which application threads were stopped: 0.0053757 seconds, Stopping threads took: 0.0000198 seconds
60.320: [GC (Allocation Failure)  994190K->674766K(1033728K), 0.0047972 secs]
60.325: Total time for which application threads were stopped: 0.0049428 seconds, Stopping threads took: 0.0000285 seconds
60.387: [GC (Allocation Failure)  994254K->682736K(1027072K), 0.0050104 secs]
60.392: Total time for which application threads were stopped: 0.0051450 seconds, Stopping threads took: 0.0000193 seconds
60.453: [GC (Allocation Failure)  1002223K->678830K(1034240K), 0.0041978 secs]
60.458: Total time for which application threads were stopped: 0.0043377 seconds, Stopping threads took: 0.0000192 seconds
60.523: [GC (Allocation Failure)  998318K->682896K(1033216K), 0.0049796 secs]
60.528: Total time for which application threads were stopped: 0.0051110 seconds, Stopping threads took: 0.0000181 seconds
60.591: [GC (Allocation Failure)  1002384K->686864K(1034752K), 0.0047506 secs]
60.596: Total time for which application threads were stopped: 0.0048933 seconds, Stopping threads took: 0.0000272 seconds
60.659: [GC (Allocation Failure)  1008400K->680078K(1034752K), 0.0025829 secs]
60.661: Total time for which application threads were stopped: 0.0027087 seconds, Stopping threads took: 0.0000189 seconds
60.724: [GC (Allocation Failure)  1001614K->686928K(1034752K), 0.0047313 secs]
60.729: Total time for which application threads were stopped: 0.0048665 seconds, Stopping threads took: 0.0000195 seconds
60.792: [GC (Allocation Failure)  1008464K->691008K(1034752K), 0.0058515 secs]
60.798: Total time for which application threads were stopped: 0.0059935 seconds, Stopping threads took: 0.0000269 seconds
60.860: [GC (Allocation Failure)  1012544K->685502K(1034752K), 0.0031941 secs]
60.863: Total time for which application threads were stopped: 0.0033282 seconds, Stopping threads took: 0.0000187 seconds
60.928: [GC (Allocation Failure)  1007038K->691272K(1034752K), 0.0048772 secs]
60.933: Total time for which application threads were stopped: 0.0050192 seconds, Stopping threads took: 0.0000211 seconds
60.996: [GC (Allocation Failure)  1012808K->695104K(1034752K), 0.0054403 secs]
61.002: Total time for which application threads were stopped: 0.0055906 seconds, Stopping threads took: 0.0000245 seconds
61.066: [GC (Allocation Failure)  1017592K->691230K(1035264K), 0.0037069 secs]
61.070: Total time for which application threads were stopped: 0.0038134 seconds, Stopping threads took: 0.0000147 seconds
61.134: [GC (Allocation Failure)  1013790K->695304K(1036288K), 0.0050444 secs]
61.140: [Full GC (Ergonomics)  695304K->8583K(1036288K), 0.0132093 secs]
61.153: Total time for which application threads were stopped: 0.0184934 seconds, Stopping threads took: 0.0000174 seconds
61.221: [GC (Allocation Failure)  332679K->16681K(1035776K), 0.0036224 secs]
61.224: Total time for which application threads were stopped: 0.0037810 seconds, Stopping threads took: 0.0000176 seconds
61.291: [GC (Allocation Failure)  340777K->16721K(1035776K), 0.0035890 secs]
61.295: Total time for which application threads were stopped: 0.0037510 seconds, Stopping threads took: 0.0000197 seconds
61.363: [GC (Allocation Failure)  340305K->16745K(1023488K), 0.0036263 secs]
61.366: Total time for which application threads were stopped: 0.0037888 seconds, Stopping threads took: 0.0000202 seconds
61.432: [GC (Allocation Failure)  340329K->24715K(1035264K), 0.0036269 secs]
61.436: Total time for which application threads were stopped: 0.0037614 seconds, Stopping threads took: 0.0000200 seconds
61.502: [GC (Allocation Failure)  347275K->24715K(1030144K), 0.0034242 secs]
61.505: Total time for which application threads were stopped: 0.0035582 seconds, Stopping threads took: 0.0000205 seconds
61.568: [GC (Allocation Failure)  347275K->24779K(1034752K), 0.0035523 secs]
61.572: Total time for which application threads were stopped: 0.0036851 seconds, Stopping threads took: 0.0000200 seconds
61.636: [GC (Allocation Failure)  346315K->32781K(1029120K), 0.0036684 secs]
61.640: Total time for which application threads were stopped: 0.0037822 seconds, Stopping threads took: 0.0000149 seconds
61.706: [GC (Allocation Failure)  354317K->32717K(1034240K), 0.0032862 secs]
61.709: Total time for which application threads were stopped: 0.0034344 seconds, Stopping threads took: 0.0000290 seconds
61.774: [GC (Allocation Failure)  353229K->32997K(1034240K), 0.0036634 secs]
61.778: Total time for which application threads were stopped: 0.0038159 seconds, Stopping threads took: 0.0000244 seconds
61.843: [GC (Allocation Failure)  353509K->40808K(1034240K), 0.0035444 secs]
61.847: Total time for which application threads were stopped: 0.0036791 seconds, Stopping threads took: 0.0000245 seconds
61.912: [GC (Allocation Failure)  361320K->40808K(1034240K), 0.0036701 secs]
61.916: Total time for which application threads were stopped: 0.0038008 seconds, Stopping threads took: 0.0000191 seconds
61.979: [GC (Allocation Failure)  361320K->41224K(1033216K), 0.0036829 secs]
61.983: Total time for which application threads were stopped: 0.0038138 seconds, Stopping threads took: 0.0000191 seconds
62.047: [GC (Allocation Failure)  360712K->48810K(1033728K), 0.0043418 secs]
62.051: Total time for which application threads were stopped: 0.0044921 seconds, Stopping threads took: 0.0000227 seconds
62.117: [GC (Allocation Failure)  368298K->48810K(1033728K), 0.0035315 secs]
62.120: Total time for which application threads were stopped: 0.0036619 seconds, Stopping threads took: 0.0000187 seconds
62.182: [GC (Allocation Failure)  368298K->48898K(1033728K), 0.0043867 secs]
62.186: Total time for which application threads were stopped: 0.0045074 seconds, Stopping threads took: 0.0000165 seconds
62.250: [GC (Allocation Failure)  368386K->56836K(1033728K), 0.0036225 secs]
62.254: Total time for which application threads were stopped: 0.0037667 seconds, Stopping threads took: 0.0000234 seconds
62.317: [GC (Allocation Failure)  376324K->56836K(1033728K), 0.0035476 secs]
62.321: Total time for which application threads were stopped: 0.0037011 seconds, Stopping threads took: 0.0000246 seconds
62.386: [GC (Allocation Failure)  376324K->56908K(1033728K), 0.0037420 secs]
62.390: Total time for which application threads were stopped: 0.0038602 seconds, Stopping threads took: 0.0000161 seconds
62.452: [GC (Allocation Failure)  376396K->64911K(1027072K), 0.0036349 secs]
62.456: Total time for which application threads were stopped: 0.0037711 seconds, Stopping threads took: 0.0000203 seconds
62.519: [GC (Allocation Failure)  384398K->60972K(1034240K), 0.0028718 secs]
62.522: Total time for which application threads were stopped: 0.0030114 seconds, Stopping threads took: 0.0000239 seconds
62.586: [GC (Allocation Failure)  380460K->65007K(1033216K), 0.0036701 secs]
62.589: Total time for which application threads were stopped: 0.0038054 seconds, Stopping threads took: 0.0000187 seconds
62.653: [GC (Allocation Failure)  384495K->69007K(1034752K), 0.0034049 secs]
62.656: Total time for which application threads were stopped: 0.0035384 seconds, Stopping threads took: 0.0000274 seconds
62.720: [GC (Allocation Failure)  390543K->62220K(1034752K), 0.0011272 secs]
62.721: Total time for which application threads were stopped: 0.0012649 seconds, Stopping threads took: 0.0000240 seconds
62.785: [GC (Allocation Failure)  383756K->69071K(1034752K), 0.0035081 secs]
62.788: Total time for which application threads were stopped: 0.0036467 seconds, Stopping threads took: 0.0000187 seconds
62.850: [GC (Allocation Failure)  390607K->73175K(1034752K), 0.0046145 secs]
62.855: Total time for which application threads were stopped: 0.0047511 seconds, Stopping threads took: 0.0000188 seconds
62.916: [GC (Allocation Failure)  394711K->67572K(1034752K), 0.0017985 secs]
62.918: Total time for which application threads were stopped: 0.0019246 seconds, Stopping threads took: 0.0000186 seconds
62.981: [GC (Allocation Failure)  389108K->73415K(1034752K), 0.0035404 secs]
62.984: Total time for which application threads were stopped: 0.0036689 seconds, Stopping threads took: 0.0000182 seconds
63.048: [GC (Allocation Failure)  394951K->77247K(1035264K), 0.0052778 secs]
63.053: Total time for which application threads were stopped: 0.0054415 seconds, Stopping threads took: 0.0000253 seconds
63.117: [GC (Allocation Failure)  399735K->73372K(1035264K), 0.0033859 secs]
63.120: Total time for which application threads were stopped: 0.0035339 seconds, Stopping threads took: 0.0000203 seconds
63.185: [GC (Allocation Failure)  395932K->77415K(1036288K), 0.0037829 secs]
63.189: Total time for which application threads were stopped: 0.0039442 seconds, Stopping threads took: 0.0000303 seconds
63.252: [GC (Allocation Failure)  401511K->81415K(1035776K), 0.0037522 secs]
63.256: Total time for which application threads were stopped: 0.0038824 seconds, Stopping threads took: 0.0000190 seconds
63.321: [GC (Allocation Failure)  405511K->81415K(1035776K), 0.0034439 secs]
63.324: Total time for which application threads were stopped: 0.0035742 seconds, Stopping threads took: 0.0000248 seconds
63.388: [GC (Allocation Failure)  404999K->81511K(1023488K), 0.0036220 secs]
63.391: Total time for which application threads were stopped: 0.0037544 seconds, Stopping threads took: 0.0000194 seconds
63.457: [GC (Allocation Failure)  405095K->89513K(1035264K), 0.0037200 secs]
63.461: Total time for which application threads were stopped: 0.0038777 seconds, Stopping threads took: 0.0000239 seconds
63.525: [GC (Allocation Failure)  412073K->89417K(1030144K), 0.0035335 secs]
63.529: Total time for which application threads were stopped: 0.0036617 seconds, Stopping threads took: 0.0000177 seconds
63.594: [GC (Allocation Failure)  411977K->89481K(1034752K), 0.0036476 secs]
63.597: Total time for which application threads were stopped: 0.0037748 seconds, Stopping threads took: 0.0000190 seconds
63.663: [GC (Allocation Failure)  411017K->97515K(1029120K), 0.0038464 secs]
63.667: Total time for which application threads were stopped: 0.0040000 seconds, Stopping threads took: 0.0000238 seconds
63.733: [GC (Allocation Failure)  419051K->97451K(1034240K), 0.0034294 secs]
63.736: Total time for which application threads were stopped: 0.0035652 seconds, Stopping threads took: 0.0000181 seconds
63.799: [GC (Allocation Failure)  417963K->97739K(1034240K), 0.0037037 secs]
63.803: Total time for which application threads were stopped: 0.0038478 seconds, Stopping threads took: 0.0000249 seconds
63.866: [GC (Allocation Failure)  418251K->105517K(1034240K), 0.0035296 secs]
63.870: Total time for which application threads were stopped: 0.0036821 seconds, Stopping threads took: 0.0000193 seconds
63.933: [GC (Allocation Failure)  426029K->105517K(1034240K), 0.0037194 secs]
63.937: Total time for which application threads were stopped: 0.0038472 seconds, Stopping threads took: 0.0000193 seconds
63.999: [GC (Allocation Failure)  426029K->105957K(1033216K), 0.0039854 secs]
64.003: Total time for which application threads were stopped: 0.0041253 seconds, Stopping threads took: 0.0000228 seconds
64.069: [GC (Allocation Failure)  425445K->113576K(1033728K), 0.0038525 secs]
64.073: Total time for which application threads were stopped: 0.0040250 seconds, Stopping threads took: 0.0000196 seconds
64.138: [GC (Allocation Failure)  433064K->113544K(1033728K), 0.0037163 secs]
64.141: Total time for which application threads were stopped: 0.0038678 seconds, Stopping threads took: 0.0000195 seconds
64.202: [GC (Allocation Failure)  433032K->113704K(1033728K), 0.0037058 secs]
64.206: Total time for which application threads were stopped: 0.0038532 seconds, Stopping threads took: 0.0000203 seconds
64.269: [GC (Allocation Failure)  433192K->121642K(1033728K), 0.0035509 secs]
64.273: Total time for which application threads were stopped: 0.0036883 seconds, Stopping threads took: 0.0000250 seconds
64.336: [GC (Allocation Failure)  441130K->121610K(1033728K), 0.0037992 secs]
64.340: Total time for which application threads were stopped: 0.0039260 seconds, Stopping threads took: 0.0000184 seconds
64.402: [GC (Allocation Failure)  441098K->121674K(1033728K), 0.0039223 secs]
64.406: Total time for which application threads were stopped: 0.0040472 seconds, Stopping threads took: 0.0000174 seconds
64.471: [GC (Allocation Failure)  441162K->129580K(1027072K), 0.0037943 secs]
64.474: Total time for which application threads were stopped: 0.0039331 seconds, Stopping threads took: 0.0000236 seconds
64.535: [GC (Allocation Failure)  449068K->125706K(1034240K), 0.0029213 secs]
64.538: Total time for which application threads were stopped: 0.0030558 seconds, Stopping threads took: 0.0000181 seconds
64.603: [GC (Allocation Failure)  445194K->129772K(1033216K), 0.0037526 secs]
64.607: Total time for which application threads were stopped: 0.0038845 seconds, Stopping threads took: 0.0000186 seconds
64.671: [GC (Allocation Failure)  449260K->133708K(1034752K), 0.0036369 secs]
64.674: Total time for which application threads were stopped: 0.0037672 seconds, Stopping threads took: 0.0000192 seconds
64.737: [GC (Allocation Failure)  455244K->126986K(1034752K), 0.0013169 secs]
64.739: Total time for which application threads were stopped: 0.0014706 seconds, Stopping threads took: 0.0000244 seconds
64.802: [GC (Allocation Failure)  448522K->133804K(1034752K), 0.0035799 secs]
64.806: Total time for which application threads were stopped: 0.0037165 seconds, Stopping threads took: 0.0000196 seconds
64.869: [GC (Allocation Failure)  455340K->137916K(1034752K), 0.0046595 secs]
64.874: Total time for which application threads were stopped: 0.0047860 seconds, Stopping threads took: 0.0000154 seconds
64.935: [GC (Allocation Failure)  459452K->132314K(1034752K), 0.0020717 secs]
64.937: Total time for which application threads were stopped: 0.0022282 seconds, Stopping threads took: 0.0000241 seconds
65.002: [GC (Allocation Failure)  453850K->138156K(1034752K), 0.0038276 secs]
65.006: Total time for which application threads were stopped: 0.0039721 seconds, Stopping threads took: 0.0000201 seconds
65.071: [GC (Allocation Failure)  459692K->142028K(1034752K), 0.0041991 secs]
65.075: Total time for which application threads were stopped: 0.0043399 seconds, Stopping threads took: 0.0000184 seconds
65.139: [GC (Allocation Failure)  464516K->138154K(1035264K), 0.0026064 secs]
65.141: Total time for which application threads were stopped: 0.0027492 seconds, Stopping threads took: 0.0000200 seconds
65.206: [GC (Allocation Failure)  460714K->142180K(1036288K), 0.0039214 secs]
65.210: Total time for which application threads were stopped: 0.0040759 seconds, Stopping threads took: 0.0000282 seconds
65.273: [GC (Allocation Failure)  466276K->146148K(1035776K), 0.0036199 secs]
65.277: Total time for which application threads were stopped: 0.0037540 seconds, Stopping threads took: 0.0000248 seconds
65.342: [GC (Allocation Failure)  470244K->146148K(1035776K), 0.0035461 secs]
65.345: Total time for which application threads were stopped: 0.0036784 seconds, Stopping threads took: 0.0000242 seconds
65.409: [GC (Allocation Failure)  469732K->146252K(1023488K), 0.0038663 secs]
65.412: Total time for which application threads were stopped: 0.0039948 seconds, Stopping threads took: 0.0000180 seconds
65.474: [GC (Allocation Failure)  469836K->154222K(1035264K), 0.0038596 secs]
65.478: Total time for which application threads were stopped: 0.0039870 seconds, Stopping threads took: 0.0000179 seconds
65.544: [GC (Allocation Failure)  476782K->154190K(1030144K), 0.0036355 secs]
65.548: Total time for which application threads were stopped: 0.0037642 seconds, Stopping threads took: 0.0000186 seconds
65.613: [GC (Allocation Failure)  476750K->154246K(1034752K), 0.0039732 secs]
65.617: Total time for which application threads were stopped: 0.0041147 seconds, Stopping threads took: 0.0000194 seconds
65.682: [GC (Allocation Failure)  475782K->162249K(1034752K), 0.0039224 secs]
65.686: Total time for which application threads were stopped: 0.0040549 seconds, Stopping threads took: 0.0000189 seconds
65.750: [GC (Allocation Failure)  483785K->162217K(1033728K), 0.0035081 secs]
65.754: Total time for which application threads were stopped: 0.0036855 seconds, Stopping threads took: 0.0000485 seconds
65.818: [GC (Allocation Failure)  482729K->162473K(1034240K), 0.0037432 secs]
65.821: Total time for which application threads were stopped: 0.0038661 seconds, Stopping threads took: 0.0000184 seconds
65.886: [GC (Allocation Failure)  482985K->170251K(1034240K), 0.0037169 secs]
65.890: Total time for which application threads were stopped: 0.0038364 seconds, Stopping threads took: 0.0000159 seconds
65.955: [GC (Allocation Failure)  490763K->170251K(1034240K), 0.0039465 secs]
65.959: Total time for which application threads were stopped: 0.0040745 seconds, Stopping threads took: 0.0000187 seconds
66.022: [GC (Allocation Failure)  490763K->170699K(1033216K), 0.0038499 secs]
66.026: Total time for which application threads were stopped: 0.0039765 seconds, Stopping threads took: 0.0000187 seconds
66.090: [GC (Allocation Failure)  490187K->178349K(1033728K), 0.0038907 secs]
66.094: Total time for which application threads were stopped: 0.0040104 seconds, Stopping threads took: 0.0000147 seconds
66.160: [GC (Allocation Failure)  497837K->178285K(1033728K), 0.0036616 secs]
66.164: Total time for which application threads were stopped: 0.0037944 seconds, Stopping threads took: 0.0000195 seconds
66.224: [GC (Allocation Failure)  497773K->178413K(1033728K), 0.0039642 secs]
66.228: Total time for which application threads were stopped: 0.0040960 seconds, Stopping threads took: 0.0000193 seconds
66.293: [GC (Allocation Failure)  497901K->186319K(1033728K), 0.0036644 secs]
66.297: Total time for which application threads were stopped: 0.0038326 seconds, Stopping threads took: 0.0000267 seconds
66.362: [GC (Allocation Failure)  505807K->186319K(1033728K), 0.0039524 secs]
66.366: Total time for which application threads were stopped: 0.0040956 seconds, Stopping threads took: 0.0000259 seconds
66.428: [GC (Allocation Failure)  505807K->186375K(1033728K), 0.0037520 secs]
66.432: Total time for which application threads were stopped: 0.0038788 seconds, Stopping threads took: 0.0000172 seconds
66.494: [GC (Allocation Failure)  505863K->194346K(1027072K), 0.0039324 secs]
66.498: Total time for which application threads were stopped: 0.0041907 seconds, Stopping threads took: 0.0000243 seconds
66.559: [GC (Allocation Failure)  513833K->190439K(1034240K), 0.0030088 secs]
66.562: Total time for which application threads were stopped: 0.0031603 seconds, Stopping threads took: 0.0000181 seconds
66.627: [GC (Allocation Failure)  509927K->194506K(1033216K), 0.0039494 secs]
66.631: Total time for which application threads were stopped: 0.0040916 seconds, Stopping threads took: 0.0000251 seconds
66.697: [GC (Allocation Failure)  513994K->198506K(1034752K), 0.0038215 secs]
66.700: Total time for which application threads were stopped: 0.0039585 seconds, Stopping threads took: 0.0000268 seconds
66.763: [GC (Allocation Failure)  520042K->191687K(1034752K), 0.0019152 secs]
66.765: Total time for which application threads were stopped: 0.0020734 seconds, Stopping threads took: 0.0000236 seconds
66.828: [GC (Allocation Failure)  513223K->198546K(1034752K), 0.0039028 secs]
66.832: Total time for which application threads were stopped: 0.0040344 seconds, Stopping threads took: 0.0000187 seconds
66.894: [GC (Allocation Failure)  520082K->202618K(1034752K), 0.0048170 secs]
66.899: Total time for which application threads were stopped: 0.0049468 seconds, Stopping threads took: 0.0000185 seconds
66.963: [GC (Allocation Failure)  524154K->197079K(1034752K), 0.0020369 secs]
66.965: Total time for which application threads were stopped: 0.0021866 seconds, Stopping threads took: 0.0000197 seconds
67.028: [GC (Allocation Failure)  518615K->202858K(1034752K), 0.0038284 secs]
67.032: Total time for which application threads were stopped: 0.0039603 seconds, Stopping threads took: 0.0000187 seconds
67.097: [GC (Allocation Failure)  524394K->206786K(1034752K), 0.0043304 secs]
67.102: Total time for which application threads were stopped: 0.0044631 seconds, Stopping threads took: 0.0000182 seconds
67.164: [GC (Allocation Failure)  529274K->202847K(1035264K), 0.0029540 secs]
67.167: Total time for which application threads were stopped: 0.0031131 seconds, Stopping threads took: 0.0000281 seconds
67.233: [GC (Allocation Failure)  525407K->206922K(1036288K), 0.0039279 secs]
67.237: Total time for which application threads were stopped: 0.0040737 seconds, Stopping threads took: 0.0000200 seconds
67.302: [GC (Allocation Failure)  531018K->210922K(1035776K), 0.0037435 secs]
67.306: Total time for which application threads were stopped: 0.0038987 seconds, Stopping threads took: 0.0000241 seconds
67.371: [GC (Allocation Failure)  535018K->210890K(1035776K), 0.0038053 secs]
67.375: Total time for which application threads were stopped: 0.0039454 seconds, Stopping threads took: 0.0000247 seconds
67.438: [GC (Allocation Failure)  534474K->210986K(1023488K), 0.0038625 secs]
67.442: Total time for which application threads were stopped: 0.0040146 seconds, Stopping threads took: 0.0000191 seconds
67.506: [GC (Allocation Failure)  534570K->218956K(1035264K), 0.0040092 secs]
67.511: Total time for which application threads were stopped: 0.0041610 seconds, Stopping threads took: 0.0000239 seconds
67.576: [GC (Allocation Failure)  541516K->218892K(1030144K), 0.0036485 secs]
67.580: Total time for which application threads were stopped: 0.0037831 seconds, Stopping threads took: 0.0000192 seconds
67.645: [GC (Allocation Failure)  541452K->218988K(1034752K), 0.0037978 secs]
67.648: Total time for which application threads were stopped: 0.0039149 seconds, Stopping threads took: 0.0000163 seconds
67.711: [GC (Allocation Failure)  540524K->226958K(1034752K), 0.0039994 secs]
67.715: Total time for which application threads were stopped: 0.0041277 seconds, Stopping threads took: 0.0000187 seconds
67.779: [GC (Allocation Failure)  548494K->226958K(1033728K), 0.0037684 secs]
67.783: Total time for which application threads were stopped: 0.0038994 seconds, Stopping threads took: 0.0000194 seconds
67.848: [GC (Allocation Failure)  547470K->227206K(1034240K), 0.0039996 secs]
67.852: Total time for which application threads were stopped: 0.0041410 seconds, Stopping threads took: 0.0000180 seconds
67.916: [GC (Allocation Failure)  547718K->235017K(1034240K), 0.0062835 secs]
67.922: Total time for which application threads were stopped: 0.0064183 seconds, Stopping threads took: 0.0000180 seconds
67.987: [GC (Allocation Failure)  555529K->235017K(1034240K), 0.0039406 secs]
67.991: Total time for which application threads were stopped: 0.0040807 seconds, Stopping threads took: 0.0000187 seconds
68.055: [GC (Allocation Failure)  555529K->235393K(1033216K), 0.0047178 secs]
68.060: Total time for which application threads were stopped: 0.0048552 seconds, Stopping threads took: 0.0000244 seconds
68.125: [GC (Allocation Failure)  554881K->243043K(1033728K), 0.0039332 secs]
68.129: Total time for which application threads were stopped: 0.0040671 seconds, Stopping threads took: 0.0000195 seconds
68.194: [GC (Allocation Failure)  562531K->243011K(1033728K), 0.0038403 secs]
68.197: Total time for which application threads were stopped: 0.0039733 seconds, Stopping threads took: 0.0000190 seconds
68.258: [GC (Allocation Failure)  562499K->243179K(1033728K), 0.0041417 secs]
68.262: Total time for which application threads were stopped: 0.0042794 seconds, Stopping threads took: 0.0000198 seconds
68.326: [GC (Allocation Failure)  562667K->251053K(1033728K), 0.0037959 secs]
68.330: Total time for which application threads were stopped: 0.0039520 seconds, Stopping threads took: 0.0000253 seconds
68.395: [GC (Allocation Failure)  570541K->251053K(1033728K), 0.0040873 secs]
68.399: Total time for which application threads were stopped: 0.0042230 seconds, Stopping threads took: 0.0000181 seconds
68.461: [GC (Allocation Failure)  570541K->251109K(1033728K), 0.0040890 secs]
68.466: Total time for which application threads were stopped: 0.0042219 seconds, Stopping threads took: 0.0000178 seconds
68.530: [GC (Allocation Failure)  570597K->259079K(1027072K), 0.0041536 secs]
68.534: Total time for which application threads were stopped: 0.0042930 seconds, Stopping threads took: 0.0000156 seconds
68.596: [GC (Allocation Failure)  578567K->255173K(1034240K), 0.0031583 secs]
68.600: Total time for which application threads were stopped: 0.0032931 seconds, Stopping threads took: 0.0000178 seconds
68.664: [GC (Allocation Failure)  574661K->259207K(1033216K), 0.0041362 secs]
68.669: Total time for which application threads were stopped: 0.0042762 seconds, Stopping threads took: 0.0000180 seconds
68.734: [GC (Allocation Failure)  578695K->263207K(1034752K), 0.0039585 secs]
68.738: Total time for which application threads were stopped: 0.0040834 seconds, Stopping threads took: 0.0000182 seconds
68.801: [GC (Allocation Failure)  584743K->256453K(1034752K), 0.0015227 secs]
68.803: Total time for which application threads were stopped: 0.0016567 seconds, Stopping threads took: 0.0000257 seconds
68.866: [GC (Allocation Failure)  577989K->263279K(1034752K), 0.0039158 secs]
68.870: Total time for which application threads were stopped: 0.0040469 seconds, Stopping threads took: 0.0000188 seconds
68.932: [GC (Allocation Failure)  584815K->267359K(1034752K), 0.0064065 secs]
68.938: Total time for which application threads were stopped: 0.0065382 seconds, Stopping threads took: 0.0000190 seconds
69.001: [GC (Allocation Failure)  588895K->261821K(1034752K), 0.0022062 secs]
69.003: Total time for which application threads were stopped: 0.0023378 seconds, Stopping threads took: 0.0000187 seconds
69.070: [GC (Allocation Failure)  583357K->267631K(1034752K), 0.0040143 secs]
69.074: Total time for which application threads were stopped: 0.0041478 seconds, Stopping threads took: 0.0000171 seconds
69.140: [GC (Allocation Failure)  589167K->271503K(1034752K), 0.0043764 secs]
69.144: Total time for which application threads were stopped: 0.0045213 seconds, Stopping threads took: 0.0000252 seconds
69.206: [GC (Allocation Failure)  593992K->267597K(1035264K), 0.0029004 secs]
69.209: Total time for which application threads were stopped: 0.0030265 seconds, Stopping threads took: 0.0000198 seconds
69.276: [GC (Allocation Failure)  590157K->271663K(1036288K), 0.0040070 secs]
69.280: Total time for which application threads were stopped: 0.0041343 seconds, Stopping threads took: 0.0000243 seconds
69.344: [GC (Allocation Failure)  595759K->275631K(1035776K), 0.0039961 secs]
69.348: Total time for which application threads were stopped: 0.0041279 seconds, Stopping threads took: 0.0000193 seconds
69.413: [GC (Allocation Failure)  599727K->275663K(1035776K), 0.0038827 secs]
69.417: Total time for which application threads were stopped: 0.0040156 seconds, Stopping threads took: 0.0000191 seconds
69.480: [GC (Allocation Failure)  599247K->275687K(1023488K), 0.0041278 secs]
69.484: Total time for which application threads were stopped: 0.0042828 seconds, Stopping threads took: 0.0000243 seconds
69.549: [GC (Allocation Failure)  599271K->283626K(1035264K), 0.0055184 secs]
69.554: Total time for which application threads were stopped: 0.0056669 seconds, Stopping threads took: 0.0000264 seconds
69.618: [GC (Allocation Failure)  606186K->283658K(1030144K), 0.0039574 secs]
69.622: Total time for which application threads were stopped: 0.0040992 seconds, Stopping threads took: 0.0000193 seconds
69.686: [GC (Allocation Failure)  606218K->283722K(1034752K), 0.0040560 secs]
69.690: Total time for which application threads were stopped: 0.0041944 seconds, Stopping threads took: 0.0000216 seconds
69.755: [GC (Allocation Failure)  605258K->291724K(1034752K), 0.0041523 secs]
69.759: Total time for which application threads were stopped: 0.0043159 seconds, Stopping threads took: 0.0000238 seconds
69.823: [GC (Allocation Failure)  613260K->291692K(1033728K), 0.0039365 secs]
69.827: Total time for which application threads were stopped: 0.0040860 seconds, Stopping threads took: 0.0000269 seconds
69.889: [GC (Allocation Failure)  612204K->291948K(1034240K), 0.0041953 secs]
69.894: Total time for which application threads were stopped: 0.0043245 seconds, Stopping threads took: 0.0000186 seconds
69.957: [GC (Allocation Failure)  612460K->299726K(1034240K), 0.0054679 secs]
69.962: Total time for which application threads were stopped: 0.0056037 seconds, Stopping threads took: 0.0000189 seconds
70.028: [GC (Allocation Failure)  620238K->299726K(1034240K), 0.0040444 secs]
70.032: Total time for which application threads were stopped: 0.0041629 seconds, Stopping threads took: 0.0000166 seconds
70.096: [GC (Allocation Failure)  620238K->300166K(1033216K), 0.0042274 secs]
70.101: Total time for which application threads were stopped: 0.0043476 seconds, Stopping threads took: 0.0000148 seconds
70.164: [GC (Allocation Failure)  619654K->307752K(1033728K), 0.0040231 secs]
70.168: Total time for which application threads were stopped: 0.0041609 seconds, Stopping threads took: 0.0000236 seconds
70.234: [GC (Allocation Failure)  627240K->307752K(1033728K), 0.0040742 secs]
70.238: Total time for which application threads were stopped: 0.0042058 seconds, Stopping threads took: 0.0000190 seconds
70.302: [GC (Allocation Failure)  627240K->307912K(1033728K), 0.0042766 secs]
70.306: Total time for which application threads were stopped: 0.0044236 seconds, Stopping threads took: 0.0000244 seconds
70.369: [GC (Allocation Failure)  627400K->315819K(1033728K), 0.0040735 secs]
70.373: Total time for which application threads were stopped: 0.0042192 seconds, Stopping threads took: 0.0000250 seconds
70.436: [GC (Allocation Failure)  635307K->315755K(1033728K), 0.0041203 secs]
70.441: Total time for which application threads were stopped: 0.0042673 seconds, Stopping threads took: 0.0000246 seconds
70.503: [GC (Allocation Failure)  635243K->315851K(1033728K), 0.0041754 secs]
70.508: Total time for which application threads were stopped: 0.0043209 seconds, Stopping threads took: 0.0000182 seconds
70.573: [GC (Allocation Failure)  635339K->323853K(1027072K), 0.0043113 secs]
70.577: Total time for which application threads were stopped: 0.0044556 seconds, Stopping threads took: 0.0000197 seconds
70.638: [GC (Allocation Failure)  643340K->319915K(1034240K), 0.0033845 secs]
70.641: Total time for which application threads were stopped: 0.0035146 seconds, Stopping threads took: 0.0000190 seconds
70.707: [GC (Allocation Failure)  639403K->323981K(1033216K), 0.0042473 secs]
70.711: Total time for which application threads were stopped: 0.0043922 seconds, Stopping threads took: 0.0000243 seconds
70.774: [GC (Allocation Failure)  643469K->327981K(1034752K), 0.0041373 secs]
70.778: Total time for which application threads were stopped: 0.0042690 seconds, Stopping threads took: 0.0000187 seconds
70.840: [GC (Allocation Failure)  649517K->321163K(1034752K), 0.0018085 secs]
70.842: Total time for which application threads were stopped: 0.0019447 seconds, Stopping threads took: 0.0000202 seconds
70.907: [GC (Allocation Failure)  642699K->328021K(1034752K), 0.0047770 secs]
70.912: Total time for which application threads were stopped: 0.0049087 seconds, Stopping threads took: 0.0000194 seconds
70.975: [GC (Allocation Failure)  649557K->332101K(1034752K), 0.0050822 secs]
70.980: Total time for which application threads were stopped: 0.0052290 seconds, Stopping threads took: 0.0000229 seconds
71.042: [GC (Allocation Failure)  653637K->326563K(1034752K), 0.0030124 secs]
71.045: Total time for which application threads were stopped: 0.0031528 seconds, Stopping threads took: 0.0000160 seconds
71.110: [GC (Allocation Failure)  648099K->332365K(1034752K), 0.0041534 secs]
71.114: Total time for which application threads were stopped: 0.0043181 seconds, Stopping threads took: 0.0000278 seconds
71.178: [GC (Allocation Failure)  653901K->336237K(1034752K), 0.0045200 secs]
71.182: Total time for which application threads were stopped: 0.0046547 seconds, Stopping threads took: 0.0000198 seconds
71.245: [GC (Allocation Failure)  658725K->332331K(1035264K), 0.0032234 secs]
71.248: Total time for which application threads were stopped: 0.0033792 seconds, Stopping threads took: 0.0000245 seconds
71.314: [GC (Allocation Failure)  654891K->336397K(1036288K), 0.0042210 secs]
71.318: Total time for which application threads were stopped: 0.0043634 seconds, Stopping threads took: 0.0000258 seconds
71.381: [GC (Allocation Failure)  660493K->340397K(1035776K), 0.0042107 secs]
71.386: Total time for which application threads were stopped: 0.0043459 seconds, Stopping threads took: 0.0000200 seconds
71.452: [GC (Allocation Failure)  664493K->340397K(1035776K), 0.0041009 secs]
71.456: Total time for which application threads were stopped: 0.0042365 seconds, Stopping threads took: 0.0000265 seconds
71.520: [GC (Allocation Failure)  663981K->340429K(1023488K), 0.0041336 secs]
71.524: Total time for which application threads were stopped: 0.0042783 seconds, Stopping threads took: 0.0000188 seconds
71.588: [GC (Allocation Failure)  664013K->348399K(1035264K), 0.0040774 secs]
71.592: Total time for which application threads were stopped: 0.0041959 seconds, Stopping threads took: 0.0000157 seconds
71.656: [GC (Allocation Failure)  670959K->348431K(1030144K), 0.0040009 secs]
71.660: Total time for which application threads were stopped: 0.0041467 seconds, Stopping threads took: 0.0000193 seconds
71.724: [GC (Allocation Failure)  670991K->348455K(1034752K), 0.0042032 secs]
71.728: Total time for which application threads were stopped: 0.0043484 seconds, Stopping threads took: 0.0000186 seconds
71.794: [GC (Allocation Failure)  669991K->356457K(1029120K), 0.0042572 secs]
71.798: Total time for which application threads were stopped: 0.0043730 seconds, Stopping threads took: 0.0000156 seconds
71.864: [GC (Allocation Failure)  677993K->356425K(1034240K), 0.0039642 secs]
71.868: Total time for which application threads were stopped: 0.0040832 seconds, Stopping threads took: 0.0000159 seconds
71.931: [GC (Allocation Failure)  676937K->356649K(1034240K), 0.0042553 secs]
71.935: Total time for which application threads were stopped: 0.0044082 seconds, Stopping threads took: 0.0000247 seconds
71.999: [GC (Allocation Failure)  677161K->364492K(1034240K), 0.0041949 secs]
72.003: Total time for which application threads were stopped: 0.0043370 seconds, Stopping threads took: 0.0000242 seconds
72.070: [GC (Allocation Failure)  685004K->364492K(1028096K), 0.0042136 secs]
72.074: Total time for which application threads were stopped: 0.0043731 seconds, Stopping threads took: 0.0000184 seconds
72.138: [GC (Allocation Failure)  685004K->364908K(1033728K), 0.0043357 secs]
72.142: Total time for which application threads were stopped: 0.0044717 seconds, Stopping threads took: 0.0000198 seconds
72.207: [GC (Allocation Failure)  684396K->372494K(1033728K), 0.0049124 secs]
72.212: Total time for which application threads were stopped: 0.0050565 seconds, Stopping threads took: 0.0000190 seconds
72.277: [GC (Allocation Failure)  691982K->372526K(1033728K), 0.0042454 secs]
72.281: Total time for which application threads were stopped: 0.0043847 seconds, Stopping threads took: 0.0000251 seconds
72.341: [GC (Allocation Failure)  692014K->372654K(1033728K), 0.0041760 secs]
72.346: Total time for which application threads were stopped: 0.0043350 seconds, Stopping threads took: 0.0000241 seconds
72.411: [GC (Allocation Failure)  692142K->380560K(1033728K), 0.0040709 secs]
72.415: Total time for which application threads were stopped: 0.0041793 seconds, Stopping threads took: 0.0000149 seconds
72.480: [GC (Allocation Failure)  700048K->380560K(1033728K), 0.0043627 secs]
72.485: Total time for which application threads were stopped: 0.0044941 seconds, Stopping threads took: 0.0000187 seconds
72.547: [GC (Allocation Failure)  700048K->380584K(1032704K), 0.0043157 secs]
72.552: Total time for which application threads were stopped: 0.0044636 seconds, Stopping threads took: 0.0000243 seconds
72.615: [GC (Allocation Failure)  699048K->388555K(1033216K), 0.0042790 secs]
72.619: Total time for which application threads were stopped: 0.0044181 seconds, Stopping threads took: 0.0000278 seconds
72.682: [GC (Allocation Failure)  707019K->382984K(1033728K), 0.0023493 secs]
72.685: Total time for which application threads were stopped: 0.0024962 seconds, Stopping threads took: 0.0000350 seconds
72.747: [GC (Allocation Failure)  701960K->388803K(1033216K), 0.0043412 secs]
72.751: Total time for which application threads were stopped: 0.0044734 seconds, Stopping threads took: 0.0000190 seconds
72.815: [GC (Allocation Failure)  707779K->392723K(1034240K), 0.0044750 secs]
72.820: Total time for which application threads were stopped: 0.0046078 seconds, Stopping threads took: 0.0000252 seconds
72.883: [GC (Allocation Failure)  713235K->398608K(1034240K), 0.0067658 secs]
72.890: Total time for which application threads were stopped: 0.0069306 seconds, Stopping threads took: 0.0000240 seconds
72.954: [GC (Allocation Failure)  719120K->392851K(1030144K), 0.0044104 secs]
72.959: Total time for which application threads were stopped: 0.0045406 seconds, Stopping threads took: 0.0000186 seconds
73.024: [GC (Allocation Failure)  709267K->392691K(1032192K), 0.0043061 secs]
73.028: Total time for which application threads were stopped: 0.0044371 seconds, Stopping threads took: 0.0000189 seconds
73.093: [GC (Allocation Failure)  709107K->388560K(1033216K), 0.0028314 secs]
73.096: Total time for which application threads were stopped: 0.0029731 seconds, Stopping threads took: 0.0000164 seconds
73.165: [GC (Allocation Failure)  706512K->392787K(1032704K), 0.0044642 secs]
73.170: Total time for which application threads were stopped: 0.0046213 seconds, Stopping threads took: 0.0000198 seconds
73.236: [GC (Allocation Failure)  710739K->392723K(1033728K), 0.0045136 secs]
73.241: Total time for which application threads were stopped: 0.0046931 seconds, Stopping threads took: 0.0000201 seconds
73.308: [GC (Allocation Failure)  711699K->396299K(1033216K), 0.0051012 secs]
73.313: Total time for which application threads were stopped: 0.0052699 seconds, Stopping threads took: 0.0000265 seconds
73.380: [GC (Allocation Failure)  715275K->400781K(1034240K), 0.0041930 secs]
73.385: Total time for which application threads were stopped: 0.0043565 seconds, Stopping threads took: 0.0000281 seconds
73.453: [GC (Allocation Failure)  720781K->400717K(1033728K), 0.0043077 secs]
73.457: Total time for which application threads were stopped: 0.0044749 seconds, Stopping threads took: 0.0000276 seconds
73.522: [GC (Allocation Failure)  720717K->403973K(1034240K), 0.0050857 secs]
73.527: Total time for which application threads were stopped: 0.0052537 seconds, Stopping threads took: 0.0000188 seconds
73.595: [GC (Allocation Failure)  724485K->408775K(1034240K), 0.0044134 secs]
73.600: Total time for which application threads were stopped: 0.0046083 seconds, Stopping threads took: 0.0000210 seconds
73.669: [GC (Allocation Failure)  729287K->408743K(1034752K), 0.0042125 secs]
73.674: Total time for which application threads were stopped: 0.0043761 seconds, Stopping threads took: 0.0000200 seconds
73.739: [GC (Allocation Failure)  730279K->411239K(1034752K), 0.0046494 secs]
73.744: Total time for which application threads were stopped: 0.0048254 seconds, Stopping threads took: 0.0000201 seconds
73.814: [GC (Allocation Failure)  732775K->416809K(1034752K), 0.0043656 secs]
73.819: Total time for which application threads were stopped: 0.0045549 seconds, Stopping threads took: 0.0000268 seconds
73.888: [GC (Allocation Failure)  738345K->416777K(1034752K), 0.0044203 secs]
73.892: Total time for which application threads were stopped: 0.0045709 seconds, Stopping threads took: 0.0000173 seconds
73.957: [GC (Allocation Failure)  738313K->420457K(1035264K), 0.0053616 secs]
73.963: Total time for which application threads were stopped: 0.0055280 seconds, Stopping threads took: 0.0000258 seconds
74.030: [GC (Allocation Failure)  742505K->424876K(1034752K), 0.0046927 secs]
74.035: Total time for which application threads were stopped: 0.0048665 seconds, Stopping threads took: 0.0000214 seconds
74.103: [GC (Allocation Failure)  746924K->424812K(1035264K), 0.0043154 secs]
74.108: Total time for which application threads were stopped: 0.0045115 seconds, Stopping threads took: 0.0000203 seconds
74.177: [GC (Allocation Failure)  747372K->427692K(1035264K), 0.0049897 secs]
74.182: Total time for which application threads were stopped: 0.0051735 seconds, Stopping threads took: 0.0000166 seconds
74.249: [GC (Allocation Failure)  750252K->432974K(1035264K), 0.0043839 secs]
74.254: Total time for which application threads were stopped: 0.0045482 seconds, Stopping threads took: 0.0000214 seconds
74.323: [GC (Allocation Failure)  755534K->432846K(1035264K), 0.0043449 secs]
74.327: Total time for which application threads were stopped: 0.0045566 seconds, Stopping threads took: 0.0000287 seconds
74.394: [GC (Allocation Failure)  755406K->435918K(1035264K), 0.0051639 secs]
74.400: Total time for which application threads were stopped: 0.0053385 seconds, Stopping threads took: 0.0000213 seconds
74.468: [GC (Allocation Failure)  758478K->440944K(1035264K), 0.0044888 secs]
74.472: Total time for which application threads were stopped: 0.0046861 seconds, Stopping threads took: 0.0000209 seconds
74.542: [GC (Allocation Failure)  763504K->440880K(1035264K), 0.0045031 secs]
74.546: Total time for which application threads were stopped: 0.0046525 seconds, Stopping threads took: 0.0000174 seconds
74.613: [GC (Allocation Failure)  763440K->436110K(1035264K), 0.0026976 secs]
74.616: Total time for which application threads were stopped: 0.0028536 seconds, Stopping threads took: 0.0000194 seconds
74.685: [GC (Allocation Failure)  758670K->441136K(1035264K), 0.0043964 secs]
74.690: Total time for which application threads were stopped: 0.0045549 seconds, Stopping threads took: 0.0000178 seconds
74.757: [GC (Allocation Failure)  763696K->440880K(1035264K), 0.0044598 secs]
74.762: Total time for which application threads were stopped: 0.0046295 seconds, Stopping threads took: 0.0000205 seconds
74.832: [GC (Allocation Failure)  763440K->440430K(1035776K), 0.0044286 secs]
74.837: Total time for which application threads were stopped: 0.0046097 seconds, Stopping threads took: 0.0000258 seconds
74.905: [GC (Allocation Failure)  763502K->441072K(1035264K), 0.0044751 secs]
74.910: Total time for which application threads were stopped: 0.0046684 seconds, Stopping threads took: 0.0000203 seconds
74.979: [GC (Allocation Failure)  764144K->440912K(1035776K), 0.0043154 secs]
74.983: Total time for which application threads were stopped: 0.0044695 seconds, Stopping threads took: 0.0000176 seconds
75.049: [GC (Allocation Failure)  764496K->446734K(1035776K), 0.0142295 secs]
75.063: Total time for which application threads were stopped: 0.0144128 seconds, Stopping threads took: 0.0000184 seconds
75.132: [GC (Allocation Failure)  770318K->442160K(1032704K), 0.0043430 secs]
75.136: Total time for which application threads were stopped: 0.0045037 seconds, Stopping threads took: 0.0000200 seconds
75.204: [GC (Allocation Failure)  762672K->442032K(1034240K), 0.0045799 secs]
75.209: Total time for which application threads were stopped: 0.0047480 seconds, Stopping threads took: 0.0000200 seconds
75.276: [GC (Allocation Failure)  762544K->449062K(1030656K), 0.0075195 secs]
75.284: Total time for which application threads were stopped: 0.0076871 seconds, Stopping threads took: 0.0000256 seconds
75.351: [GC (Allocation Failure)  766502K->443400K(1032704K), 0.0045920 secs]
75.356: Total time for which application threads were stopped: 0.0047545 seconds, Stopping threads took: 0.0000173 seconds
75.424: [GC (Allocation Failure)  760840K->443304K(1033728K), 0.0044135 secs]
75.429: Total time for which application threads were stopped: 0.0045777 seconds, Stopping threads took: 0.0000206 seconds
75.497: [GC (Allocation Failure)  762280K->440870K(1033216K), 0.0037342 secs]
75.501: Total time for which application threads were stopped: 0.0039034 seconds, Stopping threads took: 0.0000194 seconds
75.568: [GC (Allocation Failure)  759846K->443336K(1034752K), 0.0043267 secs]
75.573: Total time for which application threads were stopped: 0.0045085 seconds, Stopping threads took: 0.0000204 seconds
75.640: [GC (Allocation Failure)  764360K->443304K(1034240K), 0.0042041 secs]
75.645: Total time for which application threads were stopped: 0.0043715 seconds, Stopping threads took: 0.0000206 seconds
75.711: [GC (Allocation Failure)  764328K->438502K(1034240K), 0.0027135 secs]
75.714: Total time for which application threads were stopped: 0.0029124 seconds, Stopping threads took: 0.0000212 seconds
75.782: [GC (Allocation Failure)  760038K->443528K(1034752K), 0.0042534 secs]
75.787: Total time for which application threads were stopped: 0.0044135 seconds, Stopping threads took: 0.0000263 seconds
75.854: [GC (Allocation Failure)  765064K->443336K(1035776K), 0.0046489 secs]
75.859: Total time for which application threads were stopped: 0.0048141 seconds, Stopping threads took: 0.0000217 seconds
75.925: [GC (Allocation Failure)  766408K->441254K(1035264K), 0.0047177 secs]
75.930: Total time for which application threads were stopped: 0.0048759 seconds, Stopping threads took: 0.0000196 seconds
75.998: [GC (Allocation Failure)  764326K->443528K(1035776K), 0.0045389 secs]
76.002: Total time for which application threads were stopped: 0.0047338 seconds, Stopping threads took: 0.0000207 seconds
76.073: [GC (Allocation Failure)  767112K->443304K(1035776K), 0.0043802 secs]
76.078: Total time for which application threads were stopped: 0.0045428 seconds, Stopping threads took: 0.0000203 seconds
76.145: [GC (Allocation Failure)  766888K->448110K(1033216K), 0.0066542 secs]
76.152: Total time for which application threads were stopped: 0.0068327 seconds, Stopping threads took: 0.0000194 seconds
76.218: [GC (Allocation Failure)  769646K->444016K(1034752K), 0.0045204 secs]
76.222: Total time for which application threads were stopped: 0.0046961 seconds, Stopping threads took: 0.0000202 seconds
76.288: [GC (Allocation Failure)  765552K->443888K(1035776K), 0.0044809 secs]
76.293: Total time for which application threads were stopped: 0.0046402 seconds, Stopping threads took: 0.0000269 seconds
76.359: [GC (Allocation Failure)  766960K->451462K(1035264K), 0.0082433 secs]
76.367: Total time for which application threads were stopped: 0.0084160 seconds, Stopping threads took: 0.0000193 seconds
76.435: [GC (Allocation Failure)  774534K->446824K(1032192K), 0.0045476 secs]
76.440: Total time for which application threads were stopped: 0.0047130 seconds, Stopping threads took: 0.0000197 seconds
76.507: [GC (Allocation Failure)  766312K->446728K(1033728K), 0.0042370 secs]
76.511: Total time for which application threads were stopped: 0.0044055 seconds, Stopping threads took: 0.0000201 seconds
76.576: [GC (Allocation Failure)  766216K->452998K(1031168K), 0.0072266 secs]
76.583: Total time for which application threads were stopped: 0.0074030 seconds, Stopping threads took: 0.0000190 seconds
76.649: [GC (Allocation Failure)  770438K->446760K(1032704K), 0.0044677 secs]
76.654: Total time for which application threads were stopped: 0.0046253 seconds, Stopping threads took: 0.0000196 seconds
76.719: [GC (Allocation Failure)  764200K->446728K(1033728K), 0.0045633 secs]
76.724: Total time for which application threads were stopped: 0.0047545 seconds, Stopping threads took: 0.0000197 seconds
76.793: [GC (Allocation Failure)  765704K->443462K(1033216K), 0.0031018 secs]
76.796: Total time for which application threads were stopped: 0.0032590 seconds, Stopping threads took: 0.0000254 seconds
76.863: [GC (Allocation Failure)  762438K->446952K(1034240K), 0.0045038 secs]
76.868: Total time for which application threads were stopped: 0.0046736 seconds, Stopping threads took: 0.0000201 seconds
76.934: [GC (Allocation Failure)  766440K->446728K(1033216K), 0.0043556 secs]
76.939: Total time for which application threads were stopped: 0.0045202 seconds, Stopping threads took: 0.0000204 seconds
77.005: [GC (Allocation Failure)  766216K->450184K(1034240K), 0.0052243 secs]
77.010: Total time for which application threads were stopped: 0.0053817 seconds, Stopping threads took: 0.0000191 seconds
77.079: [GC (Allocation Failure)  770696K->454954K(1034240K), 0.0047420 secs]
77.084: Total time for which application threads were stopped: 0.0049358 seconds, Stopping threads took: 0.0000201 seconds
77.153: [GC (Allocation Failure)  775466K->454762K(1035264K), 0.0043332 secs]
77.157: Total time for which application threads were stopped: 0.0044963 seconds, Stopping threads took: 0.0000176 seconds
77.226: [GC (Allocation Failure)  776810K->457898K(1034752K), 0.0050484 secs]
77.231: Total time for which application threads were stopped: 0.0052176 seconds, Stopping threads took: 0.0000201 seconds
77.299: [GC (Allocation Failure)  779946K->462893K(1035264K), 0.0044685 secs]
77.303: Total time for which application threads were stopped: 0.0046354 seconds, Stopping threads took: 0.0000200 seconds
77.371: [GC (Allocation Failure)  784941K->462765K(1034752K), 0.0044704 secs]
77.376: Total time for which application threads were stopped: 0.0046446 seconds, Stopping threads took: 0.0000284 seconds
77.443: [GC (Allocation Failure)  784813K->456554K(1034752K), 0.0019885 secs]
77.445: Total time for which application threads were stopped: 0.0021353 seconds, Stopping threads took: 0.0000203 seconds
77.512: [GC (Allocation Failure)  779114K->462829K(1035264K), 0.0046933 secs]
77.517: Total time for which application threads were stopped: 0.0048527 seconds, Stopping threads took: 0.0000205 seconds
77.585: [GC (Allocation Failure)  785389K->462765K(1035776K), 0.0051085 secs]
77.590: Total time for which application threads were stopped: 0.0053008 seconds, Stopping threads took: 0.0000207 seconds
77.660: [GC (Allocation Failure)  785837K->461386K(1035264K), 0.0040697 secs]
77.664: Total time for which application threads were stopped: 0.0042284 seconds, Stopping threads took: 0.0000197 seconds
77.730: [GC (Allocation Failure)  784458K->462829K(1036288K), 0.0045835 secs]
77.735: Total time for which application threads were stopped: 0.0047585 seconds, Stopping threads took: 0.0000187 seconds
77.804: [GC (Allocation Failure)  787437K->462797K(1036288K), 0.0044734 secs]
77.808: Total time for which application threads were stopped: 0.0046413 seconds, Stopping threads took: 0.0000271 seconds
77.873: [GC (Allocation Failure)  787405K->470250K(1031168K), 0.0084434 secs]
77.882: Total time for which application threads were stopped: 0.0086080 seconds, Stopping threads took: 0.0000204 seconds
77.949: [GC (Allocation Failure)  789738K->466221K(1033728K), 0.0047149 secs]
77.954: Total time for which application threads were stopped: 0.0048903 seconds, Stopping threads took: 0.0000206 seconds
78.022: [GC (Allocation Failure)  785709K->466029K(1035264K), 0.0043779 secs]
78.027: Total time for which application threads were stopped: 0.0045379 seconds, Stopping threads took: 0.0000197 seconds
78.095: [GC (Allocation Failure)  788077K->471146K(1034752K), 0.0066376 secs]
78.102: Total time for which application threads were stopped: 0.0068296 seconds, Stopping threads took: 0.0000197 seconds
78.171: [GC (Allocation Failure)  793194K->466157K(1033728K), 0.0043270 secs]
78.175: Total time for which application threads were stopped: 0.0045192 seconds, Stopping threads took: 0.0000190 seconds
78.244: [GC (Allocation Failure)  786669K->466061K(1034240K), 0.0046747 secs]
78.249: Total time for which application threads were stopped: 0.0048463 seconds, Stopping threads took: 0.0000203 seconds
78.317: [GC (Allocation Failure)  786573K->470858K(1032704K), 0.0065209 secs]
78.324: Total time for which application threads were stopped: 0.0067180 seconds, Stopping threads took: 0.0000263 seconds
78.391: [GC (Allocation Failure)  790346K->466125K(1033728K), 0.0044411 secs]
78.396: Total time for which application threads were stopped: 0.0046294 seconds, Stopping threads took: 0.0000282 seconds
78.464: [GC (Allocation Failure)  785613K->465997K(1034240K), 0.0047485 secs]
78.469: Total time for which application threads were stopped: 0.0049201 seconds, Stopping threads took: 0.0000202 seconds
78.534: [GC (Allocation Failure)  786509K->466922K(1034240K), 0.0049639 secs]
78.539: Total time for which application threads were stopped: 0.0051501 seconds, Stopping threads took: 0.0000285 seconds
78.607: [GC (Allocation Failure)  787434K->466093K(1035264K), 0.0044804 secs]
78.612: Total time for which application threads were stopped: 0.0046708 seconds, Stopping threads took: 0.0000223 seconds
78.680: [GC (Allocation Failure)  788141K->466061K(1034752K), 0.0098575 secs]
78.690: Total time for which application threads were stopped: 0.0100429 seconds, Stopping threads took: 0.0000215 seconds
78.758: [GC (Allocation Failure)  788109K->468170K(1035264K), 0.0055504 secs]
78.764: Total time for which application threads were stopped: 0.0057514 seconds, Stopping threads took: 0.0000223 seconds
78.830: [GC (Allocation Failure)  790730K->466285K(1035264K), 0.0045969 secs]
78.834: Total time for which application threads were stopped: 0.0047534 seconds, Stopping threads took: 0.0000199 seconds
78.902: [GC (Allocation Failure)  788845K->466061K(1035776K), 0.0050670 secs]
78.907: Total time for which application threads were stopped: 0.0052279 seconds, Stopping threads took: 0.0000200 seconds
78.971: [GC (Allocation Failure)  789645K->473450K(1035776K), 0.0079992 secs]
78.979: Total time for which application threads were stopped: 0.0081477 seconds, Stopping threads took: 0.0000277 seconds
79.044: [GC (Allocation Failure)  797034K->468909K(1032704K), 0.0055695 secs]
79.050: Total time for which application threads were stopped: 0.0057501 seconds, Stopping threads took: 0.0000250 seconds
79.118: [GC (Allocation Failure)  789421K->468717K(1034240K), 0.0044114 secs]
79.122: Total time for which application threads were stopped: 0.0046195 seconds, Stopping threads took: 0.0000175 seconds
79.190: [GC (Allocation Failure)  789229K->461002K(1032192K), 0.0014634 secs]
79.191: Total time for which application threads were stopped: 0.0016036 seconds, Stopping threads took: 0.0000202 seconds
79.262: [GC (Allocation Failure)  779466K->468909K(1033216K), 0.0046975 secs]
79.267: Total time for which application threads were stopped: 0.0048661 seconds, Stopping threads took: 0.0000208 seconds
79.334: [GC (Allocation Failure)  787373K->472853K(1034752K), 0.0059999 secs]
79.340: Total time for which application threads were stopped: 0.0061603 seconds, Stopping threads took: 0.0000198 seconds
79.407: [GC (Allocation Failure)  793877K->476114K(1032192K), 0.0059225 secs]
79.413: Total time for which application threads were stopped: 0.0060963 seconds, Stopping threads took: 0.0000289 seconds
79.478: [GC (Allocation Failure)  797138K->472949K(1034240K), 0.0046003 secs]
79.483: Total time for which application threads were stopped: 0.0047595 seconds, Stopping threads took: 0.0000205 seconds
79.552: [GC (Allocation Failure)  792949K->472885K(1033728K), 0.0043313 secs]
79.556: Total time for which application threads were stopped: 0.0044927 seconds, Stopping threads took: 0.0000208 seconds
79.620: [GC (Allocation Failure)  792885K->473746K(1035264K), 0.0049648 secs]
79.625: Total time for which application threads were stopped: 0.0051344 seconds, Stopping threads took: 0.0000204 seconds
79.690: [GC (Allocation Failure)  795794K->472885K(1034752K), 0.0043774 secs]
79.695: Total time for which application threads were stopped: 0.0045284 seconds, Stopping threads took: 0.0000210 seconds
79.762: [GC (Allocation Failure)  794933K->472853K(1035776K), 0.0045678 secs]
79.766: Total time for which application threads were stopped: 0.0047268 seconds, Stopping threads took: 0.0000207 seconds
79.830: [GC (Allocation Failure)  796437K->478010K(1035776K), 0.0066536 secs]
79.837: Total time for which application threads were stopped: 0.0068226 seconds, Stopping threads took: 0.0000207 seconds
79.902: [GC (Allocation Failure)  801594K->473501K(1033728K), 0.0044684 secs]
79.907: Total time for which application threads were stopped: 0.0046003 seconds, Stopping threads took: 0.0000188 seconds
79.971: [GC (Allocation Failure)  795037K->473277K(1034752K), 0.0044066 secs]
79.975: Total time for which application threads were stopped: 0.0045621 seconds, Stopping threads took: 0.0000232 seconds
80.036: [GC (Allocation Failure)  794813K->465370K(1033216K), 0.0076284 secs]
80.044: Total time for which application threads were stopped: 0.0077727 seconds, Stopping threads took: 0.0000237 seconds
80.110: [GC (Allocation Failure)  785882K->473469K(1034240K), 0.0044302 secs]
80.114: Total time for which application threads were stopped: 0.0046073 seconds, Stopping threads took: 0.0000202 seconds
80.183: [GC (Allocation Failure)  793981K->477445K(1035264K), 0.0058201 secs]
80.189: Total time for which application threads were stopped: 0.0059726 seconds, Stopping threads took: 0.0000168 seconds
80.256: [GC (Allocation Failure)  799493K->485546K(1034752K), 0.0083248 secs]
80.264: Total time for which application threads were stopped: 0.0084703 seconds, Stopping threads took: 0.0000194 seconds
80.330: [GC (Allocation Failure)  807594K->480429K(1031680K), 0.0044992 secs]
80.335: Total time for which application threads were stopped: 0.0046517 seconds, Stopping threads took: 0.0000269 seconds
80.401: [GC (Allocation Failure)  798893K->480301K(1033216K), 0.0043251 secs]
80.406: Total time for which application threads were stopped: 0.0044839 seconds, Stopping threads took: 0.0000244 seconds
80.470: [GC (Allocation Failure)  798765K->484042K(1032704K), 0.0060640 secs]
80.476: Total time for which application threads were stopped: 0.0061952 seconds, Stopping threads took: 0.0000165 seconds
80.539: [GC (Allocation Failure)  802506K->480365K(1033216K), 0.0045725 secs]
80.544: Total time for which application threads were stopped: 0.0047349 seconds, Stopping threads took: 0.0000186 seconds
80.608: [GC (Allocation Failure)  798829K->480301K(1034240K), 0.0045311 secs]
80.612: Total time for which application threads were stopped: 0.0046768 seconds, Stopping threads took: 0.0000194 seconds
80.676: [GC (Allocation Failure)  800301K->477546K(1033728K), 0.0052316 secs]
80.682: Total time for which application threads were stopped: 0.0053763 seconds, Stopping threads took: 0.0000198 seconds
80.745: [GC (Allocation Failure)  797546K->480557K(1034752K), 0.0045449 secs]
80.750: Total time for which application threads were stopped: 0.0046993 seconds, Stopping threads took: 0.0000213 seconds
80.816: [GC (Allocation Failure)  801581K->480333K(1034240K), 0.0043479 secs]
80.820: Total time for which application threads were stopped: 0.0044982 seconds, Stopping threads took: 0.0000269 seconds
80.884: [GC (Allocation Failure)  801357K->476266K(1034240K), 0.0030884 secs]
80.887: Total time for which application threads were stopped: 0.0032284 seconds, Stopping threads took: 0.0000197 seconds
80.952: [GC (Allocation Failure)  797802K->480493K(1034752K), 0.0044643 secs]
80.957: Total time for which application threads were stopped: 0.0046074 seconds, Stopping threads took: 0.0000187 seconds
81.023: [GC (Allocation Failure)  802029K->480333K(1035776K), 0.0043797 secs]
81.027: Total time for which application threads were stopped: 0.0045262 seconds, Stopping threads took: 0.0000203 seconds
81.093: [GC (Allocation Failure)  803405K->479018K(1035264K), 0.0041962 secs]
81.097: Total time for which application threads were stopped: 0.0043680 seconds, Stopping threads took: 0.0000191 seconds
81.163: [GC (Allocation Failure)  802090K->480461K(1036288K), 0.0045739 secs]
81.168: Total time for which application threads were stopped: 0.0047322 seconds, Stopping threads took: 0.0000199 seconds
81.236: [GC (Allocation Failure)  804557K->480301K(1035776K), 0.0046444 secs]
81.241: Total time for which application threads were stopped: 0.0048168 seconds, Stopping threads took: 0.0000202 seconds
81.309: [GC (Allocation Failure)  804397K->486858K(1032704K), 0.0076619 secs]
81.317: Total time for which application threads were stopped: 0.0078231 seconds, Stopping threads took: 0.0000260 seconds
81.383: [GC (Allocation Failure)  808394K->483213K(1034752K), 0.0045394 secs]
81.388: Total time for which application threads were stopped: 0.0047204 seconds, Stopping threads took: 0.0000202 seconds
81.455: [GC (Allocation Failure)  804749K->483149K(1035264K), 0.0046270 secs]
81.460: Total time for which application threads were stopped: 0.0047825 seconds, Stopping threads took: 0.0000199 seconds
81.525: [GC (Allocation Failure)  805197K->491466K(1034752K), 0.0084275 secs]
81.534: Total time for which application threads were stopped: 0.0085743 seconds, Stopping threads took: 0.0000202 seconds
81.600: [GC (Allocation Failure)  813514K->486285K(1031680K), 0.0045682 secs]
81.605: Total time for which application threads were stopped: 0.0047139 seconds, Stopping threads took: 0.0000201 seconds
81.669: [GC (Allocation Failure)  804749K->486221K(1033216K), 0.0046913 secs]
81.674: Total time for which application threads were stopped: 0.0048393 seconds, Stopping threads took: 0.0000196 seconds
81.735: [GC (Allocation Failure)  804685K->490122K(1032704K), 0.0060855 secs]
81.741: Total time for which application threads were stopped: 0.0062422 seconds, Stopping threads took: 0.0000194 seconds
81.804: [GC (Allocation Failure)  808586K->486477K(1033216K), 0.0044997 secs]
81.808: Total time for which application threads were stopped: 0.0046430 seconds, Stopping threads took: 0.0000263 seconds
81.875: [GC (Allocation Failure)  804941K->486221K(1033728K), 0.0045167 secs]
81.879: Total time for which application threads were stopped: 0.0046723 seconds, Stopping threads took: 0.0000198 seconds
81.944: [GC (Allocation Failure)  805709K->483178K(1033728K), 0.0034635 secs]
81.947: Total time for which application threads were stopped: 0.0036230 seconds, Stopping threads took: 0.0000199 seconds
82.015: [GC (Allocation Failure)  802666K->486413K(1034240K), 0.0046675 secs]
82.020: Total time for which application threads were stopped: 0.0048382 seconds, Stopping threads took: 0.0000200 seconds
82.088: [GC (Allocation Failure)  806413K->486253K(1033728K), 0.0044947 secs]
82.093: Total time for which application threads were stopped: 0.0046865 seconds, Stopping threads took: 0.0000204 seconds
82.159: [GC (Allocation Failure)  806253K->479274K(1032704K), 0.0019277 secs]
82.161: Total time for which application threads were stopped: 0.0020604 seconds, Stopping threads took: 0.0000192 seconds
82.228: [GC (Allocation Failure)  798762K->486349K(1033728K), 0.0047390 secs]
82.233: Total time for which application threads were stopped: 0.0049039 seconds, Stopping threads took: 0.0000194 seconds
82.299: [GC (Allocation Failure)  805837K->486221K(1034752K), 0.0046979 secs]
82.304: Total time for which application threads were stopped: 0.0048581 seconds, Stopping threads took: 0.0000194 seconds
82.371: [GC (Allocation Failure)  807245K->488013K(1034240K), 0.0047645 secs]
82.376: Total time for which application threads were stopped: 0.0049537 seconds, Stopping threads took: 0.0000198 seconds
82.445: [GC (Allocation Failure)  809037K->494319K(1034752K), 0.0046658 secs]
82.450: Total time for which application threads were stopped: 0.0048302 seconds, Stopping threads took: 0.0000195 seconds
82.518: [GC (Allocation Failure)  815855K->494255K(1034752K), 0.0045574 secs]
82.522: Total time for which application threads were stopped: 0.0047167 seconds, Stopping threads took: 0.0000200 seconds
82.587: [GC (Allocation Failure)  815791K->496775K(1034240K), 0.0050034 secs]
82.592: Total time for which application threads were stopped: 0.0051830 seconds, Stopping threads took: 0.0000196 seconds
82.660: [GC (Allocation Failure)  818311K->502313K(1034752K), 0.0047078 secs]
82.665: Total time for which application threads were stopped: 0.0048788 seconds, Stopping threads took: 0.0000206 seconds
82.731: [GC (Allocation Failure)  823849K->502313K(1035264K), 0.0047006 secs]
82.736: Total time for which application threads were stopped: 0.0048874 seconds, Stopping threads took: 0.0000282 seconds
82.804: [GC (Allocation Failure)  824873K->494951K(1022976K), 0.0016188 secs]
82.805: Total time for which application threads were stopped: 0.0017559 seconds, Stopping threads took: 0.0000263 seconds
82.873: [GC (Allocation Failure)  817511K->502505K(1034752K), 0.0046492 secs]
82.878: Total time for which application threads were stopped: 0.0048234 seconds, Stopping threads took: 0.0000207 seconds
82.945: [GC (Allocation Failure)  824041K->502281K(1034752K), 0.0044853 secs]
82.950: Total time for which application threads were stopped: 0.0046578 seconds, Stopping threads took: 0.0000199 seconds
83.015: [GC (Allocation Failure)  823817K->497159K(1035264K), 0.0032018 secs]
83.018: Total time for which application threads were stopped: 0.0033522 seconds, Stopping threads took: 0.0000193 seconds
83.087: [GC (Allocation Failure)  819719K->502441K(1035264K), 0.0045934 secs]
83.092: Total time for which application threads were stopped: 0.0047509 seconds, Stopping threads took: 0.0000172 seconds
83.160: [GC (Allocation Failure)  825001K->502281K(1035264K), 0.0044953 secs]
83.164: Total time for which application threads were stopped: 0.0046687 seconds, Stopping threads took: 0.0000202 seconds
83.233: [GC (Allocation Failure)  824841K->501447K(1035264K), 0.0043102 secs]
83.238: Total time for which application threads were stopped: 0.0044594 seconds, Stopping threads took: 0.0000173 seconds
83.304: [GC (Allocation Failure)  824007K->502409K(1035776K), 0.0045594 secs]
83.309: Total time for which application threads were stopped: 0.0047533 seconds, Stopping threads took: 0.0000206 seconds
83.379: [GC (Allocation Failure)  825993K->502281K(1035776K), 0.0045382 secs]
83.384: Total time for which application threads were stopped: 0.0047330 seconds, Stopping threads took: 0.0000210 seconds
83.453: [GC (Allocation Failure)  825865K->507783K(1032704K), 0.0068542 secs]
83.460: Total time for which application threads were stopped: 0.0070216 seconds, Stopping threads took: 0.0000172 seconds
83.528: [GC (Allocation Failure)  828295K->503113K(1034240K), 0.0048225 secs]
83.533: Total time for which application threads were stopped: 0.0049875 seconds, Stopping threads took: 0.0000210 seconds
83.601: [GC (Allocation Failure)  823625K->503049K(1035264K), 0.0043786 secs]
83.605: Total time for which application threads were stopped: 0.0045507 seconds, Stopping threads took: 0.0000208 seconds
83.673: [GC (Allocation Failure)  825097K->508295K(1034752K), 0.0067957 secs]
83.680: Total time for which application threads were stopped: 0.0069663 seconds, Stopping threads took: 0.0000198 seconds
83.748: [GC (Allocation Failure)  830343K->503017K(1033728K), 0.0046954 secs]
83.753: Total time for which application threads were stopped: 0.0048682 seconds, Stopping threads took: 0.0000204 seconds
83.820: [GC (Allocation Failure)  823529K->503049K(1034240K), 0.0043856 secs]
83.825: Total time for which application threads were stopped: 0.0045872 seconds, Stopping threads took: 0.0000278 seconds
83.894: [GC (Allocation Failure)  823561K->507975K(1031680K), 0.0066494 secs]
83.901: Total time for which application threads were stopped: 0.0068307 seconds, Stopping threads took: 0.0000175 seconds
83.967: [GC (Allocation Failure)  826439K->503273K(1033216K), 0.0048739 secs]
83.972: Total time for which application threads were stopped: 0.0050332 seconds, Stopping threads took: 0.0000190 seconds
84.039: [GC (Allocation Failure)  821737K->503049K(1034240K), 0.0056379 secs]
84.044: Total time for which application threads were stopped: 0.0058244 seconds, Stopping threads took: 0.0000171 seconds
84.113: [GC (Allocation Failure)  823561K->502023K(1034240K), 0.0042676 secs]
84.117: Total time for which application threads were stopped: 0.0044609 seconds, Stopping threads took: 0.0000195 seconds
84.187: [GC (Allocation Failure)  822535K->503209K(1035264K), 0.0042833 secs]
84.191: Total time for which application threads were stopped: 0.0044535 seconds, Stopping threads took: 0.0000282 seconds
84.259: [GC (Allocation Failure)  825257K->503049K(1034752K), 0.0044562 secs]
84.264: Total time for which application threads were stopped: 0.0046360 seconds, Stopping threads took: 0.0000265 seconds
84.332: [GC (Allocation Failure)  825097K->503239K(1035776K), 0.0046325 secs]
84.337: Total time for which application threads were stopped: 0.0047938 seconds, Stopping threads took: 0.0000176 seconds
84.405: [GC (Allocation Failure)  826823K->503177K(1035776K), 0.0042464 secs]
84.409: Total time for which application threads were stopped: 0.0044371 seconds, Stopping threads took: 0.0000197 seconds
84.478: [GC (Allocation Failure)  826761K->503081K(1036800K), 0.0043500 secs]
84.483: Total time for which application threads were stopped: 0.0045410 seconds, Stopping threads took: 0.0000198 seconds
84.550: [GC (Allocation Failure)  828201K->495751K(1025536K), 0.0017545 secs]
84.552: Total time for which application threads were stopped: 0.0018851 seconds, Stopping threads took: 0.0000173 seconds
84.620: [GC (Allocation Failure)  820871K->503145K(1036288K), 0.0045340 secs]
84.625: Total time for which application threads were stopped: 0.0046891 seconds, Stopping threads took: 0.0000196 seconds
84.694: [GC (Allocation Failure)  827241K->507193K(1035776K), 0.0057926 secs]
84.699: Total time for which application threads were stopped: 0.0059663 seconds, Stopping threads took: 0.0000203 seconds
84.768: [GC (Allocation Failure)  831289K->507225K(1036800K), 0.0059600 secs]
84.774: Total time for which application threads were stopped: 0.0061289 seconds, Stopping threads took: 0.0000195 seconds
84.842: [GC (Allocation Failure)  832345K->507673K(1025024K), 0.0046259 secs]
84.846: Total time for which application threads were stopped: 0.0047894 seconds, Stopping threads took: 0.0000270 seconds
84.912: [GC (Allocation Failure)  832793K->515227K(1035776K), 0.0047910 secs]
84.917: Total time for which application threads were stopped: 0.0049674 seconds, Stopping threads took: 0.0000205 seconds
84.986: [GC (Allocation Failure)  838811K->515227K(1035776K), 0.0044156 secs]
84.991: Total time for which application threads were stopped: 0.0045857 seconds, Stopping threads took: 0.0000209 seconds
85.059: [GC (Allocation Failure)  838811K->515347K(1034240K), 0.0073305 secs]
85.066: Total time for which application threads were stopped: 0.0074903 seconds, Stopping threads took: 0.0000257 seconds
85.135: [GC (Allocation Failure)  837907K->523286K(1035264K), 0.0045385 secs]
85.140: Total time for which application threads were stopped: 0.0047300 seconds, Stopping threads took: 0.0000189 seconds
85.210: [GC (Allocation Failure)  845846K->523254K(1035776K), 0.0045703 secs]
85.214: Total time for which application threads were stopped: 0.0047321 seconds, Stopping threads took: 0.0000173 seconds
85.282: [GC (Allocation Failure)  846326K->523390K(1035264K), 0.0049901 secs]
85.287: Total time for which application threads were stopped: 0.0051450 seconds, Stopping threads took: 0.0000170 seconds
85.356: [GC (Allocation Failure)  846462K->531296K(1035264K), 0.0047509 secs]
85.360: Total time for which application threads were stopped: 0.0049233 seconds, Stopping threads took: 0.0000206 seconds
85.430: [GC (Allocation Failure)  853856K->531296K(1035264K), 0.0044430 secs]
85.434: Total time for which application threads were stopped: 0.0046172 seconds, Stopping threads took: 0.0000206 seconds
85.499: [GC (Allocation Failure)  853856K->531368K(1034240K), 0.0046606 secs]
85.504: Total time for which application threads were stopped: 0.0048207 seconds, Stopping threads took: 0.0000208 seconds
85.574: [GC (Allocation Failure)  852904K->539338K(1034752K), 0.0047390 secs]
85.579: Total time for which application threads were stopped: 0.0049001 seconds, Stopping threads took: 0.0000195 seconds
85.645: [GC (Allocation Failure)  860874K->539306K(1034752K), 0.0068497 secs]
85.652: Total time for which application threads were stopped: 0.0070220 seconds, Stopping threads took: 0.0000195 seconds
85.718: [GC (Allocation Failure)  860842K->539594K(1021440K), 0.0046724 secs]
85.723: Total time for which application threads were stopped: 0.0048283 seconds, Stopping threads took: 0.0000193 seconds
85.790: [GC (Allocation Failure)  861130K->547340K(1034240K), 0.0045681 secs]
85.794: Total time for which application threads were stopped: 0.0047293 seconds, Stopping threads took: 0.0000191 seconds
85.862: [GC (Allocation Failure)  867852K->547372K(1034240K), 0.0046001 secs]
85.867: Total time for which application threads were stopped: 0.0047621 seconds, Stopping threads took: 0.0000204 seconds
85.936: [GC (Allocation Failure)  867884K->547428K(1034240K), 0.0046930 secs]
85.940: Total time for which application threads were stopped: 0.0048794 seconds, Stopping threads took: 0.0000214 seconds
86.010: [GC (Allocation Failure)  867940K->555399K(1034240K), 0.0046381 secs]
86.015: Total time for which application threads were stopped: 0.0048327 seconds, Stopping threads took: 0.0000199 seconds
86.086: [GC (Allocation Failure)  875911K->555399K(1034240K), 0.0043303 secs]
86.090: Total time for which application threads were stopped: 0.0045114 seconds, Stopping threads took: 0.0000192 seconds
86.157: [GC (Allocation Failure)  875911K->555559K(1020416K), 0.0047936 secs]
86.162: Total time for which application threads were stopped: 0.0049546 seconds, Stopping threads took: 0.0000193 seconds
86.229: [GC (Allocation Failure)  876071K->563433K(1033728K), 0.0046827 secs]
86.234: Total time for which application threads were stopped: 0.0048740 seconds, Stopping threads took: 0.0000198 seconds
86.303: [GC (Allocation Failure)  882921K->563433K(1033728K), 0.0045951 secs]
86.307: Total time for which application threads were stopped: 0.0047589 seconds, Stopping threads took: 0.0000266 seconds
86.373: [GC (Allocation Failure)  882921K->563785K(1033728K), 0.0045937 secs]
86.378: Total time for which application threads were stopped: 0.0047929 seconds, Stopping threads took: 0.0000208 seconds
86.446: [GC (Allocation Failure)  883273K->571467K(1033728K), 0.0045613 secs]
86.451: Total time for which application threads were stopped: 0.0047231 seconds, Stopping threads took: 0.0000203 seconds
86.518: [GC (Allocation Failure)  890955K->571499K(1033728K), 0.0049705 secs]
86.523: Total time for which application threads were stopped: 0.0051739 seconds, Stopping threads took: 0.0000199 seconds
86.589: [GC (Allocation Failure)  890987K->571531K(1033728K), 0.0046086 secs]
86.594: Total time for which application threads were stopped: 0.0047987 seconds, Stopping threads took: 0.0000203 seconds
86.662: [GC (Allocation Failure)  891019K->579502K(1032704K), 0.0047894 secs]
86.667: Total time for which application threads were stopped: 0.0049664 seconds, Stopping threads took: 0.0000203 seconds
86.734: [GC (Allocation Failure)  897966K->579502K(1033216K), 0.0048191 secs]
86.739: Total time for which application threads were stopped: 0.0049815 seconds, Stopping threads took: 0.0000202 seconds
86.804: [GC (Allocation Failure)  897966K->579758K(1032704K), 0.0046014 secs]
86.809: Total time for which application threads were stopped: 0.0047759 seconds, Stopping threads took: 0.0000277 seconds
86.874: [GC (Allocation Failure)  898222K->587504K(1033216K), 0.0047847 secs]
86.879: Total time for which application threads were stopped: 0.0049662 seconds, Stopping threads took: 0.0000207 seconds
86.945: [GC (Allocation Failure)  905968K->587504K(1033216K), 0.0053806 secs]
86.950: Total time for which application threads were stopped: 0.0055605 seconds, Stopping threads took: 0.0000280 seconds
87.015: [GC (Allocation Failure)  905968K->587656K(1033216K), 0.0047270 secs]
87.020: Total time for which application threads were stopped: 0.0049116 seconds, Stopping threads took: 0.0000219 seconds
87.088: [GC (Allocation Failure)  906120K->595594K(1033216K), 0.0047250 secs]
87.093: Total time for which application threads were stopped: 0.0048944 seconds, Stopping threads took: 0.0000198 seconds
87.158: [GC (Allocation Failure)  914058K->590024K(1033216K), 0.0028725 secs]
87.161: Total time for which application threads were stopped: 0.0030379 seconds, Stopping threads took: 0.0000205 seconds
87.228: [GC (Allocation Failure)  908488K->595634K(1034240K), 0.0047290 secs]
87.232: Total time for which application threads were stopped: 0.0048881 seconds, Stopping threads took: 0.0000200 seconds
87.302: [GC (Allocation Failure)  915634K->599706K(1033728K), 0.0050098 secs]
87.307: Total time for which application threads were stopped: 0.0051805 seconds, Stopping threads took: 0.0000266 seconds
87.374: [GC (Allocation Failure)  919706K->605688K(1030144K), 0.0071040 secs]
87.381: Total time for which application threads were stopped: 0.0072646 seconds, Stopping threads took: 0.0000194 seconds
87.446: [GC (Allocation Failure)  922104K->599930K(1032192K), 0.0047777 secs]
87.451: Total time for which application threads were stopped: 0.0049371 seconds, Stopping threads took: 0.0000196 seconds
87.520: [GC (Allocation Failure)  916346K->599706K(1032704K), 0.0047810 secs]
87.525: Total time for which application threads were stopped: 0.0049461 seconds, Stopping threads took: 0.0000202 seconds
87.591: [GC (Allocation Failure)  916634K->591992K(1032192K), 0.0018694 secs]
87.593: Total time for which application threads were stopped: 0.0020112 seconds, Stopping threads took: 0.0000191 seconds
87.659: [GC (Allocation Failure)  908920K->599706K(1032704K), 0.0045914 secs]
87.664: Total time for which application threads were stopped: 0.0047691 seconds, Stopping threads took: 0.0000200 seconds
87.731: [GC (Allocation Failure)  917146K->599738K(1032704K), 0.0047836 secs]
87.736: Total time for which application threads were stopped: 0.0049554 seconds, Stopping threads took: 0.0000195 seconds
87.802: [GC (Allocation Failure)  917178K->600794K(1033216K), 0.0064157 secs]
87.809: Total time for which application threads were stopped: 0.0065697 seconds, Stopping threads took: 0.0000191 seconds
87.876: [GC (Allocation Failure)  919258K->607836K(1033216K), 0.0048006 secs]
87.881: Total time for which application threads were stopped: 0.0049612 seconds, Stopping threads took: 0.0000202 seconds
87.948: [GC (Allocation Failure)  926300K->607740K(1033216K), 0.0045845 secs]
87.953: Total time for which application threads were stopped: 0.0047473 seconds, Stopping threads took: 0.0000198 seconds
88.018: [GC (Allocation Failure)  926204K->609028K(1033216K), 0.0051499 secs]
88.023: Total time for which application threads were stopped: 0.0053226 seconds, Stopping threads took: 0.0000200 seconds
88.089: [GC (Allocation Failure)  927492K->615815K(1033216K), 0.0048160 secs]
88.094: Total time for which application threads were stopped: 0.0050080 seconds, Stopping threads took: 0.0000203 seconds
88.163: [GC (Allocation Failure)  934279K->615783K(1033216K), 0.0048371 secs]
88.168: Total time for which application threads were stopped: 0.0049821 seconds, Stopping threads took: 0.0000167 seconds
88.234: [GC (Allocation Failure)  934247K->617255K(1033728K), 0.0048432 secs]
88.239: Total time for which application threads were stopped: 0.0050353 seconds, Stopping threads took: 0.0000198 seconds
88.309: [GC (Allocation Failure)  936743K->623817K(1033728K), 0.0048256 secs]
88.314: Total time for which application threads were stopped: 0.0049866 seconds, Stopping threads took: 0.0000202 seconds
88.381: [GC (Allocation Failure)  943305K->623817K(1033728K), 0.0051630 secs]
88.386: Total time for which application threads were stopped: 0.0053492 seconds, Stopping threads took: 0.0000203 seconds
88.451: [GC (Allocation Failure)  943305K->624457K(1033728K), 0.0047443 secs]
88.455: Total time for which application threads were stopped: 0.0049022 seconds, Stopping threads took: 0.0000192 seconds
88.521: [GC (Allocation Failure)  943945K->631947K(1033728K), 0.0049963 secs]
88.526: Total time for which application threads were stopped: 0.0051730 seconds, Stopping threads took: 0.0000197 seconds
88.593: [GC (Allocation Failure)  951435K->631851K(1033728K), 0.0069530 secs]
88.600: Total time for which application threads were stopped: 0.0071293 seconds, Stopping threads took: 0.0000202 seconds
88.665: [GC (Allocation Failure)  951339K->631915K(1033728K), 0.0048290 secs]
88.670: Total time for which application threads were stopped: 0.0050194 seconds, Stopping threads took: 0.0000196 seconds
88.737: [GC (Allocation Failure)  951403K->639917K(1033728K), 0.0048966 secs]
88.742: Total time for which application threads were stopped: 0.0050530 seconds, Stopping threads took: 0.0000171 seconds
88.807: [GC (Allocation Failure)  959405K->639917K(1033728K), 0.0048100 secs]
88.811: Total time for which application threads were stopped: 0.0049813 seconds, Stopping threads took: 0.0000255 seconds
88.874: [GC (Allocation Failure)  959405K->640941K(1033728K), 0.0049094 secs]
88.879: Total time for which application threads were stopped: 0.0050648 seconds, Stopping threads took: 0.0000204 seconds
88.946: [GC (Allocation Failure)  960429K->647952K(1033728K), 0.0049017 secs]
88.951: Total time for which application threads were stopped: 0.0050865 seconds, Stopping threads took: 0.0000284 seconds
89.020: [GC (Allocation Failure)  967440K->647920K(1033728K), 0.0047374 secs]
89.025: Total time for which application threads were stopped: 0.0049044 seconds, Stopping threads took: 0.0000171 seconds
89.091: [GC (Allocation Failure)  967408K->648168K(1033728K), 0.0046729 secs]
89.096: Total time for which application threads were stopped: 0.0048336 seconds, Stopping threads took: 0.0000199 seconds
89.163: [GC (Allocation Failure)  967656K->655946K(1027072K), 0.0049346 secs]
89.168: Total time for which application threads were stopped: 0.0051063 seconds, Stopping threads took: 0.0000204 seconds
89.236: [GC (Allocation Failure)  975434K->655946K(1033728K), 0.0048547 secs]
89.241: Total time for which application threads were stopped: 0.0050417 seconds, Stopping threads took: 0.0000210 seconds
89.309: [GC (Allocation Failure)  974922K->656874K(1033216K), 0.0048568 secs]
89.314: Total time for which application threads were stopped: 0.0050269 seconds, Stopping threads took: 0.0000267 seconds
89.382: [GC (Allocation Failure)  975850K->664012K(1033728K), 0.0050948 secs]
89.388: Total time for which application threads were stopped: 0.0052687 seconds, Stopping threads took: 0.0000199 seconds
89.456: [GC (Allocation Failure)  983500K->663980K(1033728K), 0.0049089 secs]
89.461: Total time for which application threads were stopped: 0.0050766 seconds, Stopping threads took: 0.0000201 seconds
89.527: [GC (Allocation Failure)  983468K->664108K(1032704K), 0.0049025 secs]
89.532: Total time for which application threads were stopped: 0.0050636 seconds, Stopping threads took: 0.0000206 seconds
89.601: [GC (Allocation Failure)  982572K->672046K(1033216K), 0.0050169 secs]
89.606: Total time for which application threads were stopped: 0.0051852 seconds, Stopping threads took: 0.0000193 seconds
89.671: [GC (Allocation Failure)  990510K->672014K(1033216K), 0.0065158 secs]
89.678: Total time for which application threads were stopped: 0.0067088 seconds, Stopping threads took: 0.0000203 seconds
89.743: [GC (Allocation Failure)  990478K->672838K(1033216K), 0.0048901 secs]
89.748: Total time for which application threads were stopped: 0.0050862 seconds, Stopping threads took: 0.0000209 seconds
89.817: [GC (Allocation Failure)  991302K->680073K(1033216K), 0.0049786 secs]
89.822: Total time for which application threads were stopped: 0.0051832 seconds, Stopping threads took: 0.0000195 seconds
89.889: [GC (Allocation Failure)  998537K->680041K(1033216K), 0.0049832 secs]
89.894: Total time for which application threads were stopped: 0.0051520 seconds, Stopping threads took: 0.0000255 seconds
89.960: [GC (Allocation Failure)  998505K->681065K(1033728K), 0.0049226 secs]
89.965: Total time for which application threads were stopped: 0.0050871 seconds, Stopping threads took: 0.0000202 seconds
90.032: [GC (Allocation Failure)  1000041K->688107K(1033216K), 0.0047510 secs]
90.037: Total time for which application threads were stopped: 0.0049295 seconds, Stopping threads took: 0.0000208 seconds
90.106: [GC (Allocation Failure)  1007083K->688075K(1033728K), 0.0048977 secs]
90.111: Total time for which application threads were stopped: 0.0050912 seconds, Stopping threads took: 0.0000202 seconds
90.178: [GC (Allocation Failure)  1007051K->688771K(1033216K), 0.0049516 secs]
90.183: [Full GC (Ergonomics)  688771K->9197K(1033216K), 0.0138228 secs]
90.197: Total time for which application threads were stopped: 0.0190213 seconds, Stopping threads took: 0.0000202 seconds
90.264: [GC (Allocation Failure)  328173K->17647K(1032704K), 0.0037945 secs]
90.268: Total time for which application threads were stopped: 0.0039518 seconds, Stopping threads took: 0.0000172 seconds
90.334: [GC (Allocation Failure)  336111K->17623K(1033216K), 0.0038360 secs]
90.338: Total time for which application threads were stopped: 0.0040480 seconds, Stopping threads took: 0.0000205 seconds
90.403: [GC (Allocation Failure)  336087K->18071K(1033216K), 0.0037304 secs]
90.406: Total time for which application threads were stopped: 0.0038974 seconds, Stopping threads took: 0.0000189 seconds
90.473: [GC (Allocation Failure)  336535K->25625K(1033216K), 0.0037492 secs]
90.477: Total time for which application threads were stopped: 0.0039411 seconds, Stopping threads took: 0.0000202 seconds
90.544: [GC (Allocation Failure)  344089K->25689K(1033216K), 0.0036729 secs]
90.548: Total time for which application threads were stopped: 0.0038458 seconds, Stopping threads took: 0.0000176 seconds
90.612: [GC (Allocation Failure)  344153K->26297K(1033216K), 0.0037666 secs]
90.616: Total time for which application threads were stopped: 0.0039216 seconds, Stopping threads took: 0.0000275 seconds
90.680: [GC (Allocation Failure)  344761K->33692K(1033216K), 0.0034993 secs]
90.683: Total time for which application threads were stopped: 0.0036373 seconds, Stopping threads took: 0.0000207 seconds
90.744: [GC (Allocation Failure)  352156K->33692K(1033216K), 0.0036403 secs]
90.748: Total time for which application threads were stopped: 0.0037881 seconds, Stopping threads took: 0.0000270 seconds
90.810: [GC (Allocation Failure)  352156K->33764K(1033216K), 0.0035039 secs]
90.813: Total time for which application threads were stopped: 0.0036408 seconds, Stopping threads took: 0.0000274 seconds
90.876: [GC (Allocation Failure)  352228K->41734K(1033216K), 0.0065016 secs]
90.883: Total time for which application threads were stopped: 0.0066305 seconds, Stopping threads took: 0.0000186 seconds
90.946: [GC (Allocation Failure)  360198K->41766K(1033216K), 0.0037965 secs]
90.950: Total time for which application threads were stopped: 0.0039249 seconds, Stopping threads took: 0.0000174 seconds
91.011: [GC (Allocation Failure)  360230K->41798K(1033216K), 0.0038053 secs]
91.014: Total time for which application threads were stopped: 0.0039413 seconds, Stopping threads took: 0.0000205 seconds
91.081: [GC (Allocation Failure)  360262K->49800K(1033216K), 0.0034566 secs]
91.085: Total time for which application threads were stopped: 0.0035858 seconds, Stopping threads took: 0.0000174 seconds
91.147: [GC (Allocation Failure)  368264K->49768K(1033216K), 0.0036859 secs]
91.151: Total time for which application threads were stopped: 0.0038098 seconds, Stopping threads took: 0.0000194 seconds
91.216: [GC (Allocation Failure)  368232K->49960K(1033216K), 0.0036679 secs]
91.220: Total time for which application threads were stopped: 0.0038028 seconds, Stopping threads took: 0.0000195 seconds
91.281: [GC (Allocation Failure)  368424K->57834K(1033216K), 0.0037340 secs]
91.285: Total time for which application threads were stopped: 0.0038646 seconds, Stopping threads took: 0.0000187 seconds
91.347: [GC (Allocation Failure)  376298K->57834K(1033216K), 0.0034614 secs]
91.350: Total time for which application threads were stopped: 0.0035940 seconds, Stopping threads took: 0.0000191 seconds
91.411: [GC (Allocation Failure)  376298K->58218K(1033216K), 0.0036713 secs]
91.415: Total time for which application threads were stopped: 0.0038058 seconds, Stopping threads took: 0.0000243 seconds
91.478: [GC (Allocation Failure)  376682K->65837K(1033216K), 0.0035570 secs]
91.482: Total time for which application threads were stopped: 0.0037037 seconds, Stopping threads took: 0.0000188 seconds
91.543: [GC (Allocation Failure)  384301K->65837K(1033216K), 0.0036978 secs]
91.547: Total time for which application threads were stopped: 0.0038345 seconds, Stopping threads took: 0.0000203 seconds
91.609: [GC (Allocation Failure)  384301K->65901K(1033216K), 0.0035785 secs]
91.613: Total time for which application threads were stopped: 0.0037063 seconds, Stopping threads took: 0.0000185 seconds
91.676: [GC (Allocation Failure)  384365K->73871K(1033216K), 0.0045068 secs]
91.681: Total time for which application threads were stopped: 0.0046296 seconds, Stopping threads took: 0.0000175 seconds
91.743: [GC (Allocation Failure)  392335K->69069K(1033728K), 0.0020598 secs]
91.745: Total time for which application threads were stopped: 0.0021875 seconds, Stopping threads took: 0.0000188 seconds
91.811: [GC (Allocation Failure)  388045K->74151K(1033216K), 0.0036464 secs]
91.815: Total time for which application threads were stopped: 0.0037808 seconds, Stopping threads took: 0.0000244 seconds
91.878: [GC (Allocation Failure)  393127K->78015K(1033728K), 0.0038700 secs]
91.882: Total time for which application threads were stopped: 0.0040182 seconds, Stopping threads took: 0.0000244 seconds
91.945: [GC (Allocation Failure)  398527K->84677K(1034240K), 0.0065109 secs]
91.952: Total time for which application threads were stopped: 0.0066543 seconds, Stopping threads took: 0.0000211 seconds
92.016: [GC (Allocation Failure)  405189K->78599K(1030144K), 0.0040173 secs]
92.020: Total time for which application threads were stopped: 0.0041554 seconds, Stopping threads took: 0.0000185 seconds
92.087: [GC (Allocation Failure)  395015K->78407K(1032192K), 0.0037903 secs]
92.091: Total time for which application threads were stopped: 0.0039369 seconds, Stopping threads took: 0.0000191 seconds
92.153: [GC (Allocation Failure)  394823K->75045K(1033216K), 0.0025813 secs]
92.155: Total time for which application threads were stopped: 0.0027174 seconds, Stopping threads took: 0.0000195 seconds
92.220: [GC (Allocation Failure)  392997K->78535K(1032704K), 0.0038093 secs]
92.224: Total time for which application threads were stopped: 0.0039572 seconds, Stopping threads took: 0.0000283 seconds
92.287: [GC (Allocation Failure)  396487K->78407K(1033728K), 0.0036981 secs]
92.291: Total time for which application threads were stopped: 0.0038419 seconds, Stopping threads took: 0.0000199 seconds
92.352: [GC (Allocation Failure)  397383K->78695K(1033216K), 0.0036137 secs]
92.356: Total time for which application threads were stopped: 0.0037740 seconds, Stopping threads took: 0.0000278 seconds
92.419: [GC (Allocation Failure)  397671K->86505K(1033728K), 0.0035320 secs]
92.422: Total time for which application threads were stopped: 0.0036616 seconds, Stopping threads took: 0.0000196 seconds
92.486: [GC (Allocation Failure)  405481K->86473K(1033216K), 0.0037429 secs]
92.489: Total time for which application threads were stopped: 0.0038651 seconds, Stopping threads took: 0.0000178 seconds
92.552: [GC (Allocation Failure)  405449K->88457K(1033728K), 0.0038369 secs]
92.555: Total time for which application threads were stopped: 0.0039725 seconds, Stopping threads took: 0.0000263 seconds
92.618: [GC (Allocation Failure)  407945K->94508K(1033728K), 0.0037391 secs]
92.621: Total time for which application threads were stopped: 0.0038819 seconds, Stopping threads took: 0.0000183 seconds
92.687: [GC (Allocation Failure)  413996K->94476K(1034240K), 0.0036297 secs]
92.691: Total time for which application threads were stopped: 0.0037510 seconds, Stopping threads took: 0.0000145 seconds
92.753: [GC (Allocation Failure)  414476K->96204K(1033728K), 0.0038287 secs]
92.757: Total time for which application threads were stopped: 0.0039750 seconds, Stopping threads took: 0.0000277 seconds
92.824: [GC (Allocation Failure)  416204K->102510K(1034240K), 0.0037548 secs]
92.827: Total time for which application threads were stopped: 0.0039030 seconds, Stopping threads took: 0.0000275 seconds
92.892: [GC (Allocation Failure)  423022K->102510K(1034240K), 0.0061706 secs]
92.898: Total time for which application threads were stopped: 0.0063024 seconds, Stopping threads took: 0.0000189 seconds
92.961: [GC (Allocation Failure)  423022K->105958K(1034240K), 0.0046418 secs]
92.966: Total time for which application threads were stopped: 0.0047839 seconds, Stopping threads took: 0.0000190 seconds
93.032: [GC (Allocation Failure)  426470K->110600K(1034240K), 0.0036962 secs]
93.035: Total time for which application threads were stopped: 0.0038371 seconds, Stopping threads took: 0.0000202 seconds
93.102: [GC (Allocation Failure)  431112K->110568K(1034752K), 0.0036563 secs]
93.106: Total time for which application threads were stopped: 0.0038105 seconds, Stopping threads took: 0.0000191 seconds
93.167: [GC (Allocation Failure)  432104K->113160K(1034752K), 0.0041986 secs]
93.171: Total time for which application threads were stopped: 0.0043501 seconds, Stopping threads took: 0.0000196 seconds
93.237: [GC (Allocation Failure)  434696K->118698K(1034752K), 0.0039711 secs]
93.241: Total time for which application threads were stopped: 0.0041055 seconds, Stopping threads took: 0.0000200 seconds
93.305: [GC (Allocation Failure)  440234K->118570K(1034752K), 0.0037856 secs]
93.309: Total time for which application threads were stopped: 0.0039144 seconds, Stopping threads took: 0.0000247 seconds
93.370: [GC (Allocation Failure)  440106K->122442K(1035264K), 0.0046340 secs]
93.374: Total time for which application threads were stopped: 0.0047779 seconds, Stopping threads took: 0.0000200 seconds
93.440: [GC (Allocation Failure)  444490K->126669K(1034752K), 0.0037402 secs]
93.443: Total time for which application threads were stopped: 0.0038701 seconds, Stopping threads took: 0.0000190 seconds
93.508: [GC (Allocation Failure)  448717K->126605K(1035264K), 0.0036176 secs]
93.512: Total time for which application threads were stopped: 0.0037484 seconds, Stopping threads took: 0.0000187 seconds
93.574: [GC (Allocation Failure)  449165K->129645K(1035264K), 0.0043985 secs]
93.578: Total time for which application threads were stopped: 0.0045379 seconds, Stopping threads took: 0.0000186 seconds
93.643: [GC (Allocation Failure)  452205K->134639K(1035264K), 0.0036353 secs]
93.647: Total time for which application threads were stopped: 0.0037685 seconds, Stopping threads took: 0.0000179 seconds
93.714: [GC (Allocation Failure)  457199K->134671K(1035264K), 0.0037861 secs]
93.717: Total time for which application threads were stopped: 0.0039168 seconds, Stopping threads took: 0.0000156 seconds
93.782: [GC (Allocation Failure)  457231K->137863K(1035264K), 0.0044745 secs]
93.786: Total time for which application threads were stopped: 0.0046036 seconds, Stopping threads took: 0.0000193 seconds
93.850: [GC (Allocation Failure)  460423K->142697K(1035264K), 0.0037636 secs]
93.854: Total time for which application threads were stopped: 0.0039024 seconds, Stopping threads took: 0.0000188 seconds
93.920: [GC (Allocation Failure)  465257K->142665K(1035264K), 0.0035778 secs]
93.924: Total time for which application threads were stopped: 0.0037120 seconds, Stopping threads took: 0.0000197 seconds
93.986: [GC (Allocation Failure)  465225K->146121K(1035264K), 0.0044938 secs]
93.991: Total time for which application threads were stopped: 0.0046593 seconds, Stopping threads took: 0.0000384 seconds
94.055: [GC (Allocation Failure)  468681K->150731K(1035264K), 0.0045806 secs]
94.060: Total time for which application threads were stopped: 0.0047218 seconds, Stopping threads took: 0.0000182 seconds
94.126: [GC (Allocation Failure)  473291K->150699K(1035264K), 0.0039022 secs]
94.130: Total time for which application threads were stopped: 0.0040278 seconds, Stopping threads took: 0.0000195 seconds
94.194: [GC (Allocation Failure)  473259K->154339K(1035776K), 0.0047275 secs]
94.199: Total time for which application threads were stopped: 0.0048703 seconds, Stopping threads took: 0.0000192 seconds
94.265: [GC (Allocation Failure)  477411K->158854K(1035264K), 0.0039769 secs]
94.269: Total time for which application threads were stopped: 0.0041127 seconds, Stopping threads took: 0.0000198 seconds
94.332: [GC (Allocation Failure)  481926K->158726K(1035776K), 0.0038024 secs]
94.336: Total time for which application threads were stopped: 0.0039424 seconds, Stopping threads took: 0.0000190 seconds
94.399: [GC (Allocation Failure)  482310K->156547K(1035776K), 0.0032083 secs]
94.403: Total time for which application threads were stopped: 0.0033811 seconds, Stopping threads took: 0.0000246 seconds
94.466: [GC (Allocation Failure)  480131K->158790K(1036288K), 0.0038116 secs]
94.470: Total time for which application threads were stopped: 0.0039769 seconds, Stopping threads took: 0.0000247 seconds
94.534: [GC (Allocation Failure)  483398K->158726K(1036288K), 0.0036552 secs]
94.538: Total time for which application threads were stopped: 0.0037987 seconds, Stopping threads took: 0.0000244 seconds
94.600: [GC (Allocation Failure)  483334K->165963K(1031168K), 0.0073840 secs]
94.607: Total time for which application threads were stopped: 0.0075474 seconds, Stopping threads took: 0.0000187 seconds
94.670: [GC (Allocation Failure)  485451K->161966K(1033728K), 0.0040682 secs]
94.674: Total time for which application threads were stopped: 0.0042096 seconds, Stopping threads took: 0.0000189 seconds
94.735: [GC (Allocation Failure)  481454K->161742K(1034752K), 0.0038294 secs]
94.739: Total time for which application threads were stopped: 0.0039641 seconds, Stopping threads took: 0.0000197 seconds
94.802: [GC (Allocation Failure)  482766K->165643K(1032704K), 0.0053664 secs]
94.808: Total time for which application threads were stopped: 0.0055121 seconds, Stopping threads took: 0.0000266 seconds
94.869: [GC (Allocation Failure)  486667K->161934K(1034240K), 0.0046331 secs]
94.874: Total time for which application threads were stopped: 0.0047703 seconds, Stopping threads took: 0.0000189 seconds
94.937: [GC (Allocation Failure)  481934K->161742K(1033728K), 0.0037683 secs]
94.941: Total time for which application threads were stopped: 0.0039029 seconds, Stopping threads took: 0.0000200 seconds
95.001: [GC (Allocation Failure)  481742K->163275K(1034752K), 0.0046814 secs]
95.006: Total time for which application threads were stopped: 0.0048420 seconds, Stopping threads took: 0.0000264 seconds
95.071: [GC (Allocation Failure)  484811K->161902K(1034752K), 0.0038814 secs]
95.075: Total time for which application threads were stopped: 0.0040128 seconds, Stopping threads took: 0.0000174 seconds
95.138: [GC (Allocation Failure)  483438K->161742K(1035776K), 0.0039608 secs]
95.142: Total time for which application threads were stopped: 0.0040919 seconds, Stopping threads took: 0.0000189 seconds
95.204: [GC (Allocation Failure)  484814K->166027K(1035264K), 0.0056521 secs]
95.209: Total time for which application threads were stopped: 0.0057970 seconds, Stopping threads took: 0.0000266 seconds
95.271: [GC (Allocation Failure)  489099K->161838K(1035264K), 0.0039796 secs]
95.275: Total time for which application threads were stopped: 0.0041359 seconds, Stopping threads took: 0.0000240 seconds
95.339: [GC (Allocation Failure)  484398K->161742K(1035264K), 0.0037253 secs]
95.343: Total time for which application threads were stopped: 0.0038601 seconds, Stopping threads took: 0.0000256 seconds
95.406: [GC (Allocation Failure)  484302K->154411K(1034240K), 0.0010717 secs]
95.407: Total time for which application threads were stopped: 0.0012140 seconds, Stopping threads took: 0.0000192 seconds
95.471: [GC (Allocation Failure)  475947K->161766K(1034752K), 0.0038013 secs]
95.474: Total time for which application threads were stopped: 0.0039407 seconds, Stopping threads took: 0.0000240 seconds
95.537: [GC (Allocation Failure)  483302K->165886K(1035264K), 0.0050291 secs]
95.542: Total time for which application threads were stopped: 0.0051881 seconds, Stopping threads took: 0.0000235 seconds
95.607: [GC (Allocation Failure)  488446K->160859K(1035264K), 0.0021907 secs]
95.609: Total time for which application threads were stopped: 0.0023045 seconds, Stopping threads took: 0.0000160 seconds
95.675: [GC (Allocation Failure)  483419K->166158K(1035264K), 0.0038640 secs]
95.679: Total time for which application threads were stopped: 0.0039822 seconds, Stopping threads took: 0.0000156 seconds
95.743: [GC (Allocation Failure)  488718K->170070K(1035264K), 0.0041383 secs]
95.747: Total time for which application threads were stopped: 0.0042775 seconds, Stopping threads took: 0.0000187 seconds
95.809: [GC (Allocation Failure)  492629K->166099K(1035776K), 0.0028563 secs]
95.812: Total time for which application threads were stopped: 0.0029894 seconds, Stopping threads took: 0.0000255 seconds
95.877: [GC (Allocation Failure)  489683K->170190K(1035776K), 0.0038762 secs]
95.881: Total time for which application threads were stopped: 0.0040103 seconds, Stopping threads took: 0.0000190 seconds
95.944: [GC (Allocation Failure)  493774K->174190K(1035776K), 0.0037757 secs]
95.948: Total time for which application threads were stopped: 0.0039069 seconds, Stopping threads took: 0.0000192 seconds
96.012: [GC (Allocation Failure)  497774K->174158K(1035776K), 0.0038342 secs]
96.015: Total time for which application threads were stopped: 0.0039662 seconds, Stopping threads took: 0.0000194 seconds
96.080: [GC (Allocation Failure)  497742K->174214K(1034752K), 0.0039238 secs]
96.084: Total time for which application threads were stopped: 0.0040696 seconds, Stopping threads took: 0.0000173 seconds
96.150: [GC (Allocation Failure)  496774K->182184K(1035264K), 0.0036427 secs]
96.154: Total time for which application threads were stopped: 0.0037615 seconds, Stopping threads took: 0.0000156 seconds
96.215: [GC (Allocation Failure)  504744K->182152K(1035264K), 0.0039091 secs]
96.219: Total time for which application threads were stopped: 0.0040495 seconds, Stopping threads took: 0.0000185 seconds
96.284: [GC (Allocation Failure)  504712K->182216K(1022464K), 0.0039605 secs]
96.288: Total time for which application threads were stopped: 0.0040991 seconds, Stopping threads took: 0.0000191 seconds
96.355: [GC (Allocation Failure)  504776K->190250K(1034752K), 0.0038662 secs]
96.358: Total time for which application threads were stopped: 0.0039861 seconds, Stopping threads took: 0.0000162 seconds
96.423: [GC (Allocation Failure)  511786K->190218K(1034752K), 0.0036553 secs]
96.426: Total time for which application threads were stopped: 0.0038022 seconds, Stopping threads took: 0.0000190 seconds
96.491: [GC (Allocation Failure)  511754K->190466K(1034752K), 0.0040630 secs]
96.495: Total time for which application threads were stopped: 0.0041964 seconds, Stopping threads took: 0.0000177 seconds
96.558: [GC (Allocation Failure)  512002K->198244K(1029120K), 0.0038727 secs]
96.562: Total time for which application threads were stopped: 0.0039944 seconds, Stopping threads took: 0.0000181 seconds
96.627: [GC (Allocation Failure)  519780K->198244K(1034240K), 0.0039390 secs]
96.631: Total time for which application threads were stopped: 0.0040684 seconds, Stopping threads took: 0.0000164 seconds
96.696: [GC (Allocation Failure)  518756K->198700K(1034240K), 0.0040191 secs]
96.700: Total time for which application threads were stopped: 0.0041613 seconds, Stopping threads took: 0.0000193 seconds
96.763: [GC (Allocation Failure)  519212K->206255K(1034240K), 0.0039395 secs]
96.767: Total time for which application threads were stopped: 0.0040848 seconds, Stopping threads took: 0.0000235 seconds
96.831: [GC (Allocation Failure)  526767K->206319K(1034240K), 0.0037168 secs]
96.834: Total time for which application threads were stopped: 0.0038528 seconds, Stopping threads took: 0.0000261 seconds
96.897: [GC (Allocation Failure)  526831K->206407K(1034240K), 0.0039944 secs]
96.901: Total time for which application threads were stopped: 0.0041252 seconds, Stopping threads took: 0.0000183 seconds
96.965: [GC (Allocation Failure)  526919K->214345K(1028096K), 0.0038813 secs]
96.969: Total time for which application threads were stopped: 0.0040291 seconds, Stopping threads took: 0.0000269 seconds
97.032: [GC (Allocation Failure)  534857K->214313K(1033728K), 0.0048681 secs]
97.037: Total time for which application threads were stopped: 0.0050003 seconds, Stopping threads took: 0.0000191 seconds
97.100: [GC (Allocation Failure)  533801K->214377K(1033728K), 0.0039274 secs]
97.104: Total time for which application threads were stopped: 0.0040615 seconds, Stopping threads took: 0.0000190 seconds
97.166: [GC (Allocation Failure)  533865K->222347K(1033728K), 0.0039507 secs]
97.170: Total time for which application threads were stopped: 0.0040929 seconds, Stopping threads took: 0.0000267 seconds
97.234: [GC (Allocation Failure)  541835K->222347K(1033728K), 0.0039147 secs]
97.238: Total time for which application threads were stopped: 0.0040371 seconds, Stopping threads took: 0.0000161 seconds
97.302: [GC (Allocation Failure)  541835K->222603K(1033728K), 0.0038944 secs]
97.306: Total time for which application threads were stopped: 0.0040307 seconds, Stopping threads took: 0.0000245 seconds
97.368: [GC (Allocation Failure)  542091K->230382K(1033728K), 0.0039551 secs]
97.372: Total time for which application threads were stopped: 0.0040832 seconds, Stopping threads took: 0.0000185 seconds
97.432: [GC (Allocation Failure)  549869K->226475K(1034240K), 0.0029348 secs]
97.434: Total time for which application threads were stopped: 0.0030500 seconds, Stopping threads took: 0.0000162 seconds
97.498: [GC (Allocation Failure)  546475K->230542K(1033728K), 0.0039186 secs]
97.502: Total time for which application threads were stopped: 0.0040666 seconds, Stopping threads took: 0.0000268 seconds
97.565: [GC (Allocation Failure)  550542K->234510K(1034752K), 0.0040450 secs]
97.569: Total time for which application threads were stopped: 0.0041772 seconds, Stopping threads took: 0.0000190 seconds
97.631: [GC (Allocation Failure)  556046K->228747K(1034752K), 0.0020515 secs]
97.633: Total time for which application threads were stopped: 0.0021830 seconds, Stopping threads took: 0.0000192 seconds
97.696: [GC (Allocation Failure)  550283K->234550K(1035264K), 0.0065456 secs]
97.702: Total time for which application threads were stopped: 0.0066935 seconds, Stopping threads took: 0.0000248 seconds
97.768: [GC (Allocation Failure)  556598K->238662K(1034752K), 0.0044132 secs]
97.772: Total time for which application threads were stopped: 0.0045463 seconds, Stopping threads took: 0.0000181 seconds
97.836: [GC (Allocation Failure)  560448K->234755K(1035776K), 0.0030053 secs]
97.839: Total time for which application threads were stopped: 0.0031389 seconds, Stopping threads took: 0.0000196 seconds
97.903: [GC (Allocation Failure)  557827K->238830K(1035264K), 0.0041333 secs]
97.907: Total time for which application threads were stopped: 0.0042655 seconds, Stopping threads took: 0.0000191 seconds
97.972: [GC (Allocation Failure)  561902K->242766K(1035264K), 0.0064209 secs]
97.978: Total time for which application threads were stopped: 0.0065509 seconds, Stopping threads took: 0.0000186 seconds
98.043: [GC (Allocation Failure)  566350K->242798K(1035776K), 0.0047237 secs]
98.048: Total time for which application threads were stopped: 0.0048609 seconds, Stopping threads took: 0.0000244 seconds
98.113: [GC (Allocation Failure)  566382K->242854K(1034752K), 0.0040655 secs]
98.117: Total time for which application threads were stopped: 0.0041983 seconds, Stopping threads took: 0.0000195 seconds
98.180: [GC (Allocation Failure)  565414K->250824K(1035264K), 0.0040226 secs]
98.184: Total time for which application threads were stopped: 0.0041491 seconds, Stopping threads took: 0.0000184 seconds
98.248: [GC (Allocation Failure)  573384K->250824K(1034240K), 0.0040313 secs]
98.252: Total time for which application threads were stopped: 0.0041571 seconds, Stopping threads took: 0.0000188 seconds
98.317: [GC (Allocation Failure)  572360K->250856K(1034752K), 0.0039640 secs]
98.321: Total time for which application threads were stopped: 0.0041153 seconds, Stopping threads took: 0.0000179 seconds
98.383: [GC (Allocation Failure)  572392K->258858K(1034752K), 0.0048201 secs]
98.388: Total time for which application threads were stopped: 0.0049647 seconds, Stopping threads took: 0.0000187 seconds
98.453: [GC (Allocation Failure)  580394K->258858K(1029120K), 0.0039214 secs]
98.457: Total time for which application threads were stopped: 0.0040630 seconds, Stopping threads took: 0.0000266 seconds
98.518: [GC (Allocation Failure)  580394K->259114K(1034240K), 0.0039981 secs]
98.522: Total time for which application threads were stopped: 0.0041433 seconds, Stopping threads took: 0.0000243 seconds
98.586: [GC (Allocation Failure)  579626K->266892K(1034240K), 0.0039946 secs]
98.590: Total time for which application threads were stopped: 0.0041344 seconds, Stopping threads took: 0.0000269 seconds
98.654: [GC (Allocation Failure)  587404K->266892K(1034240K), 0.0040205 secs]
98.658: Total time for which application threads were stopped: 0.0041597 seconds, Stopping threads took: 0.0000213 seconds
98.722: [GC (Allocation Failure)  587404K->267340K(1034240K), 0.0041156 secs]
98.726: Total time for which application threads were stopped: 0.0042605 seconds, Stopping threads took: 0.0000203 seconds
98.790: [GC (Allocation Failure)  587852K->274959K(1033216K), 0.0041980 secs]
98.794: Total time for which application threads were stopped: 0.0043252 seconds, Stopping threads took: 0.0000184 seconds
98.859: [GC (Allocation Failure)  594447K->274959K(1033728K), 0.0039429 secs]
98.863: Total time for which application threads were stopped: 0.0040758 seconds, Stopping threads took: 0.0000192 seconds
98.924: [GC (Allocation Failure)  594447K->275079K(1033728K), 0.0041403 secs]
98.928: Total time for which application threads were stopped: 0.0042857 seconds, Stopping threads took: 0.0000255 seconds
98.991: [GC (Allocation Failure)  594567K->282985K(1033728K), 0.0039154 secs]
98.995: Total time for which application threads were stopped: 0.0040537 seconds, Stopping threads took: 0.0000181 seconds
99.062: [GC (Allocation Failure)  602473K->282921K(1033728K), 0.0046286 secs]
99.066: Total time for which application threads were stopped: 0.0047683 seconds, Stopping threads took: 0.0000243 seconds
99.128: [GC (Allocation Failure)  602409K->283017K(1033728K), 0.0040540 secs]
99.132: Total time for which application threads were stopped: 0.0041888 seconds, Stopping threads took: 0.0000194 seconds
99.197: [GC (Allocation Failure)  602505K->290987K(1032704K), 0.0040800 secs]
99.201: Total time for which application threads were stopped: 0.0042091 seconds, Stopping threads took: 0.0000185 seconds
99.264: [GC (Allocation Failure)  609451K->285417K(1033216K), 0.0021827 secs]
99.266: Total time for which application threads were stopped: 0.0023269 seconds, Stopping threads took: 0.0000193 seconds
99.331: [GC (Allocation Failure)  603881K->291211K(1034752K), 0.0040673 secs]
99.335: Total time for which application threads were stopped: 0.0041954 seconds, Stopping threads took: 0.0000187 seconds
99.401: [GC (Allocation Failure)  611723K->295163K(1033728K), 0.0044699 secs]
99.405: Total time for which application threads were stopped: 0.0045936 seconds, Stopping threads took: 0.0000181 seconds
99.469: [GC (Allocation Failure)  615675K->302025K(1029120K), 0.0069495 secs]
99.476: Total time for which application threads were stopped: 0.0071083 seconds, Stopping threads took: 0.0000232 seconds
99.539: [GC (Allocation Failure)  617417K->295947K(1031680K), 0.0043045 secs]
99.544: Total time for which application threads were stopped: 0.0044238 seconds, Stopping threads took: 0.0000162 seconds
99.604: [GC (Allocation Failure)  611339K->295755K(1032704K), 0.0041085 secs]
99.608: Total time for which application threads were stopped: 0.0042428 seconds, Stopping threads took: 0.0000178 seconds
99.668: [GC (Allocation Failure)  612683K->299147K(1032192K), 0.0048072 secs]
99.673: Total time for which application threads were stopped: 0.0049501 seconds, Stopping threads took: 0.0000240 seconds
99.735: [GC (Allocation Failure)  616075K->303885K(1033216K), 0.0041000 secs]
99.740: Total time for which application threads were stopped: 0.0042288 seconds, Stopping threads took: 0.0000179 seconds
99.805: [GC (Allocation Failure)  621837K->303789K(1032704K), 0.0039742 secs]
99.809: Total time for which application threads were stopped: 0.0041003 seconds, Stopping threads took: 0.0000245 seconds
99.871: [GC (Allocation Failure)  621741K->304805K(1033216K), 0.0043299 secs]
99.875: Total time for which application threads were stopped: 0.0045000 seconds, Stopping threads took: 0.0000245 seconds
99.939: [GC (Allocation Failure)  623269K->311816K(1033216K), 0.0042499 secs]
99.944: Total time for which application threads were stopped: 0.0043783 seconds, Stopping threads took: 0.0000188 seconds
100.007: [GC (Allocation Failure)  630280K->311848K(1033728K), 0.0040261 secs]
100.012: Total time for which application threads were stopped: 0.0041487 seconds, Stopping threads took: 0.0000178 seconds
100.078: [GC (Allocation Failure)  630824K->313512K(1033216K), 0.0044266 secs]
100.082: Total time for which application threads were stopped: 0.0045823 seconds, Stopping threads took: 0.0000181 seconds
100.146: [GC (Allocation Failure)  632488K->319914K(1033728K), 0.0042908 secs]
100.151: Total time for which application threads were stopped: 0.0044243 seconds, Stopping threads took: 0.0000206 seconds
100.214: [GC (Allocation Failure)  639402K->319850K(1033728K), 0.0043197 secs]
100.218: Total time for which application threads were stopped: 0.0044557 seconds, Stopping threads took: 0.0000191 seconds
100.280: [GC (Allocation Failure)  639338K->320202K(1033728K), 0.0042576 secs]
100.284: Total time for which application threads were stopped: 0.0043921 seconds, Stopping threads took: 0.0000187 seconds
100.347: [GC (Allocation Failure)  639690K->327916K(1033728K), 0.0041654 secs]
100.352: Total time for which application threads were stopped: 0.0042854 seconds, Stopping threads took: 0.0000157 seconds
100.417: [GC (Allocation Failure)  647404K->327884K(1033728K), 0.0040809 secs]
100.421: Total time for which application threads were stopped: 0.0042067 seconds, Stopping threads took: 0.0000175 seconds
100.482: [GC (Allocation Failure)  647372K->331500K(1033728K), 0.0052103 secs]
100.488: Total time for which application threads were stopped: 0.0053594 seconds, Stopping threads took: 0.0000179 seconds
100.551: [GC (Allocation Failure)  650988K->336014K(1034240K), 0.0042342 secs]
100.555: Total time for which application threads were stopped: 0.0043681 seconds, Stopping threads took: 0.0000189 seconds
100.618: [GC (Allocation Failure)  656526K->335918K(1034240K), 0.0040048 secs]
100.622: Total time for which application threads were stopped: 0.0041513 seconds, Stopping threads took: 0.0000197 seconds
100.685: [GC (Allocation Failure)  656430K->336654K(1034240K), 0.0042462 secs]
100.689: Total time for which application threads were stopped: 0.0043770 seconds, Stopping threads took: 0.0000170 seconds
100.753: [GC (Allocation Failure)  657166K->343985K(1034240K), 0.0041833 secs]
100.757: Total time for which application threads were stopped: 0.0043138 seconds, Stopping threads took: 0.0000184 seconds
100.821: [GC (Allocation Failure)  664497K->343953K(1034240K), 0.0040983 secs]
100.825: Total time for which application threads were stopped: 0.0042458 seconds, Stopping threads took: 0.0000250 seconds
100.887: [GC (Allocation Failure)  664465K->344873K(1034240K), 0.0043492 secs]
100.892: Total time for which application threads were stopped: 0.0044969 seconds, Stopping threads took: 0.0000247 seconds
100.955: [GC (Allocation Failure)  665385K->352011K(1034240K), 0.0043496 secs]
100.960: Total time for which application threads were stopped: 0.0044963 seconds, Stopping threads took: 0.0000187 seconds
101.026: [GC (Allocation Failure)  672523K->352011K(1034240K), 0.0042790 secs]
101.030: Total time for which application threads were stopped: 0.0044203 seconds, Stopping threads took: 0.0000193 seconds
101.094: [GC (Allocation Failure)  672523K->353131K(1034240K), 0.0044776 secs]
101.099: Total time for which application threads were stopped: 0.0046176 seconds, Stopping threads took: 0.0000179 seconds
101.163: [GC (Allocation Failure)  673643K->360045K(1034240K), 0.0044266 secs]
101.167: Total time for which application threads were stopped: 0.0045613 seconds, Stopping threads took: 0.0000199 seconds
101.231: [GC (Allocation Failure)  680557K->360013K(1034240K), 0.0042685 secs]
101.235: Total time for which application threads were stopped: 0.0044148 seconds, Stopping threads took: 0.0000243 seconds
101.300: [GC (Allocation Failure)  680525K->360357K(1020416K), 0.0045175 secs]
101.304: Total time for which application threads were stopped: 0.0046528 seconds, Stopping threads took: 0.0000199 seconds
101.370: [GC (Allocation Failure)  680869K->368103K(1033728K), 0.0043195 secs]
101.374: Total time for which application threads were stopped: 0.0044657 seconds, Stopping threads took: 0.0000247 seconds
101.436: [GC (Allocation Failure)  687591K->368039K(1033728K), 0.0042228 secs]
101.440: Total time for which application threads were stopped: 0.0043663 seconds, Stopping threads took: 0.0000239 seconds
101.502: [GC (Allocation Failure)  687527K->368583K(1033728K), 0.0043392 secs]
101.506: Total time for which application threads were stopped: 0.0044687 seconds, Stopping threads took: 0.0000189 seconds
101.569: [GC (Allocation Failure)  688071K->376138K(1033728K), 0.0041636 secs]
101.573: Total time for which application threads were stopped: 0.0042963 seconds, Stopping threads took: 0.0000174 seconds
101.638: [GC (Allocation Failure)  695626K->376074K(1033728K), 0.0041904 secs]
101.642: Total time for which application threads were stopped: 0.0043080 seconds, Stopping threads took: 0.0000160 seconds
101.704: [GC (Allocation Failure)  695562K->376810K(1033728K), 0.0043858 secs]
101.708: Total time for which application threads were stopped: 0.0045467 seconds, Stopping threads took: 0.0000253 seconds
101.772: [GC (Allocation Failure)  696298K->384108K(1033728K), 0.0043464 secs]
101.776: Total time for which application threads were stopped: 0.0044861 seconds, Stopping threads took: 0.0000238 seconds
101.841: [GC (Allocation Failure)  703596K->384076K(1033728K), 0.0042690 secs]
101.846: Total time for which application threads were stopped: 0.0044075 seconds, Stopping threads took: 0.0000237 seconds
101.908: [GC (Allocation Failure)  703564K->386124K(1033728K), 0.0047337 secs]
101.913: Total time for which application threads were stopped: 0.0048711 seconds, Stopping threads took: 0.0000184 seconds
101.976: [GC (Allocation Failure)  705612K->392142K(1033728K), 0.0042309 secs]
101.981: Total time for which application threads were stopped: 0.0043642 seconds, Stopping threads took: 0.0000189 seconds
102.044: [GC (Allocation Failure)  711630K->392142K(1033728K), 0.0048368 secs]
102.049: Total time for which application threads were stopped: 0.0049965 seconds, Stopping threads took: 0.0000249 seconds
102.115: [GC (Allocation Failure)  711630K->393294K(1033728K), 0.0059526 secs]
102.121: Total time for which application threads were stopped: 0.0060945 seconds, Stopping threads took: 0.0000177 seconds
102.189: [GC (Allocation Failure)  712782K->400241K(1033728K), 0.0043699 secs]
102.193: Total time for which application threads were stopped: 0.0045120 seconds, Stopping threads took: 0.0000205 seconds
102.258: [GC (Allocation Failure)  719729K->400177K(1033728K), 0.0042895 secs]
102.262: Total time for which application threads were stopped: 0.0044433 seconds, Stopping threads took: 0.0000197 seconds
102.324: [GC (Allocation Failure)  719665K->400521K(1033728K), 0.0043501 secs]
102.329: Total time for which application threads were stopped: 0.0045074 seconds, Stopping threads took: 0.0000262 seconds
102.395: [GC (Allocation Failure)  720009K->408235K(1033728K), 0.0043234 secs]
102.399: Total time for which application threads were stopped: 0.0044624 seconds, Stopping threads took: 0.0000269 seconds
102.463: [GC (Allocation Failure)  727723K->408203K(1033728K), 0.0043391 secs]
102.467: Total time for which application threads were stopped: 0.0044689 seconds, Stopping threads took: 0.0000187 seconds
102.530: [GC (Allocation Failure)  727691K->408747K(1033728K), 0.0045473 secs]
102.534: Total time for which application threads were stopped: 0.0046883 seconds, Stopping threads took: 0.0000178 seconds
102.597: [GC (Allocation Failure)  728235K->416269K(1033728K), 0.0044362 secs]
102.602: Total time for which application threads were stopped: 0.0045802 seconds, Stopping threads took: 0.0000276 seconds
102.664: [GC (Allocation Failure)  735757K->416269K(1033728K), 0.0043750 secs]
102.669: Total time for which application threads were stopped: 0.0045069 seconds, Stopping threads took: 0.0000193 seconds
102.732: [GC (Allocation Failure)  735757K->416973K(1033728K), 0.0044268 secs]
102.736: Total time for which application threads were stopped: 0.0045484 seconds, Stopping threads took: 0.0000165 seconds
102.799: [GC (Allocation Failure)  736461K->424303K(1033728K), 0.0042847 secs]
102.804: Total time for which application threads were stopped: 0.0044237 seconds, Stopping threads took: 0.0000185 seconds
102.867: [GC (Allocation Failure)  743791K->424271K(1033728K), 0.0042434 secs]
102.871: Total time for which application threads were stopped: 0.0044172 seconds, Stopping threads took: 0.0000245 seconds
102.933: [GC (Allocation Failure)  743759K->425191K(1033728K), 0.0044990 secs]
102.937: Total time for which application threads were stopped: 0.0046297 seconds, Stopping threads took: 0.0000189 seconds
103.003: [GC (Allocation Failure)  744679K->432266K(1033728K), 0.0044508 secs]
103.007: Total time for which application threads were stopped: 0.0045853 seconds, Stopping threads took: 0.0000177 seconds
103.073: [GC (Allocation Failure)  751754K->432298K(1033728K), 0.0042213 secs]
103.077: Total time for which application threads were stopped: 0.0043478 seconds, Stopping threads took: 0.0000146 seconds
103.140: [GC (Allocation Failure)  751786K->432394K(1033728K), 0.0043038 secs]
103.144: Total time for which application threads were stopped: 0.0044562 seconds, Stopping threads took: 0.0000251 seconds
103.207: [GC (Allocation Failure)  751882K->440332K(1027072K), 0.0043050 secs]
103.212: Total time for which application threads were stopped: 0.0044494 seconds, Stopping threads took: 0.0000194 seconds
103.274: [GC (Allocation Failure)  759820K->440364K(1033216K), 0.0044180 secs]
103.279: Total time for which application threads were stopped: 0.0045538 seconds, Stopping threads took: 0.0000197 seconds
103.344: [GC (Allocation Failure)  758828K->440652K(1033216K), 0.0044151 secs]
103.348: Total time for which application threads were stopped: 0.0045718 seconds, Stopping threads took: 0.0000246 seconds
103.413: [GC (Allocation Failure)  759116K->448398K(1033216K), 0.0044044 secs]
103.417: Total time for which application threads were stopped: 0.0045368 seconds, Stopping threads took: 0.0000157 seconds
103.481: [GC (Allocation Failure)  766862K->448366K(1033216K), 0.0044889 secs]
103.485: Total time for which application threads were stopped: 0.0046172 seconds, Stopping threads took: 0.0000186 seconds
103.545: [GC (Allocation Failure)  766830K->448870K(1033216K), 0.0046205 secs]
103.550: Total time for which application threads were stopped: 0.0047657 seconds, Stopping threads took: 0.0000183 seconds
103.612: [GC (Allocation Failure)  767334K->456392K(1033216K), 0.0045097 secs]
103.617: Total time for which application threads were stopped: 0.0046369 seconds, Stopping threads took: 0.0000178 seconds
103.682: [GC (Allocation Failure)  774856K->456392K(1033216K), 0.0043552 secs]
103.686: Total time for which application threads were stopped: 0.0044818 seconds, Stopping threads took: 0.0000188 seconds
103.746: [GC (Allocation Failure)  774856K->456584K(1033216K), 0.0043491 secs]
103.751: Total time for which application threads were stopped: 0.0044789 seconds, Stopping threads took: 0.0000184 seconds
103.814: [GC (Allocation Failure)  775048K->464427K(1033216K), 0.0043505 secs]
103.819: Total time for which application threads were stopped: 0.0044912 seconds, Stopping threads took: 0.0000266 seconds
103.880: [GC (Allocation Failure)  782891K->464459K(1033216K), 0.0044276 secs]
103.885: Total time for which application threads were stopped: 0.0045644 seconds, Stopping threads took: 0.0000193 seconds
103.948: [GC (Allocation Failure)  782923K->464587K(1033216K), 0.0044973 secs]
103.953: Total time for which application threads were stopped: 0.0046379 seconds, Stopping threads took: 0.0000191 seconds
104.015: [GC (Allocation Failure)  783051K->472493K(1033216K), 0.0046865 secs]
104.020: Total time for which application threads were stopped: 0.0048331 seconds, Stopping threads took: 0.0000238 seconds
104.083: [GC (Allocation Failure)  790957K->472461K(1033216K), 0.0046069 secs]
104.088: Total time for which application threads were stopped: 0.0047667 seconds, Stopping threads took: 0.0000194 seconds
104.149: [GC (Allocation Failure)  790925K->472557K(1033216K), 0.0064163 secs]
104.156: Total time for which application threads were stopped: 0.0065489 seconds, Stopping threads took: 0.0000194 seconds
104.220: [GC (Allocation Failure)  791021K->480527K(1033216K), 0.0045889 secs]
104.225: Total time for which application threads were stopped: 0.0047722 seconds, Stopping threads took: 0.0000197 seconds
104.288: [GC (Allocation Failure)  798991K->480495K(1033216K), 0.0043276 secs]
104.293: Total time for which application threads were stopped: 0.0044853 seconds, Stopping threads took: 0.0000277 seconds
104.355: [GC (Allocation Failure)  798959K->480743K(1033216K), 0.0045731 secs]
104.360: Total time for which application threads were stopped: 0.0047152 seconds, Stopping threads took: 0.0000277 seconds
104.423: [GC (Allocation Failure)  799207K->488521K(1033216K), 0.0044377 secs]
104.427: Total time for which application threads were stopped: 0.0045825 seconds, Stopping threads took: 0.0000186 seconds
104.492: [GC (Allocation Failure)  806985K->488521K(1033216K), 0.0044178 secs]
104.497: Total time for which application threads were stopped: 0.0045510 seconds, Stopping threads took: 0.0000198 seconds
104.557: [GC (Allocation Failure)  806985K->488777K(1033216K), 0.0045246 secs]
104.561: Total time for which application threads were stopped: 0.0046648 seconds, Stopping threads took: 0.0000187 seconds
104.622: [GC (Allocation Failure)  807241K->496524K(1033216K), 0.0065529 secs]
104.629: Total time for which application threads were stopped: 0.0067086 seconds, Stopping threads took: 0.0000241 seconds
104.691: [GC (Allocation Failure)  814988K->492681K(1033216K), 0.0036673 secs]
104.694: Total time for which application threads were stopped: 0.0038079 seconds, Stopping threads took: 0.0000186 seconds
104.760: [GC (Allocation Failure)  811145K->496716K(1034752K), 0.0046886 secs]
104.764: Total time for which application threads were stopped: 0.0048091 seconds, Stopping threads took: 0.0000158 seconds
104.830: [GC (Allocation Failure)  817228K->500716K(1033728K), 0.0043046 secs]
104.834: Total time for which application threads were stopped: 0.0044447 seconds, Stopping threads took: 0.0000273 seconds
104.897: [GC (Allocation Failure)  821228K->492905K(1034240K), 0.0016076 secs]
104.898: Total time for which application threads were stopped: 0.0017385 seconds, Stopping threads took: 0.0000192 seconds
104.962: [GC (Allocation Failure)  813417K->500716K(1034240K), 0.0045044 secs]
104.966: Total time for which application threads were stopped: 0.0046699 seconds, Stopping threads took: 0.0000208 seconds
105.029: [GC (Allocation Failure)  821228K->504876K(1033216K), 0.0058672 secs]
105.034: Total time for which application threads were stopped: 0.0059974 seconds, Stopping threads took: 0.0000185 seconds
105.099: [GC (Allocation Failure)  824364K->510569K(1032704K), 0.0070368 secs]
105.106: Total time for which application threads were stopped: 0.0071736 seconds, Stopping threads took: 0.0000186 seconds
105.169: [GC (Allocation Failure)  830057K->505100K(1031680K), 0.0045941 secs]
105.174: Total time for which application threads were stopped: 0.0047256 seconds, Stopping threads took: 0.0000187 seconds
105.242: [GC (Allocation Failure)  821516K->504844K(1032192K), 0.0044386 secs]
105.247: Total time for which application threads were stopped: 0.0046119 seconds, Stopping threads took: 0.0000372 seconds
105.309: [GC (Allocation Failure)  821260K->499497K(1032704K), 0.0028157 secs]
105.312: Total time for which application threads were stopped: 0.0029684 seconds, Stopping threads took: 0.0000210 seconds
105.375: [GC (Allocation Failure)  816937K->505036K(1032704K), 0.0045292 secs]
105.380: Total time for which application threads were stopped: 0.0046838 seconds, Stopping threads took: 0.0000294 seconds
105.445: [GC (Allocation Failure)  822476K->504844K(1033216K), 0.0046275 secs]
105.450: Total time for which application threads were stopped: 0.0047674 seconds, Stopping threads took: 0.0000197 seconds
105.513: [GC (Allocation Failure)  822796K->505188K(1032704K), 0.0048358 secs]
105.518: Total time for which application threads were stopped: 0.0049756 seconds, Stopping threads took: 0.0000203 seconds
105.581: [GC (Allocation Failure)  823140K->512902K(1033216K), 0.0045466 secs]
105.586: Total time for which application threads were stopped: 0.0046991 seconds, Stopping threads took: 0.0000262 seconds
105.652: [GC (Allocation Failure)  831366K->512870K(1033216K), 0.0045001 secs]
105.656: Total time for which application threads were stopped: 0.0046624 seconds, Stopping threads took: 0.0000279 seconds
105.717: [GC (Allocation Failure)  831334K->517030K(1033728K), 0.0055620 secs]
105.722: Total time for which application threads were stopped: 0.0057009 seconds, Stopping threads took: 0.0000198 seconds
105.786: [GC (Allocation Failure)  836006K->520968K(1033216K), 0.0043269 secs]
105.790: Total time for which application threads were stopped: 0.0044856 seconds, Stopping threads took: 0.0000205 seconds
105.856: [GC (Allocation Failure)  839944K->520904K(1034240K), 0.0044669 secs]
105.861: Total time for which application threads were stopped: 0.0046330 seconds, Stopping threads took: 0.0000254 seconds
105.924: [GC (Allocation Failure)  841416K->524232K(1034240K), 0.0052967 secs]
105.929: Total time for which application threads were stopped: 0.0054446 seconds, Stopping threads took: 0.0000286 seconds
105.994: [GC (Allocation Failure)  844744K->528971K(1034240K), 0.0044155 secs]
105.998: Total time for which application threads were stopped: 0.0045536 seconds, Stopping threads took: 0.0000203 seconds
106.067: [GC (Allocation Failure)  849483K->528939K(1034240K), 0.0044932 secs]
106.071: Total time for which application threads were stopped: 0.0046691 seconds, Stopping threads took: 0.0000154 seconds
106.138: [GC (Allocation Failure)  849451K->530411K(1033728K), 0.0064897 secs]
106.145: Total time for which application threads were stopped: 0.0066713 seconds, Stopping threads took: 0.0000281 seconds
106.213: [GC (Allocation Failure)  850923K->537005K(1034240K), 0.0044289 secs]
106.217: Total time for which application threads were stopped: 0.0045707 seconds, Stopping threads took: 0.0000183 seconds
106.284: [GC (Allocation Failure)  857517K->536973K(1034752K), 0.0046913 secs]
106.288: Total time for which application threads were stopped: 0.0048559 seconds, Stopping threads took: 0.0000200 seconds
106.353: [GC (Allocation Failure)  857997K->537101K(1034240K), 0.0047216 secs]
106.358: Total time for which application threads were stopped: 0.0048736 seconds, Stopping threads took: 0.0000272 seconds
106.422: [GC (Allocation Failure)  858125K->545071K(1034240K), 0.0045890 secs]
106.426: Total time for which application threads were stopped: 0.0047305 seconds, Stopping threads took: 0.0000208 seconds
106.488: [GC (Allocation Failure)  865583K->545007K(1034240K), 0.0047230 secs]
106.493: Total time for which application threads were stopped: 0.0048639 seconds, Stopping threads took: 0.0000267 seconds
106.555: [GC (Allocation Failure)  865519K->547911K(1034240K), 0.0051207 secs]
106.560: Total time for which application threads were stopped: 0.0052651 seconds, Stopping threads took: 0.0000277 seconds
106.624: [GC (Allocation Failure)  868423K->553161K(1034240K), 0.0045596 secs]
106.628: Total time for which application threads were stopped: 0.0046898 seconds, Stopping threads took: 0.0000187 seconds
106.692: [GC (Allocation Failure)  873673K->553033K(1034752K), 0.0047025 secs]
106.697: Total time for which application threads were stopped: 0.0048348 seconds, Stopping threads took: 0.0000184 seconds
106.758: [GC (Allocation Failure)  874057K->554601K(1034240K), 0.0048699 secs]
106.763: Total time for which application threads were stopped: 0.0050186 seconds, Stopping threads took: 0.0000254 seconds
106.826: [GC (Allocation Failure)  875625K->561132K(1034240K), 0.0045136 secs]
106.831: Total time for which application threads were stopped: 0.0046525 seconds, Stopping threads took: 0.0000256 seconds
106.893: [GC (Allocation Failure)  881644K->561068K(1034240K), 0.0047011 secs]
106.898: Total time for which application threads were stopped: 0.0048390 seconds, Stopping threads took: 0.0000259 seconds
106.961: [GC (Allocation Failure)  881580K->561292K(1034240K), 0.0047574 secs]
106.966: Total time for which application threads were stopped: 0.0049053 seconds, Stopping threads took: 0.0000261 seconds
107.030: [GC (Allocation Failure)  881804K->569134K(1034240K), 0.0046603 secs]
107.035: Total time for which application threads were stopped: 0.0048019 seconds, Stopping threads took: 0.0000181 seconds
107.102: [GC (Allocation Failure)  889646K->569102K(1034240K), 0.0045973 secs]
107.107: Total time for which application threads were stopped: 0.0047570 seconds, Stopping threads took: 0.0000196 seconds
107.174: [GC (Allocation Failure)  889614K->571558K(1034240K), 0.0052072 secs]
107.179: Total time for which application threads were stopped: 0.0053691 seconds, Stopping threads took: 0.0000194 seconds
107.246: [GC (Allocation Failure)  892070K->577160K(1034240K), 0.0048788 secs]
107.251: Total time for which application threads were stopped: 0.0050514 seconds, Stopping threads took: 0.0000211 seconds
107.320: [GC (Allocation Failure)  897672K->577128K(1034240K), 0.0046974 secs]
107.325: Total time for which application threads were stopped: 0.0048667 seconds, Stopping threads took: 0.0000260 seconds
107.389: [GC (Allocation Failure)  897640K->577768K(1034240K), 0.0047662 secs]
107.394: Total time for which application threads were stopped: 0.0049196 seconds, Stopping threads took: 0.0000275 seconds
107.461: [GC (Allocation Failure)  898280K->585194K(1034240K), 0.0048950 secs]
107.466: Total time for which application threads were stopped: 0.0050484 seconds, Stopping threads took: 0.0000199 seconds
107.531: [GC (Allocation Failure)  905706K->585162K(1034240K), 0.0047923 secs]
107.535: Total time for which application threads were stopped: 0.0049519 seconds, Stopping threads took: 0.0000187 seconds
107.599: [GC (Allocation Failure)  905674K->585994K(1034240K), 0.0047580 secs]
107.603: Total time for which application threads were stopped: 0.0048965 seconds, Stopping threads took: 0.0000198 seconds
107.669: [GC (Allocation Failure)  906506K->593293K(1034240K), 0.0047992 secs]
107.674: Total time for which application threads were stopped: 0.0049366 seconds, Stopping threads took: 0.0000202 seconds
107.737: [GC (Allocation Failure)  913805K->593229K(1034240K), 0.0045921 secs]
107.742: Total time for which application threads were stopped: 0.0047399 seconds, Stopping threads took: 0.0000190 seconds
107.807: [GC (Allocation Failure)  913741K->594221K(1033216K), 0.0049434 secs]
107.812: Total time for which application threads were stopped: 0.0050702 seconds, Stopping threads took: 0.0000168 seconds
107.875: [GC (Allocation Failure)  913709K->601295K(1033728K), 0.0047923 secs]
107.880: Total time for which application threads were stopped: 0.0049234 seconds, Stopping threads took: 0.0000185 seconds
107.943: [GC (Allocation Failure)  920783K->601231K(1033728K), 0.0047085 secs]
107.947: Total time for which application threads were stopped: 0.0048450 seconds, Stopping threads took: 0.0000186 seconds
108.012: [GC (Allocation Failure)  920719K->601447K(1033728K), 0.0046652 secs]
108.017: Total time for which application threads were stopped: 0.0048119 seconds, Stopping threads took: 0.0000190 seconds
108.083: [GC (Allocation Failure)  920935K->609321K(1033728K), 0.0047653 secs]
108.088: Total time for which application threads were stopped: 0.0049267 seconds, Stopping threads took: 0.0000198 seconds
108.154: [GC (Allocation Failure)  928809K->609257K(1033728K), 0.0048889 secs]
108.159: Total time for which application threads were stopped: 0.0050561 seconds, Stopping threads took: 0.0000199 seconds
108.223: [GC (Allocation Failure)  928745K->609705K(1033728K), 0.0048458 secs]
108.228: Total time for which application threads were stopped: 0.0049948 seconds, Stopping threads took: 0.0000202 seconds
108.292: [GC (Allocation Failure)  929193K->617355K(1033728K), 0.0047926 secs]
108.297: Total time for which application threads were stopped: 0.0049518 seconds, Stopping threads took: 0.0000191 seconds
108.365: [GC (Allocation Failure)  936843K->617259K(1033728K), 0.0049371 secs]
108.370: Total time for which application threads were stopped: 0.0051184 seconds, Stopping threads took: 0.0000290 seconds
108.433: [GC (Allocation Failure)  936747K->617891K(1033728K), 0.0072906 secs]
108.440: Total time for which application threads were stopped: 0.0074408 seconds, Stopping threads took: 0.0000198 seconds
108.505: [GC (Allocation Failure)  937379K->625382K(1033728K), 0.0050784 secs]
108.510: Total time for which application threads were stopped: 0.0052203 seconds, Stopping threads took: 0.0000194 seconds
108.576: [GC (Allocation Failure)  944870K->625350K(1033728K), 0.0050009 secs]
108.581: Total time for which application threads were stopped: 0.0051783 seconds, Stopping threads took: 0.0000272 seconds
108.645: [GC (Allocation Failure)  944838K->627206K(1033728K), 0.0052024 secs]
108.650: Total time for which application threads were stopped: 0.0053340 seconds, Stopping threads took: 0.0000173 seconds
108.715: [GC (Allocation Failure)  946694K->633352K(1033728K), 0.0047028 secs]
108.720: Total time for which application threads were stopped: 0.0048376 seconds, Stopping threads took: 0.0000192 seconds
108.783: [GC (Allocation Failure)  952840K->633352K(1033728K), 0.0046866 secs]
108.788: Total time for which application threads were stopped: 0.0048419 seconds, Stopping threads took: 0.0000239 seconds
108.851: [GC (Allocation Failure)  952840K->634376K(1033728K), 0.0048141 secs]
108.856: Total time for which application threads were stopped: 0.0049511 seconds, Stopping threads took: 0.0000258 seconds
108.919: [GC (Allocation Failure)  953864K->641386K(1033728K), 0.0049834 secs]
108.924: Total time for which application threads were stopped: 0.0051192 seconds, Stopping threads took: 0.0000194 seconds
108.988: [GC (Allocation Failure)  960874K->641418K(1033728K), 0.0047008 secs]
108.993: Total time for which application threads were stopped: 0.0048363 seconds, Stopping threads took: 0.0000196 seconds
109.056: [GC (Allocation Failure)  960906K->641546K(1033728K), 0.0066805 secs]
109.063: Total time for which application threads were stopped: 0.0068466 seconds, Stopping threads took: 0.0000192 seconds
109.129: [GC (Allocation Failure)  961034K->649453K(1033728K), 0.0050701 secs]
109.134: Total time for which application threads were stopped: 0.0052363 seconds, Stopping threads took: 0.0000208 seconds
109.200: [GC (Allocation Failure)  968941K->649453K(1033728K), 0.0047979 secs]
109.205: Total time for which application threads were stopped: 0.0049749 seconds, Stopping threads took: 0.0000205 seconds
109.270: [GC (Allocation Failure)  968941K->649829K(1033728K), 0.0049867 secs]
109.276: Total time for which application threads were stopped: 0.0051244 seconds, Stopping threads took: 0.0000169 seconds
109.343: [GC (Allocation Failure)  969317K->657479K(1032704K), 0.0048903 secs]
109.348: Total time for which application threads were stopped: 0.0050495 seconds, Stopping threads took: 0.0000255 seconds
109.414: [GC (Allocation Failure)  975943K->657447K(1033216K), 0.0048294 secs]
109.419: Total time for which application threads were stopped: 0.0049866 seconds, Stopping threads took: 0.0000280 seconds
109.479: [GC (Allocation Failure)  975911K->658055K(1033728K), 0.0049345 secs]
109.484: Total time for which application threads were stopped: 0.0050829 seconds, Stopping threads took: 0.0000274 seconds
109.550: [GC (Allocation Failure)  977543K->665545K(1027072K), 0.0046964 secs]
109.555: Total time for which application threads were stopped: 0.0048434 seconds, Stopping threads took: 0.0000246 seconds
109.618: [GC (Allocation Failure)  985033K->665481K(1033216K), 0.0048569 secs]
109.623: Total time for which application threads were stopped: 0.0049906 seconds, Stopping threads took: 0.0000196 seconds
109.685: [GC (Allocation Failure)  983945K->666281K(1033216K), 0.0050781 secs]
109.690: Total time for which application threads were stopped: 0.0052224 seconds, Stopping threads took: 0.0000248 seconds
109.751: [GC (Allocation Failure)  984745K->673515K(1032704K), 0.0049207 secs]
109.756: Total time for which application threads were stopped: 0.0050505 seconds, Stopping threads took: 0.0000186 seconds
109.821: [GC (Allocation Failure)  991979K->673515K(1033216K), 0.0048082 secs]
109.826: Total time for which application threads were stopped: 0.0049493 seconds, Stopping threads took: 0.0000257 seconds
109.887: [GC (Allocation Failure)  991979K->674539K(1033728K), 0.0048872 secs]
109.892: Total time for which application threads were stopped: 0.0050412 seconds, Stopping threads took: 0.0000246 seconds
109.955: [GC (Allocation Failure)  993515K->681550K(1033216K), 0.0049551 secs]
109.960: Total time for which application threads were stopped: 0.0051034 seconds, Stopping threads took: 0.0000240 seconds
110.022: [GC (Allocation Failure)  1000526K->681582K(1033728K), 0.0046960 secs]
110.027: Total time for which application threads were stopped: 0.0048355 seconds, Stopping threads took: 0.0000192 seconds
110.091: [GC (Allocation Failure)  1001070K->681702K(1019392K), 0.0050611 secs]
110.096: [Full GC (Ergonomics)  681702K->8651K(1019392K), 0.0129423 secs]
110.109: Total time for which application threads were stopped: 0.0182629 seconds, Stopping threads took: 0.0000195 seconds
110.176: [GC (Allocation Failure)  328139K->17101K(1033216K), 0.0037259 secs]
110.180: Total time for which application threads were stopped: 0.0038748 seconds, Stopping threads took: 0.0000175 seconds
110.243: [GC (Allocation Failure)  335565K->17069K(1033216K), 0.0034530 secs]
110.247: Total time for which application threads were stopped: 0.0036015 seconds, Stopping threads took: 0.0000203 seconds
110.309: [GC (Allocation Failure)  335533K->17485K(1033216K), 0.0036024 secs]
110.312: Total time for which application threads were stopped: 0.0037340 seconds, Stopping threads took: 0.0000200 seconds
110.377: [GC (Allocation Failure)  335949K->25135K(1033216K), 0.0035908 secs]
110.381: Total time for which application threads were stopped: 0.0037208 seconds, Stopping threads took: 0.0000182 seconds
110.442: [GC (Allocation Failure)  343599K->25135K(1033216K), 0.0036121 secs]
110.446: Total time for which application threads were stopped: 0.0037414 seconds, Stopping threads took: 0.0000186 seconds
110.507: [GC (Allocation Failure)  343599K->25191K(1033216K), 0.0034801 secs]
110.510: Total time for which application threads were stopped: 0.0036131 seconds, Stopping threads took: 0.0000200 seconds
110.576: [GC (Allocation Failure)  343655K->33194K(1033216K), 0.0034369 secs]
110.579: Total time for which application threads were stopped: 0.0035634 seconds, Stopping threads took: 0.0000183 seconds
110.642: [GC (Allocation Failure)  351658K->33162K(1033216K), 0.0036028 secs]
110.646: Total time for which application threads were stopped: 0.0037307 seconds, Stopping threads took: 0.0000177 seconds
110.709: [GC (Allocation Failure)  351626K->33418K(1033216K), 0.0036319 secs]
110.712: Total time for which application threads were stopped: 0.0037590 seconds, Stopping threads took: 0.0000175 seconds
110.776: [GC (Allocation Failure)  351882K->41196K(1033216K), 0.0036383 secs]
110.779: Total time for which application threads were stopped: 0.0037806 seconds, Stopping threads took: 0.0000253 seconds
110.845: [GC (Allocation Failure)  359660K->41196K(1033216K), 0.0064585 secs]
110.851: Total time for which application threads were stopped: 0.0065892 seconds, Stopping threads took: 0.0000194 seconds
110.912: [GC (Allocation Failure)  359660K->41252K(1033216K), 0.0038207 secs]
110.916: Total time for which application threads were stopped: 0.0039718 seconds, Stopping threads took: 0.0000211 seconds
110.980: [GC (Allocation Failure)  359716K->49190K(1033216K), 0.0035332 secs]
110.983: Total time for which application threads were stopped: 0.0036530 seconds, Stopping threads took: 0.0000153 seconds
111.047: [GC (Allocation Failure)  367654K->49222K(1033216K), 0.0044731 secs]
111.051: Total time for which application threads were stopped: 0.0046078 seconds, Stopping threads took: 0.0000245 seconds
111.115: [GC (Allocation Failure)  367686K->49382K(1033216K), 0.0037216 secs]
111.118: Total time for which application threads were stopped: 0.0038521 seconds, Stopping threads took: 0.0000195 seconds
111.181: [GC (Allocation Failure)  367846K->57256K(1033216K), 0.0035315 secs]
111.184: Total time for which application threads were stopped: 0.0036644 seconds, Stopping threads took: 0.0000197 seconds
111.245: [GC (Allocation Failure)  375720K->52070K(1033728K), 0.0020347 secs]
111.247: Total time for which application threads were stopped: 0.0021665 seconds, Stopping threads took: 0.0000188 seconds
111.309: [GC (Allocation Failure)  371046K->57352K(1033216K), 0.0036762 secs]
111.313: Total time for which application threads were stopped: 0.0038105 seconds, Stopping threads took: 0.0000191 seconds
111.377: [GC (Allocation Failure)  376328K->61400K(1034240K), 0.0034417 secs]
111.381: Total time for which application threads were stopped: 0.0035661 seconds, Stopping threads took: 0.0000237 seconds
111.443: [GC (Allocation Failure)  381912K->67670K(1034240K), 0.0063485 secs]
111.450: Total time for which application threads were stopped: 0.0064781 seconds, Stopping threads took: 0.0000180 seconds
111.513: [GC (Allocation Failure)  388182K->61400K(1030144K), 0.0036522 secs]
111.517: Total time for which application threads were stopped: 0.0037875 seconds, Stopping threads took: 0.0000182 seconds
111.579: [GC (Allocation Failure)  377816K->61400K(1032192K), 0.0037354 secs]
111.582: Total time for which application threads were stopped: 0.0038735 seconds, Stopping threads took: 0.0000233 seconds
111.643: [GC (Allocation Failure)  377816K->57622K(1033216K), 0.0023901 secs]
111.646: Total time for which application threads were stopped: 0.0025276 seconds, Stopping threads took: 0.0000261 seconds
111.710: [GC (Allocation Failure)  375574K->61592K(1032704K), 0.0036543 secs]
111.714: Total time for which application threads were stopped: 0.0038037 seconds, Stopping threads took: 0.0000259 seconds
111.778: [GC (Allocation Failure)  379544K->61368K(1033728K), 0.0035318 secs]
111.782: Total time for which application threads were stopped: 0.0036547 seconds, Stopping threads took: 0.0000169 seconds
111.842: [GC (Allocation Failure)  380344K->65336K(1033216K), 0.0046695 secs]
111.847: Total time for which application threads were stopped: 0.0048152 seconds, Stopping threads took: 0.0000261 seconds
111.910: [GC (Allocation Failure)  384312K->69499K(1034240K), 0.0037812 secs]
111.914: Total time for which application threads were stopped: 0.0039335 seconds, Stopping threads took: 0.0000242 seconds
111.981: [GC (Allocation Failure)  390011K->69467K(1034240K), 0.0033881 secs]
111.984: Total time for which application threads were stopped: 0.0035014 seconds, Stopping threads took: 0.0000156 seconds
112.048: [GC (Allocation Failure)  389979K->69971K(1034240K), 0.0045462 secs]
112.053: Total time for which application threads were stopped: 0.0046943 seconds, Stopping threads took: 0.0000176 seconds
112.117: [GC (Allocation Failure)  390483K->77557K(1034240K), 0.0037603 secs]
112.121: Total time for which application threads were stopped: 0.0039100 seconds, Stopping threads took: 0.0000201 seconds
112.185: [GC (Allocation Failure)  398069K->77493K(1034240K), 0.0036939 secs]
112.189: Total time for which application threads were stopped: 0.0038235 seconds, Stopping threads took: 0.0000179 seconds
112.252: [GC (Allocation Failure)  398005K->80277K(1034240K), 0.0042217 secs]
112.256: Total time for which application threads were stopped: 0.0043575 seconds, Stopping threads took: 0.0000196 seconds
112.321: [GC (Allocation Failure)  400789K->85527K(1034240K), 0.0037266 secs]
112.325: Total time for which application threads were stopped: 0.0038542 seconds, Stopping threads took: 0.0000245 seconds
112.391: [GC (Allocation Failure)  406039K->85495K(1034240K), 0.0036777 secs]
112.395: Total time for which application threads were stopped: 0.0038159 seconds, Stopping threads took: 0.0000267 seconds
112.458: [GC (Allocation Failure)  406007K->86487K(1033728K), 0.0038186 secs]
112.462: Total time for which application threads were stopped: 0.0039673 seconds, Stopping threads took: 0.0000266 seconds
112.527: [GC (Allocation Failure)  406999K->93561K(1034240K), 0.0039393 secs]
112.531: Total time for which application threads were stopped: 0.0040999 seconds, Stopping threads took: 0.0000184 seconds
112.595: [GC (Allocation Failure)  414073K->93561K(1034240K), 0.0036942 secs]
112.599: Total time for which application threads were stopped: 0.0038210 seconds, Stopping threads took: 0.0000184 seconds
112.661: [GC (Allocation Failure)  414073K->96761K(1034240K), 0.0044867 secs]
112.665: Total time for which application threads were stopped: 0.0046310 seconds, Stopping threads took: 0.0000185 seconds
112.731: [GC (Allocation Failure)  417273K->101628K(1034752K), 0.0035154 secs]
112.734: Total time for which application threads were stopped: 0.0036581 seconds, Stopping threads took: 0.0000165 seconds
112.800: [GC (Allocation Failure)  423164K->101564K(1034752K), 0.0035359 secs]
112.803: Total time for which application threads were stopped: 0.0036841 seconds, Stopping threads took: 0.0000262 seconds
112.866: [GC (Allocation Failure)  423100K->104996K(1034752K), 0.0045479 secs]
112.871: Total time for which application threads were stopped: 0.0046764 seconds, Stopping threads took: 0.0000185 seconds
112.932: [GC (Allocation Failure)  426532K->109638K(1034752K), 0.0036594 secs]
112.936: Total time for which application threads were stopped: 0.0037866 seconds, Stopping threads took: 0.0000177 seconds
112.998: [GC (Allocation Failure)  431174K->109606K(1035264K), 0.0037095 secs]
113.001: Total time for which application threads were stopped: 0.0038321 seconds, Stopping threads took: 0.0000178 seconds
113.065: [GC (Allocation Failure)  431654K->110670K(1034752K), 0.0038747 secs]
113.069: Total time for which application threads were stopped: 0.0040035 seconds, Stopping threads took: 0.0000174 seconds
113.136: [GC (Allocation Failure)  432718K->117712K(1034752K), 0.0036699 secs]
113.140: Total time for which application threads were stopped: 0.0038003 seconds, Stopping threads took: 0.0000193 seconds
113.203: [GC (Allocation Failure)  439248K->117648K(1034752K), 0.0038273 secs]
113.207: Total time for which application threads were stopped: 0.0039530 seconds, Stopping threads took: 0.0000185 seconds
113.268: [GC (Allocation Failure)  439184K->120456K(1034752K), 0.0042312 secs]
113.272: Total time for which application threads were stopped: 0.0043651 seconds, Stopping threads took: 0.0000263 seconds
113.337: [GC (Allocation Failure)  441992K->125674K(1034752K), 0.0038257 secs]
113.341: Total time for which application threads were stopped: 0.0039564 seconds, Stopping threads took: 0.0000195 seconds
113.405: [GC (Allocation Failure)  447210K->125674K(1034752K), 0.0038255 secs]
113.409: Total time for which application threads were stopped: 0.0039724 seconds, Stopping threads took: 0.0000174 seconds
113.472: [GC (Allocation Failure)  447210K->129674K(1034752K), 0.0047665 secs]
113.477: Total time for which application threads were stopped: 0.0049033 seconds, Stopping threads took: 0.0000265 seconds
113.541: [GC (Allocation Failure)  451210K->133741K(1035264K), 0.0038905 secs]
113.545: Total time for which application threads were stopped: 0.0040215 seconds, Stopping threads took: 0.0000187 seconds
113.609: [GC (Allocation Failure)  456301K->133709K(1035264K), 0.0036980 secs]
113.613: Total time for which application threads were stopped: 0.0038367 seconds, Stopping threads took: 0.0000261 seconds
113.675: [GC (Allocation Failure)  456269K->136941K(1035264K), 0.0043426 secs]
113.680: Total time for which application threads were stopped: 0.0044635 seconds, Stopping threads took: 0.0000197 seconds
113.745: [GC (Allocation Failure)  459501K->141807K(1035264K), 0.0036202 secs]
113.749: Total time for which application threads were stopped: 0.0037325 seconds, Stopping threads took: 0.0000156 seconds
113.814: [GC (Allocation Failure)  464367K->141743K(1035264K), 0.0037747 secs]
113.818: Total time for which application threads were stopped: 0.0038889 seconds, Stopping threads took: 0.0000151 seconds
113.882: [GC (Allocation Failure)  464303K->145159K(1035264K), 0.0046181 secs]
113.887: Total time for which application threads were stopped: 0.0047505 seconds, Stopping threads took: 0.0000188 seconds
113.949: [GC (Allocation Failure)  467719K->149897K(1035264K), 0.0039457 secs]
113.953: Total time for which application threads were stopped: 0.0040718 seconds, Stopping threads took: 0.0000183 seconds
114.018: [GC (Allocation Failure)  472457K->149737K(1035264K), 0.0034849 secs]
114.022: Total time for which application threads were stopped: 0.0036287 seconds, Stopping threads took: 0.0000235 seconds
114.087: [GC (Allocation Failure)  472297K->145319K(1035776K), 0.0020613 secs]
114.089: Total time for which application threads were stopped: 0.0021797 seconds, Stopping threads took: 0.0000154 seconds
114.156: [GC (Allocation Failure)  468391K->149833K(1035264K), 0.0037794 secs]
114.160: Total time for which application threads were stopped: 0.0039363 seconds, Stopping threads took: 0.0000280 seconds
114.224: [GC (Allocation Failure)  472905K->149769K(1035776K), 0.0039880 secs]
114.228: Total time for which application threads were stopped: 0.0041040 seconds, Stopping threads took: 0.0000157 seconds
114.292: [GC (Allocation Failure)  473353K->151687K(1033216K), 0.0045242 secs]
114.296: Total time for which application threads were stopped: 0.0046740 seconds, Stopping threads took: 0.0000247 seconds
114.363: [GC (Allocation Failure)  475271K->149769K(1035264K), 0.0035161 secs]
114.366: Total time for which application threads were stopped: 0.0036618 seconds, Stopping threads took: 0.0000251 seconds
114.432: [GC (Allocation Failure)  471817K->149769K(1034752K), 0.0037588 secs]
114.436: Total time for which application threads were stopped: 0.0038919 seconds, Stopping threads took: 0.0000195 seconds
114.499: [GC (Allocation Failure)  471817K->155935K(1031168K), 0.0065111 secs]
114.505: Total time for which application threads were stopped: 0.0066426 seconds, Stopping threads took: 0.0000191 seconds
114.569: [GC (Allocation Failure)  474399K->150817K(1033216K), 0.0039907 secs]
114.573: Total time for which application threads were stopped: 0.0041239 seconds, Stopping threads took: 0.0000266 seconds
114.635: [GC (Allocation Failure)  469281K->150689K(1034752K), 0.0037968 secs]
114.639: Total time for which application threads were stopped: 0.0039208 seconds, Stopping threads took: 0.0000180 seconds
114.700: [GC (Allocation Failure)  471713K->151391K(1034240K), 0.0042254 secs]
114.704: Total time for which application threads were stopped: 0.0043548 seconds, Stopping threads took: 0.0000196 seconds
114.769: [GC (Allocation Failure)  472415K->150753K(1035264K), 0.0038419 secs]
114.773: Total time for which application threads were stopped: 0.0039833 seconds, Stopping threads took: 0.0000243 seconds
114.838: [GC (Allocation Failure)  472801K->150689K(1034752K), 0.0037722 secs]
114.842: Total time for which application threads were stopped: 0.0038951 seconds, Stopping threads took: 0.0000190 seconds
114.906: [GC (Allocation Failure)  472737K->153119K(1034752K), 0.0050020 secs]
114.911: Total time for which application threads were stopped: 0.0051343 seconds, Stopping threads took: 0.0000189 seconds
114.976: [GC (Allocation Failure)  475679K->150721K(1035264K), 0.0039738 secs]
114.980: Total time for which application threads were stopped: 0.0041285 seconds, Stopping threads took: 0.0000240 seconds
115.046: [GC (Allocation Failure)  473281K->150689K(1036288K), 0.0043959 secs]
115.051: Total time for which application threads were stopped: 0.0045546 seconds, Stopping threads took: 0.0000262 seconds
115.115: [GC (Allocation Failure)  474785K->158919K(1035776K), 0.0076342 secs]
115.123: Total time for which application threads were stopped: 0.0077778 seconds, Stopping threads took: 0.0000192 seconds
115.188: [GC (Allocation Failure)  483015K->154921K(1032704K), 0.0039754 secs]
115.192: Total time for which application threads were stopped: 0.0041173 seconds, Stopping threads took: 0.0000269 seconds
115.258: [GC (Allocation Failure)  475433K->154729K(1034240K), 0.0038814 secs]
115.262: Total time for which application threads were stopped: 0.0040115 seconds, Stopping threads took: 0.0000187 seconds
115.327: [GC (Allocation Failure)  475241K->148295K(1033216K), 0.0015133 secs]
115.328: Total time for which application threads were stopped: 0.0016302 seconds, Stopping threads took: 0.0000188 seconds
115.394: [GC (Allocation Failure)  467783K->154889K(1033728K), 0.0038935 secs]
115.398: Total time for which application threads were stopped: 0.0040134 seconds, Stopping threads took: 0.0000161 seconds
115.462: [GC (Allocation Failure)  474377K->158873K(1034752K), 0.0047222 secs]
115.467: Total time for which application threads were stopped: 0.0048577 seconds, Stopping threads took: 0.0000197 seconds
115.530: [GC (Allocation Failure)  479897K->165415K(1034240K), 0.0066282 secs]
115.537: Total time for which application threads were stopped: 0.0067860 seconds, Stopping threads took: 0.0000199 seconds
115.601: [GC (Allocation Failure)  486439K->159753K(1032192K), 0.0037741 secs]
115.605: Total time for which application threads were stopped: 0.0039235 seconds, Stopping threads took: 0.0000243 seconds
115.668: [GC (Allocation Failure)  478217K->159689K(1033216K), 0.0036538 secs]
115.672: Total time for which application threads were stopped: 0.0037998 seconds, Stopping threads took: 0.0000235 seconds
115.737: [GC (Allocation Failure)  478153K->160839K(1034240K), 0.0044368 secs]
115.741: Total time for which application threads were stopped: 0.0045791 seconds, Stopping threads took: 0.0000194 seconds
115.805: [GC (Allocation Failure)  480839K->159689K(1033728K), 0.0037822 secs]
115.809: Total time for which application threads were stopped: 0.0039140 seconds, Stopping threads took: 0.0000186 seconds
115.871: [GC (Allocation Failure)  479689K->159657K(1035264K), 0.0036837 secs]
115.875: Total time for which application threads were stopped: 0.0038279 seconds, Stopping threads took: 0.0000241 seconds
115.938: [GC (Allocation Failure)  481705K->159527K(1034752K), 0.0038697 secs]
115.942: Total time for which application threads were stopped: 0.0040018 seconds, Stopping threads took: 0.0000190 seconds
116.006: [GC (Allocation Failure)  481575K->159913K(1035776K), 0.0036247 secs]
116.010: Total time for which application threads were stopped: 0.0037557 seconds, Stopping threads took: 0.0000191 seconds
116.076: [GC (Allocation Failure)  482985K->159689K(1035264K), 0.0039740 secs]
116.080: Total time for which application threads were stopped: 0.0041162 seconds, Stopping threads took: 0.0000174 seconds
116.143: [GC (Allocation Failure)  482761K->164263K(1034240K), 0.0059884 secs]
116.149: Total time for which application threads were stopped: 0.0061315 seconds, Stopping threads took: 0.0000199 seconds
116.215: [GC (Allocation Failure)  486823K->160233K(1035264K), 0.0040156 secs]
116.219: Total time for which application threads were stopped: 0.0041493 seconds, Stopping threads took: 0.0000206 seconds
116.284: [GC (Allocation Failure)  482793K->160073K(1035776K), 0.0036610 secs]
116.288: Total time for which application threads were stopped: 0.0038078 seconds, Stopping threads took: 0.0000239 seconds
116.351: [GC (Allocation Failure)  483145K->153095K(1024000K), 0.0012143 secs]
116.353: Total time for which application threads were stopped: 0.0013600 seconds, Stopping threads took: 0.0000265 seconds
116.421: [GC (Allocation Failure)  476167K->160217K(1035264K), 0.0037560 secs]
116.424: Total time for which application threads were stopped: 0.0038926 seconds, Stopping threads took: 0.0000204 seconds
116.490: [GC (Allocation Failure)  482265K->164153K(1034752K), 0.0047921 secs]
116.494: Total time for which application threads were stopped: 0.0049403 seconds, Stopping threads took: 0.0000243 seconds
116.558: [GC (Allocation Failure)  486201K->160279K(1034752K), 0.0028343 secs]
116.561: Total time for which application threads were stopped: 0.0029640 seconds, Stopping threads took: 0.0000190 seconds
116.625: [GC (Allocation Failure)  482839K->164345K(1035264K), 0.0038389 secs]
116.628: Total time for which application threads were stopped: 0.0039909 seconds, Stopping threads took: 0.0000273 seconds
116.693: [GC (Allocation Failure)  486905K->168345K(1035776K), 0.0038763 secs]
116.697: Total time for which application threads were stopped: 0.0040328 seconds, Stopping threads took: 0.0000235 seconds
116.758: [GC (Allocation Failure)  490462K->164407K(1035264K), 0.0029822 secs]
116.761: Total time for which application threads were stopped: 0.0031119 seconds, Stopping threads took: 0.0000185 seconds
116.826: [GC (Allocation Failure)  487479K->168473K(1035776K), 0.0038212 secs]
116.830: Total time for which application threads were stopped: 0.0040571 seconds, Stopping threads took: 0.0000184 seconds
116.894: [GC (Allocation Failure)  492057K->172441K(1035776K), 0.0039851 secs]
116.898: Total time for which application threads were stopped: 0.0041111 seconds, Stopping threads took: 0.0000180 seconds
116.963: [GC (Allocation Failure)  496025K->172441K(1035776K), 0.0038599 secs]
116.967: Total time for which application threads were stopped: 0.0039995 seconds, Stopping threads took: 0.0000184 seconds
117.032: [GC (Allocation Failure)  496025K->172793K(1023488K), 0.0039855 secs]
117.036: Total time for which application threads were stopped: 0.0041289 seconds, Stopping threads took: 0.0000238 seconds
117.103: [GC (Allocation Failure)  496377K->180507K(1035264K), 0.0038329 secs]
117.107: Total time for which application threads were stopped: 0.0039718 seconds, Stopping threads took: 0.0000173 seconds
117.172: [GC (Allocation Failure)  503067K->180475K(1035264K), 0.0037596 secs]
117.176: Total time for which application threads were stopped: 0.0038915 seconds, Stopping threads took: 0.0000189 seconds
117.240: [GC (Allocation Failure)  503035K->181027K(1035264K), 0.0039745 secs]
117.244: Total time for which application threads were stopped: 0.0041050 seconds, Stopping threads took: 0.0000196 seconds
117.310: [GC (Allocation Failure)  503587K->188550K(1030144K), 0.0037398 secs]
117.314: Total time for which application threads were stopped: 0.0038714 seconds, Stopping threads took: 0.0000190 seconds
117.378: [GC (Allocation Failure)  511110K->188518K(1035264K), 0.0038110 secs]
117.381: Total time for which application threads were stopped: 0.0039669 seconds, Stopping threads took: 0.0000243 seconds
117.444: [GC (Allocation Failure)  510566K->188774K(1034752K), 0.0040756 secs]
117.448: Total time for which application threads were stopped: 0.0042277 seconds, Stopping threads took: 0.0000201 seconds
117.512: [GC (Allocation Failure)  510822K->196584K(1034752K), 0.0038975 secs]
117.516: Total time for which application threads were stopped: 0.0040280 seconds, Stopping threads took: 0.0000184 seconds
117.577: [GC (Allocation Failure)  518120K->196584K(1034752K), 0.0038057 secs]
117.581: Total time for which application threads were stopped: 0.0039452 seconds, Stopping threads took: 0.0000186 seconds
117.645: [GC (Allocation Failure)  518120K->196616K(1033728K), 0.0039668 secs]
117.649: Total time for which application threads were stopped: 0.0040988 seconds, Stopping threads took: 0.0000189 seconds
117.713: [GC (Allocation Failure)  517128K->204618K(1034240K), 0.0037634 secs]
117.717: Total time for which application threads were stopped: 0.0039036 seconds, Stopping threads took: 0.0000236 seconds
117.782: [GC (Allocation Failure)  525130K->204618K(1034240K), 0.0038684 secs]
117.785: Total time for which application threads were stopped: 0.0039867 seconds, Stopping threads took: 0.0000150 seconds
117.848: [GC (Allocation Failure)  525130K->204746K(1034240K), 0.0064821 secs]
117.855: Total time for which application threads were stopped: 0.0066176 seconds, Stopping threads took: 0.0000250 seconds
117.919: [GC (Allocation Failure)  525258K->212589K(1033216K), 0.0038439 secs]
117.923: Total time for which application threads were stopped: 0.0040017 seconds, Stopping threads took: 0.0000234 seconds
117.989: [GC (Allocation Failure)  532077K->212621K(1033728K), 0.0038083 secs]
117.993: Total time for which application threads were stopped: 0.0039269 seconds, Stopping threads took: 0.0000161 seconds
118.056: [GC (Allocation Failure)  532109K->212941K(1033728K), 0.0085839 secs]
118.065: Total time for which application threads were stopped: 0.0087262 seconds, Stopping threads took: 0.0000175 seconds
118.129: [GC (Allocation Failure)  532429K->220687K(1033728K), 0.0037768 secs]
118.133: Total time for which application threads were stopped: 0.0038971 seconds, Stopping threads took: 0.0000163 seconds
118.195: [GC (Allocation Failure)  540175K->220687K(1033728K), 0.0040873 secs]
118.200: Total time for which application threads were stopped: 0.0042351 seconds, Stopping threads took: 0.0000185 seconds
118.261: [GC (Allocation Failure)  540175K->221191K(1033728K), 0.0041752 secs]
118.265: Total time for which application threads were stopped: 0.0043095 seconds, Stopping threads took: 0.0000202 seconds
118.329: [GC (Allocation Failure)  540679K->228681K(1033728K), 0.0036067 secs]
118.332: Total time for which application threads were stopped: 0.0037318 seconds, Stopping threads took: 0.0000249 seconds
118.394: [GC (Allocation Failure)  548169K->228649K(1033728K), 0.0037651 secs]
118.398: Total time for which application threads were stopped: 0.0039044 seconds, Stopping threads took: 0.0000259 seconds
118.460: [GC (Allocation Failure)  548137K->228905K(1033728K), 0.0041695 secs]
118.464: Total time for which application threads were stopped: 0.0043007 seconds, Stopping threads took: 0.0000186 seconds
118.528: [GC (Allocation Failure)  548393K->236683K(1033728K), 0.0041323 secs]
118.532: Total time for which application threads were stopped: 0.0042942 seconds, Stopping threads took: 0.0000199 seconds
118.594: [GC (Allocation Failure)  556171K->232809K(1034240K), 0.0029572 secs]
118.597: Total time for which application threads were stopped: 0.0030872 seconds, Stopping threads took: 0.0000188 seconds
118.661: [GC (Allocation Failure)  552809K->236875K(1033728K), 0.0041054 secs]
118.666: Total time for which application threads were stopped: 0.0042388 seconds, Stopping threads took: 0.0000185 seconds
118.729: [GC (Allocation Failure)  556875K->240875K(1034752K), 0.0040352 secs]
118.733: Total time for which application threads were stopped: 0.0041761 seconds, Stopping threads took: 0.0000188 seconds
118.795: [GC (Allocation Failure)  562411K->235081K(1034752K), 0.0021788 secs]
118.797: Total time for which application threads were stopped: 0.0023088 seconds, Stopping threads took: 0.0000194 seconds
118.862: [GC (Allocation Failure)  556617K->240907K(1035264K), 0.0040373 secs]
118.867: Total time for which application threads were stopped: 0.0041658 seconds, Stopping threads took: 0.0000185 seconds
118.930: [GC (Allocation Failure)  562955K->244987K(1034752K), 0.0043420 secs]
118.935: Total time for which application threads were stopped: 0.0044693 seconds, Stopping threads took: 0.0000181 seconds
119.000: [GC (Allocation Failure)  566774K->241081K(1035776K), 0.0030027 secs]
119.003: Total time for which application threads were stopped: 0.0031460 seconds, Stopping threads took: 0.0000188 seconds
119.072: [GC (Allocation Failure)  564153K->245147K(1035264K), 0.0040636 secs]
119.076: Total time for which application threads were stopped: 0.0041856 seconds, Stopping threads took: 0.0000154 seconds
119.139: [GC (Allocation Failure)  568219K->249147K(1035264K), 0.0038896 secs]
119.143: Total time for which application threads were stopped: 0.0040241 seconds, Stopping threads took: 0.0000194 seconds
119.209: [GC (Allocation Failure)  572731K->249083K(1035776K), 0.0039197 secs]
119.213: Total time for which application threads were stopped: 0.0040500 seconds, Stopping threads took: 0.0000189 seconds
119.276: [GC (Allocation Failure)  572667K->249179K(1034752K), 0.0040891 secs]
119.280: Total time for which application threads were stopped: 0.0042186 seconds, Stopping threads took: 0.0000190 seconds
119.343: [GC (Allocation Failure)  571739K->257150K(1035264K), 0.0038236 secs]
119.347: Total time for which application threads were stopped: 0.0039485 seconds, Stopping threads took: 0.0000180 seconds
119.412: [GC (Allocation Failure)  579710K->257150K(1034240K), 0.0039649 secs]
119.416: Total time for which application threads were stopped: 0.0041025 seconds, Stopping threads took: 0.0000163 seconds
119.479: [GC (Allocation Failure)  578686K->257222K(1034752K), 0.0042667 secs]
119.483: Total time for which application threads were stopped: 0.0044076 seconds, Stopping threads took: 0.0000239 seconds
119.546: [GC (Allocation Failure)  578758K->265192K(1034752K), 0.0040670 secs]
119.550: Total time for which application threads were stopped: 0.0042154 seconds, Stopping threads took: 0.0000269 seconds
119.614: [GC (Allocation Failure)  586728K->265192K(1029120K), 0.0039338 secs]
119.618: Total time for which application threads were stopped: 0.0040659 seconds, Stopping threads took: 0.0000187 seconds
119.679: [GC (Allocation Failure)  586728K->265416K(1034240K), 0.0040633 secs]
119.683: Total time for which application threads were stopped: 0.0042023 seconds, Stopping threads took: 0.0000186 seconds
119.747: [GC (Allocation Failure)  585928K->273226K(1034240K), 0.0040521 secs]
119.751: Total time for which application threads were stopped: 0.0041955 seconds, Stopping threads took: 0.0000196 seconds
119.815: [GC (Allocation Failure)  593738K->273226K(1034240K), 0.0040213 secs]
119.819: Total time for which application threads were stopped: 0.0041561 seconds, Stopping threads took: 0.0000197 seconds
119.883: [GC (Allocation Failure)  593738K->273674K(1020416K), 0.0041003 secs]
119.887: Total time for which application threads were stopped: 0.0042479 seconds, Stopping threads took: 0.0000245 seconds
119.949: [GC (Allocation Failure)  594186K->281260K(1033728K), 0.0040792 secs]
119.953: Total time for which application threads were stopped: 0.0042352 seconds, Stopping threads took: 0.0000232 seconds
120.017: [GC (Allocation Failure)  600748K->281260K(1033728K), 0.0040549 secs]
120.021: Total time for which application threads were stopped: 0.0041888 seconds, Stopping threads took: 0.0000190 seconds
120.083: [GC (Allocation Failure)  600748K->281420K(1033728K), 0.0042639 secs]
120.087: Total time for which application threads were stopped: 0.0044072 seconds, Stopping threads took: 0.0000257 seconds
120.150: [GC (Allocation Failure)  600908K->289295K(1033728K), 0.0040555 secs]
120.155: Total time for which application threads were stopped: 0.0041880 seconds, Stopping threads took: 0.0000195 seconds
120.218: [GC (Allocation Failure)  608783K->289295K(1033728K), 0.0039235 secs]
120.222: Total time for which application threads were stopped: 0.0040697 seconds, Stopping threads took: 0.0000247 seconds
120.284: [GC (Allocation Failure)  608783K->289351K(1033728K), 0.0041320 secs]
120.288: Total time for which application threads were stopped: 0.0042694 seconds, Stopping threads took: 0.0000177 seconds
120.353: [GC (Allocation Failure)  608839K->297321K(1032704K), 0.0041112 secs]
120.357: Total time for which application threads were stopped: 0.0042478 seconds, Stopping threads took: 0.0000255 seconds
120.420: [GC (Allocation Failure)  615785K->291783K(1033216K), 0.0020790 secs]
120.422: Total time for which application threads were stopped: 0.0022089 seconds, Stopping threads took: 0.0000186 seconds
120.485: [GC (Allocation Failure)  610247K->297577K(1034752K), 0.0039931 secs]
120.489: Total time for which application threads were stopped: 0.0041164 seconds, Stopping threads took: 0.0000162 seconds
120.555: [GC (Allocation Failure)  618089K->301465K(1033728K), 0.0043129 secs]
120.560: Total time for which application threads were stopped: 0.0044412 seconds, Stopping threads took: 0.0000188 seconds
120.623: [GC (Allocation Failure)  621977K->308359K(1029120K), 0.0069623 secs]
120.630: Total time for which application threads were stopped: 0.0071017 seconds, Stopping threads took: 0.0000196 seconds
120.694: [GC (Allocation Failure)  623751K->302281K(1031680K), 0.0043314 secs]
120.699: Total time for which application threads were stopped: 0.0044889 seconds, Stopping threads took: 0.0000458 seconds
120.759: [GC (Allocation Failure)  617673K->302089K(1032704K), 0.0041784 secs]
120.763: Total time for which application threads were stopped: 0.0043546 seconds, Stopping threads took: 0.0000238 seconds
120.823: [GC (Allocation Failure)  619017K->305513K(1032192K), 0.0048148 secs]
120.828: Total time for which application threads were stopped: 0.0049618 seconds, Stopping threads took: 0.0000206 seconds
120.891: [GC (Allocation Failure)  622441K->310219K(1033216K), 0.0040585 secs]
120.895: Total time for which application threads were stopped: 0.0042059 seconds, Stopping threads took: 0.0000197 seconds
120.961: [GC (Allocation Failure)  628171K->310123K(1032704K), 0.0041051 secs]
120.965: Total time for which application threads were stopped: 0.0042236 seconds, Stopping threads took: 0.0000160 seconds
121.027: [GC (Allocation Failure)  628075K->311147K(1033216K), 0.0042652 secs]
121.031: Total time for which application threads were stopped: 0.0044108 seconds, Stopping threads took: 0.0000241 seconds
121.097: [GC (Allocation Failure)  629611K->318157K(1033216K), 0.0042637 secs]
121.102: Total time for which application threads were stopped: 0.0043959 seconds, Stopping threads took: 0.0000190 seconds
121.167: [GC (Allocation Failure)  636621K->318189K(1033728K), 0.0042420 secs]
121.171: Total time for which application threads were stopped: 0.0043657 seconds, Stopping threads took: 0.0000172 seconds
121.235: [GC (Allocation Failure)  637165K->319853K(1033216K), 0.0045206 secs]
121.239: Total time for which application threads were stopped: 0.0046584 seconds, Stopping threads took: 0.0000275 seconds
121.303: [GC (Allocation Failure)  638829K->326256K(1033728K), 0.0041616 secs]
121.307: Total time for which application threads were stopped: 0.0043017 seconds, Stopping threads took: 0.0000188 seconds
121.369: [GC (Allocation Failure)  645744K->326224K(1033728K), 0.0042606 secs]
121.373: Total time for which application threads were stopped: 0.0043930 seconds, Stopping threads took: 0.0000249 seconds
121.435: [GC (Allocation Failure)  645712K->326536K(1033728K), 0.0042378 secs]
121.439: Total time for which application threads were stopped: 0.0043914 seconds, Stopping threads took: 0.0000239 seconds
121.502: [GC (Allocation Failure)  646024K->334218K(1033728K), 0.0071675 secs]
121.509: Total time for which application threads were stopped: 0.0073000 seconds, Stopping threads took: 0.0000198 seconds
121.572: [GC (Allocation Failure)  653706K->334218K(1033728K), 0.0039999 secs]
121.576: Total time for which application threads were stopped: 0.0041279 seconds, Stopping threads took: 0.0000187 seconds
121.640: [GC (Allocation Failure)  653706K->337866K(1033728K), 0.0051867 secs]
121.645: Total time for which application threads were stopped: 0.0053277 seconds, Stopping threads took: 0.0000268 seconds
121.711: [GC (Allocation Failure)  657354K->342348K(1034240K), 0.0043185 secs]
121.715: Total time for which application threads were stopped: 0.0044481 seconds, Stopping threads took: 0.0000194 seconds
121.780: [GC (Allocation Failure)  662860K->342252K(1034240K), 0.0041770 secs]
121.784: Total time for which application threads were stopped: 0.0043163 seconds, Stopping threads took: 0.0000190 seconds
121.846: [GC (Allocation Failure)  662764K->343020K(1034240K), 0.0041975 secs]
121.850: Total time for which application threads were stopped: 0.0043393 seconds, Stopping threads took: 0.0000260 seconds
121.914: [GC (Allocation Failure)  663532K->350351K(1034240K), 0.0041594 secs]
121.918: Total time for which application threads were stopped: 0.0042856 seconds, Stopping threads took: 0.0000186 seconds
121.984: [GC (Allocation Failure)  670863K->350319K(1034240K), 0.0039323 secs]
121.988: Total time for which application threads were stopped: 0.0040560 seconds, Stopping threads took: 0.0000155 seconds
122.054: [GC (Allocation Failure)  670831K->351239K(1034240K), 0.0052800 secs]
122.059: Total time for which application threads were stopped: 0.0054066 seconds, Stopping threads took: 0.0000163 seconds
122.124: [GC (Allocation Failure)  671751K->358345K(1034240K), 0.0043664 secs]
122.129: Total time for which application threads were stopped: 0.0045016 seconds, Stopping threads took: 0.0000202 seconds
122.192: [GC (Allocation Failure)  678857K->358313K(1034240K), 0.0043228 secs]
122.197: Total time for which application threads were stopped: 0.0044617 seconds, Stopping threads took: 0.0000195 seconds
122.261: [GC (Allocation Failure)  678825K->359433K(1034240K), 0.0044378 secs]
122.265: Total time for which application threads were stopped: 0.0045769 seconds, Stopping threads took: 0.0000203 seconds
122.331: [GC (Allocation Failure)  679945K->366379K(1034240K), 0.0047563 secs]
122.335: Total time for which application threads were stopped: 0.0048983 seconds, Stopping threads took: 0.0000183 seconds
122.400: [GC (Allocation Failure)  686891K->366411K(1034240K), 0.0041412 secs]
122.404: Total time for which application threads were stopped: 0.0042616 seconds, Stopping threads took: 0.0000163 seconds
122.466: [GC (Allocation Failure)  686923K->366699K(1020416K), 0.0041897 secs]
122.470: Total time for which application threads were stopped: 0.0043299 seconds, Stopping threads took: 0.0000191 seconds
122.534: [GC (Allocation Failure)  687211K->374413K(1033728K), 0.0044757 secs]
122.539: Total time for which application threads were stopped: 0.0045959 seconds, Stopping threads took: 0.0000158 seconds
122.601: [GC (Allocation Failure)  693901K->374381K(1033728K), 0.0042296 secs]
122.606: Total time for which application threads were stopped: 0.0043742 seconds, Stopping threads took: 0.0000197 seconds
122.667: [GC (Allocation Failure)  693869K->374917K(1033728K), 0.0044237 secs]
122.672: Total time for which application threads were stopped: 0.0045724 seconds, Stopping threads took: 0.0000198 seconds
122.736: [GC (Allocation Failure)  694405K->382440K(1033728K), 0.0043809 secs]
122.741: Total time for which application threads were stopped: 0.0045117 seconds, Stopping threads took: 0.0000182 seconds
122.805: [GC (Allocation Failure)  701928K->382408K(1033728K), 0.0041107 secs]
122.809: Total time for which application threads were stopped: 0.0042420 seconds, Stopping threads took: 0.0000191 seconds
122.871: [GC (Allocation Failure)  701896K->383144K(1033728K), 0.0043826 secs]
122.876: Total time for which application threads were stopped: 0.0045385 seconds, Stopping threads took: 0.0000262 seconds
122.939: [GC (Allocation Failure)  702632K->390410K(1033728K), 0.0042411 secs]
122.943: Total time for which application threads were stopped: 0.0043721 seconds, Stopping threads took: 0.0000186 seconds
123.006: [GC (Allocation Failure)  709898K->390410K(1033728K), 0.0043846 secs]
123.010: Total time for which application threads were stopped: 0.0045327 seconds, Stopping threads took: 0.0000199 seconds
123.077: [GC (Allocation Failure)  709898K->392426K(1033728K), 0.0047449 secs]
123.082: Total time for which application threads were stopped: 0.0049014 seconds, Stopping threads took: 0.0000174 seconds
123.149: [GC (Allocation Failure)  711914K->398476K(1033728K), 0.0044101 secs]
123.153: Total time for which application threads were stopped: 0.0045792 seconds, Stopping threads took: 0.0000195 seconds
123.220: [GC (Allocation Failure)  717964K->398508K(1033728K), 0.0044005 secs]
123.224: Total time for which application threads were stopped: 0.0045636 seconds, Stopping threads took: 0.0000205 seconds
123.290: [GC (Allocation Failure)  717996K->399628K(1033728K), 0.0044817 secs]
123.295: Total time for which application threads were stopped: 0.0046779 seconds, Stopping threads took: 0.0000203 seconds
123.365: [GC (Allocation Failure)  719116K->406542K(1033728K), 0.0043451 secs]
123.369: Total time for which application threads were stopped: 0.0045051 seconds, Stopping threads took: 0.0000253 seconds
123.436: [GC (Allocation Failure)  726030K->406542K(1033728K), 0.0044581 secs]
123.441: Total time for which application threads were stopped: 0.0046347 seconds, Stopping threads took: 0.0000201 seconds
123.508: [GC (Allocation Failure)  726030K->406822K(1033728K), 0.0044874 secs]
123.512: Total time for which application threads were stopped: 0.0046825 seconds, Stopping threads took: 0.0000205 seconds
123.582: [GC (Allocation Failure)  726310K->414569K(1033728K), 0.0044466 secs]
123.586: Total time for which application threads were stopped: 0.0045964 seconds, Stopping threads took: 0.0000170 seconds
123.651: [GC (Allocation Failure)  734057K->414537K(1033728K), 0.0044147 secs]
123.656: Total time for which application threads were stopped: 0.0045826 seconds, Stopping threads took: 0.0000257 seconds
123.719: [GC (Allocation Failure)  734025K->415081K(1033728K), 0.0043267 secs]
123.723: Total time for which application threads were stopped: 0.0044764 seconds, Stopping threads took: 0.0000194 seconds
123.789: [GC (Allocation Failure)  734569K->422603K(1033728K), 0.0043324 secs]
123.793: Total time for which application threads were stopped: 0.0044861 seconds, Stopping threads took: 0.0000270 seconds
123.859: [GC (Allocation Failure)  742091K->422571K(1033728K), 0.0045302 secs]
123.863: Total time for which application threads were stopped: 0.0047059 seconds, Stopping threads took: 0.0000249 seconds
123.927: [GC (Allocation Failure)  742059K->423307K(1033728K), 0.0043954 secs]
123.931: Total time for which application threads were stopped: 0.0045506 seconds, Stopping threads took: 0.0000270 seconds
123.997: [GC (Allocation Failure)  742795K->430637K(1033728K), 0.0042738 secs]
124.001: Total time for which application threads were stopped: 0.0043933 seconds, Stopping threads took: 0.0000157 seconds
124.066: [GC (Allocation Failure)  750125K->430605K(1033728K), 0.0042437 secs]
124.070: Total time for which application threads were stopped: 0.0043790 seconds, Stopping threads took: 0.0000224 seconds
124.135: [GC (Allocation Failure)  750093K->431525K(1033728K), 0.0045076 secs]
124.140: Total time for which application threads were stopped: 0.0046632 seconds, Stopping threads took: 0.0000176 seconds
124.208: [GC (Allocation Failure)  751013K->438663K(1033728K), 0.0045193 secs]
124.213: Total time for which application threads were stopped: 0.0047020 seconds, Stopping threads took: 0.0000203 seconds
124.277: [GC (Allocation Failure)  758151K->438663K(1033728K), 0.0043096 secs]
124.282: Total time for which application threads were stopped: 0.0044493 seconds, Stopping threads took: 0.0000216 seconds
124.344: [GC (Allocation Failure)  758151K->438727K(1032704K), 0.0042762 secs]
124.348: Total time for which application threads were stopped: 0.0044054 seconds, Stopping threads took: 0.0000178 seconds
124.413: [GC (Allocation Failure)  757191K->446666K(1033216K), 0.0042180 secs]
124.418: Total time for which application threads were stopped: 0.0043498 seconds, Stopping threads took: 0.0000196 seconds
124.479: [GC (Allocation Failure)  765130K->446666K(1033216K), 0.0046935 secs]
124.484: Total time for which application threads were stopped: 0.0048322 seconds, Stopping threads took: 0.0000209 seconds
124.545: [GC (Allocation Failure)  765130K->446986K(1033216K), 0.0043996 secs]
124.549: Total time for which application threads were stopped: 0.0045353 seconds, Stopping threads took: 0.0000190 seconds
124.612: [GC (Allocation Failure)  765450K->454700K(1033216K), 0.0043879 secs]
124.617: Total time for which application threads were stopped: 0.0045189 seconds, Stopping threads took: 0.0000182 seconds
124.678: [GC (Allocation Failure)  773164K->454700K(1033216K), 0.0043525 secs]
124.683: Total time for which application threads were stopped: 0.0044886 seconds, Stopping threads took: 0.0000189 seconds
124.745: [GC (Allocation Failure)  773164K->455212K(1033216K), 0.0045614 secs]
124.750: Total time for which application threads were stopped: 0.0047113 seconds, Stopping threads took: 0.0000282 seconds
124.813: [GC (Allocation Failure)  773676K->462734K(1033216K), 0.0045456 secs]
124.818: Total time for which application threads were stopped: 0.0047044 seconds, Stopping threads took: 0.0000197 seconds
124.882: [GC (Allocation Failure)  781198K->462734K(1033216K), 0.0042523 secs]
124.886: Total time for which application threads were stopped: 0.0044049 seconds, Stopping threads took: 0.0000253 seconds
124.947: [GC (Allocation Failure)  781198K->462926K(1033216K), 0.0045069 secs]
124.951: Total time for which application threads were stopped: 0.0046383 seconds, Stopping threads took: 0.0000192 seconds
125.015: [GC (Allocation Failure)  781390K->470801K(1033216K), 0.0044946 secs]
125.019: Total time for which application threads were stopped: 0.0046471 seconds, Stopping threads took: 0.0000237 seconds
125.084: [GC (Allocation Failure)  789265K->470801K(1033216K), 0.0045158 secs]
125.088: Total time for which application threads were stopped: 0.0046550 seconds, Stopping threads took: 0.0000182 seconds
125.149: [GC (Allocation Failure)  789265K->470921K(1033216K), 0.0047625 secs]
125.154: Total time for which application threads were stopped: 0.0048998 seconds, Stopping threads took: 0.0000205 seconds
125.218: [GC (Allocation Failure)  789385K->478827K(1033216K), 0.0044814 secs]
125.223: Total time for which application threads were stopped: 0.0046228 seconds, Stopping threads took: 0.0000270 seconds
125.284: [GC (Allocation Failure)  797291K->478795K(1033216K), 0.0045639 secs]
125.289: Total time for which application threads were stopped: 0.0047057 seconds, Stopping threads took: 0.0000192 seconds
125.351: [GC (Allocation Failure)  797259K->478859K(1033216K), 0.0043388 secs]
125.356: Total time for which application threads were stopped: 0.0044802 seconds, Stopping threads took: 0.0000254 seconds
125.419: [GC (Allocation Failure)  797323K->486829K(1033216K), 0.0046199 secs]
125.424: Total time for which application threads were stopped: 0.0047634 seconds, Stopping threads took: 0.0000183 seconds
125.487: [GC (Allocation Failure)  805293K->486861K(1033216K), 0.0044068 secs]
125.491: Total time for which application threads were stopped: 0.0045385 seconds, Stopping threads took: 0.0000187 seconds
125.551: [GC (Allocation Failure)  805325K->487077K(1033216K), 0.0045674 secs]
125.556: Total time for which application threads were stopped: 0.0046936 seconds, Stopping threads took: 0.0000179 seconds
125.619: [GC (Allocation Failure)  805541K->494855K(1033216K), 0.0044521 secs]
125.623: Total time for which application threads were stopped: 0.0045857 seconds, Stopping threads took: 0.0000182 seconds
125.684: [GC (Allocation Failure)  813319K->494855K(1033216K), 0.0045475 secs]
125.689: Total time for which application threads were stopped: 0.0047133 seconds, Stopping threads took: 0.0000238 seconds
125.751: [GC (Allocation Failure)  813319K->495111K(1033216K), 0.0051709 secs]
125.756: Total time for which application threads were stopped: 0.0053316 seconds, Stopping threads took: 0.0000239 seconds
125.821: [GC (Allocation Failure)  813575K->502890K(1033216K), 0.0044722 secs]
125.825: Total time for which application threads were stopped: 0.0045964 seconds, Stopping threads took: 0.0000158 seconds
125.889: [GC (Allocation Failure)  821354K->496967K(1033216K), 0.0025559 secs]
125.891: Total time for which application threads were stopped: 0.0026936 seconds, Stopping threads took: 0.0000266 seconds
125.952: [GC (Allocation Failure)  815431K->503042K(1034240K), 0.0045666 secs]
125.957: Total time for which application threads were stopped: 0.0046980 seconds, Stopping threads took: 0.0000181 seconds
126.020: [GC (Allocation Failure)  822530K->507058K(1033216K), 0.0049847 secs]
126.025: Total time for which application threads were stopped: 0.0051109 seconds, Stopping threads took: 0.0000175 seconds
126.089: [GC (Allocation Failure)  826546K->511567K(1030656K), 0.0064516 secs]
126.095: Total time for which application threads were stopped: 0.0065962 seconds, Stopping threads took: 0.0000178 seconds
126.157: [GC (Allocation Failure)  827983K->507154K(1032192K), 0.0045854 secs]
126.162: Total time for which application threads were stopped: 0.0047394 seconds, Stopping threads took: 0.0000279 seconds
126.226: [GC (Allocation Failure)  823570K->507026K(1032704K), 0.0046164 secs]
126.230: Total time for which application threads were stopped: 0.0048062 seconds, Stopping threads took: 0.0000196 seconds
126.293: [GC (Allocation Failure)  824466K->510570K(1032704K), 0.0053466 secs]
126.298: Total time for which application threads were stopped: 0.0055040 seconds, Stopping threads took: 0.0000274 seconds
126.363: [GC (Allocation Failure)  828010K->515084K(1033216K), 0.0054947 secs]
126.368: Total time for which application threads were stopped: 0.0056485 seconds, Stopping threads took: 0.0000264 seconds
126.432: [GC (Allocation Failure)  833548K->515052K(1033216K), 0.0045609 secs]
126.437: Total time for which application threads were stopped: 0.0047264 seconds, Stopping threads took: 0.0000194 seconds
126.498: [GC (Allocation Failure)  833516K->517764K(1033728K), 0.0053421 secs]
126.503: Total time for which application threads were stopped: 0.0055036 seconds, Stopping threads took: 0.0000285 seconds
126.569: [GC (Allocation Failure)  837252K->523110K(1033728K), 0.0045539 secs]
126.574: Total time for which application threads were stopped: 0.0047119 seconds, Stopping threads took: 0.0000165 seconds
126.641: [GC (Allocation Failure)  842598K->523078K(1034240K), 0.0048178 secs]
126.646: Total time for which application threads were stopped: 0.0049920 seconds, Stopping threads took: 0.0000218 seconds
126.710: [GC (Allocation Failure)  843078K->525518K(1033728K), 0.0050850 secs]
126.715: Total time for which application threads were stopped: 0.0052377 seconds, Stopping threads took: 0.0000203 seconds
126.779: [GC (Allocation Failure)  845518K->531152K(1034240K), 0.0047408 secs]
126.784: Total time for which application threads were stopped: 0.0048887 seconds, Stopping threads took: 0.0000164 seconds
126.848: [GC (Allocation Failure)  851664K->531120K(1034240K), 0.0044063 secs]
126.853: Total time for which application threads were stopped: 0.0045430 seconds, Stopping threads took: 0.0000199 seconds
126.917: [GC (Allocation Failure)  851632K->531176K(1034240K), 0.0044403 secs]
126.921: Total time for which application threads were stopped: 0.0045713 seconds, Stopping threads took: 0.0000261 seconds
126.987: [GC (Allocation Failure)  851688K->539243K(1034240K), 0.0044379 secs]
126.992: Total time for which application threads were stopped: 0.0045734 seconds, Stopping threads took: 0.0000196 seconds
127.056: [GC (Allocation Failure)  859755K->539147K(1034240K), 0.0057515 secs]
127.062: Total time for which application threads were stopped: 0.0059033 seconds, Stopping threads took: 0.0000251 seconds
127.129: [GC (Allocation Failure)  859659K->541451K(1034240K), 0.0050051 secs]
127.134: Total time for which application threads were stopped: 0.0052083 seconds, Stopping threads took: 0.0000194 seconds
127.203: [GC (Allocation Failure)  861963K->547277K(1034240K), 0.0043928 secs]
127.207: Total time for which application threads were stopped: 0.0045549 seconds, Stopping threads took: 0.0000201 seconds
127.275: [GC (Allocation Failure)  867789K->547181K(1034240K), 0.0047645 secs]
127.280: Total time for which application threads were stopped: 0.0049359 seconds, Stopping threads took: 0.0000203 seconds
127.349: [GC (Allocation Failure)  867693K->547621K(1034240K), 0.0048574 secs]
127.354: Total time for which application threads were stopped: 0.0050261 seconds, Stopping threads took: 0.0000274 seconds
127.422: [GC (Allocation Failure)  868133K->555207K(1034240K), 0.0046146 secs]
127.427: Total time for which application threads were stopped: 0.0047962 seconds, Stopping threads took: 0.0000282 seconds
127.495: [GC (Allocation Failure)  875719K->555239K(1034240K), 0.0048861 secs]
127.500: Total time for which application threads were stopped: 0.0050483 seconds, Stopping threads took: 0.0000203 seconds
127.566: [GC (Allocation Failure)  875751K->557927K(1034240K), 0.0051547 secs]
127.571: Total time for which application threads were stopped: 0.0053144 seconds, Stopping threads took: 0.0000201 seconds
127.641: [GC (Allocation Failure)  878439K->563241K(1034240K), 0.0046568 secs]
127.645: Total time for which application threads were stopped: 0.0048155 seconds, Stopping threads took: 0.0000198 seconds
127.713: [GC (Allocation Failure)  883753K->563241K(1034240K), 0.0047929 secs]
127.718: Total time for which application threads were stopped: 0.0050096 seconds, Stopping threads took: 0.0000201 seconds
127.782: [GC (Allocation Failure)  883753K->564097K(1034240K), 0.0079985 secs]
127.790: Total time for which application threads were stopped: 0.0081594 seconds, Stopping threads took: 0.0000285 seconds
127.855: [GC (Allocation Failure)  884609K->571268K(1034240K), 0.0044358 secs]
127.860: Total time for which application threads were stopped: 0.0045801 seconds, Stopping threads took: 0.0000279 seconds
127.923: [GC (Allocation Failure)  891780K->571300K(1034240K), 0.0046674 secs]
127.928: Total time for which application threads were stopped: 0.0048131 seconds, Stopping threads took: 0.0000186 seconds
127.993: [GC (Allocation Failure)  891812K->574412K(1034240K), 0.0052530 secs]
127.998: Total time for which application threads were stopped: 0.0053880 seconds, Stopping threads took: 0.0000189 seconds
128.064: [GC (Allocation Failure)  894924K->579438K(1033728K), 0.0047124 secs]
128.069: Total time for which application threads were stopped: 0.0048432 seconds, Stopping threads took: 0.0000170 seconds
128.135: [GC (Allocation Failure)  899950K->579310K(1034240K), 0.0047280 secs]
128.140: Total time for which application threads were stopped: 0.0048538 seconds, Stopping threads took: 0.0000170 seconds
128.203: [GC (Allocation Failure)  899822K->580582K(1033728K), 0.0049911 secs]
128.208: Total time for which application threads were stopped: 0.0051335 seconds, Stopping threads took: 0.0000203 seconds
128.275: [GC (Allocation Failure)  901094K->587368K(1034240K), 0.0048285 secs]
128.280: Total time for which application threads were stopped: 0.0049994 seconds, Stopping threads took: 0.0000208 seconds
128.346: [GC (Allocation Failure)  907880K->587368K(1034240K), 0.0047824 secs]
128.351: Total time for which application threads were stopped: 0.0049671 seconds, Stopping threads took: 0.0000287 seconds
128.415: [GC (Allocation Failure)  907880K->590856K(1034240K), 0.0053921 secs]
128.420: Total time for which application threads were stopped: 0.0055328 seconds, Stopping threads took: 0.0000277 seconds
128.486: [GC (Allocation Failure)  911368K->595371K(1034752K), 0.0046380 secs]
128.490: Total time for which application threads were stopped: 0.0048070 seconds, Stopping threads took: 0.0000190 seconds
128.558: [GC (Allocation Failure)  916907K->595371K(1034752K), 0.0046037 secs]
128.563: Total time for which application threads were stopped: 0.0047476 seconds, Stopping threads took: 0.0000164 seconds
128.625: [GC (Allocation Failure)  916907K->599115K(1035264K), 0.0056685 secs]
128.630: Total time for which application threads were stopped: 0.0058324 seconds, Stopping threads took: 0.0000288 seconds
128.695: [GC (Allocation Failure)  921163K->603437K(1034752K), 0.0047310 secs]
128.700: Total time for which application threads were stopped: 0.0048948 seconds, Stopping threads took: 0.0000193 seconds
128.766: [GC (Allocation Failure)  925485K->603437K(1035264K), 0.0048160 secs]
128.771: Total time for which application threads were stopped: 0.0049572 seconds, Stopping threads took: 0.0000192 seconds
128.835: [GC (Allocation Failure)  925485K->605805K(1034752K), 0.0053914 secs]
128.840: Total time for which application threads were stopped: 0.0055276 seconds, Stopping threads took: 0.0000203 seconds
128.905: [GC (Allocation Failure)  927853K->611471K(1035264K), 0.0047286 secs]
128.910: Total time for which application threads were stopped: 0.0048647 seconds, Stopping threads took: 0.0000195 seconds
128.973: [GC (Allocation Failure)  934031K->611471K(1035264K), 0.0049830 secs]
128.978: Total time for which application threads were stopped: 0.0051254 seconds, Stopping threads took: 0.0000190 seconds
129.041: [GC (Allocation Failure)  934031K->613519K(1034240K), 0.0071120 secs]
129.048: Total time for which application threads were stopped: 0.0072501 seconds, Stopping threads took: 0.0000166 seconds
129.116: [GC (Allocation Failure)  935055K->619537K(1034752K), 0.0049952 secs]
129.121: Total time for which application threads were stopped: 0.0052026 seconds, Stopping threads took: 0.0000200 seconds
129.188: [GC (Allocation Failure)  941073K->619473K(1034752K), 0.0050019 secs]
129.193: Total time for which application threads were stopped: 0.0051473 seconds, Stopping threads took: 0.0000169 seconds
129.256: [GC (Allocation Failure)  941009K->622761K(1034752K), 0.0054470 secs]
129.262: Total time for which application threads were stopped: 0.0055995 seconds, Stopping threads took: 0.0000208 seconds
129.329: [GC (Allocation Failure)  944297K->627532K(1035264K), 0.0050457 secs]
129.334: Total time for which application threads were stopped: 0.0052055 seconds, Stopping threads took: 0.0000204 seconds
129.402: [GC (Allocation Failure)  950092K->627500K(1035264K), 0.0046744 secs]
129.407: Total time for which application threads were stopped: 0.0048397 seconds, Stopping threads took: 0.0000203 seconds
129.473: [GC (Allocation Failure)  950060K->630028K(1035264K), 0.0053060 secs]
129.479: Total time for which application threads were stopped: 0.0054655 seconds, Stopping threads took: 0.0000212 seconds
129.548: [GC (Allocation Failure)  952588K->635566K(1035264K), 0.0047924 secs]
129.553: Total time for which application threads were stopped: 0.0049736 seconds, Stopping threads took: 0.0000172 seconds
129.621: [GC (Allocation Failure)  958126K->635566K(1035264K), 0.0049425 secs]
129.626: Total time for which application threads were stopped: 0.0051158 seconds, Stopping threads took: 0.0000191 seconds
129.694: [GC (Allocation Failure)  958126K->638222K(1035264K), 0.0053374 secs]
129.699: Total time for which application threads were stopped: 0.0054902 seconds, Stopping threads took: 0.0000168 seconds
129.764: [GC (Allocation Failure)  960782K->643632K(1035264K), 0.0049689 secs]
129.769: Total time for which application threads were stopped: 0.0051417 seconds, Stopping threads took: 0.0000201 seconds
129.837: [GC (Allocation Failure)  966192K->643568K(1035264K), 0.0050368 secs]
129.842: Total time for which application threads were stopped: 0.0051904 seconds, Stopping threads took: 0.0000208 seconds
129.904: [GC (Allocation Failure)  966128K->646440K(1035264K), 0.0054220 secs]
129.909: Total time for which application threads were stopped: 0.0055750 seconds, Stopping threads took: 0.0000196 seconds
129.976: [GC (Allocation Failure)  969000K->651690K(1035264K), 0.0049466 secs]
129.981: Total time for which application threads were stopped: 0.0051303 seconds, Stopping threads took: 0.0000289 seconds
130.048: [GC (Allocation Failure)  974250K->651594K(1035264K), 0.0059315 secs]
130.054: Total time for which application threads were stopped: 0.0060975 seconds, Stopping threads took: 0.0000279 seconds
130.122: [GC (Allocation Failure)  974154K->654666K(1035264K), 0.0055750 secs]
130.127: Total time for which application threads were stopped: 0.0057482 seconds, Stopping threads took: 0.0000203 seconds
130.195: [GC (Allocation Failure)  977226K->659661K(1035264K), 0.0048186 secs]
130.200: Total time for which application threads were stopped: 0.0049905 seconds, Stopping threads took: 0.0000218 seconds
130.270: [GC (Allocation Failure)  982221K->659661K(1035264K), 0.0049279 secs]
130.275: Total time for which application threads were stopped: 0.0051215 seconds, Stopping threads took: 0.0000202 seconds
130.343: [GC (Allocation Failure)  982221K->662925K(1035264K), 0.0054454 secs]
130.348: Total time for which application threads were stopped: 0.0056059 seconds, Stopping threads took: 0.0000192 seconds
130.416: [GC (Allocation Failure)  985485K->667663K(1035264K), 0.0047182 secs]
130.421: Total time for which application threads were stopped: 0.0048783 seconds, Stopping threads took: 0.0000197 seconds
130.488: [GC (Allocation Failure)  990223K->667663K(1035264K), 0.0049663 secs]
130.493: Total time for which application threads were stopped: 0.0051355 seconds, Stopping threads took: 0.0000196 seconds
130.562: [GC (Allocation Failure)  990223K->663117K(1035264K), 0.0032630 secs]
130.566: Total time for which application threads were stopped: 0.0034241 seconds, Stopping threads took: 0.0000199 seconds
130.635: [GC (Allocation Failure)  985677K->667855K(1034752K), 0.0050599 secs]
130.640: Total time for which application threads were stopped: 0.0052803 seconds, Stopping threads took: 0.0000472 seconds
130.709: [GC (Allocation Failure)  990415K->667663K(1035264K), 0.0048762 secs]
130.714: Total time for which application threads were stopped: 0.0050364 seconds, Stopping threads took: 0.0000192 seconds
130.780: [GC (Allocation Failure)  990223K->667405K(1035776K), 0.0050081 secs]
130.785: Total time for which application threads were stopped: 0.0051886 seconds, Stopping threads took: 0.0000192 seconds
130.854: [GC (Allocation Failure)  990477K->667855K(1035264K), 0.0048650 secs]
130.859: Total time for which application threads were stopped: 0.0050153 seconds, Stopping threads took: 0.0000168 seconds
130.926: [GC (Allocation Failure)  990927K->667663K(1035776K), 0.0047683 secs]
130.931: Total time for which application threads were stopped: 0.0049133 seconds, Stopping threads took: 0.0000173 seconds
130.995: [GC (Allocation Failure)  991247K->673733K(1035776K), 0.0075873 secs]
131.003: Total time for which application threads were stopped: 0.0077487 seconds, Stopping threads took: 0.0000210 seconds
131.072: [GC (Allocation Failure)  997317K->669031K(1032704K), 0.0049099 secs]
131.077: Total time for which application threads were stopped: 0.0051036 seconds, Stopping threads took: 0.0000198 seconds
131.145: [GC (Allocation Failure)  989543K->668999K(1034240K), 0.0048050 secs]
131.150: Total time for which application threads were stopped: 0.0049633 seconds, Stopping threads took: 0.0000170 seconds
131.216: [GC (Allocation Failure)  989511K->676205K(1030656K), 0.0082740 secs]
131.224: Total time for which application threads were stopped: 0.0084944 seconds, Stopping threads took: 0.0000241 seconds
131.292: [GC (Allocation Failure)  993645K->670671K(1032704K), 0.0048626 secs]
131.297: Total time for which application threads were stopped: 0.0050532 seconds, Stopping threads took: 0.0000202 seconds
131.365: [GC (Allocation Failure)  988111K->670447K(1033728K), 0.0049751 secs]
131.370: Total time for which application threads were stopped: 0.0051557 seconds, Stopping threads took: 0.0000281 seconds
131.436: [GC (Allocation Failure)  989423K->668173K(1033216K), 0.0041718 secs]
131.440: Total time for which application threads were stopped: 0.0043672 seconds, Stopping threads took: 0.0000201 seconds
131.508: [GC (Allocation Failure)  987149K->670639K(1034752K), 0.0049220 secs]
131.513: Total time for which application threads were stopped: 0.0050886 seconds, Stopping threads took: 0.0000205 seconds
131.580: [GC (Allocation Failure)  991663K->670447K(1034240K), 0.0051980 secs]
131.585: Total time for which application threads were stopped: 0.0053805 seconds, Stopping threads took: 0.0000262 seconds
131.651: [GC (Allocation Failure)  991471K->665805K(1034240K), 0.0032455 secs]
131.654: Total time for which application threads were stopped: 0.0034123 seconds, Stopping threads took: 0.0000284 seconds
131.723: [GC (Allocation Failure)  987341K->670575K(1034752K), 0.0050936 secs]
131.729: Total time for which application threads were stopped: 0.0052533 seconds, Stopping threads took: 0.0000193 seconds
131.796: [GC (Allocation Failure)  992111K->670479K(1035776K), 0.0050458 secs]
131.801: Total time for which application threads were stopped: 0.0052199 seconds, Stopping threads took: 0.0000250 seconds
131.869: [GC (Allocation Failure)  993551K->668589K(1035264K), 0.0042223 secs]
131.873: Total time for which application threads were stopped: 0.0043820 seconds, Stopping threads took: 0.0000197 seconds
131.940: [GC (Allocation Failure)  991661K->670511K(1036288K), 0.0050641 secs]
131.945: Total time for which application threads were stopped: 0.0052286 seconds, Stopping threads took: 0.0000204 seconds
132.014: [GC (Allocation Failure)  994607K->670479K(1035776K), 0.0049357 secs]
132.019: Total time for which application threads were stopped: 0.0050990 seconds, Stopping threads took: 0.0000202 seconds
132.089: [GC (Allocation Failure)  994575K->676421K(1033216K), 0.0077908 secs]
132.096: Total time for which application threads were stopped: 0.0079618 seconds, Stopping threads took: 0.0000195 seconds
132.165: [GC (Allocation Failure)  997957K->672231K(1034752K), 0.0047653 secs]
132.170: Total time for which application threads were stopped: 0.0049277 seconds, Stopping threads took: 0.0000205 seconds
132.237: [GC (Allocation Failure)  993767K->672199K(1035264K), 0.0052175 secs]
132.242: Total time for which application threads were stopped: 0.0053830 seconds, Stopping threads took: 0.0000197 seconds
132.309: [GC (Allocation Failure)  994759K->680413K(1035264K), 0.0087680 secs]
132.318: Total time for which application threads were stopped: 0.0089288 seconds, Stopping threads took: 0.0000196 seconds
132.387: [GC (Allocation Failure)  1002973K->675391K(1031168K), 0.0047927 secs]
132.391: Total time for which application threads were stopped: 0.0049634 seconds, Stopping threads took: 0.0000280 seconds
132.458: [GC (Allocation Failure)  993855K->675167K(1033216K), 0.0050346 secs]
132.463: Total time for which application threads were stopped: 0.0052036 seconds, Stopping threads took: 0.0000200 seconds
132.531: [GC (Allocation Failure)  993631K->679517K(1032704K), 0.0066237 secs]
132.538: Total time for which application threads were stopped: 0.0067914 seconds, Stopping threads took: 0.0000189 seconds
132.602: [GC (Allocation Failure)  997981K->675327K(1033216K), 0.0050888 secs]
132.608: Total time for which application threads were stopped: 0.0052598 seconds, Stopping threads took: 0.0000199 seconds
132.676: [GC (Allocation Failure)  993791K->675167K(1033728K), 0.0049509 secs]
132.681: Total time for which application threads were stopped: 0.0051350 seconds, Stopping threads took: 0.0000203 seconds
132.748: [GC (Allocation Failure)  994655K->672541K(1033728K), 0.0040408 secs]
132.752: Total time for which application threads were stopped: 0.0042063 seconds, Stopping threads took: 0.0000191 seconds
132.820: [GC (Allocation Failure)  992029K->675231K(1034240K), 0.0049891 secs]
132.825: Total time for which application threads were stopped: 0.0051723 seconds, Stopping threads took: 0.0000190 seconds
132.894: [GC (Allocation Failure)  995231K->675167K(1033728K), 0.0048528 secs]
132.899: Total time for which application threads were stopped: 0.0050175 seconds, Stopping threads took: 0.0000261 seconds
132.964: [GC (Allocation Failure)  995167K->668637K(1033728K), 0.0025648 secs]
132.966: Total time for which application threads were stopped: 0.0027324 seconds, Stopping threads took: 0.0000211 seconds
133.034: [GC (Allocation Failure)  989149K->675199K(1034240K), 0.0091075 secs]
133.043: Total time for which application threads were stopped: 0.0093064 seconds, Stopping threads took: 0.0000205 seconds
133.112: [GC (Allocation Failure)  995711K->675135K(1035264K), 0.0051231 secs]
133.118: Total time for which application threads were stopped: 0.0053170 seconds, Stopping threads took: 0.0000194 seconds
133.187: [GC (Allocation Failure)  997183K->668349K(1034752K), 0.0023142 secs]
133.189: Total time for which application threads were stopped: 0.0024638 seconds, Stopping threads took: 0.0000277 seconds
133.257: [GC (Allocation Failure)  990397K->675391K(1034752K), 0.0048813 secs]
133.262: Total time for which application threads were stopped: 0.0050528 seconds, Stopping threads took: 0.0000205 seconds
133.330: [GC (Allocation Failure)  996927K->675199K(1034752K), 0.0051493 secs]
133.335: Total time for which application threads were stopped: 0.0053405 seconds, Stopping threads took: 0.0000287 seconds
133.403: [GC (Allocation Failure)  996735K->670013K(1034240K), 0.0037195 secs]
133.407: Total time for which application threads were stopped: 0.0038772 seconds, Stopping threads took: 0.0000193 seconds
133.476: [GC (Allocation Failure)  991549K->675391K(1034752K), 0.0049306 secs]
133.481: Total time for which application threads were stopped: 0.0050909 seconds, Stopping threads took: 0.0000194 seconds
133.550: [GC (Allocation Failure)  996927K->675167K(1035264K), 0.0050710 secs]
133.555: Total time for which application threads were stopped: 0.0052532 seconds, Stopping threads took: 0.0000198 seconds
133.622: [GC (Allocation Failure)  997727K->672285K(1035264K), 0.0040019 secs]
133.626: Total time for which application threads were stopped: 0.0041714 seconds, Stopping threads took: 0.0000190 seconds
133.692: [GC (Allocation Failure)  994845K->675295K(1035776K), 0.0049343 secs]
133.697: Total time for which application threads were stopped: 0.0051043 seconds, Stopping threads took: 0.0000196 seconds
133.764: [GC (Allocation Failure)  998879K->675167K(1035776K), 0.0051467 secs]
133.769: Total time for which application threads were stopped: 0.0053121 seconds, Stopping threads took: 0.0000198 seconds
133.837: [GC (Allocation Failure)  998751K->678685K(1033728K), 0.0063853 secs]
133.843: Total time for which application threads were stopped: 0.0065767 seconds, Stopping threads took: 0.0000198 seconds
133.913: [GC (Allocation Failure)  1000221K->675231K(1034752K), 0.0049720 secs]
133.918: Total time for which application threads were stopped: 0.0051527 seconds, Stopping threads took: 0.0000171 seconds
133.985: [GC (Allocation Failure)  996767K->675167K(1035776K), 0.0049613 secs]
133.990: Total time for which application threads were stopped: 0.0051448 seconds, Stopping threads took: 0.0000174 seconds
134.059: [GC (Allocation Failure)  998239K->681373K(1035264K), 0.0118440 secs]
134.071: Total time for which application threads were stopped: 0.0120142 seconds, Stopping threads took: 0.0000254 seconds
134.140: [GC (Allocation Failure)  1004445K->676639K(1033216K), 0.0051251 secs]
134.145: Total time for which application threads were stopped: 0.0053031 seconds, Stopping threads took: 0.0000195 seconds
134.211: [GC (Allocation Failure)  997151K->676639K(1034240K), 0.0050021 secs]
134.217: Total time for which application threads were stopped: 0.0051648 seconds, Stopping threads took: 0.0000208 seconds
134.283: [GC (Allocation Failure)  997151K->683565K(1030656K), 0.0080626 secs]
134.292: Total time for which application threads were stopped: 0.0082527 seconds, Stopping threads took: 0.0000192 seconds
134.359: [GC (Allocation Failure)  1001005K->677999K(1032704K), 0.0048996 secs]
134.364: Total time for which application threads were stopped: 0.0050781 seconds, Stopping threads took: 0.0000166 seconds
134.433: [GC (Allocation Failure)  995439K->677807K(1033728K), 0.0049665 secs]
134.438: Total time for which application threads were stopped: 0.0051238 seconds, Stopping threads took: 0.0000173 seconds
134.505: [GC (Allocation Failure)  996783K->675277K(1033216K), 0.0039055 secs]
134.509: Total time for which application threads were stopped: 0.0040789 seconds, Stopping threads took: 0.0000202 seconds
134.579: [GC (Allocation Failure)  994253K->677999K(1034240K), 0.0047518 secs]
134.583: Total time for which application threads were stopped: 0.0048994 seconds, Stopping threads took: 0.0000194 seconds
134.652: [GC (Allocation Failure)  997999K->677839K(1033728K), 0.0051615 secs]
134.657: Total time for which application threads were stopped: 0.0053277 seconds, Stopping threads took: 0.0000199 seconds
134.723: [GC (Allocation Failure)  997839K->670861K(1033728K), 0.0021596 secs]
134.726: Total time for which application threads were stopped: 0.0023065 seconds, Stopping threads took: 0.0000269 seconds
134.793: [GC (Allocation Failure)  991373K->677903K(1034240K), 0.0048390 secs]
134.798: Total time for which application threads were stopped: 0.0049992 seconds, Stopping threads took: 0.0000204 seconds
134.866: [GC (Allocation Failure)  998415K->677839K(1035264K), 0.0047960 secs]
134.871: Total time for which application threads were stopped: 0.0049829 seconds, Stopping threads took: 0.0000264 seconds
134.940: [GC (Allocation Failure)  999887K->670509K(1022464K), 0.0021297 secs]
134.942: Total time for which application threads were stopped: 0.0022617 seconds, Stopping threads took: 0.0000171 seconds
135.010: [GC (Allocation Failure)  992557K->677839K(1034752K), 0.0050526 secs]
135.016: Total time for which application threads were stopped: 0.0052352 seconds, Stopping threads took: 0.0000224 seconds
135.086: [GC (Allocation Failure)  998863K->677839K(1034240K), 0.0049074 secs]
135.091: Total time for which application threads were stopped: 0.0050774 seconds, Stopping threads took: 0.0000201 seconds
135.158: [GC (Allocation Failure)  998863K->671245K(1034240K), 0.0025301 secs]
135.160: Total time for which application threads were stopped: 0.0026901 seconds, Stopping threads took: 0.0000203 seconds
135.228: [GC (Allocation Failure)  992781K->678095K(1034752K), 0.0047452 secs]
135.233: Total time for which application threads were stopped: 0.0049375 seconds, Stopping threads took: 0.0000196 seconds
135.302: [GC (Allocation Failure)  999631K->677807K(1034752K), 0.0049729 secs]
135.307: Total time for which application threads were stopped: 0.0051636 seconds, Stopping threads took: 0.0000198 seconds
135.374: [GC (Allocation Failure)  999343K->672461K(1034752K), 0.0027764 secs]
135.376: Total time for which application threads were stopped: 0.0029346 seconds, Stopping threads took: 0.0000245 seconds
135.446: [GC (Allocation Failure)  993997K->677999K(1034752K), 0.0050920 secs]
135.452: Total time for which application threads were stopped: 0.0052759 seconds, Stopping threads took: 0.0000171 seconds
135.520: [GC (Allocation Failure)  999535K->677807K(1034752K), 0.0048313 secs]
135.525: Total time for which application threads were stopped: 0.0050118 seconds, Stopping threads took: 0.0000170 seconds
135.591: [GC (Allocation Failure)  999343K->673709K(1035264K), 0.0034948 secs]
135.595: Total time for which application threads were stopped: 0.0036544 seconds, Stopping threads took: 0.0000188 seconds
135.663: [GC (Allocation Failure)  996269K->677935K(1035264K), 0.0050313 secs]
135.668: Total time for which application threads were stopped: 0.0053514 seconds, Stopping threads took: 0.0000198 seconds
135.737: [GC (Allocation Failure)  1000495K->677775K(1035264K), 0.0049681 secs]
135.742: Total time for which application threads were stopped: 0.0051293 seconds, Stopping threads took: 0.0000178 seconds
135.812: [GC (Allocation Failure)  1000335K->677997K(1035264K), 0.0052448 secs]
135.817: Total time for which application threads were stopped: 0.0054262 seconds, Stopping threads took: 0.0000214 seconds
135.887: [GC (Allocation Failure)  1000557K->677935K(1035776K), 0.0050196 secs]
135.892: Total time for which application threads were stopped: 0.0051992 seconds, Stopping threads took: 0.0000285 seconds
135.959: [GC (Allocation Failure)  1001519K->677807K(1035776K), 0.0058305 secs]
135.965: Total time for which application threads were stopped: 0.0060020 seconds, Stopping threads took: 0.0000210 seconds
136.033: [GC (Allocation Failure)  1001391K->684309K(1031680K), 0.0099013 secs]
136.043: Total time for which application threads were stopped: 0.0100579 seconds, Stopping threads took: 0.0000198 seconds
136.112: [GC (Allocation Failure)  1003797K->679639K(1033728K), 0.0048517 secs]
136.117: Total time for which application threads were stopped: 0.0050423 seconds, Stopping threads took: 0.0000196 seconds
136.185: [GC (Allocation Failure)  999127K->679575K(1034752K), 0.0049604 secs]
136.191: Total time for which application threads were stopped: 0.0051332 seconds, Stopping threads took: 0.0000193 seconds
136.259: [GC (Allocation Failure)  1000599K->682709K(1034240K), 0.0062096 secs]
136.265: Total time for which application threads were stopped: 0.0063636 seconds, Stopping threads took: 0.0000178 seconds
136.333: [GC (Allocation Failure)  1003733K->679799K(1034752K), 0.0048941 secs]
136.338: Total time for which application threads were stopped: 0.0050686 seconds, Stopping threads took: 0.0000208 seconds
136.406: [GC (Allocation Failure)  1000823K->679575K(1034240K), 0.0049686 secs]
136.412: Total time for which application threads were stopped: 0.0051403 seconds, Stopping threads took: 0.0000290 seconds
136.477: [GC (Allocation Failure)  1000599K->682421K(1034240K), 0.0063877 secs]
136.483: Total time for which application threads were stopped: 0.0065782 seconds, Stopping threads took: 0.0000206 seconds
136.551: [GC (Allocation Failure)  1003957K->679767K(1034752K), 0.0050520 secs]
136.556: Total time for which application threads were stopped: 0.0052493 seconds, Stopping threads took: 0.0000204 seconds
136.625: [GC (Allocation Failure)  1001303K->679543K(1035776K), 0.0051645 secs]
136.630: Total time for which application threads were stopped: 0.0053483 seconds, Stopping threads took: 0.0000173 seconds
136.696: [GC (Allocation Failure)  1002615K->685133K(1035264K), 0.0074489 secs]
136.704: Total time for which application threads were stopped: 0.0076077 seconds, Stopping threads took: 0.0000274 seconds
136.769: [GC (Allocation Failure)  1008205K->680527K(1034240K), 0.0049405 secs]
136.774: Total time for which application threads were stopped: 0.0051107 seconds, Stopping threads took: 0.0000196 seconds
136.842: [GC (Allocation Failure)  1002063K->680399K(1034752K), 0.0051526 secs]
136.847: Total time for which application threads were stopped: 0.0053146 seconds, Stopping threads took: 0.0000201 seconds
136.911: [GC (Allocation Failure)  1001935K->688741K(1030656K), 0.0088424 secs]
136.920: Total time for which application threads were stopped: 0.0090085 seconds, Stopping threads took: 0.0000283 seconds
136.985: [GC (Allocation Failure)  1006181K->683079K(1032704K), 0.0051416 secs]
136.991: Total time for which application threads were stopped: 0.0052979 seconds, Stopping threads took: 0.0000199 seconds
137.060: [GC (Allocation Failure)  1000519K->682951K(1033216K), 0.0057195 secs]
137.066: Total time for which application threads were stopped: 0.0058762 seconds, Stopping threads took: 0.0000259 seconds
137.135: [GC (Allocation Failure)  1000903K->680805K(1032704K), 0.0043581 secs]
137.140: Total time for which application threads were stopped: 0.0045223 seconds, Stopping threads took: 0.0000210 seconds
137.206: [GC (Allocation Failure)  998757K->683015K(1033728K), 0.0049678 secs]
137.211: Total time for which application threads were stopped: 0.0051310 seconds, Stopping threads took: 0.0000201 seconds
137.278: [GC (Allocation Failure)  1001991K->682983K(1033216K), 0.0050741 secs]
137.284: Total time for which application threads were stopped: 0.0052457 seconds, Stopping threads took: 0.0000203 seconds
137.351: [GC (Allocation Failure)  1001959K->685447K(1033216K), 0.0052592 secs]
137.356: Total time for which application threads were stopped: 0.0054295 seconds, Stopping threads took: 0.0000259 seconds
137.423: [GC (Allocation Failure)  1004935K->691049K(1033728K), 0.0047687 secs]
137.428: Total time for which application threads were stopped: 0.0049389 seconds, Stopping threads took: 0.0000205 seconds
137.495: [GC (Allocation Failure)  1010537K->691017K(1034752K), 0.0052311 secs]
137.500: Total time for which application threads were stopped: 0.0054117 seconds, Stopping threads took: 0.0000204 seconds
137.568: [GC (Allocation Failure)  1012041K->694217K(1034240K), 0.0056163 secs]
137.574: [Full GC (Ergonomics)  694217K->11655K(1034240K), 0.0169735 secs]
137.591: Total time for which application threads were stopped: 0.0228718 seconds, Stopping threads took: 0.0000199 seconds
137.659: [GC (Allocation Failure)  332679K->20714K(1034752K), 0.0039737 secs]
137.664: Total time for which application threads were stopped: 0.0041373 seconds, Stopping threads took: 0.0000208 seconds
137.732: [GC (Allocation Failure)  342250K->20690K(1034752K), 0.0038681 secs]
137.736: Total time for which application threads were stopped: 0.0040450 seconds, Stopping threads took: 0.0000201 seconds
137.801: [GC (Allocation Failure)  342226K->24586K(1034240K), 0.0072212 secs]
137.809: Total time for which application threads were stopped: 0.0073962 seconds, Stopping threads took: 0.0000209 seconds
137.880: [GC (Allocation Failure)  346122K->28812K(1034752K), 0.0036514 secs]
137.884: Total time for which application threads were stopped: 0.0038074 seconds, Stopping threads took: 0.0000281 seconds
137.952: [GC (Allocation Failure)  350348K->28716K(1035776K), 0.0037879 secs]
137.956: Total time for which application threads were stopped: 0.0039575 seconds, Stopping threads took: 0.0000210 seconds
138.023: [GC (Allocation Failure)  351788K->31308K(1035264K), 0.0041298 secs]
138.027: Total time for which application threads were stopped: 0.0042846 seconds, Stopping threads took: 0.0000198 seconds
138.096: [GC (Allocation Failure)  354380K->36814K(1035776K), 0.0038945 secs]
138.100: Total time for which application threads were stopped: 0.0040573 seconds, Stopping threads took: 0.0000195 seconds
138.168: [GC (Allocation Failure)  359886K->36782K(1035264K), 0.0036725 secs]
138.172: Total time for which application threads were stopped: 0.0038478 seconds, Stopping threads took: 0.0000206 seconds
138.239: [GC (Allocation Failure)  359854K->33004K(1035776K), 0.0021612 secs]
138.242: Total time for which application threads were stopped: 0.0023312 seconds, Stopping threads took: 0.0000197 seconds
138.312: [GC (Allocation Failure)  356588K->37006K(1035776K), 0.0038064 secs]
138.316: Total time for which application threads were stopped: 0.0039812 seconds, Stopping threads took: 0.0000255 seconds
138.385: [GC (Allocation Failure)  360590K->36750K(1035776K), 0.0035067 secs]
138.389: Total time for which application threads were stopped: 0.0036790 seconds, Stopping threads took: 0.0000286 seconds
138.456: [GC (Allocation Failure)  360334K->40396K(1034752K), 0.0051718 secs]
138.461: Total time for which application threads were stopped: 0.0053410 seconds, Stopping threads took: 0.0000298 seconds
138.527: [GC (Allocation Failure)  363980K->36942K(1035264K), 0.0039828 secs]
138.531: Total time for which application threads were stopped: 0.0041365 seconds, Stopping threads took: 0.0000206 seconds
138.598: [GC (Allocation Failure)  358990K->36782K(1034752K), 0.0034411 secs]
138.602: Total time for which application threads were stopped: 0.0035805 seconds, Stopping threads took: 0.0000203 seconds
138.668: [GC (Allocation Failure)  358830K->44644K(1030656K), 0.0075891 secs]
138.675: Total time for which application threads were stopped: 0.0077491 seconds, Stopping threads took: 0.0000302 seconds
138.739: [GC (Allocation Failure)  363108K->40070K(1033216K), 0.0036173 secs]
138.743: Total time for which application threads were stopped: 0.0037514 seconds, Stopping threads took: 0.0000191 seconds
138.804: [GC (Allocation Failure)  358534K->39910K(1034240K), 0.0035774 secs]
138.808: Total time for which application threads were stopped: 0.0037185 seconds, Stopping threads took: 0.0000177 seconds
138.870: [GC (Allocation Failure)  359910K->41380K(1033728K), 0.0043555 secs]
138.875: Total time for which application threads were stopped: 0.0044831 seconds, Stopping threads took: 0.0000243 seconds
138.938: [GC (Allocation Failure)  361380K->40038K(1034752K), 0.0037364 secs]
138.942: Total time for which application threads were stopped: 0.0038851 seconds, Stopping threads took: 0.0000248 seconds
139.006: [GC (Allocation Failure)  361062K->39910K(1034240K), 0.0036067 secs]
139.009: Total time for which application threads were stopped: 0.0037440 seconds, Stopping threads took: 0.0000186 seconds
139.074: [GC (Allocation Failure)  360934K->40068K(1035776K), 0.0036265 secs]
139.078: Total time for which application threads were stopped: 0.0037546 seconds, Stopping threads took: 0.0000156 seconds
139.142: [GC (Allocation Failure)  363140K->39910K(1035264K), 0.0040652 secs]
139.146: Total time for which application threads were stopped: 0.0042111 seconds, Stopping threads took: 0.0000286 seconds
139.210: [GC (Allocation Failure)  362982K->39910K(1036288K), 0.0043639 secs]
139.214: Total time for which application threads were stopped: 0.0044979 seconds, Stopping threads took: 0.0000184 seconds
139.278: [GC (Allocation Failure)  364006K->46868K(1035776K), 0.0070046 secs]
139.285: Total time for which application threads were stopped: 0.0071563 seconds, Stopping threads took: 0.0000261 seconds
139.349: [GC (Allocation Failure)  370964K->42870K(1033728K), 0.0039211 secs]
139.353: Total time for which application threads were stopped: 0.0040695 seconds, Stopping threads took: 0.0000182 seconds
139.416: [GC (Allocation Failure)  364406K->42678K(1034752K), 0.0034082 secs]
139.420: Total time for which application threads were stopped: 0.0035314 seconds, Stopping threads took: 0.0000175 seconds
139.483: [GC (Allocation Failure)  364214K->37044K(1033728K), 0.0018833 secs]
139.485: Total time for which application threads were stopped: 0.0020059 seconds, Stopping threads took: 0.0000185 seconds
139.548: [GC (Allocation Failure)  357556K->42862K(1034240K), 0.0035363 secs]
139.551: Total time for which application threads were stopped: 0.0036673 seconds, Stopping threads took: 0.0000259 seconds
139.616: [GC (Allocation Failure)  363374K->46790K(1035264K), 0.0041741 secs]
139.621: Total time for which application threads were stopped: 0.0043083 seconds, Stopping threads took: 0.0000175 seconds
139.684: [GC (Allocation Failure)  368326K->40356K(1034240K), 0.0013846 secs]
139.685: Total time for which application threads were stopped: 0.0015087 seconds, Stopping threads took: 0.0000195 seconds
139.752: [GC (Allocation Failure)  361892K->46950K(1034752K), 0.0036570 secs]
139.756: Total time for which application threads were stopped: 0.0037828 seconds, Stopping threads took: 0.0000165 seconds
139.821: [GC (Allocation Failure)  367974K->50942K(1034240K), 0.0043441 secs]
139.826: Total time for which application threads were stopped: 0.0044722 seconds, Stopping threads took: 0.0000185 seconds
139.889: [GC (Allocation Failure)  371966K->44732K(1034240K), 0.0014735 secs]
139.891: Total time for which application threads were stopped: 0.0016075 seconds, Stopping threads took: 0.0000251 seconds
139.954: [GC (Allocation Failure)  366268K->51078K(1034752K), 0.0034747 secs]
139.958: Total time for which application threads were stopped: 0.0036466 seconds, Stopping threads took: 0.0000281 seconds
140.022: [GC (Allocation Failure)  372614K->55086K(1035776K), 0.0042972 secs]
140.026: Total time for which application threads were stopped: 0.0044423 seconds, Stopping threads took: 0.0000189 seconds
140.090: [GC (Allocation Failure)  378158K->51180K(1035264K), 0.0026173 secs]
140.093: Total time for which application threads were stopped: 0.0027538 seconds, Stopping threads took: 0.0000187 seconds
140.161: [GC (Allocation Failure)  374252K->55246K(1035776K), 0.0037657 secs]
140.165: Total time for which application threads were stopped: 0.0039032 seconds, Stopping threads took: 0.0000199 seconds
140.229: [GC (Allocation Failure)  378830K->59214K(1035776K), 0.0035239 secs]
140.232: Total time for which application threads were stopped: 0.0036700 seconds, Stopping threads took: 0.0000206 seconds
140.297: [GC (Allocation Failure)  382798K->59214K(1035776K), 0.0034471 secs]
140.301: Total time for which application threads were stopped: 0.0035755 seconds, Stopping threads took: 0.0000197 seconds
140.363: [GC (Allocation Failure)  382798K->59566K(1023488K), 0.0035630 secs]
140.367: Total time for which application threads were stopped: 0.0036917 seconds, Stopping threads took: 0.0000256 seconds
140.430: [GC (Allocation Failure)  383150K->67281K(1035264K), 0.0036140 secs]
140.434: Total time for which application threads were stopped: 0.0037588 seconds, Stopping threads took: 0.0000255 seconds
140.499: [GC (Allocation Failure)  389841K->67249K(1035264K), 0.0034809 secs]
140.503: Total time for which application threads were stopped: 0.0036129 seconds, Stopping threads took: 0.0000199 seconds
140.566: [GC (Allocation Failure)  389809K->67753K(1034240K), 0.0035807 secs]
140.570: Total time for which application threads were stopped: 0.0037118 seconds, Stopping threads took: 0.0000195 seconds
140.633: [GC (Allocation Failure)  389289K->75275K(1034752K), 0.0037104 secs]
140.637: Total time for which application threads were stopped: 0.0038520 seconds, Stopping threads took: 0.0000182 seconds
140.702: [GC (Allocation Failure)  396811K->75275K(1034752K), 0.0033783 secs]
140.705: Total time for which application threads were stopped: 0.0035136 seconds, Stopping threads took: 0.0000194 seconds
140.768: [GC (Allocation Failure)  396811K->75435K(1034752K), 0.0036091 secs]
140.772: Total time for which application threads were stopped: 0.0037549 seconds, Stopping threads took: 0.0000241 seconds
140.837: [GC (Allocation Failure)  396971K->83309K(1034752K), 0.0036448 secs]
140.841: Total time for which application threads were stopped: 0.0037886 seconds, Stopping threads took: 0.0000237 seconds
140.905: [GC (Allocation Failure)  404845K->83341K(1034752K), 0.0035300 secs]
140.909: Total time for which application threads were stopped: 0.0036614 seconds, Stopping threads took: 0.0000192 seconds
140.970: [GC (Allocation Failure)  404877K->83437K(1033728K), 0.0036891 secs]
140.974: Total time for which application threads were stopped: 0.0038294 seconds, Stopping threads took: 0.0000183 seconds
141.041: [GC (Allocation Failure)  403949K->91343K(1034240K), 0.0044517 secs]
141.045: Total time for which application threads were stopped: 0.0045905 seconds, Stopping threads took: 0.0000220 seconds
141.111: [GC (Allocation Failure)  411855K->91343K(1034240K), 0.0034810 secs]
141.114: Total time for which application threads were stopped: 0.0036233 seconds, Stopping threads took: 0.0000192 seconds
141.179: [GC (Allocation Failure)  411855K->91399K(1020416K), 0.0038049 secs]
141.183: Total time for which application threads were stopped: 0.0039510 seconds, Stopping threads took: 0.0000202 seconds
141.246: [GC (Allocation Failure)  411911K->99402K(1033728K), 0.0037876 secs]
141.250: Total time for which application threads were stopped: 0.0039112 seconds, Stopping threads took: 0.0000177 seconds
141.314: [GC (Allocation Failure)  418890K->99370K(1033728K), 0.0034938 secs]
141.317: Total time for which application threads were stopped: 0.0036308 seconds, Stopping threads took: 0.0000180 seconds
141.381: [GC (Allocation Failure)  418858K->99626K(1033728K), 0.0036408 secs]
141.385: Total time for which application threads were stopped: 0.0037786 seconds, Stopping threads took: 0.0000251 seconds
141.448: [GC (Allocation Failure)  419114K->107436K(1033728K), 0.0036168 secs]
141.451: Total time for which application threads were stopped: 0.0037669 seconds, Stopping threads took: 0.0000263 seconds
141.514: [GC (Allocation Failure)  426924K->107404K(1033728K), 0.0036019 secs]
141.518: Total time for which application threads were stopped: 0.0037404 seconds, Stopping threads took: 0.0000179 seconds
141.580: [GC (Allocation Failure)  426892K->107652K(1033728K), 0.0038086 secs]
141.584: Total time for which application threads were stopped: 0.0039354 seconds, Stopping threads took: 0.0000248 seconds
141.647: [GC (Allocation Failure)  427140K->115462K(1033728K), 0.0038976 secs]
141.651: Total time for which application threads were stopped: 0.0040364 seconds, Stopping threads took: 0.0000270 seconds
141.714: [GC (Allocation Failure)  434950K->111556K(1033728K), 0.0027605 secs]
141.717: Total time for which application threads were stopped: 0.0029163 seconds, Stopping threads took: 0.0000197 seconds
141.782: [GC (Allocation Failure)  431044K->115598K(1034752K), 0.0037533 secs]
141.785: Total time for which application threads were stopped: 0.0038991 seconds, Stopping threads took: 0.0000275 seconds
141.849: [GC (Allocation Failure)  436622K->119566K(1034240K), 0.0035871 secs]
141.853: Total time for which application threads were stopped: 0.0037248 seconds, Stopping threads took: 0.0000186 seconds
141.918: [GC (Allocation Failure)  440590K->113804K(1034752K), 0.0017716 secs]
141.920: Total time for which application threads were stopped: 0.0018998 seconds, Stopping threads took: 0.0000193 seconds
141.986: [GC (Allocation Failure)  435340K->119662K(1034752K), 0.0038224 secs]
141.989: Total time for which application threads were stopped: 0.0039671 seconds, Stopping threads took: 0.0000261 seconds
142.052: [GC (Allocation Failure)  441198K->123670K(1035264K), 0.0053922 secs]
142.058: Total time for which application threads were stopped: 0.0055284 seconds, Stopping threads took: 0.0000179 seconds
142.123: [GC (Allocation Failure)  445968K->119828K(1035264K), 0.0027417 secs]
142.126: Total time for which application threads were stopped: 0.0028731 seconds, Stopping threads took: 0.0000196 seconds
142.190: [GC (Allocation Failure)  442388K->123854K(1036288K), 0.0038976 secs]
142.194: Total time for which application threads were stopped: 0.0040421 seconds, Stopping threads took: 0.0000284 seconds
142.258: [GC (Allocation Failure)  447950K->127822K(1035776K), 0.0039637 secs]
142.262: Total time for which application threads were stopped: 0.0041210 seconds, Stopping threads took: 0.0000240 seconds
142.325: [GC (Allocation Failure)  451918K->127822K(1035776K), 0.0036631 secs]
142.329: Total time for which application threads were stopped: 0.0037939 seconds, Stopping threads took: 0.0000186 seconds
142.393: [GC (Allocation Failure)  451406K->127878K(1023488K), 0.0037584 secs]
142.397: Total time for which application threads were stopped: 0.0038954 seconds, Stopping threads took: 0.0000248 seconds
142.460: [GC (Allocation Failure)  451462K->135848K(1035264K), 0.0036650 secs]
142.464: Total time for which application threads were stopped: 0.0038027 seconds, Stopping threads took: 0.0000178 seconds
142.530: [GC (Allocation Failure)  458408K->135848K(1030144K), 0.0037938 secs]
142.533: Total time for which application threads were stopped: 0.0039266 seconds, Stopping threads took: 0.0000196 seconds
142.596: [GC (Allocation Failure)  458408K->135880K(1034752K), 0.0037782 secs]
142.600: Total time for which application threads were stopped: 0.0039127 seconds, Stopping threads took: 0.0000202 seconds
142.663: [GC (Allocation Failure)  457416K->143883K(1034752K), 0.0037340 secs]
142.667: Total time for which application threads were stopped: 0.0038610 seconds, Stopping threads took: 0.0000183 seconds
142.730: [GC (Allocation Failure)  465419K->143883K(1033728K), 0.0037681 secs]
142.734: Total time for which application threads were stopped: 0.0038994 seconds, Stopping threads took: 0.0000185 seconds
142.797: [GC (Allocation Failure)  464395K->144107K(1034240K), 0.0038702 secs]
142.801: Total time for which application threads were stopped: 0.0040129 seconds, Stopping threads took: 0.0000241 seconds
142.866: [GC (Allocation Failure)  464619K->151949K(1034240K), 0.0038188 secs]
142.870: Total time for which application threads were stopped: 0.0039562 seconds, Stopping threads took: 0.0000267 seconds
142.934: [GC (Allocation Failure)  472461K->151949K(1034240K), 0.0035332 secs]
142.937: Total time for which application threads were stopped: 0.0036682 seconds, Stopping threads took: 0.0000263 seconds
143.000: [GC (Allocation Failure)  472461K->152365K(1033216K), 0.0038764 secs]
143.004: Total time for which application threads were stopped: 0.0040112 seconds, Stopping threads took: 0.0000180 seconds
143.071: [GC (Allocation Failure)  471853K->159951K(1033728K), 0.0039733 secs]
143.076: Total time for which application threads were stopped: 0.0041106 seconds, Stopping threads took: 0.0000174 seconds
143.141: [GC (Allocation Failure)  479439K->159951K(1033728K), 0.0039317 secs]
143.145: Total time for which application threads were stopped: 0.0040794 seconds, Stopping threads took: 0.0000196 seconds
143.207: [GC (Allocation Failure)  479439K->160071K(1033728K), 0.0040812 secs]
143.211: Total time for which application threads were stopped: 0.0042258 seconds, Stopping threads took: 0.0000285 seconds
143.274: [GC (Allocation Failure)  479559K->168009K(1033728K), 0.0037117 secs]
143.278: Total time for which application threads were stopped: 0.0038871 seconds, Stopping threads took: 0.0000540 seconds
143.341: [GC (Allocation Failure)  487497K->167977K(1033728K), 0.0038319 secs]
143.345: Total time for which application threads were stopped: 0.0039618 seconds, Stopping threads took: 0.0000188 seconds
143.407: [GC (Allocation Failure)  487465K->168041K(1033728K), 0.0037224 secs]
143.411: Total time for which application threads were stopped: 0.0038681 seconds, Stopping threads took: 0.0000183 seconds
143.477: [GC (Allocation Failure)  487529K->176012K(1027072K), 0.0039563 secs]
143.481: Total time for which application threads were stopped: 0.0040946 seconds, Stopping threads took: 0.0000191 seconds
143.541: [GC (Allocation Failure)  495499K->172137K(1034240K), 0.0030449 secs]
143.545: Total time for which application threads were stopped: 0.0031923 seconds, Stopping threads took: 0.0000253 seconds
143.608: [GC (Allocation Failure)  491625K->176172K(1033216K), 0.0039936 secs]
143.612: Total time for which application threads were stopped: 0.0041301 seconds, Stopping threads took: 0.0000243 seconds
143.677: [GC (Allocation Failure)  495660K->180140K(1034752K), 0.0038484 secs]
143.681: Total time for which application threads were stopped: 0.0039760 seconds, Stopping threads took: 0.0000190 seconds
143.745: [GC (Allocation Failure)  501676K->173353K(1034752K), 0.0014557 secs]
143.747: Total time for which application threads were stopped: 0.0016093 seconds, Stopping threads took: 0.0000238 seconds
143.810: [GC (Allocation Failure)  494889K->180204K(1034752K), 0.0037752 secs]
143.814: Total time for which application threads were stopped: 0.0039018 seconds, Stopping threads took: 0.0000183 seconds
143.876: [GC (Allocation Failure)  501740K->184284K(1034752K), 0.0048281 secs]
143.881: Total time for which application threads were stopped: 0.0049622 seconds, Stopping threads took: 0.0000245 seconds
143.942: [GC (Allocation Failure)  505820K->178745K(1034752K), 0.0020936 secs]
143.945: Total time for which application threads were stopped: 0.0022436 seconds, Stopping threads took: 0.0000197 seconds
144.010: [GC (Allocation Failure)  500281K->184556K(1034752K), 0.0037588 secs]
144.014: Total time for which application threads were stopped: 0.0038839 seconds, Stopping threads took: 0.0000184 seconds
144.082: [GC (Allocation Failure)  506092K->188460K(1034752K), 0.0042661 secs]
144.086: Total time for which application threads were stopped: 0.0044333 seconds, Stopping threads took: 0.0000207 seconds
144.150: [GC (Allocation Failure)  510948K->184521K(1035264K), 0.0027779 secs]
144.152: Total time for which application threads were stopped: 0.0029060 seconds, Stopping threads took: 0.0000193 seconds
144.217: [GC (Allocation Failure)  507081K->188588K(1036288K), 0.0039692 secs]
144.221: Total time for which application threads were stopped: 0.0040978 seconds, Stopping threads took: 0.0000195 seconds
144.286: [GC (Allocation Failure)  512684K->192588K(1035776K), 0.0037802 secs]
144.290: Total time for which application threads were stopped: 0.0039317 seconds, Stopping threads took: 0.0000182 seconds
144.356: [GC (Allocation Failure)  516684K->192556K(1035776K), 0.0038789 secs]
144.360: Total time for which application threads were stopped: 0.0040096 seconds, Stopping threads took: 0.0000189 seconds
144.424: [GC (Allocation Failure)  516140K->192620K(1023488K), 0.0040250 secs]
144.428: Total time for which application threads were stopped: 0.0041570 seconds, Stopping threads took: 0.0000189 seconds
144.492: [GC (Allocation Failure)  516204K->200590K(1035264K), 0.0039071 secs]
144.496: Total time for which application threads were stopped: 0.0040538 seconds, Stopping threads took: 0.0000193 seconds
144.559: [GC (Allocation Failure)  523150K->200590K(1030144K), 0.0037589 secs]
144.563: Total time for which application threads were stopped: 0.0038909 seconds, Stopping threads took: 0.0000196 seconds
144.626: [GC (Allocation Failure)  523150K->200646K(1034752K), 0.0039019 secs]
144.630: Total time for which application threads were stopped: 0.0040333 seconds, Stopping threads took: 0.0000192 seconds
144.693: [GC (Allocation Failure)  522182K->208616K(1034752K), 0.0040168 secs]
144.697: Total time for which application threads were stopped: 0.0041477 seconds, Stopping threads took: 0.0000196 seconds
144.763: [GC (Allocation Failure)  530152K->208648K(1033728K), 0.0037526 secs]
144.766: Total time for which application threads were stopped: 0.0038827 seconds, Stopping threads took: 0.0000182 seconds
144.829: [GC (Allocation Failure)  529160K->208872K(1034240K), 0.0039908 secs]
144.833: Total time for which application threads were stopped: 0.0041329 seconds, Stopping threads took: 0.0000265 seconds
144.899: [GC (Allocation Failure)  529384K->216651K(1034240K), 0.0037319 secs]
144.903: Total time for which application threads were stopped: 0.0038713 seconds, Stopping threads took: 0.0000249 seconds
144.967: [GC (Allocation Failure)  537163K->216683K(1034240K), 0.0040056 secs]
144.971: Total time for which application threads were stopped: 0.0041928 seconds, Stopping threads took: 0.0000242 seconds
145.035: [GC (Allocation Failure)  537195K->217099K(1033216K), 0.0082147 secs]
145.043: Total time for which application threads were stopped: 0.0083601 seconds, Stopping threads took: 0.0000211 seconds
145.107: [GC (Allocation Failure)  536587K->224717K(1033728K), 0.0040114 secs]
145.111: Total time for which application threads were stopped: 0.0041666 seconds, Stopping threads took: 0.0000264 seconds
145.177: [GC (Allocation Failure)  544205K->224685K(1033728K), 0.0038802 secs]
145.181: Total time for which application threads were stopped: 0.0040013 seconds, Stopping threads took: 0.0000172 seconds
145.242: [GC (Allocation Failure)  544173K->224845K(1033728K), 0.0038921 secs]
145.246: Total time for which application threads were stopped: 0.0040236 seconds, Stopping threads took: 0.0000192 seconds
145.311: [GC (Allocation Failure)  544333K->232719K(1033728K), 0.0039871 secs]
145.315: Total time for which application threads were stopped: 0.0041342 seconds, Stopping threads took: 0.0000241 seconds
145.378: [GC (Allocation Failure)  552207K->232719K(1033728K), 0.0039553 secs]
145.383: Total time for which application threads were stopped: 0.0041056 seconds, Stopping threads took: 0.0000249 seconds
145.445: [GC (Allocation Failure)  552207K->232775K(1033728K), 0.0039408 secs]
145.449: Total time for which application threads were stopped: 0.0040885 seconds, Stopping threads took: 0.0000235 seconds
145.512: [GC (Allocation Failure)  552263K->240713K(1027072K), 0.0040139 secs]
145.516: Total time for which application threads were stopped: 0.0041594 seconds, Stopping threads took: 0.0000237 seconds
145.577: [GC (Allocation Failure)  560201K->236839K(1034240K), 0.0031401 secs]
145.580: Total time for which application threads were stopped: 0.0032714 seconds, Stopping threads took: 0.0000192 seconds
145.645: [GC (Allocation Failure)  556327K->240873K(1033216K), 0.0041089 secs]
145.649: Total time for which application threads were stopped: 0.0042501 seconds, Stopping threads took: 0.0000189 seconds
145.712: [GC (Allocation Failure)  560361K->244873K(1034752K), 0.0040725 secs]
145.716: Total time for which application threads were stopped: 0.0042206 seconds, Stopping threads took: 0.0000208 seconds
145.778: [GC (Allocation Failure)  566409K->238087K(1034752K), 0.0016062 secs]
145.780: Total time for which application threads were stopped: 0.0017512 seconds, Stopping threads took: 0.0000192 seconds
145.844: [GC (Allocation Failure)  559623K->244913K(1034752K), 0.0038736 secs]
145.848: Total time for which application threads were stopped: 0.0040015 seconds, Stopping threads took: 0.0000186 seconds
145.913: [GC (Allocation Failure)  566449K->249057K(1034752K), 0.0048837 secs]
145.918: Total time for which application threads were stopped: 0.0050227 seconds, Stopping threads took: 0.0000241 seconds
145.979: [GC (Allocation Failure)  570593K->243487K(1034752K), 0.0023864 secs]
145.982: Total time for which application threads were stopped: 0.0025185 seconds, Stopping threads took: 0.0000238 seconds
146.048: [GC (Allocation Failure)  565023K->249257K(1034752K), 0.0066800 secs]
146.055: Total time for which application threads were stopped: 0.0068364 seconds, Stopping threads took: 0.0000238 seconds
146.121: [GC (Allocation Failure)  570793K->253161K(1034752K), 0.0045706 secs]
146.126: Total time for which application threads were stopped: 0.0047399 seconds, Stopping threads took: 0.0000197 seconds
146.193: [GC (Allocation Failure)  575650K->249287K(1035264K), 0.0030314 secs]
146.196: Total time for which application threads were stopped: 0.0031915 seconds, Stopping threads took: 0.0000200 seconds
146.261: [GC (Allocation Failure)  571847K->253321K(1036288K), 0.0042082 secs]
146.265: Total time for which application threads were stopped: 0.0043508 seconds, Stopping threads took: 0.0000275 seconds
146.329: [GC (Allocation Failure)  577417K->257289K(1035776K), 0.0040385 secs]
146.333: Total time for which application threads were stopped: 0.0041648 seconds, Stopping threads took: 0.0000180 seconds
146.398: [GC (Allocation Failure)  581385K->257289K(1035776K), 0.0038683 secs]
146.402: Total time for which application threads were stopped: 0.0039999 seconds, Stopping threads took: 0.0000185 seconds
146.466: [GC (Allocation Failure)  580873K->257385K(1023488K), 0.0040702 secs]
146.470: Total time for which application threads were stopped: 0.0042094 seconds, Stopping threads took: 0.0000266 seconds
146.533: [GC (Allocation Failure)  580969K->265356K(1035264K), 0.0040505 secs]
146.537: Total time for which application threads were stopped: 0.0042092 seconds, Stopping threads took: 0.0000269 seconds
146.600: [GC (Allocation Failure)  587916K->265324K(1030144K), 0.0038520 secs]
146.604: Total time for which application threads were stopped: 0.0039866 seconds, Stopping threads took: 0.0000193 seconds
146.669: [GC (Allocation Failure)  587884K->265380K(1034752K), 0.0043164 secs]
146.673: Total time for which application threads were stopped: 0.0044348 seconds, Stopping threads took: 0.0000161 seconds
146.737: [GC (Allocation Failure)  586916K->273382K(1034752K), 0.0040693 secs]
146.742: Total time for which application threads were stopped: 0.0042143 seconds, Stopping threads took: 0.0000188 seconds
146.808: [GC (Allocation Failure)  594918K->273350K(1033728K), 0.0038436 secs]
146.812: Total time for which application threads were stopped: 0.0039882 seconds, Stopping threads took: 0.0000191 seconds
146.876: [GC (Allocation Failure)  593862K->273606K(1034240K), 0.0041795 secs]
146.881: Total time for which application threads were stopped: 0.0043196 seconds, Stopping threads took: 0.0000271 seconds
146.944: [GC (Allocation Failure)  594118K->281416K(1034240K), 0.0039874 secs]
146.948: Total time for which application threads were stopped: 0.0041223 seconds, Stopping threads took: 0.0000147 seconds
147.013: [GC (Allocation Failure)  601928K->281384K(1034240K), 0.0041403 secs]
147.018: Total time for which application threads were stopped: 0.0042919 seconds, Stopping threads took: 0.0000238 seconds
147.084: [GC (Allocation Failure)  601896K->281832K(1033216K), 0.0040706 secs]
147.089: Total time for which application threads were stopped: 0.0041912 seconds, Stopping threads took: 0.0000149 seconds
147.153: [GC (Allocation Failure)  601320K->289418K(1033728K), 0.0041324 secs]
147.158: Total time for which application threads were stopped: 0.0042723 seconds, Stopping threads took: 0.0000270 seconds
147.222: [GC (Allocation Failure)  608906K->289418K(1033728K), 0.0040865 secs]
147.226: Total time for which application threads were stopped: 0.0042180 seconds, Stopping threads took: 0.0000194 seconds
147.288: [GC (Allocation Failure)  608906K->289570K(1033728K), 0.0043577 secs]
147.293: Total time for which application threads were stopped: 0.0044853 seconds, Stopping threads took: 0.0000179 seconds
147.358: [GC (Allocation Failure)  609058K->297509K(1033728K), 0.0044526 secs]
147.362: Total time for which application threads were stopped: 0.0045868 seconds, Stopping threads took: 0.0000187 seconds
147.425: [GC (Allocation Failure)  616997K->297477K(1033728K), 0.0041336 secs]
147.430: Total time for which application threads were stopped: 0.0042658 seconds, Stopping threads took: 0.0000189 seconds
147.492: [GC (Allocation Failure)  616965K->297509K(1033728K), 0.0041339 secs]
147.496: Total time for which application threads were stopped: 0.0042729 seconds, Stopping threads took: 0.0000181 seconds
147.560: [GC (Allocation Failure)  616997K->305479K(1027072K), 0.0041978 secs]
147.565: Total time for which application threads were stopped: 0.0043277 seconds, Stopping threads took: 0.0000186 seconds
147.625: [GC (Allocation Failure)  624966K->301573K(1034240K), 0.0033414 secs]
147.628: Total time for which application threads were stopped: 0.0034670 seconds, Stopping threads took: 0.0000183 seconds
147.691: [GC (Allocation Failure)  621061K->305639K(1033216K), 0.0043328 secs]
147.696: Total time for which application threads were stopped: 0.0044661 seconds, Stopping threads took: 0.0000188 seconds
147.759: [GC (Allocation Failure)  625127K->309607K(1034752K), 0.0042038 secs]
147.763: Total time for which application threads were stopped: 0.0043393 seconds, Stopping threads took: 0.0000187 seconds
147.828: [GC (Allocation Failure)  631143K->302821K(1034752K), 0.0018390 secs]
147.829: Total time for which application threads were stopped: 0.0019734 seconds, Stopping threads took: 0.0000198 seconds
147.899: [GC (Allocation Failure)  624357K->309679K(1034752K), 0.0042669 secs]
147.903: Total time for which application threads were stopped: 0.0044163 seconds, Stopping threads took: 0.0000197 seconds
147.967: [GC (Allocation Failure)  631215K->313759K(1034752K), 0.0051159 secs]
147.972: Total time for which application threads were stopped: 0.0052428 seconds, Stopping threads took: 0.0000154 seconds
148.033: [GC (Allocation Failure)  635295K->308221K(1034752K), 0.0024565 secs]
148.036: Total time for which application threads were stopped: 0.0026111 seconds, Stopping threads took: 0.0000239 seconds
148.102: [GC (Allocation Failure)  629757K->314031K(1034752K), 0.0041542 secs]
148.107: Total time for which application threads were stopped: 0.0042976 seconds, Stopping threads took: 0.0000203 seconds
148.173: [GC (Allocation Failure)  635567K->317903K(1034752K), 0.0045644 secs]
148.177: Total time for which application threads were stopped: 0.0047293 seconds, Stopping threads took: 0.0000285 seconds
148.240: [GC (Allocation Failure)  640391K->313965K(1035264K), 0.0031989 secs]
148.243: Total time for which application threads were stopped: 0.0033473 seconds, Stopping threads took: 0.0000199 seconds
148.310: [GC (Allocation Failure)  636525K->318055K(1036288K), 0.0041872 secs]
148.314: Total time for which application threads were stopped: 0.0043323 seconds, Stopping threads took: 0.0000246 seconds
148.380: [GC (Allocation Failure)  642151K->322023K(1035776K), 0.0040412 secs]
148.384: Total time for which application threads were stopped: 0.0041690 seconds, Stopping threads took: 0.0000155 seconds
148.448: [GC (Allocation Failure)  646119K->322023K(1035776K), 0.0040862 secs]
148.452: Total time for which application threads were stopped: 0.0042241 seconds, Stopping threads took: 0.0000238 seconds
148.516: [GC (Allocation Failure)  645607K->322087K(1023488K), 0.0042480 secs]
148.520: Total time for which application threads were stopped: 0.0043958 seconds, Stopping threads took: 0.0000243 seconds
148.583: [GC (Allocation Failure)  645671K->330089K(1035264K), 0.0042621 secs]
148.587: Total time for which application threads were stopped: 0.0044016 seconds, Stopping threads took: 0.0000183 seconds
148.652: [GC (Allocation Failure)  652649K->330057K(1030144K), 0.0040288 secs]
148.656: Total time for which application threads were stopped: 0.0041707 seconds, Stopping threads took: 0.0000196 seconds
148.719: [GC (Allocation Failure)  652617K->330121K(1034752K), 0.0042482 secs]
148.723: Total time for which application threads were stopped: 0.0043949 seconds, Stopping threads took: 0.0000237 seconds
148.788: [GC (Allocation Failure)  651657K->338123K(1029120K), 0.0044144 secs]
148.793: Total time for which application threads were stopped: 0.0045572 seconds, Stopping threads took: 0.0000266 seconds
148.857: [GC (Allocation Failure)  659659K->338123K(1034240K), 0.0040247 secs]
148.861: Total time for which application threads were stopped: 0.0041564 seconds, Stopping threads took: 0.0000193 seconds
148.925: [GC (Allocation Failure)  658635K->338339K(1034240K), 0.0041967 secs]
148.930: Total time for which application threads were stopped: 0.0043442 seconds, Stopping threads took: 0.0000273 seconds
148.994: [GC (Allocation Failure)  658851K->346118K(1034240K), 0.0041813 secs]
148.999: Total time for which application threads were stopped: 0.0043055 seconds, Stopping threads took: 0.0000180 seconds
149.063: [GC (Allocation Failure)  666630K->346118K(1034240K), 0.0042360 secs]
149.068: Total time for which application threads were stopped: 0.0043714 seconds, Stopping threads took: 0.0000170 seconds
149.132: [GC (Allocation Failure)  666630K->346574K(1033216K), 0.0043190 secs]
149.136: Total time for which application threads were stopped: 0.0044443 seconds, Stopping threads took: 0.0000177 seconds
149.200: [GC (Allocation Failure)  666062K->354160K(1033728K), 0.0043225 secs]
149.204: Total time for which application threads were stopped: 0.0044623 seconds, Stopping threads took: 0.0000185 seconds
149.268: [GC (Allocation Failure)  673648K->354160K(1033728K), 0.0041840 secs]
149.272: Total time for which application threads were stopped: 0.0043253 seconds, Stopping threads took: 0.0000193 seconds
149.335: [GC (Allocation Failure)  673648K->354312K(1033728K), 0.0042983 secs]
149.339: Total time for which application threads were stopped: 0.0044437 seconds, Stopping threads took: 0.0000237 seconds
149.403: [GC (Allocation Failure)  673800K->362218K(1033728K), 0.0040579 secs]
149.407: Total time for which application threads were stopped: 0.0041976 seconds, Stopping threads took: 0.0000245 seconds
149.470: [GC (Allocation Failure)  681706K->362186K(1033728K), 0.0042527 secs]
149.474: Total time for which application threads were stopped: 0.0043987 seconds, Stopping threads took: 0.0000187 seconds
149.538: [GC (Allocation Failure)  681674K->362250K(1033728K), 0.0043558 secs]
149.543: Total time for which application threads were stopped: 0.0044863 seconds, Stopping threads took: 0.0000178 seconds
149.607: [GC (Allocation Failure)  681738K->370221K(1027072K), 0.0042812 secs]
149.611: Total time for which application threads were stopped: 0.0044090 seconds, Stopping threads took: 0.0000183 seconds
149.672: [GC (Allocation Failure)  689708K->366314K(1034240K), 0.0035366 secs]
149.675: Total time for which application threads were stopped: 0.0036654 seconds, Stopping threads took: 0.0000187 seconds
149.741: [GC (Allocation Failure)  685802K->370373K(1033216K), 0.0045122 secs]
149.745: Total time for which application threads were stopped: 0.0046581 seconds, Stopping threads took: 0.0000185 seconds
149.809: [GC (Allocation Failure)  689861K->374373K(1034752K), 0.0043421 secs]
149.813: Total time for which application threads were stopped: 0.0044700 seconds, Stopping threads took: 0.0000179 seconds
149.877: [GC (Allocation Failure)  695909K->367554K(1034752K), 0.0018468 secs]
149.879: Total time for which application threads were stopped: 0.0019753 seconds, Stopping threads took: 0.0000180 seconds
149.942: [GC (Allocation Failure)  689090K->374413K(1034752K), 0.0042440 secs]
149.946: Total time for which application threads were stopped: 0.0043851 seconds, Stopping threads took: 0.0000187 seconds
150.007: [GC (Allocation Failure)  695949K->378493K(1034752K), 0.0068827 secs]
150.014: Total time for which application threads were stopped: 0.0070138 seconds, Stopping threads took: 0.0000188 seconds
150.078: [GC (Allocation Failure)  700029K->372954K(1034752K), 0.0024990 secs]
150.081: Total time for which application threads were stopped: 0.0026280 seconds, Stopping threads took: 0.0000173 seconds
150.147: [GC (Allocation Failure)  694490K->378765K(1034752K), 0.0044528 secs]
150.152: Total time for which application threads were stopped: 0.0046048 seconds, Stopping threads took: 0.0000196 seconds
150.218: [GC (Allocation Failure)  700301K->382637K(1034752K), 0.0047960 secs]
150.223: Total time for which application threads were stopped: 0.0050120 seconds, Stopping threads took: 0.0000414 seconds
150.289: [GC (Allocation Failure)  705125K->378730K(1035264K), 0.0034535 secs]
150.292: Total time for which application threads were stopped: 0.0036082 seconds, Stopping threads took: 0.0000263 seconds
150.359: [GC (Allocation Failure)  701290K->382797K(1036288K), 0.0044812 secs]
150.363: Total time for which application threads were stopped: 0.0046045 seconds, Stopping threads took: 0.0000166 seconds
150.428: [GC (Allocation Failure)  706893K->386765K(1035776K), 0.0043858 secs]
150.433: Total time for which application threads were stopped: 0.0045334 seconds, Stopping threads took: 0.0000253 seconds
150.499: [GC (Allocation Failure)  710861K->386797K(1035776K), 0.0042233 secs]
150.503: Total time for which application threads were stopped: 0.0043618 seconds, Stopping threads took: 0.0000265 seconds
150.568: [GC (Allocation Failure)  710381K->386829K(1023488K), 0.0045047 secs]
150.573: Total time for which application threads were stopped: 0.0046693 seconds, Stopping threads took: 0.0000250 seconds
150.635: [GC (Allocation Failure)  710413K->394799K(1035264K), 0.0044591 secs]
150.639: Total time for which application threads were stopped: 0.0045984 seconds, Stopping threads took: 0.0000193 seconds
150.702: [GC (Allocation Failure)  717359K->394799K(1030144K), 0.0041397 secs]
150.706: Total time for which application threads were stopped: 0.0042799 seconds, Stopping threads took: 0.0000201 seconds
150.771: [GC (Allocation Failure)  717359K->394855K(1034752K), 0.0044543 secs]
150.776: Total time for which application threads were stopped: 0.0045955 seconds, Stopping threads took: 0.0000189 seconds
150.841: [GC (Allocation Failure)  716391K->402825K(1034752K), 0.0045169 secs]
150.846: Total time for which application threads were stopped: 0.0046502 seconds, Stopping threads took: 0.0000186 seconds
150.910: [GC (Allocation Failure)  724361K->402793K(1033728K), 0.0041846 secs]
150.915: Total time for which application threads were stopped: 0.0043178 seconds, Stopping threads took: 0.0000191 seconds
150.978: [GC (Allocation Failure)  723305K->403049K(1034240K), 0.0044118 secs]
150.982: Total time for which application threads were stopped: 0.0045509 seconds, Stopping threads took: 0.0000186 seconds
151.046: [GC (Allocation Failure)  723561K->410859K(1034240K), 0.0050329 secs]
151.051: Total time for which application threads were stopped: 0.0051695 seconds, Stopping threads took: 0.0000248 seconds
151.117: [GC (Allocation Failure)  731371K->410859K(1034240K), 0.0043734 secs]
151.121: Total time for which application threads were stopped: 0.0045229 seconds, Stopping threads took: 0.0000196 seconds
151.187: [GC (Allocation Failure)  731371K->411307K(1034240K), 0.0043779 secs]
151.191: Total time for which application threads were stopped: 0.0045250 seconds, Stopping threads took: 0.0000222 seconds
151.254: [GC (Allocation Failure)  731819K->418926K(1028096K), 0.0043786 secs]
151.259: Total time for which application threads were stopped: 0.0045207 seconds, Stopping threads took: 0.0000279 seconds
151.322: [GC (Allocation Failure)  739438K->418894K(1033728K), 0.0044045 secs]
151.326: Total time for which application threads were stopped: 0.0045358 seconds, Stopping threads took: 0.0000189 seconds
151.389: [GC (Allocation Failure)  738382K->419046K(1033728K), 0.0043929 secs]
151.394: Total time for which application threads were stopped: 0.0045217 seconds, Stopping threads took: 0.0000243 seconds
151.457: [GC (Allocation Failure)  738534K->426920K(1033728K), 0.0043808 secs]
151.462: Total time for which application threads were stopped: 0.0045221 seconds, Stopping threads took: 0.0000260 seconds
151.525: [GC (Allocation Failure)  746408K->426952K(1033728K), 0.0042992 secs]
151.530: Total time for which application threads were stopped: 0.0044296 seconds, Stopping threads took: 0.0000183 seconds
151.592: [GC (Allocation Failure)  746440K->426984K(1033728K), 0.0044782 secs]
151.596: Total time for which application threads were stopped: 0.0046246 seconds, Stopping threads took: 0.0000264 seconds
151.658: [GC (Allocation Failure)  746472K->434922K(1027072K), 0.0075560 secs]
151.665: Total time for which application threads were stopped: 0.0077097 seconds, Stopping threads took: 0.0000234 seconds
151.727: [GC (Allocation Failure)  754410K->431048K(1034240K), 0.0035820 secs]
151.731: Total time for which application threads were stopped: 0.0037226 seconds, Stopping threads took: 0.0000188 seconds
151.794: [GC (Allocation Failure)  750536K->435074K(1033216K), 0.0061013 secs]
151.800: Total time for which application threads were stopped: 0.0062512 seconds, Stopping threads took: 0.0000262 seconds
151.863: [GC (Allocation Failure)  754562K->439074K(1034752K), 0.0044256 secs]
151.868: Total time for which application threads were stopped: 0.0045685 seconds, Stopping threads took: 0.0000185 seconds
151.931: [GC (Allocation Failure)  760610K->432288K(1034752K), 0.0020573 secs]
151.933: Total time for which application threads were stopped: 0.0021784 seconds, Stopping threads took: 0.0000162 seconds
151.998: [GC (Allocation Failure)  753824K->439106K(1034752K), 0.0044185 secs]
152.003: Total time for which application threads were stopped: 0.0045722 seconds, Stopping threads took: 0.0000202 seconds
152.066: [GC (Allocation Failure)  760642K->443218K(1034752K), 0.0052356 secs]
152.072: Total time for which application threads were stopped: 0.0053788 seconds, Stopping threads took: 0.0000174 seconds
152.134: [GC (Allocation Failure)  764754K->437680K(1034752K), 0.0027355 secs]
152.137: Total time for which application threads were stopped: 0.0028859 seconds, Stopping threads took: 0.0000294 seconds
152.206: [GC (Allocation Failure)  759216K->443490K(1034752K), 0.0045205 secs]
152.210: Total time for which application threads were stopped: 0.0046859 seconds, Stopping threads took: 0.0000204 seconds
152.276: [GC (Allocation Failure)  765026K->447362K(1034752K), 0.0049008 secs]
152.281: Total time for which application threads were stopped: 0.0050552 seconds, Stopping threads took: 0.0000208 seconds
152.344: [GC (Allocation Failure)  769850K->443488K(1035264K), 0.0033499 secs]
152.348: Total time for which application threads were stopped: 0.0035077 seconds, Stopping threads took: 0.0000203 seconds
152.415: [GC (Allocation Failure)  766048K->447530K(1036288K), 0.0043748 secs]
152.420: Total time for which application threads were stopped: 0.0045146 seconds, Stopping threads took: 0.0000204 seconds
152.484: [GC (Allocation Failure)  771626K->451498K(1035776K), 0.0043950 secs]
152.488: Total time for which application threads were stopped: 0.0045344 seconds, Stopping threads took: 0.0000244 seconds
152.553: [GC (Allocation Failure)  775594K->451530K(1035776K), 0.0042942 secs]
152.557: Total time for which application threads were stopped: 0.0044259 seconds, Stopping threads took: 0.0000189 seconds
152.621: [GC (Allocation Failure)  775114K->451562K(1023488K), 0.0045222 secs]
152.625: Total time for which application threads were stopped: 0.0046618 seconds, Stopping threads took: 0.0000187 seconds
152.688: [GC (Allocation Failure)  775146K->459564K(1035264K), 0.0045333 secs]
152.692: Total time for which application threads were stopped: 0.0046808 seconds, Stopping threads took: 0.0000237 seconds
152.756: [GC (Allocation Failure)  782124K->459532K(1030144K), 0.0043990 secs]
152.760: Total time for which application threads were stopped: 0.0045323 seconds, Stopping threads took: 0.0000195 seconds
152.824: [GC (Allocation Failure)  782092K->459596K(1034752K), 0.0044010 secs]
152.829: Total time for which application threads were stopped: 0.0045317 seconds, Stopping threads took: 0.0000187 seconds
152.892: [GC (Allocation Failure)  781132K->467567K(1034752K), 0.0045392 secs]
152.897: Total time for which application threads were stopped: 0.0046761 seconds, Stopping threads took: 0.0000247 seconds
152.961: [GC (Allocation Failure)  789103K->467599K(1033728K), 0.0042657 secs]
152.965: Total time for which application threads were stopped: 0.0044127 seconds, Stopping threads took: 0.0000189 seconds
153.029: [GC (Allocation Failure)  788111K->467815K(1034240K), 0.0046279 secs]
153.034: Total time for which application threads were stopped: 0.0047556 seconds, Stopping threads took: 0.0000188 seconds
153.101: [GC (Allocation Failure)  788327K->475625K(1034240K), 0.0044482 secs]
153.105: Total time for which application threads were stopped: 0.0045957 seconds, Stopping threads took: 0.0000264 seconds
153.169: [GC (Allocation Failure)  796137K->475561K(1034240K), 0.0045703 secs]
153.174: Total time for which application threads were stopped: 0.0047059 seconds, Stopping threads took: 0.0000195 seconds
153.239: [GC (Allocation Failure)  796073K->476041K(1033216K), 0.0046012 secs]
153.244: Total time for which application threads were stopped: 0.0047463 seconds, Stopping threads took: 0.0000197 seconds
153.309: [GC (Allocation Failure)  795529K->483627K(1033728K), 0.0047838 secs]
153.314: Total time for which application threads were stopped: 0.0049184 seconds, Stopping threads took: 0.0000192 seconds
153.379: [GC (Allocation Failure)  803115K->483627K(1033728K), 0.0044575 secs]
153.383: Total time for which application threads were stopped: 0.0045982 seconds, Stopping threads took: 0.0000253 seconds
153.445: [GC (Allocation Failure)  803115K->483795K(1033728K), 0.0057822 secs]
153.451: Total time for which application threads were stopped: 0.0059312 seconds, Stopping threads took: 0.0000263 seconds
153.514: [GC (Allocation Failure)  803283K->491701K(1033728K), 0.0043129 secs]
153.518: Total time for which application threads were stopped: 0.0044532 seconds, Stopping threads took: 0.0000274 seconds
153.583: [GC (Allocation Failure)  811189K->491637K(1033728K), 0.0045969 secs]
153.588: Total time for which application threads were stopped: 0.0047389 seconds, Stopping threads took: 0.0000273 seconds
153.650: [GC (Allocation Failure)  811125K->491725K(1033728K), 0.0045728 secs]
153.654: Total time for which application threads were stopped: 0.0047270 seconds, Stopping threads took: 0.0000266 seconds
153.717: [GC (Allocation Failure)  811213K->499696K(1027072K), 0.0047236 secs]
153.722: Total time for which application threads were stopped: 0.0048655 seconds, Stopping threads took: 0.0000189 seconds
153.784: [GC (Allocation Failure)  819183K->495757K(1034240K), 0.0036802 secs]
153.788: Total time for which application threads were stopped: 0.0038113 seconds, Stopping threads took: 0.0000187 seconds
153.851: [GC (Allocation Failure)  815245K->499848K(1033216K), 0.0046730 secs]
153.856: Total time for which application threads were stopped: 0.0048262 seconds, Stopping threads took: 0.0000234 seconds
153.921: [GC (Allocation Failure)  819336K->503784K(1034752K), 0.0043785 secs]
153.926: Total time for which application threads were stopped: 0.0045148 seconds, Stopping threads took: 0.0000245 seconds
153.989: [GC (Allocation Failure)  825320K->497029K(1034752K), 0.0021753 secs]
153.991: Total time for which application threads were stopped: 0.0023228 seconds, Stopping threads took: 0.0000196 seconds
154.056: [GC (Allocation Failure)  818565K->503880K(1034752K), 0.0079231 secs]
154.064: Total time for which application threads were stopped: 0.0080676 seconds, Stopping threads took: 0.0000264 seconds
154.128: [GC (Allocation Failure)  825416K->507960K(1034752K), 0.0055093 secs]
154.134: Total time for which application threads were stopped: 0.0056703 seconds, Stopping threads took: 0.0000196 seconds
154.199: [GC (Allocation Failure)  829496K->502421K(1034752K), 0.0029084 secs]
154.202: Total time for which application threads were stopped: 0.0030606 seconds, Stopping threads took: 0.0000203 seconds
154.270: [GC (Allocation Failure)  823957K->508232K(1034752K), 0.0045692 secs]
154.275: Total time for which application threads were stopped: 0.0047311 seconds, Stopping threads took: 0.0000230 seconds
154.339: [GC (Allocation Failure)  829768K->512104K(1034752K), 0.0050506 secs]
154.345: Total time for which application threads were stopped: 0.0052160 seconds, Stopping threads took: 0.0000194 seconds
154.408: [GC (Allocation Failure)  834592K->508229K(1035264K), 0.0035139 secs]
154.412: Total time for which application threads were stopped: 0.0036915 seconds, Stopping threads took: 0.0000195 seconds
154.479: [GC (Allocation Failure)  830789K->512200K(1036288K), 0.0053728 secs]
154.485: Total time for which application threads were stopped: 0.0055600 seconds, Stopping threads took: 0.0000282 seconds
154.548: [GC (Allocation Failure)  836296K->516200K(1035776K), 0.0044791 secs]
154.553: Total time for which application threads were stopped: 0.0046189 seconds, Stopping threads took: 0.0000210 seconds
154.617: [GC (Allocation Failure)  840296K->516264K(1035776K), 0.0046850 secs]
154.622: Total time for which application threads were stopped: 0.0048268 seconds, Stopping threads took: 0.0000188 seconds
154.685: [GC (Allocation Failure)  839848K->516296K(1023488K), 0.0046690 secs]
154.690: Total time for which application threads were stopped: 0.0048143 seconds, Stopping threads took: 0.0000194 seconds
154.754: [GC (Allocation Failure)  839880K->524298K(1035264K), 0.0047140 secs]
154.759: Total time for which application threads were stopped: 0.0048487 seconds, Stopping threads took: 0.0000196 seconds
154.823: [GC (Allocation Failure)  846858K->524266K(1030144K), 0.0043900 secs]
154.827: Total time for which application threads were stopped: 0.0045333 seconds, Stopping threads took: 0.0000206 seconds
154.893: [GC (Allocation Failure)  846826K->524330K(1034752K), 0.0046068 secs]
154.897: Total time for which application threads were stopped: 0.0047510 seconds, Stopping threads took: 0.0000272 seconds
154.962: [GC (Allocation Failure)  845866K->532300K(1034752K), 0.0047830 secs]
154.967: Total time for which application threads were stopped: 0.0049265 seconds, Stopping threads took: 0.0000202 seconds
155.030: [GC (Allocation Failure)  853836K->532300K(1033728K), 0.0043541 secs]
155.035: Total time for which application threads were stopped: 0.0044959 seconds, Stopping threads took: 0.0000195 seconds
155.101: [GC (Allocation Failure)  852812K->532556K(1034240K), 0.0047088 secs]
155.106: Total time for which application threads were stopped: 0.0048549 seconds, Stopping threads took: 0.0000175 seconds
155.173: [GC (Allocation Failure)  853068K->540335K(1034240K), 0.0046144 secs]
155.178: Total time for which application threads were stopped: 0.0047908 seconds, Stopping threads took: 0.0000202 seconds
155.245: [GC (Allocation Failure)  860847K->540367K(1034240K), 0.0047663 secs]
155.250: Total time for which application threads were stopped: 0.0049372 seconds, Stopping threads took: 0.0000178 seconds
155.315: [GC (Allocation Failure)  860879K->540783K(1033216K), 0.0048366 secs]
155.320: Total time for which application threads were stopped: 0.0049783 seconds, Stopping threads took: 0.0000194 seconds
155.385: [GC (Allocation Failure)  860271K->548369K(1033728K), 0.0045807 secs]
155.390: Total time for which application threads were stopped: 0.0047472 seconds, Stopping threads took: 0.0000277 seconds
155.455: [GC (Allocation Failure)  867857K->548337K(1033728K), 0.0045469 secs]
155.460: Total time for which application threads were stopped: 0.0047032 seconds, Stopping threads took: 0.0000196 seconds
155.523: [GC (Allocation Failure)  867825K->548521K(1033728K), 0.0047363 secs]
155.528: Total time for which application threads were stopped: 0.0048772 seconds, Stopping threads took: 0.0000179 seconds
155.592: [GC (Allocation Failure)  868009K->556395K(1033728K), 0.0046431 secs]
155.597: Total time for which application threads were stopped: 0.0047977 seconds, Stopping threads took: 0.0000275 seconds
155.661: [GC (Allocation Failure)  875883K->556395K(1033728K), 0.0048404 secs]
155.666: Total time for which application threads were stopped: 0.0050096 seconds, Stopping threads took: 0.0000191 seconds
155.730: [GC (Allocation Failure)  875883K->556459K(1033728K), 0.0047134 secs]
155.735: Total time for which application threads were stopped: 0.0048649 seconds, Stopping threads took: 0.0000195 seconds
155.800: [GC (Allocation Failure)  875947K->564429K(1027072K), 0.0046523 secs]
155.804: Total time for which application threads were stopped: 0.0047759 seconds, Stopping threads took: 0.0000160 seconds
155.866: [GC (Allocation Failure)  883917K->560523K(1034240K), 0.0038327 secs]
155.870: Total time for which application threads were stopped: 0.0039745 seconds, Stopping threads took: 0.0000192 seconds
155.935: [GC (Allocation Failure)  880011K->564589K(1033216K), 0.0063133 secs]
155.942: Total time for which application threads were stopped: 0.0064563 seconds, Stopping threads took: 0.0000257 seconds
156.005: [GC (Allocation Failure)  884077K->568525K(1034752K), 0.0048088 secs]
156.010: Total time for which application threads were stopped: 0.0049568 seconds, Stopping threads took: 0.0000184 seconds
156.075: [GC (Allocation Failure)  890061K->561771K(1034752K), 0.0023077 secs]
156.077: Total time for which application threads were stopped: 0.0024462 seconds, Stopping threads took: 0.0000182 seconds
156.144: [GC (Allocation Failure)  883307K->568589K(1034752K), 0.0047057 secs]
156.149: Total time for which application threads were stopped: 0.0048808 seconds, Stopping threads took: 0.0000213 seconds
156.214: [GC (Allocation Failure)  890125K->572701K(1034752K), 0.0056089 secs]
156.220: Total time for which application threads were stopped: 0.0057882 seconds, Stopping threads took: 0.0000203 seconds
156.285: [GC (Allocation Failure)  894237K->567163K(1034752K), 0.0028523 secs]
156.288: Total time for which application threads were stopped: 0.0029954 seconds, Stopping threads took: 0.0000203 seconds
156.354: [GC (Allocation Failure)  888699K->573005K(1034752K), 0.0047284 secs]
156.358: Total time for which application threads were stopped: 0.0048850 seconds, Stopping threads took: 0.0000202 seconds
156.425: [GC (Allocation Failure)  894541K->576845K(1034752K), 0.0050195 secs]
156.430: Total time for which application threads were stopped: 0.0051743 seconds, Stopping threads took: 0.0000279 seconds
156.493: [GC (Allocation Failure)  899334K->572939K(1035264K), 0.0036338 secs]
156.497: Total time for which application threads were stopped: 0.0037659 seconds, Stopping threads took: 0.0000191 seconds
156.561: [GC (Allocation Failure)  895499K->576973K(1036288K), 0.0047350 secs]
156.566: Total time for which application threads were stopped: 0.0049113 seconds, Stopping threads took: 0.0000196 seconds
156.631: [GC (Allocation Failure)  901069K->580973K(1035776K), 0.0047169 secs]
156.636: Total time for which application threads were stopped: 0.0048474 seconds, Stopping threads took: 0.0000182 seconds
156.702: [GC (Allocation Failure)  905069K->580973K(1035776K), 0.0045316 secs]
156.707: Total time for which application threads were stopped: 0.0046652 seconds, Stopping threads took: 0.0000184 seconds
156.771: [GC (Allocation Failure)  904557K->581037K(1023488K), 0.0047545 secs]
156.775: Total time for which application threads were stopped: 0.0048984 seconds, Stopping threads took: 0.0000188 seconds
156.838: [GC (Allocation Failure)  904621K->589040K(1035264K), 0.0046603 secs]
156.842: Total time for which application threads were stopped: 0.0048221 seconds, Stopping threads took: 0.0000247 seconds
156.906: [GC (Allocation Failure)  911600K->589008K(1030144K), 0.0044416 secs]
156.911: Total time for which application threads were stopped: 0.0045756 seconds, Stopping threads took: 0.0000192 seconds
156.975: [GC (Allocation Failure)  911568K->589064K(1034752K), 0.0046211 secs]
156.979: Total time for which application threads were stopped: 0.0047597 seconds, Stopping threads took: 0.0000202 seconds
157.043: [GC (Allocation Failure)  910600K->597034K(1034752K), 0.0057111 secs]
157.049: Total time for which application threads were stopped: 0.0058878 seconds, Stopping threads took: 0.0000251 seconds
157.114: [GC (Allocation Failure)  918570K->597034K(1033728K), 0.0046885 secs]
157.119: Total time for which application threads were stopped: 0.0048600 seconds, Stopping threads took: 0.0000204 seconds
157.184: [GC (Allocation Failure)  917546K->597290K(1034240K), 0.0048082 secs]
157.188: Total time for which application threads were stopped: 0.0049526 seconds, Stopping threads took: 0.0000167 seconds
157.254: [GC (Allocation Failure)  917802K->605068K(1034240K), 0.0046674 secs]
157.259: Total time for which application threads were stopped: 0.0048161 seconds, Stopping threads took: 0.0000281 seconds
157.323: [GC (Allocation Failure)  925580K->605068K(1034240K), 0.0048347 secs]
157.328: Total time for which application threads were stopped: 0.0049759 seconds, Stopping threads took: 0.0000199 seconds
157.392: [GC (Allocation Failure)  925580K->605516K(1033216K), 0.0047177 secs]
157.397: Total time for which application threads were stopped: 0.0048522 seconds, Stopping threads took: 0.0000245 seconds
157.461: [GC (Allocation Failure)  925004K->613102K(1033728K), 0.0047487 secs]
157.466: Total time for which application threads were stopped: 0.0048759 seconds, Stopping threads took: 0.0000251 seconds
157.531: [GC (Allocation Failure)  932590K->613134K(1033728K), 0.0046259 secs]
157.535: Total time for which application threads were stopped: 0.0047657 seconds, Stopping threads took: 0.0000192 seconds
157.596: [GC (Allocation Failure)  932622K->613262K(1033728K), 0.0048039 secs]
157.601: Total time for which application threads were stopped: 0.0049397 seconds, Stopping threads took: 0.0000182 seconds
157.665: [GC (Allocation Failure)  932750K->621137K(1033728K), 0.0047157 secs]
157.669: Total time for which application threads were stopped: 0.0048501 seconds, Stopping threads took: 0.0000191 seconds
157.732: [GC (Allocation Failure)  940625K->621137K(1033728K), 0.0047984 secs]
157.737: Total time for which application threads were stopped: 0.0049715 seconds, Stopping threads took: 0.0000241 seconds
157.802: [GC (Allocation Failure)  940625K->621193K(1033728K), 0.0047607 secs]
157.807: Total time for which application threads were stopped: 0.0049107 seconds, Stopping threads took: 0.0000187 seconds
157.872: [GC (Allocation Failure)  940681K->629163K(1027072K), 0.0050002 secs]
157.877: Total time for which application threads were stopped: 0.0051378 seconds, Stopping threads took: 0.0000186 seconds
157.938: [GC (Allocation Failure)  948650K->625257K(1034240K), 0.0040098 secs]
157.942: Total time for which application threads were stopped: 0.0041773 seconds, Stopping threads took: 0.0000388 seconds
158.007: [GC (Allocation Failure)  944745K->629315K(1033216K), 0.0048828 secs]
158.012: Total time for which application threads were stopped: 0.0050247 seconds, Stopping threads took: 0.0000274 seconds
158.078: [GC (Allocation Failure)  948803K->633315K(1034752K), 0.0049887 secs]
158.083: Total time for which application threads were stopped: 0.0051438 seconds, Stopping threads took: 0.0000195 seconds
158.147: [GC (Allocation Failure)  954851K->626497K(1034752K), 0.0023735 secs]
158.149: Total time for which application threads were stopped: 0.0025022 seconds, Stopping threads took: 0.0000195 seconds
158.215: [GC (Allocation Failure)  948033K->633355K(1034752K), 0.0048056 secs]
158.220: Total time for which application threads were stopped: 0.0049531 seconds, Stopping threads took: 0.0000194 seconds
158.284: [GC (Allocation Failure)  954891K->637403K(1034752K), 0.0057764 secs]
158.290: Total time for which application threads were stopped: 0.0059266 seconds, Stopping threads took: 0.0000202 seconds
158.354: [GC (Allocation Failure)  958939K->631897K(1034752K), 0.0031987 secs]
158.357: Total time for which application threads were stopped: 0.0033493 seconds, Stopping threads took: 0.0000274 seconds
158.422: [GC (Allocation Failure)  953433K->637707K(1034752K), 0.0048681 secs]
158.427: Total time for which application threads were stopped: 0.0050156 seconds, Stopping threads took: 0.0000194 seconds
158.492: [GC (Allocation Failure)  959243K->641579K(1034752K), 0.0052721 secs]
158.498: Total time for which application threads were stopped: 0.0054203 seconds, Stopping threads took: 0.0000199 seconds
158.563: [GC (Allocation Failure)  964067K->637673K(1035264K), 0.0038504 secs]
158.566: Total time for which application threads were stopped: 0.0039848 seconds, Stopping threads took: 0.0000204 seconds
158.631: [GC (Allocation Failure)  960233K->641739K(1036288K), 0.0048111 secs]
158.636: Total time for which application threads were stopped: 0.0049620 seconds, Stopping threads took: 0.0000207 seconds
158.702: [GC (Allocation Failure)  965835K->645707K(1035776K), 0.0047950 secs]
158.706: Total time for which application threads were stopped: 0.0049437 seconds, Stopping threads took: 0.0000188 seconds
158.773: [GC (Allocation Failure)  969803K->645739K(1035776K), 0.0046298 secs]
158.778: Total time for which application threads were stopped: 0.0047627 seconds, Stopping threads took: 0.0000161 seconds
158.841: [GC (Allocation Failure)  969323K->645771K(1023488K), 0.0049603 secs]
158.846: Total time for which application threads were stopped: 0.0051022 seconds, Stopping threads took: 0.0000191 seconds
158.910: [GC (Allocation Failure)  969355K->653773K(1035264K), 0.0050069 secs]
158.915: Total time for which application threads were stopped: 0.0051492 seconds, Stopping threads took: 0.0000276 seconds
158.978: [GC (Allocation Failure)  976333K->653773K(1030144K), 0.0049621 secs]
158.983: Total time for which application threads were stopped: 0.0051897 seconds, Stopping threads took: 0.0000545 seconds
159.048: [GC (Allocation Failure)  976333K->653773K(1034752K), 0.0057733 secs]
159.054: Total time for which application threads were stopped: 0.0059118 seconds, Stopping threads took: 0.0000252 seconds
159.120: [GC (Allocation Failure)  975309K->661775K(1029120K), 0.0049802 secs]
159.125: Total time for which application threads were stopped: 0.0051186 seconds, Stopping threads took: 0.0000171 seconds
159.191: [GC (Allocation Failure)  983311K->661743K(1034240K), 0.0046695 secs]
159.196: Total time for which application threads were stopped: 0.0048216 seconds, Stopping threads took: 0.0000195 seconds
159.259: [GC (Allocation Failure)  982255K->662023K(1034240K), 0.0049640 secs]
159.264: Total time for which application threads were stopped: 0.0051126 seconds, Stopping threads took: 0.0000275 seconds
159.329: [GC (Allocation Failure)  982535K->669834K(1034240K), 0.0046948 secs]
159.333: Total time for which application threads were stopped: 0.0048319 seconds, Stopping threads took: 0.0000195 seconds
159.397: [GC (Allocation Failure)  990346K->669802K(1034240K), 0.0048249 secs]
159.402: Total time for which application threads were stopped: 0.0049699 seconds, Stopping threads took: 0.0000279 seconds
159.464: [GC (Allocation Failure)  990314K->670250K(1033216K), 0.0049985 secs]
159.469: Total time for which application threads were stopped: 0.0051357 seconds, Stopping threads took: 0.0000189 seconds
159.532: [GC (Allocation Failure)  989738K->677836K(1033728K), 0.0048175 secs]
159.537: Total time for which application threads were stopped: 0.0049676 seconds, Stopping threads took: 0.0000189 seconds
159.602: [GC (Allocation Failure)  997324K->677836K(1033728K), 0.0046883 secs]
159.606: Total time for which application threads were stopped: 0.0048107 seconds, Stopping threads took: 0.0000171 seconds
159.667: [GC (Allocation Failure)  997324K->677996K(1033728K), 0.0049424 secs]
159.672: Total time for which application threads were stopped: 0.0050861 seconds, Stopping threads took: 0.0000183 seconds
159.735: [GC (Allocation Failure)  997484K->685870K(1033728K), 0.0048023 secs]
159.740: Total time for which application threads were stopped: 0.0049397 seconds, Stopping threads took: 0.0000190 seconds
159.802: [GC (Allocation Failure)  1005358K->685870K(1033728K), 0.0050146 secs]
159.807: Total time for which application threads were stopped: 0.0051744 seconds, Stopping threads took: 0.0000197 seconds
159.870: [GC (Allocation Failure)  1005358K->685894K(1033728K), 0.0084457 secs]
159.878: [Full GC (Ergonomics)  685894K->8540K(1033728K), 0.0125892 secs]
159.891: Total time for which application threads were stopped: 0.0212468 seconds, Stopping threads took: 0.0000185 seconds
159.954: [GC (Allocation Failure)  328028K->16735K(1027584K), 0.0035367 secs]
159.957: Total time for which application threads were stopped: 0.0036602 seconds, Stopping threads took: 0.0000190 seconds
160.021: [GC (Allocation Failure)  336222K->12804K(1034240K), 0.0027306 secs]
160.024: Total time for which application threads were stopped: 0.0028454 seconds, Stopping threads took: 0.0000159 seconds
160.089: [GC (Allocation Failure)  332292K->16879K(1033216K), 0.0036501 secs]
160.093: Total time for which application threads were stopped: 0.0037898 seconds, Stopping threads took: 0.0000268 seconds
160.157: [GC (Allocation Failure)  336367K->20847K(1034752K), 0.0035559 secs]
160.160: Total time for which application threads were stopped: 0.0036895 seconds, Stopping threads took: 0.0000195 seconds
160.223: [GC (Allocation Failure)  342383K->14092K(1034752K), 0.0011974 secs]
160.224: Total time for which application threads were stopped: 0.0013525 seconds, Stopping threads took: 0.0000240 seconds
160.288: [GC (Allocation Failure)  335628K->20887K(1034752K), 0.0034838 secs]
160.291: Total time for which application threads were stopped: 0.0036227 seconds, Stopping threads took: 0.0000187 seconds
160.355: [GC (Allocation Failure)  342423K->25023K(1034752K), 0.0045212 secs]
160.359: Total time for which application threads were stopped: 0.0046479 seconds, Stopping threads took: 0.0000174 seconds
160.422: [GC (Allocation Failure)  346559K->19452K(1034752K), 0.0017851 secs]
160.424: Total time for which application threads were stopped: 0.0019308 seconds, Stopping threads took: 0.0000250 seconds
160.487: [GC (Allocation Failure)  340988K->25263K(1034752K), 0.0035937 secs]
160.490: Total time for which application threads were stopped: 0.0037326 seconds, Stopping threads took: 0.0000200 seconds
160.553: [GC (Allocation Failure)  346799K->29135K(1035264K), 0.0038021 secs]
160.557: Total time for which application threads were stopped: 0.0039247 seconds, Stopping threads took: 0.0000182 seconds
160.622: [GC (Allocation Failure)  351623K->25228K(1035264K), 0.0025430 secs]
160.625: Total time for which application threads were stopped: 0.0026612 seconds, Stopping threads took: 0.0000168 seconds
160.689: [GC (Allocation Failure)  347788K->29295K(1036288K), 0.0036793 secs]
160.693: Total time for which application threads were stopped: 0.0038077 seconds, Stopping threads took: 0.0000179 seconds
160.760: [GC (Allocation Failure)  353391K->33263K(1035776K), 0.0035524 secs]
160.763: Total time for which application threads were stopped: 0.0036796 seconds, Stopping threads took: 0.0000187 seconds
160.828: [GC (Allocation Failure)  357359K->33263K(1035776K), 0.0035371 secs]
160.831: Total time for which application threads were stopped: 0.0036655 seconds, Stopping threads took: 0.0000179 seconds
160.897: [GC (Allocation Failure)  356847K->33319K(1023488K), 0.0034613 secs]
160.901: Total time for which application threads were stopped: 0.0035933 seconds, Stopping threads took: 0.0000260 seconds
160.964: [GC (Allocation Failure)  356903K->41321K(1035264K), 0.0036912 secs]
160.968: Total time for which application threads were stopped: 0.0038230 seconds, Stopping threads took: 0.0000190 seconds
161.034: [GC (Allocation Failure)  363881K->41257K(1030144K), 0.0033413 secs]
161.037: Total time for which application threads were stopped: 0.0034842 seconds, Stopping threads took: 0.0000280 seconds
161.102: [GC (Allocation Failure)  363817K->41353K(1034752K), 0.0035006 secs]
161.105: Total time for which application threads were stopped: 0.0036322 seconds, Stopping threads took: 0.0000191 seconds
161.169: [GC (Allocation Failure)  362889K->49323K(1034752K), 0.0036773 secs]
161.173: Total time for which application threads were stopped: 0.0038186 seconds, Stopping threads took: 0.0000189 seconds
161.237: [GC (Allocation Failure)  370859K->49323K(1033728K), 0.0034777 secs]
161.240: Total time for which application threads were stopped: 0.0036231 seconds, Stopping threads took: 0.0000195 seconds
161.304: [GC (Allocation Failure)  369835K->49579K(1034240K), 0.0036305 secs]
161.307: Total time for which application threads were stopped: 0.0037815 seconds, Stopping threads took: 0.0000243 seconds
161.371: [GC (Allocation Failure)  370091K->57389K(1034240K), 0.0035275 secs]
161.375: Total time for which application threads were stopped: 0.0036664 seconds, Stopping threads took: 0.0000185 seconds
161.442: [GC (Allocation Failure)  377901K->57357K(1034240K), 0.0034833 secs]
161.445: Total time for which application threads were stopped: 0.0036293 seconds, Stopping threads took: 0.0000168 seconds
161.509: [GC (Allocation Failure)  377869K->57797K(1033216K), 0.0038361 secs]
161.513: Total time for which application threads were stopped: 0.0039846 seconds, Stopping threads took: 0.0000245 seconds
161.578: [GC (Allocation Failure)  377285K->65416K(1033728K), 0.0037551 secs]
161.582: Total time for which application threads were stopped: 0.0039121 seconds, Stopping threads took: 0.0000238 seconds
161.645: [GC (Allocation Failure)  384904K->65384K(1033728K), 0.0036490 secs]
161.649: Total time for which application threads were stopped: 0.0037985 seconds, Stopping threads took: 0.0000275 seconds
161.709: [GC (Allocation Failure)  384872K->65544K(1033728K), 0.0035226 secs]
161.713: Total time for which application threads were stopped: 0.0036967 seconds, Stopping threads took: 0.0000237 seconds
161.778: [GC (Allocation Failure)  385032K->73386K(1033728K), 0.0035182 secs]
161.782: Total time for which application threads were stopped: 0.0036466 seconds, Stopping threads took: 0.0000153 seconds
161.848: [GC (Allocation Failure)  392874K->73418K(1033728K), 0.0037524 secs]
161.852: Total time for which application threads were stopped: 0.0039110 seconds, Stopping threads took: 0.0000198 seconds
161.916: [GC (Allocation Failure)  392906K->73482K(1033728K), 0.0036629 secs]
161.920: Total time for which application threads were stopped: 0.0037878 seconds, Stopping threads took: 0.0000175 seconds
161.982: [GC (Allocation Failure)  392970K->81452K(1027072K), 0.0039093 secs]
161.986: Total time for which application threads were stopped: 0.0040514 seconds, Stopping threads took: 0.0000235 seconds
162.050: [GC (Allocation Failure)  400940K->77546K(1034240K), 0.0037124 secs]
162.053: Total time for which application threads were stopped: 0.0038527 seconds, Stopping threads took: 0.0000255 seconds
162.118: [GC (Allocation Failure)  397034K->81612K(1033216K), 0.0036244 secs]
162.122: Total time for which application threads were stopped: 0.0037580 seconds, Stopping threads took: 0.0000199 seconds
162.186: [GC (Allocation Failure)  401100K->85580K(1034752K), 0.0035926 secs]
162.189: Total time for which application threads were stopped: 0.0037244 seconds, Stopping threads took: 0.0000182 seconds
162.252: [GC (Allocation Failure)  407116K->78794K(1034752K), 0.0013765 secs]
162.253: Total time for which application threads were stopped: 0.0015343 seconds, Stopping threads took: 0.0000211 seconds
162.317: [GC (Allocation Failure)  400330K->85612K(1034752K), 0.0036470 secs]
162.320: Total time for which application threads were stopped: 0.0037860 seconds, Stopping threads took: 0.0000207 seconds
162.382: [GC (Allocation Failure)  407148K->89724K(1034752K), 0.0044491 secs]
162.387: Total time for which application threads were stopped: 0.0045802 seconds, Stopping threads took: 0.0000248 seconds
162.449: [GC (Allocation Failure)  411260K->84186K(1034752K), 0.0017977 secs]
162.451: Total time for which application threads were stopped: 0.0019336 seconds, Stopping threads took: 0.0000270 seconds
162.514: [GC (Allocation Failure)  405722K->90028K(1034752K), 0.0036938 secs]
162.517: Total time for which application threads were stopped: 0.0038193 seconds, Stopping threads took: 0.0000177 seconds
162.580: [GC (Allocation Failure)  411564K->93868K(1034752K), 0.0040046 secs]
162.584: Total time for which application threads were stopped: 0.0041370 seconds, Stopping threads took: 0.0000202 seconds
162.648: [GC (Allocation Failure)  416356K->89962K(1035264K), 0.0026562 secs]
162.651: Total time for which application threads were stopped: 0.0027880 seconds, Stopping threads took: 0.0000181 seconds
162.717: [GC (Allocation Failure)  412522K->94028K(1036288K), 0.0036752 secs]
162.721: Total time for which application threads were stopped: 0.0037930 seconds, Stopping threads took: 0.0000153 seconds
162.784: [GC (Allocation Failure)  418124K->97996K(1035776K), 0.0036953 secs]
162.788: Total time for which application threads were stopped: 0.0038484 seconds, Stopping threads took: 0.0000180 seconds
162.853: [GC (Allocation Failure)  422092K->97996K(1035776K), 0.0036329 secs]
162.856: Total time for which application threads were stopped: 0.0037649 seconds, Stopping threads took: 0.0000192 seconds
162.921: [GC (Allocation Failure)  421580K->98060K(1023488K), 0.0037745 secs]
162.925: Total time for which application threads were stopped: 0.0039026 seconds, Stopping threads took: 0.0000182 seconds
162.989: [GC (Allocation Failure)  421644K->106094K(1035264K), 0.0037289 secs]
162.993: Total time for which application threads were stopped: 0.0038644 seconds, Stopping threads took: 0.0000185 seconds
163.057: [GC (Allocation Failure)  428654K->105998K(1030144K), 0.0053724 secs]
163.063: Total time for which application threads were stopped: 0.0055015 seconds, Stopping threads took: 0.0000239 seconds
163.126: [GC (Allocation Failure)  428558K->106086K(1034752K), 0.0038071 secs]
163.130: Total time for which application threads were stopped: 0.0039383 seconds, Stopping threads took: 0.0000188 seconds
163.194: [GC (Allocation Failure)  427622K->114057K(1034752K), 0.0037946 secs]
163.198: Total time for which application threads were stopped: 0.0039633 seconds, Stopping threads took: 0.0000256 seconds
163.264: [GC (Allocation Failure)  435593K->114057K(1033728K), 0.0035304 secs]
163.267: Total time for which application threads were stopped: 0.0036559 seconds, Stopping threads took: 0.0000177 seconds
163.332: [GC (Allocation Failure)  434569K->114313K(1034240K), 0.0037270 secs]
163.336: Total time for which application threads were stopped: 0.0038519 seconds, Stopping threads took: 0.0000182 seconds
163.400: [GC (Allocation Failure)  434825K->122091K(1034240K), 0.0036014 secs]
163.404: Total time for which application threads were stopped: 0.0037371 seconds, Stopping threads took: 0.0000261 seconds
163.468: [GC (Allocation Failure)  442603K->122059K(1034240K), 0.0037387 secs]
163.472: Total time for which application threads were stopped: 0.0038829 seconds, Stopping threads took: 0.0000187 seconds
163.537: [GC (Allocation Failure)  442571K->122539K(1034240K), 0.0037318 secs]
163.541: Total time for which application threads were stopped: 0.0038611 seconds, Stopping threads took: 0.0000184 seconds
163.605: [GC (Allocation Failure)  443051K->130125K(1028096K), 0.0037604 secs]
163.609: Total time for which application threads were stopped: 0.0039105 seconds, Stopping threads took: 0.0000274 seconds
163.671: [GC (Allocation Failure)  450637K->130125K(1033728K), 0.0037947 secs]
163.675: Total time for which application threads were stopped: 0.0039279 seconds, Stopping threads took: 0.0000190 seconds
163.736: [GC (Allocation Failure)  449613K->130277K(1033728K), 0.0038833 secs]
163.740: Total time for which application threads were stopped: 0.0040158 seconds, Stopping threads took: 0.0000183 seconds
163.805: [GC (Allocation Failure)  449765K->138151K(1033728K), 0.0036543 secs]
163.809: Total time for which application threads were stopped: 0.0037931 seconds, Stopping threads took: 0.0000187 seconds
163.873: [GC (Allocation Failure)  457639K->138151K(1033728K), 0.0036370 secs]
163.876: Total time for which application threads were stopped: 0.0037856 seconds, Stopping threads took: 0.0000240 seconds
163.939: [GC (Allocation Failure)  457639K->138215K(1033728K), 0.0036338 secs]
163.943: Total time for which application threads were stopped: 0.0037739 seconds, Stopping threads took: 0.0000271 seconds
164.005: [GC (Allocation Failure)  457703K->146186K(1027072K), 0.0090335 secs]
164.014: Total time for which application threads were stopped: 0.0091645 seconds, Stopping threads took: 0.0000185 seconds
164.077: [GC (Allocation Failure)  465673K->142279K(1034240K), 0.0029775 secs]
164.080: Total time for which application threads were stopped: 0.0030972 seconds, Stopping threads took: 0.0000155 seconds
164.145: [GC (Allocation Failure)  461767K->146346K(1033216K), 0.0038618 secs]
164.149: Total time for which application threads were stopped: 0.0040045 seconds, Stopping threads took: 0.0000275 seconds
164.213: [GC (Allocation Failure)  465834K->150314K(1034752K), 0.0038039 secs]
164.217: Total time for which application threads were stopped: 0.0039497 seconds, Stopping threads took: 0.0000242 seconds
164.279: [GC (Allocation Failure)  471850K->143527K(1034752K), 0.0014271 secs]
164.281: Total time for which application threads were stopped: 0.0015895 seconds, Stopping threads took: 0.0000237 seconds
164.346: [GC (Allocation Failure)  465063K->150386K(1034752K), 0.0038439 secs]
164.350: Total time for which application threads were stopped: 0.0039813 seconds, Stopping threads took: 0.0000212 seconds
164.412: [GC (Allocation Failure)  471922K->154466K(1034752K), 0.0046764 secs]
164.416: Total time for which application threads were stopped: 0.0048925 seconds, Stopping threads took: 0.0000188 seconds
164.479: [GC (Allocation Failure)  476002K->148927K(1034752K), 0.0019059 secs]
164.481: Total time for which application threads were stopped: 0.0020462 seconds, Stopping threads took: 0.0000242 seconds
164.546: [GC (Allocation Failure)  470463K->154706K(1034752K), 0.0038635 secs]
164.550: Total time for which application threads were stopped: 0.0039815 seconds, Stopping threads took: 0.0000156 seconds
164.615: [GC (Allocation Failure)  476242K->158610K(1034752K), 0.0041952 secs]
164.619: Total time for which application threads were stopped: 0.0043322 seconds, Stopping threads took: 0.0000182 seconds
164.684: [GC (Allocation Failure)  481098K->154703K(1035264K), 0.0027492 secs]
164.687: Total time for which application threads were stopped: 0.0028769 seconds, Stopping threads took: 0.0000193 seconds
164.751: [GC (Allocation Failure)  477263K->158762K(1036288K), 0.0039315 secs]
164.755: Total time for which application threads were stopped: 0.0040597 seconds, Stopping threads took: 0.0000185 seconds
164.818: [GC (Allocation Failure)  482858K->162698K(1035776K), 0.0038063 secs]
164.822: Total time for which application threads were stopped: 0.0039351 seconds, Stopping threads took: 0.0000179 seconds
164.887: [GC (Allocation Failure)  486794K->162698K(1035776K), 0.0035988 secs]
164.891: Total time for which application threads were stopped: 0.0037261 seconds, Stopping threads took: 0.0000184 seconds
164.955: [GC (Allocation Failure)  486282K->162794K(1023488K), 0.0037459 secs]
164.959: Total time for which application threads were stopped: 0.0038686 seconds, Stopping threads took: 0.0000189 seconds
165.023: [GC (Allocation Failure)  486378K->170796K(1035264K), 0.0038453 secs]
165.027: Total time for which application threads were stopped: 0.0039794 seconds, Stopping threads took: 0.0000182 seconds
165.094: [GC (Allocation Failure)  493356K->170796K(1030144K), 0.0036926 secs]
165.098: Total time for which application threads were stopped: 0.0038119 seconds, Stopping threads took: 0.0000156 seconds
165.163: [GC (Allocation Failure)  493356K->170828K(1034752K), 0.0039020 secs]
165.167: Total time for which application threads were stopped: 0.0040329 seconds, Stopping threads took: 0.0000193 seconds
165.232: [GC (Allocation Failure)  492364K->178798K(1034752K), 0.0040639 secs]
165.236: Total time for which application threads were stopped: 0.0041894 seconds, Stopping threads took: 0.0000183 seconds
165.301: [GC (Allocation Failure)  500334K->178798K(1033728K), 0.0036321 secs]
165.304: Total time for which application threads were stopped: 0.0037562 seconds, Stopping threads took: 0.0000179 seconds
165.368: [GC (Allocation Failure)  499310K->179046K(1034240K), 0.0039465 secs]
165.372: Total time for which application threads were stopped: 0.0040805 seconds, Stopping threads took: 0.0000237 seconds
165.436: [GC (Allocation Failure)  499558K->186825K(1034240K), 0.0039769 secs]
165.440: Total time for which application threads were stopped: 0.0040937 seconds, Stopping threads took: 0.0000186 seconds
165.505: [GC (Allocation Failure)  507337K->186857K(1034240K), 0.0039170 secs]
165.509: Total time for which application threads were stopped: 0.0040357 seconds, Stopping threads took: 0.0000165 seconds
165.574: [GC (Allocation Failure)  507369K->187273K(1033216K), 0.0039668 secs]
165.578: Total time for which application threads were stopped: 0.0040990 seconds, Stopping threads took: 0.0000190 seconds
165.643: [GC (Allocation Failure)  506761K->194859K(1033728K), 0.0040006 secs]
165.647: Total time for which application threads were stopped: 0.0041308 seconds, Stopping threads took: 0.0000187 seconds
165.711: [GC (Allocation Failure)  514347K->194827K(1033728K), 0.0038373 secs]
165.715: Total time for which application threads were stopped: 0.0039662 seconds, Stopping threads took: 0.0000183 seconds
165.776: [GC (Allocation Failure)  514315K->195011K(1033728K), 0.0041143 secs]
165.780: Total time for which application threads were stopped: 0.0042707 seconds, Stopping threads took: 0.0000228 seconds
165.844: [GC (Allocation Failure)  514499K->202885K(1033728K), 0.0037759 secs]
165.848: Total time for which application threads were stopped: 0.0039239 seconds, Stopping threads took: 0.0000189 seconds
165.913: [GC (Allocation Failure)  522373K->202885K(1033728K), 0.0038552 secs]
165.917: Total time for which application threads were stopped: 0.0039890 seconds, Stopping threads took: 0.0000165 seconds
165.981: [GC (Allocation Failure)  522373K->202949K(1033728K), 0.0040123 secs]
165.985: Total time for which application threads were stopped: 0.0041390 seconds, Stopping threads took: 0.0000149 seconds
166.048: [GC (Allocation Failure)  522437K->210887K(1027072K), 0.0047796 secs]
166.053: Total time for which application threads were stopped: 0.0049428 seconds, Stopping threads took: 0.0000257 seconds
166.116: [GC (Allocation Failure)  530375K->207013K(1034240K), 0.0030616 secs]
166.119: Total time for which application threads were stopped: 0.0031985 seconds, Stopping threads took: 0.0000207 seconds
166.185: [GC (Allocation Failure)  526501K->211047K(1033216K), 0.0041205 secs]
166.189: Total time for which application threads were stopped: 0.0042669 seconds, Stopping threads took: 0.0000286 seconds
166.254: [GC (Allocation Failure)  530535K->215079K(1034752K), 0.0038229 secs]
166.258: Total time for which application threads were stopped: 0.0039625 seconds, Stopping threads took: 0.0000187 seconds
166.321: [GC (Allocation Failure)  536615K->208261K(1034752K), 0.0015919 secs]
166.323: Total time for which application threads were stopped: 0.0017205 seconds, Stopping threads took: 0.0000183 seconds
166.386: [GC (Allocation Failure)  529797K->215111K(1034752K), 0.0037907 secs]
166.390: Total time for which application threads were stopped: 0.0039355 seconds, Stopping threads took: 0.0000345 seconds
166.452: [GC (Allocation Failure)  536647K->219191K(1034752K), 0.0048719 secs]
166.457: Total time for which application threads were stopped: 0.0050022 seconds, Stopping threads took: 0.0000189 seconds
166.519: [GC (Allocation Failure)  540727K->213685K(1034752K), 0.0020442 secs]
166.521: Total time for which application threads were stopped: 0.0022000 seconds, Stopping threads took: 0.0000245 seconds
166.584: [GC (Allocation Failure)  535221K->219455K(1034752K), 0.0040539 secs]
166.588: Total time for which application threads were stopped: 0.0042160 seconds, Stopping threads took: 0.0000238 seconds
166.654: [GC (Allocation Failure)  540991K->223327K(1034752K), 0.0041487 secs]
166.658: Total time for which application threads were stopped: 0.0042716 seconds, Stopping threads took: 0.0000159 seconds
166.721: [GC (Allocation Failure)  545816K->219421K(1035264K), 0.0027737 secs]
166.723: Total time for which application threads were stopped: 0.0028911 seconds, Stopping threads took: 0.0000159 seconds
166.788: [GC (Allocation Failure)  541981K->223487K(1036288K), 0.0039358 secs]
166.792: Total time for which application threads were stopped: 0.0040796 seconds, Stopping threads took: 0.0000239 seconds
166.855: [GC (Allocation Failure)  547583K->227455K(1035776K), 0.0038921 secs]
166.859: Total time for which application threads were stopped: 0.0040204 seconds, Stopping threads took: 0.0000183 seconds
166.924: [GC (Allocation Failure)  551551K->227455K(1035776K), 0.0037633 secs]
166.928: Total time for which application threads were stopped: 0.0038949 seconds, Stopping threads took: 0.0000189 seconds
166.993: [GC (Allocation Failure)  551039K->227527K(1023488K), 0.0039902 secs]
166.997: Total time for which application threads were stopped: 0.0041385 seconds, Stopping threads took: 0.0000236 seconds
167.060: [GC (Allocation Failure)  551111K->235498K(1035264K), 0.0077156 secs]
167.068: Total time for which application threads were stopped: 0.0078430 seconds, Stopping threads took: 0.0000249 seconds
167.132: [GC (Allocation Failure)  558058K->235498K(1030144K), 0.0038594 secs]
167.136: Total time for which application threads were stopped: 0.0039892 seconds, Stopping threads took: 0.0000200 seconds
167.199: [GC (Allocation Failure)  558058K->235562K(1034752K), 0.0038811 secs]
167.203: Total time for which application threads were stopped: 0.0040144 seconds, Stopping threads took: 0.0000190 seconds
167.269: [GC (Allocation Failure)  557098K->243564K(1034752K), 0.0041317 secs]
167.273: Total time for which application threads were stopped: 0.0042621 seconds, Stopping threads took: 0.0000188 seconds
167.339: [GC (Allocation Failure)  565100K->243532K(1033728K), 0.0038680 secs]
167.343: Total time for which application threads were stopped: 0.0040010 seconds, Stopping threads took: 0.0000201 seconds
167.408: [GC (Allocation Failure)  564044K->243788K(1034240K), 0.0040448 secs]
167.412: Total time for which application threads were stopped: 0.0041816 seconds, Stopping threads took: 0.0000250 seconds
167.478: [GC (Allocation Failure)  564300K->251566K(1034240K), 0.0037760 secs]
167.482: Total time for which application threads were stopped: 0.0038956 seconds, Stopping threads took: 0.0000156 seconds
167.547: [GC (Allocation Failure)  572078K->251598K(1034240K), 0.0040364 secs]
167.551: Total time for which application threads were stopped: 0.0041937 seconds, Stopping threads took: 0.0000243 seconds
167.616: [GC (Allocation Failure)  572110K->252014K(1033216K), 0.0039725 secs]
167.620: Total time for which application threads were stopped: 0.0041007 seconds, Stopping threads took: 0.0000160 seconds
167.683: [GC (Allocation Failure)  571502K->259632K(1033728K), 0.0040123 secs]
167.687: Total time for which application threads were stopped: 0.0041427 seconds, Stopping threads took: 0.0000187 seconds
167.751: [GC (Allocation Failure)  579120K->259568K(1033728K), 0.0064790 secs]
167.757: Total time for which application threads were stopped: 0.0066149 seconds, Stopping threads took: 0.0000197 seconds
167.819: [GC (Allocation Failure)  579056K->259752K(1033728K), 0.0039830 secs]
167.823: Total time for which application threads were stopped: 0.0041289 seconds, Stopping threads took: 0.0000282 seconds
167.886: [GC (Allocation Failure)  579240K->267595K(1033728K), 0.0039649 secs]
167.890: Total time for which application threads were stopped: 0.0040940 seconds, Stopping threads took: 0.0000187 seconds
167.953: [GC (Allocation Failure)  587083K->267659K(1033728K), 0.0039823 secs]
167.957: Total time for which application threads were stopped: 0.0041160 seconds, Stopping threads took: 0.0000188 seconds
168.021: [GC (Allocation Failure)  587147K->267691K(1033728K), 0.0040262 secs]
168.025: Total time for which application threads were stopped: 0.0041572 seconds, Stopping threads took: 0.0000155 seconds
168.089: [GC (Allocation Failure)  587179K->275661K(1027072K), 0.0041123 secs]
168.093: Total time for which application threads were stopped: 0.0042330 seconds, Stopping threads took: 0.0000158 seconds
168.154: [GC (Allocation Failure)  595148K->271755K(1034240K), 0.0031944 secs]
168.158: Total time for which application threads were stopped: 0.0033273 seconds, Stopping threads took: 0.0000191 seconds
168.221: [GC (Allocation Failure)  591243K->275821K(1033216K), 0.0041922 secs]
168.225: Total time for which application threads were stopped: 0.0043599 seconds, Stopping threads took: 0.0000267 seconds
168.290: [GC (Allocation Failure)  595309K->279789K(1034752K), 0.0040430 secs]
168.294: Total time for which application threads were stopped: 0.0041606 seconds, Stopping threads took: 0.0000159 seconds
168.356: [GC (Allocation Failure)  601325K->273003K(1034752K), 0.0015871 secs]
168.358: Total time for which application threads were stopped: 0.0017098 seconds, Stopping threads took: 0.0000190 seconds
168.423: [GC (Allocation Failure)  594539K->279853K(1034752K), 0.0038814 secs]
168.427: Total time for which application threads were stopped: 0.0040118 seconds, Stopping threads took: 0.0000252 seconds
168.491: [GC (Allocation Failure)  601389K->283965K(1034752K), 0.0050317 secs]
168.496: Total time for which application threads were stopped: 0.0051669 seconds, Stopping threads took: 0.0000225 seconds
168.557: [GC (Allocation Failure)  605501K->278363K(1034752K), 0.0023035 secs]
168.559: Total time for which application threads were stopped: 0.0024356 seconds, Stopping threads took: 0.0000190 seconds
168.622: [GC (Allocation Failure)  599899K->284197K(1034752K), 0.0041349 secs]
168.626: Total time for which application threads were stopped: 0.0042781 seconds, Stopping threads took: 0.0000191 seconds
168.691: [GC (Allocation Failure)  605733K->288037K(1034752K), 0.0044362 secs]
168.696: Total time for which application threads were stopped: 0.0045648 seconds, Stopping threads took: 0.0000179 seconds
168.758: [GC (Allocation Failure)  610525K->284195K(1035264K), 0.0029380 secs]
168.761: Total time for which application threads were stopped: 0.0030644 seconds, Stopping threads took: 0.0000184 seconds
168.825: [GC (Allocation Failure)  606755K->288221K(1036288K), 0.0057487 secs]
168.831: Total time for which application threads were stopped: 0.0059113 seconds, Stopping threads took: 0.0000241 seconds
168.895: [GC (Allocation Failure)  612317K->292189K(1035776K), 0.0038902 secs]
168.899: Total time for which application threads were stopped: 0.0040206 seconds, Stopping threads took: 0.0000241 seconds
168.963: [GC (Allocation Failure)  616285K->292221K(1035776K), 0.0040352 secs]
168.967: Total time for which application threads were stopped: 0.0041752 seconds, Stopping threads took: 0.0000275 seconds
169.031: [GC (Allocation Failure)  615805K->292261K(1023488K), 0.0042087 secs]
169.035: Total time for which application threads were stopped: 0.0043559 seconds, Stopping threads took: 0.0000235 seconds
169.100: [GC (Allocation Failure)  615845K->300263K(1035264K), 0.0041314 secs]
169.104: Total time for which application threads were stopped: 0.0042601 seconds, Stopping threads took: 0.0000165 seconds
169.170: [GC (Allocation Failure)  622823K->300231K(1030144K), 0.0039967 secs]
169.174: Total time for which application threads were stopped: 0.0041285 seconds, Stopping threads took: 0.0000196 seconds
169.238: [GC (Allocation Failure)  622791K->300295K(1034752K), 0.0041444 secs]
169.242: Total time for which application threads were stopped: 0.0043578 seconds, Stopping threads took: 0.0000459 seconds
169.307: [GC (Allocation Failure)  621831K->308265K(1034752K), 0.0043504 secs]
169.312: Total time for which application threads were stopped: 0.0044914 seconds, Stopping threads took: 0.0000192 seconds
169.376: [GC (Allocation Failure)  629801K->308265K(1033728K), 0.0039310 secs]
169.380: Total time for which application threads were stopped: 0.0040653 seconds, Stopping threads took: 0.0000190 seconds
169.443: [GC (Allocation Failure)  628777K->308521K(1034240K), 0.0040950 secs]
169.447: Total time for which application threads were stopped: 0.0042366 seconds, Stopping threads took: 0.0000263 seconds
169.510: [GC (Allocation Failure)  629033K->316332K(1034240K), 0.0040545 secs]
169.514: Total time for which application threads were stopped: 0.0041821 seconds, Stopping threads took: 0.0000179 seconds
169.578: [GC (Allocation Failure)  636844K->316332K(1034240K), 0.0040432 secs]
169.582: Total time for which application threads were stopped: 0.0041725 seconds, Stopping threads took: 0.0000189 seconds
169.647: [GC (Allocation Failure)  636844K->316748K(1033216K), 0.0042869 secs]
169.651: Total time for which application threads were stopped: 0.0044376 seconds, Stopping threads took: 0.0000241 seconds
169.714: [GC (Allocation Failure)  636236K->324366K(1033728K), 0.0040833 secs]
169.719: Total time for which application threads were stopped: 0.0042180 seconds, Stopping threads took: 0.0000191 seconds
169.784: [GC (Allocation Failure)  643854K->324334K(1033728K), 0.0040775 secs]
169.788: Total time for which application threads were stopped: 0.0042149 seconds, Stopping threads took: 0.0000198 seconds
169.850: [GC (Allocation Failure)  643822K->324486K(1033728K), 0.0041639 secs]
169.854: Total time for which application threads were stopped: 0.0042935 seconds, Stopping threads took: 0.0000183 seconds
169.919: [GC (Allocation Failure)  643974K->332392K(1033728K), 0.0039960 secs]
169.923: Total time for which application threads were stopped: 0.0041432 seconds, Stopping threads took: 0.0000259 seconds
169.988: [GC (Allocation Failure)  651880K->332360K(1033728K), 0.0042945 secs]
169.992: Total time for which application threads were stopped: 0.0044303 seconds, Stopping threads took: 0.0000178 seconds
170.056: [GC (Allocation Failure)  651848K->332392K(1033728K), 0.0049100 secs]
170.061: Total time for which application threads were stopped: 0.0050374 seconds, Stopping threads took: 0.0000175 seconds
170.126: [GC (Allocation Failure)  651880K->340395K(1027072K), 0.0042597 secs]
170.130: Total time for which application threads were stopped: 0.0043972 seconds, Stopping threads took: 0.0000205 seconds
170.192: [GC (Allocation Failure)  659882K->336520K(1034240K), 0.0033276 secs]
170.195: Total time for which application threads were stopped: 0.0034773 seconds, Stopping threads took: 0.0000220 seconds
170.261: [GC (Allocation Failure)  656008K->340523K(1033216K), 0.0042880 secs]
170.265: Total time for which application threads were stopped: 0.0044219 seconds, Stopping threads took: 0.0000197 seconds
170.329: [GC (Allocation Failure)  660011K->344523K(1034752K), 0.0040525 secs]
170.333: Total time for which application threads were stopped: 0.0041835 seconds, Stopping threads took: 0.0000188 seconds
170.397: [GC (Allocation Failure)  666059K->337736K(1034752K), 0.0016945 secs]
170.398: Total time for which application threads were stopped: 0.0018232 seconds, Stopping threads took: 0.0000251 seconds
170.462: [GC (Allocation Failure)  659272K->344587K(1034752K), 0.0041027 secs]
170.466: Total time for which application threads were stopped: 0.0042581 seconds, Stopping threads took: 0.0000248 seconds
170.527: [GC (Allocation Failure)  666123K->348699K(1034752K), 0.0051714 secs]
170.533: Total time for which application threads were stopped: 0.0053009 seconds, Stopping threads took: 0.0000185 seconds
170.594: [GC (Allocation Failure)  670235K->343128K(1034752K), 0.0024224 secs]
170.596: Total time for which application threads were stopped: 0.0025546 seconds, Stopping threads took: 0.0000191 seconds
170.659: [GC (Allocation Failure)  664664K->348971K(1034752K), 0.0041819 secs]
170.663: Total time for which application threads were stopped: 0.0043293 seconds, Stopping threads took: 0.0000184 seconds
170.728: [GC (Allocation Failure)  670507K->352843K(1035264K), 0.0046608 secs]
170.733: Total time for which application threads were stopped: 0.0048220 seconds, Stopping threads took: 0.0000239 seconds
170.795: [GC (Allocation Failure)  675331K->348936K(1035264K), 0.0031477 secs]
170.798: Total time for which application threads were stopped: 0.0032775 seconds, Stopping threads took: 0.0000186 seconds
170.862: [GC (Allocation Failure)  671496K->352931K(1036288K), 0.0072288 secs]
170.869: Total time for which application threads were stopped: 0.0073748 seconds, Stopping threads took: 0.0000190 seconds
170.934: [GC (Allocation Failure)  677027K->356931K(1035776K), 0.0039749 secs]
170.938: Total time for which application threads were stopped: 0.0041166 seconds, Stopping threads took: 0.0000238 seconds
171.005: [GC (Allocation Failure)  681027K->356931K(1035776K), 0.0039786 secs]
171.009: Total time for which application threads were stopped: 0.0041431 seconds, Stopping threads took: 0.0000190 seconds
171.076: [GC (Allocation Failure)  680515K->357003K(1023488K), 0.0042894 secs]
171.080: Total time for which application threads were stopped: 0.0044313 seconds, Stopping threads took: 0.0000184 seconds
171.144: [GC (Allocation Failure)  680587K->364973K(1035264K), 0.0042172 secs]
171.149: Total time for which application threads were stopped: 0.0043672 seconds, Stopping threads took: 0.0000199 seconds
171.214: [GC (Allocation Failure)  687533K->364973K(1030144K), 0.0040278 secs]
171.218: Total time for which application threads were stopped: 0.0041513 seconds, Stopping threads took: 0.0000173 seconds
171.281: [GC (Allocation Failure)  687533K->365037K(1034752K), 0.0042594 secs]
171.285: Total time for which application threads were stopped: 0.0043939 seconds, Stopping threads took: 0.0000190 seconds
171.348: [GC (Allocation Failure)  686573K->373007K(1034752K), 0.0042266 secs]
171.353: Total time for which application threads were stopped: 0.0043901 seconds, Stopping threads took: 0.0000242 seconds
171.419: [GC (Allocation Failure)  694543K->373007K(1033728K), 0.0039915 secs]
171.423: Total time for which application threads were stopped: 0.0041158 seconds, Stopping threads took: 0.0000242 seconds
171.486: [GC (Allocation Failure)  693519K->373255K(1034240K), 0.0041794 secs]
171.490: Total time for which application threads were stopped: 0.0043261 seconds, Stopping threads took: 0.0000197 seconds
171.556: [GC (Allocation Failure)  693767K->381033K(1034240K), 0.0040967 secs]
171.560: Total time for which application threads were stopped: 0.0042332 seconds, Stopping threads took: 0.0000210 seconds
171.624: [GC (Allocation Failure)  701545K->381033K(1034240K), 0.0045241 secs]
171.629: Total time for which application threads were stopped: 0.0046568 seconds, Stopping threads took: 0.0000193 seconds
171.692: [GC (Allocation Failure)  701545K->381481K(1033216K), 0.0042683 secs]
171.697: Total time for which application threads were stopped: 0.0044144 seconds, Stopping threads took: 0.0000191 seconds
171.762: [GC (Allocation Failure)  700969K->389100K(1033728K), 0.0042866 secs]
171.766: Total time for which application threads were stopped: 0.0044320 seconds, Stopping threads took: 0.0000185 seconds
171.830: [GC (Allocation Failure)  708588K->389068K(1033728K), 0.0048454 secs]
171.835: Total time for which application threads were stopped: 0.0049916 seconds, Stopping threads took: 0.0000197 seconds
171.897: [GC (Allocation Failure)  708556K->389196K(1033728K), 0.0041919 secs]
171.901: Total time for which application threads were stopped: 0.0043311 seconds, Stopping threads took: 0.0000264 seconds
171.965: [GC (Allocation Failure)  708684K->397102K(1033728K), 0.0042450 secs]
171.969: Total time for which application threads were stopped: 0.0043764 seconds, Stopping threads took: 0.0000191 seconds
172.033: [GC (Allocation Failure)  716590K->397070K(1033728K), 0.0043280 secs]
172.037: Total time for which application threads were stopped: 0.0044829 seconds, Stopping threads took: 0.0000187 seconds
172.105: [GC (Allocation Failure)  716558K->397166K(1033728K), 0.0044916 secs]
172.109: Total time for which application threads were stopped: 0.0046469 seconds, Stopping threads took: 0.0000193 seconds
172.176: [GC (Allocation Failure)  716654K->405136K(1027072K), 0.0044979 secs]
172.180: Total time for which application threads were stopped: 0.0046741 seconds, Stopping threads took: 0.0000195 seconds
172.244: [GC (Allocation Failure)  724624K->401230K(1034240K), 0.0035542 secs]
172.248: Total time for which application threads were stopped: 0.0037041 seconds, Stopping threads took: 0.0000197 seconds
172.316: [GC (Allocation Failure)  720718K->405288K(1033216K), 0.0045263 secs]
172.320: Total time for which application threads were stopped: 0.0046869 seconds, Stopping threads took: 0.0000196 seconds
172.384: [GC (Allocation Failure)  724776K->409256K(1034752K), 0.0044237 secs]
172.388: Total time for which application threads were stopped: 0.0045850 seconds, Stopping threads took: 0.0000331 seconds
172.453: [GC (Allocation Failure)  730792K->402470K(1034752K), 0.0019600 secs]
172.455: Total time for which application threads were stopped: 0.0020881 seconds, Stopping threads took: 0.0000195 seconds
172.518: [GC (Allocation Failure)  724006K->409360K(1034752K), 0.0043579 secs]
172.523: Total time for which application threads were stopped: 0.0044908 seconds, Stopping threads took: 0.0000199 seconds
172.585: [GC (Allocation Failure)  730896K->413440K(1034752K), 0.0052151 secs]
172.590: Total time for which application threads were stopped: 0.0053473 seconds, Stopping threads took: 0.0000192 seconds
172.652: [GC (Allocation Failure)  734976K->407870K(1034752K), 0.0026179 secs]
172.654: Total time for which application threads were stopped: 0.0027463 seconds, Stopping threads took: 0.0000190 seconds
172.718: [GC (Allocation Failure)  729406K->413704K(1034752K), 0.0043207 secs]
172.722: Total time for which application threads were stopped: 0.0044542 seconds, Stopping threads took: 0.0000196 seconds
172.788: [GC (Allocation Failure)  735240K->417576K(1035264K), 0.0049125 secs]
172.793: Total time for which application threads were stopped: 0.0050499 seconds, Stopping threads took: 0.0000192 seconds
172.857: [GC (Allocation Failure)  740064K->413638K(1035264K), 0.0032325 secs]
172.860: Total time for which application threads were stopped: 0.0033670 seconds, Stopping threads took: 0.0000199 seconds
172.925: [GC (Allocation Failure)  736198K->417704K(1036288K), 0.0046075 secs]
172.929: Total time for which application threads were stopped: 0.0047402 seconds, Stopping threads took: 0.0000190 seconds
172.993: [GC (Allocation Failure)  741800K->421672K(1035776K), 0.0042671 secs]
172.997: Total time for which application threads were stopped: 0.0043954 seconds, Stopping threads took: 0.0000191 seconds
173.064: [GC (Allocation Failure)  745768K->421704K(1035776K), 0.0044263 secs]
173.069: Total time for which application threads were stopped: 0.0045907 seconds, Stopping threads took: 0.0000174 seconds
173.136: [GC (Allocation Failure)  745288K->421736K(1023488K), 0.0044847 secs]
173.141: Total time for which application threads were stopped: 0.0046493 seconds, Stopping threads took: 0.0000196 seconds
173.206: [GC (Allocation Failure)  745320K->429738K(1035264K), 0.0045212 secs]
173.210: Total time for which application threads were stopped: 0.0046884 seconds, Stopping threads took: 0.0000205 seconds
173.276: [GC (Allocation Failure)  752298K->429706K(1030144K), 0.0042942 secs]
173.280: Total time for which application threads were stopped: 0.0044625 seconds, Stopping threads took: 0.0000207 seconds
173.346: [GC (Allocation Failure)  752266K->429770K(1034752K), 0.0044309 secs]
173.350: Total time for which application threads were stopped: 0.0045756 seconds, Stopping threads took: 0.0000200 seconds
173.415: [GC (Allocation Failure)  751306K->437773K(1029120K), 0.0043984 secs]
173.420: Total time for which application threads were stopped: 0.0045437 seconds, Stopping threads took: 0.0000261 seconds
173.486: [GC (Allocation Failure)  759309K->437709K(1034240K), 0.0044244 secs]
173.490: Total time for which application threads were stopped: 0.0045889 seconds, Stopping threads took: 0.0000196 seconds
173.555: [GC (Allocation Failure)  758221K->437997K(1034240K), 0.0045354 secs]
173.559: Total time for which application threads were stopped: 0.0046839 seconds, Stopping threads took: 0.0000203 seconds
173.627: [GC (Allocation Failure)  758509K->445807K(1034240K), 0.0043160 secs]
173.631: Total time for which application threads were stopped: 0.0044572 seconds, Stopping threads took: 0.0000192 seconds
173.697: [GC (Allocation Failure)  766319K->445807K(1034240K), 0.0044736 secs]
173.701: Total time for which application threads were stopped: 0.0046361 seconds, Stopping threads took: 0.0000202 seconds
173.765: [GC (Allocation Failure)  766319K->446215K(1033216K), 0.0044661 secs]
173.770: Total time for which application threads were stopped: 0.0046026 seconds, Stopping threads took: 0.0000197 seconds
173.833: [GC (Allocation Failure)  765703K->453833K(1033728K), 0.0044881 secs]
173.838: Total time for which application threads were stopped: 0.0046381 seconds, Stopping threads took: 0.0000193 seconds
173.904: [GC (Allocation Failure)  773321K->453801K(1033728K), 0.0042379 secs]
173.908: Total time for which application threads were stopped: 0.0043697 seconds, Stopping threads took: 0.0000258 seconds
173.970: [GC (Allocation Failure)  773289K->453961K(1033728K), 0.0043353 secs]
173.974: Total time for which application threads were stopped: 0.0044647 seconds, Stopping threads took: 0.0000246 seconds
174.038: [GC (Allocation Failure)  773449K->461867K(1033728K), 0.0051309 secs]
174.043: Total time for which application threads were stopped: 0.0052637 seconds, Stopping threads took: 0.0000187 seconds
174.110: [GC (Allocation Failure)  781355K->461835K(1033728K), 0.0047474 secs]
174.114: Total time for which application threads were stopped: 0.0049086 seconds, Stopping threads took: 0.0000203 seconds
174.180: [GC (Allocation Failure)  781323K->461899K(1033728K), 0.0044200 secs]
174.185: Total time for which application threads were stopped: 0.0045823 seconds, Stopping threads took: 0.0000211 seconds
174.251: [GC (Allocation Failure)  781387K->469870K(1027072K), 0.0045089 secs]
174.255: Total time for which application threads were stopped: 0.0046685 seconds, Stopping threads took: 0.0000202 seconds
174.319: [GC (Allocation Failure)  789357K->465995K(1034240K), 0.0037198 secs]
174.322: Total time for which application threads were stopped: 0.0038778 seconds, Stopping threads took: 0.0000204 seconds
174.389: [GC (Allocation Failure)  785483K->470030K(1033216K), 0.0045676 secs]
174.394: Total time for which application threads were stopped: 0.0047253 seconds, Stopping threads took: 0.0000277 seconds
174.457: [GC (Allocation Failure)  789518K->473998K(1034752K), 0.0043855 secs]
174.462: Total time for which application threads were stopped: 0.0045313 seconds, Stopping threads took: 0.0000258 seconds
174.524: [GC (Allocation Failure)  795534K->467211K(1034752K), 0.0021566 secs]
174.526: Total time for which application threads were stopped: 0.0022968 seconds, Stopping threads took: 0.0000209 seconds
174.589: [GC (Allocation Failure)  788747K->474102K(1034752K), 0.0044129 secs]
174.594: Total time for which application threads were stopped: 0.0045530 seconds, Stopping threads took: 0.0000198 seconds
174.656: [GC (Allocation Failure)  795638K->478182K(1034752K), 0.0053048 secs]
174.661: Total time for which application threads were stopped: 0.0054588 seconds, Stopping threads took: 0.0000204 seconds
174.724: [GC (Allocation Failure)  799718K->472579K(1034752K), 0.0026791 secs]
174.727: Total time for which application threads were stopped: 0.0028096 seconds, Stopping threads took: 0.0000168 seconds
174.792: [GC (Allocation Failure)  794115K->478422K(1034752K), 0.0046284 secs]
174.797: Total time for which application threads were stopped: 0.0048057 seconds, Stopping threads took: 0.0000283 seconds
174.862: [GC (Allocation Failure)  799958K->482302K(1035264K), 0.0046981 secs]
174.866: Total time for which application threads were stopped: 0.0048457 seconds, Stopping threads took: 0.0000192 seconds
174.931: [GC (Allocation Failure)  804790K->478427K(1035264K), 0.0034195 secs]
174.935: Total time for which application threads were stopped: 0.0035637 seconds, Stopping threads took: 0.0000247 seconds
175.001: [GC (Allocation Failure)  800987K->482470K(1036288K), 0.0045201 secs]
175.006: Total time for which application threads were stopped: 0.0046521 seconds, Stopping threads took: 0.0000191 seconds
175.072: [GC (Allocation Failure)  806566K->486438K(1035776K), 0.0043466 secs]
175.076: Total time for which application threads were stopped: 0.0044944 seconds, Stopping threads took: 0.0000175 seconds
175.145: [GC (Allocation Failure)  810534K->486438K(1035776K), 0.0045463 secs]
175.149: Total time for which application threads were stopped: 0.0047118 seconds, Stopping threads took: 0.0000195 seconds
175.216: [GC (Allocation Failure)  810022K->486502K(1023488K), 0.0045768 secs]
175.221: Total time for which application threads were stopped: 0.0047285 seconds, Stopping threads took: 0.0000197 seconds
175.285: [GC (Allocation Failure)  810086K->494472K(1035264K), 0.0047317 secs]
175.290: Total time for which application threads were stopped: 0.0049174 seconds, Stopping threads took: 0.0000193 seconds
175.355: [GC (Allocation Failure)  817032K->494504K(1030144K), 0.0045228 secs]
175.359: Total time for which application threads were stopped: 0.0046871 seconds, Stopping threads took: 0.0000196 seconds
175.424: [GC (Allocation Failure)  817064K->494536K(1034752K), 0.0045525 secs]
175.428: Total time for which application threads were stopped: 0.0046975 seconds, Stopping threads took: 0.0000276 seconds
175.493: [GC (Allocation Failure)  816072K->502506K(1034752K), 0.0046561 secs]
175.497: Total time for which application threads were stopped: 0.0048046 seconds, Stopping threads took: 0.0000197 seconds
175.562: [GC (Allocation Failure)  824042K->502506K(1033728K), 0.0045367 secs]
175.566: Total time for which application threads were stopped: 0.0046977 seconds, Stopping threads took: 0.0000275 seconds
175.629: [GC (Allocation Failure)  823018K->502762K(1034240K), 0.0045865 secs]
175.634: Total time for which application threads were stopped: 0.0047257 seconds, Stopping threads took: 0.0000206 seconds
175.698: [GC (Allocation Failure)  823274K->510541K(1034240K), 0.0044116 secs]
175.702: Total time for which application threads were stopped: 0.0045609 seconds, Stopping threads took: 0.0000280 seconds
175.769: [GC (Allocation Failure)  831053K->510541K(1034240K), 0.0045654 secs]
175.773: Total time for which application threads were stopped: 0.0047151 seconds, Stopping threads took: 0.0000200 seconds
175.836: [GC (Allocation Failure)  831053K->510981K(1033216K), 0.0051354 secs]
175.842: Total time for which application threads were stopped: 0.0052672 seconds, Stopping threads took: 0.0000200 seconds
175.907: [GC (Allocation Failure)  830469K->518599K(1033728K), 0.0045247 secs]
175.912: Total time for which application threads were stopped: 0.0046686 seconds, Stopping threads took: 0.0000263 seconds
175.976: [GC (Allocation Failure)  838087K->518599K(1033728K), 0.0044934 secs]
175.980: Total time for which application threads were stopped: 0.0046289 seconds, Stopping threads took: 0.0000201 seconds
176.043: [GC (Allocation Failure)  838087K->518663K(1033728K), 0.0046086 secs]
176.048: Total time for which application threads were stopped: 0.0047628 seconds, Stopping threads took: 0.0000167 seconds
176.116: [GC (Allocation Failure)  838151K->526633K(1033728K), 0.0045878 secs]
176.121: Total time for which application threads were stopped: 0.0047431 seconds, Stopping threads took: 0.0000190 seconds
176.188: [GC (Allocation Failure)  846121K->526569K(1033728K), 0.0047769 secs]
176.192: Total time for which application threads were stopped: 0.0049359 seconds, Stopping threads took: 0.0000192 seconds
176.259: [GC (Allocation Failure)  846057K->526665K(1033728K), 0.0045442 secs]
176.264: Total time for which application threads were stopped: 0.0047177 seconds, Stopping threads took: 0.0000192 seconds
176.331: [GC (Allocation Failure)  846153K->534635K(1027072K), 0.0049664 secs]
176.336: Total time for which application threads were stopped: 0.0051404 seconds, Stopping threads took: 0.0000199 seconds
176.401: [GC (Allocation Failure)  854123K->530697K(1034240K), 0.0047293 secs]
176.405: Total time for which application threads were stopped: 0.0048831 seconds, Stopping threads took: 0.0000259 seconds
176.472: [GC (Allocation Failure)  850185K->534795K(1033216K), 0.0047276 secs]
176.477: Total time for which application threads were stopped: 0.0049070 seconds, Stopping threads took: 0.0000207 seconds
176.545: [GC (Allocation Failure)  854283K->538763K(1034752K), 0.0045162 secs]
176.550: Total time for which application threads were stopped: 0.0046848 seconds, Stopping threads took: 0.0000209 seconds
176.615: [GC (Allocation Failure)  860299K->531977K(1034752K), 0.0022487 secs]
176.618: Total time for which application threads were stopped: 0.0023926 seconds, Stopping threads took: 0.0000204 seconds
176.684: [GC (Allocation Failure)  853513K->538827K(1034752K), 0.0058402 secs]
176.690: Total time for which application threads were stopped: 0.0060311 seconds, Stopping threads took: 0.0000296 seconds
176.758: [GC (Allocation Failure)  860363K->542907K(1034752K), 0.0056348 secs]
176.764: Total time for which application threads were stopped: 0.0058014 seconds, Stopping threads took: 0.0000195 seconds
176.829: [GC (Allocation Failure)  864443K->537369K(1034752K), 0.0027433 secs]
176.832: Total time for which application threads were stopped: 0.0028933 seconds, Stopping threads took: 0.0000198 seconds
176.898: [GC (Allocation Failure)  858905K->543179K(1034752K), 0.0045735 secs]
176.903: Total time for which application threads were stopped: 0.0047533 seconds, Stopping threads took: 0.0000345 seconds
176.969: [GC (Allocation Failure)  864715K->547019K(1034752K), 0.0048614 secs]
176.974: Total time for which application threads were stopped: 0.0050189 seconds, Stopping threads took: 0.0000199 seconds
177.040: [GC (Allocation Failure)  869508K->543145K(1035264K), 0.0043178 secs]
177.045: Total time for which application threads were stopped: 0.0044763 seconds, Stopping threads took: 0.0000246 seconds
177.113: [GC (Allocation Failure)  865705K->547211K(1036288K), 0.0045997 secs]
177.118: Total time for which application threads were stopped: 0.0047587 seconds, Stopping threads took: 0.0000200 seconds
177.186: [GC (Allocation Failure)  871307K->551211K(1035776K), 0.0045547 secs]
177.191: Total time for which application threads were stopped: 0.0047141 seconds, Stopping threads took: 0.0000199 seconds
177.259: [GC (Allocation Failure)  875307K->551147K(1035776K), 0.0045416 secs]
177.263: Total time for which application threads were stopped: 0.0046997 seconds, Stopping threads took: 0.0000202 seconds
177.331: [GC (Allocation Failure)  874731K->551243K(1023488K), 0.0047074 secs]
177.335: Total time for which application threads were stopped: 0.0048759 seconds, Stopping threads took: 0.0000207 seconds
177.403: [GC (Allocation Failure)  874827K->559246K(1035264K), 0.0046024 secs]
177.407: Total time for which application threads were stopped: 0.0047636 seconds, Stopping threads took: 0.0000206 seconds
177.475: [GC (Allocation Failure)  881806K->559246K(1030144K), 0.0045387 secs]
177.479: Total time for which application threads were stopped: 0.0047014 seconds, Stopping threads took: 0.0000260 seconds
177.548: [GC (Allocation Failure)  881806K->559278K(1034752K), 0.0048118 secs]
177.553: Total time for which application threads were stopped: 0.0049827 seconds, Stopping threads took: 0.0000211 seconds
177.619: [GC (Allocation Failure)  880814K->567248K(1034752K), 0.0046946 secs]
177.624: Total time for which application threads were stopped: 0.0048565 seconds, Stopping threads took: 0.0000202 seconds
177.690: [GC (Allocation Failure)  888784K->567248K(1033728K), 0.0046446 secs]
177.694: Total time for which application threads were stopped: 0.0048115 seconds, Stopping threads took: 0.0000208 seconds
177.760: [GC (Allocation Failure)  887760K->567464K(1034240K), 0.0046696 secs]
177.765: Total time for which application threads were stopped: 0.0048441 seconds, Stopping threads took: 0.0000201 seconds
177.829: [GC (Allocation Failure)  887976K->575306K(1034240K), 0.0045904 secs]
177.834: Total time for which application threads were stopped: 0.0047478 seconds, Stopping threads took: 0.0000226 seconds
177.899: [GC (Allocation Failure)  895818K->575242K(1034240K), 0.0077858 secs]
177.906: Total time for which application threads were stopped: 0.0079278 seconds, Stopping threads took: 0.0000204 seconds
177.971: [GC (Allocation Failure)  895754K->575722K(1033216K), 0.0047284 secs]
177.975: Total time for which application threads were stopped: 0.0048721 seconds, Stopping threads took: 0.0000253 seconds
178.039: [GC (Allocation Failure)  895210K->583276K(1033728K), 0.0054421 secs]
178.044: Total time for which application threads were stopped: 0.0056143 seconds, Stopping threads took: 0.0000244 seconds
178.113: [GC (Allocation Failure)  902764K->583340K(1033728K), 0.0046279 secs]
178.118: Total time for which application threads were stopped: 0.0048150 seconds, Stopping threads took: 0.0000200 seconds
178.183: [GC (Allocation Failure)  902828K->583428K(1033728K), 0.0047449 secs]
178.187: Total time for which application threads were stopped: 0.0049017 seconds, Stopping threads took: 0.0000196 seconds
178.256: [GC (Allocation Failure)  902916K->591335K(1033728K), 0.0047166 secs]
178.261: Total time for which application threads were stopped: 0.0048842 seconds, Stopping threads took: 0.0000196 seconds
178.327: [GC (Allocation Failure)  910823K->591335K(1033728K), 0.0047100 secs]
178.332: Total time for which application threads were stopped: 0.0048799 seconds, Stopping threads took: 0.0000200 seconds
178.399: [GC (Allocation Failure)  910823K->591367K(1033728K), 0.0049098 secs]
178.404: Total time for which application threads were stopped: 0.0051068 seconds, Stopping threads took: 0.0000471 seconds
178.469: [GC (Allocation Failure)  910855K->599369K(1027072K), 0.0047583 secs]
178.474: Total time for which application threads were stopped: 0.0049133 seconds, Stopping threads took: 0.0000194 seconds
178.540: [GC (Allocation Failure)  918856K->595495K(1034240K), 0.0038219 secs]
178.544: Total time for which application threads were stopped: 0.0039668 seconds, Stopping threads took: 0.0000194 seconds
178.611: [GC (Allocation Failure)  914983K->599529K(1033216K), 0.0049205 secs]
178.616: Total time for which application threads were stopped: 0.0050909 seconds, Stopping threads took: 0.0000283 seconds
178.680: [GC (Allocation Failure)  919017K->603497K(1034752K), 0.0045816 secs]
178.685: Total time for which application threads were stopped: 0.0047211 seconds, Stopping threads took: 0.0000197 seconds
178.748: [GC (Allocation Failure)  925033K->596711K(1034752K), 0.0024092 secs]
178.750: Total time for which application threads were stopped: 0.0025529 seconds, Stopping threads took: 0.0000202 seconds
178.815: [GC (Allocation Failure)  918247K->603561K(1034752K), 0.0046457 secs]
178.820: Total time for which application threads were stopped: 0.0047990 seconds, Stopping threads took: 0.0000218 seconds
178.884: [GC (Allocation Failure)  925097K->607641K(1034752K), 0.0056801 secs]
178.889: Total time for which application threads were stopped: 0.0058485 seconds, Stopping threads took: 0.0000205 seconds
178.953: [GC (Allocation Failure)  929177K->602103K(1034752K), 0.0050400 secs]
178.958: Total time for which application threads were stopped: 0.0051684 seconds, Stopping threads took: 0.0000262 seconds
179.027: [GC (Allocation Failure)  923639K->607913K(1034752K), 0.0048032 secs]
179.032: Total time for which application threads were stopped: 0.0049695 seconds, Stopping threads took: 0.0000297 seconds
179.099: [GC (Allocation Failure)  929449K->611785K(1034752K), 0.0052031 secs]
179.104: Total time for which application threads were stopped: 0.0053736 seconds, Stopping threads took: 0.0000210 seconds
179.172: [GC (Allocation Failure)  934273K->607879K(1035264K), 0.0036761 secs]
179.176: Total time for which application threads were stopped: 0.0038341 seconds, Stopping threads took: 0.0000203 seconds
179.244: [GC (Allocation Failure)  930439K->611945K(1036288K), 0.0049093 secs]
179.249: Total time for which application threads were stopped: 0.0050701 seconds, Stopping threads took: 0.0000202 seconds
179.316: [GC (Allocation Failure)  936041K->615913K(1035776K), 0.0047654 secs]
179.321: Total time for which application threads were stopped: 0.0049435 seconds, Stopping threads took: 0.0000206 seconds
179.388: [GC (Allocation Failure)  940009K->615945K(1035776K), 0.0047308 secs]
179.393: Total time for which application threads were stopped: 0.0048835 seconds, Stopping threads took: 0.0000199 seconds
179.462: [GC (Allocation Failure)  939529K->615977K(1023488K), 0.0047194 secs]
179.467: Total time for which application threads were stopped: 0.0049224 seconds, Stopping threads took: 0.0000281 seconds
179.533: [GC (Allocation Failure)  939561K->623979K(1035264K), 0.0049175 secs]
179.538: Total time for which application threads were stopped: 0.0050791 seconds, Stopping threads took: 0.0000197 seconds
179.605: [GC (Allocation Failure)  946539K->623947K(1030144K), 0.0047044 secs]
179.609: Total time for which application threads were stopped: 0.0048640 seconds, Stopping threads took: 0.0000278 seconds
179.675: [GC (Allocation Failure)  946507K->624011K(1034752K), 0.0064513 secs]
179.682: Total time for which application threads were stopped: 0.0066198 seconds, Stopping threads took: 0.0000201 seconds
179.749: [GC (Allocation Failure)  945547K->632013K(1029120K), 0.0048695 secs]
179.754: Total time for which application threads were stopped: 0.0050105 seconds, Stopping threads took: 0.0000172 seconds
179.820: [GC (Allocation Failure)  953549K->631949K(1034240K), 0.0047096 secs]
179.825: Total time for which application threads were stopped: 0.0048601 seconds, Stopping threads took: 0.0000197 seconds
179.890: [GC (Allocation Failure)  952461K->632229K(1034240K), 0.0048385 secs]
179.895: Total time for which application threads were stopped: 0.0050083 seconds, Stopping threads took: 0.0000343 seconds
179.961: [GC (Allocation Failure)  952741K->640008K(1034240K), 0.0069978 secs]
179.968: Total time for which application threads were stopped: 0.0071452 seconds, Stopping threads took: 0.0000259 seconds
180.033: [GC (Allocation Failure)  960520K->640040K(1034240K), 0.0101790 secs]
180.044: Total time for which application threads were stopped: 0.0103111 seconds, Stopping threads took: 0.0000174 seconds
180.110: [GC (Allocation Failure)  960552K->640456K(1033216K), 0.0047782 secs]
180.115: Total time for which application threads were stopped: 0.0049462 seconds, Stopping threads took: 0.0000197 seconds
180.182: [GC (Allocation Failure)  959944K->648074K(1033728K), 0.0049333 secs]
180.187: Total time for which application threads were stopped: 0.0050942 seconds, Stopping threads took: 0.0000191 seconds
180.253: [GC (Allocation Failure)  967562K->648010K(1033728K), 0.0047942 secs]
180.258: Total time for which application threads were stopped: 0.0049765 seconds, Stopping threads took: 0.0000199 seconds
180.322: [GC (Allocation Failure)  967498K->648170K(1033728K), 0.0049395 secs]
180.327: Total time for which application threads were stopped: 0.0051064 seconds, Stopping threads took: 0.0000196 seconds
180.393: [GC (Allocation Failure)  967658K->656140K(1033728K), 0.0048350 secs]
180.398: Total time for which application threads were stopped: 0.0049903 seconds, Stopping threads took: 0.0000198 seconds
180.465: [GC (Allocation Failure)  975628K->656076K(1033728K), 0.0049601 secs]
180.470: Total time for which application threads were stopped: 0.0051135 seconds, Stopping threads took: 0.0000198 seconds
180.536: [GC (Allocation Failure)  975564K->656140K(1033728K), 0.0049556 secs]
180.541: Total time for which application threads were stopped: 0.0051632 seconds, Stopping threads took: 0.0000276 seconds
180.608: [GC (Allocation Failure)  975628K->664143K(1027072K), 0.0051493 secs]
180.613: Total time for which application threads were stopped: 0.0052964 seconds, Stopping threads took: 0.0000171 seconds
180.677: [GC (Allocation Failure)  983630K->660204K(1034240K), 0.0039337 secs]
180.681: Total time for which application threads were stopped: 0.0040957 seconds, Stopping threads took: 0.0000203 seconds
180.749: [GC (Allocation Failure)  979692K->664271K(1033216K), 0.0052049 secs]
180.754: Total time for which application threads were stopped: 0.0053793 seconds, Stopping threads took: 0.0000201 seconds
180.820: [GC (Allocation Failure)  983759K->668207K(1034752K), 0.0048378 secs]
180.825: Total time for which application threads were stopped: 0.0049933 seconds, Stopping threads took: 0.0000202 seconds
180.890: [GC (Allocation Failure)  989743K->661452K(1034752K), 0.0025020 secs]
180.892: Total time for which application threads were stopped: 0.0026242 seconds, Stopping threads took: 0.0000165 seconds
180.958: [GC (Allocation Failure)  982988K->668335K(1034752K), 0.0049113 secs]
180.963: Total time for which application threads were stopped: 0.0050738 seconds, Stopping threads took: 0.0000192 seconds
181.028: [GC (Allocation Failure)  989871K->672375K(1034752K), 0.0058409 secs]
181.034: Total time for which application threads were stopped: 0.0059889 seconds, Stopping threads took: 0.0000190 seconds
181.100: [GC (Allocation Failure)  993911K->666804K(1034752K), 0.0029222 secs]
181.103: Total time for which application threads were stopped: 0.0030784 seconds, Stopping threads took: 0.0000195 seconds
181.170: [GC (Allocation Failure)  988340K->672671K(1034752K), 0.0049751 secs]
181.175: Total time for which application threads were stopped: 0.0051630 seconds, Stopping threads took: 0.0000193 seconds
181.243: [GC (Allocation Failure)  994207K->676511K(1035264K), 0.0052627 secs]
181.249: Total time for which application threads were stopped: 0.0054310 seconds, Stopping threads took: 0.0000172 seconds
181.316: [GC (Allocation Failure)  998999K->672604K(1035264K), 0.0036872 secs]
181.320: Total time for which application threads were stopped: 0.0038531 seconds, Stopping threads took: 0.0000203 seconds
181.387: [GC (Allocation Failure)  995164K->676671K(1036288K), 0.0050991 secs]
181.392: Total time for which application threads were stopped: 0.0052588 seconds, Stopping threads took: 0.0000204 seconds
181.462: [GC (Allocation Failure)  1000767K->680639K(1035776K), 0.0048744 secs]
181.466: Total time for which application threads were stopped: 0.0050486 seconds, Stopping threads took: 0.0000278 seconds
181.534: [GC (Allocation Failure)  1004735K->680671K(1035776K), 0.0049039 secs]
181.539: Total time for which application threads were stopped: 0.0050588 seconds, Stopping threads took: 0.0000205 seconds
181.607: [GC (Allocation Failure)  1004255K->680711K(1023488K), 0.0051484 secs]
181.612: Total time for which application threads were stopped: 0.0053235 seconds, Stopping threads took: 0.0000193 seconds
181.679: [GC (Allocation Failure)  1004295K->688681K(1035264K), 0.0048334 secs]
181.683: Total time for which application threads were stopped: 0.0050127 seconds, Stopping threads took: 0.0000284 seconds
181.751: [GC (Allocation Failure)  1011241K->688681K(1030144K), 0.0046632 secs]
181.756: Total time for which application threads were stopped: 0.0048180 seconds, Stopping threads took: 0.0000195 seconds
181.821: [GC (Allocation Failure)  1011241K->688745K(1034752K), 0.0049385 secs]
181.827: [Full GC (Ergonomics)  688745K->8520K(1034752K), 0.0120355 secs]
181.839: Total time for which application threads were stopped: 0.0172170 seconds, Stopping threads took: 0.0000198 seconds
181.905: [GC (Allocation Failure)  330056K->16554K(1034752K), 0.0035520 secs]
181.909: Total time for which application threads were stopped: 0.0036892 seconds, Stopping threads took: 0.0000173 seconds
181.975: [GC (Allocation Failure)  338090K->16634K(1033728K), 0.0036165 secs]
181.979: Total time for which application threads were stopped: 0.0037815 seconds, Stopping threads took: 0.0000241 seconds
182.044: [GC (Allocation Failure)  337146K->16826K(1034240K), 0.0076163 secs]
182.052: Total time for which application threads were stopped: 0.0077911 seconds, Stopping threads took: 0.0000288 seconds
182.120: [GC (Allocation Failure)  337338K->24668K(1034240K), 0.0036271 secs]
182.124: Total time for which application threads were stopped: 0.0037860 seconds, Stopping threads took: 0.0000201 seconds
182.191: [GC (Allocation Failure)  345180K->24668K(1034240K), 0.0036741 secs]
182.195: Total time for which application threads were stopped: 0.0038417 seconds, Stopping threads took: 0.0000206 seconds
182.261: [GC (Allocation Failure)  345180K->25084K(1033216K), 0.0038014 secs]
182.265: Total time for which application threads were stopped: 0.0039703 seconds, Stopping threads took: 0.0000207 seconds
182.332: [GC (Allocation Failure)  344572K->32671K(1033728K), 0.0037655 secs]
182.336: Total time for which application threads were stopped: 0.0039631 seconds, Stopping threads took: 0.0000199 seconds
182.402: [GC (Allocation Failure)  352159K->32671K(1033728K), 0.0037946 secs]
182.406: Total time for which application threads were stopped: 0.0039452 seconds, Stopping threads took: 0.0000197 seconds
182.469: [GC (Allocation Failure)  352159K->32807K(1033728K), 0.0036659 secs]
182.473: Total time for which application threads were stopped: 0.0038213 seconds, Stopping threads took: 0.0000277 seconds
182.542: [GC (Allocation Failure)  352295K->40713K(1033728K), 0.0034717 secs]
182.545: Total time for which application threads were stopped: 0.0036130 seconds, Stopping threads took: 0.0000276 seconds
182.608: [GC (Allocation Failure)  360201K->40745K(1033728K), 0.0037094 secs]
182.612: Total time for which application threads were stopped: 0.0038397 seconds, Stopping threads took: 0.0000191 seconds
182.675: [GC (Allocation Failure)  360233K->40777K(1033728K), 0.0036720 secs]
182.679: Total time for which application threads were stopped: 0.0038009 seconds, Stopping threads took: 0.0000182 seconds
182.743: [GC (Allocation Failure)  360265K->48747K(1027072K), 0.0036603 secs]
182.747: Total time for which application threads were stopped: 0.0037950 seconds, Stopping threads took: 0.0000174 seconds
182.808: [GC (Allocation Failure)  368235K->44809K(1034240K), 0.0027670 secs]
182.810: Total time for which application threads were stopped: 0.0029121 seconds, Stopping threads took: 0.0000240 seconds
182.873: [GC (Allocation Failure)  364297K->48907K(1033216K), 0.0036486 secs]
182.877: Total time for which application threads were stopped: 0.0038009 seconds, Stopping threads took: 0.0000190 seconds
182.943: [GC (Allocation Failure)  368395K->52907K(1034752K), 0.0034396 secs]
182.946: Total time for which application threads were stopped: 0.0035778 seconds, Stopping threads took: 0.0000253 seconds
183.009: [GC (Allocation Failure)  374443K->46089K(1034752K), 0.0012231 secs]
183.010: Total time for which application threads were stopped: 0.0013475 seconds, Stopping threads took: 0.0000183 seconds
183.075: [GC (Allocation Failure)  367625K->52947K(1034752K), 0.0035614 secs]
183.079: Total time for which application threads were stopped: 0.0037071 seconds, Stopping threads took: 0.0000167 seconds
183.142: [GC (Allocation Failure)  374483K->56995K(1034752K), 0.0044943 secs]
183.146: Total time for which application threads were stopped: 0.0046520 seconds, Stopping threads took: 0.0000204 seconds
183.208: [GC (Allocation Failure)  378531K->51489K(1034752K), 0.0017628 secs]
183.209: Total time for which application threads were stopped: 0.0018964 seconds, Stopping threads took: 0.0000192 seconds
183.273: [GC (Allocation Failure)  373025K->57323K(1034752K), 0.0036412 secs]
183.276: Total time for which application threads were stopped: 0.0037791 seconds, Stopping threads took: 0.0000198 seconds
183.340: [GC (Allocation Failure)  378859K->61195K(1035264K), 0.0040487 secs]
183.344: Total time for which application threads were stopped: 0.0041902 seconds, Stopping threads took: 0.0000193 seconds
183.407: [GC (Allocation Failure)  383683K->57257K(1035264K), 0.0025081 secs]
183.409: Total time for which application threads were stopped: 0.0026487 seconds, Stopping threads took: 0.0000241 seconds
183.475: [GC (Allocation Failure)  379817K->61323K(1036288K), 0.0036127 secs]
183.479: Total time for which application threads were stopped: 0.0037497 seconds, Stopping threads took: 0.0000190 seconds
183.542: [GC (Allocation Failure)  385419K->65291K(1035776K), 0.0035608 secs]
183.546: Total time for which application threads were stopped: 0.0036899 seconds, Stopping threads took: 0.0000181 seconds
183.613: [GC (Allocation Failure)  389387K->65291K(1035776K), 0.0036204 secs]
183.616: Total time for which application threads were stopped: 0.0037637 seconds, Stopping threads took: 0.0000188 seconds
183.681: [GC (Allocation Failure)  388875K->65347K(1023488K), 0.0037028 secs]
183.685: Total time for which application threads were stopped: 0.0038359 seconds, Stopping threads took: 0.0000197 seconds
183.747: [GC (Allocation Failure)  388931K->73317K(1035264K), 0.0037592 secs]
183.750: Total time for which application threads were stopped: 0.0038980 seconds, Stopping threads took: 0.0000202 seconds
183.814: [GC (Allocation Failure)  395877K->73317K(1030144K), 0.0034044 secs]
183.817: Total time for which application threads were stopped: 0.0035357 seconds, Stopping threads took: 0.0000202 seconds
183.880: [GC (Allocation Failure)  395877K->73389K(1034752K), 0.0036504 secs]
183.884: Total time for which application threads were stopped: 0.0037923 seconds, Stopping threads took: 0.0000241 seconds
183.947: [GC (Allocation Failure)  394925K->81360K(1034752K), 0.0036559 secs]
183.951: Total time for which application threads were stopped: 0.0037995 seconds, Stopping threads took: 0.0000189 seconds
184.016: [GC (Allocation Failure)  402896K->81360K(1033728K), 0.0034322 secs]
184.019: Total time for which application threads were stopped: 0.0035480 seconds, Stopping threads took: 0.0000162 seconds
184.086: [GC (Allocation Failure)  401872K->81608K(1034240K), 0.0036493 secs]
184.089: Total time for which application threads were stopped: 0.0037820 seconds, Stopping threads took: 0.0000185 seconds
184.154: [GC (Allocation Failure)  402120K->89386K(1034240K), 0.0036208 secs]
184.158: Total time for which application threads were stopped: 0.0037627 seconds, Stopping threads took: 0.0000195 seconds
184.222: [GC (Allocation Failure)  409898K->89386K(1034240K), 0.0035618 secs]
184.225: Total time for which application threads were stopped: 0.0036929 seconds, Stopping threads took: 0.0000187 seconds
184.288: [GC (Allocation Failure)  409898K->89866K(1034240K), 0.0038542 secs]
184.292: Total time for which application threads were stopped: 0.0039930 seconds, Stopping threads took: 0.0000181 seconds
184.355: [GC (Allocation Failure)  410378K->97420K(1028096K), 0.0036002 secs]
184.359: Total time for which application threads were stopped: 0.0037307 seconds, Stopping threads took: 0.0000184 seconds
184.421: [GC (Allocation Failure)  417932K->97420K(1033728K), 0.0035143 secs]
184.425: Total time for which application threads were stopped: 0.0036488 seconds, Stopping threads took: 0.0000248 seconds
184.486: [GC (Allocation Failure)  416908K->97516K(1033728K), 0.0037588 secs]
184.489: Total time for which application threads were stopped: 0.0038898 seconds, Stopping threads took: 0.0000187 seconds
184.553: [GC (Allocation Failure)  417004K->105454K(1033728K), 0.0036980 secs]
184.557: Total time for which application threads were stopped: 0.0038410 seconds, Stopping threads took: 0.0000190 seconds
184.620: [GC (Allocation Failure)  424942K->105486K(1033728K), 0.0036775 secs]
184.624: Total time for which application threads were stopped: 0.0038081 seconds, Stopping threads took: 0.0000189 seconds
184.688: [GC (Allocation Failure)  424974K->105510K(1033728K), 0.0037958 secs]
184.692: Total time for which application threads were stopped: 0.0039244 seconds, Stopping threads took: 0.0000175 seconds
184.755: [GC (Allocation Failure)  424998K->113481K(1027072K), 0.0038379 secs]
184.759: Total time for which application threads were stopped: 0.0039750 seconds, Stopping threads took: 0.0000185 seconds
184.819: [GC (Allocation Failure)  432968K->109574K(1034240K), 0.0028451 secs]
184.822: Total time for which application threads were stopped: 0.0029846 seconds, Stopping threads took: 0.0000191 seconds
184.885: [GC (Allocation Failure)  429062K->113641K(1033216K), 0.0038405 secs]
184.889: Total time for which application threads were stopped: 0.0039672 seconds, Stopping threads took: 0.0000183 seconds
184.953: [GC (Allocation Failure)  433129K->117609K(1034752K), 0.0035710 secs]
184.956: Total time for which application threads were stopped: 0.0037252 seconds, Stopping threads took: 0.0000249 seconds
185.021: [GC (Allocation Failure)  439145K->110822K(1034752K), 0.0012024 secs]
185.022: Total time for which application threads were stopped: 0.0013196 seconds, Stopping threads took: 0.0000156 seconds
185.087: [GC (Allocation Failure)  432358K->117641K(1034752K), 0.0037295 secs]
185.091: Total time for which application threads were stopped: 0.0038519 seconds, Stopping threads took: 0.0000165 seconds
185.154: [GC (Allocation Failure)  439177K->121785K(1034752K), 0.0045529 secs]
185.158: Total time for which application threads were stopped: 0.0047016 seconds, Stopping threads took: 0.0000263 seconds
185.222: [GC (Allocation Failure)  443321K->116182K(1034752K), 0.0018892 secs]
185.224: Total time for which application threads were stopped: 0.0020225 seconds, Stopping threads took: 0.0000195 seconds
185.288: [GC (Allocation Failure)  437718K->122025K(1034752K), 0.0037187 secs]
185.291: Total time for which application threads were stopped: 0.0038736 seconds, Stopping threads took: 0.0000211 seconds
185.355: [GC (Allocation Failure)  443561K->125929K(1034752K), 0.0040392 secs]
185.359: Total time for which application threads were stopped: 0.0041707 seconds, Stopping threads took: 0.0000184 seconds
185.422: [GC (Allocation Failure)  448417K->121990K(1035264K), 0.0027394 secs]
185.425: Total time for which application threads were stopped: 0.0028786 seconds, Stopping threads took: 0.0000273 seconds
185.489: [GC (Allocation Failure)  444550K->126057K(1036288K), 0.0037609 secs]
185.493: Total time for which application threads were stopped: 0.0039124 seconds, Stopping threads took: 0.0000270 seconds
185.556: [GC (Allocation Failure)  450153K->130025K(1035776K), 0.0035912 secs]
185.560: Total time for which application threads were stopped: 0.0037376 seconds, Stopping threads took: 0.0000234 seconds
185.625: [GC (Allocation Failure)  454121K->130025K(1035776K), 0.0036855 secs]
185.629: Total time for which application threads were stopped: 0.0038347 seconds, Stopping threads took: 0.0000187 seconds
185.692: [GC (Allocation Failure)  453609K->130121K(1023488K), 0.0038515 secs]
185.696: Total time for which application threads were stopped: 0.0039917 seconds, Stopping threads took: 0.0000209 seconds
185.760: [GC (Allocation Failure)  453705K->138091K(1035264K), 0.0037958 secs]
185.764: Total time for which application threads were stopped: 0.0039342 seconds, Stopping threads took: 0.0000263 seconds
185.829: [GC (Allocation Failure)  460651K->138059K(1030144K), 0.0049666 secs]
185.834: Total time for which application threads were stopped: 0.0050853 seconds, Stopping threads took: 0.0000168 seconds
185.898: [GC (Allocation Failure)  460619K->138123K(1034752K), 0.0039387 secs]
185.902: Total time for which application threads were stopped: 0.0040861 seconds, Stopping threads took: 0.0000210 seconds
185.966: [GC (Allocation Failure)  459659K->146093K(1034752K), 0.0038990 secs]
185.970: Total time for which application threads were stopped: 0.0040349 seconds, Stopping threads took: 0.0000250 seconds
186.036: [GC (Allocation Failure)  467629K->146093K(1033728K), 0.0116648 secs]
186.048: Total time for which application threads were stopped: 0.0118123 seconds, Stopping threads took: 0.0000211 seconds
186.111: [GC (Allocation Failure)  466605K->146349K(1034240K), 0.0038868 secs]
186.115: Total time for which application threads were stopped: 0.0040315 seconds, Stopping threads took: 0.0000204 seconds
186.179: [GC (Allocation Failure)  466861K->154159K(1034240K), 0.0036640 secs]
186.182: Total time for which application threads were stopped: 0.0038095 seconds, Stopping threads took: 0.0000243 seconds
186.248: [GC (Allocation Failure)  474671K->154159K(1034240K), 0.0038270 secs]
186.252: Total time for which application threads were stopped: 0.0039687 seconds, Stopping threads took: 0.0000234 seconds
186.317: [GC (Allocation Failure)  474671K->154567K(1033216K), 0.0037741 secs]
186.320: Total time for which application threads were stopped: 0.0039024 seconds, Stopping threads took: 0.0000184 seconds
186.384: [GC (Allocation Failure)  474055K->162186K(1033728K), 0.0038480 secs]
186.388: Total time for which application threads were stopped: 0.0039862 seconds, Stopping threads took: 0.0000179 seconds
186.455: [GC (Allocation Failure)  481674K->162122K(1033728K), 0.0037195 secs]
186.458: Total time for which application threads were stopped: 0.0038579 seconds, Stopping threads took: 0.0000242 seconds
186.521: [GC (Allocation Failure)  481610K->162314K(1033728K), 0.0038371 secs]
186.525: Total time for which application threads were stopped: 0.0039664 seconds, Stopping threads took: 0.0000180 seconds
186.588: [GC (Allocation Failure)  481802K->170188K(1033728K), 0.0036835 secs]
186.591: Total time for which application threads were stopped: 0.0038171 seconds, Stopping threads took: 0.0000186 seconds
186.654: [GC (Allocation Failure)  489676K->170188K(1033728K), 0.0038093 secs]
186.658: Total time for which application threads were stopped: 0.0039406 seconds, Stopping threads took: 0.0000187 seconds
186.720: [GC (Allocation Failure)  489676K->170252K(1033728K), 0.0038314 secs]
186.724: Total time for which application threads were stopped: 0.0039697 seconds, Stopping threads took: 0.0000202 seconds
186.786: [GC (Allocation Failure)  489740K->178190K(1027072K), 0.0038429 secs]
186.790: Total time for which application threads were stopped: 0.0039919 seconds, Stopping threads took: 0.0000189 seconds
186.851: [GC (Allocation Failure)  497678K->174316K(1034240K), 0.0030269 secs]
186.854: Total time for which application threads were stopped: 0.0031539 seconds, Stopping threads took: 0.0000189 seconds
186.917: [GC (Allocation Failure)  493804K->178374K(1033216K), 0.0039221 secs]
186.921: Total time for which application threads were stopped: 0.0040574 seconds, Stopping threads took: 0.0000268 seconds
186.986: [GC (Allocation Failure)  497862K->182342K(1034752K), 0.0037640 secs]
186.990: Total time for which application threads were stopped: 0.0038840 seconds, Stopping threads took: 0.0000162 seconds
187.055: [GC (Allocation Failure)  503878K->175556K(1034752K), 0.0017085 secs]
187.057: Total time for which application threads were stopped: 0.0018615 seconds, Stopping threads took: 0.0000240 seconds
187.122: [GC (Allocation Failure)  497092K->182414K(1034752K), 0.0036646 secs]
187.125: Total time for which application threads were stopped: 0.0038065 seconds, Stopping threads took: 0.0000279 seconds
187.187: [GC (Allocation Failure)  503950K->186494K(1034752K), 0.0047832 secs]
187.192: Total time for which application threads were stopped: 0.0049140 seconds, Stopping threads took: 0.0000191 seconds
187.254: [GC (Allocation Failure)  508030K->180924K(1034752K), 0.0020388 secs]
187.256: Total time for which application threads were stopped: 0.0021809 seconds, Stopping threads took: 0.0000244 seconds
187.321: [GC (Allocation Failure)  502460K->186742K(1034752K), 0.0038595 secs]
187.325: Total time for which application threads were stopped: 0.0040086 seconds, Stopping threads took: 0.0000274 seconds
187.389: [GC (Allocation Failure)  508278K->190678K(1034752K), 0.0044055 secs]
187.393: Total time for which application threads were stopped: 0.0045516 seconds, Stopping threads took: 0.0000182 seconds
187.457: [GC (Allocation Failure)  513167K->186740K(1035264K), 0.0027403 secs]
187.460: Total time for which application threads were stopped: 0.0028789 seconds, Stopping threads took: 0.0000256 seconds
187.526: [GC (Allocation Failure)  509300K->190798K(1036288K), 0.0040262 secs]
187.530: Total time for which application threads were stopped: 0.0041566 seconds, Stopping threads took: 0.0000184 seconds
187.593: [GC (Allocation Failure)  514894K->194798K(1035776K), 0.0037777 secs]
187.597: Total time for which application threads were stopped: 0.0039026 seconds, Stopping threads took: 0.0000179 seconds
187.662: [GC (Allocation Failure)  518894K->194734K(1035776K), 0.0067559 secs]
187.669: Total time for which application threads were stopped: 0.0068922 seconds, Stopping threads took: 0.0000177 seconds
187.734: [GC (Allocation Failure)  518318K->194822K(1023488K), 0.0038363 secs]
187.738: Total time for which application threads were stopped: 0.0039702 seconds, Stopping threads took: 0.0000197 seconds
187.802: [GC (Allocation Failure)  518406K->202825K(1035264K), 0.0038750 secs]
187.806: Total time for which application threads were stopped: 0.0040378 seconds, Stopping threads took: 0.0000179 seconds
187.869: [GC (Allocation Failure)  525385K->202761K(1030144K), 0.0036294 secs]
187.873: Total time for which application threads were stopped: 0.0037537 seconds, Stopping threads took: 0.0000187 seconds
187.938: [GC (Allocation Failure)  525321K->202857K(1034752K), 0.0037610 secs]
187.942: Total time for which application threads were stopped: 0.0038979 seconds, Stopping threads took: 0.0000248 seconds
188.007: [GC (Allocation Failure)  524393K->210827K(1034752K), 0.0063858 secs]
188.014: Total time for which application threads were stopped: 0.0065006 seconds, Stopping threads took: 0.0000158 seconds
188.081: [GC (Allocation Failure)  532363K->210827K(1033728K), 0.0037136 secs]
188.084: Total time for which application threads were stopped: 0.0038662 seconds, Stopping threads took: 0.0000194 seconds
188.148: [GC (Allocation Failure)  531339K->211083K(1034240K), 0.0040533 secs]
188.152: Total time for which application threads were stopped: 0.0041973 seconds, Stopping threads took: 0.0000202 seconds
188.216: [GC (Allocation Failure)  531595K->218861K(1034240K), 0.0039223 secs]
188.220: Total time for which application threads were stopped: 0.0040578 seconds, Stopping threads took: 0.0000196 seconds
188.283: [GC (Allocation Failure)  539373K->218861K(1034240K), 0.0038405 secs]
188.287: Total time for which application threads were stopped: 0.0039699 seconds, Stopping threads took: 0.0000193 seconds
188.349: [GC (Allocation Failure)  539373K->219309K(1034240K), 0.0040105 secs]
188.354: Total time for which application threads were stopped: 0.0041367 seconds, Stopping threads took: 0.0000184 seconds
188.416: [GC (Allocation Failure)  539821K->226895K(1028096K), 0.0038327 secs]
188.420: Total time for which application threads were stopped: 0.0039810 seconds, Stopping threads took: 0.0000250 seconds
188.484: [GC (Allocation Failure)  547407K->226895K(1033728K), 0.0038420 secs]
188.488: Total time for which application threads were stopped: 0.0039759 seconds, Stopping threads took: 0.0000161 seconds
188.550: [GC (Allocation Failure)  546383K->227015K(1033728K), 0.0038122 secs]
188.554: Total time for which application threads were stopped: 0.0039412 seconds, Stopping threads took: 0.0000179 seconds
188.618: [GC (Allocation Failure)  546503K->234922K(1033728K), 0.0039233 secs]
188.622: Total time for which application threads were stopped: 0.0040558 seconds, Stopping threads took: 0.0000192 seconds
188.685: [GC (Allocation Failure)  554410K->234922K(1033728K), 0.0039470 secs]
188.689: Total time for which application threads were stopped: 0.0040908 seconds, Stopping threads took: 0.0000191 seconds
188.751: [GC (Allocation Failure)  554410K->234986K(1033728K), 0.0040137 secs]
188.756: Total time for which application threads were stopped: 0.0041512 seconds, Stopping threads took: 0.0000197 seconds
188.819: [GC (Allocation Failure)  554474K->242956K(1027072K), 0.0040895 secs]
188.823: Total time for which application threads were stopped: 0.0042215 seconds, Stopping threads took: 0.0000183 seconds
188.884: [GC (Allocation Failure)  562443K->239050K(1034240K), 0.0030878 secs]
188.887: Total time for which application threads were stopped: 0.0032179 seconds, Stopping threads took: 0.0000194 seconds
188.951: [GC (Allocation Failure)  558538K->243108K(1033216K), 0.0040451 secs]
188.955: Total time for which application threads were stopped: 0.0041831 seconds, Stopping threads took: 0.0000247 seconds
189.020: [GC (Allocation Failure)  562596K->247108K(1034752K), 0.0039847 secs]
189.024: Total time for which application threads were stopped: 0.0041152 seconds, Stopping threads took: 0.0000186 seconds
189.090: [GC (Allocation Failure)  568644K->240290K(1034752K), 0.0015863 secs]
189.091: Total time for which application threads were stopped: 0.0017049 seconds, Stopping threads took: 0.0000152 seconds
189.155: [GC (Allocation Failure)  561826K->247180K(1034752K), 0.0039693 secs]
189.159: Total time for which application threads were stopped: 0.0041196 seconds, Stopping threads took: 0.0000279 seconds
189.222: [GC (Allocation Failure)  568716K->251228K(1034752K), 0.0054520 secs]
189.228: Total time for which application threads were stopped: 0.0055876 seconds, Stopping threads took: 0.0000197 seconds
189.291: [GC (Allocation Failure)  572764K->245690K(1034752K), 0.0023508 secs]
189.293: Total time for which application threads were stopped: 0.0024851 seconds, Stopping threads took: 0.0000187 seconds
189.356: [GC (Allocation Failure)  567226K->251500K(1034752K), 0.0039918 secs]
189.360: Total time for which application threads were stopped: 0.0041489 seconds, Stopping threads took: 0.0000208 seconds
189.424: [GC (Allocation Failure)  573036K->255372K(1034752K), 0.0043846 secs]
189.429: Total time for which application threads were stopped: 0.0045152 seconds, Stopping threads took: 0.0000194 seconds
189.491: [GC (Allocation Failure)  577860K->251466K(1035264K), 0.0029824 secs]
189.494: Total time for which application threads were stopped: 0.0031239 seconds, Stopping threads took: 0.0000241 seconds
189.561: [GC (Allocation Failure)  574026K->255532K(1036288K), 0.0041906 secs]
189.565: Total time for which application threads were stopped: 0.0043316 seconds, Stopping threads took: 0.0000194 seconds
189.628: [GC (Allocation Failure)  579628K->259500K(1035776K), 0.0039791 secs]
189.632: Total time for which application threads were stopped: 0.0041093 seconds, Stopping threads took: 0.0000187 seconds
189.698: [GC (Allocation Failure)  583596K->259532K(1035776K), 0.0039028 secs]
189.702: Total time for which application threads were stopped: 0.0040303 seconds, Stopping threads took: 0.0000188 seconds
189.765: [GC (Allocation Failure)  583116K->259556K(1023488K), 0.0042688 secs]
189.770: Total time for which application threads were stopped: 0.0044267 seconds, Stopping threads took: 0.0000244 seconds
189.832: [GC (Allocation Failure)  583140K->267558K(1035264K), 0.0039930 secs]
189.836: Total time for which application threads were stopped: 0.0041380 seconds, Stopping threads took: 0.0000187 seconds
189.901: [GC (Allocation Failure)  590118K->267526K(1030144K), 0.0039106 secs]
189.905: Total time for which application threads were stopped: 0.0040557 seconds, Stopping threads took: 0.0000261 seconds
189.968: [GC (Allocation Failure)  590086K->267590K(1034752K), 0.0040169 secs]
189.972: Total time for which application threads were stopped: 0.0041540 seconds, Stopping threads took: 0.0000188 seconds
190.037: [GC (Allocation Failure)  589126K->275560K(1029120K), 0.0049744 secs]
190.042: Total time for which application threads were stopped: 0.0051272 seconds, Stopping threads took: 0.0000271 seconds
190.108: [GC (Allocation Failure)  597096K->275560K(1034240K), 0.0039242 secs]
190.112: Total time for which application threads were stopped: 0.0040564 seconds, Stopping threads took: 0.0000189 seconds
190.175: [GC (Allocation Failure)  596072K->275816K(1034240K), 0.0040776 secs]
190.179: Total time for which application threads were stopped: 0.0042132 seconds, Stopping threads took: 0.0000201 seconds
190.243: [GC (Allocation Failure)  596328K->283627K(1034240K), 0.0038569 secs]
190.247: Total time for which application threads were stopped: 0.0039944 seconds, Stopping threads took: 0.0000261 seconds
190.311: [GC (Allocation Failure)  604139K->283595K(1034240K), 0.0040996 secs]
190.315: Total time for which application threads were stopped: 0.0042266 seconds, Stopping threads took: 0.0000184 seconds
190.378: [GC (Allocation Failure)  604107K->284043K(1033216K), 0.0041622 secs]
190.382: Total time for which application threads were stopped: 0.0043231 seconds, Stopping threads took: 0.0000465 seconds
190.448: [GC (Allocation Failure)  603531K->291629K(1033728K), 0.0039334 secs]
190.452: Total time for which application threads were stopped: 0.0040701 seconds, Stopping threads took: 0.0000254 seconds
190.517: [GC (Allocation Failure)  611117K->291629K(1033728K), 0.0039747 secs]
190.521: Total time for which application threads were stopped: 0.0041044 seconds, Stopping threads took: 0.0000182 seconds
190.584: [GC (Allocation Failure)  611117K->291757K(1033728K), 0.0042197 secs]
190.588: Total time for which application threads were stopped: 0.0043616 seconds, Stopping threads took: 0.0000185 seconds
190.654: [GC (Allocation Failure)  611245K->299695K(1033728K), 0.0040731 secs]
190.658: Total time for which application threads were stopped: 0.0042127 seconds, Stopping threads took: 0.0000263 seconds
190.721: [GC (Allocation Failure)  619183K->299663K(1033728K), 0.0042170 secs]
190.725: Total time for which application threads were stopped: 0.0043499 seconds, Stopping threads took: 0.0000186 seconds
190.789: [GC (Allocation Failure)  619151K->299719K(1033728K), 0.0040845 secs]
190.793: Total time for which application threads were stopped: 0.0042252 seconds, Stopping threads took: 0.0000265 seconds
190.855: [GC (Allocation Failure)  619207K->307689K(1027072K), 0.0042312 secs]
190.860: Total time for which application threads were stopped: 0.0043705 seconds, Stopping threads took: 0.0000180 seconds
190.920: [GC (Allocation Failure)  627177K->303783K(1034240K), 0.0032278 secs]
190.924: Total time for which application threads were stopped: 0.0033659 seconds, Stopping threads took: 0.0000250 seconds
190.989: [GC (Allocation Failure)  623271K->307849K(1033216K), 0.0040760 secs]
190.993: Total time for which application threads were stopped: 0.0042153 seconds, Stopping threads took: 0.0000186 seconds
191.058: [GC (Allocation Failure)  627337K->311817K(1034752K), 0.0051896 secs]
191.063: Total time for which application threads were stopped: 0.0053073 seconds, Stopping threads took: 0.0000243 seconds
191.126: [GC (Allocation Failure)  633353K->305031K(1034752K), 0.0018595 secs]
191.128: Total time for which application threads were stopped: 0.0019938 seconds, Stopping threads took: 0.0000200 seconds
191.192: [GC (Allocation Failure)  626567K->311921K(1034752K), 0.0041528 secs]
191.196: Total time for which application threads were stopped: 0.0042961 seconds, Stopping threads took: 0.0000282 seconds
191.258: [GC (Allocation Failure)  633457K->316001K(1034752K), 0.0049596 secs]
191.263: Total time for which application threads were stopped: 0.0050856 seconds, Stopping threads took: 0.0000175 seconds
191.325: [GC (Allocation Failure)  637537K->310431K(1034752K), 0.0023559 secs]
191.327: Total time for which application threads were stopped: 0.0024974 seconds, Stopping threads took: 0.0000193 seconds
191.392: [GC (Allocation Failure)  631967K->316233K(1034752K), 0.0041859 secs]
191.396: Total time for which application threads were stopped: 0.0043373 seconds, Stopping threads took: 0.0000196 seconds
191.460: [GC (Allocation Failure)  637769K->320105K(1035264K), 0.0044814 secs]
191.465: Total time for which application threads were stopped: 0.0046244 seconds, Stopping threads took: 0.0000235 seconds
191.529: [GC (Allocation Failure)  642594K->316231K(1035264K), 0.0031901 secs]
191.532: Total time for which application threads were stopped: 0.0033318 seconds, Stopping threads took: 0.0000293 seconds
191.596: [GC (Allocation Failure)  638791K->320265K(1036288K), 0.0040921 secs]
191.600: Total time for which application threads were stopped: 0.0042232 seconds, Stopping threads took: 0.0000191 seconds
191.663: [GC (Allocation Failure)  644361K->324265K(1035776K), 0.0041042 secs]
191.667: Total time for which application threads were stopped: 0.0042518 seconds, Stopping threads took: 0.0000239 seconds
191.731: [GC (Allocation Failure)  648361K->324233K(1035776K), 0.0041097 secs]
191.735: Total time for which application threads were stopped: 0.0042708 seconds, Stopping threads took: 0.0000246 seconds
191.800: [GC (Allocation Failure)  647817K->324329K(1023488K), 0.0042284 secs]
191.804: Total time for which application threads were stopped: 0.0043533 seconds, Stopping threads took: 0.0000163 seconds
191.868: [GC (Allocation Failure)  647913K->332268K(1035264K), 0.0040629 secs]
191.872: Total time for which application threads were stopped: 0.0041837 seconds, Stopping threads took: 0.0000156 seconds
191.938: [GC (Allocation Failure)  654828K->332268K(1030144K), 0.0039835 secs]
191.942: Total time for which application threads were stopped: 0.0041148 seconds, Stopping threads took: 0.0000254 seconds
192.006: [GC (Allocation Failure)  654828K->332300K(1034752K), 0.0042359 secs]
192.011: Total time for which application threads were stopped: 0.0043705 seconds, Stopping threads took: 0.0000163 seconds
192.077: [GC (Allocation Failure)  653836K->340334K(1029120K), 0.0042430 secs]
192.082: Total time for which application threads were stopped: 0.0043797 seconds, Stopping threads took: 0.0000153 seconds
192.148: [GC (Allocation Failure)  661870K->340302K(1034240K), 0.0039552 secs]
192.152: Total time for which application threads were stopped: 0.0040806 seconds, Stopping threads took: 0.0000177 seconds
192.215: [GC (Allocation Failure)  660814K->340558K(1034240K), 0.0041672 secs]
192.219: Total time for which application threads were stopped: 0.0043088 seconds, Stopping threads took: 0.0000191 seconds
192.285: [GC (Allocation Failure)  661070K->348336K(1034240K), 0.0041422 secs]
192.289: Total time for which application threads were stopped: 0.0042831 seconds, Stopping threads took: 0.0000189 seconds
192.353: [GC (Allocation Failure)  668848K->348336K(1034240K), 0.0042695 secs]
192.357: Total time for which application threads were stopped: 0.0044261 seconds, Stopping threads took: 0.0000195 seconds
192.421: [GC (Allocation Failure)  668848K->348776K(1033216K), 0.0042048 secs]
192.426: Total time for which application threads were stopped: 0.0043476 seconds, Stopping threads took: 0.0000275 seconds
192.489: [GC (Allocation Failure)  668264K->356395K(1033728K), 0.0041693 secs]
192.493: Total time for which application threads were stopped: 0.0042983 seconds, Stopping threads took: 0.0000176 seconds
192.556: [GC (Allocation Failure)  675883K->356363K(1033728K), 0.0041123 secs]
192.560: Total time for which application threads were stopped: 0.0042588 seconds, Stopping threads took: 0.0000183 seconds
192.622: [GC (Allocation Failure)  675851K->356523K(1033728K), 0.0041413 secs]
192.626: Total time for which application threads were stopped: 0.0042855 seconds, Stopping threads took: 0.0000181 seconds
192.693: [GC (Allocation Failure)  676011K->364429K(1033728K), 0.0041015 secs]
192.697: Total time for which application threads were stopped: 0.0042367 seconds, Stopping threads took: 0.0000164 seconds
192.762: [GC (Allocation Failure)  683917K->364397K(1033728K), 0.0042119 secs]
192.766: Total time for which application threads were stopped: 0.0043358 seconds, Stopping threads took: 0.0000162 seconds
192.829: [GC (Allocation Failure)  683885K->364461K(1033728K), 0.0043909 secs]
192.834: Total time for which application threads were stopped: 0.0045322 seconds, Stopping threads took: 0.0000205 seconds
192.896: [GC (Allocation Failure)  683949K->372431K(1027072K), 0.0043421 secs]
192.901: Total time for which application threads were stopped: 0.0044706 seconds, Stopping threads took: 0.0000188 seconds
192.962: [GC (Allocation Failure)  691919K->368525K(1034240K), 0.0033808 secs]
192.965: Total time for which application threads were stopped: 0.0035092 seconds, Stopping threads took: 0.0000190 seconds
193.028: [GC (Allocation Failure)  688013K->372591K(1033216K), 0.0043329 secs]
193.033: Total time for which application threads were stopped: 0.0044830 seconds, Stopping threads took: 0.0000238 seconds
193.098: [GC (Allocation Failure)  692079K->376559K(1034752K), 0.0042493 secs]
193.103: Total time for which application threads were stopped: 0.0043837 seconds, Stopping threads took: 0.0000173 seconds
193.165: [GC (Allocation Failure)  698095K->369741K(1034752K), 0.0018639 secs]
193.167: Total time for which application threads were stopped: 0.0020248 seconds, Stopping threads took: 0.0000205 seconds
193.233: [GC (Allocation Failure)  691277K->376663K(1034752K), 0.0043174 secs]
193.237: Total time for which application threads were stopped: 0.0044659 seconds, Stopping threads took: 0.0000294 seconds
193.299: [GC (Allocation Failure)  698199K->380743K(1034752K), 0.0052532 secs]
193.304: Total time for which application threads were stopped: 0.0053870 seconds, Stopping threads took: 0.0000190 seconds
193.366: [GC (Allocation Failure)  702279K->375173K(1034752K), 0.0025514 secs]
193.368: Total time for which application threads were stopped: 0.0026863 seconds, Stopping threads took: 0.0000195 seconds
193.433: [GC (Allocation Failure)  696709K->380983K(1034752K), 0.0042300 secs]
193.437: Total time for which application threads were stopped: 0.0043633 seconds, Stopping threads took: 0.0000253 seconds
193.501: [GC (Allocation Failure)  702519K->384823K(1035264K), 0.0047651 secs]
193.506: Total time for which application threads were stopped: 0.0049153 seconds, Stopping threads took: 0.0000191 seconds
193.569: [GC (Allocation Failure)  707311K->380949K(1035264K), 0.0033141 secs]
193.573: Total time for which application threads were stopped: 0.0034735 seconds, Stopping threads took: 0.0000238 seconds
193.637: [GC (Allocation Failure)  703509K->385015K(1036288K), 0.0045162 secs]
193.641: Total time for which application threads were stopped: 0.0046483 seconds, Stopping threads took: 0.0000195 seconds
193.706: [GC (Allocation Failure)  709111K->388983K(1035776K), 0.0042823 secs]
193.711: Total time for which application threads were stopped: 0.0044143 seconds, Stopping threads took: 0.0000187 seconds
193.775: [GC (Allocation Failure)  713079K->388983K(1035776K), 0.0042718 secs]
193.779: Total time for which application threads were stopped: 0.0044033 seconds, Stopping threads took: 0.0000188 seconds
193.843: [GC (Allocation Failure)  712567K->389119K(1023488K), 0.0043991 secs]
193.847: Total time for which application threads were stopped: 0.0045529 seconds, Stopping threads took: 0.0000198 seconds
193.911: [GC (Allocation Failure)  712703K->397025K(1035264K), 0.0042746 secs]
193.915: Total time for which application threads were stopped: 0.0044177 seconds, Stopping threads took: 0.0000193 seconds
193.979: [GC (Allocation Failure)  719585K->397025K(1030144K), 0.0040389 secs]
193.983: Total time for which application threads were stopped: 0.0041728 seconds, Stopping threads took: 0.0000200 seconds
194.047: [GC (Allocation Failure)  719585K->397049K(1034752K), 0.0053199 secs]
194.052: Total time for which application threads were stopped: 0.0054743 seconds, Stopping threads took: 0.0000251 seconds
194.117: [GC (Allocation Failure)  718585K->405052K(1034752K), 0.0045082 secs]
194.121: Total time for which application threads were stopped: 0.0046442 seconds, Stopping threads took: 0.0000204 seconds
194.185: [GC (Allocation Failure)  726588K->405052K(1033728K), 0.0042165 secs]
194.190: Total time for which application threads were stopped: 0.0043496 seconds, Stopping threads took: 0.0000191 seconds
194.254: [GC (Allocation Failure)  725564K->405244K(1034240K), 0.0050820 secs]
194.259: Total time for which application threads were stopped: 0.0052158 seconds, Stopping threads took: 0.0000196 seconds
194.325: [GC (Allocation Failure)  725756K->413086K(1034240K), 0.0042807 secs]
194.329: Total time for which application threads were stopped: 0.0044125 seconds, Stopping threads took: 0.0000187 seconds
194.393: [GC (Allocation Failure)  733598K->413086K(1034240K), 0.0043868 secs]
194.397: Total time for which application threads were stopped: 0.0045298 seconds, Stopping threads took: 0.0000182 seconds
194.462: [GC (Allocation Failure)  733598K->413542K(1033216K), 0.0043677 secs]
194.467: Total time for which application threads were stopped: 0.0044970 seconds, Stopping threads took: 0.0000239 seconds
194.530: [GC (Allocation Failure)  733030K->421128K(1033728K), 0.0042597 secs]
194.534: Total time for which application threads were stopped: 0.0044263 seconds, Stopping threads took: 0.0000262 seconds
194.599: [GC (Allocation Failure)  740616K->421128K(1033728K), 0.0043527 secs]
194.604: Total time for which application threads were stopped: 0.0044806 seconds, Stopping threads took: 0.0000178 seconds
194.664: [GC (Allocation Failure)  740616K->421288K(1033728K), 0.0044005 secs]
194.668: Total time for which application threads were stopped: 0.0045464 seconds, Stopping threads took: 0.0000238 seconds
194.732: [GC (Allocation Failure)  740776K->429162K(1033728K), 0.0041816 secs]
194.737: Total time for which application threads were stopped: 0.0043167 seconds, Stopping threads took: 0.0000262 seconds
194.799: [GC (Allocation Failure)  748650K->429162K(1033728K), 0.0045637 secs]
194.804: Total time for which application threads were stopped: 0.0046985 seconds, Stopping threads took: 0.0000261 seconds
194.868: [GC (Allocation Failure)  748650K->429226K(1033728K), 0.0042980 secs]
194.873: Total time for which application threads were stopped: 0.0044278 seconds, Stopping threads took: 0.0000179 seconds
194.936: [GC (Allocation Failure)  748714K->437229K(1027072K), 0.0044996 secs]
194.940: Total time for which application threads were stopped: 0.0046390 seconds, Stopping threads took: 0.0000268 seconds
195.001: [GC (Allocation Failure)  756716K->433258K(1034240K), 0.0036549 secs]
195.005: Total time for which application threads were stopped: 0.0037875 seconds, Stopping threads took: 0.0000190 seconds
195.070: [GC (Allocation Failure)  752746K->437357K(1033216K), 0.0044153 secs]
195.074: Total time for which application threads were stopped: 0.0045480 seconds, Stopping threads took: 0.0000164 seconds
195.138: [GC (Allocation Failure)  756845K->441357K(1034752K), 0.0042802 secs]
195.142: Total time for which application threads were stopped: 0.0044353 seconds, Stopping threads took: 0.0000186 seconds
195.205: [GC (Allocation Failure)  762893K->434538K(1034752K), 0.0019933 secs]
195.207: Total time for which application threads were stopped: 0.0021366 seconds, Stopping threads took: 0.0000194 seconds
195.272: [GC (Allocation Failure)  756074K->441357K(1034752K), 0.0043469 secs]
195.276: Total time for which application threads were stopped: 0.0044817 seconds, Stopping threads took: 0.0000197 seconds
195.339: [GC (Allocation Failure)  762893K->445493K(1034752K), 0.0054197 secs]
195.344: Total time for which application threads were stopped: 0.0055720 seconds, Stopping threads took: 0.0000234 seconds
195.406: [GC (Allocation Failure)  767029K->439922K(1034752K), 0.0026840 secs]
195.408: Total time for which application threads were stopped: 0.0028315 seconds, Stopping threads took: 0.0000246 seconds
195.472: [GC (Allocation Failure)  761458K->445733K(1034752K), 0.0042838 secs]
195.476: Total time for which application threads were stopped: 0.0044297 seconds, Stopping threads took: 0.0000265 seconds
195.540: [GC (Allocation Failure)  767269K->449605K(1034752K), 0.0046578 secs]
195.544: Total time for which application threads were stopped: 0.0047764 seconds, Stopping threads took: 0.0000154 seconds
195.608: [GC (Allocation Failure)  772093K->445698K(1035264K), 0.0034227 secs]
195.612: Total time for which application threads were stopped: 0.0035511 seconds, Stopping threads took: 0.0000192 seconds
195.675: [GC (Allocation Failure)  768258K->449773K(1036288K), 0.0046480 secs]
195.680: Total time for which application threads were stopped: 0.0047955 seconds, Stopping threads took: 0.0000188 seconds
195.745: [GC (Allocation Failure)  773869K->453741K(1035776K), 0.0043911 secs]
195.750: Total time for which application threads were stopped: 0.0045111 seconds, Stopping threads took: 0.0000161 seconds
195.814: [GC (Allocation Failure)  777837K->453773K(1035776K), 0.0043114 secs]
195.819: Total time for which application threads were stopped: 0.0044573 seconds, Stopping threads took: 0.0000245 seconds
195.884: [GC (Allocation Failure)  777357K->453805K(1023488K), 0.0044731 secs]
195.888: Total time for which application threads were stopped: 0.0046032 seconds, Stopping threads took: 0.0000184 seconds
195.952: [GC (Allocation Failure)  777389K->461775K(1035264K), 0.0044327 secs]
195.957: Total time for which application threads were stopped: 0.0045848 seconds, Stopping threads took: 0.0000251 seconds
196.021: [GC (Allocation Failure)  784335K->461775K(1030144K), 0.0041911 secs]
196.026: Total time for which application threads were stopped: 0.0043489 seconds, Stopping threads took: 0.0000188 seconds
196.090: [GC (Allocation Failure)  784335K->461831K(1034752K), 0.0046610 secs]
196.095: Total time for which application threads were stopped: 0.0048064 seconds, Stopping threads took: 0.0000178 seconds
196.158: [GC (Allocation Failure)  783367K->469801K(1034752K), 0.0045391 secs]
196.163: Total time for which application threads were stopped: 0.0046921 seconds, Stopping threads took: 0.0000204 seconds
196.229: [GC (Allocation Failure)  791337K->469801K(1033728K), 0.0043344 secs]
196.234: Total time for which application threads were stopped: 0.0044723 seconds, Stopping threads took: 0.0000196 seconds
196.297: [GC (Allocation Failure)  790313K->470057K(1034240K), 0.0043811 secs]
196.301: Total time for which application threads were stopped: 0.0045047 seconds, Stopping threads took: 0.0000203 seconds
196.367: [GC (Allocation Failure)  790569K->477867K(1034240K), 0.0043454 secs]
196.371: Total time for which application threads were stopped: 0.0044805 seconds, Stopping threads took: 0.0000161 seconds
196.437: [GC (Allocation Failure)  798379K->477867K(1034240K), 0.0044112 secs]
196.441: Total time for which application threads were stopped: 0.0045534 seconds, Stopping threads took: 0.0000291 seconds
196.504: [GC (Allocation Failure)  798379K->478283K(1033216K), 0.0046546 secs]
196.508: Total time for which application threads were stopped: 0.0047907 seconds, Stopping threads took: 0.0000190 seconds
196.574: [GC (Allocation Failure)  797771K->485870K(1033728K), 0.0045657 secs]
196.578: Total time for which application threads were stopped: 0.0046969 seconds, Stopping threads took: 0.0000184 seconds
196.642: [GC (Allocation Failure)  805358K->485838K(1033728K), 0.0043691 secs]
196.646: Total time for which application threads were stopped: 0.0045169 seconds, Stopping threads took: 0.0000191 seconds
196.708: [GC (Allocation Failure)  805326K->485990K(1033728K), 0.0046411 secs]
196.713: Total time for which application threads were stopped: 0.0047811 seconds, Stopping threads took: 0.0000186 seconds
196.778: [GC (Allocation Failure)  805478K->493896K(1033728K), 0.0043421 secs]
196.782: Total time for which application threads were stopped: 0.0044772 seconds, Stopping threads took: 0.0000193 seconds
196.846: [GC (Allocation Failure)  813384K->493896K(1033728K), 0.0044877 secs]
196.850: Total time for which application threads were stopped: 0.0046310 seconds, Stopping threads took: 0.0000187 seconds
196.913: [GC (Allocation Failure)  813384K->493960K(1033728K), 0.0044683 secs]
196.918: Total time for which application threads were stopped: 0.0046153 seconds, Stopping threads took: 0.0000190 seconds
196.981: [GC (Allocation Failure)  813448K->501930K(1027072K), 0.0045201 secs]
196.985: Total time for which application threads were stopped: 0.0046527 seconds, Stopping threads took: 0.0000188 seconds
197.048: [GC (Allocation Failure)  821418K->498024K(1034240K), 0.0047886 secs]
197.053: Total time for which application threads were stopped: 0.0049340 seconds, Stopping threads took: 0.0000255 seconds
197.118: [GC (Allocation Failure)  817512K->502090K(1033216K), 0.0044673 secs]
197.122: Total time for which application threads were stopped: 0.0045970 seconds, Stopping threads took: 0.0000171 seconds
197.188: [GC (Allocation Failure)  821578K->506058K(1034752K), 0.0045152 secs]
197.192: Total time for which application threads were stopped: 0.0046550 seconds, Stopping threads took: 0.0000209 seconds
197.255: [GC (Allocation Failure)  827594K->499272K(1034752K), 0.0022463 secs]
197.257: Total time for which application threads were stopped: 0.0023867 seconds, Stopping threads took: 0.0000191 seconds
197.322: [GC (Allocation Failure)  820808K->506130K(1034752K), 0.0044602 secs]
197.327: Total time for which application threads were stopped: 0.0046092 seconds, Stopping threads took: 0.0000211 seconds
197.390: [GC (Allocation Failure)  827666K->510178K(1034752K), 0.0055411 secs]
197.395: Total time for which application threads were stopped: 0.0057046 seconds, Stopping threads took: 0.0000245 seconds
197.458: [GC (Allocation Failure)  831714K->504672K(1034752K), 0.0027487 secs]
197.461: Total time for which application threads were stopped: 0.0028940 seconds, Stopping threads took: 0.0000266 seconds
197.529: [GC (Allocation Failure)  826208K->510482K(1034752K), 0.0046779 secs]
197.533: Total time for which application threads were stopped: 0.0048503 seconds, Stopping threads took: 0.0000292 seconds
197.601: [GC (Allocation Failure)  832018K->514354K(1034752K), 0.0049598 secs]
197.606: Total time for which application threads were stopped: 0.0051394 seconds, Stopping threads took: 0.0000203 seconds
197.670: [GC (Allocation Failure)  836843K->510448K(1035264K), 0.0034229 secs]
197.674: Total time for which application threads were stopped: 0.0035711 seconds, Stopping threads took: 0.0000201 seconds
197.740: [GC (Allocation Failure)  833008K->514506K(1036288K), 0.0047235 secs]
197.745: Total time for which application threads were stopped: 0.0048796 seconds, Stopping threads took: 0.0000199 seconds
197.809: [GC (Allocation Failure)  838602K->518474K(1035776K), 0.0044484 secs]
197.813: Total time for which application threads were stopped: 0.0045837 seconds, Stopping threads took: 0.0000196 seconds
197.878: [GC (Allocation Failure)  842570K->518474K(1035776K), 0.0045267 secs]
197.882: Total time for which application threads were stopped: 0.0046716 seconds, Stopping threads took: 0.0000196 seconds
197.948: [GC (Allocation Failure)  842058K->518538K(1023488K), 0.0044076 secs]
197.952: Total time for which application threads were stopped: 0.0045581 seconds, Stopping threads took: 0.0000249 seconds
198.015: [GC (Allocation Failure)  842122K->526541K(1035264K), 0.0045610 secs]
198.019: Total time for which application threads were stopped: 0.0047015 seconds, Stopping threads took: 0.0000200 seconds
198.087: [GC (Allocation Failure)  849101K->526509K(1030144K), 0.0046089 secs]
198.091: Total time for which application threads were stopped: 0.0047800 seconds, Stopping threads took: 0.0000205 seconds
198.159: [GC (Allocation Failure)  849069K->526565K(1034752K), 0.0049017 secs]
198.164: Total time for which application threads were stopped: 0.0050733 seconds, Stopping threads took: 0.0000209 seconds
198.231: [GC (Allocation Failure)  848101K->534567K(1029120K), 0.0047722 secs]
198.236: Total time for which application threads were stopped: 0.0049590 seconds, Stopping threads took: 0.0000268 seconds
198.303: [GC (Allocation Failure)  856103K->534535K(1034240K), 0.0046044 secs]
198.308: Total time for which application threads were stopped: 0.0047763 seconds, Stopping threads took: 0.0000206 seconds
198.374: [GC (Allocation Failure)  855047K->534791K(1034240K), 0.0046010 secs]
198.378: Total time for which application threads were stopped: 0.0047648 seconds, Stopping threads took: 0.0000199 seconds
198.447: [GC (Allocation Failure)  855303K->542601K(1034240K), 0.0044049 secs]
198.451: Total time for which application threads were stopped: 0.0045544 seconds, Stopping threads took: 0.0000257 seconds
198.517: [GC (Allocation Failure)  863113K->542569K(1034240K), 0.0046775 secs]
198.521: Total time for which application threads were stopped: 0.0048264 seconds, Stopping threads took: 0.0000207 seconds
198.585: [GC (Allocation Failure)  863081K->543017K(1033216K), 0.0046089 secs]
198.590: Total time for which application threads were stopped: 0.0047567 seconds, Stopping threads took: 0.0000201 seconds
198.653: [GC (Allocation Failure)  862505K->550571K(1033728K), 0.0070879 secs]
198.660: Total time for which application threads were stopped: 0.0072240 seconds, Stopping threads took: 0.0000195 seconds
198.726: [GC (Allocation Failure)  870059K->550603K(1033728K), 0.0045493 secs]
198.730: Total time for which application threads were stopped: 0.0046803 seconds, Stopping threads took: 0.0000186 seconds
198.791: [GC (Allocation Failure)  870091K->550763K(1033728K), 0.0047782 secs]
198.796: Total time for which application threads were stopped: 0.0049223 seconds, Stopping threads took: 0.0000182 seconds
198.861: [GC (Allocation Failure)  870251K->558670K(1033728K), 0.0045771 secs]
198.865: Total time for which application threads were stopped: 0.0048310 seconds, Stopping threads took: 0.0000186 seconds
198.929: [GC (Allocation Failure)  878158K->558638K(1033728K), 0.0046151 secs]
198.934: Total time for which application threads were stopped: 0.0047594 seconds, Stopping threads took: 0.0000269 seconds
198.996: [GC (Allocation Failure)  878126K->558702K(1033728K), 0.0047816 secs]
199.001: Total time for which application threads were stopped: 0.0049167 seconds, Stopping threads took: 0.0000188 seconds
199.066: [GC (Allocation Failure)  878190K->566672K(1027072K), 0.0046844 secs]
199.070: Total time for which application threads were stopped: 0.0048607 seconds, Stopping threads took: 0.0000204 seconds
199.135: [GC (Allocation Failure)  886159K->562766K(1034240K), 0.0038411 secs]
199.139: Total time for which application threads were stopped: 0.0039789 seconds, Stopping threads took: 0.0000168 seconds
199.207: [GC (Allocation Failure)  882254K->566832K(1033216K), 0.0049316 secs]
199.212: Total time for which application threads were stopped: 0.0050937 seconds, Stopping threads took: 0.0000203 seconds
199.276: [GC (Allocation Failure)  886320K->570800K(1034752K), 0.0046065 secs]
199.280: Total time for which application threads were stopped: 0.0047453 seconds, Stopping threads took: 0.0000201 seconds
199.343: [GC (Allocation Failure)  892336K->564014K(1034752K), 0.0023034 secs]
199.345: Total time for which application threads were stopped: 0.0024471 seconds, Stopping threads took: 0.0000198 seconds
199.409: [GC (Allocation Failure)  885550K->570872K(1034752K), 0.0046360 secs]
199.414: Total time for which application threads were stopped: 0.0047938 seconds, Stopping threads took: 0.0000215 seconds
199.477: [GC (Allocation Failure)  892408K->574984K(1034752K), 0.0056309 secs]
199.483: Total time for which application threads were stopped: 0.0057809 seconds, Stopping threads took: 0.0000263 seconds
199.545: [GC (Allocation Failure)  896520K->569414K(1034752K), 0.0028984 secs]
199.548: Total time for which application threads were stopped: 0.0030399 seconds, Stopping threads took: 0.0000201 seconds
199.611: [GC (Allocation Failure)  890950K->575256K(1034752K), 0.0046147 secs]
199.616: Total time for which application threads were stopped: 0.0047529 seconds, Stopping threads took: 0.0000201 seconds
199.679: [GC (Allocation Failure)  896792K->579096K(1035264K), 0.0049641 secs]
199.684: Total time for which application threads were stopped: 0.0050991 seconds, Stopping threads took: 0.0000183 seconds
199.747: [GC (Allocation Failure)  901584K->575190K(1035264K), 0.0036096 secs]
199.750: Total time for which application threads were stopped: 0.0037504 seconds, Stopping threads took: 0.0000196 seconds
199.816: [GC (Allocation Failure)  897750K->579248K(1036288K), 0.0048419 secs]
199.821: Total time for which application threads were stopped: 0.0049977 seconds, Stopping threads took: 0.0000275 seconds
199.886: [GC (Allocation Failure)  903344K->583216K(1035776K), 0.0046694 secs]
199.891: Total time for which application threads were stopped: 0.0048033 seconds, Stopping threads took: 0.0000187 seconds
199.956: [GC (Allocation Failure)  907312K->583216K(1035776K), 0.0045370 secs]
199.960: Total time for which application threads were stopped: 0.0046785 seconds, Stopping threads took: 0.0000252 seconds
200.023: [GC (Allocation Failure)  906800K->583272K(1023488K), 0.0046007 secs]
200.028: Total time for which application threads were stopped: 0.0047348 seconds, Stopping threads took: 0.0000196 seconds
200.094: [GC (Allocation Failure)  906856K->591242K(1035264K), 0.0047648 secs]
200.099: Total time for which application threads were stopped: 0.0049144 seconds, Stopping threads took: 0.0000197 seconds
200.164: [GC (Allocation Failure)  913802K->591274K(1030144K), 0.0046095 secs]
200.168: Total time for which application threads were stopped: 0.0047612 seconds, Stopping threads took: 0.0000203 seconds
200.232: [GC (Allocation Failure)  913834K->591306K(1034752K), 0.0048334 secs]
200.237: Total time for which application threads were stopped: 0.0049958 seconds, Stopping threads took: 0.0000253 seconds
200.300: [GC (Allocation Failure)  912842K->599276K(1034752K), 0.0047587 secs]
200.305: Total time for which application threads were stopped: 0.0048936 seconds, Stopping threads took: 0.0000186 seconds
200.371: [GC (Allocation Failure)  920812K->599276K(1033728K), 0.0045481 secs]
200.376: Total time for which application threads were stopped: 0.0046803 seconds, Stopping threads took: 0.0000191 seconds
200.439: [GC (Allocation Failure)  919788K->599532K(1034240K), 0.0046115 secs]
200.444: Total time for which application threads were stopped: 0.0047543 seconds, Stopping threads took: 0.0000263 seconds
200.508: [GC (Allocation Failure)  920044K->607343K(1034240K), 0.0045570 secs]
200.512: Total time for which application threads were stopped: 0.0046914 seconds, Stopping threads took: 0.0000191 seconds
200.576: [GC (Allocation Failure)  927855K->607311K(1034240K), 0.0047683 secs]
200.581: Total time for which application threads were stopped: 0.0049160 seconds, Stopping threads took: 0.0000246 seconds
200.644: [GC (Allocation Failure)  927823K->607751K(1033216K), 0.0048174 secs]
200.649: Total time for which application threads were stopped: 0.0049368 seconds, Stopping threads took: 0.0000154 seconds
200.712: [GC (Allocation Failure)  927239K->615337K(1033728K), 0.0048062 secs]
200.717: Total time for which application threads were stopped: 0.0049604 seconds, Stopping threads took: 0.0000242 seconds
200.780: [GC (Allocation Failure)  934825K->615337K(1033728K), 0.0046111 secs]
200.785: Total time for which application threads were stopped: 0.0047535 seconds, Stopping threads took: 0.0000197 seconds
200.846: [GC (Allocation Failure)  934825K->615497K(1033728K), 0.0047369 secs]
200.851: Total time for which application threads were stopped: 0.0048743 seconds, Stopping threads took: 0.0000181 seconds
200.914: [GC (Allocation Failure)  934985K->623403K(1033728K), 0.0047251 secs]
200.919: Total time for which application threads were stopped: 0.0048815 seconds, Stopping threads took: 0.0000242 seconds
200.983: [GC (Allocation Failure)  942891K->623371K(1033728K), 0.0067233 secs]
200.989: Total time for which application threads were stopped: 0.0068717 seconds, Stopping threads took: 0.0000264 seconds
201.053: [GC (Allocation Failure)  942859K->623395K(1033728K), 0.0066720 secs]
201.060: Total time for which application threads were stopped: 0.0067967 seconds, Stopping threads took: 0.0000241 seconds
201.123: [GC (Allocation Failure)  942883K->631429K(1027072K), 0.0049992 secs]
201.128: Total time for which application threads were stopped: 0.0051434 seconds, Stopping threads took: 0.0000200 seconds
201.190: [GC (Allocation Failure)  950917K->627491K(1034240K), 0.0039028 secs]
201.194: Total time for which application threads were stopped: 0.0040769 seconds, Stopping threads took: 0.0000249 seconds
201.257: [GC (Allocation Failure)  946979K->631565K(1033216K), 0.0047974 secs]
201.262: Total time for which application threads were stopped: 0.0049611 seconds, Stopping threads took: 0.0000242 seconds
201.327: [GC (Allocation Failure)  951053K->635533K(1034752K), 0.0046831 secs]
201.332: Total time for which application threads were stopped: 0.0048141 seconds, Stopping threads took: 0.0000185 seconds
201.397: [GC (Allocation Failure)  957069K->628747K(1034752K), 0.0024005 secs]
201.399: Total time for which application threads were stopped: 0.0025191 seconds, Stopping threads took: 0.0000161 seconds
201.462: [GC (Allocation Failure)  950283K->635605K(1034752K), 0.0045847 secs]
201.467: Total time for which application threads were stopped: 0.0047379 seconds, Stopping threads took: 0.0000258 seconds
201.530: [GC (Allocation Failure)  957141K->639685K(1034752K), 0.0056679 secs]
201.536: Total time for which application threads were stopped: 0.0058036 seconds, Stopping threads took: 0.0000185 seconds
201.597: [GC (Allocation Failure)  961221K->634115K(1034752K), 0.0030634 secs]
201.601: Total time for which application threads were stopped: 0.0032087 seconds, Stopping threads took: 0.0000265 seconds
201.665: [GC (Allocation Failure)  955651K->639957K(1034752K), 0.0048535 secs]
201.670: Total time for which application threads were stopped: 0.0049829 seconds, Stopping threads took: 0.0000185 seconds
201.733: [GC (Allocation Failure)  961493K->643861K(1035264K), 0.0051575 secs]
201.738: Total time for which application threads were stopped: 0.0052853 seconds, Stopping threads took: 0.0000183 seconds
201.800: [GC (Allocation Failure)  966350K->639923K(1035264K), 0.0036327 secs]
201.804: Total time for which application threads were stopped: 0.0037780 seconds, Stopping threads took: 0.0000184 seconds
201.870: [GC (Allocation Failure)  962483K->643981K(1036288K), 0.0047566 secs]
201.875: Total time for which application threads were stopped: 0.0048879 seconds, Stopping threads took: 0.0000247 seconds
201.939: [GC (Allocation Failure)  968077K->647981K(1035776K), 0.0047030 secs]
201.943: Total time for which application threads were stopped: 0.0048460 seconds, Stopping threads took: 0.0000191 seconds
202.010: [GC (Allocation Failure)  972077K->647949K(1035776K), 0.0047489 secs]
202.015: Total time for which application threads were stopped: 0.0049099 seconds, Stopping threads took: 0.0000250 seconds
202.081: [GC (Allocation Failure)  971533K->648005K(1023488K), 0.0048480 secs]
202.086: Total time for which application threads were stopped: 0.0049954 seconds, Stopping threads took: 0.0000188 seconds
202.149: [GC (Allocation Failure)  971589K->656040K(1035264K), 0.0049012 secs]
202.154: Total time for which application threads were stopped: 0.0050367 seconds, Stopping threads took: 0.0000190 seconds
202.219: [GC (Allocation Failure)  978600K->655944K(1030144K), 0.0046739 secs]
202.223: Total time for which application threads were stopped: 0.0048098 seconds, Stopping threads took: 0.0000205 seconds
202.287: [GC (Allocation Failure)  978504K->656040K(1034752K), 0.0048021 secs]
202.292: Total time for which application threads were stopped: 0.0049558 seconds, Stopping threads took: 0.0000195 seconds
202.357: [GC (Allocation Failure)  977576K->664042K(1029120K), 0.0048844 secs]
202.361: Total time for which application threads were stopped: 0.0050395 seconds, Stopping threads took: 0.0000194 seconds
202.427: [GC (Allocation Failure)  985578K->664010K(1034240K), 0.0046683 secs]
202.432: Total time for which application threads were stopped: 0.0048000 seconds, Stopping threads took: 0.0000187 seconds
202.495: [GC (Allocation Failure)  984522K->664266K(1034240K), 0.0048858 secs]
202.500: Total time for which application threads were stopped: 0.0050215 seconds, Stopping threads took: 0.0000192 seconds
202.563: [GC (Allocation Failure)  984778K->672076K(1034240K), 0.0046313 secs]
202.568: Total time for which application threads were stopped: 0.0047802 seconds, Stopping threads took: 0.0000190 seconds
202.633: [GC (Allocation Failure)  992588K->672044K(1034240K), 0.0048252 secs]
202.638: Total time for which application threads were stopped: 0.0049568 seconds, Stopping threads took: 0.0000164 seconds
202.701: [GC (Allocation Failure)  992556K->672484K(1033216K), 0.0050392 secs]
202.706: Total time for which application threads were stopped: 0.0051900 seconds, Stopping threads took: 0.0000255 seconds
202.769: [GC (Allocation Failure)  991972K->680071K(1033728K), 0.0048760 secs]
202.774: Total time for which application threads were stopped: 0.0050301 seconds, Stopping threads took: 0.0000260 seconds
202.839: [GC (Allocation Failure)  999559K->680071K(1033728K), 0.0054579 secs]
202.844: Total time for which application threads were stopped: 0.0056168 seconds, Stopping threads took: 0.0000273 seconds
202.905: [GC (Allocation Failure)  999559K->680231K(1033728K), 0.0049519 secs]
202.910: Total time for which application threads were stopped: 0.0050896 seconds, Stopping threads took: 0.0000184 seconds
202.974: [GC (Allocation Failure)  999719K->688137K(1033728K), 0.0048098 secs]
202.978: Total time for which application threads were stopped: 0.0049773 seconds, Stopping threads took: 0.0000191 seconds
203.042: [GC (Allocation Failure)  1007625K->688105K(1033728K), 0.0059296 secs]
203.048: Total time for which application threads were stopped: 0.0060907 seconds, Stopping threads took: 0.0000253 seconds
203.112: [GC (Allocation Failure)  1007593K->688169K(1033728K), 0.0048390 secs]
203.116: [Full GC (Ergonomics)  688169K->8540K(1033728K), 0.0125821 secs]
203.129: Total time for which application threads were stopped: 0.0176586 seconds, Stopping threads took: 0.0000194 seconds
203.193: [GC (Allocation Failure)  328028K->16735K(1027584K), 0.0036932 secs]
203.197: Total time for which application threads were stopped: 0.0038443 seconds, Stopping threads took: 0.0000202 seconds
203.260: [GC (Allocation Failure)  336222K->12812K(1034240K), 0.0027275 secs]
203.262: Total time for which application threads were stopped: 0.0028605 seconds, Stopping threads took: 0.0000196 seconds
203.328: [GC (Allocation Failure)  332300K->16871K(1033216K), 0.0037227 secs]
203.331: Total time for which application threads were stopped: 0.0038503 seconds, Stopping threads took: 0.0000181 seconds
203.394: [GC (Allocation Failure)  336359K->20839K(1034752K), 0.0034709 secs]
203.398: Total time for which application threads were stopped: 0.0036015 seconds, Stopping threads took: 0.0000183 seconds
203.461: [GC (Allocation Failure)  342375K->14052K(1034752K), 0.0011243 secs]
203.462: Total time for which application threads were stopped: 0.0012593 seconds, Stopping threads took: 0.0000190 seconds
203.528: [GC (Allocation Failure)  335588K->20911K(1034752K), 0.0035100 secs]
203.532: Total time for which application threads were stopped: 0.0036685 seconds, Stopping threads took: 0.0000214 seconds
203.595: [GC (Allocation Failure)  342447K->25023K(1034752K), 0.0045333 secs]
203.600: Total time for which application threads were stopped: 0.0046617 seconds, Stopping threads took: 0.0000185 seconds
203.661: [GC (Allocation Failure)  346559K->19452K(1034752K), 0.0018038 secs]
203.663: Total time for which application threads were stopped: 0.0019429 seconds, Stopping threads took: 0.0000193 seconds
203.728: [GC (Allocation Failure)  340988K->25263K(1034752K), 0.0035919 secs]
203.731: Total time for which application threads were stopped: 0.0037194 seconds, Stopping threads took: 0.0000179 seconds
203.794: [GC (Allocation Failure)  346799K->29135K(1035264K), 0.0040758 secs]
203.798: Total time for which application threads were stopped: 0.0042182 seconds, Stopping threads took: 0.0000233 seconds
203.861: [GC (Allocation Failure)  351623K->25228K(1035264K), 0.0025829 secs]
203.863: Total time for which application threads were stopped: 0.0027234 seconds, Stopping threads took: 0.0000187 seconds
203.927: [GC (Allocation Failure)  347788K->29295K(1036288K), 0.0038603 secs]
203.931: Total time for which application threads were stopped: 0.0040121 seconds, Stopping threads took: 0.0000193 seconds
203.994: [GC (Allocation Failure)  353391K->33295K(1035776K), 0.0035200 secs]
203.998: Total time for which application threads were stopped: 0.0036497 seconds, Stopping threads took: 0.0000191 seconds
204.066: [GC (Allocation Failure)  357391K->33263K(1035776K), 0.0036177 secs]
204.069: Total time for which application threads were stopped: 0.0037706 seconds, Stopping threads took: 0.0000175 seconds
204.137: [GC (Allocation Failure)  356847K->33319K(1023488K), 0.0038208 secs]
204.141: Total time for which application threads were stopped: 0.0039518 seconds, Stopping threads took: 0.0000164 seconds
204.204: [GC (Allocation Failure)  356903K->41257K(1035264K), 0.0037243 secs]
204.208: Total time for which application threads were stopped: 0.0038695 seconds, Stopping threads took: 0.0000204 seconds
204.272: [GC (Allocation Failure)  363817K->41289K(1030144K), 0.0034593 secs]
204.276: Total time for which application threads were stopped: 0.0035947 seconds, Stopping threads took: 0.0000208 seconds
204.339: [GC (Allocation Failure)  363849K->41353K(1034752K), 0.0036859 secs]
204.342: Total time for which application threads were stopped: 0.0038195 seconds, Stopping threads took: 0.0000195 seconds
204.405: [GC (Allocation Failure)  362889K->49323K(1034752K), 0.0036349 secs]
204.409: Total time for which application threads were stopped: 0.0038046 seconds, Stopping threads took: 0.0000242 seconds
204.476: [GC (Allocation Failure)  370859K->49323K(1033728K), 0.0033124 secs]
204.479: Total time for which application threads were stopped: 0.0034493 seconds, Stopping threads took: 0.0000251 seconds
204.542: [GC (Allocation Failure)  369835K->49579K(1034240K), 0.0037002 secs]
204.546: Total time for which application threads were stopped: 0.0038448 seconds, Stopping threads took: 0.0000234 seconds
204.612: [GC (Allocation Failure)  370091K->57389K(1034240K), 0.0035735 secs]
204.615: Total time for which application threads were stopped: 0.0037098 seconds, Stopping threads took: 0.0000183 seconds
204.679: [GC (Allocation Failure)  377901K->57357K(1034240K), 0.0036354 secs]
204.683: Total time for which application threads were stopped: 0.0037659 seconds, Stopping threads took: 0.0000207 seconds
204.747: [GC (Allocation Failure)  377869K->57773K(1033216K), 0.0037868 secs]
204.751: Total time for which application threads were stopped: 0.0039117 seconds, Stopping threads took: 0.0000177 seconds
204.817: [GC (Allocation Failure)  377261K->65424K(1033728K), 0.0035563 secs]
204.820: Total time for which application threads were stopped: 0.0036858 seconds, Stopping threads took: 0.0000181 seconds
204.886: [GC (Allocation Failure)  384912K->65392K(1033728K), 0.0034819 secs]
204.890: Total time for which application threads were stopped: 0.0036267 seconds, Stopping threads took: 0.0000321 seconds
204.951: [GC (Allocation Failure)  384880K->65544K(1033728K), 0.0035174 secs]
204.954: Total time for which application threads were stopped: 0.0036491 seconds, Stopping threads took: 0.0000250 seconds
205.022: [GC (Allocation Failure)  385032K->73482K(1033728K), 0.0035398 secs]
205.025: Total time for which application threads were stopped: 0.0036884 seconds, Stopping threads took: 0.0000266 seconds
205.089: [GC (Allocation Failure)  392970K->73418K(1033728K), 0.0037333 secs]
205.093: Total time for which application threads were stopped: 0.0038799 seconds, Stopping threads took: 0.0000179 seconds
205.157: [GC (Allocation Failure)  392906K->73482K(1033728K), 0.0037956 secs]
205.160: Total time for which application threads were stopped: 0.0039296 seconds, Stopping threads took: 0.0000195 seconds
205.223: [GC (Allocation Failure)  392970K->81452K(1027072K), 0.0037531 secs]
205.227: Total time for which application threads were stopped: 0.0040047 seconds, Stopping threads took: 0.0000271 seconds
205.288: [GC (Allocation Failure)  400940K->77578K(1034240K), 0.0028757 secs]
205.291: Total time for which application threads were stopped: 0.0030030 seconds, Stopping threads took: 0.0000183 seconds
205.354: [GC (Allocation Failure)  397066K->81612K(1033216K), 0.0036239 secs]
205.357: Total time for which application threads were stopped: 0.0037513 seconds, Stopping threads took: 0.0000175 seconds
205.423: [GC (Allocation Failure)  401100K->85612K(1034752K), 0.0036572 secs]
205.427: Total time for which application threads were stopped: 0.0037927 seconds, Stopping threads took: 0.0000188 seconds
205.491: [GC (Allocation Failure)  407148K->78794K(1034752K), 0.0012144 secs]
205.493: Total time for which application threads were stopped: 0.0013579 seconds, Stopping threads took: 0.0000291 seconds
205.555: [GC (Allocation Failure)  400330K->85676K(1034752K), 0.0036318 secs]
205.559: Total time for which application threads were stopped: 0.0037684 seconds, Stopping threads took: 0.0000188 seconds
205.621: [GC (Allocation Failure)  407212K->89724K(1034752K), 0.0045309 secs]
205.625: Total time for which application threads were stopped: 0.0046662 seconds, Stopping threads took: 0.0000173 seconds
205.688: [GC (Allocation Failure)  411260K->84218K(1034752K), 0.0018394 secs]
205.690: Total time for which application threads were stopped: 0.0019884 seconds, Stopping threads took: 0.0000178 seconds
205.754: [GC (Allocation Failure)  405754K->90028K(1034752K), 0.0036527 secs]
205.758: Total time for which application threads were stopped: 0.0037720 seconds, Stopping threads took: 0.0000157 seconds
205.821: [GC (Allocation Failure)  411564K->93892K(1035264K), 0.0041802 secs]
205.825: Total time for which application threads were stopped: 0.0043265 seconds, Stopping threads took: 0.0000201 seconds
205.889: [GC (Allocation Failure)  416380K->89986K(1035264K), 0.0026308 secs]
205.892: Total time for which application threads were stopped: 0.0027622 seconds, Stopping threads took: 0.0000195 seconds
205.956: [GC (Allocation Failure)  412546K->94028K(1036288K), 0.0036275 secs]
205.960: Total time for which application threads were stopped: 0.0037638 seconds, Stopping threads took: 0.0000259 seconds
206.023: [GC (Allocation Failure)  418124K->98028K(1035776K), 0.0036201 secs]
206.027: Total time for which application threads were stopped: 0.0037517 seconds, Stopping threads took: 0.0000185 seconds
206.096: [GC (Allocation Failure)  422124K->97964K(1035776K), 0.0036655 secs]
206.100: Total time for which application threads were stopped: 0.0038484 seconds, Stopping threads took: 0.0000172 seconds
206.169: [GC (Allocation Failure)  421548K->98060K(1023488K), 0.0039566 secs]
206.173: Total time for which application threads were stopped: 0.0041412 seconds, Stopping threads took: 0.0000178 seconds
206.242: [GC (Allocation Failure)  421644K->106030K(1035264K), 0.0041424 secs]
206.246: Total time for which application threads were stopped: 0.0043051 seconds, Stopping threads took: 0.0000200 seconds
206.312: [GC (Allocation Failure)  428590K->106030K(1030144K), 0.0036021 secs]
206.316: Total time for which application threads were stopped: 0.0037568 seconds, Stopping threads took: 0.0000206 seconds
206.380: [GC (Allocation Failure)  428590K->106086K(1034752K), 0.0038155 secs]
206.383: Total time for which application threads were stopped: 0.0039546 seconds, Stopping threads took: 0.0000210 seconds
206.447: [GC (Allocation Failure)  427622K->114057K(1034752K), 0.0037174 secs]
206.451: Total time for which application threads were stopped: 0.0038467 seconds, Stopping threads took: 0.0000185 seconds
206.515: [GC (Allocation Failure)  435593K->114057K(1033728K), 0.0035040 secs]
206.519: Total time for which application threads were stopped: 0.0036471 seconds, Stopping threads took: 0.0000197 seconds
206.582: [GC (Allocation Failure)  434569K->114313K(1034240K), 0.0037200 secs]
206.585: Total time for which application threads were stopped: 0.0038545 seconds, Stopping threads took: 0.0000186 seconds
206.649: [GC (Allocation Failure)  434825K->122091K(1034240K), 0.0035437 secs]
206.653: Total time for which application threads were stopped: 0.0036754 seconds, Stopping threads took: 0.0000197 seconds
206.718: [GC (Allocation Failure)  442603K->122059K(1034240K), 0.0037990 secs]
206.722: Total time for which application threads were stopped: 0.0039290 seconds, Stopping threads took: 0.0000186 seconds
206.785: [GC (Allocation Failure)  442571K->122547K(1034240K), 0.0063551 secs]
206.791: Total time for which application threads were stopped: 0.0065230 seconds, Stopping threads took: 0.0000245 seconds
206.855: [GC (Allocation Failure)  443059K->130133K(1028096K), 0.0035880 secs]
206.859: Total time for which application threads were stopped: 0.0037078 seconds, Stopping threads took: 0.0000163 seconds
206.921: [GC (Allocation Failure)  450645K->130133K(1033728K), 0.0037547 secs]
206.925: Total time for which application threads were stopped: 0.0038866 seconds, Stopping threads took: 0.0000186 seconds
206.986: [GC (Allocation Failure)  449621K->130285K(1033728K), 0.0037290 secs]
206.990: Total time for which application threads were stopped: 0.0038677 seconds, Stopping threads took: 0.0000252 seconds
207.055: [GC (Allocation Failure)  449773K->138191K(1033728K), 0.0042802 secs]
207.059: Total time for which application threads were stopped: 0.0044158 seconds, Stopping threads took: 0.0000238 seconds
207.125: [GC (Allocation Failure)  457679K->138159K(1033728K), 0.0039583 secs]
207.129: Total time for which application threads were stopped: 0.0041243 seconds, Stopping threads took: 0.0000196 seconds
207.192: [GC (Allocation Failure)  457647K->138215K(1033728K), 0.0037426 secs]
207.195: Total time for which application threads were stopped: 0.0038986 seconds, Stopping threads took: 0.0000276 seconds
207.259: [GC (Allocation Failure)  457703K->146186K(1027072K), 0.0038791 secs]
207.263: Total time for which application threads were stopped: 0.0040098 seconds, Stopping threads took: 0.0000189 seconds
207.324: [GC (Allocation Failure)  465673K->142311K(1034240K), 0.0030212 secs]
207.327: Total time for which application threads were stopped: 0.0031527 seconds, Stopping threads took: 0.0000195 seconds
207.392: [GC (Allocation Failure)  461799K->146346K(1033216K), 0.0038506 secs]
207.395: Total time for which application threads were stopped: 0.0039853 seconds, Stopping threads took: 0.0000188 seconds
207.459: [GC (Allocation Failure)  465834K->150282K(1034752K), 0.0037736 secs]
207.463: Total time for which application threads were stopped: 0.0039128 seconds, Stopping threads took: 0.0000267 seconds
207.525: [GC (Allocation Failure)  471818K->143527K(1034752K), 0.0013938 secs]
207.526: Total time for which application threads were stopped: 0.0015202 seconds, Stopping threads took: 0.0000179 seconds
207.589: [GC (Allocation Failure)  465063K->150418K(1034752K), 0.0037289 secs]
207.593: Total time for which application threads were stopped: 0.0038622 seconds, Stopping threads took: 0.0000194 seconds
207.654: [GC (Allocation Failure)  471954K->154466K(1034752K), 0.0046874 secs]
207.659: Total time for which application threads were stopped: 0.0048251 seconds, Stopping threads took: 0.0000205 seconds
207.720: [GC (Allocation Failure)  476002K->148895K(1034752K), 0.0020546 secs]
207.722: Total time for which application threads were stopped: 0.0021900 seconds, Stopping threads took: 0.0000193 seconds
207.787: [GC (Allocation Failure)  470431K->154714K(1034752K), 0.0038078 secs]
207.791: Total time for which application threads were stopped: 0.0039281 seconds, Stopping threads took: 0.0000161 seconds
207.854: [GC (Allocation Failure)  476250K->158586K(1034752K), 0.0041436 secs]
207.858: Total time for which application threads were stopped: 0.0042740 seconds, Stopping threads took: 0.0000186 seconds
207.923: [GC (Allocation Failure)  481074K->154743K(1035264K), 0.0029569 secs]
207.926: Total time for which application threads were stopped: 0.0030877 seconds, Stopping threads took: 0.0000185 seconds
207.992: [GC (Allocation Failure)  477303K->158778K(1036288K), 0.0038145 secs]
207.996: Total time for which application threads were stopped: 0.0039413 seconds, Stopping threads took: 0.0000249 seconds
208.062: [GC (Allocation Failure)  482874K->162778K(1035776K), 0.0045217 secs]
208.066: Total time for which application threads were stopped: 0.0046612 seconds, Stopping threads took: 0.0000256 seconds
208.132: [GC (Allocation Failure)  486874K->162746K(1035776K), 0.0039392 secs]
208.136: Total time for which application threads were stopped: 0.0041045 seconds, Stopping threads took: 0.0000197 seconds
208.202: [GC (Allocation Failure)  486330K->162818K(1023488K), 0.0037675 secs]
208.205: Total time for which application threads were stopped: 0.0039040 seconds, Stopping threads took: 0.0000203 seconds
208.267: [GC (Allocation Failure)  486402K->170788K(1035264K), 0.0038910 secs]
208.271: Total time for which application threads were stopped: 0.0040340 seconds, Stopping threads took: 0.0000190 seconds
208.335: [GC (Allocation Failure)  493348K->170788K(1030144K), 0.0035565 secs]
208.338: Total time for which application threads were stopped: 0.0037033 seconds, Stopping threads took: 0.0000240 seconds
208.404: [GC (Allocation Failure)  493348K->170860K(1034752K), 0.0038660 secs]
208.408: Total time for which application threads were stopped: 0.0039979 seconds, Stopping threads took: 0.0000193 seconds
208.471: [GC (Allocation Failure)  492396K->178830K(1034752K), 0.0038545 secs]
208.475: Total time for which application threads were stopped: 0.0039964 seconds, Stopping threads took: 0.0000192 seconds
208.540: [GC (Allocation Failure)  500366K->178830K(1033728K), 0.0037000 secs]
208.543: Total time for which application threads were stopped: 0.0038500 seconds, Stopping threads took: 0.0000192 seconds
208.608: [GC (Allocation Failure)  499342K->179078K(1034240K), 0.0038875 secs]
208.612: Total time for which application threads were stopped: 0.0040189 seconds, Stopping threads took: 0.0000189 seconds
208.677: [GC (Allocation Failure)  499590K->186857K(1034240K), 0.0036307 secs]
208.681: Total time for which application threads were stopped: 0.0037639 seconds, Stopping threads took: 0.0000190 seconds
208.744: [GC (Allocation Failure)  507369K->186889K(1034240K), 0.0038973 secs]
208.748: Total time for which application threads were stopped: 0.0040274 seconds, Stopping threads took: 0.0000190 seconds
208.811: [GC (Allocation Failure)  507401K->187305K(1033216K), 0.0040057 secs]
208.815: Total time for which application threads were stopped: 0.0041469 seconds, Stopping threads took: 0.0000194 seconds
208.878: [GC (Allocation Failure)  506793K->194923K(1033728K), 0.0038392 secs]
208.882: Total time for which application threads were stopped: 0.0039959 seconds, Stopping threads took: 0.0000185 seconds
208.945: [GC (Allocation Failure)  514411K->194891K(1033728K), 0.0037421 secs]
208.949: Total time for which application threads were stopped: 0.0038763 seconds, Stopping threads took: 0.0000289 seconds
209.010: [GC (Allocation Failure)  514379K->195019K(1033728K), 0.0039548 secs]
209.014: Total time for which application threads were stopped: 0.0041017 seconds, Stopping threads took: 0.0000285 seconds
209.082: [GC (Allocation Failure)  514507K->202925K(1033728K), 0.0039140 secs]
209.086: Total time for which application threads were stopped: 0.0040684 seconds, Stopping threads took: 0.0000192 seconds
209.152: [GC (Allocation Failure)  522413K->202925K(1033728K), 0.0039210 secs]
209.156: Total time for which application threads were stopped: 0.0040896 seconds, Stopping threads took: 0.0000330 seconds
209.221: [GC (Allocation Failure)  522413K->202989K(1033728K), 0.0039005 secs]
209.225: Total time for which application threads were stopped: 0.0040377 seconds, Stopping threads took: 0.0000202 seconds
209.290: [GC (Allocation Failure)  522477K->210959K(1027072K), 0.0039611 secs]
209.294: Total time for which application threads were stopped: 0.0040985 seconds, Stopping threads took: 0.0000274 seconds
209.355: [GC (Allocation Failure)  530447K->207021K(1034240K), 0.0031487 secs]
209.358: Total time for which application threads were stopped: 0.0032879 seconds, Stopping threads took: 0.0000188 seconds
209.423: [GC (Allocation Failure)  526509K->211111K(1033216K), 0.0039950 secs]
209.427: Total time for which application threads were stopped: 0.0041413 seconds, Stopping threads took: 0.0000181 seconds
209.493: [GC (Allocation Failure)  530599K->215079K(1034752K), 0.0037577 secs]
209.497: Total time for which application threads were stopped: 0.0038897 seconds, Stopping threads took: 0.0000177 seconds
209.561: [GC (Allocation Failure)  536615K->208293K(1034752K), 0.0015410 secs]
209.562: Total time for which application threads were stopped: 0.0016660 seconds, Stopping threads took: 0.0000162 seconds
209.627: [GC (Allocation Failure)  529829K->215143K(1034752K), 0.0038628 secs]
209.631: Total time for which application threads were stopped: 0.0040176 seconds, Stopping threads took: 0.0000263 seconds
209.694: [GC (Allocation Failure)  536679K->219223K(1034752K), 0.0048828 secs]
209.699: Total time for which application threads were stopped: 0.0050124 seconds, Stopping threads took: 0.0000179 seconds
209.760: [GC (Allocation Failure)  540759K->213685K(1034752K), 0.0020813 secs]
209.763: Total time for which application threads were stopped: 0.0022115 seconds, Stopping threads took: 0.0000186 seconds
209.827: [GC (Allocation Failure)  535221K->219535K(1034752K), 0.0040049 secs]
209.831: Total time for which application threads were stopped: 0.0041409 seconds, Stopping threads took: 0.0000197 seconds
209.894: [GC (Allocation Failure)  541071K->223375K(1035264K), 0.0042580 secs]
209.899: Total time for which application threads were stopped: 0.0043964 seconds, Stopping threads took: 0.0000185 seconds
209.964: [GC (Allocation Failure)  545864K->219469K(1035264K), 0.0027587 secs]
209.967: Total time for which application threads were stopped: 0.0028971 seconds, Stopping threads took: 0.0000241 seconds
210.031: [GC (Allocation Failure)  542029K->223535K(1036288K), 0.0040417 secs]
210.035: Total time for which application threads were stopped: 0.0041759 seconds, Stopping threads took: 0.0000243 seconds
210.101: [GC (Allocation Failure)  547631K->227503K(1035776K), 0.0040223 secs]
210.105: Total time for which application threads were stopped: 0.0041649 seconds, Stopping threads took: 0.0000189 seconds
210.170: [GC (Allocation Failure)  551599K->227503K(1035776K), 0.0037948 secs]
210.174: Total time for which application threads were stopped: 0.0039322 seconds, Stopping threads took: 0.0000197 seconds
210.238: [GC (Allocation Failure)  551087K->227567K(1023488K), 0.0039281 secs]
210.242: Total time for which application threads were stopped: 0.0040706 seconds, Stopping threads took: 0.0000204 seconds
210.304: [GC (Allocation Failure)  551151K->235538K(1035264K), 0.0039102 secs]
210.308: Total time for which application threads were stopped: 0.0040651 seconds, Stopping threads took: 0.0000193 seconds
210.372: [GC (Allocation Failure)  558098K->235538K(1030144K), 0.0037749 secs]
210.376: Total time for which application threads were stopped: 0.0039082 seconds, Stopping threads took: 0.0000194 seconds
210.441: [GC (Allocation Failure)  558098K->235562K(1034752K), 0.0046632 secs]
210.446: Total time for which application threads were stopped: 0.0048011 seconds, Stopping threads took: 0.0000271 seconds
210.510: [GC (Allocation Failure)  557098K->243532K(1034752K), 0.0039199 secs]
210.514: Total time for which application threads were stopped: 0.0040553 seconds, Stopping threads took: 0.0000151 seconds
210.578: [GC (Allocation Failure)  565068K->243596K(1033728K), 0.0038400 secs]
210.582: Total time for which application threads were stopped: 0.0039774 seconds, Stopping threads took: 0.0000186 seconds
210.644: [GC (Allocation Failure)  564108K->243820K(1034240K), 0.0040127 secs]
210.648: Total time for which application threads were stopped: 0.0041560 seconds, Stopping threads took: 0.0000207 seconds
210.714: [GC (Allocation Failure)  564332K->251566K(1034240K), 0.0136794 secs]
210.728: Total time for which application threads were stopped: 0.0137979 seconds, Stopping threads took: 0.0000187 seconds
210.795: [GC (Allocation Failure)  572078K->251598K(1034240K), 0.0039040 secs]
210.799: Total time for which application threads were stopped: 0.0040367 seconds, Stopping threads took: 0.0000199 seconds
210.861: [GC (Allocation Failure)  572110K->252038K(1034240K), 0.0040597 secs]
210.865: Total time for which application threads were stopped: 0.0041940 seconds, Stopping threads took: 0.0000201 seconds
210.930: [GC (Allocation Failure)  572550K->259624K(1028096K), 0.0039441 secs]
210.934: Total time for which application threads were stopped: 0.0040811 seconds, Stopping threads took: 0.0000182 seconds
210.996: [GC (Allocation Failure)  580136K->259656K(1033728K), 0.0039182 secs]
211.000: Total time for which application threads were stopped: 0.0040529 seconds, Stopping threads took: 0.0000200 seconds
211.064: [GC (Allocation Failure)  579144K->259784K(1033728K), 0.0040195 secs]
211.068: Total time for which application threads were stopped: 0.0041493 seconds, Stopping threads took: 0.0000169 seconds
211.133: [GC (Allocation Failure)  579272K->267627K(1033728K), 0.0039274 secs]
211.137: Total time for which application threads were stopped: 0.0040606 seconds, Stopping threads took: 0.0000192 seconds
211.201: [GC (Allocation Failure)  587115K->267659K(1033728K), 0.0040459 secs]
211.205: Total time for which application threads were stopped: 0.0041812 seconds, Stopping threads took: 0.0000196 seconds
211.267: [GC (Allocation Failure)  587147K->267723K(1033728K), 0.0040360 secs]
211.271: Total time for which application threads were stopped: 0.0041770 seconds, Stopping threads took: 0.0000251 seconds
211.333: [GC (Allocation Failure)  587211K->275725K(1027072K), 0.0041137 secs]
211.337: Total time for which application threads were stopped: 0.0042367 seconds, Stopping threads took: 0.0000178 seconds
211.399: [GC (Allocation Failure)  595212K->271755K(1034240K), 0.0032263 secs]
211.402: Total time for which application threads were stopped: 0.0033530 seconds, Stopping threads took: 0.0000180 seconds
211.468: [GC (Allocation Failure)  591243K->275853K(1033216K), 0.0040746 secs]
211.472: Total time for which application threads were stopped: 0.0042159 seconds, Stopping threads took: 0.0000260 seconds
211.535: [GC (Allocation Failure)  595341K->279789K(1034752K), 0.0039909 secs]
211.539: Total time for which application threads were stopped: 0.0041215 seconds, Stopping threads took: 0.0000181 seconds
211.601: [GC (Allocation Failure)  601325K->273035K(1034752K), 0.0017274 secs]
211.603: Total time for which application threads were stopped: 0.0018595 seconds, Stopping threads took: 0.0000194 seconds
211.665: [GC (Allocation Failure)  594571K->279917K(1034752K), 0.0039480 secs]
211.669: Total time for which application threads were stopped: 0.0040892 seconds, Stopping threads took: 0.0000196 seconds
211.731: [GC (Allocation Failure)  601453K->283965K(1034752K), 0.0049906 secs]
211.736: Total time for which application threads were stopped: 0.0051400 seconds, Stopping threads took: 0.0000202 seconds
211.799: [GC (Allocation Failure)  605501K->278427K(1034752K), 0.0021537 secs]
211.801: Total time for which application threads were stopped: 0.0022720 seconds, Stopping threads took: 0.0000157 seconds
211.865: [GC (Allocation Failure)  599963K->284229K(1034752K), 0.0041783 secs]
211.869: Total time for which application threads were stopped: 0.0043402 seconds, Stopping threads took: 0.0000200 seconds
211.933: [GC (Allocation Failure)  605765K->288133K(1034752K), 0.0045010 secs]
211.937: Total time for which application threads were stopped: 0.0046690 seconds, Stopping threads took: 0.0000241 seconds
212.002: [GC (Allocation Failure)  610621K->284163K(1035264K), 0.0028928 secs]
212.005: Total time for which application threads were stopped: 0.0030297 seconds, Stopping threads took: 0.0000260 seconds
212.071: [GC (Allocation Failure)  606723K->288269K(1036288K), 0.0041665 secs]
212.075: Total time for which application threads were stopped: 0.0042951 seconds, Stopping threads took: 0.0000169 seconds
212.139: [GC (Allocation Failure)  612365K->292237K(1035776K), 0.0041019 secs]
212.143: Total time for which application threads were stopped: 0.0042386 seconds, Stopping threads took: 0.0000248 seconds
212.209: [GC (Allocation Failure)  616333K->292269K(1035776K), 0.0040654 secs]
212.213: Total time for which application threads were stopped: 0.0041961 seconds, Stopping threads took: 0.0000189 seconds
212.276: [GC (Allocation Failure)  615853K->292365K(1023488K), 0.0040761 secs]
212.280: Total time for which application threads were stopped: 0.0042053 seconds, Stopping threads took: 0.0000180 seconds
212.342: [GC (Allocation Failure)  615949K->300303K(1035264K), 0.0041318 secs]
212.346: Total time for which application threads were stopped: 0.0042704 seconds, Stopping threads took: 0.0000189 seconds
212.409: [GC (Allocation Failure)  622863K->300239K(1030144K), 0.0039488 secs]
212.413: Total time for which application threads were stopped: 0.0040788 seconds, Stopping threads took: 0.0000190 seconds
212.478: [GC (Allocation Failure)  622799K->300327K(1034752K), 0.0040715 secs]
212.482: Total time for which application threads were stopped: 0.0042319 seconds, Stopping threads took: 0.0000266 seconds
212.547: [GC (Allocation Failure)  621863K->308297K(1034752K), 0.0042455 secs]
212.551: Total time for which application threads were stopped: 0.0044069 seconds, Stopping threads took: 0.0000174 seconds
212.618: [GC (Allocation Failure)  629833K->308297K(1033728K), 0.0038358 secs]
212.621: Total time for which application threads were stopped: 0.0039668 seconds, Stopping threads took: 0.0000186 seconds
212.684: [GC (Allocation Failure)  628809K->308553K(1034240K), 0.0041420 secs]
212.689: Total time for which application threads were stopped: 0.0042860 seconds, Stopping threads took: 0.0000194 seconds
212.755: [GC (Allocation Failure)  629065K->316332K(1034240K), 0.0039760 secs]
212.759: Total time for which application threads were stopped: 0.0041258 seconds, Stopping threads took: 0.0000214 seconds
212.824: [GC (Allocation Failure)  636844K->316364K(1034240K), 0.0040191 secs]
212.828: Total time for which application threads were stopped: 0.0041637 seconds, Stopping threads took: 0.0000190 seconds
212.892: [GC (Allocation Failure)  636876K->316748K(1033216K), 0.0042411 secs]
212.897: Total time for which application threads were stopped: 0.0043924 seconds, Stopping threads took: 0.0000203 seconds
212.962: [GC (Allocation Failure)  636236K->324398K(1033728K), 0.0040095 secs]
212.966: Total time for which application threads were stopped: 0.0041689 seconds, Stopping threads took: 0.0000247 seconds
213.031: [GC (Allocation Failure)  643886K->324398K(1033728K), 0.0040947 secs]
213.035: Total time for which application threads were stopped: 0.0042127 seconds, Stopping threads took: 0.0000167 seconds
213.099: [GC (Allocation Failure)  643886K->324526K(1033728K), 0.0042561 secs]
213.104: Total time for which application threads were stopped: 0.0044038 seconds, Stopping threads took: 0.0000198 seconds
213.171: [GC (Allocation Failure)  644014K->332432K(1033728K), 0.0040526 secs]
213.176: Total time for which application threads were stopped: 0.0041979 seconds, Stopping threads took: 0.0000193 seconds
213.239: [GC (Allocation Failure)  651920K->332368K(1033728K), 0.0043667 secs]
213.244: Total time for which application threads were stopped: 0.0044952 seconds, Stopping threads took: 0.0000171 seconds
213.309: [GC (Allocation Failure)  651856K->332456K(1033728K), 0.0041831 secs]
213.313: Total time for which application threads were stopped: 0.0043396 seconds, Stopping threads took: 0.0000280 seconds
213.377: [GC (Allocation Failure)  651944K->340427K(1027072K), 0.0044176 secs]
213.382: Total time for which application threads were stopped: 0.0045382 seconds, Stopping threads took: 0.0000157 seconds
213.443: [GC (Allocation Failure)  659914K->336520K(1034240K), 0.0052101 secs]
213.448: Total time for which application threads were stopped: 0.0053282 seconds, Stopping threads took: 0.0000185 seconds
213.512: [GC (Allocation Failure)  656008K->340587K(1033216K), 0.0042250 secs]
213.517: Total time for which application threads were stopped: 0.0043707 seconds, Stopping threads took: 0.0000182 seconds
213.581: [GC (Allocation Failure)  660075K->344555K(1034752K), 0.0040162 secs]
213.585: Total time for which application threads were stopped: 0.0041706 seconds, Stopping threads took: 0.0000163 seconds
213.650: [GC (Allocation Failure)  666091K->337768K(1034752K), 0.0016913 secs]
213.652: Total time for which application threads were stopped: 0.0018098 seconds, Stopping threads took: 0.0000159 seconds
213.715: [GC (Allocation Failure)  659304K->344651K(1034752K), 0.0041096 secs]
213.719: Total time for which application threads were stopped: 0.0042552 seconds, Stopping threads took: 0.0000187 seconds
213.783: [GC (Allocation Failure)  666187K->348699K(1034752K), 0.0050765 secs]
213.788: Total time for which application threads were stopped: 0.0052038 seconds, Stopping threads took: 0.0000235 seconds
213.850: [GC (Allocation Failure)  670235K->343160K(1034752K), 0.0024177 secs]
213.852: Total time for which application threads were stopped: 0.0025474 seconds, Stopping threads took: 0.0000190 seconds
213.916: [GC (Allocation Failure)  664696K->349003K(1034752K), 0.0041821 secs]
213.920: Total time for which application threads were stopped: 0.0043447 seconds, Stopping threads took: 0.0000242 seconds
213.985: [GC (Allocation Failure)  670539K->352843K(1035264K), 0.0045003 secs]
213.989: Total time for which application threads were stopped: 0.0046395 seconds, Stopping threads took: 0.0000267 seconds
214.053: [GC (Allocation Failure)  675331K->348936K(1035264K), 0.0039801 secs]
214.057: Total time for which application threads were stopped: 0.0041293 seconds, Stopping threads took: 0.0000233 seconds
214.121: [GC (Allocation Failure)  671496K->353003K(1036288K), 0.0042965 secs]
214.126: Total time for which application threads were stopped: 0.0044556 seconds, Stopping threads took: 0.0000282 seconds
214.191: [GC (Allocation Failure)  677099K->356971K(1035776K), 0.0042426 secs]
214.195: Total time for which application threads were stopped: 0.0043619 seconds, Stopping threads took: 0.0000156 seconds
214.259: [GC (Allocation Failure)  681067K->356939K(1035776K), 0.0040922 secs]
214.264: Total time for which application threads were stopped: 0.0042288 seconds, Stopping threads took: 0.0000245 seconds
214.327: [GC (Allocation Failure)  680523K->357035K(1023488K), 0.0041578 secs]
214.331: Total time for which application threads were stopped: 0.0043223 seconds, Stopping threads took: 0.0000241 seconds
214.395: [GC (Allocation Failure)  680619K->365037K(1035264K), 0.0041640 secs]
214.399: Total time for which application threads were stopped: 0.0042929 seconds, Stopping threads took: 0.0000190 seconds
214.463: [GC (Allocation Failure)  687597K->365005K(1030144K), 0.0040298 secs]
214.467: Total time for which application threads were stopped: 0.0041585 seconds, Stopping threads took: 0.0000193 seconds
214.532: [GC (Allocation Failure)  687565K->365061K(1034752K), 0.0044253 secs]
214.536: Total time for which application threads were stopped: 0.0045525 seconds, Stopping threads took: 0.0000178 seconds
214.599: [GC (Allocation Failure)  686597K->373063K(1029120K), 0.0043836 secs]
214.604: Total time for which application threads were stopped: 0.0045109 seconds, Stopping threads took: 0.0000185 seconds
214.667: [GC (Allocation Failure)  694599K->373031K(1034240K), 0.0040742 secs]
214.671: Total time for which application threads were stopped: 0.0042090 seconds, Stopping threads took: 0.0000182 seconds
214.734: [GC (Allocation Failure)  693543K->373287K(1034240K), 0.0042946 secs]
214.738: Total time for which application threads were stopped: 0.0044311 seconds, Stopping threads took: 0.0000198 seconds
214.801: [GC (Allocation Failure)  693799K->381065K(1034240K), 0.0040974 secs]
214.806: Total time for which application threads were stopped: 0.0042398 seconds, Stopping threads took: 0.0000190 seconds
214.869: [GC (Allocation Failure)  701577K->381065K(1034240K), 0.0042094 secs]
214.873: Total time for which application threads were stopped: 0.0043446 seconds, Stopping threads took: 0.0000197 seconds
214.937: [GC (Allocation Failure)  701577K->381513K(1033216K), 0.0044193 secs]
214.942: Total time for which application threads were stopped: 0.0045530 seconds, Stopping threads took: 0.0000177 seconds
215.007: [GC (Allocation Failure)  701001K->389100K(1033728K), 0.0043474 secs]
215.012: Total time for which application threads were stopped: 0.0044870 seconds, Stopping threads took: 0.0000249 seconds
215.077: [GC (Allocation Failure)  708588K->389100K(1033728K), 0.0044882 secs]
215.082: Total time for which application threads were stopped: 0.0046582 seconds, Stopping threads took: 0.0000182 seconds
215.146: [GC (Allocation Failure)  708588K->389260K(1033728K), 0.0044191 secs]
215.150: Total time for which application threads were stopped: 0.0045879 seconds, Stopping threads took: 0.0000277 seconds
215.218: [GC (Allocation Failure)  708748K->397134K(1033728K), 0.0043493 secs]
215.223: Total time for which application threads were stopped: 0.0045450 seconds, Stopping threads took: 0.0000203 seconds
215.290: [GC (Allocation Failure)  716622K->397166K(1033728K), 0.0043993 secs]
215.294: Total time for which application threads were stopped: 0.0045734 seconds, Stopping threads took: 0.0000191 seconds
215.361: [GC (Allocation Failure)  716654K->397190K(1033728K), 0.0044752 secs]
215.365: Total time for which application threads were stopped: 0.0046445 seconds, Stopping threads took: 0.0000287 seconds
215.430: [GC (Allocation Failure)  716678K->405160K(1027072K), 0.0045269 secs]
215.434: Total time for which application threads were stopped: 0.0046762 seconds, Stopping threads took: 0.0000210 seconds
215.497: [GC (Allocation Failure)  724648K->401254K(1034240K), 0.0035175 secs]
215.500: Total time for which application threads were stopped: 0.0036721 seconds, Stopping threads took: 0.0000256 seconds
215.565: [GC (Allocation Failure)  720742K->405320K(1033216K), 0.0043593 secs]
215.569: Total time for which application threads were stopped: 0.0045201 seconds, Stopping threads took: 0.0000283 seconds
215.635: [GC (Allocation Failure)  724808K->409288K(1034752K), 0.0043189 secs]
215.639: Total time for which application threads were stopped: 0.0044387 seconds, Stopping threads took: 0.0000160 seconds
215.702: [GC (Allocation Failure)  730824K->402502K(1034752K), 0.0020093 secs]
215.704: Total time for which application threads were stopped: 0.0021405 seconds, Stopping threads took: 0.0000190 seconds
215.767: [GC (Allocation Failure)  724038K->409352K(1034752K), 0.0043101 secs]
215.772: Total time for which application threads were stopped: 0.0044750 seconds, Stopping threads took: 0.0000244 seconds
215.835: [GC (Allocation Failure)  730888K->413432K(1034752K), 0.0052963 secs]
215.840: Total time for which application threads were stopped: 0.0054351 seconds, Stopping threads took: 0.0000180 seconds
215.902: [GC (Allocation Failure)  734968K->407894K(1034752K), 0.0026097 secs]
215.904: Total time for which application threads were stopped: 0.0027589 seconds, Stopping threads took: 0.0000245 seconds
215.971: [GC (Allocation Failure)  729430K->413728K(1034752K), 0.0043722 secs]
215.975: Total time for which application threads were stopped: 0.0045107 seconds, Stopping threads took: 0.0000243 seconds
216.039: [GC (Allocation Failure)  735264K->417560K(1034752K), 0.0065857 secs]
216.045: Total time for which application threads were stopped: 0.0067323 seconds, Stopping threads took: 0.0000240 seconds
216.110: [GC (Allocation Failure)  740048K->413654K(1035264K), 0.0032140 secs]
216.113: Total time for which application threads were stopped: 0.0033335 seconds, Stopping threads took: 0.0000197 seconds
216.180: [GC (Allocation Failure)  736214K->417720K(1036288K), 0.0044916 secs]
216.185: Total time for which application threads were stopped: 0.0046446 seconds, Stopping threads took: 0.0000208 seconds
216.249: [GC (Allocation Failure)  741816K->421688K(1035776K), 0.0043167 secs]
216.254: Total time for which application threads were stopped: 0.0044474 seconds, Stopping threads took: 0.0000189 seconds
216.320: [GC (Allocation Failure)  745784K->421656K(1035776K), 0.0042132 secs]
216.324: Total time for which application threads were stopped: 0.0043548 seconds, Stopping threads took: 0.0000187 seconds
216.388: [GC (Allocation Failure)  745240K->421752K(1023488K), 0.0043168 secs]
216.392: Total time for which application threads were stopped: 0.0044650 seconds, Stopping threads took: 0.0000193 seconds
216.457: [GC (Allocation Failure)  745336K->429754K(1035264K), 0.0043421 secs]
216.461: Total time for which application threads were stopped: 0.0044742 seconds, Stopping threads took: 0.0000258 seconds
216.525: [GC (Allocation Failure)  752314K->429754K(1030144K), 0.0041568 secs]
216.530: Total time for which application threads were stopped: 0.0042985 seconds, Stopping threads took: 0.0000248 seconds
216.593: [GC (Allocation Failure)  752314K->429786K(1034752K), 0.0046626 secs]
216.598: Total time for which application threads were stopped: 0.0048063 seconds, Stopping threads took: 0.0000199 seconds
216.661: [GC (Allocation Failure)  751322K->437757K(1034752K), 0.0045800 secs]
216.666: Total time for which application threads were stopped: 0.0047280 seconds, Stopping threads took: 0.0000240 seconds
216.731: [GC (Allocation Failure)  759293K->437757K(1033728K), 0.0042472 secs]
216.735: Total time for which application threads were stopped: 0.0043823 seconds, Stopping threads took: 0.0000191 seconds
216.798: [GC (Allocation Failure)  758269K->437981K(1034240K), 0.0072886 secs]
216.805: Total time for which application threads were stopped: 0.0074154 seconds, Stopping threads took: 0.0000187 seconds
216.870: [GC (Allocation Failure)  758493K->445823K(1034240K), 0.0042303 secs]
216.874: Total time for which application threads were stopped: 0.0043592 seconds, Stopping threads took: 0.0000184 seconds
216.941: [GC (Allocation Failure)  766335K->445759K(1034240K), 0.0044618 secs]
216.945: Total time for which application threads were stopped: 0.0045990 seconds, Stopping threads took: 0.0000185 seconds
217.009: [GC (Allocation Failure)  766271K->446215K(1033216K), 0.0043592 secs]
217.013: Total time for which application threads were stopped: 0.0045049 seconds, Stopping threads took: 0.0000188 seconds
217.080: [GC (Allocation Failure)  765703K->453833K(1033728K), 0.0045356 secs]
217.085: Total time for which application threads were stopped: 0.0046932 seconds, Stopping threads took: 0.0000189 seconds
217.151: [GC (Allocation Failure)  773321K->453833K(1033728K), 0.0045621 secs]
217.156: Total time for which application threads were stopped: 0.0047173 seconds, Stopping threads took: 0.0000196 seconds
217.218: [GC (Allocation Failure)  773321K->453993K(1033728K), 0.0043835 secs]
217.222: Total time for which application threads were stopped: 0.0045243 seconds, Stopping threads took: 0.0000270 seconds
217.287: [GC (Allocation Failure)  773481K->461867K(1033728K), 0.0043806 secs]
217.291: Total time for which application threads were stopped: 0.0045151 seconds, Stopping threads took: 0.0000167 seconds
217.355: [GC (Allocation Failure)  781355K->461867K(1033728K), 0.0044346 secs]
217.360: Total time for which application threads were stopped: 0.0045725 seconds, Stopping threads took: 0.0000197 seconds
217.422: [GC (Allocation Failure)  781355K->461931K(1033728K), 0.0046345 secs]
217.427: Total time for which application threads were stopped: 0.0047783 seconds, Stopping threads took: 0.0000270 seconds
217.490: [GC (Allocation Failure)  781419K->469902K(1027072K), 0.0044133 secs]
217.495: Total time for which application threads were stopped: 0.0045511 seconds, Stopping threads took: 0.0000248 seconds
217.556: [GC (Allocation Failure)  789389K->465963K(1034240K), 0.0047184 secs]
217.560: Total time for which application threads were stopped: 0.0048541 seconds, Stopping threads took: 0.0000191 seconds
217.624: [GC (Allocation Failure)  785451K->470062K(1033216K), 0.0046961 secs]
217.628: Total time for which application threads were stopped: 0.0048445 seconds, Stopping threads took: 0.0000269 seconds
217.691: [GC (Allocation Failure)  789550K->474030K(1034752K), 0.0044022 secs]
217.696: Total time for which application threads were stopped: 0.0045380 seconds, Stopping threads took: 0.0000185 seconds
217.758: [GC (Allocation Failure)  795566K->467243K(1034752K), 0.0020743 secs]
217.760: Total time for which application threads were stopped: 0.0022004 seconds, Stopping threads took: 0.0000197 seconds
217.825: [GC (Allocation Failure)  788779K->474102K(1034752K), 0.0042840 secs]
217.829: Total time for which application threads were stopped: 0.0044051 seconds, Stopping threads took: 0.0000157 seconds
217.891: [GC (Allocation Failure)  795638K->478150K(1034752K), 0.0066498 secs]
217.898: Total time for which application threads were stopped: 0.0068102 seconds, Stopping threads took: 0.0000182 seconds
217.960: [GC (Allocation Failure)  799686K->472611K(1034752K), 0.0025574 secs]
217.963: Total time for which application threads were stopped: 0.0026965 seconds, Stopping threads took: 0.0000274 seconds
218.026: [GC (Allocation Failure)  794147K->478446K(1034752K), 0.0044473 secs]
218.031: Total time for which application threads were stopped: 0.0045889 seconds, Stopping threads took: 0.0000237 seconds
218.097: [GC (Allocation Failure)  799982K->482310K(1034752K), 0.0048307 secs]
218.102: Total time for which application threads were stopped: 0.0049967 seconds, Stopping threads took: 0.0000194 seconds
218.166: [GC (Allocation Failure)  804798K->478403K(1035264K), 0.0035670 secs]
218.169: Total time for which application threads were stopped: 0.0037333 seconds, Stopping threads took: 0.0000204 seconds
218.238: [GC (Allocation Failure)  800963K->482478K(1036288K), 0.0046523 secs]
218.243: Total time for which application threads were stopped: 0.0048165 seconds, Stopping threads took: 0.0000348 seconds
218.307: [GC (Allocation Failure)  806574K->486478K(1035776K), 0.0045011 secs]
218.312: Total time for which application threads were stopped: 0.0046449 seconds, Stopping threads took: 0.0000206 seconds
218.377: [GC (Allocation Failure)  810574K->486414K(1035776K), 0.0043167 secs]
218.381: Total time for which application threads were stopped: 0.0044871 seconds, Stopping threads took: 0.0000289 seconds
218.447: [GC (Allocation Failure)  809998K->486510K(1023488K), 0.0045722 secs]
218.451: Total time for which application threads were stopped: 0.0046971 seconds, Stopping threads took: 0.0000207 seconds
218.515: [GC (Allocation Failure)  810094K->494480K(1035264K), 0.0045139 secs]
218.520: Total time for which application threads were stopped: 0.0046541 seconds, Stopping threads took: 0.0000188 seconds
218.583: [GC (Allocation Failure)  817040K->494480K(1030144K), 0.0043032 secs]
218.587: Total time for which application threads were stopped: 0.0044550 seconds, Stopping threads took: 0.0000204 seconds
218.652: [GC (Allocation Failure)  817040K->494536K(1034752K), 0.0045016 secs]
218.657: Total time for which application threads were stopped: 0.0046374 seconds, Stopping threads took: 0.0000186 seconds
218.720: [GC (Allocation Failure)  816072K->502538K(1034752K), 0.0044467 secs]
218.725: Total time for which application threads were stopped: 0.0045948 seconds, Stopping threads took: 0.0000197 seconds
218.790: [GC (Allocation Failure)  824074K->502506K(1033728K), 0.0042681 secs]
218.795: Total time for which application threads were stopped: 0.0043883 seconds, Stopping threads took: 0.0000158 seconds
218.859: [GC (Allocation Failure)  823018K->502730K(1034240K), 0.0044513 secs]
218.863: Total time for which application threads were stopped: 0.0045957 seconds, Stopping threads took: 0.0000236 seconds
218.929: [GC (Allocation Failure)  823242K->510573K(1034240K), 0.0044107 secs]
218.933: Total time for which application threads were stopped: 0.0045417 seconds, Stopping threads took: 0.0000187 seconds
218.997: [GC (Allocation Failure)  831085K->510509K(1034240K), 0.0044434 secs]
219.001: Total time for which application threads were stopped: 0.0045852 seconds, Stopping threads took: 0.0000277 seconds
219.065: [GC (Allocation Failure)  831021K->510989K(1033216K), 0.0045775 secs]
219.070: Total time for which application threads were stopped: 0.0047478 seconds, Stopping threads took: 0.0000169 seconds
219.137: [GC (Allocation Failure)  830477K->518607K(1033728K), 0.0045093 secs]
219.141: Total time for which application threads were stopped: 0.0046987 seconds, Stopping threads took: 0.0000201 seconds
219.209: [GC (Allocation Failure)  838095K->518575K(1033728K), 0.0045142 secs]
219.213: Total time for which application threads were stopped: 0.0047032 seconds, Stopping threads took: 0.0000197 seconds
219.278: [GC (Allocation Failure)  838063K->518743K(1033728K), 0.0045483 secs]
219.282: Total time for which application threads were stopped: 0.0046989 seconds, Stopping threads took: 0.0000191 seconds
219.348: [GC (Allocation Failure)  838231K->526649K(1033728K), 0.0044185 secs]
219.352: Total time for which application threads were stopped: 0.0045695 seconds, Stopping threads took: 0.0000199 seconds
219.417: [GC (Allocation Failure)  846137K->526617K(1033728K), 0.0047406 secs]
219.422: Total time for which application threads were stopped: 0.0048904 seconds, Stopping threads took: 0.0000198 seconds
219.486: [GC (Allocation Failure)  846105K->526681K(1033728K), 0.0045400 secs]
219.491: Total time for which application threads were stopped: 0.0046822 seconds, Stopping threads took: 0.0000257 seconds
219.555: [GC (Allocation Failure)  846169K->534619K(1027072K), 0.0047608 secs]
219.559: Total time for which application threads were stopped: 0.0049134 seconds, Stopping threads took: 0.0000198 seconds
219.621: [GC (Allocation Failure)  854107K->530745K(1034240K), 0.0038158 secs]
219.625: Total time for which application threads were stopped: 0.0039606 seconds, Stopping threads took: 0.0000200 seconds
219.689: [GC (Allocation Failure)  850233K->534819K(1033216K), 0.0046772 secs]
219.694: Total time for which application threads were stopped: 0.0048155 seconds, Stopping threads took: 0.0000201 seconds
219.759: [GC (Allocation Failure)  854307K->538755K(1034752K), 0.0044919 secs]
219.764: Total time for which application threads were stopped: 0.0046341 seconds, Stopping threads took: 0.0000220 seconds
219.828: [GC (Allocation Failure)  860291K->532033K(1034752K), 0.0020919 secs]
219.830: Total time for which application threads were stopped: 0.0022183 seconds, Stopping threads took: 0.0000192 seconds
219.895: [GC (Allocation Failure)  853569K->538851K(1034752K), 0.0045984 secs]
219.900: Total time for which application threads were stopped: 0.0047510 seconds, Stopping threads took: 0.0000250 seconds
219.962: [GC (Allocation Failure)  860387K->542931K(1034752K), 0.0053807 secs]
219.968: Total time for which application threads were stopped: 0.0055227 seconds, Stopping threads took: 0.0000257 seconds
220.029: [GC (Allocation Failure)  864467K->537425K(1034752K), 0.0026954 secs]
220.032: Total time for which application threads were stopped: 0.0028201 seconds, Stopping threads took: 0.0000190 seconds
220.101: [GC (Allocation Failure)  858961K->543203K(1034752K), 0.0046281 secs]
220.105: Total time for which application threads were stopped: 0.0047932 seconds, Stopping threads took: 0.0000198 seconds
220.172: [GC (Allocation Failure)  864739K->547075K(1034752K), 0.0050446 secs]
220.177: Total time for which application threads were stopped: 0.0052212 seconds, Stopping threads took: 0.0000208 seconds
220.246: [GC (Allocation Failure)  869564K->543169K(1035264K), 0.0034900 secs]
220.249: Total time for which application threads were stopped: 0.0036669 seconds, Stopping threads took: 0.0000202 seconds
220.319: [GC (Allocation Failure)  865729K->547243K(1036288K), 0.0049412 secs]
220.324: Total time for which application threads were stopped: 0.0051110 seconds, Stopping threads took: 0.0000211 seconds
220.391: [GC (Allocation Failure)  871339K->551179K(1035776K), 0.0045554 secs]
220.395: Total time for which application threads were stopped: 0.0047344 seconds, Stopping threads took: 0.0000207 seconds
220.464: [GC (Allocation Failure)  875275K->551211K(1035776K), 0.0046070 secs]
220.469: Total time for which application threads were stopped: 0.0047648 seconds, Stopping threads took: 0.0000197 seconds
220.535: [GC (Allocation Failure)  874795K->551275K(1023488K), 0.0045856 secs]
220.540: Total time for which application threads were stopped: 0.0047421 seconds, Stopping threads took: 0.0000198 seconds
220.607: [GC (Allocation Failure)  874859K->559246K(1035264K), 0.0047892 secs]
220.612: Total time for which application threads were stopped: 0.0049363 seconds, Stopping threads took: 0.0000169 seconds
220.679: [GC (Allocation Failure)  881806K->559246K(1030144K), 0.0046171 secs]
220.684: Total time for which application threads were stopped: 0.0047803 seconds, Stopping threads took: 0.0000205 seconds
220.751: [GC (Allocation Failure)  881806K->559302K(1034752K), 0.0047617 secs]
220.756: Total time for which application threads were stopped: 0.0049273 seconds, Stopping threads took: 0.0000205 seconds
220.823: [GC (Allocation Failure)  880838K->567304K(1034752K), 0.0048662 secs]
220.828: Total time for which application threads were stopped: 0.0050076 seconds, Stopping threads took: 0.0000171 seconds
220.893: [GC (Allocation Failure)  888840K->567272K(1033728K), 0.0044371 secs]
220.898: Total time for which application threads were stopped: 0.0046279 seconds, Stopping threads took: 0.0000197 seconds
220.964: [GC (Allocation Failure)  887784K->567528K(1034240K), 0.0063913 secs]
220.970: Total time for which application threads were stopped: 0.0065618 seconds, Stopping threads took: 0.0000277 seconds
221.036: [GC (Allocation Failure)  888040K->575338K(1034240K), 0.0052665 secs]
221.041: Total time for which application threads were stopped: 0.0054565 seconds, Stopping threads took: 0.0000191 seconds
221.111: [GC (Allocation Failure)  895850K->575306K(1034240K), 0.0048479 secs]
221.116: Total time for which application threads were stopped: 0.0050061 seconds, Stopping threads took: 0.0000203 seconds
221.183: [GC (Allocation Failure)  895818K->575754K(1033216K), 0.0047873 secs]
221.188: Total time for which application threads were stopped: 0.0049556 seconds, Stopping threads took: 0.0000204 seconds
221.257: [GC (Allocation Failure)  895242K->583340K(1033728K), 0.0048653 secs]
221.262: Total time for which application threads were stopped: 0.0050297 seconds, Stopping threads took: 0.0000193 seconds
221.329: [GC (Allocation Failure)  902828K->583340K(1033728K), 0.0047210 secs]
221.334: Total time for which application threads were stopped: 0.0048772 seconds, Stopping threads took: 0.0000201 seconds
221.400: [GC (Allocation Failure)  902828K->583460K(1033728K), 0.0048235 secs]
221.405: Total time for which application threads were stopped: 0.0049885 seconds, Stopping threads took: 0.0000191 seconds
221.471: [GC (Allocation Failure)  902948K->591367K(1033728K), 0.0045317 secs]
221.476: Total time for which application threads were stopped: 0.0046934 seconds, Stopping threads took: 0.0000252 seconds
221.544: [GC (Allocation Failure)  910855K->591367K(1033728K), 0.0049206 secs]
221.549: Total time for which application threads were stopped: 0.0050824 seconds, Stopping threads took: 0.0000195 seconds
221.614: [GC (Allocation Failure)  910855K->591431K(1033728K), 0.0046820 secs]
221.619: Total time for which application threads were stopped: 0.0048316 seconds, Stopping threads took: 0.0000194 seconds
221.687: [GC (Allocation Failure)  910919K->599401K(1027072K), 0.0048593 secs]
221.691: Total time for which application threads were stopped: 0.0050468 seconds, Stopping threads took: 0.0000202 seconds
221.757: [GC (Allocation Failure)  918888K->595495K(1034240K), 0.0037692 secs]
221.761: Total time for which application threads were stopped: 0.0039087 seconds, Stopping threads took: 0.0000167 seconds
221.827: [GC (Allocation Failure)  914983K->599561K(1033216K), 0.0048594 secs]
221.832: Total time for which application threads were stopped: 0.0050060 seconds, Stopping threads took: 0.0000202 seconds
221.898: [GC (Allocation Failure)  919049K->603529K(1034752K), 0.0046748 secs]
221.902: Total time for which application threads were stopped: 0.0048193 seconds, Stopping threads took: 0.0000276 seconds
221.967: [GC (Allocation Failure)  925065K->596743K(1034752K), 0.0021802 secs]
221.969: Total time for which application threads were stopped: 0.0023204 seconds, Stopping threads took: 0.0000191 seconds
222.036: [GC (Allocation Failure)  918279K->603593K(1034752K), 0.0052636 secs]
222.041: Total time for which application threads were stopped: 0.0054449 seconds, Stopping threads took: 0.0000168 seconds
222.107: [GC (Allocation Failure)  925129K->607673K(1034752K), 0.0056278 secs]
222.113: Total time for which application threads were stopped: 0.0058060 seconds, Stopping threads took: 0.0000167 seconds
222.178: [GC (Allocation Failure)  929209K->602135K(1034752K), 0.0027089 secs]
222.180: Total time for which application threads were stopped: 0.0028489 seconds, Stopping threads took: 0.0000178 seconds
222.247: [GC (Allocation Failure)  923671K->607969K(1034752K), 0.0047774 secs]
222.252: Total time for which application threads were stopped: 0.0049431 seconds, Stopping threads took: 0.0000194 seconds
222.318: [GC (Allocation Failure)  929505K->611841K(1034752K), 0.0050376 secs]
222.323: Total time for which application threads were stopped: 0.0052009 seconds, Stopping threads took: 0.0000266 seconds
222.388: [GC (Allocation Failure)  934329K->607935K(1035264K), 0.0038323 secs]
222.392: Total time for which application threads were stopped: 0.0039851 seconds, Stopping threads took: 0.0000205 seconds
222.459: [GC (Allocation Failure)  930495K->611977K(1036288K), 0.0049405 secs]
222.464: Total time for which application threads were stopped: 0.0050893 seconds, Stopping threads took: 0.0000197 seconds
222.530: [GC (Allocation Failure)  936073K->615945K(1035776K), 0.0046367 secs]
222.534: Total time for which application threads were stopped: 0.0047964 seconds, Stopping threads took: 0.0000218 seconds
222.601: [GC (Allocation Failure)  940041K->616009K(1035776K), 0.0046016 secs]
222.605: Total time for which application threads were stopped: 0.0047987 seconds, Stopping threads took: 0.0000191 seconds
222.673: [GC (Allocation Failure)  939593K->616009K(1023488K), 0.0049116 secs]
222.678: Total time for which application threads were stopped: 0.0050709 seconds, Stopping threads took: 0.0000205 seconds
222.744: [GC (Allocation Failure)  939593K->624011K(1035264K), 0.0048238 secs]
222.749: Total time for which application threads were stopped: 0.0049705 seconds, Stopping threads took: 0.0000221 seconds
222.813: [GC (Allocation Failure)  946571K->624011K(1030144K), 0.0044546 secs]
222.818: Total time for which application threads were stopped: 0.0045958 seconds, Stopping threads took: 0.0000195 seconds
222.883: [GC (Allocation Failure)  946571K->624043K(1034752K), 0.0047142 secs]
222.888: Total time for which application threads were stopped: 0.0048517 seconds, Stopping threads took: 0.0000197 seconds
222.951: [GC (Allocation Failure)  945579K->632013K(1029120K), 0.0050040 secs]
222.956: Total time for which application threads were stopped: 0.0051497 seconds, Stopping threads took: 0.0000272 seconds
223.019: [GC (Allocation Failure)  953549K->631981K(1034240K), 0.0045472 secs]
223.024: Total time for which application threads were stopped: 0.0047059 seconds, Stopping threads took: 0.0000198 seconds
223.091: [GC (Allocation Failure)  952493K->632261K(1034240K), 0.0048488 secs]
223.096: Total time for which application threads were stopped: 0.0049898 seconds, Stopping threads took: 0.0000177 seconds
223.163: [GC (Allocation Failure)  952773K->640040K(1034240K), 0.0046364 secs]
223.167: Total time for which application threads were stopped: 0.0047908 seconds, Stopping threads took: 0.0000198 seconds
223.234: [GC (Allocation Failure)  960552K->640040K(1034240K), 0.0047370 secs]
223.238: Total time for which application threads were stopped: 0.0048904 seconds, Stopping threads took: 0.0000201 seconds
223.304: [GC (Allocation Failure)  960552K->640488K(1033216K), 0.0049086 secs]
223.309: Total time for which application threads were stopped: 0.0050793 seconds, Stopping threads took: 0.0000197 seconds
223.374: [GC (Allocation Failure)  959976K->648074K(1033728K), 0.0047325 secs]
223.379: Total time for which application threads were stopped: 0.0049239 seconds, Stopping threads took: 0.0000242 seconds
223.446: [GC (Allocation Failure)  967562K->648042K(1033728K), 0.0063848 secs]
223.453: Total time for which application threads were stopped: 0.0065318 seconds, Stopping threads took: 0.0000172 seconds
223.516: [GC (Allocation Failure)  967530K->648202K(1033728K), 0.0047548 secs]
223.521: Total time for which application threads were stopped: 0.0049176 seconds, Stopping threads took: 0.0000276 seconds
223.587: [GC (Allocation Failure)  967690K->656140K(1033728K), 0.0048520 secs]
223.591: Total time for which application threads were stopped: 0.0050131 seconds, Stopping threads took: 0.0000196 seconds
223.657: [GC (Allocation Failure)  975628K->656140K(1033728K), 0.0050927 secs]
223.662: Total time for which application threads were stopped: 0.0052552 seconds, Stopping threads took: 0.0000203 seconds
223.727: [GC (Allocation Failure)  975628K->656164K(1033728K), 0.0050610 secs]
223.732: Total time for which application threads were stopped: 0.0052172 seconds, Stopping threads took: 0.0000213 seconds
223.799: [GC (Allocation Failure)  975652K->664135K(1027072K), 0.0048796 secs]
223.804: Total time for which application threads were stopped: 0.0050333 seconds, Stopping threads took: 0.0000199 seconds
223.866: [GC (Allocation Failure)  983622K->660228K(1034240K), 0.0040250 secs]
223.871: Total time for which application threads were stopped: 0.0041623 seconds, Stopping threads took: 0.0000198 seconds
223.938: [GC (Allocation Failure)  979716K->664303K(1033216K), 0.0047504 secs]
223.943: Total time for which application threads were stopped: 0.0048878 seconds, Stopping threads took: 0.0000169 seconds
224.008: [GC (Allocation Failure)  983791K->668271K(1034752K), 0.0048113 secs]
224.013: Total time for which application threads were stopped: 0.0049599 seconds, Stopping threads took: 0.0000196 seconds
224.080: [GC (Allocation Failure)  989807K->661484K(1034752K), 0.0023459 secs]
224.083: Total time for which application threads were stopped: 0.0024974 seconds, Stopping threads took: 0.0000196 seconds
224.149: [GC (Allocation Failure)  983020K->668343K(1034752K), 0.0048085 secs]
224.154: Total time for which application threads were stopped: 0.0049760 seconds, Stopping threads took: 0.0000209 seconds
224.220: [GC (Allocation Failure)  989879K->672423K(1034752K), 0.0058174 secs]
224.226: Total time for which application threads were stopped: 0.0059835 seconds, Stopping threads took: 0.0000206 seconds
224.290: [GC (Allocation Failure)  993959K->666884K(1034752K), 0.0031278 secs]
224.293: Total time for which application threads were stopped: 0.0033022 seconds, Stopping threads took: 0.0000205 seconds
224.362: [GC (Allocation Failure)  988420K->672719K(1034752K), 0.0048776 secs]
224.367: Total time for which application threads were stopped: 0.0050357 seconds, Stopping threads took: 0.0000197 seconds
224.433: [GC (Allocation Failure)  994255K->676559K(1035264K), 0.0052759 secs]
224.438: Total time for which application threads were stopped: 0.0054486 seconds, Stopping threads took: 0.0000198 seconds
224.504: [GC (Allocation Failure)  999047K->672652K(1035264K), 0.0037152 secs]
224.508: Total time for which application threads were stopped: 0.0038652 seconds, Stopping threads took: 0.0000259 seconds
224.575: [GC (Allocation Failure)  995212K->676711K(1036288K), 0.0050998 secs]
224.580: Total time for which application threads were stopped: 0.0052621 seconds, Stopping threads took: 0.0000198 seconds
224.647: [GC (Allocation Failure)  1000807K->680679K(1035776K), 0.0050431 secs]
224.652: Total time for which application threads were stopped: 0.0051979 seconds, Stopping threads took: 0.0000200 seconds
224.719: [GC (Allocation Failure)  1004775K->680679K(1035776K), 0.0047077 secs]
224.724: Total time for which application threads were stopped: 0.0048614 seconds, Stopping threads took: 0.0000204 seconds
224.790: [GC (Allocation Failure)  1004263K->680743K(1023488K), 0.0051097 secs]
224.795: Total time for which application threads were stopped: 0.0052647 seconds, Stopping threads took: 0.0000201 seconds
224.860: [GC (Allocation Failure)  1004327K->688745K(1035264K), 0.0105750 secs]
224.871: Total time for which application threads were stopped: 0.0107323 seconds, Stopping threads took: 0.0000200 seconds
224.937: [GC (Allocation Failure)  1011305K->688713K(1030144K), 0.0046418 secs]
224.942: Total time for which application threads were stopped: 0.0048156 seconds, Stopping threads took: 0.0000211 seconds
225.010: [GC (Allocation Failure)  1011273K->688777K(1034752K), 0.0049108 secs]
225.015: [Full GC (Ergonomics)  688777K->8520K(1034752K), 0.0128428 secs]
225.028: Total time for which application threads were stopped: 0.0179997 seconds, Stopping threads took: 0.0000199 seconds
225.096: [GC (Allocation Failure)  330056K->16618K(1029120K), 0.0038593 secs]
225.100: Total time for which application threads were stopped: 0.0040085 seconds, Stopping threads took: 0.0000164 seconds
225.168: [GC (Allocation Failure)  338154K->16602K(1034240K), 0.0034295 secs]
225.172: Total time for which application threads were stopped: 0.0035914 seconds, Stopping threads took: 0.0000204 seconds
225.238: [GC (Allocation Failure)  337114K->16858K(1034240K), 0.0035887 secs]
225.241: Total time for which application threads were stopped: 0.0037446 seconds, Stopping threads took: 0.0000207 seconds
225.308: [GC (Allocation Failure)  337370K->24668K(1034240K), 0.0036188 secs]
225.312: Total time for which application threads were stopped: 0.0037880 seconds, Stopping threads took: 0.0000204 seconds
225.379: [GC (Allocation Failure)  345180K->24636K(1034240K), 0.0036558 secs]
225.383: Total time for which application threads were stopped: 0.0038236 seconds, Stopping threads took: 0.0000259 seconds
225.446: [GC (Allocation Failure)  345148K->25092K(1033216K), 0.0035607 secs]
225.450: Total time for which application threads were stopped: 0.0036947 seconds, Stopping threads took: 0.0000202 seconds
225.516: [GC (Allocation Failure)  344580K->32679K(1033728K), 0.0035610 secs]
225.520: Total time for which application threads were stopped: 0.0037280 seconds, Stopping threads took: 0.0000253 seconds
225.586: [GC (Allocation Failure)  352167K->32679K(1033728K), 0.0034720 secs]
225.589: Total time for which application threads were stopped: 0.0035919 seconds, Stopping threads took: 0.0000158 seconds
225.651: [GC (Allocation Failure)  352167K->32807K(1033728K), 0.0035394 secs]
225.654: Total time for which application threads were stopped: 0.0036779 seconds, Stopping threads took: 0.0000208 seconds
225.718: [GC (Allocation Failure)  352295K->40713K(1033728K), 0.0034910 secs]
225.721: Total time for which application threads were stopped: 0.0036299 seconds, Stopping threads took: 0.0000214 seconds
225.784: [GC (Allocation Failure)  360201K->40681K(1033728K), 0.0036491 secs]
225.788: Total time for which application threads were stopped: 0.0037894 seconds, Stopping threads took: 0.0000190 seconds
225.851: [GC (Allocation Failure)  360169K->40777K(1033728K), 0.0036301 secs]
225.855: Total time for which application threads were stopped: 0.0037796 seconds, Stopping threads took: 0.0000237 seconds
225.917: [GC (Allocation Failure)  360265K->48747K(1027072K), 0.0035750 secs]
225.921: Total time for which application threads were stopped: 0.0037167 seconds, Stopping threads took: 0.0000184 seconds
225.984: [GC (Allocation Failure)  368235K->44873K(1034240K), 0.0026755 secs]
225.987: Total time for which application threads were stopped: 0.0028104 seconds, Stopping threads took: 0.0000267 seconds
226.050: [GC (Allocation Failure)  364361K->48875K(1033216K), 0.0043634 secs]
226.055: Total time for which application threads were stopped: 0.0044967 seconds, Stopping threads took: 0.0000226 seconds
226.119: [GC (Allocation Failure)  368363K->52875K(1034752K), 0.0033568 secs]
226.122: Total time for which application threads were stopped: 0.0034726 seconds, Stopping threads took: 0.0000163 seconds
226.184: [GC (Allocation Failure)  374411K->46089K(1034752K), 0.0011564 secs]
226.185: Total time for which application threads were stopped: 0.0012737 seconds, Stopping threads took: 0.0000162 seconds
226.248: [GC (Allocation Failure)  367625K->52971K(1034752K), 0.0035392 secs]
226.252: Total time for which application threads were stopped: 0.0036775 seconds, Stopping threads took: 0.0000185 seconds
226.313: [GC (Allocation Failure)  374507K->57019K(1034752K), 0.0044473 secs]
226.318: Total time for which application threads were stopped: 0.0045858 seconds, Stopping threads took: 0.0000187 seconds
226.381: [GC (Allocation Failure)  378555K->51481K(1034752K), 0.0019120 secs]
226.383: Total time for which application threads were stopped: 0.0020406 seconds, Stopping threads took: 0.0000189 seconds
226.446: [GC (Allocation Failure)  373017K->57283K(1034752K), 0.0043249 secs]
226.450: Total time for which application threads were stopped: 0.0044773 seconds, Stopping threads took: 0.0000195 seconds
226.515: [GC (Allocation Failure)  378819K->61155K(1034752K), 0.0038909 secs]
226.519: Total time for which application threads were stopped: 0.0040171 seconds, Stopping threads took: 0.0000250 seconds
226.581: [GC (Allocation Failure)  383643K->57249K(1035264K), 0.0026207 secs]
226.584: Total time for which application threads were stopped: 0.0027563 seconds, Stopping threads took: 0.0000196 seconds
226.648: [GC (Allocation Failure)  379809K->61323K(1036288K), 0.0037421 secs]
226.652: Total time for which application threads were stopped: 0.0038896 seconds, Stopping threads took: 0.0000336 seconds
226.716: [GC (Allocation Failure)  385419K->65291K(1035776K), 0.0035058 secs]
226.719: Total time for which application threads were stopped: 0.0036359 seconds, Stopping threads took: 0.0000230 seconds
226.784: [GC (Allocation Failure)  389387K->65323K(1035776K), 0.0035200 secs]
226.788: Total time for which application threads were stopped: 0.0036580 seconds, Stopping threads took: 0.0000184 seconds
226.851: [GC (Allocation Failure)  388907K->65363K(1023488K), 0.0064014 secs]
226.858: Total time for which application threads were stopped: 0.0065190 seconds, Stopping threads took: 0.0000192 seconds
226.921: [GC (Allocation Failure)  388947K->73333K(1035264K), 0.0036559 secs]
226.925: Total time for which application threads were stopped: 0.0037818 seconds, Stopping threads took: 0.0000239 seconds
226.989: [GC (Allocation Failure)  395893K->73333K(1030144K), 0.0034563 secs]
226.993: Total time for which application threads were stopped: 0.0036083 seconds, Stopping threads took: 0.0000276 seconds
227.059: [GC (Allocation Failure)  395893K->73357K(1034752K), 0.0048926 secs]
227.064: Total time for which application threads were stopped: 0.0050361 seconds, Stopping threads took: 0.0000241 seconds
227.127: [GC (Allocation Failure)  394893K->81360K(1034752K), 0.0064382 secs]
227.134: Total time for which application threads were stopped: 0.0065669 seconds, Stopping threads took: 0.0000166 seconds
227.198: [GC (Allocation Failure)  402896K->81360K(1033728K), 0.0034497 secs]
227.202: Total time for which application threads were stopped: 0.0035858 seconds, Stopping threads took: 0.0000194 seconds
227.265: [GC (Allocation Failure)  401872K->81608K(1034240K), 0.0036762 secs]
227.269: Total time for which application threads were stopped: 0.0038156 seconds, Stopping threads took: 0.0000187 seconds
227.333: [GC (Allocation Failure)  402120K->89386K(1034240K), 0.0035760 secs]
227.336: Total time for which application threads were stopped: 0.0037088 seconds, Stopping threads took: 0.0000196 seconds
227.400: [GC (Allocation Failure)  409898K->89386K(1034240K), 0.0036556 secs]
227.404: Total time for which application threads were stopped: 0.0037991 seconds, Stopping threads took: 0.0000241 seconds
227.469: [GC (Allocation Failure)  409898K->89834K(1033216K), 0.0035673 secs]
227.473: Total time for which application threads were stopped: 0.0036991 seconds, Stopping threads took: 0.0000188 seconds
227.537: [GC (Allocation Failure)  409322K->97420K(1033728K), 0.0036321 secs]
227.540: Total time for which application threads were stopped: 0.0037768 seconds, Stopping threads took: 0.0000193 seconds
227.606: [GC (Allocation Failure)  416908K->97420K(1033728K), 0.0036437 secs]
227.609: Total time for which application threads were stopped: 0.0037607 seconds, Stopping threads took: 0.0000152 seconds
227.670: [GC (Allocation Failure)  416908K->97516K(1033728K), 0.0036628 secs]
227.674: Total time for which application threads were stopped: 0.0038047 seconds, Stopping threads took: 0.0000237 seconds
227.737: [GC (Allocation Failure)  417004K->105454K(1033728K), 0.0064961 secs]
227.743: Total time for which application threads were stopped: 0.0066397 seconds, Stopping threads took: 0.0000239 seconds
227.807: [GC (Allocation Failure)  424942K->105454K(1033728K), 0.0037644 secs]
227.811: Total time for which application threads were stopped: 0.0038900 seconds, Stopping threads took: 0.0000183 seconds
227.873: [GC (Allocation Failure)  424942K->105510K(1033728K), 0.0052651 secs]
227.878: Total time for which application threads were stopped: 0.0054032 seconds, Stopping threads took: 0.0000180 seconds
227.941: [GC (Allocation Failure)  424998K->113513K(1027072K), 0.0039062 secs]
227.945: Total time for which application threads were stopped: 0.0040458 seconds, Stopping threads took: 0.0000182 seconds
228.007: [GC (Allocation Failure)  433000K->109574K(1034240K), 0.0028251 secs]
228.010: Total time for which application threads were stopped: 0.0029629 seconds, Stopping threads took: 0.0000268 seconds
228.077: [GC (Allocation Failure)  429062K->113641K(1033216K), 0.0037308 secs]
228.081: Total time for which application threads were stopped: 0.0038483 seconds, Stopping threads took: 0.0000142 seconds
228.144: [GC (Allocation Failure)  433129K->117641K(1034752K), 0.0037082 secs]
228.148: Total time for which application threads were stopped: 0.0038480 seconds, Stopping threads took: 0.0000191 seconds
228.211: [GC (Allocation Failure)  439177K->110822K(1034752K), 0.0013410 secs]
228.212: Total time for which application threads were stopped: 0.0014950 seconds, Stopping threads took: 0.0000238 seconds
228.278: [GC (Allocation Failure)  432358K->117681K(1034752K), 0.0036451 secs]
228.282: Total time for which application threads were stopped: 0.0038026 seconds, Stopping threads took: 0.0000283 seconds
228.344: [GC (Allocation Failure)  439217K->121761K(1034752K), 0.0046957 secs]
228.348: Total time for which application threads were stopped: 0.0048261 seconds, Stopping threads took: 0.0000190 seconds
228.410: [GC (Allocation Failure)  443297K->116190K(1034752K), 0.0018540 secs]
228.412: Total time for which application threads were stopped: 0.0019987 seconds, Stopping threads took: 0.0000320 seconds
228.475: [GC (Allocation Failure)  437726K->122057K(1034752K), 0.0037943 secs]
228.479: Total time for which application threads were stopped: 0.0039257 seconds, Stopping threads took: 0.0000180 seconds
228.542: [GC (Allocation Failure)  443593K->125897K(1035264K), 0.0042192 secs]
228.547: Total time for which application threads were stopped: 0.0043663 seconds, Stopping threads took: 0.0000188 seconds
228.611: [GC (Allocation Failure)  448385K->121990K(1035264K), 0.0028881 secs]
228.614: Total time for which application threads were stopped: 0.0030198 seconds, Stopping threads took: 0.0000192 seconds
228.680: [GC (Allocation Failure)  444550K->126057K(1036288K), 0.0038229 secs]
228.683: Total time for which application threads were stopped: 0.0039702 seconds, Stopping threads took: 0.0000243 seconds
228.749: [GC (Allocation Failure)  450153K->130025K(1035776K), 0.0037120 secs]
228.753: Total time for which application threads were stopped: 0.0038473 seconds, Stopping threads took: 0.0000172 seconds
228.818: [GC (Allocation Failure)  454121K->130057K(1035776K), 0.0037045 secs]
228.821: Total time for which application threads were stopped: 0.0038558 seconds, Stopping threads took: 0.0000240 seconds
228.885: [GC (Allocation Failure)  453641K->130121K(1023488K), 0.0036348 secs]
228.889: Total time for which application threads were stopped: 0.0037648 seconds, Stopping threads took: 0.0000190 seconds
228.951: [GC (Allocation Failure)  453705K->138027K(1035264K), 0.0037772 secs]
228.955: Total time for which application threads were stopped: 0.0039088 seconds, Stopping threads took: 0.0000191 seconds
229.019: [GC (Allocation Failure)  460587K->138091K(1030144K), 0.0035948 secs]
229.023: Total time for which application threads were stopped: 0.0037293 seconds, Stopping threads took: 0.0000196 seconds
229.088: [GC (Allocation Failure)  460651K->138115K(1034752K), 0.0039010 secs]
229.092: Total time for which application threads were stopped: 0.0040220 seconds, Stopping threads took: 0.0000150 seconds
229.155: [GC (Allocation Failure)  459651K->146149K(1029120K), 0.0038990 secs]
229.159: Total time for which application threads were stopped: 0.0040329 seconds, Stopping threads took: 0.0000193 seconds
229.223: [GC (Allocation Failure)  467685K->146085K(1034240K), 0.0035996 secs]
229.227: Total time for which application threads were stopped: 0.0037466 seconds, Stopping threads took: 0.0000196 seconds
229.291: [GC (Allocation Failure)  466597K->146349K(1034240K), 0.0038007 secs]
229.295: Total time for which application threads were stopped: 0.0039508 seconds, Stopping threads took: 0.0000167 seconds
229.359: [GC (Allocation Failure)  466861K->154127K(1034240K), 0.0037019 secs]
229.362: Total time for which application threads were stopped: 0.0038392 seconds, Stopping threads took: 0.0000253 seconds
229.426: [GC (Allocation Failure)  474639K->154127K(1034240K), 0.0037700 secs]
229.430: Total time for which application threads were stopped: 0.0039095 seconds, Stopping threads took: 0.0000185 seconds
229.493: [GC (Allocation Failure)  474639K->154567K(1033216K), 0.0036721 secs]
229.497: Total time for which application threads were stopped: 0.0038105 seconds, Stopping threads took: 0.0000275 seconds
229.560: [GC (Allocation Failure)  474055K->162186K(1033728K), 0.0038469 secs]
229.564: Total time for which application threads were stopped: 0.0039758 seconds, Stopping threads took: 0.0000184 seconds
229.627: [GC (Allocation Failure)  481674K->162154K(1033728K), 0.0037258 secs]
229.630: Total time for which application threads were stopped: 0.0038608 seconds, Stopping threads took: 0.0000264 seconds
229.693: [GC (Allocation Failure)  481642K->162314K(1033728K), 0.0037602 secs]
229.697: Total time for which application threads were stopped: 0.0038846 seconds, Stopping threads took: 0.0000173 seconds
229.760: [GC (Allocation Failure)  481802K->170220K(1033728K), 0.0037791 secs]
229.764: Total time for which application threads were stopped: 0.0039255 seconds, Stopping threads took: 0.0000183 seconds
229.828: [GC (Allocation Failure)  489708K->170188K(1033728K), 0.0039276 secs]
229.832: Total time for which application threads were stopped: 0.0040583 seconds, Stopping threads took: 0.0000192 seconds
229.896: [GC (Allocation Failure)  489676K->170252K(1033728K), 0.0038714 secs]
229.900: Total time for which application threads were stopped: 0.0040027 seconds, Stopping threads took: 0.0000190 seconds
229.965: [GC (Allocation Failure)  489740K->178222K(1027072K), 0.0038307 secs]
229.969: Total time for which application threads were stopped: 0.0039550 seconds, Stopping threads took: 0.0000243 seconds
230.030: [GC (Allocation Failure)  497710K->174316K(1034240K), 0.0029112 secs]
230.033: Total time for which application threads were stopped: 0.0030569 seconds, Stopping threads took: 0.0000240 seconds
230.102: [GC (Allocation Failure)  493804K->178382K(1033216K), 0.0039444 secs]
230.106: Total time for which application threads were stopped: 0.0040945 seconds, Stopping threads took: 0.0000184 seconds
230.172: [GC (Allocation Failure)  497870K->182350K(1034752K), 0.0037571 secs]
230.176: Total time for which application threads were stopped: 0.0039058 seconds, Stopping threads took: 0.0000202 seconds
230.240: [GC (Allocation Failure)  503886K->175564K(1034752K), 0.0014308 secs]
230.242: Total time for which application threads were stopped: 0.0015645 seconds, Stopping threads took: 0.0000190 seconds
230.305: [GC (Allocation Failure)  497100K->182422K(1034752K), 0.0036681 secs]
230.309: Total time for which application threads were stopped: 0.0038222 seconds, Stopping threads took: 0.0000270 seconds
230.372: [GC (Allocation Failure)  503958K->186534K(1034752K), 0.0046854 secs]
230.377: Total time for which application threads were stopped: 0.0048243 seconds, Stopping threads took: 0.0000179 seconds
230.438: [GC (Allocation Failure)  508070K->180932K(1034752K), 0.0020180 secs]
230.440: Total time for which application threads were stopped: 0.0021472 seconds, Stopping threads took: 0.0000188 seconds
230.503: [GC (Allocation Failure)  502468K->186742K(1034752K), 0.0038435 secs]
230.507: Total time for which application threads were stopped: 0.0039892 seconds, Stopping threads took: 0.0000263 seconds
230.570: [GC (Allocation Failure)  508278K->190654K(1034752K), 0.0042848 secs]
230.574: Total time for which application threads were stopped: 0.0044277 seconds, Stopping threads took: 0.0000186 seconds
230.636: [GC (Allocation Failure)  513143K->186780K(1035264K), 0.0028770 secs]
230.639: Total time for which application threads were stopped: 0.0030448 seconds, Stopping threads took: 0.0000202 seconds
230.703: [GC (Allocation Failure)  509340K->190814K(1036288K), 0.0038115 secs]
230.707: Total time for which application threads were stopped: 0.0039398 seconds, Stopping threads took: 0.0000191 seconds
230.773: [GC (Allocation Failure)  514910K->194814K(1035776K), 0.0038030 secs]
230.777: Total time for which application threads were stopped: 0.0039643 seconds, Stopping threads took: 0.0000229 seconds
230.841: [GC (Allocation Failure)  518910K->194814K(1035776K), 0.0038298 secs]
230.845: Total time for which application threads were stopped: 0.0039634 seconds, Stopping threads took: 0.0000192 seconds
230.909: [GC (Allocation Failure)  518398K->194918K(1023488K), 0.0038384 secs]
230.913: Total time for which application threads were stopped: 0.0039792 seconds, Stopping threads took: 0.0000190 seconds
230.975: [GC (Allocation Failure)  518502K->202857K(1035264K), 0.0037748 secs]
230.979: Total time for which application threads were stopped: 0.0039076 seconds, Stopping threads took: 0.0000250 seconds
231.045: [GC (Allocation Failure)  525417K->202825K(1030144K), 0.0038778 secs]
231.049: Total time for which application threads were stopped: 0.0040298 seconds, Stopping threads took: 0.0000172 seconds
231.113: [GC (Allocation Failure)  525385K->202889K(1034752K), 0.0040254 secs]
231.117: Total time for which application threads were stopped: 0.0041689 seconds, Stopping threads took: 0.0000190 seconds
231.182: [GC (Allocation Failure)  524425K->210859K(1034752K), 0.0041562 secs]
231.186: Total time for which application threads were stopped: 0.0042895 seconds, Stopping threads took: 0.0000191 seconds
231.250: [GC (Allocation Failure)  532395K->210827K(1033728K), 0.0036070 secs]
231.254: Total time for which application threads were stopped: 0.0037599 seconds, Stopping threads took: 0.0000245 seconds
231.319: [GC (Allocation Failure)  531339K->211115K(1034240K), 0.0038589 secs]
231.323: Total time for which application threads were stopped: 0.0040147 seconds, Stopping threads took: 0.0000237 seconds
231.388: [GC (Allocation Failure)  531627K->218893K(1034240K), 0.0038507 secs]
231.392: Total time for which application threads were stopped: 0.0039981 seconds, Stopping threads took: 0.0000192 seconds
231.458: [GC (Allocation Failure)  539405K->218925K(1034240K), 0.0040029 secs]
231.462: Total time for which application threads were stopped: 0.0041420 seconds, Stopping threads took: 0.0000191 seconds
231.526: [GC (Allocation Failure)  539437K->219309K(1033216K), 0.0038817 secs]
231.530: Total time for which application threads were stopped: 0.0040251 seconds, Stopping threads took: 0.0000258 seconds
231.595: [GC (Allocation Failure)  538797K->226927K(1033728K), 0.0039852 secs]
231.599: Total time for which application threads were stopped: 0.0041162 seconds, Stopping threads took: 0.0000181 seconds
231.662: [GC (Allocation Failure)  546415K->226959K(1033728K), 0.0040181 secs]
231.666: Total time for which application threads were stopped: 0.0041513 seconds, Stopping threads took: 0.0000194 seconds
231.727: [GC (Allocation Failure)  546447K->227047K(1033728K), 0.0039405 secs]
231.731: Total time for which application threads were stopped: 0.0040870 seconds, Stopping threads took: 0.0000204 seconds
231.794: [GC (Allocation Failure)  546535K->234954K(1033728K), 0.0037741 secs]
231.797: Total time for which application threads were stopped: 0.0039128 seconds, Stopping threads took: 0.0000202 seconds
231.862: [GC (Allocation Failure)  554442K->234954K(1033728K), 0.0040662 secs]
231.866: Total time for which application threads were stopped: 0.0041937 seconds, Stopping threads took: 0.0000182 seconds
231.930: [GC (Allocation Failure)  554442K->235018K(1033728K), 0.0039127 secs]
231.934: Total time for which application threads were stopped: 0.0040826 seconds, Stopping threads took: 0.0000179 seconds
231.999: [GC (Allocation Failure)  554506K->242988K(1027072K), 0.0039507 secs]
232.003: Total time for which application threads were stopped: 0.0040815 seconds, Stopping threads took: 0.0000245 seconds
232.067: [GC (Allocation Failure)  562475K->239082K(1034240K), 0.0032111 secs]
232.070: Total time for which application threads were stopped: 0.0033436 seconds, Stopping threads took: 0.0000177 seconds
232.135: [GC (Allocation Failure)  558570K->243140K(1033216K), 0.0041079 secs]
232.139: Total time for which application threads were stopped: 0.0042668 seconds, Stopping threads took: 0.0000283 seconds
232.202: [GC (Allocation Failure)  562628K->247076K(1034752K), 0.0039268 secs]
232.206: Total time for which application threads were stopped: 0.0040585 seconds, Stopping threads took: 0.0000191 seconds
232.268: [GC (Allocation Failure)  568612K->240354K(1034752K), 0.0015420 secs]
232.270: Total time for which application threads were stopped: 0.0016913 seconds, Stopping threads took: 0.0000204 seconds
232.334: [GC (Allocation Failure)  561890K->247148K(1034752K), 0.0038692 secs]
232.338: Total time for which application threads were stopped: 0.0040043 seconds, Stopping threads took: 0.0000204 seconds
232.400: [GC (Allocation Failure)  568684K->251292K(1034752K), 0.0049942 secs]
232.405: Total time for which application threads were stopped: 0.0051220 seconds, Stopping threads took: 0.0000175 seconds
232.466: [GC (Allocation Failure)  572828K->245722K(1034752K), 0.0020953 secs]
232.469: Total time for which application threads were stopped: 0.0022286 seconds, Stopping threads took: 0.0000249 seconds
232.531: [GC (Allocation Failure)  567258K->251500K(1034752K), 0.0039639 secs]
232.535: Total time for which application threads were stopped: 0.0040945 seconds, Stopping threads took: 0.0000186 seconds
232.598: [GC (Allocation Failure)  573036K->255396K(1034752K), 0.0044369 secs]
232.603: Total time for which application threads were stopped: 0.0045767 seconds, Stopping threads took: 0.0000182 seconds
232.665: [GC (Allocation Failure)  577884K->251490K(1035264K), 0.0030353 secs]
232.668: Total time for which application threads were stopped: 0.0031918 seconds, Stopping threads took: 0.0000252 seconds
232.732: [GC (Allocation Failure)  574050K->255564K(1036288K), 0.0040704 secs]
232.736: Total time for which application threads were stopped: 0.0042041 seconds, Stopping threads took: 0.0000193 seconds
232.802: [GC (Allocation Failure)  579660K->259500K(1035776K), 0.0067010 secs]
232.808: Total time for which application threads were stopped: 0.0068363 seconds, Stopping threads took: 0.0000236 seconds
232.874: [GC (Allocation Failure)  583596K->259532K(1035776K), 0.0038143 secs]
232.878: Total time for which application threads were stopped: 0.0039760 seconds, Stopping threads took: 0.0000236 seconds
232.944: [GC (Allocation Failure)  583116K->259636K(1023488K), 0.0063681 secs]
232.950: Total time for which application threads were stopped: 0.0065049 seconds, Stopping threads took: 0.0000179 seconds
233.013: [GC (Allocation Failure)  583220K->267574K(1035264K), 0.0039741 secs]
233.017: Total time for which application threads were stopped: 0.0041048 seconds, Stopping threads took: 0.0000191 seconds
233.082: [GC (Allocation Failure)  590134K->267574K(1030144K), 0.0039776 secs]
233.086: Total time for which application threads were stopped: 0.0041191 seconds, Stopping threads took: 0.0000197 seconds
233.152: [GC (Allocation Failure)  590134K->267638K(1034752K), 0.0040899 secs]
233.156: Total time for which application threads were stopped: 0.0042278 seconds, Stopping threads took: 0.0000206 seconds
233.220: [GC (Allocation Failure)  589174K->275640K(1034752K), 0.0040563 secs]
233.224: Total time for which application threads were stopped: 0.0042014 seconds, Stopping threads took: 0.0000193 seconds
233.288: [GC (Allocation Failure)  597176K->275640K(1033728K), 0.0038151 secs]
233.292: Total time for which application threads were stopped: 0.0039618 seconds, Stopping threads took: 0.0000187 seconds
233.355: [GC (Allocation Failure)  596152K->275864K(1034240K), 0.0041384 secs]
233.359: Total time for which application threads were stopped: 0.0042687 seconds, Stopping threads took: 0.0000186 seconds
233.423: [GC (Allocation Failure)  596376K->283675K(1034240K), 0.0038991 secs]
233.427: Total time for which application threads were stopped: 0.0040437 seconds, Stopping threads took: 0.0000195 seconds
233.492: [GC (Allocation Failure)  604187K->283643K(1034240K), 0.0040704 secs]
233.496: Total time for which application threads were stopped: 0.0042220 seconds, Stopping threads took: 0.0000259 seconds
233.561: [GC (Allocation Failure)  604155K->284099K(1033216K), 0.0040465 secs]
233.565: Total time for which application threads were stopped: 0.0041905 seconds, Stopping threads took: 0.0000270 seconds
233.628: [GC (Allocation Failure)  603587K->291717K(1033728K), 0.0040479 secs]
233.632: Total time for which application threads were stopped: 0.0041834 seconds, Stopping threads took: 0.0000196 seconds
233.696: [GC (Allocation Failure)  611205K->291685K(1033728K), 0.0040219 secs]
233.700: Total time for which application threads were stopped: 0.0041909 seconds, Stopping threads took: 0.0000247 seconds
233.762: [GC (Allocation Failure)  611173K->291853K(1033728K), 0.0040068 secs]
233.766: Total time for which application threads were stopped: 0.0041436 seconds, Stopping threads took: 0.0000312 seconds
233.829: [GC (Allocation Failure)  611341K->299759K(1033728K), 0.0038991 secs]
233.833: Total time for which application threads were stopped: 0.0040247 seconds, Stopping threads took: 0.0000183 seconds
233.896: [GC (Allocation Failure)  619247K->299759K(1033728K), 0.0042657 secs]
233.900: Total time for which application threads were stopped: 0.0044118 seconds, Stopping threads took: 0.0000236 seconds
233.962: [GC (Allocation Failure)  619247K->299783K(1033728K), 0.0039743 secs]
233.966: Total time for which application threads were stopped: 0.0041209 seconds, Stopping threads took: 0.0000178 seconds
234.031: [GC (Allocation Failure)  619271K->307753K(1027072K), 0.0042251 secs]
234.036: Total time for which application threads were stopped: 0.0043466 seconds, Stopping threads took: 0.0000158 seconds
234.099: [GC (Allocation Failure)  627241K->303847K(1034240K), 0.0033415 secs]
234.102: Total time for which application threads were stopped: 0.0034753 seconds, Stopping threads took: 0.0000195 seconds
234.167: [GC (Allocation Failure)  623335K->307913K(1033216K), 0.0041571 secs]
234.172: Total time for which application threads were stopped: 0.0043037 seconds, Stopping threads took: 0.0000285 seconds
234.235: [GC (Allocation Failure)  627401K->311913K(1034752K), 0.0038985 secs]
234.239: Total time for which application threads were stopped: 0.0040248 seconds, Stopping threads took: 0.0000268 seconds
234.304: [GC (Allocation Failure)  633449K->305063K(1034752K), 0.0016359 secs]
234.305: Total time for which application threads were stopped: 0.0017660 seconds, Stopping threads took: 0.0000164 seconds
234.369: [GC (Allocation Failure)  626599K->311953K(1034752K), 0.0040701 secs]
234.373: Total time for which application threads were stopped: 0.0042211 seconds, Stopping threads took: 0.0000271 seconds
234.435: [GC (Allocation Failure)  633489K->316065K(1034752K), 0.0050131 secs]
234.440: Total time for which application threads were stopped: 0.0051517 seconds, Stopping threads took: 0.0000264 seconds
234.502: [GC (Allocation Failure)  637601K->310463K(1034752K), 0.0023677 secs]
234.504: Total time for which application threads were stopped: 0.0025181 seconds, Stopping threads took: 0.0000294 seconds
234.568: [GC (Allocation Failure)  631999K->316305K(1034752K), 0.0041486 secs]
234.573: Total time for which application threads were stopped: 0.0042958 seconds, Stopping threads took: 0.0000187 seconds
234.635: [GC (Allocation Failure)  637841K->320209K(1035264K), 0.0045119 secs]
234.640: Total time for which application threads were stopped: 0.0046448 seconds, Stopping threads took: 0.0000185 seconds
234.702: [GC (Allocation Failure)  642698K->316271K(1035264K), 0.0031166 secs]
234.705: Total time for which application threads were stopped: 0.0032555 seconds, Stopping threads took: 0.0000188 seconds
234.772: [GC (Allocation Failure)  638831K->320329K(1036288K), 0.0042302 secs]
234.776: Total time for which application threads were stopped: 0.0043709 seconds, Stopping threads took: 0.0000208 seconds
234.840: [GC (Allocation Failure)  644425K->324297K(1035776K), 0.0040872 secs]
234.844: Total time for which application threads were stopped: 0.0042210 seconds, Stopping threads took: 0.0000189 seconds
234.910: [GC (Allocation Failure)  648393K->324329K(1035776K), 0.0041239 secs]
234.914: Total time for which application threads were stopped: 0.0042658 seconds, Stopping threads took: 0.0000183 seconds
234.978: [GC (Allocation Failure)  647913K->324353K(1023488K), 0.0049270 secs]
234.983: Total time for which application threads were stopped: 0.0050630 seconds, Stopping threads took: 0.0000187 seconds
235.046: [GC (Allocation Failure)  647937K->332388K(1035264K), 0.0043650 secs]
235.050: Total time for which application threads were stopped: 0.0045139 seconds, Stopping threads took: 0.0000172 seconds
235.115: [GC (Allocation Failure)  654948K->332324K(1030144K), 0.0039129 secs]
235.119: Total time for which application threads were stopped: 0.0040462 seconds, Stopping threads took: 0.0000198 seconds
235.183: [GC (Allocation Failure)  654884K->332388K(1034752K), 0.0043044 secs]
235.187: Total time for which application threads were stopped: 0.0044358 seconds, Stopping threads took: 0.0000189 seconds
235.251: [GC (Allocation Failure)  653924K->340358K(1029120K), 0.0041932 secs]
235.255: Total time for which application threads were stopped: 0.0043246 seconds, Stopping threads took: 0.0000184 seconds
235.319: [GC (Allocation Failure)  661894K->340390K(1034240K), 0.0041114 secs]
235.323: Total time for which application threads were stopped: 0.0042702 seconds, Stopping threads took: 0.0000240 seconds
235.387: [GC (Allocation Failure)  660902K->340614K(1034240K), 0.0041959 secs]
235.392: Total time for which application threads were stopped: 0.0043269 seconds, Stopping threads took: 0.0000182 seconds
235.455: [GC (Allocation Failure)  661126K->348424K(1034240K), 0.0041095 secs]
235.459: Total time for which application threads were stopped: 0.0043684 seconds, Stopping threads took: 0.0000189 seconds
235.523: [GC (Allocation Failure)  668936K->348392K(1034240K), 0.0041468 secs]
235.527: Total time for which application threads were stopped: 0.0042785 seconds, Stopping threads took: 0.0000186 seconds
235.590: [GC (Allocation Failure)  668904K->348840K(1033216K), 0.0042692 secs]
235.594: Total time for which application threads were stopped: 0.0044006 seconds, Stopping threads took: 0.0000192 seconds
235.659: [GC (Allocation Failure)  668328K->356427K(1033728K), 0.0042376 secs]
235.664: Total time for which application threads were stopped: 0.0043803 seconds, Stopping threads took: 0.0000239 seconds
235.727: [GC (Allocation Failure)  675915K->356427K(1033728K), 0.0042211 secs]
235.731: Total time for which application threads were stopped: 0.0043768 seconds, Stopping threads took: 0.0000237 seconds
235.792: [GC (Allocation Failure)  675915K->356555K(1033728K), 0.0042176 secs]
235.796: Total time for which application threads were stopped: 0.0043740 seconds, Stopping threads took: 0.0000241 seconds
235.859: [GC (Allocation Failure)  676043K->364493K(1033728K), 0.0042317 secs]
235.863: Total time for which application threads were stopped: 0.0043635 seconds, Stopping threads took: 0.0000190 seconds
235.928: [GC (Allocation Failure)  683981K->364429K(1033728K), 0.0043619 secs]
235.933: Total time for which application threads were stopped: 0.0044963 seconds, Stopping threads took: 0.0000192 seconds
235.996: [GC (Allocation Failure)  683917K->364525K(1033728K), 0.0041094 secs]
236.000: Total time for which application threads were stopped: 0.0042380 seconds, Stopping threads took: 0.0000252 seconds
236.067: [GC (Allocation Failure)  684013K->372495K(1027072K), 0.0045130 secs]
236.072: Total time for which application threads were stopped: 0.0047074 seconds, Stopping threads took: 0.0000204 seconds
236.138: [GC (Allocation Failure)  691983K->368589K(1034240K), 0.0034980 secs]
236.141: Total time for which application threads were stopped: 0.0036842 seconds, Stopping threads took: 0.0000188 seconds
236.210: [GC (Allocation Failure)  688077K->372655K(1033216K), 0.0043218 secs]
236.214: Total time for which application threads were stopped: 0.0044510 seconds, Stopping threads took: 0.0000168 seconds
236.280: [GC (Allocation Failure)  692143K->376623K(1034752K), 0.0042632 secs]
236.284: Total time for which application threads were stopped: 0.0043928 seconds, Stopping threads took: 0.0000197 seconds
236.347: [GC (Allocation Failure)  698159K->369837K(1034752K), 0.0018098 secs]
236.349: Total time for which application threads were stopped: 0.0019491 seconds, Stopping threads took: 0.0000188 seconds
236.413: [GC (Allocation Failure)  691373K->376719K(1034752K), 0.0042600 secs]
236.417: Total time for which application threads were stopped: 0.0044046 seconds, Stopping threads took: 0.0000197 seconds
236.479: [GC (Allocation Failure)  698255K->380799K(1034752K), 0.0051963 secs]
236.484: Total time for which application threads were stopped: 0.0053310 seconds, Stopping threads took: 0.0000243 seconds
236.546: [GC (Allocation Failure)  702335K->375229K(1034752K), 0.0024694 secs]
236.548: Total time for which application threads were stopped: 0.0026000 seconds, Stopping threads took: 0.0000185 seconds
236.612: [GC (Allocation Failure)  696765K->381071K(1034752K), 0.0043419 secs]
236.616: Total time for which application threads were stopped: 0.0044847 seconds, Stopping threads took: 0.0000188 seconds
236.679: [GC (Allocation Failure)  702607K->384911K(1035264K), 0.0048573 secs]
236.684: Total time for which application threads were stopped: 0.0050063 seconds, Stopping threads took: 0.0000245 seconds
236.747: [GC (Allocation Failure)  707399K->381005K(1035264K), 0.0032960 secs]
236.750: Total time for which application threads were stopped: 0.0034149 seconds, Stopping threads took: 0.0000200 seconds
236.816: [GC (Allocation Failure)  703565K->385063K(1036288K), 0.0043849 secs]
236.820: Total time for which application threads were stopped: 0.0045160 seconds, Stopping threads took: 0.0000184 seconds
236.885: [GC (Allocation Failure)  709159K->389063K(1035776K), 0.0042427 secs]
236.889: Total time for which application threads were stopped: 0.0043852 seconds, Stopping threads took: 0.0000185 seconds
236.954: [GC (Allocation Failure)  713159K->389031K(1035776K), 0.0042006 secs]
236.958: Total time for which application threads were stopped: 0.0043410 seconds, Stopping threads took: 0.0000212 seconds
237.022: [GC (Allocation Failure)  712615K->389095K(1023488K), 0.0042386 secs]
237.027: Total time for which application threads were stopped: 0.0043824 seconds, Stopping threads took: 0.0000248 seconds
237.093: [GC (Allocation Failure)  712679K->397129K(1035264K), 0.0044442 secs]
237.097: Total time for which application threads were stopped: 0.0045846 seconds, Stopping threads took: 0.0000186 seconds
237.163: [GC (Allocation Failure)  719689K->397065K(1030144K), 0.0041530 secs]
237.167: Total time for which application threads were stopped: 0.0042910 seconds, Stopping threads took: 0.0000200 seconds
237.232: [GC (Allocation Failure)  719625K->397129K(1034752K), 0.0043284 secs]
237.237: Total time for which application threads were stopped: 0.0044656 seconds, Stopping threads took: 0.0000200 seconds
237.302: [GC (Allocation Failure)  718665K->405100K(1029120K), 0.0044679 secs]
237.306: Total time for which application threads were stopped: 0.0046093 seconds, Stopping threads took: 0.0000187 seconds
237.370: [GC (Allocation Failure)  726636K->405100K(1034240K), 0.0040726 secs]
237.374: Total time for which application threads were stopped: 0.0042030 seconds, Stopping threads took: 0.0000187 seconds
237.436: [GC (Allocation Failure)  725612K->405356K(1034240K), 0.0042597 secs]
237.441: Total time for which application threads were stopped: 0.0044065 seconds, Stopping threads took: 0.0000186 seconds
237.507: [GC (Allocation Failure)  725868K->413166K(1034240K), 0.0042827 secs]
237.511: Total time for which application threads were stopped: 0.0044494 seconds, Stopping threads took: 0.0000188 seconds
237.576: [GC (Allocation Failure)  733678K->413134K(1034240K), 0.0042737 secs]
237.581: Total time for which application threads were stopped: 0.0044109 seconds, Stopping threads took: 0.0000199 seconds
237.644: [GC (Allocation Failure)  733646K->413582K(1033216K), 0.0044630 secs]
237.649: Total time for which application threads were stopped: 0.0045954 seconds, Stopping threads took: 0.0000187 seconds
237.712: [GC (Allocation Failure)  733070K->421200K(1033728K), 0.0044441 secs]
237.716: Total time for which application threads were stopped: 0.0045766 seconds, Stopping threads took: 0.0000187 seconds
237.779: [GC (Allocation Failure)  740688K->421200K(1033728K), 0.0043501 secs]
237.784: Total time for which application threads were stopped: 0.0044804 seconds, Stopping threads took: 0.0000189 seconds
237.844: [GC (Allocation Failure)  740688K->421320K(1033728K), 0.0042693 secs]
237.849: Total time for which application threads were stopped: 0.0044028 seconds, Stopping threads took: 0.0000186 seconds
237.912: [GC (Allocation Failure)  740808K->429226K(1033728K), 0.0042222 secs]
237.916: Total time for which application threads were stopped: 0.0043690 seconds, Stopping threads took: 0.0000264 seconds
237.979: [GC (Allocation Failure)  748714K->429194K(1033728K), 0.0043464 secs]
237.983: Total time for which application threads were stopped: 0.0044855 seconds, Stopping threads took: 0.0000246 seconds
238.046: [GC (Allocation Failure)  748682K->429226K(1033728K), 0.0058878 secs]
238.052: Total time for which application threads were stopped: 0.0060282 seconds, Stopping threads took: 0.0000172 seconds
238.118: [GC (Allocation Failure)  748714K->437197K(1027072K), 0.0045685 secs]
238.122: Total time for which application threads were stopped: 0.0047201 seconds, Stopping threads took: 0.0000175 seconds
238.185: [GC (Allocation Failure)  756684K->433322K(1034240K), 0.0035758 secs]
238.189: Total time for which application threads were stopped: 0.0037295 seconds, Stopping threads took: 0.0000197 seconds
238.254: [GC (Allocation Failure)  752810K->437389K(1033216K), 0.0045592 secs]
238.258: Total time for which application threads were stopped: 0.0047049 seconds, Stopping threads took: 0.0000208 seconds
238.322: [GC (Allocation Failure)  756877K->441357K(1034752K), 0.0044452 secs]
238.326: Total time for which application threads were stopped: 0.0045804 seconds, Stopping threads took: 0.0000193 seconds
238.391: [GC (Allocation Failure)  762893K->434538K(1034752K), 0.0020856 secs]
238.393: Total time for which application threads were stopped: 0.0022232 seconds, Stopping threads took: 0.0000208 seconds
238.456: [GC (Allocation Failure)  756074K->441429K(1034752K), 0.0043699 secs]
238.461: Total time for which application threads were stopped: 0.0045182 seconds, Stopping threads took: 0.0000193 seconds
238.525: [GC (Allocation Failure)  762965K->445509K(1034752K), 0.0052897 secs]
238.530: Total time for which application threads were stopped: 0.0054317 seconds, Stopping threads took: 0.0000262 seconds
238.592: [GC (Allocation Failure)  767045K->439970K(1034752K), 0.0025958 secs]
238.595: Total time for which application threads were stopped: 0.0027348 seconds, Stopping threads took: 0.0000266 seconds
238.658: [GC (Allocation Failure)  761506K->445749K(1034752K), 0.0043781 secs]
238.662: Total time for which application threads were stopped: 0.0045126 seconds, Stopping threads took: 0.0000191 seconds
238.725: [GC (Allocation Failure)  767285K->449685K(1034752K), 0.0048473 secs]
238.730: Total time for which application threads were stopped: 0.0049896 seconds, Stopping threads took: 0.0000182 seconds
238.794: [GC (Allocation Failure)  772173K->445746K(1035264K), 0.0033113 secs]
238.798: Total time for which application threads were stopped: 0.0034398 seconds, Stopping threads took: 0.0000189 seconds
238.863: [GC (Allocation Failure)  768306K->449805K(1036288K), 0.0044904 secs]
238.868: Total time for which application threads were stopped: 0.0046199 seconds, Stopping threads took: 0.0000181 seconds
238.932: [GC (Allocation Failure)  773901K->453773K(1035776K), 0.0044580 secs]
238.936: Total time for which application threads were stopped: 0.0045997 seconds, Stopping threads took: 0.0000176 seconds
239.003: [GC (Allocation Failure)  777869K->453773K(1035776K), 0.0043488 secs]
239.007: Total time for which application threads were stopped: 0.0044798 seconds, Stopping threads took: 0.0000242 seconds
239.073: [GC (Allocation Failure)  777357K->453837K(1023488K), 0.0047523 secs]
239.077: Total time for which application threads were stopped: 0.0048937 seconds, Stopping threads took: 0.0000180 seconds
239.141: [GC (Allocation Failure)  777421K->461807K(1035264K), 0.0046102 secs]
239.145: Total time for which application threads were stopped: 0.0047613 seconds, Stopping threads took: 0.0000204 seconds
239.211: [GC (Allocation Failure)  784367K->461807K(1030144K), 0.0042069 secs]
239.215: Total time for which application threads were stopped: 0.0043791 seconds, Stopping threads took: 0.0000278 seconds
239.280: [GC (Allocation Failure)  784367K->461863K(1034752K), 0.0044558 secs]
239.285: Total time for which application threads were stopped: 0.0045863 seconds, Stopping threads took: 0.0000190 seconds
239.347: [GC (Allocation Failure)  783399K->469865K(1034752K), 0.0045181 secs]
239.352: Total time for which application threads were stopped: 0.0046444 seconds, Stopping threads took: 0.0000182 seconds
239.417: [GC (Allocation Failure)  791401K->469833K(1033728K), 0.0042368 secs]
239.422: Total time for which application threads were stopped: 0.0043791 seconds, Stopping threads took: 0.0000181 seconds
239.485: [GC (Allocation Failure)  790345K->470089K(1034240K), 0.0043340 secs]
239.489: Total time for which application threads were stopped: 0.0044651 seconds, Stopping threads took: 0.0000251 seconds
239.555: [GC (Allocation Failure)  790601K->477931K(1034240K), 0.0043100 secs]
239.559: Total time for which application threads were stopped: 0.0044410 seconds, Stopping threads took: 0.0000186 seconds
239.623: [GC (Allocation Failure)  798443K->477867K(1034240K), 0.0044449 secs]
239.627: Total time for which application threads were stopped: 0.0045844 seconds, Stopping threads took: 0.0000189 seconds
239.692: [GC (Allocation Failure)  798379K->478307K(1033216K), 0.0048146 secs]
239.697: Total time for which application threads were stopped: 0.0049475 seconds, Stopping threads took: 0.0000195 seconds
239.761: [GC (Allocation Failure)  797795K->485894K(1033728K), 0.0045079 secs]
239.766: Total time for which application threads were stopped: 0.0046529 seconds, Stopping threads took: 0.0000194 seconds
239.831: [GC (Allocation Failure)  805382K->485894K(1033728K), 0.0043345 secs]
239.836: Total time for which application threads were stopped: 0.0046335 seconds, Stopping threads took: 0.0001672 seconds
239.896: [GC (Allocation Failure)  805382K->486054K(1033728K), 0.0046073 secs]
239.901: Total time for which application threads were stopped: 0.0047462 seconds, Stopping threads took: 0.0000187 seconds
239.966: [GC (Allocation Failure)  805542K->493928K(1033728K), 0.0044557 secs]
239.971: Total time for which application threads were stopped: 0.0045882 seconds, Stopping threads took: 0.0000190 seconds
240.036: [GC (Allocation Failure)  813416K->493896K(1033728K), 0.0052801 secs]
240.041: Total time for which application threads were stopped: 0.0054532 seconds, Stopping threads took: 0.0000248 seconds
240.109: [GC (Allocation Failure)  813384K->493992K(1033728K), 0.0045998 secs]
240.113: Total time for which application threads were stopped: 0.0047706 seconds, Stopping threads took: 0.0000197 seconds
240.180: [GC (Allocation Failure)  813480K->501962K(1027072K), 0.0046778 secs]
240.184: Total time for which application threads were stopped: 0.0048449 seconds, Stopping threads took: 0.0000200 seconds
240.248: [GC (Allocation Failure)  821450K->498056K(1034240K), 0.0038074 secs]
240.252: Total time for which application threads were stopped: 0.0039539 seconds, Stopping threads took: 0.0000202 seconds
240.319: [GC (Allocation Failure)  817544K->502122K(1033216K), 0.0047742 secs]
240.324: Total time for which application threads were stopped: 0.0049377 seconds, Stopping threads took: 0.0000281 seconds
240.388: [GC (Allocation Failure)  821610K->506090K(1034752K), 0.0046343 secs]
240.393: Total time for which application threads were stopped: 0.0047822 seconds, Stopping threads took: 0.0000203 seconds
240.456: [GC (Allocation Failure)  827626K->499304K(1034752K), 0.0020862 secs]
240.458: Total time for which application threads were stopped: 0.0022248 seconds, Stopping threads took: 0.0000203 seconds
240.522: [GC (Allocation Failure)  820840K->506162K(1034752K), 0.0043684 secs]
240.527: Total time for which application threads were stopped: 0.0045175 seconds, Stopping threads took: 0.0000268 seconds
240.591: [GC (Allocation Failure)  827698K->510242K(1034752K), 0.0054983 secs]
240.596: Total time for which application threads were stopped: 0.0056565 seconds, Stopping threads took: 0.0000213 seconds
240.660: [GC (Allocation Failure)  831778K->504704K(1034752K), 0.0064242 secs]
240.666: Total time for which application threads were stopped: 0.0065477 seconds, Stopping threads took: 0.0000173 seconds
240.731: [GC (Allocation Failure)  826240K->510506K(1034752K), 0.0046287 secs]
240.736: Total time for which application threads were stopped: 0.0047797 seconds, Stopping threads took: 0.0000275 seconds
240.800: [GC (Allocation Failure)  832042K->514378K(1034752K), 0.0049659 secs]
240.805: Total time for which application threads were stopped: 0.0051202 seconds, Stopping threads took: 0.0000209 seconds
240.870: [GC (Allocation Failure)  836867K->510504K(1035264K), 0.0033766 secs]
240.873: Total time for which application threads were stopped: 0.0035151 seconds, Stopping threads took: 0.0000172 seconds
240.940: [GC (Allocation Failure)  833064K->514538K(1036288K), 0.0044937 secs]
240.944: Total time for which application threads were stopped: 0.0046179 seconds, Stopping threads took: 0.0000165 seconds
241.011: [GC (Allocation Failure)  838634K->518506K(1035776K), 0.0044111 secs]
241.015: Total time for which application threads were stopped: 0.0045498 seconds, Stopping threads took: 0.0000255 seconds
241.082: [GC (Allocation Failure)  842602K->518538K(1035776K), 0.0046566 secs]
241.087: Total time for which application threads were stopped: 0.0048455 seconds, Stopping threads took: 0.0000195 seconds
241.156: [GC (Allocation Failure)  842122K->518570K(1023488K), 0.0046624 secs]
241.161: Total time for which application threads were stopped: 0.0048151 seconds, Stopping threads took: 0.0000171 seconds
241.229: [GC (Allocation Failure)  842154K->526573K(1035264K), 0.0045886 secs]
241.234: Total time for which application threads were stopped: 0.0047541 seconds, Stopping threads took: 0.0000207 seconds
241.302: [GC (Allocation Failure)  849133K->526573K(1030144K), 0.0044030 secs]
241.307: Total time for which application threads were stopped: 0.0045734 seconds, Stopping threads took: 0.0000211 seconds
241.374: [GC (Allocation Failure)  849133K->526605K(1034752K), 0.0048286 secs]
241.379: Total time for which application threads were stopped: 0.0049954 seconds, Stopping threads took: 0.0000211 seconds
241.445: [GC (Allocation Failure)  848141K->534607K(1029120K), 0.0048739 secs]
241.450: Total time for which application threads were stopped: 0.0050559 seconds, Stopping threads took: 0.0000201 seconds
241.518: [GC (Allocation Failure)  856143K->534575K(1034240K), 0.0046638 secs]
241.523: Total time for which application threads were stopped: 0.0048300 seconds, Stopping threads took: 0.0000194 seconds
241.588: [GC (Allocation Failure)  855087K->534831K(1034240K), 0.0047823 secs]
241.593: Total time for which application threads were stopped: 0.0049401 seconds, Stopping threads took: 0.0000201 seconds
241.659: [GC (Allocation Failure)  855343K->542641K(1034240K), 0.0045683 secs]
241.663: Total time for which application threads were stopped: 0.0047295 seconds, Stopping threads took: 0.0000205 seconds
241.728: [GC (Allocation Failure)  863153K->542609K(1034240K), 0.0047036 secs]
241.733: Total time for which application threads were stopped: 0.0048555 seconds, Stopping threads took: 0.0000209 seconds
241.797: [GC (Allocation Failure)  863121K->543049K(1033216K), 0.0045635 secs]
241.802: Total time for which application threads were stopped: 0.0047133 seconds, Stopping threads took: 0.0000201 seconds
241.866: [GC (Allocation Failure)  862537K->550635K(1033728K), 0.0046710 secs]
241.871: Total time for which application threads were stopped: 0.0048207 seconds, Stopping threads took: 0.0000264 seconds
241.934: [GC (Allocation Failure)  870123K->550667K(1033728K), 0.0044487 secs]
241.939: Total time for which application threads were stopped: 0.0045962 seconds, Stopping threads took: 0.0000188 seconds
242.002: [GC (Allocation Failure)  870155K->550795K(1033728K), 0.0051076 secs]
242.007: Total time for which application threads were stopped: 0.0052378 seconds, Stopping threads took: 0.0000247 seconds
242.073: [GC (Allocation Failure)  870283K->558670K(1033728K), 0.0046403 secs]
242.078: Total time for which application threads were stopped: 0.0047907 seconds, Stopping threads took: 0.0000165 seconds
242.145: [GC (Allocation Failure)  878158K->558638K(1033728K), 0.0048622 secs]
242.150: Total time for which application threads were stopped: 0.0050415 seconds, Stopping threads took: 0.0000199 seconds
242.216: [GC (Allocation Failure)  878126K->558734K(1033728K), 0.0048041 secs]
242.221: Total time for which application threads were stopped: 0.0049579 seconds, Stopping threads took: 0.0000206 seconds
242.287: [GC (Allocation Failure)  878222K->566704K(1027072K), 0.0048923 secs]
242.292: Total time for which application threads were stopped: 0.0050446 seconds, Stopping threads took: 0.0000202 seconds
242.356: [GC (Allocation Failure)  886191K->562830K(1034240K), 0.0037629 secs]
242.359: Total time for which application threads were stopped: 0.0039245 seconds, Stopping threads took: 0.0000205 seconds
242.428: [GC (Allocation Failure)  882318K->566856K(1033216K), 0.0048267 secs]
242.433: Total time for which application threads were stopped: 0.0049636 seconds, Stopping threads took: 0.0000170 seconds
242.497: [GC (Allocation Failure)  886344K->570824K(1034752K), 0.0044936 secs]
242.502: Total time for which application threads were stopped: 0.0046482 seconds, Stopping threads took: 0.0000257 seconds
242.566: [GC (Allocation Failure)  892360K->564038K(1034752K), 0.0022318 secs]
242.568: Total time for which application threads were stopped: 0.0023642 seconds, Stopping threads took: 0.0000190 seconds
242.633: [GC (Allocation Failure)  885574K->570856K(1034752K), 0.0045977 secs]
242.637: Total time for which application threads were stopped: 0.0047449 seconds, Stopping threads took: 0.0000275 seconds
242.703: [GC (Allocation Failure)  892392K->574968K(1034752K), 0.0056368 secs]
242.708: Total time for which application threads were stopped: 0.0057735 seconds, Stopping threads took: 0.0000185 seconds
242.770: [GC (Allocation Failure)  896504K->569398K(1034752K), 0.0036074 secs]
242.774: Total time for which application threads were stopped: 0.0037387 seconds, Stopping threads took: 0.0000191 seconds
242.838: [GC (Allocation Failure)  890934K->575208K(1034752K), 0.0047588 secs]
242.842: Total time for which application threads were stopped: 0.0048989 seconds, Stopping threads took: 0.0000279 seconds
242.906: [GC (Allocation Failure)  896744K->579072K(1034752K), 0.0063229 secs]
242.912: Total time for which application threads were stopped: 0.0064704 seconds, Stopping threads took: 0.0000195 seconds
242.976: [GC (Allocation Failure)  901560K->575166K(1035264K), 0.0038031 secs]
242.980: Total time for which application threads were stopped: 0.0039337 seconds, Stopping threads took: 0.0000186 seconds
243.045: [GC (Allocation Failure)  897726K->579232K(1036288K), 0.0056990 secs]
243.050: Total time for which application threads were stopped: 0.0058657 seconds, Stopping threads took: 0.0000249 seconds
243.117: [GC (Allocation Failure)  903328K->583232K(1035776K), 0.0046812 secs]
243.121: Total time for which application threads were stopped: 0.0048660 seconds, Stopping threads took: 0.0000202 seconds
243.187: [GC (Allocation Failure)  907328K->583232K(1035776K), 0.0046715 secs]
243.192: Total time for which application threads were stopped: 0.0048239 seconds, Stopping threads took: 0.0000194 seconds
243.259: [GC (Allocation Failure)  906816K->583304K(1023488K), 0.0046362 secs]
243.264: Total time for which application threads were stopped: 0.0047693 seconds, Stopping threads took: 0.0000250 seconds
243.327: [GC (Allocation Failure)  906888K->591274K(1035264K), 0.0047696 secs]
243.332: Total time for which application threads were stopped: 0.0049024 seconds, Stopping threads took: 0.0000192 seconds
243.396: [GC (Allocation Failure)  913834K->591274K(1030144K), 0.0044592 secs]
243.400: Total time for which application threads were stopped: 0.0046047 seconds, Stopping threads took: 0.0000248 seconds
243.465: [GC (Allocation Failure)  913834K->591338K(1034752K), 0.0045466 secs]
243.469: Total time for which application threads were stopped: 0.0046656 seconds, Stopping threads took: 0.0000193 seconds
243.533: [GC (Allocation Failure)  912874K->599340K(1034752K), 0.0049305 secs]
243.538: Total time for which application threads were stopped: 0.0050729 seconds, Stopping threads took: 0.0000189 seconds
243.603: [GC (Allocation Failure)  920876K->599308K(1033728K), 0.0044052 secs]
243.607: Total time for which application threads were stopped: 0.0045530 seconds, Stopping threads took: 0.0000191 seconds
243.671: [GC (Allocation Failure)  919820K->599564K(1034240K), 0.0048967 secs]
243.676: Total time for which application threads were stopped: 0.0050502 seconds, Stopping threads took: 0.0000185 seconds
243.741: [GC (Allocation Failure)  920076K->607343K(1034240K), 0.0046788 secs]
243.746: Total time for which application threads were stopped: 0.0048382 seconds, Stopping threads took: 0.0000260 seconds
243.809: [GC (Allocation Failure)  927855K->607343K(1034240K), 0.0045809 secs]
243.814: Total time for which application threads were stopped: 0.0047286 seconds, Stopping threads took: 0.0000246 seconds
243.876: [GC (Allocation Failure)  927855K->607783K(1033216K), 0.0047224 secs]
243.881: Total time for which application threads were stopped: 0.0048515 seconds, Stopping threads took: 0.0000188 seconds
243.944: [GC (Allocation Failure)  927271K->615369K(1033728K), 0.0046757 secs]
243.949: Total time for which application threads were stopped: 0.0048230 seconds, Stopping threads took: 0.0000175 seconds
244.015: [GC (Allocation Failure)  934857K->615337K(1033728K), 0.0045149 secs]
244.020: Total time for which application threads were stopped: 0.0046481 seconds, Stopping threads took: 0.0000248 seconds
244.082: [GC (Allocation Failure)  934825K->615529K(1033728K), 0.0047273 secs]
244.087: Total time for which application threads were stopped: 0.0048720 seconds, Stopping threads took: 0.0000252 seconds
244.154: [GC (Allocation Failure)  935017K->623435K(1033728K), 0.0047335 secs]
244.159: Total time for which application threads were stopped: 0.0048914 seconds, Stopping threads took: 0.0000205 seconds
244.224: [GC (Allocation Failure)  942923K->623403K(1033728K), 0.0064865 secs]
244.230: Total time for which application threads were stopped: 0.0066322 seconds, Stopping threads took: 0.0000198 seconds
244.294: [GC (Allocation Failure)  942891K->623467K(1033728K), 0.0050328 secs]
244.299: Total time for which application threads were stopped: 0.0052243 seconds, Stopping threads took: 0.0000277 seconds
244.362: [GC (Allocation Failure)  942955K->631437K(1027072K), 0.0048907 secs]
244.367: Total time for which application threads were stopped: 0.0050340 seconds, Stopping threads took: 0.0000200 seconds
244.429: [GC (Allocation Failure)  950925K->627563K(1034240K), 0.0038986 secs]
244.433: Total time for which application threads were stopped: 0.0040361 seconds, Stopping threads took: 0.0000205 seconds
244.497: [GC (Allocation Failure)  947051K->631597K(1033216K), 0.0047376 secs]
244.502: Total time for which application threads were stopped: 0.0048806 seconds, Stopping threads took: 0.0000256 seconds
244.565: [GC (Allocation Failure)  951085K->635565K(1034752K), 0.0046543 secs]
244.570: Total time for which application threads were stopped: 0.0047894 seconds, Stopping threads took: 0.0000190 seconds
244.632: [GC (Allocation Failure)  957101K->628779K(1034752K), 0.0024435 secs]
244.635: Total time for which application threads were stopped: 0.0025751 seconds, Stopping threads took: 0.0000196 seconds
244.698: [GC (Allocation Failure)  950315K->635621K(1034752K), 0.0055153 secs]
244.703: Total time for which application threads were stopped: 0.0056560 seconds, Stopping threads took: 0.0000184 seconds
244.765: [GC (Allocation Failure)  957157K->639733K(1034752K), 0.0057760 secs]
244.771: Total time for which application threads were stopped: 0.0059300 seconds, Stopping threads took: 0.0000232 seconds
244.834: [GC (Allocation Failure)  961269K->634163K(1034752K), 0.0031714 secs]
244.837: Total time for which application threads were stopped: 0.0033173 seconds, Stopping threads took: 0.0000197 seconds
244.901: [GC (Allocation Failure)  955699K->639997K(1034752K), 0.0047524 secs]
244.906: Total time for which application threads were stopped: 0.0049093 seconds, Stopping threads took: 0.0000191 seconds
244.970: [GC (Allocation Failure)  961533K->643869K(1035264K), 0.0052303 secs]
244.976: Total time for which application threads were stopped: 0.0053600 seconds, Stopping threads took: 0.0000180 seconds
245.038: [GC (Allocation Failure)  966358K->639931K(1035264K), 0.0051913 secs]
245.044: Total time for which application threads were stopped: 0.0053351 seconds, Stopping threads took: 0.0000254 seconds
245.109: [GC (Allocation Failure)  962491K->643997K(1036288K), 0.0048583 secs]
245.114: Total time for which application threads were stopped: 0.0050261 seconds, Stopping threads took: 0.0000280 seconds
245.178: [GC (Allocation Failure)  968093K->647965K(1035776K), 0.0048322 secs]
245.183: Total time for which application threads were stopped: 0.0049698 seconds, Stopping threads took: 0.0000191 seconds
245.247: [GC (Allocation Failure)  972061K->647965K(1035776K), 0.0048262 secs]
245.252: Total time for which application threads were stopped: 0.0049717 seconds, Stopping threads took: 0.0000195 seconds
245.315: [GC (Allocation Failure)  971549K->648021K(1023488K), 0.0047911 secs]
245.320: Total time for which application threads were stopped: 0.0049325 seconds, Stopping threads took: 0.0000196 seconds
245.384: [GC (Allocation Failure)  971605K->656024K(1035264K), 0.0047412 secs]
245.389: Total time for which application threads were stopped: 0.0048927 seconds, Stopping threads took: 0.0000237 seconds
245.454: [GC (Allocation Failure)  978584K->655960K(1030144K), 0.0046417 secs]
245.459: Total time for which application threads were stopped: 0.0047858 seconds, Stopping threads took: 0.0000182 seconds
245.523: [GC (Allocation Failure)  978520K->656056K(1034752K), 0.0047946 secs]
245.528: Total time for which application threads were stopped: 0.0049207 seconds, Stopping threads took: 0.0000165 seconds
245.591: [GC (Allocation Failure)  977592K->664026K(1034752K), 0.0049631 secs]
245.596: Total time for which application threads were stopped: 0.0051344 seconds, Stopping threads took: 0.0000243 seconds
245.661: [GC (Allocation Failure)  985562K->664026K(1033728K), 0.0045311 secs]
245.666: Total time for which application threads were stopped: 0.0046577 seconds, Stopping threads took: 0.0000163 seconds
245.729: [GC (Allocation Failure)  984538K->664290K(1034240K), 0.0049980 secs]
245.734: Total time for which application threads were stopped: 0.0051471 seconds, Stopping threads took: 0.0000189 seconds
245.798: [GC (Allocation Failure)  984802K->672068K(1034240K), 0.0047396 secs]
245.802: Total time for which application threads were stopped: 0.0048836 seconds, Stopping threads took: 0.0000277 seconds
245.866: [GC (Allocation Failure)  992580K->672068K(1034240K), 0.0064311 secs]
245.873: Total time for which application threads were stopped: 0.0065968 seconds, Stopping threads took: 0.0000192 seconds
245.937: [GC (Allocation Failure)  992580K->672524K(1033216K), 0.0051720 secs]
245.942: Total time for which application threads were stopped: 0.0053125 seconds, Stopping threads took: 0.0000188 seconds
246.005: [GC (Allocation Failure)  992012K->680143K(1033728K), 0.0048791 secs]
246.010: Total time for which application threads were stopped: 0.0050116 seconds, Stopping threads took: 0.0000247 seconds
246.075: [GC (Allocation Failure)  999631K->680143K(1033728K), 0.0047742 secs]
246.079: Total time for which application threads were stopped: 0.0049208 seconds, Stopping threads took: 0.0000148 seconds
246.144: [GC (Allocation Failure)  999631K->680263K(1033728K), 0.0048148 secs]
246.149: Total time for which application threads were stopped: 0.0049633 seconds, Stopping threads took: 0.0000275 seconds
246.215: [GC (Allocation Failure)  999751K->688137K(1033728K), 0.0048891 secs]
246.220: Total time for which application threads were stopped: 0.0050468 seconds, Stopping threads took: 0.0000191 seconds
246.286: [GC (Allocation Failure)  1007625K->688137K(1033728K), 0.0050674 secs]
246.291: Total time for which application threads were stopped: 0.0052289 seconds, Stopping threads took: 0.0000199 seconds
246.356: [GC (Allocation Failure)  1007625K->688201K(1033728K), 0.0049577 secs]
246.361: [Full GC (Ergonomics)  688201K->8540K(1033728K), 0.0121826 secs]
246.373: Total time for which application threads were stopped: 0.0173728 seconds, Stopping threads took: 0.0000200 seconds
246.438: [GC (Allocation Failure)  328028K->16703K(1027072K), 0.0037163 secs]
246.442: Total time for which application threads were stopped: 0.0038681 seconds, Stopping threads took: 0.0000203 seconds
246.506: [GC (Allocation Failure)  336190K->12812K(1034240K), 0.0026510 secs]
246.509: Total time for which application threads were stopped: 0.0027754 seconds, Stopping threads took: 0.0000197 seconds
246.573: [GC (Allocation Failure)  332300K->16871K(1033216K), 0.0039636 secs]
246.577: Total time for which application threads were stopped: 0.0041148 seconds, Stopping threads took: 0.0000296 seconds
246.640: [GC (Allocation Failure)  336359K->20839K(1034752K), 0.0034731 secs]
246.643: Total time for which application threads were stopped: 0.0036056 seconds, Stopping threads took: 0.0000186 seconds
246.706: [GC (Allocation Failure)  342375K->14052K(1034752K), 0.0010687 secs]
246.707: Total time for which application threads were stopped: 0.0012245 seconds, Stopping threads took: 0.0000244 seconds
246.770: [GC (Allocation Failure)  335588K->20903K(1034752K), 0.0034798 secs]
246.773: Total time for which application threads were stopped: 0.0036230 seconds, Stopping threads took: 0.0000196 seconds
246.835: [GC (Allocation Failure)  342439K->24983K(1034752K), 0.0045395 secs]
246.839: Total time for which application threads were stopped: 0.0046748 seconds, Stopping threads took: 0.0000204 seconds
246.901: [GC (Allocation Failure)  346519K->19444K(1034752K), 0.0016421 secs]
246.902: Total time for which application threads were stopped: 0.0017683 seconds, Stopping threads took: 0.0000181 seconds
246.965: [GC (Allocation Failure)  340980K->25295K(1034752K), 0.0035670 secs]
246.969: Total time for which application threads were stopped: 0.0036930 seconds, Stopping threads took: 0.0000181 seconds
247.032: [GC (Allocation Failure)  346831K->29135K(1035264K), 0.0038354 secs]
247.036: Total time for which application threads were stopped: 0.0039700 seconds, Stopping threads took: 0.0000267 seconds
247.102: [GC (Allocation Failure)  351623K->25228K(1035264K), 0.0024256 secs]
247.104: Total time for which application threads were stopped: 0.0025597 seconds, Stopping threads took: 0.0000191 seconds
247.170: [GC (Allocation Failure)  347788K->29295K(1036288K), 0.0036985 secs]
247.174: Total time for which application threads were stopped: 0.0038562 seconds, Stopping threads took: 0.0000207 seconds
247.238: [GC (Allocation Failure)  353391K->33295K(1035776K), 0.0034372 secs]
247.241: Total time for which application threads were stopped: 0.0036143 seconds, Stopping threads took: 0.0000199 seconds
247.308: [GC (Allocation Failure)  357391K->33263K(1035776K), 0.0035399 secs]
247.311: Total time for which application threads were stopped: 0.0037022 seconds, Stopping threads took: 0.0000236 seconds
247.375: [GC (Allocation Failure)  356847K->33351K(1023488K), 0.0037684 secs]
247.379: Total time for which application threads were stopped: 0.0039084 seconds, Stopping threads took: 0.0000196 seconds
247.443: [GC (Allocation Failure)  356935K->41321K(1035264K), 0.0036923 secs]
247.447: Total time for which application threads were stopped: 0.0038253 seconds, Stopping threads took: 0.0000194 seconds
247.512: [GC (Allocation Failure)  363881K->41321K(1030144K), 0.0034244 secs]
247.515: Total time for which application threads were stopped: 0.0035697 seconds, Stopping threads took: 0.0000267 seconds
247.578: [GC (Allocation Failure)  363881K->41353K(1034752K), 0.0036355 secs]
247.582: Total time for which application threads were stopped: 0.0037914 seconds, Stopping threads took: 0.0000240 seconds
247.648: [GC (Allocation Failure)  362889K->49323K(1029120K), 0.0036927 secs]
247.651: Total time for which application threads were stopped: 0.0038166 seconds, Stopping threads took: 0.0000178 seconds
247.716: [GC (Allocation Failure)  370859K->49323K(1034240K), 0.0033129 secs]
247.719: Total time for which application threads were stopped: 0.0034559 seconds, Stopping threads took: 0.0000241 seconds
247.783: [GC (Allocation Failure)  369835K->49579K(1034240K), 0.0036806 secs]
247.787: Total time for which application threads were stopped: 0.0038254 seconds, Stopping threads took: 0.0000184 seconds
247.851: [GC (Allocation Failure)  370091K->57357K(1034240K), 0.0035831 secs]
247.854: Total time for which application threads were stopped: 0.0037101 seconds, Stopping threads took: 0.0000175 seconds
247.918: [GC (Allocation Failure)  377869K->57325K(1034240K), 0.0035743 secs]
247.921: Total time for which application threads were stopped: 0.0037085 seconds, Stopping threads took: 0.0000181 seconds
247.987: [GC (Allocation Failure)  377837K->57805K(1034240K), 0.0035433 secs]
247.990: Total time for which application threads were stopped: 0.0036710 seconds, Stopping threads took: 0.0000258 seconds
248.054: [GC (Allocation Failure)  378317K->65392K(1028096K), 0.0043381 secs]
248.059: Total time for which application threads were stopped: 0.0044801 seconds, Stopping threads took: 0.0000267 seconds
248.126: [GC (Allocation Failure)  385904K->65392K(1033728K), 0.0036460 secs]
248.129: Total time for which application threads were stopped: 0.0038065 seconds, Stopping threads took: 0.0000197 seconds
248.193: [GC (Allocation Failure)  384880K->65544K(1033728K), 0.0036027 secs]
248.197: Total time for which application threads were stopped: 0.0037395 seconds, Stopping threads took: 0.0000199 seconds
248.262: [GC (Allocation Failure)  385032K->73450K(1033728K), 0.0036873 secs]
248.265: Total time for which application threads were stopped: 0.0038332 seconds, Stopping threads took: 0.0000290 seconds
248.329: [GC (Allocation Failure)  392938K->73450K(1033728K), 0.0035036 secs]
248.333: Total time for which application threads were stopped: 0.0036378 seconds, Stopping threads took: 0.0000201 seconds
248.395: [GC (Allocation Failure)  392938K->73482K(1033728K), 0.0036227 secs]
248.399: Total time for which application threads were stopped: 0.0037685 seconds, Stopping threads took: 0.0000192 seconds
248.460: [GC (Allocation Failure)  392970K->81452K(1027072K), 0.0037108 secs]
248.463: Total time for which application threads were stopped: 0.0038402 seconds, Stopping threads took: 0.0000182 seconds
248.524: [GC (Allocation Failure)  400940K->77546K(1034240K), 0.0027860 secs]
248.527: Total time for which application threads were stopped: 0.0029239 seconds, Stopping threads took: 0.0000276 seconds
248.592: [GC (Allocation Failure)  397034K->81612K(1033216K), 0.0063887 secs]
248.599: Total time for which application threads were stopped: 0.0065086 seconds, Stopping threads took: 0.0000177 seconds
248.663: [GC (Allocation Failure)  401100K->85548K(1034752K), 0.0036489 secs]
248.667: Total time for which application threads were stopped: 0.0037819 seconds, Stopping threads took: 0.0000184 seconds
248.730: [GC (Allocation Failure)  407084K->78794K(1034752K), 0.0013486 secs]
248.731: Total time for which application threads were stopped: 0.0014874 seconds, Stopping threads took: 0.0000192 seconds
248.794: [GC (Allocation Failure)  400330K->85676K(1034752K), 0.0035570 secs]
248.798: Total time for which application threads were stopped: 0.0037034 seconds, Stopping threads took: 0.0000202 seconds
248.860: [GC (Allocation Failure)  407212K->89756K(1034752K), 0.0047450 secs]
248.865: Total time for which application threads were stopped: 0.0049021 seconds, Stopping threads took: 0.0000238 seconds
248.927: [GC (Allocation Failure)  411292K->84186K(1034752K), 0.0018494 secs]
248.929: Total time for which application threads were stopped: 0.0019814 seconds, Stopping threads took: 0.0000180 seconds
248.992: [GC (Allocation Failure)  405722K->90028K(1034752K), 0.0036423 secs]
248.996: Total time for which application threads were stopped: 0.0037716 seconds, Stopping threads took: 0.0000252 seconds
249.060: [GC (Allocation Failure)  411564K->93868K(1035264K), 0.0050991 secs]
249.065: Total time for which application threads were stopped: 0.0052182 seconds, Stopping threads took: 0.0000170 seconds
249.129: [GC (Allocation Failure)  416356K->89930K(1035264K), 0.0024549 secs]
249.131: Total time for which application threads were stopped: 0.0025804 seconds, Stopping threads took: 0.0000173 seconds
249.198: [GC (Allocation Failure)  412490K->94028K(1036288K), 0.0037796 secs]
249.202: Total time for which application threads were stopped: 0.0039014 seconds, Stopping threads took: 0.0000168 seconds
249.266: [GC (Allocation Failure)  418124K->98028K(1035776K), 0.0035563 secs]
249.270: Total time for which application threads were stopped: 0.0036974 seconds, Stopping threads took: 0.0000183 seconds
249.334: [GC (Allocation Failure)  422124K->97996K(1035776K), 0.0034875 secs]
249.338: Total time for which application threads were stopped: 0.0036185 seconds, Stopping threads took: 0.0000184 seconds
249.402: [GC (Allocation Failure)  421580K->98060K(1023488K), 0.0038119 secs]
249.405: Total time for which application threads were stopped: 0.0039532 seconds, Stopping threads took: 0.0000196 seconds
249.468: [GC (Allocation Failure)  421644K->106030K(1035264K), 0.0037712 secs]
249.472: Total time for which application threads were stopped: 0.0039053 seconds, Stopping threads took: 0.0000197 seconds
249.538: [GC (Allocation Failure)  428590K->106030K(1030144K), 0.0034847 secs]
249.542: Total time for which application threads were stopped: 0.0036131 seconds, Stopping threads took: 0.0000253 seconds
249.605: [GC (Allocation Failure)  428590K->106094K(1034752K), 0.0036967 secs]
249.609: Total time for which application threads were stopped: 0.0038404 seconds, Stopping threads took: 0.0000237 seconds
249.672: [GC (Allocation Failure)  427630K->114097K(1029120K), 0.0038585 secs]
249.676: Total time for which application threads were stopped: 0.0039916 seconds, Stopping threads took: 0.0000191 seconds
249.742: [GC (Allocation Failure)  435633K->114097K(1034240K), 0.0034286 secs]
249.745: Total time for which application threads were stopped: 0.0035572 seconds, Stopping threads took: 0.0000186 seconds
249.808: [GC (Allocation Failure)  434609K->114281K(1034240K), 0.0036735 secs]
249.811: Total time for which application threads were stopped: 0.0038095 seconds, Stopping threads took: 0.0000178 seconds
249.875: [GC (Allocation Failure)  434793K->122091K(1034240K), 0.0036487 secs]
249.878: Total time for which application threads were stopped: 0.0037917 seconds, Stopping threads took: 0.0000239 seconds
249.942: [GC (Allocation Failure)  442603K->122123K(1034240K), 0.0036620 secs]
249.946: Total time for which application threads were stopped: 0.0038027 seconds, Stopping threads took: 0.0000179 seconds
250.011: [GC (Allocation Failure)  442635K->122539K(1033216K), 0.0038078 secs]
250.015: Total time for which application threads were stopped: 0.0039473 seconds, Stopping threads took: 0.0000267 seconds
250.081: [GC (Allocation Failure)  442027K->130157K(1033728K), 0.0037130 secs]
250.085: Total time for which application threads were stopped: 0.0038548 seconds, Stopping threads took: 0.0000192 seconds
250.152: [GC (Allocation Failure)  449645K->130125K(1033728K), 0.0037200 secs]
250.155: Total time for which application threads were stopped: 0.0038724 seconds, Stopping threads took: 0.0000223 seconds
250.217: [GC (Allocation Failure)  449613K->130253K(1033728K), 0.0037152 secs]
250.221: Total time for which application threads were stopped: 0.0038604 seconds, Stopping threads took: 0.0000279 seconds
250.285: [GC (Allocation Failure)  449741K->138159K(1033728K), 0.0035838 secs]
250.289: Total time for which application threads were stopped: 0.0037257 seconds, Stopping threads took: 0.0000189 seconds
250.352: [GC (Allocation Failure)  457647K->138159K(1033728K), 0.0038289 secs]
250.355: Total time for which application threads were stopped: 0.0039672 seconds, Stopping threads took: 0.0000205 seconds
250.418: [GC (Allocation Failure)  457647K->138215K(1033728K), 0.0038235 secs]
250.422: Total time for which application threads were stopped: 0.0039806 seconds, Stopping threads took: 0.0000232 seconds
250.486: [GC (Allocation Failure)  457703K->146186K(1027072K), 0.0041907 secs]
250.490: Total time for which application threads were stopped: 0.0043432 seconds, Stopping threads took: 0.0000183 seconds
250.553: [GC (Allocation Failure)  465673K->142247K(1034240K), 0.0029827 secs]
250.556: Total time for which application threads were stopped: 0.0031154 seconds, Stopping threads took: 0.0000161 seconds
250.622: [GC (Allocation Failure)  461735K->146346K(1033216K), 0.0038107 secs]
250.625: Total time for which application threads were stopped: 0.0039420 seconds, Stopping threads took: 0.0000156 seconds
250.689: [GC (Allocation Failure)  465834K->150282K(1034752K), 0.0037195 secs]
250.693: Total time for which application threads were stopped: 0.0038503 seconds, Stopping threads took: 0.0000187 seconds
250.757: [GC (Allocation Failure)  471818K->143527K(1034752K), 0.0014800 secs]
250.758: Total time for which application threads were stopped: 0.0016073 seconds, Stopping threads took: 0.0000182 seconds
250.824: [GC (Allocation Failure)  465063K->150418K(1034752K), 0.0037419 secs]
250.828: Total time for which application threads were stopped: 0.0038851 seconds, Stopping threads took: 0.0000183 seconds
250.891: [GC (Allocation Failure)  471954K->154466K(1034752K), 0.0046466 secs]
250.896: Total time for which application threads were stopped: 0.0047879 seconds, Stopping threads took: 0.0000190 seconds
250.957: [GC (Allocation Failure)  476002K->148927K(1034752K), 0.0019814 secs]
250.959: Total time for which application threads were stopped: 0.0021297 seconds, Stopping threads took: 0.0000245 seconds
251.023: [GC (Allocation Failure)  470463K->154738K(1034752K), 0.0038844 secs]
251.027: Total time for which application threads were stopped: 0.0040184 seconds, Stopping threads took: 0.0000245 seconds
251.093: [GC (Allocation Failure)  476274K->158610K(1034752K), 0.0040538 secs]
251.097: Total time for which application threads were stopped: 0.0041748 seconds, Stopping threads took: 0.0000149 seconds
251.160: [GC (Allocation Failure)  481098K->154735K(1035264K), 0.0026930 secs]
251.162: Total time for which application threads were stopped: 0.0028239 seconds, Stopping threads took: 0.0000196 seconds
251.229: [GC (Allocation Failure)  477295K->158762K(1036288K), 0.0037663 secs]
251.232: Total time for which application threads were stopped: 0.0039172 seconds, Stopping threads took: 0.0000236 seconds
251.296: [GC (Allocation Failure)  482858K->162730K(1035776K), 0.0038374 secs]
251.300: Total time for which application threads were stopped: 0.0039768 seconds, Stopping threads took: 0.0000185 seconds
251.365: [GC (Allocation Failure)  486826K->162762K(1035776K), 0.0037535 secs]
251.368: Total time for which application threads were stopped: 0.0038857 seconds, Stopping threads took: 0.0000190 seconds
251.432: [GC (Allocation Failure)  486346K->162794K(1023488K), 0.0039284 secs]
251.436: Total time for which application threads were stopped: 0.0040763 seconds, Stopping threads took: 0.0000233 seconds
251.499: [GC (Allocation Failure)  486378K->170764K(1035264K), 0.0038301 secs]
251.503: Total time for which application threads were stopped: 0.0039696 seconds, Stopping threads took: 0.0000183 seconds
251.567: [GC (Allocation Failure)  493324K->170764K(1030144K), 0.0036106 secs]
251.571: Total time for which application threads were stopped: 0.0037295 seconds, Stopping threads took: 0.0000163 seconds
251.635: [GC (Allocation Failure)  493324K->170828K(1034752K), 0.0038656 secs]
251.639: Total time for which application threads were stopped: 0.0040110 seconds, Stopping threads took: 0.0000247 seconds
251.702: [GC (Allocation Failure)  492364K->178830K(1029120K), 0.0039139 secs]
251.706: Total time for which application threads were stopped: 0.0040633 seconds, Stopping threads took: 0.0000300 seconds
251.770: [GC (Allocation Failure)  500366K->178766K(1034240K), 0.0035549 secs]
251.774: Total time for which application threads were stopped: 0.0037081 seconds, Stopping threads took: 0.0000207 seconds
251.838: [GC (Allocation Failure)  499278K->179054K(1034240K), 0.0039224 secs]
251.842: Total time for which application threads were stopped: 0.0040521 seconds, Stopping threads took: 0.0000177 seconds
251.908: [GC (Allocation Failure)  499566K->186833K(1034240K), 0.0037868 secs]
251.912: Total time for which application threads were stopped: 0.0039160 seconds, Stopping threads took: 0.0000179 seconds
251.975: [GC (Allocation Failure)  507345K->186865K(1034240K), 0.0037840 secs]
251.979: Total time for which application threads were stopped: 0.0040230 seconds, Stopping threads took: 0.0000175 seconds
252.045: [GC (Allocation Failure)  507377K->187273K(1033216K), 0.0045445 secs]
252.050: Total time for which application threads were stopped: 0.0046688 seconds, Stopping threads took: 0.0000144 seconds
252.114: [GC (Allocation Failure)  506761K->194891K(1033728K), 0.0039188 secs]
252.118: Total time for which application threads were stopped: 0.0040544 seconds, Stopping threads took: 0.0000193 seconds
252.181: [GC (Allocation Failure)  514379K->194891K(1033728K), 0.0036810 secs]
252.185: Total time for which application threads were stopped: 0.0038223 seconds, Stopping threads took: 0.0000195 seconds
252.248: [GC (Allocation Failure)  514379K->195019K(1033728K), 0.0039013 secs]
252.252: Total time for which application threads were stopped: 0.0040223 seconds, Stopping threads took: 0.0000160 seconds
252.316: [GC (Allocation Failure)  514507K->202925K(1033728K), 0.0036898 secs]
252.319: Total time for which application threads were stopped: 0.0038356 seconds, Stopping threads took: 0.0000189 seconds
252.384: [GC (Allocation Failure)  522413K->202893K(1033728K), 0.0039752 secs]
252.388: Total time for which application threads were stopped: 0.0041026 seconds, Stopping threads took: 0.0000175 seconds
252.450: [GC (Allocation Failure)  522381K->202957K(1033728K), 0.0039450 secs]
252.454: Total time for which application threads were stopped: 0.0040926 seconds, Stopping threads took: 0.0000180 seconds
252.516: [GC (Allocation Failure)  522445K->210927K(1027072K), 0.0038900 secs]
252.520: Total time for which application threads were stopped: 0.0040205 seconds, Stopping threads took: 0.0000187 seconds
252.581: [GC (Allocation Failure)  530415K->207021K(1034240K), 0.0031474 secs]
252.584: Total time for which application threads were stopped: 0.0032874 seconds, Stopping threads took: 0.0000247 seconds
252.649: [GC (Allocation Failure)  526509K->211087K(1033216K), 0.0040667 secs]
252.653: Total time for which application threads were stopped: 0.0041967 seconds, Stopping threads took: 0.0000182 seconds
252.716: [GC (Allocation Failure)  530575K->215055K(1034752K), 0.0040416 secs]
252.720: Total time for which application threads were stopped: 0.0041908 seconds, Stopping threads took: 0.0000235 seconds
252.783: [GC (Allocation Failure)  536591K->208269K(1034752K), 0.0015861 secs]
252.784: Total time for which application threads were stopped: 0.0017110 seconds, Stopping threads took: 0.0000190 seconds
252.849: [GC (Allocation Failure)  529805K->215159K(1034752K), 0.0037150 secs]
252.853: Total time for which application threads were stopped: 0.0038377 seconds, Stopping threads took: 0.0000161 seconds
252.915: [GC (Allocation Failure)  536695K->219207K(1034752K), 0.0048203 secs]
252.920: Total time for which application threads were stopped: 0.0049343 seconds, Stopping threads took: 0.0000155 seconds
252.981: [GC (Allocation Failure)  540743K->213701K(1034752K), 0.0029349 secs]
252.984: Total time for which application threads were stopped: 0.0030774 seconds, Stopping threads took: 0.0000245 seconds
253.047: [GC (Allocation Failure)  535237K->219439K(1034752K), 0.0061346 secs]
253.054: Total time for which application threads were stopped: 0.0062650 seconds, Stopping threads took: 0.0000165 seconds
253.117: [GC (Allocation Failure)  540975K->223343K(1034752K), 0.0043743 secs]
253.122: Total time for which application threads were stopped: 0.0045067 seconds, Stopping threads took: 0.0000192 seconds
253.184: [GC (Allocation Failure)  545832K->219437K(1035264K), 0.0028144 secs]
253.187: Total time for which application threads were stopped: 0.0029468 seconds, Stopping threads took: 0.0000192 seconds
253.251: [GC (Allocation Failure)  541997K->223495K(1036288K), 0.0040956 secs]
253.255: Total time for which application threads were stopped: 0.0042295 seconds, Stopping threads took: 0.0000194 seconds
253.318: [GC (Allocation Failure)  547591K->227495K(1035776K), 0.0038622 secs]
253.322: Total time for which application threads were stopped: 0.0039925 seconds, Stopping threads took: 0.0000190 seconds
253.388: [GC (Allocation Failure)  551591K->227463K(1035776K), 0.0038919 secs]
253.392: Total time for which application threads were stopped: 0.0040215 seconds, Stopping threads took: 0.0000182 seconds
253.458: [GC (Allocation Failure)  551047K->227527K(1023488K), 0.0040169 secs]
253.462: Total time for which application threads were stopped: 0.0041440 seconds, Stopping threads took: 0.0000185 seconds
253.525: [GC (Allocation Failure)  551111K->235530K(1035264K), 0.0038775 secs]
253.529: Total time for which application threads were stopped: 0.0040128 seconds, Stopping threads took: 0.0000185 seconds
253.592: [GC (Allocation Failure)  558090K->235466K(1030144K), 0.0036937 secs]
253.596: Total time for which application threads were stopped: 0.0038124 seconds, Stopping threads took: 0.0000161 seconds
253.660: [GC (Allocation Failure)  558026K->235562K(1034752K), 0.0039437 secs]
253.664: Total time for which application threads were stopped: 0.0040888 seconds, Stopping threads took: 0.0000192 seconds
253.728: [GC (Allocation Failure)  557098K->243564K(1034752K), 0.0040514 secs]
253.733: Total time for which application threads were stopped: 0.0041795 seconds, Stopping threads took: 0.0000160 seconds
253.796: [GC (Allocation Failure)  565100K->243532K(1033728K), 0.0039210 secs]
253.800: Total time for which application threads were stopped: 0.0040593 seconds, Stopping threads took: 0.0000184 seconds
253.864: [GC (Allocation Failure)  564044K->243788K(1034240K), 0.0040967 secs]
253.869: Total time for which application threads were stopped: 0.0042579 seconds, Stopping threads took: 0.0000237 seconds
253.932: [GC (Allocation Failure)  564300K->251566K(1034240K), 0.0039492 secs]
253.936: Total time for which application threads were stopped: 0.0040793 seconds, Stopping threads took: 0.0000186 seconds
254.000: [GC (Allocation Failure)  572078K->251598K(1034240K), 0.0038531 secs]
254.003: Total time for which application threads were stopped: 0.0039958 seconds, Stopping threads took: 0.0000268 seconds
254.068: [GC (Allocation Failure)  572110K->252014K(1033216K), 0.0040211 secs]
254.072: Total time for which application threads were stopped: 0.0041824 seconds, Stopping threads took: 0.0000165 seconds
254.135: [GC (Allocation Failure)  571502K->259632K(1033728K), 0.0039041 secs]
254.139: Total time for which application threads were stopped: 0.0040467 seconds, Stopping threads took: 0.0000271 seconds
254.204: [GC (Allocation Failure)  579120K->259632K(1033728K), 0.0039251 secs]
254.208: Total time for which application threads were stopped: 0.0040455 seconds, Stopping threads took: 0.0000164 seconds
254.269: [GC (Allocation Failure)  579120K->259752K(1033728K), 0.0040078 secs]
254.273: Total time for which application threads were stopped: 0.0041650 seconds, Stopping threads took: 0.0000241 seconds
254.336: [GC (Allocation Failure)  579240K->267691K(1033728K), 0.0041261 secs]
254.341: Total time for which application threads were stopped: 0.0042720 seconds, Stopping threads took: 0.0000269 seconds
254.404: [GC (Allocation Failure)  587179K->267627K(1033728K), 0.0041341 secs]
254.408: Total time for which application threads were stopped: 0.0042673 seconds, Stopping threads took: 0.0000187 seconds
254.471: [GC (Allocation Failure)  587115K->267699K(1033728K), 0.0063462 secs]
254.477: Total time for which application threads were stopped: 0.0065059 seconds, Stopping threads took: 0.0000231 seconds
254.541: [GC (Allocation Failure)  587187K->275669K(1027072K), 0.0040426 secs]
254.545: Total time for which application threads were stopped: 0.0041817 seconds, Stopping threads took: 0.0000269 seconds
254.606: [GC (Allocation Failure)  595156K->271763K(1034240K), 0.0032356 secs]
254.609: Total time for which application threads were stopped: 0.0033744 seconds, Stopping threads took: 0.0000281 seconds
254.675: [GC (Allocation Failure)  591251K->275789K(1033216K), 0.0041722 secs]
254.679: Total time for which application threads were stopped: 0.0043063 seconds, Stopping threads took: 0.0000177 seconds
254.743: [GC (Allocation Failure)  595277K->279789K(1034752K), 0.0039839 secs]
254.747: Total time for which application threads were stopped: 0.0041083 seconds, Stopping threads took: 0.0000179 seconds
254.809: [GC (Allocation Failure)  601325K->272971K(1034752K), 0.0016795 secs]
254.811: Total time for which application threads were stopped: 0.0018076 seconds, Stopping threads took: 0.0000183 seconds
254.874: [GC (Allocation Failure)  594507K->279829K(1034752K), 0.0040247 secs]
254.878: Total time for which application threads were stopped: 0.0041592 seconds, Stopping threads took: 0.0000194 seconds
254.940: [GC (Allocation Failure)  601365K->283941K(1034752K), 0.0100999 secs]
254.951: Total time for which application threads were stopped: 0.0102386 seconds, Stopping threads took: 0.0000203 seconds
255.014: [GC (Allocation Failure)  605477K->278403K(1034752K), 0.0021500 secs]
255.016: Total time for which application threads were stopped: 0.0022776 seconds, Stopping threads took: 0.0000183 seconds
255.082: [GC (Allocation Failure)  599939K->284245K(1034752K), 0.0041568 secs]
255.086: Total time for which application threads were stopped: 0.0043051 seconds, Stopping threads took: 0.0000274 seconds
255.150: [GC (Allocation Failure)  605781K->288085K(1035264K), 0.0043496 secs]
255.154: Total time for which application threads were stopped: 0.0044917 seconds, Stopping threads took: 0.0000195 seconds
255.217: [GC (Allocation Failure)  610573K->284179K(1035264K), 0.0030695 secs]
255.220: Total time for which application threads were stopped: 0.0032170 seconds, Stopping threads took: 0.0000211 seconds
255.286: [GC (Allocation Failure)  606739K->288237K(1036288K), 0.0040602 secs]
255.290: Total time for which application threads were stopped: 0.0042351 seconds, Stopping threads took: 0.0000276 seconds
255.355: [GC (Allocation Failure)  612333K->292205K(1035776K), 0.0040860 secs]
255.360: Total time for which application threads were stopped: 0.0042193 seconds, Stopping threads took: 0.0000185 seconds
255.424: [GC (Allocation Failure)  616301K->292205K(1035776K), 0.0040417 secs]
255.428: Total time for which application threads were stopped: 0.0041899 seconds, Stopping threads took: 0.0000182 seconds
255.493: [GC (Allocation Failure)  615789K->292269K(1023488K), 0.0065300 secs]
255.500: Total time for which application threads were stopped: 0.0067010 seconds, Stopping threads took: 0.0000177 seconds
255.563: [GC (Allocation Failure)  615853K->300239K(1035264K), 0.0042138 secs]
255.567: Total time for which application threads were stopped: 0.0043832 seconds, Stopping threads took: 0.0000205 seconds
255.631: [GC (Allocation Failure)  622799K->300239K(1030144K), 0.0038429 secs]
255.635: Total time for which application threads were stopped: 0.0039789 seconds, Stopping threads took: 0.0000192 seconds
255.698: [GC (Allocation Failure)  622799K->300303K(1034752K), 0.0040055 secs]
255.702: Total time for which application threads were stopped: 0.0041398 seconds, Stopping threads took: 0.0000192 seconds
255.766: [GC (Allocation Failure)  621839K->308273K(1034752K), 0.0041491 secs]
255.770: Total time for which application threads were stopped: 0.0042881 seconds, Stopping threads took: 0.0000188 seconds
255.834: [GC (Allocation Failure)  629809K->308273K(1033728K), 0.0039545 secs]
255.838: Total time for which application threads were stopped: 0.0041083 seconds, Stopping threads took: 0.0000323 seconds
255.903: [GC (Allocation Failure)  628785K->308521K(1034240K), 0.0041154 secs]
255.907: Total time for which application threads were stopped: 0.0042477 seconds, Stopping threads took: 0.0000188 seconds
255.971: [GC (Allocation Failure)  629033K->316300K(1034240K), 0.0040589 secs]
255.975: Total time for which application threads were stopped: 0.0042064 seconds, Stopping threads took: 0.0000199 seconds
256.041: [GC (Allocation Failure)  636812K->316300K(1034240K), 0.0043776 secs]
256.045: Total time for which application threads were stopped: 0.0045127 seconds, Stopping threads took: 0.0000251 seconds
256.109: [GC (Allocation Failure)  636812K->316748K(1033216K), 0.0041666 secs]
256.114: Total time for which application threads were stopped: 0.0043016 seconds, Stopping threads took: 0.0000193 seconds
256.176: [GC (Allocation Failure)  636236K->324366K(1033728K), 0.0042204 secs]
256.181: Total time for which application threads were stopped: 0.0043706 seconds, Stopping threads took: 0.0000269 seconds
256.244: [GC (Allocation Failure)  643854K->324334K(1033728K), 0.0044069 secs]
256.248: Total time for which application threads were stopped: 0.0045556 seconds, Stopping threads took: 0.0000244 seconds
256.310: [GC (Allocation Failure)  643822K->324494K(1033728K), 0.0041248 secs]
256.314: Total time for which application threads were stopped: 0.0042785 seconds, Stopping threads took: 0.0000235 seconds
256.377: [GC (Allocation Failure)  643982K->332368K(1033728K), 0.0041048 secs]
256.382: Total time for which application threads were stopped: 0.0042367 seconds, Stopping threads took: 0.0000186 seconds
256.444: [GC (Allocation Failure)  651856K->332368K(1033728K), 0.0040882 secs]
256.448: Total time for which application threads were stopped: 0.0042235 seconds, Stopping threads took: 0.0000194 seconds
256.511: [GC (Allocation Failure)  651856K->332424K(1033728K), 0.0040779 secs]
256.515: Total time for which application threads were stopped: 0.0042182 seconds, Stopping threads took: 0.0000183 seconds
256.578: [GC (Allocation Failure)  651912K->340395K(1027072K), 0.0042209 secs]
256.582: Total time for which application threads were stopped: 0.0043656 seconds, Stopping threads took: 0.0000187 seconds
256.645: [GC (Allocation Failure)  659882K->336488K(1034240K), 0.0032250 secs]
256.648: Total time for which application threads were stopped: 0.0033426 seconds, Stopping threads took: 0.0000157 seconds
256.711: [GC (Allocation Failure)  655976K->340555K(1033216K), 0.0041709 secs]
256.715: Total time for which application threads were stopped: 0.0043131 seconds, Stopping threads took: 0.0000180 seconds
256.779: [GC (Allocation Failure)  660043K->344555K(1034752K), 0.0065105 secs]
256.785: Total time for which application threads were stopped: 0.0066569 seconds, Stopping threads took: 0.0000197 seconds
256.849: [GC (Allocation Failure)  666091K->337736K(1034752K), 0.0019107 secs]
256.851: Total time for which application threads were stopped: 0.0020513 seconds, Stopping threads took: 0.0000194 seconds
256.915: [GC (Allocation Failure)  659272K->344595K(1034752K), 0.0041240 secs]
256.919: Total time for which application threads were stopped: 0.0042650 seconds, Stopping threads took: 0.0000208 seconds
256.981: [GC (Allocation Failure)  666131K->348675K(1034752K), 0.0051129 secs]
256.986: Total time for which application threads were stopped: 0.0052572 seconds, Stopping threads took: 0.0000198 seconds
257.049: [GC (Allocation Failure)  670211K->343104K(1034752K), 0.0030832 secs]
257.052: Total time for which application threads were stopped: 0.0032401 seconds, Stopping threads took: 0.0000254 seconds
257.120: [GC (Allocation Failure)  664640K->348947K(1034752K), 0.0042986 secs]
257.124: Total time for which application threads were stopped: 0.0044448 seconds, Stopping threads took: 0.0000195 seconds
257.191: [GC (Allocation Failure)  670483K->352827K(1034752K), 0.0046682 secs]
257.196: Total time for which application threads were stopped: 0.0048489 seconds, Stopping threads took: 0.0000200 seconds
257.261: [GC (Allocation Failure)  675315K->348952K(1035264K), 0.0032144 secs]
257.264: Total time for which application threads were stopped: 0.0033449 seconds, Stopping threads took: 0.0000198 seconds
257.329: [GC (Allocation Failure)  671512K->352995K(1036288K), 0.0043189 secs]
257.333: Total time for which application threads were stopped: 0.0044579 seconds, Stopping threads took: 0.0000274 seconds
257.396: [GC (Allocation Failure)  677091K->356963K(1035776K), 0.0041035 secs]
257.400: Total time for which application threads were stopped: 0.0042340 seconds, Stopping threads took: 0.0000182 seconds
257.464: [GC (Allocation Failure)  681059K->356963K(1035776K), 0.0040105 secs]
257.468: Total time for which application threads were stopped: 0.0041568 seconds, Stopping threads took: 0.0000197 seconds
257.534: [GC (Allocation Failure)  680547K->357035K(1023488K), 0.0042024 secs]
257.538: Total time for which application threads were stopped: 0.0043347 seconds, Stopping threads took: 0.0000253 seconds
257.601: [GC (Allocation Failure)  680619K->365005K(1035264K), 0.0043236 secs]
257.605: Total time for which application threads were stopped: 0.0044691 seconds, Stopping threads took: 0.0000193 seconds
257.669: [GC (Allocation Failure)  687565K->365005K(1030144K), 0.0039570 secs]
257.673: Total time for which application threads were stopped: 0.0041005 seconds, Stopping threads took: 0.0000192 seconds
257.737: [GC (Allocation Failure)  687565K->365061K(1034752K), 0.0042993 secs]
257.741: Total time for which application threads were stopped: 0.0044339 seconds, Stopping threads took: 0.0000194 seconds
257.804: [GC (Allocation Failure)  686597K->373063K(1034752K), 0.0042798 secs]
257.809: Total time for which application threads were stopped: 0.0044122 seconds, Stopping threads took: 0.0000187 seconds
257.873: [GC (Allocation Failure)  694599K->373031K(1033728K), 0.0040854 secs]
257.877: Total time for which application threads were stopped: 0.0042280 seconds, Stopping threads took: 0.0000195 seconds
257.940: [GC (Allocation Failure)  693543K->373287K(1034240K), 0.0041717 secs]
257.944: Total time for which application threads were stopped: 0.0043061 seconds, Stopping threads took: 0.0000193 seconds
258.008: [GC (Allocation Failure)  693799K->381065K(1034240K), 0.0041299 secs]
258.012: Total time for which application threads were stopped: 0.0042621 seconds, Stopping threads took: 0.0000244 seconds
258.078: [GC (Allocation Failure)  701577K->381065K(1034240K), 0.0042297 secs]
258.082: Total time for which application threads were stopped: 0.0044036 seconds, Stopping threads took: 0.0000260 seconds
258.147: [GC (Allocation Failure)  701577K->381513K(1033216K), 0.0043423 secs]
258.152: Total time for which application threads were stopped: 0.0044976 seconds, Stopping threads took: 0.0000254 seconds
258.217: [GC (Allocation Failure)  701001K->389132K(1033728K), 0.0041916 secs]
258.222: Total time for which application threads were stopped: 0.0043252 seconds, Stopping threads took: 0.0000189 seconds
258.285: [GC (Allocation Failure)  708620K->389100K(1033728K), 0.0042801 secs]
258.290: Total time for which application threads were stopped: 0.0044130 seconds, Stopping threads took: 0.0000200 seconds
258.350: [GC (Allocation Failure)  708588K->389260K(1033728K), 0.0043749 secs]
258.355: Total time for which application threads were stopped: 0.0045328 seconds, Stopping threads took: 0.0000282 seconds
258.420: [GC (Allocation Failure)  708748K->397166K(1033728K), 0.0041841 secs]
258.424: Total time for which application threads were stopped: 0.0043172 seconds, Stopping threads took: 0.0000194 seconds
258.488: [GC (Allocation Failure)  716654K->397166K(1033728K), 0.0043999 secs]
258.492: Total time for which application threads were stopped: 0.0045321 seconds, Stopping threads took: 0.0000191 seconds
258.556: [GC (Allocation Failure)  716654K->397190K(1033728K), 0.0042706 secs]
258.560: Total time for which application threads were stopped: 0.0044070 seconds, Stopping threads took: 0.0000189 seconds
258.624: [GC (Allocation Failure)  716678K->405160K(1027072K), 0.0043678 secs]
258.629: Total time for which application threads were stopped: 0.0044985 seconds, Stopping threads took: 0.0000186 seconds
258.690: [GC (Allocation Failure)  724648K->401254K(1034240K), 0.0036021 secs]
258.693: Total time for which application threads were stopped: 0.0037357 seconds, Stopping threads took: 0.0000187 seconds
258.758: [GC (Allocation Failure)  720742K->405320K(1033216K), 0.0046480 secs]
258.763: Total time for which application threads were stopped: 0.0047942 seconds, Stopping threads took: 0.0000266 seconds
258.828: [GC (Allocation Failure)  724808K->409288K(1034752K), 0.0041914 secs]
258.832: Total time for which application threads were stopped: 0.0043267 seconds, Stopping threads took: 0.0000191 seconds
258.896: [GC (Allocation Failure)  730824K->402502K(1034752K), 0.0020777 secs]
258.898: Total time for which application threads were stopped: 0.0022091 seconds, Stopping threads took: 0.0000193 seconds
258.961: [GC (Allocation Failure)  724038K->409352K(1034752K), 0.0042375 secs]
258.965: Total time for which application threads were stopped: 0.0043852 seconds, Stopping threads took: 0.0000189 seconds
259.028: [GC (Allocation Failure)  730888K->413464K(1034752K), 0.0052229 secs]
259.033: Total time for which application threads were stopped: 0.0053756 seconds, Stopping threads took: 0.0000267 seconds
259.099: [GC (Allocation Failure)  735000K->407894K(1034752K), 0.0024050 secs]
259.101: Total time for which application threads were stopped: 0.0025310 seconds, Stopping threads took: 0.0000172 seconds
259.168: [GC (Allocation Failure)  729430K->413736K(1034752K), 0.0043813 secs]
259.173: Total time for which application threads were stopped: 0.0045400 seconds, Stopping threads took: 0.0000200 seconds
259.238: [GC (Allocation Failure)  735272K->417568K(1035264K), 0.0048120 secs]
259.243: Total time for which application threads were stopped: 0.0049758 seconds, Stopping threads took: 0.0000195 seconds
259.307: [GC (Allocation Failure)  740056K->413662K(1035264K), 0.0032582 secs]
259.311: Total time for which application threads were stopped: 0.0033972 seconds, Stopping threads took: 0.0000207 seconds
259.376: [GC (Allocation Failure)  736222K->417728K(1036288K), 0.0045610 secs]
259.381: Total time for which application threads were stopped: 0.0047084 seconds, Stopping threads took: 0.0000286 seconds
259.445: [GC (Allocation Failure)  741824K->421728K(1035776K), 0.0042812 secs]
259.449: Total time for which application threads were stopped: 0.0044309 seconds, Stopping threads took: 0.0000198 seconds
259.515: [GC (Allocation Failure)  745824K->421728K(1035776K), 0.0041090 secs]
259.519: Total time for which application threads were stopped: 0.0042331 seconds, Stopping threads took: 0.0000240 seconds
259.584: [GC (Allocation Failure)  745312K->421752K(1023488K), 0.0060776 secs]
259.590: Total time for which application threads were stopped: 0.0062170 seconds, Stopping threads took: 0.0000244 seconds
259.654: [GC (Allocation Failure)  745336K->429754K(1035264K), 0.0043361 secs]
259.658: Total time for which application threads were stopped: 0.0044804 seconds, Stopping threads took: 0.0000259 seconds
259.722: [GC (Allocation Failure)  752314K->429722K(1030144K), 0.0041104 secs]
259.726: Total time for which application threads were stopped: 0.0042756 seconds, Stopping threads took: 0.0000247 seconds
259.789: [GC (Allocation Failure)  752282K->429778K(1034752K), 0.0044451 secs]
259.793: Total time for which application threads were stopped: 0.0045868 seconds, Stopping threads took: 0.0000192 seconds
259.856: [GC (Allocation Failure)  751314K->437749K(1029120K), 0.0044863 secs]
259.861: Total time for which application threads were stopped: 0.0046213 seconds, Stopping threads took: 0.0000183 seconds
259.924: [GC (Allocation Failure)  759285K->437749K(1034240K), 0.0042637 secs]
259.929: Total time for which application threads were stopped: 0.0044239 seconds, Stopping threads took: 0.0000241 seconds
259.993: [GC (Allocation Failure)  758261K->437997K(1034240K), 0.0043930 secs]
259.997: Total time for which application threads were stopped: 0.0045253 seconds, Stopping threads took: 0.0000183 seconds
260.064: [GC (Allocation Failure)  758509K->445775K(1034240K), 0.0042991 secs]
260.069: Total time for which application threads were stopped: 0.0044597 seconds, Stopping threads took: 0.0000165 seconds
260.136: [GC (Allocation Failure)  766287K->445807K(1034240K), 0.0045485 secs]
260.141: Total time for which application threads were stopped: 0.0047167 seconds, Stopping threads took: 0.0000195 seconds
260.207: [GC (Allocation Failure)  766319K->446263K(1033216K), 0.0044436 secs]
260.212: Total time for which application threads were stopped: 0.0046081 seconds, Stopping threads took: 0.0000203 seconds
260.278: [GC (Allocation Failure)  765751K->453849K(1033728K), 0.0045637 secs]
260.282: Total time for which application threads were stopped: 0.0047187 seconds, Stopping threads took: 0.0000200 seconds
260.347: [GC (Allocation Failure)  773337K->453817K(1033728K), 0.0044949 secs]
260.352: Total time for which application threads were stopped: 0.0046524 seconds, Stopping threads took: 0.0000195 seconds
260.414: [GC (Allocation Failure)  773305K->453985K(1033728K), 0.0045049 secs]
260.419: Total time for which application threads were stopped: 0.0046597 seconds, Stopping threads took: 0.0000205 seconds
260.485: [GC (Allocation Failure)  773473K->461923K(1033728K), 0.0043714 secs]
260.490: Total time for which application threads were stopped: 0.0045148 seconds, Stopping threads took: 0.0000196 seconds
260.554: [GC (Allocation Failure)  781411K->461859K(1033728K), 0.0044392 secs]
260.559: Total time for which application threads were stopped: 0.0045833 seconds, Stopping threads took: 0.0000263 seconds
260.622: [GC (Allocation Failure)  781347K->461923K(1033728K), 0.0064666 secs]
260.629: Total time for which application threads were stopped: 0.0066394 seconds, Stopping threads took: 0.0000259 seconds
260.692: [GC (Allocation Failure)  781411K->469894K(1027072K), 0.0045882 secs]
260.697: Total time for which application threads were stopped: 0.0047257 seconds, Stopping threads took: 0.0000203 seconds
260.758: [GC (Allocation Failure)  789381K->465987K(1034240K), 0.0035294 secs]
260.762: Total time for which application threads were stopped: 0.0036661 seconds, Stopping threads took: 0.0000173 seconds
260.827: [GC (Allocation Failure)  785475K->470062K(1033216K), 0.0046828 secs]
260.832: Total time for which application threads were stopped: 0.0048275 seconds, Stopping threads took: 0.0000246 seconds
260.897: [GC (Allocation Failure)  789550K->474030K(1034752K), 0.0044109 secs]
260.901: Total time for which application threads were stopped: 0.0045392 seconds, Stopping threads took: 0.0000187 seconds
260.963: [GC (Allocation Failure)  795566K->467243K(1034752K), 0.0019993 secs]
260.965: Total time for which application threads were stopped: 0.0021250 seconds, Stopping threads took: 0.0000270 seconds
261.030: [GC (Allocation Failure)  788779K->474062K(1034752K), 0.0041778 secs]
261.035: Total time for which application threads were stopped: 0.0043193 seconds, Stopping threads took: 0.0000252 seconds
261.102: [GC (Allocation Failure)  795598K->478174K(1034752K), 0.0054403 secs]
261.107: Total time for which application threads were stopped: 0.0055917 seconds, Stopping threads took: 0.0000177 seconds
261.170: [GC (Allocation Failure)  799710K->472635K(1034752K), 0.0026185 secs]
261.173: Total time for which application threads were stopped: 0.0027622 seconds, Stopping threads took: 0.0000203 seconds
261.239: [GC (Allocation Failure)  794171K->478478K(1034752K), 0.0045934 secs]
261.244: Total time for which application threads were stopped: 0.0047469 seconds, Stopping threads took: 0.0000203 seconds
261.309: [GC (Allocation Failure)  800014K->482358K(1034752K), 0.0048088 secs]
261.314: Total time for which application threads were stopped: 0.0049584 seconds, Stopping threads took: 0.0000203 seconds
261.380: [GC (Allocation Failure)  804846K->478419K(1035264K), 0.0034867 secs]
261.384: Total time for which application threads were stopped: 0.0036305 seconds, Stopping threads took: 0.0000195 seconds
261.452: [GC (Allocation Failure)  800979K->482478K(1036288K), 0.0044685 secs]
261.456: Total time for which application threads were stopped: 0.0046332 seconds, Stopping threads took: 0.0000276 seconds
261.522: [GC (Allocation Failure)  806574K->486478K(1035776K), 0.0043301 secs]
261.526: Total time for which application threads were stopped: 0.0044651 seconds, Stopping threads took: 0.0000191 seconds
261.591: [GC (Allocation Failure)  810574K->486478K(1035776K), 0.0045468 secs]
261.596: Total time for which application threads were stopped: 0.0047301 seconds, Stopping threads took: 0.0000247 seconds
261.660: [GC (Allocation Failure)  810062K->486502K(1023488K), 0.0044696 secs]
261.664: Total time for which application threads were stopped: 0.0046225 seconds, Stopping threads took: 0.0000218 seconds
261.728: [GC (Allocation Failure)  810086K->494504K(1035264K), 0.0045496 secs]
261.732: Total time for which application threads were stopped: 0.0046873 seconds, Stopping threads took: 0.0000195 seconds
261.797: [GC (Allocation Failure)  817064K->494440K(1030144K), 0.0043409 secs]
261.802: Total time for which application threads were stopped: 0.0044807 seconds, Stopping threads took: 0.0000194 seconds
261.866: [GC (Allocation Failure)  817000K->494536K(1034752K), 0.0045510 secs]
261.871: Total time for which application threads were stopped: 0.0047000 seconds, Stopping threads took: 0.0000195 seconds
261.936: [GC (Allocation Failure)  816072K->502538K(1029120K), 0.0045396 secs]
261.941: Total time for which application threads were stopped: 0.0046978 seconds, Stopping threads took: 0.0000204 seconds
262.005: [GC (Allocation Failure)  824074K->502506K(1034240K), 0.0041599 secs]
262.009: Total time for which application threads were stopped: 0.0042926 seconds, Stopping threads took: 0.0000257 seconds
262.075: [GC (Allocation Failure)  823018K->502762K(1034240K), 0.0044547 secs]
262.080: Total time for which application threads were stopped: 0.0046022 seconds, Stopping threads took: 0.0000170 seconds
262.147: [GC (Allocation Failure)  823274K->510541K(1034240K), 0.0045656 secs]
262.152: Total time for which application threads were stopped: 0.0047446 seconds, Stopping threads took: 0.0000199 seconds
262.220: [GC (Allocation Failure)  831053K->510509K(1034240K), 0.0046101 secs]
262.225: Total time for which application threads were stopped: 0.0047678 seconds, Stopping threads took: 0.0000173 seconds
262.290: [GC (Allocation Failure)  831021K->510989K(1033216K), 0.0047444 secs]
262.295: Total time for which application threads were stopped: 0.0049164 seconds, Stopping threads took: 0.0000199 seconds
262.363: [GC (Allocation Failure)  830477K->518607K(1033728K), 0.0046508 secs]
262.368: Total time for which application threads were stopped: 0.0048417 seconds, Stopping threads took: 0.0000196 seconds
262.434: [GC (Allocation Failure)  838095K->518575K(1033728K), 0.0047275 secs]
262.439: Total time for which application threads were stopped: 0.0048999 seconds, Stopping threads took: 0.0000207 seconds
262.503: [GC (Allocation Failure)  838063K->518695K(1033728K), 0.0044839 secs]
262.507: Total time for which application threads were stopped: 0.0046519 seconds, Stopping threads took: 0.0000262 seconds
262.574: [GC (Allocation Failure)  838183K->526601K(1033728K), 0.0046782 secs]
262.579: Total time for which application threads were stopped: 0.0048481 seconds, Stopping threads took: 0.0000202 seconds
262.645: [GC (Allocation Failure)  846089K->526569K(1033728K), 0.0106671 secs]
262.655: Total time for which application threads were stopped: 0.0108452 seconds, Stopping threads took: 0.0000204 seconds
262.722: [GC (Allocation Failure)  846057K->526665K(1033728K), 0.0045435 secs]
262.726: Total time for which application threads were stopped: 0.0047003 seconds, Stopping threads took: 0.0000207 seconds
262.792: [GC (Allocation Failure)  846153K->534635K(1027072K), 0.0048138 secs]
262.797: Total time for which application threads were stopped: 0.0050051 seconds, Stopping threads took: 0.0000207 seconds
262.862: [GC (Allocation Failure)  854123K->530761K(1034240K), 0.0036862 secs]
262.866: Total time for which application threads were stopped: 0.0038336 seconds, Stopping threads took: 0.0000194 seconds
262.931: [GC (Allocation Failure)  850249K->534795K(1033216K), 0.0047717 secs]
262.936: Total time for which application threads were stopped: 0.0049347 seconds, Stopping threads took: 0.0000194 seconds
263.000: [GC (Allocation Failure)  854283K->538763K(1034752K), 0.0046438 secs]
263.005: Total time for which application threads were stopped: 0.0048067 seconds, Stopping threads took: 0.0000197 seconds
263.072: [GC (Allocation Failure)  860299K->531977K(1034752K), 0.0020726 secs]
263.074: Total time for which application threads were stopped: 0.0022257 seconds, Stopping threads took: 0.0000184 seconds
263.144: [GC (Allocation Failure)  853513K->538835K(1034752K), 0.0045203 secs]
263.148: Total time for which application threads were stopped: 0.0046645 seconds, Stopping threads took: 0.0000172 seconds
263.214: [GC (Allocation Failure)  860371K->542883K(1034752K), 0.0056455 secs]
263.220: Total time for which application threads were stopped: 0.0058322 seconds, Stopping threads took: 0.0000277 seconds
263.287: [GC (Allocation Failure)  864419K->537345K(1034752K), 0.0029489 secs]
263.290: Total time for which application threads were stopped: 0.0031034 seconds, Stopping threads took: 0.0000204 seconds
263.357: [GC (Allocation Failure)  858881K->543211K(1034752K), 0.0046581 secs]
263.361: Total time for which application threads were stopped: 0.0048193 seconds, Stopping threads took: 0.0000197 seconds
263.428: [GC (Allocation Failure)  864747K->547019K(1034752K), 0.0062951 secs]
263.434: Total time for which application threads were stopped: 0.0064664 seconds, Stopping threads took: 0.0000199 seconds
263.502: [GC (Allocation Failure)  869508K->543145K(1035264K), 0.0037953 secs]
263.505: Total time for which application threads were stopped: 0.0039554 seconds, Stopping threads took: 0.0000203 seconds
263.573: [GC (Allocation Failure)  865705K->547211K(1036288K), 0.0048019 secs]
263.578: Total time for which application threads were stopped: 0.0049721 seconds, Stopping threads took: 0.0000190 seconds
263.647: [GC (Allocation Failure)  871307K->551211K(1035776K), 0.0044873 secs]
263.652: Total time for which application threads were stopped: 0.0046813 seconds, Stopping threads took: 0.0000194 seconds
263.722: [GC (Allocation Failure)  875307K->551179K(1035776K), 0.0048208 secs]
263.727: Total time for which application threads were stopped: 0.0050110 seconds, Stopping threads took: 0.0000199 seconds
263.795: [GC (Allocation Failure)  874763K->551235K(1023488K), 0.0047752 secs]
263.800: Total time for which application threads were stopped: 0.0049494 seconds, Stopping threads took: 0.0000220 seconds
263.866: [GC (Allocation Failure)  874819K->559206K(1035264K), 0.0048568 secs]
263.871: Total time for which application threads were stopped: 0.0050436 seconds, Stopping threads took: 0.0000210 seconds
263.938: [GC (Allocation Failure)  881766K->559238K(1030144K), 0.0044649 secs]
263.943: Total time for which application threads were stopped: 0.0046362 seconds, Stopping threads took: 0.0000204 seconds
264.009: [GC (Allocation Failure)  881798K->559270K(1034752K), 0.0046065 secs]
264.014: Total time for which application threads were stopped: 0.0047627 seconds, Stopping threads took: 0.0000266 seconds
264.081: [GC (Allocation Failure)  880806K->567240K(1034752K), 0.0048107 secs]
264.086: Total time for which application threads were stopped: 0.0050073 seconds, Stopping threads took: 0.0000204 seconds
264.156: [GC (Allocation Failure)  888776K->567240K(1033728K), 0.0044371 secs]
264.161: Total time for which application threads were stopped: 0.0045974 seconds, Stopping threads took: 0.0000170 seconds
264.228: [GC (Allocation Failure)  887752K->567496K(1034240K), 0.0047015 secs]
264.233: Total time for which application threads were stopped: 0.0048954 seconds, Stopping threads took: 0.0000200 seconds
264.302: [GC (Allocation Failure)  888008K->575274K(1034240K), 0.0046683 secs]
264.307: Total time for which application threads were stopped: 0.0048312 seconds, Stopping threads took: 0.0000199 seconds
264.374: [GC (Allocation Failure)  895786K->575306K(1034240K), 0.0046653 secs]
264.379: Total time for which application threads were stopped: 0.0048358 seconds, Stopping threads took: 0.0000194 seconds
264.445: [GC (Allocation Failure)  895818K->575722K(1033216K), 0.0048055 secs]
264.450: Total time for which application threads were stopped: 0.0049675 seconds, Stopping threads took: 0.0000203 seconds
264.516: [GC (Allocation Failure)  895210K->583308K(1033728K), 0.0047922 secs]
264.521: Total time for which application threads were stopped: 0.0049559 seconds, Stopping threads took: 0.0000254 seconds
264.587: [GC (Allocation Failure)  902796K->583308K(1033728K), 0.0048818 secs]
264.592: Total time for which application threads were stopped: 0.0050380 seconds, Stopping threads took: 0.0000201 seconds
264.658: [GC (Allocation Failure)  902796K->583436K(1033728K), 0.0048646 secs]
264.663: Total time for which application threads were stopped: 0.0050398 seconds, Stopping threads took: 0.0000196 seconds
264.729: [GC (Allocation Failure)  902924K->591343K(1033728K), 0.0047586 secs]
264.734: Total time for which application threads were stopped: 0.0049122 seconds, Stopping threads took: 0.0000190 seconds
264.802: [GC (Allocation Failure)  910831K->591343K(1033728K), 0.0048892 secs]
264.807: Total time for which application threads were stopped: 0.0050545 seconds, Stopping threads took: 0.0000196 seconds
264.872: [GC (Allocation Failure)  910831K->591407K(1033728K), 0.0048498 secs]
264.877: Total time for which application threads were stopped: 0.0050094 seconds, Stopping threads took: 0.0000193 seconds
264.942: [GC (Allocation Failure)  910895K->599345K(1027072K), 0.0047552 secs]
264.947: Total time for which application threads were stopped: 0.0049031 seconds, Stopping threads took: 0.0000194 seconds
265.009: [GC (Allocation Failure)  918832K->595471K(1034240K), 0.0039228 secs]
265.013: Total time for which application threads were stopped: 0.0041183 seconds, Stopping threads took: 0.0000196 seconds
265.080: [GC (Allocation Failure)  914959K->599529K(1033216K), 0.0049782 secs]
265.085: Total time for which application threads were stopped: 0.0051462 seconds, Stopping threads took: 0.0000197 seconds
265.152: [GC (Allocation Failure)  919017K->603497K(1034752K), 0.0046097 secs]
265.156: Total time for which application threads were stopped: 0.0047778 seconds, Stopping threads took: 0.0000196 seconds
265.223: [GC (Allocation Failure)  925033K->596743K(1034752K), 0.0023023 secs]
265.226: Total time for which application threads were stopped: 0.0024549 seconds, Stopping threads took: 0.0000190 seconds
265.294: [GC (Allocation Failure)  918279K->603569K(1034752K), 0.0047251 secs]
265.299: Total time for which application threads were stopped: 0.0048733 seconds, Stopping threads took: 0.0000173 seconds
265.365: [GC (Allocation Failure)  925105K->607617K(1034752K), 0.0056638 secs]
265.371: Total time for which application threads were stopped: 0.0058349 seconds, Stopping threads took: 0.0000207 seconds
265.436: [GC (Allocation Failure)  929153K->602111K(1034752K), 0.0028173 secs]
265.439: Total time for which application threads were stopped: 0.0029684 seconds, Stopping threads took: 0.0000209 seconds
265.506: [GC (Allocation Failure)  923647K->607921K(1034752K), 0.0046647 secs]
265.511: Total time for which application threads were stopped: 0.0048253 seconds, Stopping threads took: 0.0000193 seconds
265.577: [GC (Allocation Failure)  929457K->611793K(1034752K), 0.0049851 secs]
265.582: Total time for which application threads were stopped: 0.0051380 seconds, Stopping threads took: 0.0000253 seconds
265.648: [GC (Allocation Failure)  934281K->607887K(1035264K), 0.0037026 secs]
265.652: Total time for which application threads were stopped: 0.0038424 seconds, Stopping threads took: 0.0000170 seconds
265.719: [GC (Allocation Failure)  930447K->611945K(1036288K), 0.0048980 secs]
265.724: Total time for which application threads were stopped: 0.0050631 seconds, Stopping threads took: 0.0000203 seconds
265.790: [GC (Allocation Failure)  936041K->615913K(1035776K), 0.0046530 secs]
265.795: Total time for which application threads were stopped: 0.0048113 seconds, Stopping threads took: 0.0000202 seconds
265.862: [GC (Allocation Failure)  940009K->615945K(1035776K), 0.0046918 secs]
265.866: Total time for which application threads were stopped: 0.0048610 seconds, Stopping threads took: 0.0000202 seconds
265.933: [GC (Allocation Failure)  939529K->615977K(1023488K), 0.0046407 secs]
265.938: Total time for which application threads were stopped: 0.0047992 seconds, Stopping threads took: 0.0000193 seconds
266.001: [GC (Allocation Failure)  939561K->623979K(1035264K), 0.0048743 secs]
266.006: Total time for which application threads were stopped: 0.0050306 seconds, Stopping threads took: 0.0000198 seconds
266.074: [GC (Allocation Failure)  946539K->623979K(1030144K), 0.0045610 secs]
266.079: Total time for which application threads were stopped: 0.0047210 seconds, Stopping threads took: 0.0000198 seconds
266.146: [GC (Allocation Failure)  946539K->624011K(1034752K), 0.0050975 secs]
266.151: Total time for which application threads were stopped: 0.0052616 seconds, Stopping threads took: 0.0000194 seconds
266.218: [GC (Allocation Failure)  945547K->632013K(1029120K), 0.0048234 secs]
266.223: Total time for which application threads were stopped: 0.0049938 seconds, Stopping threads took: 0.0000195 seconds
266.291: [GC (Allocation Failure)  953549K->631981K(1034240K), 0.0046830 secs]
266.296: Total time for which application threads were stopped: 0.0048530 seconds, Stopping threads took: 0.0000203 seconds
266.362: [GC (Allocation Failure)  952493K->632229K(1034240K), 0.0048531 secs]
266.367: Total time for which application threads were stopped: 0.0050440 seconds, Stopping threads took: 0.0000197 seconds
266.435: [GC (Allocation Failure)  952741K->640008K(1034240K), 0.0046059 secs]
266.440: Total time for which application threads were stopped: 0.0047431 seconds, Stopping threads took: 0.0000168 seconds
266.507: [GC (Allocation Failure)  960520K->639976K(1034240K), 0.0049120 secs]
266.512: Total time for which application threads were stopped: 0.0050745 seconds, Stopping threads took: 0.0000201 seconds
266.580: [GC (Allocation Failure)  960488K->640456K(1033216K), 0.0047593 secs]
266.585: Total time for which application threads were stopped: 0.0049084 seconds, Stopping threads took: 0.0000174 seconds
266.653: [GC (Allocation Failure)  959944K->648074K(1033728K), 0.0049347 secs]
266.658: Total time for which application threads were stopped: 0.0051030 seconds, Stopping threads took: 0.0000200 seconds
266.723: [GC (Allocation Failure)  967562K->648042K(1033728K), 0.0046957 secs]
266.728: Total time for which application threads were stopped: 0.0048891 seconds, Stopping threads took: 0.0000251 seconds
266.792: [GC (Allocation Failure)  967530K->648202K(1033728K), 0.0047804 secs]
266.797: Total time for which application threads were stopped: 0.0049493 seconds, Stopping threads took: 0.0000201 seconds
266.863: [GC (Allocation Failure)  967690K->656108K(1033728K), 0.0048306 secs]
266.868: Total time for which application threads were stopped: 0.0049890 seconds, Stopping threads took: 0.0000203 seconds
266.936: [GC (Allocation Failure)  975596K->656044K(1033728K), 0.0048400 secs]
266.941: Total time for which application threads were stopped: 0.0050131 seconds, Stopping threads took: 0.0000202 seconds
267.007: [GC (Allocation Failure)  975532K->656140K(1033728K), 0.0054089 secs]
267.013: Total time for which application threads were stopped: 0.0055835 seconds, Stopping threads took: 0.0000261 seconds
267.080: [GC (Allocation Failure)  975628K->664079K(1027072K), 0.0050344 secs]
267.085: Total time for which application threads were stopped: 0.0051915 seconds, Stopping threads took: 0.0000176 seconds
267.150: [GC (Allocation Failure)  983566K->660204K(1034240K), 0.0040344 secs]
267.154: Total time for which application threads were stopped: 0.0041900 seconds, Stopping threads took: 0.0000200 seconds
267.221: [GC (Allocation Failure)  979692K->664271K(1033216K), 0.0050358 secs]
267.226: Total time for which application threads were stopped: 0.0052284 seconds, Stopping threads took: 0.0000223 seconds
267.293: [GC (Allocation Failure)  983759K->668207K(1034752K), 0.0047616 secs]
267.298: Total time for which application threads were stopped: 0.0049302 seconds, Stopping threads took: 0.0000203 seconds
267.363: [GC (Allocation Failure)  989743K->661452K(1034752K), 0.0024508 secs]
267.365: Total time for which application threads were stopped: 0.0026043 seconds, Stopping threads took: 0.0000202 seconds
267.432: [GC (Allocation Failure)  982988K->668311K(1034752K), 0.0049194 secs]
267.437: Total time for which application threads were stopped: 0.0050954 seconds, Stopping threads took: 0.0000200 seconds
267.504: [GC (Allocation Failure)  989847K->672415K(1034752K), 0.0060147 secs]
267.510: Total time for which application threads were stopped: 0.0061808 seconds, Stopping threads took: 0.0000198 seconds
267.575: [GC (Allocation Failure)  993951K->666844K(1034752K), 0.0030013 secs]
267.578: Total time for which application threads were stopped: 0.0031524 seconds, Stopping threads took: 0.0000198 seconds
267.644: [GC (Allocation Failure)  988380K->672679K(1034752K), 0.0050109 secs]
267.650: Total time for which application threads were stopped: 0.0051787 seconds, Stopping threads took: 0.0000197 seconds
267.716: [GC (Allocation Failure)  994215K->676519K(1034752K), 0.0051267 secs]
267.721: Total time for which application threads were stopped: 0.0052855 seconds, Stopping threads took: 0.0000200 seconds
267.787: [GC (Allocation Failure)  999007K->672612K(1035264K), 0.0038404 secs]
267.791: Total time for which application threads were stopped: 0.0039911 seconds, Stopping threads took: 0.0000200 seconds
267.857: [GC (Allocation Failure)  995172K->676687K(1036288K), 0.0048946 secs]
267.862: Total time for which application threads were stopped: 0.0050450 seconds, Stopping threads took: 0.0000203 seconds
267.928: [GC (Allocation Failure)  1000783K->680687K(1035776K), 0.0046813 secs]
267.933: Total time for which application threads were stopped: 0.0048270 seconds, Stopping threads took: 0.0000194 seconds
268.000: [GC (Allocation Failure)  1004783K->680687K(1035776K), 0.0048788 secs]
268.005: Total time for which application threads were stopped: 0.0050506 seconds, Stopping threads took: 0.0000199 seconds
268.073: [GC (Allocation Failure)  1004271K->680711K(1023488K), 0.0048377 secs]
268.078: Total time for which application threads were stopped: 0.0049995 seconds, Stopping threads took: 0.0000203 seconds
268.146: [GC (Allocation Failure)  1004295K->688713K(1035264K), 0.0049880 secs]
268.151: Total time for which application threads were stopped: 0.0051526 seconds, Stopping threads took: 0.0000200 seconds
268.219: [GC (Allocation Failure)  1011273K->688713K(1030144K), 0.0048869 secs]
268.224: Total time for which application threads were stopped: 0.0050609 seconds, Stopping threads took: 0.0000204 seconds
268.291: [GC (Allocation Failure)  1011273K->688745K(1034752K), 0.0050160 secs]
268.296: [Full GC (Ergonomics)  688745K->8520K(1034752K), 0.0121335 secs]
268.309: Total time for which application threads were stopped: 0.0174470 seconds, Stopping threads took: 0.0000211 seconds
268.377: [GC (Allocation Failure)  330056K->16586K(1029120K), 0.0038194 secs]
268.381: Total time for which application threads were stopped: 0.0039857 seconds, Stopping threads took: 0.0000194 seconds
268.449: [GC (Allocation Failure)  338122K->16642K(1034240K), 0.0034428 secs]
268.452: Total time for which application threads were stopped: 0.0036138 seconds, Stopping threads took: 0.0000201 seconds
268.519: [GC (Allocation Failure)  337154K->16866K(1034240K), 0.0036852 secs]
268.523: Total time for which application threads were stopped: 0.0038392 seconds, Stopping threads took: 0.0000262 seconds
268.590: [GC (Allocation Failure)  337378K->24676K(1034240K), 0.0035795 secs]
268.594: Total time for which application threads were stopped: 0.0037512 seconds, Stopping threads took: 0.0000212 seconds
268.660: [GC (Allocation Failure)  345188K->24644K(1034240K), 0.0035741 secs]
268.664: Total time for which application threads were stopped: 0.0037684 seconds, Stopping threads took: 0.0000212 seconds
268.729: [GC (Allocation Failure)  345156K->25100K(1033216K), 0.0035458 secs]
268.732: Total time for which application threads were stopped: 0.0036799 seconds, Stopping threads took: 0.0000196 seconds
268.797: [GC (Allocation Failure)  344588K->32687K(1033728K), 0.0035894 secs]
268.801: Total time for which application threads were stopped: 0.0037209 seconds, Stopping threads took: 0.0000196 seconds
268.864: [GC (Allocation Failure)  352175K->32687K(1033728K), 0.0035168 secs]
268.868: Total time for which application threads were stopped: 0.0036456 seconds, Stopping threads took: 0.0000193 seconds
268.930: [GC (Allocation Failure)  352175K->32839K(1033728K), 0.0035515 secs]
268.934: Total time for which application threads were stopped: 0.0036879 seconds, Stopping threads took: 0.0000263 seconds
268.997: [GC (Allocation Failure)  352327K->40713K(1033728K), 0.0035051 secs]
269.001: Total time for which application threads were stopped: 0.0036423 seconds, Stopping threads took: 0.0000184 seconds
269.068: [GC (Allocation Failure)  360201K->40713K(1033728K), 0.0036273 secs]
269.072: Total time for which application threads were stopped: 0.0037888 seconds, Stopping threads took: 0.0000148 seconds
269.140: [GC (Allocation Failure)  360201K->40777K(1033728K), 0.0038461 secs]
269.144: Total time for which application threads were stopped: 0.0040056 seconds, Stopping threads took: 0.0000216 seconds
269.208: [GC (Allocation Failure)  360265K->48779K(1027072K), 0.0037269 secs]
269.212: Total time for which application threads were stopped: 0.0038700 seconds, Stopping threads took: 0.0000203 seconds
269.274: [GC (Allocation Failure)  368267K->44841K(1034240K), 0.0027474 secs]
269.277: Total time for which application threads were stopped: 0.0028857 seconds, Stopping threads took: 0.0000199 seconds
269.341: [GC (Allocation Failure)  364329K->48907K(1033216K), 0.0036754 secs]
269.344: Total time for which application threads were stopped: 0.0038170 seconds, Stopping threads took: 0.0000273 seconds
269.408: [GC (Allocation Failure)  368395K->52875K(1034752K), 0.0035726 secs]
269.411: Total time for which application threads were stopped: 0.0037036 seconds, Stopping threads took: 0.0000190 seconds
269.475: [GC (Allocation Failure)  374411K->46089K(1034752K), 0.0012427 secs]
269.477: Total time for which application threads were stopped: 0.0013699 seconds, Stopping threads took: 0.0000187 seconds
269.542: [GC (Allocation Failure)  367625K->52939K(1034752K), 0.0034416 secs]
269.545: Total time for which application threads were stopped: 0.0035690 seconds, Stopping threads took: 0.0000183 seconds
269.607: [GC (Allocation Failure)  374475K->57019K(1034752K), 0.0046707 secs]
269.612: Total time for which application threads were stopped: 0.0048045 seconds, Stopping threads took: 0.0000237 seconds
269.673: [GC (Allocation Failure)  378555K->51449K(1034752K), 0.0017503 secs]
269.675: Total time for which application threads were stopped: 0.0018554 seconds, Stopping threads took: 0.0000158 seconds
269.740: [GC (Allocation Failure)  372985K->57291K(1034752K), 0.0035989 secs]
269.744: Total time for which application threads were stopped: 0.0037504 seconds, Stopping threads took: 0.0000266 seconds
269.807: [GC (Allocation Failure)  378827K->61163K(1034752K), 0.0039436 secs]
269.811: Total time for which application threads were stopped: 0.0040945 seconds, Stopping threads took: 0.0000234 seconds
269.874: [GC (Allocation Failure)  383651K->57257K(1035264K), 0.0025138 secs]
269.877: Total time for which application threads were stopped: 0.0026402 seconds, Stopping threads took: 0.0000190 seconds
269.942: [GC (Allocation Failure)  379817K->61323K(1036288K), 0.0036441 secs]
269.946: Total time for which application threads were stopped: 0.0037757 seconds, Stopping threads took: 0.0000156 seconds
270.011: [GC (Allocation Failure)  385419K->65323K(1035776K), 0.0035240 secs]
270.015: Total time for which application threads were stopped: 0.0036574 seconds, Stopping threads took: 0.0000262 seconds
270.081: [GC (Allocation Failure)  389419K->65291K(1035776K), 0.0036213 secs]
270.085: Total time for which application threads were stopped: 0.0038177 seconds, Stopping threads took: 0.0000189 seconds
270.151: [GC (Allocation Failure)  388875K->65363K(1023488K), 0.0036602 secs]
270.155: Total time for which application threads were stopped: 0.0037936 seconds, Stopping threads took: 0.0000195 seconds
270.218: [GC (Allocation Failure)  388947K->73333K(1035264K), 0.0037081 secs]
270.222: Total time for which application threads were stopped: 0.0038740 seconds, Stopping threads took: 0.0000196 seconds
270.288: [GC (Allocation Failure)  395893K->73333K(1030144K), 0.0035793 secs]
270.292: Total time for which application threads were stopped: 0.0037209 seconds, Stopping threads took: 0.0000197 seconds
270.356: [GC (Allocation Failure)  395893K->73397K(1034752K), 0.0037739 secs]
270.360: Total time for which application threads were stopped: 0.0039070 seconds, Stopping threads took: 0.0000189 seconds
270.423: [GC (Allocation Failure)  394933K->81400K(1029120K), 0.0036980 secs]
270.427: Total time for which application threads were stopped: 0.0038305 seconds, Stopping threads took: 0.0000185 seconds
270.491: [GC (Allocation Failure)  402936K->81400K(1034240K), 0.0035323 secs]
270.495: Total time for which application threads were stopped: 0.0036761 seconds, Stopping threads took: 0.0000200 seconds
270.558: [GC (Allocation Failure)  401912K->81624K(1034240K), 0.0036583 secs]
270.562: Total time for which application threads were stopped: 0.0038149 seconds, Stopping threads took: 0.0000247 seconds
270.626: [GC (Allocation Failure)  402136K->89434K(1034240K), 0.0035929 secs]
270.630: Total time for which application threads were stopped: 0.0037229 seconds, Stopping threads took: 0.0000200 seconds
270.695: [GC (Allocation Failure)  409946K->89402K(1034240K), 0.0035423 secs]
270.698: Total time for which application threads were stopped: 0.0036607 seconds, Stopping threads took: 0.0000168 seconds
270.762: [GC (Allocation Failure)  409914K->89826K(1033216K), 0.0039886 secs]
270.766: Total time for which application threads were stopped: 0.0041357 seconds, Stopping threads took: 0.0000238 seconds
270.829: [GC (Allocation Failure)  409314K->97476K(1033728K), 0.0036639 secs]
270.833: Total time for which application threads were stopped: 0.0037921 seconds, Stopping threads took: 0.0000182 seconds
270.896: [GC (Allocation Failure)  416964K->97444K(1033728K), 0.0037509 secs]
270.900: Total time for which application threads were stopped: 0.0038861 seconds, Stopping threads took: 0.0000208 seconds
270.963: [GC (Allocation Failure)  416932K->97612K(1033728K), 0.0036264 secs]
270.966: Total time for which application threads were stopped: 0.0037605 seconds, Stopping threads took: 0.0000263 seconds
271.030: [GC (Allocation Failure)  417100K->105518K(1033728K), 0.0034870 secs]
271.034: Total time for which application threads were stopped: 0.0036152 seconds, Stopping threads took: 0.0000185 seconds
271.099: [GC (Allocation Failure)  425006K->105454K(1033728K), 0.0036971 secs]
271.102: Total time for which application threads were stopped: 0.0038243 seconds, Stopping threads took: 0.0000180 seconds
271.165: [GC (Allocation Failure)  424942K->105550K(1033728K), 0.0037814 secs]
271.169: Total time for which application threads were stopped: 0.0039246 seconds, Stopping threads took: 0.0000282 seconds
271.231: [GC (Allocation Failure)  425038K->113521K(1027072K), 0.0038794 secs]
271.235: Total time for which application threads were stopped: 0.0040277 seconds, Stopping threads took: 0.0000186 seconds
271.298: [GC (Allocation Failure)  433008K->109614K(1034240K), 0.0028698 secs]
271.301: Total time for which application threads were stopped: 0.0029988 seconds, Stopping threads took: 0.0000185 seconds
271.364: [GC (Allocation Failure)  429102K->113641K(1033216K), 0.0038963 secs]
271.368: Total time for which application threads were stopped: 0.0040379 seconds, Stopping threads took: 0.0000264 seconds
271.433: [GC (Allocation Failure)  433129K->117641K(1034752K), 0.0036392 secs]
271.437: Total time for which application threads were stopped: 0.0037717 seconds, Stopping threads took: 0.0000191 seconds
271.502: [GC (Allocation Failure)  439177K->110854K(1034752K), 0.0014047 secs]
271.503: Total time for which application threads were stopped: 0.0015319 seconds, Stopping threads took: 0.0000183 seconds
271.567: [GC (Allocation Failure)  432390K->117745K(1034752K), 0.0036534 secs]
271.570: Total time for which application threads were stopped: 0.0037924 seconds, Stopping threads took: 0.0000250 seconds
271.635: [GC (Allocation Failure)  439281K->121793K(1034752K), 0.0046640 secs]
271.640: Total time for which application threads were stopped: 0.0048024 seconds, Stopping threads took: 0.0000197 seconds
271.701: [GC (Allocation Failure)  443329K->116222K(1034752K), 0.0018743 secs]
271.703: Total time for which application threads were stopped: 0.0019919 seconds, Stopping threads took: 0.0000155 seconds
271.766: [GC (Allocation Failure)  437758K->122065K(1034752K), 0.0038524 secs]
271.770: Total time for which application threads were stopped: 0.0040101 seconds, Stopping threads took: 0.0000245 seconds
271.834: [GC (Allocation Failure)  443601K->125937K(1035264K), 0.0040504 secs]
271.838: Total time for which application threads were stopped: 0.0041971 seconds, Stopping threads took: 0.0000233 seconds
271.901: [GC (Allocation Failure)  448425K->122030K(1035264K), 0.0026284 secs]
271.904: Total time for which application threads were stopped: 0.0027533 seconds, Stopping threads took: 0.0000191 seconds
271.969: [GC (Allocation Failure)  444590K->126089K(1036288K), 0.0037581 secs]
271.973: Total time for which application threads were stopped: 0.0038850 seconds, Stopping threads took: 0.0000181 seconds
272.036: [GC (Allocation Failure)  450185K->130089K(1035776K), 0.0045298 secs]
272.041: Total time for which application threads were stopped: 0.0046685 seconds, Stopping threads took: 0.0000271 seconds
272.106: [GC (Allocation Failure)  454185K->130025K(1035776K), 0.0037299 secs]
272.110: Total time for which application threads were stopped: 0.0038770 seconds, Stopping threads took: 0.0000272 seconds
272.174: [GC (Allocation Failure)  453609K->130153K(1023488K), 0.0037144 secs]
272.178: Total time for which application threads were stopped: 0.0038481 seconds, Stopping threads took: 0.0000201 seconds
272.242: [GC (Allocation Failure)  453737K->138091K(1035264K), 0.0037991 secs]
272.245: Total time for which application threads were stopped: 0.0039708 seconds, Stopping threads took: 0.0000265 seconds
272.309: [GC (Allocation Failure)  460651K->138091K(1030144K), 0.0036861 secs]
272.313: Total time for which application threads were stopped: 0.0038324 seconds, Stopping threads took: 0.0000196 seconds
272.377: [GC (Allocation Failure)  460651K->138147K(1034752K), 0.0038217 secs]
272.381: Total time for which application threads were stopped: 0.0039545 seconds, Stopping threads took: 0.0000194 seconds
272.444: [GC (Allocation Failure)  459683K->146149K(1034752K), 0.0038707 secs]
272.448: Total time for which application threads were stopped: 0.0040092 seconds, Stopping threads took: 0.0000191 seconds
272.513: [GC (Allocation Failure)  467685K->146085K(1033728K), 0.0043291 secs]
272.517: Total time for which application threads were stopped: 0.0044687 seconds, Stopping threads took: 0.0000191 seconds
272.580: [GC (Allocation Failure)  466597K->146341K(1034240K), 0.0037910 secs]
272.584: Total time for which application threads were stopped: 0.0039321 seconds, Stopping threads took: 0.0000196 seconds
272.650: [GC (Allocation Failure)  466853K->154183K(1034240K), 0.0037162 secs]
272.654: Total time for which application threads were stopped: 0.0038572 seconds, Stopping threads took: 0.0000272 seconds
272.720: [GC (Allocation Failure)  474695K->154151K(1034240K), 0.0039039 secs]
272.724: Total time for which application threads were stopped: 0.0040529 seconds, Stopping threads took: 0.0000204 seconds
272.786: [GC (Allocation Failure)  474663K->154599K(1033216K), 0.0037434 secs]
272.790: Total time for which application threads were stopped: 0.0038884 seconds, Stopping threads took: 0.0000314 seconds
272.853: [GC (Allocation Failure)  474087K->162218K(1033728K), 0.0037510 secs]
272.857: Total time for which application threads were stopped: 0.0038898 seconds, Stopping threads took: 0.0000201 seconds
272.920: [GC (Allocation Failure)  481706K->162154K(1033728K), 0.0037964 secs]
272.924: Total time for which application threads were stopped: 0.0039271 seconds, Stopping threads took: 0.0000191 seconds
272.984: [GC (Allocation Failure)  481642K->162282K(1033728K), 0.0040964 secs]
272.988: Total time for which application threads were stopped: 0.0042442 seconds, Stopping threads took: 0.0000185 seconds
273.055: [GC (Allocation Failure)  481770K->170252K(1033728K), 0.0048152 secs]
273.060: Total time for which application threads were stopped: 0.0049694 seconds, Stopping threads took: 0.0000244 seconds
273.124: [GC (Allocation Failure)  489740K->170220K(1033728K), 0.0039937 secs]
273.129: Total time for which application threads were stopped: 0.0041296 seconds, Stopping threads took: 0.0000199 seconds
273.192: [GC (Allocation Failure)  489708K->170284K(1033728K), 0.0039262 secs]
273.196: Total time for which application threads were stopped: 0.0040876 seconds, Stopping threads took: 0.0000283 seconds
273.260: [GC (Allocation Failure)  489772K->178254K(1027072K), 0.0038918 secs]
273.264: Total time for which application threads were stopped: 0.0040241 seconds, Stopping threads took: 0.0000190 seconds
273.325: [GC (Allocation Failure)  497742K->174316K(1034240K), 0.0030033 secs]
273.328: Total time for which application threads were stopped: 0.0031627 seconds, Stopping threads took: 0.0000262 seconds
273.391: [GC (Allocation Failure)  493804K->178374K(1033216K), 0.0040124 secs]
273.395: Total time for which application threads were stopped: 0.0041431 seconds, Stopping threads took: 0.0000188 seconds
273.461: [GC (Allocation Failure)  497862K->182374K(1034752K), 0.0037366 secs]
273.465: Total time for which application threads were stopped: 0.0038885 seconds, Stopping threads took: 0.0000265 seconds
273.528: [GC (Allocation Failure)  503910K->175588K(1034752K), 0.0013464 secs]
273.530: Total time for which application threads were stopped: 0.0014823 seconds, Stopping threads took: 0.0000188 seconds
273.592: [GC (Allocation Failure)  497124K->182438K(1034752K), 0.0039383 secs]
273.596: Total time for which application threads were stopped: 0.0040941 seconds, Stopping threads took: 0.0000245 seconds
273.660: [GC (Allocation Failure)  503974K->186518K(1034752K), 0.0048578 secs]
273.665: Total time for which application threads were stopped: 0.0049997 seconds, Stopping threads took: 0.0000188 seconds
273.729: [GC (Allocation Failure)  508054K->180980K(1034752K), 0.0020885 secs]
273.731: Total time for which application threads were stopped: 0.0022070 seconds, Stopping threads took: 0.0000164 seconds
273.794: [GC (Allocation Failure)  502516K->186790K(1034752K), 0.0039148 secs]
273.798: Total time for which application threads were stopped: 0.0040789 seconds, Stopping threads took: 0.0000445 seconds
273.862: [GC (Allocation Failure)  508326K->190694K(1034752K), 0.0041675 secs]
273.866: Total time for which application threads were stopped: 0.0042915 seconds, Stopping threads took: 0.0000189 seconds
273.930: [GC (Allocation Failure)  513183K->186756K(1035264K), 0.0028747 secs]
273.933: Total time for which application threads were stopped: 0.0030074 seconds, Stopping threads took: 0.0000157 seconds
273.999: [GC (Allocation Failure)  509316K->190822K(1036288K), 0.0039265 secs]
274.003: Total time for which application threads were stopped: 0.0040626 seconds, Stopping threads took: 0.0000262 seconds
274.069: [GC (Allocation Failure)  514918K->194822K(1035776K), 0.0038245 secs]
274.073: Total time for which application threads were stopped: 0.0039937 seconds, Stopping threads took: 0.0000203 seconds
274.139: [GC (Allocation Failure)  518918K->194790K(1035776K), 0.0038284 secs]
274.143: Total time for which application threads were stopped: 0.0039932 seconds, Stopping threads took: 0.0000249 seconds
274.209: [GC (Allocation Failure)  518374K->194886K(1023488K), 0.0038287 secs]
274.213: Total time for which application threads were stopped: 0.0039706 seconds, Stopping threads took: 0.0000194 seconds
274.276: [GC (Allocation Failure)  518470K->202857K(1035264K), 0.0040266 secs]
274.280: Total time for which application threads were stopped: 0.0041860 seconds, Stopping threads took: 0.0000202 seconds
274.345: [GC (Allocation Failure)  525417K->202857K(1030144K), 0.0035998 secs]
274.348: Total time for which application threads were stopped: 0.0037475 seconds, Stopping threads took: 0.0000200 seconds
274.413: [GC (Allocation Failure)  525417K->202889K(1034752K), 0.0038551 secs]
274.416: Total time for which application threads were stopped: 0.0039969 seconds, Stopping threads took: 0.0000178 seconds
274.481: [GC (Allocation Failure)  524425K->210859K(1029120K), 0.0039690 secs]
274.485: Total time for which application threads were stopped: 0.0041007 seconds, Stopping threads took: 0.0000181 seconds
274.549: [GC (Allocation Failure)  532395K->210859K(1034240K), 0.0035479 secs]
274.553: Total time for which application threads were stopped: 0.0036775 seconds, Stopping threads took: 0.0000260 seconds
274.615: [GC (Allocation Failure)  531371K->211115K(1034240K), 0.0040160 secs]
274.619: Total time for which application threads were stopped: 0.0041493 seconds, Stopping threads took: 0.0000240 seconds
274.683: [GC (Allocation Failure)  531627K->218893K(1034240K), 0.0037289 secs]
274.687: Total time for which application threads were stopped: 0.0038619 seconds, Stopping threads took: 0.0000188 seconds
274.750: [GC (Allocation Failure)  539405K->218925K(1034240K), 0.0039178 secs]
274.754: Total time for which application threads were stopped: 0.0040475 seconds, Stopping threads took: 0.0000187 seconds
274.817: [GC (Allocation Failure)  539437K->219341K(1033216K), 0.0040019 secs]
274.821: Total time for which application threads were stopped: 0.0041393 seconds, Stopping threads took: 0.0000209 seconds
274.886: [GC (Allocation Failure)  538829K->226959K(1033728K), 0.0039397 secs]
274.890: Total time for which application threads were stopped: 0.0040770 seconds, Stopping threads took: 0.0000257 seconds
274.954: [GC (Allocation Failure)  546447K->226959K(1033728K), 0.0038813 secs]
274.958: Total time for which application threads were stopped: 0.0040085 seconds, Stopping threads took: 0.0000182 seconds
275.019: [GC (Allocation Failure)  546447K->227079K(1033728K), 0.0038903 secs]
275.023: Total time for which application threads were stopped: 0.0040163 seconds, Stopping threads took: 0.0000179 seconds
275.087: [GC (Allocation Failure)  546567K->235018K(1033728K), 0.0039051 secs]
275.091: Total time for which application threads were stopped: 0.0040584 seconds, Stopping threads took: 0.0000247 seconds
275.154: [GC (Allocation Failure)  554506K->234986K(1033728K), 0.0039094 secs]
275.158: Total time for which application threads were stopped: 0.0040309 seconds, Stopping threads took: 0.0000171 seconds
275.223: [GC (Allocation Failure)  554474K->235018K(1032704K), 0.0040474 secs]
275.227: Total time for which application threads were stopped: 0.0042032 seconds, Stopping threads took: 0.0000271 seconds
275.292: [GC (Allocation Failure)  553482K->242988K(1033216K), 0.0048345 secs]
275.297: Total time for which application threads were stopped: 0.0049522 seconds, Stopping threads took: 0.0000165 seconds
275.359: [GC (Allocation Failure)  561452K->237450K(1033728K), 0.0020648 secs]
275.361: Total time for which application threads were stopped: 0.0022034 seconds, Stopping threads took: 0.0000187 seconds
275.424: [GC (Allocation Failure)  556426K->243244K(1033216K), 0.0041192 secs]
275.428: Total time for which application threads were stopped: 0.0042529 seconds, Stopping threads took: 0.0000199 seconds
275.491: [GC (Allocation Failure)  562220K->247132K(1034240K), 0.0042499 secs]
275.495: Total time for which application threads were stopped: 0.0043806 seconds, Stopping threads took: 0.0000187 seconds
275.558: [GC (Allocation Failure)  567644K->253050K(1034240K), 0.0065066 secs]
275.564: Total time for which application threads were stopped: 0.0066639 seconds, Stopping threads took: 0.0000199 seconds
275.627: [GC (Allocation Failure)  573562K->247324K(1030144K), 0.0041013 secs]
275.632: Total time for which application threads were stopped: 0.0042284 seconds, Stopping threads took: 0.0000183 seconds
275.694: [GC (Allocation Failure)  563740K->247100K(1032192K), 0.0039036 secs]
275.698: Total time for which application threads were stopped: 0.0040333 seconds, Stopping threads took: 0.0000179 seconds
275.761: [GC (Allocation Failure)  563516K->243002K(1033216K), 0.0025135 secs]
275.764: Total time for which application threads were stopped: 0.0026606 seconds, Stopping threads took: 0.0000208 seconds
275.830: [GC (Allocation Failure)  560954K->247196K(1032704K), 0.0039835 secs]
275.834: Total time for which application threads were stopped: 0.0041421 seconds, Stopping threads took: 0.0000269 seconds
275.898: [GC (Allocation Failure)  565148K->247132K(1033728K), 0.0039006 secs]
275.902: Total time for which application threads were stopped: 0.0040370 seconds, Stopping threads took: 0.0000193 seconds
275.965: [GC (Allocation Failure)  566108K->250748K(1033216K), 0.0049106 secs]
275.970: Total time for which application threads were stopped: 0.0050469 seconds, Stopping threads took: 0.0000190 seconds
276.033: [GC (Allocation Failure)  569724K->255230K(1034240K), 0.0102005 secs]
276.044: Total time for which application threads were stopped: 0.0103449 seconds, Stopping threads took: 0.0000256 seconds
276.108: [GC (Allocation Failure)  575230K->255134K(1033728K), 0.0039593 secs]
276.112: Total time for which application threads were stopped: 0.0041136 seconds, Stopping threads took: 0.0000190 seconds
276.175: [GC (Allocation Failure)  575134K->258470K(1034240K), 0.0046922 secs]
276.180: Total time for which application threads were stopped: 0.0048255 seconds, Stopping threads took: 0.0000176 seconds
276.245: [GC (Allocation Failure)  578982K->263208K(1034240K), 0.0039307 secs]
276.249: Total time for which application threads were stopped: 0.0040655 seconds, Stopping threads took: 0.0000203 seconds
276.313: [GC (Allocation Failure)  583720K->263208K(1034752K), 0.0036789 secs]
276.317: Total time for which application threads were stopped: 0.0038243 seconds, Stopping threads took: 0.0000243 seconds
276.378: [GC (Allocation Failure)  584744K->265672K(1034752K), 0.0044030 secs]
276.383: Total time for which application threads were stopped: 0.0045368 seconds, Stopping threads took: 0.0000188 seconds
276.447: [GC (Allocation Failure)  587208K->271243K(1034752K), 0.0040472 secs]
276.451: Total time for which application threads were stopped: 0.0041874 seconds, Stopping threads took: 0.0000192 seconds
276.516: [GC (Allocation Failure)  592779K->271243K(1034752K), 0.0040682 secs]
276.520: Total time for which application threads were stopped: 0.0041970 seconds, Stopping threads took: 0.0000186 seconds
276.582: [GC (Allocation Failure)  592779K->274955K(1035264K), 0.0050520 secs]
276.588: Total time for which application threads were stopped: 0.0051820 seconds, Stopping threads took: 0.0000184 seconds
276.650: [GC (Allocation Failure)  597003K->279277K(1034752K), 0.0041795 secs]
276.655: Total time for which application threads were stopped: 0.0043345 seconds, Stopping threads took: 0.0000242 seconds
276.719: [GC (Allocation Failure)  601325K->279277K(1035264K), 0.0039196 secs]
276.723: Total time for which application threads were stopped: 0.0040647 seconds, Stopping threads took: 0.0000233 seconds
276.787: [GC (Allocation Failure)  601837K->282157K(1035264K), 0.0047482 secs]
276.792: Total time for which application threads were stopped: 0.0048773 seconds, Stopping threads took: 0.0000191 seconds
276.855: [GC (Allocation Failure)  604717K->287407K(1035264K), 0.0039313 secs]
276.859: Total time for which application threads were stopped: 0.0040602 seconds, Stopping threads took: 0.0000188 seconds
276.924: [GC (Allocation Failure)  609967K->287279K(1035264K), 0.0040187 secs]
276.928: Total time for which application threads were stopped: 0.0041469 seconds, Stopping threads took: 0.0000180 seconds
276.992: [GC (Allocation Failure)  609839K->290375K(1035264K), 0.0047509 secs]
276.997: Total time for which application threads were stopped: 0.0048818 seconds, Stopping threads took: 0.0000182 seconds
277.062: [GC (Allocation Failure)  612935K->295369K(1035264K), 0.0039983 secs]
277.066: Total time for which application threads were stopped: 0.0041498 seconds, Stopping threads took: 0.0000248 seconds
277.130: [GC (Allocation Failure)  617929K->295369K(1035264K), 0.0039936 secs]
277.134: Total time for which application threads were stopped: 0.0041295 seconds, Stopping threads took: 0.0000251 seconds
277.198: [GC (Allocation Failure)  617929K->290567K(1035264K), 0.0023777 secs]
277.201: Total time for which application threads were stopped: 0.0025071 seconds, Stopping threads took: 0.0000183 seconds
277.268: [GC (Allocation Failure)  613127K->295593K(1035264K), 0.0040317 secs]
277.272: Total time for which application threads were stopped: 0.0041615 seconds, Stopping threads took: 0.0000186 seconds
277.337: [GC (Allocation Failure)  618153K->295337K(1035264K), 0.0039372 secs]
277.341: Total time for which application threads were stopped: 0.0040824 seconds, Stopping threads took: 0.0000262 seconds
277.406: [GC (Allocation Failure)  617897K->294855K(1035776K), 0.0040639 secs]
277.410: Total time for which application threads were stopped: 0.0042033 seconds, Stopping threads took: 0.0000196 seconds
277.476: [GC (Allocation Failure)  617927K->295561K(1035264K), 0.0040346 secs]
277.480: Total time for which application threads were stopped: 0.0041720 seconds, Stopping threads took: 0.0000268 seconds
277.544: [GC (Allocation Failure)  618633K->295337K(1035776K), 0.0039636 secs]
277.548: Total time for which application threads were stopped: 0.0040947 seconds, Stopping threads took: 0.0000188 seconds
277.612: [GC (Allocation Failure)  618921K->301175K(1035776K), 0.0067095 secs]
277.619: Total time for which application threads were stopped: 0.0068593 seconds, Stopping threads took: 0.0000265 seconds
277.684: [GC (Allocation Failure)  624759K->296569K(1032704K), 0.0040831 secs]
277.688: Total time for which application threads were stopped: 0.0042167 seconds, Stopping threads took: 0.0000190 seconds
277.752: [GC (Allocation Failure)  617081K->296441K(1034240K), 0.0041508 secs]
277.756: Total time for which application threads were stopped: 0.0043007 seconds, Stopping threads took: 0.0000244 seconds
277.820: [GC (Allocation Failure)  616953K->303511K(1030656K), 0.0072719 secs]
277.827: Total time for which application threads were stopped: 0.0074132 seconds, Stopping threads took: 0.0000196 seconds
277.890: [GC (Allocation Failure)  620951K->297817K(1032704K), 0.0042608 secs]
277.895: Total time for which application threads were stopped: 0.0043998 seconds, Stopping threads took: 0.0000195 seconds
277.958: [GC (Allocation Failure)  615257K->297753K(1033728K), 0.0039655 secs]
277.962: Total time for which application threads were stopped: 0.0041046 seconds, Stopping threads took: 0.0000265 seconds
278.026: [GC (Allocation Failure)  616729K->295351K(1033216K), 0.0032426 secs]
278.030: Total time for which application threads were stopped: 0.0033848 seconds, Stopping threads took: 0.0000261 seconds
278.096: [GC (Allocation Failure)  614327K->297785K(1034752K), 0.0039970 secs]
278.100: Total time for which application threads were stopped: 0.0041531 seconds, Stopping threads took: 0.0000275 seconds
278.165: [GC (Allocation Failure)  618809K->297753K(1034240K), 0.0040610 secs]
278.169: Total time for which application threads were stopped: 0.0042145 seconds, Stopping threads took: 0.0000202 seconds
278.233: [GC (Allocation Failure)  618777K->292983K(1034240K), 0.0023165 secs]
278.235: Total time for which application threads were stopped: 0.0024498 seconds, Stopping threads took: 0.0000197 seconds
278.301: [GC (Allocation Failure)  614519K->297977K(1034752K), 0.0040594 secs]
278.305: Total time for which application threads were stopped: 0.0041922 seconds, Stopping threads took: 0.0000180 seconds
278.368: [GC (Allocation Failure)  619513K->297785K(1035776K), 0.0041018 secs]
278.373: Total time for which application threads were stopped: 0.0042299 seconds, Stopping threads took: 0.0000175 seconds
278.436: [GC (Allocation Failure)  620857K->295767K(1035264K), 0.0033226 secs]
278.439: Total time for which application threads were stopped: 0.0034642 seconds, Stopping threads took: 0.0000262 seconds
278.503: [GC (Allocation Failure)  618839K->297945K(1036288K), 0.0040673 secs]
278.507: Total time for which application threads were stopped: 0.0041971 seconds, Stopping threads took: 0.0000179 seconds
278.571: [GC (Allocation Failure)  622041K->297753K(1035776K), 0.0040625 secs]
278.576: Total time for which application threads were stopped: 0.0042034 seconds, Stopping threads took: 0.0000187 seconds
278.639: [GC (Allocation Failure)  621849K->303583K(1033216K), 0.0092716 secs]
278.648: Total time for which application threads were stopped: 0.0094085 seconds, Stopping threads took: 0.0000192 seconds
278.713: [GC (Allocation Failure)  625119K->299521K(1034752K), 0.0042698 secs]
278.717: Total time for which application threads were stopped: 0.0044182 seconds, Stopping threads took: 0.0000272 seconds
278.780: [GC (Allocation Failure)  621057K->299393K(1035264K), 0.0039775 secs]
278.784: Total time for which application threads were stopped: 0.0041248 seconds, Stopping threads took: 0.0000193 seconds
278.847: [GC (Allocation Failure)  621953K->307455K(1035264K), 0.0105792 secs]
278.857: Total time for which application threads were stopped: 0.0107465 seconds, Stopping threads took: 0.0000246 seconds
278.923: [GC (Allocation Failure)  630015K->302273K(1032192K), 0.0044335 secs]
278.927: Total time for which application threads were stopped: 0.0045872 seconds, Stopping threads took: 0.0000234 seconds
278.992: [GC (Allocation Failure)  621761K->302241K(1033728K), 0.0041019 secs]
278.996: Total time for which application threads were stopped: 0.0042283 seconds, Stopping threads took: 0.0000185 seconds
279.060: [GC (Allocation Failure)  621729K->308479K(1031680K), 0.0092474 secs]
279.069: Total time for which application threads were stopped: 0.0093964 seconds, Stopping threads took: 0.0000241 seconds
279.133: [GC (Allocation Failure)  625919K->302241K(1032704K), 0.0043134 secs]
279.137: Total time for which application threads were stopped: 0.0044702 seconds, Stopping threads took: 0.0000201 seconds
279.201: [GC (Allocation Failure)  619681K->302209K(1033216K), 0.0039647 secs]
279.205: Total time for which application threads were stopped: 0.0041021 seconds, Stopping threads took: 0.0000170 seconds
279.268: [GC (Allocation Failure)  620161K->297951K(1032704K), 0.0026027 secs]
279.271: Total time for which application threads were stopped: 0.0027331 seconds, Stopping threads took: 0.0000184 seconds
279.333: [GC (Allocation Failure)  615903K->302433K(1033728K), 0.0042756 secs]
279.337: Total time for which application threads were stopped: 0.0044144 seconds, Stopping threads took: 0.0000201 seconds
279.400: [GC (Allocation Failure)  620897K->302209K(1032704K), 0.0039162 secs]
279.404: Total time for which application threads were stopped: 0.0040460 seconds, Stopping threads took: 0.0000187 seconds
279.464: [GC (Allocation Failure)  620673K->305641K(1033216K), 0.0050235 secs]
279.469: Total time for which application threads were stopped: 0.0051667 seconds, Stopping threads took: 0.0000194 seconds
279.532: [GC (Allocation Failure)  625129K->310284K(1033728K), 0.0040787 secs]
279.536: Total time for which application threads were stopped: 0.0042130 seconds, Stopping threads took: 0.0000255 seconds
279.600: [GC (Allocation Failure)  629772K->310284K(1034752K), 0.0041363 secs]
279.604: Total time for which application threads were stopped: 0.0042670 seconds, Stopping threads took: 0.0000187 seconds
279.666: [GC (Allocation Failure)  631308K->310308K(1034240K), 0.0042113 secs]
279.671: Total time for which application threads were stopped: 0.0043593 seconds, Stopping threads took: 0.0000200 seconds
279.736: [GC (Allocation Failure)  631332K->318406K(1034752K), 0.0042267 secs]
279.741: Total time for which application threads were stopped: 0.0043578 seconds, Stopping threads took: 0.0000199 seconds
279.804: [GC (Allocation Failure)  639430K->318278K(1034240K), 0.0041171 secs]
279.809: Total time for which application threads were stopped: 0.0042551 seconds, Stopping threads took: 0.0000272 seconds
279.871: [GC (Allocation Failure)  639302K->322126K(1034752K), 0.0051671 secs]
279.877: Total time for which application threads were stopped: 0.0053061 seconds, Stopping threads took: 0.0000274 seconds
279.942: [GC (Allocation Failure)  643662K->326384K(1034752K), 0.0043430 secs]
279.946: Total time for which application threads were stopped: 0.0044875 seconds, Stopping threads took: 0.0000191 seconds
280.011: [GC (Allocation Failure)  647920K->326320K(1035264K), 0.0041945 secs]
280.015: Total time for which application threads were stopped: 0.0043485 seconds, Stopping threads took: 0.0000196 seconds
280.081: [GC (Allocation Failure)  648880K->328328K(1035264K), 0.0044142 secs]
280.086: Total time for which application threads were stopped: 0.0045354 seconds, Stopping threads took: 0.0000152 seconds
280.152: [GC (Allocation Failure)  650888K->334315K(1035264K), 0.0040241 secs]
280.156: Total time for which application threads were stopped: 0.0041574 seconds, Stopping threads took: 0.0000197 seconds
280.222: [GC (Allocation Failure)  656875K->334379K(1035264K), 0.0040836 secs]
280.226: Total time for which application threads were stopped: 0.0042183 seconds, Stopping threads took: 0.0000194 seconds
280.288: [GC (Allocation Failure)  656939K->336547K(1035264K), 0.0045533 secs]
280.293: Total time for which application threads were stopped: 0.0046967 seconds, Stopping threads took: 0.0000193 seconds
280.357: [GC (Allocation Failure)  659107K->342597K(1035264K), 0.0041527 secs]
280.361: Total time for which application threads were stopped: 0.0042829 seconds, Stopping threads took: 0.0000188 seconds
280.424: [GC (Allocation Failure)  665157K->342373K(1035264K), 0.0043244 secs]
280.428: Total time for which application threads were stopped: 0.0044494 seconds, Stopping threads took: 0.0000180 seconds
280.492: [GC (Allocation Failure)  664933K->336707K(1035264K), 0.0019703 secs]
280.495: Total time for which application threads were stopped: 0.0021533 seconds, Stopping threads took: 0.0000272 seconds
280.562: [GC (Allocation Failure)  659267K->342533K(1035264K), 0.0043284 secs]
280.567: Total time for which application threads were stopped: 0.0044581 seconds, Stopping threads took: 0.0000186 seconds
280.633: [GC (Allocation Failure)  665093K->342373K(1035264K), 0.0042142 secs]
280.637: Total time for which application threads were stopped: 0.0043491 seconds, Stopping threads took: 0.0000270 seconds
280.698: [GC (Allocation Failure)  664933K->341059K(1035776K), 0.0038819 secs]
280.702: Total time for which application threads were stopped: 0.0040286 seconds, Stopping threads took: 0.0000241 seconds
280.766: [GC (Allocation Failure)  664131K->342469K(1035264K), 0.0041564 secs]
280.770: Total time for which application threads were stopped: 0.0042989 seconds, Stopping threads took: 0.0000277 seconds
280.833: [GC (Allocation Failure)  665541K->342373K(1036288K), 0.0043448 secs]
280.838: Total time for which application threads were stopped: 0.0044759 seconds, Stopping threads took: 0.0000181 seconds
280.901: [GC (Allocation Failure)  666469K->347851K(1035776K), 0.0067934 secs]
280.908: Total time for which application threads were stopped: 0.0069525 seconds, Stopping threads took: 0.0000194 seconds
280.974: [GC (Allocation Failure)  671947K->343661K(1033728K), 0.0044255 secs]
280.979: Total time for which application threads were stopped: 0.0045590 seconds, Stopping threads took: 0.0000186 seconds
281.045: [GC (Allocation Failure)  665197K->343629K(1034752K), 0.0047107 secs]
281.050: Total time for which application threads were stopped: 0.0048498 seconds, Stopping threads took: 0.0000228 seconds
281.113: [GC (Allocation Failure)  665165K->336555K(1034240K), 0.0017389 secs]
281.114: Total time for which application threads were stopped: 0.0018707 seconds, Stopping threads took: 0.0000199 seconds
281.180: [GC (Allocation Failure)  658091K->343893K(1034752K), 0.0044569 secs]
281.184: Total time for which application threads were stopped: 0.0046008 seconds, Stopping threads took: 0.0000282 seconds
281.248: [GC (Allocation Failure)  665429K->347773K(1035264K), 0.0053551 secs]
281.253: Total time for which application threads were stopped: 0.0054842 seconds, Stopping threads took: 0.0000189 seconds
281.317: [GC (Allocation Failure)  670333K->342907K(1035264K), 0.0027214 secs]
281.319: Total time for which application threads were stopped: 0.0028706 seconds, Stopping threads took: 0.0000246 seconds
281.383: [GC (Allocation Failure)  665467K->348013K(1035776K), 0.0042024 secs]
281.388: Total time for which application threads were stopped: 0.0043431 seconds, Stopping threads took: 0.0000268 seconds
281.453: [GC (Allocation Failure)  671085K->351917K(1035264K), 0.0044731 secs]
281.458: Total time for which application threads were stopped: 0.0046015 seconds, Stopping threads took: 0.0000190 seconds
281.520: [GC (Allocation Failure)  674989K->351917K(1035776K), 0.0042039 secs]
281.524: Total time for which application threads were stopped: 0.0043423 seconds, Stopping threads took: 0.0000201 seconds
281.587: [GC (Allocation Failure)  675501K->352077K(1023488K), 0.0042187 secs]
281.592: Total time for which application threads were stopped: 0.0043733 seconds, Stopping threads took: 0.0000257 seconds
281.657: [GC (Allocation Failure)  675661K->359919K(1035264K), 0.0050015 secs]
281.662: Total time for which application threads were stopped: 0.0051292 seconds, Stopping threads took: 0.0000154 seconds
281.726: [GC (Allocation Failure)  682479K->359951K(1035264K), 0.0041834 secs]
281.731: Total time for which application threads were stopped: 0.0043201 seconds, Stopping threads took: 0.0000209 seconds
281.793: [GC (Allocation Failure)  682511K->360103K(1034240K), 0.0042160 secs]
281.797: Total time for which application threads were stopped: 0.0043733 seconds, Stopping threads took: 0.0000237 seconds
281.863: [GC (Allocation Failure)  681639K->367977K(1034752K), 0.0041966 secs]
281.867: Total time for which application threads were stopped: 0.0043266 seconds, Stopping threads took: 0.0000185 seconds
281.930: [GC (Allocation Failure)  689513K->367977K(1034752K), 0.0043851 secs]
281.934: Total time for which application threads were stopped: 0.0045154 seconds, Stopping threads took: 0.0000191 seconds
281.995: [GC (Allocation Failure)  689513K->368329K(1034752K), 0.0042751 secs]
282.000: Total time for which application threads were stopped: 0.0044303 seconds, Stopping threads took: 0.0000186 seconds
282.067: [GC (Allocation Failure)  689865K->376044K(1033728K), 0.0044034 secs]
282.072: Total time for which application threads were stopped: 0.0045760 seconds, Stopping threads took: 0.0000204 seconds
282.139: [GC (Allocation Failure)  696556K->376012K(1034240K), 0.0042227 secs]
282.143: Total time for which application threads were stopped: 0.0043936 seconds, Stopping threads took: 0.0000203 seconds
282.207: [GC (Allocation Failure)  696524K->376556K(1034240K), 0.0042783 secs]
282.211: Total time for which application threads were stopped: 0.0044169 seconds, Stopping threads took: 0.0000209 seconds
282.275: [GC (Allocation Failure)  697068K->384078K(1034240K), 0.0043561 secs]
282.280: Total time for which application threads were stopped: 0.0044983 seconds, Stopping threads took: 0.0000202 seconds
282.345: [GC (Allocation Failure)  704590K->384046K(1034240K), 0.0043601 secs]
282.349: Total time for which application threads were stopped: 0.0045005 seconds, Stopping threads took: 0.0000190 seconds
282.412: [GC (Allocation Failure)  704558K->384262K(1034240K), 0.0044154 secs]
282.416: Total time for which application threads were stopped: 0.0045614 seconds, Stopping threads took: 0.0000244 seconds
282.481: [GC (Allocation Failure)  704774K->392104K(1033216K), 0.0042208 secs]
282.485: Total time for which application threads were stopped: 0.0043614 seconds, Stopping threads took: 0.0000189 seconds
282.551: [GC (Allocation Failure)  711592K->392072K(1033728K), 0.0041608 secs]
282.555: Total time for which application threads were stopped: 0.0043021 seconds, Stopping threads took: 0.0000275 seconds
282.617: [GC (Allocation Failure)  711560K->392232K(1033728K), 0.0043638 secs]
282.621: Total time for which application threads were stopped: 0.0044913 seconds, Stopping threads took: 0.0000176 seconds
282.684: [GC (Allocation Failure)  711720K->400106K(1033728K), 0.0042204 secs]
282.688: Total time for which application threads were stopped: 0.0043500 seconds, Stopping threads took: 0.0000181 seconds
282.750: [GC (Allocation Failure)  719594K->396200K(1034240K), 0.0034953 secs]
282.754: Total time for which application threads were stopped: 0.0036246 seconds, Stopping threads took: 0.0000180 seconds
282.819: [GC (Allocation Failure)  716200K->400266K(1033728K), 0.0044539 secs]
282.823: Total time for which application threads were stopped: 0.0045888 seconds, Stopping threads took: 0.0000179 seconds
282.886: [GC (Allocation Failure)  720266K->404234K(1034752K), 0.0042183 secs]
282.891: Total time for which application threads were stopped: 0.0043663 seconds, Stopping threads took: 0.0000242 seconds
282.953: [GC (Allocation Failure)  725770K->398472K(1034752K), 0.0042247 secs]
282.958: Total time for which application threads were stopped: 0.0043826 seconds, Stopping threads took: 0.0000244 seconds
283.022: [GC (Allocation Failure)  720008K->404298K(1035776K), 0.0043092 secs]
283.026: Total time for which application threads were stopped: 0.0044518 seconds, Stopping threads took: 0.0000182 seconds
283.093: [GC (Allocation Failure)  726858K->408370K(1034752K), 0.0045272 secs]
283.098: Total time for which application threads were stopped: 0.0046476 seconds, Stopping threads took: 0.0000144 seconds
283.161: [GC (Allocation Failure)  730669K->404464K(1035776K), 0.0034656 secs]
283.165: Total time for which application threads were stopped: 0.0035960 seconds, Stopping threads took: 0.0000199 seconds
283.229: [GC (Allocation Failure)  727536K->408522K(1035264K), 0.0043377 secs]
283.234: Total time for which application threads were stopped: 0.0044689 seconds, Stopping threads took: 0.0000192 seconds
283.298: [GC (Allocation Failure)  731594K->412522K(1035264K), 0.0043959 secs]
283.302: Total time for which application threads were stopped: 0.0045259 seconds, Stopping threads took: 0.0000181 seconds
283.367: [GC (Allocation Failure)  736106K->412490K(1035776K), 0.0043886 secs]
283.371: Total time for which application threads were stopped: 0.0045189 seconds, Stopping threads took: 0.0000187 seconds
283.435: [GC (Allocation Failure)  736074K->412554K(1034752K), 0.0042413 secs]
283.439: Total time for which application threads were stopped: 0.0043773 seconds, Stopping threads took: 0.0000192 seconds
283.505: [GC (Allocation Failure)  735114K->420525K(1035264K), 0.0042973 secs]
283.509: Total time for which application threads were stopped: 0.0044376 seconds, Stopping threads took: 0.0000258 seconds
283.573: [GC (Allocation Failure)  743085K->420557K(1034240K), 0.0043492 secs]
283.578: Total time for which application threads were stopped: 0.0044924 seconds, Stopping threads took: 0.0000245 seconds
283.641: [GC (Allocation Failure)  742093K->420549K(1034752K), 0.0045755 secs]
283.645: Total time for which application threads were stopped: 0.0047059 seconds, Stopping threads took: 0.0000191 seconds
283.709: [GC (Allocation Failure)  742085K->428583K(1034752K), 0.0044856 secs]
283.713: Total time for which application threads were stopped: 0.0046113 seconds, Stopping threads took: 0.0000174 seconds
283.778: [GC (Allocation Failure)  750119K->428551K(1029120K), 0.0043640 secs]
283.782: Total time for which application threads were stopped: 0.0045248 seconds, Stopping threads took: 0.0000243 seconds
283.844: [GC (Allocation Failure)  750087K->428807K(1034240K), 0.0044278 secs]
283.849: Total time for which application threads were stopped: 0.0045614 seconds, Stopping threads took: 0.0000186 seconds
283.912: [GC (Allocation Failure)  749319K->436617K(1034240K), 0.0042183 secs]
283.916: Total time for which application threads were stopped: 0.0043639 seconds, Stopping threads took: 0.0000197 seconds
283.980: [GC (Allocation Failure)  757129K->436585K(1034240K), 0.0044394 secs]
283.984: Total time for which application threads were stopped: 0.0045920 seconds, Stopping threads took: 0.0000201 seconds
284.050: [GC (Allocation Failure)  757097K->437041K(1020416K), 0.0084031 secs]
284.058: Total time for which application threads were stopped: 0.0085735 seconds, Stopping threads took: 0.0000257 seconds
284.120: [GC (Allocation Failure)  757553K->444595K(1033728K), 0.0046478 secs]
284.125: Total time for which application threads were stopped: 0.0047812 seconds, Stopping threads took: 0.0000196 seconds
284.188: [GC (Allocation Failure)  764083K->444627K(1033728K), 0.0043190 secs]
284.193: Total time for which application threads were stopped: 0.0044621 seconds, Stopping threads took: 0.0000267 seconds
284.253: [GC (Allocation Failure)  764115K->444779K(1033728K), 0.0045659 secs]
284.258: Total time for which application threads were stopped: 0.0046977 seconds, Stopping threads took: 0.0000189 seconds
284.321: [GC (Allocation Failure)  764267K->452654K(1033728K), 0.0044424 secs]
284.325: Total time for which application threads were stopped: 0.0045864 seconds, Stopping threads took: 0.0000234 seconds
284.388: [GC (Allocation Failure)  772142K->452686K(1033728K), 0.0044409 secs]
284.393: Total time for which application threads were stopped: 0.0045793 seconds, Stopping threads took: 0.0000179 seconds
284.456: [GC (Allocation Failure)  772174K->452710K(1033728K), 0.0045663 secs]
284.461: Total time for which application threads were stopped: 0.0047091 seconds, Stopping threads took: 0.0000260 seconds
284.524: [GC (Allocation Failure)  772198K->460680K(1032704K), 0.0043157 secs]
284.528: Total time for which application threads were stopped: 0.0044514 seconds, Stopping threads took: 0.0000187 seconds
284.593: [GC (Allocation Failure)  779144K->455142K(1033216K), 0.0024672 secs]
284.595: Total time for which application threads were stopped: 0.0025980 seconds, Stopping threads took: 0.0000251 seconds
284.658: [GC (Allocation Failure)  773606K->460928K(1034752K), 0.0045210 secs]
284.663: Total time for which application threads were stopped: 0.0046738 seconds, Stopping threads took: 0.0000273 seconds
284.726: [GC (Allocation Failure)  781440K->464776K(1033728K), 0.0059180 secs]
284.732: Total time for which application threads were stopped: 0.0060622 seconds, Stopping threads took: 0.0000237 seconds
284.795: [GC (Allocation Failure)  785288K->471694K(1029120K), 0.0074309 secs]
284.802: Total time for which application threads were stopped: 0.0075785 seconds, Stopping threads took: 0.0000192 seconds
284.866: [GC (Allocation Failure)  787086K->465616K(1031680K), 0.0046840 secs]
284.871: Total time for which application threads were stopped: 0.0048192 seconds, Stopping threads took: 0.0000193 seconds
284.933: [GC (Allocation Failure)  781008K->465424K(1032704K), 0.0070147 secs]
284.940: Total time for which application threads were stopped: 0.0071504 seconds, Stopping threads took: 0.0000182 seconds
285.002: [GC (Allocation Failure)  782352K->468808K(1032192K), 0.0052943 secs]
285.007: Total time for which application threads were stopped: 0.0054510 seconds, Stopping threads took: 0.0000221 seconds
285.071: [GC (Allocation Failure)  785736K->473578K(1033216K), 0.0045368 secs]
285.076: Total time for which application threads were stopped: 0.0046884 seconds, Stopping threads took: 0.0000175 seconds
285.141: [GC (Allocation Failure)  791530K->473418K(1032704K), 0.0045969 secs]
285.146: Total time for which application threads were stopped: 0.0047645 seconds, Stopping threads took: 0.0000276 seconds
285.211: [GC (Allocation Failure)  791370K->474474K(1033216K), 0.0045743 secs]
285.215: Total time for which application threads were stopped: 0.0047109 seconds, Stopping threads took: 0.0000168 seconds
285.281: [GC (Allocation Failure)  792938K->481517K(1033216K), 0.0046519 secs]
285.285: Total time for which application threads were stopped: 0.0047935 seconds, Stopping threads took: 0.0000200 seconds
285.349: [GC (Allocation Failure)  799981K->481453K(1033728K), 0.0044748 secs]
285.353: Total time for which application threads were stopped: 0.0046307 seconds, Stopping threads took: 0.0000283 seconds
285.417: [GC (Allocation Failure)  800429K->483181K(1033216K), 0.0047626 secs]
285.422: Total time for which application threads were stopped: 0.0048997 seconds, Stopping threads took: 0.0000200 seconds
285.486: [GC (Allocation Failure)  802157K->489551K(1033728K), 0.0045370 secs]
285.491: Total time for which application threads were stopped: 0.0047129 seconds, Stopping threads took: 0.0000202 seconds
285.555: [GC (Allocation Failure)  809039K->489519K(1033728K), 0.0046469 secs]
285.560: Total time for which application threads were stopped: 0.0048042 seconds, Stopping threads took: 0.0000269 seconds
285.622: [GC (Allocation Failure)  809007K->489863K(1033728K), 0.0045321 secs]
285.627: Total time for which application threads were stopped: 0.0046632 seconds, Stopping threads took: 0.0000193 seconds
285.691: [GC (Allocation Failure)  809351K->497545K(1033728K), 0.0047008 secs]
285.696: Total time for which application threads were stopped: 0.0048413 seconds, Stopping threads took: 0.0000193 seconds
285.762: [GC (Allocation Failure)  817033K->497545K(1033728K), 0.0044107 secs]
285.766: Total time for which application threads were stopped: 0.0045412 seconds, Stopping threads took: 0.0000193 seconds
285.830: [GC (Allocation Failure)  817033K->501193K(1033728K), 0.0053452 secs]
285.836: Total time for which application threads were stopped: 0.0054940 seconds, Stopping threads took: 0.0000191 seconds
285.902: [GC (Allocation Failure)  820681K->505675K(1034240K), 0.0046830 secs]
285.907: Total time for which application threads were stopped: 0.0048268 seconds, Stopping threads took: 0.0000165 seconds
285.972: [GC (Allocation Failure)  826187K->505579K(1034240K), 0.0043173 secs]
285.977: Total time for which application threads were stopped: 0.0044639 seconds, Stopping threads took: 0.0000256 seconds
286.042: [GC (Allocation Failure)  826091K->506315K(1034240K), 0.0046749 secs]
286.046: Total time for which application threads were stopped: 0.0048105 seconds, Stopping threads took: 0.0000247 seconds
286.114: [GC (Allocation Failure)  826827K->513646K(1034240K), 0.0047412 secs]
286.119: Total time for which application threads were stopped: 0.0049088 seconds, Stopping threads took: 0.0000206 seconds
286.186: [GC (Allocation Failure)  834158K->513614K(1034240K), 0.0045426 secs]
286.191: Total time for which application threads were stopped: 0.0047061 seconds, Stopping threads took: 0.0000207 seconds
286.258: [GC (Allocation Failure)  834126K->514542K(1034240K), 0.0045899 secs]
286.263: Total time for which application threads were stopped: 0.0047483 seconds, Stopping threads took: 0.0000217 seconds
286.328: [GC (Allocation Failure)  835054K->521648K(1034240K), 0.0046199 secs]
286.333: Total time for which application threads were stopped: 0.0047677 seconds, Stopping threads took: 0.0000216 seconds
286.396: [GC (Allocation Failure)  842160K->521648K(1034240K), 0.0046467 secs]
286.401: Total time for which application threads were stopped: 0.0047885 seconds, Stopping threads took: 0.0000271 seconds
286.465: [GC (Allocation Failure)  842160K->522792K(1034240K), 0.0047456 secs]
286.470: Total time for which application threads were stopped: 0.0048831 seconds, Stopping threads took: 0.0000194 seconds
286.535: [GC (Allocation Failure)  843304K->529706K(1034240K), 0.0045385 secs]
286.540: Total time for which application threads were stopped: 0.0046565 seconds, Stopping threads took: 0.0000244 seconds
286.605: [GC (Allocation Failure)  850218K->529674K(1034240K), 0.0046872 secs]
286.610: Total time for which application threads were stopped: 0.0048148 seconds, Stopping threads took: 0.0000164 seconds
286.673: [GC (Allocation Failure)  850186K->529994K(1020416K), 0.0046718 secs]
286.678: Total time for which application threads were stopped: 0.0048306 seconds, Stopping threads took: 0.0000243 seconds
286.742: [GC (Allocation Failure)  850506K->537772K(1033728K), 0.0047710 secs]
286.746: Total time for which application threads were stopped: 0.0049189 seconds, Stopping threads took: 0.0000193 seconds
286.811: [GC (Allocation Failure)  857260K->537676K(1033728K), 0.0045805 secs]
286.815: Total time for which application threads were stopped: 0.0047378 seconds, Stopping threads took: 0.0000266 seconds
286.879: [GC (Allocation Failure)  857164K->538252K(1033728K), 0.0054608 secs]
286.884: Total time for which application threads were stopped: 0.0056135 seconds, Stopping threads took: 0.0000193 seconds
286.949: [GC (Allocation Failure)  857740K->545807K(1033728K), 0.0046694 secs]
286.954: Total time for which application threads were stopped: 0.0047928 seconds, Stopping threads took: 0.0000152 seconds
287.017: [GC (Allocation Failure)  865295K->545743K(1033728K), 0.0045942 secs]
287.021: Total time for which application threads were stopped: 0.0047260 seconds, Stopping threads took: 0.0000186 seconds
287.086: [GC (Allocation Failure)  865231K->546471K(1033728K), 0.0050135 secs]
287.091: Total time for which application threads were stopped: 0.0051728 seconds, Stopping threads took: 0.0000173 seconds
287.159: [GC (Allocation Failure)  865959K->553769K(1033728K), 0.0045871 secs]
287.164: Total time for which application threads were stopped: 0.0047500 seconds, Stopping threads took: 0.0000194 seconds
287.231: [GC (Allocation Failure)  873257K->553769K(1033728K), 0.0047377 secs]
287.235: Total time for which application threads were stopped: 0.0049092 seconds, Stopping threads took: 0.0000207 seconds
287.302: [GC (Allocation Failure)  873257K->555753K(1033728K), 0.0050966 secs]
287.307: Total time for which application threads were stopped: 0.0052755 seconds, Stopping threads took: 0.0000206 seconds
287.376: [GC (Allocation Failure)  875241K->561803K(1033728K), 0.0047082 secs]
287.381: Total time for which application threads were stopped: 0.0048678 seconds, Stopping threads took: 0.0000171 seconds
287.448: [GC (Allocation Failure)  881291K->561803K(1033728K), 0.0045671 secs]
287.452: Total time for which application threads were stopped: 0.0047520 seconds, Stopping threads took: 0.0000200 seconds
287.519: [GC (Allocation Failure)  881291K->562923K(1033728K), 0.0049550 secs]
287.524: Total time for which application threads were stopped: 0.0051362 seconds, Stopping threads took: 0.0000206 seconds
287.593: [GC (Allocation Failure)  882411K->569901K(1033728K), 0.0047969 secs]
287.598: Total time for which application threads were stopped: 0.0049669 seconds, Stopping threads took: 0.0000267 seconds
287.665: [GC (Allocation Failure)  889389K->569869K(1033728K), 0.0045095 secs]
287.669: Total time for which application threads were stopped: 0.0046885 seconds, Stopping threads took: 0.0000203 seconds
287.735: [GC (Allocation Failure)  889357K->570157K(1033728K), 0.0047978 secs]
287.740: Total time for which application threads were stopped: 0.0049626 seconds, Stopping threads took: 0.0000204 seconds
287.807: [GC (Allocation Failure)  889645K->577872K(1033728K), 0.0055258 secs]
287.813: Total time for which application threads were stopped: 0.0056823 seconds, Stopping threads took: 0.0000187 seconds
287.878: [GC (Allocation Failure)  897360K->577872K(1033728K), 0.0047666 secs]
287.883: Total time for which application threads were stopped: 0.0049143 seconds, Stopping threads took: 0.0000197 seconds
287.945: [GC (Allocation Failure)  897360K->578408K(1033728K), 0.0045835 secs]
287.950: Total time for which application threads were stopped: 0.0047367 seconds, Stopping threads took: 0.0000206 seconds
288.016: [GC (Allocation Failure)  897896K->585962K(1033728K), 0.0049304 secs]
288.021: Total time for which application threads were stopped: 0.0050651 seconds, Stopping threads took: 0.0000257 seconds
288.089: [GC (Allocation Failure)  905450K->585898K(1033728K), 0.0047106 secs]
288.094: Total time for which application threads were stopped: 0.0048766 seconds, Stopping threads took: 0.0000172 seconds
288.160: [GC (Allocation Failure)  905386K->586634K(1033728K), 0.0047566 secs]
288.165: Total time for which application threads were stopped: 0.0049323 seconds, Stopping threads took: 0.0000264 seconds
288.233: [GC (Allocation Failure)  906122K->593932K(1033728K), 0.0047076 secs]
288.237: Total time for which application threads were stopped: 0.0048633 seconds, Stopping threads took: 0.0000197 seconds
288.303: [GC (Allocation Failure)  913420K->593932K(1033728K), 0.0046795 secs]
288.307: Total time for which application threads were stopped: 0.0048476 seconds, Stopping threads took: 0.0000200 seconds
288.372: [GC (Allocation Failure)  913420K->594852K(1033728K), 0.0049171 secs]
288.377: Total time for which application threads were stopped: 0.0050694 seconds, Stopping threads took: 0.0000285 seconds
288.440: [GC (Allocation Failure)  914340K->601927K(1033728K), 0.0046612 secs]
288.445: Total time for which application threads were stopped: 0.0047981 seconds, Stopping threads took: 0.0000198 seconds
288.510: [GC (Allocation Failure)  921415K->601991K(1033728K), 0.0045017 secs]
288.514: Total time for which application threads were stopped: 0.0046154 seconds, Stopping threads took: 0.0000160 seconds
288.576: [GC (Allocation Failure)  921479K->602087K(1033728K), 0.0047212 secs]
288.581: Total time for which application threads were stopped: 0.0048783 seconds, Stopping threads took: 0.0000279 seconds
288.645: [GC (Allocation Failure)  921575K->609993K(1027072K), 0.0046971 secs]
288.649: Total time for which application threads were stopped: 0.0048439 seconds, Stopping threads took: 0.0000189 seconds
288.714: [GC (Allocation Failure)  929481K->609993K(1033216K), 0.0047921 secs]
288.719: Total time for which application threads were stopped: 0.0049267 seconds, Stopping threads took: 0.0000187 seconds
288.783: [GC (Allocation Failure)  928457K->610345K(1033216K), 0.0050597 secs]
288.788: Total time for which application threads were stopped: 0.0052254 seconds, Stopping threads took: 0.0000233 seconds
288.851: [GC (Allocation Failure)  928809K->618059K(1033216K), 0.0047212 secs]
288.855: Total time for which application threads were stopped: 0.0048590 seconds, Stopping threads took: 0.0000188 seconds
288.917: [GC (Allocation Failure)  936523K->618027K(1033216K), 0.0049375 secs]
288.922: Total time for which application threads were stopped: 0.0050741 seconds, Stopping threads took: 0.0000191 seconds
288.981: [GC (Allocation Failure)  936491K->618571K(1033216K), 0.0049200 secs]
288.986: Total time for which application threads were stopped: 0.0050779 seconds, Stopping threads took: 0.0000192 seconds
289.050: [GC (Allocation Failure)  937035K->626061K(1033216K), 0.0057481 secs]
289.056: Total time for which application threads were stopped: 0.0059210 seconds, Stopping threads took: 0.0000255 seconds
289.120: [GC (Allocation Failure)  944525K->626061K(1033216K), 0.0044813 secs]
289.124: Total time for which application threads were stopped: 0.0046361 seconds, Stopping threads took: 0.0000167 seconds
289.185: [GC (Allocation Failure)  944525K->626253K(1033216K), 0.0047696 secs]
289.190: Total time for which application threads were stopped: 0.0049057 seconds, Stopping threads took: 0.0000161 seconds
289.251: [GC (Allocation Failure)  944717K->634096K(1033216K), 0.0048352 secs]
289.256: Total time for which application threads were stopped: 0.0049947 seconds, Stopping threads took: 0.0000239 seconds
289.318: [GC (Allocation Failure)  952560K->634096K(1033216K), 0.0047210 secs]
289.322: Total time for which application threads were stopped: 0.0048561 seconds, Stopping threads took: 0.0000195 seconds
289.385: [GC (Allocation Failure)  952560K->634248K(1033216K), 0.0046538 secs]
289.390: Total time for which application threads were stopped: 0.0048238 seconds, Stopping threads took: 0.0000200 seconds
289.453: [GC (Allocation Failure)  952712K->642154K(1033216K), 0.0048940 secs]
289.458: Total time for which application threads were stopped: 0.0050407 seconds, Stopping threads took: 0.0000183 seconds
289.520: [GC (Allocation Failure)  960618K->642154K(1033216K), 0.0048909 secs]
289.525: Total time for which application threads were stopped: 0.0050316 seconds, Stopping threads took: 0.0000189 seconds
289.585: [GC (Allocation Failure)  960618K->642186K(1033216K), 0.0048834 secs]
289.590: Total time for which application threads were stopped: 0.0050314 seconds, Stopping threads took: 0.0000196 seconds
289.655: [GC (Allocation Failure)  960650K->650156K(1033216K), 0.0049116 secs]
289.660: Total time for which application threads were stopped: 0.0050416 seconds, Stopping threads took: 0.0000180 seconds
289.723: [GC (Allocation Failure)  968620K->650124K(1033216K), 0.0049293 secs]
289.728: Total time for which application threads were stopped: 0.0050683 seconds, Stopping threads took: 0.0000186 seconds
289.788: [GC (Allocation Failure)  968588K->650404K(1033216K), 0.0050120 secs]
289.793: Total time for which application threads were stopped: 0.0051584 seconds, Stopping threads took: 0.0000233 seconds
289.854: [GC (Allocation Failure)  968868K->658214K(1033216K), 0.0048280 secs]
289.858: Total time for which application threads were stopped: 0.0049717 seconds, Stopping threads took: 0.0000259 seconds
289.922: [GC (Allocation Failure)  976678K->658182K(1033216K), 0.0049254 secs]
289.927: Total time for which application threads were stopped: 0.0050752 seconds, Stopping threads took: 0.0000191 seconds
289.987: [GC (Allocation Failure)  976646K->658438K(1033216K), 0.0050666 secs]
289.992: Total time for which application threads were stopped: 0.0052046 seconds, Stopping threads took: 0.0000197 seconds
290.054: [GC (Allocation Failure)  976902K->666249K(1033216K), 0.0057881 secs]
290.060: Total time for which application threads were stopped: 0.0059297 seconds, Stopping threads took: 0.0000247 seconds
290.125: [GC (Allocation Failure)  984713K->662310K(1033216K), 0.0040287 secs]
290.129: Total time for which application threads were stopped: 0.0041669 seconds, Stopping threads took: 0.0000179 seconds
290.196: [GC (Allocation Failure)  980774K->666377K(1034752K), 0.0048738 secs]
290.201: Total time for which application threads were stopped: 0.0050331 seconds, Stopping threads took: 0.0000202 seconds
290.267: [GC (Allocation Failure)  986889K->670345K(1033728K), 0.0045763 secs]
290.272: Total time for which application threads were stopped: 0.0047191 seconds, Stopping threads took: 0.0000172 seconds
290.336: [GC (Allocation Failure)  990857K->662502K(1034240K), 0.0018995 secs]
290.338: Total time for which application threads were stopped: 0.0020328 seconds, Stopping threads took: 0.0000191 seconds
290.402: [GC (Allocation Failure)  983014K->670401K(1034240K), 0.0056849 secs]
290.408: Total time for which application threads were stopped: 0.0058477 seconds, Stopping threads took: 0.0000216 seconds
290.472: [GC (Allocation Failure)  990913K->674513K(1033216K), 0.0064114 secs]
290.479: Total time for which application threads were stopped: 0.0065600 seconds, Stopping threads took: 0.0000215 seconds
290.542: [GC (Allocation Failure)  994001K->680206K(1032704K), 0.0072138 secs]
290.549: Total time for which application threads were stopped: 0.0073701 seconds, Stopping threads took: 0.0000279 seconds
290.612: [GC (Allocation Failure)  999694K->674737K(1031680K), 0.0048306 secs]
290.616: Total time for which application threads were stopped: 0.0049878 seconds, Stopping threads took: 0.0000275 seconds
290.681: [GC (Allocation Failure)  991153K->674481K(1032192K), 0.0067035 secs]
290.688: Total time for which application threads were stopped: 0.0068267 seconds, Stopping threads took: 0.0000154 seconds
290.748: [GC (Allocation Failure)  990897K->669166K(1032704K), 0.0027884 secs]
290.751: Total time for which application threads were stopped: 0.0029447 seconds, Stopping threads took: 0.0000272 seconds
290.814: [GC (Allocation Failure)  986606K->674673K(1032704K), 0.0047131 secs]
290.819: Total time for which application threads were stopped: 0.0048337 seconds, Stopping threads took: 0.0000157 seconds
290.881: [GC (Allocation Failure)  992113K->674513K(1033216K), 0.0050090 secs]
290.886: Total time for which application threads were stopped: 0.0051417 seconds, Stopping threads took: 0.0000187 seconds
290.947: [GC (Allocation Failure)  992465K->674825K(1032704K), 0.0050716 secs]
290.952: Total time for which application threads were stopped: 0.0052193 seconds, Stopping threads took: 0.0000280 seconds
291.014: [GC (Allocation Failure)  992777K->682507K(1033216K), 0.0048048 secs]
291.019: Total time for which application threads were stopped: 0.0049373 seconds, Stopping threads took: 0.0000187 seconds
291.085: [GC (Allocation Failure)  1000971K->682539K(1033216K), 0.0048621 secs]
291.090: Total time for which application threads were stopped: 0.0050307 seconds, Stopping threads took: 0.0000195 seconds
291.151: [GC (Allocation Failure)  1001003K->686635K(1033728K), 0.0058874 secs]
291.157: Total time for which application threads were stopped: 0.0060501 seconds, Stopping threads took: 0.0000278 seconds
291.223: [GC (Allocation Failure)  1005611K->690637K(1033216K), 0.0047524 secs]
291.228: Total time for which application threads were stopped: 0.0048914 seconds, Stopping threads took: 0.0000171 seconds
291.293: [GC (Allocation Failure)  1009613K->690541K(1034240K), 0.0050061 secs]
291.298: Total time for which application threads were stopped: 0.0051975 seconds, Stopping threads took: 0.0000286 seconds
291.360: [GC (Allocation Failure)  1010541K->693325K(1033728K), 0.0055163 secs]
291.366: [Full GC (Ergonomics)  693325K->11261K(1033728K), 0.0168406 secs]
291.383: Total time for which application threads were stopped: 0.0226262 seconds, Stopping threads took: 0.0000202 seconds
291.449: [GC (Allocation Failure)  331261K->20671K(1033216K), 0.0046154 secs]
291.453: Total time for which application threads were stopped: 0.0047481 seconds, Stopping threads took: 0.0000194 seconds
291.517: [GC (Allocation Failure)  340159K->20695K(1033728K), 0.0034308 secs]
291.521: Total time for which application threads were stopped: 0.0035689 seconds, Stopping threads took: 0.0000273 seconds
291.584: [GC (Allocation Failure)  340183K->23151K(1034240K), 0.0038987 secs]
291.588: Total time for which application threads were stopped: 0.0040301 seconds, Stopping threads took: 0.0000191 seconds
291.651: [GC (Allocation Failure)  343663K->28722K(1034240K), 0.0037213 secs]
291.655: Total time for which application threads were stopped: 0.0038635 seconds, Stopping threads took: 0.0000186 seconds
291.720: [GC (Allocation Failure)  349234K->28754K(1034240K), 0.0034635 secs]
291.724: Total time for which application threads were stopped: 0.0035794 seconds, Stopping threads took: 0.0000155 seconds
291.786: [GC (Allocation Failure)  349266K->29354K(1034240K), 0.0036763 secs]
291.790: Total time for which application threads were stopped: 0.0038120 seconds, Stopping threads took: 0.0000200 seconds
291.854: [GC (Allocation Failure)  349866K->36780K(1034240K), 0.0033983 secs]
291.857: Total time for which application threads were stopped: 0.0035150 seconds, Stopping threads took: 0.0000153 seconds
291.921: [GC (Allocation Failure)  357292K->36748K(1034240K), 0.0037313 secs]
291.925: Total time for which application threads were stopped: 0.0038720 seconds, Stopping threads took: 0.0000207 seconds
291.989: [GC (Allocation Failure)  357260K->39628K(1034240K), 0.0041977 secs]
291.993: Total time for which application threads were stopped: 0.0043183 seconds, Stopping threads took: 0.0000166 seconds
292.060: [GC (Allocation Failure)  360140K->44878K(1034240K), 0.0043667 secs]
292.064: Total time for which application threads were stopped: 0.0045278 seconds, Stopping threads took: 0.0000259 seconds
292.130: [GC (Allocation Failure)  365390K->44782K(1034752K), 0.0038500 secs]
292.134: Total time for which application threads were stopped: 0.0040085 seconds, Stopping threads took: 0.0000204 seconds
292.199: [GC (Allocation Failure)  365806K->46342K(1034240K), 0.0039127 secs]
292.203: Total time for which application threads were stopped: 0.0040587 seconds, Stopping threads took: 0.0000285 seconds
292.266: [GC (Allocation Failure)  367366K->52904K(1034240K), 0.0035674 secs]
292.270: Total time for which application threads were stopped: 0.0037175 seconds, Stopping threads took: 0.0000207 seconds
292.334: [GC (Allocation Failure)  373416K->52808K(1034240K), 0.0036141 secs]
292.338: Total time for which application threads were stopped: 0.0037496 seconds, Stopping threads took: 0.0000259 seconds
292.402: [GC (Allocation Failure)  373320K->53064K(1033728K), 0.0036145 secs]
292.406: Total time for which application threads were stopped: 0.0037541 seconds, Stopping threads took: 0.0000253 seconds
292.470: [GC (Allocation Failure)  373576K->60843K(1034240K), 0.0036282 secs]
292.473: Total time for which application threads were stopped: 0.0037708 seconds, Stopping threads took: 0.0000234 seconds
292.539: [GC (Allocation Failure)  381355K->60843K(1034240K), 0.0034646 secs]
292.543: Total time for which application threads were stopped: 0.0035818 seconds, Stopping threads took: 0.0000161 seconds
292.607: [GC (Allocation Failure)  381355K->61291K(1034240K), 0.0035752 secs]
292.611: Total time for which application threads were stopped: 0.0036841 seconds, Stopping threads took: 0.0000165 seconds
292.676: [GC (Allocation Failure)  381803K->68877K(1034240K), 0.0036836 secs]
292.680: Total time for which application threads were stopped: 0.0037993 seconds, Stopping threads took: 0.0000154 seconds
292.743: [GC (Allocation Failure)  389389K->68909K(1034240K), 0.0035546 secs]
292.747: Total time for which application threads were stopped: 0.0036828 seconds, Stopping threads took: 0.0000188 seconds
292.812: [GC (Allocation Failure)  389421K->69509K(1033216K), 0.0037554 secs]
292.815: Total time for which application threads were stopped: 0.0038794 seconds, Stopping threads took: 0.0000186 seconds
292.881: [GC (Allocation Failure)  388997K->76935K(1033728K), 0.0038113 secs]
292.885: Total time for which application threads were stopped: 0.0039399 seconds, Stopping threads took: 0.0000178 seconds
292.947: [GC (Allocation Failure)  396423K->76903K(1033728K), 0.0064181 secs]
292.954: Total time for which application threads were stopped: 0.0065534 seconds, Stopping threads took: 0.0000188 seconds
293.017: [GC (Allocation Failure)  396391K->76967K(1033728K), 0.0036494 secs]
293.020: Total time for which application threads were stopped: 0.0037807 seconds, Stopping threads took: 0.0000186 seconds
293.086: [GC (Allocation Failure)  396455K->84969K(1033728K), 0.0037723 secs]
293.090: Total time for which application threads were stopped: 0.0039327 seconds, Stopping threads took: 0.0000196 seconds
293.159: [GC (Allocation Failure)  404457K->84969K(1033728K), 0.0037661 secs]
293.163: Total time for which application threads were stopped: 0.0039416 seconds, Stopping threads took: 0.0000218 seconds
293.226: [GC (Allocation Failure)  404457K->85961K(1033728K), 0.0038674 secs]
293.230: Total time for which application threads were stopped: 0.0040056 seconds, Stopping threads took: 0.0000203 seconds
293.295: [GC (Allocation Failure)  405449K->93004K(1033728K), 0.0038632 secs]
293.299: Total time for which application threads were stopped: 0.0040261 seconds, Stopping threads took: 0.0000278 seconds
293.367: [GC (Allocation Failure)  412492K->93004K(1033728K), 0.0036395 secs]
293.371: Total time for which application threads were stopped: 0.0038020 seconds, Stopping threads took: 0.0000197 seconds
293.434: [GC (Allocation Failure)  412492K->93164K(1033728K), 0.0038338 secs]
293.438: Total time for which application threads were stopped: 0.0039978 seconds, Stopping threads took: 0.0000202 seconds
293.504: [GC (Allocation Failure)  412652K->101038K(1033728K), 0.0036862 secs]
293.508: Total time for which application threads were stopped: 0.0038453 seconds, Stopping threads took: 0.0000199 seconds
293.576: [GC (Allocation Failure)  420526K->101038K(1033728K), 0.0036732 secs]
293.580: Total time for which application threads were stopped: 0.0038301 seconds, Stopping threads took: 0.0000174 seconds
293.643: [GC (Allocation Failure)  420526K->102406K(1033728K), 0.0039806 secs]
293.647: Total time for which application threads were stopped: 0.0041332 seconds, Stopping threads took: 0.0000197 seconds
293.710: [GC (Allocation Failure)  421894K->109096K(1033728K), 0.0036657 secs]
293.714: Total time for which application threads were stopped: 0.0038231 seconds, Stopping threads took: 0.0000284 seconds
293.779: [GC (Allocation Failure)  428584K->109064K(1033728K), 0.0036744 secs]
293.783: Total time for which application threads were stopped: 0.0037985 seconds, Stopping threads took: 0.0000180 seconds
293.845: [GC (Allocation Failure)  428552K->109672K(1033728K), 0.0037416 secs]
293.849: Total time for which application threads were stopped: 0.0038882 seconds, Stopping threads took: 0.0000192 seconds
293.913: [GC (Allocation Failure)  429160K->117130K(1033728K), 0.0044835 secs]
293.917: Total time for which application threads were stopped: 0.0046205 seconds, Stopping threads took: 0.0000264 seconds
293.981: [GC (Allocation Failure)  436618K->117066K(1033728K), 0.0037171 secs]
293.985: Total time for which application threads were stopped: 0.0038555 seconds, Stopping threads took: 0.0000184 seconds
294.047: [GC (Allocation Failure)  436554K->117898K(1033728K), 0.0047629 secs]
294.052: Total time for which application threads were stopped: 0.0049059 seconds, Stopping threads took: 0.0000223 seconds
294.115: [GC (Allocation Failure)  437386K->125165K(1033728K), 0.0036010 secs]
294.119: Total time for which application threads were stopped: 0.0037457 seconds, Stopping threads took: 0.0000271 seconds
294.183: [GC (Allocation Failure)  444653K->125101K(1033728K), 0.0037919 secs]
294.187: Total time for which application threads were stopped: 0.0039337 seconds, Stopping threads took: 0.0000189 seconds
294.248: [GC (Allocation Failure)  444589K->126125K(1033728K), 0.0038573 secs]
294.252: Total time for which application threads were stopped: 0.0039852 seconds, Stopping threads took: 0.0000179 seconds
294.316: [GC (Allocation Failure)  445613K->133135K(1033728K), 0.0036844 secs]
294.320: Total time for which application threads were stopped: 0.0038128 seconds, Stopping threads took: 0.0000181 seconds
294.386: [GC (Allocation Failure)  452623K->133135K(1033728K), 0.0038015 secs]
294.390: Total time for which application threads were stopped: 0.0039455 seconds, Stopping threads took: 0.0000235 seconds
294.452: [GC (Allocation Failure)  452623K->133351K(1033728K), 0.0038570 secs]
294.456: Total time for which application threads were stopped: 0.0039932 seconds, Stopping threads took: 0.0000186 seconds
294.519: [GC (Allocation Failure)  452839K->141193K(1027072K), 0.0039898 secs]
294.523: Total time for which application threads were stopped: 0.0041326 seconds, Stopping threads took: 0.0000230 seconds
294.586: [GC (Allocation Failure)  460681K->141129K(1033728K), 0.0037731 secs]
294.590: Total time for which application threads were stopped: 0.0039096 seconds, Stopping threads took: 0.0000250 seconds
294.650: [GC (Allocation Failure)  460105K->142057K(1033216K), 0.0038296 secs]
294.654: Total time for which application threads were stopped: 0.0039812 seconds, Stopping threads took: 0.0000258 seconds
294.719: [GC (Allocation Failure)  461033K->149196K(1033728K), 0.0064765 secs]
294.726: Total time for which application threads were stopped: 0.0065942 seconds, Stopping threads took: 0.0000157 seconds
294.789: [GC (Allocation Failure)  468684K->149228K(1033728K), 0.0036605 secs]
294.793: Total time for which application threads were stopped: 0.0038125 seconds, Stopping threads took: 0.0000260 seconds
294.854: [GC (Allocation Failure)  468716K->149836K(1033728K), 0.0038416 secs]
294.858: Total time for which application threads were stopped: 0.0039809 seconds, Stopping threads took: 0.0000207 seconds
294.923: [GC (Allocation Failure)  469324K->157262K(1027072K), 0.0039236 secs]
294.927: Total time for which application threads were stopped: 0.0040530 seconds, Stopping threads took: 0.0000153 seconds
294.991: [GC (Allocation Failure)  476750K->157230K(1033216K), 0.0036345 secs]
294.995: Total time for which application threads were stopped: 0.0037755 seconds, Stopping threads took: 0.0000238 seconds
295.060: [GC (Allocation Failure)  475694K->157990K(1033216K), 0.0055700 secs]
295.066: Total time for which application threads were stopped: 0.0057229 seconds, Stopping threads took: 0.0000245 seconds
295.130: [GC (Allocation Failure)  476454K->165288K(1032704K), 0.0038716 secs]
295.133: Total time for which application threads were stopped: 0.0040035 seconds, Stopping threads took: 0.0000194 seconds
295.195: [GC (Allocation Failure)  483752K->165256K(1033216K), 0.0037859 secs]
295.199: Total time for which application threads were stopped: 0.0039171 seconds, Stopping threads took: 0.0000188 seconds
295.259: [GC (Allocation Failure)  483720K->165384K(1033216K), 0.0037652 secs]
295.263: Total time for which application threads were stopped: 0.0039075 seconds, Stopping threads took: 0.0000192 seconds
295.326: [GC (Allocation Failure)  483848K->173322K(1033216K), 0.0037878 secs]
295.330: Total time for which application threads were stopped: 0.0039499 seconds, Stopping threads took: 0.0000236 seconds
295.393: [GC (Allocation Failure)  491786K->173290K(1033216K), 0.0038643 secs]
295.397: Total time for which application threads were stopped: 0.0039942 seconds, Stopping threads took: 0.0000186 seconds
295.460: [GC (Allocation Failure)  491754K->173450K(1033216K), 0.0038083 secs]
295.464: Total time for which application threads were stopped: 0.0039388 seconds, Stopping threads took: 0.0000189 seconds
295.527: [GC (Allocation Failure)  491914K->181357K(1033216K), 0.0039532 secs]
295.531: Total time for which application threads were stopped: 0.0040966 seconds, Stopping threads took: 0.0000227 seconds
295.595: [GC (Allocation Failure)  499821K->181325K(1033216K), 0.0036821 secs]
295.599: Total time for which application threads were stopped: 0.0038159 seconds, Stopping threads took: 0.0000197 seconds
295.659: [GC (Allocation Failure)  499789K->181669K(1033216K), 0.0039482 secs]
295.663: Total time for which application threads were stopped: 0.0040877 seconds, Stopping threads took: 0.0000188 seconds
295.727: [GC (Allocation Failure)  500133K->189351K(1033216K), 0.0037188 secs]
295.731: Total time for which application threads were stopped: 0.0038513 seconds, Stopping threads took: 0.0000190 seconds
295.792: [GC (Allocation Failure)  507815K->189351K(1033216K), 0.0039204 secs]
295.796: Total time for which application threads were stopped: 0.0040624 seconds, Stopping threads took: 0.0000199 seconds
295.857: [GC (Allocation Failure)  507815K->189407K(1033216K), 0.0054580 secs]
295.862: Total time for which application threads were stopped: 0.0055745 seconds, Stopping threads took: 0.0000188 seconds
295.925: [GC (Allocation Failure)  507871K->197377K(1033216K), 0.0040280 secs]
295.930: Total time for which application threads were stopped: 0.0041678 seconds, Stopping threads took: 0.0000231 seconds
295.993: [GC (Allocation Failure)  515841K->197377K(1033216K), 0.0037737 secs]
295.997: Total time for which application threads were stopped: 0.0038967 seconds, Stopping threads took: 0.0000178 seconds
296.061: [GC (Allocation Failure)  515841K->197625K(1033216K), 0.0046198 secs]
296.065: Total time for which application threads were stopped: 0.0047387 seconds, Stopping threads took: 0.0000249 seconds
296.129: [GC (Allocation Failure)  516089K->205403K(1033216K), 0.0037774 secs]
296.132: Total time for which application threads were stopped: 0.0039067 seconds, Stopping threads took: 0.0000188 seconds
296.194: [GC (Allocation Failure)  523865K->201529K(1033728K), 0.0030840 secs]
296.197: Total time for which application threads were stopped: 0.0032115 seconds, Stopping threads took: 0.0000185 seconds
296.260: [GC (Allocation Failure)  520505K->205563K(1033216K), 0.0039607 secs]
296.264: Total time for which application threads were stopped: 0.0040908 seconds, Stopping threads took: 0.0000177 seconds
296.327: [GC (Allocation Failure)  524539K->209531K(1033728K), 0.0038641 secs]
296.330: Total time for which application threads were stopped: 0.0040074 seconds, Stopping threads took: 0.0000187 seconds
296.391: [GC (Allocation Failure)  530043K->217065K(1034240K), 0.0072920 secs]
296.399: Total time for which application threads were stopped: 0.0074368 seconds, Stopping threads took: 0.0000211 seconds
296.463: [GC (Allocation Failure)  537577K->210827K(1029120K), 0.0039622 secs]
296.467: Total time for which application threads were stopped: 0.0041044 seconds, Stopping threads took: 0.0000270 seconds
296.529: [GC (Allocation Failure)  526219K->210827K(1031680K), 0.0098992 secs]
296.539: Total time for which application threads were stopped: 0.0100717 seconds, Stopping threads took: 0.0000234 seconds
296.601: [GC (Allocation Failure)  526219K->206281K(1032704K), 0.0021489 secs]
296.603: Total time for which application threads were stopped: 0.0022803 seconds, Stopping threads took: 0.0000251 seconds
296.668: [GC (Allocation Failure)  523209K->211019K(1032192K), 0.0039709 secs]
296.672: Total time for which application threads were stopped: 0.0041151 seconds, Stopping threads took: 0.0000182 seconds
296.737: [GC (Allocation Failure)  527947K->210795K(1033216K), 0.0038416 secs]
296.741: Total time for which application threads were stopped: 0.0039803 seconds, Stopping threads took: 0.0000184 seconds
296.804: [GC (Allocation Failure)  529259K->211427K(1033216K), 0.0039708 secs]
296.808: Total time for which application threads were stopped: 0.0041051 seconds, Stopping threads took: 0.0000191 seconds
296.870: [GC (Allocation Failure)  529891K->218854K(1033216K), 0.0039329 secs]
296.874: Total time for which application threads were stopped: 0.0040841 seconds, Stopping threads took: 0.0000189 seconds
296.937: [GC (Allocation Failure)  537318K->218822K(1033216K), 0.0039769 secs]
296.941: Total time for which application threads were stopped: 0.0041134 seconds, Stopping threads took: 0.0000179 seconds
297.004: [GC (Allocation Failure)  537286K->219694K(1032704K), 0.0041968 secs]
297.009: Total time for which application threads were stopped: 0.0043380 seconds, Stopping threads took: 0.0000206 seconds
297.075: [GC (Allocation Failure)  538158K->226992K(1033216K), 0.0040766 secs]
297.079: Total time for which application threads were stopped: 0.0042682 seconds, Stopping threads took: 0.0000173 seconds
297.147: [GC (Allocation Failure)  545456K->226864K(1033728K), 0.0041077 secs]
297.151: Total time for which application threads were stopped: 0.0042628 seconds, Stopping threads took: 0.0000194 seconds
297.214: [GC (Allocation Failure)  546352K->228936K(1033728K), 0.0041893 secs]
297.218: Total time for which application threads were stopped: 0.0043235 seconds, Stopping threads took: 0.0000193 seconds
297.284: [GC (Allocation Failure)  548424K->234986K(1033728K), 0.0040193 secs]
297.288: Total time for which application threads were stopped: 0.0041591 seconds, Stopping threads took: 0.0000197 seconds
297.353: [GC (Allocation Failure)  554474K->234890K(1033728K), 0.0039546 secs]
297.357: Total time for which application threads were stopped: 0.0040868 seconds, Stopping threads took: 0.0000192 seconds
297.418: [GC (Allocation Failure)  554378K->236170K(1033728K), 0.0043242 secs]
297.423: Total time for which application threads were stopped: 0.0044705 seconds, Stopping threads took: 0.0000186 seconds
297.488: [GC (Allocation Failure)  555658K->242956K(1033728K), 0.0039240 secs]
297.492: Total time for which application threads were stopped: 0.0040456 seconds, Stopping threads took: 0.0000163 seconds
297.555: [GC (Allocation Failure)  562444K->242956K(1034240K), 0.0038024 secs]
297.559: Total time for which application threads were stopped: 0.0039350 seconds, Stopping threads took: 0.0000184 seconds
297.622: [GC (Allocation Failure)  562956K->243844K(1033728K), 0.0068676 secs]
297.629: Total time for which application threads were stopped: 0.0070041 seconds, Stopping threads took: 0.0000197 seconds
297.691: [GC (Allocation Failure)  563844K->250951K(1033728K), 0.0040581 secs]
297.695: Total time for which application threads were stopped: 0.0041920 seconds, Stopping threads took: 0.0000191 seconds
297.759: [GC (Allocation Failure)  570439K->250951K(1033728K), 0.0039165 secs]
297.763: Total time for which application threads were stopped: 0.0040583 seconds, Stopping threads took: 0.0000191 seconds
297.823: [GC (Allocation Failure)  570439K->251591K(1033216K), 0.0040650 secs]
297.827: Total time for which application threads were stopped: 0.0041966 seconds, Stopping threads took: 0.0000193 seconds
297.893: [GC (Allocation Failure)  571079K->259017K(1033728K), 0.0040597 secs]
297.897: Total time for which application threads were stopped: 0.0041906 seconds, Stopping threads took: 0.0000175 seconds
297.959: [GC (Allocation Failure)  578505K->258985K(1033728K), 0.0039314 secs]
297.963: Total time for which application threads were stopped: 0.0040672 seconds, Stopping threads took: 0.0000261 seconds
298.024: [GC (Allocation Failure)  578473K->259049K(1033728K), 0.0042094 secs]
298.028: Total time for which application threads were stopped: 0.0043507 seconds, Stopping threads took: 0.0000190 seconds
298.098: [GC (Allocation Failure)  578537K->267051K(1033728K), 0.0040966 secs]
298.102: Total time for which application threads were stopped: 0.0042387 seconds, Stopping threads took: 0.0000174 seconds
298.165: [GC (Allocation Failure)  586539K->267019K(1033728K), 0.0039855 secs]
298.169: Total time for which application threads were stopped: 0.0041350 seconds, Stopping threads took: 0.0000201 seconds
298.230: [GC (Allocation Failure)  586507K->268035K(1033728K), 0.0043020 secs]
298.235: Total time for which application threads were stopped: 0.0044526 seconds, Stopping threads took: 0.0000198 seconds
298.301: [GC (Allocation Failure)  587523K->275077K(1033728K), 0.0041649 secs]
298.305: Total time for which application threads were stopped: 0.0043047 seconds, Stopping threads took: 0.0000209 seconds
298.369: [GC (Allocation Failure)  594565K->275013K(1033728K), 0.0040417 secs]
298.373: Total time for which application threads were stopped: 0.0041826 seconds, Stopping threads took: 0.0000267 seconds
298.435: [GC (Allocation Failure)  594501K->275269K(1033728K), 0.0042400 secs]
298.439: Total time for which application threads were stopped: 0.0043811 seconds, Stopping threads took: 0.0000191 seconds
298.502: [GC (Allocation Failure)  594757K->283144K(1033728K), 0.0041446 secs]
298.506: Total time for which application threads were stopped: 0.0042963 seconds, Stopping threads took: 0.0000188 seconds
298.571: [GC (Allocation Failure)  602632K->283080K(1033728K), 0.0042195 secs]
298.576: Total time for which application threads were stopped: 0.0043523 seconds, Stopping threads took: 0.0000240 seconds
298.636: [GC (Allocation Failure)  602568K->284552K(1033728K), 0.0042746 secs]
298.641: Total time for which application threads were stopped: 0.0044140 seconds, Stopping threads took: 0.0000185 seconds
298.704: [GC (Allocation Failure)  604040K->291178K(1033728K), 0.0037888 secs]
298.708: Total time for which application threads were stopped: 0.0039450 seconds, Stopping threads took: 0.0000189 seconds
298.771: [GC (Allocation Failure)  610666K->291082K(1033728K), 0.0040148 secs]
298.775: Total time for which application threads were stopped: 0.0041416 seconds, Stopping threads took: 0.0000175 seconds
298.835: [GC (Allocation Failure)  610570K->291754K(1033728K), 0.0040526 secs]
298.839: Total time for which application threads were stopped: 0.0041964 seconds, Stopping threads took: 0.0000185 seconds
298.905: [GC (Allocation Failure)  611242K->299212K(1033728K), 0.0043004 secs]
298.909: Total time for which application threads were stopped: 0.0044185 seconds, Stopping threads took: 0.0000158 seconds
298.971: [GC (Allocation Failure)  618700K->299148K(1033728K), 0.0041622 secs]
298.975: Total time for which application threads were stopped: 0.0043114 seconds, Stopping threads took: 0.0000235 seconds
299.036: [GC (Allocation Failure)  618636K->299948K(1033728K), 0.0077238 secs]
299.044: Total time for which application threads were stopped: 0.0078962 seconds, Stopping threads took: 0.0000197 seconds
299.109: [GC (Allocation Failure)  619436K->307247K(1033728K), 0.0043731 secs]
299.114: Total time for which application threads were stopped: 0.0045248 seconds, Stopping threads took: 0.0000275 seconds
299.178: [GC (Allocation Failure)  626735K->307215K(1033728K), 0.0041815 secs]
299.182: Total time for which application threads were stopped: 0.0043174 seconds, Stopping threads took: 0.0000196 seconds
299.243: [GC (Allocation Failure)  626703K->308199K(1033728K), 0.0043135 secs]
299.247: Total time for which application threads were stopped: 0.0044551 seconds, Stopping threads took: 0.0000211 seconds
299.310: [GC (Allocation Failure)  627687K->315209K(1033728K), 0.0040644 secs]
299.314: Total time for which application threads were stopped: 0.0042086 seconds, Stopping threads took: 0.0000189 seconds
299.378: [GC (Allocation Failure)  634697K->315209K(1033728K), 0.0039514 secs]
299.382: Total time for which application threads were stopped: 0.0040797 seconds, Stopping threads took: 0.0000176 seconds
299.445: [GC (Allocation Failure)  634697K->315369K(1033728K), 0.0042157 secs]
299.449: Total time for which application threads were stopped: 0.0043640 seconds, Stopping threads took: 0.0000199 seconds
299.515: [GC (Allocation Failure)  634857K->323243K(1027072K), 0.0041633 secs]
299.519: Total time for which application threads were stopped: 0.0043079 seconds, Stopping threads took: 0.0000189 seconds
299.582: [GC (Allocation Failure)  642731K->323243K(1033728K), 0.0040501 secs]
299.586: Total time for which application threads were stopped: 0.0041808 seconds, Stopping threads took: 0.0000180 seconds
299.648: [GC (Allocation Failure)  642219K->324171K(1033216K), 0.0064198 secs]
299.654: Total time for which application threads were stopped: 0.0065913 seconds, Stopping threads took: 0.0000245 seconds
299.719: [GC (Allocation Failure)  643147K->331277K(1033728K), 0.0040372 secs]
299.723: Total time for which application threads were stopped: 0.0041784 seconds, Stopping threads took: 0.0000183 seconds
299.788: [GC (Allocation Failure)  650765K->331309K(1033728K), 0.0042395 secs]
299.792: Total time for which application threads were stopped: 0.0043885 seconds, Stopping threads took: 0.0000200 seconds
299.854: [GC (Allocation Failure)  650797K->331885K(1033728K), 0.0044096 secs]
299.859: Total time for which application threads were stopped: 0.0045496 seconds, Stopping threads took: 0.0000182 seconds
299.922: [GC (Allocation Failure)  651373K->339344K(1027072K), 0.0044410 secs]
299.926: Total time for which application threads were stopped: 0.0045757 seconds, Stopping threads took: 0.0000185 seconds
299.989: [GC (Allocation Failure)  658832K->339312K(1033216K), 0.0042394 secs]
299.994: Total time for which application threads were stopped: 0.0043715 seconds, Stopping threads took: 0.0000185 seconds
300.057: [GC (Allocation Failure)  657776K->340080K(1033216K), 0.0069191 secs]
300.064: Total time for which application threads were stopped: 0.0070355 seconds, Stopping threads took: 0.0000171 seconds
300.127: [GC (Allocation Failure)  658544K->347378K(1032704K), 0.0041942 secs]
300.131: Total time for which application threads were stopped: 0.0043324 seconds, Stopping threads took: 0.0000173 seconds
300.192: [GC (Allocation Failure)  665842K->347378K(1033216K), 0.0042735 secs]
300.197: Total time for which application threads were stopped: 0.0044063 seconds, Stopping threads took: 0.0000201 seconds
300.259: [GC (Allocation Failure)  665842K->347402K(1033216K), 0.0042843 secs]
300.263: Total time for which application threads were stopped: 0.0044202 seconds, Stopping threads took: 0.0000193 seconds
300.327: [GC (Allocation Failure)  665866K->355404K(1033216K), 0.0044145 secs]
300.332: Total time for which application threads were stopped: 0.0045454 seconds, Stopping threads took: 0.0000190 seconds
300.397: [GC (Allocation Failure)  673868K->355372K(1033216K), 0.0041851 secs]
300.401: Total time for which application threads were stopped: 0.0043307 seconds, Stopping threads took: 0.0000189 seconds
300.461: [GC (Allocation Failure)  673836K->355532K(1033216K), 0.0041349 secs]
300.465: Total time for which application threads were stopped: 0.0042734 seconds, Stopping threads took: 0.0000194 seconds
300.526: [GC (Allocation Failure)  673996K->363438K(1033216K), 0.0063194 secs]
300.533: Total time for which application threads were stopped: 0.0064633 seconds, Stopping threads took: 0.0000155 seconds
300.595: [GC (Allocation Failure)  681902K->363438K(1033216K), 0.0040934 secs]
300.599: Total time for which application threads were stopped: 0.0042500 seconds, Stopping threads took: 0.0000257 seconds
300.663: [GC (Allocation Failure)  681902K->363750K(1033216K), 0.0043784 secs]
300.668: Total time for which application threads were stopped: 0.0045084 seconds, Stopping threads took: 0.0000190 seconds
300.732: [GC (Allocation Failure)  682214K->371465K(1033216K), 0.0043408 secs]
300.737: Total time for which application threads were stopped: 0.0044714 seconds, Stopping threads took: 0.0000183 seconds
300.797: [GC (Allocation Failure)  689929K->371465K(1033216K), 0.0042874 secs]
300.802: Total time for which application threads were stopped: 0.0044285 seconds, Stopping threads took: 0.0000190 seconds
300.862: [GC (Allocation Failure)  689929K->371497K(1033216K), 0.0041788 secs]
300.866: Total time for which application threads were stopped: 0.0043215 seconds, Stopping threads took: 0.0000236 seconds
300.931: [GC (Allocation Failure)  689961K->379499K(1033216K), 0.0042271 secs]
300.936: Total time for which application threads were stopped: 0.0043652 seconds, Stopping threads took: 0.0000212 seconds
300.999: [GC (Allocation Failure)  697963K->379435K(1033216K), 0.0041622 secs]
301.003: Total time for which application threads were stopped: 0.0042950 seconds, Stopping threads took: 0.0000196 seconds
301.067: [GC (Allocation Failure)  697899K->379723K(1033216K), 0.0043349 secs]
301.071: Total time for which application threads were stopped: 0.0044616 seconds, Stopping threads took: 0.0000143 seconds
301.135: [GC (Allocation Failure)  698187K->387501K(1033216K), 0.0042595 secs]
301.139: Total time for which application threads were stopped: 0.0043973 seconds, Stopping threads took: 0.0000201 seconds
301.204: [GC (Allocation Failure)  705965K->383595K(1033728K), 0.0035734 secs]
301.208: Total time for which application threads were stopped: 0.0037210 seconds, Stopping threads took: 0.0000204 seconds
301.273: [GC (Allocation Failure)  702571K->387629K(1033216K), 0.0043274 secs]
301.277: Total time for which application threads were stopped: 0.0044745 seconds, Stopping threads took: 0.0000282 seconds
301.341: [GC (Allocation Failure)  706605K->391661K(1033728K), 0.0043693 secs]
301.346: Total time for which application threads were stopped: 0.0045128 seconds, Stopping threads took: 0.0000189 seconds
301.411: [GC (Allocation Failure)  712173K->399155K(1034240K), 0.0076285 secs]
301.418: Total time for which application threads were stopped: 0.0077731 seconds, Stopping threads took: 0.0000211 seconds
301.482: [GC (Allocation Failure)  719667K->392917K(1029120K), 0.0044070 secs]
301.486: Total time for which application threads were stopped: 0.0045755 seconds, Stopping threads took: 0.0000199 seconds
301.550: [GC (Allocation Failure)  708309K->392917K(1031680K), 0.0043093 secs]
301.555: Total time for which application threads were stopped: 0.0044446 seconds, Stopping threads took: 0.0000191 seconds
301.614: [GC (Allocation Failure)  708309K->388371K(1032704K), 0.0027324 secs]
301.617: Total time for which application threads were stopped: 0.0028745 seconds, Stopping threads took: 0.0000277 seconds
301.680: [GC (Allocation Failure)  705299K->393141K(1032192K), 0.0042974 secs]
301.684: Total time for which application threads were stopped: 0.0044485 seconds, Stopping threads took: 0.0000206 seconds
301.747: [GC (Allocation Failure)  710069K->392853K(1033216K), 0.0044336 secs]
301.752: Total time for which application threads were stopped: 0.0045709 seconds, Stopping threads took: 0.0000190 seconds
301.814: [GC (Allocation Failure)  710805K->393037K(1032704K), 0.0043692 secs]
301.818: Total time for which application threads were stopped: 0.0045186 seconds, Stopping threads took: 0.0000278 seconds
301.883: [GC (Allocation Failure)  710989K->400943K(1033216K), 0.0042854 secs]
301.888: Total time for which application threads were stopped: 0.0044023 seconds, Stopping threads took: 0.0000157 seconds
301.952: [GC (Allocation Failure)  719407K->400911K(1033216K), 0.0041620 secs]
301.956: Total time for which application threads were stopped: 0.0042968 seconds, Stopping threads took: 0.0000183 seconds
302.017: [GC (Allocation Failure)  719375K->404839K(1033728K), 0.0054453 secs]
302.023: Total time for which application threads were stopped: 0.0055797 seconds, Stopping threads took: 0.0000189 seconds
302.090: [GC (Allocation Failure)  723815K->409066K(1033216K), 0.0045767 secs]
302.095: Total time for which application threads were stopped: 0.0047360 seconds, Stopping threads took: 0.0000200 seconds
302.161: [GC (Allocation Failure)  728042K->408970K(1034240K), 0.0045431 secs]
302.166: Total time for which application threads were stopped: 0.0047336 seconds, Stopping threads took: 0.0000195 seconds
302.234: [GC (Allocation Failure)  728970K->411530K(1033728K), 0.0048010 secs]
302.239: Total time for which application threads were stopped: 0.0049478 seconds, Stopping threads took: 0.0000167 seconds
302.309: [GC (Allocation Failure)  731530K->417068K(1034240K), 0.0043254 secs]
302.313: Total time for which application threads were stopped: 0.0044981 seconds, Stopping threads took: 0.0000208 seconds
302.381: [GC (Allocation Failure)  737580K->416972K(1034240K), 0.0045542 secs]
302.385: Total time for which application threads were stopped: 0.0047281 seconds, Stopping threads took: 0.0000203 seconds
302.454: [GC (Allocation Failure)  737484K->417196K(1034240K), 0.0043893 secs]
302.459: Total time for which application threads were stopped: 0.0045412 seconds, Stopping threads took: 0.0000176 seconds
302.527: [GC (Allocation Failure)  737708K->425070K(1034240K), 0.0045212 secs]
302.532: Total time for which application threads were stopped: 0.0047158 seconds, Stopping threads took: 0.0000205 seconds
302.601: [GC (Allocation Failure)  745582K->425006K(1034240K), 0.0045021 secs]
302.605: Total time for which application threads were stopped: 0.0046628 seconds, Stopping threads took: 0.0000203 seconds
302.673: [GC (Allocation Failure)  745518K->427494K(1034240K), 0.0048407 secs]
302.678: Total time for which application threads were stopped: 0.0050125 seconds, Stopping threads took: 0.0000251 seconds
302.745: [GC (Allocation Failure)  748006K->433097K(1034240K), 0.0043589 secs]
302.749: Total time for which application threads were stopped: 0.0045106 seconds, Stopping threads took: 0.0000215 seconds
302.814: [GC (Allocation Failure)  753609K->433033K(1034240K), 0.0042601 secs]
302.818: Total time for which application threads were stopped: 0.0044010 seconds, Stopping threads took: 0.0000271 seconds
302.883: [GC (Allocation Failure)  753545K->433673K(1034240K), 0.0045757 secs]
302.887: Total time for which application threads were stopped: 0.0047244 seconds, Stopping threads took: 0.0000247 seconds
302.953: [GC (Allocation Failure)  754185K->441099K(1034240K), 0.0043614 secs]
302.958: Total time for which application threads were stopped: 0.0044984 seconds, Stopping threads took: 0.0000202 seconds
303.024: [GC (Allocation Failure)  761611K->441067K(1034240K), 0.0045750 secs]
303.029: Total time for which application threads were stopped: 0.0047205 seconds, Stopping threads took: 0.0000269 seconds
303.097: [GC (Allocation Failure)  761579K->443947K(1034240K), 0.0051802 secs]
303.102: Total time for which application threads were stopped: 0.0053526 seconds, Stopping threads took: 0.0000204 seconds
303.170: [GC (Allocation Failure)  764459K->449229K(1034240K), 0.0043002 secs]
303.174: Total time for which application threads were stopped: 0.0044688 seconds, Stopping threads took: 0.0000204 seconds
303.242: [GC (Allocation Failure)  769741K->449101K(1034240K), 0.0046336 secs]
303.246: Total time for which application threads were stopped: 0.0047982 seconds, Stopping threads took: 0.0000221 seconds
303.315: [GC (Allocation Failure)  769613K->450125K(1034240K), 0.0046444 secs]
303.320: Total time for which application threads were stopped: 0.0048140 seconds, Stopping threads took: 0.0000200 seconds
303.387: [GC (Allocation Failure)  770637K->457199K(1034240K), 0.0046456 secs]
303.392: Total time for which application threads were stopped: 0.0048076 seconds, Stopping threads took: 0.0000198 seconds
303.459: [GC (Allocation Failure)  777711K->457135K(1034240K), 0.0045498 secs]
303.464: Total time for which application threads were stopped: 0.0047350 seconds, Stopping threads took: 0.0000280 seconds
303.530: [GC (Allocation Failure)  777647K->457351K(1034240K), 0.0045508 secs]
303.535: Total time for which application threads were stopped: 0.0047420 seconds, Stopping threads took: 0.0000198 seconds
303.603: [GC (Allocation Failure)  777863K->465162K(1034240K), 0.0044313 secs]
303.607: Total time for which application threads were stopped: 0.0045965 seconds, Stopping threads took: 0.0000269 seconds
303.673: [GC (Allocation Failure)  785674K->465194K(1034240K), 0.0044157 secs]
303.678: Total time for which application threads were stopped: 0.0045692 seconds, Stopping threads took: 0.0000213 seconds
303.741: [GC (Allocation Failure)  785706K->466602K(1034240K), 0.0045289 secs]
303.746: Total time for which application threads were stopped: 0.0046520 seconds, Stopping threads took: 0.0000170 seconds
303.809: [GC (Allocation Failure)  787114K->473260K(1034240K), 0.0045895 secs]
303.814: Total time for which application threads were stopped: 0.0047581 seconds, Stopping threads took: 0.0000237 seconds
303.877: [GC (Allocation Failure)  793772K->473228K(1034240K), 0.0043907 secs]
303.882: Total time for which application threads were stopped: 0.0045311 seconds, Stopping threads took: 0.0000270 seconds
303.945: [GC (Allocation Failure)  793740K->473260K(1020416K), 0.0046369 secs]
303.950: Total time for which application threads were stopped: 0.0047764 seconds, Stopping threads took: 0.0000187 seconds
304.014: [GC (Allocation Failure)  793772K->481198K(1033728K), 0.0050485 secs]
304.019: Total time for which application threads were stopped: 0.0052203 seconds, Stopping threads took: 0.0000197 seconds
304.084: [GC (Allocation Failure)  800686K->481262K(1033728K), 0.0045253 secs]
304.089: Total time for which application threads were stopped: 0.0046450 seconds, Stopping threads took: 0.0000150 seconds
304.150: [GC (Allocation Failure)  800750K->481518K(1033728K), 0.0046671 secs]
304.154: Total time for which application threads were stopped: 0.0048022 seconds, Stopping threads took: 0.0000195 seconds
304.219: [GC (Allocation Failure)  801006K->489264K(1033728K), 0.0044325 secs]
304.224: Total time for which application threads were stopped: 0.0045981 seconds, Stopping threads took: 0.0000217 seconds
304.289: [GC (Allocation Failure)  808752K->489264K(1033728K), 0.0043604 secs]
304.293: Total time for which application threads were stopped: 0.0044824 seconds, Stopping threads took: 0.0000172 seconds
304.354: [GC (Allocation Failure)  808752K->490280K(1033728K), 0.0045223 secs]
304.359: Total time for which application threads were stopped: 0.0046434 seconds, Stopping threads took: 0.0000192 seconds
304.425: [GC (Allocation Failure)  809768K->497323K(1033728K), 0.0046048 secs]
304.429: Total time for which application threads were stopped: 0.0047755 seconds, Stopping threads took: 0.0000280 seconds
304.496: [GC (Allocation Failure)  816811K->497323K(1033728K), 0.0047861 secs]
304.501: Total time for which application threads were stopped: 0.0049589 seconds, Stopping threads took: 0.0000199 seconds
304.566: [GC (Allocation Failure)  816811K->497451K(1033728K), 0.0046601 secs]
304.571: Total time for which application threads were stopped: 0.0048218 seconds, Stopping threads took: 0.0000250 seconds
304.636: [GC (Allocation Failure)  816939K->505325K(1033728K), 0.0049544 secs]
304.641: Total time for which application threads were stopped: 0.0051367 seconds, Stopping threads took: 0.0000285 seconds
304.709: [GC (Allocation Failure)  824813K->505293K(1033728K), 0.0054940 secs]
304.715: Total time for which application threads were stopped: 0.0056627 seconds, Stopping threads took: 0.0000220 seconds
304.780: [GC (Allocation Failure)  824781K->506733K(1033728K), 0.0047962 secs]
304.785: Total time for which application threads were stopped: 0.0049678 seconds, Stopping threads took: 0.0000205 seconds
304.852: [GC (Allocation Failure)  826221K->513423K(1033728K), 0.0046876 secs]
304.857: Total time for which application threads were stopped: 0.0048600 seconds, Stopping threads took: 0.0000203 seconds
304.924: [GC (Allocation Failure)  832911K->513359K(1033728K), 0.0046543 secs]
304.929: Total time for which application threads were stopped: 0.0048373 seconds, Stopping threads took: 0.0000203 seconds
304.994: [GC (Allocation Failure)  832847K->513927K(1033728K), 0.0047499 secs]
304.999: Total time for which application threads were stopped: 0.0049125 seconds, Stopping threads took: 0.0000202 seconds
305.067: [GC (Allocation Failure)  833415K->521449K(1033728K), 0.0046555 secs]
305.071: Total time for which application threads were stopped: 0.0048340 seconds, Stopping threads took: 0.0000171 seconds
305.140: [GC (Allocation Failure)  840937K->521385K(1033728K), 0.0045070 secs]
305.145: Total time for which application threads were stopped: 0.0046552 seconds, Stopping threads took: 0.0000165 seconds
305.210: [GC (Allocation Failure)  840873K->522185K(1033728K), 0.0047446 secs]
305.214: Total time for which application threads were stopped: 0.0049213 seconds, Stopping threads took: 0.0000189 seconds
305.283: [GC (Allocation Failure)  841673K->529452K(1033728K), 0.0049650 secs]
305.288: Total time for which application threads were stopped: 0.0051375 seconds, Stopping threads took: 0.0000205 seconds
305.357: [GC (Allocation Failure)  848940K->529452K(1033728K), 0.0044134 secs]
305.362: Total time for which application threads were stopped: 0.0045710 seconds, Stopping threads took: 0.0000200 seconds
305.428: [GC (Allocation Failure)  848940K->530412K(1033728K), 0.0049257 secs]
305.433: Total time for which application threads were stopped: 0.0051410 seconds, Stopping threads took: 0.0000204 seconds
305.500: [GC (Allocation Failure)  849900K->537422K(1033728K), 0.0046967 secs]
305.505: Total time for which application threads were stopped: 0.0048698 seconds, Stopping threads took: 0.0000206 seconds
305.574: [GC (Allocation Failure)  856910K->537454K(1033728K), 0.0044813 secs]
305.579: Total time for which application threads were stopped: 0.0046699 seconds, Stopping threads took: 0.0000397 seconds
305.644: [GC (Allocation Failure)  856942K->537614K(1033728K), 0.0047394 secs]
305.649: Total time for which application threads were stopped: 0.0049247 seconds, Stopping threads took: 0.0000252 seconds
305.715: [GC (Allocation Failure)  857102K->545488K(1032704K), 0.0065385 secs]
305.721: Total time for which application threads were stopped: 0.0067048 seconds, Stopping threads took: 0.0000257 seconds
305.787: [GC (Allocation Failure)  863952K->545456K(1033216K), 0.0046860 secs]
305.792: Total time for which application threads were stopped: 0.0048521 seconds, Stopping threads took: 0.0000196 seconds
305.855: [GC (Allocation Failure)  863920K->545832K(1033216K), 0.0047647 secs]
305.860: Total time for which application threads were stopped: 0.0049326 seconds, Stopping threads took: 0.0000275 seconds
305.925: [GC (Allocation Failure)  864296K->553515K(1033216K), 0.0048919 secs]
305.930: Total time for which application threads were stopped: 0.0050834 seconds, Stopping threads took: 0.0000201 seconds
305.994: [GC (Allocation Failure)  871979K->553515K(1033216K), 0.0046666 secs]
305.999: Total time for which application threads were stopped: 0.0048192 seconds, Stopping threads took: 0.0000173 seconds
306.064: [GC (Allocation Failure)  871979K->554059K(1033216K), 0.0047139 secs]
306.068: Total time for which application threads were stopped: 0.0048988 seconds, Stopping threads took: 0.0000152 seconds
306.135: [GC (Allocation Failure)  872523K->561549K(1033216K), 0.0046706 secs]
306.140: Total time for which application threads were stopped: 0.0048203 seconds, Stopping threads took: 0.0000171 seconds
306.207: [GC (Allocation Failure)  880013K->561549K(1033216K), 0.0045053 secs]
306.212: Total time for which application threads were stopped: 0.0046842 seconds, Stopping threads took: 0.0000202 seconds
306.276: [GC (Allocation Failure)  880013K->561805K(1033216K), 0.0046415 secs]
306.281: Total time for which application threads were stopped: 0.0048236 seconds, Stopping threads took: 0.0000209 seconds
306.349: [GC (Allocation Failure)  880269K->569615K(1033216K), 0.0049724 secs]
306.354: Total time for which application threads were stopped: 0.0051436 seconds, Stopping threads took: 0.0000209 seconds
306.418: [GC (Allocation Failure)  888079K->569583K(1033216K), 0.0048883 secs]
306.423: Total time for which application threads were stopped: 0.0050601 seconds, Stopping threads took: 0.0000206 seconds
306.488: [GC (Allocation Failure)  888047K->569639K(1033216K), 0.0046628 secs]
306.493: Total time for which application threads were stopped: 0.0048200 seconds, Stopping threads took: 0.0000215 seconds
306.560: [GC (Allocation Failure)  888103K->577609K(1033216K), 0.0046914 secs]
306.564: Total time for which application threads were stopped: 0.0048495 seconds, Stopping threads took: 0.0000252 seconds
306.627: [GC (Allocation Failure)  896073K->577609K(1033216K), 0.0047077 secs]
306.632: Total time for which application threads were stopped: 0.0048676 seconds, Stopping threads took: 0.0000196 seconds
306.695: [GC (Allocation Failure)  896073K->577769K(1033216K), 0.0046196 secs]
306.700: Total time for which application threads were stopped: 0.0047577 seconds, Stopping threads took: 0.0000198 seconds
306.764: [GC (Allocation Failure)  896233K->585644K(1033216K), 0.0047396 secs]
306.769: Total time for which application threads were stopped: 0.0048815 seconds, Stopping threads took: 0.0000202 seconds
306.832: [GC (Allocation Failure)  904108K->585676K(1033216K), 0.0047918 secs]
306.836: Total time for which application threads were stopped: 0.0049511 seconds, Stopping threads took: 0.0000203 seconds
306.898: [GC (Allocation Failure)  904140K->585996K(1033216K), 0.0048528 secs]
306.903: Total time for which application threads were stopped: 0.0050064 seconds, Stopping threads took: 0.0000205 seconds
306.966: [GC (Allocation Failure)  904460K->593678K(1033216K), 0.0052604 secs]
306.971: Total time for which application threads were stopped: 0.0054040 seconds, Stopping threads took: 0.0000209 seconds
307.038: [GC (Allocation Failure)  912142K->593678K(1033216K), 0.0055372 secs]
307.044: Total time for which application threads were stopped: 0.0056769 seconds, Stopping threads took: 0.0000176 seconds
307.109: [GC (Allocation Failure)  912142K->594214K(1033216K), 0.0049093 secs]
307.114: Total time for which application threads were stopped: 0.0051020 seconds, Stopping threads took: 0.0000195 seconds
307.180: [GC (Allocation Failure)  912678K->601736K(1033216K), 0.0047462 secs]
307.185: Total time for which application threads were stopped: 0.0049002 seconds, Stopping threads took: 0.0000196 seconds
307.249: [GC (Allocation Failure)  920200K->601672K(1033216K), 0.0049043 secs]
307.254: Total time for which application threads were stopped: 0.0050648 seconds, Stopping threads took: 0.0000175 seconds
307.318: [GC (Allocation Failure)  920136K->601960K(1033216K), 0.0047084 secs]
307.323: Total time for which application threads were stopped: 0.0048692 seconds, Stopping threads took: 0.0000208 seconds
307.389: [GC (Allocation Failure)  920424K->609770K(1033216K), 0.0050367 secs]
307.394: Total time for which application threads were stopped: 0.0052039 seconds, Stopping threads took: 0.0000203 seconds
307.458: [GC (Allocation Failure)  928234K->602024K(1033216K), 0.0020952 secs]
307.460: Total time for which application threads were stopped: 0.0022463 seconds, Stopping threads took: 0.0000216 seconds
307.528: [GC (Allocation Failure)  920488K->609922K(1033216K), 0.0048938 secs]
307.533: Total time for which application threads were stopped: 0.0050749 seconds, Stopping threads took: 0.0000207 seconds
307.600: [GC (Allocation Failure)  928386K->613874K(1033216K), 0.0060516 secs]
307.606: Total time for which application threads were stopped: 0.0062397 seconds, Stopping threads took: 0.0000284 seconds
307.670: [GC (Allocation Failure)  932338K->614576K(1032192K), 0.0052192 secs]
307.675: Total time for which application threads were stopped: 0.0053830 seconds, Stopping threads took: 0.0000204 seconds
307.741: [GC (Allocation Failure)  932016K->613938K(1032704K), 0.0072021 secs]
307.748: Total time for which application threads were stopped: 0.0073673 seconds, Stopping threads took: 0.0000194 seconds
307.817: [GC (Allocation Failure)  931378K->613874K(1033216K), 0.0048097 secs]
307.822: Total time for which application threads were stopped: 0.0049747 seconds, Stopping threads took: 0.0000205 seconds
307.885: [GC (Allocation Failure)  932338K->616682K(1033216K), 0.0052745 secs]
307.890: Total time for which application threads were stopped: 0.0054325 seconds, Stopping threads took: 0.0000193 seconds
307.958: [GC (Allocation Failure)  935146K->621933K(1033728K), 0.0049324 secs]
307.963: Total time for which application threads were stopped: 0.0050843 seconds, Stopping threads took: 0.0000175 seconds
308.031: [GC (Allocation Failure)  941421K->621933K(1033728K), 0.0048871 secs]
308.036: Total time for which application threads were stopped: 0.0050500 seconds, Stopping threads took: 0.0000201 seconds
308.104: [GC (Allocation Failure)  941421K->622821K(1033728K), 0.0052920 secs]
308.110: Total time for which application threads were stopped: 0.0054631 seconds, Stopping threads took: 0.0000197 seconds
308.175: [GC (Allocation Failure)  942309K->629959K(1033728K), 0.0047733 secs]
308.180: Total time for which application threads were stopped: 0.0049686 seconds, Stopping threads took: 0.0000210 seconds
308.249: [GC (Allocation Failure)  949447K->629927K(1033728K), 0.0049095 secs]
308.254: Total time for which application threads were stopped: 0.0050686 seconds, Stopping threads took: 0.0000186 seconds
308.319: [GC (Allocation Failure)  949415K->630055K(1033728K), 0.0049571 secs]
308.324: Total time for which application threads were stopped: 0.0051515 seconds, Stopping threads took: 0.0000203 seconds
308.391: [GC (Allocation Failure)  949543K->638025K(1033728K), 0.0048774 secs]
308.396: Total time for which application threads were stopped: 0.0050556 seconds, Stopping threads took: 0.0000198 seconds
308.463: [GC (Allocation Failure)  957513K->637961K(1033728K), 0.0050039 secs]
308.468: Total time for which application threads were stopped: 0.0051857 seconds, Stopping threads took: 0.0000253 seconds
308.535: [GC (Allocation Failure)  957449K->641353K(1034240K), 0.0057109 secs]
308.540: Total time for which application threads were stopped: 0.0058804 seconds, Stopping threads took: 0.0000198 seconds
308.608: [GC (Allocation Failure)  961353K->646123K(1033728K), 0.0048494 secs]
308.613: Total time for which application threads were stopped: 0.0050200 seconds, Stopping threads took: 0.0000290 seconds
308.679: [GC (Allocation Failure)  966123K->646027K(1034240K), 0.0049927 secs]
308.684: Total time for which application threads were stopped: 0.0051655 seconds, Stopping threads took: 0.0000191 seconds
308.752: [GC (Allocation Failure)  966539K->646507K(1020928K), 0.0050272 secs]
308.757: Total time for which application threads were stopped: 0.0051891 seconds, Stopping threads took: 0.0000199 seconds
308.825: [GC (Allocation Failure)  967019K->654062K(1033728K), 0.0046530 secs]
308.830: Total time for which application threads were stopped: 0.0048190 seconds, Stopping threads took: 0.0000205 seconds
308.897: [GC (Allocation Failure)  973550K->654030K(1033728K), 0.0050220 secs]
308.902: Total time for which application threads were stopped: 0.0052184 seconds, Stopping threads took: 0.0000204 seconds
308.969: [GC (Allocation Failure)  973518K->654734K(1033728K), 0.0051874 secs]
308.975: Total time for which application threads were stopped: 0.0053477 seconds, Stopping threads took: 0.0000193 seconds
309.042: [GC (Allocation Failure)  974222K->662064K(1033728K), 0.0059199 secs]
309.048: Total time for which application threads were stopped: 0.0061251 seconds, Stopping threads took: 0.0000273 seconds
309.115: [GC (Allocation Failure)  981552K->662064K(1033728K), 0.0047684 secs]
309.120: Total time for which application threads were stopped: 0.0049615 seconds, Stopping threads took: 0.0000201 seconds
309.186: [GC (Allocation Failure)  981552K->666056K(1033728K), 0.0058106 secs]
309.192: Total time for which application threads were stopped: 0.0059941 seconds, Stopping threads took: 0.0000171 seconds
309.262: [GC (Allocation Failure)  985544K->670058K(1034240K), 0.0049753 secs]
309.267: Total time for which application threads were stopped: 0.0051273 seconds, Stopping threads took: 0.0000171 seconds
309.334: [GC (Allocation Failure)  990570K->670122K(1034240K), 0.0049363 secs]
309.339: Total time for which application threads were stopped: 0.0051158 seconds, Stopping threads took: 0.0000276 seconds
309.406: [GC (Allocation Failure)  990634K->671178K(1034240K), 0.0051457 secs]
309.411: Total time for which application threads were stopped: 0.0053592 seconds, Stopping threads took: 0.0000488 seconds
309.480: [GC (Allocation Failure)  991690K->678221K(1034240K), 0.0049867 secs]
309.485: Total time for which application threads were stopped: 0.0051608 seconds, Stopping threads took: 0.0000213 seconds
309.552: [GC (Allocation Failure)  998733K->678093K(1034240K), 0.0048844 secs]
309.557: Total time for which application threads were stopped: 0.0050511 seconds, Stopping threads took: 0.0000204 seconds
309.625: [GC (Allocation Failure)  998605K->678373K(1034240K), 0.0050878 secs]
309.630: Total time for which application threads were stopped: 0.0052783 seconds, Stopping threads took: 0.0000268 seconds
309.698: [GC (Allocation Failure)  998885K->686183K(1034240K), 0.0059302 secs]
309.704: Total time for which application threads were stopped: 0.0061035 seconds, Stopping threads took: 0.0000205 seconds
309.773: [GC (Allocation Failure)  1006695K->686151K(1034240K), 0.0052212 secs]
309.779: Total time for which application threads were stopped: 0.0054167 seconds, Stopping threads took: 0.0000200 seconds
309.843: [GC (Allocation Failure)  1006663K->687655K(1034240K), 0.0051701 secs]
309.848: [Full GC (Ergonomics)  687655K->9959K(1034240K), 0.0145583 secs]
309.863: Total time for which application threads were stopped: 0.0199779 seconds, Stopping threads took: 0.0000201 seconds
309.931: [GC (Allocation Failure)  330471K->20745K(1031168K), 0.0045703 secs]
309.936: Total time for which application threads were stopped: 0.0046903 seconds, Stopping threads took: 0.0000171 seconds
310.000: [GC (Allocation Failure)  341257K->20697K(1033216K), 0.0040605 secs]
310.004: Total time for which application threads were stopped: 0.0041956 seconds, Stopping threads took: 0.0000200 seconds
310.069: [GC (Allocation Failure)  339161K->22361K(1033216K), 0.0039236 secs]
310.073: Total time for which application threads were stopped: 0.0041008 seconds, Stopping threads took: 0.0000260 seconds
310.141: [GC (Allocation Failure)  340825K->28763K(1033216K), 0.0036501 secs]
310.145: Total time for which application threads were stopped: 0.0038331 seconds, Stopping threads took: 0.0000201 seconds
310.210: [GC (Allocation Failure)  347227K->28731K(1033216K), 0.0038990 secs]
310.214: Total time for which application threads were stopped: 0.0040761 seconds, Stopping threads took: 0.0000204 seconds
310.276: [GC (Allocation Failure)  347195K->30627K(1033728K), 0.0040061 secs]
310.280: Total time for which application threads were stopped: 0.0041632 seconds, Stopping threads took: 0.0000223 seconds
310.347: [GC (Allocation Failure)  350115K->36774K(1033728K), 0.0034632 secs]
310.351: Total time for which application threads were stopped: 0.0036380 seconds, Stopping threads took: 0.0000192 seconds
310.419: [GC (Allocation Failure)  356262K->36774K(1033728K), 0.0037882 secs]
310.423: Total time for which application threads were stopped: 0.0039623 seconds, Stopping threads took: 0.0000202 seconds
310.488: [GC (Allocation Failure)  356262K->37806K(1033728K), 0.0038052 secs]
310.492: Total time for which application threads were stopped: 0.0039582 seconds, Stopping threads took: 0.0000183 seconds
310.558: [GC (Allocation Failure)  357294K->44848K(1033728K), 0.0037383 secs]
310.562: Total time for which application threads were stopped: 0.0038810 seconds, Stopping threads took: 0.0000170 seconds
310.628: [GC (Allocation Failure)  364336K->44816K(1033728K), 0.0036259 secs]
310.632: Total time for which application threads were stopped: 0.0037713 seconds, Stopping threads took: 0.0000188 seconds
310.694: [GC (Allocation Failure)  364304K->45032K(1033728K), 0.0035738 secs]
310.698: Total time for which application threads were stopped: 0.0037109 seconds, Stopping threads took: 0.0000196 seconds
310.763: [GC (Allocation Failure)  364520K->52906K(1033728K), 0.0036305 secs]
310.767: Total time for which application threads were stopped: 0.0037505 seconds, Stopping threads took: 0.0000164 seconds
310.833: [GC (Allocation Failure)  372394K->52842K(1033728K), 0.0034540 secs]
310.836: Total time for which application threads were stopped: 0.0035828 seconds, Stopping threads took: 0.0000181 seconds
310.900: [GC (Allocation Failure)  372330K->53226K(1033728K), 0.0036739 secs]
310.904: Total time for which application threads were stopped: 0.0038220 seconds, Stopping threads took: 0.0000234 seconds
