Java HotSpot(TM) 64-Bit Server VM (25.171-b11) for linux-amd64 JRE (1.8.0_171-b11), built on Mar 28 2018 17:07:08 by "java_re" with gcc 4.3.0 20080428 (Red Hat 4.3.0-8)
Memory: 4k page, physical 32883000k(29323896k free), swap 8000508k(8000508k free)
CommandLine flags: -XX:InitialHeapSize=1073741824 -XX:MaxHeapSize=1073741824 -XX:+PrintGC -XX:+PrintGCApplicationStoppedTime -XX:+PrintGCTimeStamps -XX:+UseCompressedClassPointers -XX:+UseCompressedOops -XX:+UseParallelGC 
0.286: [GC (Allocation Failure)  262144K->10316K(1005056K), 0.0053585 secs]
0.292: Total time for which application threads were stopped: 0.0055906 seconds, Stopping threads took: 0.0000173 seconds
0.356: [GC (Allocation Failure)  272460K->8649K(1005056K), 0.0035237 secs]
0.359: Total time for which application threads were stopped: 0.0037993 seconds, Stopping threads took: 0.0001005 seconds
0.416: [GC (Allocation Failure)  270793K->8594K(1005056K), 0.0029010 secs]
0.419: Total time for which application threads were stopped: 0.0030723 seconds, Stopping threads took: 0.0000191 seconds
0.476: [GC (Allocation Failure)  270738K->8562K(1005056K), 0.0047414 secs]
0.481: Total time for which application threads were stopped: 0.0049043 seconds, Stopping threads took: 0.0000318 seconds
0.536: [GC (Allocation Failure)  270706K->8658K(1005056K), 0.0032788 secs]
0.539: Total time for which application threads were stopped: 0.0034447 seconds, Stopping threads took: 0.0000263 seconds
0.597: [GC (Allocation Failure)  270802K->8562K(1038336K), 0.0046350 secs]
0.602: Total time for which application threads were stopped: 0.0048054 seconds, Stopping threads took: 0.0000257 seconds
0.679: [GC (Allocation Failure)  336754K->8776K(1037824K), 0.0040321 secs]
0.683: Total time for which application threads were stopped: 0.0042113 seconds, Stopping threads took: 0.0000213 seconds
0.754: [GC (Allocation Failure)  336968K->8584K(1038336K), 0.0036587 secs]
0.758: Total time for which application threads were stopped: 0.0038055 seconds, Stopping threads took: 0.0000168 seconds
0.828: [GC (Allocation Failure)  337288K->8584K(1038336K), 0.0038098 secs]
0.831: Total time for which application threads were stopped: 0.0039691 seconds, Stopping threads took: 0.0000196 seconds
0.900: [GC (Allocation Failure)  337288K->10504K(1037312K), 0.0033262 secs]
0.903: Total time for which application threads were stopped: 0.0034941 seconds, Stopping threads took: 0.0000201 seconds
0.972: [GC (Allocation Failure)  338184K->8584K(1037824K), 0.0044262 secs]
0.976: Total time for which application threads were stopped: 0.0046006 seconds, Stopping threads took: 0.0000208 seconds
1.045: [GC (Allocation Failure)  336264K->8584K(1037824K), 0.0042983 secs]
1.049: Total time for which application threads were stopped: 0.0044896 seconds, Stopping threads took: 0.0000265 seconds
1.118: [GC (Allocation Failure)  336264K->9736K(1028608K), 0.0042994 secs]
1.122: Total time for which application threads were stopped: 0.0044557 seconds, Stopping threads took: 0.0000197 seconds
1.193: [GC (Allocation Failure)  337416K->16810K(1037312K), 0.0039641 secs]
1.198: Total time for which application threads were stopped: 0.0043101 seconds, Stopping threads took: 0.0000199 seconds
1.267: [GC (Allocation Failure)  342954K->16618K(1036800K), 0.0036255 secs]
1.271: Total time for which application threads were stopped: 0.0037792 seconds, Stopping threads took: 0.0000194 seconds
1.339: [GC (Allocation Failure)  342762K->22184K(1034240K), 0.0064205 secs]
1.345: Total time for which application threads were stopped: 0.0066064 seconds, Stopping threads took: 0.0000189 seconds
1.415: [GC (Allocation Failure)  345768K->19082K(1035776K), 0.0036861 secs]
1.418: Total time for which application threads were stopped: 0.0038390 seconds, Stopping threads took: 0.0000168 seconds
1.486: [GC (Allocation Failure)  342666K->18986K(1036288K), 0.0038421 secs]
1.490: Total time for which application threads were stopped: 0.0040065 seconds, Stopping threads took: 0.0000192 seconds
1.558: [GC (Allocation Failure)  343079K->15112K(1035776K), 0.0023345 secs]
1.560: Total time for which application threads were stopped: 0.0025354 seconds, Stopping threads took: 0.0000201 seconds
1.630: [GC (Allocation Failure)  339208K->19146K(1035776K), 0.0039157 secs]
1.634: Total time for which application threads were stopped: 0.0040931 seconds, Stopping threads took: 0.0000273 seconds
1.703: [GC (Allocation Failure)  342730K->23146K(1035776K), 0.0037618 secs]
1.707: Total time for which application threads were stopped: 0.0039146 seconds, Stopping threads took: 0.0000172 seconds
1.773: [GC (Allocation Failure)  346730K->23114K(1036288K), 0.0035936 secs]
1.777: Total time for which application threads were stopped: 0.0037667 seconds, Stopping threads took: 0.0000191 seconds
1.846: [GC (Allocation Failure)  347210K->23178K(1024000K), 0.0045625 secs]
1.851: Total time for which application threads were stopped: 0.0047379 seconds, Stopping threads took: 0.0000199 seconds
1.920: [GC (Allocation Failure)  347274K->31180K(1035776K), 0.0038035 secs]
1.924: Total time for which application threads were stopped: 0.0039711 seconds, Stopping threads took: 0.0000199 seconds
1.991: [GC (Allocation Failure)  354252K->31180K(1035264K), 0.0038972 secs]
1.995: Total time for which application threads were stopped: 0.0040659 seconds, Stopping threads took: 0.0000205 seconds
2.063: [GC (Allocation Failure)  354252K->31692K(1034752K), 0.0057344 secs]
2.069: Total time for which application threads were stopped: 0.0058786 seconds, Stopping threads took: 0.0000176 seconds
2.137: [GC (Allocation Failure)  354252K->39150K(1035264K), 0.0036260 secs]
2.140: Total time for which application threads were stopped: 0.0037928 seconds, Stopping threads took: 0.0000255 seconds
2.209: [GC (Allocation Failure)  361710K->39150K(1035264K), 0.0037407 secs]
2.213: Total time for which application threads were stopped: 0.0039135 seconds, Stopping threads took: 0.0000264 seconds
2.280: [GC (Allocation Failure)  361710K->39438K(1022464K), 0.0046643 secs]
2.284: Total time for which application threads were stopped: 0.0048303 seconds, Stopping threads took: 0.0000200 seconds
2.352: [GC (Allocation Failure)  361998K->47281K(1034752K), 0.0039202 secs]
2.356: Total time for which application threads were stopped: 0.0040836 seconds, Stopping threads took: 0.0000199 seconds
2.423: [GC (Allocation Failure)  368817K->47217K(1034752K), 0.0037646 secs]
2.427: Total time for which application threads were stopped: 0.0039381 seconds, Stopping threads took: 0.0000199 seconds
2.492: [GC (Allocation Failure)  368753K->47273K(1034752K), 0.0043495 secs]
2.496: Total time for which application threads were stopped: 0.0045150 seconds, Stopping threads took: 0.0000203 seconds
2.564: [GC (Allocation Failure)  368809K->55243K(1034752K), 0.0038707 secs]
2.568: Total time for which application threads were stopped: 0.0040691 seconds, Stopping threads took: 0.0000276 seconds
2.638: [GC (Allocation Failure)  376779K->55243K(1034752K), 0.0036197 secs]
2.642: Total time for which application threads were stopped: 0.0038102 seconds, Stopping threads took: 0.0000256 seconds
2.709: [GC (Allocation Failure)  376779K->55371K(1021440K), 0.0047136 secs]
2.713: Total time for which application threads were stopped: 0.0048921 seconds, Stopping threads took: 0.0000200 seconds
2.781: [GC (Allocation Failure)  376907K->63309K(1034240K), 0.0038387 secs]
2.785: Total time for which application threads were stopped: 0.0040129 seconds, Stopping threads took: 0.0000215 seconds
2.852: [GC (Allocation Failure)  383821K->63277K(1034240K), 0.0036470 secs]
2.856: Total time for which application threads were stopped: 0.0038063 seconds, Stopping threads took: 0.0000213 seconds
2.924: [GC (Allocation Failure)  383789K->63629K(1034240K), 0.0046089 secs]
2.929: Total time for which application threads were stopped: 0.0047571 seconds, Stopping threads took: 0.0000166 seconds
2.997: [GC (Allocation Failure)  384141K->71343K(1034240K), 0.0037655 secs]
3.001: Total time for which application threads were stopped: 0.0039391 seconds, Stopping threads took: 0.0000222 seconds
3.069: [GC (Allocation Failure)  391855K->71311K(1034240K), 0.0037361 secs]
3.073: Total time for which application threads were stopped: 0.0038976 seconds, Stopping threads took: 0.0000174 seconds
3.141: [GC (Allocation Failure)  391823K->71855K(1020928K), 0.0046170 secs]
3.145: Total time for which application threads were stopped: 0.0048078 seconds, Stopping threads took: 0.0000196 seconds
3.215: [GC (Allocation Failure)  392367K->79378K(1033728K), 0.0036516 secs]
3.219: Total time for which application threads were stopped: 0.0038300 seconds, Stopping threads took: 0.0000163 seconds
3.286: [GC (Allocation Failure)  398866K->79346K(1033728K), 0.0037887 secs]
3.290: Total time for which application threads were stopped: 0.0039430 seconds, Stopping threads took: 0.0000169 seconds
3.354: [GC (Allocation Failure)  398834K->79562K(1033728K), 0.0046866 secs]
3.359: Total time for which application threads were stopped: 0.0048512 seconds, Stopping threads took: 0.0000197 seconds
3.426: [GC (Allocation Failure)  399050K->87404K(1033728K), 0.0037937 secs]
3.430: Total time for which application threads were stopped: 0.0039609 seconds, Stopping threads took: 0.0000205 seconds
3.498: [GC (Allocation Failure)  406892K->87340K(1033728K), 0.0038112 secs]
3.502: Total time for which application threads were stopped: 0.0039686 seconds, Stopping threads took: 0.0000199 seconds
3.567: [GC (Allocation Failure)  406828K->87532K(1033728K), 0.0049316 secs]
3.572: Total time for which application threads were stopped: 0.0050838 seconds, Stopping threads took: 0.0000191 seconds
3.640: [GC (Allocation Failure)  407020K->95406K(1033728K), 0.0038621 secs]
3.643: Total time for which application threads were stopped: 0.0040236 seconds, Stopping threads took: 0.0000201 seconds
3.711: [GC (Allocation Failure)  414894K->95374K(1033728K), 0.0037497 secs]
3.715: Total time for which application threads were stopped: 0.0039174 seconds, Stopping threads took: 0.0000198 seconds
3.781: [GC (Allocation Failure)  414862K->95502K(1032704K), 0.0045507 secs]
3.785: Total time for which application threads were stopped: 0.0047089 seconds, Stopping threads took: 0.0000190 seconds
3.852: [GC (Allocation Failure)  413966K->103473K(1033216K), 0.0036859 secs]
3.856: Total time for which application threads were stopped: 0.0038754 seconds, Stopping threads took: 0.0000196 seconds
3.923: [GC (Allocation Failure)  421936K->99534K(1034240K), 0.0024927 secs]
3.926: Total time for which application threads were stopped: 0.0026352 seconds, Stopping threads took: 0.0000172 seconds
3.994: [GC (Allocation Failure)  419022K->103601K(1033216K), 0.0043038 secs]
3.998: Total time for which application threads were stopped: 0.0044911 seconds, Stopping threads took: 0.0000196 seconds
4.060: Total time for which application threads were stopped: 0.0001250 seconds, Stopping threads took: 0.0000585 seconds
4.069: [GC (Allocation Failure)  423089K->107601K(1034752K), 0.0039818 secs]
4.073: Total time for which application threads were stopped: 0.0041411 seconds, Stopping threads took: 0.0000167 seconds
4.140: [GC (Allocation Failure)  429137K->100782K(1034752K), 0.0011395 secs]
4.141: Total time for which application threads were stopped: 0.0012716 seconds, Stopping threads took: 0.0000197 seconds
4.209: [GC (Allocation Failure)  422318K->107601K(1034752K), 0.0037257 secs]
4.212: Total time for which application threads were stopped: 0.0038875 seconds, Stopping threads took: 0.0000198 seconds
4.279: [GC (Allocation Failure)  429137K->111673K(1034752K), 0.0049467 secs]
4.284: Total time for which application threads were stopped: 0.0051038 seconds, Stopping threads took: 0.0000199 seconds
4.350: [GC (Allocation Failure)  433209K->106166K(1034752K), 0.0016527 secs]
4.352: Total time for which application threads were stopped: 0.0017891 seconds, Stopping threads took: 0.0000188 seconds
4.419: [GC (Allocation Failure)  427702K->111977K(1034752K), 0.0041090 secs]
4.423: Total time for which application threads were stopped: 0.0042720 seconds, Stopping threads took: 0.0000197 seconds
4.490: [GC (Allocation Failure)  433513K->115889K(1034752K), 0.0041847 secs]
4.494: Total time for which application threads were stopped: 0.0043438 seconds, Stopping threads took: 0.0000197 seconds
4.561: [GC (Allocation Failure)  438377K->111982K(1035264K), 0.0026081 secs]
4.563: Total time for which application threads were stopped: 0.0027809 seconds, Stopping threads took: 0.0000203 seconds
4.633: [GC (Allocation Failure)  434542K->116017K(1036288K), 0.0041385 secs]
4.638: Total time for which application threads were stopped: 0.0043216 seconds, Stopping threads took: 0.0000268 seconds
4.705: [GC (Allocation Failure)  440113K->119985K(1035776K), 0.0038982 secs]
4.709: Total time for which application threads were stopped: 0.0040621 seconds, Stopping threads took: 0.0000219 seconds
4.778: [GC (Allocation Failure)  444081K->119985K(1035776K), 0.0041164 secs]
4.783: Total time for which application threads were stopped: 0.0043023 seconds, Stopping threads took: 0.0000195 seconds
4.852: [GC (Allocation Failure)  443569K->120041K(1023488K), 0.0045768 secs]
4.857: Total time for which application threads were stopped: 0.0047665 seconds, Stopping threads took: 0.0000204 seconds
4.925: [GC (Allocation Failure)  443625K->128043K(1035264K), 0.0038560 secs]
4.929: Total time for which application threads were stopped: 0.0040238 seconds, Stopping threads took: 0.0000199 seconds
4.998: [GC (Allocation Failure)  450603K->127979K(1030144K), 0.0036353 secs]
5.002: Total time for which application threads were stopped: 0.0038021 seconds, Stopping threads took: 0.0000192 seconds
5.070: [GC (Allocation Failure)  450539K->128075K(1034752K), 0.0048010 secs]
5.075: Total time for which application threads were stopped: 0.0049770 seconds, Stopping threads took: 0.0000166 seconds
5.143: [GC (Allocation Failure)  449611K->136045K(1034752K), 0.0040136 secs]
5.147: Total time for which application threads were stopped: 0.0041790 seconds, Stopping threads took: 0.0000192 seconds
5.215: [GC (Allocation Failure)  457581K->136045K(1033728K), 0.0036911 secs]
5.219: Total time for which application threads were stopped: 0.0038597 seconds, Stopping threads took: 0.0000200 seconds
5.287: [GC (Allocation Failure)  456557K->136301K(1034240K), 0.0046799 secs]
5.292: Total time for which application threads were stopped: 0.0048561 seconds, Stopping threads took: 0.0000209 seconds
5.359: [GC (Allocation Failure)  456813K->144111K(1034240K), 0.0038295 secs]
5.363: Total time for which application threads were stopped: 0.0039960 seconds, Stopping threads took: 0.0000200 seconds
5.431: [GC (Allocation Failure)  464623K->144079K(1034240K), 0.0040023 secs]
5.435: Total time for which application threads were stopped: 0.0041814 seconds, Stopping threads took: 0.0000199 seconds
5.501: [GC (Allocation Failure)  464591K->144495K(1033216K), 0.0048101 secs]
5.506: Total time for which application threads were stopped: 0.0049700 seconds, Stopping threads took: 0.0000206 seconds
5.573: [GC (Allocation Failure)  463983K->152082K(1033728K), 0.0046848 secs]
5.578: Total time for which application threads were stopped: 0.0048579 seconds, Stopping threads took: 0.0000263 seconds
5.645: [GC (Allocation Failure)  471570K->152146K(1033728K), 0.0039594 secs]
5.649: Total time for which application threads were stopped: 0.0041383 seconds, Stopping threads took: 0.0000193 seconds
5.714: [GC (Allocation Failure)  471634K->152242K(1033728K), 0.0055263 secs]
5.719: Total time for which application threads were stopped: 0.0056968 seconds, Stopping threads took: 0.0000204 seconds
5.787: [GC (Allocation Failure)  471730K->160212K(1033728K), 0.0038965 secs]
5.791: Total time for which application threads were stopped: 0.0040659 seconds, Stopping threads took: 0.0000207 seconds
5.857: [GC (Allocation Failure)  479700K->160148K(1033728K), 0.0038119 secs]
5.861: Total time for which application threads were stopped: 0.0039806 seconds, Stopping threads took: 0.0000202 seconds
5.928: [GC (Allocation Failure)  479636K->160212K(1033728K), 0.0066175 secs]
5.934: Total time for which application threads were stopped: 0.0067748 seconds, Stopping threads took: 0.0000194 seconds
6.002: [GC (Allocation Failure)  479700K->168182K(1027072K), 0.0040188 secs]
6.006: Total time for which application threads were stopped: 0.0042209 seconds, Stopping threads took: 0.0000218 seconds
6.071: [GC (Allocation Failure)  487670K->164276K(1034240K), 0.0029439 secs]
6.074: Total time for which application threads were stopped: 0.0030971 seconds, Stopping threads took: 0.0000181 seconds
6.142: [GC (Allocation Failure)  483764K->168334K(1033216K), 0.0044179 secs]
6.146: Total time for which application threads were stopped: 0.0045908 seconds, Stopping threads took: 0.0000264 seconds
6.213: [GC (Allocation Failure)  487822K->172334K(1034752K), 0.0045977 secs]
6.218: Total time for which application threads were stopped: 0.0047836 seconds, Stopping threads took: 0.0000194 seconds
6.286: [GC (Allocation Failure)  493870K->165516K(1034752K), 0.0013892 secs]
6.288: Total time for which application threads were stopped: 0.0015090 seconds, Stopping threads took: 0.0000188 seconds
6.357: [GC (Allocation Failure)  487052K->172374K(1034752K), 0.0038223 secs]
6.361: Total time for which application threads were stopped: 0.0039788 seconds, Stopping threads took: 0.0000188 seconds
6.427: [GC (Allocation Failure)  493910K->176454K(1034752K), 0.0051312 secs]
6.433: Total time for which application threads were stopped: 0.0052954 seconds, Stopping threads took: 0.0000280 seconds
6.498: [GC (Allocation Failure)  497990K->170916K(1034752K), 0.0019216 secs]
6.500: Total time for which application threads were stopped: 0.0020942 seconds, Stopping threads took: 0.0000188 seconds
6.569: [GC (Allocation Failure)  492452K->176718K(1034752K), 0.0042165 secs]
6.574: Total time for which application threads were stopped: 0.0043709 seconds, Stopping threads took: 0.0000195 seconds
6.641: [GC (Allocation Failure)  498254K->180590K(1034752K), 0.0044108 secs]
6.645: Total time for which application threads were stopped: 0.0045827 seconds, Stopping threads took: 0.0000202 seconds
6.714: [GC (Allocation Failure)  503078K->176652K(1035264K), 0.0026866 secs]
6.717: Total time for which application threads were stopped: 0.0028450 seconds, Stopping threads took: 0.0000172 seconds
6.786: [GC (Allocation Failure)  499212K->180750K(1036288K), 0.0045123 secs]
6.791: Total time for which application threads were stopped: 0.0047077 seconds, Stopping threads took: 0.0000199 seconds
6.859: [GC (Allocation Failure)  504846K->184718K(1035776K), 0.0038497 secs]
6.863: Total time for which application threads were stopped: 0.0040437 seconds, Stopping threads took: 0.0000222 seconds
6.933: [GC (Allocation Failure)  508814K->184718K(1035776K), 0.0038139 secs]
6.936: Total time for which application threads were stopped: 0.0039811 seconds, Stopping threads took: 0.0000198 seconds
7.006: [GC (Allocation Failure)  508302K->184782K(1023488K), 0.0048688 secs]
7.011: Total time for which application threads were stopped: 0.0050590 seconds, Stopping threads took: 0.0000193 seconds
7.079: [GC (Allocation Failure)  508366K->192752K(1035264K), 0.0040847 secs]
7.084: Total time for which application threads were stopped: 0.0042631 seconds, Stopping threads took: 0.0000172 seconds
7.153: [GC (Allocation Failure)  515312K->192752K(1030144K), 0.0039084 secs]
7.157: Total time for which application threads were stopped: 0.0040613 seconds, Stopping threads took: 0.0000196 seconds
7.227: [GC (Allocation Failure)  515312K->192808K(1034752K), 0.0048210 secs]
7.232: Total time for which application threads were stopped: 0.0049857 seconds, Stopping threads took: 0.0000267 seconds
7.300: [GC (Allocation Failure)  514344K->200747K(1034752K), 0.0040431 secs]
7.304: Total time for which application threads were stopped: 0.0042357 seconds, Stopping threads took: 0.0000199 seconds
7.373: [GC (Allocation Failure)  522283K->200779K(1033728K), 0.0036995 secs]
7.377: Total time for which application threads were stopped: 0.0038768 seconds, Stopping threads took: 0.0000169 seconds
7.445: [GC (Allocation Failure)  521291K->201035K(1034240K), 0.0049123 secs]
7.450: Total time for which application threads were stopped: 0.0051103 seconds, Stopping threads took: 0.0000199 seconds
7.517: [GC (Allocation Failure)  521547K->208845K(1034240K), 0.0038257 secs]
7.521: Total time for which application threads were stopped: 0.0039775 seconds, Stopping threads took: 0.0000189 seconds
7.589: [GC (Allocation Failure)  529357K->208845K(1034240K), 0.0040404 secs]
7.593: Total time for which application threads were stopped: 0.0042463 seconds, Stopping threads took: 0.0000277 seconds
7.662: [GC (Allocation Failure)  529357K->209253K(1033216K), 0.0047911 secs]
7.666: Total time for which application threads were stopped: 0.0049599 seconds, Stopping threads took: 0.0000318 seconds
7.734: [GC (Allocation Failure)  528741K->216871K(1033728K), 0.0041200 secs]
7.738: Total time for which application threads were stopped: 0.0042877 seconds, Stopping threads took: 0.0000201 seconds
7.807: [GC (Allocation Failure)  536359K->216839K(1033728K), 0.0040844 secs]
7.811: Total time for which application threads were stopped: 0.0042493 seconds, Stopping threads took: 0.0000194 seconds
7.876: [GC (Allocation Failure)  536327K->216999K(1033728K), 0.0049444 secs]
7.882: Total time for which application threads were stopped: 0.0051026 seconds, Stopping threads took: 0.0000198 seconds
7.949: [GC (Allocation Failure)  536487K->224905K(1033728K), 0.0038924 secs]
7.953: Total time for which application threads were stopped: 0.0040632 seconds, Stopping threads took: 0.0000207 seconds
8.022: [GC (Allocation Failure)  544393K->224873K(1033728K), 0.0040719 secs]
8.026: Total time for which application threads were stopped: 0.0042467 seconds, Stopping threads took: 0.0000199 seconds
8.096: [GC (Allocation Failure)  544361K->224937K(1033728K), 0.0047670 secs]
8.100: Total time for which application threads were stopped: 0.0049161 seconds, Stopping threads took: 0.0000174 seconds
8.167: [GC (Allocation Failure)  544425K->232876K(1027072K), 0.0043012 secs]
8.171: Total time for which application threads were stopped: 0.0044584 seconds, Stopping threads took: 0.0000200 seconds
8.238: [GC (Allocation Failure)  552363K->229033K(1034240K), 0.0030589 secs]
8.241: Total time for which application threads were stopped: 0.0032204 seconds, Stopping threads took: 0.0000191 seconds
8.308: [GC (Allocation Failure)  548521K->233068K(1033216K), 0.0044992 secs]
8.313: Total time for which application threads were stopped: 0.0046953 seconds, Stopping threads took: 0.0000215 seconds
8.382: [GC (Allocation Failure)  552556K->237004K(1034752K), 0.0040952 secs]
8.386: Total time for which application threads were stopped: 0.0042472 seconds, Stopping threads took: 0.0000166 seconds
8.453: [GC (Allocation Failure)  558540K->230249K(1034752K), 0.0014639 secs]
8.454: Total time for which application threads were stopped: 0.0015894 seconds, Stopping threads took: 0.0000197 seconds
8.522: [GC (Allocation Failure)  551785K->237132K(1034752K), 0.0040800 secs]
8.526: Total time for which application threads were stopped: 0.0042482 seconds, Stopping threads took: 0.0000190 seconds
8.592: [GC (Allocation Failure)  558668K->241212K(1034752K), 0.0048824 secs]
8.597: Total time for which application threads were stopped: 0.0050449 seconds, Stopping threads took: 0.0000267 seconds
8.664: [GC (Allocation Failure)  562748K->235641K(1034752K), 0.0020891 secs]
8.666: Total time for which application threads were stopped: 0.0022512 seconds, Stopping threads took: 0.0000253 seconds
8.733: [GC (Allocation Failure)  557177K->241484K(1034752K), 0.0041639 secs]
8.737: Total time for which application threads were stopped: 0.0043262 seconds, Stopping threads took: 0.0000201 seconds
8.805: [GC (Allocation Failure)  563020K->245292K(1035264K), 0.0046047 secs]
8.809: Total time for which application threads were stopped: 0.0047651 seconds, Stopping threads took: 0.0000202 seconds
8.877: [GC (Allocation Failure)  567780K->241417K(1035264K), 0.0027896 secs]
8.879: Total time for which application threads were stopped: 0.0029475 seconds, Stopping threads took: 0.0000203 seconds
8.948: [GC (Allocation Failure)  563977K->245452K(1036288K), 0.0044298 secs]
8.952: Total time for which application threads were stopped: 0.0046061 seconds, Stopping threads took: 0.0000204 seconds
9.021: [GC (Allocation Failure)  569548K->249484K(1035776K), 0.0040904 secs]
9.025: Total time for which application threads were stopped: 0.0042480 seconds, Stopping threads took: 0.0000193 seconds
9.097: [GC (Allocation Failure)  573580K->249484K(1035776K), 0.0038833 secs]
9.101: Total time for which application threads were stopped: 0.0040411 seconds, Stopping threads took: 0.0000192 seconds
9.170: [GC (Allocation Failure)  573068K->249516K(1023488K), 0.0048482 secs]
9.175: Total time for which application threads were stopped: 0.0050290 seconds, Stopping threads took: 0.0000204 seconds
9.243: [GC (Allocation Failure)  573100K->257518K(1035264K), 0.0042228 secs]
9.247: Total time for which application threads were stopped: 0.0043930 seconds, Stopping threads took: 0.0000203 seconds
9.316: [GC (Allocation Failure)  580078K->257486K(1030144K), 0.0039785 secs]
9.320: Total time for which application threads were stopped: 0.0041478 seconds, Stopping threads took: 0.0000205 seconds
9.387: [GC (Allocation Failure)  580046K->257550K(1034752K), 0.0050449 secs]
9.392: Total time for which application threads were stopped: 0.0052113 seconds, Stopping threads took: 0.0000205 seconds
9.459: [GC (Allocation Failure)  579086K->265520K(1029120K), 0.0043412 secs]
9.464: Total time for which application threads were stopped: 0.0045093 seconds, Stopping threads took: 0.0000196 seconds
9.533: [GC (Allocation Failure)  587056K->265552K(1034240K), 0.0041035 secs]
9.537: Total time for which application threads were stopped: 0.0042704 seconds, Stopping threads took: 0.0000201 seconds
9.604: [GC (Allocation Failure)  586064K->265768K(1034240K), 0.0048413 secs]
9.609: Total time for which application threads were stopped: 0.0050092 seconds, Stopping threads took: 0.0000287 seconds
9.676: [GC (Allocation Failure)  586280K->273578K(1034240K), 0.0041645 secs]
9.681: Total time for which application threads were stopped: 0.0043243 seconds, Stopping threads took: 0.0000196 seconds
9.748: [GC (Allocation Failure)  594090K->273514K(1034240K), 0.0054387 secs]
9.754: Total time for which application threads were stopped: 0.0056024 seconds, Stopping threads took: 0.0000190 seconds
9.821: [GC (Allocation Failure)  594026K->273994K(1033216K), 0.0049218 secs]
9.826: Total time for which application threads were stopped: 0.0050770 seconds, Stopping threads took: 0.0000193 seconds
9.895: [GC (Allocation Failure)  593482K->281581K(1033728K), 0.0042377 secs]
9.900: Total time for which application threads were stopped: 0.0043848 seconds, Stopping threads took: 0.0000169 seconds
9.967: [GC (Allocation Failure)  601069K->281613K(1033728K), 0.0039902 secs]
9.971: Total time for which application threads were stopped: 0.0041624 seconds, Stopping threads took: 0.0000275 seconds
10.036: [GC (Allocation Failure)  601101K->281733K(1033728K), 0.0049947 secs]
10.041: Total time for which application threads were stopped: 0.0051619 seconds, Stopping threads took: 0.0000188 seconds
10.110: [GC (Allocation Failure)  601221K->289607K(1033728K), 0.0041301 secs]
10.114: Total time for which application threads were stopped: 0.0043268 seconds, Stopping threads took: 0.0000263 seconds
10.183: [GC (Allocation Failure)  609095K->289639K(1033728K), 0.0041541 secs]
10.187: Total time for which application threads were stopped: 0.0043010 seconds, Stopping threads took: 0.0000169 seconds
10.254: [GC (Allocation Failure)  609127K->289671K(1033728K), 0.0051244 secs]
10.260: Total time for which application threads were stopped: 0.0052864 seconds, Stopping threads took: 0.0000253 seconds
10.328: [GC (Allocation Failure)  609159K->297641K(1027072K), 0.0043135 secs]
10.332: Total time for which application threads were stopped: 0.0044715 seconds, Stopping threads took: 0.0000197 seconds
10.397: [GC (Allocation Failure)  617129K->293735K(1034240K), 0.0031160 secs]
10.400: Total time for which application threads were stopped: 0.0032935 seconds, Stopping threads took: 0.0000187 seconds
10.467: [GC (Allocation Failure)  613223K->297801K(1033216K), 0.0045466 secs]
10.472: Total time for which application threads were stopped: 0.0047119 seconds, Stopping threads took: 0.0000192 seconds
10.539: [GC (Allocation Failure)  617289K->301769K(1034752K), 0.0042371 secs]
10.543: Total time for which application threads were stopped: 0.0044058 seconds, Stopping threads took: 0.0000197 seconds
10.610: [GC (Allocation Failure)  623305K->294983K(1034752K), 0.0015841 secs]
10.612: Total time for which application threads were stopped: 0.0017221 seconds, Stopping threads took: 0.0000261 seconds
10.678: [GC (Allocation Failure)  616519K->301873K(1034752K), 0.0043416 secs]
10.683: Total time for which application threads were stopped: 0.0045417 seconds, Stopping threads took: 0.0000220 seconds
10.751: [GC (Allocation Failure)  623409K->305921K(1034752K), 0.0051133 secs]
10.756: Total time for which application threads were stopped: 0.0052931 seconds, Stopping threads took: 0.0000168 seconds
10.823: [GC (Allocation Failure)  627457K->300351K(1034752K), 0.0020545 secs]
10.825: Total time for which application threads were stopped: 0.0021874 seconds, Stopping threads took: 0.0000160 seconds
10.892: [GC (Allocation Failure)  621887K->306225K(1034752K), 0.0042792 secs]
10.897: Total time for which application threads were stopped: 0.0044441 seconds, Stopping threads took: 0.0000191 seconds
10.964: [GC (Allocation Failure)  627761K->310097K(1035264K), 0.0046820 secs]
10.969: Total time for which application threads were stopped: 0.0048530 seconds, Stopping threads took: 0.0000202 seconds
11.037: [GC (Allocation Failure)  632586K->306159K(1035264K), 0.0030504 secs]
11.040: Total time for which application threads were stopped: 0.0032197 seconds, Stopping threads took: 0.0000195 seconds
11.110: [GC (Allocation Failure)  628719K->310225K(1036288K), 0.0044216 secs]
11.114: Total time for which application threads were stopped: 0.0045759 seconds, Stopping threads took: 0.0000255 seconds
11.184: [GC (Allocation Failure)  634321K->314193K(1035776K), 0.0043105 secs]
11.188: Total time for which application threads were stopped: 0.0044771 seconds, Stopping threads took: 0.0000196 seconds
11.257: [GC (Allocation Failure)  638289K->314225K(1035776K), 0.0041663 secs]
11.262: Total time for which application threads were stopped: 0.0043473 seconds, Stopping threads took: 0.0000204 seconds
11.330: [GC (Allocation Failure)  637809K->314281K(1023488K), 0.0051256 secs]
11.335: Total time for which application threads were stopped: 0.0053187 seconds, Stopping threads took: 0.0000198 seconds
11.403: [GC (Allocation Failure)  637865K->322252K(1035264K), 0.0043605 secs]
11.407: Total time for which application threads were stopped: 0.0045207 seconds, Stopping threads took: 0.0000197 seconds
11.475: [GC (Allocation Failure)  644812K->322220K(1030144K), 0.0041093 secs]
11.479: Total time for which application threads were stopped: 0.0043005 seconds, Stopping threads took: 0.0000196 seconds
11.547: [GC (Allocation Failure)  644780K->322284K(1034752K), 0.0048805 secs]
11.552: Total time for which application threads were stopped: 0.0050285 seconds, Stopping threads took: 0.0000171 seconds
11.621: [GC (Allocation Failure)  643820K->330254K(1029120K), 0.0043332 secs]
11.625: Total time for which application threads were stopped: 0.0045193 seconds, Stopping threads took: 0.0000272 seconds
11.696: [GC (Allocation Failure)  651790K->330254K(1034240K), 0.0040076 secs]
11.700: Total time for which application threads were stopped: 0.0041668 seconds, Stopping threads took: 0.0000193 seconds
11.767: [GC (Allocation Failure)  650766K->330502K(1034240K), 0.0052114 secs]
11.772: Total time for which application threads were stopped: 0.0053701 seconds, Stopping threads took: 0.0000199 seconds
11.840: [GC (Allocation Failure)  651014K->338312K(1034240K), 0.0040378 secs]
11.844: Total time for which application threads were stopped: 0.0042280 seconds, Stopping threads took: 0.0000197 seconds
11.913: [GC (Allocation Failure)  658824K->338280K(1034240K), 0.0051387 secs]
11.919: Total time for which application threads were stopped: 0.0053088 seconds, Stopping threads took: 0.0000193 seconds
11.985: [GC (Allocation Failure)  658792K->338728K(1033216K), 0.0051071 secs]
11.990: Total time for which application threads were stopped: 0.0052731 seconds, Stopping threads took: 0.0000200 seconds
12.058: [GC (Allocation Failure)  658216K->346346K(1033728K), 0.0049219 secs]
12.063: Total time for which application threads were stopped: 0.0051266 seconds, Stopping threads took: 0.0000255 seconds
12.133: [GC (Allocation Failure)  665834K->346346K(1033728K), 0.0041182 secs]
12.137: Total time for which application threads were stopped: 0.0042603 seconds, Stopping threads took: 0.0000158 seconds
12.202: [GC (Allocation Failure)  665834K->346474K(1033728K), 0.0049785 secs]
12.207: Total time for which application threads were stopped: 0.0051250 seconds, Stopping threads took: 0.0000197 seconds
12.276: [GC (Allocation Failure)  665962K->354381K(1033728K), 0.0044110 secs]
12.281: Total time for which application threads were stopped: 0.0045738 seconds, Stopping threads took: 0.0000164 seconds
12.349: [GC (Allocation Failure)  673869K->354349K(1033728K), 0.0041635 secs]
12.353: Total time for which application threads were stopped: 0.0043531 seconds, Stopping threads took: 0.0000190 seconds
12.420: [GC (Allocation Failure)  673837K->354413K(1033728K), 0.0050581 secs]
12.426: Total time for which application threads were stopped: 0.0052467 seconds, Stopping threads took: 0.0000197 seconds
12.493: [GC (Allocation Failure)  673901K->362351K(1027072K), 0.0043243 secs]
12.497: Total time for which application threads were stopped: 0.0044837 seconds, Stopping threads took: 0.0000203 seconds
12.564: [GC (Allocation Failure)  681838K->358509K(1034240K), 0.0033609 secs]
12.567: Total time for which application threads were stopped: 0.0035041 seconds, Stopping threads took: 0.0000168 seconds
12.636: [GC (Allocation Failure)  677997K->362543K(1033216K), 0.0045193 secs]
12.641: Total time for which application threads were stopped: 0.0046779 seconds, Stopping threads took: 0.0000267 seconds
12.708: [GC (Allocation Failure)  682031K->366543K(1034752K), 0.0042993 secs]
12.713: Total time for which application threads were stopped: 0.0044870 seconds, Stopping threads took: 0.0000200 seconds
12.780: [GC (Allocation Failure)  688079K->359725K(1034752K), 0.0017133 secs]
12.782: Total time for which application threads were stopped: 0.0018503 seconds, Stopping threads took: 0.0000192 seconds
12.852: [GC (Allocation Failure)  681261K->366575K(1034752K), 0.0043090 secs]
12.856: Total time for which application threads were stopped: 0.0044618 seconds, Stopping threads took: 0.0000186 seconds
12.922: [GC (Allocation Failure)  688111K->370623K(1034752K), 0.0054285 secs]
12.927: Total time for which application threads were stopped: 0.0055938 seconds, Stopping threads took: 0.0000195 seconds
12.993: [GC (Allocation Failure)  692159K->365085K(1034752K), 0.0023529 secs]
12.995: Total time for which application threads were stopped: 0.0025134 seconds, Stopping threads took: 0.0000199 seconds
13.063: [GC (Allocation Failure)  686621K->370927K(1034752K), 0.0043473 secs]
13.067: Total time for which application threads were stopped: 0.0044925 seconds, Stopping threads took: 0.0000261 seconds
13.134: [GC (Allocation Failure)  692463K->374799K(1034752K), 0.0047201 secs]
13.139: Total time for which application threads were stopped: 0.0049007 seconds, Stopping threads took: 0.0000172 seconds
13.208: [GC (Allocation Failure)  697287K->370925K(1035264K), 0.0031328 secs]
13.211: Total time for which application threads were stopped: 0.0032901 seconds, Stopping threads took: 0.0000196 seconds
13.281: [GC (Allocation Failure)  693485K->374951K(1036288K), 0.0048896 secs]
13.286: Total time for which application threads were stopped: 0.0050581 seconds, Stopping threads took: 0.0000198 seconds
13.353: [GC (Allocation Failure)  699047K->378919K(1035776K), 0.0044101 secs]
13.357: Total time for which application threads were stopped: 0.0045902 seconds, Stopping threads took: 0.0000205 seconds
13.428: [GC (Allocation Failure)  703015K->378887K(1035776K), 0.0045144 secs]
13.433: Total time for which application threads were stopped: 0.0047071 seconds, Stopping threads took: 0.0000198 seconds
13.500: [GC (Allocation Failure)  702471K->378983K(1023488K), 0.0050435 secs]
13.506: Total time for which application threads were stopped: 0.0052527 seconds, Stopping threads took: 0.0000210 seconds
13.572: [GC (Allocation Failure)  702567K->386953K(1035264K), 0.0043015 secs]
13.576: Total time for which application threads were stopped: 0.0044762 seconds, Stopping threads took: 0.0000217 seconds
13.645: [GC (Allocation Failure)  709513K->386953K(1030144K), 0.0044264 secs]
13.649: Total time for which application threads were stopped: 0.0046025 seconds, Stopping threads took: 0.0000261 seconds
13.717: [GC (Allocation Failure)  709513K->387017K(1034752K), 0.0053158 secs]
13.723: Total time for which application threads were stopped: 0.0054846 seconds, Stopping threads took: 0.0000203 seconds
13.790: [GC (Allocation Failure)  708553K->394987K(1034752K), 0.0065254 secs]
13.796: Total time for which application threads were stopped: 0.0067066 seconds, Stopping threads took: 0.0000204 seconds
13.864: [GC (Allocation Failure)  716523K->394987K(1033728K), 0.0043418 secs]
13.869: Total time for which application threads were stopped: 0.0045102 seconds, Stopping threads took: 0.0000198 seconds
13.935: [GC (Allocation Failure)  715499K->395243K(1034240K), 0.0052827 secs]
13.941: Total time for which application threads were stopped: 0.0054433 seconds, Stopping threads took: 0.0000207 seconds
14.008: [GC (Allocation Failure)  715755K->403022K(1034240K), 0.0042047 secs]
14.012: Total time for which application threads were stopped: 0.0043725 seconds, Stopping threads took: 0.0000197 seconds
14.081: [GC (Allocation Failure)  723534K->403054K(1034240K), 0.0046030 secs]
14.086: Total time for which application threads were stopped: 0.0047683 seconds, Stopping threads took: 0.0000198 seconds
14.152: [GC (Allocation Failure)  723566K->403462K(1033216K), 0.0053625 secs]
14.158: Total time for which application threads were stopped: 0.0055160 seconds, Stopping threads took: 0.0000197 seconds
14.225: [GC (Allocation Failure)  722950K->411048K(1033728K), 0.0044557 secs]
14.229: Total time for which application threads were stopped: 0.0046214 seconds, Stopping threads took: 0.0000192 seconds
14.297: [GC (Allocation Failure)  730536K->411048K(1033728K), 0.0042656 secs]
14.301: Total time for which application threads were stopped: 0.0044403 seconds, Stopping threads took: 0.0000192 seconds
14.365: [GC (Allocation Failure)  730536K->411208K(1033728K), 0.0052332 secs]
14.371: Total time for which application threads were stopped: 0.0054011 seconds, Stopping threads took: 0.0000197 seconds
14.438: [GC (Allocation Failure)  730696K->419082K(1033728K), 0.0044330 secs]
14.442: Total time for which application threads were stopped: 0.0046240 seconds, Stopping threads took: 0.0000200 seconds
14.511: [GC (Allocation Failure)  738570K->419082K(1033728K), 0.0045768 secs]
14.516: Total time for which application threads were stopped: 0.0047394 seconds, Stopping threads took: 0.0000202 seconds
14.583: [GC (Allocation Failure)  738570K->419146K(1033728K), 0.0056528 secs]
14.588: Total time for which application threads were stopped: 0.0058455 seconds, Stopping threads took: 0.0000195 seconds
14.656: [GC (Allocation Failure)  738634K->427116K(1027072K), 0.0045748 secs]
14.661: Total time for which application threads were stopped: 0.0047306 seconds, Stopping threads took: 0.0000193 seconds
14.727: [GC (Allocation Failure)  746604K->423210K(1034240K), 0.0033387 secs]
14.731: Total time for which application threads were stopped: 0.0035271 seconds, Stopping threads took: 0.0000192 seconds
14.800: [GC (Allocation Failure)  742698K->427244K(1033216K), 0.0048941 secs]
14.805: Total time for which application threads were stopped: 0.0050485 seconds, Stopping threads took: 0.0000164 seconds
14.872: [GC (Allocation Failure)  746732K->431276K(1034752K), 0.0043372 secs]
14.876: Total time for which application threads were stopped: 0.0045032 seconds, Stopping threads took: 0.0000195 seconds
14.943: [GC (Allocation Failure)  752812K->424458K(1034752K), 0.0019099 secs]
14.944: Total time for which application threads were stopped: 0.0020522 seconds, Stopping threads took: 0.0000190 seconds
15.013: [GC (Allocation Failure)  745994K->431276K(1034752K), 0.0044975 secs]
15.018: Total time for which application threads were stopped: 0.0046648 seconds, Stopping threads took: 0.0000187 seconds
15.085: [GC (Allocation Failure)  752812K->435420K(1034752K), 0.0055464 secs]
15.091: Total time for which application threads were stopped: 0.0057416 seconds, Stopping threads took: 0.0000202 seconds
15.158: [GC (Allocation Failure)  756956K->429850K(1034752K), 0.0023533 secs]
15.161: Total time for which application threads were stopped: 0.0024907 seconds, Stopping threads took: 0.0000168 seconds
15.228: [GC (Allocation Failure)  751386K->435660K(1034752K), 0.0045774 secs]
15.233: Total time for which application threads were stopped: 0.0047535 seconds, Stopping threads took: 0.0000218 seconds
15.302: [GC (Allocation Failure)  757196K->439572K(1034752K), 0.0049622 secs]
15.307: Total time for which application threads were stopped: 0.0051220 seconds, Stopping threads took: 0.0000206 seconds
15.375: [GC (Allocation Failure)  762061K->435634K(1035264K), 0.0031513 secs]
15.378: Total time for which application threads were stopped: 0.0033242 seconds, Stopping threads took: 0.0000192 seconds
15.448: [GC (Allocation Failure)  758194K->439700K(1036288K), 0.0047977 secs]
15.453: Total time for which application threads were stopped: 0.0049642 seconds, Stopping threads took: 0.0000193 seconds
15.521: [GC (Allocation Failure)  763796K->443700K(1035776K), 0.0043959 secs]
15.525: Total time for which application threads were stopped: 0.0045647 seconds, Stopping threads took: 0.0000194 seconds
15.594: [GC (Allocation Failure)  767796K->443700K(1035776K), 0.0044943 secs]
15.599: Total time for which application threads were stopped: 0.0046694 seconds, Stopping threads took: 0.0000261 seconds
15.666: [GC (Allocation Failure)  767284K->443724K(1023488K), 0.0054948 secs]
15.672: Total time for which application threads were stopped: 0.0056651 seconds, Stopping threads took: 0.0000208 seconds
15.739: [GC (Allocation Failure)  767308K->451695K(1035264K), 0.0044078 secs]
15.743: Total time for which application threads were stopped: 0.0046007 seconds, Stopping threads took: 0.0000200 seconds
15.812: [GC (Allocation Failure)  774255K->451695K(1030144K), 0.0043371 secs]
15.817: Total time for which application threads were stopped: 0.0044846 seconds, Stopping threads took: 0.0000172 seconds
15.885: [GC (Allocation Failure)  774255K->451759K(1034752K), 0.0053617 secs]
15.890: Total time for which application threads were stopped: 0.0055386 seconds, Stopping threads took: 0.0000196 seconds
15.958: [GC (Allocation Failure)  773295K->459729K(1029120K), 0.0045144 secs]
15.962: Total time for which application threads were stopped: 0.0046931 seconds, Stopping threads took: 0.0000357 seconds
16.030: [GC (Allocation Failure)  781265K->459729K(1034240K), 0.0045486 secs]
16.035: Total time for which application threads were stopped: 0.0047181 seconds, Stopping threads took: 0.0000201 seconds
16.104: [GC (Allocation Failure)  780241K->459977K(1034240K), 0.0051870 secs]
16.109: Total time for which application threads were stopped: 0.0053555 seconds, Stopping threads took: 0.0000275 seconds
16.177: [GC (Allocation Failure)  780489K->467755K(1034240K), 0.0044101 secs]
16.181: Total time for which application threads were stopped: 0.0045789 seconds, Stopping threads took: 0.0000198 seconds
16.250: [GC (Allocation Failure)  788267K->467755K(1034240K), 0.0045673 secs]
16.254: Total time for which application threads were stopped: 0.0047639 seconds, Stopping threads took: 0.0000395 seconds
16.323: [GC (Allocation Failure)  788267K->468203K(1033216K), 0.0055392 secs]
16.328: Total time for which application threads were stopped: 0.0057076 seconds, Stopping threads took: 0.0000203 seconds
16.395: [GC (Allocation Failure)  787691K->475822K(1033728K), 0.0044688 secs]
16.400: Total time for which application threads were stopped: 0.0046368 seconds, Stopping threads took: 0.0000200 seconds
16.467: [GC (Allocation Failure)  795310K->475790K(1033728K), 0.0045891 secs]
16.472: Total time for which application threads were stopped: 0.0047572 seconds, Stopping threads took: 0.0000202 seconds
16.537: [GC (Allocation Failure)  795278K->475942K(1033728K), 0.0054702 secs]
16.542: Total time for which application threads were stopped: 0.0056275 seconds, Stopping threads took: 0.0000192 seconds
16.609: [GC (Allocation Failure)  795430K->483848K(1033728K), 0.0044114 secs]
16.614: Total time for which application threads were stopped: 0.0045725 seconds, Stopping threads took: 0.0000193 seconds
16.681: [GC (Allocation Failure)  803336K->483816K(1033728K), 0.0045484 secs]
16.686: Total time for which application threads were stopped: 0.0047139 seconds, Stopping threads took: 0.0000268 seconds
16.754: [GC (Allocation Failure)  803304K->483880K(1033728K), 0.0054448 secs]
16.760: Total time for which application threads were stopped: 0.0056096 seconds, Stopping threads took: 0.0000188 seconds
16.827: [GC (Allocation Failure)  803368K->491850K(1027072K), 0.0046938 secs]
16.831: Total time for which application threads were stopped: 0.0048586 seconds, Stopping threads took: 0.0000190 seconds
16.897: [GC (Allocation Failure)  811338K->487912K(1034240K), 0.0067193 secs]
16.903: Total time for which application threads were stopped: 0.0068688 seconds, Stopping threads took: 0.0000190 seconds
16.971: [GC (Allocation Failure)  807400K->492010K(1033216K), 0.0048727 secs]
16.976: Total time for which application threads were stopped: 0.0050470 seconds, Stopping threads took: 0.0000191 seconds
17.046: [GC (Allocation Failure)  811498K->495978K(1034752K), 0.0052413 secs]
17.052: Total time for which application threads were stopped: 0.0054022 seconds, Stopping threads took: 0.0000254 seconds
17.120: [GC (Allocation Failure)  817514K->489192K(1034752K), 0.0018931 secs]
17.122: Total time for which application threads were stopped: 0.0020611 seconds, Stopping threads took: 0.0000275 seconds
17.190: [GC (Allocation Failure)  810728K->496018K(1034752K), 0.0044506 secs]
17.195: Total time for which application threads were stopped: 0.0046192 seconds, Stopping threads took: 0.0000191 seconds
17.261: [GC (Allocation Failure)  817554K->500162K(1034752K), 0.0056319 secs]
17.266: Total time for which application threads were stopped: 0.0058017 seconds, Stopping threads took: 0.0000200 seconds
17.332: [GC (Allocation Failure)  821698K->494592K(1034752K), 0.0026650 secs]
17.334: Total time for which application threads were stopped: 0.0028110 seconds, Stopping threads took: 0.0000194 seconds
17.401: [GC (Allocation Failure)  816128K->500402K(1034752K), 0.0048414 secs]
17.406: Total time for which application threads were stopped: 0.0050249 seconds, Stopping threads took: 0.0000194 seconds
17.474: [GC (Allocation Failure)  821938K->504274K(1034752K), 0.0049588 secs]
17.479: Total time for which application threads were stopped: 0.0051386 seconds, Stopping threads took: 0.0000168 seconds
17.548: [GC (Allocation Failure)  826762K->500400K(1035264K), 0.0032542 secs]
17.551: Total time for which application threads were stopped: 0.0034155 seconds, Stopping threads took: 0.0000256 seconds
17.620: [GC (Allocation Failure)  822960K->504394K(1036288K), 0.0048945 secs]
17.624: Total time for which application threads were stopped: 0.0050544 seconds, Stopping threads took: 0.0000259 seconds
17.692: [GC (Allocation Failure)  828490K->508394K(1035776K), 0.0046733 secs]
17.697: Total time for which application threads were stopped: 0.0048441 seconds, Stopping threads took: 0.0000197 seconds
17.766: [GC (Allocation Failure)  832490K->508426K(1035776K), 0.0044115 secs]
17.771: Total time for which application threads were stopped: 0.0046162 seconds, Stopping threads took: 0.0000202 seconds
17.838: [GC (Allocation Failure)  832010K->508458K(1023488K), 0.0056460 secs]
17.844: Total time for which application threads were stopped: 0.0058129 seconds, Stopping threads took: 0.0000195 seconds
17.910: [GC (Allocation Failure)  832042K->516428K(1035264K), 0.0047751 secs]
17.915: Total time for which application threads were stopped: 0.0049441 seconds, Stopping threads took: 0.0000198 seconds
17.982: [GC (Allocation Failure)  838988K->516428K(1030144K), 0.0045608 secs]
17.987: Total time for which application threads were stopped: 0.0047181 seconds, Stopping threads took: 0.0000197 seconds
18.056: [GC (Allocation Failure)  838988K->516452K(1034752K), 0.0074884 secs]
18.063: Total time for which application threads were stopped: 0.0076868 seconds, Stopping threads took: 0.0000194 seconds
18.131: [GC (Allocation Failure)  837988K->524487K(1029120K), 0.0046483 secs]
18.136: Total time for which application threads were stopped: 0.0048198 seconds, Stopping threads took: 0.0000191 seconds
18.205: [GC (Allocation Failure)  846023K->524423K(1034240K), 0.0044595 secs]
18.209: Total time for which application threads were stopped: 0.0046123 seconds, Stopping threads took: 0.0000250 seconds
18.277: [GC (Allocation Failure)  844935K->524711K(1034240K), 0.0054664 secs]
18.283: Total time for which application threads were stopped: 0.0056231 seconds, Stopping threads took: 0.0000202 seconds
18.350: [GC (Allocation Failure)  845223K->532521K(1034240K), 0.0047242 secs]
18.355: Total time for which application threads were stopped: 0.0048912 seconds, Stopping threads took: 0.0000188 seconds
18.424: [GC (Allocation Failure)  853033K->532489K(1034240K), 0.0047334 secs]
18.429: Total time for which application threads were stopped: 0.0048994 seconds, Stopping threads took: 0.0000193 seconds
18.496: [GC (Allocation Failure)  853001K->532937K(1033216K), 0.0055812 secs]
18.501: Total time for which application threads were stopped: 0.0057540 seconds, Stopping threads took: 0.0000192 seconds
18.568: [GC (Allocation Failure)  852425K->540587K(1033728K), 0.0047087 secs]
18.573: Total time for which application threads were stopped: 0.0048656 seconds, Stopping threads took: 0.0000191 seconds
18.641: [GC (Allocation Failure)  860075K->540555K(1033728K), 0.0044091 secs]
18.645: Total time for which application threads were stopped: 0.0045726 seconds, Stopping threads took: 0.0000194 seconds
18.712: [GC (Allocation Failure)  860043K->540683K(1033728K), 0.0056568 secs]
18.717: Total time for which application threads were stopped: 0.0058501 seconds, Stopping threads took: 0.0000198 seconds
18.786: [GC (Allocation Failure)  860171K->548589K(1033728K), 0.0043962 secs]
18.791: Total time for which application threads were stopped: 0.0045788 seconds, Stopping threads took: 0.0000168 seconds
18.860: [GC (Allocation Failure)  868077K->548557K(1033728K), 0.0047389 secs]
18.864: Total time for which application threads were stopped: 0.0048853 seconds, Stopping threads took: 0.0000168 seconds
18.931: [GC (Allocation Failure)  868045K->548613K(1033728K), 0.0056330 secs]
18.937: Total time for which application threads were stopped: 0.0057991 seconds, Stopping threads took: 0.0000190 seconds
19.004: [GC (Allocation Failure)  868101K->556552K(1027072K), 0.0046694 secs]
19.009: Total time for which application threads were stopped: 0.0048613 seconds, Stopping threads took: 0.0000198 seconds
19.076: [GC (Allocation Failure)  876039K->552677K(1034240K), 0.0037719 secs]
19.080: Total time for which application threads were stopped: 0.0039584 seconds, Stopping threads took: 0.0000185 seconds
19.149: [GC (Allocation Failure)  872165K->556744K(1033216K), 0.0051055 secs]
19.154: Total time for which application threads were stopped: 0.0052913 seconds, Stopping threads took: 0.0000256 seconds
19.223: [GC (Allocation Failure)  876232K->560712K(1034752K), 0.0045687 secs]
19.228: Total time for which application threads were stopped: 0.0047253 seconds, Stopping threads took: 0.0000165 seconds
19.296: [GC (Allocation Failure)  882248K->553957K(1034752K), 0.0022437 secs]
19.298: Total time for which application threads were stopped: 0.0023839 seconds, Stopping threads took: 0.0000191 seconds
19.365: [GC (Allocation Failure)  875493K->560784K(1034752K), 0.0047038 secs]
19.370: Total time for which application threads were stopped: 0.0048855 seconds, Stopping threads took: 0.0000214 seconds
19.435: [GC (Allocation Failure)  882320K->564864K(1034752K), 0.0056704 secs]
19.441: Total time for which application threads were stopped: 0.0058428 seconds, Stopping threads took: 0.0000195 seconds
19.506: [GC (Allocation Failure)  886400K->559325K(1034752K), 0.0026242 secs]
19.509: Total time for which application threads were stopped: 0.0027752 seconds, Stopping threads took: 0.0000192 seconds
19.576: [GC (Allocation Failure)  880861K->565136K(1034752K), 0.0048954 secs]
19.581: Total time for which application threads were stopped: 0.0050711 seconds, Stopping threads took: 0.0000202 seconds
19.649: [GC (Allocation Failure)  886672K->569040K(1034752K), 0.0050199 secs]
19.654: Total time for which application threads were stopped: 0.0051947 seconds, Stopping threads took: 0.0000264 seconds
19.721: [GC (Allocation Failure)  891528K->565101K(1035264K), 0.0035969 secs]
19.724: Total time for which application threads were stopped: 0.0037514 seconds, Stopping threads took: 0.0000189 seconds
19.792: [GC (Allocation Failure)  887661K->569104K(1036288K), 0.0067990 secs]
19.799: Total time for which application threads were stopped: 0.0069561 seconds, Stopping threads took: 0.0000192 seconds
19.866: [GC (Allocation Failure)  893200K->573136K(1035776K), 0.0045039 secs]
19.871: Total time for which application threads were stopped: 0.0046613 seconds, Stopping threads took: 0.0000198 seconds
19.939: [GC (Allocation Failure)  897232K->573168K(1035776K), 0.0045449 secs]
19.944: Total time for which application threads were stopped: 0.0047109 seconds, Stopping threads took: 0.0000192 seconds
20.011: [GC (Allocation Failure)  896752K->573192K(1023488K), 0.0055284 secs]
20.017: Total time for which application threads were stopped: 0.0056962 seconds, Stopping threads took: 0.0000196 seconds
20.084: [GC (Allocation Failure)  896776K->581226K(1035264K), 0.0047867 secs]
20.089: Total time for which application threads were stopped: 0.0049438 seconds, Stopping threads took: 0.0000194 seconds
20.158: [GC (Allocation Failure)  903786K->581162K(1030144K), 0.0045759 secs]
20.163: Total time for which application threads were stopped: 0.0047476 seconds, Stopping threads took: 0.0000282 seconds
20.230: [GC (Allocation Failure)  903722K->581226K(1034752K), 0.0055804 secs]
20.236: Total time for which application threads were stopped: 0.0057443 seconds, Stopping threads took: 0.0000192 seconds
20.304: [GC (Allocation Failure)  902762K->589196K(1029120K), 0.0050168 secs]
20.309: Total time for which application threads were stopped: 0.0051906 seconds, Stopping threads took: 0.0000195 seconds
20.377: [GC (Allocation Failure)  910732K->589196K(1034240K), 0.0045016 secs]
20.381: Total time for which application threads were stopped: 0.0046798 seconds, Stopping threads took: 0.0000204 seconds
20.448: [GC (Allocation Failure)  909708K->589452K(1034240K), 0.0054494 secs]
20.454: Total time for which application threads were stopped: 0.0056309 seconds, Stopping threads took: 0.0000204 seconds
20.522: [GC (Allocation Failure)  909964K->597230K(1034240K), 0.0047587 secs]
20.527: Total time for which application threads were stopped: 0.0049299 seconds, Stopping threads took: 0.0000204 seconds
20.595: [GC (Allocation Failure)  917742K->597230K(1034240K), 0.0046047 secs]
20.600: Total time for which application threads were stopped: 0.0047843 seconds, Stopping threads took: 0.0000191 seconds
20.668: [GC (Allocation Failure)  917742K->597678K(1033216K), 0.0056909 secs]
20.674: Total time for which application threads were stopped: 0.0058534 seconds, Stopping threads took: 0.0000187 seconds
20.741: [GC (Allocation Failure)  917166K->605265K(1033728K), 0.0048673 secs]
20.746: Total time for which application threads were stopped: 0.0050420 seconds, Stopping threads took: 0.0000192 seconds
20.814: [GC (Allocation Failure)  924753K->605265K(1033728K), 0.0046435 secs]
20.819: Total time for which application threads were stopped: 0.0048211 seconds, Stopping threads took: 0.0000202 seconds
20.885: [GC (Allocation Failure)  924753K->605417K(1033728K), 0.0055738 secs]
20.890: Total time for which application threads were stopped: 0.0057350 seconds, Stopping threads took: 0.0000199 seconds
20.957: [GC (Allocation Failure)  924905K->613323K(1033728K), 0.0047699 secs]
20.962: Total time for which application threads were stopped: 0.0049339 seconds, Stopping threads took: 0.0000189 seconds
21.029: [GC (Allocation Failure)  932811K->613291K(1033728K), 0.0049570 secs]
21.034: Total time for which application threads were stopped: 0.0051201 seconds, Stopping threads took: 0.0000191 seconds
21.102: [GC (Allocation Failure)  932779K->613355K(1033728K), 0.0055221 secs]
21.107: Total time for which application threads were stopped: 0.0057005 seconds, Stopping threads took: 0.0000196 seconds
21.174: [GC (Allocation Failure)  932843K->621357K(1027072K), 0.0047801 secs]
21.179: Total time for which application threads were stopped: 0.0049375 seconds, Stopping threads took: 0.0000197 seconds
21.244: [GC (Allocation Failure)  940845K->617419K(1034240K), 0.0039234 secs]
21.248: Total time for which application threads were stopped: 0.0040794 seconds, Stopping threads took: 0.0000197 seconds
21.315: [GC (Allocation Failure)  936907K->621485K(1033216K), 0.0052659 secs]
21.320: Total time for which application threads were stopped: 0.0054583 seconds, Stopping threads took: 0.0000246 seconds
21.387: [GC (Allocation Failure)  940973K->625453K(1034752K), 0.0046665 secs]
21.392: Total time for which application threads were stopped: 0.0048364 seconds, Stopping threads took: 0.0000199 seconds
21.461: [GC (Allocation Failure)  946989K->618667K(1034752K), 0.0023141 secs]
21.463: Total time for which application threads were stopped: 0.0024560 seconds, Stopping threads took: 0.0000201 seconds
21.531: [GC (Allocation Failure)  940203K->625517K(1034752K), 0.0047955 secs]
21.536: Total time for which application threads were stopped: 0.0049537 seconds, Stopping threads took: 0.0000199 seconds
21.603: [GC (Allocation Failure)  947053K->629597K(1034752K), 0.0058482 secs]
21.609: Total time for which application threads were stopped: 0.0060356 seconds, Stopping threads took: 0.0000282 seconds
21.674: [GC (Allocation Failure)  951133K->624027K(1034752K), 0.0029601 secs]
21.678: Total time for which application threads were stopped: 0.0031151 seconds, Stopping threads took: 0.0000197 seconds
21.744: [GC (Allocation Failure)  945563K->629861K(1034752K), 0.0067339 secs]
21.751: Total time for which application threads were stopped: 0.0069136 seconds, Stopping threads took: 0.0000214 seconds
21.819: [GC (Allocation Failure)  951397K->633765K(1034752K), 0.0051485 secs]
21.824: Total time for which application threads were stopped: 0.0053274 seconds, Stopping threads took: 0.0000225 seconds
21.890: [GC (Allocation Failure)  956254K->629827K(1035264K), 0.0036071 secs]
21.894: Total time for which application threads were stopped: 0.0037754 seconds, Stopping threads took: 0.0000202 seconds
21.963: [GC (Allocation Failure)  952387K->633901K(1036288K), 0.0052719 secs]
21.969: Total time for which application threads were stopped: 0.0054426 seconds, Stopping threads took: 0.0000197 seconds
22.036: [GC (Allocation Failure)  957997K->637869K(1035776K), 0.0048238 secs]
22.041: Total time for which application threads were stopped: 0.0050205 seconds, Stopping threads took: 0.0000281 seconds
22.110: [GC (Allocation Failure)  961965K->637869K(1035776K), 0.0045980 secs]
22.115: Total time for which application threads were stopped: 0.0047639 seconds, Stopping threads took: 0.0000286 seconds
22.183: [GC (Allocation Failure)  961453K->637925K(1023488K), 0.0057169 secs]
22.189: Total time for which application threads were stopped: 0.0059027 seconds, Stopping threads took: 0.0000277 seconds
22.255: [GC (Allocation Failure)  961509K->645896K(1035264K), 0.0048085 secs]
22.260: Total time for which application threads were stopped: 0.0049652 seconds, Stopping threads took: 0.0000190 seconds
22.329: [GC (Allocation Failure)  968456K->645896K(1030144K), 0.0048154 secs]
22.334: Total time for which application threads were stopped: 0.0049860 seconds, Stopping threads took: 0.0000195 seconds
22.401: [GC (Allocation Failure)  968456K->645960K(1034752K), 0.0056793 secs]
22.407: Total time for which application threads were stopped: 0.0058450 seconds, Stopping threads took: 0.0000197 seconds
22.475: [GC (Allocation Failure)  967496K->653930K(1034752K), 0.0049691 secs]
22.480: Total time for which application threads were stopped: 0.0051356 seconds, Stopping threads took: 0.0000195 seconds
22.549: [GC (Allocation Failure)  975466K->653898K(1033728K), 0.0047371 secs]
22.553: Total time for which application threads were stopped: 0.0049063 seconds, Stopping threads took: 0.0000192 seconds
22.621: [GC (Allocation Failure)  974410K->654186K(1034240K), 0.0056485 secs]
22.627: Total time for which application threads were stopped: 0.0058150 seconds, Stopping threads took: 0.0000267 seconds
22.695: [GC (Allocation Failure)  974698K->661996K(1034240K), 0.0047811 secs]
22.700: Total time for which application threads were stopped: 0.0049433 seconds, Stopping threads took: 0.0000252 seconds
22.768: [GC (Allocation Failure)  982508K->661964K(1034240K), 0.0048247 secs]
22.773: Total time for which application threads were stopped: 0.0049907 seconds, Stopping threads took: 0.0000195 seconds
22.840: [GC (Allocation Failure)  982476K->662404K(1033216K), 0.0058713 secs]
22.846: Total time for which application threads were stopped: 0.0060382 seconds, Stopping threads took: 0.0000198 seconds
22.914: [GC (Allocation Failure)  981892K->669990K(1033728K), 0.0050433 secs]
22.919: Total time for which application threads were stopped: 0.0052346 seconds, Stopping threads took: 0.0000195 seconds
22.988: [GC (Allocation Failure)  989478K->669990K(1033728K), 0.0048833 secs]
22.993: Total time for which application threads were stopped: 0.0050431 seconds, Stopping threads took: 0.0000190 seconds
23.058: [GC (Allocation Failure)  989478K->670086K(1033728K), 0.0074701 secs]
23.065: Total time for which application threads were stopped: 0.0076769 seconds, Stopping threads took: 0.0000321 seconds
23.133: [GC (Allocation Failure)  989574K->678057K(1033728K), 0.0046430 secs]
23.138: Total time for which application threads were stopped: 0.0048095 seconds, Stopping threads took: 0.0000198 seconds
23.205: [GC (Allocation Failure)  997545K->678025K(1033728K), 0.0049237 secs]
23.210: Total time for which application threads were stopped: 0.0050709 seconds, Stopping threads took: 0.0000166 seconds
23.278: [GC (Allocation Failure)  997513K->678089K(1033728K), 0.0057992 secs]
23.284: Total time for which application threads were stopped: 0.0059622 seconds, Stopping threads took: 0.0000201 seconds
23.351: [GC (Allocation Failure)  997577K->686091K(1027072K), 0.0049342 secs]
23.356: Total time for which application threads were stopped: 0.0050949 seconds, Stopping threads took: 0.0000197 seconds
23.422: [GC (Allocation Failure)  1005578K->682153K(1034240K), 0.0039390 secs]
23.426: Total time for which application threads were stopped: 0.0040986 seconds, Stopping threads took: 0.0000197 seconds
23.493: [GC (Allocation Failure)  1001641K->686219K(1033216K), 0.0051850 secs]
23.499: Total time for which application threads were stopped: 0.0053566 seconds, Stopping threads took: 0.0000192 seconds
23.566: [GC (Allocation Failure)  1005707K->690187K(1034752K), 0.0047602 secs]
23.571: Total time for which application threads were stopped: 0.0049281 seconds, Stopping threads took: 0.0000217 seconds
23.637: [GC (Allocation Failure)  1011723K->683401K(1034752K), 0.0023584 secs]
23.640: Total time for which application threads were stopped: 0.0025227 seconds, Stopping threads took: 0.0000259 seconds
23.709: [GC (Allocation Failure)  1004937K->690251K(1034752K), 0.0047845 secs]
23.714: Total time for which application threads were stopped: 0.0049364 seconds, Stopping threads took: 0.0000170 seconds
23.781: [GC (Allocation Failure)  1011787K->694355K(1034752K), 0.0059835 secs]
23.787: Total time for which application threads were stopped: 0.0061431 seconds, Stopping threads took: 0.0000199 seconds
23.853: [GC (Allocation Failure)  1015891K->688785K(1034752K), 0.0030111 secs]
23.856: Total time for which application threads were stopped: 0.0031783 seconds, Stopping threads took: 0.0000193 seconds
23.923: [GC (Allocation Failure)  1010321K->694587K(1034752K), 0.0050715 secs]
23.929: Total time for which application threads were stopped: 0.0052423 seconds, Stopping threads took: 0.0000209 seconds
23.997: [GC (Allocation Failure)  1016123K->698459K(1035264K), 0.0054224 secs]
24.003: [Full GC (Ergonomics)  698459K->9028K(1035264K), 0.0159461 secs]
24.019: Total time for which application threads were stopped: 0.0216336 seconds, Stopping threads took: 0.0000201 seconds
24.088: [GC (Allocation Failure)  331517K->13220K(1035264K), 0.0023561 secs]
24.091: Total time for which application threads were stopped: 0.0025203 seconds, Stopping threads took: 0.0000205 seconds
24.159: [GC (Allocation Failure)  335780K->17263K(1036288K), 0.0039568 secs]
24.163: Total time for which application threads were stopped: 0.0041236 seconds, Stopping threads took: 0.0000277 seconds
24.231: [GC (Allocation Failure)  341359K->21263K(1035776K), 0.0036414 secs]
24.234: Total time for which application threads were stopped: 0.0038062 seconds, Stopping threads took: 0.0000203 seconds
24.303: [GC (Allocation Failure)  345359K->21263K(1035776K), 0.0033994 secs]
24.307: Total time for which application threads were stopped: 0.0035719 seconds, Stopping threads took: 0.0000191 seconds
24.374: [GC (Allocation Failure)  344847K->21287K(1023488K), 0.0036302 secs]
24.378: Total time for which application threads were stopped: 0.0037938 seconds, Stopping threads took: 0.0000206 seconds
24.444: [GC (Allocation Failure)  344871K->29321K(1035264K), 0.0038908 secs]
24.448: Total time for which application threads were stopped: 0.0040845 seconds, Stopping threads took: 0.0000206 seconds
24.518: [GC (Allocation Failure)  351881K->29257K(1030144K), 0.0034912 secs]
24.521: Total time for which application threads were stopped: 0.0036504 seconds, Stopping threads took: 0.0000167 seconds
24.590: [GC (Allocation Failure)  351817K->29321K(1034752K), 0.0035734 secs]
24.594: Total time for which application threads were stopped: 0.0037619 seconds, Stopping threads took: 0.0000189 seconds
24.662: [GC (Allocation Failure)  350857K->37291K(1029120K), 0.0038048 secs]
24.666: Total time for which application threads were stopped: 0.0039583 seconds, Stopping threads took: 0.0000164 seconds
24.734: [GC (Allocation Failure)  358827K->37323K(1034240K), 0.0035699 secs]
24.738: Total time for which application threads were stopped: 0.0037263 seconds, Stopping threads took: 0.0000196 seconds
24.804: [GC (Allocation Failure)  357835K->37547K(1034240K), 0.0037547 secs]
24.808: Total time for which application threads were stopped: 0.0039135 seconds, Stopping threads took: 0.0000192 seconds
24.876: [GC (Allocation Failure)  358059K->45325K(1034240K), 0.0036689 secs]
24.879: Total time for which application threads were stopped: 0.0038362 seconds, Stopping threads took: 0.0000187 seconds
24.949: [GC (Allocation Failure)  365837K->45357K(1034240K), 0.0038716 secs]
24.953: Total time for which application threads were stopped: 0.0040286 seconds, Stopping threads took: 0.0000195 seconds
25.021: [GC (Allocation Failure)  365869K->45765K(1033216K), 0.0040342 secs]
25.025: Total time for which application threads were stopped: 0.0041969 seconds, Stopping threads took: 0.0000201 seconds
25.096: [GC (Allocation Failure)  365253K->53352K(1033728K), 0.0038445 secs]
25.100: Total time for which application threads were stopped: 0.0040101 seconds, Stopping threads took: 0.0000200 seconds
25.167: [GC (Allocation Failure)  372840K->53384K(1033728K), 0.0037499 secs]
25.171: Total time for which application threads were stopped: 0.0039033 seconds, Stopping threads took: 0.0000189 seconds
25.236: [GC (Allocation Failure)  372872K->53512K(1033728K), 0.0038647 secs]
25.240: Total time for which application threads were stopped: 0.0040260 seconds, Stopping threads took: 0.0000188 seconds
25.308: [GC (Allocation Failure)  373000K->61418K(1033728K), 0.0035939 secs]
25.312: Total time for which application threads were stopped: 0.0037530 seconds, Stopping threads took: 0.0000202 seconds
25.379: [GC (Allocation Failure)  380906K->61386K(1033728K), 0.0037467 secs]
25.383: Total time for which application threads were stopped: 0.0039145 seconds, Stopping threads took: 0.0000204 seconds
25.449: [GC (Allocation Failure)  380874K->61442K(1033728K), 0.0045097 secs]
25.454: Total time for which application threads were stopped: 0.0046651 seconds, Stopping threads took: 0.0000188 seconds
25.521: [GC (Allocation Failure)  380930K->69412K(1027072K), 0.0038948 secs]
25.525: Total time for which application threads were stopped: 0.0040536 seconds, Stopping threads took: 0.0000215 seconds
25.592: [GC (Allocation Failure)  388900K->65506K(1034240K), 0.0025010 secs]
25.595: Total time for which application threads were stopped: 0.0026611 seconds, Stopping threads took: 0.0000171 seconds
25.663: [GC (Allocation Failure)  384994K->69548K(1033216K), 0.0037308 secs]
25.667: Total time for which application threads were stopped: 0.0039256 seconds, Stopping threads took: 0.0000204 seconds
25.735: [GC (Allocation Failure)  389036K->73548K(1034752K), 0.0039537 secs]
25.739: Total time for which application threads were stopped: 0.0041004 seconds, Stopping threads took: 0.0000171 seconds
25.807: [GC (Allocation Failure)  395084K->66762K(1034752K), 0.0010607 secs]
25.808: Total time for which application threads were stopped: 0.0011822 seconds, Stopping threads took: 0.0000194 seconds
25.878: [GC (Allocation Failure)  388298K->73620K(1034752K), 0.0037534 secs]
25.882: Total time for which application threads were stopped: 0.0039105 seconds, Stopping threads took: 0.0000196 seconds
25.948: [GC (Allocation Failure)  395156K->77700K(1034752K), 0.0047689 secs]
25.953: Total time for which application threads were stopped: 0.0049241 seconds, Stopping threads took: 0.0000187 seconds
26.018: [GC (Allocation Failure)  399236K->72162K(1034752K), 0.0016342 secs]
26.020: Total time for which application threads were stopped: 0.0017764 seconds, Stopping threads took: 0.0000193 seconds
26.088: [GC (Allocation Failure)  393698K->78004K(1034752K), 0.0039289 secs]
26.092: Total time for which application threads were stopped: 0.0040871 seconds, Stopping threads took: 0.0000197 seconds
26.162: [GC (Allocation Failure)  399540K->81844K(1035264K), 0.0040461 secs]
26.166: Total time for which application threads were stopped: 0.0042136 seconds, Stopping threads took: 0.0000265 seconds
26.233: [GC (Allocation Failure)  404333K->77970K(1035264K), 0.0025190 secs]
26.235: Total time for which application threads were stopped: 0.0026769 seconds, Stopping threads took: 0.0000255 seconds
26.304: [GC (Allocation Failure)  400530K->81996K(1036288K), 0.0038809 secs]
26.308: Total time for which application threads were stopped: 0.0040407 seconds, Stopping threads took: 0.0000200 seconds
26.377: [GC (Allocation Failure)  406092K->85932K(1035776K), 0.0038488 secs]
26.381: Total time for which application threads were stopped: 0.0040162 seconds, Stopping threads took: 0.0000200 seconds
26.449: [GC (Allocation Failure)  410028K->85996K(1035776K), 0.0038344 secs]
26.453: Total time for which application threads were stopped: 0.0040124 seconds, Stopping threads took: 0.0000195 seconds
26.520: [GC (Allocation Failure)  409580K->86020K(1023488K), 0.0040488 secs]
26.524: Total time for which application threads were stopped: 0.0042151 seconds, Stopping threads took: 0.0000212 seconds
26.591: [GC (Allocation Failure)  409604K->94022K(1035264K), 0.0038754 secs]
26.595: Total time for which application threads were stopped: 0.0040870 seconds, Stopping threads took: 0.0000199 seconds
26.663: [GC (Allocation Failure)  416582K->93990K(1030144K), 0.0063340 secs]
26.670: Total time for which application threads were stopped: 0.0065104 seconds, Stopping threads took: 0.0000272 seconds
26.737: [GC (Allocation Failure)  416550K->94054K(1034752K), 0.0039209 secs]
26.741: Total time for which application threads were stopped: 0.0041044 seconds, Stopping threads took: 0.0000254 seconds
26.808: [GC (Allocation Failure)  415590K->102025K(1034752K), 0.0040588 secs]
26.813: Total time for which application threads were stopped: 0.0042358 seconds, Stopping threads took: 0.0000214 seconds
26.882: [GC (Allocation Failure)  423561K->102025K(1033728K), 0.0037761 secs]
26.886: Total time for which application threads were stopped: 0.0039561 seconds, Stopping threads took: 0.0000212 seconds
26.954: [GC (Allocation Failure)  422537K->102281K(1034240K), 0.0039054 secs]
26.958: Total time for which application threads were stopped: 0.0040760 seconds, Stopping threads took: 0.0000203 seconds
27.027: [GC (Allocation Failure)  422793K->110091K(1034240K), 0.0038154 secs]
27.031: Total time for which application threads were stopped: 0.0039846 seconds, Stopping threads took: 0.0000203 seconds
27.100: [GC (Allocation Failure)  430603K->110027K(1034240K), 0.0065210 secs]
27.106: Total time for which application threads were stopped: 0.0067132 seconds, Stopping threads took: 0.0000298 seconds
27.174: [GC (Allocation Failure)  430539K->110507K(1033216K), 0.0039701 secs]
27.178: Total time for which application threads were stopped: 0.0041440 seconds, Stopping threads took: 0.0000215 seconds
27.245: [GC (Allocation Failure)  429995K->118125K(1033728K), 0.0040375 secs]
27.249: Total time for which application threads were stopped: 0.0041958 seconds, Stopping threads took: 0.0000200 seconds
27.317: [GC (Allocation Failure)  437613K->118125K(1033728K), 0.0038106 secs]
27.321: Total time for which application threads were stopped: 0.0039680 seconds, Stopping threads took: 0.0000196 seconds
27.386: [GC (Allocation Failure)  437613K->118221K(1033728K), 0.0038061 secs]
27.390: Total time for which application threads were stopped: 0.0040057 seconds, Stopping threads took: 0.0000419 seconds
27.457: [GC (Allocation Failure)  437709K->126160K(1033728K), 0.0038684 secs]
27.461: Total time for which application threads were stopped: 0.0040391 seconds, Stopping threads took: 0.0000207 seconds
27.527: [GC (Allocation Failure)  445648K->126128K(1033728K), 0.0037369 secs]
27.531: Total time for which application threads were stopped: 0.0039067 seconds, Stopping threads took: 0.0000206 seconds
27.599: [GC (Allocation Failure)  445616K->126184K(1033728K), 0.0039331 secs]
27.603: Total time for which application threads were stopped: 0.0041012 seconds, Stopping threads took: 0.0000193 seconds
27.670: [GC (Allocation Failure)  445672K->134154K(1027072K), 0.0041036 secs]
27.674: Total time for which application threads were stopped: 0.0043371 seconds, Stopping threads took: 0.0000487 seconds
27.739: [GC (Allocation Failure)  453641K->130280K(1034240K), 0.0027035 secs]
27.741: Total time for which application threads were stopped: 0.0028527 seconds, Stopping threads took: 0.0000195 seconds
27.808: [GC (Allocation Failure)  449768K->134314K(1033216K), 0.0039457 secs]
27.812: Total time for which application threads were stopped: 0.0041219 seconds, Stopping threads took: 0.0000194 seconds
27.880: [GC (Allocation Failure)  453802K->138250K(1034752K), 0.0038229 secs]
27.884: Total time for which application threads were stopped: 0.0039927 seconds, Stopping threads took: 0.0000199 seconds
27.950: [GC (Allocation Failure)  459786K->131496K(1034752K), 0.0012303 secs]
27.951: Total time for which application threads were stopped: 0.0013476 seconds, Stopping threads took: 0.0000194 seconds
28.020: [GC (Allocation Failure)  453032K->138346K(1034752K), 0.0038357 secs]
28.024: Total time for which application threads were stopped: 0.0039952 seconds, Stopping threads took: 0.0000198 seconds
28.092: [GC (Allocation Failure)  459882K->142386K(1034752K), 0.0047081 secs]
28.097: Total time for which application threads were stopped: 0.0049012 seconds, Stopping threads took: 0.0000199 seconds
28.164: [GC (Allocation Failure)  463922K->136848K(1034752K), 0.0018071 secs]
28.166: Total time for which application threads were stopped: 0.0019604 seconds, Stopping threads took: 0.0000258 seconds
28.233: [GC (Allocation Failure)  458384K->142722K(1034752K), 0.0038345 secs]
28.237: Total time for which application threads were stopped: 0.0039963 seconds, Stopping threads took: 0.0000199 seconds
28.303: [GC (Allocation Failure)  464258K->146594K(1034752K), 0.0044680 secs]
28.308: Total time for which application threads were stopped: 0.0046284 seconds, Stopping threads took: 0.0000205 seconds
28.375: [GC (Allocation Failure)  469082K->142624K(1035264K), 0.0026103 secs]
28.377: Total time for which application threads were stopped: 0.0027668 seconds, Stopping threads took: 0.0000196 seconds
28.445: [GC (Allocation Failure)  465184K->146698K(1036288K), 0.0040898 secs]
28.449: Total time for which application threads were stopped: 0.0042558 seconds, Stopping threads took: 0.0000196 seconds
28.516: [GC (Allocation Failure)  470794K->150730K(1035776K), 0.0044708 secs]
28.521: Total time for which application threads were stopped: 0.0046286 seconds, Stopping threads took: 0.0000191 seconds
28.589: [GC (Allocation Failure)  474826K->150730K(1035776K), 0.0038512 secs]
28.593: Total time for which application threads were stopped: 0.0040155 seconds, Stopping threads took: 0.0000187 seconds
28.661: [GC (Allocation Failure)  474314K->150762K(1023488K), 0.0038484 secs]
28.665: Total time for which application threads were stopped: 0.0040229 seconds, Stopping threads took: 0.0000279 seconds
28.731: [GC (Allocation Failure)  474346K->158732K(1035264K), 0.0040763 secs]
28.735: Total time for which application threads were stopped: 0.0042556 seconds, Stopping threads took: 0.0000201 seconds
28.804: [GC (Allocation Failure)  481292K->158732K(1030144K), 0.0037149 secs]
28.808: Total time for which application threads were stopped: 0.0038914 seconds, Stopping threads took: 0.0000218 seconds
28.875: [GC (Allocation Failure)  481292K->158796K(1034752K), 0.0040430 secs]
28.879: Total time for which application threads were stopped: 0.0042033 seconds, Stopping threads took: 0.0000200 seconds
28.946: [GC (Allocation Failure)  480332K->166798K(1029120K), 0.0041649 secs]
28.951: Total time for which application threads were stopped: 0.0043386 seconds, Stopping threads took: 0.0000205 seconds
29.018: [GC (Allocation Failure)  488334K->166734K(1034240K), 0.0036635 secs]
29.022: Total time for which application threads were stopped: 0.0038210 seconds, Stopping threads took: 0.0000200 seconds
29.092: [GC (Allocation Failure)  487246K->167014K(1034240K), 0.0039237 secs]
29.096: Total time for which application threads were stopped: 0.0040926 seconds, Stopping threads took: 0.0000202 seconds
29.165: [GC (Allocation Failure)  487526K->174825K(1034240K), 0.0037502 secs]
29.169: Total time for which application threads were stopped: 0.0039160 seconds, Stopping threads took: 0.0000274 seconds
29.237: [GC (Allocation Failure)  495337K->174793K(1034240K), 0.0039037 secs]
29.241: Total time for which application threads were stopped: 0.0040938 seconds, Stopping threads took: 0.0000192 seconds
29.310: [GC (Allocation Failure)  495305K->175209K(1033216K), 0.0041000 secs]
29.314: Total time for which application threads were stopped: 0.0042614 seconds, Stopping threads took: 0.0000205 seconds
29.382: [GC (Allocation Failure)  494697K->182827K(1033728K), 0.0040752 secs]
29.386: Total time for which application threads were stopped: 0.0042574 seconds, Stopping threads took: 0.0000202 seconds
29.454: [GC (Allocation Failure)  502315K->182827K(1033728K), 0.0038850 secs]
29.458: Total time for which application threads were stopped: 0.0040426 seconds, Stopping threads took: 0.0000195 seconds
29.523: [GC (Allocation Failure)  502315K->182955K(1033728K), 0.0039232 secs]
29.527: Total time for which application threads were stopped: 0.0041039 seconds, Stopping threads took: 0.0000197 seconds
29.595: [GC (Allocation Failure)  502443K->190861K(1033728K), 0.0040009 secs]
29.599: Total time for which application threads were stopped: 0.0041615 seconds, Stopping threads took: 0.0000199 seconds
29.667: [GC (Allocation Failure)  510349K->190829K(1033728K), 0.0039128 secs]
29.671: Total time for which application threads were stopped: 0.0040745 seconds, Stopping threads took: 0.0000197 seconds
29.738: [GC (Allocation Failure)  510317K->190893K(1033728K), 0.0047706 secs]
29.743: Total time for which application threads were stopped: 0.0049441 seconds, Stopping threads took: 0.0000206 seconds
29.811: [GC (Allocation Failure)  510381K->198895K(1027072K), 0.0042616 secs]
29.815: Total time for which application threads were stopped: 0.0044393 seconds, Stopping threads took: 0.0000223 seconds
29.880: [GC (Allocation Failure)  518383K->194989K(1034240K), 0.0028200 secs]
29.883: Total time for which application threads were stopped: 0.0029932 seconds, Stopping threads took: 0.0000284 seconds
29.950: [GC (Allocation Failure)  514477K->199055K(1033216K), 0.0043020 secs]
29.954: Total time for which application threads were stopped: 0.0044664 seconds, Stopping threads took: 0.0000192 seconds
30.021: [GC (Allocation Failure)  518543K->203023K(1034752K), 0.0040789 secs]
30.026: Total time for which application threads were stopped: 0.0042734 seconds, Stopping threads took: 0.0000198 seconds
30.093: [GC (Allocation Failure)  524559K->196269K(1034752K), 0.0013194 secs]
30.094: Total time for which application threads were stopped: 0.0014398 seconds, Stopping threads took: 0.0000197 seconds
30.161: [GC (Allocation Failure)  517805K->203119K(1034752K), 0.0039293 secs]
30.165: Total time for which application threads were stopped: 0.0040906 seconds, Stopping threads took: 0.0000259 seconds
30.231: [GC (Allocation Failure)  524655K->207167K(1034752K), 0.0048305 secs]
30.236: Total time for which application threads were stopped: 0.0050010 seconds, Stopping threads took: 0.0000257 seconds
30.301: [GC (Allocation Failure)  528703K->201661K(1034752K), 0.0020668 secs]
30.303: Total time for which application threads were stopped: 0.0022261 seconds, Stopping threads took: 0.0000199 seconds
30.372: [GC (Allocation Failure)  523197K->207439K(1034752K), 0.0040390 secs]
30.376: Total time for which application threads were stopped: 0.0042091 seconds, Stopping threads took: 0.0000200 seconds
30.443: [GC (Allocation Failure)  528975K->211303K(1034752K), 0.0055034 secs]
30.448: Total time for which application threads were stopped: 0.0056709 seconds, Stopping threads took: 0.0000199 seconds
30.517: [GC (Allocation Failure)  533792K->207397K(1035264K), 0.0026593 secs]
30.520: Total time for which application threads were stopped: 0.0028216 seconds, Stopping threads took: 0.0000196 seconds
30.588: [GC (Allocation Failure)  529957K->211471K(1036288K), 0.0041508 secs]
30.592: Total time for which application threads were stopped: 0.0043187 seconds, Stopping threads took: 0.0000195 seconds
30.660: [GC (Allocation Failure)  535567K->215471K(1035776K), 0.0040343 secs]
30.664: Total time for which application threads were stopped: 0.0041994 seconds, Stopping threads took: 0.0000279 seconds
30.734: [GC (Allocation Failure)  539567K->215471K(1035776K), 0.0039559 secs]
30.738: Total time for which application threads were stopped: 0.0041205 seconds, Stopping threads took: 0.0000197 seconds
30.805: [GC (Allocation Failure)  539055K->215495K(1023488K), 0.0040923 secs]
30.809: Total time for which application threads were stopped: 0.0042522 seconds, Stopping threads took: 0.0000202 seconds
30.875: [GC (Allocation Failure)  539079K->223498K(1035264K), 0.0042174 secs]
30.880: Total time for which application threads were stopped: 0.0043872 seconds, Stopping threads took: 0.0000194 seconds
30.947: [GC (Allocation Failure)  546058K->223466K(1030144K), 0.0040294 secs]
30.951: Total time for which application threads were stopped: 0.0041847 seconds, Stopping threads took: 0.0000189 seconds
31.018: [GC (Allocation Failure)  546026K->223530K(1034752K), 0.0042082 secs]
31.022: Total time for which application threads were stopped: 0.0043667 seconds, Stopping threads took: 0.0000198 seconds
31.092: [GC (Allocation Failure)  545066K->231532K(1029120K), 0.0049163 secs]
31.097: Total time for which application threads were stopped: 0.0050899 seconds, Stopping threads took: 0.0000197 seconds
31.166: [GC (Allocation Failure)  553068K->231532K(1034240K), 0.0037869 secs]
31.169: Total time for which application threads were stopped: 0.0039557 seconds, Stopping threads took: 0.0000276 seconds
31.236: [GC (Allocation Failure)  552044K->231756K(1034240K), 0.0042504 secs]
31.241: Total time for which application threads were stopped: 0.0044611 seconds, Stopping threads took: 0.0000524 seconds
31.308: [GC (Allocation Failure)  552268K->239566K(1034240K), 0.0039896 secs]
31.312: Total time for which application threads were stopped: 0.0041703 seconds, Stopping threads took: 0.0000167 seconds
31.381: [GC (Allocation Failure)  560078K->239534K(1034240K), 0.0042512 secs]
31.386: Total time for which application threads were stopped: 0.0044207 seconds, Stopping threads took: 0.0000205 seconds
31.453: [GC (Allocation Failure)  560046K->239982K(1033216K), 0.0042438 secs]
31.457: Total time for which application threads were stopped: 0.0044127 seconds, Stopping threads took: 0.0000203 seconds
31.525: [GC (Allocation Failure)  559470K->247568K(1033728K), 0.0042819 secs]
31.529: Total time for which application threads were stopped: 0.0044680 seconds, Stopping threads took: 0.0000215 seconds
31.598: [GC (Allocation Failure)  567056K->247568K(1033728K), 0.0040014 secs]
31.602: Total time for which application threads were stopped: 0.0041716 seconds, Stopping threads took: 0.0000210 seconds
31.667: [GC (Allocation Failure)  567056K->247688K(1033728K), 0.0042055 secs]
31.671: Total time for which application threads were stopped: 0.0043796 seconds, Stopping threads took: 0.0000258 seconds
31.740: [GC (Allocation Failure)  567176K->255627K(1033728K), 0.0040969 secs]
31.745: Total time for which application threads were stopped: 0.0042593 seconds, Stopping threads took: 0.0000198 seconds
31.812: [GC (Allocation Failure)  575115K->255595K(1033728K), 0.0041013 secs]
31.816: Total time for which application threads were stopped: 0.0042638 seconds, Stopping threads took: 0.0000190 seconds
31.883: [GC (Allocation Failure)  575083K->255659K(1033728K), 0.0064766 secs]
31.889: Total time for which application threads were stopped: 0.0066470 seconds, Stopping threads took: 0.0000198 seconds
31.956: [GC (Allocation Failure)  575147K->263629K(1027072K), 0.0042296 secs]
31.961: Total time for which application threads were stopped: 0.0044104 seconds, Stopping threads took: 0.0000202 seconds
32.027: [GC (Allocation Failure)  583117K->259723K(1034240K), 0.0031068 secs]
32.030: Total time for which application threads were stopped: 0.0032510 seconds, Stopping threads took: 0.0000176 seconds
32.100: [GC (Allocation Failure)  579211K->263789K(1033216K), 0.0040653 secs]
32.104: Total time for which application threads were stopped: 0.0042223 seconds, Stopping threads took: 0.0000175 seconds
32.172: [GC (Allocation Failure)  583277K->267757K(1034752K), 0.0041399 secs]
32.176: Total time for which application threads were stopped: 0.0043148 seconds, Stopping threads took: 0.0000283 seconds
32.243: [GC (Allocation Failure)  589293K->260971K(1034752K), 0.0015278 secs]
32.244: Total time for which application threads were stopped: 0.0016582 seconds, Stopping threads took: 0.0000200 seconds
32.311: [GC (Allocation Failure)  582507K->267821K(1034752K), 0.0039745 secs]
32.315: Total time for which application threads were stopped: 0.0041535 seconds, Stopping threads took: 0.0000220 seconds
32.381: [GC (Allocation Failure)  589357K->271901K(1034752K), 0.0051892 secs]
32.386: Total time for which application threads were stopped: 0.0053590 seconds, Stopping threads took: 0.0000196 seconds
32.452: [GC (Allocation Failure)  593437K->266331K(1034752K), 0.0031130 secs]
32.455: Total time for which application threads were stopped: 0.0032749 seconds, Stopping threads took: 0.0000359 seconds
32.523: [GC (Allocation Failure)  587867K->272173K(1034752K), 0.0041921 secs]
32.527: Total time for which application threads were stopped: 0.0043635 seconds, Stopping threads took: 0.0000212 seconds
32.597: [GC (Allocation Failure)  593709K->276077K(1034752K), 0.0045308 secs]
32.602: Total time for which application threads were stopped: 0.0046904 seconds, Stopping threads took: 0.0000202 seconds
32.669: [GC (Allocation Failure)  598565K->272139K(1035264K), 0.0028157 secs]
32.672: Total time for which application threads were stopped: 0.0029756 seconds, Stopping threads took: 0.0000277 seconds
32.741: [GC (Allocation Failure)  594699K->276141K(1036288K), 0.0050547 secs]
32.746: Total time for which application threads were stopped: 0.0052311 seconds, Stopping threads took: 0.0000205 seconds
32.814: [GC (Allocation Failure)  600237K->280205K(1035776K), 0.0041541 secs]
32.818: Total time for which application threads were stopped: 0.0043090 seconds, Stopping threads took: 0.0000194 seconds
32.887: [GC (Allocation Failure)  604301K->280173K(1035776K), 0.0040445 secs]
32.891: Total time for which application threads were stopped: 0.0042299 seconds, Stopping threads took: 0.0000274 seconds
32.958: [GC (Allocation Failure)  603757K->280229K(1023488K), 0.0044541 secs]
32.963: Total time for which application threads were stopped: 0.0046173 seconds, Stopping threads took: 0.0000204 seconds
33.029: [GC (Allocation Failure)  603813K->288167K(1035264K), 0.0041838 secs]
33.033: Total time for which application threads were stopped: 0.0043493 seconds, Stopping threads took: 0.0000190 seconds
33.101: [GC (Allocation Failure)  610727K->288199K(1030144K), 0.0039833 secs]
33.105: Total time for which application threads were stopped: 0.0041535 seconds, Stopping threads took: 0.0000197 seconds
33.173: [GC (Allocation Failure)  610759K->288263K(1034752K), 0.0040457 secs]
33.177: Total time for which application threads were stopped: 0.0042241 seconds, Stopping threads took: 0.0000278 seconds
33.244: [GC (Allocation Failure)  609799K->296234K(1034752K), 0.0042832 secs]
33.249: Total time for which application threads were stopped: 0.0044500 seconds, Stopping threads took: 0.0000194 seconds
33.316: [GC (Allocation Failure)  617770K->296202K(1033728K), 0.0040483 secs]
33.320: Total time for which application threads were stopped: 0.0042186 seconds, Stopping threads took: 0.0000201 seconds
33.389: [GC (Allocation Failure)  616714K->296458K(1034240K), 0.0042721 secs]
33.393: Total time for which application threads were stopped: 0.0044405 seconds, Stopping threads took: 0.0000204 seconds
33.461: [GC (Allocation Failure)  616970K->304268K(1034240K), 0.0040626 secs]
33.465: Total time for which application threads were stopped: 0.0042183 seconds, Stopping threads took: 0.0000188 seconds
33.533: [GC (Allocation Failure)  624780K->304236K(1034240K), 0.0042919 secs]
33.537: Total time for which application threads were stopped: 0.0044498 seconds, Stopping threads took: 0.0000198 seconds
33.604: [GC (Allocation Failure)  624748K->304716K(1034240K), 0.0046101 secs]
33.608: Total time for which application threads were stopped: 0.0047679 seconds, Stopping threads took: 0.0000195 seconds
33.677: [GC (Allocation Failure)  625228K->312334K(1028096K), 0.0045883 secs]
33.682: Total time for which application threads were stopped: 0.0047567 seconds, Stopping threads took: 0.0000206 seconds
33.748: [GC (Allocation Failure)  632846K->312302K(1033728K), 0.0042593 secs]
33.752: Total time for which application threads were stopped: 0.0044500 seconds, Stopping threads took: 0.0000195 seconds
33.818: [GC (Allocation Failure)  631790K->312422K(1033728K), 0.0044901 secs]
33.823: Total time for which application threads were stopped: 0.0046516 seconds, Stopping threads took: 0.0000205 seconds
33.892: [GC (Allocation Failure)  631910K->320328K(1033728K), 0.0041421 secs]
33.896: Total time for which application threads were stopped: 0.0043405 seconds, Stopping threads took: 0.0000206 seconds
33.963: [GC (Allocation Failure)  639816K->320360K(1033728K), 0.0065065 secs]
33.970: Total time for which application threads were stopped: 0.0066595 seconds, Stopping threads took: 0.0000191 seconds
34.037: [GC (Allocation Failure)  639848K->320392K(1033728K), 0.0041746 secs]
34.042: Total time for which application threads were stopped: 0.0043236 seconds, Stopping threads took: 0.0000169 seconds
34.108: [GC (Allocation Failure)  639880K->328363K(1027072K), 0.0042135 secs]
34.112: Total time for which application threads were stopped: 0.0043604 seconds, Stopping threads took: 0.0000199 seconds
34.178: [GC (Allocation Failure)  647850K->324488K(1034240K), 0.0031922 secs]
34.181: Total time for which application threads were stopped: 0.0033390 seconds, Stopping threads took: 0.0000175 seconds
34.250: [GC (Allocation Failure)  643976K->328523K(1033216K), 0.0045166 secs]
34.255: Total time for which application threads were stopped: 0.0046853 seconds, Stopping threads took: 0.0000197 seconds
34.323: [GC (Allocation Failure)  648011K->332491K(1034752K), 0.0043946 secs]
34.328: Total time for which application threads were stopped: 0.0045580 seconds, Stopping threads took: 0.0000208 seconds
34.394: [GC (Allocation Failure)  654027K->325704K(1034752K), 0.0017710 secs]
34.396: Total time for which application threads were stopped: 0.0019106 seconds, Stopping threads took: 0.0000195 seconds
34.463: [GC (Allocation Failure)  647240K->332595K(1034752K), 0.0040665 secs]
34.467: Total time for which application threads were stopped: 0.0042358 seconds, Stopping threads took: 0.0000189 seconds
34.532: [GC (Allocation Failure)  654131K->336675K(1034752K), 0.0050554 secs]
34.538: Total time for which application threads were stopped: 0.0052256 seconds, Stopping threads took: 0.0000189 seconds
34.603: [GC (Allocation Failure)  658211K->331104K(1034752K), 0.0022420 secs]
34.605: Total time for which application threads were stopped: 0.0023830 seconds, Stopping threads took: 0.0000194 seconds
34.674: [GC (Allocation Failure)  652640K->336939K(1034752K), 0.0043836 secs]
34.679: Total time for which application threads were stopped: 0.0045639 seconds, Stopping threads took: 0.0000171 seconds
34.748: [GC (Allocation Failure)  658475K->340779K(1035264K), 0.0046678 secs]
34.753: Total time for which application threads were stopped: 0.0048318 seconds, Stopping threads took: 0.0000168 seconds
34.820: [GC (Allocation Failure)  663267K->336872K(1035264K), 0.0030636 secs]
34.823: Total time for which application threads were stopped: 0.0032184 seconds, Stopping threads took: 0.0000197 seconds
34.891: [GC (Allocation Failure)  659432K->340939K(1036288K), 0.0042725 secs]
34.895: Total time for which application threads were stopped: 0.0044389 seconds, Stopping threads took: 0.0000196 seconds
34.963: [GC (Allocation Failure)  665035K->344939K(1035776K), 0.0043471 secs]
34.967: Total time for which application threads were stopped: 0.0045091 seconds, Stopping threads took: 0.0000206 seconds
35.036: [GC (Allocation Failure)  669035K->344939K(1035776K), 0.0042009 secs]
35.040: Total time for which application threads were stopped: 0.0043609 seconds, Stopping threads took: 0.0000200 seconds
35.110: [GC (Allocation Failure)  668523K->344971K(1023488K), 0.0041882 secs]
35.114: Total time for which application threads were stopped: 0.0043389 seconds, Stopping threads took: 0.0000181 seconds
35.181: [GC (Allocation Failure)  668555K->352973K(1035264K), 0.0042416 secs]
35.185: Total time for which application threads were stopped: 0.0043914 seconds, Stopping threads took: 0.0000174 seconds
35.253: [GC (Allocation Failure)  675533K->352909K(1030144K), 0.0043301 secs]
35.257: Total time for which application threads were stopped: 0.0044963 seconds, Stopping threads took: 0.0000193 seconds
35.324: [GC (Allocation Failure)  675469K->353005K(1034752K), 0.0043073 secs]
35.329: Total time for which application threads were stopped: 0.0044687 seconds, Stopping threads took: 0.0000202 seconds
35.396: [GC (Allocation Failure)  674541K->360975K(1029120K), 0.0045321 secs]
35.401: Total time for which application threads were stopped: 0.0047053 seconds, Stopping threads took: 0.0000201 seconds
35.468: [GC (Allocation Failure)  682511K->360975K(1034240K), 0.0040419 secs]
35.472: Total time for which application threads were stopped: 0.0041995 seconds, Stopping threads took: 0.0000197 seconds
35.539: [GC (Allocation Failure)  681487K->361191K(1034240K), 0.0041980 secs]
35.543: Total time for which application threads were stopped: 0.0043657 seconds, Stopping threads took: 0.0000189 seconds
35.613: [GC (Allocation Failure)  681703K->369033K(1034240K), 0.0041654 secs]
35.617: Total time for which application threads were stopped: 0.0043327 seconds, Stopping threads took: 0.0000192 seconds
35.685: [GC (Allocation Failure)  689545K->369033K(1034240K), 0.0044744 secs]
35.690: Total time for which application threads were stopped: 0.0046398 seconds, Stopping threads took: 0.0000205 seconds
35.757: [GC (Allocation Failure)  689545K->369417K(1033216K), 0.0045713 secs]
35.762: Total time for which application threads were stopped: 0.0047385 seconds, Stopping threads took: 0.0000199 seconds
35.830: [GC (Allocation Failure)  688905K->377036K(1033728K), 0.0044982 secs]
35.834: Total time for which application threads were stopped: 0.0046660 seconds, Stopping threads took: 0.0000195 seconds
35.902: [GC (Allocation Failure)  696524K->377036K(1033728K), 0.0043720 secs]
35.906: Total time for which application threads were stopped: 0.0045502 seconds, Stopping threads took: 0.0000206 seconds
35.973: [GC (Allocation Failure)  696524K->377164K(1033728K), 0.0044017 secs]
35.977: Total time for which application threads were stopped: 0.0045847 seconds, Stopping threads took: 0.0000202 seconds
36.047: [GC (Allocation Failure)  696652K->385102K(1033728K), 0.0058464 secs]
36.053: Total time for which application threads were stopped: 0.0060224 seconds, Stopping threads took: 0.0000249 seconds
36.121: [GC (Allocation Failure)  704590K->385070K(1033728K), 0.0043702 secs]
36.126: Total time for which application threads were stopped: 0.0045266 seconds, Stopping threads took: 0.0000201 seconds
36.192: [GC (Allocation Failure)  704558K->385134K(1033728K), 0.0043637 secs]
36.197: Total time for which application threads were stopped: 0.0045325 seconds, Stopping threads took: 0.0000196 seconds
36.263: [GC (Allocation Failure)  704622K->393104K(1027072K), 0.0044823 secs]
36.268: Total time for which application threads were stopped: 0.0046427 seconds, Stopping threads took: 0.0000198 seconds
36.332: [GC (Allocation Failure)  712592K->389166K(1034240K), 0.0042011 secs]
36.337: Total time for which application threads were stopped: 0.0043566 seconds, Stopping threads took: 0.0000201 seconds
36.404: [GC (Allocation Failure)  708654K->393256K(1033216K), 0.0045307 secs]
36.408: Total time for which application threads were stopped: 0.0046993 seconds, Stopping threads took: 0.0000201 seconds
36.475: [GC (Allocation Failure)  712744K->397256K(1034752K), 0.0045436 secs]
36.480: Total time for which application threads were stopped: 0.0047094 seconds, Stopping threads took: 0.0000197 seconds
36.546: [GC (Allocation Failure)  718792K->390438K(1034752K), 0.0017545 secs]
36.548: Total time for which application threads were stopped: 0.0019126 seconds, Stopping threads took: 0.0000210 seconds
36.617: [GC (Allocation Failure)  711974K->397288K(1034752K), 0.0049764 secs]
36.623: Total time for which application threads were stopped: 0.0051513 seconds, Stopping threads took: 0.0000280 seconds
36.688: [GC (Allocation Failure)  718824K->401400K(1034752K), 0.0053963 secs]
36.694: Total time for which application threads were stopped: 0.0055683 seconds, Stopping threads took: 0.0000284 seconds
36.759: [GC (Allocation Failure)  722936K->395830K(1034752K), 0.0024425 secs]
36.761: Total time for which application threads were stopped: 0.0025977 seconds, Stopping threads took: 0.0000198 seconds
36.831: [GC (Allocation Failure)  717366K->401632K(1034752K), 0.0045736 secs]
36.835: Total time for which application threads were stopped: 0.0047541 seconds, Stopping threads took: 0.0000220 seconds
36.903: [GC (Allocation Failure)  723168K->405504K(1035264K), 0.0048079 secs]
36.908: Total time for which application threads were stopped: 0.0049776 seconds, Stopping threads took: 0.0000204 seconds
36.974: [GC (Allocation Failure)  727992K->401630K(1035264K), 0.0031626 secs]
36.978: Total time for which application threads were stopped: 0.0033240 seconds, Stopping threads took: 0.0000203 seconds
37.046: [GC (Allocation Failure)  724190K->405600K(1036288K), 0.0064039 secs]
37.052: Total time for which application threads were stopped: 0.0065998 seconds, Stopping threads took: 0.0000170 seconds
37.122: [GC (Allocation Failure)  729696K->409632K(1035776K), 0.0042463 secs]
37.126: Total time for which application threads were stopped: 0.0044021 seconds, Stopping threads took: 0.0000260 seconds
37.195: [GC (Allocation Failure)  733728K->409632K(1035776K), 0.0043732 secs]
37.200: Total time for which application threads were stopped: 0.0045338 seconds, Stopping threads took: 0.0000208 seconds
37.268: [GC (Allocation Failure)  733216K->409704K(1023488K), 0.0044954 secs]
37.272: Total time for which application threads were stopped: 0.0046602 seconds, Stopping threads took: 0.0000199 seconds
37.339: [GC (Allocation Failure)  733288K->417706K(1035264K), 0.0045869 secs]
37.344: Total time for which application threads were stopped: 0.0047549 seconds, Stopping threads took: 0.0000199 seconds
37.412: [GC (Allocation Failure)  740266K->417674K(1030144K), 0.0043619 secs]
37.416: Total time for which application threads were stopped: 0.0045317 seconds, Stopping threads took: 0.0000205 seconds
37.485: [GC (Allocation Failure)  740234K->417738K(1034752K), 0.0045112 secs]
37.489: Total time for which application threads were stopped: 0.0046714 seconds, Stopping threads took: 0.0000193 seconds
37.557: [GC (Allocation Failure)  739274K->425709K(1029120K), 0.0045841 secs]
37.562: Total time for which application threads were stopped: 0.0047807 seconds, Stopping threads took: 0.0000207 seconds
37.632: [GC (Allocation Failure)  747245K->425677K(1034240K), 0.0042291 secs]
37.637: Total time for which application threads were stopped: 0.0044222 seconds, Stopping threads took: 0.0000260 seconds
37.704: [GC (Allocation Failure)  746189K->425925K(1034240K), 0.0045976 secs]
37.709: Total time for which application threads were stopped: 0.0047735 seconds, Stopping threads took: 0.0000192 seconds
37.777: [GC (Allocation Failure)  746437K->433767K(1034240K), 0.0043005 secs]
37.781: Total time for which application threads were stopped: 0.0044686 seconds, Stopping threads took: 0.0000196 seconds
37.848: [GC (Allocation Failure)  754279K->433703K(1034240K), 0.0045033 secs]
37.853: Total time for which application threads were stopped: 0.0046602 seconds, Stopping threads took: 0.0000194 seconds
37.920: [GC (Allocation Failure)  754215K->434183K(1033216K), 0.0045441 secs]
37.924: Total time for which application threads were stopped: 0.0047209 seconds, Stopping threads took: 0.0000195 seconds
37.992: [GC (Allocation Failure)  753671K->441801K(1033728K), 0.0045981 secs]
37.996: Total time for which application threads were stopped: 0.0048789 seconds, Stopping threads took: 0.0000192 seconds
38.064: [GC (Allocation Failure)  761289K->441769K(1033728K), 0.0074003 secs]
38.072: Total time for which application threads were stopped: 0.0075599 seconds, Stopping threads took: 0.0000253 seconds
38.137: [GC (Allocation Failure)  761257K->441897K(1033728K), 0.0042908 secs]
38.141: Total time for which application threads were stopped: 0.0044568 seconds, Stopping threads took: 0.0000260 seconds
38.209: [GC (Allocation Failure)  761385K->449803K(1033728K), 0.0043434 secs]
38.213: Total time for which application threads were stopped: 0.0045194 seconds, Stopping threads took: 0.0000275 seconds
38.282: [GC (Allocation Failure)  769291K->449803K(1033728K), 0.0045624 secs]
38.286: Total time for which application threads were stopped: 0.0047547 seconds, Stopping threads took: 0.0000200 seconds
38.353: [GC (Allocation Failure)  769291K->449835K(1033728K), 0.0052918 secs]
38.359: Total time for which application threads were stopped: 0.0054526 seconds, Stopping threads took: 0.0000198 seconds
38.426: [GC (Allocation Failure)  769323K->457838K(1027072K), 0.0045105 secs]
38.430: Total time for which application threads were stopped: 0.0047015 seconds, Stopping threads took: 0.0000196 seconds
38.497: [GC (Allocation Failure)  777325K->453931K(1034240K), 0.0034783 secs]
38.500: Total time for which application threads were stopped: 0.0036651 seconds, Stopping threads took: 0.0000194 seconds
38.569: [GC (Allocation Failure)  773419K->457998K(1033216K), 0.0046143 secs]
38.574: Total time for which application threads were stopped: 0.0048014 seconds, Stopping threads took: 0.0000191 seconds
38.641: [GC (Allocation Failure)  777486K->461966K(1034752K), 0.0044258 secs]
38.646: Total time for which application threads were stopped: 0.0045830 seconds, Stopping threads took: 0.0000266 seconds
38.712: [GC (Allocation Failure)  783502K->455147K(1034752K), 0.0020086 secs]
38.714: Total time for which application threads were stopped: 0.0021534 seconds, Stopping threads took: 0.0000245 seconds
38.783: [GC (Allocation Failure)  776683K->462006K(1034752K), 0.0044394 secs]
38.788: Total time for which application threads were stopped: 0.0046123 seconds, Stopping threads took: 0.0000190 seconds
38.854: [GC (Allocation Failure)  783542K->466150K(1034752K), 0.0053293 secs]
38.859: Total time for which application threads were stopped: 0.0054895 seconds, Stopping threads took: 0.0000198 seconds
38.925: [GC (Allocation Failure)  787686K->460579K(1034752K), 0.0026534 secs]
38.928: Total time for which application threads were stopped: 0.0028062 seconds, Stopping threads took: 0.0000205 seconds
38.995: [GC (Allocation Failure)  782115K->466382K(1034752K), 0.0047215 secs]
39.000: Total time for which application threads were stopped: 0.0048903 seconds, Stopping threads took: 0.0000197 seconds
39.068: [GC (Allocation Failure)  787918K->470254K(1034752K), 0.0052506 secs]
39.073: Total time for which application threads were stopped: 0.0054414 seconds, Stopping threads took: 0.0000249 seconds
39.141: [GC (Allocation Failure)  792742K->466315K(1035264K), 0.0031356 secs]
39.144: Total time for which application threads were stopped: 0.0032858 seconds, Stopping threads took: 0.0000260 seconds
39.212: [GC (Allocation Failure)  788875K->470406K(1036288K), 0.0046807 secs]
39.217: Total time for which application threads were stopped: 0.0048580 seconds, Stopping threads took: 0.0000251 seconds
39.286: [GC (Allocation Failure)  794502K->474374K(1035776K), 0.0043430 secs]
39.291: Total time for which application threads were stopped: 0.0044900 seconds, Stopping threads took: 0.0000168 seconds
39.360: [GC (Allocation Failure)  798470K->474374K(1035776K), 0.0045772 secs]
39.365: Total time for which application threads were stopped: 0.0047460 seconds, Stopping threads took: 0.0000207 seconds
39.433: [GC (Allocation Failure)  797958K->474438K(1023488K), 0.0046348 secs]
39.438: Total time for which application threads were stopped: 0.0048079 seconds, Stopping threads took: 0.0000194 seconds
39.506: [GC (Allocation Failure)  798022K->482408K(1035264K), 0.0046637 secs]
39.510: Total time for which application threads were stopped: 0.0048436 seconds, Stopping threads took: 0.0000199 seconds
39.578: [GC (Allocation Failure)  804968K->482440K(1030144K), 0.0045168 secs]
39.583: Total time for which application threads were stopped: 0.0046885 seconds, Stopping threads took: 0.0000206 seconds
39.651: [GC (Allocation Failure)  805000K->482472K(1034752K), 0.0043768 secs]
39.655: Total time for which application threads were stopped: 0.0045578 seconds, Stopping threads took: 0.0000266 seconds
39.724: [GC (Allocation Failure)  804008K->490442K(1029120K), 0.0045831 secs]
39.729: Total time for which application threads were stopped: 0.0047654 seconds, Stopping threads took: 0.0000169 seconds
39.798: [GC (Allocation Failure)  811978K->490442K(1034240K), 0.0044906 secs]
39.803: Total time for which application threads were stopped: 0.0046571 seconds, Stopping threads took: 0.0000195 seconds
39.869: [GC (Allocation Failure)  810954K->490698K(1034240K), 0.0045255 secs]
39.874: Total time for which application threads were stopped: 0.0047140 seconds, Stopping threads took: 0.0000198 seconds
39.943: [GC (Allocation Failure)  811210K->498477K(1034240K), 0.0043800 secs]
39.947: Total time for which application threads were stopped: 0.0045625 seconds, Stopping threads took: 0.0000174 seconds
40.017: [GC (Allocation Failure)  818989K->498445K(1034240K), 0.0054577 secs]
40.022: Total time for which application threads were stopped: 0.0056372 seconds, Stopping threads took: 0.0000167 seconds
40.093: [GC (Allocation Failure)  818957K->498925K(1034240K), 0.0047154 secs]
40.098: Total time for which application threads were stopped: 0.0048951 seconds, Stopping threads took: 0.0000202 seconds
40.166: [GC (Allocation Failure)  819437K->506511K(1028096K), 0.0043735 secs]
40.171: Total time for which application threads were stopped: 0.0045457 seconds, Stopping threads took: 0.0000267 seconds
40.238: [GC (Allocation Failure)  827023K->506511K(1033728K), 0.0046137 secs]
40.243: Total time for which application threads were stopped: 0.0047734 seconds, Stopping threads took: 0.0000189 seconds
40.307: [GC (Allocation Failure)  825999K->506663K(1033728K), 0.0046778 secs]
40.312: Total time for which application threads were stopped: 0.0048566 seconds, Stopping threads took: 0.0000192 seconds
40.381: [GC (Allocation Failure)  826151K->514569K(1033728K), 0.0044922 secs]
40.385: Total time for which application threads were stopped: 0.0046703 seconds, Stopping threads took: 0.0000165 seconds
40.455: [GC (Allocation Failure)  834057K->514537K(1033728K), 0.0048912 secs]
40.460: Total time for which application threads were stopped: 0.0050631 seconds, Stopping threads took: 0.0000194 seconds
40.526: [GC (Allocation Failure)  834025K->514601K(1033728K), 0.0048238 secs]
40.531: Total time for which application threads were stopped: 0.0049900 seconds, Stopping threads took: 0.0000187 seconds
40.597: [GC (Allocation Failure)  834089K->522603K(1027072K), 0.0047002 secs]
40.602: Total time for which application threads were stopped: 0.0048955 seconds, Stopping threads took: 0.0000214 seconds
40.668: [GC (Allocation Failure)  842091K->518697K(1034240K), 0.0035148 secs]
40.671: Total time for which application threads were stopped: 0.0036833 seconds, Stopping threads took: 0.0000278 seconds
40.739: [GC (Allocation Failure)  838185K->522731K(1033216K), 0.0047225 secs]
40.744: Total time for which application threads were stopped: 0.0049164 seconds, Stopping threads took: 0.0000202 seconds
40.812: [GC (Allocation Failure)  842219K->526731K(1034752K), 0.0044911 secs]
40.817: Total time for which application threads were stopped: 0.0046587 seconds, Stopping threads took: 0.0000195 seconds
40.883: [GC (Allocation Failure)  848267K->519913K(1034752K), 0.0021545 secs]
40.886: Total time for which application threads were stopped: 0.0022979 seconds, Stopping threads took: 0.0000196 seconds
40.952: [GC (Allocation Failure)  841449K->526763K(1034752K), 0.0045839 secs]
40.957: Total time for which application threads were stopped: 0.0047607 seconds, Stopping threads took: 0.0000215 seconds
41.022: [GC (Allocation Failure)  848299K->530875K(1034752K), 0.0056586 secs]
41.028: Total time for which application threads were stopped: 0.0058295 seconds, Stopping threads took: 0.0000208 seconds
41.096: [GC (Allocation Failure)  852411K->525305K(1034752K), 0.0027900 secs]
41.099: Total time for which application threads were stopped: 0.0029407 seconds, Stopping threads took: 0.0000197 seconds
41.166: [GC (Allocation Failure)  846841K->531147K(1034752K), 0.0046807 secs]
41.171: Total time for which application threads were stopped: 0.0048403 seconds, Stopping threads took: 0.0000196 seconds
41.238: [GC (Allocation Failure)  852683K->535019K(1035264K), 0.0063382 secs]
41.244: Total time for which application threads were stopped: 0.0065241 seconds, Stopping threads took: 0.0000198 seconds
41.311: [GC (Allocation Failure)  857508K->531049K(1035264K), 0.0034205 secs]
41.314: Total time for which application threads were stopped: 0.0035823 seconds, Stopping threads took: 0.0000187 seconds
41.382: [GC (Allocation Failure)  853609K->535139K(1036288K), 0.0047806 secs]
41.387: Total time for which application threads were stopped: 0.0049366 seconds, Stopping threads took: 0.0000169 seconds
41.456: [GC (Allocation Failure)  859235K->539107K(1035776K), 0.0044964 secs]
41.460: Total time for which application threads were stopped: 0.0046638 seconds, Stopping threads took: 0.0000200 seconds
41.529: [GC (Allocation Failure)  863203K->539139K(1035776K), 0.0047406 secs]
41.534: Total time for which application threads were stopped: 0.0049086 seconds, Stopping threads took: 0.0000199 seconds
41.603: [GC (Allocation Failure)  862723K->539171K(1023488K), 0.0048476 secs]
41.608: Total time for which application threads were stopped: 0.0050069 seconds, Stopping threads took: 0.0000205 seconds
41.676: [GC (Allocation Failure)  862755K->547174K(1035264K), 0.0047644 secs]
41.681: Total time for which application threads were stopped: 0.0049196 seconds, Stopping threads took: 0.0000190 seconds
41.749: [GC (Allocation Failure)  869734K->547110K(1030144K), 0.0045634 secs]
41.754: Total time for which application threads were stopped: 0.0047264 seconds, Stopping threads took: 0.0000203 seconds
41.821: [GC (Allocation Failure)  869670K->547214K(1034752K), 0.0047537 secs]
41.826: Total time for which application threads were stopped: 0.0049332 seconds, Stopping threads took: 0.0000199 seconds
41.893: [GC (Allocation Failure)  868750K->555184K(1029120K), 0.0047130 secs]
41.898: Total time for which application threads were stopped: 0.0048763 seconds, Stopping threads took: 0.0000202 seconds
41.965: [GC (Allocation Failure)  876720K->555184K(1034240K), 0.0046128 secs]
41.970: Total time for which application threads were stopped: 0.0047895 seconds, Stopping threads took: 0.0000218 seconds
42.038: [GC (Allocation Failure)  875696K->555400K(1034240K), 0.0047907 secs]
42.043: Total time for which application threads were stopped: 0.0049819 seconds, Stopping threads took: 0.0000216 seconds
42.114: [GC (Allocation Failure)  875912K->563210K(1034240K), 0.0047283 secs]
42.119: Total time for which application threads were stopped: 0.0049017 seconds, Stopping threads took: 0.0000195 seconds
42.188: [GC (Allocation Failure)  883722K->563210K(1034240K), 0.0048271 secs]
42.193: Total time for which application threads were stopped: 0.0049987 seconds, Stopping threads took: 0.0000207 seconds
42.261: [GC (Allocation Failure)  883722K->563658K(1033216K), 0.0047530 secs]
42.265: Total time for which application threads were stopped: 0.0049159 seconds, Stopping threads took: 0.0000200 seconds
42.332: [GC (Allocation Failure)  883146K->571244K(1033728K), 0.0049530 secs]
42.337: Total time for which application threads were stopped: 0.0051309 seconds, Stopping threads took: 0.0000189 seconds
42.406: [GC (Allocation Failure)  890732K->571276K(1033728K), 0.0047079 secs]
42.411: Total time for which application threads were stopped: 0.0048922 seconds, Stopping threads took: 0.0000208 seconds
42.478: [GC (Allocation Failure)  890764K->571404K(1033728K), 0.0047243 secs]
42.482: Total time for which application threads were stopped: 0.0049286 seconds, Stopping threads took: 0.0000190 seconds
42.551: [GC (Allocation Failure)  890892K->579311K(1033728K), 0.0046819 secs]
42.556: Total time for which application threads were stopped: 0.0048313 seconds, Stopping threads took: 0.0000170 seconds
42.625: [GC (Allocation Failure)  898799K->579247K(1033728K), 0.0047153 secs]
42.629: Total time for which application threads were stopped: 0.0048738 seconds, Stopping threads took: 0.0000256 seconds
42.696: [GC (Allocation Failure)  898735K->579335K(1033728K), 0.0048161 secs]
42.701: Total time for which application threads were stopped: 0.0049980 seconds, Stopping threads took: 0.0000202 seconds
42.769: [GC (Allocation Failure)  898823K->587305K(1027072K), 0.0048623 secs]
42.774: Total time for which application threads were stopped: 0.0050411 seconds, Stopping threads took: 0.0000207 seconds
42.841: [GC (Allocation Failure)  906792K->583431K(1034240K), 0.0037526 secs]
42.845: Total time for which application threads were stopped: 0.0039313 seconds, Stopping threads took: 0.0000167 seconds
42.914: [GC (Allocation Failure)  902919K->587465K(1033216K), 0.0048305 secs]
42.919: Total time for which application threads were stopped: 0.0049880 seconds, Stopping threads took: 0.0000193 seconds
42.986: [GC (Allocation Failure)  906953K->591401K(1034752K), 0.0047663 secs]
42.991: Total time for which application threads were stopped: 0.0049245 seconds, Stopping threads took: 0.0000200 seconds
43.059: [GC (Allocation Failure)  912937K->584647K(1034752K), 0.0064747 secs]
43.066: Total time for which application threads were stopped: 0.0066404 seconds, Stopping threads took: 0.0000170 seconds
43.133: [GC (Allocation Failure)  906183K->591529K(1034752K), 0.0045051 secs]
43.138: Total time for which application threads were stopped: 0.0046730 seconds, Stopping threads took: 0.0000200 seconds
43.204: [GC (Allocation Failure)  913065K->595569K(1034752K), 0.0055383 secs]
43.210: Total time for which application threads were stopped: 0.0057329 seconds, Stopping threads took: 0.0000201 seconds
43.275: [GC (Allocation Failure)  917105K->589999K(1034752K), 0.0028711 secs]
43.278: Total time for which application threads were stopped: 0.0030276 seconds, Stopping threads took: 0.0000206 seconds
43.347: [GC (Allocation Failure)  911535K->595841K(1034752K), 0.0047194 secs]
43.352: Total time for which application threads were stopped: 0.0049004 seconds, Stopping threads took: 0.0000172 seconds
43.420: [GC (Allocation Failure)  917377K->599713K(1034752K), 0.0051085 secs]
43.425: Total time for which application threads were stopped: 0.0052810 seconds, Stopping threads took: 0.0000204 seconds
43.493: [GC (Allocation Failure)  922201K->595807K(1035264K), 0.0037196 secs]
43.497: Total time for which application threads were stopped: 0.0038771 seconds, Stopping threads took: 0.0000203 seconds
43.566: [GC (Allocation Failure)  918367K->599881K(1036288K), 0.0050417 secs]
43.571: Total time for which application threads were stopped: 0.0052093 seconds, Stopping threads took: 0.0000200 seconds
43.639: [GC (Allocation Failure)  923977K->603849K(1035776K), 0.0046487 secs]
43.644: Total time for which application threads were stopped: 0.0048192 seconds, Stopping threads took: 0.0000283 seconds
43.712: [GC (Allocation Failure)  927945K->603881K(1035776K), 0.0047586 secs]
43.717: Total time for which application threads were stopped: 0.0049165 seconds, Stopping threads took: 0.0000204 seconds
43.786: [GC (Allocation Failure)  927465K->603913K(1023488K), 0.0048098 secs]
43.791: Total time for which application threads were stopped: 0.0049704 seconds, Stopping threads took: 0.0000196 seconds
43.857: [GC (Allocation Failure)  927497K->611883K(1035264K), 0.0049097 secs]
43.862: Total time for which application threads were stopped: 0.0050777 seconds, Stopping threads took: 0.0000203 seconds
43.930: [GC (Allocation Failure)  934443K->611883K(1030144K), 0.0047025 secs]
43.935: Total time for which application threads were stopped: 0.0048609 seconds, Stopping threads took: 0.0000196 seconds
44.002: [GC (Allocation Failure)  934443K->611939K(1034752K), 0.0048143 secs]
44.007: Total time for which application threads were stopped: 0.0049923 seconds, Stopping threads took: 0.0000203 seconds
44.076: [GC (Allocation Failure)  933475K->619909K(1034752K), 0.0047977 secs]
44.081: Total time for which application threads were stopped: 0.0049752 seconds, Stopping threads took: 0.0000198 seconds
44.150: [GC (Allocation Failure)  941445K->619909K(1033728K), 0.0044847 secs]
44.154: Total time for which application threads were stopped: 0.0046409 seconds, Stopping threads took: 0.0000251 seconds
44.221: [GC (Allocation Failure)  940421K->620165K(1034240K), 0.0050491 secs]
44.226: Total time for which application threads were stopped: 0.0052147 seconds, Stopping threads took: 0.0000211 seconds
44.295: [GC (Allocation Failure)  940677K->627944K(1034240K), 0.0047532 secs]
44.300: Total time for which application threads were stopped: 0.0049438 seconds, Stopping threads took: 0.0000200 seconds
44.369: [GC (Allocation Failure)  948456K->627976K(1034240K), 0.0048711 secs]
44.374: Total time for which application threads were stopped: 0.0050404 seconds, Stopping threads took: 0.0000199 seconds
44.442: [GC (Allocation Failure)  948488K->628392K(1033216K), 0.0048661 secs]
44.447: Total time for which application threads were stopped: 0.0050302 seconds, Stopping threads took: 0.0000218 seconds
44.516: [GC (Allocation Failure)  947880K->636010K(1033728K), 0.0048339 secs]
44.521: Total time for which application threads were stopped: 0.0050002 seconds, Stopping threads took: 0.0000192 seconds
44.589: [GC (Allocation Failure)  955498K->635978K(1033728K), 0.0048131 secs]
44.594: Total time for which application threads were stopped: 0.0049874 seconds, Stopping threads took: 0.0000195 seconds
44.659: [GC (Allocation Failure)  955466K->636106K(1033728K), 0.0065110 secs]
44.666: Total time for which application threads were stopped: 0.0066874 seconds, Stopping threads took: 0.0000282 seconds
44.734: [GC (Allocation Failure)  955594K->644012K(1033728K), 0.0046385 secs]
44.739: Total time for which application threads were stopped: 0.0048015 seconds, Stopping threads took: 0.0000268 seconds
44.806: [GC (Allocation Failure)  963500K->644012K(1033728K), 0.0047435 secs]
44.811: Total time for which application threads were stopped: 0.0049411 seconds, Stopping threads took: 0.0000212 seconds
44.879: [GC (Allocation Failure)  963500K->644076K(1033728K), 0.0050845 secs]
44.884: Total time for which application threads were stopped: 0.0052362 seconds, Stopping threads took: 0.0000167 seconds
44.951: [GC (Allocation Failure)  963564K->652015K(1027072K), 0.0049061 secs]
44.956: Total time for which application threads were stopped: 0.0050983 seconds, Stopping threads took: 0.0000198 seconds
45.022: [GC (Allocation Failure)  971502K->648172K(1034240K), 0.0040391 secs]
45.026: Total time for which application threads were stopped: 0.0041968 seconds, Stopping threads took: 0.0000197 seconds
45.094: [GC (Allocation Failure)  967660K->652207K(1033216K), 0.0049821 secs]
45.099: Total time for which application threads were stopped: 0.0051601 seconds, Stopping threads took: 0.0000194 seconds
45.167: [GC (Allocation Failure)  971695K->656175K(1034752K), 0.0048302 secs]
45.172: Total time for which application threads were stopped: 0.0050054 seconds, Stopping threads took: 0.0000284 seconds
45.238: [GC (Allocation Failure)  977711K->649420K(1034752K), 0.0021888 secs]
45.240: Total time for which application threads were stopped: 0.0023419 seconds, Stopping threads took: 0.0000194 seconds
45.309: [GC (Allocation Failure)  970956K->656247K(1034752K), 0.0049036 secs]
45.314: Total time for which application threads were stopped: 0.0050598 seconds, Stopping threads took: 0.0000165 seconds
45.380: [GC (Allocation Failure)  977783K->660327K(1034752K), 0.0056686 secs]
45.386: Total time for which application threads were stopped: 0.0058826 seconds, Stopping threads took: 0.0000213 seconds
45.453: [GC (Allocation Failure)  981863K->654788K(1034752K), 0.0030540 secs]
45.456: Total time for which application threads were stopped: 0.0032404 seconds, Stopping threads took: 0.0000204 seconds
45.525: [GC (Allocation Failure)  976324K->660599K(1034752K), 0.0047329 secs]
45.530: Total time for which application threads were stopped: 0.0049134 seconds, Stopping threads took: 0.0000167 seconds
45.598: [GC (Allocation Failure)  982135K->664503K(1034752K), 0.0051183 secs]
45.604: Total time for which application threads were stopped: 0.0052849 seconds, Stopping threads took: 0.0000203 seconds
45.670: [GC (Allocation Failure)  986991K->660596K(1035264K), 0.0037526 secs]
45.674: Total time for which application threads were stopped: 0.0039636 seconds, Stopping threads took: 0.0000280 seconds
45.742: [GC (Allocation Failure)  983156K->664623K(1036288K), 0.0051512 secs]
45.747: Total time for which application threads were stopped: 0.0053446 seconds, Stopping threads took: 0.0000311 seconds
45.814: [GC (Allocation Failure)  988719K->668591K(1035776K), 0.0048694 secs]
45.819: Total time for which application threads were stopped: 0.0050421 seconds, Stopping threads took: 0.0000199 seconds
45.887: [GC (Allocation Failure)  992687K->668623K(1035776K), 0.0048752 secs]
45.892: Total time for which application threads were stopped: 0.0050556 seconds, Stopping threads took: 0.0000201 seconds
45.960: [GC (Allocation Failure)  992207K->668655K(1023488K), 0.0057403 secs]
45.965: Total time for which application threads were stopped: 0.0059019 seconds, Stopping threads took: 0.0000208 seconds
46.031: [GC (Allocation Failure)  992239K->676625K(1035264K), 0.0145357 secs]
46.046: Total time for which application threads were stopped: 0.0147274 seconds, Stopping threads took: 0.0000194 seconds
46.114: [GC (Allocation Failure)  999185K->676625K(1030144K), 0.0048564 secs]
46.119: Total time for which application threads were stopped: 0.0050264 seconds, Stopping threads took: 0.0000201 seconds
46.187: [GC (Allocation Failure)  999185K->676681K(1034752K), 0.0048554 secs]
46.192: Total time for which application threads were stopped: 0.0050206 seconds, Stopping threads took: 0.0000281 seconds
46.259: [GC (Allocation Failure)  998217K->684683K(1034752K), 0.0050953 secs]
46.265: Total time for which application threads were stopped: 0.0052638 seconds, Stopping threads took: 0.0000215 seconds
46.334: [GC (Allocation Failure)  1006219K->684651K(1033728K), 0.0047562 secs]
46.339: Total time for which application threads were stopped: 0.0049139 seconds, Stopping threads took: 0.0000189 seconds
46.407: [GC (Allocation Failure)  1005163K->684907K(1034240K), 0.0048169 secs]
46.412: Total time for which application threads were stopped: 0.0049790 seconds, Stopping threads took: 0.0000196 seconds
46.479: [GC (Allocation Failure)  1005419K->692717K(1034240K), 0.0050135 secs]
46.484: Total time for which application threads were stopped: 0.0052004 seconds, Stopping threads took: 0.0000194 seconds
46.554: [GC (Allocation Failure)  1013229K->692685K(1034240K), 0.0048292 secs]
46.558: Total time for which application threads were stopped: 0.0049906 seconds, Stopping threads took: 0.0000201 seconds
46.626: [GC (Allocation Failure)  1013197K->693133K(1033216K), 0.0050678 secs]
46.631: [Full GC (Ergonomics)  693133K->8911K(1033216K), 0.0127517 secs]
46.644: Total time for which application threads were stopped: 0.0180554 seconds, Stopping threads took: 0.0000262 seconds
46.711: [GC (Allocation Failure)  328399K->17618K(1033728K), 0.0039107 secs]
46.715: Total time for which application threads were stopped: 0.0040601 seconds, Stopping threads took: 0.0000172 seconds
46.783: [GC (Allocation Failure)  337106K->17626K(1033728K), 0.0035736 secs]
46.787: Total time for which application threads were stopped: 0.0037494 seconds, Stopping threads took: 0.0000189 seconds
46.853: [GC (Allocation Failure)  337114K->17754K(1033728K), 0.0037969 secs]
46.857: Total time for which application threads were stopped: 0.0039888 seconds, Stopping threads took: 0.0000198 seconds
46.925: [GC (Allocation Failure)  337242K->25660K(1032704K), 0.0036876 secs]
46.929: Total time for which application threads were stopped: 0.0038440 seconds, Stopping threads took: 0.0000170 seconds
46.994: [GC (Allocation Failure)  344124K->25660K(1033216K), 0.0033560 secs]
46.998: Total time for which application threads were stopped: 0.0035565 seconds, Stopping threads took: 0.0000270 seconds
47.067: [GC (Allocation Failure)  344124K->25692K(1033216K), 0.0043058 secs]
47.071: Total time for which application threads were stopped: 0.0044434 seconds, Stopping threads took: 0.0000149 seconds
47.138: [GC (Allocation Failure)  344156K->33694K(1033216K), 0.0035014 secs]
47.141: Total time for which application threads were stopped: 0.0037116 seconds, Stopping threads took: 0.0000462 seconds
47.207: [GC (Allocation Failure)  352158K->26108K(1033216K), 0.0007709 secs]
47.208: Total time for which application threads were stopped: 0.0009018 seconds, Stopping threads took: 0.0000191 seconds
47.278: [GC (Allocation Failure)  344572K->33950K(1033216K), 0.0037316 secs]
47.282: Total time for which application threads were stopped: 0.0038980 seconds, Stopping threads took: 0.0000194 seconds
47.347: [GC (Allocation Failure)  352414K->37878K(1033216K), 0.0050555 secs]
47.352: Total time for which application threads were stopped: 0.0052217 seconds, Stopping threads took: 0.0000197 seconds
47.417: [GC (Allocation Failure)  356342K->38644K(1033216K), 0.0041660 secs]
47.421: Total time for which application threads were stopped: 0.0043467 seconds, Stopping threads took: 0.0000196 seconds
47.489: [GC (Allocation Failure)  357108K->38006K(1033216K), 0.0037475 secs]
47.493: Total time for which application threads were stopped: 0.0039276 seconds, Stopping threads took: 0.0000203 seconds
47.560: [GC (Allocation Failure)  356470K->37846K(1033216K), 0.0037325 secs]
47.564: Total time for which application threads were stopped: 0.0039044 seconds, Stopping threads took: 0.0000201 seconds
47.628: [GC (Allocation Failure)  356310K->30644K(1033216K), 0.0007697 secs]
47.629: Total time for which application threads were stopped: 0.0008863 seconds, Stopping threads took: 0.0000257 seconds
47.697: [GC (Allocation Failure)  349108K->37974K(1033216K), 0.0038273 secs]
47.701: Total time for which application threads were stopped: 0.0039869 seconds, Stopping threads took: 0.0000172 seconds
47.770: [GC (Allocation Failure)  356438K->37878K(1033216K), 0.0036020 secs]
47.773: Total time for which application threads were stopped: 0.0037684 seconds, Stopping threads took: 0.0000196 seconds
47.840: [GC (Allocation Failure)  356342K->38870K(1033216K), 0.0039532 secs]
47.844: Total time for which application threads were stopped: 0.0041218 seconds, Stopping threads took: 0.0000195 seconds
47.909: [GC (Allocation Failure)  357334K->45944K(1033216K), 0.0038334 secs]
47.913: Total time for which application threads were stopped: 0.0039947 seconds, Stopping threads took: 0.0000199 seconds
47.980: [GC (Allocation Failure)  364408K->45880K(1033216K), 0.0038864 secs]
47.984: Total time for which application threads were stopped: 0.0040464 seconds, Stopping threads took: 0.0000193 seconds
48.050: [GC (Allocation Failure)  364344K->47128K(1033728K), 0.0037330 secs]
48.054: Total time for which application threads were stopped: 0.0038887 seconds, Stopping threads took: 0.0000172 seconds
48.122: [GC (Allocation Failure)  366616K->53915K(1033728K), 0.0038172 secs]
48.126: Total time for which application threads were stopped: 0.0039890 seconds, Stopping threads took: 0.0000202 seconds
48.193: [GC (Allocation Failure)  373403K->53915K(1033728K), 0.0037744 secs]
48.197: Total time for which application threads were stopped: 0.0039680 seconds, Stopping threads took: 0.0000209 seconds
48.265: [GC (Allocation Failure)  373403K->54339K(1033728K), 0.0036858 secs]
48.269: Total time for which application threads were stopped: 0.0038426 seconds, Stopping threads took: 0.0000194 seconds
48.334: [GC (Allocation Failure)  373827K->61957K(1033728K), 0.0037107 secs]
48.338: Total time for which application threads were stopped: 0.0038718 seconds, Stopping threads took: 0.0000195 seconds
48.404: [GC (Allocation Failure)  381445K->61957K(1033728K), 0.0038238 secs]
48.408: Total time for which application threads were stopped: 0.0039960 seconds, Stopping threads took: 0.0000195 seconds
48.476: [GC (Allocation Failure)  381445K->65645K(1034240K), 0.0045377 secs]
48.481: Total time for which application threads were stopped: 0.0046948 seconds, Stopping threads took: 0.0000247 seconds
48.548: [GC (Allocation Failure)  385645K->70031K(1033728K), 0.0037241 secs]
48.552: Total time for which application threads were stopped: 0.0038868 seconds, Stopping threads took: 0.0000201 seconds
48.620: [GC (Allocation Failure)  390031K->69999K(1034240K), 0.0038710 secs]
48.624: Total time for which application threads were stopped: 0.0040565 seconds, Stopping threads took: 0.0000203 seconds
48.692: [GC (Allocation Failure)  390511K->70823K(1034240K), 0.0037406 secs]
48.696: Total time for which application threads were stopped: 0.0040301 seconds, Stopping threads took: 0.0000160 seconds
48.765: [GC (Allocation Failure)  391335K->78121K(1033216K), 0.0038597 secs]
48.769: Total time for which application threads were stopped: 0.0040519 seconds, Stopping threads took: 0.0000190 seconds
48.837: [GC (Allocation Failure)  397609K->78025K(1033728K), 0.0038031 secs]
48.841: Total time for which application threads were stopped: 0.0039623 seconds, Stopping threads took: 0.0000199 seconds
48.910: [GC (Allocation Failure)  397513K->79049K(1033216K), 0.0039780 secs]
48.914: Total time for which application threads were stopped: 0.0041712 seconds, Stopping threads took: 0.0000196 seconds
48.981: [GC (Allocation Failure)  398537K->86092K(1033728K), 0.0039166 secs]
48.985: Total time for which application threads were stopped: 0.0040733 seconds, Stopping threads took: 0.0000197 seconds
49.053: [GC (Allocation Failure)  405580K->86060K(1033728K), 0.0037977 secs]
49.056: Total time for which application threads were stopped: 0.0039975 seconds, Stopping threads took: 0.0000269 seconds
49.122: [GC (Allocation Failure)  405548K->86252K(1033728K), 0.0037934 secs]
49.126: Total time for which application threads were stopped: 0.0039499 seconds, Stopping threads took: 0.0000168 seconds
49.195: [GC (Allocation Failure)  405740K->94126K(1033728K), 0.0039091 secs]
49.199: Total time for which application threads were stopped: 0.0040784 seconds, Stopping threads took: 0.0000257 seconds
49.266: [GC (Allocation Failure)  413614K->94094K(1033728K), 0.0038049 secs]
49.270: Total time for which application threads were stopped: 0.0039876 seconds, Stopping threads took: 0.0000216 seconds
49.335: [GC (Allocation Failure)  413582K->94470K(1033728K), 0.0045245 secs]
49.340: Total time for which application threads were stopped: 0.0047054 seconds, Stopping threads took: 0.0000205 seconds
49.409: [GC (Allocation Failure)  413958K->102184K(1033728K), 0.0037561 secs]
49.413: Total time for which application threads were stopped: 0.0039179 seconds, Stopping threads took: 0.0000192 seconds
49.480: [GC (Allocation Failure)  421672K->102120K(1033728K), 0.0036467 secs]
49.484: Total time for which application threads were stopped: 0.0038474 seconds, Stopping threads took: 0.0000213 seconds
49.550: [GC (Allocation Failure)  421608K->102728K(1033728K), 0.0038504 secs]
49.554: Total time for which application threads were stopped: 0.0040602 seconds, Stopping threads took: 0.0000171 seconds
49.623: [GC (Allocation Failure)  422216K->110218K(1033728K), 0.0038538 secs]
49.627: Total time for which application threads were stopped: 0.0040115 seconds, Stopping threads took: 0.0000169 seconds
49.698: [GC (Allocation Failure)  429706K->110154K(1033728K), 0.0037007 secs]
49.702: Total time for which application threads were stopped: 0.0038549 seconds, Stopping threads took: 0.0000255 seconds
49.767: [GC (Allocation Failure)  429642K->111978K(1033728K), 0.0041139 secs]
49.771: Total time for which application threads were stopped: 0.0042839 seconds, Stopping threads took: 0.0000201 seconds
49.837: [GC (Allocation Failure)  431466K->118285K(1033728K), 0.0039524 secs]
49.841: Total time for which application threads were stopped: 0.0041272 seconds, Stopping threads took: 0.0000205 seconds
49.908: [GC (Allocation Failure)  437773K->118221K(1033728K), 0.0039535 secs]
49.912: Total time for which application threads were stopped: 0.0041654 seconds, Stopping threads took: 0.0000217 seconds
49.978: [GC (Allocation Failure)  437709K->119181K(1033728K), 0.0041025 secs]
49.982: Total time for which application threads were stopped: 0.0042678 seconds, Stopping threads took: 0.0000207 seconds
50.048: [GC (Allocation Failure)  438669K->126287K(1033728K), 0.0046753 secs]
50.053: Total time for which application threads were stopped: 0.0048477 seconds, Stopping threads took: 0.0000252 seconds
50.122: [GC (Allocation Failure)  445775K->126223K(1033728K), 0.0037837 secs]
50.125: Total time for which application threads were stopped: 0.0039445 seconds, Stopping threads took: 0.0000196 seconds
50.191: [GC (Allocation Failure)  445711K->126375K(1033728K), 0.0038647 secs]
50.195: Total time for which application threads were stopped: 0.0040321 seconds, Stopping threads took: 0.0000203 seconds
50.263: [GC (Allocation Failure)  445863K->134281K(1033728K), 0.0040662 secs]
50.267: Total time for which application threads were stopped: 0.0042380 seconds, Stopping threads took: 0.0000210 seconds
50.336: [GC (Allocation Failure)  453769K->134217K(1033728K), 0.0038549 secs]
50.340: Total time for which application threads were stopped: 0.0040250 seconds, Stopping threads took: 0.0000205 seconds
50.404: [GC (Allocation Failure)  453705K->134601K(1033728K), 0.0039597 secs]
50.408: Total time for which application threads were stopped: 0.0041216 seconds, Stopping threads took: 0.0000204 seconds
50.475: [GC (Allocation Failure)  454089K->142380K(1032704K), 0.0039280 secs]
50.479: Total time for which application threads were stopped: 0.0042571 seconds, Stopping threads took: 0.0000195 seconds
50.546: [GC (Allocation Failure)  460844K->142284K(1033216K), 0.0039857 secs]
50.550: Total time for which application threads were stopped: 0.0041443 seconds, Stopping threads took: 0.0000194 seconds
50.614: [GC (Allocation Failure)  460748K->142828K(1033216K), 0.0040712 secs]
50.619: Total time for which application threads were stopped: 0.0042281 seconds, Stopping threads took: 0.0000186 seconds
50.686: [GC (Allocation Failure)  461292K->150318K(1033216K), 0.0036921 secs]
50.689: Total time for which application threads were stopped: 0.0038585 seconds, Stopping threads took: 0.0000271 seconds
50.755: [GC (Allocation Failure)  468782K->150318K(1033216K), 0.0064953 secs]
50.761: Total time for which application threads were stopped: 0.0066555 seconds, Stopping threads took: 0.0000197 seconds
50.826: [GC (Allocation Failure)  468782K->151054K(1033216K), 0.0040524 secs]
50.830: Total time for which application threads were stopped: 0.0042459 seconds, Stopping threads took: 0.0000191 seconds
50.899: [GC (Allocation Failure)  469518K->158384K(1033216K), 0.0040657 secs]
50.903: Total time for which application threads were stopped: 0.0042149 seconds, Stopping threads took: 0.0000173 seconds
50.970: [GC (Allocation Failure)  476848K->158384K(1033216K), 0.0036639 secs]
50.973: Total time for which application threads were stopped: 0.0038647 seconds, Stopping threads took: 0.0000279 seconds
51.040: [GC (Allocation Failure)  476848K->159336K(1033728K), 0.0041653 secs]
51.044: Total time for which application threads were stopped: 0.0043387 seconds, Stopping threads took: 0.0000201 seconds
51.112: [GC (Allocation Failure)  478312K->166410K(1033216K), 0.0040068 secs]
51.116: Total time for which application threads were stopped: 0.0042018 seconds, Stopping threads took: 0.0000201 seconds
51.184: [GC (Allocation Failure)  485386K->166378K(1033216K), 0.0037577 secs]
51.188: Total time for which application threads were stopped: 0.0039239 seconds, Stopping threads took: 0.0000269 seconds
51.252: [GC (Allocation Failure)  484842K->166538K(1033216K), 0.0040809 secs]
51.256: Total time for which application threads were stopped: 0.0042520 seconds, Stopping threads took: 0.0000202 seconds
51.321: [GC (Allocation Failure)  485002K->174445K(1033216K), 0.0041134 secs]
51.325: Total time for which application threads were stopped: 0.0042845 seconds, Stopping threads took: 0.0000205 seconds
51.391: [GC (Allocation Failure)  492909K->174445K(1033216K), 0.0039254 secs]
51.395: Total time for which application threads were stopped: 0.0040842 seconds, Stopping threads took: 0.0000199 seconds
51.460: [GC (Allocation Failure)  492909K->174765K(1033216K), 0.0040598 secs]
51.464: Total time for which application threads were stopped: 0.0042284 seconds, Stopping threads took: 0.0000203 seconds
51.531: [GC (Allocation Failure)  493229K->182447K(1033216K), 0.0042037 secs]
51.535: Total time for which application threads were stopped: 0.0043629 seconds, Stopping threads took: 0.0000197 seconds
51.602: [GC (Allocation Failure)  500911K->182447K(1033216K), 0.0041011 secs]
51.606: Total time for which application threads were stopped: 0.0042699 seconds, Stopping threads took: 0.0000197 seconds
51.671: [GC (Allocation Failure)  500911K->182983K(1033216K), 0.0040201 secs]
51.675: Total time for which application threads were stopped: 0.0041976 seconds, Stopping threads took: 0.0000267 seconds
51.742: [GC (Allocation Failure)  501447K->190505K(1033216K), 0.0040975 secs]
51.746: Total time for which application threads were stopped: 0.0042692 seconds, Stopping threads took: 0.0000205 seconds
51.811: [GC (Allocation Failure)  508969K->190473K(1033216K), 0.0040844 secs]
51.815: Total time for which application threads were stopped: 0.0042631 seconds, Stopping threads took: 0.0000202 seconds
51.883: [GC (Allocation Failure)  508937K->190729K(1033216K), 0.0039306 secs]
51.887: Total time for which application threads were stopped: 0.0041066 seconds, Stopping threads took: 0.0000216 seconds
51.953: [GC (Allocation Failure)  509193K->198507K(1033216K), 0.0042736 secs]
51.957: Total time for which application threads were stopped: 0.0044445 seconds, Stopping threads took: 0.0000204 seconds
52.023: [GC (Allocation Failure)  516971K->198475K(1033216K), 0.0040157 secs]
52.027: Total time for which application threads were stopped: 0.0041881 seconds, Stopping threads took: 0.0000209 seconds
52.093: [GC (Allocation Failure)  516939K->198571K(1033216K), 0.0039939 secs]
52.098: Total time for which application threads were stopped: 0.0041650 seconds, Stopping threads took: 0.0000203 seconds
52.165: [GC (Allocation Failure)  517035K->206542K(1033216K), 0.0039821 secs]
52.169: Total time for which application threads were stopped: 0.0041664 seconds, Stopping threads took: 0.0000269 seconds
52.234: [GC (Allocation Failure)  525006K->206542K(1033216K), 0.0040979 secs]
52.239: Total time for which application threads were stopped: 0.0042711 seconds, Stopping threads took: 0.0000218 seconds
52.303: [GC (Allocation Failure)  525006K->206694K(1033216K), 0.0042223 secs]
52.307: Total time for which application threads were stopped: 0.0043873 seconds, Stopping threads took: 0.0000201 seconds
52.375: [GC (Allocation Failure)  525158K->214568K(1033216K), 0.0040282 secs]
52.379: Total time for which application threads were stopped: 0.0041891 seconds, Stopping threads took: 0.0000207 seconds
52.445: [GC (Allocation Failure)  533032K->209318K(1033728K), 0.0020008 secs]
52.448: Total time for which application threads were stopped: 0.0021564 seconds, Stopping threads took: 0.0000194 seconds
52.516: [GC (Allocation Failure)  528294K->214672K(1033216K), 0.0043022 secs]
52.521: Total time for which application threads were stopped: 0.0044713 seconds, Stopping threads took: 0.0000202 seconds
52.588: [GC (Allocation Failure)  533648K->218744K(1033728K), 0.0042905 secs]
52.593: Total time for which application threads were stopped: 0.0044681 seconds, Stopping threads took: 0.0000208 seconds
52.660: [GC (Allocation Failure)  539256K->224950K(1034240K), 0.0065173 secs]
52.667: Total time for which application threads were stopped: 0.0066947 seconds, Stopping threads took: 0.0000260 seconds
52.735: [GC (Allocation Failure)  545462K->218936K(1030144K), 0.0043099 secs]
52.739: Total time for which application threads were stopped: 0.0044797 seconds, Stopping threads took: 0.0000202 seconds
52.805: [GC (Allocation Failure)  535352K->218744K(1032192K), 0.0041072 secs]
52.810: Total time for which application threads were stopped: 0.0042715 seconds, Stopping threads took: 0.0000202 seconds
52.875: [GC (Allocation Failure)  535160K->214902K(1033216K), 0.0026803 secs]
52.878: Total time for which application threads were stopped: 0.0028534 seconds, Stopping threads took: 0.0000215 seconds
52.945: [GC (Allocation Failure)  532854K->218872K(1032704K), 0.0041083 secs]
52.949: Total time for which application threads were stopped: 0.0042788 seconds, Stopping threads took: 0.0000203 seconds
53.016: [GC (Allocation Failure)  536824K->218680K(1033728K), 0.0041580 secs]
53.020: Total time for which application threads were stopped: 0.0043267 seconds, Stopping threads took: 0.0000208 seconds
53.085: [GC (Allocation Failure)  537656K->222616K(1033216K), 0.0047788 secs]
53.090: Total time for which application threads were stopped: 0.0049265 seconds, Stopping threads took: 0.0000165 seconds
53.157: [GC (Allocation Failure)  541592K->226842K(1034240K), 0.0038722 secs]
53.161: Total time for which application threads were stopped: 0.0040483 seconds, Stopping threads took: 0.0000265 seconds
53.229: [GC (Allocation Failure)  546842K->226714K(1033728K), 0.0040214 secs]
53.233: Total time for which application threads were stopped: 0.0041872 seconds, Stopping threads took: 0.0000204 seconds
53.297: [GC (Allocation Failure)  546714K->230354K(1034752K), 0.0048268 secs]
53.302: Total time for which application threads were stopped: 0.0049936 seconds, Stopping threads took: 0.0000193 seconds
53.369: [GC (Allocation Failure)  551378K->234836K(1034240K), 0.0042895 secs]
53.374: Total time for which application threads were stopped: 0.0044636 seconds, Stopping threads took: 0.0000197 seconds
53.443: [GC (Allocation Failure)  555860K->234804K(1034752K), 0.0041633 secs]
53.447: Total time for which application threads were stopped: 0.0043371 seconds, Stopping threads took: 0.0000264 seconds
53.514: [GC (Allocation Failure)  556340K->238580K(1034752K), 0.0050583 secs]
53.520: Total time for which application threads were stopped: 0.0052456 seconds, Stopping threads took: 0.0000195 seconds
53.589: [GC (Allocation Failure)  560116K->242807K(1035264K), 0.0041724 secs]
53.593: Total time for which application threads were stopped: 0.0043459 seconds, Stopping threads took: 0.0000202 seconds
53.661: [GC (Allocation Failure)  564855K->242807K(1034752K), 0.0042113 secs]
53.665: Total time for which application threads were stopped: 0.0044065 seconds, Stopping threads took: 0.0000258 seconds
53.732: [GC (Allocation Failure)  564855K->244767K(1035264K), 0.0044847 secs]
53.737: Total time for which application threads were stopped: 0.0046555 seconds, Stopping threads took: 0.0000198 seconds
53.805: [GC (Allocation Failure)  567327K->250881K(1035264K), 0.0039956 secs]
53.809: Total time for which application threads were stopped: 0.0041833 seconds, Stopping threads took: 0.0000220 seconds
53.877: [GC (Allocation Failure)  573441K->250849K(1035264K), 0.0041672 secs]
53.881: Total time for which application threads were stopped: 0.0043362 seconds, Stopping threads took: 0.0000203 seconds
53.948: [GC (Allocation Failure)  573409K->253001K(1035264K), 0.0042864 secs]
53.952: Total time for which application threads were stopped: 0.0044543 seconds, Stopping threads took: 0.0000268 seconds
54.019: [GC (Allocation Failure)  575561K->259083K(1035264K), 0.0041407 secs]
54.024: Total time for which application threads were stopped: 0.0043081 seconds, Stopping threads took: 0.0000192 seconds
54.093: [GC (Allocation Failure)  581643K->258923K(1035264K), 0.0042611 secs]
54.097: Total time for which application threads were stopped: 0.0044305 seconds, Stopping threads took: 0.0000199 seconds
54.164: [GC (Allocation Failure)  581483K->253225K(1035264K), 0.0019597 secs]
54.166: Total time for which application threads were stopped: 0.0021522 seconds, Stopping threads took: 0.0000263 seconds
54.236: [GC (Allocation Failure)  575785K->258987K(1035264K), 0.0039599 secs]
54.240: Total time for which application threads were stopped: 0.0041260 seconds, Stopping threads took: 0.0000211 seconds
54.309: [GC (Allocation Failure)  581547K->258891K(1035264K), 0.0041370 secs]
54.313: Total time for which application threads were stopped: 0.0042974 seconds, Stopping threads took: 0.0000201 seconds
54.380: [GC (Allocation Failure)  581451K->257545K(1035264K), 0.0037757 secs]
54.383: Total time for which application threads were stopped: 0.0039851 seconds, Stopping threads took: 0.0000198 seconds
54.451: [GC (Allocation Failure)  580105K->258923K(1035776K), 0.0038955 secs]
54.455: Total time for which application threads were stopped: 0.0040645 seconds, Stopping threads took: 0.0000197 seconds
54.525: [GC (Allocation Failure)  582507K->258859K(1035776K), 0.0042039 secs]
54.530: Total time for which application threads were stopped: 0.0043654 seconds, Stopping threads took: 0.0000204 seconds
54.595: [GC (Allocation Failure)  582443K->263817K(1032704K), 0.0065335 secs]
54.602: Total time for which application threads were stopped: 0.0067053 seconds, Stopping threads took: 0.0000200 seconds
54.670: [GC (Allocation Failure)  584329K->259083K(1034240K), 0.0042686 secs]
54.675: Total time for which application threads were stopped: 0.0044325 seconds, Stopping threads took: 0.0000205 seconds
54.742: [GC (Allocation Failure)  579595K->259083K(1034752K), 0.0039707 secs]
54.747: Total time for which application threads were stopped: 0.0041311 seconds, Stopping threads took: 0.0000195 seconds
54.812: [GC (Allocation Failure)  580619K->263209K(1033216K), 0.0059471 secs]
54.818: Total time for which application threads were stopped: 0.0061123 seconds, Stopping threads took: 0.0000213 seconds
54.884: [GC (Allocation Failure)  584745K->259275K(1034240K), 0.0048088 secs]
54.889: Total time for which application threads were stopped: 0.0050005 seconds, Stopping threads took: 0.0000201 seconds
54.955: [GC (Allocation Failure)  579275K->259083K(1033728K), 0.0054428 secs]
54.961: Total time for which application threads were stopped: 0.0055981 seconds, Stopping threads took: 0.0000196 seconds
55.027: [GC (Allocation Failure)  579083K->261385K(1034752K), 0.0050529 secs]
55.032: Total time for which application threads were stopped: 0.0052535 seconds, Stopping threads took: 0.0000205 seconds
55.103: [GC (Allocation Failure)  582921K->259243K(1034752K), 0.0043208 secs]
55.108: Total time for which application threads were stopped: 0.0044776 seconds, Stopping threads took: 0.0000181 seconds
55.176: [GC (Allocation Failure)  580779K->259083K(1035776K), 0.0042540 secs]
55.180: Total time for which application threads were stopped: 0.0044241 seconds, Stopping threads took: 0.0000284 seconds
55.246: [GC (Allocation Failure)  582155K->264105K(1035264K), 0.0064067 secs]
55.253: Total time for which application threads were stopped: 0.0065790 seconds, Stopping threads took: 0.0000190 seconds
55.320: [GC (Allocation Failure)  587177K->259499K(1034240K), 0.0042551 secs]
55.324: Total time for which application threads were stopped: 0.0044167 seconds, Stopping threads took: 0.0000196 seconds
55.391: [GC (Allocation Failure)  581035K->259371K(1034752K), 0.0041579 secs]
55.395: Total time for which application threads were stopped: 0.0043272 seconds, Stopping threads took: 0.0000203 seconds
55.460: [GC (Allocation Failure)  580907K->267177K(1030144K), 0.0078397 secs]
55.468: Total time for which application threads were stopped: 0.0080180 seconds, Stopping threads took: 0.0000273 seconds
55.536: [GC (Allocation Failure)  584617K->261995K(1032704K), 0.0040806 secs]
55.540: Total time for which application threads were stopped: 0.0042339 seconds, Stopping threads took: 0.0000197 seconds
55.608: [GC (Allocation Failure)  579435K->261899K(1033728K), 0.0040532 secs]
55.612: Total time for which application threads were stopped: 0.0043694 seconds, Stopping threads took: 0.0000193 seconds
55.679: [GC (Allocation Failure)  580875K->260233K(1033216K), 0.0033794 secs]
55.683: Total time for which application threads were stopped: 0.0035480 seconds, Stopping threads took: 0.0000280 seconds
55.750: [GC (Allocation Failure)  579209K->262187K(1034240K), 0.0042588 secs]
55.754: Total time for which application threads were stopped: 0.0044275 seconds, Stopping threads took: 0.0000201 seconds
55.820: [GC (Allocation Failure)  582187K->261899K(1033728K), 0.0041308 secs]
55.825: Total time for which application threads were stopped: 0.0043023 seconds, Stopping threads took: 0.0000202 seconds
55.892: [GC (Allocation Failure)  581899K->255817K(1033728K), 0.0017480 secs]
55.894: Total time for which application threads were stopped: 0.0019142 seconds, Stopping threads took: 0.0000198 seconds
55.963: [GC (Allocation Failure)  576329K->262123K(1034240K), 0.0042167 secs]
55.967: Total time for which application threads were stopped: 0.0043727 seconds, Stopping threads took: 0.0000193 seconds
56.035: [GC (Allocation Failure)  582635K->261931K(1035264K), 0.0040924 secs]
56.039: Total time for which application threads were stopped: 0.0042507 seconds, Stopping threads took: 0.0000192 seconds
56.107: [GC (Allocation Failure)  583979K->255497K(1034752K), 0.0016455 secs]
56.109: Total time for which application threads were stopped: 0.0017800 seconds, Stopping threads took: 0.0000196 seconds
56.177: [GC (Allocation Failure)  577545K->262091K(1034752K), 0.0041819 secs]
56.181: Total time for which application threads were stopped: 0.0043442 seconds, Stopping threads took: 0.0000201 seconds
56.250: [GC (Allocation Failure)  583627K->261963K(1034752K), 0.0039155 secs]
56.254: Total time for which application threads were stopped: 0.0040839 seconds, Stopping threads took: 0.0000279 seconds
56.319: [GC (Allocation Failure)  583499K->257225K(1035264K), 0.0028570 secs]
56.322: Total time for which application threads were stopped: 0.0030380 seconds, Stopping threads took: 0.0000197 seconds
56.389: [GC (Allocation Failure)  579785K->262027K(1035264K), 0.0042246 secs]
56.394: Total time for which application threads were stopped: 0.0044081 seconds, Stopping threads took: 0.0000205 seconds
56.464: [GC (Allocation Failure)  584587K->261963K(1035776K), 0.0040513 secs]
56.468: Total time for which application threads were stopped: 0.0042301 seconds, Stopping threads took: 0.0000198 seconds
56.537: [GC (Allocation Failure)  585035K->262089K(1035264K), 0.0041457 secs]
56.541: Total time for which application threads were stopped: 0.0043159 seconds, Stopping threads took: 0.0000193 seconds
56.609: [GC (Allocation Failure)  585161K->261963K(1036288K), 0.0043878 secs]
56.614: Total time for which application threads were stopped: 0.0045767 seconds, Stopping threads took: 0.0000206 seconds
56.684: [GC (Allocation Failure)  586059K->261963K(1035776K), 0.0040225 secs]
56.688: Total time for which application threads were stopped: 0.0041864 seconds, Stopping threads took: 0.0000264 seconds
56.756: [GC (Allocation Failure)  586059K->269913K(1031168K), 0.0078129 secs]
56.764: Total time for which application threads were stopped: 0.0079734 seconds, Stopping threads took: 0.0000199 seconds
56.832: [GC (Allocation Failure)  589401K->265883K(1033728K), 0.0042057 secs]
56.836: Total time for which application threads were stopped: 0.0043667 seconds, Stopping threads took: 0.0000206 seconds
56.902: [GC (Allocation Failure)  585371K->265691K(1034752K), 0.0042616 secs]
56.906: Total time for which application threads were stopped: 0.0044189 seconds, Stopping threads took: 0.0000196 seconds
56.975: [GC (Allocation Failure)  586715K->270297K(1033216K), 0.0060721 secs]
56.981: Total time for which application threads were stopped: 0.0062325 seconds, Stopping threads took: 0.0000199 seconds
57.046: [GC (Allocation Failure)  591321K->265883K(1034240K), 0.0048376 secs]
57.051: Total time for which application threads were stopped: 0.0050066 seconds, Stopping threads took: 0.0000253 seconds
57.120: [GC (Allocation Failure)  585883K->265691K(1033728K), 0.0041803 secs]
57.124: Total time for which application threads were stopped: 0.0043390 seconds, Stopping threads took: 0.0000203 seconds
57.189: [GC (Allocation Failure)  585691K->267929K(1033728K), 0.0051611 secs]
57.194: Total time for which application threads were stopped: 0.0053357 seconds, Stopping threads took: 0.0000265 seconds
57.261: [GC (Allocation Failure)  588441K->265787K(1034240K), 0.0040642 secs]
57.265: Total time for which application threads were stopped: 0.0042389 seconds, Stopping threads took: 0.0000212 seconds
57.333: [GC (Allocation Failure)  586299K->265691K(1035264K), 0.0039808 secs]
57.337: Total time for which application threads were stopped: 0.0041553 seconds, Stopping threads took: 0.0000225 seconds
57.404: [GC (Allocation Failure)  587739K->267673K(1034752K), 0.0050383 secs]
57.409: Total time for which application threads were stopped: 0.0052073 seconds, Stopping threads took: 0.0000195 seconds
57.477: [GC (Allocation Failure)  589721K->265755K(1035264K), 0.0041371 secs]
57.481: Total time for which application threads were stopped: 0.0043104 seconds, Stopping threads took: 0.0000206 seconds
57.548: [GC (Allocation Failure)  588315K->265691K(1035264K), 0.0040431 secs]
57.552: Total time for which application threads were stopped: 0.0042048 seconds, Stopping threads took: 0.0000205 seconds
57.619: [GC (Allocation Failure)  588251K->271401K(1032704K), 0.0067695 secs]
57.626: Total time for which application threads were stopped: 0.0069354 seconds, Stopping threads took: 0.0000188 seconds
57.692: [GC (Allocation Failure)  591913K->266699K(1034240K), 0.0041794 secs]
57.696: Total time for which application threads were stopped: 0.0043566 seconds, Stopping threads took: 0.0000289 seconds
57.763: [GC (Allocation Failure)  587211K->266699K(1034752K), 0.0041099 secs]
57.768: Total time for which application threads were stopped: 0.0042780 seconds, Stopping threads took: 0.0000198 seconds
57.834: [GC (Allocation Failure)  588235K->271625K(1034240K), 0.0061959 secs]
57.841: Total time for which application threads were stopped: 0.0063664 seconds, Stopping threads took: 0.0000208 seconds
57.906: [GC (Allocation Failure)  593161K->266859K(1034240K), 0.0041762 secs]
57.911: Total time for which application threads were stopped: 0.0043363 seconds, Stopping threads took: 0.0000200 seconds
57.978: [GC (Allocation Failure)  587371K->266699K(1034240K), 0.0039442 secs]
57.982: Total time for which application threads were stopped: 0.0041215 seconds, Stopping threads took: 0.0000209 seconds
58.049: [GC (Allocation Failure)  587211K->270729K(1033216K), 0.0075181 secs]
58.057: Total time for which application threads were stopped: 0.0077286 seconds, Stopping threads took: 0.0000247 seconds
58.125: [GC (Allocation Failure)  590217K->266795K(1033728K), 0.0040711 secs]
58.129: Total time for which application threads were stopped: 0.0042574 seconds, Stopping threads took: 0.0000168 seconds
58.197: [GC (Allocation Failure)  586283K->266699K(1034240K), 0.0041045 secs]
58.201: Total time for which application threads were stopped: 0.0042652 seconds, Stopping threads took: 0.0000199 seconds
58.268: [GC (Allocation Failure)  587211K->266857K(1034240K), 0.0042562 secs]
58.272: Total time for which application threads were stopped: 0.0044288 seconds, Stopping threads took: 0.0000248 seconds
58.340: [GC (Allocation Failure)  587369K->266763K(1034752K), 0.0040296 secs]
58.344: Total time for which application threads were stopped: 0.0042012 seconds, Stopping threads took: 0.0000204 seconds
58.411: [GC (Allocation Failure)  588299K->266667K(1034752K), 0.0043376 secs]
58.416: Total time for which application threads were stopped: 0.0045350 seconds, Stopping threads took: 0.0000259 seconds
58.482: [GC (Allocation Failure)  588203K->267081K(1035776K), 0.0044373 secs]
58.487: Total time for which application threads were stopped: 0.0045918 seconds, Stopping threads took: 0.0000184 seconds
58.557: [GC (Allocation Failure)  590153K->266731K(1035264K), 0.0041918 secs]
58.562: Total time for which application threads were stopped: 0.0043594 seconds, Stopping threads took: 0.0000200 seconds
58.629: [GC (Allocation Failure)  589803K->266699K(1036288K), 0.0042954 secs]
58.634: Total time for which application threads were stopped: 0.0044623 seconds, Stopping threads took: 0.0000201 seconds
58.702: [GC (Allocation Failure)  590795K->273897K(1035776K), 0.0075374 secs]
58.709: Total time for which application threads were stopped: 0.0076989 seconds, Stopping threads took: 0.0000194 seconds
58.778: [GC (Allocation Failure)  597993K->269899K(1032704K), 0.0065715 secs]
58.785: Total time for which application threads were stopped: 0.0067475 seconds, Stopping threads took: 0.0000208 seconds
58.852: [GC (Allocation Failure)  590411K->269675K(1034240K), 0.0041093 secs]
58.856: Total time for which application threads were stopped: 0.0042842 seconds, Stopping threads took: 0.0000212 seconds
58.923: [GC (Allocation Failure)  590187K->262313K(1032704K), 0.0011408 secs]
58.925: Total time for which application threads were stopped: 0.0012622 seconds, Stopping threads took: 0.0000199 seconds
58.994: [GC (Allocation Failure)  581801K->269899K(1033728K), 0.0042069 secs]
58.998: Total time for which application threads were stopped: 0.0043617 seconds, Stopping threads took: 0.0000164 seconds
59.066: [GC (Allocation Failure)  589387K->273819K(1034752K), 0.0071844 secs]
59.073: Total time for which application threads were stopped: 0.0073406 seconds, Stopping threads took: 0.0000169 seconds
59.140: [GC (Allocation Failure)  594843K->279417K(1034240K), 0.0062672 secs]
59.146: Total time for which application threads were stopped: 0.0064193 seconds, Stopping threads took: 0.0000248 seconds
59.212: [GC (Allocation Failure)  600441K->273947K(1033216K), 0.0045788 secs]
59.217: Total time for which application threads were stopped: 0.0047512 seconds, Stopping threads took: 0.0000201 seconds
59.284: [GC (Allocation Failure)  593435K->273819K(1033728K), 0.0042992 secs]
59.288: Total time for which application threads were stopped: 0.0044615 seconds, Stopping threads took: 0.0000193 seconds
59.355: [GC (Allocation Failure)  593307K->276057K(1034240K), 0.0049859 secs]
59.360: Total time for which application threads were stopped: 0.0051520 seconds, Stopping threads took: 0.0000188 seconds
59.427: [GC (Allocation Failure)  596569K->273883K(1034240K), 0.0041539 secs]
59.431: Total time for which application threads were stopped: 0.0043211 seconds, Stopping threads took: 0.0000193 seconds
59.499: [GC (Allocation Failure)  594395K->273819K(1034752K), 0.0043887 secs]
59.504: Total time for which application threads were stopped: 0.0045457 seconds, Stopping threads took: 0.0000194 seconds
59.571: [GC (Allocation Failure)  595355K->275225K(1034752K), 0.0047640 secs]
59.576: Total time for which application threads were stopped: 0.0049319 seconds, Stopping threads took: 0.0000184 seconds
59.644: [GC (Allocation Failure)  596761K->273883K(1035264K), 0.0039834 secs]
59.648: Total time for which application threads were stopped: 0.0041479 seconds, Stopping threads took: 0.0000260 seconds
59.716: [GC (Allocation Failure)  596443K->273819K(1035264K), 0.0041389 secs]
59.720: Total time for which application threads were stopped: 0.0042972 seconds, Stopping threads took: 0.0000197 seconds
59.787: [GC (Allocation Failure)  596379K->278489K(1033728K), 0.0059552 secs]
59.793: Total time for which application threads were stopped: 0.0061155 seconds, Stopping threads took: 0.0000198 seconds
59.863: [GC (Allocation Failure)  600025K->274043K(1034752K), 0.0041874 secs]
59.868: Total time for which application threads were stopped: 0.0043658 seconds, Stopping threads took: 0.0000278 seconds
59.934: [GC (Allocation Failure)  595579K->273819K(1035264K), 0.0042035 secs]
59.938: Total time for which application threads were stopped: 0.0043760 seconds, Stopping threads took: 0.0000207 seconds
60.005: [GC (Allocation Failure)  595867K->280201K(1034752K), 0.0068959 secs]
60.012: Total time for which application threads were stopped: 0.0070562 seconds, Stopping threads took: 0.0000203 seconds
60.081: [GC (Allocation Failure)  602249K->275147K(1032704K), 0.0044708 secs]
60.085: Total time for which application threads were stopped: 0.0046308 seconds, Stopping threads took: 0.0000202 seconds
60.153: [GC (Allocation Failure)  594635K->274987K(1033728K), 0.0041767 secs]
60.157: Total time for which application threads were stopped: 0.0043837 seconds, Stopping threads took: 0.0000262 seconds
60.224: [GC (Allocation Failure)  594475K->279049K(1033216K), 0.0058082 secs]
60.230: Total time for which application threads were stopped: 0.0059991 seconds, Stopping threads took: 0.0000198 seconds
60.298: [GC (Allocation Failure)  598537K->275083K(1033728K), 0.0041335 secs]
60.303: Total time for which application threads were stopped: 0.0042971 seconds, Stopping threads took: 0.0000168 seconds
60.371: [GC (Allocation Failure)  594571K->274955K(1034240K), 0.0042526 secs]
60.375: Total time for which application threads were stopped: 0.0044099 seconds, Stopping threads took: 0.0000250 seconds
60.443: [GC (Allocation Failure)  594955K->274633K(1033728K), 0.0040874 secs]
60.447: Total time for which application threads were stopped: 0.0042504 seconds, Stopping threads took: 0.0000198 seconds
60.513: [GC (Allocation Failure)  594633K->275019K(1034752K), 0.0040355 secs]
60.517: Total time for which application threads were stopped: 0.0042070 seconds, Stopping threads took: 0.0000199 seconds
60.585: [GC (Allocation Failure)  596043K->274955K(1034240K), 0.0042274 secs]
60.589: Total time for which application threads were stopped: 0.0043912 seconds, Stopping threads took: 0.0000213 seconds
60.657: [GC (Allocation Failure)  595979K->273257K(1035264K), 0.0034014 secs]
60.660: Total time for which application threads were stopped: 0.0035680 seconds, Stopping threads took: 0.0000264 seconds
60.728: [GC (Allocation Failure)  595817K->274955K(1035264K), 0.0043032 secs]
60.733: Total time for which application threads were stopped: 0.0044800 seconds, Stopping threads took: 0.0000223 seconds
60.801: [GC (Allocation Failure)  597515K->274923K(1035776K), 0.0070630 secs]
60.808: Total time for which application threads were stopped: 0.0072402 seconds, Stopping threads took: 0.0000205 seconds
60.878: [GC (Allocation Failure)  597995K->278089K(1035264K), 0.0053332 secs]
60.883: Total time for which application threads were stopped: 0.0055125 seconds, Stopping threads took: 0.0000222 seconds
60.952: [GC (Allocation Failure)  601161K->275179K(1035776K), 0.0043283 secs]
60.956: Total time for which application threads were stopped: 0.0044940 seconds, Stopping threads took: 0.0000208 seconds
61.024: [GC (Allocation Failure)  598251K->274955K(1035264K), 0.0053134 secs]
61.029: Total time for which application threads were stopped: 0.0054778 seconds, Stopping threads took: 0.0000200 seconds
61.098: [GC (Allocation Failure)  598027K->267497K(1033728K), 0.0012688 secs]
61.099: Total time for which application threads were stopped: 0.0013825 seconds, Stopping threads took: 0.0000196 seconds
61.169: [GC (Allocation Failure)  589033K->275115K(1034752K), 0.0041353 secs]
61.173: Total time for which application threads were stopped: 0.0043417 seconds, Stopping threads took: 0.0000266 seconds
61.243: [GC (Allocation Failure)  596651K->279131K(1035776K), 0.0055215 secs]
61.248: Total time for which application threads were stopped: 0.0056762 seconds, Stopping threads took: 0.0000172 seconds
61.315: [GC (Allocation Failure)  602203K->274393K(1035264K), 0.0024860 secs]
61.317: Total time for which application threads were stopped: 0.0026487 seconds, Stopping threads took: 0.0000202 seconds
61.388: [GC (Allocation Failure)  597465K->279243K(1035776K), 0.0041624 secs]
61.393: Total time for which application threads were stopped: 0.0043641 seconds, Stopping threads took: 0.0000221 seconds
61.462: [GC (Allocation Failure)  602315K->283307K(1035264K), 0.0044824 secs]
61.467: Total time for which application threads were stopped: 0.0046504 seconds, Stopping threads took: 0.0000196 seconds
61.535: [GC (Allocation Failure)  606379K->283243K(1035776K), 0.0040206 secs]
61.539: Total time for which application threads were stopped: 0.0041815 seconds, Stopping threads took: 0.0000205 seconds
61.606: [GC (Allocation Failure)  606827K->283307K(1023488K), 0.0040877 secs]
61.611: Total time for which application threads were stopped: 0.0042783 seconds, Stopping threads took: 0.0000192 seconds
61.680: [GC (Allocation Failure)  606891K->291278K(1035264K), 0.0041308 secs]
61.685: Total time for which application threads were stopped: 0.0043234 seconds, Stopping threads took: 0.0000194 seconds
61.753: [GC (Allocation Failure)  613838K->291278K(1035264K), 0.0042035 secs]
61.757: Total time for which application threads were stopped: 0.0043530 seconds, Stopping threads took: 0.0000167 seconds
61.824: [GC (Allocation Failure)  613838K->291558K(1033728K), 0.0043863 secs]
61.828: Total time for which application threads were stopped: 0.0045599 seconds, Stopping threads took: 0.0000205 seconds
61.896: [GC (Allocation Failure)  613094K->299336K(1034752K), 0.0041965 secs]
61.900: Total time for which application threads were stopped: 0.0043692 seconds, Stopping threads took: 0.0000209 seconds
61.968: [GC (Allocation Failure)  620872K->299304K(1035264K), 0.0042398 secs]
61.972: Total time for which application threads were stopped: 0.0044430 seconds, Stopping threads took: 0.0000558 seconds
62.040: [GC (Allocation Failure)  621864K->299368K(1022464K), 0.0042536 secs]
62.044: Total time for which application threads were stopped: 0.0044352 seconds, Stopping threads took: 0.0000208 seconds
62.116: [GC (Allocation Failure)  621928K->307338K(1034752K), 0.0040281 secs]
62.120: Total time for which application threads were stopped: 0.0041884 seconds, Stopping threads took: 0.0000200 seconds
62.189: [GC (Allocation Failure)  628874K->307338K(1034752K), 0.0042119 secs]
62.193: Total time for which application threads were stopped: 0.0043861 seconds, Stopping threads took: 0.0000261 seconds
62.258: [GC (Allocation Failure)  628874K->307498K(1033728K), 0.0043142 secs]
62.263: Total time for which application threads were stopped: 0.0044764 seconds, Stopping threads took: 0.0000203 seconds
62.331: [GC (Allocation Failure)  628010K->315404K(1034240K), 0.0041392 secs]
62.335: Total time for which application threads were stopped: 0.0043099 seconds, Stopping threads took: 0.0000204 seconds
62.403: [GC (Allocation Failure)  635916K->315372K(1034240K), 0.0041550 secs]
62.407: Total time for which application threads were stopped: 0.0043304 seconds, Stopping threads took: 0.0000205 seconds
62.474: [GC (Allocation Failure)  635884K->315756K(1034240K), 0.0043023 secs]
62.479: Total time for which application threads were stopped: 0.0044620 seconds, Stopping threads took: 0.0000197 seconds
62.546: [GC (Allocation Failure)  636268K->323375K(1034240K), 0.0041883 secs]
62.550: Total time for which application threads were stopped: 0.0043590 seconds, Stopping threads took: 0.0000205 seconds
62.618: [GC (Allocation Failure)  643887K->323407K(1034240K), 0.0041933 secs]
62.622: Total time for which application threads were stopped: 0.0043946 seconds, Stopping threads took: 0.0000529 seconds
62.691: [GC (Allocation Failure)  643919K->323463K(1033216K), 0.0044852 secs]
62.696: Total time for which application threads were stopped: 0.0046849 seconds, Stopping threads took: 0.0000275 seconds
62.764: [GC (Allocation Failure)  642951K->331465K(1033728K), 0.0045464 secs]
62.769: Total time for which application threads were stopped: 0.0047035 seconds, Stopping threads took: 0.0000198 seconds
62.834: [GC (Allocation Failure)  650953K->331433K(1033728K), 0.0043318 secs]
62.838: Total time for which application threads were stopped: 0.0044964 seconds, Stopping threads took: 0.0000198 seconds
62.905: [GC (Allocation Failure)  650921K->331657K(1033728K), 0.0042363 secs]
62.909: Total time for which application threads were stopped: 0.0044063 seconds, Stopping threads took: 0.0000210 seconds
62.976: [GC (Allocation Failure)  651145K->339467K(1033728K), 0.0043305 secs]
62.981: Total time for which application threads were stopped: 0.0045234 seconds, Stopping threads took: 0.0000212 seconds
63.046: [GC (Allocation Failure)  658955K->339467K(1033728K), 0.0048922 secs]
63.051: Total time for which application threads were stopped: 0.0050562 seconds, Stopping threads took: 0.0000260 seconds
63.118: [GC (Allocation Failure)  658955K->339627K(1033728K), 0.0042016 secs]
63.123: Total time for which application threads were stopped: 0.0043645 seconds, Stopping threads took: 0.0000203 seconds
63.189: [GC (Allocation Failure)  659115K->347501K(1033728K), 0.0043794 secs]
63.194: Total time for which application threads were stopped: 0.0045500 seconds, Stopping threads took: 0.0000287 seconds
63.261: [GC (Allocation Failure)  666989K->343595K(1034240K), 0.0032754 secs]
63.264: Total time for which application threads were stopped: 0.0034434 seconds, Stopping threads took: 0.0000256 seconds
63.332: [GC (Allocation Failure)  663595K->347661K(1033728K), 0.0042685 secs]
63.336: Total time for which application threads were stopped: 0.0044420 seconds, Stopping threads took: 0.0000197 seconds
63.403: [GC (Allocation Failure)  667661K->351629K(1034752K), 0.0043429 secs]
63.408: Total time for which application threads were stopped: 0.0045026 seconds, Stopping threads took: 0.0000202 seconds
63.476: [GC (Allocation Failure)  673165K->345899K(1034752K), 0.0022625 secs]
63.478: Total time for which application threads were stopped: 0.0024102 seconds, Stopping threads took: 0.0000199 seconds
63.548: [GC (Allocation Failure)  667435K->351701K(1035264K), 0.0043199 secs]
63.552: Total time for which application threads were stopped: 0.0045116 seconds, Stopping threads took: 0.0000197 seconds
63.622: [GC (Allocation Failure)  673749K->355773K(1034752K), 0.0045296 secs]
63.627: Total time for which application threads were stopped: 0.0047204 seconds, Stopping threads took: 0.0000193 seconds
63.696: [GC (Allocation Failure)  677560K->351867K(1035776K), 0.0032486 secs]
63.699: Total time for which application threads were stopped: 0.0034347 seconds, Stopping threads took: 0.0000198 seconds
63.768: [GC (Allocation Failure)  674939K->355941K(1035264K), 0.0044369 secs]
63.772: Total time for which application threads were stopped: 0.0046307 seconds, Stopping threads took: 0.0000191 seconds
63.842: [GC (Allocation Failure)  679013K->359941K(1035264K), 0.0043785 secs]
63.846: Total time for which application threads were stopped: 0.0045596 seconds, Stopping threads took: 0.0000204 seconds
63.915: [GC (Allocation Failure)  683525K->359941K(1035776K), 0.0042989 secs]
63.919: Total time for which application threads were stopped: 0.0044601 seconds, Stopping threads took: 0.0000193 seconds
63.987: [GC (Allocation Failure)  683525K->359981K(1034752K), 0.0044772 secs]
63.991: Total time for which application threads were stopped: 0.0046553 seconds, Stopping threads took: 0.0000200 seconds
64.061: [GC (Allocation Failure)  682541K->367952K(1035264K), 0.0058953 secs]
64.067: Total time for which application threads were stopped: 0.0060584 seconds, Stopping threads took: 0.0000262 seconds
64.134: [GC (Allocation Failure)  690512K->367984K(1034240K), 0.0044230 secs]
64.138: Total time for which application threads were stopped: 0.0045798 seconds, Stopping threads took: 0.0000201 seconds
64.206: [GC (Allocation Failure)  689520K->367976K(1034752K), 0.0041924 secs]
64.210: Total time for which application threads were stopped: 0.0043750 seconds, Stopping threads took: 0.0000203 seconds
64.276: [GC (Allocation Failure)  689512K->376010K(1033728K), 0.0046026 secs]
64.280: Total time for which application threads were stopped: 0.0047691 seconds, Stopping threads took: 0.0000195 seconds
64.348: [GC (Allocation Failure)  696522K->375978K(1034240K), 0.0044194 secs]
64.352: Total time for which application threads were stopped: 0.0045737 seconds, Stopping threads took: 0.0000191 seconds
64.418: [GC (Allocation Failure)  696490K->376234K(1034240K), 0.0044367 secs]
64.423: Total time for which application threads were stopped: 0.0046104 seconds, Stopping threads took: 0.0000194 seconds
64.490: [GC (Allocation Failure)  696746K->384044K(1034240K), 0.0045460 secs]
64.495: Total time for which application threads were stopped: 0.0047157 seconds, Stopping threads took: 0.0000200 seconds
64.561: [GC (Allocation Failure)  704556K->384044K(1033216K), 0.0043775 secs]
64.566: Total time for which application threads were stopped: 0.0045575 seconds, Stopping threads took: 0.0000201 seconds
64.632: [GC (Allocation Failure)  703532K->384172K(1033728K), 0.0044310 secs]
64.636: Total time for which application threads were stopped: 0.0045950 seconds, Stopping threads took: 0.0000249 seconds
64.705: [GC (Allocation Failure)  703660K->392046K(1033728K), 0.0041431 secs]
64.710: Total time for which application threads were stopped: 0.0043146 seconds, Stopping threads took: 0.0000255 seconds
64.778: [GC (Allocation Failure)  711534K->392046K(1033728K), 0.0049323 secs]
64.783: Total time for which application threads were stopped: 0.0051013 seconds, Stopping threads took: 0.0000205 seconds
64.848: [GC (Allocation Failure)  711534K->392166K(1033728K), 0.0045199 secs]
64.852: Total time for which application threads were stopped: 0.0046935 seconds, Stopping threads took: 0.0000200 seconds
64.920: [GC (Allocation Failure)  711654K->400041K(1033728K), 0.0046774 secs]
64.925: Total time for which application threads were stopped: 0.0048527 seconds, Stopping threads took: 0.0000210 seconds
64.993: [GC (Allocation Failure)  719527K->396166K(1034240K), 0.0032613 secs]
64.997: Total time for which application threads were stopped: 0.0034361 seconds, Stopping threads took: 0.0000275 seconds
65.065: [GC (Allocation Failure)  716166K->400169K(1033728K), 0.0062703 secs]
65.071: Total time for which application threads were stopped: 0.0064385 seconds, Stopping threads took: 0.0000247 seconds
65.138: [GC (Allocation Failure)  720169K->404233K(1034752K), 0.0045172 secs]
65.143: Total time for which application threads were stopped: 0.0046650 seconds, Stopping threads took: 0.0000172 seconds
65.211: [GC (Allocation Failure)  725769K->398438K(1034752K), 0.0023136 secs]
65.214: Total time for which application threads were stopped: 0.0024638 seconds, Stopping threads took: 0.0000264 seconds
65.281: [GC (Allocation Failure)  719974K->404273K(1035264K), 0.0043558 secs]
65.286: Total time for which application threads were stopped: 0.0045432 seconds, Stopping threads took: 0.0000196 seconds
65.351: [GC (Allocation Failure)  726321K->408353K(1034752K), 0.0047139 secs]
65.356: Total time for which application threads were stopped: 0.0048854 seconds, Stopping threads took: 0.0000209 seconds
65.421: [GC (Allocation Failure)  730139K->404446K(1035776K), 0.0034619 secs]
65.425: Total time for which application threads were stopped: 0.0036204 seconds, Stopping threads took: 0.0000206 seconds
65.494: [GC (Allocation Failure)  727518K->408521K(1035264K), 0.0044459 secs]
65.498: Total time for which application threads were stopped: 0.0046216 seconds, Stopping threads took: 0.0000216 seconds
65.565: [GC (Allocation Failure)  731593K->412489K(1035264K), 0.0045370 secs]
65.570: Total time for which application threads were stopped: 0.0046959 seconds, Stopping threads took: 0.0000197 seconds
65.639: [GC (Allocation Failure)  736073K->412489K(1035776K), 0.0042370 secs]
65.643: Total time for which application threads were stopped: 0.0044091 seconds, Stopping threads took: 0.0000195 seconds
65.712: [GC (Allocation Failure)  736073K->412553K(1034752K), 0.0043531 secs]
65.716: Total time for which application threads were stopped: 0.0045250 seconds, Stopping threads took: 0.0000253 seconds
65.785: [GC (Allocation Failure)  735113K->420523K(1035264K), 0.0044694 secs]
65.790: Total time for which application threads were stopped: 0.0046516 seconds, Stopping threads took: 0.0000171 seconds
65.857: [GC (Allocation Failure)  743083K->420523K(1034240K), 0.0045745 secs]
65.861: Total time for which application threads were stopped: 0.0047458 seconds, Stopping threads took: 0.0000197 seconds
65.931: [GC (Allocation Failure)  742059K->420587K(1034752K), 0.0044603 secs]
65.935: Total time for which application threads were stopped: 0.0046300 seconds, Stopping threads took: 0.0000199 seconds
66.003: [GC (Allocation Failure)  742123K->428557K(1033728K), 0.0046440 secs]
66.007: Total time for which application threads were stopped: 0.0048178 seconds, Stopping threads took: 0.0000200 seconds
66.076: [GC (Allocation Failure)  749069K->428557K(1034240K), 0.0044346 secs]
66.080: Total time for which application threads were stopped: 0.0046125 seconds, Stopping threads took: 0.0000167 seconds
66.148: [GC (Allocation Failure)  749069K->428805K(1034240K), 0.0043688 secs]
66.152: Total time for which application threads were stopped: 0.0045422 seconds, Stopping threads took: 0.0000254 seconds
66.218: [GC (Allocation Failure)  749317K->436583K(1034240K), 0.0045934 secs]
66.223: Total time for which application threads were stopped: 0.0047655 seconds, Stopping threads took: 0.0000271 seconds
66.289: [GC (Allocation Failure)  757095K->436583K(1034240K), 0.0044186 secs]
66.294: Total time for which application threads were stopped: 0.0045903 seconds, Stopping threads took: 0.0000205 seconds
66.361: [GC (Allocation Failure)  757095K->437031K(1020416K), 0.0045245 secs]
66.365: Total time for which application threads were stopped: 0.0047200 seconds, Stopping threads took: 0.0000208 seconds
66.434: [GC (Allocation Failure)  757543K->444650K(1033728K), 0.0046998 secs]
66.438: Total time for which application threads were stopped: 0.0048501 seconds, Stopping threads took: 0.0000171 seconds
66.506: [GC (Allocation Failure)  764138K->444650K(1033728K), 0.0043387 secs]
66.510: Total time for which application threads were stopped: 0.0045333 seconds, Stopping threads took: 0.0000198 seconds
66.576: [GC (Allocation Failure)  764138K->444738K(1033728K), 0.0111625 secs]
66.587: Total time for which application threads were stopped: 0.0113105 seconds, Stopping threads took: 0.0000196 seconds
66.656: [GC (Allocation Failure)  764226K->452644K(1033728K), 0.0045072 secs]
66.661: Total time for which application threads were stopped: 0.0046725 seconds, Stopping threads took: 0.0000257 seconds
66.727: [GC (Allocation Failure)  772130K->448770K(1034240K), 0.0034265 secs]
66.731: Total time for which application threads were stopped: 0.0035961 seconds, Stopping threads took: 0.0000203 seconds
66.798: [GC (Allocation Failure)  768770K->452812K(1033728K), 0.0047355 secs]
66.803: Total time for which application threads were stopped: 0.0049264 seconds, Stopping threads took: 0.0000186 seconds
66.870: [GC (Allocation Failure)  772812K->456812K(1034752K), 0.0045025 secs]
66.874: Total time for which application threads were stopped: 0.0046519 seconds, Stopping threads took: 0.0000174 seconds
66.941: [GC (Allocation Failure)  778348K->450986K(1034752K), 0.0024621 secs]
66.944: Total time for which application threads were stopped: 0.0026118 seconds, Stopping threads took: 0.0000197 seconds
67.013: [GC (Allocation Failure)  772522K->456852K(1035264K), 0.0043419 secs]
67.018: Total time for which application threads were stopped: 0.0045110 seconds, Stopping threads took: 0.0000198 seconds
67.085: [GC (Allocation Failure)  778900K->460964K(1034752K), 0.0047779 secs]
67.090: Total time for which application threads were stopped: 0.0049360 seconds, Stopping threads took: 0.0000173 seconds
67.156: [GC (Allocation Failure)  782750K->457026K(1035776K), 0.0033884 secs]
67.159: Total time for which application threads were stopped: 0.0035856 seconds, Stopping threads took: 0.0000267 seconds
67.228: [GC (Allocation Failure)  780098K->461100K(1035264K), 0.0046145 secs]
67.233: Total time for which application threads were stopped: 0.0047834 seconds, Stopping threads took: 0.0000172 seconds
67.301: [GC (Allocation Failure)  784172K->465068K(1035264K), 0.0045783 secs]
67.305: Total time for which application threads were stopped: 0.0047406 seconds, Stopping threads took: 0.0000202 seconds
67.374: [GC (Allocation Failure)  788652K->465036K(1035776K), 0.0051910 secs]
67.379: Total time for which application threads were stopped: 0.0053762 seconds, Stopping threads took: 0.0000194 seconds
67.448: [GC (Allocation Failure)  788620K->465132K(1034752K), 0.0046187 secs]
67.452: Total time for which application threads were stopped: 0.0048050 seconds, Stopping threads took: 0.0000191 seconds
67.521: [GC (Allocation Failure)  787692K->473102K(1035264K), 0.0044267 secs]
67.526: Total time for which application threads were stopped: 0.0045891 seconds, Stopping threads took: 0.0000196 seconds
67.592: [GC (Allocation Failure)  795662K->473102K(1034240K), 0.0046629 secs]
67.596: Total time for which application threads were stopped: 0.0048284 seconds, Stopping threads took: 0.0000192 seconds
67.664: [GC (Allocation Failure)  794638K->473166K(1034752K), 0.0044673 secs]
67.668: Total time for which application threads were stopped: 0.0046284 seconds, Stopping threads took: 0.0000201 seconds
67.736: [GC (Allocation Failure)  794702K->481137K(1034752K), 0.0047005 secs]
67.741: Total time for which application threads were stopped: 0.0048501 seconds, Stopping threads took: 0.0000169 seconds
67.808: [GC (Allocation Failure)  802673K->481169K(1029120K), 0.0046358 secs]
67.813: Total time for which application threads were stopped: 0.0048059 seconds, Stopping threads took: 0.0000196 seconds
67.879: [GC (Allocation Failure)  802705K->481385K(1034240K), 0.0045303 secs]
67.884: Total time for which application threads were stopped: 0.0046989 seconds, Stopping threads took: 0.0000204 seconds
67.951: [GC (Allocation Failure)  801897K->489195K(1034240K), 0.0043515 secs]
67.955: Total time for which application threads were stopped: 0.0045453 seconds, Stopping threads took: 0.0000197 seconds
68.025: [GC (Allocation Failure)  809707K->489163K(1034240K), 0.0044943 secs]
68.029: Total time for which application threads were stopped: 0.0046542 seconds, Stopping threads took: 0.0000199 seconds
68.097: [GC (Allocation Failure)  809675K->489603K(1020416K), 0.0047243 secs]
68.101: Total time for which application threads were stopped: 0.0048828 seconds, Stopping threads took: 0.0000201 seconds
68.167: [GC (Allocation Failure)  810115K->497221K(1033728K), 0.0044775 secs]
68.172: Total time for which application threads were stopped: 0.0046565 seconds, Stopping threads took: 0.0000263 seconds
68.240: [GC (Allocation Failure)  816709K->497189K(1033728K), 0.0044855 secs]
68.245: Total time for which application threads were stopped: 0.0046684 seconds, Stopping threads took: 0.0000168 seconds
68.311: [GC (Allocation Failure)  816677K->497317K(1033728K), 0.0048554 secs]
68.316: Total time for which application threads were stopped: 0.0050230 seconds, Stopping threads took: 0.0000195 seconds
68.384: [GC (Allocation Failure)  816805K->505223K(1033728K), 0.0045327 secs]
68.388: Total time for which application threads were stopped: 0.0046929 seconds, Stopping threads took: 0.0000197 seconds
68.456: [GC (Allocation Failure)  824711K->505223K(1033728K), 0.0044091 secs]
68.461: Total time for which application threads were stopped: 0.0046035 seconds, Stopping threads took: 0.0000200 seconds
68.528: [GC (Allocation Failure)  824711K->505287K(1033728K), 0.0047285 secs]
68.533: Total time for which application threads were stopped: 0.0049190 seconds, Stopping threads took: 0.0000194 seconds
68.601: [GC (Allocation Failure)  824775K->513290K(1032704K), 0.0047212 secs]
68.606: Total time for which application threads were stopped: 0.0048795 seconds, Stopping threads took: 0.0000169 seconds
68.673: [GC (Allocation Failure)  831754K->507655K(1033216K), 0.0068352 secs]
68.680: Total time for which application threads were stopped: 0.0070038 seconds, Stopping threads took: 0.0000205 seconds
68.748: [GC (Allocation Failure)  826119K->513514K(1034240K), 0.0047478 secs]
68.753: Total time for which application threads were stopped: 0.0049324 seconds, Stopping threads took: 0.0000223 seconds
68.820: [GC (Allocation Failure)  833514K->517434K(1033728K), 0.0050055 secs]
68.825: Total time for which application threads were stopped: 0.0052073 seconds, Stopping threads took: 0.0000216 seconds
68.892: [GC (Allocation Failure)  837434K->523287K(1030144K), 0.0072944 secs]
68.899: Total time for which application threads were stopped: 0.0074636 seconds, Stopping threads took: 0.0000195 seconds
68.966: [GC (Allocation Failure)  839703K->517562K(1032192K), 0.0048528 secs]
68.971: Total time for which application threads were stopped: 0.0050175 seconds, Stopping threads took: 0.0000203 seconds
69.036: [GC (Allocation Failure)  833978K->517402K(1032704K), 0.0047604 secs]
69.041: Total time for which application threads were stopped: 0.0049323 seconds, Stopping threads took: 0.0000208 seconds
69.110: [GC (Allocation Failure)  834330K->509687K(1032192K), 0.0016906 secs]
69.111: Total time for which application threads were stopped: 0.0018295 seconds, Stopping threads took: 0.0000205 seconds
69.180: [GC (Allocation Failure)  826615K->517530K(1032704K), 0.0045300 secs]
69.185: Total time for which application threads were stopped: 0.0046946 seconds, Stopping threads took: 0.0000275 seconds
69.251: [GC (Allocation Failure)  834970K->517402K(1032704K), 0.0045991 secs]
69.256: Total time for which application threads were stopped: 0.0047597 seconds, Stopping threads took: 0.0000191 seconds
69.321: [GC (Allocation Failure)  834842K->518434K(1032192K), 0.0046701 secs]
69.326: Total time for which application threads were stopped: 0.0048321 seconds, Stopping threads took: 0.0000202 seconds
69.393: [GC (Allocation Failure)  835874K->525508K(1032704K), 0.0048149 secs]
69.398: Total time for which application threads were stopped: 0.0049844 seconds, Stopping threads took: 0.0000204 seconds
69.465: [GC (Allocation Failure)  842948K->525444K(1033216K), 0.0044276 secs]
69.469: Total time for which application threads were stopped: 0.0046063 seconds, Stopping threads took: 0.0000195 seconds
69.533: [GC (Allocation Failure)  843908K->528740K(1033216K), 0.0066769 secs]
69.540: Total time for which application threads were stopped: 0.0068501 seconds, Stopping threads took: 0.0000203 seconds
69.607: [GC (Allocation Failure)  847204K->533478K(1033728K), 0.0047018 secs]
69.612: Total time for which application threads were stopped: 0.0048747 seconds, Stopping threads took: 0.0000197 seconds
69.681: [GC (Allocation Failure)  852966K->533478K(1033728K), 0.0045271 secs]
69.685: Total time for which application threads were stopped: 0.0046859 seconds, Stopping threads took: 0.0000192 seconds
69.752: [GC (Allocation Failure)  852966K->534918K(1033728K), 0.0048168 secs]
69.757: Total time for which application threads were stopped: 0.0049776 seconds, Stopping threads took: 0.0000202 seconds
69.824: [GC (Allocation Failure)  854406K->541544K(1033728K), 0.0047548 secs]
69.829: Total time for which application threads were stopped: 0.0049132 seconds, Stopping threads took: 0.0000196 seconds
69.896: [GC (Allocation Failure)  861032K->541512K(1034240K), 0.0047015 secs]
69.901: Total time for which application threads were stopped: 0.0048621 seconds, Stopping threads took: 0.0000201 seconds
69.969: [GC (Allocation Failure)  861512K->542640K(1033728K), 0.0047047 secs]
69.974: Total time for which application threads were stopped: 0.0049051 seconds, Stopping threads took: 0.0000196 seconds
70.040: [GC (Allocation Failure)  862640K->549587K(1033728K), 0.0099682 secs]
70.050: Total time for which application threads were stopped: 0.0101100 seconds, Stopping threads took: 0.0000181 seconds
70.118: [GC (Allocation Failure)  869075K->549555K(1033728K), 0.0046503 secs]
70.123: Total time for which application threads were stopped: 0.0048437 seconds, Stopping threads took: 0.0000202 seconds
70.189: [GC (Allocation Failure)  869043K->550379K(1033216K), 0.0046663 secs]
70.194: Total time for which application threads were stopped: 0.0048399 seconds, Stopping threads took: 0.0000262 seconds
70.262: [GC (Allocation Failure)  869867K->557645K(1033728K), 0.0048071 secs]
70.267: Total time for which application threads were stopped: 0.0049723 seconds, Stopping threads took: 0.0000262 seconds
70.333: [GC (Allocation Failure)  877133K->557613K(1033728K), 0.0048337 secs]
70.338: Total time for which application threads were stopped: 0.0050090 seconds, Stopping threads took: 0.0000207 seconds
70.402: [GC (Allocation Failure)  877101K->557637K(1033728K), 0.0048359 secs]
70.407: Total time for which application threads were stopped: 0.0049984 seconds, Stopping threads took: 0.0000201 seconds
70.475: [GC (Allocation Failure)  877125K->565639K(1033728K), 0.0047911 secs]
70.480: Total time for which application threads were stopped: 0.0049611 seconds, Stopping threads took: 0.0000198 seconds
70.546: [GC (Allocation Failure)  885127K->565607K(1033728K), 0.0048324 secs]
70.550: Total time for which application threads were stopped: 0.0049958 seconds, Stopping threads took: 0.0000201 seconds
70.616: [GC (Allocation Failure)  885095K->565799K(1033728K), 0.0047736 secs]
70.621: Total time for which application threads were stopped: 0.0049576 seconds, Stopping threads took: 0.0000202 seconds
70.690: [GC (Allocation Failure)  885287K->573673K(1033728K), 0.0044902 secs]
70.695: Total time for which application threads were stopped: 0.0046531 seconds, Stopping threads took: 0.0000273 seconds
70.761: [GC (Allocation Failure)  893161K->573673K(1033728K), 0.0049441 secs]
70.766: Total time for which application threads were stopped: 0.0051081 seconds, Stopping threads took: 0.0000204 seconds
70.831: [GC (Allocation Failure)  893161K->574025K(1033728K), 0.0048640 secs]
70.836: Total time for which application threads were stopped: 0.0050264 seconds, Stopping threads took: 0.0000203 seconds
70.904: [GC (Allocation Failure)  893513K->581708K(1032704K), 0.0047797 secs]
70.909: Total time for which application threads were stopped: 0.0049416 seconds, Stopping threads took: 0.0000205 seconds
70.976: [GC (Allocation Failure)  900172K->581676K(1033216K), 0.0047841 secs]
70.981: Total time for which application threads were stopped: 0.0049530 seconds, Stopping threads took: 0.0000201 seconds
71.048: [GC (Allocation Failure)  900140K->581740K(1032704K), 0.0049802 secs]
71.053: Total time for which application threads were stopped: 0.0051755 seconds, Stopping threads took: 0.0000239 seconds
71.120: [GC (Allocation Failure)  900204K->589774K(1033216K), 0.0050205 secs]
71.125: Total time for which application threads were stopped: 0.0051752 seconds, Stopping threads took: 0.0000171 seconds
71.191: [GC (Allocation Failure)  908238K->589710K(1033216K), 0.0046373 secs]
71.195: Total time for which application threads were stopped: 0.0047985 seconds, Stopping threads took: 0.0000197 seconds
71.260: [GC (Allocation Failure)  908174K->590510K(1033216K), 0.0049532 secs]
71.265: Total time for which application threads were stopped: 0.0051167 seconds, Stopping threads took: 0.0000200 seconds
71.332: [GC (Allocation Failure)  908974K->597808K(1033216K), 0.0044872 secs]
71.336: Total time for which application threads were stopped: 0.0046568 seconds, Stopping threads took: 0.0000204 seconds
71.401: [GC (Allocation Failure)  916272K->597776K(1033216K), 0.0047847 secs]
71.406: Total time for which application threads were stopped: 0.0049440 seconds, Stopping threads took: 0.0000193 seconds
71.473: [GC (Allocation Failure)  916240K->598760K(1033216K), 0.0049105 secs]
71.478: Total time for which application threads were stopped: 0.0050978 seconds, Stopping threads took: 0.0000207 seconds
71.546: [GC (Allocation Failure)  917224K->605803K(1033216K), 0.0048164 secs]
71.551: Total time for which application threads were stopped: 0.0049968 seconds, Stopping threads took: 0.0000202 seconds
71.620: [GC (Allocation Failure)  924267K->605771K(1033216K), 0.0049261 secs]
71.625: Total time for which application threads were stopped: 0.0050974 seconds, Stopping threads took: 0.0000196 seconds
71.691: [GC (Allocation Failure)  924235K->605931K(1033216K), 0.0048482 secs]
71.696: Total time for which application threads were stopped: 0.0050369 seconds, Stopping threads took: 0.0000282 seconds
71.761: [GC (Allocation Failure)  924395K->613805K(1033216K), 0.0050069 secs]
71.767: Total time for which application threads were stopped: 0.0051963 seconds, Stopping threads took: 0.0000199 seconds
71.834: [GC (Allocation Failure)  932269K->613837K(1033216K), 0.0048324 secs]
71.838: Total time for which application threads were stopped: 0.0049907 seconds, Stopping threads took: 0.0000192 seconds
71.905: [GC (Allocation Failure)  932301K->614157K(1033216K), 0.0049077 secs]
71.910: Total time for which application threads were stopped: 0.0050682 seconds, Stopping threads took: 0.0000197 seconds
71.975: [GC (Allocation Failure)  932621K->621807K(1033216K), 0.0048034 secs]
71.980: Total time for which application threads were stopped: 0.0049715 seconds, Stopping threads took: 0.0000199 seconds
72.045: [GC (Allocation Failure)  940271K->621839K(1033216K), 0.0060443 secs]
72.051: Total time for which application threads were stopped: 0.0062049 seconds, Stopping threads took: 0.0000284 seconds
72.116: [GC (Allocation Failure)  940303K->622407K(1033216K), 0.0048599 secs]
72.121: Total time for which application threads were stopped: 0.0050541 seconds, Stopping threads took: 0.0000197 seconds
72.190: [GC (Allocation Failure)  940871K->629897K(1033216K), 0.0046887 secs]
72.195: Total time for which application threads were stopped: 0.0048456 seconds, Stopping threads took: 0.0000252 seconds
72.260: [GC (Allocation Failure)  948361K->629865K(1033216K), 0.0050540 secs]
72.265: Total time for which application threads were stopped: 0.0052248 seconds, Stopping threads took: 0.0000256 seconds
72.329: [GC (Allocation Failure)  948329K->630121K(1033216K), 0.0049933 secs]
72.335: Total time for which application threads were stopped: 0.0051629 seconds, Stopping threads took: 0.0000206 seconds
72.401: [GC (Allocation Failure)  948585K->637900K(1033216K), 0.0047087 secs]
72.406: Total time for which application threads were stopped: 0.0049041 seconds, Stopping threads took: 0.0000207 seconds
72.476: [GC (Allocation Failure)  956364K->637932K(1033216K), 0.0045961 secs]
72.480: Total time for which application threads were stopped: 0.0047550 seconds, Stopping threads took: 0.0000198 seconds
72.545: [GC (Allocation Failure)  956396K->637964K(1033216K), 0.0050758 secs]
72.550: Total time for which application threads were stopped: 0.0052439 seconds, Stopping threads took: 0.0000194 seconds
72.616: [GC (Allocation Failure)  956428K->645934K(1033216K), 0.0049087 secs]
72.621: Total time for which application threads were stopped: 0.0050743 seconds, Stopping threads took: 0.0000194 seconds
72.687: [GC (Allocation Failure)  964398K->645934K(1033216K), 0.0048609 secs]
72.692: Total time for which application threads were stopped: 0.0050311 seconds, Stopping threads took: 0.0000280 seconds
72.758: [GC (Allocation Failure)  964398K->646094K(1033216K), 0.0049547 secs]
72.763: Total time for which application threads were stopped: 0.0051147 seconds, Stopping threads took: 0.0000201 seconds
72.829: [GC (Allocation Failure)  964558K->653968K(1033216K), 0.0050343 secs]
72.834: Total time for which application threads were stopped: 0.0051972 seconds, Stopping threads took: 0.0000190 seconds
72.899: [GC (Allocation Failure)  972432K->653968K(1033216K), 0.0051619 secs]
72.905: Total time for which application threads were stopped: 0.0053401 seconds, Stopping threads took: 0.0000198 seconds
72.969: [GC (Allocation Failure)  972432K->654288K(1033216K), 0.0057404 secs]
72.975: Total time for which application threads were stopped: 0.0059117 seconds, Stopping threads took: 0.0000203 seconds
73.042: [GC (Allocation Failure)  972752K->662034K(1033216K), 0.0104044 secs]
73.053: Total time for which application threads were stopped: 0.0105666 seconds, Stopping threads took: 0.0000203 seconds
73.120: [GC (Allocation Failure)  980498K->662034K(1033216K), 0.0048989 secs]
73.125: Total time for which application threads were stopped: 0.0050613 seconds, Stopping threads took: 0.0000205 seconds
73.189: [GC (Allocation Failure)  980498K->662010K(1033216K), 0.0050884 secs]
73.195: Total time for which application threads were stopped: 0.0052579 seconds, Stopping threads took: 0.0000261 seconds
73.261: [GC (Allocation Failure)  980474K->670045K(1033216K), 0.0050436 secs]
73.266: Total time for which application threads were stopped: 0.0052247 seconds, Stopping threads took: 0.0000199 seconds
73.333: [GC (Allocation Failure)  988509K->663130K(1033216K), 0.0030398 secs]
73.336: Total time for which application threads were stopped: 0.0031962 seconds, Stopping threads took: 0.0000202 seconds
73.404: [GC (Allocation Failure)  981594K->670269K(1033216K), 0.0050398 secs]
73.409: Total time for which application threads were stopped: 0.0052194 seconds, Stopping threads took: 0.0000202 seconds
73.476: [GC (Allocation Failure)  988733K->674189K(1032704K), 0.0060542 secs]
73.482: Total time for which application threads were stopped: 0.0062493 seconds, Stopping threads took: 0.0000204 seconds
73.547: [GC (Allocation Failure)  992653K->675722K(1027584K), 0.0058152 secs]
73.553: Total time for which application threads were stopped: 0.0059845 seconds, Stopping threads took: 0.0000198 seconds
73.621: [GC (Allocation Failure)  994186K->674349K(1032704K), 0.0048014 secs]
73.625: Total time for which application threads were stopped: 0.0049498 seconds, Stopping threads took: 0.0000173 seconds
73.692: [GC (Allocation Failure)  991789K->674189K(1032704K), 0.0049965 secs]
73.698: Total time for which application threads were stopped: 0.0051576 seconds, Stopping threads took: 0.0000198 seconds
73.764: [GC (Allocation Failure)  991629K->677837K(1033728K), 0.0057918 secs]
73.770: Total time for which application threads were stopped: 0.0059621 seconds, Stopping threads took: 0.0000286 seconds
73.838: [GC (Allocation Failure)  996813K->682319K(1033216K), 0.0049119 secs]
73.843: Total time for which application threads were stopped: 0.0050755 seconds, Stopping threads took: 0.0000200 seconds
73.910: [GC (Allocation Failure)  1001295K->682191K(1033728K), 0.0050833 secs]
73.916: Total time for which application threads were stopped: 0.0052615 seconds, Stopping threads took: 0.0000204 seconds
73.981: [GC (Allocation Failure)  1001679K->684007K(1033728K), 0.0051663 secs]
73.986: Total time for which application threads were stopped: 0.0053246 seconds, Stopping threads took: 0.0000194 seconds
74.053: [GC (Allocation Failure)  1003495K->690281K(1033728K), 0.0058330 secs]
74.059: Total time for which application threads were stopped: 0.0060434 seconds, Stopping threads took: 0.0000251 seconds
74.127: [GC (Allocation Failure)  1009769K->690249K(1033728K), 0.0049628 secs]
74.132: Total time for which application threads were stopped: 0.0051317 seconds, Stopping threads took: 0.0000198 seconds
74.199: [GC (Allocation Failure)  1009737K->691209K(1033216K), 0.0051232 secs]
74.204: [Full GC (Ergonomics)  691209K->9401K(1033216K), 0.0140943 secs]
74.218: Total time for which application threads were stopped: 0.0194678 seconds, Stopping threads took: 0.0000263 seconds
74.287: [GC (Allocation Failure)  328889K->18620K(1033728K), 0.0038458 secs]
74.291: Total time for which application threads were stopped: 0.0040140 seconds, Stopping threads took: 0.0000201 seconds
74.356: [GC (Allocation Failure)  338108K->18652K(1033728K), 0.0039821 secs]
74.361: Total time for which application threads were stopped: 0.0041533 seconds, Stopping threads took: 0.0000204 seconds
74.427: [GC (Allocation Failure)  338140K->22748K(1033728K), 0.0047918 secs]
74.432: Total time for which application threads were stopped: 0.0049613 seconds, Stopping threads took: 0.0000202 seconds
74.499: [GC (Allocation Failure)  342236K->26750K(1034240K), 0.0037903 secs]
74.503: Total time for which application threads were stopped: 0.0039608 seconds, Stopping threads took: 0.0000202 seconds
74.570: [GC (Allocation Failure)  347262K->26654K(1034240K), 0.0037443 secs]
74.574: Total time for which application threads were stopped: 0.0039484 seconds, Stopping threads took: 0.0000198 seconds
74.638: [GC (Allocation Failure)  347166K->27942K(1034240K), 0.0041111 secs]
74.643: Total time for which application threads were stopped: 0.0043172 seconds, Stopping threads took: 0.0000225 seconds
74.710: [GC (Allocation Failure)  348454K->34728K(1034240K), 0.0038167 secs]
74.714: Total time for which application threads were stopped: 0.0039788 seconds, Stopping threads took: 0.0000272 seconds
74.782: [GC (Allocation Failure)  355240K->34696K(1034240K), 0.0038116 secs]
74.786: Total time for which application threads were stopped: 0.0039825 seconds, Stopping threads took: 0.0000197 seconds
74.854: [GC (Allocation Failure)  355208K->38216K(1034240K), 0.0046328 secs]
74.859: Total time for which application threads were stopped: 0.0047946 seconds, Stopping threads took: 0.0000198 seconds
74.927: [GC (Allocation Failure)  358728K->42762K(1034752K), 0.0039252 secs]
74.931: Total time for which application threads were stopped: 0.0041093 seconds, Stopping threads took: 0.0000199 seconds
74.999: [GC (Allocation Failure)  364298K->42730K(1034752K), 0.0036283 secs]
75.002: Total time for which application threads were stopped: 0.0037950 seconds, Stopping threads took: 0.0000200 seconds
75.070: [GC (Allocation Failure)  364266K->46434K(1034752K), 0.0046474 secs]
75.075: Total time for which application threads were stopped: 0.0048350 seconds, Stopping threads took: 0.0000166 seconds
75.143: [GC (Allocation Failure)  367970K->50789K(1034752K), 0.0037563 secs]
75.147: Total time for which application threads were stopped: 0.0039030 seconds, Stopping threads took: 0.0000169 seconds
75.215: [GC (Allocation Failure)  372325K->50725K(1035264K), 0.0036771 secs]
75.218: Total time for which application threads were stopped: 0.0038641 seconds, Stopping threads took: 0.0000271 seconds
75.286: [GC (Allocation Failure)  372773K->52133K(1034752K), 0.0039368 secs]
75.290: Total time for which application threads were stopped: 0.0040974 seconds, Stopping threads took: 0.0000194 seconds
75.358: [GC (Allocation Failure)  374181K->58951K(1034752K), 0.0035034 secs]
75.362: Total time for which application threads were stopped: 0.0036631 seconds, Stopping threads took: 0.0000193 seconds
75.428: [GC (Allocation Failure)  380487K->58823K(1034752K), 0.0039180 secs]
75.432: Total time for which application threads were stopped: 0.0041081 seconds, Stopping threads took: 0.0000219 seconds
75.499: [GC (Allocation Failure)  380359K->61831K(1034752K), 0.0042146 secs]
75.503: Total time for which application threads were stopped: 0.0043813 seconds, Stopping threads took: 0.0000204 seconds
75.570: [GC (Allocation Failure)  383367K->66825K(1034752K), 0.0036489 secs]
75.574: Total time for which application threads were stopped: 0.0038304 seconds, Stopping threads took: 0.0000204 seconds
75.643: [GC (Allocation Failure)  388361K->66825K(1035264K), 0.0039043 secs]
75.647: Total time for which application threads were stopped: 0.0040826 seconds, Stopping threads took: 0.0000202 seconds
75.715: [GC (Allocation Failure)  388873K->67529K(1034752K), 0.0039319 secs]
75.719: Total time for which application threads were stopped: 0.0041018 seconds, Stopping threads took: 0.0000199 seconds
75.789: [GC (Allocation Failure)  389577K->74892K(1034752K), 0.0039041 secs]
75.793: Total time for which application threads were stopped: 0.0040783 seconds, Stopping threads took: 0.0000207 seconds
75.861: [GC (Allocation Failure)  396428K->74860K(1034752K), 0.0036321 secs]
75.865: Total time for which application threads were stopped: 0.0038052 seconds, Stopping threads took: 0.0000203 seconds
75.934: [GC (Allocation Failure)  396396K->77292K(1034752K), 0.0040460 secs]
75.938: Total time for which application threads were stopped: 0.0042173 seconds, Stopping threads took: 0.0000196 seconds
76.005: [GC (Allocation Failure)  398828K->82926K(1034752K), 0.0039042 secs]
76.009: Total time for which application threads were stopped: 0.0040747 seconds, Stopping threads took: 0.0000204 seconds
76.078: [GC (Allocation Failure)  404462K->82926K(1034752K), 0.0040265 secs]
76.082: Total time for which application threads were stopped: 0.0041970 seconds, Stopping threads took: 0.0000190 seconds
76.148: [GC (Allocation Failure)  404462K->86534K(1034752K), 0.0046856 secs]
76.153: Total time for which application threads were stopped: 0.0048562 seconds, Stopping threads took: 0.0000188 seconds
76.219: [GC (Allocation Failure)  408070K->91016K(1034240K), 0.0037626 secs]
76.223: Total time for which application threads were stopped: 0.0039303 seconds, Stopping threads took: 0.0000258 seconds
76.289: [GC (Allocation Failure)  412552K->90952K(1034752K), 0.0039734 secs]
76.293: Total time for which application threads were stopped: 0.0041448 seconds, Stopping threads took: 0.0000193 seconds
76.358: [GC (Allocation Failure)  412488K->91696K(1034240K), 0.0038558 secs]
76.362: Total time for which application threads were stopped: 0.0040165 seconds, Stopping threads took: 0.0000201 seconds
76.430: [GC (Allocation Failure)  413232K->99026K(1034752K), 0.0037452 secs]
76.434: Total time for which application threads were stopped: 0.0039342 seconds, Stopping threads took: 0.0000201 seconds
76.500: [GC (Allocation Failure)  420562K->98962K(1034752K), 0.0036757 secs]
76.504: Total time for which application threads were stopped: 0.0038428 seconds, Stopping threads took: 0.0000274 seconds
76.569: [GC (Allocation Failure)  420498K->100938K(1034752K), 0.0041669 secs]
76.573: Total time for which application threads were stopped: 0.0043282 seconds, Stopping threads took: 0.0000189 seconds
76.641: [GC (Allocation Failure)  422474K->106989K(1034752K), 0.0037155 secs]
76.645: Total time for which application threads were stopped: 0.0038879 seconds, Stopping threads took: 0.0000190 seconds
76.714: [GC (Allocation Failure)  428525K->106989K(1034752K), 0.0037230 secs]
76.718: Total time for which application threads were stopped: 0.0038907 seconds, Stopping threads took: 0.0000264 seconds
76.783: [GC (Allocation Failure)  428525K->110213K(1034752K), 0.0046721 secs]
76.788: Total time for which application threads were stopped: 0.0048728 seconds, Stopping threads took: 0.0000213 seconds
76.858: [GC (Allocation Failure)  431749K->115079K(1034752K), 0.0038796 secs]
76.862: Total time for which application threads were stopped: 0.0040276 seconds, Stopping threads took: 0.0000174 seconds
76.929: [GC (Allocation Failure)  436615K->115047K(1034752K), 0.0037512 secs]
76.933: Total time for which application threads were stopped: 0.0039130 seconds, Stopping threads took: 0.0000203 seconds
76.998: [GC (Allocation Failure)  436583K->115367K(1034752K), 0.0040067 secs]
77.003: Total time for which application threads were stopped: 0.0041688 seconds, Stopping threads took: 0.0000194 seconds
77.072: [GC (Allocation Failure)  436903K->123049K(1034752K), 0.0037727 secs]
77.076: Total time for which application threads were stopped: 0.0039375 seconds, Stopping threads took: 0.0000194 seconds
77.142: [GC (Allocation Failure)  444585K->123049K(1034752K), 0.0039213 secs]
77.146: Total time for which application threads were stopped: 0.0041174 seconds, Stopping threads took: 0.0000209 seconds
77.214: [GC (Allocation Failure)  444585K->124617K(1034752K), 0.0040389 secs]
77.218: Total time for which application threads were stopped: 0.0041985 seconds, Stopping threads took: 0.0000194 seconds
77.284: [GC (Allocation Failure)  446153K->131147K(1029120K), 0.0039419 secs]
77.288: Total time for which application threads were stopped: 0.0041085 seconds, Stopping threads took: 0.0000199 seconds
77.353: [GC (Allocation Failure)  452683K->131083K(1034240K), 0.0040531 secs]
77.358: Total time for which application threads were stopped: 0.0042379 seconds, Stopping threads took: 0.0000198 seconds
77.423: [GC (Allocation Failure)  451595K->132875K(1034240K), 0.0041836 secs]
77.428: Total time for which application threads were stopped: 0.0043507 seconds, Stopping threads took: 0.0000192 seconds
77.495: [GC (Allocation Failure)  453387K->139150K(1034240K), 0.0039493 secs]
77.499: Total time for which application threads were stopped: 0.0041537 seconds, Stopping threads took: 0.0000355 seconds
77.568: [GC (Allocation Failure)  459662K->139118K(1034240K), 0.0039141 secs]
77.572: Total time for which application threads were stopped: 0.0040622 seconds, Stopping threads took: 0.0000166 seconds
77.639: [GC (Allocation Failure)  459630K->143142K(1034752K), 0.0049469 secs]
77.644: Total time for which application threads were stopped: 0.0051049 seconds, Stopping threads took: 0.0000163 seconds
77.711: [GC (Allocation Failure)  464166K->147144K(1034240K), 0.0040422 secs]
77.715: Total time for which application threads were stopped: 0.0042116 seconds, Stopping threads took: 0.0000207 seconds
77.782: [GC (Allocation Failure)  468168K->147144K(1034752K), 0.0039184 secs]
77.786: Total time for which application threads were stopped: 0.0040853 seconds, Stopping threads took: 0.0000200 seconds
77.853: [GC (Allocation Failure)  468680K->147272K(1034752K), 0.0039874 secs]
77.857: Total time for which application threads were stopped: 0.0041515 seconds, Stopping threads took: 0.0000196 seconds
77.925: [GC (Allocation Failure)  468808K->155210K(1033728K), 0.0045613 secs]
77.930: Total time for which application threads were stopped: 0.0047297 seconds, Stopping threads took: 0.0000196 seconds
77.997: [GC (Allocation Failure)  475722K->155178K(1034240K), 0.0040513 secs]
78.001: Total time for which application threads were stopped: 0.0042097 seconds, Stopping threads took: 0.0000188 seconds
78.069: [GC (Allocation Failure)  475690K->158570K(1034752K), 0.0046051 secs]
78.074: Total time for which application threads were stopped: 0.0047695 seconds, Stopping threads took: 0.0000160 seconds
78.140: [GC (Allocation Failure)  479594K->163372K(1034240K), 0.0040912 secs]
78.145: Total time for which application threads were stopped: 0.0042608 seconds, Stopping threads took: 0.0000201 seconds
78.212: [GC (Allocation Failure)  484396K->163212K(1034752K), 0.0038012 secs]
78.216: Total time for which application threads were stopped: 0.0039699 seconds, Stopping threads took: 0.0000263 seconds
78.283: [GC (Allocation Failure)  484748K->166828K(1034752K), 0.0047456 secs]
78.288: Total time for which application threads were stopped: 0.0049106 seconds, Stopping threads took: 0.0000264 seconds
78.356: [GC (Allocation Failure)  488364K->171343K(1034752K), 0.0039844 secs]
78.360: Total time for which application threads were stopped: 0.0041464 seconds, Stopping threads took: 0.0000205 seconds
78.427: [GC (Allocation Failure)  492879K->171247K(1034752K), 0.0042445 secs]
78.431: Total time for which application threads were stopped: 0.0044045 seconds, Stopping threads took: 0.0000189 seconds
78.496: [GC (Allocation Failure)  492783K->171975K(1034752K), 0.0041229 secs]
78.500: Total time for which application threads were stopped: 0.0042989 seconds, Stopping threads took: 0.0000195 seconds
78.566: [GC (Allocation Failure)  493511K->179273K(1034752K), 0.0041489 secs]
78.570: Total time for which application threads were stopped: 0.0043218 seconds, Stopping threads took: 0.0000200 seconds
78.638: [GC (Allocation Failure)  500809K->179305K(1034752K), 0.0039325 secs]
78.642: Total time for which application threads were stopped: 0.0040893 seconds, Stopping threads took: 0.0000154 seconds
78.708: [GC (Allocation Failure)  500841K->181225K(1034752K), 0.0040929 secs]
78.712: Total time for which application threads were stopped: 0.0042514 seconds, Stopping threads took: 0.0000261 seconds
78.778: [GC (Allocation Failure)  502761K->187307K(1034752K), 0.0040201 secs]
78.782: Total time for which application threads were stopped: 0.0042276 seconds, Stopping threads took: 0.0000280 seconds
78.850: [GC (Allocation Failure)  508843K->187339K(1034752K), 0.0040858 secs]
78.854: Total time for which application threads were stopped: 0.0042391 seconds, Stopping threads took: 0.0000172 seconds
78.920: [GC (Allocation Failure)  508875K->190531K(1034752K), 0.0049987 secs]
78.925: Total time for which application threads were stopped: 0.0051694 seconds, Stopping threads took: 0.0000196 seconds
78.994: [GC (Allocation Failure)  512067K->195366K(1034752K), 0.0040342 secs]
78.998: Total time for which application threads were stopped: 0.0041967 seconds, Stopping threads took: 0.0000204 seconds
79.066: [GC (Allocation Failure)  516902K->195334K(1034752K), 0.0068522 secs]
79.073: Total time for which application threads were stopped: 0.0070137 seconds, Stopping threads took: 0.0000255 seconds
79.138: [GC (Allocation Failure)  516870K->195654K(1034752K), 0.0041602 secs]
79.143: Total time for which application threads were stopped: 0.0043262 seconds, Stopping threads took: 0.0000187 seconds
79.211: [GC (Allocation Failure)  517190K->203464K(1033728K), 0.0038814 secs]
79.215: Total time for which application threads were stopped: 0.0040603 seconds, Stopping threads took: 0.0000281 seconds
79.282: [GC (Allocation Failure)  523976K->203368K(1034240K), 0.0041681 secs]
79.286: Total time for which application threads were stopped: 0.0043440 seconds, Stopping threads took: 0.0000200 seconds
79.355: [GC (Allocation Failure)  523880K->206952K(1034752K), 0.0048680 secs]
79.360: Total time for which application threads were stopped: 0.0050446 seconds, Stopping threads took: 0.0000215 seconds
79.428: [GC (Allocation Failure)  528488K->211466K(1034752K), 0.0042051 secs]
79.433: Total time for which application threads were stopped: 0.0043771 seconds, Stopping threads took: 0.0000206 seconds
79.500: [GC (Allocation Failure)  533002K->211434K(1034752K), 0.0042120 secs]
79.505: Total time for which application threads were stopped: 0.0043716 seconds, Stopping threads took: 0.0000197 seconds
79.570: [GC (Allocation Failure)  532970K->212138K(1034752K), 0.0041820 secs]
79.574: Total time for which application threads were stopped: 0.0043651 seconds, Stopping threads took: 0.0000288 seconds
79.644: [GC (Allocation Failure)  533674K->219724K(1033728K), 0.0043081 secs]
79.649: Total time for which application threads were stopped: 0.0044630 seconds, Stopping threads took: 0.0000195 seconds
79.716: [GC (Allocation Failure)  540236K->219436K(1034240K), 0.0040185 secs]
79.720: Total time for which application threads were stopped: 0.0041898 seconds, Stopping threads took: 0.0000205 seconds
79.789: [GC (Allocation Failure)  539948K->223436K(1034752K), 0.0049342 secs]
79.794: Total time for which application threads were stopped: 0.0051089 seconds, Stopping threads took: 0.0000199 seconds
79.861: [GC (Allocation Failure)  544460K->227503K(1034240K), 0.0039347 secs]
79.865: Total time for which application threads were stopped: 0.0040966 seconds, Stopping threads took: 0.0000198 seconds
79.933: [GC (Allocation Failure)  548527K->227503K(1034752K), 0.0039161 secs]
79.937: Total time for which application threads were stopped: 0.0040775 seconds, Stopping threads took: 0.0000203 seconds
80.004: [GC (Allocation Failure)  549039K->227527K(1021440K), 0.0042401 secs]
80.008: Total time for which application threads were stopped: 0.0043999 seconds, Stopping threads took: 0.0000194 seconds
80.077: [GC (Allocation Failure)  549063K->235529K(1034240K), 0.0040850 secs]
80.081: Total time for which application threads were stopped: 0.0042478 seconds, Stopping threads took: 0.0000186 seconds
80.149: [GC (Allocation Failure)  556041K->235497K(1034240K), 0.0041373 secs]
80.153: Total time for which application threads were stopped: 0.0043168 seconds, Stopping threads took: 0.0000199 seconds
80.221: [GC (Allocation Failure)  556009K->238857K(1034752K), 0.0047803 secs]
80.226: Total time for which application threads were stopped: 0.0049663 seconds, Stopping threads took: 0.0000271 seconds
80.293: [GC (Allocation Failure)  559881K->243627K(1034240K), 0.0040194 secs]
80.297: Total time for which application threads were stopped: 0.0041890 seconds, Stopping threads took: 0.0000197 seconds
80.365: [GC (Allocation Failure)  564651K->243499K(1034752K), 0.0042580 secs]
80.369: Total time for which application threads were stopped: 0.0044318 seconds, Stopping threads took: 0.0000210 seconds
80.436: [GC (Allocation Failure)  565035K->247115K(1034752K), 0.0049723 secs]
80.441: Total time for which application threads were stopped: 0.0051509 seconds, Stopping threads took: 0.0000218 seconds
80.510: [GC (Allocation Failure)  568651K->251597K(1034752K), 0.0042340 secs]
80.514: Total time for which application threads were stopped: 0.0044351 seconds, Stopping threads took: 0.0000398 seconds
80.581: [GC (Allocation Failure)  573133K->251597K(1034752K), 0.0040857 secs]
80.585: Total time for which application threads were stopped: 0.0042462 seconds, Stopping threads took: 0.0000203 seconds
80.651: [GC (Allocation Failure)  573133K->252269K(1034240K), 0.0044207 secs]
80.655: Total time for which application threads were stopped: 0.0045887 seconds, Stopping threads took: 0.0000193 seconds
80.724: [GC (Allocation Failure)  573805K->259824K(1034752K), 0.0042387 secs]
80.728: Total time for which application threads were stopped: 0.0043994 seconds, Stopping threads took: 0.0000261 seconds
80.795: [GC (Allocation Failure)  581360K->259632K(1034752K), 0.0042921 secs]
80.800: Total time for which application threads were stopped: 0.0044851 seconds, Stopping threads took: 0.0000249 seconds
80.865: [GC (Allocation Failure)  581168K->261512K(1034752K), 0.0052802 secs]
80.870: Total time for which application threads were stopped: 0.0054557 seconds, Stopping threads took: 0.0000207 seconds
80.939: [GC (Allocation Failure)  583048K->267818K(1034752K), 0.0042293 secs]
80.943: Total time for which application threads were stopped: 0.0044165 seconds, Stopping threads took: 0.0000223 seconds
81.012: [GC (Allocation Failure)  589354K->267626K(1034752K), 0.0064814 secs]
81.018: Total time for which application threads were stopped: 0.0066667 seconds, Stopping threads took: 0.0000371 seconds
81.085: [GC (Allocation Failure)  589162K->270794K(1034752K), 0.0048480 secs]
81.090: Total time for which application threads were stopped: 0.0050287 seconds, Stopping threads took: 0.0000192 seconds
81.155: [GC (Allocation Failure)  592330K->275788K(1034752K), 0.0043100 secs]
81.160: Total time for which application threads were stopped: 0.0044706 seconds, Stopping threads took: 0.0000193 seconds
81.226: [GC (Allocation Failure)  597324K->275660K(1034752K), 0.0041339 secs]
81.230: Total time for which application threads were stopped: 0.0043076 seconds, Stopping threads took: 0.0000274 seconds
81.295: [GC (Allocation Failure)  597196K->267914K(1021440K), 0.0011784 secs]
81.296: Total time for which application threads were stopped: 0.0012967 seconds, Stopping threads took: 0.0000187 seconds
81.364: [GC (Allocation Failure)  589450K->275724K(1034240K), 0.0041711 secs]
81.368: Total time for which application threads were stopped: 0.0043272 seconds, Stopping threads took: 0.0000187 seconds
81.435: [GC (Allocation Failure)  596236K->275660K(1034240K), 0.0042056 secs]
81.439: Total time for which application threads were stopped: 0.0043757 seconds, Stopping threads took: 0.0000284 seconds
81.506: [GC (Allocation Failure)  596172K->279204K(1034752K), 0.0048635 secs]
81.511: Total time for which application threads were stopped: 0.0050358 seconds, Stopping threads took: 0.0000206 seconds
81.578: [GC (Allocation Failure)  600228K->283718K(1034240K), 0.0042254 secs]
81.582: Total time for which application threads were stopped: 0.0043988 seconds, Stopping threads took: 0.0000255 seconds
81.649: [GC (Allocation Failure)  604742K->283654K(1034752K), 0.0041512 secs]
81.653: Total time for which application threads were stopped: 0.0043462 seconds, Stopping threads took: 0.0000198 seconds
81.722: [GC (Allocation Failure)  605190K->287462K(1034752K), 0.0050461 secs]
81.727: Total time for which application threads were stopped: 0.0052079 seconds, Stopping threads took: 0.0000197 seconds
81.794: [GC (Allocation Failure)  608998K->291945K(1034240K), 0.0043854 secs]
81.798: Total time for which application threads were stopped: 0.0045419 seconds, Stopping threads took: 0.0000191 seconds
81.864: [GC (Allocation Failure)  613481K->291689K(1034752K), 0.0042271 secs]
81.869: Total time for which application threads were stopped: 0.0043967 seconds, Stopping threads took: 0.0000192 seconds
81.936: [GC (Allocation Failure)  613225K->284518K(1034240K), 0.0013569 secs]
81.937: Total time for which application threads were stopped: 0.0014935 seconds, Stopping threads took: 0.0000270 seconds
82.003: [GC (Allocation Failure)  606054K->291881K(1034752K), 0.0041785 secs]
82.007: Total time for which application threads were stopped: 0.0043580 seconds, Stopping threads took: 0.0000197 seconds
82.077: [GC (Allocation Failure)  613417K->291753K(1034752K), 0.0042123 secs]
82.081: Total time for which application threads were stopped: 0.0043720 seconds, Stopping threads took: 0.0000199 seconds
82.148: [GC (Allocation Failure)  613289K->285798K(1034752K), 0.0017679 secs]
82.150: Total time for which application threads were stopped: 0.0019127 seconds, Stopping threads took: 0.0000191 seconds
82.218: [GC (Allocation Failure)  607334K->291849K(1034752K), 0.0040787 secs]
82.222: Total time for which application threads were stopped: 0.0042778 seconds, Stopping threads took: 0.0000280 seconds
82.289: [GC (Allocation Failure)  613385K->291753K(1034752K), 0.0040205 secs]
82.293: Total time for which application threads were stopped: 0.0041904 seconds, Stopping threads took: 0.0000198 seconds
82.358: [GC (Allocation Failure)  613289K->287014K(1034752K), 0.0024544 secs]
82.361: Total time for which application threads were stopped: 0.0026234 seconds, Stopping threads took: 0.0000291 seconds
82.429: [GC (Allocation Failure)  608550K->291785K(1034752K), 0.0042333 secs]
82.433: Total time for which application threads were stopped: 0.0044049 seconds, Stopping threads took: 0.0000199 seconds
82.500: [GC (Allocation Failure)  613321K->291721K(1034752K), 0.0042332 secs]
82.505: Total time for which application threads were stopped: 0.0044032 seconds, Stopping threads took: 0.0000201 seconds
82.570: [GC (Allocation Failure)  613257K->288230K(1034752K), 0.0027241 secs]
82.572: Total time for which application threads were stopped: 0.0029086 seconds, Stopping threads took: 0.0000356 seconds
82.640: [GC (Allocation Failure)  609766K->291721K(1035264K), 0.0044012 secs]
82.645: Total time for which application threads were stopped: 0.0045661 seconds, Stopping threads took: 0.0000192 seconds
82.713: [GC (Allocation Failure)  614281K->291721K(1035264K), 0.0041451 secs]
82.717: Total time for which application threads were stopped: 0.0043118 seconds, Stopping threads took: 0.0000272 seconds
82.784: [GC (Allocation Failure)  614281K->291526K(1035776K), 0.0040581 secs]
82.789: Total time for which application threads were stopped: 0.0042174 seconds, Stopping threads took: 0.0000193 seconds
82.858: [GC (Allocation Failure)  614598K->291913K(1035264K), 0.0040787 secs]
82.862: Total time for which application threads were stopped: 0.0042334 seconds, Stopping threads took: 0.0000191 seconds
82.930: [GC (Allocation Failure)  614985K->291721K(1035776K), 0.0043798 secs]
82.935: Total time for which application threads were stopped: 0.0045358 seconds, Stopping threads took: 0.0000192 seconds
83.002: [GC (Allocation Failure)  615305K->297830K(1035776K), 0.0070050 secs]
83.009: Total time for which application threads were stopped: 0.0071726 seconds, Stopping threads took: 0.0000271 seconds
83.079: [GC (Allocation Failure)  621414K->293257K(1032704K), 0.0042285 secs]
83.083: Total time for which application threads were stopped: 0.0043884 seconds, Stopping threads took: 0.0000201 seconds
83.151: [GC (Allocation Failure)  613769K->293129K(1034240K), 0.0042232 secs]
83.155: Total time for which application threads were stopped: 0.0044121 seconds, Stopping threads took: 0.0000198 seconds
83.224: [GC (Allocation Failure)  613641K->300422K(1029632K), 0.0073044 secs]
83.231: Total time for which application threads were stopped: 0.0074600 seconds, Stopping threads took: 0.0000254 seconds
83.299: [GC (Allocation Failure)  616838K->294793K(1032192K), 0.0043537 secs]
83.303: Total time for which application threads were stopped: 0.0045193 seconds, Stopping threads took: 0.0000191 seconds
83.370: [GC (Allocation Failure)  611209K->294665K(1033728K), 0.0041693 secs]
83.374: Total time for which application threads were stopped: 0.0043407 seconds, Stopping threads took: 0.0000197 seconds
83.440: [GC (Allocation Failure)  613641K->290470K(1033216K), 0.0026341 secs]
83.443: Total time for which application threads were stopped: 0.0027962 seconds, Stopping threads took: 0.0000193 seconds
83.511: [GC (Allocation Failure)  609446K->294697K(1034240K), 0.0041225 secs]
83.515: Total time for which application threads were stopped: 0.0042968 seconds, Stopping threads took: 0.0000197 seconds
83.581: [GC (Allocation Failure)  614697K->294697K(1033728K), 0.0042831 secs]
83.585: Total time for which application threads were stopped: 0.0044577 seconds, Stopping threads took: 0.0000209 seconds
83.650: [GC (Allocation Failure)  614697K->298217K(1034752K), 0.0067112 secs]
83.657: Total time for which application threads were stopped: 0.0069005 seconds, Stopping threads took: 0.0000194 seconds
83.723: [GC (Allocation Failure)  619753K->302955K(1034752K), 0.0041737 secs]
83.728: Total time for which application threads were stopped: 0.0043396 seconds, Stopping threads took: 0.0000254 seconds
83.796: [GC (Allocation Failure)  624491K->302731K(1035264K), 0.0043288 secs]
83.800: Total time for which application threads were stopped: 0.0044932 seconds, Stopping threads took: 0.0000207 seconds
83.867: [GC (Allocation Failure)  624779K->295817K(1034752K), 0.0015285 secs]
83.869: Total time for which application threads were stopped: 0.0016613 seconds, Stopping threads took: 0.0000197 seconds
83.937: [GC (Allocation Failure)  617865K->302891K(1034752K), 0.0041927 secs]
83.941: Total time for which application threads were stopped: 0.0043575 seconds, Stopping threads took: 0.0000207 seconds
84.009: [GC (Allocation Failure)  624427K->302667K(1034752K), 0.0040982 secs]
84.013: Total time for which application threads were stopped: 0.0042795 seconds, Stopping threads took: 0.0000202 seconds
84.080: [GC (Allocation Failure)  624203K->297545K(1035264K), 0.0022287 secs]
84.082: Total time for which application threads were stopped: 0.0024071 seconds, Stopping threads took: 0.0000270 seconds
84.152: [GC (Allocation Failure)  620105K->302827K(1035264K), 0.0041996 secs]
84.156: Total time for which application threads were stopped: 0.0043622 seconds, Stopping threads took: 0.0000205 seconds
84.225: [GC (Allocation Failure)  625387K->302731K(1035264K), 0.0040786 secs]
84.229: Total time for which application threads were stopped: 0.0042326 seconds, Stopping threads took: 0.0000198 seconds
84.299: [GC (Allocation Failure)  625291K->301833K(1035264K), 0.0039462 secs]
84.303: Total time for which application threads were stopped: 0.0041134 seconds, Stopping threads took: 0.0000271 seconds
84.369: [GC (Allocation Failure)  624393K->302763K(1036288K), 0.0040593 secs]
84.373: Total time for which application threads were stopped: 0.0042234 seconds, Stopping threads took: 0.0000203 seconds
84.442: [GC (Allocation Failure)  626859K->302699K(1035776K), 0.0042962 secs]
84.446: Total time for which application threads were stopped: 0.0044756 seconds, Stopping threads took: 0.0000192 seconds
84.515: [GC (Allocation Failure)  626795K->309193K(1032192K), 0.0072921 secs]
84.522: Total time for which application threads were stopped: 0.0074621 seconds, Stopping threads took: 0.0000199 seconds
84.589: [GC (Allocation Failure)  629705K->305035K(1034240K), 0.0042385 secs]
84.593: Total time for which application threads were stopped: 0.0043998 seconds, Stopping threads took: 0.0000203 seconds
84.660: [GC (Allocation Failure)  625547K->305003K(1035264K), 0.0042713 secs]
84.664: Total time for which application threads were stopped: 0.0044605 seconds, Stopping threads took: 0.0000192 seconds
84.733: [GC (Allocation Failure)  627051K->311145K(1034752K), 0.0068845 secs]
84.740: Total time for which application threads were stopped: 0.0070580 seconds, Stopping threads took: 0.0000167 seconds
84.808: [GC (Allocation Failure)  633193K->306091K(1032704K), 0.0042855 secs]
84.812: Total time for which application threads were stopped: 0.0044572 seconds, Stopping threads took: 0.0000281 seconds
84.879: [GC (Allocation Failure)  625579K->305931K(1033728K), 0.0041140 secs]
84.883: Total time for which application threads were stopped: 0.0042831 seconds, Stopping threads took: 0.0000200 seconds
84.949: [GC (Allocation Failure)  625419K->309769K(1033216K), 0.0058802 secs]
84.955: Total time for which application threads were stopped: 0.0060639 seconds, Stopping threads took: 0.0000199 seconds
85.021: [GC (Allocation Failure)  629257K->306091K(1033728K), 0.0040465 secs]
85.025: Total time for which application threads were stopped: 0.0042198 seconds, Stopping threads took: 0.0000207 seconds
85.093: [GC (Allocation Failure)  625579K->305899K(1034752K), 0.0045807 secs]
85.097: Total time for which application threads were stopped: 0.0047494 seconds, Stopping threads took: 0.0000205 seconds
85.164: [GC (Allocation Failure)  626923K->306409K(1034240K), 0.0044909 secs]
85.169: Total time for which application threads were stopped: 0.0046504 seconds, Stopping threads took: 0.0000194 seconds
85.236: [GC (Allocation Failure)  627433K->306027K(1035264K), 0.0039831 secs]
85.241: Total time for which application threads were stopped: 0.0041495 seconds, Stopping threads took: 0.0000267 seconds
85.309: [GC (Allocation Failure)  628587K->305931K(1035264K), 0.0041043 secs]
85.313: Total time for which application threads were stopped: 0.0042560 seconds, Stopping threads took: 0.0000252 seconds
85.381: [GC (Allocation Failure)  628491K->309161K(1034752K), 0.0055989 secs]
85.386: Total time for which application threads were stopped: 0.0057715 seconds, Stopping threads took: 0.0000198 seconds
85.453: [GC (Allocation Failure)  631721K->305963K(1035264K), 0.0040564 secs]
85.458: Total time for which application threads were stopped: 0.0042355 seconds, Stopping threads took: 0.0000253 seconds
85.525: [GC (Allocation Failure)  628523K->305899K(1035776K), 0.0047756 secs]
85.530: Total time for which application threads were stopped: 0.0049460 seconds, Stopping threads took: 0.0000197 seconds
85.597: [GC (Allocation Failure)  628971K->313929K(1035264K), 0.0079233 secs]
85.605: Total time for which application threads were stopped: 0.0080727 seconds, Stopping threads took: 0.0000188 seconds
85.674: [GC (Allocation Failure)  637001K->309195K(1032192K), 0.0047562 secs]
85.679: Total time for which application threads were stopped: 0.0049212 seconds, Stopping threads took: 0.0000257 seconds
85.746: [GC (Allocation Failure)  628683K->309227K(1033728K), 0.0040595 secs]
85.750: Total time for which application threads were stopped: 0.0042223 seconds, Stopping threads took: 0.0000269 seconds
85.817: [GC (Allocation Failure)  628715K->315881K(1031168K), 0.0070498 secs]
85.824: Total time for which application threads were stopped: 0.0072094 seconds, Stopping threads took: 0.0000194 seconds
85.890: [GC (Allocation Failure)  633321K->309803K(1032704K), 0.0049885 secs]
85.895: Total time for which application threads were stopped: 0.0051642 seconds, Stopping threads took: 0.0000198 seconds
85.961: [GC (Allocation Failure)  627243K->309643K(1033216K), 0.0044849 secs]
85.965: Total time for which application threads were stopped: 0.0046533 seconds, Stopping threads took: 0.0000198 seconds
86.031: [GC (Allocation Failure)  627595K->305769K(1032704K), 0.0029376 secs]
86.034: Total time for which application threads were stopped: 0.0031020 seconds, Stopping threads took: 0.0000271 seconds
86.103: [GC (Allocation Failure)  623721K->309771K(1033216K), 0.0042061 secs]
86.107: Total time for which application threads were stopped: 0.0043747 seconds, Stopping threads took: 0.0000199 seconds
86.174: [GC (Allocation Failure)  627723K->309611K(1032704K), 0.0040731 secs]
86.178: Total time for which application threads were stopped: 0.0042465 seconds, Stopping threads took: 0.0000270 seconds
86.244: [GC (Allocation Failure)  627563K->312491K(1032704K), 0.0046444 secs]
86.249: Total time for which application threads were stopped: 0.0048090 seconds, Stopping threads took: 0.0000208 seconds
86.316: [GC (Allocation Failure)  630955K->317741K(1033216K), 0.0041547 secs]
86.320: Total time for which application threads were stopped: 0.0043348 seconds, Stopping threads took: 0.0000201 seconds
86.387: [GC (Allocation Failure)  636205K->317677K(1034752K), 0.0044194 secs]
86.391: Total time for which application threads were stopped: 0.0045912 seconds, Stopping threads took: 0.0000202 seconds
86.459: [GC (Allocation Failure)  638701K->319181K(1034240K), 0.0044708 secs]
86.463: Total time for which application threads were stopped: 0.0046348 seconds, Stopping threads took: 0.0000207 seconds
86.530: [GC (Allocation Failure)  640205K->325712K(1034752K), 0.0042537 secs]
86.534: Total time for which application threads were stopped: 0.0044108 seconds, Stopping threads took: 0.0000196 seconds
86.601: [GC (Allocation Failure)  646736K->325712K(1034240K), 0.0041699 secs]
86.606: Total time for which application threads were stopped: 0.0043894 seconds, Stopping threads took: 0.0000193 seconds
86.672: [GC (Allocation Failure)  646736K->326896K(1033728K), 0.0082438 secs]
86.681: Total time for which application threads were stopped: 0.0084120 seconds, Stopping threads took: 0.0000260 seconds
86.749: [GC (Allocation Failure)  647408K->333682K(1034240K), 0.0042679 secs]
86.753: Total time for which application threads were stopped: 0.0044383 seconds, Stopping threads took: 0.0000203 seconds
86.823: [GC (Allocation Failure)  654194K->333682K(1035264K), 0.0041840 secs]
86.827: Total time for which application threads were stopped: 0.0043530 seconds, Stopping threads took: 0.0000220 seconds
86.895: [GC (Allocation Failure)  655730K->334602K(1034752K), 0.0045941 secs]
86.900: Total time for which application threads were stopped: 0.0047561 seconds, Stopping threads took: 0.0000200 seconds
86.968: [GC (Allocation Failure)  656650K->341772K(1034752K), 0.0041091 secs]
86.972: Total time for which application threads were stopped: 0.0043039 seconds, Stopping threads took: 0.0000208 seconds
87.041: [GC (Allocation Failure)  663308K->341740K(1034752K), 0.0090313 secs]
87.050: Total time for which application threads were stopped: 0.0092235 seconds, Stopping threads took: 0.0000191 seconds
87.116: [GC (Allocation Failure)  663276K->344396K(1034752K), 0.0046445 secs]
87.121: Total time for which application threads were stopped: 0.0048015 seconds, Stopping threads took: 0.0000191 seconds
87.189: [GC (Allocation Failure)  665932K->349774K(1034752K), 0.0040766 secs]
87.193: Total time for which application threads were stopped: 0.0042401 seconds, Stopping threads took: 0.0000258 seconds
87.260: [GC (Allocation Failure)  671310K->349774K(1035264K), 0.0043047 secs]
87.264: Total time for which application threads were stopped: 0.0044633 seconds, Stopping threads took: 0.0000197 seconds
87.331: [GC (Allocation Failure)  671822K->350086K(1034752K), 0.0044858 secs]
87.335: Total time for which application threads were stopped: 0.0046523 seconds, Stopping threads took: 0.0000192 seconds
87.403: [GC (Allocation Failure)  672134K->357897K(1034752K), 0.0043300 secs]
87.407: Total time for which application threads were stopped: 0.0045267 seconds, Stopping threads took: 0.0000201 seconds
87.474: [GC (Allocation Failure)  679433K->357769K(1034752K), 0.0042787 secs]
87.479: Total time for which application threads were stopped: 0.0044434 seconds, Stopping threads took: 0.0000252 seconds
87.546: [GC (Allocation Failure)  679305K->359841K(1034752K), 0.0045176 secs]
87.550: Total time for which application threads were stopped: 0.0046905 seconds, Stopping threads took: 0.0000195 seconds
87.616: [GC (Allocation Failure)  681377K->365891K(1034752K), 0.0043307 secs]
87.620: Total time for which application threads were stopped: 0.0045150 seconds, Stopping threads took: 0.0000210 seconds
87.686: [GC (Allocation Failure)  687427K->365827K(1034752K), 0.0041544 secs]
87.690: Total time for which application threads were stopped: 0.0043167 seconds, Stopping threads took: 0.0000270 seconds
87.755: [GC (Allocation Failure)  687363K->369131K(1034752K), 0.0050573 secs]
87.760: Total time for which application threads were stopped: 0.0052315 seconds, Stopping threads took: 0.0000201 seconds
87.830: [GC (Allocation Failure)  690667K->373869K(1034752K), 0.0043822 secs]
87.835: Total time for which application threads were stopped: 0.0045507 seconds, Stopping threads took: 0.0000197 seconds
87.902: [GC (Allocation Failure)  695405K->373869K(1034752K), 0.0043885 secs]
87.907: Total time for which application threads were stopped: 0.0045885 seconds, Stopping threads took: 0.0000208 seconds
87.973: [GC (Allocation Failure)  695405K->374293K(1034240K), 0.0043565 secs]
87.978: Total time for which application threads were stopped: 0.0045325 seconds, Stopping threads took: 0.0000169 seconds
88.046: [GC (Allocation Failure)  695829K->381975K(1034752K), 0.0049390 secs]
88.051: Total time for which application threads were stopped: 0.0050954 seconds, Stopping threads took: 0.0000174 seconds
88.120: [GC (Allocation Failure)  703511K->381943K(1034752K), 0.0041948 secs]
88.124: Total time for which application threads were stopped: 0.0043819 seconds, Stopping threads took: 0.0000202 seconds
88.190: [GC (Allocation Failure)  703479K->383543K(1034752K), 0.0044419 secs]
88.195: Total time for which application threads were stopped: 0.0046230 seconds, Stopping threads took: 0.0000261 seconds
88.263: [GC (Allocation Failure)  705079K->390074K(1034752K), 0.0042215 secs]
88.267: Total time for which application threads were stopped: 0.0044046 seconds, Stopping threads took: 0.0000197 seconds
88.335: [GC (Allocation Failure)  711610K->389946K(1034752K), 0.0044982 secs]
88.339: Total time for which application threads were stopped: 0.0046598 seconds, Stopping threads took: 0.0000203 seconds
88.406: [GC (Allocation Failure)  711482K->392826K(1034752K), 0.0049432 secs]
88.411: Total time for which application threads were stopped: 0.0051045 seconds, Stopping threads took: 0.0000201 seconds
88.477: [GC (Allocation Failure)  714362K->398044K(1034752K), 0.0043018 secs]
88.481: Total time for which application threads were stopped: 0.0044722 seconds, Stopping threads took: 0.0000198 seconds
88.547: [GC (Allocation Failure)  719580K->397980K(1034752K), 0.0044989 secs]
88.551: Total time for which application threads were stopped: 0.0046719 seconds, Stopping threads took: 0.0000197 seconds
88.616: [GC (Allocation Failure)  719516K->402044K(1034752K), 0.0055149 secs]
88.622: Total time for which application threads were stopped: 0.0056937 seconds, Stopping threads took: 0.0000217 seconds
88.688: [GC (Allocation Failure)  723580K->406046K(1035264K), 0.0042820 secs]
88.693: Total time for which application threads were stopped: 0.0044862 seconds, Stopping threads took: 0.0000263 seconds
88.763: [GC (Allocation Failure)  728606K->406014K(1035264K), 0.0045317 secs]
88.767: Total time for which application threads were stopped: 0.0047033 seconds, Stopping threads took: 0.0000201 seconds
88.835: [GC (Allocation Failure)  728574K->401244K(1035264K), 0.0025724 secs]
88.837: Total time for which application threads were stopped: 0.0027375 seconds, Stopping threads took: 0.0000204 seconds
88.909: [GC (Allocation Failure)  723804K->406238K(1035264K), 0.0043568 secs]
88.913: Total time for which application threads were stopped: 0.0045555 seconds, Stopping threads took: 0.0000205 seconds
88.980: [GC (Allocation Failure)  728798K->406014K(1035264K), 0.0044739 secs]
88.985: Total time for which application threads were stopped: 0.0046397 seconds, Stopping threads took: 0.0000196 seconds
89.052: [GC (Allocation Failure)  728574K->405532K(1035264K), 0.0056417 secs]
89.058: Total time for which application threads were stopped: 0.0057930 seconds, Stopping threads took: 0.0000265 seconds
89.124: [GC (Allocation Failure)  728092K->406174K(1035264K), 0.0046771 secs]
89.129: Total time for which application threads were stopped: 0.0048457 seconds, Stopping threads took: 0.0000197 seconds
89.197: [GC (Allocation Failure)  728734K->406014K(1035264K), 0.0042396 secs]
89.201: Total time for which application threads were stopped: 0.0044257 seconds, Stopping threads took: 0.0000257 seconds
89.269: [GC (Allocation Failure)  728574K->409820K(1032704K), 0.0059706 secs]
89.275: Total time for which application threads were stopped: 0.0061504 seconds, Stopping threads took: 0.0000170 seconds
89.343: [GC (Allocation Failure)  730332K->406110K(1034240K), 0.0046719 secs]
89.348: Total time for which application threads were stopped: 0.0048460 seconds, Stopping threads took: 0.0000199 seconds
89.415: [GC (Allocation Failure)  726622K->406046K(1035264K), 0.0044179 secs]
89.420: Total time for which application threads were stopped: 0.0045941 seconds, Stopping threads took: 0.0000217 seconds
89.487: [GC (Allocation Failure)  728094K->409532K(1033216K), 0.0058472 secs]
89.493: Total time for which application threads were stopped: 0.0060181 seconds, Stopping threads took: 0.0000206 seconds
89.561: [GC (Allocation Failure)  731580K->406046K(1034752K), 0.0043737 secs]
89.566: Total time for which application threads were stopped: 0.0045470 seconds, Stopping threads took: 0.0000203 seconds
89.633: [GC (Allocation Failure)  727070K->406014K(1034240K), 0.0056464 secs]
89.639: Total time for which application threads were stopped: 0.0058242 seconds, Stopping threads took: 0.0000206 seconds
89.708: [GC (Allocation Failure)  727038K->410236K(1033216K), 0.0059866 secs]
89.714: Total time for which application threads were stopped: 0.0061833 seconds, Stopping threads took: 0.0000252 seconds
89.780: [GC (Allocation Failure)  730748K->405982K(1034240K), 0.0043509 secs]
89.784: Total time for which application threads were stopped: 0.0045152 seconds, Stopping threads took: 0.0000192 seconds
89.852: [GC (Allocation Failure)  726494K->406014K(1035264K), 0.0042601 secs]
89.856: Total time for which application threads were stopped: 0.0044348 seconds, Stopping threads took: 0.0000212 seconds
89.923: [GC (Allocation Failure)  728062K->409916K(1033728K), 0.0059938 secs]
89.929: Total time for which application threads were stopped: 0.0061571 seconds, Stopping threads took: 0.0000197 seconds
89.997: [GC (Allocation Failure)  731964K->406238K(1034752K), 0.0043887 secs]
90.001: Total time for which application threads were stopped: 0.0045508 seconds, Stopping threads took: 0.0000198 seconds
90.069: [GC (Allocation Failure)  727262K->406046K(1034240K), 0.0043074 secs]
90.074: Total time for which application threads were stopped: 0.0044885 seconds, Stopping threads took: 0.0000161 seconds
90.140: [GC (Allocation Failure)  727070K->410620K(1033216K), 0.0062424 secs]
90.146: Total time for which application threads were stopped: 0.0064012 seconds, Stopping threads took: 0.0000168 seconds
90.212: [GC (Allocation Failure)  731132K->406174K(1034240K), 0.0043229 secs]
90.216: Total time for which application threads were stopped: 0.0044894 seconds, Stopping threads took: 0.0000271 seconds
90.284: [GC (Allocation Failure)  726686K->406046K(1034752K), 0.0050751 secs]
90.289: Total time for which application threads were stopped: 0.0052504 seconds, Stopping threads took: 0.0000200 seconds
90.356: [GC (Allocation Failure)  727582K->409820K(1033216K), 0.0060093 secs]
90.362: Total time for which application threads were stopped: 0.0061799 seconds, Stopping threads took: 0.0000221 seconds
90.429: [GC (Allocation Failure)  731356K->406142K(1034752K), 0.0044624 secs]
90.434: Total time for which application threads were stopped: 0.0046194 seconds, Stopping threads took: 0.0000191 seconds
90.502: [GC (Allocation Failure)  727166K->406046K(1034240K), 0.0043781 secs]
90.506: Total time for which application threads were stopped: 0.0045622 seconds, Stopping threads took: 0.0000197 seconds
90.573: [GC (Allocation Failure)  727070K->410012K(1033728K), 0.0058893 secs]
90.579: Total time for which application threads were stopped: 0.0060600 seconds, Stopping threads took: 0.0000197 seconds
90.646: [GC (Allocation Failure)  730524K->406046K(1034240K), 0.0045035 secs]
90.651: Total time for which application threads were stopped: 0.0046690 seconds, Stopping threads took: 0.0000191 seconds
90.719: [GC (Allocation Failure)  726558K->406046K(1034752K), 0.0043040 secs]
90.723: Total time for which application threads were stopped: 0.0044720 seconds, Stopping threads took: 0.0000264 seconds
90.791: [GC (Allocation Failure)  727070K->408700K(1034240K), 0.0055334 secs]
90.796: Total time for which application threads were stopped: 0.0057088 seconds, Stopping threads took: 0.0000264 seconds
90.866: [GC (Allocation Failure)  729724K->406206K(1034752K), 0.0043679 secs]
90.870: Total time for which application threads were stopped: 0.0045366 seconds, Stopping threads took: 0.0000197 seconds
90.939: [GC (Allocation Failure)  727742K->405982K(1034752K), 0.0043395 secs]
90.943: Total time for which application threads were stopped: 0.0045118 seconds, Stopping threads took: 0.0000210 seconds
91.009: [GC (Allocation Failure)  727518K->409404K(1034240K), 0.0059096 secs]
91.015: Total time for which application threads were stopped: 0.0060823 seconds, Stopping threads took: 0.0000193 seconds
91.084: [GC (Allocation Failure)  730940K->406238K(1034752K), 0.0044636 secs]
91.089: Total time for which application threads were stopped: 0.0046122 seconds, Stopping threads took: 0.0000171 seconds
91.155: [GC (Allocation Failure)  727774K->405982K(1035264K), 0.0044535 secs]
91.160: Total time for which application threads were stopped: 0.0046230 seconds, Stopping threads took: 0.0000199 seconds
91.227: [GC (Allocation Failure)  728030K->411132K(1034752K), 0.0064825 secs]
91.234: Total time for which application threads were stopped: 0.0066880 seconds, Stopping threads took: 0.0000256 seconds
91.303: [GC (Allocation Failure)  733180K->406142K(1033728K), 0.0046849 secs]
91.307: Total time for which application threads were stopped: 0.0048567 seconds, Stopping threads took: 0.0000204 seconds
91.377: [GC (Allocation Failure)  726654K->405982K(1034240K), 0.0042433 secs]
91.381: Total time for which application threads were stopped: 0.0044124 seconds, Stopping threads took: 0.0000196 seconds
91.449: [GC (Allocation Failure)  726494K->410780K(1032704K), 0.0063932 secs]
91.456: Total time for which application threads were stopped: 0.0065571 seconds, Stopping threads took: 0.0000193 seconds
91.524: [GC (Allocation Failure)  730268K->406110K(1033728K), 0.0045946 secs]
91.529: Total time for which application threads were stopped: 0.0047638 seconds, Stopping threads took: 0.0000194 seconds
91.596: [GC (Allocation Failure)  725598K->406046K(1034240K), 0.0044142 secs]
91.600: Total time for which application threads were stopped: 0.0045943 seconds, Stopping threads took: 0.0000203 seconds
91.668: [GC (Allocation Failure)  726046K->406396K(1033728K), 0.0046533 secs]
91.673: Total time for which application threads were stopped: 0.0048331 seconds, Stopping threads took: 0.0000280 seconds
91.742: [GC (Allocation Failure)  726396K->406014K(1034752K), 0.0043381 secs]
91.746: Total time for which application threads were stopped: 0.0044965 seconds, Stopping threads took: 0.0000251 seconds
91.813: [GC (Allocation Failure)  727550K->406046K(1034752K), 0.0044089 secs]
91.818: Total time for which application threads were stopped: 0.0045736 seconds, Stopping threads took: 0.0000205 seconds
91.883: [GC (Allocation Failure)  727582K->406044K(1035264K), 0.0045253 secs]
91.888: Total time for which application threads were stopped: 0.0047012 seconds, Stopping threads took: 0.0000272 seconds
91.956: [GC (Allocation Failure)  728604K->406270K(1035264K), 0.0045226 secs]
91.960: Total time for which application threads were stopped: 0.0046947 seconds, Stopping threads took: 0.0000205 seconds
92.029: [GC (Allocation Failure)  728830K->406014K(1035776K), 0.0043719 secs]
92.033: Total time for which application threads were stopped: 0.0045435 seconds, Stopping threads took: 0.0000207 seconds
92.102: [GC (Allocation Failure)  729598K->411372K(1035776K), 0.0068080 secs]
92.109: Total time for which application threads were stopped: 0.0069595 seconds, Stopping threads took: 0.0000168 seconds
92.178: [GC (Allocation Failure)  734956K->406798K(1033728K), 0.0053012 secs]
92.183: Total time for which application threads were stopped: 0.0054714 seconds, Stopping threads took: 0.0000269 seconds
92.250: [GC (Allocation Failure)  728334K->406638K(1034752K), 0.0043876 secs]
92.255: Total time for which application threads were stopped: 0.0045576 seconds, Stopping threads took: 0.0000198 seconds
92.321: [GC (Allocation Failure)  728174K->398924K(1033216K), 0.0013309 secs]
92.323: Total time for which application threads were stopped: 0.0014547 seconds, Stopping threads took: 0.0000195 seconds
92.391: [GC (Allocation Failure)  719436K->406790K(1034240K), 0.0043811 secs]
92.396: Total time for which application threads were stopped: 0.0045310 seconds, Stopping threads took: 0.0000174 seconds
92.464: [GC (Allocation Failure)  727302K->410790K(1035264K), 0.0054323 secs]
92.469: Total time for which application threads were stopped: 0.0056009 seconds, Stopping threads took: 0.0000262 seconds
92.537: [GC (Allocation Failure)  732838K->419116K(1034752K), 0.0082309 secs]
92.545: Total time for which application threads were stopped: 0.0083967 seconds, Stopping threads took: 0.0000192 seconds
92.613: [GC (Allocation Failure)  741164K->413934K(1031680K), 0.0044802 secs]
92.618: Total time for which application threads were stopped: 0.0046587 seconds, Stopping threads took: 0.0000197 seconds
92.685: [GC (Allocation Failure)  732398K->413838K(1033216K), 0.0049009 secs]
92.690: Total time for which application threads were stopped: 0.0050762 seconds, Stopping threads took: 0.0000260 seconds
92.754: [GC (Allocation Failure)  732302K->417836K(1032704K), 0.0078816 secs]
92.762: Total time for which application threads were stopped: 0.0080644 seconds, Stopping threads took: 0.0000215 seconds
92.829: [GC (Allocation Failure)  736300K->413902K(1033216K), 0.0045696 secs]
92.833: Total time for which application threads were stopped: 0.0047488 seconds, Stopping threads took: 0.0000218 seconds
92.900: [GC (Allocation Failure)  732366K->413870K(1033728K), 0.0045817 secs]
92.904: Total time for which application threads were stopped: 0.0047527 seconds, Stopping threads took: 0.0000198 seconds
92.972: [GC (Allocation Failure)  732846K->410348K(1033216K), 0.0032429 secs]
92.975: Total time for which application threads were stopped: 0.0034097 seconds, Stopping threads took: 0.0000214 seconds
93.044: [GC (Allocation Failure)  729324K->414094K(1034240K), 0.0050826 secs]
93.049: Total time for which application threads were stopped: 0.0052779 seconds, Stopping threads took: 0.0000200 seconds
93.119: [GC (Allocation Failure)  734094K->413902K(1033728K), 0.0043829 secs]
93.124: Total time for which application threads were stopped: 0.0045409 seconds, Stopping threads took: 0.0000171 seconds
93.189: [GC (Allocation Failure)  733902K->405900K(1032704K), 0.0011947 secs]
93.190: Total time for which application threads were stopped: 0.0013184 seconds, Stopping threads took: 0.0000256 seconds
93.259: [GC (Allocation Failure)  725388K->414030K(1033728K), 0.0045396 secs]
93.264: Total time for which application threads were stopped: 0.0047078 seconds, Stopping threads took: 0.0000170 seconds
93.333: [GC (Allocation Failure)  733518K->413838K(1034752K), 0.0043693 secs]
93.337: Total time for which application threads were stopped: 0.0045247 seconds, Stopping threads took: 0.0000191 seconds
93.404: [GC (Allocation Failure)  734862K->414694K(1034240K), 0.0046025 secs]
93.409: Total time for which application threads were stopped: 0.0047777 seconds, Stopping threads took: 0.0000198 seconds
93.478: [GC (Allocation Failure)  735718K->421992K(1034752K), 0.0044935 secs]
93.482: Total time for which application threads were stopped: 0.0046689 seconds, Stopping threads took: 0.0000281 seconds
93.551: [GC (Allocation Failure)  743016K->421928K(1034240K), 0.0043046 secs]
93.556: Total time for which application threads were stopped: 0.0044817 seconds, Stopping threads took: 0.0000277 seconds
93.624: [GC (Allocation Failure)  742952K->422408K(1033728K), 0.0045243 secs]
93.629: Total time for which application threads were stopped: 0.0046969 seconds, Stopping threads took: 0.0000205 seconds
93.696: [GC (Allocation Failure)  742920K->429995K(1034240K), 0.0063910 secs]
93.702: Total time for which application threads were stopped: 0.0065577 seconds, Stopping threads took: 0.0000263 seconds
93.770: [GC (Allocation Failure)  750507K->429963K(1034752K), 0.0043974 secs]
93.775: Total time for which application threads were stopped: 0.0045455 seconds, Stopping threads took: 0.0000172 seconds
93.842: [GC (Allocation Failure)  750987K->433195K(1034240K), 0.0051945 secs]
93.847: Total time for which application threads were stopped: 0.0053871 seconds, Stopping threads took: 0.0000198 seconds
93.914: [GC (Allocation Failure)  754219K->437997K(1034752K), 0.0040882 secs]
93.918: Total time for which application threads were stopped: 0.0042440 seconds, Stopping threads took: 0.0000190 seconds
93.986: [GC (Allocation Failure)  759533K->437997K(1034752K), 0.0044867 secs]
93.991: Total time for which application threads were stopped: 0.0046828 seconds, Stopping threads took: 0.0000190 seconds
94.056: [GC (Allocation Failure)  759533K->441933K(1035264K), 0.0075100 secs]
94.064: Total time for which application threads were stopped: 0.0076667 seconds, Stopping threads took: 0.0000282 seconds
94.132: [GC (Allocation Failure)  764493K->446159K(1035264K), 0.0043239 secs]
94.136: Total time for which application threads were stopped: 0.0044837 seconds, Stopping threads took: 0.0000202 seconds
94.204: [GC (Allocation Failure)  768719K->445999K(1035264K), 0.0044244 secs]
94.209: Total time for which application threads were stopped: 0.0045940 seconds, Stopping threads took: 0.0000281 seconds
94.276: [GC (Allocation Failure)  768559K->438029K(1022464K), 0.0014100 secs]
94.277: Total time for which application threads were stopped: 0.0015345 seconds, Stopping threads took: 0.0000197 seconds
94.343: [GC (Allocation Failure)  760589K->446127K(1034752K), 0.0045399 secs]
94.348: Total time for which application threads were stopped: 0.0047074 seconds, Stopping threads took: 0.0000197 seconds
94.416: [GC (Allocation Failure)  767663K->446031K(1034752K), 0.0052948 secs]
94.421: Total time for which application threads were stopped: 0.0054622 seconds, Stopping threads took: 0.0000195 seconds
94.487: [GC (Allocation Failure)  767567K->440301K(1034752K), 0.0022558 secs]
94.489: Total time for which application threads were stopped: 0.0023979 seconds, Stopping threads took: 0.0000187 seconds
94.559: [GC (Allocation Failure)  761837K->446063K(1034752K), 0.0042936 secs]
94.564: Total time for which application threads were stopped: 0.0044467 seconds, Stopping threads took: 0.0000165 seconds
94.631: [GC (Allocation Failure)  767599K->445999K(1034752K), 0.0044173 secs]
94.636: Total time for which application threads were stopped: 0.0045931 seconds, Stopping threads took: 0.0000198 seconds
94.703: [GC (Allocation Failure)  767535K->441549K(1034752K), 0.0026600 secs]
94.705: Total time for which application threads were stopped: 0.0028233 seconds, Stopping threads took: 0.0000268 seconds
94.774: [GC (Allocation Failure)  763085K->446031K(1035264K), 0.0044789 secs]
94.778: Total time for which application threads were stopped: 0.0046866 seconds, Stopping threads took: 0.0000303 seconds
94.848: [GC (Allocation Failure)  768591K->445967K(1035264K), 0.0043574 secs]
94.853: Total time for which application threads were stopped: 0.0045474 seconds, Stopping threads took: 0.0000197 seconds
94.922: [GC (Allocation Failure)  768527K->444781K(1035776K), 0.0041241 secs]
94.926: Total time for which application threads were stopped: 0.0043049 seconds, Stopping threads took: 0.0000199 seconds
94.993: [GC (Allocation Failure)  767853K->446255K(1035264K), 0.0042353 secs]
94.998: Total time for which application threads were stopped: 0.0044344 seconds, Stopping threads took: 0.0000217 seconds
95.068: [GC (Allocation Failure)  769327K->445967K(1035776K), 0.0050771 secs]
95.074: Total time for which application threads were stopped: 0.0052573 seconds, Stopping threads took: 0.0000173 seconds
95.141: [GC (Allocation Failure)  769551K->451101K(1035776K), 0.0068268 secs]
95.148: Total time for which application threads were stopped: 0.0069974 seconds, Stopping threads took: 0.0000203 seconds
95.216: [GC (Allocation Failure)  774685K->446527K(1032704K), 0.0043030 secs]
95.220: Total time for which application threads were stopped: 0.0044965 seconds, Stopping threads took: 0.0000202 seconds
95.290: [GC (Allocation Failure)  767039K->446367K(1034240K), 0.0047117 secs]
95.295: Total time for which application threads were stopped: 0.0048809 seconds, Stopping threads took: 0.0000197 seconds
95.362: [GC (Allocation Failure)  766879K->452685K(1031680K), 0.0071087 secs]
95.369: Total time for which application threads were stopped: 0.0072785 seconds, Stopping threads took: 0.0000221 seconds
95.437: [GC (Allocation Failure)  771149K->447039K(1033216K), 0.0044482 secs]
95.442: Total time for which application threads were stopped: 0.0046391 seconds, Stopping threads took: 0.0000194 seconds
95.510: [GC (Allocation Failure)  765503K->446943K(1034240K), 0.0045096 secs]
95.515: Total time for which application threads were stopped: 0.0046798 seconds, Stopping threads took: 0.0000200 seconds
95.579: [GC (Allocation Failure)  766943K->446845K(1033728K), 0.0046041 secs]
95.584: Total time for which application threads were stopped: 0.0047672 seconds, Stopping threads took: 0.0000206 seconds
95.651: [GC (Allocation Failure)  766845K->447007K(1035264K), 0.0042747 secs]
95.656: Total time for which application threads were stopped: 0.0044761 seconds, Stopping threads took: 0.0000278 seconds
95.726: [GC (Allocation Failure)  769055K->446975K(1034752K), 0.0042635 secs]
95.730: Total time for which application threads were stopped: 0.0044383 seconds, Stopping threads took: 0.0000263 seconds
95.797: [GC (Allocation Failure)  769023K->447581K(1035776K), 0.0046100 secs]
95.802: Total time for which application threads were stopped: 0.0047699 seconds, Stopping threads took: 0.0000196 seconds
95.870: [GC (Allocation Failure)  771165K->446943K(1035776K), 0.0042925 secs]
95.875: Total time for which application threads were stopped: 0.0044588 seconds, Stopping threads took: 0.0000199 seconds
95.943: [GC (Allocation Failure)  770527K->446943K(1036800K), 0.0044606 secs]
95.947: Total time for which application threads were stopped: 0.0046223 seconds, Stopping threads took: 0.0000194 seconds
96.013: [GC (Allocation Failure)  772063K->440061K(1026048K), 0.0018644 secs]
96.015: Total time for which application threads were stopped: 0.0020097 seconds, Stopping threads took: 0.0000200 seconds
96.086: [GC (Allocation Failure)  765181K->447183K(1036288K), 0.0044734 secs]
96.091: Total time for which application threads were stopped: 0.0046355 seconds, Stopping threads took: 0.0000201 seconds
96.159: [GC (Allocation Failure)  771279K->451119K(1035776K), 0.0054550 secs]
96.164: Total time for which application threads were stopped: 0.0056271 seconds, Stopping threads took: 0.0000206 seconds
96.232: [GC (Allocation Failure)  775215K->451087K(1036800K), 0.0042885 secs]
96.237: Total time for which application threads were stopped: 0.0044583 seconds, Stopping threads took: 0.0000265 seconds
96.305: [GC (Allocation Failure)  776207K->451143K(1025024K), 0.0044600 secs]
96.309: Total time for which application threads were stopped: 0.0046222 seconds, Stopping threads took: 0.0000203 seconds
96.376: [GC (Allocation Failure)  776263K->459113K(1035776K), 0.0044919 secs]
96.381: Total time for which application threads were stopped: 0.0046623 seconds, Stopping threads took: 0.0000201 seconds
96.450: [GC (Allocation Failure)  782697K->459145K(1035776K), 0.0045407 secs]
96.455: Total time for which application threads were stopped: 0.0047007 seconds, Stopping threads took: 0.0000201 seconds
96.522: [GC (Allocation Failure)  782729K->459273K(1034240K), 0.0045196 secs]
96.527: Total time for which application threads were stopped: 0.0046774 seconds, Stopping threads took: 0.0000192 seconds
96.594: [GC (Allocation Failure)  781833K->467148K(1035264K), 0.0042970 secs]
96.598: Total time for which application threads were stopped: 0.0044549 seconds, Stopping threads took: 0.0000197 seconds
96.665: [GC (Allocation Failure)  789708K->467148K(1035776K), 0.0044646 secs]
96.670: Total time for which application threads were stopped: 0.0046325 seconds, Stopping threads took: 0.0000199 seconds
96.737: [GC (Allocation Failure)  790220K->467500K(1035264K), 0.0046120 secs]
96.742: Total time for which application threads were stopped: 0.0047904 seconds, Stopping threads took: 0.0000257 seconds
96.808: [GC (Allocation Failure)  790572K->475214K(1035264K), 0.0046203 secs]
96.813: Total time for which application threads were stopped: 0.0048144 seconds, Stopping threads took: 0.0000198 seconds
96.882: [GC (Allocation Failure)  797774K->475182K(1035264K), 0.0042551 secs]
96.886: Total time for which application threads were stopped: 0.0044067 seconds, Stopping threads took: 0.0000168 seconds
96.953: [GC (Allocation Failure)  797742K->475238K(1034240K), 0.0046414 secs]
96.957: Total time for which application threads were stopped: 0.0048134 seconds, Stopping threads took: 0.0000196 seconds
97.026: [GC (Allocation Failure)  796774K->483208K(1034752K), 0.0047647 secs]
97.031: Total time for which application threads were stopped: 0.0049424 seconds, Stopping threads took: 0.0000202 seconds
97.098: [GC (Allocation Failure)  804744K->483208K(1034752K), 0.0046016 secs]
97.102: Total time for which application threads were stopped: 0.0048088 seconds, Stopping threads took: 0.0000199 seconds
97.169: [GC (Allocation Failure)  804744K->483464K(1021440K), 0.0046004 secs]
97.174: Total time for which application threads were stopped: 0.0048042 seconds, Stopping threads took: 0.0000200 seconds
97.242: [GC (Allocation Failure)  805000K->491243K(1034240K), 0.0046992 secs]
97.247: Total time for which application threads were stopped: 0.0048698 seconds, Stopping threads took: 0.0000281 seconds
97.313: [GC (Allocation Failure)  811755K->491243K(1034240K), 0.0045789 secs]
97.318: Total time for which application threads were stopped: 0.0047394 seconds, Stopping threads took: 0.0000188 seconds
97.384: [GC (Allocation Failure)  811755K->491723K(1034240K), 0.0046166 secs]
97.389: Total time for which application threads were stopped: 0.0047777 seconds, Stopping threads took: 0.0000196 seconds
97.458: [GC (Allocation Failure)  812235K->499277K(1034240K), 0.0045811 secs]
97.463: Total time for which application threads were stopped: 0.0047422 seconds, Stopping threads took: 0.0000192 seconds
97.531: [GC (Allocation Failure)  819789K->499309K(1034240K), 0.0044853 secs]
97.535: Total time for which application threads were stopped: 0.0046566 seconds, Stopping threads took: 0.0000197 seconds
97.602: [GC (Allocation Failure)  819821K->499429K(1020416K), 0.0047374 secs]
97.607: Total time for which application threads were stopped: 0.0049088 seconds, Stopping threads took: 0.0000198 seconds
97.675: [GC (Allocation Failure)  819941K->507335K(1033728K), 0.0065209 secs]
97.682: Total time for which application threads were stopped: 0.0067047 seconds, Stopping threads took: 0.0000206 seconds
97.750: [GC (Allocation Failure)  826823K->507303K(1033728K), 0.0045078 secs]
97.754: Total time for which application threads were stopped: 0.0046926 seconds, Stopping threads took: 0.0000273 seconds
97.820: [GC (Allocation Failure)  826791K->507367K(1033728K), 0.0045665 secs]
97.825: Total time for which application threads were stopped: 0.0047480 seconds, Stopping threads took: 0.0000162 seconds
97.894: [GC (Allocation Failure)  826855K->515337K(1033728K), 0.0047170 secs]
97.899: Total time for which application threads were stopped: 0.0048780 seconds, Stopping threads took: 0.0000195 seconds
97.966: [GC (Allocation Failure)  834825K->515337K(1033728K), 0.0045369 secs]
97.970: Total time for which application threads were stopped: 0.0047085 seconds, Stopping threads took: 0.0000204 seconds
98.038: [GC (Allocation Failure)  834825K->515401K(1033728K), 0.0046098 secs]
98.043: Total time for which application threads were stopped: 0.0047796 seconds, Stopping threads took: 0.0000198 seconds
98.111: [GC (Allocation Failure)  834889K->523372K(1032704K), 0.0047325 secs]
98.115: Total time for which application threads were stopped: 0.0049017 seconds, Stopping threads took: 0.0000195 seconds
98.182: [GC (Allocation Failure)  841836K->523372K(1033216K), 0.0044300 secs]
98.187: Total time for which application threads were stopped: 0.0046063 seconds, Stopping threads took: 0.0000198 seconds
98.253: [GC (Allocation Failure)  841836K->523628K(1033216K), 0.0047729 secs]
98.257: Total time for which application threads were stopped: 0.0049336 seconds, Stopping threads took: 0.0000207 seconds
98.324: [GC (Allocation Failure)  842092K->531438K(1033216K), 0.0046896 secs]
98.329: Total time for which application threads were stopped: 0.0048454 seconds, Stopping threads took: 0.0000188 seconds
98.396: [GC (Allocation Failure)  849902K->531438K(1033216K), 0.0047296 secs]
98.400: Total time for which application threads were stopped: 0.0049354 seconds, Stopping threads took: 0.0000197 seconds
98.465: [GC (Allocation Failure)  849902K->531558K(1033216K), 0.0047639 secs]
98.470: Total time for which application threads were stopped: 0.0049420 seconds, Stopping threads took: 0.0000199 seconds
98.539: [GC (Allocation Failure)  850022K->539432K(1033216K), 0.0045314 secs]
98.543: Total time for which application threads were stopped: 0.0047018 seconds, Stopping threads took: 0.0000176 seconds
98.609: [GC (Allocation Failure)  857896K->534470K(1033216K), 0.0031502 secs]
98.613: Total time for which application threads were stopped: 0.0033067 seconds, Stopping threads took: 0.0000203 seconds
98.678: [GC (Allocation Failure)  852934K->539544K(1034752K), 0.0045944 secs]
98.682: Total time for which application threads were stopped: 0.0047934 seconds, Stopping threads took: 0.0000255 seconds
98.749: [GC (Allocation Failure)  860056K->543608K(1033728K), 0.0045712 secs]
98.754: Total time for which application threads were stopped: 0.0047446 seconds, Stopping threads took: 0.0000207 seconds
98.820: [GC (Allocation Failure)  864120K->551086K(1029120K), 0.0097369 secs]
98.830: Total time for which application threads were stopped: 0.0099080 seconds, Stopping threads took: 0.0000199 seconds
98.898: [GC (Allocation Failure)  866478K->544848K(1031680K), 0.0045940 secs]
98.902: Total time for which application threads were stopped: 0.0047906 seconds, Stopping threads took: 0.0000197 seconds
98.968: [GC (Allocation Failure)  860240K->544816K(1032704K), 0.0047429 secs]
98.973: Total time for which application threads were stopped: 0.0049049 seconds, Stopping threads took: 0.0000200 seconds
99.038: [GC (Allocation Failure)  861744K->548840K(1032192K), 0.0055922 secs]
99.043: Total time for which application threads were stopped: 0.0057574 seconds, Stopping threads took: 0.0000210 seconds
99.111: [GC (Allocation Failure)  865768K->552874K(1033216K), 0.0046770 secs]
99.116: Total time for which application threads were stopped: 0.0048316 seconds, Stopping threads took: 0.0000177 seconds
99.183: [GC (Allocation Failure)  870826K->552842K(1032704K), 0.0047139 secs]
99.188: Total time for which application threads were stopped: 0.0048714 seconds, Stopping threads took: 0.0000200 seconds
99.254: [GC (Allocation Failure)  870794K->554506K(1033728K), 0.0048914 secs]
99.259: Total time for which application threads were stopped: 0.0050617 seconds, Stopping threads took: 0.0000192 seconds
99.327: [GC (Allocation Failure)  873994K->560909K(1033728K), 0.0048126 secs]
99.332: Total time for which application threads were stopped: 0.0049884 seconds, Stopping threads took: 0.0000198 seconds
99.400: [GC (Allocation Failure)  880397K->560877K(1033728K), 0.0056317 secs]
99.405: Total time for which application threads were stopped: 0.0058012 seconds, Stopping threads took: 0.0000193 seconds
99.473: [GC (Allocation Failure)  880365K->561709K(1033728K), 0.0050126 secs]
99.478: Total time for which application threads were stopped: 0.0051729 seconds, Stopping threads took: 0.0000196 seconds
99.547: [GC (Allocation Failure)  881197K->569039K(1033728K), 0.0049022 secs]
99.552: Total time for which application threads were stopped: 0.0050657 seconds, Stopping threads took: 0.0000204 seconds
99.619: [GC (Allocation Failure)  888527K->568911K(1033728K), 0.0044854 secs]
99.624: Total time for which application threads were stopped: 0.0046569 seconds, Stopping threads took: 0.0000205 seconds
99.688: [GC (Allocation Failure)  888399K->572999K(1034240K), 0.0054955 secs]
99.694: Total time for which application threads were stopped: 0.0056537 seconds, Stopping threads took: 0.0000252 seconds
99.761: [GC (Allocation Failure)  892999K->576969K(1033728K), 0.0047069 secs]
99.766: Total time for which application threads were stopped: 0.0049012 seconds, Stopping threads took: 0.0000205 seconds
99.835: [GC (Allocation Failure)  896969K->576937K(1034752K), 0.0046742 secs]
99.840: Total time for which application threads were stopped: 0.0048360 seconds, Stopping threads took: 0.0000175 seconds
99.907: [GC (Allocation Failure)  897961K->578697K(1034240K), 0.0048101 secs]
99.912: Total time for which application threads were stopped: 0.0049864 seconds, Stopping threads took: 0.0000203 seconds
99.980: [GC (Allocation Failure)  899721K->585003K(1034752K), 0.0048104 secs]
99.985: Total time for which application threads were stopped: 0.0049851 seconds, Stopping threads took: 0.0000210 seconds
100.052: [GC (Allocation Failure)  906027K->585003K(1034240K), 0.0056760 secs]
100.058: Total time for which application threads were stopped: 0.0058642 seconds, Stopping threads took: 0.0000254 seconds
100.126: [GC (Allocation Failure)  906027K->586411K(1033728K), 0.0048757 secs]
100.131: Total time for which application threads were stopped: 0.0050451 seconds, Stopping threads took: 0.0000196 seconds
100.198: [GC (Allocation Failure)  906923K->593038K(1034240K), 0.0046160 secs]
100.203: Total time for which application threads were stopped: 0.0047928 seconds, Stopping threads took: 0.0000268 seconds
100.271: [GC (Allocation Failure)  913550K->593006K(1034752K), 0.0046313 secs]
100.276: Total time for which application threads were stopped: 0.0048273 seconds, Stopping threads took: 0.0000203 seconds
100.344: [GC (Allocation Failure)  914030K->593062K(1034240K), 0.0049757 secs]
100.349: Total time for which application threads were stopped: 0.0053012 seconds, Stopping threads took: 0.0001400 seconds
100.418: [GC (Allocation Failure)  914086K->601064K(1034240K), 0.0046552 secs]
100.423: Total time for which application threads were stopped: 0.0048140 seconds, Stopping threads took: 0.0000176 seconds
100.490: [GC (Allocation Failure)  921576K->601032K(1034240K), 0.0048023 secs]
100.495: Total time for which application threads were stopped: 0.0049968 seconds, Stopping threads took: 0.0000197 seconds
100.563: [GC (Allocation Failure)  921544K->603912K(1034240K), 0.0052409 secs]
100.568: Total time for which application threads were stopped: 0.0053975 seconds, Stopping threads took: 0.0000166 seconds
100.637: [GC (Allocation Failure)  924424K->609130K(1034240K), 0.0047492 secs]
100.642: Total time for which application threads were stopped: 0.0049192 seconds, Stopping threads took: 0.0000203 seconds
100.710: [GC (Allocation Failure)  929642K->609066K(1034240K), 0.0046297 secs]
100.715: Total time for which application threads were stopped: 0.0047992 seconds, Stopping threads took: 0.0000282 seconds
100.782: [GC (Allocation Failure)  929578K->610090K(1034240K), 0.0049606 secs]
100.787: Total time for which application threads were stopped: 0.0051271 seconds, Stopping threads took: 0.0000254 seconds
100.855: [GC (Allocation Failure)  930602K->617133K(1034240K), 0.0047193 secs]
100.860: Total time for which application threads were stopped: 0.0048946 seconds, Stopping threads took: 0.0000203 seconds
100.929: [GC (Allocation Failure)  937645K->617101K(1034240K), 0.0048967 secs]
100.934: Total time for which application threads were stopped: 0.0050952 seconds, Stopping threads took: 0.0000273 seconds
101.002: [GC (Allocation Failure)  937613K->620365K(1034752K), 0.0055041 secs]
101.008: Total time for which application threads were stopped: 0.0056848 seconds, Stopping threads took: 0.0000169 seconds
101.078: [GC (Allocation Failure)  941389K->625167K(1034240K), 0.0046382 secs]
101.082: Total time for which application threads were stopped: 0.0048021 seconds, Stopping threads took: 0.0000178 seconds
101.151: [GC (Allocation Failure)  946191K->625135K(1034752K), 0.0048077 secs]
101.156: Total time for which application threads were stopped: 0.0049822 seconds, Stopping threads took: 0.0000196 seconds
101.223: [GC (Allocation Failure)  946671K->628615K(1034752K), 0.0055118 secs]
101.229: Total time for which application threads were stopped: 0.0056878 seconds, Stopping threads took: 0.0000261 seconds
101.298: [GC (Allocation Failure)  950151K->633225K(1034752K), 0.0050314 secs]
101.303: Total time for which application threads were stopped: 0.0052012 seconds, Stopping threads took: 0.0000199 seconds
101.370: [GC (Allocation Failure)  954761K->633193K(1034752K), 0.0049532 secs]
101.375: Total time for which application threads were stopped: 0.0051247 seconds, Stopping threads took: 0.0000206 seconds
101.440: [GC (Allocation Failure)  954729K->633769K(1034752K), 0.0050477 secs]
101.445: Total time for which application threads were stopped: 0.0052185 seconds, Stopping threads took: 0.0000203 seconds
101.513: [GC (Allocation Failure)  955305K->641355K(1034752K), 0.0050161 secs]
101.518: Total time for which application threads were stopped: 0.0051942 seconds, Stopping threads took: 0.0000203 seconds
101.585: [GC (Allocation Failure)  962891K->641227K(1034752K), 0.0049142 secs]
101.590: Total time for which application threads were stopped: 0.0051118 seconds, Stopping threads took: 0.0000200 seconds
101.657: [GC (Allocation Failure)  962763K->642987K(1034752K), 0.0063036 secs]
101.663: Total time for which application threads were stopped: 0.0064829 seconds, Stopping threads took: 0.0000197 seconds
101.730: [GC (Allocation Failure)  964523K->649294K(1033728K), 0.0048909 secs]
101.735: Total time for which application threads were stopped: 0.0050848 seconds, Stopping threads took: 0.0000264 seconds
101.803: [GC (Allocation Failure)  969806K->649262K(1034240K), 0.0048346 secs]
101.808: Total time for which application threads were stopped: 0.0050058 seconds, Stopping threads took: 0.0000207 seconds
101.875: [GC (Allocation Failure)  969774K->650222K(1033728K), 0.0050687 secs]
101.880: Total time for which application threads were stopped: 0.0052460 seconds, Stopping threads took: 0.0000194 seconds
101.948: [GC (Allocation Failure)  970734K->657264K(1034240K), 0.0047694 secs]
101.953: Total time for which application threads were stopped: 0.0049632 seconds, Stopping threads took: 0.0000203 seconds
102.022: [GC (Allocation Failure)  977776K->657264K(1034240K), 0.0050080 secs]
102.027: Total time for which application threads were stopped: 0.0051696 seconds, Stopping threads took: 0.0000191 seconds
102.094: [GC (Allocation Failure)  977776K->660488K(1034240K), 0.0054369 secs]
102.100: Total time for which application threads were stopped: 0.0055974 seconds, Stopping threads took: 0.0000191 seconds
102.167: [GC (Allocation Failure)  981000K->665322K(1034752K), 0.0047590 secs]
102.172: Total time for which application threads were stopped: 0.0049169 seconds, Stopping threads took: 0.0000201 seconds
102.240: [GC (Allocation Failure)  986858K->665290K(1034752K), 0.0047538 secs]
102.245: Total time for which application threads were stopped: 0.0049228 seconds, Stopping threads took: 0.0000278 seconds
102.310: [GC (Allocation Failure)  986826K->668746K(1034752K), 0.0056676 secs]
102.316: Total time for which application threads were stopped: 0.0058397 seconds, Stopping threads took: 0.0000200 seconds
102.385: [GC (Allocation Failure)  990282K->673356K(1034752K), 0.0048935 secs]
102.390: Total time for which application threads were stopped: 0.0050617 seconds, Stopping threads took: 0.0000204 seconds
102.457: [GC (Allocation Failure)  994892K->673356K(1034752K), 0.0058145 secs]
102.463: Total time for which application threads were stopped: 0.0059880 seconds, Stopping threads took: 0.0000268 seconds
102.529: [GC (Allocation Failure)  994892K->673900K(1034752K), 0.0049857 secs]
102.534: Total time for which application threads were stopped: 0.0051654 seconds, Stopping threads took: 0.0000247 seconds
102.603: [GC (Allocation Failure)  995436K->681455K(1034752K), 0.0050227 secs]
102.608: Total time for which application threads were stopped: 0.0051858 seconds, Stopping threads took: 0.0000205 seconds
102.675: [GC (Allocation Failure)  1002991K->681391K(1034752K), 0.0049831 secs]
102.680: Total time for which application threads were stopped: 0.0051547 seconds, Stopping threads took: 0.0000283 seconds
102.746: [GC (Allocation Failure)  1002927K->683143K(1034752K), 0.0050969 secs]
102.751: Total time for which application threads were stopped: 0.0052613 seconds, Stopping threads took: 0.0000201 seconds
102.817: [GC (Allocation Failure)  1004679K->689449K(1034752K), 0.0048823 secs]
102.822: Total time for which application threads were stopped: 0.0050449 seconds, Stopping threads took: 0.0000205 seconds
102.889: [GC (Allocation Failure)  1010985K->689353K(1034752K), 0.0049966 secs]
102.894: Total time for which application threads were stopped: 0.0051806 seconds, Stopping threads took: 0.0000205 seconds
102.960: [GC (Allocation Failure)  1010889K->692425K(1034752K), 0.0054780 secs]
102.965: [Full GC (Ergonomics)  692425K->11500K(1034752K), 0.0171868 secs]
102.983: Total time for which application threads were stopped: 0.0229233 seconds, Stopping threads took: 0.0000207 seconds
103.049: [GC (Allocation Failure)  333036K->20686K(1033728K), 0.0045099 secs]
103.054: Total time for which application threads were stopped: 0.0046613 seconds, Stopping threads took: 0.0000163 seconds
103.121: [GC (Allocation Failure)  341198K->20694K(1034240K), 0.0038428 secs]
103.125: Total time for which application threads were stopped: 0.0040173 seconds, Stopping threads took: 0.0000195 seconds
103.194: [GC (Allocation Failure)  341206K->22910K(1034240K), 0.0038495 secs]
103.198: Total time for which application threads were stopped: 0.0040156 seconds, Stopping threads took: 0.0000262 seconds
103.266: [GC (Allocation Failure)  343422K->28769K(1034240K), 0.0037194 secs]
103.270: Total time for which application threads were stopped: 0.0038813 seconds, Stopping threads took: 0.0000197 seconds
103.337: [GC (Allocation Failure)  349281K->28737K(1034752K), 0.0037967 secs]
103.341: Total time for which application threads were stopped: 0.0039754 seconds, Stopping threads took: 0.0000215 seconds
103.408: [GC (Allocation Failure)  349761K->29609K(1034240K), 0.0039512 secs]
103.412: Total time for which application threads were stopped: 0.0041245 seconds, Stopping threads took: 0.0000203 seconds
103.480: [GC (Allocation Failure)  350633K->36811K(1034240K), 0.0035405 secs]
103.484: Total time for which application threads were stopped: 0.0037129 seconds, Stopping threads took: 0.0000252 seconds
103.550: [GC (Allocation Failure)  357323K->36779K(1034240K), 0.0037815 secs]
103.554: Total time for which application threads were stopped: 0.0039438 seconds, Stopping threads took: 0.0000201 seconds
103.620: [GC (Allocation Failure)  357291K->40459K(1034752K), 0.0045489 secs]
103.625: Total time for which application threads were stopped: 0.0047423 seconds, Stopping threads took: 0.0000195 seconds
103.694: [GC (Allocation Failure)  361483K->44909K(1034240K), 0.0036589 secs]
103.697: Total time for which application threads were stopped: 0.0038204 seconds, Stopping threads took: 0.0000255 seconds
103.764: [GC (Allocation Failure)  365933K->44813K(1034752K), 0.0037642 secs]
103.768: Total time for which application threads were stopped: 0.0039343 seconds, Stopping threads took: 0.0000197 seconds
103.835: [GC (Allocation Failure)  366349K->48653K(1034752K), 0.0045514 secs]
103.839: Total time for which application threads were stopped: 0.0047012 seconds, Stopping threads took: 0.0000168 seconds
103.908: [GC (Allocation Failure)  370189K->52879K(1035264K), 0.0039232 secs]
103.912: Total time for which application threads were stopped: 0.0040967 seconds, Stopping threads took: 0.0000207 seconds
103.979: [GC (Allocation Failure)  375439K->52879K(1035264K), 0.0037101 secs]
103.983: Total time for which application threads were stopped: 0.0038709 seconds, Stopping threads took: 0.0000199 seconds
104.049: [GC (Allocation Failure)  375439K->55847K(1035264K), 0.0070064 secs]
104.056: Total time for which application threads were stopped: 0.0071703 seconds, Stopping threads took: 0.0000250 seconds
104.124: [GC (Allocation Failure)  378407K->60874K(1035264K), 0.0039180 secs]
104.128: Total time for which application threads were stopped: 0.0040756 seconds, Stopping threads took: 0.0000193 seconds
104.198: [GC (Allocation Failure)  383434K->60874K(1035264K), 0.0037016 secs]
104.202: Total time for which application threads were stopped: 0.0038938 seconds, Stopping threads took: 0.0000261 seconds
104.269: [GC (Allocation Failure)  383434K->64074K(1035264K), 0.0043292 secs]
104.273: Total time for which application threads were stopped: 0.0044974 seconds, Stopping threads took: 0.0000255 seconds
104.344: [GC (Allocation Failure)  386634K->68940K(1035264K), 0.0038238 secs]
104.348: Total time for which application threads were stopped: 0.0039858 seconds, Stopping threads took: 0.0000200 seconds
104.417: [GC (Allocation Failure)  391500K->68908K(1035264K), 0.0038359 secs]
104.421: Total time for which application threads were stopped: 0.0040173 seconds, Stopping threads took: 0.0000201 seconds
104.487: [GC (Allocation Failure)  391468K->72300K(1035264K), 0.0045003 secs]
104.492: Total time for which application threads were stopped: 0.0046606 seconds, Stopping threads took: 0.0000192 seconds
104.562: [GC (Allocation Failure)  394860K->76974K(1035264K), 0.0034728 secs]
104.565: Total time for which application threads were stopped: 0.0036559 seconds, Stopping threads took: 0.0000221 seconds
104.633: [GC (Allocation Failure)  399534K->76942K(1035264K), 0.0038975 secs]
104.637: Total time for which application threads were stopped: 0.0040564 seconds, Stopping threads took: 0.0000195 seconds
104.704: [GC (Allocation Failure)  399502K->80558K(1035264K), 0.0046235 secs]
104.709: Total time for which application threads were stopped: 0.0047997 seconds, Stopping threads took: 0.0000258 seconds
104.777: [GC (Allocation Failure)  403118K->85041K(1035776K), 0.0039448 secs]
104.781: Total time for which application threads were stopped: 0.0041284 seconds, Stopping threads took: 0.0000285 seconds
104.849: [GC (Allocation Failure)  408625K->85009K(1035776K), 0.0040718 secs]
104.853: Total time for which application threads were stopped: 0.0042524 seconds, Stopping threads took: 0.0000197 seconds
104.920: [GC (Allocation Failure)  408593K->86761K(1034752K), 0.0041229 secs]
104.924: Total time for which application threads were stopped: 0.0042861 seconds, Stopping threads took: 0.0000205 seconds
104.991: [GC (Allocation Failure)  409321K->93035K(1035264K), 0.0039003 secs]
104.995: Total time for which application threads were stopped: 0.0040609 seconds, Stopping threads took: 0.0000198 seconds
105.063: [GC (Allocation Failure)  415595K->93003K(1035264K), 0.0057061 secs]
105.069: Total time for which application threads were stopped: 0.0058814 seconds, Stopping threads took: 0.0000172 seconds
105.136: [GC (Allocation Failure)  415563K->94987K(1035264K), 0.0039933 secs]
105.140: Total time for which application threads were stopped: 0.0041445 seconds, Stopping threads took: 0.0000170 seconds
105.208: [GC (Allocation Failure)  417547K->101261K(1035264K), 0.0038068 secs]
105.212: Total time for which application threads were stopped: 0.0039755 seconds, Stopping threads took: 0.0000268 seconds
105.280: [GC (Allocation Failure)  423821K->101005K(1035264K), 0.0037734 secs]
105.284: Total time for which application threads were stopped: 0.0039337 seconds, Stopping threads took: 0.0000199 seconds
105.351: [GC (Allocation Failure)  423565K->95179K(1035264K), 0.0015837 secs]
105.352: Total time for which application threads were stopped: 0.0017218 seconds, Stopping threads took: 0.0000191 seconds
105.422: [GC (Allocation Failure)  417739K->101229K(1035264K), 0.0038166 secs]
105.426: Total time for which application threads were stopped: 0.0039882 seconds, Stopping threads took: 0.0000201 seconds
105.496: [GC (Allocation Failure)  423789K->101069K(1035264K), 0.0038558 secs]
105.500: Total time for which application threads were stopped: 0.0040196 seconds, Stopping threads took: 0.0000197 seconds
105.567: [GC (Allocation Failure)  423629K->99467K(1035264K), 0.0032192 secs]
105.570: Total time for which application threads were stopped: 0.0033746 seconds, Stopping threads took: 0.0000187 seconds
105.640: [GC (Allocation Failure)  422027K->101197K(1035776K), 0.0039336 secs]
105.644: Total time for which application threads were stopped: 0.0041046 seconds, Stopping threads took: 0.0000194 seconds
105.711: [GC (Allocation Failure)  424781K->101037K(1035776K), 0.0039670 secs]
105.715: Total time for which application threads were stopped: 0.0041497 seconds, Stopping threads took: 0.0000193 seconds
105.781: [GC (Allocation Failure)  424621K->105803K(1032704K), 0.0059654 secs]
105.787: Total time for which application threads were stopped: 0.0061432 seconds, Stopping threads took: 0.0000197 seconds
105.856: [GC (Allocation Failure)  426315K->101213K(1034240K), 0.0036539 secs]
105.860: Total time for which application threads were stopped: 0.0038037 seconds, Stopping threads took: 0.0000167 seconds
105.929: [GC (Allocation Failure)  421725K->101085K(1034752K), 0.0039217 secs]
105.933: Total time for which application threads were stopped: 0.0040871 seconds, Stopping threads took: 0.0000197 seconds
106.000: [GC (Allocation Failure)  422109K->104539K(1034240K), 0.0052380 secs]
106.005: Total time for which application threads were stopped: 0.0054135 seconds, Stopping threads took: 0.0000215 seconds
106.073: [GC (Allocation Failure)  425563K->101117K(1034752K), 0.0038717 secs]
106.077: Total time for which application threads were stopped: 0.0040676 seconds, Stopping threads took: 0.0000205 seconds
106.145: [GC (Allocation Failure)  422141K->101085K(1034240K), 0.0038151 secs]
106.149: Total time for which application threads were stopped: 0.0039683 seconds, Stopping threads took: 0.0000174 seconds
106.217: [GC (Allocation Failure)  422109K->104251K(1033216K), 0.0048748 secs]
106.222: Total time for which application threads were stopped: 0.0050387 seconds, Stopping threads took: 0.0000270 seconds
106.292: [GC (Allocation Failure)  424763K->101309K(1034240K), 0.0040572 secs]
106.296: Total time for which application threads were stopped: 0.0042091 seconds, Stopping threads took: 0.0000166 seconds
106.365: [GC (Allocation Failure)  421821K->101085K(1035264K), 0.0037626 secs]
106.369: Total time for which application threads were stopped: 0.0039234 seconds, Stopping threads took: 0.0000205 seconds
106.436: [GC (Allocation Failure)  423133K->103931K(1034752K), 0.0048204 secs]
106.441: Total time for which application threads were stopped: 0.0050109 seconds, Stopping threads took: 0.0000188 seconds
106.509: [GC (Allocation Failure)  425979K->101277K(1035264K), 0.0038103 secs]
106.513: Total time for which application threads were stopped: 0.0039600 seconds, Stopping threads took: 0.0000175 seconds
106.581: [GC (Allocation Failure)  423325K->101117K(1034752K), 0.0036933 secs]
106.584: Total time for which application threads were stopped: 0.0038924 seconds, Stopping threads took: 0.0000192 seconds
106.653: [GC (Allocation Failure)  423165K->106635K(1032704K), 0.0063298 secs]
106.660: Total time for which application threads were stopped: 0.0064788 seconds, Stopping threads took: 0.0000163 seconds
106.728: [GC (Allocation Failure)  427147K->102029K(1034240K), 0.0036655 secs]
106.732: Total time for which application threads were stopped: 0.0038598 seconds, Stopping threads took: 0.0000269 seconds
106.800: [GC (Allocation Failure)  422541K->101901K(1034752K), 0.0039617 secs]
106.804: Total time for which application threads were stopped: 0.0041290 seconds, Stopping threads took: 0.0000194 seconds
106.872: [GC (Allocation Failure)  423437K->106667K(1034240K), 0.0056330 secs]
106.878: Total time for which application threads were stopped: 0.0058401 seconds, Stopping threads took: 0.0000202 seconds
106.945: [GC (Allocation Failure)  428203K->101997K(1034240K), 0.0039666 secs]
106.949: Total time for which application threads were stopped: 0.0041146 seconds, Stopping threads took: 0.0000194 seconds
107.018: [GC (Allocation Failure)  422509K->101933K(1034240K), 0.0038635 secs]
107.022: Total time for which application threads were stopped: 0.0040777 seconds, Stopping threads took: 0.0000203 seconds
107.089: [GC (Allocation Failure)  422445K->105899K(1032704K), 0.0054240 secs]
107.095: Total time for which application threads were stopped: 0.0055911 seconds, Stopping threads took: 0.0000190 seconds
107.164: [GC (Allocation Failure)  425387K->101901K(1033728K), 0.0039273 secs]
107.168: Total time for which application threads were stopped: 0.0041056 seconds, Stopping threads took: 0.0000207 seconds
107.237: [GC (Allocation Failure)  421389K->101901K(1034752K), 0.0038576 secs]
107.241: Total time for which application threads were stopped: 0.0040331 seconds, Stopping threads took: 0.0000276 seconds
107.308: [GC (Allocation Failure)  422925K->102475K(1034240K), 0.0039928 secs]
107.312: Total time for which application threads were stopped: 0.0041633 seconds, Stopping threads took: 0.0000197 seconds
107.381: [GC (Allocation Failure)  423499K->102093K(1035264K), 0.0037072 secs]
107.385: Total time for which application threads were stopped: 0.0038770 seconds, Stopping threads took: 0.0000205 seconds
107.452: [GC (Allocation Failure)  424141K->101933K(1034752K), 0.0037052 secs]
107.456: Total time for which application threads were stopped: 0.0038769 seconds, Stopping threads took: 0.0000213 seconds
107.523: [GC (Allocation Failure)  423981K->104235K(1035264K), 0.0048237 secs]
107.528: Total time for which application threads were stopped: 0.0049949 seconds, Stopping threads took: 0.0000197 seconds
107.597: [GC (Allocation Failure)  426795K->102061K(1035264K), 0.0038312 secs]
107.601: Total time for which application threads were stopped: 0.0040121 seconds, Stopping threads took: 0.0000205 seconds
107.670: [GC (Allocation Failure)  424621K->101869K(1035776K), 0.0038781 secs]
107.674: Total time for which application threads were stopped: 0.0040498 seconds, Stopping threads took: 0.0000198 seconds
107.740: [GC (Allocation Failure)  425453K->109515K(1035776K), 0.0083438 secs]
107.748: Total time for which application threads were stopped: 0.0084995 seconds, Stopping threads took: 0.0000258 seconds
107.818: [GC (Allocation Failure)  433099K->104877K(1031680K), 0.0038601 secs]
107.822: Total time for which application threads were stopped: 0.0040611 seconds, Stopping threads took: 0.0000273 seconds
107.888: [GC (Allocation Failure)  424365K->104781K(1033728K), 0.0037494 secs]
107.892: Total time for which application threads were stopped: 0.0039154 seconds, Stopping threads took: 0.0000193 seconds
107.958: [GC (Allocation Failure)  424269K->111563K(1031168K), 0.0067718 secs]
107.965: Total time for which application threads were stopped: 0.0069714 seconds, Stopping threads took: 0.0000198 seconds
108.033: [GC (Allocation Failure)  429003K->105357K(1032704K), 0.0038808 secs]
108.037: Total time for which application threads were stopped: 0.0040387 seconds, Stopping threads took: 0.0000185 seconds
108.105: [GC (Allocation Failure)  422797K->105293K(1033216K), 0.0037920 secs]
108.108: Total time for which application threads were stopped: 0.0039628 seconds, Stopping threads took: 0.0000206 seconds
108.175: [GC (Allocation Failure)  423245K->101547K(1032704K), 0.0025593 secs]
108.178: Total time for which application threads were stopped: 0.0027193 seconds, Stopping threads took: 0.0000211 seconds
108.247: [GC (Allocation Failure)  419499K->105517K(1033216K), 0.0039496 secs]
108.251: Total time for which application threads were stopped: 0.0041084 seconds, Stopping threads took: 0.0000199 seconds
108.317: [GC (Allocation Failure)  423469K->105325K(1032704K), 0.0037749 secs]
108.321: Total time for which application threads were stopped: 0.0039402 seconds, Stopping threads took: 0.0000205 seconds
108.387: [GC (Allocation Failure)  423277K->108293K(1032704K), 0.0045459 secs]
108.392: Total time for which application threads were stopped: 0.0047315 seconds, Stopping threads took: 0.0000225 seconds
108.459: [GC (Allocation Failure)  426757K->113351K(1033216K), 0.0040364 secs]
108.463: Total time for which application threads were stopped: 0.0042059 seconds, Stopping threads took: 0.0000204 seconds
108.530: [GC (Allocation Failure)  431815K->113351K(1034752K), 0.0037824 secs]
108.534: Total time for which application threads were stopped: 0.0039852 seconds, Stopping threads took: 0.0000196 seconds
108.600: [GC (Allocation Failure)  434375K->114951K(1034240K), 0.0048289 secs]
108.605: Total time for which application threads were stopped: 0.0050007 seconds, Stopping threads took: 0.0000202 seconds
108.673: [GC (Allocation Failure)  435975K->121354K(1034752K), 0.0039473 secs]
108.677: Total time for which application threads were stopped: 0.0041257 seconds, Stopping threads took: 0.0000192 seconds
108.746: [GC (Allocation Failure)  442378K->121354K(1034240K), 0.0036504 secs]
108.750: Total time for which application threads were stopped: 0.0038264 seconds, Stopping threads took: 0.0000270 seconds
108.819: [GC (Allocation Failure)  442378K->122666K(1034240K), 0.0041234 secs]
108.823: Total time for which application threads were stopped: 0.0043064 seconds, Stopping threads took: 0.0000266 seconds
108.891: [GC (Allocation Failure)  444202K->129484K(1034752K), 0.0039491 secs]
108.895: Total time for which application threads were stopped: 0.0041343 seconds, Stopping threads took: 0.0000221 seconds
108.964: [GC (Allocation Failure)  451020K->129420K(1035264K), 0.0037249 secs]
108.968: Total time for which application threads were stopped: 0.0038911 seconds, Stopping threads took: 0.0000249 seconds
109.035: [GC (Allocation Failure)  451468K->132460K(1034752K), 0.0043962 secs]
109.040: Total time for which application threads were stopped: 0.0045724 seconds, Stopping threads took: 0.0000257 seconds
109.109: [GC (Allocation Failure)  454508K->137454K(1035264K), 0.0040375 secs]
109.113: Total time for which application threads were stopped: 0.0042070 seconds, Stopping threads took: 0.0000200 seconds
109.181: [GC (Allocation Failure)  459502K->137422K(1034752K), 0.0038777 secs]
109.185: Total time for which application threads were stopped: 0.0040394 seconds, Stopping threads took: 0.0000201 seconds
109.253: [GC (Allocation Failure)  459470K->139142K(1035264K), 0.0039670 secs]
109.257: Total time for which application threads were stopped: 0.0041364 seconds, Stopping threads took: 0.0000201 seconds
109.326: [GC (Allocation Failure)  461702K->145448K(1035264K), 0.0040288 secs]
109.330: Total time for which application threads were stopped: 0.0042182 seconds, Stopping threads took: 0.0000218 seconds
109.397: [GC (Allocation Failure)  468008K->145480K(1035264K), 0.0040665 secs]
109.401: Total time for which application threads were stopped: 0.0042359 seconds, Stopping threads took: 0.0000199 seconds
109.468: [GC (Allocation Failure)  468040K->147400K(1035264K), 0.0042628 secs]
109.472: Total time for which application threads were stopped: 0.0044497 seconds, Stopping threads took: 0.0000225 seconds
109.539: [GC (Allocation Failure)  469960K->153643K(1035264K), 0.0039363 secs]
109.543: Total time for which application threads were stopped: 0.0041001 seconds, Stopping threads took: 0.0000206 seconds
109.611: [GC (Allocation Failure)  476203K->153515K(1035264K), 0.0039200 secs]
109.615: Total time for which application threads were stopped: 0.0040992 seconds, Stopping threads took: 0.0000197 seconds
109.683: [GC (Allocation Failure)  476075K->147560K(1035264K), 0.0016696 secs]
109.685: Total time for which application threads were stopped: 0.0017959 seconds, Stopping threads took: 0.0000203 seconds
109.755: [GC (Allocation Failure)  470120K->153643K(1030656K), 0.0038882 secs]
109.759: Total time for which application threads were stopped: 0.0040815 seconds, Stopping threads took: 0.0000282 seconds
109.829: [GC (Allocation Failure)  476203K->153483K(1035264K), 0.0040789 secs]
109.833: Total time for which application threads were stopped: 0.0042346 seconds, Stopping threads took: 0.0000176 seconds
109.898: [GC (Allocation Failure)  475531K->151400K(1034752K), 0.0029058 secs]
109.901: Total time for which application threads were stopped: 0.0030893 seconds, Stopping threads took: 0.0000165 seconds
109.971: [GC (Allocation Failure)  473448K->153547K(1035776K), 0.0039334 secs]
109.975: Total time for which application threads were stopped: 0.0041300 seconds, Stopping threads took: 0.0000196 seconds
110.044: [GC (Allocation Failure)  477131K->153483K(1035776K), 0.0044631 secs]
110.048: Total time for which application threads were stopped: 0.0046567 seconds, Stopping threads took: 0.0000258 seconds
110.117: [GC (Allocation Failure)  477067K->157192K(1033728K), 0.0052961 secs]
110.122: Total time for which application threads were stopped: 0.0054350 seconds, Stopping threads took: 0.0000166 seconds
110.191: [GC (Allocation Failure)  478728K->153515K(1034752K), 0.0040393 secs]
110.195: Total time for which application threads were stopped: 0.0041985 seconds, Stopping threads took: 0.0000195 seconds
110.263: [GC (Allocation Failure)  475051K->153483K(1035264K), 0.0039850 secs]
110.267: Total time for which application threads were stopped: 0.0041588 seconds, Stopping threads took: 0.0000254 seconds
110.334: [GC (Allocation Failure)  475531K->158888K(1034752K), 0.0060889 secs]
110.340: Total time for which application threads were stopped: 0.0062481 seconds, Stopping threads took: 0.0000194 seconds
110.408: [GC (Allocation Failure)  480936K->153867K(1033728K), 0.0038597 secs]
110.412: Total time for which application threads were stopped: 0.0040327 seconds, Stopping threads took: 0.0000209 seconds
110.481: [GC (Allocation Failure)  474379K->153675K(1034240K), 0.0039814 secs]
110.485: Total time for which application threads were stopped: 0.0041603 seconds, Stopping threads took: 0.0000282 seconds
110.553: [GC (Allocation Failure)  474187K->158760K(1031680K), 0.0059007 secs]
110.559: Total time for which application threads were stopped: 0.0060983 seconds, Stopping threads took: 0.0000212 seconds
110.625: [GC (Allocation Failure)  477224K->153835K(1033216K), 0.0040823 secs]
110.629: Total time for which application threads were stopped: 0.0042496 seconds, Stopping threads took: 0.0000198 seconds
110.695: [GC (Allocation Failure)  472299K->153707K(1034240K), 0.0041258 secs]
110.699: Total time for which application threads were stopped: 0.0042942 seconds, Stopping threads took: 0.0000201 seconds
110.766: [GC (Allocation Failure)  474219K->152840K(1034240K), 0.0035210 secs]
110.770: Total time for which application threads were stopped: 0.0036961 seconds, Stopping threads took: 0.0000259 seconds
110.838: [GC (Allocation Failure)  473352K->153739K(1035264K), 0.0044137 secs]
110.842: Total time for which application threads were stopped: 0.0045833 seconds, Stopping threads took: 0.0000259 seconds
110.910: [GC (Allocation Failure)  475787K->153611K(1034752K), 0.0040680 secs]
110.914: Total time for which application threads were stopped: 0.0042380 seconds, Stopping threads took: 0.0000200 seconds
110.981: [GC (Allocation Failure)  475659K->154088K(1036288K), 0.0041318 secs]
110.985: Total time for which application threads were stopped: 0.0043033 seconds, Stopping threads took: 0.0000209 seconds
111.056: [GC (Allocation Failure)  478184K->153707K(1035776K), 0.0051468 secs]
111.061: Total time for which application threads were stopped: 0.0053416 seconds, Stopping threads took: 0.0000253 seconds
111.129: [GC (Allocation Failure)  477803K->153643K(1036800K), 0.0040132 secs]
111.133: Total time for which application threads were stopped: 0.0041916 seconds, Stopping threads took: 0.0000198 seconds
111.200: [GC (Allocation Failure)  478763K->147592K(1026560K), 0.0017321 secs]
111.202: Total time for which application threads were stopped: 0.0018920 seconds, Stopping threads took: 0.0000206 seconds
111.269: [GC (Allocation Failure)  472712K->153691K(1036288K), 0.0039360 secs]
111.273: Total time for which application threads were stopped: 0.0041282 seconds, Stopping threads took: 0.0000202 seconds
111.341: [GC (Allocation Failure)  477787K->157763K(1035776K), 0.0042995 secs]
111.346: Total time for which application threads were stopped: 0.0044759 seconds, Stopping threads took: 0.0000196 seconds
111.415: [GC (Allocation Failure)  481859K->157827K(1036800K), 0.0038846 secs]
111.419: Total time for which application threads were stopped: 0.0040398 seconds, Stopping threads took: 0.0000197 seconds
111.484: [GC (Allocation Failure)  482947K->158059K(1025024K), 0.0041198 secs]
111.489: Total time for which application threads were stopped: 0.0042864 seconds, Stopping threads took: 0.0000192 seconds
111.556: [GC (Allocation Failure)  483179K->165869K(1035776K), 0.0042824 secs]
111.561: Total time for which application threads were stopped: 0.0044462 seconds, Stopping threads took: 0.0000204 seconds
111.629: [GC (Allocation Failure)  489453K->165837K(1035776K), 0.0039864 secs]
111.633: Total time for which application threads were stopped: 0.0041563 seconds, Stopping threads took: 0.0000203 seconds
111.700: [GC (Allocation Failure)  489421K->166309K(1034240K), 0.0041702 secs]
111.704: Total time for which application threads were stopped: 0.0043759 seconds, Stopping threads took: 0.0000208 seconds
111.774: [GC (Allocation Failure)  488869K->173863K(1035264K), 0.0037454 secs]
111.778: Total time for which application threads were stopped: 0.0039318 seconds, Stopping threads took: 0.0000175 seconds
111.848: [GC (Allocation Failure)  496423K->173895K(1035776K), 0.0039529 secs]
111.852: Total time for which application threads were stopped: 0.0041320 seconds, Stopping threads took: 0.0000195 seconds
111.917: [GC (Allocation Failure)  497479K->174023K(1023488K), 0.0040130 secs]
111.922: Total time for which application threads were stopped: 0.0041968 seconds, Stopping threads took: 0.0000208 seconds
111.991: [GC (Allocation Failure)  497607K->181897K(1035264K), 0.0040429 secs]
111.995: Total time for which application threads were stopped: 0.0042126 seconds, Stopping threads took: 0.0000195 seconds
112.063: [GC (Allocation Failure)  504457K->181897K(1035264K), 0.0047614 secs]
112.068: Total time for which application threads were stopped: 0.0049457 seconds, Stopping threads took: 0.0000179 seconds
112.134: [GC (Allocation Failure)  504457K->181961K(1034240K), 0.0041170 secs]
112.138: Total time for which application threads were stopped: 0.0042794 seconds, Stopping threads took: 0.0000197 seconds
112.206: [GC (Allocation Failure)  503497K->189932K(1034752K), 0.0044306 secs]
112.210: Total time for which application threads were stopped: 0.0046016 seconds, Stopping threads took: 0.0000267 seconds
112.277: [GC (Allocation Failure)  511468K->189932K(1034752K), 0.0038702 secs]
112.281: Total time for which application threads were stopped: 0.0040286 seconds, Stopping threads took: 0.0000198 seconds
112.349: [GC (Allocation Failure)  511468K->189996K(1021440K), 0.0040821 secs]
112.353: Total time for which application threads were stopped: 0.0042466 seconds, Stopping threads took: 0.0000196 seconds
112.423: [GC (Allocation Failure)  511532K->197998K(1034240K), 0.0038459 secs]
112.427: Total time for which application threads were stopped: 0.0040250 seconds, Stopping threads took: 0.0000199 seconds
112.493: [GC (Allocation Failure)  518510K->197966K(1034240K), 0.0041944 secs]
112.497: Total time for which application threads were stopped: 0.0043549 seconds, Stopping threads took: 0.0000198 seconds
112.562: [GC (Allocation Failure)  518478K->198214K(1034240K), 0.0039753 secs]
112.566: Total time for which application threads were stopped: 0.0041447 seconds, Stopping threads took: 0.0000195 seconds
112.635: [GC (Allocation Failure)  518726K->205992K(1034240K), 0.0039811 secs]
112.639: Total time for which application threads were stopped: 0.0041432 seconds, Stopping threads took: 0.0000203 seconds
112.707: [GC (Allocation Failure)  526504K->206024K(1034240K), 0.0039610 secs]
112.711: Total time for which application threads were stopped: 0.0041211 seconds, Stopping threads took: 0.0000262 seconds
112.778: [GC (Allocation Failure)  526536K->206440K(1020416K), 0.0041483 secs]
112.782: Total time for which application threads were stopped: 0.0043197 seconds, Stopping threads took: 0.0000255 seconds
112.851: [GC (Allocation Failure)  526952K->214027K(1033728K), 0.0043614 secs]
112.855: Total time for which application threads were stopped: 0.0045339 seconds, Stopping threads took: 0.0000208 seconds
112.921: [GC (Allocation Failure)  533515K->214059K(1033728K), 0.0042837 secs]
112.925: Total time for which application threads were stopped: 0.0044556 seconds, Stopping threads took: 0.0000205 seconds
112.990: [GC (Allocation Failure)  533547K->214155K(1033728K), 0.0041753 secs]
112.995: Total time for which application threads were stopped: 0.0043556 seconds, Stopping threads took: 0.0000205 seconds
113.063: [GC (Allocation Failure)  533643K->222029K(1033728K), 0.0049053 secs]
113.068: Total time for which application threads were stopped: 0.0050711 seconds, Stopping threads took: 0.0000252 seconds
113.135: [GC (Allocation Failure)  541517K->222061K(1033728K), 0.0041872 secs]
113.139: Total time for which application threads were stopped: 0.0043540 seconds, Stopping threads took: 0.0000202 seconds
113.204: [GC (Allocation Failure)  541549K->222117K(1033728K), 0.0040205 secs]
113.208: Total time for which application threads were stopped: 0.0041884 seconds, Stopping threads took: 0.0000254 seconds
113.276: [GC (Allocation Failure)  541605K->230119K(1032704K), 0.0040964 secs]
113.280: Total time for which application threads were stopped: 0.0042618 seconds, Stopping threads took: 0.0000201 seconds
113.348: [GC (Allocation Failure)  548583K->230087K(1033216K), 0.0041048 secs]
113.352: Total time for which application threads were stopped: 0.0042760 seconds, Stopping threads took: 0.0000201 seconds
113.416: [GC (Allocation Failure)  548551K->230151K(1033216K), 0.0042893 secs]
113.421: Total time for which application threads were stopped: 0.0044833 seconds, Stopping threads took: 0.0000204 seconds
113.490: [GC (Allocation Failure)  548615K->238153K(1033216K), 0.0039775 secs]
113.494: Total time for which application threads were stopped: 0.0041433 seconds, Stopping threads took: 0.0000169 seconds
113.563: [GC (Allocation Failure)  556617K->238121K(1033216K), 0.0038812 secs]
113.567: Total time for which application threads were stopped: 0.0040712 seconds, Stopping threads took: 0.0000199 seconds
113.633: [GC (Allocation Failure)  556585K->238281K(1033216K), 0.0041973 secs]
113.637: Total time for which application threads were stopped: 0.0043448 seconds, Stopping threads took: 0.0000163 seconds
113.702: [GC (Allocation Failure)  556745K->246156K(1033216K), 0.0046471 secs]
113.707: Total time for which application threads were stopped: 0.0048166 seconds, Stopping threads took: 0.0000203 seconds
113.775: [GC (Allocation Failure)  564616K->242249K(1033216K), 0.0031075 secs]
113.778: Total time for which application threads were stopped: 0.0032746 seconds, Stopping threads took: 0.0000211 seconds
113.845: [GC (Allocation Failure)  560713K->246316K(1034752K), 0.0042658 secs]
113.850: Total time for which application threads were stopped: 0.0044531 seconds, Stopping threads took: 0.0000210 seconds
113.917: [GC (Allocation Failure)  566828K->250284K(1033728K), 0.0038217 secs]
113.921: Total time for which application threads were stopped: 0.0039850 seconds, Stopping threads took: 0.0000208 seconds
113.988: [GC (Allocation Failure)  570796K->242441K(1034240K), 0.0010892 secs]
113.989: Total time for which application threads were stopped: 0.0012113 seconds, Stopping threads took: 0.0000198 seconds
114.058: [GC (Allocation Failure)  562953K->250348K(1034240K), 0.0047703 secs]
114.063: Total time for which application threads were stopped: 0.0049151 seconds, Stopping threads took: 0.0000252 seconds
114.131: [GC (Allocation Failure)  570860K->254396K(1034240K), 0.0054519 secs]
114.136: Total time for which application threads were stopped: 0.0056161 seconds, Stopping threads took: 0.0000209 seconds
114.204: [GC (Allocation Failure)  574908K->261137K(1034240K), 0.0088688 secs]
114.213: Total time for which application threads were stopped: 0.0090289 seconds, Stopping threads took: 0.0000196 seconds
114.281: [GC (Allocation Failure)  581649K->255092K(1029120K), 0.0041716 secs]
114.285: Total time for which application threads were stopped: 0.0043443 seconds, Stopping threads took: 0.0000274 seconds
114.351: [GC (Allocation Failure)  570484K->254868K(1031680K), 0.0043970 secs]
114.355: Total time for which application threads were stopped: 0.0045651 seconds, Stopping threads took: 0.0000197 seconds
114.421: [GC (Allocation Failure)  570260K->249521K(1032704K), 0.0020039 secs]
114.423: Total time for which application threads were stopped: 0.0021940 seconds, Stopping threads took: 0.0000188 seconds
114.490: [GC (Allocation Failure)  566449K->255060K(1032192K), 0.0042480 secs]
114.494: Total time for which application threads were stopped: 0.0044124 seconds, Stopping threads took: 0.0000178 seconds
114.563: [GC (Allocation Failure)  571988K->254836K(1033216K), 0.0041851 secs]
114.567: Total time for which application threads were stopped: 0.0043642 seconds, Stopping threads took: 0.0000265 seconds
114.633: [GC (Allocation Failure)  572788K->258284K(1032704K), 0.0047734 secs]
114.638: Total time for which application threads were stopped: 0.0049693 seconds, Stopping threads took: 0.0000207 seconds
114.706: [GC (Allocation Failure)  576236K->263054K(1033728K), 0.0039946 secs]
114.710: Total time for which application threads were stopped: 0.0041753 seconds, Stopping threads took: 0.0000194 seconds
114.779: [GC (Allocation Failure)  582030K->262862K(1033216K), 0.0041558 secs]
114.783: Total time for which application threads were stopped: 0.0043207 seconds, Stopping threads took: 0.0000203 seconds
114.847: [GC (Allocation Failure)  581838K->267022K(1034240K), 0.0052319 secs]
114.853: Total time for which application threads were stopped: 0.0053937 seconds, Stopping threads took: 0.0000201 seconds
114.919: [GC (Allocation Failure)  587022K->270992K(1033728K), 0.0040946 secs]
114.924: Total time for which application threads were stopped: 0.0042569 seconds, Stopping threads took: 0.0000200 seconds
114.990: [GC (Allocation Failure)  590992K->270960K(1034752K), 0.0042326 secs]
114.995: Total time for which application threads were stopped: 0.0043936 seconds, Stopping threads took: 0.0000196 seconds
115.061: [GC (Allocation Failure)  591984K->272680K(1034240K), 0.0052408 secs]
115.067: Total time for which application threads were stopped: 0.0054506 seconds, Stopping threads took: 0.0000253 seconds
115.134: [GC (Allocation Failure)  593704K->278986K(1034752K), 0.0041531 secs]
115.138: Total time for which application threads were stopped: 0.0043013 seconds, Stopping threads took: 0.0000177 seconds
115.204: [GC (Allocation Failure)  600010K->278986K(1034240K), 0.0044128 secs]
115.209: Total time for which application threads were stopped: 0.0045876 seconds, Stopping threads took: 0.0000216 seconds
115.274: [GC (Allocation Failure)  600010K->280418K(1033728K), 0.0044797 secs]
115.279: Total time for which application threads were stopped: 0.0046736 seconds, Stopping threads took: 0.0000205 seconds
115.347: [GC (Allocation Failure)  600930K->287013K(1034240K), 0.0041473 secs]
115.351: Total time for which application threads were stopped: 0.0043032 seconds, Stopping threads took: 0.0000196 seconds
115.421: [GC (Allocation Failure)  607525K->286981K(1034752K), 0.0040689 secs]
115.425: Total time for which application threads were stopped: 0.0042295 seconds, Stopping threads took: 0.0000192 seconds
115.490: [GC (Allocation Failure)  608517K->287621K(1021952K), 0.0044767 secs]
115.495: Total time for which application threads were stopped: 0.0046531 seconds, Stopping threads took: 0.0000198 seconds
115.563: [GC (Allocation Failure)  609157K->295047K(1034240K), 0.0042442 secs]
115.567: Total time for which application threads were stopped: 0.0044251 seconds, Stopping threads took: 0.0000172 seconds
115.636: [GC (Allocation Failure)  615559K->295015K(1034240K), 0.0042961 secs]
115.641: Total time for which application threads were stopped: 0.0044628 seconds, Stopping threads took: 0.0000192 seconds
115.707: [GC (Allocation Failure)  615527K->298951K(1034752K), 0.0050041 secs]
115.713: Total time for which application threads were stopped: 0.0051617 seconds, Stopping threads took: 0.0000197 seconds
115.781: [GC (Allocation Failure)  619975K->303145K(1034240K), 0.0042660 secs]
115.786: Total time for which application threads were stopped: 0.0044402 seconds, Stopping threads took: 0.0000208 seconds
115.853: [GC (Allocation Failure)  624169K->303049K(1034752K), 0.0042551 secs]
115.857: Total time for which application threads were stopped: 0.0044357 seconds, Stopping threads took: 0.0000210 seconds
115.924: [GC (Allocation Failure)  624585K->307177K(1034752K), 0.0051321 secs]
115.929: Total time for which application threads were stopped: 0.0053039 seconds, Stopping threads took: 0.0000169 seconds
115.995: [GC (Allocation Failure)  628713K->311115K(1035264K), 0.0041239 secs]
115.999: Total time for which application threads were stopped: 0.0042868 seconds, Stopping threads took: 0.0000198 seconds
116.068: [GC (Allocation Failure)  633675K->311083K(1035264K), 0.0041723 secs]
116.073: Total time for which application threads were stopped: 0.0043626 seconds, Stopping threads took: 0.0000164 seconds
116.140: [GC (Allocation Failure)  633643K->314379K(1035264K), 0.0050100 secs]
116.145: Total time for which application threads were stopped: 0.0051667 seconds, Stopping threads took: 0.0000172 seconds
116.214: [GC (Allocation Failure)  636939K->319118K(1035264K), 0.0040574 secs]
116.218: Total time for which application threads were stopped: 0.0042467 seconds, Stopping threads took: 0.0000262 seconds
116.286: [GC (Allocation Failure)  641678K->319118K(1035264K), 0.0042207 secs]
116.291: Total time for which application threads were stopped: 0.0043707 seconds, Stopping threads took: 0.0000174 seconds
116.358: [GC (Allocation Failure)  641678K->322638K(1035264K), 0.0050531 secs]
116.363: Total time for which application threads were stopped: 0.0052136 seconds, Stopping threads took: 0.0000191 seconds
116.431: [GC (Allocation Failure)  645198K->327184K(1035264K), 0.0043306 secs]
116.436: Total time for which application threads were stopped: 0.0045033 seconds, Stopping threads took: 0.0000190 seconds
116.504: [GC (Allocation Failure)  649744K->327184K(1035264K), 0.0042300 secs]
116.508: Total time for which application threads were stopped: 0.0044020 seconds, Stopping threads took: 0.0000198 seconds
116.576: [GC (Allocation Failure)  649744K->330824K(1035776K), 0.0051363 secs]
116.581: Total time for which application threads were stopped: 0.0053087 seconds, Stopping threads took: 0.0000279 seconds
116.649: [GC (Allocation Failure)  653896K->335178K(1035264K), 0.0042497 secs]
116.654: Total time for which application threads were stopped: 0.0044436 seconds, Stopping threads took: 0.0000200 seconds
116.722: [GC (Allocation Failure)  658250K->335146K(1035776K), 0.0043911 secs]
116.727: Total time for which application threads were stopped: 0.0045714 seconds, Stopping threads took: 0.0000208 seconds
116.794: [GC (Allocation Failure)  658730K->337034K(1025024K), 0.0043630 secs]
116.798: Total time for which application threads were stopped: 0.0045209 seconds, Stopping threads took: 0.0000201 seconds
116.866: [GC (Allocation Failure)  660618K->343309K(1035264K), 0.0043296 secs]
116.870: Total time for which application threads were stopped: 0.0044889 seconds, Stopping threads took: 0.0000193 seconds
116.938: [GC (Allocation Failure)  665869K->343213K(1035264K), 0.0042437 secs]
116.942: Total time for which application threads were stopped: 0.0044124 seconds, Stopping threads took: 0.0000198 seconds
117.008: [GC (Allocation Failure)  665773K->338250K(1035264K), 0.0025408 secs]
117.011: Total time for which application threads were stopped: 0.0027037 seconds, Stopping threads took: 0.0000198 seconds
117.082: [GC (Allocation Failure)  660810K->343245K(1035264K), 0.0043133 secs]
117.086: Total time for which application threads were stopped: 0.0044739 seconds, Stopping threads took: 0.0000200 seconds
117.154: [GC (Allocation Failure)  665805K->343245K(1035264K), 0.0041465 secs]
117.158: Total time for which application threads were stopped: 0.0043397 seconds, Stopping threads took: 0.0000194 seconds
117.228: [GC (Allocation Failure)  665805K->342538K(1035264K), 0.0039444 secs]
117.232: Total time for which application threads were stopped: 0.0041009 seconds, Stopping threads took: 0.0000251 seconds
117.299: [GC (Allocation Failure)  665098K->343501K(1035776K), 0.0041354 secs]
117.304: Total time for which application threads were stopped: 0.0042935 seconds, Stopping threads took: 0.0000192 seconds
117.371: [GC (Allocation Failure)  667085K->343213K(1035776K), 0.0045016 secs]
117.376: Total time for which application threads were stopped: 0.0046644 seconds, Stopping threads took: 0.0000197 seconds
117.442: [GC (Allocation Failure)  666797K->348842K(1031680K), 0.0069808 secs]
117.449: Total time for which application threads were stopped: 0.0071430 seconds, Stopping threads took: 0.0000196 seconds
117.516: [GC (Allocation Failure)  668330K->344301K(1033728K), 0.0043777 secs]
117.520: Total time for which application threads were stopped: 0.0045445 seconds, Stopping threads took: 0.0000192 seconds
117.587: [GC (Allocation Failure)  663789K->344109K(1034752K), 0.0044462 secs]
117.591: Total time for which application threads were stopped: 0.0046181 seconds, Stopping threads took: 0.0000202 seconds
117.658: [GC (Allocation Failure)  665133K->346410K(1034240K), 0.0065057 secs]
117.665: Total time for which application threads were stopped: 0.0066925 seconds, Stopping threads took: 0.0000283 seconds
117.734: [GC (Allocation Failure)  667434K->344301K(1034752K), 0.0044526 secs]
117.739: Total time for which application threads were stopped: 0.0046204 seconds, Stopping threads took: 0.0000216 seconds
117.808: [GC (Allocation Failure)  665325K->344077K(1034240K), 0.0044272 secs]
117.812: Total time for which application threads were stopped: 0.0045913 seconds, Stopping threads took: 0.0000200 seconds
117.879: [GC (Allocation Failure)  665101K->346090K(1035264K), 0.0051689 secs]
117.884: Total time for which application threads were stopped: 0.0053399 seconds, Stopping threads took: 0.0000205 seconds
117.951: [GC (Allocation Failure)  668650K->344205K(1035264K), 0.0041964 secs]
117.956: Total time for which application threads were stopped: 0.0043793 seconds, Stopping threads took: 0.0000177 seconds
118.026: [GC (Allocation Failure)  666765K->344141K(1036288K), 0.0043407 secs]
118.030: Total time for which application threads were stopped: 0.0045239 seconds, Stopping threads took: 0.0000200 seconds
118.099: [GC (Allocation Failure)  668237K->351890K(1035776K), 0.0079347 secs]
118.107: Total time for which application threads were stopped: 0.0081305 seconds, Stopping threads took: 0.0000198 seconds
118.177: [GC (Allocation Failure)  675986K->347733K(1032704K), 0.0042716 secs]
118.182: Total time for which application threads were stopped: 0.0044447 seconds, Stopping threads took: 0.0000162 seconds
118.248: [GC (Allocation Failure)  668245K->347669K(1034240K), 0.0041975 secs]
118.253: Total time for which application threads were stopped: 0.0043555 seconds, Stopping threads took: 0.0000263 seconds
118.321: [GC (Allocation Failure)  668181K->340850K(1033216K), 0.0016135 secs]
118.322: Total time for which application threads were stopped: 0.0017362 seconds, Stopping threads took: 0.0000258 seconds
118.391: [GC (Allocation Failure)  660338K->347965K(1033728K), 0.0046144 secs]
118.395: Total time for which application threads were stopped: 0.0047796 seconds, Stopping threads took: 0.0000191 seconds
118.462: [GC (Allocation Failure)  667453K->351781K(1034752K), 0.0053477 secs]
118.467: Total time for which application threads were stopped: 0.0055075 seconds, Stopping threads took: 0.0000196 seconds
118.535: [GC (Allocation Failure)  672805K->357954K(1034240K), 0.0068232 secs]
118.542: Total time for which application threads were stopped: 0.0070037 seconds, Stopping threads took: 0.0000185 seconds
118.611: [GC (Allocation Failure)  678978K->352389K(1033216K), 0.0042125 secs]
118.615: Total time for which application threads were stopped: 0.0043836 seconds, Stopping threads took: 0.0000201 seconds
118.682: [GC (Allocation Failure)  671877K->352229K(1033728K), 0.0042754 secs]
118.686: Total time for which application threads were stopped: 0.0044497 seconds, Stopping threads took: 0.0000202 seconds
118.756: [GC (Allocation Failure)  671717K->355010K(1033216K), 0.0052813 secs]
118.761: Total time for which application threads were stopped: 0.0054329 seconds, Stopping threads took: 0.0000247 seconds
118.828: [GC (Allocation Failure)  674498K->352325K(1033728K), 0.0043009 secs]
118.832: Total time for which application threads were stopped: 0.0044937 seconds, Stopping threads took: 0.0000188 seconds
118.901: [GC (Allocation Failure)  671813K->352197K(1034752K), 0.0042545 secs]
118.906: Total time for which application threads were stopped: 0.0044306 seconds, Stopping threads took: 0.0000196 seconds
118.972: [GC (Allocation Failure)  673221K->351618K(1034240K), 0.0041654 secs]
118.976: Total time for which application threads were stopped: 0.0043644 seconds, Stopping threads took: 0.0000267 seconds
119.045: [GC (Allocation Failure)  672642K->352261K(1035264K), 0.0074070 secs]
119.053: Total time for which application threads were stopped: 0.0075822 seconds, Stopping threads took: 0.0000251 seconds
119.122: [GC (Allocation Failure)  674821K->352229K(1035264K), 0.0042610 secs]
119.126: Total time for which application threads were stopped: 0.0044615 seconds, Stopping threads took: 0.0000213 seconds
119.195: [GC (Allocation Failure)  674789K->354370K(1035776K), 0.0052401 secs]
119.200: Total time for which application threads were stopped: 0.0054234 seconds, Stopping threads took: 0.0000166 seconds
119.270: [GC (Allocation Failure)  677954K->352229K(1035776K), 0.0043227 secs]
119.275: Total time for which application threads were stopped: 0.0044920 seconds, Stopping threads took: 0.0000196 seconds
119.341: [GC (Allocation Failure)  675813K->352197K(1036288K), 0.0043435 secs]
119.345: Total time for which application threads were stopped: 0.0045117 seconds, Stopping threads took: 0.0000197 seconds
119.412: [GC (Allocation Failure)  676293K->345858K(1025536K), 0.0017960 secs]
119.414: Total time for which application threads were stopped: 0.0019340 seconds, Stopping threads took: 0.0000199 seconds
119.481: [GC (Allocation Failure)  669954K->352421K(1035776K), 0.0041718 secs]
119.485: Total time for which application threads were stopped: 0.0043215 seconds, Stopping threads took: 0.0000191 seconds
119.553: [GC (Allocation Failure)  675493K->356333K(1035264K), 0.0051131 secs]
119.558: Total time for which application threads were stopped: 0.0052923 seconds, Stopping threads took: 0.0000192 seconds
119.624: [GC (Allocation Failure)  679405K->356333K(1036288K), 0.0043445 secs]
119.629: Total time for which application threads were stopped: 0.0045043 seconds, Stopping threads took: 0.0000196 seconds
119.696: [GC (Allocation Failure)  680941K->356557K(1024512K), 0.0044201 secs]
119.700: Total time for which application threads were stopped: 0.0045770 seconds, Stopping threads took: 0.0000187 seconds
119.769: [GC (Allocation Failure)  681165K->364367K(1035776K), 0.0050011 secs]
119.774: Total time for which application threads were stopped: 0.0051812 seconds, Stopping threads took: 0.0000277 seconds
119.843: [GC (Allocation Failure)  687951K->364399K(1035776K), 0.0043931 secs]
119.847: Total time for which application threads were stopped: 0.0045627 seconds, Stopping threads took: 0.0000193 seconds
119.915: [GC (Allocation Failure)  687983K->364519K(1034752K), 0.0044280 secs]
119.920: Total time for which application threads were stopped: 0.0045866 seconds, Stopping threads took: 0.0000193 seconds
119.987: [GC (Allocation Failure)  687079K->372393K(1035264K), 0.0042450 secs]
119.991: Total time for which application threads were stopped: 0.0044215 seconds, Stopping threads took: 0.0000192 seconds
120.063: [GC (Allocation Failure)  694953K->372393K(1035264K), 0.0064412 secs]
120.069: Total time for which application threads were stopped: 0.0065874 seconds, Stopping threads took: 0.0000257 seconds
120.136: [GC (Allocation Failure)  694953K->372745K(1022464K), 0.0043557 secs]
120.141: Total time for which application threads were stopped: 0.0045299 seconds, Stopping threads took: 0.0000188 seconds
120.210: [GC (Allocation Failure)  695305K->380459K(1034752K), 0.0041579 secs]
120.214: Total time for which application threads were stopped: 0.0043217 seconds, Stopping threads took: 0.0000197 seconds
120.282: [GC (Allocation Failure)  701995K->380395K(1034752K), 0.0045729 secs]
120.286: Total time for which application threads were stopped: 0.0047423 seconds, Stopping threads took: 0.0000197 seconds
120.351: [GC (Allocation Failure)  701931K->380491K(1034240K), 0.0044110 secs]
120.356: Total time for which application threads were stopped: 0.0045830 seconds, Stopping threads took: 0.0000209 seconds
120.423: [GC (Allocation Failure)  702027K->388462K(1034752K), 0.0043338 secs]
120.427: Total time for which application threads were stopped: 0.0045085 seconds, Stopping threads took: 0.0000205 seconds
120.495: [GC (Allocation Failure)  709998K->388462K(1034752K), 0.0044185 secs]
120.500: Total time for which application threads were stopped: 0.0046038 seconds, Stopping threads took: 0.0000172 seconds
120.566: [GC (Allocation Failure)  709998K->388710K(1021440K), 0.0042646 secs]
120.570: Total time for which application threads were stopped: 0.0044251 seconds, Stopping threads took: 0.0000253 seconds
120.637: [GC (Allocation Failure)  710246K->396488K(1034240K), 0.0043410 secs]
120.641: Total time for which application threads were stopped: 0.0045329 seconds, Stopping threads took: 0.0000249 seconds
120.708: [GC (Allocation Failure)  717000K->396520K(1034240K), 0.0046314 secs]
120.713: Total time for which application threads were stopped: 0.0047933 seconds, Stopping threads took: 0.0000205 seconds
120.781: [GC (Allocation Failure)  717032K->396552K(1034240K), 0.0044627 secs]
120.786: Total time for which application threads were stopped: 0.0046442 seconds, Stopping threads took: 0.0000207 seconds
120.854: [GC (Allocation Failure)  717064K->404554K(1034240K), 0.0041655 secs]
120.858: Total time for which application threads were stopped: 0.0043256 seconds, Stopping threads took: 0.0000198 seconds
120.927: [GC (Allocation Failure)  725066K->404522K(1034240K), 0.0054757 secs]
120.933: Total time for which application threads were stopped: 0.0056373 seconds, Stopping threads took: 0.0000203 seconds
120.999: [GC (Allocation Failure)  725034K->404682K(1020416K), 0.0043573 secs]
121.004: Total time for which application threads were stopped: 0.0045177 seconds, Stopping threads took: 0.0000202 seconds
121.072: [GC (Allocation Failure)  725194K->412556K(1033728K), 0.0042725 secs]
121.077: Total time for which application threads were stopped: 0.0044624 seconds, Stopping threads took: 0.0000185 seconds
121.144: [GC (Allocation Failure)  732044K->412556K(1033728K), 0.0043703 secs]
121.148: Total time for which application threads were stopped: 0.0045514 seconds, Stopping threads took: 0.0000173 seconds
121.216: [GC (Allocation Failure)  732044K->412908K(1033728K), 0.0044004 secs]
121.220: Total time for which application threads were stopped: 0.0045767 seconds, Stopping threads took: 0.0000264 seconds
121.287: [GC (Allocation Failure)  732396K->420623K(1033728K), 0.0044582 secs]
121.292: Total time for which application threads were stopped: 0.0046542 seconds, Stopping threads took: 0.0000203 seconds
121.360: [GC (Allocation Failure)  740111K->420623K(1033728K), 0.0044705 secs]
121.365: Total time for which application threads were stopped: 0.0046308 seconds, Stopping threads took: 0.0000194 seconds
121.431: [GC (Allocation Failure)  740111K->420647K(1033728K), 0.0044791 secs]
121.436: Total time for which application threads were stopped: 0.0046385 seconds, Stopping threads took: 0.0000199 seconds
121.504: [GC (Allocation Failure)  740135K->428617K(1032704K), 0.0043100 secs]
121.508: Total time for which application threads were stopped: 0.0045028 seconds, Stopping threads took: 0.0000197 seconds
121.577: [GC (Allocation Failure)  747081K->428649K(1033216K), 0.0047460 secs]
121.581: Total time for which application threads were stopped: 0.0049471 seconds, Stopping threads took: 0.0000195 seconds
121.647: [GC (Allocation Failure)  747113K->428873K(1033216K), 0.0050478 secs]
121.652: Total time for which application threads were stopped: 0.0052260 seconds, Stopping threads took: 0.0000197 seconds
121.718: [GC (Allocation Failure)  747337K->436619K(1033216K), 0.0044341 secs]
121.722: Total time for which application threads were stopped: 0.0046271 seconds, Stopping threads took: 0.0000265 seconds
121.787: [GC (Allocation Failure)  755083K->432745K(1034240K), 0.0035389 secs]
121.791: Total time for which application threads were stopped: 0.0037039 seconds, Stopping threads took: 0.0000208 seconds
121.859: [GC (Allocation Failure)  752233K->436811K(1033216K), 0.0045655 secs]
121.863: Total time for which application threads were stopped: 0.0047381 seconds, Stopping threads took: 0.0000200 seconds
121.931: [GC (Allocation Failure)  756299K->440811K(1034752K), 0.0064497 secs]
121.937: Total time for which application threads were stopped: 0.0066260 seconds, Stopping threads took: 0.0000202 seconds
122.006: [GC (Allocation Failure)  762347K->433993K(1034752K), 0.0018248 secs]
122.008: Total time for which application threads were stopped: 0.0019473 seconds, Stopping threads took: 0.0000167 seconds
122.077: [GC (Allocation Failure)  755529K->440843K(1034752K), 0.0044283 secs]
122.082: Total time for which application threads were stopped: 0.0046215 seconds, Stopping threads took: 0.0000192 seconds
122.149: [GC (Allocation Failure)  762379K->444923K(1034752K), 0.0054286 secs]
122.155: Total time for which application threads were stopped: 0.0055910 seconds, Stopping threads took: 0.0000200 seconds
122.220: [GC (Allocation Failure)  766459K->439385K(1034752K), 0.0024295 secs]
122.223: Total time for which application threads were stopped: 0.0025958 seconds, Stopping threads took: 0.0000256 seconds
122.292: [GC (Allocation Failure)  760921K->445195K(1034752K), 0.0043838 secs]
122.296: Total time for which application threads were stopped: 0.0045532 seconds, Stopping threads took: 0.0000198 seconds
122.365: [GC (Allocation Failure)  766731K->449099K(1035264K), 0.0047250 secs]
122.370: Total time for which application threads were stopped: 0.0048945 seconds, Stopping threads took: 0.0000201 seconds
122.437: [GC (Allocation Failure)  771587K->445193K(1035264K), 0.0032256 secs]
122.440: Total time for which application threads were stopped: 0.0033863 seconds, Stopping threads took: 0.0000209 seconds
122.510: [GC (Allocation Failure)  767753K->449227K(1036288K), 0.0045876 secs]
122.515: Total time for which application threads were stopped: 0.0047481 seconds, Stopping threads took: 0.0000205 seconds
122.584: [GC (Allocation Failure)  773323K->453195K(1035776K), 0.0045858 secs]
122.589: Total time for which application threads were stopped: 0.0047478 seconds, Stopping threads took: 0.0000194 seconds
122.658: [GC (Allocation Failure)  777291K->453195K(1035776K), 0.0045233 secs]
122.662: Total time for which application threads were stopped: 0.0046858 seconds, Stopping threads took: 0.0000203 seconds
122.730: [GC (Allocation Failure)  776779K->453251K(1023488K), 0.0044254 secs]
122.735: Total time for which application threads were stopped: 0.0045943 seconds, Stopping threads took: 0.0000200 seconds
122.801: [GC (Allocation Failure)  776835K->461253K(1035264K), 0.0047542 secs]
122.806: Total time for which application threads were stopped: 0.0049267 seconds, Stopping threads took: 0.0000208 seconds
122.874: [GC (Allocation Failure)  783813K->461221K(1030144K), 0.0043027 secs]
122.878: Total time for which application threads were stopped: 0.0044852 seconds, Stopping threads took: 0.0000200 seconds
122.946: [GC (Allocation Failure)  783781K->461293K(1034752K), 0.0045858 secs]
122.950: Total time for which application threads were stopped: 0.0047787 seconds, Stopping threads took: 0.0000199 seconds
123.019: [GC (Allocation Failure)  782829K->469264K(1034752K), 0.0047181 secs]
123.024: Total time for which application threads were stopped: 0.0048789 seconds, Stopping threads took: 0.0000170 seconds
123.093: [GC (Allocation Failure)  790800K->469264K(1033728K), 0.0043000 secs]
123.098: Total time for which application threads were stopped: 0.0044692 seconds, Stopping threads took: 0.0000201 seconds
123.165: [GC (Allocation Failure)  789776K->469512K(1034240K), 0.0045804 secs]
123.169: Total time for which application threads were stopped: 0.0047917 seconds, Stopping threads took: 0.0000196 seconds
123.238: [GC (Allocation Failure)  790024K->477322K(1034240K), 0.0043969 secs]
123.242: Total time for which application threads were stopped: 0.0045779 seconds, Stopping threads took: 0.0000294 seconds
123.310: [GC (Allocation Failure)  797834K->477322K(1034240K), 0.0044661 secs]
123.314: Total time for which application threads were stopped: 0.0046367 seconds, Stopping threads took: 0.0000204 seconds
123.381: [GC (Allocation Failure)  797834K->477738K(1033216K), 0.0044599 secs]
123.386: Total time for which application threads were stopped: 0.0046375 seconds, Stopping threads took: 0.0000198 seconds
123.453: [GC (Allocation Failure)  797226K->485356K(1033728K), 0.0044790 secs]
123.457: Total time for which application threads were stopped: 0.0046417 seconds, Stopping threads took: 0.0000196 seconds
123.524: [GC (Allocation Failure)  804844K->485356K(1033728K), 0.0046240 secs]
123.529: Total time for which application threads were stopped: 0.0047909 seconds, Stopping threads took: 0.0000201 seconds
123.594: [GC (Allocation Failure)  804844K->485444K(1033728K), 0.0044888 secs]
123.598: Total time for which application threads were stopped: 0.0046836 seconds, Stopping threads took: 0.0000203 seconds
123.667: [GC (Allocation Failure)  804932K->493382K(1033728K), 0.0044703 secs]
123.672: Total time for which application threads were stopped: 0.0046199 seconds, Stopping threads took: 0.0000166 seconds
123.739: [GC (Allocation Failure)  812870K->493350K(1033728K), 0.0046642 secs]
123.744: Total time for which application threads were stopped: 0.0048378 seconds, Stopping threads took: 0.0000259 seconds
123.810: [GC (Allocation Failure)  812838K->493422K(1033728K), 0.0045469 secs]
123.815: Total time for which application threads were stopped: 0.0047186 seconds, Stopping threads took: 0.0000201 seconds
123.883: [GC (Allocation Failure)  812910K->501393K(1027072K), 0.0047005 secs]
123.888: Total time for which application threads were stopped: 0.0048938 seconds, Stopping threads took: 0.0000205 seconds
123.955: [GC (Allocation Failure)  820880K->497518K(1034240K), 0.0036371 secs]
123.959: Total time for which application threads were stopped: 0.0037849 seconds, Stopping threads took: 0.0000175 seconds
124.027: [GC (Allocation Failure)  817006K->501545K(1033216K), 0.0046821 secs]
124.031: Total time for which application threads were stopped: 0.0048434 seconds, Stopping threads took: 0.0000200 seconds
124.101: [GC (Allocation Failure)  821033K->505513K(1034752K), 0.0046161 secs]
124.106: Total time for which application threads were stopped: 0.0047728 seconds, Stopping threads took: 0.0000170 seconds
124.174: [GC (Allocation Failure)  827049K->498758K(1034752K), 0.0020702 secs]
124.177: Total time for which application threads were stopped: 0.0022290 seconds, Stopping threads took: 0.0000282 seconds
124.244: [GC (Allocation Failure)  820294K->505577K(1034752K), 0.0044393 secs]
124.248: Total time for which application threads were stopped: 0.0046116 seconds, Stopping threads took: 0.0000263 seconds
124.314: [GC (Allocation Failure)  827113K->509657K(1034752K), 0.0054210 secs]
124.320: Total time for which application threads were stopped: 0.0055958 seconds, Stopping threads took: 0.0000257 seconds
124.385: [GC (Allocation Failure)  831193K->504086K(1034752K), 0.0027252 secs]
124.388: Total time for which application threads were stopped: 0.0028878 seconds, Stopping threads took: 0.0000198 seconds
124.456: [GC (Allocation Failure)  825622K->509961K(1034752K), 0.0046359 secs]
124.461: Total time for which application threads were stopped: 0.0047950 seconds, Stopping threads took: 0.0000192 seconds
124.528: [GC (Allocation Failure)  831497K->513777K(1035264K), 0.0049542 secs]
124.533: Total time for which application threads were stopped: 0.0051208 seconds, Stopping threads took: 0.0000268 seconds
124.600: [GC (Allocation Failure)  836265K->509870K(1035264K), 0.0035282 secs]
124.604: Total time for which application threads were stopped: 0.0036948 seconds, Stopping threads took: 0.0000282 seconds
124.672: [GC (Allocation Failure)  832430K->513961K(1036288K), 0.0050039 secs]
124.677: Total time for which application threads were stopped: 0.0051991 seconds, Stopping threads took: 0.0000201 seconds
124.747: [GC (Allocation Failure)  838057K->517929K(1035776K), 0.0046412 secs]
124.751: Total time for which application threads were stopped: 0.0048409 seconds, Stopping threads took: 0.0000290 seconds
124.821: [GC (Allocation Failure)  842025K->517929K(1035776K), 0.0045652 secs]
124.826: Total time for which application threads were stopped: 0.0047563 seconds, Stopping threads took: 0.0000195 seconds
124.895: [GC (Allocation Failure)  841513K->517993K(1023488K), 0.0046424 secs]
124.900: Total time for which application threads were stopped: 0.0048137 seconds, Stopping threads took: 0.0000205 seconds
124.966: [GC (Allocation Failure)  841577K->525995K(1035264K), 0.0046545 secs]
124.971: Total time for which application threads were stopped: 0.0048028 seconds, Stopping threads took: 0.0000197 seconds
125.039: [GC (Allocation Failure)  848555K->525995K(1030144K), 0.0043542 secs]
125.044: Total time for which application threads were stopped: 0.0045360 seconds, Stopping threads took: 0.0000168 seconds
125.114: [GC (Allocation Failure)  848555K->526027K(1034752K), 0.0046440 secs]
125.118: Total time for which application threads were stopped: 0.0048359 seconds, Stopping threads took: 0.0000208 seconds
125.187: [GC (Allocation Failure)  847563K->533997K(1029120K), 0.0048412 secs]
125.192: Total time for which application threads were stopped: 0.0050084 seconds, Stopping threads took: 0.0000191 seconds
125.262: [GC (Allocation Failure)  855533K->533997K(1034240K), 0.0043733 secs]
125.267: Total time for which application threads were stopped: 0.0045463 seconds, Stopping threads took: 0.0000278 seconds
125.334: [GC (Allocation Failure)  854509K->534253K(1034240K), 0.0065210 secs]
125.340: Total time for which application threads were stopped: 0.0066923 seconds, Stopping threads took: 0.0000258 seconds
125.409: [GC (Allocation Failure)  854765K->542032K(1034240K), 0.0046140 secs]
125.414: Total time for which application threads were stopped: 0.0048053 seconds, Stopping threads took: 0.0000205 seconds
125.483: [GC (Allocation Failure)  862544K->542032K(1034240K), 0.0046521 secs]
125.488: Total time for which application threads were stopped: 0.0048311 seconds, Stopping threads took: 0.0000192 seconds
125.556: [GC (Allocation Failure)  862544K->542472K(1033216K), 0.0048023 secs]
125.561: Total time for which application threads were stopped: 0.0049577 seconds, Stopping threads took: 0.0000173 seconds
125.628: [GC (Allocation Failure)  861960K->550090K(1033728K), 0.0047072 secs]
125.633: Total time for which application threads were stopped: 0.0048864 seconds, Stopping threads took: 0.0000202 seconds
125.701: [GC (Allocation Failure)  869578K->550058K(1033728K), 0.0057197 secs]
125.707: Total time for which application threads were stopped: 0.0058878 seconds, Stopping threads took: 0.0000198 seconds
125.774: [GC (Allocation Failure)  869546K->550186K(1033728K), 0.0045909 secs]
125.779: Total time for which application threads were stopped: 0.0047526 seconds, Stopping threads took: 0.0000260 seconds
125.846: [GC (Allocation Failure)  869674K->558092K(1033728K), 0.0047180 secs]
125.851: Total time for which application threads were stopped: 0.0048837 seconds, Stopping threads took: 0.0000259 seconds
125.919: [GC (Allocation Failure)  877580K->558060K(1033728K), 0.0047866 secs]
125.924: Total time for which application threads were stopped: 0.0049557 seconds, Stopping threads took: 0.0000204 seconds
125.991: [GC (Allocation Failure)  877548K->558156K(1033728K), 0.0047458 secs]
125.996: Total time for which application threads were stopped: 0.0049152 seconds, Stopping threads took: 0.0000199 seconds
126.063: [GC (Allocation Failure)  877644K->566126K(1027072K), 0.0063183 secs]
126.069: Total time for which application threads were stopped: 0.0064623 seconds, Stopping threads took: 0.0000182 seconds
126.134: [GC (Allocation Failure)  885614K->562220K(1034240K), 0.0039022 secs]
126.138: Total time for which application threads were stopped: 0.0040632 seconds, Stopping threads took: 0.0000203 seconds
126.205: [GC (Allocation Failure)  881708K->566278K(1033216K), 0.0050066 secs]
126.210: Total time for which application threads were stopped: 0.0051897 seconds, Stopping threads took: 0.0000204 seconds
126.278: [GC (Allocation Failure)  885766K->570246K(1034752K), 0.0045303 secs]
126.282: Total time for which application threads were stopped: 0.0047161 seconds, Stopping threads took: 0.0000271 seconds
126.351: [GC (Allocation Failure)  891782K->563492K(1034752K), 0.0020874 secs]
126.353: Total time for which application threads were stopped: 0.0022234 seconds, Stopping threads took: 0.0000173 seconds
126.420: [GC (Allocation Failure)  885028K->570350K(1034752K), 0.0044950 secs]
126.425: Total time for which application threads were stopped: 0.0046772 seconds, Stopping threads took: 0.0000262 seconds
126.491: [GC (Allocation Failure)  891886K->574358K(1034752K), 0.0057063 secs]
126.497: Total time for which application threads were stopped: 0.0058806 seconds, Stopping threads took: 0.0000205 seconds
126.563: [GC (Allocation Failure)  895894K->568820K(1034752K), 0.0027978 secs]
126.566: Total time for which application threads were stopped: 0.0029381 seconds, Stopping threads took: 0.0000169 seconds
126.634: [GC (Allocation Failure)  890356K->574662K(1034752K), 0.0048879 secs]
126.639: Total time for which application threads were stopped: 0.0050905 seconds, Stopping threads took: 0.0000196 seconds
126.707: [GC (Allocation Failure)  896198K->578534K(1034752K), 0.0052013 secs]
126.712: Total time for which application threads were stopped: 0.0053690 seconds, Stopping threads took: 0.0000195 seconds
126.779: [GC (Allocation Failure)  901023K->574660K(1035264K), 0.0035257 secs]
126.783: Total time for which application threads were stopped: 0.0036946 seconds, Stopping threads took: 0.0000277 seconds
126.851: [GC (Allocation Failure)  897220K->578702K(1036288K), 0.0049519 secs]
126.856: Total time for which application threads were stopped: 0.0051137 seconds, Stopping threads took: 0.0000196 seconds
126.923: [GC (Allocation Failure)  902798K->582670K(1035776K), 0.0045808 secs]
126.928: Total time for which application threads were stopped: 0.0047492 seconds, Stopping threads took: 0.0000197 seconds
126.996: [GC (Allocation Failure)  906766K->582702K(1035776K), 0.0047556 secs]
127.001: Total time for which application threads were stopped: 0.0049139 seconds, Stopping threads took: 0.0000198 seconds
127.069: [GC (Allocation Failure)  906286K->582726K(1023488K), 0.0049371 secs]
127.074: Total time for which application threads were stopped: 0.0051001 seconds, Stopping threads took: 0.0000165 seconds
127.140: [GC (Allocation Failure)  906310K->590729K(1035264K), 0.0048528 secs]
127.145: Total time for which application threads were stopped: 0.0050140 seconds, Stopping threads took: 0.0000193 seconds
127.213: [GC (Allocation Failure)  913289K->590697K(1030144K), 0.0047216 secs]
127.218: Total time for which application threads were stopped: 0.0048998 seconds, Stopping threads took: 0.0000202 seconds
127.286: [GC (Allocation Failure)  913257K->590761K(1034752K), 0.0046129 secs]
127.291: Total time for which application threads were stopped: 0.0047757 seconds, Stopping threads took: 0.0000206 seconds
127.358: [GC (Allocation Failure)  912297K->598763K(1029120K), 0.0047713 secs]
127.363: Total time for which application threads were stopped: 0.0049408 seconds, Stopping threads took: 0.0000277 seconds
127.431: [GC (Allocation Failure)  920299K->598699K(1034240K), 0.0046340 secs]
127.436: Total time for which application threads were stopped: 0.0048264 seconds, Stopping threads took: 0.0000202 seconds
127.504: [GC (Allocation Failure)  919211K->598987K(1034240K), 0.0047117 secs]
127.509: Total time for which application threads were stopped: 0.0049043 seconds, Stopping threads took: 0.0000195 seconds
127.578: [GC (Allocation Failure)  919499K->606765K(1034240K), 0.0045637 secs]
127.583: Total time for which application threads were stopped: 0.0047219 seconds, Stopping threads took: 0.0000198 seconds
127.650: [GC (Allocation Failure)  927277K->606797K(1034240K), 0.0048326 secs]
127.655: Total time for which application threads were stopped: 0.0049933 seconds, Stopping threads took: 0.0000196 seconds
127.722: [GC (Allocation Failure)  927309K->607205K(1033216K), 0.0049539 secs]
127.727: Total time for which application threads were stopped: 0.0051472 seconds, Stopping threads took: 0.0000261 seconds
127.794: [GC (Allocation Failure)  926693K->614823K(1033728K), 0.0048493 secs]
127.799: Total time for which application threads were stopped: 0.0050059 seconds, Stopping threads took: 0.0000191 seconds
127.866: [GC (Allocation Failure)  934311K->614791K(1033728K), 0.0047549 secs]
127.871: Total time for which application threads were stopped: 0.0049095 seconds, Stopping threads took: 0.0000192 seconds
127.935: [GC (Allocation Failure)  934279K->614919K(1033728K), 0.0048266 secs]
127.940: Total time for which application threads were stopped: 0.0050012 seconds, Stopping threads took: 0.0000195 seconds
128.009: [GC (Allocation Failure)  934407K->622826K(1033728K), 0.0047717 secs]
128.013: Total time for which application threads were stopped: 0.0049468 seconds, Stopping threads took: 0.0000202 seconds
128.081: [GC (Allocation Failure)  942314K->622794K(1033728K), 0.0047366 secs]
128.086: Total time for which application threads were stopped: 0.0049157 seconds, Stopping threads took: 0.0000168 seconds
128.153: [GC (Allocation Failure)  942282K->622890K(1033728K), 0.0049303 secs]
128.158: Total time for which application threads were stopped: 0.0051107 seconds, Stopping threads took: 0.0000172 seconds
128.224: [GC (Allocation Failure)  942378K->630828K(1027072K), 0.0048511 secs]
128.229: Total time for which application threads were stopped: 0.0050314 seconds, Stopping threads took: 0.0000265 seconds
128.295: [GC (Allocation Failure)  950315K->626954K(1034240K), 0.0040870 secs]
128.300: Total time for which application threads were stopped: 0.0042591 seconds, Stopping threads took: 0.0000202 seconds
128.368: [GC (Allocation Failure)  946442K->631020K(1033216K), 0.0049465 secs]
128.373: Total time for which application threads were stopped: 0.0051173 seconds, Stopping threads took: 0.0000195 seconds
128.440: [GC (Allocation Failure)  950508K->635020K(1034752K), 0.0048442 secs]
128.445: Total time for which application threads were stopped: 0.0050050 seconds, Stopping threads took: 0.0000207 seconds
128.513: [GC (Allocation Failure)  956556K->628234K(1034752K), 0.0022374 secs]
128.516: Total time for which application threads were stopped: 0.0023741 seconds, Stopping threads took: 0.0000186 seconds
128.583: [GC (Allocation Failure)  949770K->635060K(1034752K), 0.0046824 secs]
128.587: Total time for which application threads were stopped: 0.0048514 seconds, Stopping threads took: 0.0000197 seconds
128.653: [GC (Allocation Failure)  956596K->639140K(1034752K), 0.0058131 secs]
128.659: Total time for which application threads were stopped: 0.0059729 seconds, Stopping threads took: 0.0000193 seconds
128.725: [GC (Allocation Failure)  960676K->633602K(1034752K), 0.0028202 secs]
128.728: Total time for which application threads were stopped: 0.0029755 seconds, Stopping threads took: 0.0000260 seconds
128.795: [GC (Allocation Failure)  955138K->639412K(1034752K), 0.0048229 secs]
128.800: Total time for which application threads were stopped: 0.0049925 seconds, Stopping threads took: 0.0000196 seconds
128.867: [GC (Allocation Failure)  960948K->643276K(1034752K), 0.0065434 secs]
128.874: Total time for which application threads were stopped: 0.0067228 seconds, Stopping threads took: 0.0000205 seconds
128.941: [GC (Allocation Failure)  965764K->639402K(1035264K), 0.0038222 secs]
128.945: Total time for which application threads were stopped: 0.0040106 seconds, Stopping threads took: 0.0000205 seconds
129.014: [GC (Allocation Failure)  961962K->643436K(1036288K), 0.0050077 secs]
129.020: Total time for which application threads were stopped: 0.0052044 seconds, Stopping threads took: 0.0000214 seconds
129.089: [GC (Allocation Failure)  967532K->647372K(1035776K), 0.0047696 secs]
129.094: Total time for which application threads were stopped: 0.0049324 seconds, Stopping threads took: 0.0000199 seconds
129.162: [GC (Allocation Failure)  971468K->647436K(1035776K), 0.0048278 secs]
129.167: Total time for which application threads were stopped: 0.0049869 seconds, Stopping threads took: 0.0000197 seconds
129.234: [GC (Allocation Failure)  971020K->647468K(1023488K), 0.0049252 secs]
129.239: Total time for which application threads were stopped: 0.0050998 seconds, Stopping threads took: 0.0000260 seconds
129.305: [GC (Allocation Failure)  971052K->655470K(1035264K), 0.0050330 secs]
129.310: Total time for which application threads were stopped: 0.0052050 seconds, Stopping threads took: 0.0000201 seconds
129.378: [GC (Allocation Failure)  978030K->655470K(1030144K), 0.0047969 secs]
129.383: Total time for which application threads were stopped: 0.0049613 seconds, Stopping threads took: 0.0000197 seconds
129.450: [GC (Allocation Failure)  978030K->655494K(1034752K), 0.0050040 secs]
129.455: Total time for which application threads were stopped: 0.0051934 seconds, Stopping threads took: 0.0000201 seconds
129.522: [GC (Allocation Failure)  977030K->663496K(1029120K), 0.0051332 secs]
129.527: Total time for which application threads were stopped: 0.0052978 seconds, Stopping threads took: 0.0000203 seconds
129.594: [GC (Allocation Failure)  985032K->663432K(1034240K), 0.0045939 secs]
129.599: Total time for which application threads were stopped: 0.0047838 seconds, Stopping threads took: 0.0000205 seconds
129.667: [GC (Allocation Failure)  983944K->663688K(1034240K), 0.0049368 secs]
129.672: Total time for which application threads were stopped: 0.0050917 seconds, Stopping threads took: 0.0000166 seconds
129.740: [GC (Allocation Failure)  984200K->671499K(1034240K), 0.0048779 secs]
129.745: Total time for which application threads were stopped: 0.0050570 seconds, Stopping threads took: 0.0000266 seconds
129.814: [GC (Allocation Failure)  992011K->671499K(1034240K), 0.0050621 secs]
129.820: Total time for which application threads were stopped: 0.0052329 seconds, Stopping threads took: 0.0000203 seconds
129.887: [GC (Allocation Failure)  992011K->671907K(1033216K), 0.0050022 secs]
129.892: Total time for which application threads were stopped: 0.0051719 seconds, Stopping threads took: 0.0000204 seconds
129.959: [GC (Allocation Failure)  991395K->679525K(1033728K), 0.0049863 secs]
129.965: Total time for which application threads were stopped: 0.0051581 seconds, Stopping threads took: 0.0000203 seconds
130.032: [GC (Allocation Failure)  999013K->679557K(1033728K), 0.0049144 secs]
130.037: Total time for which application threads were stopped: 0.0051099 seconds, Stopping threads took: 0.0000207 seconds
130.104: [GC (Allocation Failure)  999045K->679693K(1033728K), 0.0049850 secs]
130.109: Total time for which application threads were stopped: 0.0051428 seconds, Stopping threads took: 0.0000194 seconds
130.177: [GC (Allocation Failure)  999181K->687599K(1033728K), 0.0048376 secs]
130.182: Total time for which application threads were stopped: 0.0050283 seconds, Stopping threads took: 0.0000196 seconds
130.250: [GC (Allocation Failure)  1007087K->687535K(1033728K), 0.0048923 secs]
130.255: Total time for which application threads were stopped: 0.0050575 seconds, Stopping threads took: 0.0000263 seconds
130.323: [GC (Allocation Failure)  1007023K->687623K(1033728K), 0.0048871 secs]
130.328: [Full GC (Ergonomics)  687623K->8540K(1033728K), 0.0120087 secs]
130.341: Total time for which application threads were stopped: 0.0171707 seconds, Stopping threads took: 0.0000195 seconds
130.407: [GC (Allocation Failure)  328028K->16703K(1027072K), 0.0038138 secs]
130.411: Total time for which application threads were stopped: 0.0039691 seconds, Stopping threads took: 0.0000164 seconds
130.476: [GC (Allocation Failure)  336190K->12788K(1034240K), 0.0026141 secs]
130.479: Total time for which application threads were stopped: 0.0027800 seconds, Stopping threads took: 0.0000249 seconds
130.547: [GC (Allocation Failure)  332276K->16879K(1033216K), 0.0037036 secs]
130.551: Total time for which application threads were stopped: 0.0038788 seconds, Stopping threads took: 0.0000247 seconds
130.618: [GC (Allocation Failure)  336367K->20847K(1034752K), 0.0036887 secs]
130.622: Total time for which application threads were stopped: 0.0038620 seconds, Stopping threads took: 0.0000205 seconds
130.690: [GC (Allocation Failure)  342383K->14060K(1034752K), 0.0012231 secs]
130.691: Total time for which application threads were stopped: 0.0013538 seconds, Stopping threads took: 0.0000202 seconds
130.758: [GC (Allocation Failure)  335596K->20919K(1034752K), 0.0037456 secs]
130.762: Total time for which application threads were stopped: 0.0039135 seconds, Stopping threads took: 0.0000263 seconds
130.828: [GC (Allocation Failure)  342455K->24999K(1034752K), 0.0044759 secs]
130.832: Total time for which application threads were stopped: 0.0046461 seconds, Stopping threads took: 0.0000203 seconds
130.897: [GC (Allocation Failure)  346535K->19428K(1034752K), 0.0016213 secs]
130.899: Total time for which application threads were stopped: 0.0017642 seconds, Stopping threads took: 0.0000202 seconds
130.969: [GC (Allocation Failure)  340964K->25263K(1034752K), 0.0037868 secs]
130.973: Total time for which application threads were stopped: 0.0039548 seconds, Stopping threads took: 0.0000219 seconds
131.042: [GC (Allocation Failure)  346799K->29167K(1035264K), 0.0090312 secs]
131.051: Total time for which application threads were stopped: 0.0091968 seconds, Stopping threads took: 0.0000195 seconds
131.118: [GC (Allocation Failure)  351655K->25228K(1035264K), 0.0023370 secs]
131.121: Total time for which application threads were stopped: 0.0024789 seconds, Stopping threads took: 0.0000171 seconds
131.190: [GC (Allocation Failure)  347788K->29295K(1036288K), 0.0037460 secs]
131.194: Total time for which application threads were stopped: 0.0039076 seconds, Stopping threads took: 0.0000195 seconds
131.262: [GC (Allocation Failure)  353391K->33263K(1035776K), 0.0034984 secs]
131.265: Total time for which application threads were stopped: 0.0037038 seconds, Stopping threads took: 0.0000283 seconds
131.336: [GC (Allocation Failure)  357359K->33231K(1035776K), 0.0033975 secs]
131.339: Total time for which application threads were stopped: 0.0035595 seconds, Stopping threads took: 0.0000193 seconds
131.406: [GC (Allocation Failure)  356815K->33327K(1023488K), 0.0038422 secs]
131.410: Total time for which application threads were stopped: 0.0039934 seconds, Stopping threads took: 0.0000193 seconds
131.476: [GC (Allocation Failure)  356911K->41329K(1035264K), 0.0037317 secs]
131.480: Total time for which application threads were stopped: 0.0039213 seconds, Stopping threads took: 0.0000274 seconds
131.548: [GC (Allocation Failure)  363889K->41297K(1030144K), 0.0037563 secs]
131.551: Total time for which application threads were stopped: 0.0039285 seconds, Stopping threads took: 0.0000207 seconds
131.619: [GC (Allocation Failure)  363857K->41353K(1034752K), 0.0039179 secs]
131.623: Total time for which application threads were stopped: 0.0040779 seconds, Stopping threads took: 0.0000203 seconds
131.690: [GC (Allocation Failure)  362889K->49323K(1034752K), 0.0040280 secs]
131.694: Total time for which application threads were stopped: 0.0041909 seconds, Stopping threads took: 0.0000197 seconds
131.764: [GC (Allocation Failure)  370859K->49323K(1033728K), 0.0034534 secs]
131.768: Total time for which application threads were stopped: 0.0036232 seconds, Stopping threads took: 0.0000261 seconds
131.835: [GC (Allocation Failure)  369835K->49579K(1034240K), 0.0037772 secs]
131.839: Total time for which application threads were stopped: 0.0039438 seconds, Stopping threads took: 0.0000207 seconds
131.907: [GC (Allocation Failure)  370091K->57357K(1034240K), 0.0038613 secs]
131.911: Total time for which application threads were stopped: 0.0040586 seconds, Stopping threads took: 0.0000197 seconds
131.979: [GC (Allocation Failure)  377869K->57389K(1034240K), 0.0038021 secs]
131.983: Total time for which application threads were stopped: 0.0039909 seconds, Stopping threads took: 0.0000198 seconds
132.050: [GC (Allocation Failure)  377901K->57805K(1033216K), 0.0037546 secs]
132.054: Total time for which application threads were stopped: 0.0039109 seconds, Stopping threads took: 0.0000170 seconds
132.123: [GC (Allocation Failure)  377293K->65392K(1033728K), 0.0037138 secs]
132.127: Total time for which application threads were stopped: 0.0038826 seconds, Stopping threads took: 0.0000280 seconds
132.195: [GC (Allocation Failure)  384880K->65360K(1033728K), 0.0037328 secs]
132.199: Total time for which application threads were stopped: 0.0038933 seconds, Stopping threads took: 0.0000198 seconds
132.265: [GC (Allocation Failure)  384848K->65512K(1033728K), 0.0036042 secs]
132.268: Total time for which application threads were stopped: 0.0037639 seconds, Stopping threads took: 0.0000266 seconds
132.336: [GC (Allocation Failure)  385000K->73450K(1033728K), 0.0037788 secs]
132.340: Total time for which application threads were stopped: 0.0039559 seconds, Stopping threads took: 0.0000195 seconds
132.409: [GC (Allocation Failure)  392938K->73450K(1033728K), 0.0038608 secs]
132.413: Total time for which application threads were stopped: 0.0040310 seconds, Stopping threads took: 0.0000204 seconds
132.481: [GC (Allocation Failure)  392938K->73482K(1033728K), 0.0038261 secs]
132.485: Total time for which application threads were stopped: 0.0040108 seconds, Stopping threads took: 0.0000201 seconds
132.554: [GC (Allocation Failure)  392970K->81452K(1027072K), 0.0038551 secs]
132.558: Total time for which application threads were stopped: 0.0040476 seconds, Stopping threads took: 0.0000200 seconds
132.624: [GC (Allocation Failure)  400940K->77546K(1034240K), 0.0025879 secs]
132.627: Total time for which application threads were stopped: 0.0027424 seconds, Stopping threads took: 0.0000200 seconds
132.694: [GC (Allocation Failure)  397034K->81612K(1033216K), 0.0039401 secs]
132.698: Total time for which application threads were stopped: 0.0041062 seconds, Stopping threads took: 0.0000190 seconds
132.766: [GC (Allocation Failure)  401100K->85580K(1034752K), 0.0036041 secs]
132.769: Total time for which application threads were stopped: 0.0037748 seconds, Stopping threads took: 0.0000261 seconds
132.837: [GC (Allocation Failure)  407116K->78826K(1034752K), 0.0013320 secs]
132.839: Total time for which application threads were stopped: 0.0014527 seconds, Stopping threads took: 0.0000196 seconds
132.908: [GC (Allocation Failure)  400362K->85612K(1034752K), 0.0035768 secs]
132.911: Total time for which application threads were stopped: 0.0037271 seconds, Stopping threads took: 0.0000170 seconds
132.977: [GC (Allocation Failure)  407148K->89724K(1034752K), 0.0047314 secs]
132.982: Total time for which application threads were stopped: 0.0049310 seconds, Stopping threads took: 0.0000192 seconds
133.048: [GC (Allocation Failure)  411260K->84186K(1034752K), 0.0024025 secs]
133.051: Total time for which application threads were stopped: 0.0025581 seconds, Stopping threads took: 0.0000228 seconds
133.118: [GC (Allocation Failure)  405722K->89996K(1034752K), 0.0038980 secs]
133.122: Total time for which application threads were stopped: 0.0040674 seconds, Stopping threads took: 0.0000195 seconds
133.189: [GC (Allocation Failure)  411532K->93860K(1034752K), 0.0043013 secs]
133.193: Total time for which application threads were stopped: 0.0044805 seconds, Stopping threads took: 0.0000200 seconds
133.260: [GC (Allocation Failure)  416348K->89986K(1035264K), 0.0023406 secs]
133.263: Total time for which application threads were stopped: 0.0025109 seconds, Stopping threads took: 0.0000216 seconds
133.332: [GC (Allocation Failure)  412546K->94028K(1036288K), 0.0039382 secs]
133.336: Total time for which application threads were stopped: 0.0041055 seconds, Stopping threads took: 0.0000196 seconds
133.403: [GC (Allocation Failure)  418124K->97996K(1035776K), 0.0038962 secs]
133.407: Total time for which application threads were stopped: 0.0040656 seconds, Stopping threads took: 0.0000197 seconds
133.476: [GC (Allocation Failure)  422092K->97996K(1035776K), 0.0035491 secs]
133.479: Total time for which application threads were stopped: 0.0037188 seconds, Stopping threads took: 0.0000202 seconds
133.549: [GC (Allocation Failure)  421580K->98060K(1023488K), 0.0039069 secs]
133.553: Total time for which application threads were stopped: 0.0040757 seconds, Stopping threads took: 0.0000201 seconds
133.619: [GC (Allocation Failure)  421644K->106062K(1035264K), 0.0038002 secs]
133.623: Total time for which application threads were stopped: 0.0039617 seconds, Stopping threads took: 0.0000199 seconds
133.691: [GC (Allocation Failure)  428622K->106030K(1030144K), 0.0036072 secs]
133.695: Total time for which application threads were stopped: 0.0037824 seconds, Stopping threads took: 0.0000204 seconds
133.763: [GC (Allocation Failure)  428590K->106094K(1034752K), 0.0037565 secs]
133.767: Total time for which application threads were stopped: 0.0039463 seconds, Stopping threads took: 0.0000276 seconds
133.836: [GC (Allocation Failure)  427630K->114097K(1034752K), 0.0038678 secs]
133.840: Total time for which application threads were stopped: 0.0040277 seconds, Stopping threads took: 0.0000190 seconds
133.909: [GC (Allocation Failure)  435633K->114097K(1033728K), 0.0038057 secs]
133.912: Total time for which application threads were stopped: 0.0039736 seconds, Stopping threads took: 0.0000195 seconds
133.979: [GC (Allocation Failure)  434609K->114313K(1034240K), 0.0037721 secs]
133.983: Total time for which application threads were stopped: 0.0039420 seconds, Stopping threads took: 0.0000197 seconds
134.051: [GC (Allocation Failure)  434825K->122091K(1034240K), 0.0044809 secs]
134.055: Total time for which application threads were stopped: 0.0046434 seconds, Stopping threads took: 0.0000253 seconds
134.123: [GC (Allocation Failure)  442603K->122091K(1034240K), 0.0037970 secs]
134.127: Total time for which application threads were stopped: 0.0039637 seconds, Stopping threads took: 0.0000197 seconds
134.194: [GC (Allocation Failure)  442603K->122531K(1033216K), 0.0039907 secs]
134.198: Total time for which application threads were stopped: 0.0041658 seconds, Stopping threads took: 0.0000195 seconds
134.268: [GC (Allocation Failure)  442019K->130149K(1033728K), 0.0040513 secs]
134.272: Total time for which application threads were stopped: 0.0042291 seconds, Stopping threads took: 0.0000255 seconds
134.340: [GC (Allocation Failure)  449637K->130149K(1033728K), 0.0037364 secs]
134.343: Total time for which application threads were stopped: 0.0039101 seconds, Stopping threads took: 0.0000209 seconds
134.408: [GC (Allocation Failure)  449637K->130245K(1033728K), 0.0040109 secs]
134.412: Total time for which application threads were stopped: 0.0041795 seconds, Stopping threads took: 0.0000194 seconds
134.480: [GC (Allocation Failure)  449733K->138215K(1033728K), 0.0038439 secs]
134.484: Total time for which application threads were stopped: 0.0040061 seconds, Stopping threads took: 0.0000196 seconds
134.551: [GC (Allocation Failure)  457703K->138119K(1033728K), 0.0037663 secs]
134.555: Total time for which application threads were stopped: 0.0039726 seconds, Stopping threads took: 0.0000279 seconds
134.623: [GC (Allocation Failure)  457607K->138215K(1033728K), 0.0039919 secs]
134.627: Total time for which application threads were stopped: 0.0041718 seconds, Stopping threads took: 0.0000198 seconds
134.694: [GC (Allocation Failure)  457703K->146186K(1027072K), 0.0039828 secs]
134.698: Total time for which application threads were stopped: 0.0041466 seconds, Stopping threads took: 0.0000205 seconds
134.764: [GC (Allocation Failure)  465673K->142279K(1034240K), 0.0026061 secs]
134.766: Total time for which application threads were stopped: 0.0027766 seconds, Stopping threads took: 0.0000293 seconds
134.835: [GC (Allocation Failure)  461767K->146346K(1033216K), 0.0040123 secs]
134.839: Total time for which application threads were stopped: 0.0041986 seconds, Stopping threads took: 0.0000192 seconds
134.907: [GC (Allocation Failure)  465834K->150346K(1034752K), 0.0038674 secs]
134.910: Total time for which application threads were stopped: 0.0040366 seconds, Stopping threads took: 0.0000200 seconds
134.979: [GC (Allocation Failure)  471882K->143495K(1034752K), 0.0011897 secs]
134.980: Total time for which application threads were stopped: 0.0013102 seconds, Stopping threads took: 0.0000191 seconds
135.050: [GC (Allocation Failure)  465031K->150346K(1034752K), 0.0047000 secs]
135.055: Total time for which application threads were stopped: 0.0048669 seconds, Stopping threads took: 0.0000129 seconds
135.121: [GC (Allocation Failure)  471882K->154490K(1034752K), 0.0046976 secs]
135.126: Total time for which application threads were stopped: 0.0048918 seconds, Stopping threads took: 0.0000204 seconds
135.193: [GC (Allocation Failure)  476026K->148951K(1034752K), 0.0018269 secs]
135.195: Total time for which application threads were stopped: 0.0019776 seconds, Stopping threads took: 0.0000180 seconds
135.262: [GC (Allocation Failure)  470487K->154762K(1034752K), 0.0039647 secs]
135.266: Total time for which application threads were stopped: 0.0041396 seconds, Stopping threads took: 0.0000271 seconds
135.333: [GC (Allocation Failure)  476298K->158602K(1035264K), 0.0044228 secs]
135.338: Total time for which application threads were stopped: 0.0046071 seconds, Stopping threads took: 0.0000204 seconds
135.404: [GC (Allocation Failure)  481090K->154695K(1035264K), 0.0026231 secs]
135.407: Total time for which application threads were stopped: 0.0027850 seconds, Stopping threads took: 0.0000211 seconds
135.477: [GC (Allocation Failure)  477255K->158762K(1036288K), 0.0038274 secs]
135.481: Total time for which application threads were stopped: 0.0040127 seconds, Stopping threads took: 0.0000201 seconds
135.549: [GC (Allocation Failure)  482858K->162762K(1035776K), 0.0038015 secs]
135.553: Total time for which application threads were stopped: 0.0039790 seconds, Stopping threads took: 0.0000207 seconds
135.621: [GC (Allocation Failure)  486858K->162762K(1035776K), 0.0037299 secs]
135.625: Total time for which application threads were stopped: 0.0039049 seconds, Stopping threads took: 0.0000214 seconds
135.693: [GC (Allocation Failure)  486346K->162794K(1023488K), 0.0039890 secs]
135.697: Total time for which application threads were stopped: 0.0041533 seconds, Stopping threads took: 0.0000212 seconds
135.764: [GC (Allocation Failure)  486378K->170796K(1035264K), 0.0039648 secs]
135.768: Total time for which application threads were stopped: 0.0041385 seconds, Stopping threads took: 0.0000284 seconds
135.836: [GC (Allocation Failure)  493356K->170764K(1030144K), 0.0036850 secs]
135.840: Total time for which application threads were stopped: 0.0038596 seconds, Stopping threads took: 0.0000266 seconds
135.907: [GC (Allocation Failure)  493324K->170828K(1034752K), 0.0040786 secs]
135.911: Total time for which application threads were stopped: 0.0042412 seconds, Stopping threads took: 0.0000203 seconds
135.979: [GC (Allocation Failure)  492364K->178798K(1029120K), 0.0063627 secs]
135.985: Total time for which application threads were stopped: 0.0065257 seconds, Stopping threads took: 0.0000193 seconds
136.054: [GC (Allocation Failure)  500334K->178830K(1034240K), 0.0053255 secs]
136.060: Total time for which application threads were stopped: 0.0054776 seconds, Stopping threads took: 0.0000214 seconds
136.128: [GC (Allocation Failure)  499342K->179054K(1034240K), 0.0041572 secs]
136.132: Total time for which application threads were stopped: 0.0043550 seconds, Stopping threads took: 0.0000215 seconds
136.201: [GC (Allocation Failure)  499566K->186865K(1034240K), 0.0039631 secs]
136.205: Total time for which application threads were stopped: 0.0041268 seconds, Stopping threads took: 0.0000198 seconds
136.273: [GC (Allocation Failure)  507377K->186865K(1034240K), 0.0040872 secs]
136.277: Total time for which application threads were stopped: 0.0042461 seconds, Stopping threads took: 0.0000200 seconds
136.343: [GC (Allocation Failure)  507377K->187273K(1033216K), 0.0040343 secs]
136.348: Total time for which application threads were stopped: 0.0041902 seconds, Stopping threads took: 0.0000195 seconds
136.415: [GC (Allocation Failure)  506761K->194891K(1033728K), 0.0039703 secs]
136.419: Total time for which application threads were stopped: 0.0041644 seconds, Stopping threads took: 0.0000191 seconds
136.488: [GC (Allocation Failure)  514379K->194859K(1033728K), 0.0039298 secs]
136.492: Total time for which application threads were stopped: 0.0040784 seconds, Stopping threads took: 0.0000167 seconds
136.556: [GC (Allocation Failure)  514347K->194987K(1033728K), 0.0042227 secs]
136.560: Total time for which application threads were stopped: 0.0043905 seconds, Stopping threads took: 0.0000197 seconds
136.628: [GC (Allocation Failure)  514475K->202925K(1033728K), 0.0039713 secs]
136.632: Total time for which application threads were stopped: 0.0041515 seconds, Stopping threads took: 0.0000201 seconds
136.700: [GC (Allocation Failure)  522413K->202925K(1033728K), 0.0040389 secs]
136.704: Total time for which application threads were stopped: 0.0042139 seconds, Stopping threads took: 0.0000203 seconds
136.772: [GC (Allocation Failure)  522413K->202949K(1032704K), 0.0051507 secs]
136.777: Total time for which application threads were stopped: 0.0053218 seconds, Stopping threads took: 0.0000276 seconds
136.845: [GC (Allocation Failure)  521413K->210951K(1033216K), 0.0041647 secs]
136.849: Total time for which application threads were stopped: 0.0043420 seconds, Stopping threads took: 0.0000267 seconds
136.916: [GC (Allocation Failure)  529415K->205349K(1033728K), 0.0019514 secs]
136.918: Total time for which application threads were stopped: 0.0020922 seconds, Stopping threads took: 0.0000202 seconds
136.986: [GC (Allocation Failure)  524325K->211175K(1033216K), 0.0040132 secs]
136.990: Total time for which application threads were stopped: 0.0041963 seconds, Stopping threads took: 0.0000348 seconds
137.060: [GC (Allocation Failure)  530151K->215055K(1034240K), 0.0053443 secs]
137.066: Total time for which application threads were stopped: 0.0055012 seconds, Stopping threads took: 0.0000253 seconds
137.134: [GC (Allocation Failure)  535567K->220973K(1034240K), 0.0065435 secs]
137.141: Total time for which application threads were stopped: 0.0067078 seconds, Stopping threads took: 0.0000198 seconds
137.208: [GC (Allocation Failure)  541485K->215215K(1030144K), 0.0043651 secs]
137.212: Total time for which application threads were stopped: 0.0045284 seconds, Stopping threads took: 0.0000194 seconds
137.279: [GC (Allocation Failure)  531631K->215087K(1032192K), 0.0065465 secs]
137.286: Total time for which application threads were stopped: 0.0067645 seconds, Stopping threads took: 0.0000291 seconds
137.353: [GC (Allocation Failure)  531503K->210925K(1033216K), 0.0022992 secs]
137.355: Total time for which application threads were stopped: 0.0024456 seconds, Stopping threads took: 0.0000168 seconds
137.422: [GC (Allocation Failure)  528877K->215183K(1032704K), 0.0042175 secs]
137.427: Total time for which application threads were stopped: 0.0043796 seconds, Stopping threads took: 0.0000200 seconds
137.492: [GC (Allocation Failure)  533135K->215023K(1033728K), 0.0041501 secs]
137.496: Total time for which application threads were stopped: 0.0043477 seconds, Stopping threads took: 0.0000209 seconds
137.564: [GC (Allocation Failure)  533999K->218631K(1033216K), 0.0046232 secs]
137.568: Total time for which application threads were stopped: 0.0047805 seconds, Stopping threads took: 0.0000174 seconds
137.636: [GC (Allocation Failure)  537607K->223114K(1034240K), 0.0040237 secs]
137.640: Total time for which application threads were stopped: 0.0042006 seconds, Stopping threads took: 0.0000200 seconds
137.706: [GC (Allocation Failure)  543114K->223114K(1033728K), 0.0041111 secs]
137.710: Total time for which application threads were stopped: 0.0042803 seconds, Stopping threads took: 0.0000193 seconds
137.775: [GC (Allocation Failure)  543114K->226378K(1034240K), 0.0046804 secs]
137.780: Total time for which application threads were stopped: 0.0048400 seconds, Stopping threads took: 0.0000256 seconds
137.848: [GC (Allocation Failure)  546890K->231148K(1034240K), 0.0039664 secs]
137.852: Total time for which application threads were stopped: 0.0041379 seconds, Stopping threads took: 0.0000200 seconds
137.920: [GC (Allocation Failure)  551660K->231116K(1034752K), 0.0064640 secs]
137.926: Total time for which application threads were stopped: 0.0066282 seconds, Stopping threads took: 0.0000196 seconds
137.992: [GC (Allocation Failure)  552652K->233580K(1034752K), 0.0044745 secs]
137.997: Total time for which application threads were stopped: 0.0046456 seconds, Stopping threads took: 0.0000218 seconds
138.066: [GC (Allocation Failure)  555116K->239118K(1034752K), 0.0073364 secs]
138.073: Total time for which application threads were stopped: 0.0074904 seconds, Stopping threads took: 0.0000187 seconds
138.141: [GC (Allocation Failure)  560654K->239118K(1034752K), 0.0039720 secs]
138.145: Total time for which application threads were stopped: 0.0041211 seconds, Stopping threads took: 0.0000166 seconds
138.211: [GC (Allocation Failure)  560654K->242822K(1035264K), 0.0051322 secs]
138.216: Total time for which application threads were stopped: 0.0053104 seconds, Stopping threads took: 0.0000269 seconds
138.284: [GC (Allocation Failure)  564870K->247208K(1034752K), 0.0040777 secs]
138.288: Total time for which application threads were stopped: 0.0042479 seconds, Stopping threads took: 0.0000205 seconds
138.356: [GC (Allocation Failure)  569256K->247176K(1035264K), 0.0041570 secs]
138.360: Total time for which application threads were stopped: 0.0043163 seconds, Stopping threads took: 0.0000190 seconds
138.427: [GC (Allocation Failure)  569736K->250056K(1035264K), 0.0047280 secs]
138.432: Total time for which application threads were stopped: 0.0049000 seconds, Stopping threads took: 0.0000204 seconds
138.500: [GC (Allocation Failure)  572616K->255339K(1035264K), 0.0041219 secs]
138.504: Total time for which application threads were stopped: 0.0042990 seconds, Stopping threads took: 0.0000200 seconds
138.572: [GC (Allocation Failure)  577899K->255211K(1035264K), 0.0040046 secs]
138.577: Total time for which application threads were stopped: 0.0041776 seconds, Stopping threads took: 0.0000209 seconds
138.643: [GC (Allocation Failure)  577771K->258283K(1035264K), 0.0047453 secs]
138.648: Total time for which application threads were stopped: 0.0049476 seconds, Stopping threads took: 0.0000284 seconds
138.718: [GC (Allocation Failure)  580843K->263277K(1035264K), 0.0041688 secs]
138.722: Total time for which application threads were stopped: 0.0043618 seconds, Stopping threads took: 0.0000194 seconds
138.792: [GC (Allocation Failure)  585837K->263245K(1035264K), 0.0041860 secs]
138.796: Total time for which application threads were stopped: 0.0043443 seconds, Stopping threads took: 0.0000174 seconds
138.863: [GC (Allocation Failure)  585805K->258475K(1035264K), 0.0023519 secs]
138.865: Total time for which application threads were stopped: 0.0025234 seconds, Stopping threads took: 0.0000274 seconds
138.933: [GC (Allocation Failure)  581035K->263501K(1035264K), 0.0039470 secs]
138.937: Total time for which application threads were stopped: 0.0041439 seconds, Stopping threads took: 0.0000205 seconds
139.007: [GC (Allocation Failure)  586061K->263245K(1035264K), 0.0041112 secs]
139.011: Total time for which application threads were stopped: 0.0042717 seconds, Stopping threads took: 0.0000196 seconds
139.080: [GC (Allocation Failure)  585805K->262795K(1035776K), 0.0040036 secs]
139.084: Total time for which application threads were stopped: 0.0041536 seconds, Stopping threads took: 0.0000167 seconds
139.152: [GC (Allocation Failure)  585867K->263437K(1035264K), 0.0039572 secs]
139.156: Total time for which application threads were stopped: 0.0041784 seconds, Stopping threads took: 0.0000200 seconds
139.225: [GC (Allocation Failure)  586509K->263245K(1035776K), 0.0042127 secs]
139.230: Total time for which application threads were stopped: 0.0043870 seconds, Stopping threads took: 0.0000199 seconds
139.297: [GC (Allocation Failure)  586829K->269099K(1035776K), 0.0067372 secs]
139.304: Total time for which application threads were stopped: 0.0069181 seconds, Stopping threads took: 0.0000272 seconds
139.372: [GC (Allocation Failure)  592683K->264525K(1032704K), 0.0041755 secs]
139.376: Total time for which application threads were stopped: 0.0044808 seconds, Stopping threads took: 0.0000191 seconds
139.443: [GC (Allocation Failure)  585037K->264365K(1034240K), 0.0054753 secs]
139.449: Total time for which application threads were stopped: 0.0056269 seconds, Stopping threads took: 0.0000193 seconds
139.517: [GC (Allocation Failure)  584877K->271435K(1030656K), 0.0072712 secs]
139.524: Total time for which application threads were stopped: 0.0074310 seconds, Stopping threads took: 0.0000191 seconds
139.593: [GC (Allocation Failure)  588875K->265741K(1032704K), 0.0043943 secs]
139.597: Total time for which application threads were stopped: 0.0045703 seconds, Stopping threads took: 0.0000184 seconds
139.664: [GC (Allocation Failure)  583181K->265709K(1033728K), 0.0040945 secs]
139.669: Total time for which application threads were stopped: 0.0042647 seconds, Stopping threads took: 0.0000204 seconds
139.735: [GC (Allocation Failure)  584685K->263275K(1033216K), 0.0030411 secs]
139.739: Total time for which application threads were stopped: 0.0032409 seconds, Stopping threads took: 0.0000298 seconds
139.808: [GC (Allocation Failure)  582251K->265709K(1034752K), 0.0038974 secs]
139.812: Total time for which application threads were stopped: 0.0040471 seconds, Stopping threads took: 0.0000173 seconds
139.879: [GC (Allocation Failure)  586733K->265709K(1034240K), 0.0064415 secs]
139.886: Total time for which application threads were stopped: 0.0066239 seconds, Stopping threads took: 0.0000201 seconds
139.953: [GC (Allocation Failure)  586733K->260907K(1034240K), 0.0023967 secs]
139.956: Total time for which application threads were stopped: 0.0025583 seconds, Stopping threads took: 0.0000202 seconds
140.024: [GC (Allocation Failure)  582443K->265933K(1034752K), 0.0041771 secs]
140.028: Total time for which application threads were stopped: 0.0043556 seconds, Stopping threads took: 0.0000215 seconds
140.097: [GC (Allocation Failure)  587469K->265645K(1035776K), 0.0044000 secs]
140.101: Total time for which application threads were stopped: 0.0045514 seconds, Stopping threads took: 0.0000179 seconds
140.167: [GC (Allocation Failure)  588717K->263627K(1035264K), 0.0032542 secs]
140.170: Total time for which application threads were stopped: 0.0034157 seconds, Stopping threads took: 0.0000197 seconds
140.237: [GC (Allocation Failure)  586699K->265901K(1036288K), 0.0040579 secs]
140.241: Total time for which application threads were stopped: 0.0042253 seconds, Stopping threads took: 0.0000259 seconds
140.311: [GC (Allocation Failure)  589997K->265709K(1035776K), 0.0040795 secs]
140.315: Total time for which application threads were stopped: 0.0042609 seconds, Stopping threads took: 0.0000255 seconds
140.383: [GC (Allocation Failure)  589805K->271499K(1032192K), 0.0069109 secs]
140.390: Total time for which application threads were stopped: 0.0070765 seconds, Stopping threads took: 0.0000199 seconds
140.457: [GC (Allocation Failure)  592011K->267405K(1034240K), 0.0043797 secs]
140.462: Total time for which application threads were stopped: 0.0045688 seconds, Stopping threads took: 0.0000192 seconds
140.529: [GC (Allocation Failure)  587917K->267277K(1035264K), 0.0038813 secs]
140.533: Total time for which application threads were stopped: 0.0040519 seconds, Stopping threads took: 0.0000201 seconds
140.600: [GC (Allocation Failure)  589837K->273315K(1035264K), 0.0068893 secs]
140.607: Total time for which application threads were stopped: 0.0071074 seconds, Stopping threads took: 0.0000213 seconds
140.676: [GC (Allocation Failure)  595875K->268101K(1033216K), 0.0042285 secs]
140.680: Total time for which application threads were stopped: 0.0044213 seconds, Stopping threads took: 0.0000198 seconds
140.749: [GC (Allocation Failure)  588613K->268101K(1034240K), 0.0042182 secs]
140.754: Total time for which application threads were stopped: 0.0044294 seconds, Stopping threads took: 0.0000266 seconds
140.821: [GC (Allocation Failure)  588613K->274251K(1031680K), 0.0066938 secs]
140.828: Total time for which application threads were stopped: 0.0068610 seconds, Stopping threads took: 0.0000190 seconds
140.895: [GC (Allocation Failure)  592715K->268749K(1033216K), 0.0042906 secs]
140.900: Total time for which application threads were stopped: 0.0044598 seconds, Stopping threads took: 0.0000192 seconds
140.966: [GC (Allocation Failure)  587213K->268493K(1033728K), 0.0041420 secs]
140.971: Total time for which application threads were stopped: 0.0043370 seconds, Stopping threads took: 0.0000252 seconds
141.036: [GC (Allocation Failure)  587981K->267755K(1033728K), 0.0040219 secs]
141.040: Total time for which application threads were stopped: 0.0041933 seconds, Stopping threads took: 0.0000272 seconds
141.110: [GC (Allocation Failure)  587243K->268653K(1034752K), 0.0041163 secs]
141.114: Total time for which application threads were stopped: 0.0042727 seconds, Stopping threads took: 0.0000175 seconds
141.182: [GC (Allocation Failure)  589677K->268493K(1034240K), 0.0040782 secs]
141.186: Total time for which application threads were stopped: 0.0042676 seconds, Stopping threads took: 0.0000203 seconds
141.254: [GC (Allocation Failure)  589517K->265899K(1034752K), 0.0030248 secs]
141.257: Total time for which application threads were stopped: 0.0032059 seconds, Stopping threads took: 0.0000291 seconds
141.325: [GC (Allocation Failure)  587435K->268621K(1034752K), 0.0041880 secs]
141.329: Total time for which application threads were stopped: 0.0043640 seconds, Stopping threads took: 0.0000256 seconds
141.395: [GC (Allocation Failure)  590157K->268525K(1035776K), 0.0042674 secs]
141.400: Total time for which application threads were stopped: 0.0044374 seconds, Stopping threads took: 0.0000204 seconds
141.465: [GC (Allocation Failure)  591597K->268651K(1035264K), 0.0043794 secs]
141.470: Total time for which application threads were stopped: 0.0045709 seconds, Stopping threads took: 0.0000201 seconds
141.540: [GC (Allocation Failure)  591723K->268589K(1036288K), 0.0041782 secs]
141.544: Total time for which application threads were stopped: 0.0043405 seconds, Stopping threads took: 0.0000195 seconds
141.610: [GC (Allocation Failure)  593197K->268493K(1036288K), 0.0043069 secs]
141.615: Total time for which application threads were stopped: 0.0044995 seconds, Stopping threads took: 0.0000201 seconds
141.682: [GC (Allocation Failure)  593101K->261163K(1034752K), 0.0013471 secs]
141.684: Total time for which application threads were stopped: 0.0014877 seconds, Stopping threads took: 0.0000199 seconds
141.753: [GC (Allocation Failure)  584747K->268573K(1035776K), 0.0042315 secs]
141.758: Total time for which application threads were stopped: 0.0044123 seconds, Stopping threads took: 0.0000283 seconds
141.826: [GC (Allocation Failure)  592157K->272637K(1036288K), 0.0052724 secs]
141.831: Total time for which application threads were stopped: 0.0054450 seconds, Stopping threads took: 0.0000203 seconds
141.900: [GC (Allocation Failure)  597245K->272637K(1036288K), 0.0040496 secs]
141.904: Total time for which application threads were stopped: 0.0042313 seconds, Stopping threads took: 0.0000199 seconds
141.972: [GC (Allocation Failure)  597245K->272901K(1034752K), 0.0043494 secs]
141.976: Total time for which application threads were stopped: 0.0045314 seconds, Stopping threads took: 0.0000206 seconds
142.047: [GC (Allocation Failure)  596485K->280647K(1035776K), 0.0054221 secs]
142.052: Total time for which application threads were stopped: 0.0055800 seconds, Stopping threads took: 0.0000246 seconds
142.121: [GC (Allocation Failure)  604231K->280679K(1036288K), 0.0042302 secs]
142.126: Total time for which application threads were stopped: 0.0044045 seconds, Stopping threads took: 0.0000194 seconds
142.193: [GC (Allocation Failure)  605287K->280895K(1024512K), 0.0053604 secs]
142.199: Total time for which application threads were stopped: 0.0055324 seconds, Stopping threads took: 0.0000172 seconds
142.267: [GC (Allocation Failure)  605503K->288705K(1035776K), 0.0041553 secs]
142.271: Total time for which application threads were stopped: 0.0043255 seconds, Stopping threads took: 0.0000279 seconds
142.338: [GC (Allocation Failure)  611777K->288673K(1035264K), 0.0043322 secs]
142.342: Total time for which application threads were stopped: 0.0045034 seconds, Stopping threads took: 0.0000199 seconds
142.408: [GC (Allocation Failure)  611745K->288873K(1034752K), 0.0044113 secs]
142.413: Total time for which application threads were stopped: 0.0045860 seconds, Stopping threads took: 0.0000198 seconds
142.482: [GC (Allocation Failure)  611433K->296748K(1035264K), 0.0042961 secs]
142.486: Total time for which application threads were stopped: 0.0044648 seconds, Stopping threads took: 0.0000201 seconds
142.554: [GC (Allocation Failure)  619308K->296780K(1035264K), 0.0043301 secs]
142.559: Total time for which application threads were stopped: 0.0044981 seconds, Stopping threads took: 0.0000199 seconds
142.626: [GC (Allocation Failure)  619340K->296868K(1022464K), 0.0041769 secs]
142.630: Total time for which application threads were stopped: 0.0043689 seconds, Stopping threads took: 0.0000199 seconds
142.700: [GC (Allocation Failure)  619428K->304774K(1034752K), 0.0042305 secs]
142.704: Total time for which application threads were stopped: 0.0043973 seconds, Stopping threads took: 0.0000275 seconds
142.772: [GC (Allocation Failure)  626310K->304774K(1034752K), 0.0043392 secs]
142.777: Total time for which application threads were stopped: 0.0045067 seconds, Stopping threads took: 0.0000260 seconds
142.841: [GC (Allocation Failure)  626310K->305070K(1033728K), 0.0056987 secs]
142.847: Total time for which application threads were stopped: 0.0058807 seconds, Stopping threads took: 0.0000189 seconds
142.917: [GC (Allocation Failure)  625582K->312816K(1034240K), 0.0042916 secs]
142.921: Total time for which application threads were stopped: 0.0044606 seconds, Stopping threads took: 0.0000197 seconds
142.988: [GC (Allocation Failure)  633328K->312848K(1034240K), 0.0041918 secs]
142.993: Total time for which application threads were stopped: 0.0043612 seconds, Stopping threads took: 0.0000193 seconds
143.060: [GC (Allocation Failure)  633360K->313320K(1034240K), 0.0065552 secs]
143.066: Total time for which application threads were stopped: 0.0067113 seconds, Stopping threads took: 0.0000257 seconds
143.134: [GC (Allocation Failure)  633832K->320875K(1034240K), 0.0040775 secs]
143.138: Total time for which application threads were stopped: 0.0042406 seconds, Stopping threads took: 0.0000200 seconds
143.206: [GC (Allocation Failure)  641387K->320843K(1034240K), 0.0042022 secs]
143.210: Total time for which application threads were stopped: 0.0043728 seconds, Stopping threads took: 0.0000197 seconds
143.279: [GC (Allocation Failure)  641355K->321067K(1033216K), 0.0041545 secs]
143.283: Total time for which application threads were stopped: 0.0043252 seconds, Stopping threads took: 0.0000284 seconds
143.350: [GC (Allocation Failure)  640555K->328909K(1033728K), 0.0043020 secs]
143.355: Total time for which application threads were stopped: 0.0044745 seconds, Stopping threads took: 0.0000198 seconds
143.422: [GC (Allocation Failure)  648397K->328877K(1033728K), 0.0043106 secs]
143.426: Total time for which application threads were stopped: 0.0044897 seconds, Stopping threads took: 0.0000202 seconds
143.494: [GC (Allocation Failure)  648365K->329037K(1033728K), 0.0043456 secs]
143.498: Total time for which application threads were stopped: 0.0045323 seconds, Stopping threads took: 0.0000194 seconds
143.565: [GC (Allocation Failure)  648525K->336911K(1033728K), 0.0042228 secs]
143.569: Total time for which application threads were stopped: 0.0043892 seconds, Stopping threads took: 0.0000196 seconds
143.637: [GC (Allocation Failure)  656399K->336911K(1033728K), 0.0042321 secs]
143.641: Total time for which application threads were stopped: 0.0044207 seconds, Stopping threads took: 0.0000205 seconds
143.707: [GC (Allocation Failure)  656399K->336967K(1033728K), 0.0066808 secs]
143.714: Total time for which application threads were stopped: 0.0068417 seconds, Stopping threads took: 0.0000202 seconds
143.782: [GC (Allocation Failure)  656455K->344937K(1033728K), 0.0042986 secs]
143.787: Total time for which application threads were stopped: 0.0044705 seconds, Stopping threads took: 0.0000270 seconds
143.854: [GC (Allocation Failure)  664425K->344969K(1033728K), 0.0044396 secs]
143.859: Total time for which application threads were stopped: 0.0045976 seconds, Stopping threads took: 0.0000196 seconds
143.925: [GC (Allocation Failure)  664457K->345225K(1019392K), 0.0042400 secs]
143.929: Total time for which application threads were stopped: 0.0044158 seconds, Stopping threads took: 0.0000201 seconds
143.996: [GC (Allocation Failure)  664713K->353004K(1033216K), 0.0041549 secs]
144.000: Total time for which application threads were stopped: 0.0043271 seconds, Stopping threads took: 0.0000197 seconds
144.069: [GC (Allocation Failure)  671468K->352972K(1033216K), 0.0043170 secs]
144.073: Total time for which application threads were stopped: 0.0045012 seconds, Stopping threads took: 0.0000158 seconds
144.138: [GC (Allocation Failure)  671436K->353196K(1033216K), 0.0057946 secs]
144.144: Total time for which application threads were stopped: 0.0059693 seconds, Stopping threads took: 0.0000199 seconds
144.209: [GC (Allocation Failure)  671660K->360974K(1033216K), 0.0043851 secs]
144.214: Total time for which application threads were stopped: 0.0045663 seconds, Stopping threads took: 0.0000205 seconds
144.279: [GC (Allocation Failure)  679438K->357100K(1034240K), 0.0031971 secs]
144.282: Total time for which application threads were stopped: 0.0033612 seconds, Stopping threads took: 0.0000202 seconds
144.350: [GC (Allocation Failure)  676588K->361166K(1033216K), 0.0044109 secs]
144.355: Total time for which application threads were stopped: 0.0045773 seconds, Stopping threads took: 0.0000192 seconds
144.420: [GC (Allocation Failure)  680654K->365134K(1033728K), 0.0042850 secs]
144.425: Total time for which application threads were stopped: 0.0044787 seconds, Stopping threads took: 0.0000202 seconds
144.493: [GC (Allocation Failure)  685646K->357292K(1034240K), 0.0012589 secs]
144.495: Total time for which application threads were stopped: 0.0013788 seconds, Stopping threads took: 0.0000170 seconds
144.562: [GC (Allocation Failure)  677804K->365198K(1034240K), 0.0044375 secs]
144.566: Total time for which application threads were stopped: 0.0045985 seconds, Stopping threads took: 0.0000199 seconds
144.634: [GC (Allocation Failure)  685710K->369246K(1034240K), 0.0053826 secs]
144.639: Total time for which application threads were stopped: 0.0055804 seconds, Stopping threads took: 0.0000214 seconds
144.707: [GC (Allocation Failure)  689758K->375980K(1029120K), 0.0071047 secs]
144.714: Total time for which application threads were stopped: 0.0072762 seconds, Stopping threads took: 0.0000274 seconds
144.781: [GC (Allocation Failure)  691372K->369966K(1031680K), 0.0044386 secs]
144.785: Total time for which application threads were stopped: 0.0046171 seconds, Stopping threads took: 0.0000273 seconds
144.852: [GC (Allocation Failure)  685358K->369710K(1032192K), 0.0044031 secs]
144.856: Total time for which application threads were stopped: 0.0045652 seconds, Stopping threads took: 0.0000197 seconds
144.922: [GC (Allocation Failure)  685614K->371886K(1031680K), 0.0046543 secs]
144.927: Total time for which application threads were stopped: 0.0048276 seconds, Stopping threads took: 0.0000204 seconds
144.995: [GC (Allocation Failure)  687790K->377776K(1032704K), 0.0042431 secs]
144.999: Total time for which application threads were stopped: 0.0044205 seconds, Stopping threads took: 0.0000199 seconds
145.069: [GC (Allocation Failure)  695216K->377776K(1032704K), 0.0042634 secs]
145.074: Total time for which application threads were stopped: 0.0044339 seconds, Stopping threads took: 0.0000171 seconds
145.140: [GC (Allocation Failure)  695216K->379624K(1033216K), 0.0045827 secs]
145.144: Total time for which application threads were stopped: 0.0047455 seconds, Stopping threads took: 0.0000194 seconds
145.211: [GC (Allocation Failure)  698088K->385898K(1033216K), 0.0044534 secs]
145.216: Total time for which application threads were stopped: 0.0046310 seconds, Stopping threads took: 0.0000194 seconds
145.285: [GC (Allocation Failure)  704362K->385738K(1033728K), 0.0044254 secs]
145.289: Total time for which application threads were stopped: 0.0046011 seconds, Stopping threads took: 0.0000258 seconds
145.355: [GC (Allocation Failure)  704714K->388362K(1033216K), 0.0048471 secs]
145.360: Total time for which application threads were stopped: 0.0050356 seconds, Stopping threads took: 0.0000257 seconds
145.429: [GC (Allocation Failure)  707338K->393837K(1033728K), 0.0042531 secs]
145.433: Total time for which application threads were stopped: 0.0044037 seconds, Stopping threads took: 0.0000173 seconds
145.500: [GC (Allocation Failure)  713325K->393837K(1033728K), 0.0044921 secs]
145.505: Total time for which application threads were stopped: 0.0046602 seconds, Stopping threads took: 0.0000186 seconds
145.571: [GC (Allocation Failure)  713325K->395085K(1033216K), 0.0044533 secs]
145.576: Total time for which application threads were stopped: 0.0046140 seconds, Stopping threads took: 0.0000188 seconds
145.643: [GC (Allocation Failure)  714573K->401839K(1033728K), 0.0065412 secs]
145.649: Total time for which application threads were stopped: 0.0067277 seconds, Stopping threads took: 0.0000192 seconds
145.717: [GC (Allocation Failure)  721327K->401839K(1034240K), 0.0045375 secs]
145.721: Total time for which application threads were stopped: 0.0047150 seconds, Stopping threads took: 0.0000207 seconds
145.787: [GC (Allocation Failure)  722351K->403303K(1034240K), 0.0044130 secs]
145.792: Total time for which application threads were stopped: 0.0046054 seconds, Stopping threads took: 0.0000264 seconds
145.861: [GC (Allocation Failure)  723815K->409897K(1034240K), 0.0042025 secs]
145.865: Total time for which application threads were stopped: 0.0043971 seconds, Stopping threads took: 0.0000201 seconds
145.935: [GC (Allocation Failure)  730409K->409897K(1034240K), 0.0042178 secs]
145.939: Total time for which application threads were stopped: 0.0043870 seconds, Stopping threads took: 0.0000192 seconds
146.006: [GC (Allocation Failure)  730409K->409993K(1033216K), 0.0043246 secs]
146.010: Total time for which application threads were stopped: 0.0045046 seconds, Stopping threads took: 0.0000392 seconds
146.077: [GC (Allocation Failure)  729481K->417931K(1033728K), 0.0044182 secs]
146.082: Total time for which application threads were stopped: 0.0045664 seconds, Stopping threads took: 0.0000197 seconds
146.150: [GC (Allocation Failure)  737419K->417867K(1033728K), 0.0044852 secs]
146.154: Total time for which application threads were stopped: 0.0046524 seconds, Stopping threads took: 0.0000349 seconds
146.220: [GC (Allocation Failure)  737355K->418731K(1033728K), 0.0045078 secs]
146.224: Total time for which application threads were stopped: 0.0046677 seconds, Stopping threads took: 0.0000199 seconds
146.292: [GC (Allocation Failure)  738219K->425998K(1033728K), 0.0043489 secs]
146.296: Total time for which application threads were stopped: 0.0045190 seconds, Stopping threads took: 0.0000192 seconds
146.363: [GC (Allocation Failure)  745486K->425934K(1033728K), 0.0045833 secs]
146.368: Total time for which application threads were stopped: 0.0047479 seconds, Stopping threads took: 0.0000202 seconds
146.434: [GC (Allocation Failure)  745422K->428038K(1034240K), 0.0048179 secs]
146.439: Total time for which application threads were stopped: 0.0049873 seconds, Stopping threads took: 0.0000200 seconds
146.506: [GC (Allocation Failure)  748038K->434024K(1033728K), 0.0044463 secs]
146.511: Total time for which application threads were stopped: 0.0046048 seconds, Stopping threads took: 0.0000187 seconds
146.576: [GC (Allocation Failure)  754024K->433960K(1034240K), 0.0045431 secs]
146.580: Total time for which application threads were stopped: 0.0047059 seconds, Stopping threads took: 0.0000197 seconds
146.647: [GC (Allocation Failure)  754472K->434184K(1020416K), 0.0045463 secs]
146.652: Total time for which application threads were stopped: 0.0047260 seconds, Stopping threads took: 0.0000201 seconds
146.721: [GC (Allocation Failure)  754696K->442058K(1033728K), 0.0044998 secs]
146.726: Total time for which application threads were stopped: 0.0047098 seconds, Stopping threads took: 0.0000206 seconds
146.794: [GC (Allocation Failure)  761546K->441994K(1033728K), 0.0046513 secs]
146.799: Total time for which application threads were stopped: 0.0048274 seconds, Stopping threads took: 0.0000280 seconds
146.865: [GC (Allocation Failure)  761482K->442442K(1033728K), 0.0045894 secs]
146.870: Total time for which application threads were stopped: 0.0047676 seconds, Stopping threads took: 0.0000208 seconds
146.937: [GC (Allocation Failure)  761930K->450093K(1033728K), 0.0047819 secs]
146.942: Total time for which application threads were stopped: 0.0049440 seconds, Stopping threads took: 0.0000198 seconds
147.009: [GC (Allocation Failure)  769581K->450061K(1033728K), 0.0044933 secs]
147.014: Total time for which application threads were stopped: 0.0046603 seconds, Stopping threads took: 0.0000204 seconds
147.082: [GC (Allocation Failure)  769549K->450629K(1033728K), 0.0047557 secs]
147.087: Total time for which application threads were stopped: 0.0049160 seconds, Stopping threads took: 0.0000201 seconds
147.154: [GC (Allocation Failure)  770117K->458119K(1033728K), 0.0042760 secs]
147.159: Total time for which application threads were stopped: 0.0044438 seconds, Stopping threads took: 0.0000190 seconds
147.224: [GC (Allocation Failure)  777607K->458087K(1033728K), 0.0044368 secs]
147.229: Total time for which application threads were stopped: 0.0046096 seconds, Stopping threads took: 0.0000205 seconds
147.295: [GC (Allocation Failure)  777575K->459879K(1033728K), 0.0066434 secs]
147.301: Total time for which application threads were stopped: 0.0068113 seconds, Stopping threads took: 0.0000258 seconds
147.369: [GC (Allocation Failure)  779367K->466089K(1033728K), 0.0044750 secs]
147.374: Total time for which application threads were stopped: 0.0046428 seconds, Stopping threads took: 0.0000202 seconds
147.441: [GC (Allocation Failure)  785577K->466089K(1033728K), 0.0047610 secs]
147.446: Total time for which application threads were stopped: 0.0049378 seconds, Stopping threads took: 0.0000193 seconds
147.513: [GC (Allocation Failure)  785577K->467113K(1033728K), 0.0046348 secs]
147.517: Total time for which application threads were stopped: 0.0047958 seconds, Stopping threads took: 0.0000205 seconds
147.583: [GC (Allocation Failure)  786601K->474123K(1033728K), 0.0045686 secs]
147.587: Total time for which application threads were stopped: 0.0047435 seconds, Stopping threads took: 0.0000204 seconds
147.653: [GC (Allocation Failure)  793611K->474123K(1033728K), 0.0043389 secs]
147.658: Total time for which application threads were stopped: 0.0045277 seconds, Stopping threads took: 0.0000196 seconds
147.726: [GC (Allocation Failure)  793611K->474347K(1033728K), 0.0044451 secs]
147.730: Total time for which application threads were stopped: 0.0046335 seconds, Stopping threads took: 0.0000278 seconds
147.797: [GC (Allocation Failure)  793835K->482158K(1033728K), 0.0046528 secs]
147.801: Total time for which application threads were stopped: 0.0048138 seconds, Stopping threads took: 0.0000270 seconds
147.867: [GC (Allocation Failure)  801646K->482190K(1033728K), 0.0065448 secs]
147.874: Total time for which application threads were stopped: 0.0067364 seconds, Stopping threads took: 0.0000195 seconds
147.941: [GC (Allocation Failure)  801678K->482566K(1033728K), 0.0047287 secs]
147.946: Total time for which application threads were stopped: 0.0049111 seconds, Stopping threads took: 0.0000221 seconds
148.013: [GC (Allocation Failure)  802054K->490216K(1033728K), 0.0046018 secs]
148.017: Total time for which application threads were stopped: 0.0047636 seconds, Stopping threads took: 0.0000195 seconds
148.084: [GC (Allocation Failure)  809704K->490152K(1033728K), 0.0044767 secs]
148.088: Total time for which application threads were stopped: 0.0046274 seconds, Stopping threads took: 0.0000168 seconds
148.155: [GC (Allocation Failure)  809640K->490792K(1033728K), 0.0047071 secs]
148.159: Total time for which application threads were stopped: 0.0048710 seconds, Stopping threads took: 0.0000198 seconds
148.228: [GC (Allocation Failure)  810280K->498250K(1027072K), 0.0047772 secs]
148.233: Total time for which application threads were stopped: 0.0049451 seconds, Stopping threads took: 0.0000199 seconds
148.299: [GC (Allocation Failure)  817738K->498218K(1033728K), 0.0046027 secs]
148.303: Total time for which application threads were stopped: 0.0047684 seconds, Stopping threads took: 0.0000192 seconds
148.369: [GC (Allocation Failure)  817194K->498506K(1033216K), 0.0045107 secs]
148.373: Total time for which application threads were stopped: 0.0047065 seconds, Stopping threads took: 0.0000192 seconds
148.442: [GC (Allocation Failure)  817482K->506316K(1033216K), 0.0047042 secs]
148.447: Total time for which application threads were stopped: 0.0048524 seconds, Stopping threads took: 0.0000170 seconds
148.512: [GC (Allocation Failure)  824780K->506252K(1033216K), 0.0045314 secs]
148.516: Total time for which application threads were stopped: 0.0047023 seconds, Stopping threads took: 0.0000199 seconds
148.580: [GC (Allocation Failure)  824716K->507276K(1033728K), 0.0047018 secs]
148.585: Total time for which application threads were stopped: 0.0048661 seconds, Stopping threads took: 0.0000199 seconds
148.652: [GC (Allocation Failure)  826252K->514287K(1033216K), 0.0045433 secs]
148.656: Total time for which application threads were stopped: 0.0047149 seconds, Stopping threads took: 0.0000281 seconds
148.723: [GC (Allocation Failure)  833263K->514255K(1033216K), 0.0045000 secs]
148.728: Total time for which application threads were stopped: 0.0046711 seconds, Stopping threads took: 0.0000199 seconds
148.795: [GC (Allocation Failure)  832719K->514439K(1033216K), 0.0045768 secs]
148.799: Total time for which application threads were stopped: 0.0047479 seconds, Stopping threads took: 0.0000254 seconds
148.868: [GC (Allocation Failure)  832903K->522313K(1033216K), 0.0046315 secs]
148.873: Total time for which application threads were stopped: 0.0048358 seconds, Stopping threads took: 0.0000280 seconds
148.939: [GC (Allocation Failure)  840777K->522345K(1033216K), 0.0047684 secs]
148.944: Total time for which application threads were stopped: 0.0049439 seconds, Stopping threads took: 0.0000204 seconds
149.010: [GC (Allocation Failure)  840809K->522665K(1033216K), 0.0046954 secs]
149.014: Total time for which application threads were stopped: 0.0048796 seconds, Stopping threads took: 0.0000257 seconds
149.083: [GC (Allocation Failure)  841129K->530379K(1033216K), 0.0046470 secs]
149.088: Total time for which application threads were stopped: 0.0048095 seconds, Stopping threads took: 0.0000197 seconds
149.153: [GC (Allocation Failure)  848843K->530347K(1033216K), 0.0047514 secs]
149.158: Total time for which application threads were stopped: 0.0049135 seconds, Stopping threads took: 0.0000202 seconds
149.223: [GC (Allocation Failure)  848811K->530411K(1033216K), 0.0046963 secs]
149.228: Total time for which application threads were stopped: 0.0048902 seconds, Stopping threads took: 0.0000207 seconds
149.296: [GC (Allocation Failure)  848875K->538381K(1033216K), 0.0047850 secs]
149.300: Total time for which application threads were stopped: 0.0049517 seconds, Stopping threads took: 0.0000166 seconds
149.368: [GC (Allocation Failure)  856845K->538413K(1033216K), 0.0047624 secs]
149.373: Total time for which application threads were stopped: 0.0049251 seconds, Stopping threads took: 0.0000199 seconds
149.437: [GC (Allocation Failure)  856877K->538637K(1033216K), 0.0047365 secs]
149.442: Total time for which application threads were stopped: 0.0049024 seconds, Stopping threads took: 0.0000208 seconds
149.509: [GC (Allocation Failure)  857101K->546416K(1033216K), 0.0047212 secs]
149.514: Total time for which application threads were stopped: 0.0048909 seconds, Stopping threads took: 0.0000197 seconds
149.581: [GC (Allocation Failure)  864880K->546384K(1033216K), 0.0047585 secs]
149.586: Total time for which application threads were stopped: 0.0049422 seconds, Stopping threads took: 0.0000204 seconds
149.652: [GC (Allocation Failure)  864848K->546632K(1033216K), 0.0059204 secs]
149.658: Total time for which application threads were stopped: 0.0060879 seconds, Stopping threads took: 0.0000215 seconds
149.724: [GC (Allocation Failure)  865096K->554442K(1033216K), 0.0049040 secs]
149.729: Total time for which application threads were stopped: 0.0050965 seconds, Stopping threads took: 0.0000199 seconds
149.795: [GC (Allocation Failure)  872906K->550536K(1033216K), 0.0036416 secs]
149.799: Total time for which application threads were stopped: 0.0038218 seconds, Stopping threads took: 0.0000195 seconds
149.868: [GC (Allocation Failure)  869000K->554570K(1034752K), 0.0048324 secs]
149.872: Total time for which application threads were stopped: 0.0050045 seconds, Stopping threads took: 0.0000203 seconds
149.940: [GC (Allocation Failure)  875082K->558570K(1033728K), 0.0046357 secs]
149.945: Total time for which application threads were stopped: 0.0048001 seconds, Stopping threads took: 0.0000205 seconds
150.012: [GC (Allocation Failure)  879082K->550728K(1034240K), 0.0017915 secs]
150.014: Total time for which application threads were stopped: 0.0019171 seconds, Stopping threads took: 0.0000187 seconds
150.083: [GC (Allocation Failure)  871240K->558634K(1034240K), 0.0048577 secs]
150.088: Total time for which application threads were stopped: 0.0050283 seconds, Stopping threads took: 0.0000195 seconds
150.155: [GC (Allocation Failure)  879146K->562714K(1033216K), 0.0062151 secs]
150.161: Total time for which application threads were stopped: 0.0063911 seconds, Stopping threads took: 0.0000203 seconds
150.227: [GC (Allocation Failure)  882202K->568440K(1032704K), 0.0070578 secs]
150.234: Total time for which application threads were stopped: 0.0072268 seconds, Stopping threads took: 0.0000191 seconds
150.302: [GC (Allocation Failure)  887928K->562938K(1031680K), 0.0056797 secs]
150.307: Total time for which application threads were stopped: 0.0058922 seconds, Stopping threads took: 0.0000615 seconds
150.373: [GC (Allocation Failure)  879354K->562746K(1032192K), 0.0049555 secs]
150.378: Total time for which application threads were stopped: 0.0051208 seconds, Stopping threads took: 0.0000218 seconds
150.446: [GC (Allocation Failure)  879162K->557368K(1032704K), 0.0025395 secs]
150.448: Total time for which application threads were stopped: 0.0026941 seconds, Stopping threads took: 0.0000191 seconds
150.515: [GC (Allocation Failure)  874808K->562906K(1032704K), 0.0049229 secs]
150.520: Total time for which application threads were stopped: 0.0050802 seconds, Stopping threads took: 0.0000198 seconds
150.587: [GC (Allocation Failure)  880346K->562746K(1033216K), 0.0048947 secs]
150.592: Total time for which application threads were stopped: 0.0050994 seconds, Stopping threads took: 0.0000204 seconds
150.660: [GC (Allocation Failure)  880698K->563066K(1032704K), 0.0046808 secs]
150.664: Total time for which application threads were stopped: 0.0048317 seconds, Stopping threads took: 0.0000175 seconds
150.731: [GC (Allocation Failure)  881018K->570876K(1033216K), 0.0047970 secs]
150.736: Total time for which application threads were stopped: 0.0049653 seconds, Stopping threads took: 0.0000203 seconds
150.803: [GC (Allocation Failure)  889340K->570748K(1033216K), 0.0048844 secs]
150.808: Total time for which application threads were stopped: 0.0050660 seconds, Stopping threads took: 0.0000170 seconds
150.874: [GC (Allocation Failure)  889212K->574868K(1033728K), 0.0057193 secs]
150.880: Total time for which application threads were stopped: 0.0058930 seconds, Stopping threads took: 0.0000208 seconds
150.946: [GC (Allocation Failure)  893844K->578839K(1033216K), 0.0065525 secs]
150.953: Total time for which application threads were stopped: 0.0067325 seconds, Stopping threads took: 0.0000201 seconds
151.020: [GC (Allocation Failure)  897815K->578775K(1034240K), 0.0045297 secs]
151.025: Total time for which application threads were stopped: 0.0047139 seconds, Stopping threads took: 0.0000217 seconds
151.094: [GC (Allocation Failure)  898775K->581551K(1033728K), 0.0052180 secs]
151.099: Total time for which application threads were stopped: 0.0054270 seconds, Stopping threads took: 0.0000200 seconds
151.167: [GC (Allocation Failure)  901551K->586833K(1034240K), 0.0047480 secs]
151.172: Total time for which application threads were stopped: 0.0049097 seconds, Stopping threads took: 0.0000201 seconds
151.239: [GC (Allocation Failure)  907345K->586833K(1034240K), 0.0045650 secs]
151.244: Total time for which application threads were stopped: 0.0047374 seconds, Stopping threads took: 0.0000224 seconds
151.312: [GC (Allocation Failure)  907345K->587241K(1034240K), 0.0047636 secs]
151.317: Total time for which application threads were stopped: 0.0049537 seconds, Stopping threads took: 0.0000262 seconds
151.385: [GC (Allocation Failure)  907753K->594859K(1034240K), 0.0048222 secs]
151.390: Total time for which application threads were stopped: 0.0049886 seconds, Stopping threads took: 0.0000190 seconds
151.458: [GC (Allocation Failure)  915371K->594827K(1034240K), 0.0046223 secs]
151.462: Total time for which application threads were stopped: 0.0048151 seconds, Stopping threads took: 0.0000194 seconds
151.530: [GC (Allocation Failure)  915339K->597483K(1034240K), 0.0050682 secs]
151.536: Total time for which application threads were stopped: 0.0052451 seconds, Stopping threads took: 0.0000195 seconds
151.603: [GC (Allocation Failure)  917995K->602925K(1034240K), 0.0047763 secs]
151.608: Total time for which application threads were stopped: 0.0049533 seconds, Stopping threads took: 0.0000217 seconds
151.675: [GC (Allocation Failure)  923437K->602829K(1034240K), 0.0047349 secs]
151.680: Total time for which application threads were stopped: 0.0049022 seconds, Stopping threads took: 0.0000208 seconds
151.747: [GC (Allocation Failure)  923341K->603693K(1033728K), 0.0048967 secs]
151.752: Total time for which application threads were stopped: 0.0050593 seconds, Stopping threads took: 0.0000202 seconds
151.819: [GC (Allocation Failure)  924205K->611024K(1034240K), 0.0047301 secs]
151.824: Total time for which application threads were stopped: 0.0049091 seconds, Stopping threads took: 0.0000202 seconds
151.894: [GC (Allocation Failure)  931536K->610864K(1034240K), 0.0049307 secs]
151.899: Total time for which application threads were stopped: 0.0050981 seconds, Stopping threads took: 0.0000174 seconds
151.965: [GC (Allocation Failure)  931376K->613960K(1034240K), 0.0051744 secs]
151.971: Total time for which application threads were stopped: 0.0053724 seconds, Stopping threads took: 0.0000201 seconds
152.040: [GC (Allocation Failure)  934472K->618986K(1034752K), 0.0103950 secs]
152.051: Total time for which application threads were stopped: 0.0105863 seconds, Stopping threads took: 0.0000200 seconds
152.120: [GC (Allocation Failure)  940522K->618954K(1034752K), 0.0049101 secs]
152.125: Total time for which application threads were stopped: 0.0050780 seconds, Stopping threads took: 0.0000197 seconds
152.189: [GC (Allocation Failure)  940490K->622218K(1034752K), 0.0056299 secs]
152.195: Total time for which application threads were stopped: 0.0058002 seconds, Stopping threads took: 0.0000192 seconds
152.263: [GC (Allocation Failure)  943754K->626988K(1034752K), 0.0048718 secs]
152.268: Total time for which application threads were stopped: 0.0050689 seconds, Stopping threads took: 0.0000192 seconds
152.336: [GC (Allocation Failure)  948524K->626956K(1034752K), 0.0049789 secs]
152.341: Total time for which application threads were stopped: 0.0051430 seconds, Stopping threads took: 0.0000198 seconds
152.407: [GC (Allocation Failure)  948492K->627364K(1034752K), 0.0049739 secs]
152.412: Total time for which application threads were stopped: 0.0051585 seconds, Stopping threads took: 0.0000204 seconds
152.480: [GC (Allocation Failure)  948900K->634950K(1034752K), 0.0049723 secs]
152.485: Total time for which application threads were stopped: 0.0051316 seconds, Stopping threads took: 0.0000197 seconds
152.552: [GC (Allocation Failure)  956486K->634982K(1034752K), 0.0050659 secs]
152.557: Total time for which application threads were stopped: 0.0052377 seconds, Stopping threads took: 0.0000206 seconds
152.623: [GC (Allocation Failure)  956518K->636646K(1034752K), 0.0049273 secs]
152.628: Total time for which application threads were stopped: 0.0050994 seconds, Stopping threads took: 0.0000196 seconds
152.696: [GC (Allocation Failure)  958182K->643081K(1029120K), 0.0049236 secs]
152.701: Total time for which application threads were stopped: 0.0050931 seconds, Stopping threads took: 0.0000200 seconds
152.767: [GC (Allocation Failure)  964617K->643049K(1034240K), 0.0047400 secs]
152.772: Total time for which application threads were stopped: 0.0049083 seconds, Stopping threads took: 0.0000270 seconds
152.839: [GC (Allocation Failure)  963561K->644873K(1034240K), 0.0049617 secs]
152.844: Total time for which application threads were stopped: 0.0051443 seconds, Stopping threads took: 0.0000205 seconds
152.912: [GC (Allocation Failure)  965385K->651147K(1033728K), 0.0049777 secs]
152.917: Total time for which application threads were stopped: 0.0051524 seconds, Stopping threads took: 0.0000201 seconds
152.986: [GC (Allocation Failure)  971659K->651051K(1034240K), 0.0047358 secs]
152.991: Total time for which application threads were stopped: 0.0049104 seconds, Stopping threads took: 0.0000204 seconds
153.060: [GC (Allocation Failure)  971563K->655147K(1034752K), 0.0072490 secs]
153.067: Total time for which application threads were stopped: 0.0074584 seconds, Stopping threads took: 0.0000258 seconds
153.134: [GC (Allocation Failure)  976171K->659149K(1034240K), 0.0048012 secs]
153.139: Total time for which application threads were stopped: 0.0049601 seconds, Stopping threads took: 0.0000186 seconds
153.206: [GC (Allocation Failure)  980173K->659117K(1034752K), 0.0048654 secs]
153.211: Total time for which application threads were stopped: 0.0050811 seconds, Stopping threads took: 0.0000204 seconds
153.280: [GC (Allocation Failure)  980653K->659309K(1034752K), 0.0049335 secs]
153.285: Total time for which application threads were stopped: 0.0051357 seconds, Stopping threads took: 0.0000262 seconds
153.355: [GC (Allocation Failure)  980845K->667151K(1033728K), 0.0047883 secs]
153.360: Total time for which application threads were stopped: 0.0049610 seconds, Stopping threads took: 0.0000199 seconds
153.428: [GC (Allocation Failure)  987663K->667119K(1034240K), 0.0049156 secs]
153.433: Total time for which application threads were stopped: 0.0050800 seconds, Stopping threads took: 0.0000203 seconds
153.500: [GC (Allocation Failure)  987631K->670599K(1034752K), 0.0056506 secs]
153.506: Total time for which application threads were stopped: 0.0058503 seconds, Stopping threads took: 0.0000196 seconds
153.574: [GC (Allocation Failure)  992135K->675210K(1034752K), 0.0050454 secs]
153.579: Total time for which application threads were stopped: 0.0052346 seconds, Stopping threads took: 0.0000205 seconds
153.647: [GC (Allocation Failure)  996746K->675146K(1034752K), 0.0051864 secs]
153.653: Total time for which application threads were stopped: 0.0053803 seconds, Stopping threads took: 0.0000199 seconds
153.719: [GC (Allocation Failure)  996682K->675754K(1034752K), 0.0050574 secs]
153.724: Total time for which application threads were stopped: 0.0052229 seconds, Stopping threads took: 0.0000166 seconds
153.794: [GC (Allocation Failure)  997290K->683180K(1034752K), 0.0050283 secs]
153.799: Total time for which application threads were stopped: 0.0052243 seconds, Stopping threads took: 0.0000281 seconds
153.866: [GC (Allocation Failure)  1004716K->683180K(1034752K), 0.0048706 secs]
153.871: Total time for which application threads were stopped: 0.0050359 seconds, Stopping threads took: 0.0000202 seconds
153.937: [GC (Allocation Failure)  1004716K->684996K(1034752K), 0.0052762 secs]
153.942: [Full GC (Ergonomics)  684996K->10300K(1034752K), 0.0156538 secs]
153.958: Total time for which application threads were stopped: 0.0212227 seconds, Stopping threads took: 0.0000204 seconds
154.024: [GC (Allocation Failure)  331836K->18686K(1029632K), 0.0038949 secs]
154.028: Total time for which application threads were stopped: 0.0040730 seconds, Stopping threads took: 0.0000254 seconds
154.095: [GC (Allocation Failure)  340222K->18646K(1034240K), 0.0038009 secs]
154.099: Total time for which application threads were stopped: 0.0039521 seconds, Stopping threads took: 0.0000205 seconds
154.165: [GC (Allocation Failure)  339158K->20686K(1034240K), 0.0038113 secs]
154.169: Total time for which application threads were stopped: 0.0039684 seconds, Stopping threads took: 0.0000192 seconds
154.236: [GC (Allocation Failure)  341198K->26704K(1034240K), 0.0035812 secs]
154.240: Total time for which application threads were stopped: 0.0037529 seconds, Stopping threads took: 0.0000199 seconds
154.310: [GC (Allocation Failure)  347216K->26704K(1034240K), 0.0037860 secs]
154.314: Total time for which application threads were stopped: 0.0039535 seconds, Stopping threads took: 0.0000195 seconds
154.381: [GC (Allocation Failure)  347216K->26824K(1034240K), 0.0037109 secs]
154.385: Total time for which application threads were stopped: 0.0038761 seconds, Stopping threads took: 0.0000191 seconds
154.453: [GC (Allocation Failure)  347336K->34698K(1034240K), 0.0038032 secs]
154.457: Total time for which application threads were stopped: 0.0039722 seconds, Stopping threads took: 0.0000195 seconds
154.525: [GC (Allocation Failure)  355210K->34730K(1034240K), 0.0038192 secs]
154.528: Total time for which application threads were stopped: 0.0039871 seconds, Stopping threads took: 0.0000197 seconds
154.595: [GC (Allocation Failure)  355242K->37122K(1034240K), 0.0043128 secs]
154.600: Total time for which application threads were stopped: 0.0044711 seconds, Stopping threads took: 0.0000190 seconds
154.668: [GC (Allocation Failure)  357634K->42757K(1034240K), 0.0039237 secs]
154.672: Total time for which application threads were stopped: 0.0041016 seconds, Stopping threads took: 0.0000200 seconds
154.739: [GC (Allocation Failure)  363269K->42725K(1034240K), 0.0037737 secs]
154.743: Total time for which application threads were stopped: 0.0039369 seconds, Stopping threads took: 0.0000202 seconds
154.810: [GC (Allocation Failure)  363237K->43333K(1034240K), 0.0039932 secs]
154.814: Total time for which application threads were stopped: 0.0041548 seconds, Stopping threads took: 0.0000200 seconds
154.884: [GC (Allocation Failure)  363845K->50919K(1034240K), 0.0037724 secs]
154.888: Total time for which application threads were stopped: 0.0039338 seconds, Stopping threads took: 0.0000202 seconds
154.955: [GC (Allocation Failure)  371431K->50759K(1034240K), 0.0037878 secs]
154.959: Total time for which application threads were stopped: 0.0039823 seconds, Stopping threads took: 0.0000200 seconds
155.027: [GC (Allocation Failure)  371271K->51559K(1034240K), 0.0037739 secs]
155.031: Total time for which application threads were stopped: 0.0039300 seconds, Stopping threads took: 0.0000167 seconds
155.102: [GC (Allocation Failure)  372071K->58857K(1033216K), 0.0039472 secs]
155.106: Total time for which application threads were stopped: 0.0041140 seconds, Stopping threads took: 0.0000199 seconds
155.173: [GC (Allocation Failure)  378345K->58793K(1033728K), 0.0038232 secs]
155.177: Total time for which application threads were stopped: 0.0040135 seconds, Stopping threads took: 0.0000199 seconds
155.244: [GC (Allocation Failure)  378281K->59785K(1033728K), 0.0039214 secs]
155.248: Total time for which application threads were stopped: 0.0040865 seconds, Stopping threads took: 0.0000199 seconds
155.317: [GC (Allocation Failure)  379273K->66827K(1033728K), 0.0038086 secs]
155.321: Total time for which application threads were stopped: 0.0039747 seconds, Stopping threads took: 0.0000189 seconds
155.388: [GC (Allocation Failure)  386315K->66859K(1033728K), 0.0039285 secs]
155.392: Total time for which application threads were stopped: 0.0040950 seconds, Stopping threads took: 0.0000195 seconds
155.458: [GC (Allocation Failure)  386347K->66987K(1033728K), 0.0037830 secs]
155.462: Total time for which application threads were stopped: 0.0039514 seconds, Stopping threads took: 0.0000195 seconds
155.529: [GC (Allocation Failure)  386475K->74894K(1033728K), 0.0038694 secs]
155.533: Total time for which application threads were stopped: 0.0040449 seconds, Stopping threads took: 0.0000192 seconds
155.602: [GC (Allocation Failure)  394382K->74862K(1033728K), 0.0039056 secs]
155.606: Total time for which application threads were stopped: 0.0040754 seconds, Stopping threads took: 0.0000215 seconds
155.671: [GC (Allocation Failure)  394350K->76278K(1033728K), 0.0066118 secs]
155.678: Total time for which application threads were stopped: 0.0067771 seconds, Stopping threads took: 0.0000202 seconds
155.746: [GC (Allocation Failure)  395766K->82936K(1033728K), 0.0038980 secs]
155.750: Total time for which application threads were stopped: 0.0040991 seconds, Stopping threads took: 0.0000204 seconds
155.819: [GC (Allocation Failure)  402424K->82936K(1033728K), 0.0036825 secs]
155.823: Total time for which application threads were stopped: 0.0038780 seconds, Stopping threads took: 0.0000265 seconds
155.891: [GC (Allocation Failure)  402424K->83480K(1033728K), 0.0038624 secs]
155.895: Total time for which application threads were stopped: 0.0040400 seconds, Stopping threads took: 0.0000197 seconds
155.962: [GC (Allocation Failure)  402968K->90970K(1033728K), 0.0038548 secs]
155.966: Total time for which application threads were stopped: 0.0040179 seconds, Stopping threads took: 0.0000206 seconds
156.033: [GC (Allocation Failure)  410458K->90938K(1033728K), 0.0039575 secs]
156.038: Total time for which application threads were stopped: 0.0041526 seconds, Stopping threads took: 0.0000204 seconds
156.106: [GC (Allocation Failure)  410426K->91194K(1033728K), 0.0038106 secs]
156.110: Total time for which application threads were stopped: 0.0039786 seconds, Stopping threads took: 0.0000205 seconds
156.177: [GC (Allocation Failure)  410682K->98972K(1033728K), 0.0038628 secs]
156.181: Total time for which application threads were stopped: 0.0040229 seconds, Stopping threads took: 0.0000203 seconds
156.247: [GC (Allocation Failure)  418460K->98972K(1033728K), 0.0039123 secs]
156.251: Total time for which application threads were stopped: 0.0040707 seconds, Stopping threads took: 0.0000192 seconds
156.318: [GC (Allocation Failure)  418460K->99956K(1033728K), 0.0046161 secs]
156.323: Total time for which application threads were stopped: 0.0047752 seconds, Stopping threads took: 0.0000202 seconds
156.390: [GC (Allocation Failure)  419444K->107063K(1033728K), 0.0038904 secs]
156.394: Total time for which application threads were stopped: 0.0040830 seconds, Stopping threads took: 0.0000204 seconds
156.463: [GC (Allocation Failure)  426551K->107031K(1033728K), 0.0037493 secs]
156.467: Total time for which application threads were stopped: 0.0038961 seconds, Stopping threads took: 0.0000167 seconds
156.533: [GC (Allocation Failure)  426519K->107159K(1032704K), 0.0038007 secs]
156.537: Total time for which application threads were stopped: 0.0039630 seconds, Stopping threads took: 0.0000197 seconds
156.604: [GC (Allocation Failure)  425623K->115065K(1033216K), 0.0037822 secs]
156.608: Total time for which application threads were stopped: 0.0039460 seconds, Stopping threads took: 0.0000207 seconds
156.675: [GC (Allocation Failure)  433529K->115065K(1033216K), 0.0038086 secs]
156.679: Total time for which application threads were stopped: 0.0039754 seconds, Stopping threads took: 0.0000266 seconds
156.745: [GC (Allocation Failure)  433529K->115393K(1033216K), 0.0039823 secs]
156.749: Total time for which application threads were stopped: 0.0041540 seconds, Stopping threads took: 0.0000186 seconds
156.817: [GC (Allocation Failure)  433857K->123107K(1033216K), 0.0037651 secs]
156.821: Total time for which application threads were stopped: 0.0039271 seconds, Stopping threads took: 0.0000203 seconds
156.889: [GC (Allocation Failure)  441571K->123075K(1033216K), 0.0037564 secs]
156.893: Total time for which application threads were stopped: 0.0039285 seconds, Stopping threads took: 0.0000283 seconds
156.959: [GC (Allocation Failure)  441539K->123627K(1033216K), 0.0040500 secs]
156.963: Total time for which application threads were stopped: 0.0042304 seconds, Stopping threads took: 0.0000215 seconds
157.030: [GC (Allocation Failure)  442091K->131150K(1033216K), 0.0038908 secs]
157.034: Total time for which application threads were stopped: 0.0040742 seconds, Stopping threads took: 0.0000288 seconds
157.105: [GC (Allocation Failure)  449614K->131150K(1033216K), 0.0039504 secs]
157.109: Total time for which application threads were stopped: 0.0041297 seconds, Stopping threads took: 0.0000198 seconds
157.176: [GC (Allocation Failure)  449614K->131822K(1033216K), 0.0057366 secs]
157.182: Total time for which application threads were stopped: 0.0059023 seconds, Stopping threads took: 0.0000257 seconds
157.252: [GC (Allocation Failure)  450286K->139216K(1033216K), 0.0038520 secs]
157.256: Total time for which application threads were stopped: 0.0040204 seconds, Stopping threads took: 0.0000261 seconds
157.321: [GC (Allocation Failure)  457680K->139152K(1033216K), 0.0040437 secs]
157.325: Total time for which application threads were stopped: 0.0042230 seconds, Stopping threads took: 0.0000194 seconds
157.389: [GC (Allocation Failure)  457616K->139304K(1033216K), 0.0039682 secs]
157.393: Total time for which application threads were stopped: 0.0041226 seconds, Stopping threads took: 0.0000188 seconds
157.460: [GC (Allocation Failure)  457768K->147178K(1033216K), 0.0044471 secs]
157.465: Total time for which application threads were stopped: 0.0046107 seconds, Stopping threads took: 0.0000188 seconds
157.530: [GC (Allocation Failure)  465642K->147178K(1033216K), 0.0038030 secs]
157.534: Total time for which application threads were stopped: 0.0039526 seconds, Stopping threads took: 0.0000198 seconds
157.600: [GC (Allocation Failure)  465642K->147242K(1033216K), 0.0039238 secs]
157.604: Total time for which application threads were stopped: 0.0040745 seconds, Stopping threads took: 0.0000174 seconds
157.670: [GC (Allocation Failure)  465706K->155180K(1033216K), 0.0039410 secs]
157.674: Total time for which application threads were stopped: 0.0041045 seconds, Stopping threads took: 0.0000200 seconds
157.741: [GC (Allocation Failure)  473644K->155244K(1033216K), 0.0040386 secs]
157.745: Total time for which application threads were stopped: 0.0042016 seconds, Stopping threads took: 0.0000202 seconds
157.812: [GC (Allocation Failure)  473708K->155532K(1033216K), 0.0038534 secs]
157.816: Total time for which application threads were stopped: 0.0040237 seconds, Stopping threads took: 0.0000260 seconds
157.882: [GC (Allocation Failure)  473996K->163247K(1033216K), 0.0041844 secs]
157.886: Total time for which application threads were stopped: 0.0043568 seconds, Stopping threads took: 0.0000203 seconds
157.952: [GC (Allocation Failure)  481711K->163247K(1033216K), 0.0039682 secs]
157.956: Total time for which application threads were stopped: 0.0041285 seconds, Stopping threads took: 0.0000200 seconds
158.023: [GC (Allocation Failure)  481711K->163751K(1033216K), 0.0040290 secs]
158.027: Total time for which application threads were stopped: 0.0042486 seconds, Stopping threads took: 0.0000202 seconds
158.095: [GC (Allocation Failure)  482215K->171305K(1033216K), 0.0038298 secs]
158.099: Total time for which application threads were stopped: 0.0039899 seconds, Stopping threads took: 0.0000204 seconds
158.164: [GC (Allocation Failure)  489769K->171241K(1033216K), 0.0040449 secs]
158.168: Total time for which application threads were stopped: 0.0042400 seconds, Stopping threads took: 0.0000201 seconds
158.234: [GC (Allocation Failure)  489705K->171497K(1033216K), 0.0038359 secs]
158.238: Total time for which application threads were stopped: 0.0039857 seconds, Stopping threads took: 0.0000167 seconds
158.307: [GC (Allocation Failure)  489961K->179339K(1033216K), 0.0039517 secs]
158.311: Total time for which application threads were stopped: 0.0041513 seconds, Stopping threads took: 0.0000273 seconds
158.377: [GC (Allocation Failure)  497803K->175401K(1033728K), 0.0028294 secs]
158.380: Total time for which application threads were stopped: 0.0030158 seconds, Stopping threads took: 0.0000196 seconds
158.449: [GC (Allocation Failure)  494377K->179467K(1033216K), 0.0040611 secs]
158.453: Total time for which application threads were stopped: 0.0042286 seconds, Stopping threads took: 0.0000191 seconds
158.519: [GC (Allocation Failure)  498443K->183435K(1033728K), 0.0038639 secs]
158.523: Total time for which application threads were stopped: 0.0040446 seconds, Stopping threads took: 0.0000201 seconds
158.590: [GC (Allocation Failure)  503947K->190953K(1034240K), 0.0073297 secs]
158.597: Total time for which application threads were stopped: 0.0075190 seconds, Stopping threads took: 0.0000187 seconds
158.666: [GC (Allocation Failure)  511465K->184747K(1029120K), 0.0041357 secs]
158.670: Total time for which application threads were stopped: 0.0043099 seconds, Stopping threads took: 0.0000176 seconds
158.738: [GC (Allocation Failure)  500139K->184683K(1031680K), 0.0040763 secs]
158.742: Total time for which application threads were stopped: 0.0042383 seconds, Stopping threads took: 0.0000179 seconds
158.806: [GC (Allocation Failure)  500075K->180169K(1032704K), 0.0021915 secs]
158.809: Total time for which application threads were stopped: 0.0023550 seconds, Stopping threads took: 0.0000220 seconds
158.876: [GC (Allocation Failure)  497097K->184907K(1032192K), 0.0039746 secs]
158.880: Total time for which application threads were stopped: 0.0041633 seconds, Stopping threads took: 0.0000268 seconds
158.948: [GC (Allocation Failure)  501835K->184715K(1033216K), 0.0043313 secs]
158.953: Total time for which application threads were stopped: 0.0045022 seconds, Stopping threads took: 0.0000198 seconds
159.019: [GC (Allocation Failure)  503179K->185315K(1033216K), 0.0042975 secs]
159.023: Total time for which application threads were stopped: 0.0044784 seconds, Stopping threads took: 0.0000208 seconds
159.092: [GC (Allocation Failure)  503779K->192773K(1033216K), 0.0041445 secs]
159.096: Total time for which application threads were stopped: 0.0043366 seconds, Stopping threads took: 0.0000194 seconds
159.163: [GC (Allocation Failure)  511237K->192709K(1033216K), 0.0042232 secs]
159.167: Total time for which application threads were stopped: 0.0043804 seconds, Stopping threads took: 0.0000191 seconds
159.232: [GC (Allocation Failure)  511173K->193541K(1032704K), 0.0042828 secs]
159.237: Total time for which application threads were stopped: 0.0044733 seconds, Stopping threads took: 0.0000199 seconds
159.306: [GC (Allocation Failure)  512005K->200872K(1033216K), 0.0041828 secs]
159.310: Total time for which application threads were stopped: 0.0043485 seconds, Stopping threads took: 0.0000202 seconds
159.379: [GC (Allocation Failure)  519336K->200744K(1033728K), 0.0038297 secs]
159.382: Total time for which application threads were stopped: 0.0039794 seconds, Stopping threads took: 0.0000173 seconds
159.449: [GC (Allocation Failure)  519720K->202312K(1033216K), 0.0041807 secs]
159.453: Total time for which application threads were stopped: 0.0043697 seconds, Stopping threads took: 0.0000188 seconds
159.522: [GC (Allocation Failure)  521288K->208874K(1033728K), 0.0040309 secs]
159.526: Total time for which application threads were stopped: 0.0042026 seconds, Stopping threads took: 0.0000206 seconds
159.595: [GC (Allocation Failure)  528362K->208778K(1033728K), 0.0040993 secs]
159.599: Total time for which application threads were stopped: 0.0043005 seconds, Stopping threads took: 0.0000284 seconds
159.666: [GC (Allocation Failure)  528266K->209002K(1033728K), 0.0041648 secs]
159.670: Total time for which application threads were stopped: 0.0043454 seconds, Stopping threads took: 0.0000224 seconds
159.737: [GC (Allocation Failure)  528490K->216780K(1033728K), 0.0047781 secs]
159.742: Total time for which application threads were stopped: 0.0049527 seconds, Stopping threads took: 0.0000212 seconds
159.810: [GC (Allocation Failure)  536268K->216812K(1033728K), 0.0041922 secs]
159.814: Total time for which application threads were stopped: 0.0043506 seconds, Stopping threads took: 0.0000197 seconds
159.881: [GC (Allocation Failure)  536300K->217228K(1033728K), 0.0042081 secs]
159.885: Total time for which application threads were stopped: 0.0043688 seconds, Stopping threads took: 0.0000199 seconds
159.952: [GC (Allocation Failure)  536716K->224878K(1033728K), 0.0041725 secs]
159.957: Total time for which application threads were stopped: 0.0043407 seconds, Stopping threads took: 0.0000196 seconds
160.023: [GC (Allocation Failure)  544366K->224846K(1033728K), 0.0041820 secs]
160.027: Total time for which application threads were stopped: 0.0043625 seconds, Stopping threads took: 0.0000204 seconds
160.094: [GC (Allocation Failure)  544334K->225478K(1033728K), 0.0040976 secs]
160.098: Total time for which application threads were stopped: 0.0042569 seconds, Stopping threads took: 0.0000196 seconds
160.164: [GC (Allocation Failure)  544966K->232905K(1033728K), 0.0041989 secs]
160.168: Total time for which application threads were stopped: 0.0043602 seconds, Stopping threads took: 0.0000201 seconds
160.236: [GC (Allocation Failure)  552393K->232841K(1033728K), 0.0042843 secs]
160.240: Total time for which application threads were stopped: 0.0044557 seconds, Stopping threads took: 0.0000203 seconds
160.307: [GC (Allocation Failure)  552329K->234761K(1033728K), 0.0044086 secs]
160.312: Total time for which application threads were stopped: 0.0045812 seconds, Stopping threads took: 0.0000205 seconds
160.380: [GC (Allocation Failure)  554249K->240971K(1033728K), 0.0041159 secs]
160.384: Total time for which application threads were stopped: 0.0042656 seconds, Stopping threads took: 0.0000199 seconds
160.450: [GC (Allocation Failure)  560459K->240907K(1033728K), 0.0041391 secs]
160.454: Total time for which application threads were stopped: 0.0043250 seconds, Stopping threads took: 0.0000287 seconds
160.521: [GC (Allocation Failure)  560395K->241923K(1033728K), 0.0050485 secs]
160.526: Total time for which application threads were stopped: 0.0052226 seconds, Stopping threads took: 0.0000198 seconds
160.593: [GC (Allocation Failure)  561411K->248933K(1033728K), 0.0043264 secs]
160.598: Total time for which application threads were stopped: 0.0044910 seconds, Stopping threads took: 0.0000189 seconds
160.664: [GC (Allocation Failure)  568421K->248965K(1033728K), 0.0043010 secs]
160.668: Total time for which application threads were stopped: 0.0044844 seconds, Stopping threads took: 0.0000220 seconds
160.737: [GC (Allocation Failure)  568453K->249157K(1033728K), 0.0043117 secs]
160.741: Total time for which application threads were stopped: 0.0044914 seconds, Stopping threads took: 0.0000218 seconds
160.809: [GC (Allocation Failure)  568645K->257031K(1033728K), 0.0041569 secs]
160.814: Total time for which application threads were stopped: 0.0043248 seconds, Stopping threads took: 0.0000267 seconds
160.880: [GC (Allocation Failure)  576519K->256967K(1033728K), 0.0040818 secs]
160.884: Total time for which application threads were stopped: 0.0042546 seconds, Stopping threads took: 0.0000194 seconds
160.953: [GC (Allocation Failure)  576455K->257383K(1033728K), 0.0058493 secs]
160.958: Total time for which application threads were stopped: 0.0060279 seconds, Stopping threads took: 0.0000198 seconds
161.024: [GC (Allocation Failure)  576871K->265066K(1033728K), 0.0041322 secs]
161.029: Total time for which application threads were stopped: 0.0042998 seconds, Stopping threads took: 0.0000192 seconds
161.096: [GC (Allocation Failure)  584554K->265002K(1033728K), 0.0043253 secs]
161.100: Total time for which application threads were stopped: 0.0044915 seconds, Stopping threads took: 0.0000190 seconds
161.166: [GC (Allocation Failure)  584490K->265610K(1033728K), 0.0042581 secs]
161.171: Total time for which application threads were stopped: 0.0044209 seconds, Stopping threads took: 0.0000205 seconds
161.236: [GC (Allocation Failure)  585098K->273100K(1032704K), 0.0040422 secs]
161.240: Total time for which application threads were stopped: 0.0042361 seconds, Stopping threads took: 0.0000192 seconds
161.309: [GC (Allocation Failure)  591564K->273004K(1033216K), 0.0041237 secs]
161.313: Total time for which application threads were stopped: 0.0042637 seconds, Stopping threads took: 0.0000165 seconds
161.378: [GC (Allocation Failure)  591468K->273868K(1033728K), 0.0042783 secs]
161.382: Total time for which application threads were stopped: 0.0044703 seconds, Stopping threads took: 0.0000200 seconds
161.451: [GC (Allocation Failure)  593356K->281102K(1033728K), 0.0040338 secs]
161.455: Total time for which application threads were stopped: 0.0042041 seconds, Stopping threads took: 0.0000201 seconds
161.521: [GC (Allocation Failure)  600590K->281038K(1033728K), 0.0044015 secs]
161.526: Total time for which application threads were stopped: 0.0045736 seconds, Stopping threads took: 0.0000200 seconds
161.593: [GC (Allocation Failure)  600526K->282086K(1033728K), 0.0043465 secs]
161.597: Total time for which application threads were stopped: 0.0045194 seconds, Stopping threads took: 0.0000207 seconds
161.665: [GC (Allocation Failure)  601574K->289129K(1033728K), 0.0042074 secs]
161.669: Total time for which application threads were stopped: 0.0043786 seconds, Stopping threads took: 0.0000206 seconds
161.736: [GC (Allocation Failure)  608617K->289065K(1033728K), 0.0056998 secs]
161.742: Total time for which application threads were stopped: 0.0058782 seconds, Stopping threads took: 0.0000201 seconds
161.809: [GC (Allocation Failure)  608553K->289321K(1033728K), 0.0042909 secs]
161.814: Total time for which application threads were stopped: 0.0044993 seconds, Stopping threads took: 0.0000281 seconds
161.883: [GC (Allocation Failure)  608809K->297163K(1027072K), 0.0041640 secs]
161.887: Total time for which application threads were stopped: 0.0043657 seconds, Stopping threads took: 0.0000284 seconds
161.954: [GC (Allocation Failure)  616651K->297131K(1033216K), 0.0044110 secs]
161.959: Total time for which application threads were stopped: 0.0047076 seconds, Stopping threads took: 0.0000199 seconds
162.025: [GC (Allocation Failure)  615595K->297515K(1033216K), 0.0042008 secs]
162.029: Total time for which application threads were stopped: 0.0043729 seconds, Stopping threads took: 0.0000194 seconds
162.097: [GC (Allocation Failure)  615979K->305165K(1033216K), 0.0044382 secs]
162.101: Total time for which application threads were stopped: 0.0046057 seconds, Stopping threads took: 0.0000203 seconds
162.168: [GC (Allocation Failure)  623629K->305197K(1033216K), 0.0041995 secs]
162.173: Total time for which application threads were stopped: 0.0043653 seconds, Stopping threads took: 0.0000197 seconds
162.237: [GC (Allocation Failure)  623661K->305765K(1033216K), 0.0044600 secs]
162.241: Total time for which application threads were stopped: 0.0046338 seconds, Stopping threads took: 0.0000202 seconds
162.309: [GC (Allocation Failure)  624229K->313223K(1033216K), 0.0042807 secs]
162.313: Total time for which application threads were stopped: 0.0044535 seconds, Stopping threads took: 0.0000205 seconds
162.381: [GC (Allocation Failure)  631687K->313159K(1033216K), 0.0044733 secs]
162.385: Total time for which application threads were stopped: 0.0046556 seconds, Stopping threads took: 0.0000202 seconds
162.452: [GC (Allocation Failure)  631623K->313479K(1033216K), 0.0052646 secs]
162.458: Total time for which application threads were stopped: 0.0054474 seconds, Stopping threads took: 0.0000215 seconds
162.525: [GC (Allocation Failure)  631943K->321226K(1033216K), 0.0042471 secs]
162.529: Total time for which application threads were stopped: 0.0044417 seconds, Stopping threads took: 0.0000212 seconds
162.596: [GC (Allocation Failure)  639690K->321258K(1033216K), 0.0042898 secs]
162.600: Total time for which application threads were stopped: 0.0044484 seconds, Stopping threads took: 0.0000171 seconds
162.666: [GC (Allocation Failure)  639722K->321290K(1033216K), 0.0042543 secs]
162.670: Total time for which application threads were stopped: 0.0044239 seconds, Stopping threads took: 0.0000205 seconds
162.737: [GC (Allocation Failure)  639754K->329260K(1033216K), 0.0044192 secs]
162.742: Total time for which application threads were stopped: 0.0045907 seconds, Stopping threads took: 0.0000204 seconds
162.808: [GC (Allocation Failure)  647724K->329292K(1033216K), 0.0042147 secs]
162.812: Total time for which application threads were stopped: 0.0043723 seconds, Stopping threads took: 0.0000260 seconds
162.876: [GC (Allocation Failure)  647756K->329420K(1033216K), 0.0043559 secs]
162.881: Total time for which application threads were stopped: 0.0045158 seconds, Stopping threads took: 0.0000204 seconds
162.947: [GC (Allocation Failure)  647884K->337326K(1033216K), 0.0045013 secs]
162.952: Total time for which application threads were stopped: 0.0046593 seconds, Stopping threads took: 0.0000191 seconds
163.020: [GC (Allocation Failure)  655790K->337326K(1033216K), 0.0043756 secs]
163.024: Total time for which application threads were stopped: 0.0045430 seconds, Stopping threads took: 0.0000196 seconds
163.091: [GC (Allocation Failure)  655790K->337638K(1033216K), 0.0045404 secs]
163.096: Total time for which application threads were stopped: 0.0047012 seconds, Stopping threads took: 0.0000202 seconds
163.162: [GC (Allocation Failure)  656102K->345352K(1033216K), 0.0041532 secs]
163.166: Total time for which application threads were stopped: 0.0043135 seconds, Stopping threads took: 0.0000193 seconds
163.231: [GC (Allocation Failure)  663816K->345320K(1033216K), 0.0042322 secs]
163.236: Total time for which application threads were stopped: 0.0043957 seconds, Stopping threads took: 0.0000189 seconds
163.302: [GC (Allocation Failure)  663784K->345384K(1033216K), 0.0043105 secs]
163.307: Total time for which application threads were stopped: 0.0044868 seconds, Stopping threads took: 0.0000284 seconds
163.372: [GC (Allocation Failure)  663848K->353355K(1033216K), 0.0042946 secs]
163.376: Total time for which application threads were stopped: 0.0044567 seconds, Stopping threads took: 0.0000253 seconds
163.440: [GC (Allocation Failure)  671819K->349480K(1033216K), 0.0032219 secs]
163.444: Total time for which application threads were stopped: 0.0033940 seconds, Stopping threads took: 0.0000203 seconds
163.513: [GC (Allocation Failure)  667944K->353515K(1034240K), 0.0042385 secs]
163.517: Total time for which application threads were stopped: 0.0044357 seconds, Stopping threads took: 0.0000204 seconds
163.586: [GC (Allocation Failure)  673515K->357483K(1033728K), 0.0044153 secs]
163.590: Total time for which application threads were stopped: 0.0045627 seconds, Stopping threads took: 0.0000169 seconds
163.657: [GC (Allocation Failure)  677483K->365008K(1029120K), 0.0076291 secs]
163.665: Total time for which application threads were stopped: 0.0078235 seconds, Stopping threads took: 0.0000197 seconds
163.732: [GC (Allocation Failure)  680400K->358771K(1031680K), 0.0043616 secs]
163.736: Total time for which application threads were stopped: 0.0045224 seconds, Stopping threads took: 0.0000193 seconds
163.803: [GC (Allocation Failure)  674163K->358739K(1032192K), 0.0042627 secs]
163.807: Total time for which application threads were stopped: 0.0044327 seconds, Stopping threads took: 0.0000277 seconds
163.872: [GC (Allocation Failure)  674643K->361739K(1031680K), 0.0049131 secs]
163.877: Total time for which application threads were stopped: 0.0050784 seconds, Stopping threads took: 0.0000206 seconds
163.944: [GC (Allocation Failure)  677643K->366797K(1032704K), 0.0044271 secs]
163.949: Total time for which application threads were stopped: 0.0046174 seconds, Stopping threads took: 0.0000197 seconds
164.016: [GC (Allocation Failure)  684237K->366765K(1032704K), 0.0043791 secs]
164.020: Total time for which application threads were stopped: 0.0045590 seconds, Stopping threads took: 0.0000171 seconds
164.089: [GC (Allocation Failure)  684205K->369485K(1033216K), 0.0049222 secs]
164.094: Total time for which application threads were stopped: 0.0050952 seconds, Stopping threads took: 0.0000203 seconds
164.161: [GC (Allocation Failure)  687949K->374863K(1033216K), 0.0043595 secs]
164.166: Total time for which application threads were stopped: 0.0045574 seconds, Stopping threads took: 0.0000208 seconds
164.234: [GC (Allocation Failure)  693327K->374831K(1033728K), 0.0043486 secs]
164.238: Total time for which application threads were stopped: 0.0045415 seconds, Stopping threads took: 0.0000203 seconds
164.306: [GC (Allocation Failure)  694319K->378727K(1033728K), 0.0051480 secs]
164.311: Total time for which application threads were stopped: 0.0053221 seconds, Stopping threads took: 0.0000264 seconds
164.379: [GC (Allocation Failure)  698215K->382921K(1034240K), 0.0044052 secs]
164.383: Total time for which application threads were stopped: 0.0045820 seconds, Stopping threads took: 0.0000278 seconds
164.451: [GC (Allocation Failure)  703433K->382825K(1034240K), 0.0042575 secs]
164.456: Total time for which application threads were stopped: 0.0044224 seconds, Stopping threads took: 0.0000205 seconds
164.521: [GC (Allocation Failure)  703337K->383881K(1033728K), 0.0043298 secs]
164.525: Total time for which application threads were stopped: 0.0045143 seconds, Stopping threads took: 0.0000202 seconds
164.594: [GC (Allocation Failure)  704393K->390924K(1034240K), 0.0043749 secs]
164.598: Total time for which application threads were stopped: 0.0045446 seconds, Stopping threads took: 0.0000200 seconds
164.664: [GC (Allocation Failure)  711436K->390892K(1034240K), 0.0042954 secs]
164.668: Total time for which application threads were stopped: 0.0044703 seconds, Stopping threads took: 0.0000204 seconds
164.734: [GC (Allocation Failure)  711404K->394148K(1034240K), 0.0053219 secs]
164.740: Total time for which application threads were stopped: 0.0054891 seconds, Stopping threads took: 0.0000214 seconds
164.805: [GC (Allocation Failure)  714660K->398886K(1034752K), 0.0043849 secs]
164.810: Total time for which application threads were stopped: 0.0045841 seconds, Stopping threads took: 0.0000281 seconds
164.878: [GC (Allocation Failure)  720422K->398854K(1034752K), 0.0043119 secs]
164.883: Total time for which application threads were stopped: 0.0044745 seconds, Stopping threads took: 0.0000195 seconds
164.950: [GC (Allocation Failure)  720390K->402406K(1034752K), 0.0065799 secs]
164.957: Total time for which application threads were stopped: 0.0067427 seconds, Stopping threads took: 0.0000196 seconds
165.023: [GC (Allocation Failure)  723942K->406952K(1034752K), 0.0065017 secs]
165.030: Total time for which application threads were stopped: 0.0067025 seconds, Stopping threads took: 0.0000221 seconds
165.099: [GC (Allocation Failure)  728488K->406920K(1035264K), 0.0045868 secs]
165.104: Total time for which application threads were stopped: 0.0047578 seconds, Stopping threads took: 0.0000192 seconds
165.171: [GC (Allocation Failure)  729480K->408584K(1024000K), 0.0046092 secs]
165.176: Total time for which application threads were stopped: 0.0048034 seconds, Stopping threads took: 0.0000203 seconds
165.245: [GC (Allocation Failure)  731144K->414987K(1034752K), 0.0041533 secs]
165.250: Total time for which application threads were stopped: 0.0043379 seconds, Stopping threads took: 0.0000276 seconds
165.319: [GC (Allocation Failure)  736523K->414955K(1034752K), 0.0044028 secs]
165.324: Total time for which application threads were stopped: 0.0045706 seconds, Stopping threads took: 0.0000252 seconds
165.391: [GC (Allocation Failure)  736491K->418859K(1035264K), 0.0054250 secs]
165.396: Total time for which application threads were stopped: 0.0056055 seconds, Stopping threads took: 0.0000205 seconds
165.465: [GC (Allocation Failure)  740907K->423085K(1034752K), 0.0045475 secs]
165.470: Total time for which application threads were stopped: 0.0047136 seconds, Stopping threads took: 0.0000209 seconds
165.538: [GC (Allocation Failure)  745133K->422989K(1035264K), 0.0044123 secs]
165.543: Total time for which application threads were stopped: 0.0045846 seconds, Stopping threads took: 0.0000205 seconds
165.609: [GC (Allocation Failure)  745549K->426085K(1035264K), 0.0050454 secs]
165.615: Total time for which application threads were stopped: 0.0052414 seconds, Stopping threads took: 0.0000211 seconds
165.684: [GC (Allocation Failure)  748645K->431047K(1035264K), 0.0042883 secs]
165.688: Total time for which application threads were stopped: 0.0044493 seconds, Stopping threads took: 0.0000161 seconds
165.757: [GC (Allocation Failure)  753607K->431047K(1035264K), 0.0044155 secs]
165.761: Total time for which application threads were stopped: 0.0045756 seconds, Stopping threads took: 0.0000202 seconds
165.828: [GC (Allocation Failure)  753607K->434311K(1035264K), 0.0051053 secs]
165.833: Total time for which application threads were stopped: 0.0053041 seconds, Stopping threads took: 0.0000262 seconds
165.902: [GC (Allocation Failure)  756871K->439081K(1035264K), 0.0045158 secs]
165.907: Total time for which application threads were stopped: 0.0046759 seconds, Stopping threads took: 0.0000201 seconds
165.974: [GC (Allocation Failure)  761641K->439049K(1035264K), 0.0044395 secs]
165.979: Total time for which application threads were stopped: 0.0046000 seconds, Stopping threads took: 0.0000200 seconds
166.046: [GC (Allocation Failure)  761609K->442497K(1035264K), 0.0084458 secs]
166.054: Total time for which application threads were stopped: 0.0086120 seconds, Stopping threads took: 0.0000164 seconds
166.122: [GC (Allocation Failure)  765057K->447076K(1035776K), 0.0044060 secs]
166.126: Total time for which application threads were stopped: 0.0045713 seconds, Stopping threads took: 0.0000207 seconds
166.193: [GC (Allocation Failure)  770660K->447044K(1035776K), 0.0046125 secs]
166.197: Total time for which application threads were stopped: 0.0047957 seconds, Stopping threads took: 0.0000206 seconds
166.262: [GC (Allocation Failure)  770628K->448740K(1034752K), 0.0047586 secs]
166.267: Total time for which application threads were stopped: 0.0049283 seconds, Stopping threads took: 0.0000204 seconds
166.334: [GC (Allocation Failure)  771300K->455270K(1035264K), 0.0044364 secs]
166.339: Total time for which application threads were stopped: 0.0046000 seconds, Stopping threads took: 0.0000198 seconds
166.406: [GC (Allocation Failure)  777830K->455110K(1035264K), 0.0046293 secs]
166.411: Total time for which application threads were stopped: 0.0048042 seconds, Stopping threads took: 0.0000211 seconds
166.480: [GC (Allocation Failure)  777670K->448932K(1035264K), 0.0022075 secs]
166.482: Total time for which application threads were stopped: 0.0023859 seconds, Stopping threads took: 0.0000282 seconds
166.549: [GC (Allocation Failure)  771492K->455206K(1035264K), 0.0047095 secs]
166.554: Total time for which application threads were stopped: 0.0048800 seconds, Stopping threads took: 0.0000226 seconds
166.622: [GC (Allocation Failure)  777766K->455110K(1035264K), 0.0044669 secs]
166.626: Total time for which application threads were stopped: 0.0046249 seconds, Stopping threads took: 0.0000192 seconds
166.693: [GC (Allocation Failure)  777670K->453220K(1035776K), 0.0047837 secs]
166.698: Total time for which application threads were stopped: 0.0049655 seconds, Stopping threads took: 0.0000191 seconds
166.766: [GC (Allocation Failure)  776292K->455174K(1035264K), 0.0051832 secs]
166.771: Total time for which application threads were stopped: 0.0053525 seconds, Stopping threads took: 0.0000199 seconds
166.839: [GC (Allocation Failure)  778246K->455078K(1035776K), 0.0044292 secs]
166.843: Total time for which application threads were stopped: 0.0045861 seconds, Stopping threads took: 0.0000195 seconds
166.911: [GC (Allocation Failure)  778662K->459588K(1035776K), 0.0063453 secs]
166.917: Total time for which application threads were stopped: 0.0065347 seconds, Stopping threads took: 0.0000200 seconds
166.986: [GC (Allocation Failure)  783172K->455366K(1033728K), 0.0045106 secs]
166.991: Total time for which application threads were stopped: 0.0046790 seconds, Stopping threads took: 0.0000169 seconds
167.061: [GC (Allocation Failure)  776902K->455110K(1034752K), 0.0064466 secs]
167.067: Total time for which application threads were stopped: 0.0065997 seconds, Stopping threads took: 0.0000272 seconds
167.133: [GC (Allocation Failure)  776646K->462796K(1030656K), 0.0082809 secs]
167.142: Total time for which application threads were stopped: 0.0084564 seconds, Stopping threads took: 0.0000194 seconds
167.208: [GC (Allocation Failure)  780236K->457230K(1032704K), 0.0047990 secs]
167.213: Total time for which application threads were stopped: 0.0049760 seconds, Stopping threads took: 0.0000198 seconds
167.282: [GC (Allocation Failure)  774670K->457038K(1033728K), 0.0044138 secs]
167.286: Total time for which application threads were stopped: 0.0046056 seconds, Stopping threads took: 0.0000274 seconds
167.353: [GC (Allocation Failure)  776014K->455212K(1033216K), 0.0038848 secs]
167.357: Total time for which application threads were stopped: 0.0040614 seconds, Stopping threads took: 0.0000208 seconds
167.425: [GC (Allocation Failure)  774188K->457166K(1034752K), 0.0043838 secs]
167.430: Total time for which application threads were stopped: 0.0045738 seconds, Stopping threads took: 0.0000279 seconds
167.497: [GC (Allocation Failure)  778190K->457070K(1034240K), 0.0044747 secs]
167.501: Total time for which application threads were stopped: 0.0046557 seconds, Stopping threads took: 0.0000219 seconds
167.567: [GC (Allocation Failure)  778094K->452876K(1035264K), 0.0028895 secs]
167.570: Total time for which application threads were stopped: 0.0030584 seconds, Stopping threads took: 0.0000200 seconds
167.638: [GC (Allocation Failure)  775436K->457134K(1035264K), 0.0044719 secs]
167.642: Total time for which application threads were stopped: 0.0046323 seconds, Stopping threads took: 0.0000199 seconds
167.710: [GC (Allocation Failure)  779694K->457038K(1035776K), 0.0046925 secs]
167.714: Total time for which application threads were stopped: 0.0048796 seconds, Stopping threads took: 0.0000206 seconds
167.782: [GC (Allocation Failure)  780110K->457708K(1035264K), 0.0048271 secs]
167.787: Total time for which application threads were stopped: 0.0049997 seconds, Stopping threads took: 0.0000260 seconds
167.855: [GC (Allocation Failure)  780780K->457070K(1036288K), 0.0045173 secs]
167.859: Total time for which application threads were stopped: 0.0046868 seconds, Stopping threads took: 0.0000194 seconds
167.929: [GC (Allocation Failure)  781166K->457070K(1035776K), 0.0049440 secs]
167.934: Total time for which application threads were stopped: 0.0051020 seconds, Stopping threads took: 0.0000178 seconds
168.001: [GC (Allocation Failure)  781166K->449196K(1034752K), 0.0014084 secs]
168.003: Total time for which application threads were stopped: 0.0015289 seconds, Stopping threads took: 0.0000196 seconds
168.075: [GC (Allocation Failure)  772780K->457310K(1035776K), 0.0045026 secs]
168.079: Total time for which application threads were stopped: 0.0046719 seconds, Stopping threads took: 0.0000196 seconds
168.147: [GC (Allocation Failure)  780894K->461222K(1036288K), 0.0060836 secs]
168.153: Total time for which application threads were stopped: 0.0062373 seconds, Stopping threads took: 0.0000193 seconds
168.220: [GC (Allocation Failure)  785318K->461158K(1035776K), 0.0045591 secs]
168.225: Total time for which application threads were stopped: 0.0047177 seconds, Stopping threads took: 0.0000193 seconds
168.294: [GC (Allocation Failure)  785254K->461422K(1035264K), 0.0046919 secs]
168.299: Total time for which application threads were stopped: 0.0048700 seconds, Stopping threads took: 0.0000191 seconds
168.367: [GC (Allocation Failure)  785006K->469232K(1035776K), 0.0045989 secs]
168.371: Total time for which application threads were stopped: 0.0047560 seconds, Stopping threads took: 0.0000167 seconds
168.438: [GC (Allocation Failure)  792816K->469232K(1035776K), 0.0044686 secs]
168.443: Total time for which application threads were stopped: 0.0046309 seconds, Stopping threads took: 0.0000203 seconds
168.511: [GC (Allocation Failure)  792816K->469384K(1023488K), 0.0044074 secs]
168.515: Total time for which application threads were stopped: 0.0045890 seconds, Stopping threads took: 0.0000197 seconds
168.583: [GC (Allocation Failure)  792968K->477290K(1035264K), 0.0044784 secs]
168.588: Total time for which application threads were stopped: 0.0046426 seconds, Stopping threads took: 0.0000205 seconds
168.655: [GC (Allocation Failure)  799850K->477226K(1035264K), 0.0053799 secs]
168.661: Total time for which application threads were stopped: 0.0055521 seconds, Stopping threads took: 0.0000202 seconds
168.728: [GC (Allocation Failure)  799786K->477610K(1034240K), 0.0046944 secs]
168.732: Total time for which application threads were stopped: 0.0048681 seconds, Stopping threads took: 0.0000202 seconds
168.801: [GC (Allocation Failure)  799146K->485293K(1034752K), 0.0044480 secs]
168.805: Total time for which application threads were stopped: 0.0046202 seconds, Stopping threads took: 0.0000262 seconds
168.872: [GC (Allocation Failure)  806829K->485293K(1034752K), 0.0052618 secs]
168.877: Total time for which application threads were stopped: 0.0054306 seconds, Stopping threads took: 0.0000199 seconds
168.943: [GC (Allocation Failure)  806829K->485357K(1034752K), 0.0045655 secs]
168.948: Total time for which application threads were stopped: 0.0047424 seconds, Stopping threads took: 0.0000205 seconds
169.017: [GC (Allocation Failure)  806893K->493327K(1033728K), 0.0059900 secs]
169.023: Total time for which application threads were stopped: 0.0061883 seconds, Stopping threads took: 0.0000252 seconds
169.094: [GC (Allocation Failure)  813839K->493327K(1034240K), 0.0045573 secs]
169.098: Total time for which application threads were stopped: 0.0047063 seconds, Stopping threads took: 0.0000171 seconds
169.167: [GC (Allocation Failure)  813839K->493575K(1034240K), 0.0046226 secs]
169.171: Total time for which application threads were stopped: 0.0047815 seconds, Stopping threads took: 0.0000198 seconds
169.239: [GC (Allocation Failure)  814087K->501353K(1034240K), 0.0043044 secs]
169.243: Total time for which application threads were stopped: 0.0044654 seconds, Stopping threads took: 0.0000191 seconds
169.311: [GC (Allocation Failure)  821865K->501321K(1034240K), 0.0046988 secs]
169.315: Total time for which application threads were stopped: 0.0048648 seconds, Stopping threads took: 0.0000191 seconds
169.382: [GC (Allocation Failure)  821833K->501417K(1034240K), 0.0046367 secs]
169.387: Total time for which application threads were stopped: 0.0048094 seconds, Stopping threads took: 0.0000204 seconds
169.454: [GC (Allocation Failure)  821929K->509419K(1033216K), 0.0047049 secs]
169.459: Total time for which application threads were stopped: 0.0048779 seconds, Stopping threads took: 0.0000189 seconds
169.527: [GC (Allocation Failure)  828907K->509419K(1033728K), 0.0045045 secs]
169.532: Total time for which application threads were stopped: 0.0046545 seconds, Stopping threads took: 0.0000172 seconds
169.598: [GC (Allocation Failure)  828907K->509547K(1033728K), 0.0065624 secs]
169.605: Total time for which application threads were stopped: 0.0067423 seconds, Stopping threads took: 0.0000205 seconds
169.672: [GC (Allocation Failure)  829035K->517422K(1033728K), 0.0046665 secs]
169.677: Total time for which application threads were stopped: 0.0048609 seconds, Stopping threads took: 0.0000208 seconds
169.745: [GC (Allocation Failure)  836910K->517422K(1033728K), 0.0046533 secs]
169.750: Total time for which application threads were stopped: 0.0048319 seconds, Stopping threads took: 0.0000163 seconds
169.818: [GC (Allocation Failure)  836910K->517766K(1033728K), 0.0047095 secs]
169.822: Total time for which application threads were stopped: 0.0048798 seconds, Stopping threads took: 0.0000278 seconds
169.889: [GC (Allocation Failure)  837254K->525480K(1033728K), 0.0046691 secs]
169.894: Total time for which application threads were stopped: 0.0048308 seconds, Stopping threads took: 0.0000198 seconds
169.961: [GC (Allocation Failure)  844968K->525416K(1033728K), 0.0047310 secs]
169.966: Total time for which application threads were stopped: 0.0048861 seconds, Stopping threads took: 0.0000189 seconds
170.031: [GC (Allocation Failure)  844904K->525512K(1033728K), 0.0045893 secs]
170.036: Total time for which application threads were stopped: 0.0047480 seconds, Stopping threads took: 0.0000196 seconds
170.104: [GC (Allocation Failure)  845000K->533482K(1027072K), 0.0046583 secs]
170.108: Total time for which application threads were stopped: 0.0048271 seconds, Stopping threads took: 0.0000199 seconds
170.176: [GC (Allocation Failure)  852970K->529576K(1034240K), 0.0035473 secs]
170.180: Total time for which application threads were stopped: 0.0037018 seconds, Stopping threads took: 0.0000196 seconds
170.248: [GC (Allocation Failure)  849064K->533642K(1033216K), 0.0048874 secs]
170.253: Total time for which application threads were stopped: 0.0050479 seconds, Stopping threads took: 0.0000195 seconds
170.320: [GC (Allocation Failure)  853130K->537642K(1034752K), 0.0044190 secs]
170.325: Total time for which application threads were stopped: 0.0045959 seconds, Stopping threads took: 0.0000281 seconds
170.390: [GC (Allocation Failure)  859178K->530856K(1034752K), 0.0023013 secs]
170.392: Total time for which application threads were stopped: 0.0024561 seconds, Stopping threads took: 0.0000190 seconds
170.461: [GC (Allocation Failure)  852392K->537674K(1034752K), 0.0045555 secs]
170.466: Total time for which application threads were stopped: 0.0047092 seconds, Stopping threads took: 0.0000199 seconds
170.531: [GC (Allocation Failure)  859210K->541754K(1034752K), 0.0054829 secs]
170.537: Total time for which application threads were stopped: 0.0056526 seconds, Stopping threads took: 0.0000196 seconds
170.604: [GC (Allocation Failure)  863290K->536216K(1034752K), 0.0027961 secs]
170.607: Total time for which application threads were stopped: 0.0029510 seconds, Stopping threads took: 0.0000202 seconds
170.676: [GC (Allocation Failure)  857752K->542050K(1034752K), 0.0048034 secs]
170.681: Total time for which application threads were stopped: 0.0049837 seconds, Stopping threads took: 0.0000203 seconds
170.747: [GC (Allocation Failure)  863586K->545890K(1034752K), 0.0051149 secs]
170.753: Total time for which application threads were stopped: 0.0052950 seconds, Stopping threads took: 0.0000198 seconds
170.821: [GC (Allocation Failure)  868379K->542016K(1035264K), 0.0035022 secs]
170.825: Total time for which application threads were stopped: 0.0036770 seconds, Stopping threads took: 0.0000271 seconds
170.893: [GC (Allocation Failure)  864576K->546058K(1036288K), 0.0046193 secs]
170.898: Total time for which application threads were stopped: 0.0047869 seconds, Stopping threads took: 0.0000251 seconds
170.966: [GC (Allocation Failure)  870154K->550058K(1035776K), 0.0046845 secs]
170.971: Total time for which application threads were stopped: 0.0048615 seconds, Stopping threads took: 0.0000206 seconds
171.039: [GC (Allocation Failure)  874154K->550058K(1035776K), 0.0046053 secs]
171.044: Total time for which application threads were stopped: 0.0047633 seconds, Stopping threads took: 0.0000200 seconds
171.113: [GC (Allocation Failure)  873642K->550090K(1023488K), 0.0046106 secs]
171.118: Total time for which application threads were stopped: 0.0048086 seconds, Stopping threads took: 0.0000208 seconds
171.186: [GC (Allocation Failure)  873674K->558093K(1035264K), 0.0047414 secs]
171.191: Total time for which application threads were stopped: 0.0049106 seconds, Stopping threads took: 0.0000207 seconds
171.258: [GC (Allocation Failure)  880653K->558061K(1030144K), 0.0046284 secs]
171.263: Total time for which application threads were stopped: 0.0047940 seconds, Stopping threads took: 0.0000213 seconds
171.330: [GC (Allocation Failure)  880621K->558125K(1034752K), 0.0047263 secs]
171.335: Total time for which application threads were stopped: 0.0048922 seconds, Stopping threads took: 0.0000263 seconds
171.402: [GC (Allocation Failure)  879661K->566127K(1029120K), 0.0047206 secs]
171.406: Total time for which application threads were stopped: 0.0049074 seconds, Stopping threads took: 0.0000195 seconds
171.474: [GC (Allocation Failure)  887663K->566063K(1034240K), 0.0046355 secs]
171.479: Total time for which application threads were stopped: 0.0048028 seconds, Stopping threads took: 0.0000192 seconds
171.547: [GC (Allocation Failure)  886575K->566351K(1034240K), 0.0046728 secs]
171.552: Total time for which application threads were stopped: 0.0048314 seconds, Stopping threads took: 0.0000194 seconds
171.621: [GC (Allocation Failure)  886863K->574129K(1034240K), 0.0045393 secs]
171.626: Total time for which application threads were stopped: 0.0047011 seconds, Stopping threads took: 0.0000196 seconds
171.693: [GC (Allocation Failure)  894641K->574129K(1034240K), 0.0048332 secs]
171.698: Total time for which application threads were stopped: 0.0050130 seconds, Stopping threads took: 0.0000208 seconds
171.766: [GC (Allocation Failure)  894641K->574537K(1033216K), 0.0048083 secs]
171.771: Total time for which application threads were stopped: 0.0049721 seconds, Stopping threads took: 0.0000199 seconds
171.839: [GC (Allocation Failure)  894025K->582187K(1033728K), 0.0048344 secs]
171.844: Total time for which application threads were stopped: 0.0050189 seconds, Stopping threads took: 0.0000257 seconds
171.912: [GC (Allocation Failure)  901675K->582155K(1033728K), 0.0048268 secs]
171.917: Total time for which application threads were stopped: 0.0049977 seconds, Stopping threads took: 0.0000202 seconds
171.982: [GC (Allocation Failure)  901643K->582275K(1033728K), 0.0049841 secs]
171.987: Total time for which application threads were stopped: 0.0051659 seconds, Stopping threads took: 0.0000205 seconds
172.056: [GC (Allocation Failure)  901763K->590214K(1033728K), 0.0052840 secs]
172.062: Total time for which application threads were stopped: 0.0054935 seconds, Stopping threads took: 0.0000284 seconds
172.129: [GC (Allocation Failure)  909702K->590182K(1033728K), 0.0047722 secs]
172.134: Total time for which application threads were stopped: 0.0049395 seconds, Stopping threads took: 0.0000201 seconds
172.200: [GC (Allocation Failure)  909670K->590246K(1033728K), 0.0049132 secs]
172.205: Total time for which application threads were stopped: 0.0050853 seconds, Stopping threads took: 0.0000200 seconds
172.271: [GC (Allocation Failure)  909734K->598248K(1027072K), 0.0049175 secs]
172.276: Total time for which application threads were stopped: 0.0051076 seconds, Stopping threads took: 0.0000192 seconds
172.343: [GC (Allocation Failure)  917735K->594342K(1034240K), 0.0037884 secs]
172.346: Total time for which application threads were stopped: 0.0039432 seconds, Stopping threads took: 0.0000171 seconds
172.414: [GC (Allocation Failure)  913830K->598384K(1033216K), 0.0049521 secs]
172.419: Total time for which application threads were stopped: 0.0051108 seconds, Stopping threads took: 0.0000168 seconds
172.488: [GC (Allocation Failure)  917872K->602352K(1034752K), 0.0047659 secs]
172.492: Total time for which application threads were stopped: 0.0049374 seconds, Stopping threads took: 0.0000202 seconds
172.559: [GC (Allocation Failure)  923888K->595566K(1034752K), 0.0023413 secs]
172.561: Total time for which application threads were stopped: 0.0025081 seconds, Stopping threads took: 0.0000205 seconds
172.630: [GC (Allocation Failure)  917102K->602392K(1034752K), 0.0049919 secs]
172.635: Total time for which application threads were stopped: 0.0051754 seconds, Stopping threads took: 0.0000215 seconds
172.701: [GC (Allocation Failure)  923928K->606496K(1034752K), 0.0058352 secs]
172.707: Total time for which application threads were stopped: 0.0060130 seconds, Stopping threads took: 0.0000215 seconds
172.773: [GC (Allocation Failure)  928032K->600894K(1034752K), 0.0031815 secs]
172.777: Total time for which application threads were stopped: 0.0033512 seconds, Stopping threads took: 0.0000249 seconds
172.844: [GC (Allocation Failure)  922430K->606800K(1034752K), 0.0048359 secs]
172.849: Total time for which application threads were stopped: 0.0050249 seconds, Stopping threads took: 0.0000205 seconds
172.916: [GC (Allocation Failure)  928336K->610672K(1035264K), 0.0052973 secs]
172.921: Total time for which application threads were stopped: 0.0054697 seconds, Stopping threads took: 0.0000203 seconds
172.988: [GC (Allocation Failure)  933160K->606734K(1035264K), 0.0036156 secs]
172.992: Total time for which application threads were stopped: 0.0038100 seconds, Stopping threads took: 0.0000202 seconds
173.063: [GC (Allocation Failure)  929294K->610768K(1036288K), 0.0072913 secs]
173.070: Total time for which application threads were stopped: 0.0074528 seconds, Stopping threads took: 0.0000265 seconds
173.139: [GC (Allocation Failure)  934864K->614768K(1035776K), 0.0048371 secs]
173.144: Total time for which application threads were stopped: 0.0049995 seconds, Stopping threads took: 0.0000183 seconds
173.212: [GC (Allocation Failure)  938864K->614768K(1035776K), 0.0046445 secs]
173.217: Total time for which application threads were stopped: 0.0048143 seconds, Stopping threads took: 0.0000205 seconds
173.284: [GC (Allocation Failure)  938352K->614856K(1023488K), 0.0066659 secs]
173.291: Total time for which application threads were stopped: 0.0068365 seconds, Stopping threads took: 0.0000201 seconds
173.358: [GC (Allocation Failure)  938440K->622794K(1035264K), 0.0047287 secs]
173.363: Total time for which application threads were stopped: 0.0049130 seconds, Stopping threads took: 0.0000288 seconds
173.430: [GC (Allocation Failure)  945354K->622794K(1030144K), 0.0048034 secs]
173.435: Total time for which application threads were stopped: 0.0049768 seconds, Stopping threads took: 0.0000203 seconds
173.502: [GC (Allocation Failure)  945354K->622858K(1034752K), 0.0049596 secs]
173.507: Total time for which application threads were stopped: 0.0051372 seconds, Stopping threads took: 0.0000211 seconds
173.574: [GC (Allocation Failure)  944394K->630796K(1034752K), 0.0050722 secs]
173.580: Total time for which application threads were stopped: 0.0052491 seconds, Stopping threads took: 0.0000214 seconds
173.649: [GC (Allocation Failure)  952332K->630828K(1033728K), 0.0045458 secs]
173.653: Total time for which application threads were stopped: 0.0047183 seconds, Stopping threads took: 0.0000200 seconds
173.721: [GC (Allocation Failure)  951340K->631084K(1034240K), 0.0049636 secs]
173.726: Total time for which application threads were stopped: 0.0051396 seconds, Stopping threads took: 0.0000207 seconds
173.795: [GC (Allocation Failure)  951596K->638895K(1034240K), 0.0046048 secs]
173.800: Total time for which application threads were stopped: 0.0047756 seconds, Stopping threads took: 0.0000259 seconds
173.868: [GC (Allocation Failure)  959407K->638895K(1034240K), 0.0047845 secs]
173.873: Total time for which application threads were stopped: 0.0049567 seconds, Stopping threads took: 0.0000212 seconds
173.940: [GC (Allocation Failure)  959407K->639303K(1033216K), 0.0051073 secs]
173.945: Total time for which application threads were stopped: 0.0052735 seconds, Stopping threads took: 0.0000203 seconds
174.013: [GC (Allocation Failure)  958791K->646857K(1033728K), 0.0070507 secs]
174.020: Total time for which application threads were stopped: 0.0072615 seconds, Stopping threads took: 0.0000204 seconds
174.089: [GC (Allocation Failure)  966345K->646921K(1033728K), 0.0048399 secs]
174.094: Total time for which application threads were stopped: 0.0050130 seconds, Stopping threads took: 0.0000206 seconds
174.159: [GC (Allocation Failure)  966409K->647017K(1033728K), 0.0049202 secs]
174.164: Total time for which application threads were stopped: 0.0050929 seconds, Stopping threads took: 0.0000195 seconds
174.233: [GC (Allocation Failure)  966505K->654955K(1033728K), 0.0047036 secs]
174.238: Total time for which application threads were stopped: 0.0048692 seconds, Stopping threads took: 0.0000204 seconds
174.306: [GC (Allocation Failure)  974443K->654923K(1033728K), 0.0048643 secs]
174.311: Total time for which application threads were stopped: 0.0050612 seconds, Stopping threads took: 0.0000192 seconds
174.380: [GC (Allocation Failure)  974411K->654987K(1033728K), 0.0047889 secs]
174.384: Total time for which application threads were stopped: 0.0049700 seconds, Stopping threads took: 0.0000196 seconds
174.451: [GC (Allocation Failure)  974475K->662957K(1027072K), 0.0048952 secs]
174.456: Total time for which application threads were stopped: 0.0050602 seconds, Stopping threads took: 0.0000201 seconds
174.522: [GC (Allocation Failure)  982445K->659051K(1034240K), 0.0039456 secs]
174.526: Total time for which application threads were stopped: 0.0041119 seconds, Stopping threads took: 0.0000188 seconds
174.593: [GC (Allocation Failure)  978539K->663117K(1033216K), 0.0049917 secs]
174.598: Total time for which application threads were stopped: 0.0051737 seconds, Stopping threads took: 0.0000203 seconds
174.667: [GC (Allocation Failure)  982605K->667085K(1034752K), 0.0048775 secs]
174.672: Total time for which application threads were stopped: 0.0050788 seconds, Stopping threads took: 0.0000282 seconds
174.740: [GC (Allocation Failure)  988621K->660299K(1034752K), 0.0024436 secs]
174.742: Total time for which application threads were stopped: 0.0025897 seconds, Stopping threads took: 0.0000163 seconds
174.812: [GC (Allocation Failure)  981835K->667157K(1034752K), 0.0046831 secs]
174.816: Total time for which application threads were stopped: 0.0048399 seconds, Stopping threads took: 0.0000247 seconds
174.884: [GC (Allocation Failure)  988693K->671237K(1034752K), 0.0057063 secs]
174.890: Total time for which application threads were stopped: 0.0058798 seconds, Stopping threads took: 0.0000284 seconds
174.956: [GC (Allocation Failure)  992773K->665667K(1034752K), 0.0030335 secs]
174.959: Total time for which application threads were stopped: 0.0031980 seconds, Stopping threads took: 0.0000285 seconds
175.026: [GC (Allocation Failure)  987203K->671541K(1034752K), 0.0049847 secs]
175.031: Total time for which application threads were stopped: 0.0051763 seconds, Stopping threads took: 0.0000284 seconds
175.100: [GC (Allocation Failure)  993077K->675373K(1035264K), 0.0051470 secs]
175.106: Total time for which application threads were stopped: 0.0053077 seconds, Stopping threads took: 0.0000196 seconds
175.172: [GC (Allocation Failure)  997862K->671467K(1035264K), 0.0038935 secs]
175.176: Total time for which application threads were stopped: 0.0040615 seconds, Stopping threads took: 0.0000199 seconds
175.246: [GC (Allocation Failure)  994027K->675525K(1036288K), 0.0048721 secs]
175.251: Total time for which application threads were stopped: 0.0050361 seconds, Stopping threads took: 0.0000193 seconds
175.319: [GC (Allocation Failure)  999621K->679493K(1035776K), 0.0049496 secs]
175.324: Total time for which application threads were stopped: 0.0051262 seconds, Stopping threads took: 0.0000281 seconds
175.393: [GC (Allocation Failure)  1003589K->679493K(1035776K), 0.0048474 secs]
175.398: Total time for which application threads were stopped: 0.0050071 seconds, Stopping threads took: 0.0000192 seconds
175.465: [GC (Allocation Failure)  1003077K->679549K(1023488K), 0.0050206 secs]
175.470: Total time for which application threads were stopped: 0.0051871 seconds, Stopping threads took: 0.0000192 seconds
175.537: [GC (Allocation Failure)  1003133K->687552K(1035264K), 0.0048772 secs]
175.542: Total time for which application threads were stopped: 0.0050533 seconds, Stopping threads took: 0.0000197 seconds
175.609: [GC (Allocation Failure)  1010112K->687520K(1030144K), 0.0048322 secs]
175.614: Total time for which application threads were stopped: 0.0049955 seconds, Stopping threads took: 0.0000197 seconds
175.682: [GC (Allocation Failure)  1010080K->687584K(1034752K), 0.0064294 secs]
175.688: [Full GC (Ergonomics)  687584K->8520K(1034752K), 0.0126039 secs]
175.701: Total time for which application threads were stopped: 0.0192940 seconds, Stopping threads took: 0.0000190 seconds
175.769: [GC (Allocation Failure)  330056K->16650K(1029120K), 0.0064897 secs]
175.776: Total time for which application threads were stopped: 0.0066708 seconds, Stopping threads took: 0.0000200 seconds
175.846: [GC (Allocation Failure)  338186K->16602K(1034240K), 0.0036027 secs]
175.850: Total time for which application threads were stopped: 0.0037842 seconds, Stopping threads took: 0.0000277 seconds
175.917: [GC (Allocation Failure)  337114K->16866K(1034240K), 0.0037244 secs]
175.921: Total time for which application threads were stopped: 0.0039136 seconds, Stopping threads took: 0.0000204 seconds
175.990: [GC (Allocation Failure)  337378K->24644K(1034240K), 0.0036433 secs]
175.994: Total time for which application threads were stopped: 0.0038183 seconds, Stopping threads took: 0.0000298 seconds
176.062: [GC (Allocation Failure)  345156K->24644K(1034240K), 0.0046516 secs]
176.067: Total time for which application threads were stopped: 0.0048341 seconds, Stopping threads took: 0.0000258 seconds
176.133: [GC (Allocation Failure)  345156K->25060K(1033216K), 0.0040079 secs]
176.137: Total time for which application threads were stopped: 0.0041701 seconds, Stopping threads took: 0.0000181 seconds
176.204: [GC (Allocation Failure)  344548K->32679K(1033728K), 0.0038330 secs]
176.208: Total time for which application threads were stopped: 0.0040010 seconds, Stopping threads took: 0.0000204 seconds
176.275: [GC (Allocation Failure)  352167K->32647K(1033728K), 0.0039644 secs]
176.279: Total time for which application threads were stopped: 0.0041581 seconds, Stopping threads took: 0.0000204 seconds
176.346: [GC (Allocation Failure)  352135K->32807K(1033728K), 0.0036573 secs]
176.349: Total time for which application threads were stopped: 0.0038080 seconds, Stopping threads took: 0.0000167 seconds
176.416: [GC (Allocation Failure)  352295K->40713K(1033728K), 0.0037499 secs]
176.420: Total time for which application threads were stopped: 0.0038992 seconds, Stopping threads took: 0.0000172 seconds
176.487: [GC (Allocation Failure)  360201K->40713K(1033728K), 0.0036288 secs]
176.491: Total time for which application threads were stopped: 0.0038216 seconds, Stopping threads took: 0.0000197 seconds
176.559: [GC (Allocation Failure)  360201K->40777K(1033728K), 0.0038082 secs]
176.563: Total time for which application threads were stopped: 0.0039602 seconds, Stopping threads took: 0.0000173 seconds
176.630: [GC (Allocation Failure)  360265K->48747K(1027072K), 0.0038923 secs]
176.634: Total time for which application threads were stopped: 0.0040617 seconds, Stopping threads took: 0.0000197 seconds
176.699: [GC (Allocation Failure)  368235K->44841K(1034240K), 0.0025634 secs]
176.701: Total time for which application threads were stopped: 0.0027351 seconds, Stopping threads took: 0.0000203 seconds
176.772: [GC (Allocation Failure)  364329K->48907K(1033216K), 0.0037516 secs]
176.776: Total time for which application threads were stopped: 0.0039242 seconds, Stopping threads took: 0.0000198 seconds
176.845: [GC (Allocation Failure)  368395K->52875K(1034752K), 0.0036262 secs]
176.848: Total time for which application threads were stopped: 0.0037980 seconds, Stopping threads took: 0.0000264 seconds
176.915: [GC (Allocation Failure)  374411K->46121K(1034752K), 0.0011240 secs]
176.916: Total time for which application threads were stopped: 0.0012799 seconds, Stopping threads took: 0.0000195 seconds
176.983: [GC (Allocation Failure)  367657K->52971K(1034752K), 0.0037011 secs]
176.986: Total time for which application threads were stopped: 0.0038796 seconds, Stopping threads took: 0.0000194 seconds
177.052: [GC (Allocation Failure)  374507K->57019K(1034752K), 0.0061407 secs]
177.058: Total time for which application threads were stopped: 0.0063448 seconds, Stopping threads took: 0.0000286 seconds
177.124: [GC (Allocation Failure)  378555K->51481K(1034752K), 0.0017791 secs]
177.126: Total time for which application threads were stopped: 0.0019354 seconds, Stopping threads took: 0.0000190 seconds
177.193: [GC (Allocation Failure)  373017K->57291K(1034752K), 0.0037672 secs]
177.197: Total time for which application threads were stopped: 0.0039329 seconds, Stopping threads took: 0.0000188 seconds
177.263: [GC (Allocation Failure)  378827K->61163K(1034752K), 0.0041156 secs]
177.267: Total time for which application threads were stopped: 0.0042762 seconds, Stopping threads took: 0.0000202 seconds
177.334: [GC (Allocation Failure)  383651K->57257K(1035264K), 0.0023138 secs]
177.336: Total time for which application threads were stopped: 0.0024878 seconds, Stopping threads took: 0.0000200 seconds
177.406: [GC (Allocation Failure)  379817K->61323K(1036288K), 0.0039067 secs]
177.410: Total time for which application threads were stopped: 0.0040627 seconds, Stopping threads took: 0.0000169 seconds
177.477: [GC (Allocation Failure)  385419K->65323K(1035776K), 0.0037829 secs]
177.481: Total time for which application threads were stopped: 0.0039590 seconds, Stopping threads took: 0.0000212 seconds
177.550: [GC (Allocation Failure)  389419K->65323K(1035776K), 0.0034939 secs]
177.553: Total time for which application threads were stopped: 0.0036885 seconds, Stopping threads took: 0.0000427 seconds
177.621: [GC (Allocation Failure)  388907K->65355K(1023488K), 0.0036422 secs]
177.624: Total time for which application threads were stopped: 0.0038404 seconds, Stopping threads took: 0.0000208 seconds
177.692: [GC (Allocation Failure)  388939K->73357K(1035264K), 0.0038535 secs]
177.696: Total time for which application threads were stopped: 0.0040124 seconds, Stopping threads took: 0.0000171 seconds
177.764: [GC (Allocation Failure)  395917K->73325K(1030144K), 0.0035232 secs]
177.767: Total time for which application threads were stopped: 0.0036941 seconds, Stopping threads took: 0.0000197 seconds
177.835: [GC (Allocation Failure)  395885K->73381K(1034752K), 0.0037693 secs]
177.839: Total time for which application threads were stopped: 0.0039687 seconds, Stopping threads took: 0.0000266 seconds
177.908: [GC (Allocation Failure)  394917K->81320K(1034752K), 0.0039232 secs]
177.912: Total time for which application threads were stopped: 0.0040728 seconds, Stopping threads took: 0.0000164 seconds
177.980: [GC (Allocation Failure)  402856K->81352K(1033728K), 0.0036409 secs]
177.984: Total time for which application threads were stopped: 0.0038337 seconds, Stopping threads took: 0.0000200 seconds
178.052: [GC (Allocation Failure)  401864K->81608K(1034240K), 0.0036060 secs]
178.056: Total time for which application threads were stopped: 0.0037962 seconds, Stopping threads took: 0.0000187 seconds
178.124: [GC (Allocation Failure)  402120K->89418K(1034240K), 0.0038001 secs]
178.128: Total time for which application threads were stopped: 0.0039708 seconds, Stopping threads took: 0.0000201 seconds
178.195: [GC (Allocation Failure)  409930K->89418K(1034240K), 0.0038749 secs]
178.199: Total time for which application threads were stopped: 0.0040314 seconds, Stopping threads took: 0.0000192 seconds
178.266: [GC (Allocation Failure)  409930K->89834K(1033216K), 0.0038888 secs]
178.270: Total time for which application threads were stopped: 0.0040499 seconds, Stopping threads took: 0.0000200 seconds
178.338: [GC (Allocation Failure)  409322K->97420K(1033728K), 0.0038973 secs]
178.342: Total time for which application threads were stopped: 0.0040984 seconds, Stopping threads took: 0.0000282 seconds
178.409: [GC (Allocation Failure)  416908K->97420K(1033728K), 0.0038152 secs]
178.413: Total time for which application threads were stopped: 0.0039713 seconds, Stopping threads took: 0.0000187 seconds
178.477: [GC (Allocation Failure)  416908K->97580K(1033728K), 0.0038853 secs]
178.481: Total time for which application threads were stopped: 0.0040437 seconds, Stopping threads took: 0.0000194 seconds
178.548: [GC (Allocation Failure)  417068K->105486K(1033728K), 0.0037242 secs]
178.552: Total time for which application threads were stopped: 0.0038799 seconds, Stopping threads took: 0.0000195 seconds
178.620: [GC (Allocation Failure)  424974K->105454K(1033728K), 0.0037381 secs]
178.624: Total time for which application threads were stopped: 0.0038861 seconds, Stopping threads took: 0.0000167 seconds
178.690: [GC (Allocation Failure)  424942K->105510K(1033728K), 0.0037896 secs]
178.694: Total time for which application threads were stopped: 0.0039596 seconds, Stopping threads took: 0.0000197 seconds
178.761: [GC (Allocation Failure)  424998K->113449K(1027072K), 0.0038574 secs]
178.765: Total time for which application threads were stopped: 0.0040312 seconds, Stopping threads took: 0.0000201 seconds
178.830: [GC (Allocation Failure)  432936K->109574K(1034240K), 0.0027509 secs]
178.832: Total time for which application threads were stopped: 0.0029159 seconds, Stopping threads took: 0.0000274 seconds
178.900: [GC (Allocation Failure)  429062K->113641K(1033216K), 0.0038127 secs]
178.904: Total time for which application threads were stopped: 0.0040085 seconds, Stopping threads took: 0.0000199 seconds
178.972: [GC (Allocation Failure)  433129K->117641K(1034752K), 0.0038678 secs]
178.976: Total time for which application threads were stopped: 0.0040487 seconds, Stopping threads took: 0.0000170 seconds
179.044: [GC (Allocation Failure)  439177K->110854K(1034752K), 0.0064342 secs]
179.050: Total time for which application threads were stopped: 0.0065655 seconds, Stopping threads took: 0.0000169 seconds
179.119: [GC (Allocation Failure)  432390K->117673K(1034752K), 0.0037741 secs]
179.123: Total time for which application threads were stopped: 0.0039374 seconds, Stopping threads took: 0.0000197 seconds
179.189: [GC (Allocation Failure)  439209K->121753K(1034752K), 0.0047053 secs]
179.194: Total time for which application threads were stopped: 0.0048680 seconds, Stopping threads took: 0.0000195 seconds
179.260: [GC (Allocation Failure)  443289K->116214K(1034752K), 0.0017194 secs]
179.261: Total time for which application threads were stopped: 0.0018728 seconds, Stopping threads took: 0.0000209 seconds
179.329: [GC (Allocation Failure)  437750K->122057K(1034752K), 0.0039128 secs]
179.333: Total time for which application threads were stopped: 0.0040759 seconds, Stopping threads took: 0.0000263 seconds
179.401: [GC (Allocation Failure)  443593K->125897K(1034752K), 0.0041088 secs]
179.405: Total time for which application threads were stopped: 0.0042824 seconds, Stopping threads took: 0.0000209 seconds
179.472: [GC (Allocation Failure)  448385K->121990K(1035264K), 0.0025191 secs]
179.475: Total time for which application threads were stopped: 0.0026850 seconds, Stopping threads took: 0.0000205 seconds
179.543: [GC (Allocation Failure)  444550K->126057K(1036288K), 0.0040069 secs]
179.547: Total time for which application threads were stopped: 0.0041692 seconds, Stopping threads took: 0.0000205 seconds
179.614: [GC (Allocation Failure)  450153K->130057K(1035776K), 0.0038955 secs]
179.618: Total time for which application threads were stopped: 0.0040631 seconds, Stopping threads took: 0.0000197 seconds
179.686: [GC (Allocation Failure)  454153K->130057K(1035776K), 0.0037376 secs]
179.690: Total time for which application threads were stopped: 0.0039076 seconds, Stopping threads took: 0.0000218 seconds
179.760: [GC (Allocation Failure)  453641K->130089K(1023488K), 0.0038666 secs]
179.764: Total time for which application threads were stopped: 0.0040447 seconds, Stopping threads took: 0.0000197 seconds
179.831: [GC (Allocation Failure)  453673K->138059K(1035264K), 0.0040768 secs]
179.835: Total time for which application threads were stopped: 0.0042590 seconds, Stopping threads took: 0.0000262 seconds
179.903: [GC (Allocation Failure)  460619K->138059K(1030144K), 0.0037923 secs]
179.906: Total time for which application threads were stopped: 0.0039706 seconds, Stopping threads took: 0.0000220 seconds
179.974: [GC (Allocation Failure)  460619K->138123K(1034752K), 0.0039546 secs]
179.978: Total time for which application threads were stopped: 0.0041174 seconds, Stopping threads took: 0.0000202 seconds
180.046: [GC (Allocation Failure)  459659K->146061K(1034752K), 0.0050348 secs]
180.051: Total time for which application threads were stopped: 0.0052385 seconds, Stopping threads took: 0.0000250 seconds
180.120: [GC (Allocation Failure)  467597K->146125K(1033728K), 0.0037987 secs]
180.124: Total time for which application threads were stopped: 0.0039759 seconds, Stopping threads took: 0.0000197 seconds
180.190: [GC (Allocation Failure)  466637K->146341K(1034240K), 0.0039763 secs]
180.195: Total time for which application threads were stopped: 0.0041470 seconds, Stopping threads took: 0.0000205 seconds
180.262: [GC (Allocation Failure)  466853K->154119K(1034240K), 0.0037297 secs]
180.266: Total time for which application threads were stopped: 0.0039306 seconds, Stopping threads took: 0.0000206 seconds
180.334: [GC (Allocation Failure)  474631K->154119K(1034240K), 0.0046473 secs]
180.338: Total time for which application threads were stopped: 0.0048446 seconds, Stopping threads took: 0.0000300 seconds
180.405: [GC (Allocation Failure)  474631K->154567K(1033216K), 0.0040157 secs]
180.409: Total time for which application threads were stopped: 0.0041806 seconds, Stopping threads took: 0.0000215 seconds
180.476: [GC (Allocation Failure)  474055K->162154K(1033728K), 0.0038795 secs]
180.480: Total time for which application threads were stopped: 0.0040513 seconds, Stopping threads took: 0.0000196 seconds
180.549: [GC (Allocation Failure)  481642K->162154K(1033728K), 0.0039373 secs]
180.553: Total time for which application threads were stopped: 0.0041023 seconds, Stopping threads took: 0.0000197 seconds
180.621: [GC (Allocation Failure)  481642K->162250K(1033728K), 0.0047274 secs]
180.625: Total time for which application threads were stopped: 0.0049231 seconds, Stopping threads took: 0.0000248 seconds
180.694: [GC (Allocation Failure)  481738K->170188K(1033728K), 0.0044316 secs]
180.698: Total time for which application threads were stopped: 0.0045858 seconds, Stopping threads took: 0.0000251 seconds
180.764: [GC (Allocation Failure)  489676K->170188K(1033728K), 0.0045944 secs]
180.769: Total time for which application threads were stopped: 0.0047743 seconds, Stopping threads took: 0.0000172 seconds
180.834: [GC (Allocation Failure)  489676K->170220K(1033728K), 0.0045802 secs]
180.839: Total time for which application threads were stopped: 0.0047098 seconds, Stopping threads took: 0.0000248 seconds
180.903: [GC (Allocation Failure)  489708K->178222K(1027072K), 0.0039538 secs]
180.907: Total time for which application threads were stopped: 0.0040759 seconds, Stopping threads took: 0.0000171 seconds
180.969: [GC (Allocation Failure)  497710K->174316K(1034240K), 0.0029487 secs]
180.972: Total time for which application threads were stopped: 0.0030818 seconds, Stopping threads took: 0.0000188 seconds
181.040: [GC (Allocation Failure)  493804K->178382K(1033216K), 0.0040259 secs]
181.044: Total time for which application threads were stopped: 0.0041828 seconds, Stopping threads took: 0.0000278 seconds
181.113: [GC (Allocation Failure)  497870K->182350K(1034752K), 0.0040204 secs]
181.117: Total time for which application threads were stopped: 0.0041995 seconds, Stopping threads took: 0.0000206 seconds
181.183: [GC (Allocation Failure)  503886K->175532K(1034752K), 0.0012948 secs]
181.185: Total time for which application threads were stopped: 0.0014243 seconds, Stopping threads took: 0.0000198 seconds
181.252: [GC (Allocation Failure)  497068K->182414K(1034752K), 0.0040189 secs]
181.256: Total time for which application threads were stopped: 0.0042200 seconds, Stopping threads took: 0.0000216 seconds
181.324: [GC (Allocation Failure)  503950K->186486K(1034752K), 0.0047894 secs]
181.329: Total time for which application threads were stopped: 0.0049559 seconds, Stopping threads took: 0.0000254 seconds
181.395: [GC (Allocation Failure)  508022K->180948K(1034752K), 0.0018752 secs]
181.397: Total time for which application threads were stopped: 0.0020251 seconds, Stopping threads took: 0.0000259 seconds
181.464: [GC (Allocation Failure)  502484K->186726K(1034752K), 0.0040972 secs]
181.468: Total time for which application threads were stopped: 0.0042578 seconds, Stopping threads took: 0.0000201 seconds
181.536: [GC (Allocation Failure)  508262K->190590K(1034752K), 0.0063654 secs]
181.542: Total time for which application threads were stopped: 0.0065613 seconds, Stopping threads took: 0.0000252 seconds
181.609: [GC (Allocation Failure)  513079K->186716K(1035264K), 0.0028046 secs]
181.612: Total time for which application threads were stopped: 0.0029626 seconds, Stopping threads took: 0.0000192 seconds
181.680: [GC (Allocation Failure)  509276K->190790K(1036288K), 0.0042136 secs]
181.685: Total time for which application threads were stopped: 0.0043814 seconds, Stopping threads took: 0.0000198 seconds
181.752: [GC (Allocation Failure)  514886K->194726K(1035776K), 0.0038863 secs]
181.756: Total time for which application threads were stopped: 0.0040474 seconds, Stopping threads took: 0.0000199 seconds
181.824: [GC (Allocation Failure)  518822K->194758K(1035776K), 0.0065783 secs]
181.831: Total time for which application threads were stopped: 0.0067401 seconds, Stopping threads took: 0.0000257 seconds
181.899: [GC (Allocation Failure)  518342K->194822K(1023488K), 0.0041023 secs]
181.903: Total time for which application threads were stopped: 0.0042716 seconds, Stopping threads took: 0.0000196 seconds
181.971: [GC (Allocation Failure)  518406K->202825K(1035264K), 0.0042666 secs]
181.975: Total time for which application threads were stopped: 0.0044268 seconds, Stopping threads took: 0.0000189 seconds
182.042: [GC (Allocation Failure)  525385K->202793K(1030144K), 0.0084809 secs]
182.051: Total time for which application threads were stopped: 0.0086365 seconds, Stopping threads took: 0.0000199 seconds
182.119: [GC (Allocation Failure)  525353K->202857K(1034752K), 0.0041005 secs]
182.123: Total time for which application threads were stopped: 0.0042676 seconds, Stopping threads took: 0.0000198 seconds
182.190: [GC (Allocation Failure)  524393K->210859K(1034752K), 0.0040680 secs]
182.194: Total time for which application threads were stopped: 0.0042428 seconds, Stopping threads took: 0.0000201 seconds
182.261: [GC (Allocation Failure)  532395K->210859K(1033728K), 0.0037698 secs]
182.265: Total time for which application threads were stopped: 0.0039417 seconds, Stopping threads took: 0.0000207 seconds
182.334: [GC (Allocation Failure)  531371K->211075K(1034240K), 0.0040812 secs]
182.338: Total time for which application threads were stopped: 0.0042522 seconds, Stopping threads took: 0.0000263 seconds
182.406: [GC (Allocation Failure)  531587K->218885K(1034240K), 0.0040227 secs]
182.410: Total time for which application threads were stopped: 0.0042118 seconds, Stopping threads took: 0.0000252 seconds
182.478: [GC (Allocation Failure)  539397K->218885K(1034240K), 0.0039823 secs]
182.482: Total time for which application threads were stopped: 0.0041504 seconds, Stopping threads took: 0.0000197 seconds
182.549: [GC (Allocation Failure)  539397K->219301K(1033216K), 0.0042145 secs]
182.553: Total time for which application threads were stopped: 0.0043830 seconds, Stopping threads took: 0.0000201 seconds
182.620: [GC (Allocation Failure)  538789K->226919K(1033728K), 0.0041147 secs]
182.624: Total time for which application threads were stopped: 0.0042752 seconds, Stopping threads took: 0.0000195 seconds
182.692: [GC (Allocation Failure)  546407K->226887K(1033728K), 0.0038832 secs]
182.696: Total time for which application threads were stopped: 0.0040613 seconds, Stopping threads took: 0.0000196 seconds
182.760: [GC (Allocation Failure)  546375K->227015K(1033728K), 0.0041159 secs]
182.764: Total time for which application threads were stopped: 0.0042876 seconds, Stopping threads took: 0.0000192 seconds
182.832: [GC (Allocation Failure)  546503K->234954K(1033728K), 0.0039741 secs]
182.836: Total time for which application threads were stopped: 0.0041517 seconds, Stopping threads took: 0.0000273 seconds
182.903: [GC (Allocation Failure)  554442K->234922K(1033728K), 0.0040896 secs]
182.907: Total time for which application threads were stopped: 0.0042825 seconds, Stopping threads took: 0.0000202 seconds
182.976: [GC (Allocation Failure)  554410K->234986K(1033728K), 0.0041677 secs]
182.980: Total time for which application threads were stopped: 0.0043256 seconds, Stopping threads took: 0.0000169 seconds
183.047: [GC (Allocation Failure)  554474K->242956K(1027072K), 0.0046478 secs]
183.051: Total time for which application threads were stopped: 0.0048423 seconds, Stopping threads took: 0.0000256 seconds
183.118: [GC (Allocation Failure)  562443K->239018K(1034240K), 0.0030766 secs]
183.121: Total time for which application threads were stopped: 0.0032440 seconds, Stopping threads took: 0.0000203 seconds
183.189: [GC (Allocation Failure)  558506K->243116K(1033216K), 0.0042347 secs]
183.193: Total time for which application threads were stopped: 0.0044116 seconds, Stopping threads took: 0.0000199 seconds
183.262: [GC (Allocation Failure)  562604K->247084K(1034752K), 0.0041057 secs]
183.266: Total time for which application threads were stopped: 0.0042731 seconds, Stopping threads took: 0.0000280 seconds
183.333: [GC (Allocation Failure)  568620K->240298K(1034752K), 0.0014634 secs]
183.334: Total time for which application threads were stopped: 0.0015996 seconds, Stopping threads took: 0.0000276 seconds
183.403: [GC (Allocation Failure)  561834K->247148K(1034752K), 0.0040779 secs]
183.408: Total time for which application threads were stopped: 0.0042472 seconds, Stopping threads took: 0.0000193 seconds
183.475: [GC (Allocation Failure)  568684K->251252K(1034752K), 0.0051392 secs]
183.480: Total time for which application threads were stopped: 0.0053061 seconds, Stopping threads took: 0.0000194 seconds
183.546: [GC (Allocation Failure)  572788K->245650K(1034752K), 0.0021560 secs]
183.549: Total time for which application threads were stopped: 0.0023230 seconds, Stopping threads took: 0.0000202 seconds
183.617: [GC (Allocation Failure)  567186K->251492K(1034752K), 0.0040432 secs]
183.621: Total time for which application threads were stopped: 0.0042081 seconds, Stopping threads took: 0.0000194 seconds
183.688: [GC (Allocation Failure)  573028K->255396K(1035264K), 0.0043817 secs]
183.692: Total time for which application threads were stopped: 0.0045424 seconds, Stopping threads took: 0.0000195 seconds
183.759: [GC (Allocation Failure)  577884K->251490K(1035264K), 0.0028541 secs]
183.762: Total time for which application threads were stopped: 0.0030223 seconds, Stopping threads took: 0.0000203 seconds
183.830: [GC (Allocation Failure)  574050K->255532K(1036288K), 0.0042847 secs]
183.835: Total time for which application threads were stopped: 0.0044621 seconds, Stopping threads took: 0.0000270 seconds
183.902: [GC (Allocation Failure)  579628K->259500K(1035776K), 0.0041639 secs]
183.906: Total time for which application threads were stopped: 0.0043651 seconds, Stopping threads took: 0.0000362 seconds
183.974: [GC (Allocation Failure)  583596K->259468K(1035776K), 0.0046422 secs]
183.979: Total time for which application threads were stopped: 0.0048172 seconds, Stopping threads took: 0.0000198 seconds
184.046: [GC (Allocation Failure)  583052K->259564K(1023488K), 0.0047571 secs]
184.051: Total time for which application threads were stopped: 0.0049184 seconds, Stopping threads took: 0.0000250 seconds
184.118: [GC (Allocation Failure)  583148K->267534K(1035264K), 0.0042252 secs]
184.122: Total time for which application threads were stopped: 0.0044443 seconds, Stopping threads took: 0.0000191 seconds
184.191: [GC (Allocation Failure)  590094K->267534K(1030144K), 0.0040451 secs]
184.195: Total time for which application threads were stopped: 0.0042084 seconds, Stopping threads took: 0.0000178 seconds
184.264: [GC (Allocation Failure)  590094K->267590K(1034752K), 0.0041612 secs]
184.268: Total time for which application threads were stopped: 0.0043191 seconds, Stopping threads took: 0.0000168 seconds
184.336: [GC (Allocation Failure)  589126K->275592K(1034752K), 0.0042351 secs]
184.340: Total time for which application threads were stopped: 0.0044121 seconds, Stopping threads took: 0.0000203 seconds
184.408: [GC (Allocation Failure)  597128K->275560K(1033728K), 0.0039778 secs]
184.412: Total time for which application threads were stopped: 0.0041499 seconds, Stopping threads took: 0.0000226 seconds
184.480: [GC (Allocation Failure)  596072K->275784K(1034240K), 0.0041288 secs]
184.484: Total time for which application threads were stopped: 0.0043105 seconds, Stopping threads took: 0.0000209 seconds
184.552: [GC (Allocation Failure)  596296K->283595K(1034240K), 0.0040940 secs]
184.556: Total time for which application threads were stopped: 0.0042897 seconds, Stopping threads took: 0.0000203 seconds
184.625: [GC (Allocation Failure)  604107K->283595K(1034240K), 0.0040835 secs]
184.630: Total time for which application threads were stopped: 0.0042881 seconds, Stopping threads took: 0.0000196 seconds
184.697: [GC (Allocation Failure)  604107K->284011K(1033216K), 0.0043127 secs]
184.701: Total time for which application threads were stopped: 0.0044891 seconds, Stopping threads took: 0.0000216 seconds
184.769: [GC (Allocation Failure)  603499K->291629K(1033728K), 0.0042926 secs]
184.773: Total time for which application threads were stopped: 0.0044628 seconds, Stopping threads took: 0.0000205 seconds
184.842: [GC (Allocation Failure)  611117K->291629K(1033728K), 0.0039723 secs]
184.846: Total time for which application threads were stopped: 0.0041610 seconds, Stopping threads took: 0.0000261 seconds
184.913: [GC (Allocation Failure)  611117K->291757K(1033728K), 0.0042528 secs]
184.917: Total time for which application threads were stopped: 0.0044248 seconds, Stopping threads took: 0.0000191 seconds
184.986: [GC (Allocation Failure)  611245K->299663K(1033728K), 0.0040770 secs]
184.990: Total time for which application threads were stopped: 0.0042559 seconds, Stopping threads took: 0.0000175 seconds
185.059: [GC (Allocation Failure)  619151K->299663K(1033728K), 0.0055028 secs]
185.065: Total time for which application threads were stopped: 0.0057105 seconds, Stopping threads took: 0.0000259 seconds
185.132: [GC (Allocation Failure)  619151K->299719K(1033728K), 0.0041909 secs]
185.136: Total time for which application threads were stopped: 0.0043850 seconds, Stopping threads took: 0.0000197 seconds
185.205: [GC (Allocation Failure)  619207K->307689K(1027072K), 0.0045292 secs]
185.210: Total time for which application threads were stopped: 0.0046911 seconds, Stopping threads took: 0.0000201 seconds
185.275: [GC (Allocation Failure)  627177K->303751K(1034240K), 0.0030080 secs]
185.278: Total time for which application threads were stopped: 0.0031645 seconds, Stopping threads took: 0.0000194 seconds
185.348: [GC (Allocation Failure)  623239K->307849K(1033216K), 0.0042403 secs]
185.352: Total time for which application threads were stopped: 0.0044430 seconds, Stopping threads took: 0.0000279 seconds
185.421: [GC (Allocation Failure)  627337K->311817K(1034752K), 0.0042141 secs]
185.425: Total time for which application threads were stopped: 0.0043628 seconds, Stopping threads took: 0.0000171 seconds
185.491: [GC (Allocation Failure)  633353K->305031K(1034752K), 0.0016500 secs]
185.493: Total time for which application threads were stopped: 0.0017884 seconds, Stopping threads took: 0.0000279 seconds
185.560: [GC (Allocation Failure)  626567K->311921K(1034752K), 0.0040226 secs]
185.564: Total time for which application threads were stopped: 0.0041821 seconds, Stopping threads took: 0.0000193 seconds
185.631: [GC (Allocation Failure)  633457K->315993K(1034752K), 0.0052448 secs]
185.637: Total time for which application threads were stopped: 0.0054030 seconds, Stopping threads took: 0.0000190 seconds
185.702: [GC (Allocation Failure)  637529K->310423K(1034752K), 0.0020912 secs]
185.704: Total time for which application threads were stopped: 0.0022489 seconds, Stopping threads took: 0.0000193 seconds
185.773: [GC (Allocation Failure)  631959K->316233K(1034752K), 0.0043042 secs]
185.778: Total time for which application threads were stopped: 0.0044717 seconds, Stopping threads took: 0.0000166 seconds
185.845: [GC (Allocation Failure)  637769K->320105K(1035264K), 0.0045458 secs]
185.850: Total time for which application threads were stopped: 0.0047160 seconds, Stopping threads took: 0.0000198 seconds
185.919: [GC (Allocation Failure)  642594K->316199K(1035264K), 0.0031107 secs]
185.922: Total time for which application threads were stopped: 0.0032761 seconds, Stopping threads took: 0.0000212 seconds
185.990: [GC (Allocation Failure)  638759K->320233K(1036288K), 0.0042500 secs]
185.995: Total time for which application threads were stopped: 0.0044300 seconds, Stopping threads took: 0.0000211 seconds
186.063: [GC (Allocation Failure)  644329K->324201K(1035776K), 0.0051999 secs]
186.068: Total time for which application threads were stopped: 0.0053550 seconds, Stopping threads took: 0.0000255 seconds
186.138: [GC (Allocation Failure)  648297K->324201K(1035776K), 0.0042313 secs]
186.142: Total time for which application threads were stopped: 0.0043984 seconds, Stopping threads took: 0.0000196 seconds
186.212: [GC (Allocation Failure)  647785K->324297K(1023488K), 0.0043011 secs]
186.216: Total time for which application threads were stopped: 0.0044605 seconds, Stopping threads took: 0.0000196 seconds
186.282: [GC (Allocation Failure)  647881K->332300K(1035264K), 0.0044919 secs]
186.287: Total time for which application threads were stopped: 0.0046584 seconds, Stopping threads took: 0.0000203 seconds
186.355: [GC (Allocation Failure)  654860K->332300K(1030144K), 0.0040545 secs]
186.360: Total time for which application threads were stopped: 0.0042547 seconds, Stopping threads took: 0.0000205 seconds
186.428: [GC (Allocation Failure)  654860K->332332K(1034752K), 0.0041783 secs]
186.432: Total time for which application threads were stopped: 0.0043329 seconds, Stopping threads took: 0.0000167 seconds
186.500: [GC (Allocation Failure)  653868K->340334K(1029120K), 0.0044667 secs]
186.504: Total time for which application threads were stopped: 0.0046498 seconds, Stopping threads took: 0.0000199 seconds
186.573: [GC (Allocation Failure)  661870K->340302K(1034240K), 0.0042663 secs]
186.578: Total time for which application threads were stopped: 0.0044472 seconds, Stopping threads took: 0.0000191 seconds
186.644: [GC (Allocation Failure)  660814K->340518K(1034240K), 0.0042332 secs]
186.649: Total time for which application threads were stopped: 0.0044031 seconds, Stopping threads took: 0.0000282 seconds
186.716: [GC (Allocation Failure)  661030K->348360K(1034240K), 0.0041122 secs]
186.720: Total time for which application threads were stopped: 0.0042729 seconds, Stopping threads took: 0.0000197 seconds
186.787: [GC (Allocation Failure)  668872K->348360K(1028096K), 0.0045665 secs]
186.792: Total time for which application threads were stopped: 0.0047317 seconds, Stopping threads took: 0.0000194 seconds
186.859: [GC (Allocation Failure)  668872K->348776K(1033728K), 0.0044049 secs]
186.863: Total time for which application threads were stopped: 0.0045682 seconds, Stopping threads took: 0.0000197 seconds
186.930: [GC (Allocation Failure)  668264K->356363K(1033728K), 0.0043450 secs]
186.935: Total time for which application threads were stopped: 0.0045175 seconds, Stopping threads took: 0.0000198 seconds
187.004: [GC (Allocation Failure)  675851K->356395K(1033728K), 0.0042884 secs]
187.008: Total time for which application threads were stopped: 0.0044351 seconds, Stopping threads took: 0.0000166 seconds
187.073: [GC (Allocation Failure)  675883K->356523K(1033728K), 0.0043577 secs]
187.078: Total time for which application threads were stopped: 0.0045131 seconds, Stopping threads took: 0.0000147 seconds
187.145: [GC (Allocation Failure)  676011K->364397K(1033728K), 0.0042766 secs]
187.149: Total time for which application threads were stopped: 0.0044584 seconds, Stopping threads took: 0.0000200 seconds
187.216: [GC (Allocation Failure)  683885K->364397K(1033728K), 0.0042824 secs]
187.220: Total time for which application threads were stopped: 0.0044553 seconds, Stopping threads took: 0.0000211 seconds
187.287: [GC (Allocation Failure)  683885K->364469K(1033728K), 0.0044392 secs]
187.291: Total time for which application threads were stopped: 0.0046181 seconds, Stopping threads took: 0.0000200 seconds
187.359: [GC (Allocation Failure)  683957K->372407K(1027072K), 0.0043375 secs]
187.364: Total time for which application threads were stopped: 0.0045024 seconds, Stopping threads took: 0.0000267 seconds
187.428: [GC (Allocation Failure)  691895K->368533K(1034240K), 0.0033975 secs]
187.432: Total time for which application threads were stopped: 0.0035637 seconds, Stopping threads took: 0.0000200 seconds
187.500: [GC (Allocation Failure)  688021K->372559K(1033216K), 0.0045465 secs]
187.505: Total time for which application threads were stopped: 0.0047113 seconds, Stopping threads took: 0.0000201 seconds
187.572: [GC (Allocation Failure)  692047K->376591K(1034752K), 0.0044473 secs]
187.576: Total time for which application threads were stopped: 0.0046059 seconds, Stopping threads took: 0.0000197 seconds
187.644: [GC (Allocation Failure)  698127K->369773K(1034752K), 0.0018074 secs]
187.646: Total time for which application threads were stopped: 0.0019496 seconds, Stopping threads took: 0.0000203 seconds
187.713: [GC (Allocation Failure)  691309K->376631K(1034752K), 0.0044668 secs]
187.718: Total time for which application threads were stopped: 0.0046499 seconds, Stopping threads took: 0.0000212 seconds
187.786: [GC (Allocation Failure)  698167K->380743K(1034752K), 0.0053322 secs]
187.791: Total time for which application threads were stopped: 0.0056351 seconds, Stopping threads took: 0.0000198 seconds
187.858: [GC (Allocation Failure)  702279K->375173K(1034752K), 0.0022871 secs]
187.860: Total time for which application threads were stopped: 0.0024371 seconds, Stopping threads took: 0.0000195 seconds
187.927: [GC (Allocation Failure)  696709K->380999K(1034752K), 0.0044696 secs]
187.932: Total time for which application threads were stopped: 0.0046262 seconds, Stopping threads took: 0.0000196 seconds
187.999: [GC (Allocation Failure)  702535K->384871K(1035264K), 0.0047526 secs]
188.003: Total time for which application threads were stopped: 0.0049210 seconds, Stopping threads took: 0.0000198 seconds
188.071: [GC (Allocation Failure)  707359K->380901K(1035264K), 0.0030407 secs]
188.074: Total time for which application threads were stopped: 0.0032039 seconds, Stopping threads took: 0.0000187 seconds
188.142: [GC (Allocation Failure)  703461K->384967K(1036288K), 0.0045781 secs]
188.146: Total time for which application threads were stopped: 0.0047419 seconds, Stopping threads took: 0.0000190 seconds
188.216: [GC (Allocation Failure)  709063K->388999K(1035776K), 0.0044319 secs]
188.220: Total time for which application threads were stopped: 0.0046016 seconds, Stopping threads took: 0.0000200 seconds
188.289: [GC (Allocation Failure)  713095K->388967K(1035776K), 0.0041965 secs]
188.293: Total time for which application threads were stopped: 0.0043567 seconds, Stopping threads took: 0.0000197 seconds
188.361: [GC (Allocation Failure)  712551K->389031K(1023488K), 0.0043332 secs]
188.366: Total time for which application threads were stopped: 0.0045062 seconds, Stopping threads took: 0.0000201 seconds
188.432: [GC (Allocation Failure)  712615K->397033K(1035264K), 0.0043795 secs]
188.437: Total time for which application threads were stopped: 0.0045650 seconds, Stopping threads took: 0.0000270 seconds
188.504: [GC (Allocation Failure)  719593K->396969K(1030144K), 0.0043415 secs]
188.509: Total time for which application threads were stopped: 0.0045249 seconds, Stopping threads took: 0.0000173 seconds
188.577: [GC (Allocation Failure)  719529K->397065K(1034752K), 0.0044201 secs]
188.581: Total time for which application threads were stopped: 0.0045908 seconds, Stopping threads took: 0.0000198 seconds
188.649: [GC (Allocation Failure)  718601K->405036K(1029120K), 0.0046558 secs]
188.653: Total time for which application threads were stopped: 0.0048302 seconds, Stopping threads took: 0.0000203 seconds
188.723: [GC (Allocation Failure)  726572K->405068K(1034240K), 0.0043193 secs]
188.728: Total time for which application threads were stopped: 0.0044881 seconds, Stopping threads took: 0.0000193 seconds
188.796: [GC (Allocation Failure)  725580K->405292K(1034240K), 0.0044597 secs]
188.801: Total time for which application threads were stopped: 0.0046236 seconds, Stopping threads took: 0.0000200 seconds
188.869: [GC (Allocation Failure)  725804K->413102K(1034240K), 0.0043606 secs]
188.873: Total time for which application threads were stopped: 0.0045501 seconds, Stopping threads took: 0.0000248 seconds
188.941: [GC (Allocation Failure)  733614K->413102K(1034240K), 0.0043997 secs]
188.945: Total time for which application threads were stopped: 0.0045605 seconds, Stopping threads took: 0.0000202 seconds
189.012: [GC (Allocation Failure)  733614K->413510K(1033216K), 0.0043959 secs]
189.017: Total time for which application threads were stopped: 0.0045949 seconds, Stopping threads took: 0.0000198 seconds
189.088: [GC (Allocation Failure)  732998K->421096K(1033728K), 0.0045302 secs]
189.092: Total time for which application threads were stopped: 0.0046803 seconds, Stopping threads took: 0.0000168 seconds
189.160: [GC (Allocation Failure)  740584K->421064K(1033728K), 0.0044508 secs]
189.165: Total time for which application threads were stopped: 0.0046148 seconds, Stopping threads took: 0.0000204 seconds
189.230: [GC (Allocation Failure)  740552K->421224K(1033728K), 0.0045258 secs]
189.234: Total time for which application threads were stopped: 0.0046858 seconds, Stopping threads took: 0.0000197 seconds
189.302: [GC (Allocation Failure)  740712K->429130K(1033728K), 0.0050191 secs]
189.307: Total time for which application threads were stopped: 0.0051856 seconds, Stopping threads took: 0.0000267 seconds
189.375: [GC (Allocation Failure)  748618K->429162K(1033728K), 0.0045238 secs]
189.379: Total time for which application threads were stopped: 0.0046839 seconds, Stopping threads took: 0.0000197 seconds
189.446: [GC (Allocation Failure)  748650K->429194K(1033728K), 0.0044152 secs]
189.451: Total time for which application threads were stopped: 0.0045831 seconds, Stopping threads took: 0.0000193 seconds
189.517: [GC (Allocation Failure)  748682K->437165K(1027072K), 0.0046435 secs]
189.522: Total time for which application threads were stopped: 0.0048130 seconds, Stopping threads took: 0.0000208 seconds
189.587: [GC (Allocation Failure)  756652K->433290K(1034240K), 0.0035161 secs]
189.591: Total time for which application threads were stopped: 0.0036885 seconds, Stopping threads took: 0.0000202 seconds
189.660: [GC (Allocation Failure)  752778K->437325K(1033216K), 0.0046320 secs]
189.664: Total time for which application threads were stopped: 0.0048189 seconds, Stopping threads took: 0.0000214 seconds
189.731: [GC (Allocation Failure)  756813K->441293K(1034752K), 0.0043608 secs]
189.736: Total time for which application threads were stopped: 0.0045236 seconds, Stopping threads took: 0.0000208 seconds
189.802: [GC (Allocation Failure)  762829K->434538K(1034752K), 0.0017593 secs]
189.804: Total time for which application threads were stopped: 0.0019009 seconds, Stopping threads took: 0.0000279 seconds
189.873: [GC (Allocation Failure)  756074K->441365K(1034752K), 0.0043676 secs]
189.878: Total time for which application threads were stopped: 0.0045242 seconds, Stopping threads took: 0.0000172 seconds
189.943: [GC (Allocation Failure)  762901K->445445K(1034752K), 0.0054793 secs]
189.949: Total time for which application threads were stopped: 0.0056409 seconds, Stopping threads took: 0.0000208 seconds
190.015: [GC (Allocation Failure)  766981K->439874K(1034752K), 0.0026281 secs]
190.018: Total time for which application threads were stopped: 0.0027819 seconds, Stopping threads took: 0.0000189 seconds
190.087: [GC (Allocation Failure)  761410K->445717K(1034752K), 0.0045210 secs]
190.092: Total time for which application threads were stopped: 0.0046901 seconds, Stopping threads took: 0.0000278 seconds
190.159: [GC (Allocation Failure)  767253K->449581K(1034752K), 0.0047157 secs]
190.164: Total time for which application threads were stopped: 0.0048874 seconds, Stopping threads took: 0.0000202 seconds
190.231: [GC (Allocation Failure)  772069K->445642K(1035264K), 0.0032613 secs]
190.235: Total time for which application threads were stopped: 0.0034309 seconds, Stopping threads took: 0.0000209 seconds
190.303: [GC (Allocation Failure)  768202K->449741K(1036288K), 0.0044566 secs]
190.308: Total time for which application threads were stopped: 0.0046362 seconds, Stopping threads took: 0.0000285 seconds
190.376: [GC (Allocation Failure)  773837K->453741K(1035776K), 0.0043654 secs]
190.380: Total time for which application threads were stopped: 0.0045621 seconds, Stopping threads took: 0.0000333 seconds
190.449: [GC (Allocation Failure)  777837K->453741K(1035776K), 0.0043300 secs]
190.453: Total time for which application threads were stopped: 0.0045004 seconds, Stopping threads took: 0.0000199 seconds
190.521: [GC (Allocation Failure)  777325K->453797K(1023488K), 0.0045627 secs]
190.526: Total time for which application threads were stopped: 0.0047122 seconds, Stopping threads took: 0.0000172 seconds
190.592: [GC (Allocation Failure)  777381K->461703K(1035264K), 0.0045461 secs]
190.597: Total time for which application threads were stopped: 0.0047119 seconds, Stopping threads took: 0.0000204 seconds
190.664: [GC (Allocation Failure)  784263K->461735K(1030144K), 0.0042798 secs]
190.669: Total time for which application threads were stopped: 0.0044430 seconds, Stopping threads took: 0.0000195 seconds
190.738: [GC (Allocation Failure)  784295K->461799K(1034752K), 0.0045960 secs]
190.743: Total time for which application threads were stopped: 0.0047580 seconds, Stopping threads took: 0.0000199 seconds
190.811: [GC (Allocation Failure)  783335K->469737K(1034752K), 0.0045526 secs]
190.815: Total time for which application threads were stopped: 0.0047203 seconds, Stopping threads took: 0.0000267 seconds
190.884: [GC (Allocation Failure)  791273K->469769K(1033728K), 0.0043938 secs]
190.888: Total time for which application threads were stopped: 0.0045623 seconds, Stopping threads took: 0.0000200 seconds
190.957: [GC (Allocation Failure)  790281K->469993K(1034240K), 0.0044323 secs]
190.961: Total time for which application threads were stopped: 0.0046028 seconds, Stopping threads took: 0.0000205 seconds
191.028: [GC (Allocation Failure)  790505K->477803K(1034240K), 0.0044909 secs]
191.033: Total time for which application threads were stopped: 0.0046657 seconds, Stopping threads took: 0.0000195 seconds
191.102: [GC (Allocation Failure)  798315K->477803K(1034240K), 0.0046880 secs]
191.107: Total time for which application threads were stopped: 0.0048588 seconds, Stopping threads took: 0.0000203 seconds
191.173: [GC (Allocation Failure)  798315K->478211K(1033216K), 0.0047122 secs]
191.178: Total time for which application threads were stopped: 0.0048769 seconds, Stopping threads took: 0.0000204 seconds
191.245: [GC (Allocation Failure)  797699K->485862K(1033728K), 0.0046134 secs]
191.250: Total time for which application threads were stopped: 0.0047833 seconds, Stopping threads took: 0.0000208 seconds
191.318: [GC (Allocation Failure)  805350K->485862K(1033728K), 0.0044142 secs]
191.322: Total time for which application threads were stopped: 0.0045761 seconds, Stopping threads took: 0.0000201 seconds
191.387: [GC (Allocation Failure)  805350K->485966K(1033728K), 0.0048184 secs]
191.392: Total time for which application threads were stopped: 0.0049881 seconds, Stopping threads took: 0.0000206 seconds
191.459: [GC (Allocation Failure)  805454K->493904K(1033728K), 0.0045143 secs]
191.463: Total time for which application threads were stopped: 0.0046718 seconds, Stopping threads took: 0.0000197 seconds
191.532: [GC (Allocation Failure)  813392K->493872K(1033728K), 0.0046329 secs]
191.536: Total time for which application threads were stopped: 0.0047909 seconds, Stopping threads took: 0.0000192 seconds
191.603: [GC (Allocation Failure)  813360K->493928K(1033728K), 0.0046468 secs]
191.607: Total time for which application threads were stopped: 0.0048090 seconds, Stopping threads took: 0.0000197 seconds
191.674: [GC (Allocation Failure)  813416K->501898K(1027072K), 0.0065399 secs]
191.681: Total time for which application threads were stopped: 0.0067029 seconds, Stopping threads took: 0.0000200 seconds
191.745: [GC (Allocation Failure)  821386K->498024K(1034240K), 0.0038919 secs]
191.749: Total time for which application threads were stopped: 0.0040778 seconds, Stopping threads took: 0.0000216 seconds
191.817: [GC (Allocation Failure)  817512K->502026K(1033216K), 0.0045539 secs]
191.821: Total time for which application threads were stopped: 0.0047137 seconds, Stopping threads took: 0.0000263 seconds
191.888: [GC (Allocation Failure)  821514K->506026K(1034752K), 0.0046173 secs]
191.893: Total time for which application threads were stopped: 0.0047975 seconds, Stopping threads took: 0.0000206 seconds
191.959: [GC (Allocation Failure)  827562K->499240K(1034752K), 0.0020589 secs]
191.961: Total time for which application threads were stopped: 0.0021868 seconds, Stopping threads took: 0.0000198 seconds
192.028: [GC (Allocation Failure)  820776K->506090K(1034752K), 0.0044854 secs]
192.032: Total time for which application threads were stopped: 0.0046571 seconds, Stopping threads took: 0.0000202 seconds
192.099: [GC (Allocation Failure)  827626K->510170K(1034752K), 0.0054044 secs]
192.105: Total time for which application threads were stopped: 0.0055758 seconds, Stopping threads took: 0.0000205 seconds
192.170: [GC (Allocation Failure)  831706K->504632K(1034752K), 0.0027009 secs]
192.172: Total time for which application threads were stopped: 0.0028585 seconds, Stopping threads took: 0.0000203 seconds
192.239: [GC (Allocation Failure)  826168K->510442K(1034752K), 0.0046231 secs]
192.244: Total time for which application threads were stopped: 0.0047922 seconds, Stopping threads took: 0.0000215 seconds
192.311: [GC (Allocation Failure)  831978K->514314K(1034752K), 0.0048086 secs]
192.316: Total time for which application threads were stopped: 0.0049737 seconds, Stopping threads took: 0.0000260 seconds
192.382: [GC (Allocation Failure)  836803K->510440K(1035264K), 0.0035023 secs]
192.386: Total time for which application threads were stopped: 0.0036922 seconds, Stopping threads took: 0.0000192 seconds
192.455: [GC (Allocation Failure)  833000K->514466K(1036288K), 0.0055029 secs]
192.460: Total time for which application threads were stopped: 0.0056717 seconds, Stopping threads took: 0.0000171 seconds
192.529: [GC (Allocation Failure)  838562K->518466K(1035776K), 0.0044793 secs]
192.534: Total time for which application threads were stopped: 0.0046694 seconds, Stopping threads took: 0.0000196 seconds
192.603: [GC (Allocation Failure)  842562K->518434K(1035776K), 0.0046062 secs]
192.608: Total time for which application threads were stopped: 0.0047933 seconds, Stopping threads took: 0.0000204 seconds
192.675: [GC (Allocation Failure)  842018K->518506K(1023488K), 0.0046395 secs]
192.680: Total time for which application threads were stopped: 0.0048096 seconds, Stopping threads took: 0.0000203 seconds
192.747: [GC (Allocation Failure)  842090K->526509K(1035264K), 0.0047312 secs]
192.752: Total time for which application threads were stopped: 0.0049132 seconds, Stopping threads took: 0.0000202 seconds
192.821: [GC (Allocation Failure)  849069K->526477K(1030144K), 0.0044321 secs]
192.825: Total time for which application threads were stopped: 0.0046478 seconds, Stopping threads took: 0.0000260 seconds
192.894: [GC (Allocation Failure)  849037K->526533K(1034752K), 0.0046665 secs]
192.899: Total time for which application threads were stopped: 0.0048371 seconds, Stopping threads took: 0.0000171 seconds
192.966: [GC (Allocation Failure)  848069K->534535K(1029120K), 0.0048431 secs]
192.971: Total time for which application threads were stopped: 0.0050200 seconds, Stopping threads took: 0.0000201 seconds
193.039: [GC (Allocation Failure)  856071K->534535K(1034240K), 0.0045810 secs]
193.044: Total time for which application threads were stopped: 0.0047482 seconds, Stopping threads took: 0.0000211 seconds
193.111: [GC (Allocation Failure)  855047K->534759K(1034240K), 0.0048131 secs]
193.116: Total time for which application threads were stopped: 0.0049843 seconds, Stopping threads took: 0.0000200 seconds
193.184: [GC (Allocation Failure)  855271K->542537K(1034240K), 0.0046153 secs]
193.189: Total time for which application threads were stopped: 0.0048047 seconds, Stopping threads took: 0.0000250 seconds
193.257: [GC (Allocation Failure)  863049K->542537K(1034240K), 0.0045599 secs]
193.261: Total time for which application threads were stopped: 0.0047561 seconds, Stopping threads took: 0.0000207 seconds
193.330: [GC (Allocation Failure)  863049K->542985K(1033216K), 0.0047781 secs]
193.335: Total time for which application threads were stopped: 0.0049350 seconds, Stopping threads took: 0.0000251 seconds
193.402: [GC (Allocation Failure)  862473K->550603K(1033728K), 0.0046175 secs]
193.407: Total time for which application threads were stopped: 0.0047806 seconds, Stopping threads took: 0.0000253 seconds
193.475: [GC (Allocation Failure)  870091K->550571K(1033728K), 0.0047570 secs]
193.480: Total time for which application threads were stopped: 0.0049189 seconds, Stopping threads took: 0.0000205 seconds
193.545: [GC (Allocation Failure)  870059K->550699K(1033728K), 0.0047804 secs]
193.550: Total time for which application threads were stopped: 0.0049450 seconds, Stopping threads took: 0.0000194 seconds
193.617: [GC (Allocation Failure)  870187K->558638K(1033728K), 0.0054100 secs]
193.623: Total time for which application threads were stopped: 0.0056005 seconds, Stopping threads took: 0.0000216 seconds
193.690: [GC (Allocation Failure)  878126K->558638K(1033728K), 0.0056705 secs]
193.696: Total time for which application threads were stopped: 0.0058547 seconds, Stopping threads took: 0.0000216 seconds
193.763: [GC (Allocation Failure)  878126K->558678K(1033728K), 0.0065929 secs]
193.770: Total time for which application threads were stopped: 0.0067774 seconds, Stopping threads took: 0.0000222 seconds
193.838: [GC (Allocation Failure)  878166K->566680K(1027072K), 0.0047607 secs]
193.843: Total time for which application threads were stopped: 0.0049362 seconds, Stopping threads took: 0.0000270 seconds
193.909: [GC (Allocation Failure)  886167K->562774K(1034240K), 0.0036794 secs]
193.913: Total time for which application threads were stopped: 0.0038554 seconds, Stopping threads took: 0.0000200 seconds
193.981: [GC (Allocation Failure)  882262K->566808K(1033216K), 0.0049037 secs]
193.986: Total time for which application threads were stopped: 0.0050984 seconds, Stopping threads took: 0.0000199 seconds
194.054: [GC (Allocation Failure)  886296K->570744K(1034752K), 0.0067426 secs]
194.061: Total time for which application threads were stopped: 0.0068840 seconds, Stopping threads took: 0.0000170 seconds
194.128: [GC (Allocation Failure)  892280K->563990K(1034752K), 0.0022738 secs]
194.130: Total time for which application threads were stopped: 0.0024226 seconds, Stopping threads took: 0.0000206 seconds
194.197: [GC (Allocation Failure)  885526K->570848K(1034752K), 0.0045254 secs]
194.201: Total time for which application threads were stopped: 0.0046946 seconds, Stopping threads took: 0.0000206 seconds
194.267: [GC (Allocation Failure)  892384K->574960K(1034752K), 0.0055626 secs]
194.272: Total time for which application threads were stopped: 0.0057298 seconds, Stopping threads took: 0.0000196 seconds
194.338: [GC (Allocation Failure)  896496K->569390K(1034752K), 0.0029949 secs]
194.341: Total time for which application threads were stopped: 0.0031585 seconds, Stopping threads took: 0.0000196 seconds
194.408: [GC (Allocation Failure)  890926K->575200K(1034752K), 0.0048809 secs]
194.413: Total time for which application threads were stopped: 0.0050443 seconds, Stopping threads took: 0.0000191 seconds
194.479: [GC (Allocation Failure)  896736K->579064K(1035264K), 0.0049180 secs]
194.484: Total time for which application threads were stopped: 0.0051092 seconds, Stopping threads took: 0.0000202 seconds
194.552: [GC (Allocation Failure)  901552K->575126K(1035264K), 0.0036871 secs]
194.556: Total time for which application threads were stopped: 0.0038324 seconds, Stopping threads took: 0.0000170 seconds
194.626: [GC (Allocation Failure)  897686K->579216K(1036288K), 0.0047102 secs]
194.631: Total time for which application threads were stopped: 0.0048963 seconds, Stopping threads took: 0.0000192 seconds
194.700: [GC (Allocation Failure)  903312K->583216K(1035776K), 0.0045824 secs]
194.705: Total time for which application threads were stopped: 0.0047560 seconds, Stopping threads took: 0.0000210 seconds
194.773: [GC (Allocation Failure)  907312K->583216K(1035776K), 0.0048813 secs]
194.778: Total time for which application threads were stopped: 0.0050512 seconds, Stopping threads took: 0.0000204 seconds
194.846: [GC (Allocation Failure)  906800K->583248K(1023488K), 0.0064134 secs]
194.852: Total time for which application threads were stopped: 0.0065970 seconds, Stopping threads took: 0.0000265 seconds
194.920: [GC (Allocation Failure)  906832K->591218K(1035264K), 0.0048790 secs]
194.925: Total time for which application threads were stopped: 0.0050490 seconds, Stopping threads took: 0.0000219 seconds
194.993: [GC (Allocation Failure)  913778K->591186K(1030144K), 0.0047508 secs]
194.998: Total time for which application threads were stopped: 0.0049450 seconds, Stopping threads took: 0.0000202 seconds
195.068: [GC (Allocation Failure)  913746K->591250K(1034752K), 0.0053883 secs]
195.074: Total time for which application threads were stopped: 0.0055836 seconds, Stopping threads took: 0.0000252 seconds
195.141: [GC (Allocation Failure)  912786K->599220K(1034752K), 0.0047739 secs]
195.146: Total time for which application threads were stopped: 0.0049299 seconds, Stopping threads took: 0.0000186 seconds
195.213: [GC (Allocation Failure)  920756K->599284K(1033728K), 0.0046771 secs]
195.218: Total time for which application threads were stopped: 0.0048355 seconds, Stopping threads took: 0.0000192 seconds
195.285: [GC (Allocation Failure)  919796K->599500K(1034240K), 0.0048967 secs]
195.290: Total time for which application threads were stopped: 0.0050642 seconds, Stopping threads took: 0.0000200 seconds
195.358: [GC (Allocation Failure)  920012K->607279K(1034240K), 0.0046561 secs]
195.362: Total time for which application threads were stopped: 0.0048501 seconds, Stopping threads took: 0.0000432 seconds
195.430: [GC (Allocation Failure)  927791K->607279K(1034240K), 0.0048155 secs]
195.435: Total time for which application threads were stopped: 0.0049953 seconds, Stopping threads took: 0.0000201 seconds
195.501: [GC (Allocation Failure)  927791K->607719K(1033216K), 0.0048527 secs]
195.506: Total time for which application threads were stopped: 0.0050342 seconds, Stopping threads took: 0.0000208 seconds
195.573: [GC (Allocation Failure)  927207K->615305K(1033728K), 0.0049350 secs]
195.578: Total time for which application threads were stopped: 0.0051043 seconds, Stopping threads took: 0.0000194 seconds
195.645: [GC (Allocation Failure)  934793K->615305K(1033728K), 0.0048880 secs]
195.650: Total time for which application threads were stopped: 0.0050629 seconds, Stopping threads took: 0.0000215 seconds
195.715: [GC (Allocation Failure)  934793K->615433K(1033728K), 0.0049242 secs]
195.720: Total time for which application threads were stopped: 0.0050996 seconds, Stopping threads took: 0.0000210 seconds
195.787: [GC (Allocation Failure)  934921K->623371K(1033728K), 0.0048133 secs]
195.792: Total time for which application threads were stopped: 0.0049735 seconds, Stopping threads took: 0.0000197 seconds
195.859: [GC (Allocation Failure)  942859K->623307K(1033728K), 0.0056736 secs]
195.865: Total time for which application threads were stopped: 0.0058501 seconds, Stopping threads took: 0.0000267 seconds
195.931: [GC (Allocation Failure)  942795K->623395K(1033728K), 0.0064157 secs]
195.938: Total time for which application threads were stopped: 0.0066042 seconds, Stopping threads took: 0.0000214 seconds
196.005: [GC (Allocation Failure)  942883K->631333K(1027072K), 0.0051234 secs]
196.010: Total time for which application threads were stopped: 0.0053005 seconds, Stopping threads took: 0.0000207 seconds
196.076: [GC (Allocation Failure)  950821K->627459K(1034240K), 0.0037911 secs]
196.079: Total time for which application threads were stopped: 0.0039799 seconds, Stopping threads took: 0.0000183 seconds
196.148: [GC (Allocation Failure)  946947K->631533K(1033216K), 0.0047649 secs]
196.153: Total time for which application threads were stopped: 0.0049262 seconds, Stopping threads took: 0.0000168 seconds
196.220: [GC (Allocation Failure)  951021K->635501K(1034752K), 0.0047325 secs]
196.224: Total time for which application threads were stopped: 0.0049086 seconds, Stopping threads took: 0.0000203 seconds
196.291: [GC (Allocation Failure)  957037K->628715K(1034752K), 0.0023358 secs]
196.293: Total time for which application threads were stopped: 0.0024855 seconds, Stopping threads took: 0.0000278 seconds
196.360: [GC (Allocation Failure)  950251K->635541K(1034752K), 0.0046105 secs]
196.365: Total time for which application threads were stopped: 0.0047709 seconds, Stopping threads took: 0.0000194 seconds
196.430: [GC (Allocation Failure)  957077K->639621K(1034752K), 0.0057334 secs]
196.436: Total time for which application threads were stopped: 0.0059336 seconds, Stopping threads took: 0.0000197 seconds
196.503: [GC (Allocation Failure)  961157K->634115K(1034752K), 0.0028166 secs]
196.506: Total time for which application threads were stopped: 0.0029772 seconds, Stopping threads took: 0.0000252 seconds
196.573: [GC (Allocation Failure)  955651K->639925K(1034752K), 0.0049594 secs]
196.578: Total time for which application threads were stopped: 0.0051549 seconds, Stopping threads took: 0.0000199 seconds
196.647: [GC (Allocation Failure)  961461K->643797K(1034752K), 0.0052150 secs]
196.652: Total time for which application threads were stopped: 0.0054127 seconds, Stopping threads took: 0.0000272 seconds
196.720: [GC (Allocation Failure)  966286K->639891K(1035264K), 0.0036532 secs]
196.724: Total time for which application threads were stopped: 0.0038191 seconds, Stopping threads took: 0.0000193 seconds
196.792: [GC (Allocation Failure)  962451K->643949K(1036288K), 0.0049752 secs]
196.797: Total time for which application threads were stopped: 0.0051349 seconds, Stopping threads took: 0.0000190 seconds
196.865: [GC (Allocation Failure)  968045K->647949K(1035776K), 0.0046759 secs]
196.869: Total time for which application threads were stopped: 0.0048444 seconds, Stopping threads took: 0.0000278 seconds
196.938: [GC (Allocation Failure)  972045K->647917K(1035776K), 0.0049052 secs]
196.943: Total time for which application threads were stopped: 0.0050723 seconds, Stopping threads took: 0.0000196 seconds
197.010: [GC (Allocation Failure)  971501K->647973K(1023488K), 0.0049528 secs]
197.015: Total time for which application threads were stopped: 0.0051102 seconds, Stopping threads took: 0.0000198 seconds
197.082: [GC (Allocation Failure)  971557K->655976K(1035264K), 0.0052515 secs]
197.087: Total time for which application threads were stopped: 0.0054206 seconds, Stopping threads took: 0.0000195 seconds
197.154: [GC (Allocation Failure)  978536K->655944K(1030144K), 0.0047597 secs]
197.159: Total time for which application threads were stopped: 0.0049395 seconds, Stopping threads took: 0.0000198 seconds
197.226: [GC (Allocation Failure)  978504K->656008K(1034752K), 0.0048559 secs]
197.231: Total time for which application threads were stopped: 0.0050119 seconds, Stopping threads took: 0.0000196 seconds
197.298: [GC (Allocation Failure)  977544K->663978K(1034752K), 0.0050535 secs]
197.303: Total time for which application threads were stopped: 0.0052305 seconds, Stopping threads took: 0.0000187 seconds
197.371: [GC (Allocation Failure)  985514K->663978K(1033728K), 0.0049046 secs]
197.376: Total time for which application threads were stopped: 0.0050728 seconds, Stopping threads took: 0.0000196 seconds
197.444: [GC (Allocation Failure)  984490K->664234K(1034240K), 0.0049350 secs]
197.449: Total time for which application threads were stopped: 0.0051090 seconds, Stopping threads took: 0.0000278 seconds
197.519: [GC (Allocation Failure)  984746K->672044K(1034240K), 0.0046890 secs]
197.524: Total time for which application threads were stopped: 0.0048515 seconds, Stopping threads took: 0.0000196 seconds
197.591: [GC (Allocation Failure)  992556K->672044K(1034240K), 0.0048299 secs]
197.596: Total time for which application threads were stopped: 0.0050023 seconds, Stopping threads took: 0.0000201 seconds
197.664: [GC (Allocation Failure)  992556K->672420K(1033216K), 0.0051106 secs]
197.670: Total time for which application threads were stopped: 0.0052759 seconds, Stopping threads took: 0.0000201 seconds
197.737: [GC (Allocation Failure)  991908K->680071K(1033728K), 0.0050678 secs]
197.742: Total time for which application threads were stopped: 0.0052305 seconds, Stopping threads took: 0.0000203 seconds
197.810: [GC (Allocation Failure)  999559K->680039K(1033728K), 0.0049443 secs]
197.815: Total time for which application threads were stopped: 0.0051339 seconds, Stopping threads took: 0.0000270 seconds
197.880: [GC (Allocation Failure)  999527K->680167K(1033728K), 0.0047916 secs]
197.885: Total time for which application threads were stopped: 0.0049557 seconds, Stopping threads took: 0.0000205 seconds
197.954: [GC (Allocation Failure)  999655K->688073K(1033728K), 0.0048979 secs]
197.959: Total time for which application threads were stopped: 0.0050578 seconds, Stopping threads took: 0.0000199 seconds
198.025: [GC (Allocation Failure)  1007561K->688073K(1033728K), 0.0048616 secs]
198.030: Total time for which application threads were stopped: 0.0050515 seconds, Stopping threads took: 0.0000195 seconds
198.099: [GC (Allocation Failure)  1007561K->688137K(1033728K), 0.0050438 secs]
198.104: [Full GC (Ergonomics)  688137K->8540K(1033728K), 0.0123488 secs]
198.117: Total time for which application threads were stopped: 0.0176702 seconds, Stopping threads took: 0.0000193 seconds
198.184: [GC (Allocation Failure)  328028K->16703K(1027072K), 0.0039131 secs]
198.188: Total time for which application threads were stopped: 0.0040686 seconds, Stopping threads took: 0.0000169 seconds
198.252: [GC (Allocation Failure)  336190K->12820K(1034240K), 0.0024933 secs]
198.255: Total time for which application threads were stopped: 0.0026452 seconds, Stopping threads took: 0.0000198 seconds
198.322: [GC (Allocation Failure)  332308K->16879K(1033216K), 0.0037404 secs]
198.326: Total time for which application threads were stopped: 0.0039081 seconds, Stopping threads took: 0.0000255 seconds
198.393: [GC (Allocation Failure)  336367K->20847K(1034752K), 0.0035602 secs]
198.397: Total time for which application threads were stopped: 0.0037361 seconds, Stopping threads took: 0.0000216 seconds
198.463: [GC (Allocation Failure)  342383K->14060K(1034752K), 0.0009920 secs]
198.464: Total time for which application threads were stopped: 0.0011185 seconds, Stopping threads took: 0.0000202 seconds
198.531: [GC (Allocation Failure)  335596K->20919K(1034752K), 0.0037211 secs]
198.535: Total time for which application threads were stopped: 0.0039046 seconds, Stopping threads took: 0.0000225 seconds
198.602: [GC (Allocation Failure)  342455K->24999K(1034752K), 0.0046194 secs]
198.607: Total time for which application threads were stopped: 0.0047691 seconds, Stopping threads took: 0.0000176 seconds
198.674: [GC (Allocation Failure)  346535K->19428K(1034752K), 0.0016199 secs]
198.676: Total time for which application threads were stopped: 0.0017743 seconds, Stopping threads took: 0.0000201 seconds
198.745: [GC (Allocation Failure)  340964K->25263K(1034752K), 0.0035778 secs]
198.749: Total time for which application threads were stopped: 0.0037167 seconds, Stopping threads took: 0.0000167 seconds
198.816: [GC (Allocation Failure)  346799K->29135K(1035264K), 0.0041369 secs]
198.820: Total time for which application threads were stopped: 0.0043178 seconds, Stopping threads took: 0.0000286 seconds
198.887: [GC (Allocation Failure)  351623K->25260K(1035264K), 0.0023322 secs]
198.889: Total time for which application threads were stopped: 0.0025050 seconds, Stopping threads took: 0.0000291 seconds
198.958: [GC (Allocation Failure)  347820K->29295K(1036288K), 0.0036765 secs]
198.961: Total time for which application threads were stopped: 0.0038773 seconds, Stopping threads took: 0.0000218 seconds
199.029: [GC (Allocation Failure)  353391K->33295K(1035776K), 0.0035737 secs]
199.033: Total time for which application threads were stopped: 0.0037454 seconds, Stopping threads took: 0.0000206 seconds
199.102: [GC (Allocation Failure)  357391K->33295K(1035776K), 0.0036437 secs]
199.106: Total time for which application threads were stopped: 0.0038139 seconds, Stopping threads took: 0.0000202 seconds
199.174: [GC (Allocation Failure)  356879K->33319K(1023488K), 0.0037458 secs]
199.177: Total time for which application threads were stopped: 0.0039291 seconds, Stopping threads took: 0.0000202 seconds
199.244: [GC (Allocation Failure)  356903K->41321K(1035264K), 0.0038201 secs]
199.248: Total time for which application threads were stopped: 0.0039910 seconds, Stopping threads took: 0.0000199 seconds
199.316: [GC (Allocation Failure)  363881K->41257K(1030144K), 0.0034059 secs]
199.319: Total time for which application threads were stopped: 0.0035932 seconds, Stopping threads took: 0.0000275 seconds
199.387: [GC (Allocation Failure)  363817K->41313K(1034752K), 0.0045151 secs]
199.391: Total time for which application threads were stopped: 0.0046796 seconds, Stopping threads took: 0.0000259 seconds
199.459: [GC (Allocation Failure)  362849K->49347K(1029120K), 0.0039148 secs]
199.463: Total time for which application threads were stopped: 0.0040772 seconds, Stopping threads took: 0.0000196 seconds
199.531: [GC (Allocation Failure)  370883K->49347K(1034240K), 0.0036600 secs]
199.534: Total time for which application threads were stopped: 0.0038291 seconds, Stopping threads took: 0.0000201 seconds
199.601: [GC (Allocation Failure)  369859K->49539K(1034240K), 0.0045677 secs]
199.606: Total time for which application threads were stopped: 0.0047534 seconds, Stopping threads took: 0.0000206 seconds
199.675: [GC (Allocation Failure)  370051K->57349K(1034240K), 0.0036688 secs]
199.679: Total time for which application threads were stopped: 0.0038525 seconds, Stopping threads took: 0.0000215 seconds
199.748: [GC (Allocation Failure)  377861K->57349K(1034240K), 0.0036342 secs]
199.752: Total time for which application threads were stopped: 0.0037958 seconds, Stopping threads took: 0.0000199 seconds
199.818: [GC (Allocation Failure)  377861K->57805K(1033216K), 0.0038349 secs]
199.822: Total time for which application threads were stopped: 0.0039958 seconds, Stopping threads took: 0.0000264 seconds
199.890: [GC (Allocation Failure)  377293K->65424K(1033728K), 0.0038967 secs]
199.894: Total time for which application threads were stopped: 0.0040763 seconds, Stopping threads took: 0.0000201 seconds
199.961: [GC (Allocation Failure)  384912K->65360K(1033728K), 0.0035863 secs]
199.964: Total time for which application threads were stopped: 0.0037792 seconds, Stopping threads took: 0.0000195 seconds
200.030: [GC (Allocation Failure)  384848K->65512K(1033728K), 0.0036162 secs]
200.034: Total time for which application threads were stopped: 0.0037646 seconds, Stopping threads took: 0.0000169 seconds
200.102: [GC (Allocation Failure)  385000K->73386K(1033728K), 0.0037315 secs]
200.106: Total time for which application threads were stopped: 0.0038808 seconds, Stopping threads took: 0.0000171 seconds
200.172: [GC (Allocation Failure)  392874K->73450K(1033728K), 0.0036510 secs]
200.176: Total time for which application threads were stopped: 0.0038186 seconds, Stopping threads took: 0.0000197 seconds
200.243: [GC (Allocation Failure)  392938K->73482K(1033728K), 0.0038257 secs]
200.246: Total time for which application threads were stopped: 0.0039858 seconds, Stopping threads took: 0.0000199 seconds
200.315: [GC (Allocation Failure)  392970K->81452K(1027072K), 0.0037557 secs]
200.319: Total time for which application threads were stopped: 0.0039195 seconds, Stopping threads took: 0.0000251 seconds
200.385: [GC (Allocation Failure)  400940K->77578K(1034240K), 0.0027035 secs]
200.387: Total time for which application threads were stopped: 0.0028636 seconds, Stopping threads took: 0.0000252 seconds
200.456: [GC (Allocation Failure)  397066K->81612K(1033216K), 0.0039531 secs]
200.460: Total time for which application threads were stopped: 0.0041326 seconds, Stopping threads took: 0.0000201 seconds
200.527: [GC (Allocation Failure)  401100K->85548K(1034752K), 0.0037838 secs]
200.531: Total time for which application threads were stopped: 0.0039435 seconds, Stopping threads took: 0.0000201 seconds
200.597: [GC (Allocation Failure)  407084K->78794K(1034752K), 0.0012493 secs]
200.599: Total time for which application threads were stopped: 0.0013848 seconds, Stopping threads took: 0.0000186 seconds
200.668: [GC (Allocation Failure)  400330K->85644K(1034752K), 0.0035935 secs]
200.671: Total time for which application threads were stopped: 0.0037571 seconds, Stopping threads took: 0.0000195 seconds
200.737: [GC (Allocation Failure)  407180K->89724K(1034752K), 0.0047740 secs]
200.742: Total time for which application threads were stopped: 0.0049757 seconds, Stopping threads took: 0.0000213 seconds
200.808: [GC (Allocation Failure)  411260K->84186K(1034752K), 0.0018314 secs]
200.810: Total time for which application threads were stopped: 0.0019628 seconds, Stopping threads took: 0.0000171 seconds
200.877: [GC (Allocation Failure)  405722K->89996K(1034752K), 0.0040156 secs]
200.882: Total time for which application threads were stopped: 0.0042108 seconds, Stopping threads took: 0.0000203 seconds
200.951: [GC (Allocation Failure)  411532K->93900K(1034752K), 0.0040002 secs]
200.955: Total time for which application threads were stopped: 0.0041660 seconds, Stopping threads took: 0.0000176 seconds
201.023: [GC (Allocation Failure)  416388K->89930K(1035264K), 0.0024652 secs]
201.026: Total time for which application threads were stopped: 0.0026280 seconds, Stopping threads took: 0.0000199 seconds
201.095: [GC (Allocation Failure)  412490K->94028K(1036288K), 0.0037668 secs]
201.098: Total time for which application threads were stopped: 0.0039392 seconds, Stopping threads took: 0.0000204 seconds
201.166: [GC (Allocation Failure)  418124K->97964K(1035776K), 0.0042969 secs]
201.170: Total time for which application threads were stopped: 0.0044598 seconds, Stopping threads took: 0.0000202 seconds
201.240: [GC (Allocation Failure)  422060K->97996K(1035776K), 0.0035463 secs]
201.244: Total time for which application threads were stopped: 0.0037444 seconds, Stopping threads took: 0.0000210 seconds
201.313: [GC (Allocation Failure)  421580K->98060K(1023488K), 0.0036892 secs]
201.317: Total time for which application threads were stopped: 0.0038295 seconds, Stopping threads took: 0.0000169 seconds
201.385: [GC (Allocation Failure)  421644K->106030K(1035264K), 0.0038182 secs]
201.389: Total time for which application threads were stopped: 0.0040084 seconds, Stopping threads took: 0.0000275 seconds
201.459: [GC (Allocation Failure)  428590K->105998K(1030144K), 0.0036664 secs]
201.463: Total time for which application threads were stopped: 0.0038359 seconds, Stopping threads took: 0.0000194 seconds
201.531: [GC (Allocation Failure)  428558K->106094K(1034752K), 0.0038808 secs]
201.535: Total time for which application threads were stopped: 0.0040909 seconds, Stopping threads took: 0.0000201 seconds
201.603: [GC (Allocation Failure)  427630K->114065K(1034752K), 0.0039870 secs]
201.607: Total time for which application threads were stopped: 0.0041576 seconds, Stopping threads took: 0.0000203 seconds
201.675: [GC (Allocation Failure)  435601K->114065K(1033728K), 0.0035661 secs]
201.679: Total time for which application threads were stopped: 0.0037381 seconds, Stopping threads took: 0.0000208 seconds
201.747: [GC (Allocation Failure)  434577K->114321K(1034240K), 0.0043783 secs]
201.751: Total time for which application threads were stopped: 0.0045733 seconds, Stopping threads took: 0.0000203 seconds
201.821: [GC (Allocation Failure)  434833K->122099K(1034240K), 0.0037976 secs]
201.825: Total time for which application threads were stopped: 0.0039600 seconds, Stopping threads took: 0.0000253 seconds
201.894: [GC (Allocation Failure)  442611K->122131K(1034240K), 0.0038426 secs]
201.898: Total time for which application threads were stopped: 0.0040050 seconds, Stopping threads took: 0.0000172 seconds
201.966: [GC (Allocation Failure)  442643K->122539K(1033216K), 0.0039496 secs]
201.970: Total time for which application threads were stopped: 0.0041164 seconds, Stopping threads took: 0.0000195 seconds
202.038: [GC (Allocation Failure)  442027K->130125K(1033728K), 0.0039301 secs]
202.042: Total time for which application threads were stopped: 0.0041305 seconds, Stopping threads took: 0.0000201 seconds
202.110: [GC (Allocation Failure)  449613K->130157K(1033728K), 0.0038624 secs]
202.114: Total time for which application threads were stopped: 0.0040315 seconds, Stopping threads took: 0.0000198 seconds
202.180: [GC (Allocation Failure)  449645K->130245K(1033728K), 0.0040457 secs]
202.184: Total time for which application threads were stopped: 0.0042183 seconds, Stopping threads took: 0.0000221 seconds
202.252: [GC (Allocation Failure)  449733K->138151K(1033728K), 0.0037096 secs]
202.256: Total time for which application threads were stopped: 0.0038848 seconds, Stopping threads took: 0.0000207 seconds
202.323: [GC (Allocation Failure)  457639K->138183K(1033728K), 0.0038712 secs]
202.327: Total time for which application threads were stopped: 0.0040386 seconds, Stopping threads took: 0.0000261 seconds
202.394: [GC (Allocation Failure)  457671K->138215K(1033728K), 0.0037822 secs]
202.398: Total time for which application threads were stopped: 0.0039539 seconds, Stopping threads took: 0.0000203 seconds
202.465: [GC (Allocation Failure)  457703K->146186K(1027072K), 0.0039651 secs]
202.469: Total time for which application threads were stopped: 0.0041383 seconds, Stopping threads took: 0.0000287 seconds
202.535: [GC (Allocation Failure)  465673K->142279K(1034240K), 0.0027656 secs]
202.537: Total time for which application threads were stopped: 0.0029345 seconds, Stopping threads took: 0.0000217 seconds
202.605: [GC (Allocation Failure)  461767K->146346K(1033216K), 0.0040303 secs]
202.609: Total time for which application threads were stopped: 0.0042216 seconds, Stopping threads took: 0.0000194 seconds
202.678: [GC (Allocation Failure)  465834K->150314K(1034752K), 0.0037986 secs]
202.682: Total time for which application threads were stopped: 0.0039646 seconds, Stopping threads took: 0.0000196 seconds
202.750: [GC (Allocation Failure)  471850K->143527K(1034752K), 0.0013365 secs]
202.752: Total time for which application threads were stopped: 0.0014622 seconds, Stopping threads took: 0.0000192 seconds
202.819: [GC (Allocation Failure)  465063K->150346K(1034752K), 0.0036818 secs]
202.823: Total time for which application threads were stopped: 0.0038477 seconds, Stopping threads took: 0.0000264 seconds
202.888: [GC (Allocation Failure)  471882K->154490K(1034752K), 0.0049221 secs]
202.893: Total time for which application threads were stopped: 0.0051196 seconds, Stopping threads took: 0.0000243 seconds
202.961: [GC (Allocation Failure)  476026K->148919K(1034752K), 0.0019407 secs]
202.963: Total time for which application threads were stopped: 0.0021026 seconds, Stopping threads took: 0.0000202 seconds
203.032: [GC (Allocation Failure)  470455K->154730K(1034752K), 0.0040728 secs]
203.036: Total time for which application threads were stopped: 0.0042380 seconds, Stopping threads took: 0.0000200 seconds
203.105: [GC (Allocation Failure)  476266K->158602K(1034752K), 0.0042946 secs]
203.109: Total time for which application threads were stopped: 0.0044550 seconds, Stopping threads took: 0.0000200 seconds
203.176: [GC (Allocation Failure)  481090K->154727K(1035264K), 0.0026516 secs]
203.179: Total time for which application threads were stopped: 0.0028090 seconds, Stopping threads took: 0.0000205 seconds
203.247: [GC (Allocation Failure)  477287K->158730K(1036288K), 0.0038751 secs]
203.251: Total time for which application threads were stopped: 0.0040699 seconds, Stopping threads took: 0.0000204 seconds
203.320: [GC (Allocation Failure)  482826K->162762K(1035776K), 0.0037776 secs]
203.324: Total time for which application threads were stopped: 0.0039447 seconds, Stopping threads took: 0.0000262 seconds
203.392: [GC (Allocation Failure)  486858K->162730K(1035776K), 0.0038947 secs]
203.396: Total time for which application threads were stopped: 0.0040961 seconds, Stopping threads took: 0.0000222 seconds
203.465: [GC (Allocation Failure)  486314K->162794K(1023488K), 0.0038562 secs]
203.469: Total time for which application threads were stopped: 0.0040207 seconds, Stopping threads took: 0.0000202 seconds
203.535: [GC (Allocation Failure)  486378K->170764K(1035264K), 0.0040374 secs]
203.539: Total time for which application threads were stopped: 0.0042288 seconds, Stopping threads took: 0.0000200 seconds
203.608: [GC (Allocation Failure)  493324K->170764K(1030144K), 0.0038306 secs]
203.612: Total time for which application threads were stopped: 0.0040009 seconds, Stopping threads took: 0.0000173 seconds
203.681: [GC (Allocation Failure)  493324K->170828K(1034752K), 0.0039874 secs]
203.685: Total time for which application threads were stopped: 0.0041510 seconds, Stopping threads took: 0.0000203 seconds
203.752: [GC (Allocation Failure)  492364K->178766K(1034752K), 0.0042960 secs]
203.757: Total time for which application threads were stopped: 0.0044664 seconds, Stopping threads took: 0.0000203 seconds
203.825: [GC (Allocation Failure)  500302K->178830K(1033728K), 0.0037728 secs]
203.829: Total time for which application threads were stopped: 0.0039522 seconds, Stopping threads took: 0.0000258 seconds
203.896: [GC (Allocation Failure)  499342K->179054K(1034240K), 0.0040192 secs]
203.900: Total time for which application threads were stopped: 0.0041814 seconds, Stopping threads took: 0.0000204 seconds
203.968: [GC (Allocation Failure)  499566K->186833K(1034240K), 0.0038837 secs]
203.972: Total time for which application threads were stopped: 0.0040587 seconds, Stopping threads took: 0.0000205 seconds
204.041: [GC (Allocation Failure)  507345K->186833K(1034240K), 0.0090184 secs]
204.050: Total time for which application threads were stopped: 0.0091559 seconds, Stopping threads took: 0.0000190 seconds
204.118: [GC (Allocation Failure)  507345K->187273K(1033216K), 0.0039480 secs]
204.122: Total time for which application threads were stopped: 0.0041222 seconds, Stopping threads took: 0.0000204 seconds
204.189: [GC (Allocation Failure)  506761K->194891K(1033728K), 0.0040706 secs]
204.193: Total time for which application threads were stopped: 0.0042314 seconds, Stopping threads took: 0.0000191 seconds
204.260: [GC (Allocation Failure)  514379K->194859K(1033728K), 0.0039432 secs]
204.264: Total time for which application threads were stopped: 0.0041372 seconds, Stopping threads took: 0.0000203 seconds
204.331: [GC (Allocation Failure)  514347K->194987K(1033728K), 0.0040309 secs]
204.335: Total time for which application threads were stopped: 0.0041877 seconds, Stopping threads took: 0.0000257 seconds
204.402: [GC (Allocation Failure)  514475K->202925K(1033728K), 0.0039567 secs]
204.406: Total time for which application threads were stopped: 0.0041210 seconds, Stopping threads took: 0.0000205 seconds
204.474: [GC (Allocation Failure)  522413K->202893K(1033728K), 0.0040339 secs]
204.478: Total time for which application threads were stopped: 0.0041958 seconds, Stopping threads took: 0.0000198 seconds
204.546: [GC (Allocation Failure)  522381K->202949K(1033728K), 0.0042154 secs]
204.550: Total time for which application threads were stopped: 0.0043826 seconds, Stopping threads took: 0.0000168 seconds
204.617: [GC (Allocation Failure)  522437K->210919K(1027072K), 0.0057045 secs]
204.623: Total time for which application threads were stopped: 0.0058823 seconds, Stopping threads took: 0.0000254 seconds
204.689: [GC (Allocation Failure)  530407K->207013K(1034240K), 0.0030938 secs]
204.692: Total time for which application threads were stopped: 0.0032669 seconds, Stopping threads took: 0.0000221 seconds
204.760: [GC (Allocation Failure)  526501K->211087K(1033216K), 0.0040791 secs]
204.764: Total time for which application threads were stopped: 0.0042584 seconds, Stopping threads took: 0.0000192 seconds
204.832: [GC (Allocation Failure)  530575K->215055K(1034752K), 0.0039292 secs]
204.836: Total time for which application threads were stopped: 0.0040985 seconds, Stopping threads took: 0.0000266 seconds
204.902: [GC (Allocation Failure)  536591K->208269K(1034752K), 0.0013048 secs]
204.904: Total time for which application threads were stopped: 0.0014279 seconds, Stopping threads took: 0.0000197 seconds
204.972: [GC (Allocation Failure)  529805K->215127K(1034752K), 0.0038806 secs]
204.976: Total time for which application threads were stopped: 0.0040447 seconds, Stopping threads took: 0.0000204 seconds
205.041: [GC (Allocation Failure)  536663K->219199K(1034752K), 0.0061642 secs]
205.048: Total time for which application threads were stopped: 0.0063259 seconds, Stopping threads took: 0.0000196 seconds
205.114: [GC (Allocation Failure)  540735K->213661K(1034752K), 0.0020356 secs]
205.116: Total time for which application threads were stopped: 0.0021953 seconds, Stopping threads took: 0.0000196 seconds
205.184: [GC (Allocation Failure)  535197K->219503K(1034752K), 0.0041245 secs]
205.188: Total time for which application threads were stopped: 0.0042849 seconds, Stopping threads took: 0.0000196 seconds
205.255: [GC (Allocation Failure)  541039K->223375K(1035264K), 0.0043319 secs]
205.260: Total time for which application threads were stopped: 0.0045019 seconds, Stopping threads took: 0.0000204 seconds
205.326: [GC (Allocation Failure)  545864K->219437K(1035264K), 0.0026929 secs]
205.329: Total time for which application threads were stopped: 0.0028543 seconds, Stopping threads took: 0.0000258 seconds
205.397: [GC (Allocation Failure)  541997K->223495K(1036288K), 0.0042331 secs]
205.401: Total time for which application threads were stopped: 0.0044052 seconds, Stopping threads took: 0.0000258 seconds
205.468: [GC (Allocation Failure)  547591K->227463K(1035776K), 0.0039178 secs]
205.472: Total time for which application threads were stopped: 0.0040938 seconds, Stopping threads took: 0.0000210 seconds
205.541: [GC (Allocation Failure)  551559K->227495K(1035776K), 0.0040241 secs]
205.545: Total time for which application threads were stopped: 0.0042010 seconds, Stopping threads took: 0.0000281 seconds
205.612: [GC (Allocation Failure)  551079K->227527K(1023488K), 0.0041867 secs]
205.616: Total time for which application threads were stopped: 0.0043759 seconds, Stopping threads took: 0.0000206 seconds
205.682: [GC (Allocation Failure)  551111K->235498K(1035264K), 0.0065258 secs]
205.689: Total time for which application threads were stopped: 0.0066974 seconds, Stopping threads took: 0.0000209 seconds
205.757: [GC (Allocation Failure)  558058K->235498K(1030144K), 0.0040236 secs]
205.761: Total time for which application threads were stopped: 0.0042004 seconds, Stopping threads took: 0.0000207 seconds
205.830: [GC (Allocation Failure)  558058K->235562K(1034752K), 0.0039122 secs]
205.834: Total time for which application threads were stopped: 0.0040834 seconds, Stopping threads took: 0.0000260 seconds
205.904: [GC (Allocation Failure)  557098K->243532K(1034752K), 0.0048729 secs]
205.909: Total time for which application threads were stopped: 0.0050417 seconds, Stopping threads took: 0.0000193 seconds
205.977: [GC (Allocation Failure)  565068K->243532K(1033728K), 0.0039458 secs]
205.981: Total time for which application threads were stopped: 0.0041233 seconds, Stopping threads took: 0.0000200 seconds
206.050: [GC (Allocation Failure)  564044K->243756K(1034240K), 0.0048667 secs]
206.055: Total time for which application threads were stopped: 0.0050269 seconds, Stopping threads took: 0.0000262 seconds
206.123: [GC (Allocation Failure)  564268K->251598K(1034240K), 0.0039163 secs]
206.127: Total time for which application threads were stopped: 0.0040880 seconds, Stopping threads took: 0.0000205 seconds
206.195: [GC (Allocation Failure)  572110K->251598K(1034240K), 0.0041960 secs]
206.200: Total time for which application threads were stopped: 0.0043628 seconds, Stopping threads took: 0.0000188 seconds
206.267: [GC (Allocation Failure)  572110K->251974K(1033216K), 0.0042478 secs]
206.272: Total time for which application threads were stopped: 0.0044277 seconds, Stopping threads took: 0.0000207 seconds
206.339: [GC (Allocation Failure)  571462K->259592K(1033728K), 0.0042491 secs]
206.344: Total time for which application threads were stopped: 0.0044164 seconds, Stopping threads took: 0.0000262 seconds
206.411: [GC (Allocation Failure)  579080K->259592K(1033728K), 0.0041114 secs]
206.415: Total time for which application threads were stopped: 0.0042816 seconds, Stopping threads took: 0.0000197 seconds
206.481: [GC (Allocation Failure)  579080K->259720K(1033728K), 0.0040321 secs]
206.486: Total time for which application threads were stopped: 0.0042156 seconds, Stopping threads took: 0.0000208 seconds
206.553: [GC (Allocation Failure)  579208K->267627K(1033728K), 0.0040615 secs]
206.557: Total time for which application threads were stopped: 0.0042485 seconds, Stopping threads took: 0.0000219 seconds
206.625: [GC (Allocation Failure)  587115K->267627K(1033728K), 0.0041260 secs]
206.629: Total time for which application threads were stopped: 0.0043296 seconds, Stopping threads took: 0.0000229 seconds
206.697: [GC (Allocation Failure)  587115K->267651K(1033728K), 0.0067523 secs]
206.704: Total time for which application threads were stopped: 0.0069284 seconds, Stopping threads took: 0.0000186 seconds
206.771: [GC (Allocation Failure)  587139K->275653K(1027072K), 0.0042052 secs]
206.775: Total time for which application threads were stopped: 0.0043890 seconds, Stopping threads took: 0.0000233 seconds
206.840: [GC (Allocation Failure)  595140K->271747K(1034240K), 0.0030621 secs]
206.843: Total time for which application threads were stopped: 0.0032293 seconds, Stopping threads took: 0.0000197 seconds
206.911: [GC (Allocation Failure)  591235K->275813K(1033216K), 0.0045043 secs]
206.915: Total time for which application threads were stopped: 0.0046632 seconds, Stopping threads took: 0.0000189 seconds
206.982: [GC (Allocation Failure)  595301K->279749K(1034752K), 0.0041889 secs]
206.986: Total time for which application threads were stopped: 0.0043726 seconds, Stopping threads took: 0.0000197 seconds
207.055: [GC (Allocation Failure)  601285K->272995K(1034752K), 0.0036538 secs]
207.059: Total time for which application threads were stopped: 0.0038191 seconds, Stopping threads took: 0.0000271 seconds
207.126: [GC (Allocation Failure)  594531K->279813K(1034752K), 0.0040859 secs]
207.130: Total time for which application threads were stopped: 0.0042482 seconds, Stopping threads took: 0.0000195 seconds
207.195: [GC (Allocation Failure)  601349K->283925K(1034752K), 0.0051132 secs]
207.201: Total time for which application threads were stopped: 0.0052896 seconds, Stopping threads took: 0.0000192 seconds
207.266: [GC (Allocation Failure)  605461K->278387K(1034752K), 0.0020201 secs]
207.268: Total time for which application threads were stopped: 0.0021693 seconds, Stopping threads took: 0.0000202 seconds
207.335: [GC (Allocation Failure)  599923K->284229K(1034752K), 0.0042282 secs]
207.339: Total time for which application threads were stopped: 0.0043884 seconds, Stopping threads took: 0.0000256 seconds
207.406: [GC (Allocation Failure)  605765K->288101K(1034752K), 0.0045435 secs]
207.411: Total time for which application threads were stopped: 0.0047078 seconds, Stopping threads took: 0.0000251 seconds
207.477: [GC (Allocation Failure)  610589K->284163K(1035264K), 0.0028689 secs]
207.480: Total time for which application threads were stopped: 0.0030353 seconds, Stopping threads took: 0.0000202 seconds
207.548: [GC (Allocation Failure)  606723K->288229K(1036288K), 0.0043979 secs]
207.553: Total time for which application threads were stopped: 0.0045662 seconds, Stopping threads took: 0.0000196 seconds
207.620: [GC (Allocation Failure)  612325K->292229K(1035776K), 0.0041438 secs]
207.624: Total time for which application threads were stopped: 0.0043079 seconds, Stopping threads took: 0.0000197 seconds
207.692: [GC (Allocation Failure)  616325K->292229K(1035776K), 0.0040735 secs]
207.696: Total time for which application threads were stopped: 0.0042293 seconds, Stopping threads took: 0.0000191 seconds
207.764: [GC (Allocation Failure)  615813K->292261K(1023488K), 0.0050359 secs]
207.769: Total time for which application threads were stopped: 0.0051946 seconds, Stopping threads took: 0.0000199 seconds
207.835: [GC (Allocation Failure)  615845K->300231K(1035264K), 0.0041885 secs]
207.839: Total time for which application threads were stopped: 0.0043565 seconds, Stopping threads took: 0.0000277 seconds
207.907: [GC (Allocation Failure)  622791K->300231K(1030144K), 0.0041217 secs]
207.911: Total time for which application threads were stopped: 0.0042901 seconds, Stopping threads took: 0.0000192 seconds
207.978: [GC (Allocation Failure)  622791K->300295K(1034752K), 0.0042930 secs]
207.982: Total time for which application threads were stopped: 0.0044594 seconds, Stopping threads took: 0.0000194 seconds
208.050: [GC (Allocation Failure)  621831K->308265K(1029120K), 0.0049900 secs]
208.055: Total time for which application threads were stopped: 0.0051540 seconds, Stopping threads took: 0.0000243 seconds
208.123: [GC (Allocation Failure)  629801K->308265K(1034240K), 0.0040431 secs]
208.127: Total time for which application threads were stopped: 0.0042007 seconds, Stopping threads took: 0.0000202 seconds
208.194: [GC (Allocation Failure)  628777K->308457K(1034240K), 0.0050130 secs]
208.199: Total time for which application threads were stopped: 0.0051740 seconds, Stopping threads took: 0.0000202 seconds
208.266: [GC (Allocation Failure)  628969K->316332K(1034240K), 0.0042148 secs]
208.271: Total time for which application threads were stopped: 0.0043858 seconds, Stopping threads took: 0.0000197 seconds
208.341: [GC (Allocation Failure)  636844K->316300K(1034240K), 0.0041965 secs]
208.345: Total time for which application threads were stopped: 0.0043652 seconds, Stopping threads took: 0.0000260 seconds
208.412: [GC (Allocation Failure)  636812K->316716K(1033216K), 0.0041570 secs]
208.417: Total time for which application threads were stopped: 0.0043265 seconds, Stopping threads took: 0.0000283 seconds
208.484: [GC (Allocation Failure)  636204K->324366K(1033728K), 0.0041800 secs]
208.489: Total time for which application threads were stopped: 0.0043465 seconds, Stopping threads took: 0.0000203 seconds
208.556: [GC (Allocation Failure)  643854K->324334K(1033728K), 0.0040792 secs]
208.560: Total time for which application threads were stopped: 0.0042703 seconds, Stopping threads took: 0.0000206 seconds
208.626: [GC (Allocation Failure)  643822K->324454K(1033728K), 0.0042128 secs]
208.631: Total time for which application threads were stopped: 0.0043711 seconds, Stopping threads took: 0.0000196 seconds
208.698: [GC (Allocation Failure)  643942K->332392K(1033728K), 0.0040844 secs]
208.702: Total time for which application threads were stopped: 0.0042623 seconds, Stopping threads took: 0.0000189 seconds
208.769: [GC (Allocation Failure)  651880K->332360K(1033728K), 0.0041523 secs]
208.773: Total time for which application threads were stopped: 0.0043187 seconds, Stopping threads took: 0.0000190 seconds
208.839: [GC (Allocation Failure)  651848K->332424K(1033728K), 0.0042015 secs]
208.844: Total time for which application threads were stopped: 0.0043772 seconds, Stopping threads took: 0.0000262 seconds
208.910: [GC (Allocation Failure)  651912K->340395K(1027072K), 0.0044946 secs]
208.915: Total time for which application threads were stopped: 0.0046613 seconds, Stopping threads took: 0.0000200 seconds
208.979: [GC (Allocation Failure)  659882K->336488K(1034240K), 0.0030464 secs]
208.982: Total time for which application threads were stopped: 0.0032329 seconds, Stopping threads took: 0.0000197 seconds
209.052: [GC (Allocation Failure)  655976K->340491K(1033216K), 0.0043292 secs]
209.056: Total time for which application threads were stopped: 0.0044747 seconds, Stopping threads took: 0.0000228 seconds
209.124: [GC (Allocation Failure)  659979K->344491K(1034752K), 0.0042413 secs]
209.128: Total time for which application threads were stopped: 0.0043982 seconds, Stopping threads took: 0.0000261 seconds
209.196: [GC (Allocation Failure)  666027K->337736K(1034752K), 0.0016490 secs]
209.198: Total time for which application threads were stopped: 0.0017850 seconds, Stopping threads took: 0.0000200 seconds
209.265: [GC (Allocation Failure)  659272K->344595K(1034752K), 0.0041160 secs]
209.269: Total time for which application threads were stopped: 0.0042965 seconds, Stopping threads took: 0.0000201 seconds
209.335: [GC (Allocation Failure)  666131K->348707K(1034752K), 0.0052412 secs]
209.341: Total time for which application threads were stopped: 0.0054190 seconds, Stopping threads took: 0.0000284 seconds
209.406: [GC (Allocation Failure)  670243K->343104K(1034752K), 0.0023268 secs]
209.408: Total time for which application threads were stopped: 0.0024786 seconds, Stopping threads took: 0.0000206 seconds
209.476: [GC (Allocation Failure)  664640K->348955K(1034752K), 0.0043770 secs]
209.480: Total time for which application threads were stopped: 0.0045566 seconds, Stopping threads took: 0.0000201 seconds
209.547: [GC (Allocation Failure)  670491K->352827K(1035264K), 0.0047059 secs]
209.552: Total time for which application threads were stopped: 0.0048762 seconds, Stopping threads took: 0.0000206 seconds
209.619: [GC (Allocation Failure)  675315K->348920K(1035264K), 0.0029443 secs]
209.622: Total time for which application threads were stopped: 0.0031347 seconds, Stopping threads took: 0.0000206 seconds
209.692: [GC (Allocation Failure)  671480K->352979K(1036288K), 0.0044364 secs]
209.697: Total time for which application threads were stopped: 0.0045873 seconds, Stopping threads took: 0.0000176 seconds
209.764: [GC (Allocation Failure)  677075K->356947K(1035776K), 0.0042523 secs]
209.769: Total time for which application threads were stopped: 0.0044335 seconds, Stopping threads took: 0.0000205 seconds
209.838: [GC (Allocation Failure)  681043K->356915K(1035776K), 0.0040845 secs]
209.842: Total time for which application threads were stopped: 0.0042580 seconds, Stopping threads took: 0.0000290 seconds
209.911: [GC (Allocation Failure)  680499K->357003K(1023488K), 0.0044224 secs]
209.915: Total time for which application threads were stopped: 0.0046267 seconds, Stopping threads took: 0.0000246 seconds
209.984: [GC (Allocation Failure)  680587K->364973K(1035264K), 0.0043958 secs]
209.988: Total time for which application threads were stopped: 0.0045622 seconds, Stopping threads took: 0.0000177 seconds
210.056: [GC (Allocation Failure)  687533K->364941K(1030144K), 0.0048067 secs]
210.061: Total time for which application threads were stopped: 0.0050285 seconds, Stopping threads took: 0.0000284 seconds
210.130: [GC (Allocation Failure)  687501K->365037K(1034752K), 0.0043339 secs]
210.134: Total time for which application threads were stopped: 0.0044850 seconds, Stopping threads took: 0.0000175 seconds
210.202: [GC (Allocation Failure)  686573K->373007K(1034752K), 0.0045204 secs]
210.206: Total time for which application threads were stopped: 0.0047260 seconds, Stopping threads took: 0.0000203 seconds
210.274: [GC (Allocation Failure)  694543K->373007K(1033728K), 0.0041238 secs]
210.279: Total time for which application threads were stopped: 0.0042961 seconds, Stopping threads took: 0.0000208 seconds
210.347: [GC (Allocation Failure)  693519K->373255K(1034240K), 0.0042247 secs]
210.352: Total time for which application threads were stopped: 0.0043824 seconds, Stopping threads took: 0.0000257 seconds
210.420: [GC (Allocation Failure)  693767K->381033K(1034240K), 0.0041464 secs]
210.424: Total time for which application threads were stopped: 0.0043145 seconds, Stopping threads took: 0.0000265 seconds
210.492: [GC (Allocation Failure)  701545K->381033K(1034240K), 0.0043063 secs]
210.496: Total time for which application threads were stopped: 0.0044936 seconds, Stopping threads took: 0.0000196 seconds
210.563: [GC (Allocation Failure)  701545K->381481K(1034240K), 0.0043854 secs]
210.568: Total time for which application threads were stopped: 0.0045560 seconds, Stopping threads took: 0.0000205 seconds
210.635: [GC (Allocation Failure)  701993K->389100K(1028096K), 0.0044562 secs]
210.640: Total time for which application threads were stopped: 0.0046296 seconds, Stopping threads took: 0.0000201 seconds
210.706: [GC (Allocation Failure)  709612K->389036K(1033728K), 0.0051200 secs]
210.711: Total time for which application threads were stopped: 0.0052997 seconds, Stopping threads took: 0.0000283 seconds
210.778: [GC (Allocation Failure)  708524K->389228K(1033728K), 0.0046802 secs]
210.782: Total time for which application threads were stopped: 0.0048494 seconds, Stopping threads took: 0.0000198 seconds
210.851: [GC (Allocation Failure)  708716K->397102K(1033728K), 0.0042033 secs]
210.855: Total time for which application threads were stopped: 0.0043726 seconds, Stopping threads took: 0.0000265 seconds
210.923: [GC (Allocation Failure)  716590K->397134K(1033728K), 0.0041594 secs]
210.927: Total time for which application threads were stopped: 0.0043539 seconds, Stopping threads took: 0.0000204 seconds
210.995: [GC (Allocation Failure)  716622K->397166K(1033728K), 0.0045982 secs]
210.999: Total time for which application threads were stopped: 0.0047588 seconds, Stopping threads took: 0.0000192 seconds
211.066: [GC (Allocation Failure)  716654K->405136K(1027072K), 0.0044325 secs]
211.071: Total time for which application threads were stopped: 0.0046356 seconds, Stopping threads took: 0.0000204 seconds
211.136: [GC (Allocation Failure)  724624K->401230K(1034240K), 0.0034526 secs]
211.140: Total time for which application threads were stopped: 0.0036429 seconds, Stopping threads took: 0.0000203 seconds
211.208: [GC (Allocation Failure)  720718K->405296K(1033216K), 0.0045575 secs]
211.213: Total time for which application threads were stopped: 0.0047158 seconds, Stopping threads took: 0.0000193 seconds
211.280: [GC (Allocation Failure)  724784K->409264K(1034752K), 0.0044336 secs]
211.285: Total time for which application threads were stopped: 0.0046128 seconds, Stopping threads took: 0.0000201 seconds
211.351: [GC (Allocation Failure)  730800K->402510K(1034752K), 0.0018580 secs]
211.353: Total time for which application threads were stopped: 0.0020152 seconds, Stopping threads took: 0.0000276 seconds
211.422: [GC (Allocation Failure)  724046K->409336K(1034752K), 0.0042226 secs]
211.427: Total time for which application threads were stopped: 0.0043836 seconds, Stopping threads took: 0.0000174 seconds
211.493: [GC (Allocation Failure)  730872K->413408K(1034752K), 0.0053973 secs]
211.498: Total time for which application threads were stopped: 0.0055685 seconds, Stopping threads took: 0.0000207 seconds
211.564: [GC (Allocation Failure)  734944K->407838K(1034752K), 0.0024625 secs]
211.566: Total time for which application threads were stopped: 0.0026561 seconds, Stopping threads took: 0.0000211 seconds
211.633: [GC (Allocation Failure)  729374K->413712K(1034752K), 0.0045177 secs]
211.638: Total time for which application threads were stopped: 0.0046963 seconds, Stopping threads took: 0.0000209 seconds
211.705: [GC (Allocation Failure)  735248K->417512K(1034752K), 0.0074462 secs]
211.712: Total time for which application threads were stopped: 0.0076264 seconds, Stopping threads took: 0.0000199 seconds
211.781: [GC (Allocation Failure)  740000K->413638K(1035264K), 0.0032768 secs]
211.784: Total time for which application threads were stopped: 0.0034610 seconds, Stopping threads took: 0.0000220 seconds
211.853: [GC (Allocation Failure)  736198K->417672K(1036288K), 0.0045269 secs]
211.858: Total time for which application threads were stopped: 0.0047080 seconds, Stopping threads took: 0.0000261 seconds
211.926: [GC (Allocation Failure)  741768K->421672K(1035776K), 0.0046444 secs]
211.930: Total time for which application threads were stopped: 0.0048179 seconds, Stopping threads took: 0.0000203 seconds
212.000: [GC (Allocation Failure)  745768K->421672K(1035776K), 0.0044802 secs]
212.005: Total time for which application threads were stopped: 0.0046704 seconds, Stopping threads took: 0.0000223 seconds
212.075: [GC (Allocation Failure)  745256K->421736K(1023488K), 0.0043442 secs]
212.080: Total time for which application threads were stopped: 0.0045043 seconds, Stopping threads took: 0.0000188 seconds
212.146: [GC (Allocation Failure)  745320K->429738K(1035264K), 0.0046416 secs]
212.150: Total time for which application threads were stopped: 0.0048060 seconds, Stopping threads took: 0.0000201 seconds
212.218: [GC (Allocation Failure)  752298K->429674K(1030144K), 0.0043830 secs]
212.222: Total time for which application threads were stopped: 0.0045523 seconds, Stopping threads took: 0.0000200 seconds
212.289: [GC (Allocation Failure)  752234K->429738K(1034752K), 0.0046155 secs]
212.294: Total time for which application threads were stopped: 0.0047855 seconds, Stopping threads took: 0.0000200 seconds
212.362: [GC (Allocation Failure)  751274K->437741K(1034752K), 0.0045654 secs]
212.366: Total time for which application threads were stopped: 0.0047430 seconds, Stopping threads took: 0.0000285 seconds
212.434: [GC (Allocation Failure)  759277K->437709K(1033728K), 0.0041872 secs]
212.438: Total time for which application threads were stopped: 0.0043611 seconds, Stopping threads took: 0.0000207 seconds
212.508: [GC (Allocation Failure)  758221K->437997K(1034240K), 0.0045111 secs]
212.513: Total time for which application threads were stopped: 0.0047010 seconds, Stopping threads took: 0.0000197 seconds
212.581: [GC (Allocation Failure)  758509K->445775K(1034240K), 0.0042181 secs]
212.586: Total time for which application threads were stopped: 0.0044314 seconds, Stopping threads took: 0.0000201 seconds
212.655: [GC (Allocation Failure)  766287K->445807K(1034240K), 0.0046487 secs]
212.660: Total time for which application threads were stopped: 0.0047997 seconds, Stopping threads took: 0.0000173 seconds
212.726: [GC (Allocation Failure)  766319K->446215K(1033216K), 0.0045667 secs]
212.731: Total time for which application threads were stopped: 0.0047410 seconds, Stopping threads took: 0.0000281 seconds
212.800: [GC (Allocation Failure)  765703K->453801K(1033728K), 0.0046854 secs]
212.805: Total time for which application threads were stopped: 0.0048657 seconds, Stopping threads took: 0.0000197 seconds
212.875: [GC (Allocation Failure)  773289K->453833K(1033728K), 0.0043889 secs]
212.879: Total time for which application threads were stopped: 0.0045554 seconds, Stopping threads took: 0.0000266 seconds
212.946: [GC (Allocation Failure)  773321K->453921K(1033728K), 0.0045912 secs]
212.950: Total time for which application threads were stopped: 0.0047698 seconds, Stopping threads took: 0.0000201 seconds
213.020: [GC (Allocation Failure)  773409K->461859K(1033728K), 0.0045055 secs]
213.025: Total time for which application threads were stopped: 0.0046522 seconds, Stopping threads took: 0.0000158 seconds
213.094: [GC (Allocation Failure)  781347K->461859K(1033728K), 0.0045320 secs]
213.099: Total time for which application threads were stopped: 0.0046919 seconds, Stopping threads took: 0.0000199 seconds
213.165: [GC (Allocation Failure)  781347K->461899K(1033728K), 0.0046347 secs]
213.170: Total time for which application threads were stopped: 0.0048127 seconds, Stopping threads took: 0.0000185 seconds
213.237: [GC (Allocation Failure)  781387K->469870K(1027072K), 0.0063126 secs]
213.243: Total time for which application threads were stopped: 0.0064852 seconds, Stopping threads took: 0.0000213 seconds
213.309: [GC (Allocation Failure)  789357K->465963K(1034240K), 0.0035832 secs]
213.312: Total time for which application threads were stopped: 0.0037627 seconds, Stopping threads took: 0.0000197 seconds
213.382: [GC (Allocation Failure)  785451K->470022K(1033216K), 0.0048186 secs]
213.386: Total time for which application threads were stopped: 0.0049966 seconds, Stopping threads took: 0.0000274 seconds
213.456: [GC (Allocation Failure)  789510K->474022K(1034752K), 0.0045373 secs]
213.460: Total time for which application threads were stopped: 0.0046974 seconds, Stopping threads took: 0.0000202 seconds
213.526: [GC (Allocation Failure)  795558K->467203K(1034752K), 0.0019912 secs]
213.528: Total time for which application threads were stopped: 0.0021367 seconds, Stopping threads took: 0.0000192 seconds
213.598: [GC (Allocation Failure)  788739K->474030K(1034752K), 0.0046267 secs]
213.602: Total time for which application threads were stopped: 0.0048130 seconds, Stopping threads took: 0.0000223 seconds
213.668: [GC (Allocation Failure)  795566K->478134K(1034752K), 0.0054487 secs]
213.674: Total time for which application threads were stopped: 0.0056288 seconds, Stopping threads took: 0.0000223 seconds
213.740: [GC (Allocation Failure)  799670K->472595K(1034752K), 0.0025217 secs]
213.742: Total time for which application threads were stopped: 0.0026843 seconds, Stopping threads took: 0.0000202 seconds
213.809: [GC (Allocation Failure)  794131K->478438K(1034752K), 0.0045801 secs]
213.814: Total time for which application threads were stopped: 0.0047528 seconds, Stopping threads took: 0.0000204 seconds
213.882: [GC (Allocation Failure)  799974K->482318K(1035264K), 0.0064699 secs]
213.889: Total time for which application threads were stopped: 0.0066452 seconds, Stopping threads took: 0.0000266 seconds
213.956: [GC (Allocation Failure)  804806K->478379K(1035264K), 0.0033002 secs]
213.960: Total time for which application threads were stopped: 0.0034672 seconds, Stopping threads took: 0.0000200 seconds
214.028: [GC (Allocation Failure)  800939K->482446K(1036288K), 0.0046577 secs]
214.033: Total time for which application threads were stopped: 0.0048248 seconds, Stopping threads took: 0.0000197 seconds
214.101: [GC (Allocation Failure)  806542K->486414K(1035776K), 0.0043336 secs]
214.105: Total time for which application threads were stopped: 0.0045038 seconds, Stopping threads took: 0.0000205 seconds
214.174: [GC (Allocation Failure)  810510K->486414K(1035776K), 0.0044892 secs]
214.179: Total time for which application threads were stopped: 0.0046654 seconds, Stopping threads took: 0.0000201 seconds
214.247: [GC (Allocation Failure)  809998K->486478K(1023488K), 0.0044685 secs]
214.252: Total time for which application threads were stopped: 0.0046403 seconds, Stopping threads took: 0.0000206 seconds
214.319: [GC (Allocation Failure)  810062K->494448K(1035264K), 0.0045775 secs]
214.323: Total time for which application threads were stopped: 0.0047520 seconds, Stopping threads took: 0.0000250 seconds
214.393: [GC (Allocation Failure)  817008K->494416K(1030144K), 0.0043709 secs]
214.397: Total time for which application threads were stopped: 0.0045473 seconds, Stopping threads took: 0.0000266 seconds
214.465: [GC (Allocation Failure)  816976K->494504K(1034752K), 0.0045040 secs]
214.469: Total time for which application threads were stopped: 0.0046789 seconds, Stopping threads took: 0.0000255 seconds
214.537: [GC (Allocation Failure)  816040K->502474K(1034752K), 0.0068470 secs]
214.544: Total time for which application threads were stopped: 0.0070194 seconds, Stopping threads took: 0.0000200 seconds
214.613: [GC (Allocation Failure)  824010K->502474K(1033728K), 0.0045310 secs]
214.617: Total time for which application threads were stopped: 0.0047158 seconds, Stopping threads took: 0.0000224 seconds
214.684: [GC (Allocation Failure)  822986K->502730K(1034240K), 0.0046278 secs]
214.689: Total time for which application threads were stopped: 0.0047996 seconds, Stopping threads took: 0.0000225 seconds
214.757: [GC (Allocation Failure)  823242K->510541K(1034240K), 0.0045536 secs]
214.762: Total time for which application threads were stopped: 0.0047338 seconds, Stopping threads took: 0.0000286 seconds
214.830: [GC (Allocation Failure)  831053K->510541K(1034240K), 0.0044403 secs]
214.834: Total time for which application threads were stopped: 0.0046229 seconds, Stopping threads took: 0.0000189 seconds
214.903: [GC (Allocation Failure)  831053K->510957K(1033216K), 0.0046995 secs]
214.908: Total time for which application threads were stopped: 0.0048558 seconds, Stopping threads took: 0.0000188 seconds
214.977: [GC (Allocation Failure)  830445K->518575K(1033728K), 0.0046837 secs]
214.982: Total time for which application threads were stopped: 0.0048617 seconds, Stopping threads took: 0.0000202 seconds
215.049: [GC (Allocation Failure)  838063K->518575K(1033728K), 0.0046785 secs]
215.054: Total time for which application threads were stopped: 0.0048529 seconds, Stopping threads took: 0.0000242 seconds
215.119: [GC (Allocation Failure)  838063K->518663K(1033728K), 0.0046732 secs]
215.124: Total time for which application threads were stopped: 0.0048310 seconds, Stopping threads took: 0.0000192 seconds
215.193: [GC (Allocation Failure)  838151K->526601K(1033728K), 0.0044316 secs]
215.197: Total time for which application threads were stopped: 0.0046015 seconds, Stopping threads took: 0.0000194 seconds
215.264: [GC (Allocation Failure)  846089K->526537K(1033728K), 0.0046241 secs]
215.269: Total time for which application threads were stopped: 0.0048263 seconds, Stopping threads took: 0.0000216 seconds
215.338: [GC (Allocation Failure)  846025K->526633K(1033728K), 0.0045795 secs]
215.342: Total time for which application threads were stopped: 0.0047822 seconds, Stopping threads took: 0.0000260 seconds
215.410: [GC (Allocation Failure)  846121K->534603K(1027072K), 0.0047134 secs]
215.415: Total time for which application threads were stopped: 0.0048808 seconds, Stopping threads took: 0.0000198 seconds
215.480: [GC (Allocation Failure)  854091K->530697K(1034240K), 0.0037858 secs]
215.484: Total time for which application threads were stopped: 0.0039420 seconds, Stopping threads took: 0.0000190 seconds
215.551: [GC (Allocation Failure)  850185K->534763K(1033216K), 0.0047012 secs]
215.556: Total time for which application threads were stopped: 0.0048690 seconds, Stopping threads took: 0.0000193 seconds
215.623: [GC (Allocation Failure)  854251K->538763K(1034752K), 0.0046191 secs]
215.627: Total time for which application threads were stopped: 0.0047799 seconds, Stopping threads took: 0.0000203 seconds
215.694: [GC (Allocation Failure)  860299K->531945K(1034752K), 0.0019842 secs]
215.696: Total time for which application threads were stopped: 0.0021236 seconds, Stopping threads took: 0.0000205 seconds
215.764: [GC (Allocation Failure)  853481K->538827K(1034752K), 0.0044169 secs]
215.768: Total time for which application threads were stopped: 0.0045916 seconds, Stopping threads took: 0.0000197 seconds
215.834: [GC (Allocation Failure)  860363K->542907K(1034752K), 0.0055101 secs]
215.840: Total time for which application threads were stopped: 0.0056848 seconds, Stopping threads took: 0.0000287 seconds
215.907: [GC (Allocation Failure)  864443K->537305K(1034752K), 0.0027327 secs]
215.910: Total time for which application threads were stopped: 0.0028839 seconds, Stopping threads took: 0.0000191 seconds
215.977: [GC (Allocation Failure)  858841K->543115K(1034752K), 0.0047643 secs]
215.982: Total time for which application threads were stopped: 0.0049237 seconds, Stopping threads took: 0.0000197 seconds
216.049: [GC (Allocation Failure)  864651K->547019K(1035264K), 0.0061807 secs]
216.056: Total time for which application threads were stopped: 0.0063416 seconds, Stopping threads took: 0.0000237 seconds
216.124: [GC (Allocation Failure)  869508K->543113K(1035264K), 0.0034303 secs]
216.127: Total time for which application threads were stopped: 0.0035883 seconds, Stopping threads took: 0.0000199 seconds
216.196: [GC (Allocation Failure)  865673K->547147K(1036288K), 0.0047517 secs]
216.200: Total time for which application threads were stopped: 0.0049140 seconds, Stopping threads took: 0.0000207 seconds
216.268: [GC (Allocation Failure)  871243K->551147K(1035776K), 0.0044775 secs]
216.273: Total time for which application threads were stopped: 0.0046498 seconds, Stopping threads took: 0.0000285 seconds
216.342: [GC (Allocation Failure)  875243K->551179K(1035776K), 0.0053324 secs]
216.347: Total time for which application threads were stopped: 0.0054888 seconds, Stopping threads took: 0.0000265 seconds
216.415: [GC (Allocation Failure)  874763K->551203K(1023488K), 0.0048909 secs]
216.420: Total time for which application threads were stopped: 0.0050708 seconds, Stopping threads took: 0.0000282 seconds
216.488: [GC (Allocation Failure)  874787K->559174K(1035264K), 0.0049193 secs]
216.493: Total time for which application threads were stopped: 0.0050934 seconds, Stopping threads took: 0.0000209 seconds
216.560: [GC (Allocation Failure)  881734K->559174K(1030144K), 0.0046084 secs]
216.565: Total time for which application threads were stopped: 0.0047696 seconds, Stopping threads took: 0.0000204 seconds
216.632: [GC (Allocation Failure)  881734K->559246K(1034752K), 0.0047223 secs]
216.637: Total time for which application threads were stopped: 0.0048832 seconds, Stopping threads took: 0.0000195 seconds
216.703: [GC (Allocation Failure)  880782K->567248K(1029120K), 0.0049723 secs]
216.709: Total time for which application threads were stopped: 0.0051384 seconds, Stopping threads took: 0.0000188 seconds
216.776: [GC (Allocation Failure)  888784K->567216K(1034240K), 0.0046177 secs]
216.781: Total time for which application threads were stopped: 0.0047744 seconds, Stopping threads took: 0.0000192 seconds
216.849: [GC (Allocation Failure)  887728K->567464K(1034240K), 0.0047394 secs]
216.854: Total time for which application threads were stopped: 0.0049089 seconds, Stopping threads took: 0.0000198 seconds
216.921: [GC (Allocation Failure)  887976K->575242K(1034240K), 0.0046126 secs]
216.926: Total time for which application threads were stopped: 0.0047914 seconds, Stopping threads took: 0.0000201 seconds
216.995: [GC (Allocation Failure)  895754K->575242K(1034240K), 0.0047759 secs]
217.000: Total time for which application threads were stopped: 0.0049448 seconds, Stopping threads took: 0.0000198 seconds
217.068: [GC (Allocation Failure)  895754K->575690K(1033216K), 0.0046668 secs]
217.073: Total time for which application threads were stopped: 0.0048288 seconds, Stopping threads took: 0.0000139 seconds
217.141: [GC (Allocation Failure)  895178K->583308K(1033728K), 0.0048686 secs]
217.146: Total time for which application threads were stopped: 0.0050405 seconds, Stopping threads took: 0.0000201 seconds
217.214: [GC (Allocation Failure)  902796K->583276K(1033728K), 0.0045747 secs]
217.219: Total time for which application threads were stopped: 0.0047523 seconds, Stopping threads took: 0.0000270 seconds
217.284: [GC (Allocation Failure)  902764K->583396K(1033728K), 0.0048089 secs]
217.289: Total time for which application threads were stopped: 0.0049812 seconds, Stopping threads took: 0.0000198 seconds
217.357: [GC (Allocation Failure)  902884K->591335K(1033728K), 0.0046620 secs]
217.362: Total time for which application threads were stopped: 0.0048257 seconds, Stopping threads took: 0.0000204 seconds
217.429: [GC (Allocation Failure)  910823K->591303K(1033728K), 0.0046617 secs]
217.434: Total time for which application threads were stopped: 0.0048666 seconds, Stopping threads took: 0.0000281 seconds
217.501: [GC (Allocation Failure)  910791K->591367K(1033728K), 0.0047982 secs]
217.506: Total time for which application threads were stopped: 0.0050358 seconds, Stopping threads took: 0.0000204 seconds
217.573: [GC (Allocation Failure)  910855K->599337K(1027072K), 0.0048722 secs]
217.578: Total time for which application threads were stopped: 0.0050590 seconds, Stopping threads took: 0.0000285 seconds
217.643: [GC (Allocation Failure)  918824K->595431K(1034240K), 0.0064564 secs]
217.650: Total time for which application threads were stopped: 0.0066504 seconds, Stopping threads took: 0.0000191 seconds
217.718: [GC (Allocation Failure)  914919K->599497K(1033216K), 0.0050832 secs]
217.723: Total time for which application threads were stopped: 0.0052420 seconds, Stopping threads took: 0.0000171 seconds
217.790: [GC (Allocation Failure)  918985K->603433K(1034752K), 0.0046554 secs]
217.795: Total time for which application threads were stopped: 0.0048484 seconds, Stopping threads took: 0.0000206 seconds
217.864: [GC (Allocation Failure)  924969K->596711K(1034752K), 0.0022047 secs]
217.866: Total time for which application threads were stopped: 0.0023530 seconds, Stopping threads took: 0.0000269 seconds
217.933: [GC (Allocation Failure)  918247K->603561K(1034752K), 0.0047273 secs]
217.938: Total time for which application threads were stopped: 0.0048946 seconds, Stopping threads took: 0.0000188 seconds
218.004: [GC (Allocation Failure)  925097K->607609K(1034752K), 0.0059144 secs]
218.010: Total time for which application threads were stopped: 0.0061041 seconds, Stopping threads took: 0.0000197 seconds
218.077: [GC (Allocation Failure)  929145K->602071K(1034752K), 0.0028473 secs]
218.080: Total time for which application threads were stopped: 0.0030010 seconds, Stopping threads took: 0.0000184 seconds
218.147: [GC (Allocation Failure)  923607K->607905K(1034752K), 0.0047014 secs]
218.151: Total time for which application threads were stopped: 0.0048944 seconds, Stopping threads took: 0.0000195 seconds
218.220: [GC (Allocation Failure)  929441K->611745K(1035264K), 0.0051091 secs]
218.225: Total time for which application threads were stopped: 0.0052669 seconds, Stopping threads took: 0.0000172 seconds
218.291: [GC (Allocation Failure)  934233K->607871K(1035264K), 0.0037351 secs]
218.295: Total time for which application threads were stopped: 0.0039097 seconds, Stopping threads took: 0.0000202 seconds
218.365: [GC (Allocation Failure)  930431K->611905K(1036288K), 0.0050478 secs]
218.370: Total time for which application threads were stopped: 0.0052206 seconds, Stopping threads took: 0.0000203 seconds
218.439: [GC (Allocation Failure)  936001K->615905K(1035776K), 0.0048026 secs]
218.444: Total time for which application threads were stopped: 0.0049980 seconds, Stopping threads took: 0.0000205 seconds
218.514: [GC (Allocation Failure)  940001K->615905K(1035776K), 0.0047561 secs]
218.518: Total time for which application threads were stopped: 0.0049377 seconds, Stopping threads took: 0.0000203 seconds
218.586: [GC (Allocation Failure)  939489K->615945K(1023488K), 0.0049768 secs]
218.591: Total time for which application threads were stopped: 0.0051505 seconds, Stopping threads took: 0.0000204 seconds
218.657: [GC (Allocation Failure)  939529K->623947K(1035264K), 0.0048506 secs]
218.662: Total time for which application threads were stopped: 0.0050074 seconds, Stopping threads took: 0.0000193 seconds
218.729: [GC (Allocation Failure)  946507K->623915K(1030144K), 0.0064804 secs]
218.736: Total time for which application threads were stopped: 0.0066454 seconds, Stopping threads took: 0.0000191 seconds
218.804: [GC (Allocation Failure)  946475K->623971K(1034752K), 0.0048952 secs]
218.809: Total time for which application threads were stopped: 0.0050812 seconds, Stopping threads took: 0.0000260 seconds
218.878: [GC (Allocation Failure)  945507K->631941K(1029120K), 0.0049755 secs]
218.883: Total time for which application threads were stopped: 0.0051265 seconds, Stopping threads took: 0.0000170 seconds
218.951: [GC (Allocation Failure)  953477K->631941K(1034240K), 0.0045199 secs]
218.956: Total time for which application threads were stopped: 0.0047297 seconds, Stopping threads took: 0.0000199 seconds
219.023: [GC (Allocation Failure)  952453K->632197K(1034240K), 0.0048201 secs]
219.028: Total time for which application threads were stopped: 0.0049937 seconds, Stopping threads took: 0.0000197 seconds
219.097: [GC (Allocation Failure)  952709K->640008K(1034240K), 0.0045862 secs]
219.101: Total time for which application threads were stopped: 0.0047495 seconds, Stopping threads took: 0.0000198 seconds
219.169: [GC (Allocation Failure)  960520K->639976K(1034240K), 0.0048848 secs]
219.174: Total time for which application threads were stopped: 0.0050465 seconds, Stopping threads took: 0.0000195 seconds
219.241: [GC (Allocation Failure)  960488K->640424K(1033216K), 0.0048205 secs]
219.246: Total time for which application threads were stopped: 0.0049781 seconds, Stopping threads took: 0.0000198 seconds
219.313: [GC (Allocation Failure)  959912K->648074K(1033728K), 0.0047400 secs]
219.318: Total time for which application threads were stopped: 0.0049026 seconds, Stopping threads took: 0.0000194 seconds
219.387: [GC (Allocation Failure)  967562K->648042K(1033728K), 0.0046930 secs]
219.391: Total time for which application threads were stopped: 0.0048606 seconds, Stopping threads took: 0.0000264 seconds
219.456: [GC (Allocation Failure)  967530K->648138K(1033728K), 0.0047214 secs]
219.461: Total time for which application threads were stopped: 0.0049219 seconds, Stopping threads took: 0.0000260 seconds
219.530: [GC (Allocation Failure)  967626K->656044K(1033728K), 0.0047545 secs]
219.535: Total time for which application threads were stopped: 0.0049460 seconds, Stopping threads took: 0.0000193 seconds
219.603: [GC (Allocation Failure)  975532K->656044K(1033728K), 0.0049286 secs]
219.608: Total time for which application threads were stopped: 0.0050883 seconds, Stopping threads took: 0.0000197 seconds
219.676: [GC (Allocation Failure)  975532K->656076K(1033728K), 0.0069956 secs]
219.684: Total time for which application threads were stopped: 0.0071616 seconds, Stopping threads took: 0.0000181 seconds
219.751: [GC (Allocation Failure)  975564K->664111K(1027072K), 0.0050994 secs]
219.757: Total time for which application threads were stopped: 0.0052775 seconds, Stopping threads took: 0.0000225 seconds
219.822: [GC (Allocation Failure)  983598K->660172K(1034240K), 0.0038209 secs]
219.826: Total time for which application threads were stopped: 0.0040208 seconds, Stopping threads took: 0.0000211 seconds
219.894: [GC (Allocation Failure)  979660K->664231K(1033216K), 0.0049811 secs]
219.899: Total time for which application threads were stopped: 0.0051711 seconds, Stopping threads took: 0.0000270 seconds
219.968: [GC (Allocation Failure)  983719K->668199K(1034752K), 0.0048642 secs]
219.972: Total time for which application threads were stopped: 0.0050536 seconds, Stopping threads took: 0.0000196 seconds
220.040: [GC (Allocation Failure)  989735K->661412K(1034752K), 0.0023257 secs]
220.043: Total time for which application threads were stopped: 0.0024867 seconds, Stopping threads took: 0.0000203 seconds
220.110: [GC (Allocation Failure)  982948K->668263K(1034752K), 0.0047850 secs]
220.115: Total time for which application threads were stopped: 0.0049716 seconds, Stopping threads took: 0.0000204 seconds
220.181: [GC (Allocation Failure)  989799K->672335K(1034752K), 0.0056509 secs]
220.187: Total time for which application threads were stopped: 0.0058447 seconds, Stopping threads took: 0.0000199 seconds
220.254: [GC (Allocation Failure)  993871K->666796K(1034752K), 0.0027825 secs]
220.256: Total time for which application threads were stopped: 0.0029593 seconds, Stopping threads took: 0.0000175 seconds
220.326: [GC (Allocation Failure)  988332K->672631K(1034752K), 0.0049111 secs]
220.331: Total time for which application threads were stopped: 0.0050615 seconds, Stopping threads took: 0.0000166 seconds
220.398: [GC (Allocation Failure)  994167K->676471K(1035264K), 0.0052280 secs]
220.404: Total time for which application threads were stopped: 0.0053961 seconds, Stopping threads took: 0.0000202 seconds
220.471: [GC (Allocation Failure)  998959K->672596K(1035264K), 0.0038481 secs]
220.475: Total time for which application threads were stopped: 0.0040052 seconds, Stopping threads took: 0.0000191 seconds
220.543: [GC (Allocation Failure)  995156K->676623K(1036288K), 0.0048803 secs]
220.548: Total time for which application threads were stopped: 0.0050522 seconds, Stopping threads took: 0.0000203 seconds
220.616: [GC (Allocation Failure)  1000719K->680591K(1035776K), 0.0047416 secs]
220.620: Total time for which application threads were stopped: 0.0049166 seconds, Stopping threads took: 0.0000256 seconds
220.689: [GC (Allocation Failure)  1004687K->680623K(1035776K), 0.0048780 secs]
220.694: Total time for which application threads were stopped: 0.0050520 seconds, Stopping threads took: 0.0000204 seconds
220.763: [GC (Allocation Failure)  1004207K->680647K(1023488K), 0.0051031 secs]
220.768: Total time for which application threads were stopped: 0.0052819 seconds, Stopping threads took: 0.0000219 seconds
220.835: [GC (Allocation Failure)  1004231K->688649K(1035264K), 0.0048145 secs]
220.840: Total time for which application threads were stopped: 0.0049646 seconds, Stopping threads took: 0.0000169 seconds
220.907: [GC (Allocation Failure)  1011209K->688617K(1030144K), 0.0046888 secs]
220.912: Total time for which application threads were stopped: 0.0048796 seconds, Stopping threads took: 0.0000211 seconds
220.979: [GC (Allocation Failure)  1011177K->688681K(1034752K), 0.0050907 secs]
220.984: [Full GC (Ergonomics)  688681K->8520K(1034752K), 0.0126387 secs]
220.997: Total time for which application threads were stopped: 0.0179827 seconds, Stopping threads took: 0.0000207 seconds
221.065: [GC (Allocation Failure)  330056K->16586K(1029120K), 0.0047880 secs]
221.070: Total time for which application threads were stopped: 0.0049410 seconds, Stopping threads took: 0.0000261 seconds
221.137: [GC (Allocation Failure)  338122K->16610K(1034240K), 0.0034509 secs]
221.141: Total time for which application threads were stopped: 0.0036365 seconds, Stopping threads took: 0.0000198 seconds
221.208: [GC (Allocation Failure)  337122K->16874K(1034240K), 0.0039151 secs]
221.212: Total time for which application threads were stopped: 0.0040873 seconds, Stopping threads took: 0.0000208 seconds
221.279: [GC (Allocation Failure)  337386K->24684K(1034240K), 0.0035860 secs]
221.283: Total time for which application threads were stopped: 0.0037436 seconds, Stopping threads took: 0.0000198 seconds
221.350: [GC (Allocation Failure)  345196K->24652K(1034240K), 0.0035601 secs]
221.354: Total time for which application threads were stopped: 0.0037216 seconds, Stopping threads took: 0.0000198 seconds
221.421: [GC (Allocation Failure)  345164K->25100K(1033216K), 0.0038024 secs]
221.425: Total time for which application threads were stopped: 0.0039891 seconds, Stopping threads took: 0.0000259 seconds
221.492: [GC (Allocation Failure)  344588K->32687K(1033728K), 0.0037810 secs]
221.496: Total time for which application threads were stopped: 0.0039530 seconds, Stopping threads took: 0.0000195 seconds
221.563: [GC (Allocation Failure)  352175K->32719K(1033728K), 0.0036689 secs]
221.567: Total time for which application threads were stopped: 0.0038649 seconds, Stopping threads took: 0.0000204 seconds
221.633: [GC (Allocation Failure)  352207K->32807K(1033728K), 0.0037939 secs]
221.637: Total time for which application threads were stopped: 0.0039367 seconds, Stopping threads took: 0.0000173 seconds
221.705: [GC (Allocation Failure)  352295K->40713K(1033728K), 0.0037398 secs]
221.709: Total time for which application threads were stopped: 0.0039224 seconds, Stopping threads took: 0.0000201 seconds
221.776: [GC (Allocation Failure)  360201K->40713K(1033728K), 0.0036500 secs]
221.780: Total time for which application threads were stopped: 0.0038135 seconds, Stopping threads took: 0.0000213 seconds
221.847: [GC (Allocation Failure)  360201K->40777K(1033728K), 0.0037017 secs]
221.850: Total time for which application threads were stopped: 0.0038622 seconds, Stopping threads took: 0.0000271 seconds
221.917: [GC (Allocation Failure)  360265K->48747K(1027072K), 0.0039788 secs]
221.921: Total time for which application threads were stopped: 0.0041585 seconds, Stopping threads took: 0.0000196 seconds
221.986: [GC (Allocation Failure)  368235K->44841K(1034240K), 0.0026470 secs]
221.989: Total time for which application threads were stopped: 0.0028116 seconds, Stopping threads took: 0.0000196 seconds
222.060: [GC (Allocation Failure)  364329K->48867K(1033216K), 0.0044143 secs]
222.064: Total time for which application threads were stopped: 0.0046246 seconds, Stopping threads took: 0.0000257 seconds
222.133: [GC (Allocation Failure)  368355K->52867K(1034752K), 0.0037632 secs]
222.136: Total time for which application threads were stopped: 0.0039209 seconds, Stopping threads took: 0.0000192 seconds
222.204: [GC (Allocation Failure)  374403K->46081K(1034752K), 0.0010151 secs]
222.205: Total time for which application threads were stopped: 0.0011417 seconds, Stopping threads took: 0.0000205 seconds
222.272: [GC (Allocation Failure)  367617K->52931K(1034752K), 0.0037090 secs]
222.276: Total time for which application threads were stopped: 0.0038823 seconds, Stopping threads took: 0.0000207 seconds
222.344: [GC (Allocation Failure)  374467K->57043K(1034752K), 0.0045384 secs]
222.348: Total time for which application threads were stopped: 0.0047063 seconds, Stopping threads took: 0.0000167 seconds
222.414: [GC (Allocation Failure)  378579K->51473K(1034752K), 0.0016477 secs]
222.416: Total time for which application threads were stopped: 0.0018033 seconds, Stopping threads took: 0.0000284 seconds
222.485: [GC (Allocation Failure)  373009K->57283K(1034752K), 0.0037702 secs]
222.489: Total time for which application threads were stopped: 0.0039420 seconds, Stopping threads took: 0.0000193 seconds
222.555: [GC (Allocation Failure)  378819K->61155K(1035264K), 0.0041743 secs]
222.560: Total time for which application threads were stopped: 0.0043466 seconds, Stopping threads took: 0.0000213 seconds
222.626: [GC (Allocation Failure)  383643K->57249K(1035264K), 0.0023200 secs]
222.628: Total time for which application threads were stopped: 0.0024758 seconds, Stopping threads took: 0.0000208 seconds
222.696: [GC (Allocation Failure)  379809K->61291K(1036288K), 0.0038062 secs]
222.700: Total time for which application threads were stopped: 0.0039765 seconds, Stopping threads took: 0.0000211 seconds
222.767: [GC (Allocation Failure)  385387K->65291K(1035776K), 0.0043281 secs]
222.772: Total time for which application threads were stopped: 0.0044955 seconds, Stopping threads took: 0.0000203 seconds
222.840: [GC (Allocation Failure)  389387K->65291K(1035776K), 0.0036944 secs]
222.844: Total time for which application threads were stopped: 0.0038583 seconds, Stopping threads took: 0.0000271 seconds
222.911: [GC (Allocation Failure)  388875K->65355K(1023488K), 0.0036649 secs]
222.915: Total time for which application threads were stopped: 0.0038330 seconds, Stopping threads took: 0.0000206 seconds
222.981: [GC (Allocation Failure)  388939K->73325K(1035264K), 0.0037356 secs]
222.985: Total time for which application threads were stopped: 0.0039042 seconds, Stopping threads took: 0.0000192 seconds
223.052: [GC (Allocation Failure)  395885K->73325K(1030144K), 0.0045248 secs]
223.057: Total time for which application threads were stopped: 0.0047391 seconds, Stopping threads took: 0.0000276 seconds
223.125: [GC (Allocation Failure)  395885K->73381K(1034752K), 0.0037891 secs]
223.128: Total time for which application threads were stopped: 0.0039509 seconds, Stopping threads took: 0.0000207 seconds
223.195: [GC (Allocation Failure)  394917K->81384K(1029120K), 0.0038977 secs]
223.199: Total time for which application threads were stopped: 0.0040638 seconds, Stopping threads took: 0.0000198 seconds
223.267: [GC (Allocation Failure)  402920K->81320K(1034240K), 0.0035949 secs]
223.271: Total time for which application threads were stopped: 0.0037681 seconds, Stopping threads took: 0.0000192 seconds
223.339: [GC (Allocation Failure)  401832K->81608K(1034240K), 0.0036373 secs]
223.342: Total time for which application threads were stopped: 0.0037869 seconds, Stopping threads took: 0.0000172 seconds
223.411: [GC (Allocation Failure)  402120K->89386K(1034240K), 0.0037128 secs]
223.415: Total time for which application threads were stopped: 0.0038772 seconds, Stopping threads took: 0.0000201 seconds
223.483: [GC (Allocation Failure)  409898K->89418K(1034240K), 0.0039148 secs]
223.487: Total time for which application threads were stopped: 0.0040831 seconds, Stopping threads took: 0.0000193 seconds
223.554: [GC (Allocation Failure)  409930K->89834K(1033216K), 0.0038400 secs]
223.558: Total time for which application threads were stopped: 0.0040028 seconds, Stopping threads took: 0.0000203 seconds
223.627: [GC (Allocation Failure)  409322K->97420K(1033728K), 0.0039843 secs]
223.631: Total time for which application threads were stopped: 0.0041467 seconds, Stopping threads took: 0.0000203 seconds
223.698: [GC (Allocation Failure)  416908K->97420K(1033728K), 0.0066309 secs]
223.705: Total time for which application threads were stopped: 0.0067911 seconds, Stopping threads took: 0.0000192 seconds
223.771: [GC (Allocation Failure)  416908K->97580K(1033728K), 0.0039509 secs]
223.775: Total time for which application threads were stopped: 0.0041188 seconds, Stopping threads took: 0.0000194 seconds
223.845: [GC (Allocation Failure)  417068K->105486K(1033728K), 0.0037015 secs]
223.849: Total time for which application threads were stopped: 0.0038681 seconds, Stopping threads took: 0.0000262 seconds
223.915: [GC (Allocation Failure)  424974K->105454K(1033728K), 0.0036393 secs]
223.919: Total time for which application threads were stopped: 0.0038421 seconds, Stopping threads took: 0.0000221 seconds
223.987: [GC (Allocation Failure)  424942K->105518K(1033728K), 0.0039408 secs]
223.991: Total time for which application threads were stopped: 0.0040899 seconds, Stopping threads took: 0.0000169 seconds
224.058: [GC (Allocation Failure)  425006K->113489K(1027072K), 0.0046193 secs]
224.063: Total time for which application threads were stopped: 0.0048260 seconds, Stopping threads took: 0.0000253 seconds
224.128: [GC (Allocation Failure)  432976K->109582K(1034240K), 0.0027555 secs]
224.130: Total time for which application threads were stopped: 0.0029096 seconds, Stopping threads took: 0.0000198 seconds
224.199: [GC (Allocation Failure)  429070K->113641K(1033216K), 0.0040217 secs]
224.204: Total time for which application threads were stopped: 0.0041838 seconds, Stopping threads took: 0.0000193 seconds
224.273: [GC (Allocation Failure)  433129K->117609K(1034752K), 0.0038804 secs]
224.277: Total time for which application threads were stopped: 0.0040410 seconds, Stopping threads took: 0.0000198 seconds
224.344: [GC (Allocation Failure)  439145K->110854K(1034752K), 0.0011618 secs]
224.346: Total time for which application threads were stopped: 0.0012919 seconds, Stopping threads took: 0.0000254 seconds
224.416: [GC (Allocation Failure)  432390K->117713K(1034752K), 0.0038100 secs]
224.420: Total time for which application threads were stopped: 0.0039725 seconds, Stopping threads took: 0.0000196 seconds
224.486: [GC (Allocation Failure)  439249K->121761K(1034752K), 0.0046892 secs]
224.490: Total time for which application threads were stopped: 0.0048715 seconds, Stopping threads took: 0.0000203 seconds
224.557: [GC (Allocation Failure)  443297K->116222K(1034752K), 0.0018679 secs]
224.559: Total time for which application threads were stopped: 0.0020363 seconds, Stopping threads took: 0.0000213 seconds
224.625: [GC (Allocation Failure)  437758K->122033K(1034752K), 0.0038297 secs]
224.629: Total time for which application threads were stopped: 0.0039875 seconds, Stopping threads took: 0.0000185 seconds
224.696: [GC (Allocation Failure)  443569K->125937K(1034752K), 0.0041686 secs]
224.700: Total time for which application threads were stopped: 0.0043330 seconds, Stopping threads took: 0.0000193 seconds
224.767: [GC (Allocation Failure)  448425K->121998K(1035264K), 0.0026208 secs]
224.769: Total time for which application threads were stopped: 0.0027845 seconds, Stopping threads took: 0.0000195 seconds
224.840: [GC (Allocation Failure)  444558K->126057K(1036288K), 0.0038485 secs]
224.844: Total time for which application threads were stopped: 0.0040158 seconds, Stopping threads took: 0.0000281 seconds
224.912: [GC (Allocation Failure)  450153K->130025K(1035776K), 0.0037116 secs]
224.916: Total time for which application threads were stopped: 0.0038732 seconds, Stopping threads took: 0.0000194 seconds
224.984: [GC (Allocation Failure)  454121K->130025K(1035776K), 0.0036626 secs]
224.988: Total time for which application threads were stopped: 0.0038231 seconds, Stopping threads took: 0.0000199 seconds
225.057: [GC (Allocation Failure)  453609K->130113K(1023488K), 0.0045244 secs]
225.061: Total time for which application threads were stopped: 0.0046723 seconds, Stopping threads took: 0.0000193 seconds
225.129: [GC (Allocation Failure)  453697K->138083K(1035264K), 0.0038504 secs]
225.133: Total time for which application threads were stopped: 0.0040134 seconds, Stopping threads took: 0.0000202 seconds
225.201: [GC (Allocation Failure)  460643K->138051K(1030144K), 0.0038118 secs]
225.205: Total time for which application threads were stopped: 0.0039901 seconds, Stopping threads took: 0.0000226 seconds
225.272: [GC (Allocation Failure)  460611K->138123K(1034752K), 0.0041166 secs]
225.276: Total time for which application threads were stopped: 0.0042930 seconds, Stopping threads took: 0.0000207 seconds
225.345: [GC (Allocation Failure)  459659K->146093K(1034752K), 0.0041458 secs]
225.349: Total time for which application threads were stopped: 0.0043301 seconds, Stopping threads took: 0.0000257 seconds
225.417: [GC (Allocation Failure)  467629K->146125K(1033728K), 0.0038715 secs]
225.421: Total time for which application threads were stopped: 0.0040511 seconds, Stopping threads took: 0.0000225 seconds
225.489: [GC (Allocation Failure)  466637K->146349K(1034240K), 0.0040671 secs]
225.493: Total time for which application threads were stopped: 0.0042324 seconds, Stopping threads took: 0.0000194 seconds
225.561: [GC (Allocation Failure)  466861K->154159K(1034240K), 0.0039800 secs]
225.565: Total time for which application threads were stopped: 0.0041555 seconds, Stopping threads took: 0.0000206 seconds
225.634: [GC (Allocation Failure)  474671K->154127K(1034240K), 0.0039126 secs]
225.638: Total time for which application threads were stopped: 0.0040752 seconds, Stopping threads took: 0.0000198 seconds
225.705: [GC (Allocation Failure)  474639K->154535K(1033216K), 0.0040643 secs]
225.709: Total time for which application threads were stopped: 0.0042377 seconds, Stopping threads took: 0.0000205 seconds
225.776: [GC (Allocation Failure)  474023K->162186K(1033728K), 0.0052642 secs]
225.782: Total time for which application threads were stopped: 0.0054340 seconds, Stopping threads took: 0.0000259 seconds
225.850: [GC (Allocation Failure)  481674K->162154K(1033728K), 0.0036716 secs]
225.854: Total time for which application threads were stopped: 0.0038192 seconds, Stopping threads took: 0.0000253 seconds
225.920: [GC (Allocation Failure)  481642K->162282K(1033728K), 0.0039042 secs]
225.924: Total time for which application threads were stopped: 0.0040743 seconds, Stopping threads took: 0.0000196 seconds
225.991: [GC (Allocation Failure)  481770K->170188K(1033728K), 0.0040002 secs]
225.995: Total time for which application threads were stopped: 0.0041674 seconds, Stopping threads took: 0.0000197 seconds
226.063: [GC (Allocation Failure)  489676K->170156K(1033728K), 0.0053247 secs]
226.069: Total time for which application threads were stopped: 0.0054732 seconds, Stopping threads took: 0.0000262 seconds
226.136: [GC (Allocation Failure)  489644K->170252K(1033728K), 0.0041135 secs]
226.140: Total time for which application threads were stopped: 0.0042837 seconds, Stopping threads took: 0.0000197 seconds
226.207: [GC (Allocation Failure)  489740K->178222K(1027072K), 0.0039843 secs]
226.211: Total time for which application threads were stopped: 0.0041752 seconds, Stopping threads took: 0.0000202 seconds
226.278: [GC (Allocation Failure)  497710K->174348K(1034240K), 0.0027356 secs]
226.280: Total time for which application threads were stopped: 0.0029244 seconds, Stopping threads took: 0.0000194 seconds
226.350: [GC (Allocation Failure)  493836K->178382K(1033216K), 0.0040520 secs]
226.354: Total time for which application threads were stopped: 0.0042237 seconds, Stopping threads took: 0.0000282 seconds
226.422: [GC (Allocation Failure)  497870K->182350K(1034752K), 0.0040643 secs]
226.426: Total time for which application threads were stopped: 0.0042543 seconds, Stopping threads took: 0.0000246 seconds
226.492: [GC (Allocation Failure)  503886K->175532K(1034752K), 0.0013547 secs]
226.493: Total time for which application threads were stopped: 0.0014981 seconds, Stopping threads took: 0.0000206 seconds
226.563: [GC (Allocation Failure)  497068K->182454K(1034752K), 0.0038553 secs]
226.567: Total time for which application threads were stopped: 0.0040073 seconds, Stopping threads took: 0.0000173 seconds
226.633: [GC (Allocation Failure)  503990K->186502K(1034752K), 0.0049789 secs]
226.638: Total time for which application threads were stopped: 0.0051626 seconds, Stopping threads took: 0.0000202 seconds
226.703: [GC (Allocation Failure)  508038K->180964K(1034752K), 0.0018611 secs]
226.705: Total time for which application threads were stopped: 0.0020147 seconds, Stopping threads took: 0.0000212 seconds
226.773: [GC (Allocation Failure)  502500K->186774K(1034752K), 0.0042559 secs]
226.778: Total time for which application threads were stopped: 0.0044471 seconds, Stopping threads took: 0.0000282 seconds
226.844: [GC (Allocation Failure)  508310K->190678K(1034752K), 0.0042265 secs]
226.849: Total time for which application threads were stopped: 0.0043907 seconds, Stopping threads took: 0.0000259 seconds
226.915: [GC (Allocation Failure)  513167K->186772K(1035264K), 0.0028209 secs]
226.918: Total time for which application threads were stopped: 0.0029813 seconds, Stopping threads took: 0.0000195 seconds
226.988: [GC (Allocation Failure)  509332K->190798K(1036288K), 0.0041091 secs]
226.993: Total time for which application threads were stopped: 0.0042716 seconds, Stopping threads took: 0.0000197 seconds
227.061: [GC (Allocation Failure)  514894K->194734K(1035776K), 0.0044921 secs]
227.065: Total time for which application threads were stopped: 0.0046896 seconds, Stopping threads took: 0.0000257 seconds
227.134: [GC (Allocation Failure)  518830K->194798K(1035776K), 0.0040444 secs]
227.138: Total time for which application threads were stopped: 0.0042143 seconds, Stopping threads took: 0.0000201 seconds
227.206: [GC (Allocation Failure)  518382K->194862K(1023488K), 0.0042485 secs]
227.210: Total time for which application threads were stopped: 0.0044313 seconds, Stopping threads took: 0.0000215 seconds
227.278: [GC (Allocation Failure)  518446K->202833K(1035264K), 0.0042014 secs]
227.282: Total time for which application threads were stopped: 0.0043976 seconds, Stopping threads took: 0.0000223 seconds
227.352: [GC (Allocation Failure)  525393K->202769K(1030144K), 0.0037929 secs]
227.356: Total time for which application threads were stopped: 0.0039582 seconds, Stopping threads took: 0.0000260 seconds
227.423: [GC (Allocation Failure)  525329K->202857K(1034752K), 0.0041254 secs]
227.427: Total time for which application threads were stopped: 0.0042891 seconds, Stopping threads took: 0.0000215 seconds
227.494: [GC (Allocation Failure)  524393K->210859K(1034752K), 0.0042308 secs]
227.498: Total time for which application threads were stopped: 0.0043935 seconds, Stopping threads took: 0.0000208 seconds
227.566: [GC (Allocation Failure)  532395K->210827K(1033728K), 0.0039686 secs]
227.570: Total time for which application threads were stopped: 0.0041391 seconds, Stopping threads took: 0.0000205 seconds
227.637: [GC (Allocation Failure)  531339K->211083K(1034240K), 0.0058470 secs]
227.643: Total time for which application threads were stopped: 0.0060453 seconds, Stopping threads took: 0.0000203 seconds
227.710: [GC (Allocation Failure)  531595K->218893K(1034240K), 0.0038652 secs]
227.714: Total time for which application threads were stopped: 0.0040480 seconds, Stopping threads took: 0.0000275 seconds
227.782: [GC (Allocation Failure)  539405K->218893K(1034240K), 0.0041167 secs]
227.786: Total time for which application threads were stopped: 0.0042930 seconds, Stopping threads took: 0.0000210 seconds
227.855: [GC (Allocation Failure)  539405K->219301K(1033216K), 0.0041912 secs]
227.859: Total time for which application threads were stopped: 0.0043668 seconds, Stopping threads took: 0.0000283 seconds
227.927: [GC (Allocation Failure)  538789K->226951K(1033728K), 0.0039931 secs]
227.931: Total time for which application threads were stopped: 0.0041544 seconds, Stopping threads took: 0.0000193 seconds
227.999: [GC (Allocation Failure)  546439K->226855K(1033728K), 0.0040649 secs]
228.003: Total time for which application threads were stopped: 0.0042438 seconds, Stopping threads took: 0.0000205 seconds
228.070: [GC (Allocation Failure)  546343K->227047K(1033728K), 0.0040004 secs]
228.074: Total time for which application threads were stopped: 0.0041643 seconds, Stopping threads took: 0.0000168 seconds
228.141: [GC (Allocation Failure)  546535K->234986K(1033728K), 0.0040761 secs]
228.145: Total time for which application threads were stopped: 0.0042437 seconds, Stopping threads took: 0.0000192 seconds
228.212: [GC (Allocation Failure)  554474K->234922K(1033728K), 0.0039765 secs]
228.216: Total time for which application threads were stopped: 0.0041461 seconds, Stopping threads took: 0.0000200 seconds
228.284: [GC (Allocation Failure)  554410K->234986K(1033728K), 0.0041253 secs]
228.288: Total time for which application threads were stopped: 0.0042943 seconds, Stopping threads took: 0.0000197 seconds
228.354: [GC (Allocation Failure)  554474K->242956K(1027072K), 0.0041139 secs]
228.358: Total time for which application threads were stopped: 0.0042805 seconds, Stopping threads took: 0.0000262 seconds
228.423: [GC (Allocation Failure)  562443K->239050K(1034240K), 0.0031300 secs]
228.426: Total time for which application threads were stopped: 0.0033047 seconds, Stopping threads took: 0.0000284 seconds
228.493: [GC (Allocation Failure)  558538K->243084K(1033216K), 0.0041888 secs]
228.498: Total time for which application threads were stopped: 0.0043710 seconds, Stopping threads took: 0.0000201 seconds
228.567: [GC (Allocation Failure)  562572K->247084K(1034752K), 0.0039419 secs]
228.571: Total time for which application threads were stopped: 0.0041332 seconds, Stopping threads took: 0.0000201 seconds
228.639: [GC (Allocation Failure)  568620K->240330K(1034752K), 0.0016009 secs]
228.640: Total time for which application threads were stopped: 0.0017462 seconds, Stopping threads took: 0.0000192 seconds
228.710: [GC (Allocation Failure)  561866K->247188K(1034752K), 0.0040182 secs]
228.714: Total time for which application threads were stopped: 0.0041850 seconds, Stopping threads took: 0.0000191 seconds
228.780: [GC (Allocation Failure)  568724K->251236K(1034752K), 0.0049168 secs]
228.785: Total time for which application threads were stopped: 0.0050765 seconds, Stopping threads took: 0.0000190 seconds
228.851: [GC (Allocation Failure)  572772K->245666K(1034752K), 0.0020102 secs]
228.853: Total time for which application threads were stopped: 0.0021548 seconds, Stopping threads took: 0.0000257 seconds
228.920: [GC (Allocation Failure)  567202K->251540K(1034752K), 0.0042383 secs]
228.925: Total time for which application threads were stopped: 0.0044390 seconds, Stopping threads took: 0.0000217 seconds
228.994: [GC (Allocation Failure)  573076K->255372K(1035264K), 0.0045190 secs]
228.998: Total time for which application threads were stopped: 0.0047041 seconds, Stopping threads took: 0.0000196 seconds
229.066: [GC (Allocation Failure)  577860K->251466K(1035264K), 0.0073296 secs]
229.073: Total time for which application threads were stopped: 0.0074723 seconds, Stopping threads took: 0.0000176 seconds
229.143: [GC (Allocation Failure)  574026K->255532K(1036288K), 0.0042392 secs]
229.147: Total time for which application threads were stopped: 0.0044081 seconds, Stopping threads took: 0.0000196 seconds
229.215: [GC (Allocation Failure)  579628K->259532K(1035776K), 0.0041004 secs]
229.219: Total time for which application threads were stopped: 0.0042717 seconds, Stopping threads took: 0.0000206 seconds
229.287: [GC (Allocation Failure)  583628K->259500K(1035776K), 0.0039656 secs]
229.292: Total time for which application threads were stopped: 0.0041505 seconds, Stopping threads took: 0.0000265 seconds
229.360: [GC (Allocation Failure)  583084K->259556K(1023488K), 0.0043782 secs]
229.364: Total time for which application threads were stopped: 0.0045551 seconds, Stopping threads took: 0.0000270 seconds
229.431: [GC (Allocation Failure)  583140K->267526K(1035264K), 0.0042222 secs]
229.435: Total time for which application threads were stopped: 0.0043973 seconds, Stopping threads took: 0.0000206 seconds
229.504: [GC (Allocation Failure)  590086K->267526K(1030144K), 0.0041389 secs]
229.508: Total time for which application threads were stopped: 0.0043067 seconds, Stopping threads took: 0.0000195 seconds
229.575: [GC (Allocation Failure)  590086K->267590K(1034752K), 0.0041762 secs]
229.579: Total time for which application threads were stopped: 0.0043333 seconds, Stopping threads took: 0.0000202 seconds
229.646: [GC (Allocation Failure)  589126K->275560K(1034752K), 0.0041721 secs]
229.651: Total time for which application threads were stopped: 0.0043400 seconds, Stopping threads took: 0.0000195 seconds
229.718: [GC (Allocation Failure)  597096K->275592K(1033728K), 0.0040747 secs]
229.722: Total time for which application threads were stopped: 0.0042317 seconds, Stopping threads took: 0.0000192 seconds
229.791: [GC (Allocation Failure)  596104K->275816K(1034240K), 0.0042137 secs]
229.795: Total time for which application threads were stopped: 0.0043884 seconds, Stopping threads took: 0.0000197 seconds
229.863: [GC (Allocation Failure)  596328K->283627K(1034240K), 0.0040360 secs]
229.867: Total time for which application threads were stopped: 0.0041976 seconds, Stopping threads took: 0.0000266 seconds
229.937: [GC (Allocation Failure)  604139K->283595K(1034240K), 0.0041954 secs]
229.941: Total time for which application threads were stopped: 0.0043750 seconds, Stopping threads took: 0.0000199 seconds
230.009: [GC (Allocation Failure)  604107K->284011K(1033216K), 0.0041320 secs]
230.013: Total time for which application threads were stopped: 0.0043153 seconds, Stopping threads took: 0.0000226 seconds
230.082: [GC (Allocation Failure)  603499K->291661K(1033728K), 0.0044385 secs]
230.087: Total time for which application threads were stopped: 0.0046121 seconds, Stopping threads took: 0.0000208 seconds
230.154: [GC (Allocation Failure)  611149K->291661K(1033728K), 0.0041876 secs]
230.158: Total time for which application threads were stopped: 0.0043458 seconds, Stopping threads took: 0.0000197 seconds
230.225: [GC (Allocation Failure)  611149K->291757K(1033728K), 0.0040821 secs]
230.229: Total time for which application threads were stopped: 0.0042455 seconds, Stopping threads took: 0.0000165 seconds
230.297: [GC (Allocation Failure)  611245K->299695K(1033728K), 0.0041517 secs]
230.301: Total time for which application threads were stopped: 0.0043448 seconds, Stopping threads took: 0.0000196 seconds
230.369: [GC (Allocation Failure)  619183K->299663K(1033728K), 0.0040809 secs]
230.373: Total time for which application threads were stopped: 0.0042491 seconds, Stopping threads took: 0.0000282 seconds
230.440: [GC (Allocation Failure)  619151K->299719K(1032704K), 0.0042675 secs]
230.445: Total time for which application threads were stopped: 0.0044364 seconds, Stopping threads took: 0.0000282 seconds
230.511: [GC (Allocation Failure)  618183K->307721K(1033216K), 0.0043018 secs]
230.516: Total time for which application threads were stopped: 0.0044805 seconds, Stopping threads took: 0.0000192 seconds
230.584: [GC (Allocation Failure)  626185K->302151K(1033728K), 0.0021145 secs]
230.586: Total time for which application threads were stopped: 0.0022554 seconds, Stopping threads took: 0.0000164 seconds
230.652: [GC (Allocation Failure)  621127K->307937K(1033216K), 0.0042164 secs]
230.656: Total time for which application threads were stopped: 0.0043873 seconds, Stopping threads took: 0.0000193 seconds
230.723: [GC (Allocation Failure)  626913K->311825K(1034240K), 0.0044112 secs]
230.728: Total time for which application threads were stopped: 0.0045753 seconds, Stopping threads took: 0.0000203 seconds
230.795: [GC (Allocation Failure)  632337K->317711K(1034240K), 0.0067094 secs]
230.801: Total time for which application threads were stopped: 0.0068818 seconds, Stopping threads took: 0.0000204 seconds
230.869: [GC (Allocation Failure)  638223K->312017K(1030144K), 0.0043720 secs]
230.873: Total time for which application threads were stopped: 0.0045359 seconds, Stopping threads took: 0.0000254 seconds
230.941: [GC (Allocation Failure)  628433K->311857K(1032192K), 0.0042175 secs]
230.945: Total time for which application threads were stopped: 0.0043980 seconds, Stopping threads took: 0.0000202 seconds
231.011: [GC (Allocation Failure)  628273K->307695K(1033216K), 0.0026552 secs]
231.013: Total time for which application threads were stopped: 0.0028295 seconds, Stopping threads took: 0.0000213 seconds
231.084: [GC (Allocation Failure)  625647K->311953K(1032704K), 0.0042289 secs]
231.088: Total time for which application threads were stopped: 0.0043900 seconds, Stopping threads took: 0.0000200 seconds
231.154: [GC (Allocation Failure)  629905K->311825K(1033728K), 0.0043574 secs]
231.158: Total time for which application threads were stopped: 0.0045524 seconds, Stopping threads took: 0.0000203 seconds
231.226: [GC (Allocation Failure)  630801K->315433K(1033216K), 0.0050213 secs]
231.231: Total time for which application threads were stopped: 0.0052133 seconds, Stopping threads took: 0.0000198 seconds
231.300: [GC (Allocation Failure)  634409K->319916K(1034240K), 0.0041970 secs]
231.304: Total time for which application threads were stopped: 0.0043878 seconds, Stopping threads took: 0.0000196 seconds
231.372: [GC (Allocation Failure)  639916K->319852K(1033728K), 0.0042312 secs]
231.376: Total time for which application threads were stopped: 0.0044034 seconds, Stopping threads took: 0.0000282 seconds
231.441: [GC (Allocation Failure)  639852K->323148K(1034240K), 0.0048354 secs]
231.446: Total time for which application threads were stopped: 0.0050191 seconds, Stopping threads took: 0.0000197 seconds
231.515: [GC (Allocation Failure)  643660K->327918K(1034240K), 0.0041629 secs]
231.519: Total time for which application threads were stopped: 0.0043382 seconds, Stopping threads took: 0.0000198 seconds
231.587: [GC (Allocation Failure)  648430K->327886K(1034752K), 0.0041703 secs]
231.591: Total time for which application threads were stopped: 0.0043454 seconds, Stopping threads took: 0.0000214 seconds
231.656: [GC (Allocation Failure)  649422K->330350K(1034752K), 0.0045757 secs]
231.661: Total time for which application threads were stopped: 0.0047541 seconds, Stopping threads took: 0.0000280 seconds
231.729: [GC (Allocation Failure)  651886K->335920K(1034752K), 0.0042042 secs]
231.733: Total time for which application threads were stopped: 0.0043702 seconds, Stopping threads took: 0.0000196 seconds
231.801: [GC (Allocation Failure)  657456K->335952K(1034752K), 0.0056725 secs]
231.806: Total time for which application threads were stopped: 0.0058427 seconds, Stopping threads took: 0.0000197 seconds
231.873: [GC (Allocation Failure)  657488K->339624K(1035264K), 0.0051732 secs]
231.878: Total time for which application threads were stopped: 0.0053490 seconds, Stopping threads took: 0.0000259 seconds
231.945: [GC (Allocation Failure)  661672K->343979K(1034752K), 0.0044556 secs]
231.949: Total time for which application threads were stopped: 0.0046332 seconds, Stopping threads took: 0.0000218 seconds
232.017: [GC (Allocation Failure)  666027K->343947K(1035264K), 0.0042750 secs]
232.021: Total time for which application threads were stopped: 0.0044625 seconds, Stopping threads took: 0.0000215 seconds
232.089: [GC (Allocation Failure)  666507K->346827K(1035264K), 0.0057770 secs]
232.095: Total time for which application threads were stopped: 0.0059385 seconds, Stopping threads took: 0.0000200 seconds
232.162: [GC (Allocation Failure)  669387K->352077K(1035264K), 0.0041693 secs]
232.166: Total time for which application threads were stopped: 0.0043467 seconds, Stopping threads took: 0.0000198 seconds
232.236: [GC (Allocation Failure)  674637K->352013K(1035264K), 0.0044085 secs]
232.240: Total time for which application threads were stopped: 0.0045761 seconds, Stopping threads took: 0.0000194 seconds
232.307: [GC (Allocation Failure)  674573K->355045K(1035264K), 0.0048993 secs]
232.312: Total time for which application threads were stopped: 0.0050612 seconds, Stopping threads took: 0.0000196 seconds
232.379: [GC (Allocation Failure)  677605K->360071K(1035264K), 0.0041852 secs]
232.384: Total time for which application threads were stopped: 0.0043651 seconds, Stopping threads took: 0.0000285 seconds
232.452: [GC (Allocation Failure)  682631K->360007K(1035264K), 0.0058446 secs]
232.458: Total time for which application threads were stopped: 0.0060233 seconds, Stopping threads took: 0.0000201 seconds
232.526: [GC (Allocation Failure)  682567K->355237K(1035264K), 0.0023872 secs]
232.529: Total time for which application threads were stopped: 0.0025374 seconds, Stopping threads took: 0.0000190 seconds
232.597: [GC (Allocation Failure)  677797K->360263K(1035264K), 0.0041976 secs]
232.601: Total time for which application threads were stopped: 0.0043601 seconds, Stopping threads took: 0.0000200 seconds
232.669: [GC (Allocation Failure)  682823K->360007K(1035264K), 0.0041298 secs]
232.673: Total time for which application threads were stopped: 0.0043061 seconds, Stopping threads took: 0.0000204 seconds
232.740: [GC (Allocation Failure)  682567K->359557K(1035776K), 0.0042985 secs]
232.745: Total time for which application threads were stopped: 0.0044699 seconds, Stopping threads took: 0.0000197 seconds
232.813: [GC (Allocation Failure)  682629K->360199K(1035264K), 0.0043359 secs]
232.817: Total time for which application threads were stopped: 0.0044987 seconds, Stopping threads took: 0.0000200 seconds
232.885: [GC (Allocation Failure)  683271K->360007K(1035776K), 0.0041715 secs]
232.889: Total time for which application threads were stopped: 0.0043371 seconds, Stopping threads took: 0.0000262 seconds
232.958: [GC (Allocation Failure)  683591K->365837K(1035776K), 0.0069466 secs]
232.965: Total time for which application threads were stopped: 0.0071304 seconds, Stopping threads took: 0.0000324 seconds
233.033: [GC (Allocation Failure)  689421K->361263K(1032704K), 0.0042160 secs]
233.037: Total time for which application threads were stopped: 0.0043819 seconds, Stopping threads took: 0.0000205 seconds
233.106: [GC (Allocation Failure)  681775K->361135K(1034240K), 0.0044430 secs]
233.110: Total time for which application threads were stopped: 0.0046212 seconds, Stopping threads took: 0.0000199 seconds
233.177: [GC (Allocation Failure)  681647K->368165K(1030656K), 0.0075400 secs]
233.185: Total time for which application threads were stopped: 0.0077345 seconds, Stopping threads took: 0.0000216 seconds
233.253: [GC (Allocation Failure)  685605K->362503K(1032704K), 0.0043722 secs]
233.258: Total time for which application threads were stopped: 0.0045662 seconds, Stopping threads took: 0.0000204 seconds
233.326: [GC (Allocation Failure)  679943K->362407K(1033728K), 0.0041089 secs]
233.330: Total time for which application threads were stopped: 0.0042744 seconds, Stopping threads took: 0.0000200 seconds
233.397: [GC (Allocation Failure)  681383K->359973K(1033216K), 0.0034019 secs]
233.401: Total time for which application threads were stopped: 0.0035899 seconds, Stopping threads took: 0.0000277 seconds
233.468: [GC (Allocation Failure)  678949K->362439K(1034752K), 0.0043346 secs]
233.472: Total time for which application threads were stopped: 0.0044897 seconds, Stopping threads took: 0.0000191 seconds
233.541: [GC (Allocation Failure)  683463K->362375K(1034240K), 0.0041030 secs]
233.545: Total time for which application threads were stopped: 0.0042708 seconds, Stopping threads took: 0.0000279 seconds
233.611: [GC (Allocation Failure)  683399K->357637K(1034240K), 0.0023785 secs]
233.613: Total time for which application threads were stopped: 0.0025530 seconds, Stopping threads took: 0.0000190 seconds
233.683: [GC (Allocation Failure)  679173K->362631K(1034752K), 0.0042897 secs]
233.688: Total time for which application threads were stopped: 0.0044643 seconds, Stopping threads took: 0.0000194 seconds
233.757: [GC (Allocation Failure)  684167K->362375K(1035776K), 0.0042773 secs]
233.761: Total time for which application threads were stopped: 0.0044377 seconds, Stopping threads took: 0.0000251 seconds
233.827: [GC (Allocation Failure)  685447K->360389K(1035264K), 0.0036319 secs]
233.831: Total time for which application threads were stopped: 0.0038023 seconds, Stopping threads took: 0.0000278 seconds
233.898: [GC (Allocation Failure)  683461K->362631K(1036288K), 0.0043450 secs]
233.902: Total time for which application threads were stopped: 0.0045218 seconds, Stopping threads took: 0.0000257 seconds
233.971: [GC (Allocation Failure)  686727K->362407K(1035776K), 0.0041697 secs]
233.975: Total time for which application threads were stopped: 0.0043654 seconds, Stopping threads took: 0.0000208 seconds
234.046: [GC (Allocation Failure)  686503K->368253K(1032192K), 0.0090353 secs]
234.055: Total time for which application threads were stopped: 0.0092059 seconds, Stopping threads took: 0.0000257 seconds
234.123: [GC (Allocation Failure)  688765K->364159K(1034240K), 0.0046542 secs]
234.127: Total time for which application threads were stopped: 0.0048229 seconds, Stopping threads took: 0.0000194 seconds
234.195: [GC (Allocation Failure)  684671K->364031K(1035264K), 0.0042323 secs]
234.199: Total time for which application threads were stopped: 0.0044093 seconds, Stopping threads took: 0.0000194 seconds
234.268: [GC (Allocation Failure)  686591K->370061K(1035264K), 0.0068190 secs]
234.275: Total time for which application threads were stopped: 0.0070149 seconds, Stopping threads took: 0.0000203 seconds
234.343: [GC (Allocation Failure)  692621K->364879K(1033216K), 0.0042048 secs]
234.347: Total time for which application threads were stopped: 0.0043624 seconds, Stopping threads took: 0.0000192 seconds
234.415: [GC (Allocation Failure)  685391K->364847K(1034240K), 0.0043767 secs]
234.420: Total time for which application threads were stopped: 0.0045566 seconds, Stopping threads took: 0.0000288 seconds
234.486: [GC (Allocation Failure)  685359K->371021K(1031680K), 0.0069193 secs]
234.493: Total time for which application threads were stopped: 0.0070891 seconds, Stopping threads took: 0.0000189 seconds
234.561: [GC (Allocation Failure)  689485K->365519K(1033216K), 0.0045456 secs]
234.565: Total time for which application threads were stopped: 0.0047044 seconds, Stopping threads took: 0.0000198 seconds
234.631: [GC (Allocation Failure)  683983K->365263K(1033728K), 0.0044039 secs]
234.636: Total time for which application threads were stopped: 0.0045628 seconds, Stopping threads took: 0.0000196 seconds
234.700: [GC (Allocation Failure)  684751K->364557K(1033728K), 0.0064201 secs]
234.707: Total time for which application threads were stopped: 0.0065667 seconds, Stopping threads took: 0.0000189 seconds
234.774: [GC (Allocation Failure)  684045K->365455K(1034752K), 0.0064931 secs]
234.781: Total time for which application threads were stopped: 0.0066622 seconds, Stopping threads took: 0.0000172 seconds
234.848: [GC (Allocation Failure)  686479K->365263K(1034240K), 0.0043923 secs]
234.852: Total time for which application threads were stopped: 0.0045425 seconds, Stopping threads took: 0.0000218 seconds
234.919: [GC (Allocation Failure)  686287K->362669K(1034752K), 0.0033035 secs]
234.922: Total time for which application threads were stopped: 0.0034813 seconds, Stopping threads took: 0.0000273 seconds
234.990: [GC (Allocation Failure)  684205K->365423K(1034752K), 0.0043833 secs]
234.994: Total time for which application threads were stopped: 0.0045423 seconds, Stopping threads took: 0.0000196 seconds
235.061: [GC (Allocation Failure)  686959K->365263K(1035776K), 0.0074155 secs]
235.068: Total time for which application threads were stopped: 0.0075572 seconds, Stopping threads took: 0.0000179 seconds
235.133: [GC (Allocation Failure)  688335K->365421K(1035264K), 0.0045871 secs]
235.138: Total time for which application threads were stopped: 0.0047505 seconds, Stopping threads took: 0.0000192 seconds
235.206: [GC (Allocation Failure)  688493K->365295K(1036288K), 0.0043153 secs]
235.211: Total time for which application threads were stopped: 0.0045067 seconds, Stopping threads took: 0.0000197 seconds
235.279: [GC (Allocation Failure)  689903K->365263K(1036288K), 0.0044851 secs]
235.284: Total time for which application threads were stopped: 0.0046398 seconds, Stopping threads took: 0.0000168 seconds
235.349: [GC (Allocation Failure)  689871K->357933K(1034752K), 0.0015184 secs]
235.351: Total time for which application threads were stopped: 0.0016575 seconds, Stopping threads took: 0.0000202 seconds
235.418: [GC (Allocation Failure)  681517K->365319K(1035776K), 0.0043727 secs]
235.423: Total time for which application threads were stopped: 0.0045508 seconds, Stopping threads took: 0.0000268 seconds
235.491: [GC (Allocation Failure)  688903K->369383K(1036288K), 0.0055961 secs]
235.497: Total time for which application threads were stopped: 0.0057892 seconds, Stopping threads took: 0.0000197 seconds
235.567: [GC (Allocation Failure)  693991K->369383K(1036288K), 0.0041408 secs]
235.571: Total time for which application threads were stopped: 0.0043116 seconds, Stopping threads took: 0.0000173 seconds
235.638: [GC (Allocation Failure)  693991K->369671K(1034752K), 0.0043126 secs]
235.643: Total time for which application threads were stopped: 0.0044715 seconds, Stopping threads took: 0.0000167 seconds
235.711: [GC (Allocation Failure)  693255K->377449K(1035776K), 0.0042897 secs]
235.716: Total time for which application threads were stopped: 0.0044616 seconds, Stopping threads took: 0.0000202 seconds
235.784: [GC (Allocation Failure)  701033K->377449K(1036288K), 0.0045393 secs]
235.789: Total time for which application threads were stopped: 0.0047110 seconds, Stopping threads took: 0.0000197 seconds
235.857: [GC (Allocation Failure)  702057K->377673K(1024512K), 0.0042362 secs]
235.862: Total time for which application threads were stopped: 0.0044183 seconds, Stopping threads took: 0.0000277 seconds
235.929: [GC (Allocation Failure)  702281K->385516K(1035776K), 0.0042911 secs]
235.933: Total time for which application threads were stopped: 0.0044627 seconds, Stopping threads took: 0.0000205 seconds
236.001: [GC (Allocation Failure)  708588K->385484K(1035264K), 0.0044730 secs]
236.006: Total time for which application threads were stopped: 0.0046594 seconds, Stopping threads took: 0.0000199 seconds
236.072: [GC (Allocation Failure)  708556K->385636K(1034752K), 0.0046511 secs]
236.077: Total time for which application threads were stopped: 0.0048107 seconds, Stopping threads took: 0.0000196 seconds
236.145: [GC (Allocation Failure)  708196K->393478K(1035264K), 0.0044041 secs]
236.150: Total time for which application threads were stopped: 0.0045627 seconds, Stopping threads took: 0.0000192 seconds
236.218: [GC (Allocation Failure)  716038K->393478K(1035264K), 0.0050828 secs]
236.223: Total time for which application threads were stopped: 0.0054090 seconds, Stopping threads took: 0.0000194 seconds
236.290: [GC (Allocation Failure)  716038K->393638K(1022464K), 0.0045441 secs]
236.295: Total time for which application threads were stopped: 0.0047048 seconds, Stopping threads took: 0.0000197 seconds
236.363: [GC (Allocation Failure)  716198K->401544K(1034752K), 0.0044312 secs]
236.368: Total time for which application threads were stopped: 0.0046287 seconds, Stopping threads took: 0.0000259 seconds
236.436: [GC (Allocation Failure)  723080K->401576K(1034752K), 0.0045909 secs]
236.440: Total time for which application threads were stopped: 0.0047677 seconds, Stopping threads took: 0.0000287 seconds
236.505: [GC (Allocation Failure)  723112K->401824K(1033728K), 0.0050389 secs]
236.511: Total time for which application threads were stopped: 0.0051856 seconds, Stopping threads took: 0.0000193 seconds
236.578: [GC (Allocation Failure)  722336K->409570K(1034240K), 0.0044485 secs]
236.582: Total time for which application threads were stopped: 0.0046457 seconds, Stopping threads took: 0.0000203 seconds
236.650: [GC (Allocation Failure)  730082K->409570K(1034240K), 0.0045360 secs]
236.654: Total time for which application threads were stopped: 0.0047120 seconds, Stopping threads took: 0.0000215 seconds
236.721: [GC (Allocation Failure)  730082K->410058K(1034240K), 0.0043863 secs]
236.726: Total time for which application threads were stopped: 0.0045578 seconds, Stopping threads took: 0.0000200 seconds
236.794: [GC (Allocation Failure)  730570K->417613K(1034240K), 0.0043400 secs]
236.798: Total time for which application threads were stopped: 0.0045042 seconds, Stopping threads took: 0.0000203 seconds
236.866: [GC (Allocation Failure)  738125K->417613K(1034240K), 0.0041623 secs]
236.870: Total time for which application threads were stopped: 0.0043460 seconds, Stopping threads took: 0.0000262 seconds
236.939: [GC (Allocation Failure)  738125K->417829K(1033216K), 0.0046162 secs]
236.943: Total time for which application threads were stopped: 0.0047869 seconds, Stopping threads took: 0.0000193 seconds
237.010: [GC (Allocation Failure)  737317K->425639K(1033728K), 0.0045822 secs]
237.015: Total time for which application threads were stopped: 0.0047780 seconds, Stopping threads took: 0.0000194 seconds
237.084: [GC (Allocation Failure)  745127K->425639K(1033728K), 0.0043035 secs]
237.089: Total time for which application threads were stopped: 0.0044548 seconds, Stopping threads took: 0.0000181 seconds
237.154: [GC (Allocation Failure)  745127K->425799K(1033728K), 0.0046538 secs]
237.159: Total time for which application threads were stopped: 0.0048173 seconds, Stopping threads took: 0.0000207 seconds
237.226: [GC (Allocation Failure)  745287K->433673K(1033728K), 0.0042981 secs]
237.230: Total time for which application threads were stopped: 0.0044797 seconds, Stopping threads took: 0.0000199 seconds
237.297: [GC (Allocation Failure)  753161K->433673K(1033728K), 0.0045695 secs]
237.302: Total time for which application threads were stopped: 0.0047425 seconds, Stopping threads took: 0.0000197 seconds
237.368: [GC (Allocation Failure)  753161K->433737K(1033728K), 0.0044474 secs]
237.372: Total time for which application threads were stopped: 0.0046241 seconds, Stopping threads took: 0.0000262 seconds
237.439: [GC (Allocation Failure)  753225K->441707K(1033728K), 0.0046769 secs]
237.444: Total time for which application threads were stopped: 0.0048493 seconds, Stopping threads took: 0.0000251 seconds
237.511: [GC (Allocation Failure)  761195K->441707K(1033728K), 0.0045332 secs]
237.516: Total time for which application threads were stopped: 0.0047050 seconds, Stopping threads took: 0.0000200 seconds
237.581: [GC (Allocation Failure)  761195K->441995K(1019392K), 0.0045772 secs]
237.586: Total time for which application threads were stopped: 0.0047589 seconds, Stopping threads took: 0.0000201 seconds
237.652: [GC (Allocation Failure)  761483K->449774K(1033216K), 0.0044004 secs]
237.657: Total time for which application threads were stopped: 0.0045662 seconds, Stopping threads took: 0.0000218 seconds
237.726: [GC (Allocation Failure)  768238K->449742K(1033216K), 0.0044356 secs]
237.730: Total time for which application threads were stopped: 0.0045958 seconds, Stopping threads took: 0.0000169 seconds
237.795: [GC (Allocation Failure)  768206K->449998K(1033216K), 0.0048136 secs]
237.800: Total time for which application threads were stopped: 0.0049869 seconds, Stopping threads took: 0.0000202 seconds
237.867: [GC (Allocation Failure)  768462K->457776K(1033216K), 0.0045917 secs]
237.872: Total time for which application threads were stopped: 0.0047613 seconds, Stopping threads took: 0.0000262 seconds
237.937: [GC (Allocation Failure)  776240K->453870K(1034240K), 0.0034341 secs]
237.941: Total time for which application threads were stopped: 0.0035945 seconds, Stopping threads took: 0.0000205 seconds
238.009: [GC (Allocation Failure)  773358K->457928K(1033216K), 0.0045278 secs]
238.014: Total time for which application threads were stopped: 0.0047236 seconds, Stopping threads took: 0.0000195 seconds
238.080: [GC (Allocation Failure)  777416K->461896K(1033728K), 0.0045337 secs]
238.085: Total time for which application threads were stopped: 0.0046946 seconds, Stopping threads took: 0.0000175 seconds
238.153: [GC (Allocation Failure)  782408K->454054K(1034240K), 0.0015558 secs]
238.154: Total time for which application threads were stopped: 0.0016932 seconds, Stopping threads took: 0.0000195 seconds
238.221: [GC (Allocation Failure)  774566K->461960K(1034240K), 0.0046013 secs]
238.226: Total time for which application threads were stopped: 0.0047983 seconds, Stopping threads took: 0.0000203 seconds
238.295: [GC (Allocation Failure)  782472K->466088K(1034240K), 0.0056860 secs]
238.301: Total time for which application threads were stopped: 0.0059647 seconds, Stopping threads took: 0.0000197 seconds
238.367: [GC (Allocation Failure)  786600K->472774K(1029120K), 0.0074692 secs]
238.375: Total time for which application threads were stopped: 0.0076537 seconds, Stopping threads took: 0.0000258 seconds
238.441: [GC (Allocation Failure)  788166K->466728K(1031680K), 0.0046428 secs]
238.446: Total time for which application threads were stopped: 0.0048042 seconds, Stopping threads took: 0.0000198 seconds
238.512: [GC (Allocation Failure)  782120K->466504K(1032192K), 0.0045018 secs]
238.516: Total time for which application threads were stopped: 0.0046723 seconds, Stopping threads took: 0.0000196 seconds
238.580: [GC (Allocation Failure)  782408K->468712K(1031680K), 0.0046457 secs]
238.585: Total time for which application threads were stopped: 0.0048435 seconds, Stopping threads took: 0.0000202 seconds
238.653: [GC (Allocation Failure)  784616K->474570K(1032704K), 0.0043931 secs]
238.657: Total time for which application threads were stopped: 0.0045508 seconds, Stopping threads took: 0.0000175 seconds
238.724: [GC (Allocation Failure)  792010K->474538K(1032704K), 0.0046323 secs]
238.729: Total time for which application threads were stopped: 0.0048032 seconds, Stopping threads took: 0.0000200 seconds
238.795: [GC (Allocation Failure)  791978K->476394K(1033216K), 0.0048266 secs]
238.800: Total time for which application threads were stopped: 0.0049965 seconds, Stopping threads took: 0.0000199 seconds
238.866: [GC (Allocation Failure)  794858K->482733K(1033216K), 0.0045268 secs]
238.871: Total time for which application threads were stopped: 0.0047069 seconds, Stopping threads took: 0.0000283 seconds
238.938: [GC (Allocation Failure)  801197K->482541K(1033728K), 0.0065278 secs]
238.945: Total time for which application threads were stopped: 0.0066959 seconds, Stopping threads took: 0.0000191 seconds
239.011: [GC (Allocation Failure)  801517K->485157K(1033216K), 0.0051407 secs]
239.016: Total time for which application threads were stopped: 0.0053376 seconds, Stopping threads took: 0.0000204 seconds
239.086: [GC (Allocation Failure)  804133K->490663K(1033728K), 0.0044439 secs]
239.090: Total time for which application threads were stopped: 0.0046199 seconds, Stopping threads took: 0.0000200 seconds
239.159: [GC (Allocation Failure)  810151K->490599K(1033728K), 0.0046062 secs]
239.163: Total time for which application threads were stopped: 0.0047733 seconds, Stopping threads took: 0.0000192 seconds
239.229: [GC (Allocation Failure)  810087K->491879K(1033216K), 0.0047006 secs]
239.234: Total time for which application threads were stopped: 0.0048815 seconds, Stopping threads took: 0.0000195 seconds
239.302: [GC (Allocation Failure)  811367K->498697K(1033728K), 0.0046229 secs]
239.307: Total time for which application threads were stopped: 0.0048005 seconds, Stopping threads took: 0.0000221 seconds
239.374: [GC (Allocation Failure)  818185K->498633K(1034240K), 0.0046633 secs]
239.379: Total time for which application threads were stopped: 0.0048382 seconds, Stopping threads took: 0.0000205 seconds
239.445: [GC (Allocation Failure)  818633K->499561K(1033728K), 0.0045674 secs]
239.450: Total time for which application threads were stopped: 0.0047407 seconds, Stopping threads took: 0.0000202 seconds
239.516: [GC (Allocation Failure)  819561K->506699K(1033728K), 0.0047451 secs]
239.521: Total time for which application threads were stopped: 0.0049043 seconds, Stopping threads took: 0.0000197 seconds
239.588: [GC (Allocation Failure)  826187K->506667K(1033728K), 0.0046082 secs]
239.593: Total time for which application threads were stopped: 0.0047810 seconds, Stopping threads took: 0.0000219 seconds
239.660: [GC (Allocation Failure)  826155K->507299K(1033216K), 0.0062367 secs]
239.666: Total time for which application threads were stopped: 0.0064279 seconds, Stopping threads took: 0.0000191 seconds
239.736: [GC (Allocation Failure)  826787K->514726K(1033728K), 0.0046086 secs]
239.740: Total time for which application threads were stopped: 0.0047746 seconds, Stopping threads took: 0.0000256 seconds
239.808: [GC (Allocation Failure)  834214K->514726K(1033728K), 0.0043890 secs]
239.812: Total time for which application threads were stopped: 0.0045398 seconds, Stopping threads took: 0.0000195 seconds
239.878: [GC (Allocation Failure)  834214K->514758K(1033728K), 0.0045643 secs]
239.882: Total time for which application threads were stopped: 0.0047330 seconds, Stopping threads took: 0.0000273 seconds
239.950: [GC (Allocation Failure)  834246K->522760K(1033728K), 0.0046498 secs]
239.955: Total time for which application threads were stopped: 0.0048139 seconds, Stopping threads took: 0.0000194 seconds
240.022: [GC (Allocation Failure)  842248K->522696K(1033728K), 0.0046727 secs]
240.027: Total time for which application threads were stopped: 0.0048483 seconds, Stopping threads took: 0.0000214 seconds
240.093: [GC (Allocation Failure)  842184K->523752K(1033728K), 0.0047020 secs]
240.097: Total time for which application threads were stopped: 0.0048598 seconds, Stopping threads took: 0.0000194 seconds
240.165: [GC (Allocation Failure)  843240K->530826K(1033728K), 0.0047207 secs]
240.170: Total time for which application threads were stopped: 0.0048903 seconds, Stopping threads took: 0.0000191 seconds
240.239: [GC (Allocation Failure)  850314K->530762K(1033728K), 0.0062446 secs]
240.245: Total time for which application threads were stopped: 0.0064170 seconds, Stopping threads took: 0.0000197 seconds
240.311: [GC (Allocation Failure)  850250K->530986K(1033728K), 0.0047498 secs]
240.316: Total time for which application threads were stopped: 0.0049180 seconds, Stopping threads took: 0.0000192 seconds
240.382: [GC (Allocation Failure)  850474K->538860K(1033728K), 0.0044939 secs]
240.387: Total time for which application threads were stopped: 0.0046646 seconds, Stopping threads took: 0.0000198 seconds
240.454: [GC (Allocation Failure)  858348K->538796K(1033728K), 0.0047721 secs]
240.459: Total time for which application threads were stopped: 0.0049426 seconds, Stopping threads took: 0.0000203 seconds
240.524: [GC (Allocation Failure)  858284K->540204K(1033728K), 0.0048275 secs]
240.529: Total time for which application threads were stopped: 0.0049986 seconds, Stopping threads took: 0.0000197 seconds
240.596: [GC (Allocation Failure)  859692K->546927K(1033728K), 0.0046226 secs]
240.601: Total time for which application threads were stopped: 0.0047893 seconds, Stopping threads took: 0.0000210 seconds
240.669: [GC (Allocation Failure)  866415K->546863K(1033728K), 0.0047744 secs]
240.674: Total time for which application threads were stopped: 0.0049640 seconds, Stopping threads took: 0.0000208 seconds
240.739: [GC (Allocation Failure)  866351K->547463K(1033728K), 0.0047961 secs]
240.743: Total time for which application threads were stopped: 0.0049623 seconds, Stopping threads took: 0.0000204 seconds
240.811: [GC (Allocation Failure)  866951K->554921K(1033728K), 0.0048521 secs]
240.816: Total time for which application threads were stopped: 0.0050331 seconds, Stopping threads took: 0.0000207 seconds
240.884: [GC (Allocation Failure)  874409K->554857K(1033728K), 0.0045281 secs]
240.888: Total time for which application threads were stopped: 0.0046981 seconds, Stopping threads took: 0.0000271 seconds
240.953: [GC (Allocation Failure)  874345K->555689K(1033728K), 0.0065040 secs]
240.960: Total time for which application threads were stopped: 0.0066968 seconds, Stopping threads took: 0.0000204 seconds
241.029: [GC (Allocation Failure)  875177K->562923K(1033728K), 0.0048355 secs]
241.034: Total time for which application threads were stopped: 0.0049966 seconds, Stopping threads took: 0.0000198 seconds
241.104: [GC (Allocation Failure)  882411K->562923K(1033728K), 0.0047476 secs]
241.109: Total time for which application threads were stopped: 0.0049386 seconds, Stopping threads took: 0.0000199 seconds
241.174: [GC (Allocation Failure)  882411K->563907K(1033728K), 0.0049694 secs]
241.180: Total time for which application threads were stopped: 0.0051372 seconds, Stopping threads took: 0.0000193 seconds
241.245: [GC (Allocation Failure)  883395K->570917K(1033728K), 0.0047180 secs]
241.249: Total time for which application threads were stopped: 0.0048954 seconds, Stopping threads took: 0.0000194 seconds
241.317: [GC (Allocation Failure)  890405K->570949K(1033728K), 0.0048092 secs]
241.322: Total time for which application threads were stopped: 0.0049935 seconds, Stopping threads took: 0.0000250 seconds
241.386: [GC (Allocation Failure)  890437K->571109K(1033728K), 0.0047936 secs]
241.391: Total time for which application threads were stopped: 0.0049655 seconds, Stopping threads took: 0.0000272 seconds
241.457: [GC (Allocation Failure)  890597K->578984K(1027072K), 0.0054408 secs]
241.462: Total time for which application threads were stopped: 0.0056176 seconds, Stopping threads took: 0.0000201 seconds
241.529: [GC (Allocation Failure)  898472K->578984K(1033216K), 0.0045459 secs]
241.534: Total time for which application threads were stopped: 0.0047176 seconds, Stopping threads took: 0.0000219 seconds
241.600: [GC (Allocation Failure)  897448K->579368K(1033216K), 0.0046871 secs]
241.605: Total time for which application threads were stopped: 0.0048559 seconds, Stopping threads took: 0.0000213 seconds
241.672: [GC (Allocation Failure)  897832K->586986K(1033216K), 0.0046750 secs]
241.677: Total time for which application threads were stopped: 0.0048382 seconds, Stopping threads took: 0.0000203 seconds
241.742: [GC (Allocation Failure)  905450K->586986K(1033216K), 0.0047575 secs]
241.747: Total time for which application threads were stopped: 0.0049280 seconds, Stopping threads took: 0.0000197 seconds
241.811: [GC (Allocation Failure)  905450K->587602K(1033216K), 0.0063598 secs]
241.818: Total time for which application threads were stopped: 0.0065436 seconds, Stopping threads took: 0.0000208 seconds
241.885: [GC (Allocation Failure)  906066K->595028K(1033216K), 0.0047286 secs]
241.890: Total time for which application threads were stopped: 0.0049056 seconds, Stopping threads took: 0.0000293 seconds
241.955: [GC (Allocation Failure)  913492K->595028K(1033216K), 0.0049838 secs]
241.961: Total time for which application threads were stopped: 0.0051577 seconds, Stopping threads took: 0.0000202 seconds
242.025: [GC (Allocation Failure)  913492K->595828K(1033216K), 0.0072425 secs]
242.032: Total time for which application threads were stopped: 0.0074274 seconds, Stopping threads took: 0.0000200 seconds
242.100: [GC (Allocation Failure)  914292K->603063K(1033216K), 0.0049611 secs]
242.105: Total time for which application threads were stopped: 0.0051236 seconds, Stopping threads took: 0.0000204 seconds
242.172: [GC (Allocation Failure)  921527K->603063K(1033216K), 0.0048597 secs]
242.177: Total time for which application threads were stopped: 0.0050224 seconds, Stopping threads took: 0.0000198 seconds
242.241: [GC (Allocation Failure)  921527K->603127K(1033216K), 0.0047263 secs]
242.246: Total time for which application threads were stopped: 0.0048995 seconds, Stopping threads took: 0.0000205 seconds
242.312: [GC (Allocation Failure)  921591K->611129K(1033216K), 0.0050571 secs]
242.318: Total time for which application threads were stopped: 0.0052521 seconds, Stopping threads took: 0.0000204 seconds
242.383: [GC (Allocation Failure)  929593K->611129K(1033216K), 0.0046321 secs]
242.388: Total time for which application threads were stopped: 0.0047978 seconds, Stopping threads took: 0.0000265 seconds
242.454: [GC (Allocation Failure)  929593K->611257K(1033216K), 0.0061051 secs]
242.460: Total time for which application threads were stopped: 0.0062649 seconds, Stopping threads took: 0.0000201 seconds
242.526: [GC (Allocation Failure)  929721K->619131K(1033216K), 0.0048848 secs]
242.531: Total time for which application threads were stopped: 0.0050760 seconds, Stopping threads took: 0.0000198 seconds
242.596: [GC (Allocation Failure)  937595K->619163K(1033216K), 0.0048664 secs]
242.601: Total time for which application threads were stopped: 0.0050403 seconds, Stopping threads took: 0.0000292 seconds
242.665: [GC (Allocation Failure)  937627K->619475K(1033216K), 0.0047758 secs]
242.670: Total time for which application threads were stopped: 0.0049850 seconds, Stopping threads took: 0.0000256 seconds
242.738: [GC (Allocation Failure)  937939K->627157K(1033216K), 0.0046874 secs]
242.743: Total time for which application threads were stopped: 0.0048806 seconds, Stopping threads took: 0.0000205 seconds
242.810: [GC (Allocation Failure)  945621K->627189K(1033216K), 0.0046654 secs]
242.815: Total time for which application threads were stopped: 0.0048230 seconds, Stopping threads took: 0.0000256 seconds
242.880: [GC (Allocation Failure)  945653K->627221K(1033216K), 0.0048168 secs]
242.885: Total time for which application threads were stopped: 0.0049760 seconds, Stopping threads took: 0.0000260 seconds
242.951: [GC (Allocation Failure)  945685K->635192K(1033216K), 0.0049531 secs]
242.956: Total time for which application threads were stopped: 0.0051239 seconds, Stopping threads took: 0.0000203 seconds
243.024: [GC (Allocation Failure)  953656K->635192K(1033216K), 0.0048594 secs]
243.029: Total time for which application threads were stopped: 0.0050283 seconds, Stopping threads took: 0.0000197 seconds
243.095: [GC (Allocation Failure)  953656K->635440K(1033216K), 0.0052397 secs]
243.100: Total time for which application threads were stopped: 0.0053964 seconds, Stopping threads took: 0.0000181 seconds
243.166: [GC (Allocation Failure)  953904K->643250K(1033216K), 0.0047085 secs]
243.171: Total time for which application threads were stopped: 0.0048786 seconds, Stopping threads took: 0.0000202 seconds
243.236: [GC (Allocation Failure)  961714K->636528K(1033216K), 0.0024364 secs]
243.239: Total time for which application threads were stopped: 0.0025976 seconds, Stopping threads took: 0.0000206 seconds
243.306: [GC (Allocation Failure)  954992K->643410K(1033216K), 0.0050347 secs]
243.311: Total time for which application threads were stopped: 0.0052219 seconds, Stopping threads took: 0.0000203 seconds
243.378: [GC (Allocation Failure)  961874K->647370K(1033728K), 0.0057224 secs]
243.384: Total time for which application threads were stopped: 0.0058924 seconds, Stopping threads took: 0.0000269 seconds
243.451: [GC (Allocation Failure)  966858K->650120K(1030144K), 0.0060771 secs]
243.457: Total time for which application threads were stopped: 0.0062476 seconds, Stopping threads took: 0.0000195 seconds
243.525: [GC (Allocation Failure)  969608K->647498K(1032704K), 0.0049157 secs]
243.530: Total time for which application threads were stopped: 0.0050865 seconds, Stopping threads took: 0.0000197 seconds
243.598: [GC (Allocation Failure)  964938K->647402K(1032704K), 0.0047817 secs]
243.603: Total time for which application threads were stopped: 0.0049969 seconds, Stopping threads took: 0.0000209 seconds
243.669: [GC (Allocation Failure)  964842K->641128K(1033216K), 0.0025289 secs]
243.672: Total time for which application threads were stopped: 0.0026879 seconds, Stopping threads took: 0.0000198 seconds
243.741: [GC (Allocation Failure)  959592K->647434K(1033216K), 0.0047974 secs]
243.746: Total time for which application threads were stopped: 0.0049573 seconds, Stopping threads took: 0.0000194 seconds
243.814: [GC (Allocation Failure)  965898K->647370K(1033216K), 0.0047204 secs]
243.819: Total time for which application threads were stopped: 0.0048869 seconds, Stopping threads took: 0.0000198 seconds
243.883: [GC (Allocation Failure)  965834K->649386K(1033216K), 0.0050511 secs]
243.888: Total time for which application threads were stopped: 0.0052191 seconds, Stopping threads took: 0.0000261 seconds
243.955: [GC (Allocation Failure)  967850K->655436K(1033728K), 0.0049620 secs]
243.961: Total time for which application threads were stopped: 0.0051570 seconds, Stopping threads took: 0.0000203 seconds
244.028: [GC (Allocation Failure)  974924K->655372K(1033728K), 0.0047663 secs]
244.033: Total time for which application threads were stopped: 0.0049301 seconds, Stopping threads took: 0.0000189 seconds
244.100: [GC (Allocation Failure)  974860K->655564K(1033728K), 0.0048266 secs]
244.105: Total time for which application threads were stopped: 0.0050052 seconds, Stopping threads took: 0.0000284 seconds
244.170: [GC (Allocation Failure)  975052K->663502K(1033728K), 0.0049397 secs]
244.175: Total time for which application threads were stopped: 0.0051341 seconds, Stopping threads took: 0.0000197 seconds
244.244: [GC (Allocation Failure)  982990K->663438K(1033728K), 0.0050095 secs]
244.249: Total time for which application threads were stopped: 0.0051681 seconds, Stopping threads took: 0.0000167 seconds
244.314: [GC (Allocation Failure)  982926K->666854K(1033728K), 0.0056660 secs]
244.320: Total time for which application threads were stopped: 0.0058299 seconds, Stopping threads took: 0.0000198 seconds
244.388: [GC (Allocation Failure)  986342K->671497K(1034240K), 0.0047970 secs]
244.393: Total time for which application threads were stopped: 0.0049811 seconds, Stopping threads took: 0.0000258 seconds
244.462: [GC (Allocation Failure)  992009K->671465K(1034240K), 0.0049555 secs]
244.467: Total time for which application threads were stopped: 0.0051294 seconds, Stopping threads took: 0.0000256 seconds
244.534: [GC (Allocation Failure)  991977K->672009K(1034240K), 0.0050255 secs]
244.539: Total time for which application threads were stopped: 0.0051981 seconds, Stopping threads took: 0.0000198 seconds
244.607: [GC (Allocation Failure)  992521K->679595K(1028096K), 0.0049366 secs]
244.612: Total time for which application threads were stopped: 0.0051081 seconds, Stopping threads took: 0.0000201 seconds
244.680: [GC (Allocation Failure)  1000107K->679499K(1034240K), 0.0049491 secs]
244.685: Total time for which application threads were stopped: 0.0051111 seconds, Stopping threads took: 0.0000198 seconds
244.750: [GC (Allocation Failure)  999499K->681771K(1033728K), 0.0053862 secs]
244.756: Total time for which application threads were stopped: 0.0055570 seconds, Stopping threads took: 0.0000195 seconds
244.824: [GC (Allocation Failure)  1001771K->687597K(1034240K), 0.0048800 secs]
244.829: Total time for which application threads were stopped: 0.0050558 seconds, Stopping threads took: 0.0000204 seconds
244.898: [GC (Allocation Failure)  1008109K->687533K(1034240K), 0.0049930 secs]
244.904: Total time for which application threads were stopped: 0.0051640 seconds, Stopping threads took: 0.0000282 seconds
244.970: [GC (Allocation Failure)  1008045K->691565K(1034752K), 0.0058029 secs]
244.976: [Full GC (Ergonomics)  691565K->12492K(1034752K), 0.0185743 secs]
244.995: Total time for which application threads were stopped: 0.0246373 seconds, Stopping threads took: 0.0000194 seconds
245.063: [GC (Allocation Failure)  333516K->20655K(1034240K), 0.0052516 secs]
245.068: Total time for which application threads were stopped: 0.0054260 seconds, Stopping threads took: 0.0000261 seconds
245.137: [GC (Allocation Failure)  341679K->20687K(1034752K), 0.0039099 secs]
245.141: Total time for which application threads were stopped: 0.0040672 seconds, Stopping threads took: 0.0000169 seconds
245.207: [GC (Allocation Failure)  342223K->20807K(1021440K), 0.0038837 secs]
245.211: Total time for which application threads were stopped: 0.0040535 seconds, Stopping threads took: 0.0000204 seconds
245.279: [GC (Allocation Failure)  342343K->28713K(1034240K), 0.0038692 secs]
245.283: Total time for which application threads were stopped: 0.0040332 seconds, Stopping threads took: 0.0000204 seconds
245.351: [GC (Allocation Failure)  349225K->28713K(1034240K), 0.0035471 secs]
245.354: Total time for which application threads were stopped: 0.0037077 seconds, Stopping threads took: 0.0000198 seconds
245.421: [GC (Allocation Failure)  349225K->32073K(1034752K), 0.0044572 secs]
245.426: Total time for which application threads were stopped: 0.0046177 seconds, Stopping threads took: 0.0000199 seconds
245.491: [GC (Allocation Failure)  353097K->36843K(1034240K), 0.0037601 secs]
245.495: Total time for which application threads were stopped: 0.0039193 seconds, Stopping threads took: 0.0000194 seconds
245.564: [GC (Allocation Failure)  357867K->36747K(1034752K), 0.0050320 secs]
245.569: Total time for which application threads were stopped: 0.0051902 seconds, Stopping threads took: 0.0000198 seconds
245.637: [GC (Allocation Failure)  358283K->40299K(1034752K), 0.0069415 secs]
245.644: Total time for which application threads were stopped: 0.0071172 seconds, Stopping threads took: 0.0000195 seconds
245.714: [GC (Allocation Failure)  361835K->44781K(1034752K), 0.0036395 secs]
245.717: Total time for which application threads were stopped: 0.0038169 seconds, Stopping threads took: 0.0000216 seconds
245.785: [GC (Allocation Failure)  366317K->44813K(1034752K), 0.0037775 secs]
245.789: Total time for which application threads were stopped: 0.0039467 seconds, Stopping threads took: 0.0000282 seconds
245.857: [GC (Allocation Failure)  366349K->45445K(1034752K), 0.0037525 secs]
245.861: Total time for which application threads were stopped: 0.0039475 seconds, Stopping threads took: 0.0000198 seconds
245.931: [GC (Allocation Failure)  366981K->52808K(1034752K), 0.0036998 secs]
245.935: Total time for which application threads were stopped: 0.0038449 seconds, Stopping threads took: 0.0000169 seconds
246.004: [GC (Allocation Failure)  374344K->52776K(1034752K), 0.0037519 secs]
246.008: Total time for which application threads were stopped: 0.0039114 seconds, Stopping threads took: 0.0000167 seconds
246.075: [GC (Allocation Failure)  374312K->54728K(1034752K), 0.0039197 secs]
246.079: Total time for which application threads were stopped: 0.0040918 seconds, Stopping threads took: 0.0000202 seconds
246.149: [GC (Allocation Failure)  376264K->60906K(1034752K), 0.0037623 secs]
246.152: Total time for which application threads were stopped: 0.0039428 seconds, Stopping threads took: 0.0000198 seconds
246.222: [GC (Allocation Failure)  382442K->60842K(1034752K), 0.0036535 secs]
246.226: Total time for which application threads were stopped: 0.0038186 seconds, Stopping threads took: 0.0000205 seconds
246.291: [GC (Allocation Failure)  382378K->64010K(1034752K), 0.0043483 secs]
246.296: Total time for which application threads were stopped: 0.0045709 seconds, Stopping threads took: 0.0000545 seconds
246.364: [GC (Allocation Failure)  385546K->69036K(1034752K), 0.0038753 secs]
246.368: Total time for which application threads were stopped: 0.0040519 seconds, Stopping threads took: 0.0000217 seconds
246.435: [GC (Allocation Failure)  390572K->68876K(1034752K), 0.0039352 secs]
246.439: Total time for which application threads were stopped: 0.0041164 seconds, Stopping threads took: 0.0000209 seconds
246.506: [GC (Allocation Failure)  390412K->69132K(1021440K), 0.0038644 secs]
246.510: Total time for which application threads were stopped: 0.0040677 seconds, Stopping threads took: 0.0000259 seconds
246.576: [GC (Allocation Failure)  390668K->76974K(1034240K), 0.0038948 secs]
246.580: Total time for which application threads were stopped: 0.0040745 seconds, Stopping threads took: 0.0000203 seconds
246.647: [GC (Allocation Failure)  397486K->76910K(1034240K), 0.0039100 secs]
246.651: Total time for which application threads were stopped: 0.0040826 seconds, Stopping threads took: 0.0000197 seconds
246.717: [GC (Allocation Failure)  397422K->80454K(1034752K), 0.0044392 secs]
246.721: Total time for which application threads were stopped: 0.0046197 seconds, Stopping threads took: 0.0000214 seconds
246.788: [GC (Allocation Failure)  401478K->84937K(1034240K), 0.0038629 secs]
246.792: Total time for which application threads were stopped: 0.0040384 seconds, Stopping threads took: 0.0000224 seconds
246.859: [GC (Allocation Failure)  405961K->84937K(1034752K), 0.0038844 secs]
246.863: Total time for which application threads were stopped: 0.0040553 seconds, Stopping threads took: 0.0000203 seconds
246.931: [GC (Allocation Failure)  406473K->88681K(1034752K), 0.0047064 secs]
246.936: Total time for which application threads were stopped: 0.0048849 seconds, Stopping threads took: 0.0000257 seconds
247.005: [GC (Allocation Failure)  410217K->92939K(1035264K), 0.0037578 secs]
247.009: Total time for which application threads were stopped: 0.0039190 seconds, Stopping threads took: 0.0000199 seconds
247.078: [GC (Allocation Failure)  415499K->93003K(1035264K), 0.0039184 secs]
247.082: Total time for which application threads were stopped: 0.0041132 seconds, Stopping threads took: 0.0000200 seconds
247.151: [GC (Allocation Failure)  415563K->95907K(1035264K), 0.0042923 secs]
247.155: Total time for which application threads were stopped: 0.0044421 seconds, Stopping threads took: 0.0000167 seconds
247.223: [GC (Allocation Failure)  418467K->101061K(1035264K), 0.0038481 secs]
247.227: Total time for which application threads were stopped: 0.0040196 seconds, Stopping threads took: 0.0000273 seconds
247.295: [GC (Allocation Failure)  423621K->100997K(1035264K), 0.0037254 secs]
247.299: Total time for which application threads were stopped: 0.0038823 seconds, Stopping threads took: 0.0000195 seconds
247.366: [GC (Allocation Failure)  423557K->104165K(1035264K), 0.0047331 secs]
247.371: Total time for which application threads were stopped: 0.0049019 seconds, Stopping threads took: 0.0000200 seconds
247.440: [GC (Allocation Failure)  426725K->109159K(1035264K), 0.0039771 secs]
247.444: Total time for which application threads were stopped: 0.0041358 seconds, Stopping threads took: 0.0000200 seconds
247.512: [GC (Allocation Failure)  431719K->109031K(1035264K), 0.0035723 secs]
247.516: Total time for which application threads were stopped: 0.0037404 seconds, Stopping threads took: 0.0000197 seconds
247.582: [GC (Allocation Failure)  431591K->112359K(1035264K), 0.0043993 secs]
247.587: Total time for which application threads were stopped: 0.0045650 seconds, Stopping threads took: 0.0000194 seconds
247.654: [GC (Allocation Failure)  434919K->117098K(1035264K), 0.0040306 secs]
247.659: Total time for which application threads were stopped: 0.0041885 seconds, Stopping threads took: 0.0000194 seconds
247.728: [GC (Allocation Failure)  439658K->117098K(1035264K), 0.0039375 secs]
247.732: Total time for which application threads were stopped: 0.0040952 seconds, Stopping threads took: 0.0000195 seconds
247.800: [GC (Allocation Failure)  439658K->120578K(1035264K), 0.0049861 secs]
247.805: Total time for which application threads were stopped: 0.0051528 seconds, Stopping threads took: 0.0000198 seconds
247.873: [GC (Allocation Failure)  443138K->125124K(1035264K), 0.0038142 secs]
247.877: Total time for which application threads were stopped: 0.0039883 seconds, Stopping threads took: 0.0000263 seconds
247.945: [GC (Allocation Failure)  447684K->125092K(1035264K), 0.0038547 secs]
247.949: Total time for which application threads were stopped: 0.0040537 seconds, Stopping threads took: 0.0000268 seconds
248.021: [GC (Allocation Failure)  447652K->128812K(1035776K), 0.0048988 secs]
248.026: Total time for which application threads were stopped: 0.0050797 seconds, Stopping threads took: 0.0000222 seconds
248.093: [GC (Allocation Failure)  452396K->133358K(1035776K), 0.0039871 secs]
248.097: Total time for which application threads were stopped: 0.0041450 seconds, Stopping threads took: 0.0000190 seconds
248.167: [GC (Allocation Failure)  456942K->133166K(1035776K), 0.0037758 secs]
248.170: Total time for which application threads were stopped: 0.0039415 seconds, Stopping threads took: 0.0000194 seconds
248.238: [GC (Allocation Failure)  456750K->132108K(1035776K), 0.0035868 secs]
248.242: Total time for which application threads were stopped: 0.0037475 seconds, Stopping threads took: 0.0000192 seconds
248.310: [GC (Allocation Failure)  455692K->133262K(1036288K), 0.0039969 secs]
248.314: Total time for which application threads were stopped: 0.0041577 seconds, Stopping threads took: 0.0000201 seconds
248.383: [GC (Allocation Failure)  457870K->133134K(1036288K), 0.0038343 secs]
248.387: Total time for which application threads were stopped: 0.0040026 seconds, Stopping threads took: 0.0000279 seconds
248.453: [GC (Allocation Failure)  457742K->141484K(1030144K), 0.0080985 secs]
248.461: Total time for which application threads were stopped: 0.0082711 seconds, Stopping threads took: 0.0000187 seconds
248.530: [GC (Allocation Failure)  459948K->137358K(1033216K), 0.0039751 secs]
248.534: Total time for which application threads were stopped: 0.0041464 seconds, Stopping threads took: 0.0000202 seconds
248.602: [GC (Allocation Failure)  455822K->137294K(1034240K), 0.0038866 secs]
248.605: Total time for which application threads were stopped: 0.0040498 seconds, Stopping threads took: 0.0000205 seconds
248.671: [GC (Allocation Failure)  457294K->139180K(1033728K), 0.0049012 secs]
248.676: Total time for which application threads were stopped: 0.0050813 seconds, Stopping threads took: 0.0000197 seconds
248.744: [GC (Allocation Failure)  459180K->137294K(1034752K), 0.0040954 secs]
248.748: Total time for which application threads were stopped: 0.0042928 seconds, Stopping threads took: 0.0000198 seconds
248.817: [GC (Allocation Failure)  458318K->137294K(1034240K), 0.0038395 secs]
248.821: Total time for which application threads were stopped: 0.0040323 seconds, Stopping threads took: 0.0000191 seconds
248.890: [GC (Allocation Failure)  458318K->137868K(1035776K), 0.0040201 secs]
248.894: Total time for which application threads were stopped: 0.0041671 seconds, Stopping threads took: 0.0000168 seconds
248.962: [GC (Allocation Failure)  460940K->137518K(1035264K), 0.0036142 secs]
248.966: Total time for which application threads were stopped: 0.0038096 seconds, Stopping threads took: 0.0000200 seconds
249.034: [GC (Allocation Failure)  460590K->137294K(1036288K), 0.0041358 secs]
249.038: Total time for which application threads were stopped: 0.0042929 seconds, Stopping threads took: 0.0000174 seconds
249.108: [GC (Allocation Failure)  461902K->145188K(1036288K), 0.0078807 secs]
249.116: Total time for which application threads were stopped: 0.0080461 seconds, Stopping threads took: 0.0000204 seconds
249.185: [GC (Allocation Failure)  469796K->141158K(1032192K), 0.0041205 secs]
249.189: Total time for which application threads were stopped: 0.0042971 seconds, Stopping threads took: 0.0000187 seconds
249.258: [GC (Allocation Failure)  461670K->140966K(1034240K), 0.0039173 secs]
249.262: Total time for which application threads were stopped: 0.0041421 seconds, Stopping threads took: 0.0000198 seconds
249.328: [GC (Allocation Failure)  461478K->134820K(1033728K), 0.0015505 secs]
249.330: Total time for which application threads were stopped: 0.0016956 seconds, Stopping threads took: 0.0000215 seconds
249.398: [GC (Allocation Failure)  455332K->141126K(1034240K), 0.0039267 secs]
249.402: Total time for which application threads were stopped: 0.0041028 seconds, Stopping threads took: 0.0000266 seconds
249.469: [GC (Allocation Failure)  461638K->145142K(1034752K), 0.0044051 secs]
249.473: Total time for which application threads were stopped: 0.0045913 seconds, Stopping threads took: 0.0000217 seconds
249.541: [GC (Allocation Failure)  466166K->137620K(1034240K), 0.0009903 secs]
249.542: Total time for which application threads were stopped: 0.0011075 seconds, Stopping threads took: 0.0000190 seconds
249.609: [GC (Allocation Failure)  458644K->145206K(1034752K), 0.0040800 secs]
249.613: Total time for which application threads were stopped: 0.0042459 seconds, Stopping threads took: 0.0000203 seconds
249.680: [GC (Allocation Failure)  466230K->149246K(1034240K), 0.0051098 secs]
249.685: Total time for which application threads were stopped: 0.0052992 seconds, Stopping threads took: 0.0000191 seconds
249.753: [GC (Allocation Failure)  470270K->141404K(1033216K), 0.0009543 secs]
249.754: Total time for which application threads were stopped: 0.0010796 seconds, Stopping threads took: 0.0000197 seconds
249.822: [GC (Allocation Failure)  461916K->149302K(1034240K), 0.0042686 secs]
249.827: Total time for which application threads were stopped: 0.0044439 seconds, Stopping threads took: 0.0000204 seconds
249.896: [GC (Allocation Failure)  469814K->153398K(1034752K), 0.0055120 secs]
249.902: Total time for which application threads were stopped: 0.0056932 seconds, Stopping threads took: 0.0000202 seconds
249.970: [GC (Allocation Failure)  474934K->161100K(1034752K), 0.0073628 secs]
249.977: Total time for which application threads were stopped: 0.0075312 seconds, Stopping threads took: 0.0000204 seconds
250.045: [GC (Allocation Failure)  482636K->155566K(1030656K), 0.0046021 secs]
250.050: Total time for which application threads were stopped: 0.0047976 seconds, Stopping threads took: 0.0000258 seconds
250.119: [GC (Allocation Failure)  473006K->155374K(1032704K), 0.0038513 secs]
250.123: Total time for which application threads were stopped: 0.0040119 seconds, Stopping threads took: 0.0000206 seconds
250.190: [GC (Allocation Failure)  472814K->156108K(1033728K), 0.0043271 secs]
250.194: Total time for which application threads were stopped: 0.0045046 seconds, Stopping threads took: 0.0000277 seconds
250.261: [GC (Allocation Failure)  475596K->155534K(1033728K), 0.0037712 secs]
250.265: Total time for which application threads were stopped: 0.0039404 seconds, Stopping threads took: 0.0000216 seconds
250.332: [GC (Allocation Failure)  475022K->155374K(1034752K), 0.0039431 secs]
250.336: Total time for which application threads were stopped: 0.0041133 seconds, Stopping threads took: 0.0000204 seconds
250.404: [GC (Allocation Failure)  476398K->152780K(1034240K), 0.0029984 secs]
250.407: Total time for which application threads were stopped: 0.0031775 seconds, Stopping threads took: 0.0000279 seconds
250.475: [GC (Allocation Failure)  473804K->155438K(1035264K), 0.0039475 secs]
250.479: Total time for which application threads were stopped: 0.0041183 seconds, Stopping threads took: 0.0000202 seconds
250.547: [GC (Allocation Failure)  477998K->155342K(1035264K), 0.0039609 secs]
250.551: Total time for which application threads were stopped: 0.0041263 seconds, Stopping threads took: 0.0000210 seconds
250.618: [GC (Allocation Failure)  477902K->155500K(1036288K), 0.0042987 secs]
250.623: Total time for which application threads were stopped: 0.0044640 seconds, Stopping threads took: 0.0000204 seconds
250.691: [GC (Allocation Failure)  479596K->155438K(1035776K), 0.0039561 secs]
250.695: Total time for which application threads were stopped: 0.0041525 seconds, Stopping threads took: 0.0000201 seconds
250.764: [GC (Allocation Failure)  479534K->155342K(1036800K), 0.0039618 secs]
250.768: Total time for which application threads were stopped: 0.0041127 seconds, Stopping threads took: 0.0000166 seconds
250.835: [GC (Allocation Failure)  480462K->149036K(1036288K), 0.0015112 secs]
250.836: Total time for which application threads were stopped: 0.0016513 seconds, Stopping threads took: 0.0000201 seconds
250.904: [GC (Allocation Failure)  474156K->155382K(1036288K), 0.0039004 secs]
250.908: Total time for which application threads were stopped: 0.0040670 seconds, Stopping threads took: 0.0000258 seconds
250.976: [GC (Allocation Failure)  479990K->159454K(1036288K), 0.0045771 secs]
250.981: Total time for which application threads were stopped: 0.0047383 seconds, Stopping threads took: 0.0000200 seconds
251.048: [GC (Allocation Failure)  484062K->159486K(1036800K), 0.0050790 secs]
251.053: Total time for which application threads were stopped: 0.0052786 seconds, Stopping threads took: 0.0000225 seconds
251.122: [GC (Allocation Failure)  485118K->159558K(1025536K), 0.0039860 secs]
251.126: Total time for which application threads were stopped: 0.0041607 seconds, Stopping threads took: 0.0000200 seconds
251.193: [GC (Allocation Failure)  485190K->167528K(1035776K), 0.0038291 secs]
251.197: Total time for which application threads were stopped: 0.0039898 seconds, Stopping threads took: 0.0000195 seconds
251.263: [GC (Allocation Failure)  491112K->167528K(1035776K), 0.0039132 secs]
251.267: Total time for which application threads were stopped: 0.0040826 seconds, Stopping threads took: 0.0000199 seconds
251.335: [GC (Allocation Failure)  491112K->167752K(1034240K), 0.0039934 secs]
251.339: Total time for which application threads were stopped: 0.0041535 seconds, Stopping threads took: 0.0000195 seconds
251.406: [GC (Allocation Failure)  490312K->175563K(1035264K), 0.0039410 secs]
251.410: Total time for which application threads were stopped: 0.0041135 seconds, Stopping threads took: 0.0000211 seconds
251.477: [GC (Allocation Failure)  498123K->175595K(1035264K), 0.0038565 secs]
251.481: Total time for which application threads were stopped: 0.0040245 seconds, Stopping threads took: 0.0000218 seconds
251.548: [GC (Allocation Failure)  498155K->175979K(1035264K), 0.0040949 secs]
251.552: Total time for which application threads were stopped: 0.0042684 seconds, Stopping threads took: 0.0000204 seconds
251.620: [GC (Allocation Failure)  498539K->183629K(1035264K), 0.0038784 secs]
251.623: Total time for which application threads were stopped: 0.0040485 seconds, Stopping threads took: 0.0000201 seconds
251.691: [GC (Allocation Failure)  506189K->183629K(1035264K), 0.0039906 secs]
251.695: Total time for which application threads were stopped: 0.0041612 seconds, Stopping threads took: 0.0000205 seconds
251.762: [GC (Allocation Failure)  506189K->183661K(1034240K), 0.0040476 secs]
251.766: Total time for which application threads were stopped: 0.0042385 seconds, Stopping threads took: 0.0000206 seconds
251.833: [GC (Allocation Failure)  505197K->191663K(1034752K), 0.0041422 secs]
251.838: Total time for which application threads were stopped: 0.0043206 seconds, Stopping threads took: 0.0000192 seconds
251.905: [GC (Allocation Failure)  513199K->191663K(1034752K), 0.0040131 secs]
251.909: Total time for which application threads were stopped: 0.0041795 seconds, Stopping threads took: 0.0000267 seconds
251.974: [GC (Allocation Failure)  513199K->191663K(1021440K), 0.0040634 secs]
251.978: Total time for which application threads were stopped: 0.0042330 seconds, Stopping threads took: 0.0000198 seconds
252.046: [GC (Allocation Failure)  513199K->199634K(1034240K), 0.0050717 secs]
252.051: Total time for which application threads were stopped: 0.0052454 seconds, Stopping threads took: 0.0000370 seconds
252.119: [GC (Allocation Failure)  520146K->199666K(1034240K), 0.0042907 secs]
252.123: Total time for which application threads were stopped: 0.0044649 seconds, Stopping threads took: 0.0000213 seconds
252.190: [GC (Allocation Failure)  520178K->199722K(1034240K), 0.0039959 secs]
252.194: Total time for which application threads were stopped: 0.0041579 seconds, Stopping threads took: 0.0000205 seconds
252.260: [GC (Allocation Failure)  520234K->207724K(1028096K), 0.0041846 secs]
252.264: Total time for which application threads were stopped: 0.0043680 seconds, Stopping threads took: 0.0000196 seconds
252.334: [GC (Allocation Failure)  528236K->207692K(1033728K), 0.0042881 secs]
252.338: Total time for which application threads were stopped: 0.0044511 seconds, Stopping threads took: 0.0000194 seconds
252.403: [GC (Allocation Failure)  527180K->207852K(1033728K), 0.0040613 secs]
252.408: Total time for which application threads were stopped: 0.0042215 seconds, Stopping threads took: 0.0000191 seconds
252.476: [GC (Allocation Failure)  527340K->215758K(1033728K), 0.0039513 secs]
252.480: Total time for which application threads were stopped: 0.0041100 seconds, Stopping threads took: 0.0000190 seconds
252.547: [GC (Allocation Failure)  535246K->215694K(1033728K), 0.0042215 secs]
252.552: Total time for which application threads were stopped: 0.0043917 seconds, Stopping threads took: 0.0000202 seconds
252.618: [GC (Allocation Failure)  535182K->216078K(1033728K), 0.0041564 secs]
252.623: Total time for which application threads were stopped: 0.0043214 seconds, Stopping threads took: 0.0000205 seconds
252.690: [GC (Allocation Failure)  535566K->223792K(1033728K), 0.0040367 secs]
252.694: Total time for which application threads were stopped: 0.0041995 seconds, Stopping threads took: 0.0000193 seconds
252.759: [GC (Allocation Failure)  543280K->223760K(1033728K), 0.0041738 secs]
252.764: Total time for which application threads were stopped: 0.0043540 seconds, Stopping threads took: 0.0000205 seconds
252.829: [GC (Allocation Failure)  543248K->224296K(1033728K), 0.0041275 secs]
252.833: Total time for which application threads were stopped: 0.0043197 seconds, Stopping threads took: 0.0000205 seconds
252.901: [GC (Allocation Failure)  543784K->231787K(1033728K), 0.0040486 secs]
252.905: Total time for which application threads were stopped: 0.0042036 seconds, Stopping threads took: 0.0000168 seconds
252.973: [GC (Allocation Failure)  551275K->231755K(1033728K), 0.0040586 secs]
252.977: Total time for which application threads were stopped: 0.0042499 seconds, Stopping threads took: 0.0000197 seconds
253.044: [GC (Allocation Failure)  551243K->232035K(1032704K), 0.0047966 secs]
253.049: Total time for which application threads were stopped: 0.0049627 seconds, Stopping threads took: 0.0000200 seconds
253.117: [GC (Allocation Failure)  550499K->239845K(1033216K), 0.0042472 secs]
253.121: Total time for which application threads were stopped: 0.0044181 seconds, Stopping threads took: 0.0000199 seconds
253.188: [GC (Allocation Failure)  558309K->239845K(1033216K), 0.0038801 secs]
253.192: Total time for which application threads were stopped: 0.0040409 seconds, Stopping threads took: 0.0000198 seconds
253.256: [GC (Allocation Failure)  558309K->239973K(1033216K), 0.0042784 secs]
253.260: Total time for which application threads were stopped: 0.0044404 seconds, Stopping threads took: 0.0000199 seconds
253.325: [GC (Allocation Failure)  558437K->247847K(1033216K), 0.0041554 secs]
253.330: Total time for which application threads were stopped: 0.0043201 seconds, Stopping threads took: 0.0000195 seconds
253.396: [GC (Allocation Failure)  566311K->243941K(1033216K), 0.0029192 secs]
253.399: Total time for which application threads were stopped: 0.0030977 seconds, Stopping threads took: 0.0000274 seconds
253.468: [GC (Allocation Failure)  562405K->248007K(1034752K), 0.0042626 secs]
253.472: Total time for which application threads were stopped: 0.0044133 seconds, Stopping threads took: 0.0000174 seconds
253.540: [GC (Allocation Failure)  569031K->252007K(1034240K), 0.0042663 secs]
253.545: Total time for which application threads were stopped: 0.0044277 seconds, Stopping threads took: 0.0000199 seconds
253.610: [GC (Allocation Failure)  573031K->245189K(1034752K), 0.0015415 secs]
253.612: Total time for which application threads were stopped: 0.0016711 seconds, Stopping threads took: 0.0000203 seconds
253.679: [GC (Allocation Failure)  566213K->252079K(1034240K), 0.0040314 secs]
253.683: Total time for which application threads were stopped: 0.0042307 seconds, Stopping threads took: 0.0000263 seconds
253.753: [GC (Allocation Failure)  573103K->256119K(1034752K), 0.0051774 secs]
253.758: Total time for which application threads were stopped: 0.0054091 seconds, Stopping threads took: 0.0000203 seconds
253.824: [GC (Allocation Failure)  577655K->249557K(1034752K), 0.0015158 secs]
253.825: Total time for which application threads were stopped: 0.0016490 seconds, Stopping threads took: 0.0000198 seconds
253.893: [GC (Allocation Failure)  571093K->256351K(1034752K), 0.0064851 secs]
253.899: Total time for which application threads were stopped: 0.0066738 seconds, Stopping threads took: 0.0000261 seconds
253.967: [GC (Allocation Failure)  577887K->260247K(1034752K), 0.0051452 secs]
253.973: Total time for which application threads were stopped: 0.0053228 seconds, Stopping threads took: 0.0000218 seconds
254.039: [GC (Allocation Failure)  581783K->254901K(1035264K), 0.0021597 secs]
254.042: Total time for which application threads were stopped: 0.0023087 seconds, Stopping threads took: 0.0000202 seconds
254.110: [GC (Allocation Failure)  576949K->260495K(1034752K), 0.0042968 secs]
254.114: Total time for which application threads were stopped: 0.0044751 seconds, Stopping threads took: 0.0000198 seconds
254.182: [GC (Allocation Failure)  582543K->264383K(1034752K), 0.0043359 secs]
254.186: Total time for which application threads were stopped: 0.0045248 seconds, Stopping threads took: 0.0000376 seconds
254.252: [GC (Allocation Failure)  586924K->260509K(1035264K), 0.0028265 secs]
254.255: Total time for which application threads were stopped: 0.0030159 seconds, Stopping threads took: 0.0000202 seconds
254.324: [GC (Allocation Failure)  583069K->264543K(1036288K), 0.0042924 secs]
254.328: Total time for which application threads were stopped: 0.0044860 seconds, Stopping threads took: 0.0000197 seconds
254.398: [GC (Allocation Failure)  588639K->268511K(1035776K), 0.0043203 secs]
254.402: Total time for which application threads were stopped: 0.0044816 seconds, Stopping threads took: 0.0000266 seconds
254.471: [GC (Allocation Failure)  592607K->268511K(1035776K), 0.0041045 secs]
254.475: Total time for which application threads were stopped: 0.0042764 seconds, Stopping threads took: 0.0000206 seconds
254.541: [GC (Allocation Failure)  592095K->268583K(1023488K), 0.0040109 secs]
254.546: Total time for which application threads were stopped: 0.0042165 seconds, Stopping threads took: 0.0000201 seconds
254.615: [GC (Allocation Failure)  592167K->276585K(1035264K), 0.0040320 secs]
254.619: Total time for which application threads were stopped: 0.0041939 seconds, Stopping threads took: 0.0000199 seconds
254.686: [GC (Allocation Failure)  599145K->276553K(1035264K), 0.0043152 secs]
254.690: Total time for which application threads were stopped: 0.0044897 seconds, Stopping threads took: 0.0000204 seconds
254.756: [GC (Allocation Failure)  599113K->276617K(1034240K), 0.0042190 secs]
254.760: Total time for which application threads were stopped: 0.0044122 seconds, Stopping threads took: 0.0000206 seconds
254.829: [GC (Allocation Failure)  598153K->284620K(1034752K), 0.0040497 secs]
254.833: Total time for which application threads were stopped: 0.0042179 seconds, Stopping threads took: 0.0000193 seconds
254.901: [GC (Allocation Failure)  606156K->284620K(1033728K), 0.0043726 secs]
254.906: Total time for which application threads were stopped: 0.0045694 seconds, Stopping threads took: 0.0000258 seconds
254.972: [GC (Allocation Failure)  605132K->284812K(1034240K), 0.0041714 secs]
254.976: Total time for which application threads were stopped: 0.0043300 seconds, Stopping threads took: 0.0000201 seconds
255.044: [GC (Allocation Failure)  605324K->292622K(1034240K), 0.0109812 secs]
255.055: Total time for which application threads were stopped: 0.0111303 seconds, Stopping threads took: 0.0000202 seconds
255.122: [GC (Allocation Failure)  613134K->292622K(1034240K), 0.0042795 secs]
255.126: Total time for which application threads were stopped: 0.0044538 seconds, Stopping threads took: 0.0000197 seconds
255.193: [GC (Allocation Failure)  613134K->293062K(1034240K), 0.0041528 secs]
255.197: Total time for which application threads were stopped: 0.0043610 seconds, Stopping threads took: 0.0000201 seconds
255.266: [GC (Allocation Failure)  613574K->300680K(1028096K), 0.0041767 secs]
255.270: Total time for which application threads were stopped: 0.0043372 seconds, Stopping threads took: 0.0000200 seconds
255.338: [GC (Allocation Failure)  621192K->300648K(1033728K), 0.0040295 secs]
255.342: Total time for which application threads were stopped: 0.0041891 seconds, Stopping threads took: 0.0000190 seconds
255.408: [GC (Allocation Failure)  620136K->300776K(1033728K), 0.0041595 secs]
255.412: Total time for which application threads were stopped: 0.0043349 seconds, Stopping threads took: 0.0000261 seconds
255.480: [GC (Allocation Failure)  620264K->308682K(1033728K), 0.0042378 secs]
255.484: Total time for which application threads were stopped: 0.0043987 seconds, Stopping threads took: 0.0000198 seconds
255.552: [GC (Allocation Failure)  628170K->308714K(1033728K), 0.0040602 secs]
255.556: Total time for which application threads were stopped: 0.0042322 seconds, Stopping threads took: 0.0000192 seconds
255.623: [GC (Allocation Failure)  628202K->308746K(1033728K), 0.0043144 secs]
255.627: Total time for which application threads were stopped: 0.0044712 seconds, Stopping threads took: 0.0000197 seconds
255.693: [GC (Allocation Failure)  628234K->316717K(1027072K), 0.0042258 secs]
255.697: Total time for which application threads were stopped: 0.0043843 seconds, Stopping threads took: 0.0000196 seconds
255.761: [GC (Allocation Failure)  636204K->312842K(1034240K), 0.0031016 secs]
255.764: Total time for which application threads were stopped: 0.0032575 seconds, Stopping threads took: 0.0000200 seconds
255.831: [GC (Allocation Failure)  632330K->316877K(1033216K), 0.0044129 secs]
255.836: Total time for which application threads were stopped: 0.0045819 seconds, Stopping threads took: 0.0000190 seconds
255.903: [GC (Allocation Failure)  636365K->320845K(1034752K), 0.0064325 secs]
255.910: Total time for which application threads were stopped: 0.0065984 seconds, Stopping threads took: 0.0000269 seconds
255.977: [GC (Allocation Failure)  642381K->314058K(1034752K), 0.0015887 secs]
255.978: Total time for which application threads were stopped: 0.0017278 seconds, Stopping threads took: 0.0000278 seconds
256.045: [GC (Allocation Failure)  635594K->320901K(1034752K), 0.0058235 secs]
256.051: Total time for which application threads were stopped: 0.0059885 seconds, Stopping threads took: 0.0000257 seconds
256.120: [GC (Allocation Failure)  642437K->325013K(1034752K), 0.0052587 secs]
256.125: Total time for which application threads were stopped: 0.0054219 seconds, Stopping threads took: 0.0000202 seconds
256.192: [GC (Allocation Failure)  646549K->319442K(1034752K), 0.0022996 secs]
256.194: Total time for which application threads were stopped: 0.0024595 seconds, Stopping threads took: 0.0000195 seconds
256.261: [GC (Allocation Failure)  640978K->325285K(1034752K), 0.0042452 secs]
256.265: Total time for which application threads were stopped: 0.0044492 seconds, Stopping threads took: 0.0000218 seconds
256.335: [GC (Allocation Failure)  646821K->329125K(1035264K), 0.0047321 secs]
256.340: Total time for which application threads were stopped: 0.0048963 seconds, Stopping threads took: 0.0000206 seconds
256.407: [GC (Allocation Failure)  651613K->325218K(1035264K), 0.0029661 secs]
256.410: Total time for which application threads were stopped: 0.0031541 seconds, Stopping threads took: 0.0000201 seconds
256.480: [GC (Allocation Failure)  647778K->329293K(1036288K), 0.0043950 secs]
256.484: Total time for which application threads were stopped: 0.0045853 seconds, Stopping threads took: 0.0000193 seconds
256.553: [GC (Allocation Failure)  653389K->333229K(1035776K), 0.0041483 secs]
256.557: Total time for which application threads were stopped: 0.0043088 seconds, Stopping threads took: 0.0000203 seconds
256.626: [GC (Allocation Failure)  657325K->333293K(1035776K), 0.0042038 secs]
256.631: Total time for which application threads were stopped: 0.0043716 seconds, Stopping threads took: 0.0000194 seconds
256.698: [GC (Allocation Failure)  656877K->333317K(1023488K), 0.0043430 secs]
256.702: Total time for which application threads were stopped: 0.0045161 seconds, Stopping threads took: 0.0000198 seconds
256.771: [GC (Allocation Failure)  656901K->341287K(1035264K), 0.0043825 secs]
256.775: Total time for which application threads were stopped: 0.0045667 seconds, Stopping threads took: 0.0000204 seconds
256.843: [GC (Allocation Failure)  663847K->341287K(1030144K), 0.0043590 secs]
256.847: Total time for which application threads were stopped: 0.0045276 seconds, Stopping threads took: 0.0000206 seconds
256.915: [GC (Allocation Failure)  663847K->341351K(1034752K), 0.0041919 secs]
256.919: Total time for which application threads were stopped: 0.0043614 seconds, Stopping threads took: 0.0000197 seconds
256.986: [GC (Allocation Failure)  662887K->349321K(1034752K), 0.0044392 secs]
256.991: Total time for which application threads were stopped: 0.0046008 seconds, Stopping threads took: 0.0000192 seconds
257.060: [GC (Allocation Failure)  670857K->349289K(1033728K), 0.0047564 secs]
257.064: Total time for which application threads were stopped: 0.0049207 seconds, Stopping threads took: 0.0000189 seconds
257.131: [GC (Allocation Failure)  669801K->349545K(1034240K), 0.0043783 secs]
257.136: Total time for which application threads were stopped: 0.0045508 seconds, Stopping threads took: 0.0000200 seconds
257.203: [GC (Allocation Failure)  670057K->357388K(1034240K), 0.0041482 secs]
257.207: Total time for which application threads were stopped: 0.0043145 seconds, Stopping threads took: 0.0000210 seconds
257.275: [GC (Allocation Failure)  677900K->357356K(1034240K), 0.0043753 secs]
257.279: Total time for which application threads were stopped: 0.0045471 seconds, Stopping threads took: 0.0000201 seconds
257.348: [GC (Allocation Failure)  677868K->357772K(1033216K), 0.0044171 secs]
257.352: Total time for which application threads were stopped: 0.0045785 seconds, Stopping threads took: 0.0000203 seconds
257.420: [GC (Allocation Failure)  677260K->365390K(1033728K), 0.0042525 secs]
257.424: Total time for which application threads were stopped: 0.0044310 seconds, Stopping threads took: 0.0000203 seconds
257.492: [GC (Allocation Failure)  684878K->365358K(1033728K), 0.0043036 secs]
257.496: Total time for which application threads were stopped: 0.0044870 seconds, Stopping threads took: 0.0000250 seconds
257.560: [GC (Allocation Failure)  684846K->365518K(1033728K), 0.0044841 secs]
257.565: Total time for which application threads were stopped: 0.0046578 seconds, Stopping threads took: 0.0000199 seconds
257.632: [GC (Allocation Failure)  685006K->373424K(1033728K), 0.0044273 secs]
257.637: Total time for which application threads were stopped: 0.0045925 seconds, Stopping threads took: 0.0000206 seconds
257.703: [GC (Allocation Failure)  692912K->373456K(1033728K), 0.0044125 secs]
257.708: Total time for which application threads were stopped: 0.0045720 seconds, Stopping threads took: 0.0000198 seconds
257.774: [GC (Allocation Failure)  692944K->373488K(1033728K), 0.0065199 secs]
257.781: Total time for which application threads were stopped: 0.0066909 seconds, Stopping threads took: 0.0000200 seconds
257.848: [GC (Allocation Failure)  692976K->381458K(1027072K), 0.0045215 secs]
257.852: Total time for which application threads were stopped: 0.0047049 seconds, Stopping threads took: 0.0000204 seconds
257.919: [GC (Allocation Failure)  700946K->377552K(1034240K), 0.0032388 secs]
257.923: Total time for which application threads were stopped: 0.0034146 seconds, Stopping threads took: 0.0000205 seconds
257.992: [GC (Allocation Failure)  697040K->381610K(1033216K), 0.0044889 secs]
257.997: Total time for which application threads were stopped: 0.0046816 seconds, Stopping threads took: 0.0000168 seconds
258.066: [GC (Allocation Failure)  701098K->385578K(1034752K), 0.0050033 secs]
258.071: Total time for which application threads were stopped: 0.0051818 seconds, Stopping threads took: 0.0000346 seconds
258.137: [GC (Allocation Failure)  707114K->378792K(1034752K), 0.0018982 secs]
258.139: Total time for which application threads were stopped: 0.0020329 seconds, Stopping threads took: 0.0000195 seconds
258.208: [GC (Allocation Failure)  700328K->385650K(1034752K), 0.0041582 secs]
258.212: Total time for which application threads were stopped: 0.0043340 seconds, Stopping threads took: 0.0000205 seconds
258.279: [GC (Allocation Failure)  707186K->389730K(1034752K), 0.0053383 secs]
258.285: Total time for which application threads were stopped: 0.0055011 seconds, Stopping threads took: 0.0000198 seconds
258.350: [GC (Allocation Failure)  711266K->384224K(1034752K), 0.0022496 secs]
258.352: Total time for which application threads were stopped: 0.0024066 seconds, Stopping threads took: 0.0000275 seconds
258.419: [GC (Allocation Failure)  705760K->390002K(1034752K), 0.0044541 secs]
258.424: Total time for which application threads were stopped: 0.0046328 seconds, Stopping threads took: 0.0000277 seconds
258.491: [GC (Allocation Failure)  711538K->393874K(1034752K), 0.0047629 secs]
258.496: Total time for which application threads were stopped: 0.0049408 seconds, Stopping threads took: 0.0000280 seconds
258.562: [GC (Allocation Failure)  716363K->389968K(1035264K), 0.0030859 secs]
258.565: Total time for which application threads were stopped: 0.0032516 seconds, Stopping threads took: 0.0000201 seconds
258.635: [GC (Allocation Failure)  712528K->394026K(1036288K), 0.0043719 secs]
258.640: Total time for which application threads were stopped: 0.0045437 seconds, Stopping threads took: 0.0000208 seconds
258.707: [GC (Allocation Failure)  718122K->398026K(1035776K), 0.0044000 secs]
258.712: Total time for which application threads were stopped: 0.0045720 seconds, Stopping threads took: 0.0000197 seconds
258.781: [GC (Allocation Failure)  722122K->397994K(1035776K), 0.0043361 secs]
258.785: Total time for which application threads were stopped: 0.0045309 seconds, Stopping threads took: 0.0000207 seconds
258.854: [GC (Allocation Failure)  721578K->398122K(1023488K), 0.0044722 secs]
258.859: Total time for which application threads were stopped: 0.0046544 seconds, Stopping threads took: 0.0000168 seconds
258.927: [GC (Allocation Failure)  721706K->406029K(1035264K), 0.0044930 secs]
258.932: Total time for which application threads were stopped: 0.0046550 seconds, Stopping threads took: 0.0000199 seconds
258.999: [GC (Allocation Failure)  728589K->406029K(1030144K), 0.0043252 secs]
259.003: Total time for which application threads were stopped: 0.0044857 seconds, Stopping threads took: 0.0000195 seconds
259.071: [GC (Allocation Failure)  728589K->406093K(1034752K), 0.0045633 secs]
259.076: Total time for which application threads were stopped: 0.0047284 seconds, Stopping threads took: 0.0000176 seconds
259.143: [GC (Allocation Failure)  727629K->414095K(1034752K), 0.0047058 secs]
259.148: Total time for which application threads were stopped: 0.0048769 seconds, Stopping threads took: 0.0000197 seconds
259.216: [GC (Allocation Failure)  735631K->414031K(1033728K), 0.0043196 secs]
259.220: Total time for which application threads were stopped: 0.0044815 seconds, Stopping threads took: 0.0000205 seconds
259.287: [GC (Allocation Failure)  734543K->414311K(1034240K), 0.0045267 secs]
259.291: Total time for which application threads were stopped: 0.0046875 seconds, Stopping threads took: 0.0000197 seconds
259.358: [GC (Allocation Failure)  734823K->422121K(1034240K), 0.0043761 secs]
259.363: Total time for which application threads were stopped: 0.0045727 seconds, Stopping threads took: 0.0000204 seconds
259.433: [GC (Allocation Failure)  742633K->422089K(1034240K), 0.0043336 secs]
259.437: Total time for which application threads were stopped: 0.0044977 seconds, Stopping threads took: 0.0000204 seconds
259.504: [GC (Allocation Failure)  742601K->422505K(1033216K), 0.0045137 secs]
259.508: Total time for which application threads were stopped: 0.0047060 seconds, Stopping threads took: 0.0000203 seconds
259.577: [GC (Allocation Failure)  741993K->430155K(1033728K), 0.0045164 secs]
259.582: Total time for which application threads were stopped: 0.0047042 seconds, Stopping threads took: 0.0000169 seconds
259.651: [GC (Allocation Failure)  749643K->430123K(1033728K), 0.0044464 secs]
259.656: Total time for which application threads were stopped: 0.0045952 seconds, Stopping threads took: 0.0000166 seconds
259.721: [GC (Allocation Failure)  749611K->430251K(1033728K), 0.0044866 secs]
259.725: Total time for which application threads were stopped: 0.0046496 seconds, Stopping threads took: 0.0000198 seconds
259.793: [GC (Allocation Failure)  749739K->438158K(1033728K), 0.0043230 secs]
259.798: Total time for which application threads were stopped: 0.0045127 seconds, Stopping threads took: 0.0000197 seconds
259.865: [GC (Allocation Failure)  757646K->438190K(1033728K), 0.0045279 secs]
259.870: Total time for which application threads were stopped: 0.0046882 seconds, Stopping threads took: 0.0000197 seconds
259.937: [GC (Allocation Failure)  757678K->438222K(1033728K), 0.0046075 secs]
259.941: Total time for which application threads were stopped: 0.0047629 seconds, Stopping threads took: 0.0000186 seconds
260.008: [GC (Allocation Failure)  757710K->446192K(1027072K), 0.0044469 secs]
260.012: Total time for which application threads were stopped: 0.0046430 seconds, Stopping threads took: 0.0000201 seconds
260.079: [GC (Allocation Failure)  765679K->442254K(1034240K), 0.0034874 secs]
260.083: Total time for which application threads were stopped: 0.0036351 seconds, Stopping threads took: 0.0000163 seconds
260.150: [GC (Allocation Failure)  761742K->446352K(1033216K), 0.0045383 secs]
260.155: Total time for which application threads were stopped: 0.0047274 seconds, Stopping threads took: 0.0000249 seconds
260.224: [GC (Allocation Failure)  765840K->450352K(1034752K), 0.0044188 secs]
260.228: Total time for which application threads were stopped: 0.0045744 seconds, Stopping threads took: 0.0000174 seconds
260.295: [GC (Allocation Failure)  771888K->443534K(1034752K), 0.0019517 secs]
260.297: Total time for which application threads were stopped: 0.0020945 seconds, Stopping threads took: 0.0000191 seconds
260.367: [GC (Allocation Failure)  765070K->450392K(1034752K), 0.0044244 secs]
260.371: Total time for which application threads were stopped: 0.0046061 seconds, Stopping threads took: 0.0000197 seconds
260.438: [GC (Allocation Failure)  771928K->454496K(1034752K), 0.0053788 secs]
260.444: Total time for which application threads were stopped: 0.0055462 seconds, Stopping threads took: 0.0000197 seconds
260.509: [GC (Allocation Failure)  776032K->448894K(1034752K), 0.0024834 secs]
260.512: Total time for which application threads were stopped: 0.0026455 seconds, Stopping threads took: 0.0000200 seconds
260.579: [GC (Allocation Failure)  770430K->454736K(1034752K), 0.0046318 secs]
260.584: Total time for which application threads were stopped: 0.0048039 seconds, Stopping threads took: 0.0000213 seconds
260.651: [GC (Allocation Failure)  776272K->458608K(1035264K), 0.0049616 secs]
260.656: Total time for which application threads were stopped: 0.0051338 seconds, Stopping threads took: 0.0000202 seconds
260.724: [GC (Allocation Failure)  781096K->454734K(1035264K), 0.0033241 secs]
260.728: Total time for which application threads were stopped: 0.0034962 seconds, Stopping threads took: 0.0000209 seconds
260.797: [GC (Allocation Failure)  777294K->458768K(1036288K), 0.0046159 secs]
260.802: Total time for which application threads were stopped: 0.0047769 seconds, Stopping threads took: 0.0000196 seconds
260.870: [GC (Allocation Failure)  782864K->462736K(1035776K), 0.0045996 secs]
260.874: Total time for which application threads were stopped: 0.0048046 seconds, Stopping threads took: 0.0000443 seconds
260.945: [GC (Allocation Failure)  786832K->462736K(1035776K), 0.0044564 secs]
260.950: Total time for which application threads were stopped: 0.0046348 seconds, Stopping threads took: 0.0000203 seconds
261.019: [GC (Allocation Failure)  786320K->462792K(1023488K), 0.0046138 secs]
261.024: Total time for which application threads were stopped: 0.0047833 seconds, Stopping threads took: 0.0000205 seconds
261.091: [GC (Allocation Failure)  786376K->470794K(1035264K), 0.0046558 secs]
261.096: Total time for which application threads were stopped: 0.0048256 seconds, Stopping threads took: 0.0000197 seconds
261.165: [GC (Allocation Failure)  793354K->470730K(1030144K), 0.0044944 secs]
261.169: Total time for which application threads were stopped: 0.0046659 seconds, Stopping threads took: 0.0000205 seconds
261.237: [GC (Allocation Failure)  793290K->470826K(1034752K), 0.0045905 secs]
261.242: Total time for which application threads were stopped: 0.0047710 seconds, Stopping threads took: 0.0000205 seconds
261.309: [GC (Allocation Failure)  792362K->478828K(1029120K), 0.0047778 secs]
261.314: Total time for which application threads were stopped: 0.0049627 seconds, Stopping threads took: 0.0000212 seconds
261.384: [GC (Allocation Failure)  800364K->478796K(1034240K), 0.0042475 secs]
261.388: Total time for which application threads were stopped: 0.0044000 seconds, Stopping threads took: 0.0000192 seconds
261.455: [GC (Allocation Failure)  799308K->479044K(1034240K), 0.0045890 secs]
261.459: Total time for which application threads were stopped: 0.0047437 seconds, Stopping threads took: 0.0000195 seconds
261.526: [GC (Allocation Failure)  799556K->486823K(1034240K), 0.0044896 secs]
261.531: Total time for which application threads were stopped: 0.0046479 seconds, Stopping threads took: 0.0000198 seconds
261.598: [GC (Allocation Failure)  807335K->486823K(1034240K), 0.0046454 secs]
261.603: Total time for which application threads were stopped: 0.0048207 seconds, Stopping threads took: 0.0000189 seconds
261.670: [GC (Allocation Failure)  807335K->487271K(1033216K), 0.0044584 secs]
261.674: Total time for which application threads were stopped: 0.0046195 seconds, Stopping threads took: 0.0000200 seconds
261.741: [GC (Allocation Failure)  806759K->494857K(1033728K), 0.0045277 secs]
261.746: Total time for which application threads were stopped: 0.0047173 seconds, Stopping threads took: 0.0000194 seconds
261.814: [GC (Allocation Failure)  814345K->494857K(1033728K), 0.0064432 secs]
261.821: Total time for which application threads were stopped: 0.0065960 seconds, Stopping threads took: 0.0000170 seconds
261.886: [GC (Allocation Failure)  814345K->494985K(1033728K), 0.0045180 secs]
261.890: Total time for which application threads were stopped: 0.0046975 seconds, Stopping threads took: 0.0000194 seconds
261.958: [GC (Allocation Failure)  814473K->502859K(1033728K), 0.0045209 secs]
261.962: Total time for which application threads were stopped: 0.0046939 seconds, Stopping threads took: 0.0000197 seconds
262.031: [GC (Allocation Failure)  822347K->502891K(1033728K), 0.0045842 secs]
262.036: Total time for which application threads were stopped: 0.0047528 seconds, Stopping threads took: 0.0000251 seconds
262.104: [GC (Allocation Failure)  822379K->502947K(1033728K), 0.0047497 secs]
262.109: Total time for which application threads were stopped: 0.0049285 seconds, Stopping threads took: 0.0000193 seconds
262.175: [GC (Allocation Failure)  822435K->510918K(1027072K), 0.0045942 secs]
262.180: Total time for which application threads were stopped: 0.0047663 seconds, Stopping threads took: 0.0000206 seconds
262.245: [GC (Allocation Failure)  830405K->507043K(1034240K), 0.0037536 secs]
262.249: Total time for which application threads were stopped: 0.0039388 seconds, Stopping threads took: 0.0000203 seconds
262.316: [GC (Allocation Failure)  826531K->511086K(1033216K), 0.0045474 secs]
262.321: Total time for which application threads were stopped: 0.0047108 seconds, Stopping threads took: 0.0000201 seconds
262.388: [GC (Allocation Failure)  830574K->515054K(1034752K), 0.0046039 secs]
262.393: Total time for which application threads were stopped: 0.0047717 seconds, Stopping threads took: 0.0000256 seconds
262.460: [GC (Allocation Failure)  836590K->508299K(1034752K), 0.0026064 secs]
262.463: Total time for which application threads were stopped: 0.0027751 seconds, Stopping threads took: 0.0000253 seconds
262.530: [GC (Allocation Failure)  829835K->515126K(1034752K), 0.0044980 secs]
262.535: Total time for which application threads were stopped: 0.0046626 seconds, Stopping threads took: 0.0000202 seconds
262.601: [GC (Allocation Failure)  836662K->519206K(1034752K), 0.0054550 secs]
262.606: Total time for which application threads were stopped: 0.0056277 seconds, Stopping threads took: 0.0000206 seconds
262.672: [GC (Allocation Failure)  840742K->513667K(1034752K), 0.0026125 secs]
262.674: Total time for which application threads were stopped: 0.0027692 seconds, Stopping threads took: 0.0000200 seconds
262.741: [GC (Allocation Failure)  835203K->519470K(1034752K), 0.0046915 secs]
262.746: Total time for which application threads were stopped: 0.0048658 seconds, Stopping threads took: 0.0000209 seconds
262.813: [GC (Allocation Failure)  841006K->523374K(1034752K), 0.0048888 secs]
262.818: Total time for which application threads were stopped: 0.0050511 seconds, Stopping threads took: 0.0000204 seconds
262.887: [GC (Allocation Failure)  845862K->519467K(1035264K), 0.0034752 secs]
262.890: Total time for which application threads were stopped: 0.0036329 seconds, Stopping threads took: 0.0000201 seconds
262.959: [GC (Allocation Failure)  842027K->523502K(1036288K), 0.0045832 secs]
262.963: Total time for which application threads were stopped: 0.0047802 seconds, Stopping threads took: 0.0000261 seconds
263.032: [GC (Allocation Failure)  847598K->527470K(1035776K), 0.0045987 secs]
263.037: Total time for which application threads were stopped: 0.0047876 seconds, Stopping threads took: 0.0000202 seconds
263.107: [GC (Allocation Failure)  851566K->527502K(1035776K), 0.0045442 secs]
263.112: Total time for which application threads were stopped: 0.0047101 seconds, Stopping threads took: 0.0000195 seconds
263.180: [GC (Allocation Failure)  851086K->527534K(1023488K), 0.0047633 secs]
263.185: Total time for which application threads were stopped: 0.0049402 seconds, Stopping threads took: 0.0000205 seconds
263.252: [GC (Allocation Failure)  851118K->535504K(1035264K), 0.0047449 secs]
263.257: Total time for which application threads were stopped: 0.0049369 seconds, Stopping threads took: 0.0000192 seconds
263.326: [GC (Allocation Failure)  858064K->535504K(1030144K), 0.0043759 secs]
263.330: Total time for which application threads were stopped: 0.0045450 seconds, Stopping threads took: 0.0000170 seconds
263.398: [GC (Allocation Failure)  858064K->535560K(1034752K), 0.0045050 secs]
263.402: Total time for which application threads were stopped: 0.0046786 seconds, Stopping threads took: 0.0000271 seconds
263.470: [GC (Allocation Failure)  857096K->543498K(1034752K), 0.0055913 secs]
263.476: Total time for which application threads were stopped: 0.0057645 seconds, Stopping threads took: 0.0000198 seconds
263.544: [GC (Allocation Failure)  865034K->543498K(1033728K), 0.0045887 secs]
263.548: Total time for which application threads were stopped: 0.0047583 seconds, Stopping threads took: 0.0000202 seconds
263.616: [GC (Allocation Failure)  864010K->543786K(1034240K), 0.0045748 secs]
263.620: Total time for which application threads were stopped: 0.0047483 seconds, Stopping threads took: 0.0000210 seconds
263.689: [GC (Allocation Failure)  864298K->551564K(1034240K), 0.0044722 secs]
263.693: Total time for which application threads were stopped: 0.0046289 seconds, Stopping threads took: 0.0000187 seconds
263.761: [GC (Allocation Failure)  872076K->551564K(1034240K), 0.0045821 secs]
263.765: Total time for which application threads were stopped: 0.0047525 seconds, Stopping threads took: 0.0000200 seconds
263.832: [GC (Allocation Failure)  872076K->552012K(1034240K), 0.0048810 secs]
263.837: Total time for which application threads were stopped: 0.0050615 seconds, Stopping threads took: 0.0000228 seconds
263.904: [GC (Allocation Failure)  872524K->559599K(1028096K), 0.0045611 secs]
263.909: Total time for which application threads were stopped: 0.0048483 seconds, Stopping threads took: 0.0000279 seconds
263.974: [GC (Allocation Failure)  880111K->559599K(1033728K), 0.0045622 secs]
263.979: Total time for which application threads were stopped: 0.0047222 seconds, Stopping threads took: 0.0000191 seconds
264.043: [GC (Allocation Failure)  879087K->559751K(1033728K), 0.0054416 secs]
264.049: Total time for which application threads were stopped: 0.0056354 seconds, Stopping threads took: 0.0000190 seconds
264.117: [GC (Allocation Failure)  879239K->567625K(1033728K), 0.0046922 secs]
264.122: Total time for which application threads were stopped: 0.0048627 seconds, Stopping threads took: 0.0000197 seconds
264.190: [GC (Allocation Failure)  887113K->567657K(1033728K), 0.0047566 secs]
264.195: Total time for which application threads were stopped: 0.0049403 seconds, Stopping threads took: 0.0000211 seconds
264.262: [GC (Allocation Failure)  887145K->567689K(1033728K), 0.0047836 secs]
264.266: Total time for which application threads were stopped: 0.0049765 seconds, Stopping threads took: 0.0000200 seconds
264.332: [GC (Allocation Failure)  887177K->575659K(1027072K), 0.0048585 secs]
264.337: Total time for which application threads were stopped: 0.0050527 seconds, Stopping threads took: 0.0000206 seconds
264.403: [GC (Allocation Failure)  895147K->571753K(1034240K), 0.0048538 secs]
264.408: Total time for which application threads were stopped: 0.0050113 seconds, Stopping threads took: 0.0000196 seconds
264.475: [GC (Allocation Failure)  891241K->575819K(1033216K), 0.0047057 secs]
264.480: Total time for which application threads were stopped: 0.0048775 seconds, Stopping threads took: 0.0000199 seconds
264.547: [GC (Allocation Failure)  895307K->579819K(1034752K), 0.0047680 secs]
264.552: Total time for which application threads were stopped: 0.0049286 seconds, Stopping threads took: 0.0000195 seconds
264.618: [GC (Allocation Failure)  901355K->573001K(1034752K), 0.0023457 secs]
264.620: Total time for which application threads were stopped: 0.0025041 seconds, Stopping threads took: 0.0000203 seconds
264.689: [GC (Allocation Failure)  894537K->579851K(1034752K), 0.0047406 secs]
264.694: Total time for which application threads were stopped: 0.0049151 seconds, Stopping threads took: 0.0000205 seconds
264.760: [GC (Allocation Failure)  901387K->583923K(1034752K), 0.0057061 secs]
264.765: Total time for which application threads were stopped: 0.0058755 seconds, Stopping threads took: 0.0000197 seconds
264.832: [GC (Allocation Failure)  905459K->578385K(1034752K), 0.0027424 secs]
264.835: Total time for which application threads were stopped: 0.0028976 seconds, Stopping threads took: 0.0000201 seconds
264.903: [GC (Allocation Failure)  899921K->584195K(1034752K), 0.0047962 secs]
264.908: Total time for which application threads were stopped: 0.0049576 seconds, Stopping threads took: 0.0000260 seconds
264.975: [GC (Allocation Failure)  905731K->588099K(1034752K), 0.0051361 secs]
264.980: Total time for which application threads were stopped: 0.0052986 seconds, Stopping threads took: 0.0000203 seconds
265.047: [GC (Allocation Failure)  910587K->584129K(1035264K), 0.0048534 secs]
265.052: Total time for which application threads were stopped: 0.0050210 seconds, Stopping threads took: 0.0000239 seconds
265.122: [GC (Allocation Failure)  906689K->588235K(1036288K), 0.0048754 secs]
265.127: Total time for which application threads were stopped: 0.0050903 seconds, Stopping threads took: 0.0000201 seconds
265.196: [GC (Allocation Failure)  912331K->592235K(1035776K), 0.0046259 secs]
265.201: Total time for which application threads were stopped: 0.0047874 seconds, Stopping threads took: 0.0000193 seconds
265.269: [GC (Allocation Failure)  916331K->592203K(1035776K), 0.0048783 secs]
265.274: Total time for which application threads were stopped: 0.0050470 seconds, Stopping threads took: 0.0000193 seconds
265.341: [GC (Allocation Failure)  915787K->592267K(1023488K), 0.0048122 secs]
265.346: Total time for which application threads were stopped: 0.0049688 seconds, Stopping threads took: 0.0000193 seconds
265.412: [GC (Allocation Failure)  915851K->600237K(1035264K), 0.0047143 secs]
265.417: Total time for which application threads were stopped: 0.0048733 seconds, Stopping threads took: 0.0000270 seconds
265.487: [GC (Allocation Failure)  922797K->600237K(1030144K), 0.0046160 secs]
265.491: Total time for which application threads were stopped: 0.0047967 seconds, Stopping threads took: 0.0000209 seconds
265.558: [GC (Allocation Failure)  922797K->600301K(1034752K), 0.0046807 secs]
265.563: Total time for which application threads were stopped: 0.0048472 seconds, Stopping threads took: 0.0000196 seconds
265.630: [GC (Allocation Failure)  921837K->608240K(1034752K), 0.0049541 secs]
265.635: Total time for which application threads were stopped: 0.0051146 seconds, Stopping threads took: 0.0000193 seconds
265.703: [GC (Allocation Failure)  929776K->608272K(1033728K), 0.0045732 secs]
265.708: Total time for which application threads were stopped: 0.0047429 seconds, Stopping threads took: 0.0000202 seconds
265.776: [GC (Allocation Failure)  928784K->608520K(1034240K), 0.0047897 secs]
265.781: Total time for which application threads were stopped: 0.0049520 seconds, Stopping threads took: 0.0000201 seconds
265.849: [GC (Allocation Failure)  929032K->616298K(1034240K), 0.0045836 secs]
265.854: Total time for which application threads were stopped: 0.0047659 seconds, Stopping threads took: 0.0000199 seconds
265.923: [GC (Allocation Failure)  936810K->616298K(1034240K), 0.0047104 secs]
265.928: Total time for which application threads were stopped: 0.0048853 seconds, Stopping threads took: 0.0000261 seconds
265.995: [GC (Allocation Failure)  936810K->616714K(1033216K), 0.0048804 secs]
266.000: Total time for which application threads were stopped: 0.0050735 seconds, Stopping threads took: 0.0000209 seconds
266.069: [GC (Allocation Failure)  936202K->624332K(1033728K), 0.0047353 secs]
266.074: Total time for which application threads were stopped: 0.0049255 seconds, Stopping threads took: 0.0000173 seconds
266.141: [GC (Allocation Failure)  943820K->624332K(1033728K), 0.0048096 secs]
266.146: Total time for which application threads were stopped: 0.0050029 seconds, Stopping threads took: 0.0000249 seconds
266.213: [GC (Allocation Failure)  943820K->624452K(1033728K), 0.0050550 secs]
266.218: Total time for which application threads were stopped: 0.0052263 seconds, Stopping threads took: 0.0000197 seconds
266.286: [GC (Allocation Failure)  943940K->632358K(1033728K), 0.0048090 secs]
266.290: Total time for which application threads were stopped: 0.0049791 seconds, Stopping threads took: 0.0000206 seconds
266.357: [GC (Allocation Failure)  951846K->632326K(1033728K), 0.0049902 secs]
266.362: Total time for which application threads were stopped: 0.0051684 seconds, Stopping threads took: 0.0000197 seconds
266.432: [GC (Allocation Failure)  951814K->632422K(1033728K), 0.0048585 secs]
266.437: Total time for which application threads were stopped: 0.0050254 seconds, Stopping threads took: 0.0000263 seconds
266.505: [GC (Allocation Failure)  951910K->640393K(1027072K), 0.0049703 secs]
266.510: Total time for which application threads were stopped: 0.0051370 seconds, Stopping threads took: 0.0000196 seconds
266.576: [GC (Allocation Failure)  959880K->636486K(1034240K), 0.0039854 secs]
266.580: Total time for which application threads were stopped: 0.0041483 seconds, Stopping threads took: 0.0000211 seconds
266.647: [GC (Allocation Failure)  955974K->640553K(1033216K), 0.0050376 secs]
266.652: Total time for which application threads were stopped: 0.0052008 seconds, Stopping threads took: 0.0000197 seconds
266.720: [GC (Allocation Failure)  960041K->644521K(1034752K), 0.0061995 secs]
266.726: Total time for which application threads were stopped: 0.0063803 seconds, Stopping threads took: 0.0000203 seconds
266.794: [GC (Allocation Failure)  966057K->637734K(1034752K), 0.0024141 secs]
266.796: Total time for which application threads were stopped: 0.0025652 seconds, Stopping threads took: 0.0000203 seconds
266.864: [GC (Allocation Failure)  959270K->644593K(1034752K), 0.0049382 secs]
266.869: Total time for which application threads were stopped: 0.0051106 seconds, Stopping threads took: 0.0000198 seconds
266.935: [GC (Allocation Failure)  966129K->648673K(1034752K), 0.0058464 secs]
266.941: Total time for which application threads were stopped: 0.0059945 seconds, Stopping threads took: 0.0000203 seconds
267.008: [GC (Allocation Failure)  970209K->643134K(1034752K), 0.0029552 secs]
267.011: Total time for which application threads were stopped: 0.0031489 seconds, Stopping threads took: 0.0000274 seconds
267.080: [GC (Allocation Failure)  964670K->648913K(1034752K), 0.0049845 secs]
267.085: Total time for which application threads were stopped: 0.0051787 seconds, Stopping threads took: 0.0000207 seconds
267.153: [GC (Allocation Failure)  970449K->652841K(1034752K), 0.0050739 secs]
267.158: Total time for which application threads were stopped: 0.0052311 seconds, Stopping threads took: 0.0000177 seconds
267.226: [GC (Allocation Failure)  975329K->648902K(1035264K), 0.0037737 secs]
267.230: Total time for which application threads were stopped: 0.0039326 seconds, Stopping threads took: 0.0000198 seconds
267.298: [GC (Allocation Failure)  971462K->652977K(1036288K), 0.0051055 secs]
267.303: Total time for which application threads were stopped: 0.0052736 seconds, Stopping threads took: 0.0000199 seconds
267.370: [GC (Allocation Failure)  977073K->656945K(1035776K), 0.0046892 secs]
267.375: Total time for which application threads were stopped: 0.0048501 seconds, Stopping threads took: 0.0000208 seconds
267.447: [GC (Allocation Failure)  981041K->656977K(1035776K), 0.0046709 secs]
267.452: Total time for which application threads were stopped: 0.0048196 seconds, Stopping threads took: 0.0000170 seconds
267.520: [GC (Allocation Failure)  980561K->657001K(1023488K), 0.0049119 secs]
267.525: Total time for which application threads were stopped: 0.0050753 seconds, Stopping threads took: 0.0000200 seconds
267.591: [GC (Allocation Failure)  980585K->665003K(1035264K), 0.0050028 secs]
267.596: Total time for which application threads were stopped: 0.0051665 seconds, Stopping threads took: 0.0000198 seconds
267.664: [GC (Allocation Failure)  987563K->665003K(1030144K), 0.0048223 secs]
267.669: Total time for which application threads were stopped: 0.0049814 seconds, Stopping threads took: 0.0000201 seconds
267.737: [GC (Allocation Failure)  987563K->665027K(1034752K), 0.0052567 secs]
267.742: Total time for which application threads were stopped: 0.0054339 seconds, Stopping threads took: 0.0000209 seconds
267.809: [GC (Allocation Failure)  986563K->672997K(1029120K), 0.0050875 secs]
267.815: Total time for which application threads were stopped: 0.0052432 seconds, Stopping threads took: 0.0000183 seconds
267.883: [GC (Allocation Failure)  994533K->672997K(1034240K), 0.0046043 secs]
267.887: Total time for which application threads were stopped: 0.0047987 seconds, Stopping threads took: 0.0000204 seconds
267.956: [GC (Allocation Failure)  993509K->673261K(1034240K), 0.0050314 secs]
267.961: Total time for which application threads were stopped: 0.0051985 seconds, Stopping threads took: 0.0000285 seconds
268.028: [GC (Allocation Failure)  993773K->681072K(1034240K), 0.0068795 secs]
268.035: Total time for which application threads were stopped: 0.0070530 seconds, Stopping threads took: 0.0000195 seconds
268.105: [GC (Allocation Failure)  1001584K->681040K(1034240K), 0.0053973 secs]
268.110: Total time for which application threads were stopped: 0.0055688 seconds, Stopping threads took: 0.0000196 seconds
268.177: [GC (Allocation Failure)  1001552K->681480K(1033216K), 0.0049563 secs]
268.182: Total time for which application threads were stopped: 0.0051368 seconds, Stopping threads took: 0.0000197 seconds
268.249: [GC (Allocation Failure)  1000968K->689098K(1033728K), 0.0048752 secs]
268.254: Total time for which application threads were stopped: 0.0050435 seconds, Stopping threads took: 0.0000211 seconds
268.321: [GC (Allocation Failure)  1008586K->689098K(1033728K), 0.0049838 secs]
268.326: Total time for which application threads were stopped: 0.0051783 seconds, Stopping threads took: 0.0000209 seconds
268.392: [GC (Allocation Failure)  1008586K->689162K(1033728K), 0.0080063 secs]
268.400: [Full GC (Ergonomics)  689162K->8595K(1033728K), 0.0120251 secs]
268.412: Total time for which application threads were stopped: 0.0202732 seconds, Stopping threads took: 0.0000182 seconds
268.480: [GC (Allocation Failure)  328083K->16725K(1033728K), 0.0037361 secs]
268.484: Total time for which application threads were stopped: 0.0039048 seconds, Stopping threads took: 0.0000203 seconds
268.552: [GC (Allocation Failure)  336213K->16717K(1033728K), 0.0035961 secs]
268.555: Total time for which application threads were stopped: 0.0037665 seconds, Stopping threads took: 0.0000200 seconds
268.623: [GC (Allocation Failure)  336205K->16781K(1032704K), 0.0038970 secs]
268.627: Total time for which application threads were stopped: 0.0040773 seconds, Stopping threads took: 0.0000204 seconds
268.696: [GC (Allocation Failure)  335245K->24783K(1033216K), 0.0036335 secs]
268.699: Total time for which application threads were stopped: 0.0037978 seconds, Stopping threads took: 0.0000207 seconds
268.766: [GC (Allocation Failure)  343247K->19181K(1033728K), 0.0016223 secs]
268.767: Total time for which application threads were stopped: 0.0017767 seconds, Stopping threads took: 0.0000336 seconds
268.837: [GC (Allocation Failure)  338157K->25007K(1033216K), 0.0037222 secs]
268.841: Total time for which application threads were stopped: 0.0038892 seconds, Stopping threads took: 0.0000190 seconds
268.908: [GC (Allocation Failure)  343983K->28927K(1034240K), 0.0039724 secs]
268.912: Total time for which application threads were stopped: 0.0041390 seconds, Stopping threads took: 0.0000282 seconds
268.979: [GC (Allocation Failure)  349439K->34781K(1034240K), 0.0062399 secs]
268.986: Total time for which application threads were stopped: 0.0064036 seconds, Stopping threads took: 0.0000194 seconds
269.053: [GC (Allocation Failure)  355293K->29055K(1030144K), 0.0044983 secs]
269.058: Total time for which application threads were stopped: 0.0047895 seconds, Stopping threads took: 0.0001146 seconds
269.126: [GC (Allocation Failure)  345471K->28895K(1032192K), 0.0036164 secs]
269.129: Total time for which application threads were stopped: 0.0037885 seconds, Stopping threads took: 0.0000209 seconds
269.196: [GC (Allocation Failure)  345311K->24733K(1033216K), 0.0021616 secs]
269.199: Total time for which application threads were stopped: 0.0023249 seconds, Stopping threads took: 0.0000200 seconds
269.266: [GC (Allocation Failure)  342685K->29023K(1032704K), 0.0037158 secs]
269.270: Total time for which application threads were stopped: 0.0038767 seconds, Stopping threads took: 0.0000203 seconds
269.337: [GC (Allocation Failure)  346975K->28927K(1033728K), 0.0039003 secs]
269.341: Total time for which application threads were stopped: 0.0040804 seconds, Stopping threads took: 0.0000204 seconds
269.407: [GC (Allocation Failure)  347903K->32487K(1033216K), 0.0043133 secs]
269.411: Total time for which application threads were stopped: 0.0044953 seconds, Stopping threads took: 0.0000270 seconds
269.478: [GC (Allocation Failure)  351463K->37002K(1034240K), 0.0037572 secs]
269.482: Total time for which application threads were stopped: 0.0039420 seconds, Stopping threads took: 0.0000284 seconds
269.548: [GC (Allocation Failure)  357002K->36970K(1033728K), 0.0036818 secs]
269.551: Total time for which application threads were stopped: 0.0038436 seconds, Stopping threads took: 0.0000203 seconds
269.616: [GC (Allocation Failure)  356970K->40234K(1034240K), 0.0044188 secs]
269.620: Total time for which application threads were stopped: 0.0045941 seconds, Stopping threads took: 0.0000275 seconds
269.688: [GC (Allocation Failure)  360746K->44972K(1034240K), 0.0036855 secs]
269.691: Total time for which application threads were stopped: 0.0038589 seconds, Stopping threads took: 0.0000196 seconds
269.761: [GC (Allocation Failure)  365484K->45004K(1034752K), 0.0035552 secs]
269.764: Total time for which application threads were stopped: 0.0037275 seconds, Stopping threads took: 0.0000201 seconds
269.829: [GC (Allocation Failure)  366540K->47436K(1034752K), 0.0042450 secs]
269.833: Total time for which application threads were stopped: 0.0044202 seconds, Stopping threads took: 0.0000204 seconds
269.902: [GC (Allocation Failure)  368972K->53006K(1034752K), 0.0036082 secs]
269.905: Total time for which application threads were stopped: 0.0037820 seconds, Stopping threads took: 0.0000262 seconds
269.972: [GC (Allocation Failure)  374542K->53006K(1034752K), 0.0064791 secs]
269.979: Total time for which application threads were stopped: 0.0066657 seconds, Stopping threads took: 0.0000201 seconds
270.044: [GC (Allocation Failure)  374542K->56710K(1035264K), 0.0096099 secs]
270.054: Total time for which application threads were stopped: 0.0097754 seconds, Stopping threads took: 0.0000215 seconds
270.122: [GC (Allocation Failure)  378758K->61033K(1034752K), 0.0038871 secs]
270.126: Total time for which application threads were stopped: 0.0040453 seconds, Stopping threads took: 0.0000171 seconds
270.193: [GC (Allocation Failure)  383081K->61065K(1035264K), 0.0037692 secs]
270.197: Total time for which application threads were stopped: 0.0039446 seconds, Stopping threads took: 0.0000197 seconds
270.264: [GC (Allocation Failure)  383625K->63913K(1035264K), 0.0043184 secs]
270.268: Total time for which application threads were stopped: 0.0045197 seconds, Stopping threads took: 0.0000206 seconds
270.336: [GC (Allocation Failure)  386473K->69195K(1035264K), 0.0036869 secs]
270.340: Total time for which application threads were stopped: 0.0038913 seconds, Stopping threads took: 0.0000288 seconds
270.410: [GC (Allocation Failure)  391755K->69099K(1035264K), 0.0035949 secs]
270.414: Total time for which application threads were stopped: 0.0037612 seconds, Stopping threads took: 0.0000265 seconds
270.481: [GC (Allocation Failure)  391659K->72139K(1035264K), 0.0044116 secs]
270.485: Total time for which application threads were stopped: 0.0045798 seconds, Stopping threads took: 0.0000191 seconds
270.554: [GC (Allocation Failure)  394699K->77165K(1035264K), 0.0040558 secs]
270.558: Total time for which application threads were stopped: 0.0042518 seconds, Stopping threads took: 0.0000214 seconds
270.626: [GC (Allocation Failure)  399725K->77069K(1035264K), 0.0037498 secs]
270.630: Total time for which application threads were stopped: 0.0039245 seconds, Stopping threads took: 0.0000203 seconds
270.697: [GC (Allocation Failure)  399629K->72331K(1035264K), 0.0019852 secs]
270.699: Total time for which application threads were stopped: 0.0021476 seconds, Stopping threads took: 0.0000206 seconds
270.769: [GC (Allocation Failure)  394891K->77357K(1035264K), 0.0036653 secs]
270.772: Total time for which application threads were stopped: 0.0038317 seconds, Stopping threads took: 0.0000190 seconds
270.839: [GC (Allocation Failure)  399917K->77133K(1035264K), 0.0036214 secs]
270.843: Total time for which application threads were stopped: 0.0037941 seconds, Stopping threads took: 0.0000206 seconds
270.913: [GC (Allocation Failure)  399693K->76651K(1035776K), 0.0036363 secs]
270.916: Total time for which application threads were stopped: 0.0038189 seconds, Stopping threads took: 0.0000256 seconds
270.984: [GC (Allocation Failure)  399723K->77293K(1035264K), 0.0038474 secs]
270.988: Total time for which application threads were stopped: 0.0040117 seconds, Stopping threads took: 0.0000259 seconds
271.056: [GC (Allocation Failure)  400365K->77101K(1035776K), 0.0043899 secs]
271.061: Total time for which application threads were stopped: 0.0045567 seconds, Stopping threads took: 0.0000277 seconds
271.129: [GC (Allocation Failure)  400685K->82955K(1035776K), 0.0064013 secs]
271.136: Total time for which application threads were stopped: 0.0065708 seconds, Stopping threads took: 0.0000192 seconds
271.204: [GC (Allocation Failure)  406539K->78381K(1032704K), 0.0036867 secs]
271.208: Total time for which application threads were stopped: 0.0038823 seconds, Stopping threads took: 0.0000203 seconds
271.277: [GC (Allocation Failure)  398893K->78221K(1034240K), 0.0039281 secs]
271.281: Total time for which application threads were stopped: 0.0040964 seconds, Stopping threads took: 0.0000202 seconds
271.348: [GC (Allocation Failure)  398733K->85283K(1030656K), 0.0068170 secs]
271.355: Total time for which application threads were stopped: 0.0069807 seconds, Stopping threads took: 0.0000209 seconds
271.423: [GC (Allocation Failure)  402723K->79621K(1032704K), 0.0038341 secs]
271.427: Total time for which application threads were stopped: 0.0039964 seconds, Stopping threads took: 0.0000270 seconds
271.495: [GC (Allocation Failure)  397061K->79525K(1033728K), 0.0035812 secs]
271.498: Total time for which application threads were stopped: 0.0037483 seconds, Stopping threads took: 0.0000212 seconds
271.565: [GC (Allocation Failure)  398501K->77091K(1033216K), 0.0027557 secs]
271.568: Total time for which application threads were stopped: 0.0029157 seconds, Stopping threads took: 0.0000196 seconds
271.635: [GC (Allocation Failure)  396067K->79589K(1034752K), 0.0038063 secs]
271.639: Total time for which application threads were stopped: 0.0039712 seconds, Stopping threads took: 0.0000206 seconds
271.707: [GC (Allocation Failure)  400613K->79557K(1034240K), 0.0040482 secs]
271.711: Total time for which application threads were stopped: 0.0042259 seconds, Stopping threads took: 0.0000289 seconds
271.778: [GC (Allocation Failure)  400581K->74755K(1034240K), 0.0018250 secs]
271.780: Total time for which application threads were stopped: 0.0019698 seconds, Stopping threads took: 0.0000202 seconds
271.849: [GC (Allocation Failure)  396291K->79749K(1034752K), 0.0036250 secs]
271.853: Total time for which application threads were stopped: 0.0037948 seconds, Stopping threads took: 0.0000197 seconds
271.922: [GC (Allocation Failure)  401285K->79493K(1035776K), 0.0041189 secs]
271.926: Total time for which application threads were stopped: 0.0044470 seconds, Stopping threads took: 0.0000193 seconds
271.993: [GC (Allocation Failure)  402565K->77507K(1035264K), 0.0030283 secs]
271.996: Total time for which application threads were stopped: 0.0031862 seconds, Stopping threads took: 0.0000189 seconds
272.063: [GC (Allocation Failure)  400579K->79717K(1036288K), 0.0072989 secs]
272.070: Total time for which application threads were stopped: 0.0074925 seconds, Stopping threads took: 0.0000274 seconds
272.138: [GC (Allocation Failure)  403813K->79557K(1035776K), 0.0035665 secs]
272.142: Total time for which application threads were stopped: 0.0037166 seconds, Stopping threads took: 0.0000166 seconds
272.209: [GC (Allocation Failure)  403653K->85355K(1033216K), 0.0062851 secs]
272.216: Total time for which application threads were stopped: 0.0064757 seconds, Stopping threads took: 0.0000196 seconds
272.285: [GC (Allocation Failure)  406891K->81293K(1034752K), 0.0038700 secs]
272.289: Total time for which application threads were stopped: 0.0040295 seconds, Stopping threads took: 0.0000170 seconds
272.356: [GC (Allocation Failure)  402829K->81165K(1035264K), 0.0038610 secs]
272.360: Total time for which application threads were stopped: 0.0040323 seconds, Stopping threads took: 0.0000206 seconds
272.428: [GC (Allocation Failure)  403725K->89219K(1035264K), 0.0075364 secs]
272.436: Total time for which application threads were stopped: 0.0077077 seconds, Stopping threads took: 0.0000278 seconds
272.505: [GC (Allocation Failure)  411779K->84037K(1032192K), 0.0041065 secs]
272.509: Total time for which application threads were stopped: 0.0042867 seconds, Stopping threads took: 0.0000197 seconds
272.576: [GC (Allocation Failure)  403525K->83973K(1033728K), 0.0037701 secs]
272.579: Total time for which application threads were stopped: 0.0039659 seconds, Stopping threads took: 0.0000202 seconds
272.646: [GC (Allocation Failure)  403461K->90243K(1031680K), 0.0062133 secs]
272.652: Total time for which application threads were stopped: 0.0064052 seconds, Stopping threads took: 0.0000253 seconds
272.720: [GC (Allocation Failure)  407683K->83973K(1032704K), 0.0038880 secs]
272.724: Total time for which application threads were stopped: 0.0040611 seconds, Stopping threads took: 0.0000194 seconds
272.789: [GC (Allocation Failure)  401413K->83941K(1033216K), 0.0038225 secs]
272.793: Total time for which application threads were stopped: 0.0039827 seconds, Stopping threads took: 0.0000201 seconds
272.859: [GC (Allocation Failure)  401893K->79683K(1032704K), 0.0020698 secs]
272.861: Total time for which application threads were stopped: 0.0022387 seconds, Stopping threads took: 0.0000197 seconds
272.930: [GC (Allocation Failure)  397635K->84197K(1033728K), 0.0039853 secs]
272.934: Total time for which application threads were stopped: 0.0041531 seconds, Stopping threads took: 0.0000262 seconds
273.001: [GC (Allocation Failure)  402661K->83973K(1032704K), 0.0038883 secs]
273.005: Total time for which application threads were stopped: 0.0040667 seconds, Stopping threads took: 0.0000221 seconds
273.071: [GC (Allocation Failure)  402437K->87437K(1033216K), 0.0044938 secs]
273.075: Total time for which application threads were stopped: 0.0046821 seconds, Stopping threads took: 0.0000145 seconds
273.143: [GC (Allocation Failure)  406925K->92079K(1033728K), 0.0036827 secs]
273.147: Total time for which application threads were stopped: 0.0038409 seconds, Stopping threads took: 0.0000172 seconds
273.214: [GC (Allocation Failure)  411567K->92015K(1034752K), 0.0038656 secs]
273.218: Total time for which application threads were stopped: 0.0040369 seconds, Stopping threads took: 0.0000200 seconds
273.287: [GC (Allocation Failure)  413039K->92039K(1034240K), 0.0037034 secs]
273.291: Total time for which application threads were stopped: 0.0038716 seconds, Stopping threads took: 0.0000264 seconds
273.361: [GC (Allocation Failure)  413063K->100170K(1034752K), 0.0039058 secs]
273.365: Total time for which application threads were stopped: 0.0040768 seconds, Stopping threads took: 0.0000198 seconds
273.434: [GC (Allocation Failure)  421194K->100074K(1034240K), 0.0037717 secs]
273.438: Total time for which application threads were stopped: 0.0039770 seconds, Stopping threads took: 0.0000263 seconds
273.503: [GC (Allocation Failure)  421098K->103914K(1034752K), 0.0047939 secs]
273.508: Total time for which application threads were stopped: 0.0049764 seconds, Stopping threads took: 0.0000247 seconds
273.576: [GC (Allocation Failure)  425450K->108140K(1034752K), 0.0039854 secs]
273.580: Total time for which application threads were stopped: 0.0041499 seconds, Stopping threads took: 0.0000204 seconds
273.647: [GC (Allocation Failure)  429676K->108108K(1035264K), 0.0037816 secs]
273.651: Total time for which application threads were stopped: 0.0039465 seconds, Stopping threads took: 0.0000200 seconds
273.720: [GC (Allocation Failure)  430668K->110092K(1035264K), 0.0041153 secs]
273.724: Total time for which application threads were stopped: 0.0042734 seconds, Stopping threads took: 0.0000193 seconds
273.794: [GC (Allocation Failure)  432652K->116110K(1035264K), 0.0035619 secs]
273.798: Total time for which application threads were stopped: 0.0037743 seconds, Stopping threads took: 0.0000283 seconds
273.866: [GC (Allocation Failure)  438670K->116110K(1035264K), 0.0038766 secs]
273.870: Total time for which application threads were stopped: 0.0040469 seconds, Stopping threads took: 0.0000204 seconds
273.936: [GC (Allocation Failure)  438670K->118310K(1035264K), 0.0041129 secs]
273.941: Total time for which application threads were stopped: 0.0042839 seconds, Stopping threads took: 0.0000283 seconds
274.009: [GC (Allocation Failure)  440870K->124328K(1035264K), 0.0045565 secs]
274.013: Total time for which application threads were stopped: 0.0047224 seconds, Stopping threads took: 0.0000204 seconds
274.081: [GC (Allocation Failure)  446888K->124168K(1035264K), 0.0038205 secs]
274.085: Total time for which application threads were stopped: 0.0039708 seconds, Stopping threads took: 0.0000174 seconds
274.153: [GC (Allocation Failure)  446728K->118470K(1035264K), 0.0017580 secs]
274.155: Total time for which application threads were stopped: 0.0018956 seconds, Stopping threads took: 0.0000200 seconds
274.225: [GC (Allocation Failure)  441030K->124232K(1035264K), 0.0040481 secs]
274.229: Total time for which application threads were stopped: 0.0042077 seconds, Stopping threads took: 0.0000175 seconds
274.297: [GC (Allocation Failure)  446792K->124136K(1035264K), 0.0038096 secs]
274.301: Total time for which application threads were stopped: 0.0039862 seconds, Stopping threads took: 0.0000211 seconds
274.366: [GC (Allocation Failure)  446696K->122822K(1035776K), 0.0033800 secs]
274.370: Total time for which application threads were stopped: 0.0035849 seconds, Stopping threads took: 0.0000213 seconds
274.440: [GC (Allocation Failure)  445894K->124200K(1035264K), 0.0037342 secs]
274.444: Total time for which application threads were stopped: 0.0038937 seconds, Stopping threads took: 0.0000259 seconds
274.511: [GC (Allocation Failure)  447272K->124136K(1036288K), 0.0042635 secs]
274.516: Total time for which application threads were stopped: 0.0044320 seconds, Stopping threads took: 0.0000194 seconds
274.584: [GC (Allocation Failure)  448232K->129606K(1035776K), 0.0063821 secs]
274.590: Total time for which application threads were stopped: 0.0065519 seconds, Stopping threads took: 0.0000200 seconds
274.658: [GC (Allocation Failure)  453702K->125416K(1033728K), 0.0039931 secs]
274.663: Total time for which application threads were stopped: 0.0041719 seconds, Stopping threads took: 0.0000279 seconds
274.730: [GC (Allocation Failure)  446952K->125416K(1034752K), 0.0038354 secs]
274.734: Total time for which application threads were stopped: 0.0040161 seconds, Stopping threads took: 0.0000200 seconds
274.800: [GC (Allocation Failure)  446952K->118278K(1034240K), 0.0010972 secs]
274.801: Total time for which application threads were stopped: 0.0012370 seconds, Stopping threads took: 0.0000204 seconds
274.869: [GC (Allocation Failure)  439814K->125616K(1034752K), 0.0059609 secs]
274.875: Total time for which application threads were stopped: 0.0061529 seconds, Stopping threads took: 0.0000207 seconds
274.943: [GC (Allocation Failure)  447152K->129560K(1035264K), 0.0050134 secs]
274.949: Total time for which application threads were stopped: 0.0051968 seconds, Stopping threads took: 0.0000223 seconds
275.016: [GC (Allocation Failure)  452120K->124694K(1035264K), 0.0058343 secs]
275.022: Total time for which application threads were stopped: 0.0059918 seconds, Stopping threads took: 0.0000214 seconds
275.092: [GC (Allocation Failure)  447254K->129744K(1035776K), 0.0040205 secs]
275.096: Total time for which application threads were stopped: 0.0041831 seconds, Stopping threads took: 0.0000205 seconds
275.164: [GC (Allocation Failure)  452816K->133672K(1035264K), 0.0040150 secs]
275.168: Total time for which application threads were stopped: 0.0041926 seconds, Stopping threads took: 0.0000202 seconds
275.236: [GC (Allocation Failure)  456744K->133704K(1035776K), 0.0036560 secs]
275.240: Total time for which application threads were stopped: 0.0038369 seconds, Stopping threads took: 0.0000173 seconds
275.308: [GC (Allocation Failure)  457288K->133832K(1023488K), 0.0040141 secs]
275.312: Total time for which application threads were stopped: 0.0041760 seconds, Stopping threads took: 0.0000197 seconds
275.380: [GC (Allocation Failure)  457416K->141771K(1035264K), 0.0039053 secs]
275.384: Total time for which application threads were stopped: 0.0040656 seconds, Stopping threads took: 0.0000191 seconds
275.451: [GC (Allocation Failure)  464331K->141739K(1035264K), 0.0038742 secs]
275.455: Total time for which application threads were stopped: 0.0040543 seconds, Stopping threads took: 0.0000291 seconds
275.522: [GC (Allocation Failure)  464299K->141835K(1034240K), 0.0040250 secs]
275.526: Total time for which application threads were stopped: 0.0041835 seconds, Stopping threads took: 0.0000201 seconds
275.596: [GC (Allocation Failure)  463371K->149773K(1034752K), 0.0037912 secs]
275.599: Total time for which application threads were stopped: 0.0039547 seconds, Stopping threads took: 0.0000204 seconds
275.665: [GC (Allocation Failure)  471309K->149741K(1034752K), 0.0040351 secs]
275.670: Total time for which application threads were stopped: 0.0042215 seconds, Stopping threads took: 0.0000200 seconds
275.737: [GC (Allocation Failure)  471277K->150053K(1021440K), 0.0040570 secs]
275.741: Total time for which application threads were stopped: 0.0042181 seconds, Stopping threads took: 0.0000198 seconds
275.809: [GC (Allocation Failure)  471589K->157799K(1034240K), 0.0040915 secs]
275.813: Total time for which application threads were stopped: 0.0042857 seconds, Stopping threads took: 0.0000198 seconds
275.881: [GC (Allocation Failure)  478311K->157767K(1034240K), 0.0039161 secs]
275.885: Total time for which application threads were stopped: 0.0040819 seconds, Stopping threads took: 0.0000195 seconds
275.952: [GC (Allocation Failure)  478279K->158279K(1034240K), 0.0040544 secs]
275.956: Total time for which application threads were stopped: 0.0042209 seconds, Stopping threads took: 0.0000195 seconds
276.023: [GC (Allocation Failure)  478791K->165769K(1034240K), 0.0040513 secs]
276.027: Total time for which application threads were stopped: 0.0042109 seconds, Stopping threads took: 0.0000194 seconds
276.096: [GC (Allocation Failure)  486281K->165801K(1034240K), 0.0040372 secs]
276.100: Total time for which application threads were stopped: 0.0042149 seconds, Stopping threads took: 0.0000199 seconds
276.166: [GC (Allocation Failure)  486313K->166025K(1034240K), 0.0039846 secs]
276.170: Total time for which application threads were stopped: 0.0041538 seconds, Stopping threads took: 0.0000197 seconds
276.238: [GC (Allocation Failure)  486537K->173836K(1033216K), 0.0040992 secs]
276.242: Total time for which application threads were stopped: 0.0042727 seconds, Stopping threads took: 0.0000204 seconds
276.308: [GC (Allocation Failure)  493324K->173868K(1033728K), 0.0038714 secs]
276.312: Total time for which application threads were stopped: 0.0040598 seconds, Stopping threads took: 0.0000219 seconds
276.380: [GC (Allocation Failure)  493356K->173996K(1033728K), 0.0041599 secs]
276.385: Total time for which application threads were stopped: 0.0043528 seconds, Stopping threads took: 0.0000205 seconds
276.453: [GC (Allocation Failure)  493484K->181870K(1033728K), 0.0039294 secs]
276.457: Total time for which application threads were stopped: 0.0041104 seconds, Stopping threads took: 0.0000281 seconds
276.522: [GC (Allocation Failure)  501358K->177964K(1034240K), 0.0029013 secs]
276.525: Total time for which application threads were stopped: 0.0030670 seconds, Stopping threads took: 0.0000196 seconds
276.593: [GC (Allocation Failure)  497964K->182022K(1033728K), 0.0041643 secs]
276.597: Total time for which application threads were stopped: 0.0043316 seconds, Stopping threads took: 0.0000210 seconds
276.664: [GC (Allocation Failure)  502022K->185990K(1034752K), 0.0039212 secs]
276.668: Total time for which application threads were stopped: 0.0040868 seconds, Stopping threads took: 0.0000204 seconds
276.735: [GC (Allocation Failure)  507526K->180260K(1034752K), 0.0018892 secs]
276.737: Total time for which application threads were stopped: 0.0020346 seconds, Stopping threads took: 0.0000205 seconds
276.807: [GC (Allocation Failure)  501796K->186030K(1035776K), 0.0041264 secs]
276.811: Total time for which application threads were stopped: 0.0043057 seconds, Stopping threads took: 0.0000219 seconds
276.879: [GC (Allocation Failure)  508590K->190110K(1034752K), 0.0042644 secs]
276.883: Total time for which application threads were stopped: 0.0044227 seconds, Stopping threads took: 0.0000192 seconds
276.949: [GC (Allocation Failure)  512408K->186268K(1035776K), 0.0029696 secs]
276.952: Total time for which application threads were stopped: 0.0031441 seconds, Stopping threads took: 0.0000202 seconds
277.022: [GC (Allocation Failure)  509340K->190302K(1035264K), 0.0040086 secs]
277.026: Total time for which application threads were stopped: 0.0042272 seconds, Stopping threads took: 0.0000279 seconds
277.097: [GC (Allocation Failure)  513374K->194238K(1035264K), 0.0040805 secs]
277.101: Total time for which application threads were stopped: 0.0042430 seconds, Stopping threads took: 0.0000197 seconds
277.169: [GC (Allocation Failure)  517822K->194302K(1035776K), 0.0040156 secs]
277.173: Total time for which application threads were stopped: 0.0041850 seconds, Stopping threads took: 0.0000194 seconds
277.240: [GC (Allocation Failure)  517886K->194342K(1034752K), 0.0041745 secs]
277.245: Total time for which application threads were stopped: 0.0043310 seconds, Stopping threads took: 0.0000191 seconds
277.312: [GC (Allocation Failure)  516902K->202312K(1035264K), 0.0039902 secs]
277.316: Total time for which application threads were stopped: 0.0041826 seconds, Stopping threads took: 0.0000200 seconds
277.384: [GC (Allocation Failure)  524872K->202312K(1034240K), 0.0038949 secs]
277.388: Total time for which application threads were stopped: 0.0040430 seconds, Stopping threads took: 0.0000173 seconds
277.455: [GC (Allocation Failure)  523848K->202376K(1034752K), 0.0040897 secs]
277.459: Total time for which application threads were stopped: 0.0042728 seconds, Stopping threads took: 0.0000268 seconds
277.525: [GC (Allocation Failure)  523912K->210347K(1034752K), 0.0042580 secs]
277.529: Total time for which application threads were stopped: 0.0044285 seconds, Stopping threads took: 0.0000202 seconds
277.596: [GC (Allocation Failure)  531883K->210379K(1029120K), 0.0041206 secs]
277.600: Total time for which application threads were stopped: 0.0042798 seconds, Stopping threads took: 0.0000196 seconds
277.668: [GC (Allocation Failure)  531915K->210603K(1034240K), 0.0043822 secs]
277.672: Total time for which application threads were stopped: 0.0045565 seconds, Stopping threads took: 0.0000207 seconds
277.740: [GC (Allocation Failure)  531115K->218381K(1034240K), 0.0040410 secs]
277.744: Total time for which application threads were stopped: 0.0042009 seconds, Stopping threads took: 0.0000199 seconds
277.812: [GC (Allocation Failure)  538893K->218381K(1034240K), 0.0041555 secs]
277.816: Total time for which application threads were stopped: 0.0043461 seconds, Stopping threads took: 0.0000190 seconds
277.884: [GC (Allocation Failure)  538893K->218797K(1034240K), 0.0042033 secs]
277.888: Total time for which application threads were stopped: 0.0043783 seconds, Stopping threads took: 0.0000192 seconds
277.954: [GC (Allocation Failure)  539309K->226415K(1033216K), 0.0041783 secs]
277.958: Total time for which application threads were stopped: 0.0043695 seconds, Stopping threads took: 0.0000188 seconds
278.027: [GC (Allocation Failure)  545903K->226415K(1033728K), 0.0039816 secs]
278.031: Total time for which application threads were stopped: 0.0041285 seconds, Stopping threads took: 0.0000171 seconds
278.096: [GC (Allocation Failure)  545903K->226535K(1033728K), 0.0042479 secs]
278.100: Total time for which application threads were stopped: 0.0043981 seconds, Stopping threads took: 0.0000174 seconds
278.167: [GC (Allocation Failure)  546023K->234441K(1033728K), 0.0041567 secs]
278.172: Total time for which application threads were stopped: 0.0043251 seconds, Stopping threads took: 0.0000192 seconds
278.239: [GC (Allocation Failure)  553929K->234441K(1033728K), 0.0039417 secs]
278.243: Total time for which application threads were stopped: 0.0041116 seconds, Stopping threads took: 0.0000200 seconds
278.309: [GC (Allocation Failure)  553929K->234505K(1033728K), 0.0039931 secs]
278.313: Total time for which application threads were stopped: 0.0041581 seconds, Stopping threads took: 0.0000201 seconds
278.379: [GC (Allocation Failure)  553993K->242476K(1032704K), 0.0039671 secs]
278.383: Total time for which application threads were stopped: 0.0041357 seconds, Stopping threads took: 0.0000203 seconds
278.450: [GC (Allocation Failure)  560940K->236905K(1033216K), 0.0020028 secs]
278.452: Total time for which application threads were stopped: 0.0021683 seconds, Stopping threads took: 0.0000281 seconds
278.521: [GC (Allocation Failure)  555369K->242732K(1034752K), 0.0041696 secs]
278.525: Total time for which application threads were stopped: 0.0043221 seconds, Stopping threads took: 0.0000171 seconds
278.593: [GC (Allocation Failure)  563244K->246620K(1033728K), 0.0043044 secs]
278.597: Total time for which application threads were stopped: 0.0044781 seconds, Stopping threads took: 0.0000210 seconds
278.664: [GC (Allocation Failure)  567132K->253513K(1029120K), 0.0071467 secs]
278.671: Total time for which application threads were stopped: 0.0073567 seconds, Stopping threads took: 0.0000202 seconds
278.740: [GC (Allocation Failure)  568905K->247436K(1031680K), 0.0041955 secs]
278.744: Total time for which application threads were stopped: 0.0043679 seconds, Stopping threads took: 0.0000198 seconds
278.809: [GC (Allocation Failure)  562828K->247244K(1032704K), 0.0042298 secs]
278.813: Total time for which application threads were stopped: 0.0043994 seconds, Stopping threads took: 0.0000203 seconds
278.878: [GC (Allocation Failure)  564172K->250636K(1032192K), 0.0049475 secs]
278.883: Total time for which application threads were stopped: 0.0051130 seconds, Stopping threads took: 0.0000213 seconds
278.952: [GC (Allocation Failure)  567564K->255406K(1033216K), 0.0041512 secs]
278.956: Total time for which application threads were stopped: 0.0043526 seconds, Stopping threads took: 0.0000212 seconds
279.024: [GC (Allocation Failure)  573358K->255278K(1032704K), 0.0042926 secs]
279.028: Total time for which application threads were stopped: 0.0044648 seconds, Stopping threads took: 0.0000203 seconds
279.095: [GC (Allocation Failure)  573230K->256302K(1033216K), 0.0041753 secs]
279.100: Total time for which application threads were stopped: 0.0043688 seconds, Stopping threads took: 0.0000200 seconds
279.170: [GC (Allocation Failure)  574766K->263312K(1033216K), 0.0041804 secs]
279.174: Total time for which application threads were stopped: 0.0043554 seconds, Stopping threads took: 0.0000171 seconds
279.241: [GC (Allocation Failure)  581776K->263312K(1033728K), 0.0042946 secs]
279.245: Total time for which application threads were stopped: 0.0044736 seconds, Stopping threads took: 0.0000216 seconds
279.312: [GC (Allocation Failure)  582288K->265000K(1033216K), 0.0045435 secs]
279.317: Total time for which application threads were stopped: 0.0047135 seconds, Stopping threads took: 0.0000193 seconds
279.384: [GC (Allocation Failure)  583976K->271434K(1033728K), 0.0041893 secs]
279.389: Total time for which application threads were stopped: 0.0043533 seconds, Stopping threads took: 0.0000209 seconds
279.456: [GC (Allocation Failure)  590922K->271338K(1033728K), 0.0041859 secs]
279.460: Total time for which application threads were stopped: 0.0043674 seconds, Stopping threads took: 0.0000291 seconds
279.527: [GC (Allocation Failure)  590826K->271690K(1033728K), 0.0042458 secs]
279.531: Total time for which application threads were stopped: 0.0044280 seconds, Stopping threads took: 0.0000254 seconds
279.598: [GC (Allocation Failure)  591178K->279405K(1033728K), 0.0043920 secs]
279.603: Total time for which application threads were stopped: 0.0045749 seconds, Stopping threads took: 0.0000199 seconds
279.670: [GC (Allocation Failure)  598893K->279405K(1033728K), 0.0039913 secs]
279.674: Total time for which application threads were stopped: 0.0041543 seconds, Stopping threads took: 0.0000208 seconds
279.740: [GC (Allocation Failure)  598893K->282989K(1033728K), 0.0049861 secs]
279.746: Total time for which application threads were stopped: 0.0051571 seconds, Stopping threads took: 0.0000205 seconds
279.814: [GC (Allocation Failure)  602477K->287503K(1034240K), 0.0044222 secs]
279.818: Total time for which application threads were stopped: 0.0045954 seconds, Stopping threads took: 0.0000200 seconds
279.885: [GC (Allocation Failure)  608015K->287407K(1034240K), 0.0071164 secs]
279.893: Total time for which application threads were stopped: 0.0073339 seconds, Stopping threads took: 0.0000203 seconds
279.960: [GC (Allocation Failure)  607919K->288135K(1034240K), 0.0044153 secs]
279.965: Total time for which application threads were stopped: 0.0045833 seconds, Stopping threads took: 0.0000255 seconds
280.034: [GC (Allocation Failure)  608647K->295465K(1034240K), 0.0040727 secs]
280.038: Total time for which application threads were stopped: 0.0042358 seconds, Stopping threads took: 0.0000199 seconds
280.106: [GC (Allocation Failure)  615977K->295433K(1034240K), 0.0042113 secs]
280.110: Total time for which application threads were stopped: 0.0043840 seconds, Stopping threads took: 0.0000205 seconds
280.178: [GC (Allocation Failure)  615945K->296425K(1034240K), 0.0042922 secs]
280.183: Total time for which application threads were stopped: 0.0044595 seconds, Stopping threads took: 0.0000213 seconds
280.251: [GC (Allocation Failure)  616937K->303499K(1034240K), 0.0044567 secs]
280.255: Total time for which application threads were stopped: 0.0046184 seconds, Stopping threads took: 0.0000202 seconds
280.323: [GC (Allocation Failure)  624011K->303467K(1034240K), 0.0043475 secs]
280.328: Total time for which application threads were stopped: 0.0045181 seconds, Stopping threads took: 0.0000197 seconds
280.395: [GC (Allocation Failure)  623979K->304611K(1034240K), 0.0045191 secs]
280.399: Total time for which application threads were stopped: 0.0047154 seconds, Stopping threads took: 0.0000205 seconds
280.469: [GC (Allocation Failure)  625123K->311558K(1034240K), 0.0042707 secs]
280.473: Total time for which application threads were stopped: 0.0044538 seconds, Stopping threads took: 0.0000192 seconds
280.542: [GC (Allocation Failure)  632070K->311494K(1034240K), 0.0043071 secs]
280.546: Total time for which application threads were stopped: 0.0044576 seconds, Stopping threads took: 0.0000171 seconds
280.613: [GC (Allocation Failure)  632006K->311814K(1020416K), 0.0042991 secs]
280.617: Total time for which application threads were stopped: 0.0044943 seconds, Stopping threads took: 0.0000198 seconds
280.686: [GC (Allocation Failure)  632326K->319560K(1033728K), 0.0043798 secs]
280.691: Total time for which application threads were stopped: 0.0045646 seconds, Stopping threads took: 0.0000171 seconds
280.760: [GC (Allocation Failure)  639048K->319528K(1033728K), 0.0043623 secs]
280.764: Total time for which application threads were stopped: 0.0045253 seconds, Stopping threads took: 0.0000173 seconds
280.831: [GC (Allocation Failure)  639016K->320040K(1033728K), 0.0042958 secs]
280.836: Total time for which application threads were stopped: 0.0044675 seconds, Stopping threads took: 0.0000193 seconds
280.904: [GC (Allocation Failure)  639528K->327658K(1033728K), 0.0043891 secs]
280.909: Total time for which application threads were stopped: 0.0045577 seconds, Stopping threads took: 0.0000191 seconds
280.975: [GC (Allocation Failure)  647146K->327594K(1033728K), 0.0041152 secs]
280.980: Total time for which application threads were stopped: 0.0042739 seconds, Stopping threads took: 0.0000198 seconds
281.046: [GC (Allocation Failure)  647082K->328290K(1033728K), 0.0052828 secs]
281.051: Total time for which application threads were stopped: 0.0054412 seconds, Stopping threads took: 0.0000247 seconds
281.119: [GC (Allocation Failure)  647778K->335589K(1033728K), 0.0044197 secs]
281.124: Total time for which application threads were stopped: 0.0045865 seconds, Stopping threads took: 0.0000188 seconds
281.190: [GC (Allocation Failure)  655077K->335589K(1033728K), 0.0042050 secs]
281.195: Total time for which application threads were stopped: 0.0043736 seconds, Stopping threads took: 0.0000192 seconds
281.260: [GC (Allocation Failure)  655077K->337581K(1033728K), 0.0046550 secs]
281.265: Total time for which application threads were stopped: 0.0048259 seconds, Stopping threads took: 0.0000198 seconds
281.333: [GC (Allocation Failure)  657069K->343631K(1033728K), 0.0043412 secs]
281.337: Total time for which application threads were stopped: 0.0045118 seconds, Stopping threads took: 0.0000209 seconds
281.404: [GC (Allocation Failure)  663119K->343663K(1033728K), 0.0042096 secs]
281.408: Total time for which application threads were stopped: 0.0043815 seconds, Stopping threads took: 0.0000205 seconds
281.476: [GC (Allocation Failure)  663151K->344743K(1033728K), 0.0044049 secs]
281.480: Total time for which application threads were stopped: 0.0045698 seconds, Stopping threads took: 0.0000203 seconds
281.548: [GC (Allocation Failure)  664231K->351689K(1033728K), 0.0044619 secs]
281.552: Total time for which application threads were stopped: 0.0046274 seconds, Stopping threads took: 0.0000204 seconds
281.619: [GC (Allocation Failure)  671177K->351657K(1033728K), 0.0042606 secs]
281.624: Total time for which application threads were stopped: 0.0044230 seconds, Stopping threads took: 0.0000204 seconds
281.690: [GC (Allocation Failure)  671145K->351977K(1033728K), 0.0043373 secs]
281.694: Total time for which application threads were stopped: 0.0045333 seconds, Stopping threads took: 0.0000210 seconds
281.763: [GC (Allocation Failure)  671465K->359723K(1033728K), 0.0043237 secs]
281.768: Total time for which application threads were stopped: 0.0044871 seconds, Stopping threads took: 0.0000200 seconds
281.835: [GC (Allocation Failure)  679211K->359691K(1033728K), 0.0043449 secs]
281.839: Total time for which application threads were stopped: 0.0045067 seconds, Stopping threads took: 0.0000198 seconds
281.906: [GC (Allocation Failure)  679179K->360235K(1033728K), 0.0065898 secs]
281.912: Total time for which application threads were stopped: 0.0067846 seconds, Stopping threads took: 0.0000353 seconds
281.980: [GC (Allocation Failure)  679723K->367758K(1033728K), 0.0045272 secs]
281.985: Total time for which application threads were stopped: 0.0047036 seconds, Stopping threads took: 0.0000201 seconds
282.052: [GC (Allocation Failure)  687246K->367726K(1033728K), 0.0044374 secs]
282.057: Total time for which application threads were stopped: 0.0046528 seconds, Stopping threads took: 0.0000259 seconds
282.123: [GC (Allocation Failure)  687214K->368454K(1033728K), 0.0045365 secs]
282.128: Total time for which application threads were stopped: 0.0046966 seconds, Stopping threads took: 0.0000193 seconds
282.195: [GC (Allocation Failure)  687942K->375752K(1033728K), 0.0043685 secs]
282.199: Total time for which application threads were stopped: 0.0045280 seconds, Stopping threads took: 0.0000192 seconds
282.268: [GC (Allocation Failure)  695240K->375752K(1033728K), 0.0044520 secs]
282.272: Total time for which application threads were stopped: 0.0046121 seconds, Stopping threads took: 0.0000195 seconds
282.339: [GC (Allocation Failure)  695240K->376680K(1033728K), 0.0044862 secs]
282.344: Total time for which application threads were stopped: 0.0046457 seconds, Stopping threads took: 0.0000187 seconds
282.411: [GC (Allocation Failure)  696168K->383754K(1033728K), 0.0042658 secs]
282.415: Total time for which application threads were stopped: 0.0044382 seconds, Stopping threads took: 0.0000192 seconds
282.482: [GC (Allocation Failure)  703242K->383754K(1033728K), 0.0042876 secs]
282.487: Total time for which application threads were stopped: 0.0044487 seconds, Stopping threads took: 0.0000197 seconds
282.553: [GC (Allocation Failure)  703242K->383914K(1033728K), 0.0045691 secs]
282.557: Total time for which application threads were stopped: 0.0047310 seconds, Stopping threads took: 0.0000208 seconds
282.625: [GC (Allocation Failure)  703402K->391820K(1027072K), 0.0043027 secs]
282.629: Total time for which application threads were stopped: 0.0044698 seconds, Stopping threads took: 0.0000199 seconds
282.695: [GC (Allocation Failure)  711308K->391820K(1033728K), 0.0046802 secs]
282.700: Total time for which application threads were stopped: 0.0048494 seconds, Stopping threads took: 0.0000188 seconds
282.765: [GC (Allocation Failure)  710796K->392652K(1033216K), 0.0044398 secs]
282.769: Total time for which application threads were stopped: 0.0046138 seconds, Stopping threads took: 0.0000192 seconds
282.838: [GC (Allocation Failure)  711628K->399887K(1032704K), 0.0046275 secs]
282.842: Total time for which application threads were stopped: 0.0048130 seconds, Stopping threads took: 0.0000351 seconds
282.908: [GC (Allocation Failure)  718351K->399887K(1033216K), 0.0044703 secs]
282.912: Total time for which application threads were stopped: 0.0046333 seconds, Stopping threads took: 0.0000205 seconds
282.976: [GC (Allocation Failure)  718351K->400367K(1033216K), 0.0045928 secs]
282.981: Total time for which application threads were stopped: 0.0047731 seconds, Stopping threads took: 0.0000196 seconds
283.049: [GC (Allocation Failure)  718831K->407857K(1033216K), 0.0074900 secs]
283.057: Total time for which application threads were stopped: 0.0076860 seconds, Stopping threads took: 0.0000242 seconds
283.123: [GC (Allocation Failure)  726321K->407889K(1033216K), 0.0044143 secs]
283.127: Total time for which application threads were stopped: 0.0045753 seconds, Stopping threads took: 0.0000188 seconds
283.192: [GC (Allocation Failure)  726353K->408105K(1033216K), 0.0044454 secs]
283.196: Total time for which application threads were stopped: 0.0046066 seconds, Stopping threads took: 0.0000205 seconds
283.263: [GC (Allocation Failure)  726569K->415915K(1033216K), 0.0046146 secs]
283.268: Total time for which application threads were stopped: 0.0047903 seconds, Stopping threads took: 0.0000217 seconds
283.336: [GC (Allocation Failure)  734379K->415947K(1033216K), 0.0046397 secs]
283.341: Total time for which application threads were stopped: 0.0048313 seconds, Stopping threads took: 0.0000218 seconds
283.405: [GC (Allocation Failure)  734411K->416075K(1033216K), 0.0045087 secs]
283.410: Total time for which application threads were stopped: 0.0046677 seconds, Stopping threads took: 0.0000197 seconds
283.477: [GC (Allocation Failure)  734539K->423981K(1033216K), 0.0045250 secs]
283.482: Total time for which application threads were stopped: 0.0047042 seconds, Stopping threads took: 0.0000200 seconds
283.549: [GC (Allocation Failure)  742445K->423949K(1033216K), 0.0043488 secs]
283.553: Total time for which application threads were stopped: 0.0045171 seconds, Stopping threads took: 0.0000199 seconds
283.617: [GC (Allocation Failure)  742413K->424013K(1033216K), 0.0046321 secs]
283.622: Total time for which application threads were stopped: 0.0048001 seconds, Stopping threads took: 0.0000197 seconds
283.688: [GC (Allocation Failure)  742477K->432016K(1033216K), 0.0043257 secs]
283.693: Total time for which application threads were stopped: 0.0044999 seconds, Stopping threads took: 0.0000196 seconds
283.758: [GC (Allocation Failure)  750480K->431984K(1033216K), 0.0046298 secs]
283.763: Total time for which application threads were stopped: 0.0048031 seconds, Stopping threads took: 0.0000205 seconds
283.829: [GC (Allocation Failure)  750448K->432296K(1033216K), 0.0045759 secs]
283.833: Total time for which application threads were stopped: 0.0047575 seconds, Stopping threads took: 0.0000207 seconds
283.900: [GC (Allocation Failure)  750760K->440042K(1033216K), 0.0047530 secs]
283.905: Total time for which application threads were stopped: 0.0049181 seconds, Stopping threads took: 0.0000210 seconds
283.970: [GC (Allocation Failure)  758506K->440042K(1033216K), 0.0063382 secs]
283.977: Total time for which application threads were stopped: 0.0065049 seconds, Stopping threads took: 0.0000263 seconds
284.042: [GC (Allocation Failure)  758506K->440258K(1033216K), 0.0099244 secs]
284.052: Total time for which application threads were stopped: 0.0100693 seconds, Stopping threads took: 0.0000193 seconds
284.120: [GC (Allocation Failure)  758722K->448036K(1033216K), 0.0045157 secs]
284.125: Total time for which application threads were stopped: 0.0046985 seconds, Stopping threads took: 0.0000169 seconds
284.191: [GC (Allocation Failure)  766500K->444130K(1033216K), 0.0035188 secs]
284.195: Total time for which application threads were stopped: 0.0036678 seconds, Stopping threads took: 0.0000177 seconds
284.262: [GC (Allocation Failure)  762594K->448196K(1034752K), 0.0049634 secs]
284.267: Total time for which application threads were stopped: 0.0051402 seconds, Stopping threads took: 0.0000292 seconds
284.335: [GC (Allocation Failure)  768708K->452196K(1033728K), 0.0046146 secs]
284.340: Total time for which application threads were stopped: 0.0047864 seconds, Stopping threads took: 0.0000200 seconds
284.407: [GC (Allocation Failure)  772708K->444322K(1034240K), 0.0015518 secs]
284.408: Total time for which application threads were stopped: 0.0016810 seconds, Stopping threads took: 0.0000197 seconds
284.476: [GC (Allocation Failure)  764834K->452228K(1034240K), 0.0045196 secs]
284.480: Total time for which application threads were stopped: 0.0046997 seconds, Stopping threads took: 0.0000282 seconds
284.547: [GC (Allocation Failure)  772740K->456308K(1033216K), 0.0060011 secs]
284.554: Total time for which application threads were stopped: 0.0061836 seconds, Stopping threads took: 0.0000205 seconds
284.621: [GC (Allocation Failure)  775796K->462034K(1032704K), 0.0069617 secs]
284.628: Total time for which application threads were stopped: 0.0071316 seconds, Stopping threads took: 0.0000194 seconds
284.695: [GC (Allocation Failure)  781522K->456596K(1031680K), 0.0047932 secs]
284.699: Total time for which application threads were stopped: 0.0049668 seconds, Stopping threads took: 0.0000203 seconds
284.765: [GC (Allocation Failure)  773012K->456308K(1032192K), 0.0045503 secs]
284.770: Total time for which application threads were stopped: 0.0047213 seconds, Stopping threads took: 0.0000208 seconds
284.835: [GC (Allocation Failure)  772724K->450994K(1032704K), 0.0026167 secs]
284.838: Total time for which application threads were stopped: 0.0027703 seconds, Stopping threads took: 0.0000201 seconds
284.905: [GC (Allocation Failure)  768434K->456468K(1032704K), 0.0045497 secs]
284.910: Total time for which application threads were stopped: 0.0047106 seconds, Stopping threads took: 0.0000194 seconds
284.977: [GC (Allocation Failure)  773908K->456340K(1033216K), 0.0047035 secs]
284.981: Total time for which application threads were stopped: 0.0048675 seconds, Stopping threads took: 0.0000213 seconds
285.049: [GC (Allocation Failure)  774292K->456620K(1032704K), 0.0044332 secs]
285.054: Total time for which application threads were stopped: 0.0046162 seconds, Stopping threads took: 0.0000240 seconds
285.121: [GC (Allocation Failure)  774572K->464463K(1033216K), 0.0045744 secs]
285.126: Total time for which application threads were stopped: 0.0047519 seconds, Stopping threads took: 0.0000200 seconds
285.195: [GC (Allocation Failure)  782927K->464335K(1033216K), 0.0043906 secs]
285.199: Total time for which application threads were stopped: 0.0045505 seconds, Stopping threads took: 0.0000200 seconds
285.265: [GC (Allocation Failure)  782799K->468455K(1033728K), 0.0054379 secs]
285.271: Total time for which application threads were stopped: 0.0056276 seconds, Stopping threads took: 0.0000218 seconds
285.338: [GC (Allocation Failure)  787431K->472425K(1033216K), 0.0046161 secs]
285.343: Total time for which application threads were stopped: 0.0047968 seconds, Stopping threads took: 0.0000265 seconds
285.411: [GC (Allocation Failure)  791401K->472361K(1034240K), 0.0047138 secs]
285.416: Total time for which application threads were stopped: 0.0048969 seconds, Stopping threads took: 0.0000202 seconds
285.482: [GC (Allocation Failure)  792361K->475177K(1033728K), 0.0050285 secs]
285.487: Total time for which application threads were stopped: 0.0051928 seconds, Stopping threads took: 0.0000207 seconds
285.554: [GC (Allocation Failure)  795177K->480427K(1034240K), 0.0044003 secs]
285.558: Total time for which application threads were stopped: 0.0045935 seconds, Stopping threads took: 0.0000196 seconds
285.627: [GC (Allocation Failure)  800939K->480363K(1034240K), 0.0044395 secs]
285.632: Total time for which application threads were stopped: 0.0045894 seconds, Stopping threads took: 0.0000171 seconds
285.700: [GC (Allocation Failure)  800875K->480843K(1033728K), 0.0047589 secs]
285.705: Total time for which application threads were stopped: 0.0049215 seconds, Stopping threads took: 0.0000192 seconds
285.773: [GC (Allocation Failure)  801355K->488461K(1034240K), 0.0046800 secs]
285.778: Total time for which application threads were stopped: 0.0048776 seconds, Stopping threads took: 0.0000206 seconds
285.846: [GC (Allocation Failure)  808973K->488429K(1034240K), 0.0044401 secs]
285.850: Total time for which application threads were stopped: 0.0046322 seconds, Stopping threads took: 0.0000362 seconds
285.917: [GC (Allocation Failure)  808941K->491117K(1034240K), 0.0049914 secs]
285.922: Total time for which application threads were stopped: 0.0051629 seconds, Stopping threads took: 0.0000265 seconds
285.990: [GC (Allocation Failure)  811629K->496496K(1034240K), 0.0047003 secs]
285.995: Total time for which application threads were stopped: 0.0048659 seconds, Stopping threads took: 0.0000192 seconds
286.065: [GC (Allocation Failure)  817008K->496464K(1034240K), 0.0066823 secs]
286.072: Total time for which application threads were stopped: 0.0068455 seconds, Stopping threads took: 0.0000258 seconds
286.138: [GC (Allocation Failure)  816976K->497288K(1033728K), 0.0044906 secs]
286.143: Total time for which application threads were stopped: 0.0046830 seconds, Stopping threads took: 0.0000189 seconds
286.212: [GC (Allocation Failure)  817800K->504618K(1034240K), 0.0045848 secs]
286.217: Total time for which application threads were stopped: 0.0047347 seconds, Stopping threads took: 0.0000169 seconds
286.284: [GC (Allocation Failure)  825130K->504522K(1034240K), 0.0047974 secs]
286.289: Total time for which application threads were stopped: 0.0049781 seconds, Stopping threads took: 0.0000201 seconds
286.356: [GC (Allocation Failure)  825034K->507562K(1034240K), 0.0052518 secs]
286.361: Total time for which application threads were stopped: 0.0054444 seconds, Stopping threads took: 0.0000200 seconds
286.431: [GC (Allocation Failure)  828074K->512620K(1034752K), 0.0043879 secs]
286.435: Total time for which application threads were stopped: 0.0045638 seconds, Stopping threads took: 0.0000260 seconds
286.503: [GC (Allocation Failure)  834156K->512524K(1034752K), 0.0044957 secs]
286.508: Total time for which application threads were stopped: 0.0046638 seconds, Stopping threads took: 0.0000280 seconds
286.573: [GC (Allocation Failure)  834060K->515844K(1034752K), 0.0055390 secs]
286.579: Total time for which application threads were stopped: 0.0057169 seconds, Stopping threads took: 0.0000269 seconds
286.647: [GC (Allocation Failure)  837380K->520582K(1034752K), 0.0047615 secs]
286.652: Total time for which application threads were stopped: 0.0049317 seconds, Stopping threads took: 0.0000207 seconds
286.719: [GC (Allocation Failure)  842118K->520550K(1034752K), 0.0064197 secs]
286.725: Total time for which application threads were stopped: 0.0065913 seconds, Stopping threads took: 0.0000204 seconds
286.791: [GC (Allocation Failure)  842086K->520966K(1034752K), 0.0046568 secs]
286.796: Total time for which application threads were stopped: 0.0048096 seconds, Stopping threads took: 0.0000197 seconds
286.864: [GC (Allocation Failure)  842502K->528617K(1034752K), 0.0062441 secs]
286.870: Total time for which application threads were stopped: 0.0064037 seconds, Stopping threads took: 0.0000200 seconds
286.939: [GC (Allocation Failure)  850153K->528617K(1034752K), 0.0046547 secs]
286.944: Total time for which application threads were stopped: 0.0048203 seconds, Stopping threads took: 0.0000251 seconds
287.009: [GC (Allocation Failure)  850153K->530249K(1034752K), 0.0046870 secs]
287.014: Total time for which application threads were stopped: 0.0048531 seconds, Stopping threads took: 0.0000257 seconds
287.084: [GC (Allocation Failure)  851785K->536651K(1029120K), 0.0046719 secs]
287.088: Total time for which application threads were stopped: 0.0048232 seconds, Stopping threads took: 0.0000175 seconds
287.155: [GC (Allocation Failure)  858187K->536619K(1034240K), 0.0048928 secs]
287.160: Total time for which application threads were stopped: 0.0050987 seconds, Stopping threads took: 0.0000204 seconds
287.226: [GC (Allocation Failure)  857131K->538467K(1034240K), 0.0049592 secs]
287.231: Total time for which application threads were stopped: 0.0051402 seconds, Stopping threads took: 0.0000285 seconds
287.299: [GC (Allocation Failure)  858979K->544741K(1033728K), 0.0045504 secs]
287.304: Total time for which application threads were stopped: 0.0047226 seconds, Stopping threads took: 0.0000205 seconds
287.372: [GC (Allocation Failure)  865253K->544645K(1034240K), 0.0053624 secs]
287.378: Total time for which application threads were stopped: 0.0055288 seconds, Stopping threads took: 0.0000199 seconds
287.445: [GC (Allocation Failure)  865157K->548717K(1034752K), 0.0057116 secs]
287.451: Total time for which application threads were stopped: 0.0058823 seconds, Stopping threads took: 0.0000192 seconds
287.518: [GC (Allocation Failure)  869741K->552719K(1034240K), 0.0047518 secs]
287.523: Total time for which application threads were stopped: 0.0049315 seconds, Stopping threads took: 0.0000197 seconds
287.591: [GC (Allocation Failure)  873743K->552687K(1034752K), 0.0045498 secs]
287.596: Total time for which application threads were stopped: 0.0047090 seconds, Stopping threads took: 0.0000198 seconds
287.663: [GC (Allocation Failure)  874223K->552903K(1034752K), 0.0047282 secs]
287.667: Total time for which application threads were stopped: 0.0048986 seconds, Stopping threads took: 0.0000192 seconds
287.735: [GC (Allocation Failure)  874439K->560746K(1033728K), 0.0045904 secs]
287.740: Total time for which application threads were stopped: 0.0047503 seconds, Stopping threads took: 0.0000197 seconds
287.807: [GC (Allocation Failure)  881258K->560714K(1034240K), 0.0047442 secs]
287.812: Total time for which application threads were stopped: 0.0049414 seconds, Stopping threads took: 0.0000209 seconds
287.881: [GC (Allocation Failure)  881226K->564234K(1034752K), 0.0055355 secs]
287.886: Total time for which application threads were stopped: 0.0057133 seconds, Stopping threads took: 0.0000202 seconds
287.955: [GC (Allocation Failure)  885770K->568812K(1034752K), 0.0048913 secs]
287.960: Total time for which application threads were stopped: 0.0050773 seconds, Stopping threads took: 0.0000266 seconds
288.027: [GC (Allocation Failure)  890348K->568748K(1034752K), 0.0047897 secs]
288.032: Total time for which application threads were stopped: 0.0049631 seconds, Stopping threads took: 0.0000202 seconds
288.100: [GC (Allocation Failure)  890284K->569356K(1034752K), 0.0048570 secs]
288.104: Total time for which application threads were stopped: 0.0050167 seconds, Stopping threads took: 0.0000196 seconds
288.173: [GC (Allocation Failure)  890892K->576814K(1034752K), 0.0048787 secs]
288.178: Total time for which application threads were stopped: 0.0050453 seconds, Stopping threads took: 0.0000210 seconds
288.245: [GC (Allocation Failure)  898350K->576782K(1034752K), 0.0047083 secs]
288.250: Total time for which application threads were stopped: 0.0048910 seconds, Stopping threads took: 0.0000252 seconds
288.315: [GC (Allocation Failure)  898318K->578630K(1034752K), 0.0051357 secs]
288.320: Total time for which application threads were stopped: 0.0053124 seconds, Stopping threads took: 0.0000212 seconds
288.388: [GC (Allocation Failure)  900166K->584904K(1029120K), 0.0048587 secs]
288.393: Total time for which application threads were stopped: 0.0050293 seconds, Stopping threads took: 0.0000284 seconds
288.459: [GC (Allocation Failure)  906440K->584808K(1034752K), 0.0047930 secs]
288.464: Total time for which application threads were stopped: 0.0049612 seconds, Stopping threads took: 0.0000279 seconds
288.531: [GC (Allocation Failure)  905832K->587368K(1034240K), 0.0052796 secs]
288.536: Total time for which application threads were stopped: 0.0054566 seconds, Stopping threads took: 0.0000196 seconds
288.604: [GC (Allocation Failure)  908392K->592843K(1034752K), 0.0055982 secs]
288.609: Total time for which application threads were stopped: 0.0058250 seconds, Stopping threads took: 0.0000287 seconds
288.677: [GC (Allocation Failure)  914379K->592843K(1034752K), 0.0048115 secs]
288.682: Total time for which application threads were stopped: 0.0049714 seconds, Stopping threads took: 0.0000192 seconds
288.747: [GC (Allocation Failure)  914379K->596107K(1034752K), 0.0054832 secs]
288.753: Total time for which application threads were stopped: 0.0056608 seconds, Stopping threads took: 0.0000189 seconds
288.820: [GC (Allocation Failure)  917643K->600877K(1034752K), 0.0047551 secs]
288.825: Total time for which application threads were stopped: 0.0049163 seconds, Stopping threads took: 0.0000200 seconds
288.891: [GC (Allocation Failure)  922413K->600877K(1034752K), 0.0047588 secs]
288.896: Total time for which application threads were stopped: 0.0049268 seconds, Stopping threads took: 0.0000195 seconds
288.961: [GC (Allocation Failure)  922413K->601261K(1034752K), 0.0049007 secs]
288.966: Total time for which application threads were stopped: 0.0050708 seconds, Stopping threads took: 0.0000282 seconds
289.035: [GC (Allocation Failure)  922797K->608943K(1034752K), 0.0054961 secs]
289.040: Total time for which application threads were stopped: 0.0056717 seconds, Stopping threads took: 0.0000283 seconds
289.108: [GC (Allocation Failure)  930479K->608879K(1034752K), 0.0046126 secs]
289.113: Total time for which application threads were stopped: 0.0047762 seconds, Stopping threads took: 0.0000205 seconds
289.178: [GC (Allocation Failure)  930415K->610503K(1034752K), 0.0050207 secs]
289.183: Total time for which application threads were stopped: 0.0051974 seconds, Stopping threads took: 0.0000204 seconds
289.253: [GC (Allocation Failure)  932039K->617066K(1029632K), 0.0047206 secs]
289.258: Total time for which application threads were stopped: 0.0048932 seconds, Stopping threads took: 0.0000209 seconds
289.325: [GC (Allocation Failure)  938602K->616938K(1034240K), 0.0046551 secs]
289.330: Total time for which application threads were stopped: 0.0048508 seconds, Stopping threads took: 0.0000204 seconds
289.398: [GC (Allocation Failure)  937450K->618762K(1034240K), 0.0050885 secs]
289.403: Total time for which application threads were stopped: 0.0052616 seconds, Stopping threads took: 0.0000193 seconds
289.474: [GC (Allocation Failure)  939274K->625036K(1034240K), 0.0048586 secs]
289.478: Total time for which application threads were stopped: 0.0050177 seconds, Stopping threads took: 0.0000197 seconds
289.546: [GC (Allocation Failure)  945548K->625004K(1034240K), 0.0047590 secs]
289.551: Total time for which application threads were stopped: 0.0049500 seconds, Stopping threads took: 0.0000194 seconds
289.620: [GC (Allocation Failure)  945516K->629036K(1034752K), 0.0058303 secs]
289.626: Total time for which application threads were stopped: 0.0059803 seconds, Stopping threads took: 0.0000173 seconds
289.694: [GC (Allocation Failure)  950060K->632974K(1034240K), 0.0048366 secs]
289.699: Total time for which application threads were stopped: 0.0050150 seconds, Stopping threads took: 0.0000202 seconds
289.768: [GC (Allocation Failure)  953998K->632974K(1034752K), 0.0046814 secs]
289.773: Total time for which application threads were stopped: 0.0048540 seconds, Stopping threads took: 0.0000205 seconds
289.840: [GC (Allocation Failure)  954510K->633158K(1034752K), 0.0048077 secs]
289.845: Total time for which application threads were stopped: 0.0049809 seconds, Stopping threads took: 0.0000191 seconds
289.913: [GC (Allocation Failure)  954694K->641064K(1033728K), 0.0049476 secs]
289.918: Total time for which application threads were stopped: 0.0051326 seconds, Stopping threads took: 0.0000203 seconds
289.986: [GC (Allocation Failure)  961576K->641064K(1034240K), 0.0049808 secs]
289.991: Total time for which application threads were stopped: 0.0051311 seconds, Stopping threads took: 0.0000204 seconds
290.059: [GC (Allocation Failure)  961576K->644384K(1034752K), 0.0070055 secs]
290.066: Total time for which application threads were stopped: 0.0071817 seconds, Stopping threads took: 0.0000281 seconds
290.135: [GC (Allocation Failure)  965408K->649155K(1034240K), 0.0049070 secs]
290.140: Total time for which application threads were stopped: 0.0050679 seconds, Stopping threads took: 0.0000177 seconds
290.208: [GC (Allocation Failure)  970179K->649091K(1034752K), 0.0049743 secs]
290.213: Total time for which application threads were stopped: 0.0051348 seconds, Stopping threads took: 0.0000203 seconds
290.278: [GC (Allocation Failure)  970627K->652651K(1034752K), 0.0057208 secs]
290.284: Total time for which application threads were stopped: 0.0058811 seconds, Stopping threads took: 0.0000194 seconds
290.350: [GC (Allocation Failure)  974187K->657133K(1034752K), 0.0050535 secs]
290.355: Total time for which application threads were stopped: 0.0052235 seconds, Stopping threads took: 0.0000205 seconds
290.424: [GC (Allocation Failure)  978669K->657133K(1034752K), 0.0047203 secs]
290.429: Total time for which application threads were stopped: 0.0048614 seconds, Stopping threads took: 0.0000176 seconds
290.495: [GC (Allocation Failure)  978669K->657805K(1034752K), 0.0050582 secs]
290.501: Total time for which application threads were stopped: 0.0052369 seconds, Stopping threads took: 0.0000192 seconds
290.568: [GC (Allocation Failure)  979341K->665199K(1034752K), 0.0048896 secs]
290.573: Total time for which application threads were stopped: 0.0050629 seconds, Stopping threads took: 0.0000199 seconds
290.640: [GC (Allocation Failure)  986735K->665135K(1034752K), 0.0049933 secs]
290.645: Total time for which application threads were stopped: 0.0051603 seconds, Stopping threads took: 0.0000194 seconds
290.712: [GC (Allocation Failure)  986671K->667047K(1034752K), 0.0050959 secs]
290.717: Total time for which application threads were stopped: 0.0052743 seconds, Stopping threads took: 0.0000206 seconds
290.785: [GC (Allocation Failure)  988583K->673193K(1034752K), 0.0049863 secs]
290.790: Total time for which application threads were stopped: 0.0051586 seconds, Stopping threads took: 0.0000205 seconds
290.857: [GC (Allocation Failure)  994729K->673193K(1034752K), 0.0050584 secs]
290.862: Total time for which application threads were stopped: 0.0052514 seconds, Stopping threads took: 0.0000204 seconds
290.929: [GC (Allocation Failure)  994729K->676297K(1034752K), 0.0094772 secs]
290.938: Total time for which application threads were stopped: 0.0096502 seconds, Stopping threads took: 0.0000283 seconds
291.008: [GC (Allocation Failure)  997833K->681324K(1034752K), 0.0049376 secs]
291.013: Total time for which application threads were stopped: 0.0051053 seconds, Stopping threads took: 0.0000244 seconds
291.082: [GC (Allocation Failure)  1002860K->681228K(1034752K), 0.0052160 secs]
291.088: Total time for which application threads were stopped: 0.0053773 seconds, Stopping threads took: 0.0000194 seconds
291.153: [GC (Allocation Failure)  1002764K->681452K(1021440K), 0.0050098 secs]
291.158: Total time for which application threads were stopped: 0.0051711 seconds, Stopping threads took: 0.0000190 seconds
291.225: [GC (Allocation Failure)  1002988K->689326K(1034240K), 0.0048834 secs]
291.230: Total time for which application threads were stopped: 0.0050518 seconds, Stopping threads took: 0.0000189 seconds
291.298: [GC (Allocation Failure)  1009838K->689230K(1034240K), 0.0047315 secs]
291.302: Total time for which application threads were stopped: 0.0049388 seconds, Stopping threads took: 0.0000203 seconds
291.371: [GC (Allocation Failure)  1009742K->692750K(1034752K), 0.0056893 secs]
291.376: [Full GC (Ergonomics)  692750K->12014K(1034752K), 0.0180815 secs]
291.395: Total time for which application threads were stopped: 0.0240480 seconds, Stopping threads took: 0.0000198 seconds
291.463: [GC (Allocation Failure)  333038K->20656K(1034240K), 0.0037501 secs]
291.467: Total time for which application threads were stopped: 0.0039179 seconds, Stopping threads took: 0.0000255 seconds
291.535: [GC (Allocation Failure)  341680K->20688K(1034752K), 0.0037552 secs]
291.539: Total time for which application threads were stopped: 0.0039707 seconds, Stopping threads took: 0.0000209 seconds
291.607: [GC (Allocation Failure)  342224K->24456K(1034752K), 0.0045508 secs]
291.612: Total time for which application threads were stopped: 0.0047283 seconds, Stopping threads took: 0.0000195 seconds
291.681: [GC (Allocation Failure)  345992K->28715K(1034752K), 0.0039723 secs]
291.685: Total time for which application threads were stopped: 0.0041499 seconds, Stopping threads took: 0.0000224 seconds
291.753: [GC (Allocation Failure)  350251K->28715K(1034752K), 0.0036431 secs]
291.757: Total time for which application threads were stopped: 0.0038362 seconds, Stopping threads took: 0.0000190 seconds
291.823: [GC (Allocation Failure)  350251K->29611K(1034752K), 0.0040134 secs]
291.827: Total time for which application threads were stopped: 0.0041615 seconds, Stopping threads took: 0.0000172 seconds
291.893: [GC (Allocation Failure)  351147K->36781K(1034752K), 0.0036527 secs]
291.897: Total time for which application threads were stopped: 0.0038132 seconds, Stopping threads took: 0.0000196 seconds
291.963: [GC (Allocation Failure)  358317K->36749K(1034752K), 0.0037394 secs]
291.967: Total time for which application threads were stopped: 0.0038907 seconds, Stopping threads took: 0.0000202 seconds
292.034: [GC (Allocation Failure)  358285K->38861K(1034752K), 0.0040616 secs]
292.038: Total time for which application threads were stopped: 0.0042133 seconds, Stopping threads took: 0.0000170 seconds
292.105: [GC (Allocation Failure)  360397K->44911K(1034752K), 0.0037579 secs]
292.109: Total time for which application threads were stopped: 0.0039212 seconds, Stopping threads took: 0.0000198 seconds
292.176: [GC (Allocation Failure)  366447K->44783K(1034752K), 0.0037487 secs]
292.180: Total time for which application threads were stopped: 0.0039203 seconds, Stopping threads took: 0.0000204 seconds
292.245: [GC (Allocation Failure)  366319K->48135K(1034752K), 0.0044255 secs]
292.249: Total time for which application threads were stopped: 0.0045886 seconds, Stopping threads took: 0.0000206 seconds
292.318: [GC (Allocation Failure)  369671K->52841K(1034752K), 0.0036352 secs]
292.321: Total time for which application threads were stopped: 0.0038228 seconds, Stopping threads took: 0.0000358 seconds
292.389: [GC (Allocation Failure)  374377K->52809K(1034752K), 0.0037953 secs]
292.392: Total time for which application threads were stopped: 0.0039598 seconds, Stopping threads took: 0.0000185 seconds
292.459: [GC (Allocation Failure)  374345K->53257K(1034752K), 0.0051806 secs]
292.464: Total time for which application threads were stopped: 0.0053230 seconds, Stopping threads took: 0.0000188 seconds
292.534: [GC (Allocation Failure)  374793K->60844K(1034752K), 0.0038792 secs]
292.538: Total time for which application threads were stopped: 0.0040537 seconds, Stopping threads took: 0.0000205 seconds
292.606: [GC (Allocation Failure)  382380K->60876K(1034752K), 0.0036367 secs]
292.610: Total time for which application threads were stopped: 0.0037926 seconds, Stopping threads took: 0.0000191 seconds
292.677: [GC (Allocation Failure)  382412K->62540K(1034752K), 0.0039355 secs]
292.681: Total time for which application threads were stopped: 0.0041014 seconds, Stopping threads took: 0.0000169 seconds
292.751: [GC (Allocation Failure)  384076K->68942K(1034752K), 0.0038498 secs]
292.755: Total time for which application threads were stopped: 0.0040070 seconds, Stopping threads took: 0.0000171 seconds
292.821: [GC (Allocation Failure)  390478K->68846K(1034752K), 0.0038950 secs]
292.825: Total time for which application threads were stopped: 0.0040915 seconds, Stopping threads took: 0.0000194 seconds
292.892: [GC (Allocation Failure)  390382K->71790K(1034752K), 0.0043027 secs]
292.896: Total time for which application threads were stopped: 0.0044539 seconds, Stopping threads took: 0.0000171 seconds
292.963: [GC (Allocation Failure)  393326K->76912K(1034752K), 0.0038004 secs]
292.967: Total time for which application threads were stopped: 0.0039697 seconds, Stopping threads took: 0.0000264 seconds
293.034: [GC (Allocation Failure)  398448K->76944K(1034752K), 0.0039559 secs]
293.038: Total time for which application threads were stopped: 0.0041311 seconds, Stopping threads took: 0.0000199 seconds
293.104: [GC (Allocation Failure)  398480K->81064K(1035264K), 0.0048533 secs]
293.109: Total time for which application threads were stopped: 0.0050230 seconds, Stopping threads took: 0.0000197 seconds
293.177: [GC (Allocation Failure)  403112K->85034K(1034752K), 0.0038309 secs]
293.181: Total time for which application threads were stopped: 0.0040020 seconds, Stopping threads took: 0.0000200 seconds
293.249: [GC (Allocation Failure)  407082K->84938K(1035264K), 0.0036052 secs]
293.253: Total time for which application threads were stopped: 0.0037914 seconds, Stopping threads took: 0.0000270 seconds
293.321: [GC (Allocation Failure)  407498K->88258K(1035264K), 0.0048789 secs]
293.326: Total time for which application threads were stopped: 0.0050655 seconds, Stopping threads took: 0.0000257 seconds
293.393: [GC (Allocation Failure)  410818K->93029K(1035264K), 0.0037971 secs]
293.396: Total time for which application threads were stopped: 0.0039530 seconds, Stopping threads took: 0.0000196 seconds
293.465: [GC (Allocation Failure)  415589K->92997K(1035264K), 0.0039992 secs]
293.469: Total time for which application threads were stopped: 0.0041760 seconds, Stopping threads took: 0.0000199 seconds
293.535: [GC (Allocation Failure)  415557K->96461K(1035264K), 0.0045812 secs]
293.540: Total time for which application threads were stopped: 0.0047440 seconds, Stopping threads took: 0.0000198 seconds
293.607: [GC (Allocation Failure)  419021K->101039K(1035264K), 0.0037677 secs]
293.611: Total time for which application threads were stopped: 0.0039289 seconds, Stopping threads took: 0.0000202 seconds
293.678: [GC (Allocation Failure)  423599K->101007K(1035264K), 0.0039260 secs]
293.682: Total time for which application threads were stopped: 0.0040874 seconds, Stopping threads took: 0.0000203 seconds
293.750: [GC (Allocation Failure)  423567K->104743K(1035264K), 0.0045728 secs]
293.754: Total time for which application threads were stopped: 0.0047316 seconds, Stopping threads took: 0.0000194 seconds
293.821: [GC (Allocation Failure)  427303K->109193K(1034752K), 0.0039951 secs]
293.825: Total time for which application threads were stopped: 0.0041679 seconds, Stopping threads took: 0.0000202 seconds
293.893: [GC (Allocation Failure)  431753K->109033K(1035264K), 0.0038460 secs]
293.897: Total time for which application threads were stopped: 0.0040390 seconds, Stopping threads took: 0.0000220 seconds
293.967: [GC (Allocation Failure)  431593K->104903K(1035776K), 0.0023348 secs]
293.969: Total time for which application threads were stopped: 0.0025286 seconds, Stopping threads took: 0.0000265 seconds
294.039: [GC (Allocation Failure)  428487K->109161K(1035776K), 0.0048524 secs]
294.044: Total time for which application threads were stopped: 0.0050209 seconds, Stopping threads took: 0.0000163 seconds
294.113: [GC (Allocation Failure)  432745K->109033K(1035776K), 0.0038961 secs]
294.117: Total time for which application threads were stopped: 0.0040657 seconds, Stopping threads took: 0.0000203 seconds
294.184: [GC (Allocation Failure)  432617K->112231K(1034240K), 0.0050841 secs]
294.189: Total time for which application threads were stopped: 0.0052512 seconds, Stopping threads took: 0.0000207 seconds
294.256: [GC (Allocation Failure)  435815K->109097K(1034752K), 0.0037910 secs]
294.260: Total time for which application threads were stopped: 0.0039518 seconds, Stopping threads took: 0.0000194 seconds
294.328: [GC (Allocation Failure)  430633K->109033K(1034752K), 0.0038847 secs]
294.332: Total time for which application threads were stopped: 0.0040494 seconds, Stopping threads took: 0.0000211 seconds
294.400: [GC (Allocation Failure)  430569K->115495K(1031168K), 0.0068406 secs]
294.407: Total time for which application threads were stopped: 0.0070043 seconds, Stopping threads took: 0.0000196 seconds
294.477: [GC (Allocation Failure)  433959K->110473K(1033216K), 0.0038260 secs]
294.481: Total time for which application threads were stopped: 0.0039932 seconds, Stopping threads took: 0.0000253 seconds
294.548: [GC (Allocation Failure)  428937K->110281K(1034240K), 0.0037877 secs]
294.552: Total time for which application threads were stopped: 0.0039830 seconds, Stopping threads took: 0.0000204 seconds
294.620: [GC (Allocation Failure)  430281K->110279K(1033728K), 0.0039035 secs]
294.624: Total time for which application threads were stopped: 0.0040663 seconds, Stopping threads took: 0.0000195 seconds
294.691: [GC (Allocation Failure)  430279K->110441K(1035264K), 0.0040585 secs]
294.695: Total time for which application threads were stopped: 0.0042247 seconds, Stopping threads took: 0.0000193 seconds
294.762: [GC (Allocation Failure)  432489K->110281K(1034752K), 0.0038857 secs]
294.766: Total time for which application threads were stopped: 0.0040750 seconds, Stopping threads took: 0.0000200 seconds
294.835: [GC (Allocation Failure)  432329K->111015K(1036288K), 0.0042340 secs]
294.839: Total time for which application threads were stopped: 0.0044039 seconds, Stopping threads took: 0.0000191 seconds
294.909: [GC (Allocation Failure)  435111K->110377K(1035776K), 0.0039521 secs]
294.913: Total time for which application threads were stopped: 0.0041315 seconds, Stopping threads took: 0.0000198 seconds
294.982: [GC (Allocation Failure)  434473K->110217K(1036800K), 0.0038548 secs]
294.986: Total time for which application threads were stopped: 0.0040544 seconds, Stopping threads took: 0.0000268 seconds
295.054: [GC (Allocation Failure)  435337K->104551K(1036288K), 0.0023723 secs]
295.057: Total time for which application threads were stopped: 0.0025412 seconds, Stopping threads took: 0.0000270 seconds
295.124: [GC (Allocation Failure)  429671K->110377K(1036288K), 0.0039395 secs]
295.128: Total time for which application threads were stopped: 0.0041044 seconds, Stopping threads took: 0.0000191 seconds
295.197: [GC (Allocation Failure)  434985K->114433K(1036288K), 0.0040972 secs]
295.201: Total time for which application threads were stopped: 0.0042592 seconds, Stopping threads took: 0.0000199 seconds
295.268: [GC (Allocation Failure)  439041K->114401K(1036800K), 0.0039530 secs]
295.272: Total time for which application threads were stopped: 0.0041137 seconds, Stopping threads took: 0.0000195 seconds
295.339: [GC (Allocation Failure)  440033K->114473K(1025536K), 0.0038849 secs]
295.343: Total time for which application threads were stopped: 0.0040465 seconds, Stopping threads took: 0.0000203 seconds
295.413: [GC (Allocation Failure)  440105K->122476K(1035776K), 0.0038914 secs]
295.417: Total time for which application threads were stopped: 0.0040491 seconds, Stopping threads took: 0.0000197 seconds
295.483: [GC (Allocation Failure)  446060K->122444K(1035776K), 0.0041098 secs]
295.488: Total time for which application threads were stopped: 0.0042681 seconds, Stopping threads took: 0.0000196 seconds
295.555: [GC (Allocation Failure)  446028K->122724K(1034240K), 0.0039381 secs]
295.559: Total time for which application threads were stopped: 0.0040946 seconds, Stopping threads took: 0.0000185 seconds
295.626: [GC (Allocation Failure)  445284K->130502K(1035264K), 0.0040214 secs]
295.630: Total time for which application threads were stopped: 0.0041786 seconds, Stopping threads took: 0.0000196 seconds
295.697: [GC (Allocation Failure)  453062K->130470K(1035776K), 0.0040152 secs]
295.701: Total time for which application threads were stopped: 0.0041770 seconds, Stopping threads took: 0.0000203 seconds
295.768: [GC (Allocation Failure)  453542K->130918K(1035264K), 0.0046520 secs]
295.773: Total time for which application threads were stopped: 0.0048384 seconds, Stopping threads took: 0.0000221 seconds
295.841: [GC (Allocation Failure)  453990K->138504K(1035264K), 0.0039168 secs]
295.845: Total time for which application threads were stopped: 0.0040873 seconds, Stopping threads took: 0.0000223 seconds
295.912: [GC (Allocation Failure)  461064K->138472K(1035264K), 0.0040345 secs]
295.916: Total time for which application threads were stopped: 0.0042033 seconds, Stopping threads took: 0.0000201 seconds
295.982: [GC (Allocation Failure)  461032K->138664K(1034240K), 0.0042531 secs]
295.987: Total time for which application threads were stopped: 0.0044198 seconds, Stopping threads took: 0.0000195 seconds
296.056: [GC (Allocation Failure)  460200K->146506K(1034752K), 0.0049565 secs]
296.061: Total time for which application threads were stopped: 0.0051666 seconds, Stopping threads took: 0.0000184 seconds
296.129: [GC (Allocation Failure)  468042K->146538K(1034752K), 0.0040357 secs]
296.133: Total time for which application threads were stopped: 0.0042065 seconds, Stopping threads took: 0.0000204 seconds
296.198: [GC (Allocation Failure)  468074K->146954K(1021440K), 0.0040847 secs]
296.202: Total time for which application threads were stopped: 0.0042759 seconds, Stopping threads took: 0.0000197 seconds
296.271: [GC (Allocation Failure)  468490K->154605K(1034240K), 0.0038163 secs]
296.275: Total time for which application threads were stopped: 0.0039813 seconds, Stopping threads took: 0.0000190 seconds
296.342: [GC (Allocation Failure)  475117K->154605K(1034240K), 0.0039652 secs]
296.346: Total time for which application threads were stopped: 0.0041239 seconds, Stopping threads took: 0.0000198 seconds
296.412: [GC (Allocation Failure)  475117K->154637K(1034240K), 0.0039430 secs]
296.416: Total time for which application threads were stopped: 0.0041196 seconds, Stopping threads took: 0.0000190 seconds
296.486: [GC (Allocation Failure)  475149K->162639K(1034240K), 0.0040370 secs]
296.490: Total time for which application threads were stopped: 0.0042349 seconds, Stopping threads took: 0.0000277 seconds
296.560: [GC (Allocation Failure)  483151K->162607K(1034240K), 0.0038014 secs]
296.564: Total time for which application threads were stopped: 0.0039834 seconds, Stopping threads took: 0.0000178 seconds
296.633: [GC (Allocation Failure)  483119K->162887K(1020416K), 0.0040637 secs]
296.637: Total time for which application threads were stopped: 0.0042247 seconds, Stopping threads took: 0.0000191 seconds
296.705: [GC (Allocation Failure)  483399K->170633K(1033728K), 0.0038447 secs]
296.709: Total time for which application threads were stopped: 0.0040199 seconds, Stopping threads took: 0.0000197 seconds
296.776: [GC (Allocation Failure)  490121K->170633K(1033728K), 0.0040732 secs]
296.780: Total time for which application threads were stopped: 0.0042475 seconds, Stopping threads took: 0.0000210 seconds
296.846: [GC (Allocation Failure)  490121K->170697K(1033728K), 0.0040332 secs]
296.850: Total time for which application threads were stopped: 0.0042120 seconds, Stopping threads took: 0.0000207 seconds
296.917: [GC (Allocation Failure)  490185K->178667K(1033728K), 0.0042103 secs]
296.922: Total time for which application threads were stopped: 0.0043889 seconds, Stopping threads took: 0.0000218 seconds
296.990: [GC (Allocation Failure)  498155K->178699K(1033728K), 0.0039496 secs]
296.994: Total time for which application threads were stopped: 0.0041228 seconds, Stopping threads took: 0.0000206 seconds
297.061: [GC (Allocation Failure)  498187K->178787K(1033728K), 0.0046090 secs]
297.066: Total time for which application threads were stopped: 0.0048057 seconds, Stopping threads took: 0.0000254 seconds
297.134: [GC (Allocation Failure)  498275K->186726K(1032704K), 0.0039751 secs]
297.138: Total time for which application threads were stopped: 0.0041719 seconds, Stopping threads took: 0.0000391 seconds
297.205: [GC (Allocation Failure)  505190K->186694K(1033216K), 0.0039990 secs]
297.209: Total time for which application threads were stopped: 0.0041604 seconds, Stopping threads took: 0.0000206 seconds
297.274: [GC (Allocation Failure)  505158K->187054K(1033216K), 0.0040972 secs]
297.278: Total time for which application threads were stopped: 0.0042937 seconds, Stopping threads took: 0.0000209 seconds
297.346: [GC (Allocation Failure)  505518K->194736K(1033216K), 0.0042382 secs]
297.351: Total time for which application threads were stopped: 0.0044148 seconds, Stopping threads took: 0.0000171 seconds
297.416: [GC (Allocation Failure)  513200K->194736K(1033216K), 0.0040715 secs]
297.421: Total time for which application threads were stopped: 0.0042496 seconds, Stopping threads took: 0.0000207 seconds
297.486: [GC (Allocation Failure)  513200K->194792K(1033216K), 0.0038972 secs]
297.490: Total time for which application threads were stopped: 0.0040958 seconds, Stopping threads took: 0.0000207 seconds
297.559: [GC (Allocation Failure)  513256K->202794K(1033216K), 0.0041792 secs]
297.563: Total time for which application threads were stopped: 0.0043493 seconds, Stopping threads took: 0.0000176 seconds
297.627: [GC (Allocation Failure)  521258K->198856K(1033216K), 0.0030428 secs]
297.631: Total time for which application threads were stopped: 0.0032123 seconds, Stopping threads took: 0.0000204 seconds
297.697: [GC (Allocation Failure)  517320K->202890K(1034752K), 0.0041234 secs]
297.702: Total time for which application threads were stopped: 0.0042817 seconds, Stopping threads took: 0.0000192 seconds
297.769: [GC (Allocation Failure)  523402K->206922K(1033728K), 0.0042037 secs]
297.773: Total time for which application threads were stopped: 0.0043733 seconds, Stopping threads took: 0.0000196 seconds
297.840: [GC (Allocation Failure)  527434K->199048K(1034240K), 0.0008817 secs]
297.841: Total time for which application threads were stopped: 0.0009994 seconds, Stopping threads took: 0.0000188 seconds
297.909: [GC (Allocation Failure)  519560K->206962K(1034240K), 0.0040323 secs]
297.913: Total time for which application threads were stopped: 0.0041878 seconds, Stopping threads took: 0.0000171 seconds
297.981: [GC (Allocation Failure)  527474K->211074K(1034240K), 0.0053134 secs]
297.986: Total time for which application threads were stopped: 0.0055188 seconds, Stopping threads took: 0.0000289 seconds
298.055: [GC (Allocation Failure)  531586K->217744K(1034240K), 0.0091917 secs]
298.064: Total time for which application threads were stopped: 0.0093917 seconds, Stopping threads took: 0.0000184 seconds
298.131: [GC (Allocation Failure)  538256K->211698K(1029120K), 0.0042673 secs]
298.135: Total time for which application threads were stopped: 0.0044389 seconds, Stopping threads took: 0.0000203 seconds
298.202: [GC (Allocation Failure)  527090K->211474K(1031680K), 0.0040768 secs]
298.206: Total time for which application threads were stopped: 0.0042843 seconds, Stopping threads took: 0.0000196 seconds
298.271: [GC (Allocation Failure)  526866K->206128K(1032704K), 0.0018291 secs]
298.273: Total time for which application threads were stopped: 0.0019888 seconds, Stopping threads took: 0.0000193 seconds
298.341: [GC (Allocation Failure)  523056K->211634K(1032192K), 0.0040839 secs]
298.345: Total time for which application threads were stopped: 0.0042439 seconds, Stopping threads took: 0.0000179 seconds
298.411: [GC (Allocation Failure)  528562K->211474K(1033216K), 0.0040213 secs]
298.416: Total time for which application threads were stopped: 0.0041972 seconds, Stopping threads took: 0.0000259 seconds
298.481: [GC (Allocation Failure)  529426K->214890K(1032704K), 0.0046170 secs]
298.486: Total time for which application threads were stopped: 0.0047801 seconds, Stopping threads took: 0.0000273 seconds
298.555: [GC (Allocation Failure)  532842K->219596K(1033728K), 0.0040563 secs]
298.559: Total time for which application threads were stopped: 0.0042264 seconds, Stopping threads took: 0.0000289 seconds
298.626: [GC (Allocation Failure)  538572K->219468K(1033216K), 0.0041314 secs]
298.630: Total time for which application threads were stopped: 0.0043065 seconds, Stopping threads took: 0.0000278 seconds
298.695: [GC (Allocation Failure)  538444K->223628K(1034240K), 0.0052014 secs]
298.700: Total time for which application threads were stopped: 0.0053678 seconds, Stopping threads took: 0.0000197 seconds
298.767: [GC (Allocation Failure)  543628K->227599K(1033728K), 0.0040976 secs]
298.771: Total time for which application threads were stopped: 0.0042942 seconds, Stopping threads took: 0.0000200 seconds
298.837: [GC (Allocation Failure)  547599K->227567K(1034752K), 0.0040903 secs]
298.842: Total time for which application threads were stopped: 0.0042878 seconds, Stopping threads took: 0.0000194 seconds
298.908: [GC (Allocation Failure)  548591K->229287K(1034240K), 0.0043982 secs]
298.912: Total time for which application threads were stopped: 0.0045582 seconds, Stopping threads took: 0.0000197 seconds
298.978: [GC (Allocation Failure)  550311K->235593K(1034752K), 0.0040938 secs]
298.983: Total time for which application threads were stopped: 0.0042715 seconds, Stopping threads took: 0.0000287 seconds
299.048: [GC (Allocation Failure)  556617K->235529K(1034240K), 0.0046744 secs]
299.053: Total time for which application threads were stopped: 0.0048424 seconds, Stopping threads took: 0.0000237 seconds
299.119: [GC (Allocation Failure)  556553K->237001K(1034752K), 0.0044260 secs]
299.123: Total time for which application threads were stopped: 0.0045841 seconds, Stopping threads took: 0.0000253 seconds
299.191: [GC (Allocation Failure)  558537K->243595K(1034752K), 0.0052653 secs]
299.196: Total time for which application threads were stopped: 0.0054253 seconds, Stopping threads took: 0.0000200 seconds
299.262: [GC (Allocation Failure)  565131K->243595K(1034752K), 0.0041060 secs]
299.266: Total time for which application threads were stopped: 0.0042973 seconds, Stopping threads took: 0.0000196 seconds
299.333: [GC (Allocation Failure)  565131K->246283K(1034752K), 0.0046303 secs]
299.337: Total time for which application threads were stopped: 0.0048031 seconds, Stopping threads took: 0.0000163 seconds
299.405: [GC (Allocation Failure)  567819K->251693K(1034752K), 0.0040986 secs]
299.410: Total time for which application threads were stopped: 0.0042474 seconds, Stopping threads took: 0.0000166 seconds
299.477: [GC (Allocation Failure)  573229K->251629K(1034752K), 0.0041457 secs]
299.481: Total time for which application threads were stopped: 0.0043192 seconds, Stopping threads took: 0.0000209 seconds
299.546: [GC (Allocation Failure)  573165K->255533K(1035264K), 0.0049408 secs]
299.551: Total time for which application threads were stopped: 0.0051253 seconds, Stopping threads took: 0.0000224 seconds
299.620: [GC (Allocation Failure)  577581K->259760K(1034752K), 0.0039579 secs]
299.624: Total time for which application threads were stopped: 0.0041080 seconds, Stopping threads took: 0.0000172 seconds
299.694: [GC (Allocation Failure)  581808K->259664K(1035264K), 0.0041650 secs]
299.698: Total time for which application threads were stopped: 0.0043461 seconds, Stopping threads took: 0.0000194 seconds
299.764: [GC (Allocation Failure)  582224K->262760K(1035264K), 0.0048099 secs]
299.769: Total time for which application threads were stopped: 0.0049885 seconds, Stopping threads took: 0.0000200 seconds
299.836: [GC (Allocation Failure)  585320K->267754K(1035264K), 0.0043376 secs]
299.841: Total time for which application threads were stopped: 0.0045164 seconds, Stopping threads took: 0.0000222 seconds
299.909: [GC (Allocation Failure)  590314K->267722K(1035264K), 0.0040995 secs]
299.913: Total time for which application threads were stopped: 0.0042762 seconds, Stopping threads took: 0.0000200 seconds
299.980: [GC (Allocation Failure)  590282K->271018K(1035264K), 0.0048800 secs]
299.985: Total time for which application threads were stopped: 0.0050767 seconds, Stopping threads took: 0.0000203 seconds
300.054: [GC (Allocation Failure)  593578K->275724K(1035264K), 0.0042637 secs]
300.059: Total time for which application threads were stopped: 0.0044628 seconds, Stopping threads took: 0.0000195 seconds
300.127: [GC (Allocation Failure)  598284K->275724K(1035264K), 0.0043286 secs]
300.132: Total time for which application threads were stopped: 0.0044855 seconds, Stopping threads took: 0.0000198 seconds
300.199: [GC (Allocation Failure)  598284K->279204K(1035264K), 0.0049891 secs]
300.204: Total time for which application threads were stopped: 0.0051584 seconds, Stopping threads took: 0.0000203 seconds
300.272: [GC (Allocation Failure)  601764K->283815K(1035264K), 0.0041196 secs]
300.276: Total time for which application threads were stopped: 0.0042826 seconds, Stopping threads took: 0.0000202 seconds
300.344: [GC (Allocation Failure)  606375K->283751K(1035264K), 0.0042436 secs]
300.348: Total time for which application threads were stopped: 0.0044142 seconds, Stopping threads took: 0.0000207 seconds
300.415: [GC (Allocation Failure)  606311K->287463K(1035776K), 0.0048733 secs]
300.420: Total time for which application threads were stopped: 0.0050735 seconds, Stopping threads took: 0.0000280 seconds
300.488: [GC (Allocation Failure)  611047K->291945K(1035776K), 0.0043092 secs]
300.492: Total time for which application threads were stopped: 0.0044768 seconds, Stopping threads took: 0.0000253 seconds
300.560: [GC (Allocation Failure)  615529K->291785K(1035776K), 0.0054955 secs]
300.566: Total time for which application threads were stopped: 0.0056638 seconds, Stopping threads took: 0.0000267 seconds
300.634: [GC (Allocation Failure)  615369K->290727K(1035776K), 0.0038964 secs]
300.638: Total time for which application threads were stopped: 0.0040783 seconds, Stopping threads took: 0.0000194 seconds
300.707: [GC (Allocation Failure)  614311K->291881K(1036288K), 0.0039646 secs]
300.711: Total time for which application threads were stopped: 0.0041345 seconds, Stopping threads took: 0.0000209 seconds
300.780: [GC (Allocation Failure)  616489K->291785K(1036288K), 0.0042247 secs]
300.784: Total time for which application threads were stopped: 0.0043982 seconds, Stopping threads took: 0.0000205 seconds
300.851: [GC (Allocation Failure)  616393K->300103K(1030144K), 0.0083199 secs]
300.860: Total time for which application threads were stopped: 0.0084898 seconds, Stopping threads took: 0.0000202 seconds
300.927: [GC (Allocation Failure)  618567K->295945K(1033216K), 0.0047277 secs]
300.932: Total time for which application threads were stopped: 0.0048968 seconds, Stopping threads took: 0.0000207 seconds
300.999: [GC (Allocation Failure)  614409K->295849K(1034752K), 0.0042034 secs]
301.003: Total time for which application threads were stopped: 0.0043648 seconds, Stopping threads took: 0.0000200 seconds
301.071: [GC (Allocation Failure)  616361K->298311K(1033728K), 0.0051821 secs]
301.076: Total time for which application threads were stopped: 0.0053634 seconds, Stopping threads took: 0.0000244 seconds
301.143: [GC (Allocation Failure)  618823K->296169K(1034752K), 0.0041099 secs]
301.148: Total time for which application threads were stopped: 0.0042692 seconds, Stopping threads took: 0.0000191 seconds
301.214: [GC (Allocation Failure)  617193K->295881K(1034240K), 0.0043271 secs]
301.219: Total time for which application threads were stopped: 0.0045021 seconds, Stopping threads took: 0.0000203 seconds
301.287: [GC (Allocation Failure)  616905K->297479K(1035264K), 0.0048868 secs]
301.292: Total time for which application threads were stopped: 0.0050567 seconds, Stopping threads took: 0.0000174 seconds
301.360: [GC (Allocation Failure)  620039K->296105K(1035264K), 0.0042820 secs]
301.364: Total time for which application threads were stopped: 0.0044633 seconds, Stopping threads took: 0.0000200 seconds
301.434: [GC (Allocation Failure)  618665K->295881K(1035776K), 0.0040453 secs]
301.439: Total time for which application threads were stopped: 0.0042043 seconds, Stopping threads took: 0.0000261 seconds
301.505: [GC (Allocation Failure)  619465K->302759K(1035776K), 0.0074407 secs]
301.513: Total time for which application threads were stopped: 0.0076112 seconds, Stopping threads took: 0.0000196 seconds
301.583: [GC (Allocation Failure)  626343K->298153K(1032704K), 0.0043898 secs]
301.587: Total time for which application threads were stopped: 0.0045759 seconds, Stopping threads took: 0.0000203 seconds
301.657: [GC (Allocation Failure)  618665K->298057K(1034240K), 0.0042958 secs]
301.661: Total time for which application threads were stopped: 0.0044451 seconds, Stopping threads took: 0.0000168 seconds
301.728: [GC (Allocation Failure)  618569K->306119K(1030656K), 0.0079297 secs]
301.736: Total time for which application threads were stopped: 0.0080991 seconds, Stopping threads took: 0.0000198 seconds
301.803: [GC (Allocation Failure)  623559K->300489K(1032704K), 0.0044298 secs]
301.808: Total time for which application threads were stopped: 0.0046037 seconds, Stopping threads took: 0.0000207 seconds
301.875: [GC (Allocation Failure)  617929K->300393K(1033216K), 0.0042987 secs]
301.879: Total time for which application threads were stopped: 0.0044940 seconds, Stopping threads took: 0.0000209 seconds
301.948: [GC (Allocation Failure)  618345K->297959K(1032704K), 0.0064783 secs]
301.954: Total time for which application threads were stopped: 0.0066348 seconds, Stopping threads took: 0.0000258 seconds
302.022: [GC (Allocation Failure)  615911K->300393K(1033728K), 0.0041517 secs]
302.026: Total time for which application threads were stopped: 0.0043088 seconds, Stopping threads took: 0.0000199 seconds
302.092: [GC (Allocation Failure)  619369K->300393K(1033216K), 0.0041338 secs]
302.096: Total time for which application threads were stopped: 0.0043270 seconds, Stopping threads took: 0.0000199 seconds
302.164: [GC (Allocation Failure)  619369K->302601K(1033216K), 0.0044774 secs]
302.168: Total time for which application threads were stopped: 0.0046261 seconds, Stopping threads took: 0.0000171 seconds
302.235: [GC (Allocation Failure)  622089K->308395K(1033728K), 0.0040956 secs]
302.239: Total time for which application threads were stopped: 0.0042894 seconds, Stopping threads took: 0.0000199 seconds
302.308: [GC (Allocation Failure)  627883K->308427K(1034752K), 0.0042659 secs]
302.312: Total time for which application threads were stopped: 0.0044454 seconds, Stopping threads took: 0.0000278 seconds
302.380: [GC (Allocation Failure)  629451K->311339K(1034240K), 0.0048100 secs]
302.385: Total time for which application threads were stopped: 0.0050056 seconds, Stopping threads took: 0.0000202 seconds
302.454: [GC (Allocation Failure)  632363K->316493K(1034752K), 0.0052738 secs]
302.460: Total time for which application threads were stopped: 0.0054335 seconds, Stopping threads took: 0.0000261 seconds
302.529: [GC (Allocation Failure)  638029K->316461K(1034752K), 0.0042764 secs]
302.533: Total time for which application threads were stopped: 0.0044380 seconds, Stopping threads took: 0.0000202 seconds
302.600: [GC (Allocation Failure)  637997K->320045K(1035264K), 0.0050988 secs]
302.605: Total time for which application threads were stopped: 0.0052704 seconds, Stopping threads took: 0.0000198 seconds
302.674: [GC (Allocation Failure)  642605K->324528K(1035264K), 0.0042428 secs]
302.678: Total time for which application threads were stopped: 0.0044158 seconds, Stopping threads took: 0.0000197 seconds
302.746: [GC (Allocation Failure)  647088K->324464K(1035776K), 0.0044848 secs]
302.751: Total time for which application threads were stopped: 0.0046516 seconds, Stopping threads took: 0.0000194 seconds
302.819: [GC (Allocation Failure)  647536K->316621K(1035264K), 0.0013221 secs]
302.820: Total time for which application threads were stopped: 0.0014457 seconds, Stopping threads took: 0.0000185 seconds
302.888: [GC (Allocation Failure)  639693K->324496K(1035264K), 0.0044282 secs]
302.893: Total time for which application threads were stopped: 0.0045845 seconds, Stopping threads took: 0.0000196 seconds
302.962: [GC (Allocation Failure)  647056K->324496K(1035264K), 0.0042909 secs]
302.966: Total time for which application threads were stopped: 0.0044706 seconds, Stopping threads took: 0.0000286 seconds
303.033: [GC (Allocation Failure)  647056K->321485K(1035776K), 0.0033337 secs]
303.036: Total time for which application threads were stopped: 0.0035012 seconds, Stopping threads took: 0.0000196 seconds
303.105: [GC (Allocation Failure)  644557K->324688K(1035264K), 0.0041999 secs]
303.109: Total time for which application threads were stopped: 0.0043619 seconds, Stopping threads took: 0.0000198 seconds
303.177: [GC (Allocation Failure)  647760K->324496K(1035776K), 0.0044538 secs]
303.181: Total time for which application threads were stopped: 0.0046474 seconds, Stopping threads took: 0.0000203 seconds
303.250: [GC (Allocation Failure)  648080K->327821K(1034752K), 0.0054712 secs]
303.256: Total time for which application threads were stopped: 0.0056208 seconds, Stopping threads took: 0.0000162 seconds
303.324: [GC (Allocation Failure)  651405K->324656K(1035264K), 0.0042145 secs]
303.329: Total time for which application threads were stopped: 0.0044058 seconds, Stopping threads took: 0.0000198 seconds
303.398: [GC (Allocation Failure)  646704K->324496K(1034752K), 0.0043191 secs]
303.402: Total time for which application threads were stopped: 0.0045114 seconds, Stopping threads took: 0.0000200 seconds
303.472: [GC (Allocation Failure)  646544K->332069K(1031168K), 0.0077286 secs]
303.480: Total time for which application threads were stopped: 0.0079040 seconds, Stopping threads took: 0.0000258 seconds
303.547: [GC (Allocation Failure)  650533K->326920K(1033216K), 0.0045374 secs]
303.552: Total time for which application threads were stopped: 0.0047097 seconds, Stopping threads took: 0.0000204 seconds
303.618: [GC (Allocation Failure)  645384K->326824K(1034240K), 0.0043248 secs]
303.622: Total time for which application threads were stopped: 0.0044965 seconds, Stopping threads took: 0.0000208 seconds
303.687: [GC (Allocation Failure)  646824K->328037K(1033728K), 0.0046751 secs]
303.692: Total time for which application threads were stopped: 0.0048239 seconds, Stopping threads took: 0.0000200 seconds
303.761: [GC (Allocation Failure)  648037K->326888K(1034752K), 0.0041899 secs]
303.766: Total time for which application threads were stopped: 0.0043397 seconds, Stopping threads took: 0.0000199 seconds
303.835: [GC (Allocation Failure)  647912K->326824K(1034240K), 0.0041723 secs]
303.839: Total time for which application threads were stopped: 0.0043410 seconds, Stopping threads took: 0.0000194 seconds
303.906: [GC (Allocation Failure)  647848K->326661K(1035776K), 0.0043580 secs]
303.911: Total time for which application threads were stopped: 0.0045271 seconds, Stopping threads took: 0.0000198 seconds
303.979: [GC (Allocation Failure)  649733K->326824K(1035264K), 0.0041738 secs]
303.983: Total time for which application threads were stopped: 0.0043440 seconds, Stopping threads took: 0.0000276 seconds
304.051: [GC (Allocation Failure)  649896K->326792K(1036288K), 0.0049138 secs]
304.056: Total time for which application threads were stopped: 0.0051149 seconds, Stopping threads took: 0.0000262 seconds
304.123: [GC (Allocation Failure)  651400K->334021K(1036288K), 0.0078830 secs]
304.131: Total time for which application threads were stopped: 0.0080771 seconds, Stopping threads took: 0.0000197 seconds
304.201: [GC (Allocation Failure)  658629K->329992K(1033216K), 0.0044257 secs]
304.205: Total time for which application threads were stopped: 0.0046028 seconds, Stopping threads took: 0.0000160 seconds
304.272: [GC (Allocation Failure)  651528K->329832K(1034752K), 0.0043769 secs]
304.277: Total time for which application threads were stopped: 0.0045648 seconds, Stopping threads took: 0.0000192 seconds
304.343: [GC (Allocation Failure)  651368K->324933K(1033728K), 0.0025583 secs]
304.345: Total time for which application threads were stopped: 0.0027019 seconds, Stopping threads took: 0.0000173 seconds
304.412: [GC (Allocation Failure)  645445K->330016K(1034240K), 0.0042366 secs]
304.416: Total time for which application threads were stopped: 0.0044151 seconds, Stopping threads took: 0.0000214 seconds
304.484: [GC (Allocation Failure)  650528K->333944K(1035264K), 0.0045309 secs]
304.488: Total time for which application threads were stopped: 0.0047095 seconds, Stopping threads took: 0.0000197 seconds
304.553: [GC (Allocation Failure)  655480K->328245K(1034240K), 0.0023106 secs]
304.556: Total time for which application threads were stopped: 0.0024724 seconds, Stopping threads took: 0.0000194 seconds
304.623: [GC (Allocation Failure)  649781K->334104K(1034752K), 0.0044781 secs]
304.628: Total time for which application threads were stopped: 0.0046537 seconds, Stopping threads took: 0.0000187 seconds
304.694: [GC (Allocation Failure)  655640K->338088K(1034752K), 0.0046078 secs]
304.698: Total time for which application threads were stopped: 0.0047973 seconds, Stopping threads took: 0.0000198 seconds
304.766: [GC (Allocation Failure)  659624K->333605K(1035264K), 0.0027106 secs]
304.769: Total time for which application threads were stopped: 0.0028547 seconds, Stopping threads took: 0.0000171 seconds
304.837: [GC (Allocation Failure)  656165K->338192K(1035264K), 0.0044536 secs]
304.842: Total time for which application threads were stopped: 0.0046301 seconds, Stopping threads took: 0.0000205 seconds
304.910: [GC (Allocation Failure)  660752K->342264K(1035776K), 0.0043278 secs]
304.914: Total time for which application threads were stopped: 0.0045242 seconds, Stopping threads took: 0.0000208 seconds
304.985: [GC (Allocation Failure)  665336K->342232K(1035264K), 0.0039512 secs]
304.989: Total time for which application threads were stopped: 0.0041119 seconds, Stopping threads took: 0.0000198 seconds
305.054: [GC (Allocation Failure)  665304K->342520K(1034752K), 0.0050352 secs]
305.059: Total time for which application threads were stopped: 0.0052338 seconds, Stopping threads took: 0.0000186 seconds
305.128: [GC (Allocation Failure)  665080K->350298K(1035264K), 0.0045533 secs]
305.133: Total time for which application threads were stopped: 0.0047295 seconds, Stopping threads took: 0.0000205 seconds
305.201: [GC (Allocation Failure)  672858K->350266K(1035264K), 0.0043374 secs]
305.206: Total time for which application threads were stopped: 0.0045403 seconds, Stopping threads took: 0.0000199 seconds
305.275: [GC (Allocation Failure)  672826K->350778K(1022976K), 0.0042497 secs]
305.279: Total time for which application threads were stopped: 0.0044286 seconds, Stopping threads took: 0.0000175 seconds
305.347: [GC (Allocation Failure)  673338K->358300K(1034752K), 0.0044353 secs]
305.351: Total time for which application threads were stopped: 0.0046140 seconds, Stopping threads took: 0.0000195 seconds
305.421: [GC (Allocation Failure)  679836K->358300K(1034752K), 0.0041254 secs]
305.426: Total time for which application threads were stopped: 0.0042843 seconds, Stopping threads took: 0.0000205 seconds
305.493: [GC (Allocation Failure)  679836K->358460K(1034752K), 0.0045004 secs]
305.497: Total time for which application threads were stopped: 0.0046509 seconds, Stopping threads took: 0.0000193 seconds
305.564: [GC (Allocation Failure)  679996K->366366K(1029120K), 0.0043677 secs]
305.569: Total time for which application threads were stopped: 0.0045292 seconds, Stopping threads took: 0.0000196 seconds
305.635: [GC (Allocation Failure)  687902K->366334K(1034752K), 0.0044519 secs]
305.639: Total time for which application threads were stopped: 0.0046420 seconds, Stopping threads took: 0.0000198 seconds
305.707: [GC (Allocation Failure)  687358K->366662K(1034240K), 0.0042082 secs]
305.712: Total time for which application threads were stopped: 0.0043910 seconds, Stopping threads took: 0.0000173 seconds
305.781: [GC (Allocation Failure)  687686K->374377K(1034240K), 0.0043359 secs]
305.785: Total time for which application threads were stopped: 0.0045309 seconds, Stopping threads took: 0.0000207 seconds
305.855: [GC (Allocation Failure)  694889K->374377K(1034240K), 0.0043393 secs]
305.859: Total time for which application threads were stopped: 0.0045268 seconds, Stopping threads took: 0.0000199 seconds
305.927: [GC (Allocation Failure)  694889K->374441K(1034240K), 0.0042913 secs]
305.931: Total time for which application threads were stopped: 0.0044615 seconds, Stopping threads took: 0.0000200 seconds
305.999: [GC (Allocation Failure)  694953K->382411K(1028096K), 0.0042824 secs]
306.003: Total time for which application threads were stopped: 0.0044533 seconds, Stopping threads took: 0.0000199 seconds
306.071: [GC (Allocation Failure)  702923K->382411K(1033728K), 0.0041358 secs]
306.075: Total time for which application threads were stopped: 0.0043262 seconds, Stopping threads took: 0.0000163 seconds
306.141: [GC (Allocation Failure)  701899K->382635K(1033728K), 0.0042777 secs]
306.146: Total time for which application threads were stopped: 0.0044607 seconds, Stopping threads took: 0.0000198 seconds
306.212: [GC (Allocation Failure)  702123K->390509K(1033728K), 0.0045690 secs]
306.217: Total time for which application threads were stopped: 0.0047422 seconds, Stopping threads took: 0.0000194 seconds
306.282: [GC (Allocation Failure)  709997K->390413K(1033728K), 0.0051178 secs]
306.287: Total time for which application threads were stopped: 0.0052731 seconds, Stopping threads took: 0.0000191 seconds
306.353: [GC (Allocation Failure)  709901K->390597K(1033728K), 0.0045302 secs]
306.358: Total time for which application threads were stopped: 0.0047095 seconds, Stopping threads took: 0.0000214 seconds
306.425: [GC (Allocation Failure)  710085K->398471K(1033728K), 0.0043720 secs]
306.429: Total time for which application threads were stopped: 0.0045475 seconds, Stopping threads took: 0.0000170 seconds
306.497: [GC (Allocation Failure)  717959K->394565K(1034240K), 0.0032114 secs]
306.500: Total time for which application threads were stopped: 0.0033807 seconds, Stopping threads took: 0.0000287 seconds
306.568: [GC (Allocation Failure)  714565K->398639K(1033728K), 0.0044866 secs]
306.572: Total time for which application threads were stopped: 0.0046472 seconds, Stopping threads took: 0.0000192 seconds
306.641: [GC (Allocation Failure)  718639K->402607K(1034752K), 0.0043064 secs]
306.645: Total time for which application threads were stopped: 0.0044778 seconds, Stopping threads took: 0.0000200 seconds
306.712: [GC (Allocation Failure)  724143K->396877K(1034752K), 0.0023934 secs]
306.714: Total time for which application threads were stopped: 0.0025724 seconds, Stopping threads took: 0.0000206 seconds
306.783: [GC (Allocation Failure)  718413K->402671K(1035264K), 0.0044261 secs]
306.788: Total time for which application threads were stopped: 0.0046204 seconds, Stopping threads took: 0.0000199 seconds
306.857: [GC (Allocation Failure)  724719K->406719K(1034752K), 0.0077399 secs]
306.865: Total time for which application threads were stopped: 0.0078946 seconds, Stopping threads took: 0.0000201 seconds
306.934: [GC (Allocation Failure)  728506K->402845K(1035776K), 0.0031066 secs]
306.937: Total time for which application threads were stopped: 0.0032706 seconds, Stopping threads took: 0.0000202 seconds
307.005: [GC (Allocation Failure)  725917K->406903K(1035264K), 0.0063781 secs]
307.011: Total time for which application threads were stopped: 0.0065656 seconds, Stopping threads took: 0.0000257 seconds
307.080: [GC (Allocation Failure)  729975K->410871K(1035264K), 0.0044832 secs]
307.085: Total time for which application threads were stopped: 0.0046558 seconds, Stopping threads took: 0.0000198 seconds
307.153: [GC (Allocation Failure)  734455K->410903K(1035776K), 0.0042467 secs]
307.157: Total time for which application threads were stopped: 0.0044427 seconds, Stopping threads took: 0.0000206 seconds
307.226: [GC (Allocation Failure)  734487K->410943K(1034752K), 0.0042532 secs]
307.230: Total time for which application threads were stopped: 0.0044155 seconds, Stopping threads took: 0.0000191 seconds
307.298: [GC (Allocation Failure)  733503K->418914K(1035264K), 0.0043035 secs]
307.302: Total time for which application threads were stopped: 0.0044783 seconds, Stopping threads took: 0.0000213 seconds
307.369: [GC (Allocation Failure)  741474K->418914K(1034240K), 0.0045846 secs]
307.374: Total time for which application threads were stopped: 0.0047593 seconds, Stopping threads took: 0.0000209 seconds
307.441: [GC (Allocation Failure)  740450K->418986K(1034752K), 0.0043731 secs]
307.445: Total time for which application threads were stopped: 0.0045454 seconds, Stopping threads took: 0.0000277 seconds
307.512: [GC (Allocation Failure)  740522K->426956K(1034752K), 0.0046513 secs]
307.516: Total time for which application threads were stopped: 0.0048145 seconds, Stopping threads took: 0.0000186 seconds
307.584: [GC (Allocation Failure)  748492K->426988K(1029120K), 0.0046548 secs]
307.589: Total time for which application threads were stopped: 0.0048236 seconds, Stopping threads took: 0.0000191 seconds
307.654: [GC (Allocation Failure)  748524K->427212K(1034240K), 0.0067767 secs]
307.661: Total time for which application threads were stopped: 0.0069581 seconds, Stopping threads took: 0.0000213 seconds
307.729: [GC (Allocation Failure)  747724K->434990K(1034240K), 0.0042180 secs]
307.733: Total time for which application threads were stopped: 0.0044000 seconds, Stopping threads took: 0.0000320 seconds
307.801: [GC (Allocation Failure)  755502K->434990K(1034240K), 0.0043780 secs]
307.805: Total time for which application threads were stopped: 0.0045696 seconds, Stopping threads took: 0.0000202 seconds
307.874: [GC (Allocation Failure)  755502K->435406K(1020416K), 0.0045903 secs]
307.878: Total time for which application threads were stopped: 0.0047840 seconds, Stopping threads took: 0.0000203 seconds
307.946: [GC (Allocation Failure)  755918K->443025K(1033728K), 0.0043829 secs]
307.950: Total time for which application threads were stopped: 0.0045387 seconds, Stopping threads took: 0.0000258 seconds
308.017: [GC (Allocation Failure)  762513K->443025K(1033728K), 0.0045203 secs]
308.021: Total time for which application threads were stopped: 0.0046859 seconds, Stopping threads took: 0.0000189 seconds
308.087: [GC (Allocation Failure)  762513K->443145K(1033728K), 0.0044877 secs]
308.091: Total time for which application threads were stopped: 0.0046609 seconds, Stopping threads took: 0.0000196 seconds
308.158: [GC (Allocation Failure)  762633K->451083K(1033728K), 0.0043522 secs]
308.163: Total time for which application threads were stopped: 0.0045119 seconds, Stopping threads took: 0.0000202 seconds
308.232: [GC (Allocation Failure)  770571K->451051K(1033728K), 0.0042593 secs]
308.236: Total time for which application threads were stopped: 0.0044169 seconds, Stopping threads took: 0.0000190 seconds
308.302: [GC (Allocation Failure)  770539K->451083K(1033728K), 0.0045871 secs]
308.307: Total time for which application threads were stopped: 0.0047619 seconds, Stopping threads took: 0.0000205 seconds
308.376: [GC (Allocation Failure)  770571K->459053K(1032704K), 0.0046037 secs]
308.381: Total time for which application threads were stopped: 0.0047952 seconds, Stopping threads took: 0.0000206 seconds
308.448: [GC (Allocation Failure)  777517K->453483K(1033216K), 0.0023452 secs]
308.451: Total time for which application threads were stopped: 0.0025152 seconds, Stopping threads took: 0.0000288 seconds
308.518: [GC (Allocation Failure)  771947K->459341K(1034752K), 0.0046644 secs]
308.523: Total time for which application threads were stopped: 0.0048228 seconds, Stopping threads took: 0.0000195 seconds
308.590: [GC (Allocation Failure)  779853K->463229K(1033728K), 0.0048311 secs]
308.595: Total time for which application threads were stopped: 0.0049945 seconds, Stopping threads took: 0.0000194 seconds
308.664: [GC (Allocation Failure)  783741K->470123K(1029120K), 0.0075911 secs]
308.672: Total time for which application threads were stopped: 0.0077568 seconds, Stopping threads took: 0.0000186 seconds
308.739: [GC (Allocation Failure)  785515K->464045K(1031680K), 0.0047923 secs]
308.744: Total time for which application threads were stopped: 0.0049536 seconds, Stopping threads took: 0.0000197 seconds
308.809: [GC (Allocation Failure)  779437K->463853K(1032704K), 0.0045876 secs]
308.814: Total time for which application threads were stopped: 0.0047599 seconds, Stopping threads took: 0.0000192 seconds
308.878: [GC (Allocation Failure)  780781K->467277K(1032192K), 0.0051708 secs]
308.883: Total time for which application threads were stopped: 0.0053312 seconds, Stopping threads took: 0.0000201 seconds
308.952: [GC (Allocation Failure)  784205K->472015K(1033216K), 0.0045464 secs]
308.957: Total time for which application threads were stopped: 0.0047063 seconds, Stopping threads took: 0.0000174 seconds
309.024: [GC (Allocation Failure)  789967K->471855K(1032704K), 0.0046115 secs]
309.029: Total time for which application threads were stopped: 0.0047854 seconds, Stopping threads took: 0.0000207 seconds
309.098: [GC (Allocation Failure)  789807K->472903K(1033216K), 0.0045886 secs]
309.102: Total time for which application threads were stopped: 0.0047689 seconds, Stopping threads took: 0.0000171 seconds
309.171: [GC (Allocation Failure)  791367K->479914K(1033216K), 0.0048403 secs]
309.176: Total time for which application threads were stopped: 0.0050030 seconds, Stopping threads took: 0.0000192 seconds
309.243: [GC (Allocation Failure)  798378K->479914K(1033728K), 0.0046464 secs]
309.248: Total time for which application threads were stopped: 0.0048147 seconds, Stopping threads took: 0.0000282 seconds
309.314: [GC (Allocation Failure)  798890K->481610K(1033216K), 0.0047601 secs]
309.319: Total time for which application threads were stopped: 0.0049200 seconds, Stopping threads took: 0.0000197 seconds
309.386: [GC (Allocation Failure)  800586K->488012K(1033728K), 0.0044575 secs]
309.391: Total time for which application threads were stopped: 0.0046358 seconds, Stopping threads took: 0.0000201 seconds
309.457: [GC (Allocation Failure)  807500K->487948K(1033728K), 0.0053811 secs]
309.462: Total time for which application threads were stopped: 0.0055395 seconds, Stopping threads took: 0.0000193 seconds
309.528: [GC (Allocation Failure)  807436K->488300K(1033728K), 0.0045432 secs]
309.533: Total time for which application threads were stopped: 0.0047150 seconds, Stopping threads took: 0.0000258 seconds
309.599: [GC (Allocation Failure)  807788K->495982K(1033728K), 0.0047241 secs]
309.604: Total time for which application threads were stopped: 0.0048819 seconds, Stopping threads took: 0.0000195 seconds
309.673: [GC (Allocation Failure)  815470K->495982K(1033728K), 0.0046136 secs]
309.678: Total time for which application threads were stopped: 0.0047683 seconds, Stopping threads took: 0.0000191 seconds
309.744: [GC (Allocation Failure)  815470K->499630K(1033728K), 0.0052679 secs]
309.749: Total time for which application threads were stopped: 0.0054336 seconds, Stopping threads took: 0.0000198 seconds
309.817: [GC (Allocation Failure)  819118K->504112K(1034240K), 0.0048189 secs]
309.822: Total time for which application threads were stopped: 0.0049764 seconds, Stopping threads took: 0.0000192 seconds
309.889: [GC (Allocation Failure)  824624K->504016K(1034240K), 0.0044478 secs]
309.894: Total time for which application threads were stopped: 0.0046338 seconds, Stopping threads took: 0.0000195 seconds
309.961: [GC (Allocation Failure)  824528K->504744K(1034240K), 0.0046084 secs]
309.966: Total time for which application threads were stopped: 0.0047766 seconds, Stopping threads took: 0.0000274 seconds
310.033: [GC (Allocation Failure)  825256K->512075K(1034240K), 0.0047226 secs]
310.038: Total time for which application threads were stopped: 0.0048980 seconds, Stopping threads took: 0.0000192 seconds
310.109: [GC (Allocation Failure)  832587K->512075K(1034240K), 0.0043689 secs]
310.113: Total time for which application threads were stopped: 0.0045255 seconds, Stopping threads took: 0.0000195 seconds
310.181: [GC (Allocation Failure)  832587K->512995K(1034240K), 0.0051638 secs]
310.186: Total time for which application threads were stopped: 0.0053335 seconds, Stopping threads took: 0.0000194 seconds
310.254: [GC (Allocation Failure)  833507K->520101K(1034240K), 0.0045471 secs]
310.258: Total time for which application threads were stopped: 0.0048402 seconds, Stopping threads took: 0.0000197 seconds
310.327: [GC (Allocation Failure)  840613K->520101K(1034240K), 0.0047180 secs]
310.332: Total time for which application threads were stopped: 0.0048732 seconds, Stopping threads took: 0.0000169 seconds
310.399: [GC (Allocation Failure)  840613K->521261K(1034240K), 0.0045757 secs]
310.403: Total time for which application threads were stopped: 0.0047379 seconds, Stopping threads took: 0.0000202 seconds
310.471: [GC (Allocation Failure)  841773K->528143K(1034240K), 0.0048005 secs]
310.476: Total time for which application threads were stopped: 0.0049955 seconds, Stopping threads took: 0.0000258 seconds
310.545: [GC (Allocation Failure)  848655K->528079K(1034240K), 0.0045759 secs]
310.550: Total time for which application threads were stopped: 0.0047416 seconds, Stopping threads took: 0.0000208 seconds
310.617: [GC (Allocation Failure)  848591K->528423K(1020416K), 0.0045835 secs]
310.621: Total time for which application threads were stopped: 0.0047477 seconds, Stopping threads took: 0.0000204 seconds
310.689: [GC (Allocation Failure)  848935K->536169K(1033728K), 0.0046970 secs]
310.694: Total time for which application threads were stopped: 0.0048702 seconds, Stopping threads took: 0.0000204 seconds
310.761: [GC (Allocation Failure)  855657K->536137K(1033728K), 0.0047354 secs]
310.766: Total time for which application threads were stopped: 0.0049081 seconds, Stopping threads took: 0.0000206 seconds
310.832: [GC (Allocation Failure)  855625K->536681K(1033728K), 0.0047506 secs]
310.837: Total time for which application threads were stopped: 0.0049262 seconds, Stopping threads took: 0.0000205 seconds
310.905: [GC (Allocation Failure)  856169K->544236K(1033728K), 0.0047208 secs]
310.910: Total time for which application threads were stopped: 0.0048714 seconds, Stopping threads took: 0.0000174 seconds
310.978: [GC (Allocation Failure)  863724K->544204K(1033728K), 0.0045604 secs]
310.982: Total time for which application threads were stopped: 0.0047703 seconds, Stopping threads took: 0.0000457 seconds
311.050: [GC (Allocation Failure)  863692K->544876K(1033728K), 0.0056345 secs]
311.056: Total time for which application threads were stopped: 0.0057869 seconds, Stopping threads took: 0.0000165 seconds
311.124: [GC (Allocation Failure)  864364K->552206K(1033728K), 0.0056051 secs]
311.129: Total time for which application threads were stopped: 0.0057720 seconds, Stopping threads took: 0.0000200 seconds
311.196: [GC (Allocation Failure)  871694K->552238K(1033728K), 0.0047943 secs]
311.201: Total time for which application threads were stopped: 0.0049747 seconds, Stopping threads took: 0.0000197 seconds
311.266: [GC (Allocation Failure)  871726K->554222K(1033728K), 0.0051065 secs]
311.271: Total time for which application threads were stopped: 0.0052680 seconds, Stopping threads took: 0.0000201 seconds
311.339: [GC (Allocation Failure)  873710K->560240K(1033728K), 0.0046209 secs]
311.343: Total time for which application threads were stopped: 0.0048126 seconds, Stopping threads took: 0.0000205 seconds
311.411: [GC (Allocation Failure)  879728K->560240K(1033728K), 0.0046699 secs]
311.416: Total time for which application threads were stopped: 0.0048231 seconds, Stopping threads took: 0.0000174 seconds
311.482: [GC (Allocation Failure)  879728K->561384K(1033728K), 0.0047516 secs]
311.487: Total time for which application threads were stopped: 0.0049342 seconds, Stopping threads took: 0.0000168 seconds
311.557: [GC (Allocation Failure)  880872K->568299K(1033728K), 0.0046069 secs]
311.561: Total time for which application threads were stopped: 0.0047997 seconds, Stopping threads took: 0.0000200 seconds
311.630: [GC (Allocation Failure)  887787K->568235K(1033728K), 0.0046591 secs]
311.634: Total time for which application threads were stopped: 0.0048306 seconds, Stopping threads took: 0.0000280 seconds
311.701: [GC (Allocation Failure)  887723K->568587K(1033728K), 0.0047898 secs]
311.706: Total time for which application threads were stopped: 0.0050051 seconds, Stopping threads took: 0.0000203 seconds
311.773: [GC (Allocation Failure)  888075K->576301K(1033728K), 0.0045686 secs]
311.778: Total time for which application threads were stopped: 0.0047385 seconds, Stopping threads took: 0.0000196 seconds
311.845: [GC (Allocation Failure)  895789K->576301K(1033728K), 0.0046352 secs]
311.850: Total time for which application threads were stopped: 0.0048074 seconds, Stopping threads took: 0.0000203 seconds
311.917: [GC (Allocation Failure)  895789K->576813K(1033728K), 0.0050614 secs]
311.922: Total time for which application threads were stopped: 0.0052324 seconds, Stopping threads took: 0.0000199 seconds
311.990: [GC (Allocation Failure)  896301K->584367K(1033728K), 0.0048702 secs]
311.995: Total time for which application threads were stopped: 0.0050433 seconds, Stopping threads took: 0.0000263 seconds
312.062: [GC (Allocation Failure)  903855K->584335K(1033728K), 0.0076190 secs]
312.070: Total time for which application threads were stopped: 0.0078131 seconds, Stopping threads took: 0.0000277 seconds
312.136: [GC (Allocation Failure)  903823K->585063K(1033728K), 0.0049022 secs]
312.141: Total time for which application threads were stopped: 0.0050622 seconds, Stopping threads took: 0.0000194 seconds
312.208: [GC (Allocation Failure)  904551K->592393K(1033728K), 0.0046544 secs]
312.212: Total time for which application threads were stopped: 0.0048478 seconds, Stopping threads took: 0.0000202 seconds
312.281: [GC (Allocation Failure)  911881K->592393K(1033728K), 0.0047208 secs]
312.286: Total time for which application threads were stopped: 0.0048937 seconds, Stopping threads took: 0.0000171 seconds
312.352: [GC (Allocation Failure)  911881K->593321K(1033728K), 0.0050909 secs]
312.357: Total time for which application threads were stopped: 0.0052620 seconds, Stopping threads took: 0.0000201 seconds
312.424: [GC (Allocation Failure)  912809K->600428K(1033728K), 0.0049297 secs]
312.429: Total time for which application threads were stopped: 0.0050866 seconds, Stopping threads took: 0.0000193 seconds
312.497: [GC (Allocation Failure)  919916K->600428K(1033728K), 0.0048553 secs]
312.502: Total time for which application threads were stopped: 0.0050262 seconds, Stopping threads took: 0.0000198 seconds
312.568: [GC (Allocation Failure)  919916K->600524K(1033728K), 0.0048540 secs]
312.573: Total time for which application threads were stopped: 0.0050219 seconds, Stopping threads took: 0.0000192 seconds
312.641: [GC (Allocation Failure)  920012K->608430K(1027072K), 0.0047121 secs]
312.645: Total time for which application threads were stopped: 0.0048710 seconds, Stopping threads took: 0.0000194 seconds
312.712: [GC (Allocation Failure)  927918K->608462K(1033216K), 0.0058097 secs]
312.718: Total time for which application threads were stopped: 0.0059836 seconds, Stopping threads took: 0.0000198 seconds
312.785: [GC (Allocation Failure)  926926K->608742K(1033216K), 0.0049079 secs]
312.790: Total time for which application threads were stopped: 0.0051051 seconds, Stopping threads took: 0.0000194 seconds
312.858: [GC (Allocation Failure)  927206K->616488K(1033216K), 0.0047220 secs]
312.863: Total time for which application threads were stopped: 0.0049034 seconds, Stopping threads took: 0.0000172 seconds
312.930: [GC (Allocation Failure)  934952K->616424K(1033216K), 0.0049659 secs]
312.935: Total time for which application threads were stopped: 0.0051360 seconds, Stopping threads took: 0.0000197 seconds
313.000: [GC (Allocation Failure)  934888K->617000K(1033216K), 0.0049678 secs]
313.005: Total time for which application threads were stopped: 0.0051369 seconds, Stopping threads took: 0.0000198 seconds
313.071: [GC (Allocation Failure)  935464K->624490K(1033216K), 0.0050070 secs]
313.076: Total time for which application threads were stopped: 0.0051644 seconds, Stopping threads took: 0.0000175 seconds
313.143: [GC (Allocation Failure)  942954K->624522K(1033216K), 0.0049197 secs]
313.148: Total time for which application threads were stopped: 0.0050858 seconds, Stopping threads took: 0.0000196 seconds
313.213: [GC (Allocation Failure)  942986K->624682K(1033216K), 0.0048278 secs]
313.218: Total time for which application threads were stopped: 0.0049878 seconds, Stopping threads took: 0.0000191 seconds
313.283: [GC (Allocation Failure)  943146K->632525K(1033216K), 0.0047854 secs]
313.288: Total time for which application threads were stopped: 0.0049530 seconds, Stopping threads took: 0.0000194 seconds
313.355: [GC (Allocation Failure)  950989K->632525K(1033216K), 0.0047307 secs]
313.360: Total time for which application threads were stopped: 0.0048894 seconds, Stopping threads took: 0.0000200 seconds
313.426: [GC (Allocation Failure)  950989K->632685K(1033216K), 0.0049285 secs]
313.431: Total time for which application threads were stopped: 0.0050850 seconds, Stopping threads took: 0.0000195 seconds
313.498: [GC (Allocation Failure)  951149K->640559K(1033216K), 0.0049823 secs]
313.503: Total time for which application threads were stopped: 0.0051644 seconds, Stopping threads took: 0.0000282 seconds
313.570: [GC (Allocation Failure)  959023K->640559K(1033216K), 0.0049828 secs]
313.575: Total time for which application threads were stopped: 0.0051593 seconds, Stopping threads took: 0.0000272 seconds
313.640: [GC (Allocation Failure)  959023K->640615K(1033216K), 0.0047367 secs]
313.644: Total time for which application threads were stopped: 0.0049079 seconds, Stopping threads took: 0.0000203 seconds
313.711: [GC (Allocation Failure)  959079K->648617K(1033216K), 0.0049039 secs]
313.716: Total time for which application threads were stopped: 0.0050751 seconds, Stopping threads took: 0.0000204 seconds
313.782: [GC (Allocation Failure)  967081K->648585K(1033216K), 0.0048918 secs]
313.787: Total time for which application threads were stopped: 0.0050896 seconds, Stopping threads took: 0.0000205 seconds
313.852: [GC (Allocation Failure)  967049K->648873K(1033216K), 0.0049441 secs]
313.858: Total time for which application threads were stopped: 0.0051158 seconds, Stopping threads took: 0.0000202 seconds
313.923: [GC (Allocation Failure)  967337K->656651K(1033216K), 0.0050318 secs]
313.928: Total time for which application threads were stopped: 0.0051904 seconds, Stopping threads took: 0.0000196 seconds
313.997: [GC (Allocation Failure)  975115K->656619K(1033216K), 0.0047285 secs]
314.001: Total time for which application threads were stopped: 0.0049078 seconds, Stopping threads took: 0.0000267 seconds
314.068: [GC (Allocation Failure)  975083K->656835K(1033216K), 0.0057836 secs]
314.074: Total time for which application threads were stopped: 0.0059279 seconds, Stopping threads took: 0.0000147 seconds
314.144: [GC (Allocation Failure)  975299K->664646K(1033216K), 0.0049631 secs]
314.149: Total time for which application threads were stopped: 0.0051218 seconds, Stopping threads took: 0.0000201 seconds
314.214: [GC (Allocation Failure)  983110K->660739K(1033216K), 0.0040845 secs]
314.218: Total time for which application threads were stopped: 0.0042760 seconds, Stopping threads took: 0.0000411 seconds
314.285: [GC (Allocation Failure)  979203K->664814K(1034752K), 0.0049451 secs]
314.290: Total time for which application threads were stopped: 0.0051063 seconds, Stopping threads took: 0.0000192 seconds
314.357: [GC (Allocation Failure)  985326K->668750K(1033728K), 0.0048205 secs]
314.362: Total time for which application threads were stopped: 0.0050029 seconds, Stopping threads took: 0.0000204 seconds
314.430: [GC (Allocation Failure)  989262K->660939K(1034240K), 0.0019742 secs]
314.432: Total time for which application threads were stopped: 0.0021160 seconds, Stopping threads took: 0.0000201 seconds
314.503: [GC (Allocation Failure)  981451K->668846K(1034240K), 0.0048821 secs]
314.508: Total time for which application threads were stopped: 0.0050530 seconds, Stopping threads took: 0.0000277 seconds
314.575: [GC (Allocation Failure)  989358K->672926K(1033216K), 0.0064132 secs]
314.581: Total time for which application threads were stopped: 0.0065837 seconds, Stopping threads took: 0.0000202 seconds
314.648: [GC (Allocation Failure)  992414K->678651K(1032704K), 0.0072707 secs]
314.655: Total time for which application threads were stopped: 0.0074409 seconds, Stopping threads took: 0.0000200 seconds
314.722: [GC (Allocation Failure)  998139K->673150K(1031680K), 0.0049894 secs]
314.727: Total time for which application threads were stopped: 0.0051522 seconds, Stopping threads took: 0.0000200 seconds
314.794: [GC (Allocation Failure)  989566K->672926K(1032192K), 0.0065268 secs]
314.801: Total time for which application threads were stopped: 0.0067324 seconds, Stopping threads took: 0.0000203 seconds
314.866: [GC (Allocation Failure)  989342K->667579K(1032704K), 0.0027502 secs]
314.869: Total time for which application threads were stopped: 0.0029407 seconds, Stopping threads took: 0.0000202 seconds
314.937: [GC (Allocation Failure)  985019K->673118K(1032704K), 0.0048155 secs]
314.942: Total time for which application threads were stopped: 0.0049941 seconds, Stopping threads took: 0.0000195 seconds
315.010: [GC (Allocation Failure)  990558K->672926K(1033216K), 0.0050443 secs]
315.016: Total time for which application threads were stopped: 0.0052102 seconds, Stopping threads took: 0.0000271 seconds
315.083: [GC (Allocation Failure)  990878K->673286K(1032704K), 0.0050733 secs]
315.088: Total time for which application threads were stopped: 0.0052325 seconds, Stopping threads took: 0.0000178 seconds
315.157: [GC (Allocation Failure)  991238K->681000K(1033216K), 0.0049563 secs]
315.162: Total time for which application threads were stopped: 0.0051243 seconds, Stopping threads took: 0.0000171 seconds
315.230: [GC (Allocation Failure)  999464K->680968K(1033216K), 0.0050106 secs]
315.235: Total time for which application threads were stopped: 0.0051753 seconds, Stopping threads took: 0.0000208 seconds
315.300: [GC (Allocation Failure)  999432K->685096K(1033728K), 0.0058442 secs]
315.306: Total time for which application threads were stopped: 0.0060255 seconds, Stopping threads took: 0.0000197 seconds
315.373: [GC (Allocation Failure)  1004072K->689098K(1033216K), 0.0047873 secs]
315.378: Total time for which application threads were stopped: 0.0049801 seconds, Stopping threads took: 0.0000200 seconds
315.447: [GC (Allocation Failure)  1008074K->688970K(1034240K), 0.0048659 secs]
315.452: Total time for which application threads were stopped: 0.0050232 seconds, Stopping threads took: 0.0000193 seconds
315.516: [GC (Allocation Failure)  1008970K->691786K(1033728K), 0.0055758 secs]
315.522: [Full GC (Ergonomics)  691786K->11261K(1033728K), 0.0169531 secs]
315.539: Total time for which application threads were stopped: 0.0227872 seconds, Stopping threads took: 0.0000214 seconds
315.607: [GC (Allocation Failure)  331261K->20703K(1033216K), 0.0040151 secs]
315.611: Total time for which application threads were stopped: 0.0041848 seconds, Stopping threads took: 0.0000196 seconds
315.681: [GC (Allocation Failure)  340191K->20663K(1033728K), 0.0035598 secs]
315.684: Total time for which application threads were stopped: 0.0037293 seconds, Stopping threads took: 0.0000202 seconds
315.751: [GC (Allocation Failure)  340151K->23191K(1034240K), 0.0041584 secs]
315.756: Total time for which application threads were stopped: 0.0043193 seconds, Stopping threads took: 0.0000196 seconds
315.823: [GC (Allocation Failure)  343703K->28761K(1034240K), 0.0039273 secs]
315.827: Total time for which application threads were stopped: 0.0041040 seconds, Stopping threads took: 0.0000203 seconds
315.896: [GC (Allocation Failure)  349273K->28761K(1034240K), 0.0036846 secs]
315.900: Total time for which application threads were stopped: 0.0038459 seconds, Stopping threads took: 0.0000204 seconds
315.967: [GC (Allocation Failure)  349273K->29369K(1034240K), 0.0037384 secs]
315.971: Total time for which application threads were stopped: 0.0039026 seconds, Stopping threads took: 0.0000260 seconds
316.038: [GC (Allocation Failure)  349881K->36827K(1034240K), 0.0036033 secs]
316.042: Total time for which application threads were stopped: 0.0037597 seconds, Stopping threads took: 0.0000193 seconds
316.112: [GC (Allocation Failure)  357339K->36763K(1034240K), 0.0037503 secs]
316.116: Total time for which application threads were stopped: 0.0039096 seconds, Stopping threads took: 0.0000199 seconds
316.184: [GC (Allocation Failure)  357275K->39643K(1034240K), 0.0042853 secs]
316.188: Total time for which application threads were stopped: 0.0044551 seconds, Stopping threads took: 0.0000202 seconds
316.256: [GC (Allocation Failure)  360155K->44926K(1034240K), 0.0036955 secs]
316.260: Total time for which application threads were stopped: 0.0038591 seconds, Stopping threads took: 0.0000205 seconds
316.327: [GC (Allocation Failure)  365438K->44798K(1034752K), 0.0040051 secs]
316.331: Total time for which application threads were stopped: 0.0041668 seconds, Stopping threads took: 0.0000198 seconds
316.397: [GC (Allocation Failure)  365822K->46342K(1034240K), 0.0040082 secs]
316.401: Total time for which application threads were stopped: 0.0041735 seconds, Stopping threads took: 0.0000205 seconds
316.469: [GC (Allocation Failure)  367366K->52904K(1034240K), 0.0035275 secs]
316.472: Total time for which application threads were stopped: 0.0036949 seconds, Stopping threads took: 0.0000265 seconds
316.538: [GC (Allocation Failure)  373416K->52840K(1034240K), 0.0036201 secs]
316.541: Total time for which application threads were stopped: 0.0037859 seconds, Stopping threads took: 0.0000199 seconds
316.608: [GC (Allocation Failure)  373352K->53064K(1033728K), 0.0050925 secs]
316.613: Total time for which application threads were stopped: 0.0052895 seconds, Stopping threads took: 0.0000200 seconds
316.682: [GC (Allocation Failure)  373576K->60906K(1034240K), 0.0037779 secs]
316.686: Total time for which application threads were stopped: 0.0039385 seconds, Stopping threads took: 0.0000262 seconds
316.754: [GC (Allocation Failure)  381418K->60874K(1034240K), 0.0038949 secs]
316.758: Total time for which application threads were stopped: 0.0040605 seconds, Stopping threads took: 0.0000198 seconds
316.825: [GC (Allocation Failure)  381386K->61290K(1034240K), 0.0036922 secs]
316.828: Total time for which application threads were stopped: 0.0038508 seconds, Stopping threads took: 0.0000196 seconds
316.896: [GC (Allocation Failure)  381802K->68940K(1034240K), 0.0054532 secs]
316.902: Total time for which application threads were stopped: 0.0056212 seconds, Stopping threads took: 0.0000192 seconds
316.971: [GC (Allocation Failure)  389452K->68940K(1034240K), 0.0038152 secs]
316.975: Total time for which application threads were stopped: 0.0039817 seconds, Stopping threads took: 0.0000191 seconds
317.042: [GC (Allocation Failure)  389452K->69548K(1033216K), 0.0091195 secs]
317.051: Total time for which application threads were stopped: 0.0092690 seconds, Stopping threads took: 0.0000198 seconds
317.118: [GC (Allocation Failure)  389036K->76943K(1033728K), 0.0038326 secs]
317.122: Total time for which application threads were stopped: 0.0039998 seconds, Stopping threads took: 0.0000190 seconds
317.189: [GC (Allocation Failure)  396431K->76943K(1033728K), 0.0038230 secs]
317.193: Total time for which application threads were stopped: 0.0039844 seconds, Stopping threads took: 0.0000196 seconds
317.259: [GC (Allocation Failure)  396431K->76967K(1033728K), 0.0044541 secs]
317.263: Total time for which application threads were stopped: 0.0046181 seconds, Stopping threads took: 0.0000194 seconds
317.331: [GC (Allocation Failure)  396455K->85001K(1033728K), 0.0035885 secs]
317.334: Total time for which application threads were stopped: 0.0037445 seconds, Stopping threads took: 0.0000186 seconds
317.402: [GC (Allocation Failure)  404489K->84969K(1033728K), 0.0039249 secs]
317.406: Total time for which application threads were stopped: 0.0040954 seconds, Stopping threads took: 0.0000192 seconds
317.472: [GC (Allocation Failure)  404457K->85993K(1033728K), 0.0037460 secs]
317.476: Total time for which application threads were stopped: 0.0039172 seconds, Stopping threads took: 0.0000259 seconds
317.543: [GC (Allocation Failure)  405481K->93067K(1033728K), 0.0037425 secs]
317.547: Total time for which application threads were stopped: 0.0039005 seconds, Stopping threads took: 0.0000171 seconds
317.615: [GC (Allocation Failure)  412555K->93035K(1033728K), 0.0036397 secs]
317.619: Total time for which application threads were stopped: 0.0038097 seconds, Stopping threads took: 0.0000205 seconds
317.686: [GC (Allocation Failure)  412523K->93227K(1033728K), 0.0037934 secs]
317.690: Total time for which application threads were stopped: 0.0039655 seconds, Stopping threads took: 0.0000203 seconds
317.757: [GC (Allocation Failure)  412715K->101102K(1033728K), 0.0037170 secs]
317.761: Total time for which application threads were stopped: 0.0038814 seconds, Stopping threads took: 0.0000202 seconds
317.829: [GC (Allocation Failure)  420590K->101038K(1033728K), 0.0039763 secs]
317.833: Total time for which application threads were stopped: 0.0041557 seconds, Stopping threads took: 0.0000221 seconds
317.899: [GC (Allocation Failure)  420526K->102478K(1033728K), 0.0041711 secs]
317.903: Total time for which application threads were stopped: 0.0043344 seconds, Stopping threads took: 0.0000209 seconds
317.972: [GC (Allocation Failure)  421966K->109136K(1033728K), 0.0037978 secs]
317.976: Total time for which application threads were stopped: 0.0039588 seconds, Stopping threads took: 0.0000269 seconds
318.043: [GC (Allocation Failure)  428624K->109072K(1033728K), 0.0078071 secs]
318.051: Total time for which application threads were stopped: 0.0079716 seconds, Stopping threads took: 0.0000206 seconds
318.117: [GC (Allocation Failure)  428560K->109704K(1033728K), 0.0039895 secs]
318.121: Total time for which application threads were stopped: 0.0041691 seconds, Stopping threads took: 0.0000203 seconds
318.187: [GC (Allocation Failure)  429192K->117162K(1033728K), 0.0065344 secs]
318.194: Total time for which application threads were stopped: 0.0067060 seconds, Stopping threads took: 0.0000196 seconds
318.262: [GC (Allocation Failure)  436650K->117098K(1033728K), 0.0039664 secs]
318.266: Total time for which application threads were stopped: 0.0041115 seconds, Stopping threads took: 0.0000160 seconds
318.332: [GC (Allocation Failure)  436586K->117930K(1033728K), 0.0040184 secs]
318.336: Total time for which application threads were stopped: 0.0041917 seconds, Stopping threads took: 0.0000193 seconds
318.403: [GC (Allocation Failure)  437418K->125196K(1033728K), 0.0039079 secs]
318.407: Total time for which application threads were stopped: 0.0040808 seconds, Stopping threads took: 0.0000209 seconds
318.474: [GC (Allocation Failure)  444684K->125132K(1033728K), 0.0037403 secs]
318.478: Total time for which application threads were stopped: 0.0039101 seconds, Stopping threads took: 0.0000204 seconds
318.544: [GC (Allocation Failure)  444620K->126148K(1033728K), 0.0040387 secs]
318.548: Total time for which application threads were stopped: 0.0042363 seconds, Stopping threads took: 0.0000205 seconds
318.616: [GC (Allocation Failure)  445636K->133191K(1033728K), 0.0037847 secs]
318.620: Total time for which application threads were stopped: 0.0039781 seconds, Stopping threads took: 0.0000202 seconds
318.690: [GC (Allocation Failure)  452679K->133159K(1033728K), 0.0037415 secs]
318.693: Total time for which application threads were stopped: 0.0038978 seconds, Stopping threads took: 0.0000167 seconds
318.760: [GC (Allocation Failure)  452647K->133391K(1033728K), 0.0064474 secs]
318.766: Total time for which application threads were stopped: 0.0066197 seconds, Stopping threads took: 0.0000196 seconds
318.834: [GC (Allocation Failure)  452879K->141233K(1027072K), 0.0040747 secs]
318.838: Total time for which application threads were stopped: 0.0042434 seconds, Stopping threads took: 0.0000193 seconds
318.905: [GC (Allocation Failure)  460721K->141233K(1033216K), 0.0038162 secs]
318.909: Total time for which application threads were stopped: 0.0039846 seconds, Stopping threads took: 0.0000192 seconds
318.976: [GC (Allocation Failure)  459697K->141609K(1033216K), 0.0038220 secs]
318.979: Total time for which application threads were stopped: 0.0040017 seconds, Stopping threads took: 0.0000282 seconds
319.045: [GC (Allocation Failure)  460073K->149227K(1033216K), 0.0072336 secs]
319.052: Total time for which application threads were stopped: 0.0073926 seconds, Stopping threads took: 0.0000262 seconds
319.118: [GC (Allocation Failure)  467691K->149259K(1033216K), 0.0040392 secs]
319.122: Total time for which application threads were stopped: 0.0042182 seconds, Stopping threads took: 0.0000194 seconds
319.187: [GC (Allocation Failure)  467723K->149827K(1033216K), 0.0040331 secs]
319.191: Total time for which application threads were stopped: 0.0042423 seconds, Stopping threads took: 0.0000299 seconds
319.258: [GC (Allocation Failure)  468291K->157253K(1033216K), 0.0038751 secs]
319.262: Total time for which application threads were stopped: 0.0040338 seconds, Stopping threads took: 0.0000167 seconds
319.329: [GC (Allocation Failure)  475717K->157253K(1033216K), 0.0039016 secs]
319.333: Total time for which application threads were stopped: 0.0040725 seconds, Stopping threads took: 0.0000198 seconds
319.397: [GC (Allocation Failure)  475717K->158021K(1033216K), 0.0043456 secs]
319.401: Total time for which application threads were stopped: 0.0045207 seconds, Stopping threads took: 0.0000268 seconds
319.468: [GC (Allocation Failure)  476485K->165320K(1033216K), 0.0038047 secs]
319.472: Total time for which application threads were stopped: 0.0039795 seconds, Stopping threads took: 0.0000280 seconds
319.539: [GC (Allocation Failure)  483784K->165288K(1033216K), 0.0040049 secs]
319.543: Total time for which application threads were stopped: 0.0041841 seconds, Stopping threads took: 0.0000273 seconds
319.611: [GC (Allocation Failure)  483752K->165352K(1033216K), 0.0039821 secs]
319.615: Total time for which application threads were stopped: 0.0041736 seconds, Stopping threads took: 0.0000194 seconds
319.682: [GC (Allocation Failure)  483816K->173354K(1033216K), 0.0041345 secs]
319.686: Total time for which application threads were stopped: 0.0043246 seconds, Stopping threads took: 0.0000202 seconds
319.753: [GC (Allocation Failure)  491818K->173322K(1033216K), 0.0068339 secs]
319.760: Total time for which application threads were stopped: 0.0070047 seconds, Stopping threads took: 0.0000195 seconds
319.825: [GC (Allocation Failure)  491786K->173482K(1033216K), 0.0041048 secs]
319.829: Total time for which application threads were stopped: 0.0042719 seconds, Stopping threads took: 0.0000197 seconds
319.896: [GC (Allocation Failure)  491946K->181388K(1033216K), 0.0039822 secs]
319.900: Total time for which application threads were stopped: 0.0041485 seconds, Stopping threads took: 0.0000191 seconds
319.965: [GC (Allocation Failure)  499852K->181356K(1033216K), 0.0040837 secs]
319.969: Total time for which application threads were stopped: 0.0042663 seconds, Stopping threads took: 0.0000257 seconds
320.034: [GC (Allocation Failure)  499820K->181740K(1033216K), 0.0041007 secs]
320.038: Total time for which application threads were stopped: 0.0042686 seconds, Stopping threads took: 0.0000278 seconds
320.104: [GC (Allocation Failure)  500204K->189422K(1033216K), 0.0039555 secs]
320.108: Total time for which application threads were stopped: 0.0041145 seconds, Stopping threads took: 0.0000197 seconds
320.175: [GC (Allocation Failure)  507886K->189422K(1033216K), 0.0041707 secs]
320.179: Total time for which application threads were stopped: 0.0043433 seconds, Stopping threads took: 0.0000197 seconds
320.245: [GC (Allocation Failure)  507886K->189446K(1033216K), 0.0041652 secs]
320.249: Total time for which application threads were stopped: 0.0043348 seconds, Stopping threads took: 0.0000201 seconds
320.316: [GC (Allocation Failure)  507910K->197417K(1033216K), 0.0040317 secs]
320.320: Total time for which application threads were stopped: 0.0042240 seconds, Stopping threads took: 0.0000194 seconds
320.387: [GC (Allocation Failure)  515881K->197449K(1033216K), 0.0038475 secs]
320.391: Total time for which application threads were stopped: 0.0040360 seconds, Stopping threads took: 0.0000253 seconds
320.458: [GC (Allocation Failure)  515913K->197673K(1033216K), 0.0039586 secs]
320.463: Total time for which application threads were stopped: 0.0041228 seconds, Stopping threads took: 0.0000268 seconds
320.531: [GC (Allocation Failure)  516137K->205451K(1033216K), 0.0040445 secs]
320.535: Total time for which application threads were stopped: 0.0042366 seconds, Stopping threads took: 0.0000201 seconds
320.601: [GC (Allocation Failure)  523915K->198825K(1033216K), 0.0013412 secs]
320.602: Total time for which application threads were stopped: 0.0014556 seconds, Stopping threads took: 0.0000169 seconds
320.672: [GC (Allocation Failure)  517289K->205643K(1033216K), 0.0040554 secs]
320.676: Total time for which application threads were stopped: 0.0042262 seconds, Stopping threads took: 0.0000198 seconds
320.743: [GC (Allocation Failure)  524107K->209627K(1033728K), 0.0045681 secs]
320.748: Total time for which application threads were stopped: 0.0047401 seconds, Stopping threads took: 0.0000200 seconds
320.815: [GC (Allocation Failure)  529115K->212345K(1030144K), 0.0054302 secs]
320.821: Total time for which application threads were stopped: 0.0056099 seconds, Stopping threads took: 0.0000199 seconds
320.888: [GC (Allocation Failure)  531833K->209691K(1032704K), 0.0039385 secs]
320.892: Total time for which application threads were stopped: 0.0041157 seconds, Stopping threads took: 0.0000209 seconds
320.960: [GC (Allocation Failure)  527131K->209627K(1032704K), 0.0040346 secs]
320.964: Total time for which application threads were stopped: 0.0042230 seconds, Stopping threads took: 0.0000254 seconds
321.031: [GC (Allocation Failure)  527067K->203321K(1033216K), 0.0015645 secs]
321.033: Total time for which application threads were stopped: 0.0016888 seconds, Stopping threads took: 0.0000174 seconds
321.101: [GC (Allocation Failure)  521785K->209627K(1033216K), 0.0042473 secs]
321.105: Total time for which application threads were stopped: 0.0044155 seconds, Stopping threads took: 0.0000195 seconds
321.173: [GC (Allocation Failure)  528091K->209563K(1033216K), 0.0041256 secs]
321.177: Total time for which application threads were stopped: 0.0043059 seconds, Stopping threads took: 0.0000205 seconds
321.242: [GC (Allocation Failure)  528027K->211611K(1033216K), 0.0041436 secs]
321.246: Total time for which application threads were stopped: 0.0043152 seconds, Stopping threads took: 0.0000226 seconds
321.311: [GC (Allocation Failure)  530075K->217597K(1033728K), 0.0040719 secs]
321.316: Total time for which application threads were stopped: 0.0042383 seconds, Stopping threads took: 0.0000213 seconds
321.383: [GC (Allocation Failure)  537085K->217661K(1033728K), 0.0041302 secs]
321.388: Total time for which application threads were stopped: 0.0043121 seconds, Stopping threads took: 0.0000204 seconds
321.454: [GC (Allocation Failure)  537149K->217749K(1033728K), 0.0048183 secs]
321.459: Total time for which application threads were stopped: 0.0049973 seconds, Stopping threads took: 0.0000197 seconds
321.526: [GC (Allocation Failure)  537237K->225656K(1033728K), 0.0041927 secs]
321.531: Total time for which application threads were stopped: 0.0043691 seconds, Stopping threads took: 0.0000213 seconds
321.600: [GC (Allocation Failure)  545144K->225656K(1033728K), 0.0043782 secs]
321.604: Total time for which application threads were stopped: 0.0045543 seconds, Stopping threads took: 0.0000204 seconds
321.671: [GC (Allocation Failure)  545144K->229112K(1033728K), 0.0047535 secs]
321.676: Total time for which application threads were stopped: 0.0049144 seconds, Stopping threads took: 0.0000195 seconds
321.744: [GC (Allocation Failure)  548600K->233722K(1034240K), 0.0039581 secs]
321.748: Total time for which application threads were stopped: 0.0041282 seconds, Stopping threads took: 0.0000203 seconds
321.815: [GC (Allocation Failure)  554234K->233690K(1034240K), 0.0039372 secs]
321.819: Total time for which application threads were stopped: 0.0041083 seconds, Stopping threads took: 0.0000203 seconds
321.886: [GC (Allocation Failure)  554202K->234242K(1034240K), 0.0041642 secs]
321.891: Total time for which application threads were stopped: 0.0043290 seconds, Stopping threads took: 0.0000194 seconds
321.959: [GC (Allocation Failure)  554754K->241828K(1028096K), 0.0039181 secs]
321.963: Total time for which application threads were stopped: 0.0040931 seconds, Stopping threads took: 0.0000261 seconds
322.031: [GC (Allocation Failure)  562340K->241732K(1034240K), 0.0046598 secs]
322.036: Total time for which application threads were stopped: 0.0048312 seconds, Stopping threads took: 0.0000207 seconds
322.102: [GC (Allocation Failure)  561732K->244012K(1033728K), 0.0045036 secs]
322.106: Total time for which application threads were stopped: 0.0046847 seconds, Stopping threads took: 0.0000202 seconds
322.175: [GC (Allocation Failure)  564012K->249806K(1034240K), 0.0042209 secs]
322.179: Total time for which application threads were stopped: 0.0043845 seconds, Stopping threads took: 0.0000204 seconds
322.247: [GC (Allocation Failure)  570318K->249774K(1034240K), 0.0041636 secs]
322.252: Total time for which application threads were stopped: 0.0043443 seconds, Stopping threads took: 0.0000199 seconds
322.319: [GC (Allocation Failure)  570286K->253798K(1034752K), 0.0050986 secs]
322.324: Total time for which application threads were stopped: 0.0052632 seconds, Stopping threads took: 0.0000201 seconds
322.391: [GC (Allocation Failure)  574822K->257833K(1034240K), 0.0043220 secs]
322.396: Total time for which application threads were stopped: 0.0044917 seconds, Stopping threads took: 0.0000204 seconds
322.464: [GC (Allocation Failure)  578857K->257833K(1034752K), 0.0040101 secs]
322.468: Total time for which application threads were stopped: 0.0041725 seconds, Stopping threads took: 0.0000274 seconds
322.535: [GC (Allocation Failure)  579369K->257929K(1021440K), 0.0042507 secs]
322.540: Total time for which application threads were stopped: 0.0044139 seconds, Stopping threads took: 0.0000199 seconds
322.608: [GC (Allocation Failure)  579465K->265867K(1034240K), 0.0043239 secs]
322.612: Total time for which application threads were stopped: 0.0044919 seconds, Stopping threads took: 0.0000198 seconds
322.680: [GC (Allocation Failure)  586379K->265835K(1034240K), 0.0055230 secs]
322.686: Total time for which application threads were stopped: 0.0056858 seconds, Stopping threads took: 0.0000201 seconds
322.752: [GC (Allocation Failure)  586347K->269195K(1034752K), 0.0049687 secs]
322.757: Total time for which application threads were stopped: 0.0051427 seconds, Stopping threads took: 0.0000224 seconds
322.824: [GC (Allocation Failure)  590219K->273933K(1034240K), 0.0040457 secs]
322.828: Total time for which application threads were stopped: 0.0042176 seconds, Stopping threads took: 0.0000204 seconds
322.896: [GC (Allocation Failure)  594957K->273869K(1034752K), 0.0043676 secs]
322.900: Total time for which application threads were stopped: 0.0045459 seconds, Stopping threads took: 0.0000278 seconds
322.967: [GC (Allocation Failure)  595405K->277421K(1034752K), 0.0047710 secs]
322.972: Total time for which application threads were stopped: 0.0049383 seconds, Stopping threads took: 0.0000256 seconds
323.040: [GC (Allocation Failure)  598957K->281935K(1034752K), 0.0041303 secs]
323.044: Total time for which application threads were stopped: 0.0042881 seconds, Stopping threads took: 0.0000198 seconds
323.112: [GC (Allocation Failure)  603471K->281903K(1034752K), 0.0043098 secs]
323.117: Total time for which application threads were stopped: 0.0044786 seconds, Stopping threads took: 0.0000192 seconds
323.184: [GC (Allocation Failure)  603439K->282599K(1034752K), 0.0042904 secs]
323.188: Total time for which application threads were stopped: 0.0044527 seconds, Stopping threads took: 0.0000190 seconds
323.256: [GC (Allocation Failure)  604135K->289962K(1034752K), 0.0040905 secs]
323.260: Total time for which application threads were stopped: 0.0042565 seconds, Stopping threads took: 0.0000197 seconds
323.327: [GC (Allocation Failure)  611498K->289930K(1034752K), 0.0042408 secs]
323.331: Total time for which application threads were stopped: 0.0044085 seconds, Stopping threads took: 0.0000194 seconds
323.396: [GC (Allocation Failure)  611466K->291882K(1034752K), 0.0043212 secs]
323.400: Total time for which application threads were stopped: 0.0044846 seconds, Stopping threads took: 0.0000198 seconds
323.468: [GC (Allocation Failure)  613418K->298028K(1034752K), 0.0040715 secs]
323.472: Total time for which application threads were stopped: 0.0042367 seconds, Stopping threads took: 0.0000261 seconds
323.539: [GC (Allocation Failure)  619564K->297964K(1034752K), 0.0042402 secs]
323.543: Total time for which application threads were stopped: 0.0043992 seconds, Stopping threads took: 0.0000193 seconds
323.608: [GC (Allocation Failure)  619500K->301132K(1034752K), 0.0048148 secs]
323.613: Total time for which application threads were stopped: 0.0050058 seconds, Stopping threads took: 0.0000188 seconds
323.683: [GC (Allocation Failure)  622668K->306094K(1034752K), 0.0043153 secs]
323.688: Total time for which application threads were stopped: 0.0045100 seconds, Stopping threads took: 0.0000204 seconds
323.756: [GC (Allocation Failure)  627630K->305998K(1034752K), 0.0043598 secs]
323.761: Total time for which application threads were stopped: 0.0045383 seconds, Stopping threads took: 0.0000221 seconds
323.826: [GC (Allocation Failure)  627534K->306254K(1034752K), 0.0042377 secs]
323.830: Total time for which application threads were stopped: 0.0044110 seconds, Stopping threads took: 0.0000202 seconds
323.898: [GC (Allocation Failure)  627790K->314096K(1033728K), 0.0043568 secs]
323.902: Total time for which application threads were stopped: 0.0045396 seconds, Stopping threads took: 0.0000206 seconds
323.969: [GC (Allocation Failure)  634608K->314032K(1034240K), 0.0043972 secs]
323.974: Total time for which application threads were stopped: 0.0045657 seconds, Stopping threads took: 0.0000261 seconds
324.040: [GC (Allocation Failure)  634544K->317584K(1034752K), 0.0109508 secs]
324.051: Total time for which application threads were stopped: 0.0110942 seconds, Stopping threads took: 0.0000197 seconds
324.119: [GC (Allocation Failure)  638608K->322067K(1034240K), 0.0041141 secs]
324.124: Total time for which application threads were stopped: 0.0043070 seconds, Stopping threads took: 0.0000193 seconds
324.193: [GC (Allocation Failure)  643091K->322099K(1034752K), 0.0040809 secs]
324.197: Total time for which application threads were stopped: 0.0042372 seconds, Stopping threads took: 0.0000167 seconds
324.264: [GC (Allocation Failure)  643635K->325803K(1034752K), 0.0051924 secs]
324.270: Total time for which application threads were stopped: 0.0053610 seconds, Stopping threads took: 0.0000194 seconds
324.338: [GC (Allocation Failure)  647339K->330093K(1035264K), 0.0043924 secs]
324.343: Total time for which application threads were stopped: 0.0045631 seconds, Stopping threads took: 0.0000207 seconds
324.410: [GC (Allocation Failure)  652653K->330125K(1035264K), 0.0044451 secs]
324.415: Total time for which application threads were stopped: 0.0046244 seconds, Stopping threads took: 0.0000197 seconds
324.483: [GC (Allocation Failure)  652685K->333005K(1035264K), 0.0048373 secs]
324.488: Total time for which application threads were stopped: 0.0050184 seconds, Stopping threads took: 0.0000281 seconds
324.555: [GC (Allocation Failure)  655565K->338191K(1035264K), 0.0043226 secs]
324.560: Total time for which application threads were stopped: 0.0044958 seconds, Stopping threads took: 0.0000209 seconds
